OpenJDK 64-Bit Server VM (25.412-b08) for linux-amd64 JRE (1.8.0_412-8u412-ga-1~22.04.1-b08), built on May 30 2024 06:02:10 by "buildd" with gcc 11.4.0
Memory: 4k page, physical 3644708k(2040184k free), swap 4194300k(4194300k free)
CommandLine flags: -XX:InitialHeapSize=58315328 -XX:MaxHeapSize=3221225472 -XX:+PrintGC -XX:+PrintGCDateStamps -XX:+PrintGCDetails -XX:+PrintGCTimeStamps -XX:+UseCompressedClassPointers -XX:+UseCompressedOops -XX:+UseParallelGC 
2024-07-05T13:02:51.307+0800: 11.037: [GC (Allocation Failure) [PSYoungGen: 14848K->1315K(16896K)] 14848K->1315K(55296K), 0.0039662 secs] [Times: user=0.00 sys=0.00, real=0.00 secs] 
2024-07-05T13:03:35.346+0800: 55.076: [GC (Allocation Failure) [PSYoungGen: 16163K->2043K(16896K)] 16163K->4181K(55296K), 0.0087950 secs] [Times: user=0.01 sys=0.00, real=0.01 secs] 
2024-07-05T13:03:35.410+0800: 55.140: [GC (Allocation Failure) [PSYoungGen: 16891K->2035K(16896K)] 19029K->7288K(55296K), 0.0043876 secs] [Times: user=0.00 sys=0.00, real=0.01 secs] 
2024-07-05T13:03:35.469+0800: 55.199: [GC (Allocation Failure) [PSYoungGen: 16883K->2019K(31744K)] 22136K->11270K(70144K), 0.0081148 secs] [Times: user=0.01 sys=0.00, real=0.01 secs] 
2024-07-05T13:03:35.558+0800: 55.288: [GC (Allocation Failure) [PSYoungGen: 31715K->2035K(31744K)] 40966K->15695K(70144K), 0.0083631 secs] [Times: user=0.00 sys=0.01, real=0.01 secs] 
2024-07-05T13:03:35.753+0800: 55.483: [GC (Allocation Failure) [PSYoungGen: 31731K->8692K(64512K)] 45391K->25089K(102912K), 0.0109417 secs] [Times: user=0.00 sys=0.01, real=0.02 secs] 
2024-07-05T13:03:36.178+0800: 55.908: [GC (Allocation Failure) [PSYoungGen: 64500K->12260K(68096K)] 80897K->44889K(106496K), 0.0407568 secs] [Times: user=0.06 sys=0.02, real=0.04 secs] 
2024-07-05T13:03:36.219+0800: 55.948: [Full GC (Ergonomics) [PSYoungGen: 12260K->0K(68096K)] [ParOldGen: 32628K->32802K(60416K)] 44889K->32802K(128512K), [Metaspace: 10191K->10191K(1058816K)], 0.1026099 secs] [Times: user=0.20 sys=0.00, real=0.11 secs] 
2024-07-05T13:03:37.161+0800: 56.891: [GC (Allocation Failure) [PSYoungGen: 55808K->12266K(131072K)] 88610K->45069K(191488K), 0.0210431 secs] [Times: user=0.04 sys=0.01, real=0.02 secs] 
2024-07-05T13:03:37.921+0800: 57.651: [GC (Allocation Failure) [PSYoungGen: 122346K->22522K(132608K)] 155149K->69050K(193024K), 0.0583613 secs] [Times: user=0.09 sys=0.02, real=0.05 secs] 
2024-07-05T13:03:37.980+0800: 57.710: [Full GC (Ergonomics) [PSYoungGen: 22522K->0K(132608K)] [ParOldGen: 46528K->45531K(82432K)] 69050K->45531K(215040K), [Metaspace: 11763K->11763K(1060864K)], 0.1578851 secs] [Times: user=0.28 sys=0.01, real=0.16 secs] 
2024-07-05T13:03:38.748+0800: 58.478: [GC (Allocation Failure) [PSYoungGen: 110080K->19840K(167424K)] 155611K->65379K(249856K), 0.0370459 secs] [Times: user=0.07 sys=0.00, real=0.04 secs] 
2024-07-05T13:03:39.318+0800: 59.048: [GC (Allocation Failure) [PSYoungGen: 167296K->30516K(193536K)] 212835K->93651K(275968K), 0.0719701 secs] [Times: user=0.12 sys=0.02, real=0.07 secs] 
2024-07-05T13:03:40.184+0800: 59.913: [GC (Allocation Failure) [PSYoungGen: 191284K->7225K(241152K)] 254419K->77477K(323584K), 0.0252063 secs] [Times: user=0.04 sys=0.01, real=0.02 secs] 
2024-07-05T13:03:40.209+0800: 59.939: [Full GC (Ergonomics) [PSYoungGen: 7225K->0K(241152K)] [ParOldGen: 70251K->35985K(81920K)] 77477K->35985K(323072K), [Metaspace: 11894K->11894K(1060864K)], 0.1063549 secs] [Times: user=0.19 sys=0.00, real=0.11 secs] 
2024-07-05T13:03:41.007+0800: 60.737: [GC (Allocation Failure) [PSYoungGen: 203776K->23513K(240128K)] 239761K->59507K(322048K), 0.0289741 secs] [Times: user=0.06 sys=0.00, real=0.03 secs] 
2024-07-05T13:03:41.633+0800: 61.363: [GC (Allocation Failure) [PSYoungGen: 227289K->23792K(307712K)] 263283K->69426K(389632K), 0.0553461 secs] [Times: user=0.09 sys=0.02, real=0.05 secs] 
2024-07-05T13:03:42.651+0800: 62.380: [GC (Allocation Failure) [PSYoungGen: 293616K->17712K(308736K)] 339250K->63618K(390656K), 0.0268957 secs] [Times: user=0.04 sys=0.01, real=0.03 secs] 
2024-07-05T13:03:43.547+0800: 63.277: [GC (Allocation Failure) [PSYoungGen: 287536K->17426K(380416K)] 333442K->63340K(462336K), 0.0238942 secs] [Times: user=0.04 sys=0.00, real=0.02 secs] 
2024-07-05T13:03:44.620+0800: 64.350: [GC (Allocation Failure) [PSYoungGen: 369682K->27952K(387584K)] 415596K->73874K(469504K), 0.0638937 secs] [Times: user=0.12 sys=0.00, real=0.07 secs] 
2024-07-05T13:03:45.707+0800: 65.437: [GC (Allocation Failure) [PSYoungGen: 380208K->21488K(461824K)] 426130K->67418K(543744K), 0.0513532 secs] [Times: user=0.08 sys=0.01, real=0.05 secs] 
2024-07-05T13:03:47.113+0800: 66.843: [GC (Allocation Failure) [PSYoungGen: 446960K->17184K(462848K)] 492890K->63122K(544768K), 0.0660450 secs] [Times: user=0.12 sys=0.01, real=0.06 secs] 
2024-07-05T13:03:48.559+0800: 68.289: [GC (Allocation Failure) [PSYoungGen: 442656K->21264K(537600K)] 488594K->67210K(619520K), 0.0361899 secs] [Times: user=0.07 sys=0.01, real=0.04 secs] 
2024-07-05T13:03:50.517+0800: 70.247: [GC (Allocation Failure) [PSYoungGen: 529168K->8046K(543232K)] 575114K->54000K(625152K), 0.0135948 secs] [Times: user=0.01 sys=0.01, real=0.01 secs] 
2024-07-05T13:03:51.978+0800: 71.707: [GC (Allocation Failure) [PSYoungGen: 515950K->18624K(610304K)] 561904K->64578K(692224K), 0.0202847 secs] [Times: user=0.04 sys=0.01, real=0.02 secs] 
2024-07-05T13:03:53.736+0800: 73.466: [GC (Allocation Failure) [PSYoungGen: 604864K->19536K(620032K)] 650818K->65490K(701952K), 0.0285735 secs] [Times: user=0.04 sys=0.02, real=0.03 secs] 
2024-07-05T13:03:55.467+0800: 75.196: [GC (Allocation Failure) [PSYoungGen: 605776K->18736K(695296K)] 651730K->64698K(777216K), 0.0333704 secs] [Times: user=0.06 sys=0.00, real=0.03 secs] 
2024-07-05T13:03:57.229+0800: 76.959: [GC (Allocation Failure) [PSYoungGen: 685872K->20064K(699392K)] 731834K->66026K(781312K), 0.0352493 secs] [Times: user=0.05 sys=0.01, real=0.04 secs] 
2024-07-05T13:03:58.975+0800: 78.705: [GC (Allocation Failure) [PSYoungGen: 687200K->22080K(765952K)] 733162K->68042K(847872K), 0.0607910 secs] [Times: user=0.11 sys=0.01, real=0.06 secs] 
2024-07-05T13:04:00.809+0800: 80.539: [GC (Allocation Failure) [PSYoungGen: 756288K->16902K(765952K)] 802250K->62864K(847872K), 0.0222009 secs] [Times: user=0.04 sys=0.00, real=0.02 secs] 
2024-07-05T13:04:02.456+0800: 82.186: [GC (Allocation Failure) [PSYoungGen: 751110K->16560K(827392K)] 797072K->62522K(909312K), 0.0245681 secs] [Times: user=0.03 sys=0.01, real=0.02 secs] 
2024-07-05T13:04:04.331+0800: 84.060: [GC (Allocation Failure) [PSYoungGen: 819376K->23184K(832512K)] 865338K->69146K(914432K), 0.0348985 secs] [Times: user=0.06 sys=0.01, real=0.04 secs] 
2024-07-05T13:04:06.063+0800: 85.793: [GC (Allocation Failure) [PSYoungGen: 826000K->15389K(892928K)] 871962K->61351K(974848K), 0.0193148 secs] [Times: user=0.03 sys=0.01, real=0.02 secs] 
2024-07-05T13:04:07.735+0800: 87.464: [GC (Allocation Failure) [PSYoungGen: 885789K->26304K(900096K)] 931751K->72266K(982016K), 0.0471233 secs] [Times: user=0.07 sys=0.01, real=0.05 secs] 
2024-07-05T13:04:09.635+0800: 89.365: [GC (Allocation Failure) [PSYoungGen: 896704K->9101K(964096K)] 942666K->55071K(1046016K), 0.0125222 secs] [Times: user=0.02 sys=0.00, real=0.01 secs] 
2024-07-05T13:04:11.342+0800: 91.072: [GC (Allocation Failure) [PSYoungGen: 950157K->25840K(973312K)] 996127K->71818K(1055232K), 0.0526289 secs] [Times: user=0.08 sys=0.02, real=0.05 secs] 
2024-07-05T13:04:13.074+0800: 92.804: [GC (Allocation Failure) [PSYoungGen: 966896K->13502K(1015296K)] 1012874K->59481K(1097216K), 0.0194363 secs] [Times: user=0.03 sys=0.01, real=0.02 secs] 
2024-07-05T13:04:14.700+0800: 94.430: [GC (Allocation Failure) [PSYoungGen: 995006K->23456K(1014784K)] 1040985K->69434K(1096704K), 0.0277519 secs] [Times: user=0.04 sys=0.01, real=0.03 secs] 
2024-07-05T13:04:16.281+0800: 96.011: [GC (Allocation Failure) [PSYoungGen: 1004960K->13936K(1013760K)] 1050938K->59922K(1095680K), 0.0143050 secs] [Times: user=0.03 sys=0.00, real=0.01 secs] 
2024-07-05T13:04:17.853+0800: 97.583: [GC (Allocation Failure) [PSYoungGen: 995440K->14754K(1014272K)] 1041426K->60748K(1096192K), 0.0168447 secs] [Times: user=0.03 sys=0.00, real=0.02 secs] 
2024-07-05T13:04:19.473+0800: 99.203: [GC (Allocation Failure) [PSYoungGen: 996258K->21760K(1015808K)] 1042252K->67762K(1097728K), 0.0295165 secs] [Times: user=0.05 sys=0.00, real=0.03 secs] 
2024-07-05T13:04:21.067+0800: 100.797: [GC (Allocation Failure) [PSYoungGen: 1005312K->16617K(1000448K)] 1051314K->62635K(1082368K), 0.0210155 secs] [Times: user=0.04 sys=0.00, real=0.02 secs] 
2024-07-05T13:04:22.762+0800: 102.492: [GC (Allocation Failure) [PSYoungGen: 1000169K->17657K(1016832K)] 1046187K->63683K(1098752K), 0.0176917 secs] [Times: user=0.03 sys=0.00, real=0.01 secs] 
2024-07-05T13:04:24.221+0800: 103.951: [GC (Allocation Failure) [PSYoungGen: 1003257K->28064K(1015296K)] 1049283K->74098K(1097216K), 0.0301758 secs] [Times: user=0.05 sys=0.01, real=0.02 secs] 
2024-07-05T13:04:25.813+0800: 105.543: [GC (Allocation Failure) [PSYoungGen: 1013664K->22080K(1016320K)] 1059698K->68122K(1098240K), 0.0251713 secs] [Times: user=0.04 sys=0.01, real=0.03 secs] 
2024-07-05T13:04:27.257+0800: 106.986: [GC (Allocation Failure) [PSYoungGen: 1006144K->18432K(1003008K)] 1052186K->64482K(1084928K), 0.0172694 secs] [Times: user=0.03 sys=0.00, real=0.02 secs] 
2024-07-05T13:04:28.717+0800: 108.446: [GC (Allocation Failure) [PSYoungGen: 1002496K->31200K(1010176K)] 1048546K->78578K(1092096K), 0.0400719 secs] [Times: user=0.07 sys=0.00, real=0.04 secs] 
2024-07-05T13:04:30.276+0800: 110.006: [GC (Allocation Failure) [PSYoungGen: 1010144K->34800K(1013760K)] 1057522K->82186K(1095680K), 0.0376368 secs] [Times: user=0.07 sys=0.00, real=0.04 secs] 
2024-07-05T13:04:31.879+0800: 111.609: [GC (Allocation Failure) [PSYoungGen: 1013744K->34800K(997376K)] 1061130K->86056K(1079296K), 0.0442060 secs] [Times: user=0.08 sys=0.00, real=0.05 secs] 
2024-07-05T13:04:33.348+0800: 113.078: [GC (Allocation Failure) [PSYoungGen: 997360K->43001K(1005568K)] 1048616K->97313K(1087488K), 0.0476005 secs] [Times: user=0.09 sys=0.00, real=0.05 secs] 
2024-07-05T13:04:34.815+0800: 114.545: [GC (Allocation Failure) [PSYoungGen: 1005561K->42976K(976896K)] 1059873K->107760K(1058816K), 0.0627480 secs] [Times: user=0.12 sys=0.00, real=0.06 secs] 
2024-07-05T13:04:36.309+0800: 116.039: [GC (Allocation Failure) [PSYoungGen: 976864K->53280K(987648K)] 1041648K->118064K(1069568K), 0.0627286 secs] [Times: user=0.12 sys=0.00, real=0.06 secs] 
2024-07-05T13:04:37.820+0800: 117.549: [GC (Allocation Failure) [PSYoungGen: 987168K->60912K(964096K)] 1051952K->129507K(1046016K), 0.0708271 secs] [Times: user=0.14 sys=0.00, real=0.07 secs] 
2024-07-05T13:04:39.305+0800: 119.035: [GC (Allocation Failure) [PSYoungGen: 964080K->68048K(971264K)] 1032675K->136652K(1053184K), 0.0721320 secs] [Times: user=0.13 sys=0.01, real=0.07 secs] 
2024-07-05T13:04:40.717+0800: 120.447: [GC (Allocation Failure) [PSYoungGen: 971216K->62384K(953856K)] 1039820K->130987K(1035776K), 0.0767577 secs] [Times: user=0.14 sys=0.00, real=0.08 secs] 
2024-07-05T13:04:42.153+0800: 121.883: [GC (Allocation Failure) [PSYoungGen: 938928K->68128K(945152K)] 1007531K->136731K(1027072K), 0.0829389 secs] [Times: user=0.16 sys=0.00, real=0.08 secs] 
2024-07-05T13:04:43.595+0800: 123.325: [GC (Allocation Failure) [PSYoungGen: 944672K->71056K(946176K)] 1013275K->139659K(1028096K), 0.0853094 secs] [Times: user=0.16 sys=0.01, real=0.08 secs] 
2024-07-05T13:04:45.002+0800: 124.732: [GC (Allocation Failure) [PSYoungGen: 925072K->67280K(921600K)] 993675K->146012K(1003520K), 0.0937204 secs] [Times: user=0.18 sys=0.01, real=0.09 secs] 
2024-07-05T13:04:45.096+0800: 124.826: [Full GC (Ergonomics) [PSYoungGen: 67280K->0K(921600K)] [ParOldGen: 78731K->57685K(103936K)] 146012K->57685K(1025536K), [Metaspace: 12243K->12243K(1060864K)], 0.2013589 secs] [Times: user=0.37 sys=0.01, real=0.20 secs] 
2024-07-05T13:04:46.620+0800: 126.350: [GC (Allocation Failure) [PSYoungGen: 854016K->34593K(951296K)] 911701K->92279K(1055232K), 0.0423756 secs] [Times: user=0.09 sys=0.00, real=0.05 secs] 
2024-07-05T13:04:48.000+0800: 127.730: [GC (Allocation Failure) [PSYoungGen: 885537K->35920K(887296K)] 943223K->93605K(991232K), 0.0455419 secs] [Times: user=0.09 sys=0.00, real=0.05 secs] 
2024-07-05T13:04:49.358+0800: 129.088: [GC (Allocation Failure) [PSYoungGen: 886864K->19937K(945664K)] 944549K->77622K(1049600K), 0.0277021 secs] [Times: user=0.06 sys=0.00, real=0.03 secs] 
2024-07-05T13:04:50.669+0800: 130.399: [GC (Allocation Failure) [PSYoungGen: 871393K->34880K(945152K)] 929078K->92565K(1049088K), 0.0588795 secs] [Times: user=0.12 sys=0.00, real=0.06 secs] 
2024-07-05T13:04:52.109+0800: 131.839: [GC (Allocation Failure) [PSYoungGen: 886336K->24160K(952832K)] 944021K->81845K(1056768K), 0.0368002 secs] [Times: user=0.07 sys=0.00, real=0.04 secs] 
2024-07-05T13:04:53.435+0800: 133.165: [GC (Allocation Failure) [PSYoungGen: 886880K->29808K(950784K)] 944565K->87493K(1054720K), 0.0362342 secs] [Times: user=0.07 sys=0.00, real=0.03 secs] 
2024-07-05T13:04:54.719+0800: 134.449: [GC (Allocation Failure) [PSYoungGen: 892528K->36064K(956416K)] 950213K->93749K(1060352K), 0.0412385 secs] [Times: user=0.08 sys=0.00, real=0.04 secs] 
2024-07-05T13:04:56.035+0800: 135.765: [GC (Allocation Failure) [PSYoungGen: 910560K->31792K(955904K)] 968245K->97205K(1059840K), 0.0460077 secs] [Times: user=0.09 sys=0.00, real=0.05 secs] 
2024-07-05T13:04:57.388+0800: 137.117: [GC (Allocation Failure) [PSYoungGen: 906288K->27600K(965120K)] 971701K->93021K(1069056K), 0.0248134 secs] [Times: user=0.05 sys=0.00, real=0.02 secs] 
2024-07-05T13:04:58.742+0800: 138.472: [GC (Allocation Failure) [PSYoungGen: 914896K->15741K(963584K)] 980317K->81163K(1067520K), 0.0157927 secs] [Times: user=0.03 sys=0.00, real=0.01 secs] 
2024-07-05T13:05:00.053+0800: 139.783: [GC (Allocation Failure) [PSYoungGen: 903037K->22992K(970240K)] 968459K->88413K(1074176K), 0.0263873 secs] [Times: user=0.04 sys=0.01, real=0.02 secs] 
2024-07-05T13:05:01.375+0800: 141.105: [GC (Allocation Failure) [PSYoungGen: 919504K->24736K(970240K)] 984925K->90165K(1074176K), 0.0275251 secs] [Times: user=0.05 sys=0.00, real=0.03 secs] 
2024-07-05T13:05:02.737+0800: 142.467: [GC (Allocation Failure) [PSYoungGen: 921248K->23344K(971776K)] 986677K->88773K(1075712K), 0.0226110 secs] [Times: user=0.04 sys=0.00, real=0.02 secs] 
2024-07-05T13:05:04.010+0800: 143.740: [GC (Allocation Failure) [PSYoungGen: 926512K->20400K(972288K)] 991941K->85829K(1076224K), 0.0189979 secs] [Times: user=0.04 sys=0.01, real=0.02 secs] 
2024-07-05T13:05:05.316+0800: 145.046: [GC (Allocation Failure) [PSYoungGen: 923568K->25008K(975360K)] 988997K->90437K(1079296K), 0.0276825 secs] [Times: user=0.06 sys=0.00, real=0.03 secs] 
2024-07-05T13:05:06.653+0800: 146.383: [GC (Allocation Failure) [PSYoungGen: 936880K->23264K(976896K)] 1002309K->88693K(1080832K), 0.0256067 secs] [Times: user=0.05 sys=0.00, real=0.02 secs] 
2024-07-05T13:05:07.952+0800: 147.682: [GC (Allocation Failure) [PSYoungGen: 935136K->21584K(981504K)] 1000565K->87013K(1085440K), 0.0252306 secs] [Times: user=0.04 sys=0.01, real=0.03 secs] 
2024-07-05T13:05:09.304+0800: 149.034: [GC (Allocation Failure) [PSYoungGen: 942672K->18624K(982016K)] 1008101K->84061K(1085952K), 0.0212804 secs] [Times: user=0.04 sys=0.00, real=0.02 secs] 
2024-07-05T13:05:10.637+0800: 150.367: [GC (Allocation Failure) [PSYoungGen: 939712K->11488K(987136K)] 1005149K->76933K(1091072K), 0.0123806 secs] [Times: user=0.03 sys=0.00, real=0.01 secs] 
2024-07-05T13:05:12.001+0800: 151.730: [GC (Allocation Failure) [PSYoungGen: 939232K->23888K(986624K)] 1004677K->89341K(1090560K), 0.0243929 secs] [Times: user=0.04 sys=0.00, real=0.03 secs] 
2024-07-05T13:05:13.384+0800: 153.114: [GC (Allocation Failure) [PSYoungGen: 951632K->23200K(987136K)] 1017085K->88661K(1091072K), 0.0285867 secs] [Times: user=0.05 sys=0.00, real=0.03 secs] 
2024-07-05T13:05:14.743+0800: 154.473: [GC (Allocation Failure) [PSYoungGen: 956064K->12288K(986624K)] 1021525K->77757K(1090560K), 0.0134765 secs] [Times: user=0.03 sys=0.00, real=0.01 secs] 
2024-07-05T13:05:16.066+0800: 155.796: [GC (Allocation Failure) [PSYoungGen: 945152K->30592K(994304K)] 1010621K->96069K(1098240K), 0.0315420 secs] [Times: user=0.05 sys=0.00, real=0.03 secs] 
2024-07-05T13:05:17.485+0800: 157.215: [GC (Allocation Failure) [PSYoungGen: 971648K->25104K(966656K)] 1037125K->90589K(1070592K), 0.0262367 secs] [Times: user=0.05 sys=0.00, real=0.02 secs] 
2024-07-05T13:05:18.842+0800: 158.572: [GC (Allocation Failure) [PSYoungGen: 966160K->15098K(992768K)] 1031645K->80591K(1096704K), 0.0145714 secs] [Times: user=0.03 sys=0.00, real=0.01 secs] 
2024-07-05T13:05:20.143+0800: 159.873: [GC (Allocation Failure) [PSYoungGen: 958202K->26048K(992256K)] 1023695K->91549K(1096192K), 0.0249250 secs] [Times: user=0.05 sys=0.00, real=0.02 secs] 
2024-07-05T13:05:21.531+0800: 161.261: [GC (Allocation Failure) [PSYoungGen: 969152K->22576K(997888K)] 1034653K->88085K(1101824K), 0.0229476 secs] [Times: user=0.04 sys=0.00, real=0.03 secs] 
2024-07-05T13:05:22.929+0800: 162.659: [GC (Allocation Failure) [PSYoungGen: 973872K->21616K(996864K)] 1039381K->87133K(1100800K), 0.0220489 secs] [Times: user=0.05 sys=0.00, real=0.02 secs] 
2024-07-05T13:05:24.316+0800: 164.046: [GC (Allocation Failure) [PSYoungGen: 972912K->25456K(1000960K)] 1038429K->90981K(1104896K), 0.0289061 secs] [Times: user=0.05 sys=0.00, real=0.03 secs] 
2024-07-05T13:05:25.701+0800: 165.431: [GC (Allocation Failure) [PSYoungGen: 982896K->16375K(999936K)] 1048421K->81909K(1103872K), 0.0174613 secs] [Times: user=0.03 sys=0.00, real=0.01 secs] 
2024-07-05T13:05:27.063+0800: 166.793: [GC (Allocation Failure) [PSYoungGen: 973815K->23408K(1003520K)] 1039349K->88949K(1107456K), 0.0257012 secs] [Times: user=0.04 sys=0.00, real=0.02 secs] 
2024-07-05T13:05:28.472+0800: 168.202: [GC (Allocation Failure) [PSYoungGen: 987504K->29600K(1004032K)] 1053045K->95149K(1107968K), 0.0296878 secs] [Times: user=0.05 sys=0.00, real=0.04 secs] 
2024-07-05T13:05:29.977+0800: 169.707: [GC (Allocation Failure) [PSYoungGen: 993696K->23824K(1005568K)] 1059245K->89381K(1109504K), 0.0279473 secs] [Times: user=0.04 sys=0.01, real=0.03 secs] 
2024-07-05T13:05:31.421+0800: 171.151: [GC (Allocation Failure) [PSYoungGen: 991504K->21874K(1006592K)] 1057061K->87440K(1110528K), 0.0202721 secs] [Times: user=0.04 sys=0.00, real=0.03 secs] 
2024-07-05T13:05:32.809+0800: 172.539: [GC (Allocation Failure) [PSYoungGen: 989554K->15168K(1009664K)] 1055120K->80741K(1113600K), 0.0153736 secs] [Times: user=0.03 sys=0.00, real=0.02 secs] 
2024-07-05T13:05:34.185+0800: 173.915: [GC (Allocation Failure) [PSYoungGen: 986944K->25936K(1009664K)] 1052517K->91517K(1113600K), 0.0275556 secs] [Times: user=0.05 sys=0.00, real=0.02 secs] 
2024-07-05T13:05:35.641+0800: 175.371: [GC (Allocation Failure) [PSYoungGen: 997712K->16544K(1010176K)] 1063293K->82133K(1114112K), 0.0170963 secs] [Times: user=0.03 sys=0.00, real=0.01 secs] 
2024-07-05T13:05:37.058+0800: 176.788: [GC (Allocation Failure) [PSYoungGen: 989344K->23760K(1010176K)] 1054933K->89357K(1114112K), 0.0272771 secs] [Times: user=0.05 sys=0.00, real=0.03 secs] 
2024-07-05T13:05:38.472+0800: 178.202: [GC (Allocation Failure) [PSYoungGen: 996560K->27728K(1009664K)] 1062157K->93333K(1113600K), 0.0299391 secs] [Times: user=0.06 sys=0.00, real=0.04 secs] 
2024-07-05T13:05:39.949+0800: 179.679: [GC (Allocation Failure) [PSYoungGen: 1001040K->14186K(1010176K)] 1066645K->79799K(1114112K), 0.0141463 secs] [Times: user=0.03 sys=0.00, real=0.02 secs] 
2024-07-05T13:05:41.301+0800: 181.031: [GC (Allocation Failure) [PSYoungGen: 987498K->22912K(1009664K)] 1053111K->88533K(1113600K), 0.0230204 secs] [Times: user=0.04 sys=0.00, real=0.02 secs] 
2024-07-05T13:05:42.730+0800: 182.460: [GC (Allocation Failure) [PSYoungGen: 997760K->30352K(1010688K)] 1063381K->95981K(1114624K), 0.0298859 secs] [Times: user=0.06 sys=0.00, real=0.03 secs] 
2024-07-05T13:05:44.189+0800: 183.919: [GC (Allocation Failure) [PSYoungGen: 1005200K->20656K(1011712K)] 1070829K->86293K(1115648K), 0.0222906 secs] [Times: user=0.04 sys=0.01, real=0.02 secs] 
2024-07-05T13:05:45.553+0800: 185.283: [GC (Allocation Failure) [PSYoungGen: 995504K->25632K(1011200K)] 1061141K->91277K(1115136K), 0.0247731 secs] [Times: user=0.04 sys=0.00, real=0.02 secs] 
2024-07-05T13:05:46.929+0800: 186.659: [GC (Allocation Failure) [PSYoungGen: 1000480K->25040K(1011712K)] 1066125K->90693K(1115648K), 0.0223987 secs] [Times: user=0.04 sys=0.00, real=0.02 secs] 
2024-07-05T13:05:48.335+0800: 188.065: [GC (Allocation Failure) [PSYoungGen: 1000912K->15049K(1011712K)] 1066565K->80711K(1115648K), 0.0147495 secs] [Times: user=0.03 sys=0.00, real=0.01 secs] 
2024-07-05T13:05:49.698+0800: 189.427: [GC (Allocation Failure) [PSYoungGen: 990921K->26976K(1011712K)] 1056583K->92645K(1115648K), 0.0280615 secs] [Times: user=0.06 sys=0.00, real=0.03 secs] 
2024-07-05T13:05:51.153+0800: 190.883: [GC (Allocation Failure) [PSYoungGen: 1002848K->14392K(1012224K)] 1068517K->80070K(1116160K), 0.0182524 secs] [Times: user=0.03 sys=0.00, real=0.01 secs] 
2024-07-05T13:05:52.519+0800: 192.248: [GC (Allocation Failure) [PSYoungGen: 990264K->18610K(1010176K)] 1055942K->84296K(1114112K), 0.0206499 secs] [Times: user=0.03 sys=0.00, real=0.02 secs] 
2024-07-05T13:05:53.867+0800: 193.597: [GC (Allocation Failure) [PSYoungGen: 994482K->27104K(1011200K)] 1060168K->92797K(1115136K), 0.0271098 secs] [Times: user=0.05 sys=0.00, real=0.03 secs] 
2024-07-05T13:05:55.265+0800: 194.995: [GC (Allocation Failure) [PSYoungGen: 1002976K->17030K(1012736K)] 1068669K->82732K(1116672K), 0.0174349 secs] [Times: user=0.04 sys=0.00, real=0.02 secs] 
2024-07-05T13:05:56.642+0800: 196.372: [GC (Allocation Failure) [PSYoungGen: 993414K->16672K(993280K)] 1059116K->82381K(1097216K), 0.0170448 secs] [Times: user=0.03 sys=0.00, real=0.01 secs] 
2024-07-05T13:05:57.965+0800: 197.695: [GC (Allocation Failure) [PSYoungGen: 993056K->26736K(1011200K)] 1058765K->92453K(1115136K), 0.0268733 secs] [Times: user=0.05 sys=0.00, real=0.02 secs] 
2024-07-05T13:05:59.483+0800: 199.212: [GC (Allocation Failure) [PSYoungGen: 1002608K->20409K(1011712K)] 1068325K->86135K(1115648K), 0.0220239 secs] [Times: user=0.04 sys=0.00, real=0.02 secs] 
2024-07-05T13:06:01.005+0800: 200.735: [GC (Allocation Failure) [PSYoungGen: 996281K->25456K(1012224K)] 1062007K->91189K(1116160K), 0.0254924 secs] [Times: user=0.05 sys=0.00, real=0.02 secs] 
2024-07-05T13:06:02.454+0800: 202.184: [GC (Allocation Failure) [PSYoungGen: 1002864K->29792K(1012224K)] 1068597K->95533K(1116160K), 0.0292674 secs] [Times: user=0.06 sys=0.01, real=0.03 secs] 
2024-07-05T13:06:03.878+0800: 203.608: [GC (Allocation Failure) [PSYoungGen: 1007200K->19040K(1012736K)] 1072941K->84789K(1116672K), 0.0212952 secs] [Times: user=0.04 sys=0.00, real=0.02 secs] 
2024-07-05T13:06:05.282+0800: 205.012: [GC (Allocation Failure) [PSYoungGen: 995424K->24384K(1000960K)] 1061173K->90141K(1104896K), 0.0246864 secs] [Times: user=0.04 sys=0.00, real=0.02 secs] 
2024-07-05T13:06:06.673+0800: 206.403: [GC (Allocation Failure) [PSYoungGen: 1000768K->17516K(1012224K)] 1066525K->83282K(1116160K), 0.0170377 secs] [Times: user=0.03 sys=0.00, real=0.01 secs] 
2024-07-05T13:06:08.093+0800: 207.823: [GC (Allocation Failure) [PSYoungGen: 994412K->18293K(1011712K)] 1060178K->84067K(1115648K), 0.0172840 secs] [Times: user=0.03 sys=0.00, real=0.02 secs] 
2024-07-05T13:06:09.509+0800: 209.239: [GC (Allocation Failure) [PSYoungGen: 995189K->15981K(1013248K)] 1060963K->81763K(1117184K), 0.0127219 secs] [Times: user=0.02 sys=0.00, real=0.02 secs] 
2024-07-05T13:06:10.916+0800: 210.645: [GC (Allocation Failure) [PSYoungGen: 994925K->23184K(1012736K)] 1060707K->88973K(1116672K), 0.0219080 secs] [Times: user=0.04 sys=0.00, real=0.02 secs] 
2024-07-05T13:06:12.290+0800: 212.020: [GC (Allocation Failure) [PSYoungGen: 1002128K->26375K(1012736K)] 1067917K->92172K(1116672K), 0.0234171 secs] [Times: user=0.04 sys=0.00, real=0.03 secs] 
2024-07-05T13:06:13.737+0800: 213.467: [GC (Allocation Failure) [PSYoungGen: 1005831K->22416K(1013760K)] 1071628K->88221K(1117696K), 0.0224204 secs] [Times: user=0.04 sys=0.00, real=0.02 secs] 
2024-07-05T13:06:15.141+0800: 214.871: [GC (Allocation Failure) [PSYoungGen: 1001872K->28832K(1012224K)] 1067677K->94645K(1116160K), 0.0312961 secs] [Times: user=0.06 sys=0.00, real=0.03 secs] 
2024-07-05T13:06:16.544+0800: 216.274: [GC (Allocation Failure) [PSYoungGen: 1007776K->16998K(1013760K)] 1073589K->82820K(1117696K), 0.0161741 secs] [Times: user=0.03 sys=0.00, real=0.01 secs] 
2024-07-05T13:06:17.961+0800: 217.691: [GC (Allocation Failure) [PSYoungGen: 995942K->21808K(1011200K)] 1061764K->87637K(1115136K), 0.0227766 secs] [Times: user=0.04 sys=0.00, real=0.02 secs] 
2024-07-05T13:06:19.373+0800: 219.103: [GC (Allocation Failure) [PSYoungGen: 1001264K->27104K(1012736K)] 1067093K->92941K(1116672K), 0.0267973 secs] [Times: user=0.05 sys=0.00, real=0.02 secs] 
2024-07-05T13:06:20.760+0800: 220.490: [GC (Allocation Failure) [PSYoungGen: 1006560K->18825K(1014784K)] 1072397K->84671K(1118720K), 0.0179142 secs] [Times: user=0.03 sys=0.00, real=0.02 secs] 
2024-07-05T13:06:22.253+0800: 221.983: [GC (Allocation Failure) [PSYoungGen: 1000329K->20528K(1014784K)] 1066175K->86381K(1118720K), 0.0220465 secs] [Times: user=0.05 sys=0.00, real=0.02 secs] 
2024-07-05T13:06:23.685+0800: 223.415: [GC (Allocation Failure) [PSYoungGen: 1002032K->24576K(1014784K)] 1067885K->90437K(1118720K), 0.0250346 secs] [Times: user=0.05 sys=0.00, real=0.02 secs] 
2024-07-05T13:06:25.175+0800: 224.905: [GC (Allocation Failure) [PSYoungGen: 1006592K->22496K(1014784K)] 1072453K->88365K(1118720K), 0.0211282 secs] [Times: user=0.04 sys=0.00, real=0.02 secs] 
2024-07-05T13:06:26.680+0800: 226.409: [GC (Allocation Failure) [PSYoungGen: 1004512K->31728K(1011712K)] 1070381K->97861K(1115648K), 0.0327408 secs] [Times: user=0.06 sys=0.00, real=0.03 secs] 
2024-07-05T13:06:28.225+0800: 227.955: [GC (Allocation Failure) [PSYoungGen: 1011696K->30608K(1010688K)] 1077829K->96749K(1114624K), 0.0335028 secs] [Times: user=0.07 sys=0.00, real=0.03 secs] 
2024-07-05T13:06:29.733+0800: 229.463: [GC (Allocation Failure) [PSYoungGen: 1010576K->16583K(1012736K)] 1076717K->82725K(1116672K), 0.0147698 secs] [Times: user=0.02 sys=0.00, real=0.02 secs] 
2024-07-05T13:06:31.109+0800: 230.839: [GC (Allocation Failure) [PSYoungGen: 993479K->35808K(1012736K)] 1059621K->107805K(1116672K), 0.0460907 secs] [Times: user=0.09 sys=0.00, real=0.05 secs] 
2024-07-05T13:06:32.705+0800: 232.434: [GC (Allocation Failure) [PSYoungGen: 1012704K->35824K(988160K)] 1084701K->119187K(1092096K), 0.0582926 secs] [Times: user=0.12 sys=0.00, real=0.06 secs] 
2024-07-05T13:06:34.125+0800: 233.855: [GC (Allocation Failure) [PSYoungGen: 988144K->44832K(997376K)] 1071507K->128203K(1101312K), 0.0532325 secs] [Times: user=0.11 sys=0.00, real=0.05 secs] 
2024-07-05T13:06:35.469+0800: 235.198: [GC (Allocation Failure) [PSYoungGen: 997152K->51120K(983040K)] 1080523K->134491K(1086976K), 0.0512473 secs] [Times: user=0.10 sys=0.00, real=0.05 secs] 
2024-07-05T13:06:36.828+0800: 236.558: [GC (Allocation Failure) [PSYoungGen: 982960K->58336K(990208K)] 1066331K->146180K(1094144K), 0.0659523 secs] [Times: user=0.13 sys=0.00, real=0.07 secs] 
2024-07-05T13:06:38.200+0800: 237.930: [GC (Allocation Failure) [PSYoungGen: 990176K->58336K(947200K)] 1078020K->164726K(1053696K), 0.0965434 secs] [Times: user=0.18 sys=0.02, real=0.10 secs] 
2024-07-05T13:06:38.297+0800: 238.027: [Full GC (Ergonomics) [PSYoungGen: 58336K->0K(947200K)] [ParOldGen: 106390K->59780K(113152K)] 164726K->59780K(1060352K), [Metaspace: 12248K->12248K(1060864K)], 0.1994334 secs] [Times: user=0.37 sys=0.00, real=0.20 secs] 
2024-07-05T13:06:39.724+0800: 239.454: [GC (Allocation Failure) [PSYoungGen: 888832K->35218K(968704K)] 948612K->94998K(1081856K), 0.0450147 secs] [Times: user=0.08 sys=0.00, real=0.04 secs] 
2024-07-05T13:06:41.079+0800: 240.809: [GC (Allocation Failure) [PSYoungGen: 924050K->24624K(962048K)] 983830K->84404K(1075200K), 0.0335587 secs] [Times: user=0.06 sys=0.00, real=0.03 secs] 
2024-07-05T13:06:42.447+0800: 242.177: [GC (Allocation Failure) [PSYoungGen: 917040K->30486K(967168K)] 976820K->90266K(1080320K), 0.0373182 secs] [Times: user=0.08 sys=0.00, real=0.04 secs] 
2024-07-05T13:06:43.809+0800: 243.539: [GC (Allocation Failure) [PSYoungGen: 922902K->28871K(967168K)] 982682K->88651K(1080320K), 0.0377825 secs] [Times: user=0.07 sys=0.00, real=0.04 secs] 
2024-07-05T13:06:45.138+0800: 244.868: [GC (Allocation Failure) [PSYoungGen: 930503K->31603K(971776K)] 990283K->91384K(1084928K), 0.0335947 secs] [Times: user=0.07 sys=0.00, real=0.03 secs] 
2024-07-05T13:06:46.534+0800: 246.264: [GC (Allocation Failure) [PSYoungGen: 933235K->29797K(972800K)] 993016K->89577K(1085952K), 0.0373675 secs] [Times: user=0.08 sys=0.00, real=0.03 secs] 
2024-07-05T13:06:47.910+0800: 247.640: [GC (Allocation Failure) [PSYoungGen: 941157K->34864K(976384K)] 1000937K->94644K(1089536K), 0.0373105 secs] [Times: user=0.07 sys=0.00, real=0.04 secs] 
2024-07-05T13:06:49.221+0800: 248.951: [GC (Allocation Failure) [PSYoungGen: 946224K->29152K(979968K)] 1006004K->97480K(1093120K), 0.0452721 secs] [Times: user=0.07 sys=0.01, real=0.05 secs] 
2024-07-05T13:06:50.565+0800: 250.295: [GC (Allocation Failure) [PSYoungGen: 950752K->31904K(982016K)] 1019080K->100240K(1095168K), 0.0309627 secs] [Times: user=0.06 sys=0.00, real=0.03 secs] 
2024-07-05T13:06:51.937+0800: 251.667: [GC (Allocation Failure) [PSYoungGen: 953504K->29120K(985600K)] 1021840K->97464K(1098752K), 0.0363894 secs] [Times: user=0.07 sys=0.00, real=0.04 secs] 
2024-07-05T13:06:53.560+0800: 253.290: [GC (Allocation Failure) [PSYoungGen: 959424K->25216K(986624K)] 1027768K->93568K(1099776K), 0.0263829 secs] [Times: user=0.06 sys=0.00, real=0.03 secs] 
2024-07-05T13:06:54.938+0800: 254.668: [GC (Allocation Failure) [PSYoungGen: 955520K->18400K(991744K)] 1023872K->86760K(1104896K), 0.0197882 secs] [Times: user=0.04 sys=0.00, real=0.02 secs] 
2024-07-05T13:06:56.324+0800: 256.054: [GC (Allocation Failure) [PSYoungGen: 954848K->30992K(967680K)] 1023208K->99352K(1080832K), 0.0320545 secs] [Times: user=0.06 sys=0.00, real=0.03 secs] 
2024-07-05T13:06:57.713+0800: 257.442: [GC (Allocation Failure) [PSYoungGen: 967440K->27296K(992256K)] 1035800K->95656K(1105408K), 0.0285746 secs] [Times: user=0.06 sys=0.00, real=0.04 secs] 
2024-07-05T13:06:59.145+0800: 258.875: [GC (Allocation Failure) [PSYoungGen: 966304K->21584K(990720K)] 1034664K->89944K(1103872K), 0.0262950 secs] [Times: user=0.04 sys=0.00, real=0.02 secs] 
2024-07-05T13:07:00.553+0800: 260.283: [GC (Allocation Failure) [PSYoungGen: 960592K->17974K(994816K)] 1028952K->86334K(1107968K), 0.0209727 secs] [Times: user=0.04 sys=0.00, real=0.02 secs] 
2024-07-05T13:07:02.045+0800: 261.775: [GC (Allocation Failure) [PSYoungGen: 961590K->26848K(994816K)] 1029950K->95208K(1107968K), 0.0283113 secs] [Times: user=0.05 sys=0.00, real=0.03 secs] 
2024-07-05T13:07:03.488+0800: 263.218: [GC (Allocation Failure) [PSYoungGen: 970464K->21040K(995840K)] 1038824K->89400K(1108992K), 0.0225198 secs] [Times: user=0.04 sys=0.00, real=0.02 secs] 
2024-07-05T13:07:04.861+0800: 264.591: [GC (Allocation Failure) [PSYoungGen: 967728K->10474K(995328K)] 1036088K->78834K(1108480K), 0.0133310 secs] [Times: user=0.02 sys=0.00, real=0.01 secs] 
2024-07-05T13:07:06.180+0800: 265.910: [GC (Allocation Failure) [PSYoungGen: 957162K->22368K(997376K)] 1025522K->90728K(1110528K), 0.0219713 secs] [Times: user=0.04 sys=0.00, real=0.03 secs] 
2024-07-05T13:07:07.516+0800: 267.245: [GC (Allocation Failure) [PSYoungGen: 973152K->32176K(998400K)] 1041512K->100536K(1111552K), 0.0305042 secs] [Times: user=0.06 sys=0.00, real=0.03 secs] 
2024-07-05T13:07:08.863+0800: 268.593: [GC (Allocation Failure) [PSYoungGen: 982960K->26272K(996352K)] 1051320K->94640K(1109504K), 0.0262778 secs] [Times: user=0.05 sys=0.00, real=0.02 secs] 
2024-07-05T13:07:10.292+0800: 270.022: [GC (Allocation Failure) [PSYoungGen: 979104K->20310K(998400K)] 1047472K->88686K(1111552K), 0.0221149 secs] [Times: user=0.04 sys=0.00, real=0.03 secs] 
2024-07-05T13:07:11.740+0800: 271.470: [GC (Allocation Failure) [PSYoungGen: 973142K->7753K(1001472K)] 1041518K->76137K(1114624K), 0.0087984 secs] [Times: user=0.01 sys=0.00, real=0.01 secs] 
2024-07-05T13:07:13.161+0800: 272.891: [GC (Allocation Failure) [PSYoungGen: 964169K->24742K(981504K)] 1032553K->93135K(1094656K), 0.0339281 secs] [Times: user=0.05 sys=0.00, real=0.03 secs] 
2024-07-05T13:07:14.585+0800: 274.315: [GC (Allocation Failure) [PSYoungGen: 981158K->29520K(1001472K)] 1049551K->97920K(1114624K), 0.0315499 secs] [Times: user=0.05 sys=0.00, real=0.03 secs] 
2024-07-05T13:07:16.103+0800: 275.833: [GC (Allocation Failure) [PSYoungGen: 986960K->21632K(1001472K)] 1055360K->90040K(1114624K), 0.0238081 secs] [Times: user=0.04 sys=0.00, real=0.02 secs] 
2024-07-05T13:07:17.525+0800: 277.255: [GC (Allocation Failure) [PSYoungGen: 979072K->4373K(1001984K)] 1047480K->72789K(1115136K), 0.0055680 secs] [Times: user=0.01 sys=0.00, real=0.00 secs] 
2024-07-05T13:07:18.850+0800: 278.579: [GC (Allocation Failure) [PSYoungGen: 963349K->21031K(1003520K)] 1031765K->89455K(1116672K), 0.0191462 secs] [Times: user=0.04 sys=0.00, real=0.02 secs] 
2024-07-05T13:07:20.206+0800: 279.935: [GC (Allocation Failure) [PSYoungGen: 980007K->30112K(1002496K)] 1048431K->98544K(1115648K), 0.0331515 secs] [Times: user=0.06 sys=0.00, real=0.03 secs] 
2024-07-05T13:07:21.671+0800: 281.401: [GC (Allocation Failure) [PSYoungGen: 990112K->18784K(1003520K)] 1058544K->87224K(1116672K), 0.0199957 secs] [Times: user=0.04 sys=0.00, real=0.02 secs] 
2024-07-05T13:07:23.004+0800: 282.734: [GC (Allocation Failure) [PSYoungGen: 978784K->24624K(1003520K)] 1047224K->93072K(1116672K), 0.0226827 secs] [Times: user=0.05 sys=0.00, real=0.02 secs] 
2024-07-05T13:07:24.407+0800: 284.137: [GC (Allocation Failure) [PSYoungGen: 987696K->17306K(1004032K)] 1056144K->85762K(1117184K), 0.0176982 secs] [Times: user=0.03 sys=0.00, real=0.02 secs] 
2024-07-05T13:07:25.776+0800: 285.506: [GC (Allocation Failure) [PSYoungGen: 980378K->27840K(1006592K)] 1048834K->96304K(1119744K), 0.0283398 secs] [Times: user=0.06 sys=0.00, real=0.03 secs] 
2024-07-05T13:07:27.136+0800: 286.866: [GC (Allocation Failure) [PSYoungGen: 994496K->17047K(1007104K)] 1062960K->85519K(1120256K), 0.0167505 secs] [Times: user=0.03 sys=0.00, real=0.02 secs] 
2024-07-05T13:07:28.511+0800: 288.240: [GC (Allocation Failure) [PSYoungGen: 983703K->24128K(1006592K)] 1052175K->92608K(1119744K), 0.0259361 secs] [Times: user=0.05 sys=0.00, real=0.03 secs] 
2024-07-05T13:07:29.973+0800: 289.703: [GC (Allocation Failure) [PSYoungGen: 992832K->31408K(1007104K)] 1061312K->99896K(1120256K), 0.0316345 secs] [Times: user=0.06 sys=0.01, real=0.03 secs] 
2024-07-05T13:07:31.398+0800: 291.128: [GC (Allocation Failure) [PSYoungGen: 1000112K->21584K(1008640K)] 1068600K->90080K(1121792K), 0.0309705 secs] [Times: user=0.06 sys=0.00, real=0.03 secs] 
2024-07-05T13:07:32.869+0800: 292.599: [GC (Allocation Failure) [PSYoungGen: 990800K->28080K(1008128K)] 1059296K->96584K(1121280K), 0.0288766 secs] [Times: user=0.05 sys=0.00, real=0.03 secs] 
2024-07-05T13:07:34.281+0800: 294.010: [GC (Allocation Failure) [PSYoungGen: 997296K->18320K(1008128K)] 1065800K->86832K(1121280K), 0.0196784 secs] [Times: user=0.04 sys=0.00, real=0.02 secs] 
2024-07-05T13:07:35.661+0800: 295.391: [GC (Allocation Failure) [PSYoungGen: 988560K->25232K(1008640K)] 1057072K->93752K(1121792K), 0.0282254 secs] [Times: user=0.06 sys=0.00, real=0.03 secs] 
2024-07-05T13:07:37.184+0800: 296.914: [GC (Allocation Failure) [PSYoungGen: 995472K->20736K(1008128K)] 1063992K->89264K(1121280K), 0.0225161 secs] [Times: user=0.04 sys=0.00, real=0.02 secs] 
2024-07-05T13:07:39.277+0800: 299.006: [GC (Allocation Failure) [PSYoungGen: 993024K->36842K(1009152K)] 1061552K->107631K(1122304K), 0.0658121 secs] [Times: user=0.12 sys=0.00, real=0.07 secs] 
2024-07-05T13:07:41.659+0800: 301.389: [GC (Allocation Failure) [PSYoungGen: 1009130K->30103K(1004032K)] 1079919K->100901K(1117184K), 0.0279089 secs] [Times: user=0.06 sys=0.00, real=0.03 secs] 
2024-07-05T13:07:43.516+0800: 303.246: [GC (Allocation Failure) [PSYoungGen: 994711K->29801K(1006592K)] 1065509K->100599K(1119744K), 0.0402078 secs] [Times: user=0.05 sys=0.00, real=0.04 secs] 
2024-07-05T13:07:45.001+0800: 304.731: [GC (Allocation Failure) [PSYoungGen: 994409K->33679K(1004544K)] 1065207K->104485K(1117696K), 0.0271677 secs] [Times: user=0.05 sys=0.00, real=0.02 secs] 
2024-07-05T13:07:46.540+0800: 306.270: [GC (Allocation Failure) [PSYoungGen: 996239K->30898K(1005568K)] 1067045K->101712K(1118720K), 0.0232944 secs] [Times: user=0.05 sys=0.00, real=0.03 secs] 
2024-07-05T13:07:48.096+0800: 307.826: [GC (Allocation Failure) [PSYoungGen: 993458K->32089K(1004544K)] 1064272K->102911K(1117696K), 0.0269087 secs] [Times: user=0.05 sys=0.00, real=0.03 secs] 
2024-07-05T13:07:49.825+0800: 309.555: [GC (Allocation Failure) [PSYoungGen: 993625K->35187K(996864K)] 1064447K->106016K(1110016K), 0.0526247 secs] [Times: user=0.10 sys=0.00, real=0.05 secs] 
2024-07-05T13:07:51.679+0800: 311.409: [GC (Allocation Failure) [PSYoungGen: 996723K->31060K(1004544K)] 1067552K->101898K(1117696K), 0.0216283 secs] [Times: user=0.05 sys=0.00, real=0.02 secs] 
2024-07-05T13:07:53.198+0800: 312.928: [GC (Allocation Failure) [PSYoungGen: 990548K->32984K(1003520K)] 1061386K->103830K(1116672K), 0.0281735 secs] [Times: user=0.04 sys=0.00, real=0.03 secs] 
2024-07-05T13:07:54.632+0800: 314.362: [GC (Allocation Failure) [PSYoungGen: 992472K->39744K(998912K)] 1063318K->110597K(1112064K), 0.0328760 secs] [Times: user=0.06 sys=0.00, real=0.04 secs] 
2024-07-05T13:07:56.149+0800: 315.879: [GC (Allocation Failure) [PSYoungGen: 994112K->31735K(1001472K)] 1064965K->102597K(1114624K), 0.0251273 secs] [Times: user=0.05 sys=0.00, real=0.03 secs] 
2024-07-05T13:07:57.751+0800: 317.481: [GC (Allocation Failure) [PSYoungGen: 986103K->33355K(999424K)] 1056965K->104225K(1112576K), 0.0288015 secs] [Times: user=0.06 sys=0.00, real=0.03 secs] 
2024-07-05T13:07:59.313+0800: 319.043: [GC (Allocation Failure) [PSYoungGen: 988747K->37594K(1000960K)] 1059617K->108472K(1114112K), 0.0319774 secs] [Times: user=0.06 sys=0.00, real=0.04 secs] 
2024-07-05T13:08:00.757+0800: 320.487: [GC (Allocation Failure) [PSYoungGen: 992986K->41523K(996864K)] 1063864K->112409K(1110016K), 0.0490066 secs] [Times: user=0.07 sys=0.00, real=0.05 secs] 
2024-07-05T13:08:02.341+0800: 322.071: [GC (Allocation Failure) [PSYoungGen: 991795K->35989K(999424K)] 1062681K->106882K(1112576K), 0.0307359 secs] [Times: user=0.05 sys=0.00, real=0.02 secs] 
2024-07-05T13:08:03.881+0800: 323.611: [GC (Allocation Failure) [PSYoungGen: 986261K->13680K(996864K)] 1057154K->107069K(1110016K), 0.0356068 secs] [Times: user=0.06 sys=0.00, real=0.03 secs] 
2024-07-05T13:08:05.500+0800: 325.230: [GC (Allocation Failure) [PSYoungGen: 961904K->7970K(956416K)] 1055293K->101367K(1069568K), 0.0097147 secs] [Times: user=0.02 sys=0.00, real=0.01 secs] 
2024-07-05T13:08:06.957+0800: 326.687: [GC (Allocation Failure) [PSYoungGen: 956194K->8792K(994304K)] 1049591K->102197K(1107456K), 0.0090837 secs] [Times: user=0.02 sys=0.00, real=0.01 secs] 
2024-07-05T13:08:08.381+0800: 328.111: [GC (Allocation Failure) [PSYoungGen: 950872K->7872K(950272K)] 1044277K->101285K(1063424K), 0.0083192 secs] [Times: user=0.00 sys=0.01, real=0.00 secs] 
2024-07-05T13:08:09.846+0800: 329.576: [GC (Allocation Failure) [PSYoungGen: 949952K->12384K(995840K)] 1043365K->105805K(1108992K), 0.0182317 secs] [Times: user=0.03 sys=0.00, real=0.02 secs] 
2024-07-05T13:08:11.305+0800: 331.035: [GC (Allocation Failure) [PSYoungGen: 954464K->19728K(962048K)] 1047885K->113157K(1075200K), 0.0200052 secs] [Times: user=0.04 sys=0.00, real=0.02 secs] 
2024-07-05T13:08:12.784+0800: 332.514: [GC (Allocation Failure) [PSYoungGen: 961808K->13376K(993792K)] 1055237K->106813K(1106944K), 0.0165007 secs] [Times: user=0.02 sys=0.00, real=0.01 secs] 
2024-07-05T13:08:14.167+0800: 333.896: [GC (Allocation Failure) [PSYoungGen: 956480K->19408K(992768K)] 1049917K->112853K(1105920K), 0.0181211 secs] [Times: user=0.03 sys=0.00, real=0.02 secs] 
2024-07-05T13:08:15.579+0800: 335.308: [GC (Allocation Failure) [PSYoungGen: 962512K->14128K(996352K)] 1055957K->107581K(1109504K), 0.0145377 secs] [Times: user=0.03 sys=0.00, real=0.02 secs] 
2024-07-05T13:08:17.001+0800: 336.731: [GC (Allocation Failure) [PSYoungGen: 963376K->7791K(995328K)] 1056829K->101252K(1108480K), 0.0076881 secs] [Times: user=0.01 sys=0.00, real=0.00 secs] 
2024-07-05T13:08:18.394+0800: 338.124: [GC (Allocation Failure) [PSYoungGen: 957039K->10688K(1000448K)] 1050500K->104157K(1113600K), 0.0120454 secs] [Times: user=0.02 sys=0.00, real=0.01 secs] 
2024-07-05T13:08:19.800+0800: 339.530: [GC (Allocation Failure) [PSYoungGen: 967104K->9408K(1000960K)] 1060573K->102885K(1114112K), 0.0089179 secs] [Times: user=0.01 sys=0.00, real=0.01 secs] 
2024-07-05T13:08:21.220+0800: 340.950: [GC (Allocation Failure) [PSYoungGen: 965824K->12608K(999936K)] 1059301K->106093K(1113088K), 0.0124810 secs] [Times: user=0.02 sys=0.00, real=0.01 secs] 
2024-07-05T13:08:22.668+0800: 342.398: [GC (Allocation Failure) [PSYoungGen: 972608K->12529K(1001984K)] 1066093K->106023K(1115136K), 0.0113306 secs] [Times: user=0.03 sys=0.00, real=0.01 secs] 
2024-07-05T13:08:24.148+0800: 343.878: [GC (Allocation Failure) [PSYoungGen: 972529K->7664K(1005056K)] 1066023K->101165K(1118208K), 0.0081063 secs] [Times: user=0.01 sys=0.00, real=0.01 secs] 
2024-07-05T13:08:25.537+0800: 345.267: [GC (Allocation Failure) [PSYoungGen: 973808K->13823K(1006080K)] 1067309K->107332K(1119232K), 0.0127524 secs] [Times: user=0.02 sys=0.00, real=0.01 secs] 
2024-07-05T13:08:26.972+0800: 346.702: [GC (Allocation Failure) [PSYoungGen: 979967K->12528K(1005568K)] 1073476K->106045K(1118720K), 0.0141148 secs] [Times: user=0.02 sys=0.00, real=0.02 secs] 
2024-07-05T13:08:28.492+0800: 348.222: [GC (Allocation Failure) [PSYoungGen: 983280K->9232K(1006592K)] 1076797K->102757K(1119744K), 0.0111599 secs] [Times: user=0.02 sys=0.00, real=0.02 secs] 
2024-07-05T13:08:29.971+0800: 349.701: [GC (Allocation Failure) [PSYoungGen: 979984K->6560K(1010176K)] 1073509K->100093K(1123328K), 0.0076743 secs] [Times: user=0.01 sys=0.00, real=0.01 secs] 
2024-07-05T13:08:31.495+0800: 351.225: [GC (Allocation Failure) [PSYoungGen: 983968K->13202K(1011712K)] 1077501K->106743K(1124864K), 0.0120534 secs] [Times: user=0.02 sys=0.00, real=0.01 secs] 
2024-07-05T13:08:33.003+0800: 352.733: [GC (Allocation Failure) [PSYoungGen: 990610K->14352K(1010176K)] 1084151K->107901K(1123328K), 0.0145482 secs] [Times: user=0.03 sys=0.00, real=0.01 secs] 
2024-07-05T13:08:34.517+0800: 354.247: [GC (Allocation Failure) [PSYoungGen: 995856K->15424K(1012224K)] 1089405K->108981K(1125376K), 0.0157344 secs] [Times: user=0.02 sys=0.00, real=0.01 secs] 
2024-07-05T13:08:35.985+0800: 355.715: [GC (Allocation Failure) [PSYoungGen: 996928K->12911K(1014784K)] 1090485K->106476K(1127936K), 0.0118925 secs] [Times: user=0.02 sys=0.00, real=0.01 secs] 
2024-07-05T13:08:37.536+0800: 357.266: [GC (Allocation Failure) [PSYoungGen: 1001071K->11552K(1016832K)] 1094636K->105125K(1129984K), 0.0115849 secs] [Times: user=0.02 sys=0.00, real=0.01 secs] 
2024-07-05T13:08:39.067+0800: 358.797: [GC (Allocation Failure) [PSYoungGen: 999712K->13408K(1015808K)] 1093285K->106989K(1128960K), 0.0134243 secs] [Times: user=0.03 sys=0.00, real=0.01 secs] 
2024-07-05T13:08:40.532+0800: 360.262: [GC (Allocation Failure) [PSYoungGen: 1005664K->18096K(1018368K)] 1099245K->111685K(1131520K), 0.0162887 secs] [Times: user=0.03 sys=0.00, real=0.02 secs] 
2024-07-05T13:08:42.069+0800: 361.799: [GC (Allocation Failure) [PSYoungGen: 1010352K->15232K(1020928K)] 1103941K->108829K(1134080K), 0.0153017 secs] [Times: user=0.03 sys=0.00, real=0.02 secs] 
2024-07-05T13:08:43.625+0800: 363.354: [GC (Allocation Failure) [PSYoungGen: 1011072K->12762K(1021440K)] 1104669K->106367K(1134592K), 0.0129864 secs] [Times: user=0.03 sys=0.00, real=0.01 secs] 
2024-07-05T13:08:45.107+0800: 364.837: [GC (Allocation Failure) [PSYoungGen: 1008602K->15184K(1020928K)] 1102207K->108797K(1134080K), 0.0177213 secs] [Times: user=0.03 sys=0.00, real=0.02 secs] 
2024-07-05T13:08:46.614+0800: 366.344: [GC (Allocation Failure) [PSYoungGen: 1013072K->6416K(1021952K)] 1106685K->100037K(1135104K), 0.0119923 secs] [Times: user=0.02 sys=0.00, real=0.01 secs] 
2024-07-05T13:08:48.099+0800: 367.829: [GC (Allocation Failure) [PSYoungGen: 1004304K->10544K(1024000K)] 1097925K->104173K(1137152K), 0.0100647 secs] [Times: user=0.02 sys=0.00, real=0.01 secs] 
2024-07-05T13:08:49.615+0800: 369.344: [GC (Allocation Failure) [PSYoungGen: 1010480K->4526K(1024000K)] 1104109K->98164K(1137152K), 0.0059711 secs] [Times: user=0.01 sys=0.00, real=0.00 secs] 
2024-07-05T13:08:51.120+0800: 370.850: [GC (Allocation Failure) [PSYoungGen: 1004462K->9152K(1022976K)] 1098100K->102797K(1136128K), 0.0198011 secs] [Times: user=0.02 sys=0.00, real=0.02 secs] 
2024-07-05T13:08:52.659+0800: 372.389: [GC (Allocation Failure) [PSYoungGen: 1009088K->14976K(1023488K)] 1102733K->108629K(1136640K), 0.0143290 secs] [Times: user=0.03 sys=0.00, real=0.02 secs] 
2024-07-05T13:08:54.164+0800: 373.894: [GC (Allocation Failure) [PSYoungGen: 1014912K->17008K(1022976K)] 1108565K->110669K(1136128K), 0.0244357 secs] [Times: user=0.04 sys=0.00, real=0.02 secs] 
2024-07-05T13:08:55.955+0800: 375.685: [GC (Allocation Failure) [PSYoungGen: 1016432K->12986K(1012736K)] 1110093K->106655K(1125888K), 0.0133684 secs] [Times: user=0.02 sys=0.00, real=0.01 secs] 
2024-07-05T13:08:57.892+0800: 377.622: [GC (Allocation Failure) [PSYoungGen: 1012410K->7156K(1023488K)] 1106079K->100833K(1136640K), 0.0077513 secs] [Times: user=0.01 sys=0.00, real=0.01 secs] 
2024-07-05T13:08:59.826+0800: 379.556: [GC (Allocation Failure) [PSYoungGen: 1007604K->8454K(1023488K)] 1101281K->102139K(1136640K), 0.0169482 secs] [Times: user=0.02 sys=0.00, real=0.02 secs] 
2024-07-05T13:09:01.788+0800: 381.517: [GC (Allocation Failure) [PSYoungGen: 1008902K->14208K(1025024K)] 1102587K->107901K(1138176K), 0.0163195 secs] [Times: user=0.03 sys=0.00, real=0.02 secs] 
2024-07-05T13:09:03.641+0800: 383.371: [GC (Allocation Failure) [PSYoungGen: 1016704K->14672K(1025024K)] 1110397K->108373K(1138176K), 0.0173367 secs] [Times: user=0.03 sys=0.00, real=0.01 secs] 
2024-07-05T13:09:05.454+0800: 385.184: [GC (Allocation Failure) [PSYoungGen: 1017168K->13184K(1025024K)] 1110869K->106893K(1138176K), 0.0149614 secs] [Times: user=0.03 sys=0.00, real=0.01 secs] 
2024-07-05T13:09:07.266+0800: 386.996: [GC (Allocation Failure) [PSYoungGen: 1016704K->15856K(1025536K)] 1110413K->109573K(1138688K), 0.0174562 secs] [Times: user=0.04 sys=0.00, real=0.02 secs] 
2024-07-05T13:09:09.081+0800: 388.810: [GC (Allocation Failure) [PSYoungGen: 1019376K->7008K(1026560K)] 1113093K->100733K(1139712K), 0.0082651 secs] [Times: user=0.02 sys=0.00, real=0.01 secs] 
2024-07-05T13:09:10.883+0800: 390.613: [GC (Allocation Failure) [PSYoungGen: 1011552K->10903K(1015808K)] 1105277K->104636K(1128960K), 0.0135141 secs] [Times: user=0.03 sys=0.00, real=0.01 secs] 
2024-07-05T13:09:12.697+0800: 392.427: [GC (Allocation Failure) [PSYoungGen: 1015447K->14096K(1026048K)] 1109180K->107837K(1139200K), 0.0154490 secs] [Times: user=0.03 sys=0.00, real=0.01 secs] 
2024-07-05T13:09:14.583+0800: 394.313: [GC (Allocation Failure) [PSYoungGen: 1018640K->9328K(1026048K)] 1112381K->103077K(1139200K), 0.0137093 secs] [Times: user=0.02 sys=0.00, real=0.01 secs] 
2024-07-05T13:09:16.470+0800: 396.200: [GC (Allocation Failure) [PSYoungGen: 1013872K->12512K(1026560K)] 1107621K->106269K(1139712K), 0.0158336 secs] [Times: user=0.03 sys=0.00, real=0.02 secs] 
2024-07-05T13:09:18.423+0800: 398.153: [GC (Allocation Failure) [PSYoungGen: 1018592K->14416K(1026560K)] 1112349K->108181K(1139712K), 0.0203499 secs] [Times: user=0.03 sys=0.00, real=0.02 secs] 
2024-07-05T13:09:20.271+0800: 400.001: [GC (Allocation Failure) [PSYoungGen: 1020496K->15792K(1027072K)] 1114261K->109565K(1140224K), 0.0170743 secs] [Times: user=0.03 sys=0.00, real=0.02 secs] 
2024-07-05T13:09:22.165+0800: 401.895: [GC (Allocation Failure) [PSYoungGen: 1022384K->16576K(1023488K)] 1116157K->110357K(1136640K), 0.0184376 secs] [Times: user=0.04 sys=0.00, real=0.02 secs] 
2024-07-05T13:09:24.173+0800: 403.903: [GC (Allocation Failure) [PSYoungGen: 1023168K->9813K(1027072K)] 1116949K->103602K(1140224K), 0.0136730 secs] [Times: user=0.02 sys=0.00, real=0.01 secs] 
2024-07-05T13:09:26.031+0800: 405.761: [GC (Allocation Failure) [PSYoungGen: 1015381K->16448K(1022464K)] 1109170K->110245K(1135616K), 0.0187159 secs] [Times: user=0.03 sys=0.00, real=0.02 secs] 
2024-07-05T13:09:27.861+0800: 407.591: [GC (Allocation Failure) [PSYoungGen: 1022016K->15440K(1026560K)] 1115813K->109245K(1139712K), 0.0158853 secs] [Times: user=0.03 sys=0.00, real=0.01 secs] 
2024-07-05T13:09:29.695+0800: 409.425: [GC (Allocation Failure) [PSYoungGen: 1019984K->8429K(1026560K)] 1113789K->102242K(1139712K), 0.0275832 secs] [Times: user=0.02 sys=0.00, real=0.03 secs] 
2024-07-05T13:09:31.560+0800: 411.290: [GC (Allocation Failure) [PSYoungGen: 1012973K->12544K(1024512K)] 1106786K->106365K(1137664K), 0.0147620 secs] [Times: user=0.02 sys=0.00, real=0.02 secs] 
2024-07-05T13:09:33.423+0800: 413.153: [GC (Allocation Failure) [PSYoungGen: 1017088K->17472K(1025536K)] 1110909K->111301K(1138688K), 0.0198332 secs] [Times: user=0.04 sys=0.00, real=0.02 secs] 
2024-07-05T13:09:35.353+0800: 415.083: [GC (Allocation Failure) [PSYoungGen: 1022016K->19424K(1023488K)] 1115845K->113261K(1136640K), 0.0329834 secs] [Times: user=0.05 sys=0.00, real=0.04 secs] 
2024-07-05T13:09:37.303+0800: 417.032: [GC (Allocation Failure) [PSYoungGen: 1020896K->13194K(1025024K)] 1114733K->107039K(1138176K), 0.0142966 secs] [Times: user=0.02 sys=0.00, real=0.01 secs] 
2024-07-05T13:09:39.178+0800: 418.908: [GC (Allocation Failure) [PSYoungGen: 1014666K->9008K(1024512K)] 1108511K->102861K(1137664K), 0.0105610 secs] [Times: user=0.01 sys=0.00, real=0.01 secs] 
2024-07-05T13:09:41.001+0800: 420.731: [GC (Allocation Failure) [PSYoungGen: 1011504K->10991K(1025024K)] 1105357K->104852K(1138176K), 0.0125524 secs] [Times: user=0.02 sys=0.00, real=0.01 secs] 
2024-07-05T13:09:42.906+0800: 422.636: [GC (Allocation Failure) [PSYoungGen: 1013487K->9396K(1026048K)] 1107348K->103265K(1139200K), 0.0086727 secs] [Times: user=0.01 sys=0.00, real=0.01 secs] 
2024-07-05T13:09:44.704+0800: 424.434: [GC (Allocation Failure) [PSYoungGen: 1013428K->14688K(1026048K)] 1107297K->108565K(1139200K), 0.0175775 secs] [Times: user=0.03 sys=0.00, real=0.02 secs] 
2024-07-05T13:09:46.555+0800: 426.285: [GC (Allocation Failure) [PSYoungGen: 1018720K->8960K(1026048K)] 1112597K->102845K(1139200K), 0.0120958 secs] [Times: user=0.02 sys=0.00, real=0.01 secs] 
2024-07-05T13:09:48.391+0800: 428.121: [GC (Allocation Failure) [PSYoungGen: 1013504K->12832K(1026048K)] 1107389K->106725K(1139200K), 0.0175622 secs] [Times: user=0.03 sys=0.00, real=0.02 secs] 
2024-07-05T13:09:50.133+0800: 429.863: [GC (Allocation Failure) [PSYoungGen: 1017376K->18768K(1024512K)] 1111269K->112669K(1137664K), 0.0287381 secs] [Times: user=0.04 sys=0.00, real=0.04 secs] 
2024-07-05T13:09:51.981+0800: 431.711: [GC (Allocation Failure) [PSYoungGen: 1022800K->10879K(1026048K)] 1116701K->104788K(1139200K), 0.0127369 secs] [Times: user=0.03 sys=0.00, real=0.01 secs] 
2024-07-05T13:09:53.620+0800: 433.350: [GC (Allocation Failure) [PSYoungGen: 1014911K->13104K(1025024K)] 1108820K->107021K(1138176K), 0.0133207 secs] [Times: user=0.03 sys=0.00, real=0.02 secs] 
2024-07-05T13:09:55.156+0800: 434.886: [GC (Allocation Failure) [PSYoungGen: 1018160K->12144K(1026048K)] 1112077K->106069K(1139200K), 0.0117318 secs] [Times: user=0.03 sys=0.00, real=0.01 secs] 
2024-07-05T13:09:56.687+0800: 436.417: [GC (Allocation Failure) [PSYoungGen: 1017200K->7968K(1027072K)] 1111125K->101901K(1140224K), 0.0091239 secs] [Times: user=0.01 sys=0.00, real=0.01 secs] 
2024-07-05T13:09:58.167+0800: 437.897: [GC (Allocation Failure) [PSYoungGen: 1015072K->10880K(1027584K)] 1109005K->104821K(1140736K), 0.0277868 secs] [Times: user=0.02 sys=0.00, real=0.03 secs] 
2024-07-05T13:09:59.678+0800: 439.408: [GC (Allocation Failure) [PSYoungGen: 1017984K->15152K(1027584K)] 1111925K->109101K(1140736K), 0.0146219 secs] [Times: user=0.03 sys=0.00, real=0.01 secs] 
2024-07-05T13:10:01.193+0800: 440.923: [GC (Allocation Failure) [PSYoungGen: 1022768K->16608K(1024512K)] 1116717K->110565K(1137664K), 0.0348768 secs] [Times: user=0.03 sys=0.00, real=0.03 secs] 
2024-07-05T13:10:02.813+0800: 442.543: [GC (Allocation Failure) [PSYoungGen: 1024224K->8368K(1027584K)] 1118181K->102333K(1140736K), 0.0082143 secs] [Times: user=0.02 sys=0.00, real=0.01 secs] 
2024-07-05T13:10:04.317+0800: 444.047: [GC (Allocation Failure) [PSYoungGen: 1014960K->10112K(1016832K)] 1108925K->104085K(1129984K), 0.0110521 secs] [Times: user=0.02 sys=0.00, real=0.01 secs] 
2024-07-05T13:10:05.832+0800: 445.562: [GC (Allocation Failure) [PSYoungGen: 1016704K->14528K(1027072K)] 1110677K->108509K(1140224K), 0.0145289 secs] [Times: user=0.03 sys=0.00, real=0.02 secs] 
2024-07-05T13:10:07.388+0800: 447.118: [GC (Allocation Failure) [PSYoungGen: 1021120K->4919K(1027072K)] 1115101K->98909K(1140224K), 0.0062698 secs] [Times: user=0.01 sys=0.00, real=0.01 secs] 
2024-07-05T13:10:08.864+0800: 448.594: [GC (Allocation Failure) [PSYoungGen: 1011511K->7104K(1027584K)] 1105501K->101101K(1140736K), 0.0073059 secs] [Times: user=0.02 sys=0.00, real=0.00 secs] 
2024-07-05T13:10:10.364+0800: 450.093: [GC (Allocation Failure) [PSYoungGen: 1013696K->9760K(1016832K)] 1107693K->103765K(1129984K), 0.0102854 secs] [Times: user=0.01 sys=0.00, real=0.01 secs] 
2024-07-05T13:10:11.857+0800: 451.587: [GC (Allocation Failure) [PSYoungGen: 1016352K->13808K(1027072K)] 1110357K->107821K(1140224K), 0.0133202 secs] [Times: user=0.03 sys=0.00, real=0.01 secs] 
2024-07-05T13:10:13.373+0800: 453.103: [GC (Allocation Failure) [PSYoungGen: 1020400K->3733K(1027072K)] 1114413K->97754K(1140224K), 0.0052447 secs] [Times: user=0.00 sys=0.00, real=0.00 secs] 
2024-07-05T13:10:14.861+0800: 454.591: [GC (Allocation Failure) [PSYoungGen: 1010325K->9072K(1026560K)] 1104346K->103101K(1139712K), 0.0117848 secs] [Times: user=0.01 sys=0.00, real=0.00 secs] 
2024-07-05T13:10:16.385+0800: 456.115: [GC (Allocation Failure) [PSYoungGen: 1016176K->11552K(1027072K)] 1110205K->105589K(1140224K), 0.0160237 secs] [Times: user=0.03 sys=0.00, real=0.02 secs] 
2024-07-05T13:10:17.930+0800: 457.660: [GC (Allocation Failure) [PSYoungGen: 1018656K->14512K(1028096K)] 1112693K->108557K(1141248K), 0.0148909 secs] [Times: user=0.03 sys=0.00, real=0.02 secs] 
2024-07-05T13:10:19.459+0800: 459.188: [GC (Allocation Failure) [PSYoungGen: 1023152K->14896K(1024000K)] 1117197K->108949K(1137152K), 0.0168054 secs] [Times: user=0.03 sys=0.00, real=0.02 secs] 
2024-07-05T13:10:20.969+0800: 460.699: [GC (Allocation Failure) [PSYoungGen: 1023536K->16272K(1026048K)] 1117589K->110333K(1139200K), 0.0165020 secs] [Times: user=0.03 sys=0.00, real=0.02 secs] 
2024-07-05T13:10:22.515+0800: 462.244: [GC (Allocation Failure) [PSYoungGen: 1021840K->12352K(1027072K)] 1115901K->106421K(1140224K), 0.0161779 secs] [Times: user=0.02 sys=0.00, real=0.01 secs] 
2024-07-05T13:10:24.114+0800: 463.843: [GC (Allocation Failure) [PSYoungGen: 1017920K->10601K(1024512K)] 1111989K->104678K(1137664K), 0.0109719 secs] [Times: user=0.02 sys=0.00, real=0.01 secs] 
2024-07-05T13:10:25.641+0800: 465.371: [GC (Allocation Failure) [PSYoungGen: 1016681K->8288K(1026048K)] 1110758K->102373K(1139200K), 0.0082187 secs] [Times: user=0.02 sys=0.00, real=0.00 secs] 
2024-07-05T13:10:27.090+0800: 466.820: [GC (Allocation Failure) [PSYoungGen: 1014368K->14650K(1027584K)] 1108453K->108743K(1140736K), 0.0165906 secs] [Times: user=0.03 sys=0.00, real=0.02 secs] 
2024-07-05T13:10:28.622+0800: 468.352: [GC (Allocation Failure) [PSYoungGen: 1022266K->13776K(1028096K)] 1116359K->107877K(1141248K), 0.0135356 secs] [Times: user=0.03 sys=0.00, real=0.01 secs] 
2024-07-05T13:10:30.103+0800: 469.833: [GC (Allocation Failure) [PSYoungGen: 1021392K->17104K(1026048K)] 1115493K->111213K(1139200K), 0.0173685 secs] [Times: user=0.03 sys=0.00, real=0.01 secs] 
2024-07-05T13:10:31.597+0800: 471.327: [GC (Allocation Failure) [PSYoungGen: 1022672K->11984K(1027072K)] 1116781K->106101K(1140224K), 0.0114490 secs] [Times: user=0.02 sys=0.00, real=0.01 secs] 
2024-07-05T13:10:33.119+0800: 472.849: [GC (Allocation Failure) [PSYoungGen: 1017552K->9200K(1027072K)] 1111669K->103325K(1140224K), 0.0104245 secs] [Times: user=0.01 sys=0.00, real=0.01 secs] 
2024-07-05T13:10:34.602+0800: 474.332: [GC (Allocation Failure) [PSYoungGen: 1015792K->13232K(1027072K)] 1109917K->107365K(1140224K), 0.0129755 secs] [Times: user=0.02 sys=0.00, real=0.01 secs] 
2024-07-05T13:10:36.073+0800: 475.803: [GC (Allocation Failure) [PSYoungGen: 1019824K->17408K(1026560K)] 1113957K->111549K(1139712K), 0.0368747 secs] [Times: user=0.03 sys=0.00, real=0.03 secs] 
2024-07-05T13:10:37.710+0800: 477.440: [GC (Allocation Failure) [PSYoungGen: 1024000K->13504K(1027584K)] 1118141K->107653K(1140736K), 0.0126915 secs] [Times: user=0.03 sys=0.00, real=0.02 secs] 
2024-07-05T13:10:39.328+0800: 479.058: [GC (Allocation Failure) [PSYoungGen: 1020096K->12160K(1026048K)] 1114245K->106317K(1139200K), 0.0129371 secs] [Times: user=0.02 sys=0.00, real=0.01 secs] 
2024-07-05T13:10:40.899+0800: 480.629: [GC (Allocation Failure) [PSYoungGen: 1019264K->16352K(1027072K)] 1113421K->110517K(1140224K), 0.0170312 secs] [Times: user=0.03 sys=0.00, real=0.02 secs] 
2024-07-05T13:10:42.623+0800: 482.353: [GC (Allocation Failure) [PSYoungGen: 1023456K->5280K(1027072K)] 1117621K->99453K(1140224K), 0.0066862 secs] [Times: user=0.02 sys=0.00, real=0.00 secs] 
2024-07-05T13:10:44.130+0800: 483.859: [GC (Allocation Failure) [PSYoungGen: 1011872K->7904K(1027584K)] 1106045K->102085K(1140736K), 0.0087362 secs] [Times: user=0.01 sys=0.00, real=0.01 secs] 
2024-07-05T13:10:45.699+0800: 485.428: [GC (Allocation Failure) [PSYoungGen: 1014496K->11536K(1026560K)] 1108677K->105725K(1139712K), 0.0119692 secs] [Times: user=0.02 sys=0.00, real=0.01 secs] 
2024-07-05T13:10:47.261+0800: 486.991: [GC (Allocation Failure) [PSYoungGen: 1018128K->16128K(1027072K)] 1112317K->110325K(1140224K), 0.0162810 secs] [Times: user=0.03 sys=0.00, real=0.01 secs] 
2024-07-05T13:10:48.788+0800: 488.518: [GC (Allocation Failure) [PSYoungGen: 1022720K->16592K(1025536K)] 1116917K->110797K(1138688K), 0.0161304 secs] [Times: user=0.03 sys=0.00, real=0.02 secs] 
2024-07-05T13:10:50.312+0800: 490.041: [GC (Allocation Failure) [PSYoungGen: 1021136K->9813K(1026560K)] 1115341K->104026K(1139712K), 0.0103077 secs] [Times: user=0.02 sys=0.00, real=0.02 secs] 
2024-07-05T13:10:51.855+0800: 491.584: [GC (Allocation Failure) [PSYoungGen: 1014357K->16704K(1026048K)] 1108570K->110925K(1139200K), 0.0229985 secs] [Times: user=0.04 sys=0.00, real=0.02 secs] 
2024-07-05T13:10:53.449+0800: 493.179: [GC (Allocation Failure) [PSYoungGen: 1021248K->13375K(1026560K)] 1115469K->107604K(1139712K), 0.0131365 secs] [Times: user=0.02 sys=0.00, real=0.02 secs] 
2024-07-05T13:10:55.027+0800: 494.756: [GC (Allocation Failure) [PSYoungGen: 1017919K->7589K(1026560K)] 1112148K->101826K(1139712K), 0.0078379 secs] [Times: user=0.01 sys=0.00, real=0.01 secs] 
2024-07-05T13:10:56.501+0800: 496.231: [GC (Allocation Failure) [PSYoungGen: 1012645K->14976K(1026560K)] 1106882K->109221K(1139712K), 0.0177176 secs] [Times: user=0.03 sys=0.00, real=0.02 secs] 
2024-07-05T13:10:58.045+0800: 497.775: [GC (Allocation Failure) [PSYoungGen: 1020032K->13696K(1026048K)] 1114277K->107949K(1139200K), 0.0120011 secs] [Times: user=0.02 sys=0.00, real=0.01 secs] 
2024-07-05T13:10:59.573+0800: 499.303: [GC (Allocation Failure) [PSYoungGen: 1019264K->10064K(1026560K)] 1113517K->104325K(1139712K), 0.0126776 secs] [Times: user=0.02 sys=0.00, real=0.01 secs] 
2024-07-05T13:11:01.098+0800: 500.828: [GC (Allocation Failure) [PSYoungGen: 1015632K->13904K(1027584K)] 1109893K->108173K(1140736K), 0.0138152 secs] [Times: user=0.03 sys=0.00, real=0.01 secs] 
2024-07-05T13:11:02.625+0800: 502.355: [GC (Allocation Failure) [PSYoungGen: 1021008K->10064K(1027584K)] 1115277K->104341K(1140736K), 0.0111854 secs] [Times: user=0.02 sys=0.00, real=0.01 secs] 
2024-07-05T13:11:04.111+0800: 503.841: [GC (Allocation Failure) [PSYoungGen: 1017168K->16992K(1026560K)] 1111445K->111277K(1139712K), 0.0161560 secs] [Times: user=0.03 sys=0.00, real=0.02 secs] 
2024-07-05T13:11:05.700+0800: 505.430: [GC (Allocation Failure) [PSYoungGen: 1023584K->9728K(1027584K)] 1117869K->104021K(1140736K), 0.0102449 secs] [Times: user=0.02 sys=0.00, real=0.01 secs] 
2024-07-05T13:11:07.209+0800: 506.939: [GC (Allocation Failure) [PSYoungGen: 1016320K->15392K(1027584K)] 1110613K->109693K(1140736K), 0.0150820 secs] [Times: user=0.03 sys=0.00, real=0.02 secs] 
2024-07-05T13:11:08.785+0800: 508.515: [GC (Allocation Failure) [PSYoungGen: 1021984K->11666K(1018368K)] 1116285K->105975K(1131520K), 0.0107388 secs] [Times: user=0.02 sys=0.00, real=0.01 secs] 
2024-07-05T13:11:10.345+0800: 510.075: [GC (Allocation Failure) [PSYoungGen: 1018258K->10144K(1027584K)] 1112567K->104461K(1140736K), 0.0095274 secs] [Times: user=0.02 sys=0.00, real=0.01 secs] 
2024-07-05T13:11:11.858+0800: 511.587: [GC (Allocation Failure) [PSYoungGen: 1017248K->9552K(1027072K)] 1111565K->103877K(1140224K), 0.0100755 secs] [Times: user=0.02 sys=0.00, real=0.01 secs] 
2024-07-05T13:11:13.369+0800: 513.099: [GC (Allocation Failure) [PSYoungGen: 1016656K->10160K(1028096K)] 1110981K->104493K(1141248K), 0.0095998 secs] [Times: user=0.02 sys=0.00, real=0.01 secs] 
2024-07-05T13:11:14.919+0800: 514.649: [GC (Allocation Failure) [PSYoungGen: 1018800K->8400K(1028096K)] 1113133K->102741K(1141248K), 0.0083766 secs] [Times: user=0.02 sys=0.00, real=0.01 secs] 
2024-07-05T13:11:16.467+0800: 516.197: [GC (Allocation Failure) [PSYoungGen: 1017040K->7488K(1029120K)] 1111381K->101837K(1142272K), 0.0090404 secs] [Times: user=0.01 sys=0.00, real=0.01 secs] 
2024-07-05T13:11:17.969+0800: 517.699: [GC (Allocation Failure) [PSYoungGen: 1017152K->10064K(1019904K)] 1111501K->104421K(1133056K), 0.0110399 secs] [Times: user=0.02 sys=0.00, real=0.01 secs] 
2024-07-05T13:11:19.452+0800: 519.182: [GC (Allocation Failure) [PSYoungGen: 1019728K->12496K(1029120K)] 1114085K->106861K(1142272K), 0.0121921 secs] [Times: user=0.03 sys=0.00, real=0.02 secs] 
2024-07-05T13:11:20.989+0800: 520.719: [GC (Allocation Failure) [PSYoungGen: 1022672K->14544K(1028608K)] 1117037K->108917K(1141760K), 0.0305733 secs] [Times: user=0.03 sys=0.00, real=0.03 secs] 
2024-07-05T13:11:22.513+0800: 522.243: [GC (Allocation Failure) [PSYoungGen: 1024720K->16736K(1027584K)] 1119093K->111117K(1140736K), 0.0210868 secs] [Times: user=0.03 sys=0.00, real=0.03 secs] 
2024-07-05T13:11:24.021+0800: 523.751: [GC (Allocation Failure) [PSYoungGen: 1025376K->13226K(1028608K)] 1119757K->107615K(1141760K), 0.0141283 secs] [Times: user=0.02 sys=0.00, real=0.02 secs] 
2024-07-05T13:11:25.578+0800: 525.308: [GC (Allocation Failure) [PSYoungGen: 1021866K->11040K(1027584K)] 1116255K->105437K(1140736K), 0.0130773 secs] [Times: user=0.02 sys=0.00, real=0.01 secs] 
2024-07-05T13:11:27.122+0800: 526.852: [GC (Allocation Failure) [PSYoungGen: 1019680K->14000K(1028096K)] 1114077K->108405K(1141248K), 0.0156913 secs] [Times: user=0.02 sys=0.00, real=0.01 secs] 
2024-07-05T13:11:28.637+0800: 528.367: [GC (Allocation Failure) [PSYoungGen: 1022640K->17200K(1027072K)] 1117045K->111613K(1140224K), 0.0199226 secs] [Times: user=0.03 sys=0.00, real=0.02 secs] 
2024-07-05T13:11:30.140+0800: 529.870: [GC (Allocation Failure) [PSYoungGen: 1024816K->15264K(1028096K)] 1119229K->109685K(1141248K), 0.0137857 secs] [Times: user=0.03 sys=0.00, real=0.02 secs] 
2024-07-05T13:11:31.728+0800: 531.458: [GC (Allocation Failure) [PSYoungGen: 1022880K->9120K(1028096K)] 1117301K->103549K(1141248K), 0.0116896 secs] [Times: user=0.02 sys=0.00, real=0.01 secs] 
2024-07-05T13:11:33.265+0800: 532.995: [GC (Allocation Failure) [PSYoungGen: 1016736K->12160K(1019904K)] 1111165K->106597K(1133056K), 0.0131878 secs] [Times: user=0.02 sys=0.00, real=0.01 secs] 
2024-07-05T13:11:34.781+0800: 534.511: [GC (Allocation Failure) [PSYoungGen: 1019776K->14496K(1027584K)] 1114213K->108941K(1140736K), 0.0136495 secs] [Times: user=0.03 sys=0.00, real=0.01 secs] 
2024-07-05T13:11:36.256+0800: 535.985: [GC (Allocation Failure) [PSYoungGen: 1022112K->15280K(1027584K)] 1116557K->109733K(1140736K), 0.0144096 secs] [Times: user=0.02 sys=0.00, real=0.01 secs] 
2024-07-05T13:11:37.943+0800: 537.673: [GC (Allocation Failure) [PSYoungGen: 1022896K->11354K(1028608K)] 1117349K->105815K(1141760K), 0.0122209 secs] [Times: user=0.02 sys=0.00, real=0.01 secs] 
2024-07-05T13:11:39.698+0800: 539.428: [GC (Allocation Failure) [PSYoungGen: 1019994K->9440K(1018368K)] 1114455K->103909K(1131520K), 0.0099583 secs] [Times: user=0.02 sys=0.00, real=0.01 secs] 
2024-07-05T13:12:16.643+0800: 576.373: [GC (Allocation Failure) [PSYoungGen: 1018080K->19446K(1009664K)] 1112549K->135105K(1125376K), 0.0146749 secs] [Times: user=0.02 sys=0.01, real=0.01 secs] 
2024-07-05T13:12:16.658+0800: 576.388: [Full GC (Ergonomics) [PSYoungGen: 19446K->0K(1009664K)] [ParOldGen: 115659K->42779K(104448K)] 135105K->42779K(1114112K), [Metaspace: 12364K->12364K(1060864K)], 0.0356187 secs] [Times: user=0.05 sys=0.00, real=0.04 secs] 
2024-07-05T13:12:56.014+0800: 615.744: [GC (Allocation Failure) [PSYoungGen: 990208K->715K(991232K)] 1032987K->43494K(1095680K), 0.0008799 secs] [Times: user=0.00 sys=0.00, real=0.00 secs] 
2024-07-05T13:13:37.709+0800: 657.439: [GC (Allocation Failure) [PSYoungGen: 990923K->849K(1016832K)] 1033702K->43629K(1121280K), 0.0012399 secs] [Times: user=0.00 sys=0.00, real=0.00 secs] 
2024-07-05T13:14:17.821+0800: 697.551: [GC (Allocation Failure) [PSYoungGen: 986961K->715K(1017344K)] 1029741K->43494K(1121792K), 0.0013008 secs] [Times: user=0.00 sys=0.00, real=0.00 secs] 
2024-07-05T13:15:00.360+0800: 740.090: [GC (Allocation Failure) [PSYoungGen: 986827K->509K(1017344K)] 1029606K->43289K(1121792K), 0.0009449 secs] [Times: user=0.00 sys=0.00, real=0.00 secs] 
2024-07-05T13:15:41.331+0800: 781.061: [GC (Allocation Failure) [PSYoungGen: 986621K->4386K(990720K)] 1029401K->47166K(1095168K), 0.0020546 secs] [Times: user=0.00 sys=0.01, real=0.01 secs] 
2024-07-05T13:15:48.101+0800: 787.831: [GC (Allocation Failure) [PSYoungGen: 990375K->5602K(1017856K)] 1033155K->48382K(1122304K), 0.0032143 secs] [Times: user=0.00 sys=0.00, real=0.00 secs] 
2024-07-05T13:15:54.588+0800: 794.318: [GC (Allocation Failure) [PSYoungGen: 993166K->4905K(1016320K)] 1035945K->47693K(1120768K), 0.0020118 secs] [Times: user=0.00 sys=0.00, real=0.00 secs] 
2024-07-05T13:16:01.233+0800: 800.963: [GC (Allocation Failure) [PSYoungGen: 991942K->5602K(1018368K)] 1034729K->48398K(1122816K), 0.0021595 secs] [Times: user=0.01 sys=0.00, real=0.00 secs] 
2024-07-05T13:16:08.356+0800: 808.085: [GC (Allocation Failure) [PSYoungGen: 996477K->5618K(1017344K)] 1039273K->48421K(1121792K), 0.0019591 secs] [Times: user=0.00 sys=0.00, real=0.00 secs] 
2024-07-05T13:16:15.389+0800: 815.119: [GC (Allocation Failure) [PSYoungGen: 996816K->6315K(1020928K)] 1039619K->49118K(1125376K), 0.0036031 secs] [Times: user=0.01 sys=0.00, real=0.00 secs] 
2024-07-05T13:16:24.168+0800: 823.898: [GC (Allocation Failure) [PSYoungGen: 1002911K->4906K(1020416K)] 1045714K->47717K(1124864K), 0.0024394 secs] [Times: user=0.00 sys=0.00, real=0.00 secs] 
2024-07-05T13:16:33.301+0800: 833.031: [GC (Allocation Failure) [PSYoungGen: 1001336K->4890K(1023488K)] 1044148K->47709K(1127936K), 0.0035403 secs] [Times: user=0.00 sys=0.00, real=0.00 secs] 
2024-07-05T13:16:41.684+0800: 841.414: [GC (Allocation Failure) [PSYoungGen: 1006370K->4890K(1023488K)] 1049189K->47709K(1127936K), 0.0021620 secs] [Times: user=0.00 sys=0.00, real=0.00 secs] 
2024-07-05T13:16:48.669+0800: 848.399: [GC (Allocation Failure) [PSYoungGen: 1006240K->4905K(1025536K)] 1049059K->47733K(1129984K), 0.0019406 secs] [Times: user=0.01 sys=0.00, real=0.00 secs] 
2024-07-05T13:16:57.954+0800: 857.684: [GC (Allocation Failure) [PSYoungGen: 1010688K->4906K(1026048K)] 1053515K->47733K(1130496K), 0.0032826 secs] [Times: user=0.00 sys=0.00, real=0.00 secs] 
2024-07-05T13:17:06.909+0800: 866.639: [GC (Allocation Failure) [PSYoungGen: 1010353K->4675K(1027072K)] 1053180K->47717K(1131520K), 0.0032022 secs] [Times: user=0.01 sys=0.00, real=0.00 secs] 
2024-07-05T13:17:13.557+0800: 873.287: [GC (Allocation Failure) [PSYoungGen: 1013680K->4691K(1027584K)] 1056722K->47749K(1132032K), 0.0021321 secs] [Times: user=0.01 sys=0.00, real=0.00 secs] 
2024-07-05T13:17:20.153+0800: 879.883: [GC (Allocation Failure) [PSYoungGen: 1013778K->4659K(1028608K)] 1056836K->47725K(1133056K), 0.0018236 secs] [Times: user=0.00 sys=0.00, real=0.00 secs] 
2024-07-05T13:17:27.340+0800: 887.070: [GC (Allocation Failure) [PSYoungGen: 1017907K->4691K(1029632K)] 1060973K->47765K(1134080K), 0.0020533 secs] [Times: user=0.01 sys=0.00, real=0.01 secs] 
2024-07-05T13:17:34.301+0800: 894.031: [GC (Allocation Failure) [PSYoungGen: 1017346K->3706K(1030656K)] 1060420K->47789K(1135104K), 0.0019653 secs] [Times: user=0.00 sys=0.00, real=0.01 secs] 
2024-07-05T13:17:41.310+0800: 901.040: [GC (Allocation Failure) [PSYoungGen: 1020016K->3690K(1031680K)] 1064098K->47781K(1136128K), 0.0015331 secs] [Times: user=0.00 sys=0.00, real=0.00 secs] 
2024-07-05T13:17:47.865+0800: 907.595: [GC (Allocation Failure) [PSYoungGen: 1019982K->3690K(1030656K)] 1064072K->47797K(1135104K), 0.0022267 secs] [Times: user=0.00 sys=0.00, real=0.00 secs] 
2024-07-05T13:17:54.393+0800: 914.123: [GC (Allocation Failure) [PSYoungGen: 1021968K->2978K(1032192K)] 1066075K->47092K(1136640K), 0.0021836 secs] [Times: user=0.00 sys=0.00, real=0.00 secs] 
2024-07-05T13:18:00.842+0800: 920.572: [GC (Allocation Failure) [PSYoungGen: 1020931K->3690K(1033728K)] 1065046K->47821K(1138176K), 0.0014316 secs] [Times: user=0.00 sys=0.00, real=0.00 secs] 
2024-07-05T13:18:07.609+0800: 927.339: [GC (Allocation Failure) [PSYoungGen: 1024137K->3642K(1034240K)] 1068268K->47781K(1138688K), 0.0021428 secs] [Times: user=0.00 sys=0.00, real=0.00 secs] 
2024-07-05T13:18:14.451+0800: 934.181: [GC (Allocation Failure) [PSYoungGen: 1024570K->2978K(1034752K)] 1068709K->47132K(1139200K), 0.0013458 secs] [Times: user=0.00 sys=0.00, real=0.00 secs] 
2024-07-05T13:18:21.443+0800: 941.173: [GC (Allocation Failure) [PSYoungGen: 1024950K->3690K(1034752K)] 1069105K->47853K(1139200K), 0.0012193 secs] [Times: user=0.00 sys=0.00, real=0.00 secs] 
2024-07-05T13:18:28.480+0800: 948.209: [GC (Allocation Failure) [PSYoungGen: 1025587K->1521K(1035776K)] 1069749K->45691K(1140224K), 0.0011542 secs] [Times: user=0.00 sys=0.00, real=0.00 secs] 
2024-07-05T13:18:35.712+0800: 955.442: [GC (Allocation Failure) [PSYoungGen: 1025903K->3642K(1035776K)] 1070074K->47821K(1140224K), 0.0019130 secs] [Times: user=0.00 sys=0.00, real=0.01 secs] 
2024-07-05T13:18:42.764+0800: 962.494: [GC (Allocation Failure) [PSYoungGen: 1027553K->3642K(1036800K)] 1071732K->47829K(1141248K), 0.0018961 secs] [Times: user=0.00 sys=0.00, real=0.00 secs] 
2024-07-05T13:18:49.659+0800: 969.389: [GC (Allocation Failure) [PSYoungGen: 1030202K->3642K(1036800K)] 1074389K->47837K(1141248K), 0.0019138 secs] [Times: user=0.00 sys=0.00, real=0.01 secs] 
2024-07-05T13:18:56.357+0800: 976.087: [GC (Allocation Failure) [PSYoungGen: 1029589K->3690K(1037824K)] 1073783K->47893K(1142272K), 0.0014196 secs] [Times: user=0.00 sys=0.00, real=0.00 secs] 
2024-07-05T13:19:02.925+0800: 982.655: [GC (Allocation Failure) [PSYoungGen: 1032298K->3690K(1037824K)] 1076501K->47901K(1142272K), 0.0014422 secs] [Times: user=0.00 sys=0.00, real=0.00 secs] 
2024-07-05T13:19:09.685+0800: 989.415: [GC (Allocation Failure) [PSYoungGen: 1031808K->3690K(1038848K)] 1076018K->47909K(1143296K), 0.0014117 secs] [Times: user=0.00 sys=0.00, real=0.00 secs] 
2024-07-05T13:19:16.484+0800: 996.214: [GC (Allocation Failure) [PSYoungGen: 1033485K->3674K(1038848K)] 1077704K->47901K(1143296K), 0.0018400 secs] [Times: user=0.00 sys=0.00, real=0.00 secs] 
2024-07-05T13:19:23.262+0800: 1002.992: [GC (Allocation Failure) [PSYoungGen: 1033148K->1553K(1039360K)] 1077375K->45787K(1143808K), 0.0011631 secs] [Times: user=0.00 sys=0.00, real=0.00 secs] 
2024-07-05T13:19:29.983+0800: 1009.712: [GC (Allocation Failure) [PSYoungGen: 1032549K->3690K(1039360K)] 1076784K->47933K(1143808K), 0.0015496 secs] [Times: user=0.01 sys=0.00, real=0.00 secs] 
2024-07-05T13:19:36.594+0800: 1016.324: [GC (Allocation Failure) [PSYoungGen: 1034333K->3642K(1039872K)] 1078575K->47893K(1144320K), 0.0019927 secs] [Times: user=0.00 sys=0.00, real=0.00 secs] 
2024-07-05T13:19:46.142+0800: 1025.872: [GC (Allocation Failure) [PSYoungGen: 1036346K->240K(1039872K)] 1080597K->44506K(1144320K), 0.0012251 secs] [Times: user=0.00 sys=0.00, real=0.00 secs] 
2024-07-05T13:19:50.609+0800: 1030.338: [GC (Allocation Failure) [PSYoungGen: 1032944K->176K(1040896K)] 1077210K->44458K(1145344K), 0.0011981 secs] [Times: user=0.00 sys=0.00, real=0.00 secs] 
2024-07-05T13:19:54.975+0800: 1034.705: [GC (Allocation Failure) [PSYoungGen: 1033392K->160K(1040896K)] 1077674K->44450K(1145344K), 0.0013673 secs] [Times: user=0.00 sys=0.00, real=0.00 secs] 
2024-07-05T13:19:59.362+0800: 1039.092: [GC (Allocation Failure) [PSYoungGen: 1033376K->192K(1040896K)] 1077666K->44490K(1145344K), 0.0013626 secs] [Times: user=0.00 sys=0.00, real=0.00 secs] 
2024-07-05T13:20:04.086+0800: 1043.816: [GC (Allocation Failure) [PSYoungGen: 1033408K->208K(1040896K)] 1077706K->44514K(1145344K), 0.0013525 secs] [Times: user=0.00 sys=0.00, real=0.00 secs] 
2024-07-05T13:20:09.039+0800: 1048.769: [GC (Allocation Failure) [PSYoungGen: 1033424K->208K(1040896K)] 1077730K->44522K(1145344K), 0.0016433 secs] [Times: user=0.00 sys=0.00, real=0.01 secs] 
2024-07-05T13:20:13.473+0800: 1053.203: [GC (Allocation Failure) [PSYoungGen: 1033424K->208K(1033728K)] 1077738K->44530K(1138176K), 0.0015784 secs] [Times: user=0.00 sys=0.00, real=0.00 secs] 
2024-07-05T13:20:17.840+0800: 1057.570: [GC (Allocation Failure) [PSYoungGen: 1033424K->224K(1040384K)] 1077746K->44554K(1144832K), 0.0010751 secs] [Times: user=0.00 sys=0.00, real=0.01 secs] 
2024-07-05T13:20:22.168+0800: 1061.897: [GC (Allocation Failure) [PSYoungGen: 1033440K->240K(1040384K)] 1077770K->44578K(1144832K), 0.0014744 secs] [Times: user=0.00 sys=0.00, real=0.00 secs] 
2024-07-05T13:20:26.483+0800: 1066.213: [GC (Allocation Failure) [PSYoungGen: 1033456K->224K(1040896K)] 1077794K->44570K(1145344K), 0.0022038 secs] [Times: user=0.00 sys=0.00, real=0.00 secs] 
2024-07-05T13:20:30.926+0800: 1070.655: [GC (Allocation Failure) [PSYoungGen: 1034464K->240K(1040896K)] 1078810K->44594K(1145344K), 0.0014320 secs] [Times: user=0.00 sys=0.00, real=0.00 secs] 
2024-07-05T13:20:35.419+0800: 1075.149: [GC (Allocation Failure) [PSYoungGen: 1034480K->224K(1041408K)] 1078834K->44586K(1145856K), 0.0015966 secs] [Times: user=0.00 sys=0.00, real=0.00 secs] 
2024-07-05T13:20:39.800+0800: 1079.529: [GC (Allocation Failure) [PSYoungGen: 1035488K->224K(1041408K)] 1079850K->44602K(1145856K), 0.0014824 secs] [Times: user=0.00 sys=0.00, real=0.01 secs] 
2024-07-05T13:20:44.137+0800: 1083.867: [GC (Allocation Failure) [PSYoungGen: 1035488K->224K(1041920K)] 1079866K->44610K(1146368K), 0.0013575 secs] [Times: user=0.00 sys=0.00, real=0.00 secs] 
2024-07-05T13:20:48.473+0800: 1088.203: [GC (Allocation Failure) [PSYoungGen: 1036512K->224K(1041920K)] 1080898K->44618K(1146368K), 0.0016842 secs] [Times: user=0.01 sys=0.00, real=0.00 secs] 
2024-07-05T13:20:52.816+0800: 1092.546: [GC (Allocation Failure) [PSYoungGen: 1036512K->208K(1042432K)] 1080906K->44650K(1146880K), 0.0014531 secs] [Times: user=0.00 sys=0.00, real=0.00 secs] 
2024-07-05T13:20:57.177+0800: 1096.907: [GC (Allocation Failure) [PSYoungGen: 1038032K->240K(1042432K)] 1082474K->44690K(1146880K), 0.0013727 secs] [Times: user=0.00 sys=0.00, real=0.00 secs] 
2024-07-05T13:21:01.553+0800: 1101.283: [GC (Allocation Failure) [PSYoungGen: 1038064K->240K(1042944K)] 1082514K->44698K(1147392K), 0.0013717 secs] [Times: user=0.00 sys=0.00, real=0.00 secs] 
2024-07-05T13:21:05.950+0800: 1105.680: [GC (Allocation Failure) [PSYoungGen: 1039600K->208K(1043456K)] 1084058K->44674K(1147904K), 0.0015035 secs] [Times: user=0.00 sys=0.00, real=0.00 secs] 
2024-07-05T13:21:10.282+0800: 1110.012: [GC (Allocation Failure) [PSYoungGen: 1039568K->208K(1044480K)] 1084034K->44682K(1148928K), 0.0013729 secs] [Times: user=0.00 sys=0.00, real=0.00 secs] 
2024-07-05T13:21:14.695+0800: 1114.425: [GC (Allocation Failure) [PSYoungGen: 1040592K->208K(1040896K)] 1085066K->44690K(1145344K), 0.0013348 secs] [Times: user=0.00 sys=0.00, real=0.00 secs] 
2024-07-05T13:21:19.069+0800: 1118.799: [GC (Allocation Failure) [PSYoungGen: 1040592K->208K(1043968K)] 1085074K->44698K(1148416K), 0.0015444 secs] [Times: user=0.00 sys=0.00, real=0.00 secs] 
2024-07-05T13:21:23.457+0800: 1123.186: [GC (Allocation Failure) [PSYoungGen: 1040592K->208K(1043968K)] 1085082K->44706K(1148416K), 0.0011321 secs] [Times: user=0.00 sys=0.00, real=0.00 secs] 
2024-07-05T13:21:27.889+0800: 1127.619: [GC (Allocation Failure) [PSYoungGen: 1040592K->208K(1044480K)] 1085090K->44714K(1148928K), 0.0013592 secs] [Times: user=0.00 sys=0.00, real=0.00 secs] 
2024-07-05T13:21:32.313+0800: 1132.043: [GC (Allocation Failure) [PSYoungGen: 1041616K->208K(1044480K)] 1086122K->44722K(1148928K), 0.0014616 secs] [Times: user=0.00 sys=0.00, real=0.00 secs] 
2024-07-05T13:21:36.757+0800: 1136.487: [GC (Allocation Failure) [PSYoungGen: 1041616K->208K(1044480K)] 1086130K->44730K(1148928K), 0.0014423 secs] [Times: user=0.00 sys=0.00, real=0.00 secs] 
2024-07-05T13:21:41.245+0800: 1140.975: [GC (Allocation Failure) [PSYoungGen: 1042640K->208K(1044992K)] 1087162K->44738K(1149440K), 0.0016350 secs] [Times: user=0.01 sys=0.00, real=0.00 secs] 
2024-07-05T13:21:45.729+0800: 1145.459: [GC (Allocation Failure) [PSYoungGen: 1042640K->208K(1046016K)] 1087170K->44746K(1150464K), 0.0024066 secs] [Times: user=0.01 sys=0.00, real=0.00 secs] 
2024-07-05T13:21:50.636+0800: 1150.366: [GC (Allocation Failure) [PSYoungGen: 1043664K->208K(1043968K)] 1088202K->44762K(1148416K), 0.0013683 secs] [Times: user=0.00 sys=0.00, real=0.00 secs] 
2024-07-05T13:21:56.098+0800: 1155.828: [GC (Allocation Failure) [PSYoungGen: 1043664K->208K(1045504K)] 1088218K->44770K(1149952K), 0.0015758 secs] [Times: user=0.00 sys=0.00, real=0.00 secs] 
2024-07-05T13:22:01.617+0800: 1161.347: [GC (Allocation Failure) [PSYoungGen: 1043664K->176K(1045504K)] 1088226K->44778K(1149952K), 0.0015202 secs] [Times: user=0.00 sys=0.00, real=0.00 secs] 
2024-07-05T13:22:07.088+0800: 1166.818: [GC (Allocation Failure) [PSYoungGen: 1043632K->272K(1046528K)] 1088234K->44882K(1150976K), 0.0014072 secs] [Times: user=0.00 sys=0.00, real=0.00 secs] 
2024-07-05T13:22:12.369+0800: 1172.099: [GC (Allocation Failure) [PSYoungGen: 1044752K->240K(1044992K)] 1089362K->44858K(1149440K), 0.0016026 secs] [Times: user=0.00 sys=0.00, real=0.00 secs] 
2024-07-05T13:22:17.584+0800: 1177.313: [GC (Allocation Failure) [PSYoungGen: 1044720K->240K(1046016K)] 1089338K->44866K(1150464K), 0.0018134 secs] [Times: user=0.01 sys=0.00, real=0.00 secs] 
2024-07-05T13:22:22.648+0800: 1182.377: [GC (Allocation Failure) [PSYoungGen: 1044720K->240K(1046016K)] 1089346K->44874K(1150464K), 0.0009489 secs] [Times: user=0.00 sys=0.00, real=0.00 secs] 
2024-07-05T13:22:27.009+0800: 1186.739: [GC (Allocation Failure) [PSYoungGen: 1044720K->208K(1047040K)] 1089354K->44850K(1151488K), 0.0014794 secs] [Times: user=0.00 sys=0.00, real=0.00 secs] 
2024-07-05T13:22:31.404+0800: 1191.134: [GC (Allocation Failure) [PSYoungGen: 1045712K->224K(1047040K)] 1090354K->44874K(1151488K), 0.0018954 secs] [Times: user=0.00 sys=0.00, real=0.00 secs] 
2024-07-05T13:22:35.833+0800: 1195.563: [GC (Allocation Failure) [PSYoungGen: 1045728K->208K(1047040K)] 1090378K->44866K(1151488K), 0.0015562 secs] [Times: user=0.00 sys=0.00, real=0.01 secs] 
2024-07-05T13:22:40.266+0800: 1199.995: [GC (Allocation Failure) [PSYoungGen: 1045712K->208K(1046016K)] 1090370K->44874K(1150464K), 0.0013537 secs] [Times: user=0.00 sys=0.00, real=0.00 secs] 
2024-07-05T13:22:44.913+0800: 1204.643: [GC (Allocation Failure) [PSYoungGen: 1045712K->208K(1046528K)] 1090378K->44882K(1150976K), 0.0014393 secs] [Times: user=0.00 sys=0.00, real=0.00 secs] 
2024-07-05T13:22:49.433+0800: 1209.163: [GC (Allocation Failure) [PSYoungGen: 1045712K->208K(1046528K)] 1090386K->44890K(1150976K), 0.0015100 secs] [Times: user=0.00 sys=0.00, real=0.00 secs] 
2024-07-05T13:22:53.821+0800: 1213.551: [GC (Allocation Failure) [PSYoungGen: 1045712K->208K(1047552K)] 1090394K->44898K(1152000K), 0.0014322 secs] [Times: user=0.00 sys=0.00, real=0.00 secs] 
2024-07-05T13:22:58.317+0800: 1218.047: [GC (Allocation Failure) [PSYoungGen: 1046736K->240K(1047552K)] 1091426K->44938K(1152000K), 0.0016021 secs] [Times: user=0.00 sys=0.00, real=0.00 secs] 
2024-07-05T13:23:02.960+0800: 1222.690: [GC (Allocation Failure) [PSYoungGen: 1046768K->240K(1047552K)] 1091466K->44946K(1152000K), 0.0012515 secs] [Times: user=0.00 sys=0.00, real=0.01 secs] 
2024-07-05T13:23:07.368+0800: 1227.098: [GC (Allocation Failure) [PSYoungGen: 1046768K->240K(1047552K)] 1091474K->44954K(1152000K), 0.0012066 secs] [Times: user=0.00 sys=0.00, real=0.00 secs] 
2024-07-05T13:23:11.967+0800: 1231.697: [GC (Allocation Failure) [PSYoungGen: 1046768K->240K(1047552K)] 1091482K->44962K(1152000K), 0.0013841 secs] [Times: user=0.00 sys=0.00, real=0.00 secs] 
2024-07-05T13:23:16.514+0800: 1236.244: [GC (Allocation Failure) [PSYoungGen: 1046768K->208K(1047552K)] 1091490K->44938K(1152000K), 0.0017665 secs] [Times: user=0.01 sys=0.00, real=0.00 secs] 
2024-07-05T13:23:20.946+0800: 1240.676: [GC (Allocation Failure) [PSYoungGen: 1046736K->208K(1047552K)] 1091466K->44946K(1152000K), 0.0014845 secs] [Times: user=0.00 sys=0.00, real=0.00 secs] 
2024-07-05T13:23:25.353+0800: 1245.083: [GC (Allocation Failure) [PSYoungGen: 1046736K->240K(1047552K)] 1091474K->44986K(1152000K), 0.0013846 secs] [Times: user=0.00 sys=0.00, real=0.00 secs] 
2024-07-05T13:23:30.494+0800: 1250.224: [GC (Allocation Failure) [PSYoungGen: 1046768K->240K(1047552K)] 1091514K->44994K(1152000K), 0.0016812 secs] [Times: user=0.00 sys=0.00, real=0.00 secs] 
2024-07-05T13:23:35.695+0800: 1255.425: [GC (Allocation Failure) [PSYoungGen: 1046768K->208K(1047552K)] 1091522K->44970K(1152000K), 0.0018006 secs] [Times: user=0.00 sys=0.00, real=0.00 secs] 
2024-07-05T13:23:40.537+0800: 1260.267: [GC (Allocation Failure) [PSYoungGen: 1046736K->208K(1047552K)] 1091498K->44978K(1152000K), 0.0014015 secs] [Times: user=0.00 sys=0.00, real=0.00 secs] 
2024-07-05T13:23:45.612+0800: 1265.342: [GC (Allocation Failure) [PSYoungGen: 1046937K->288K(1047552K)] 1091708K->47122K(1152000K), 0.0021288 secs] [Times: user=0.00 sys=0.00, real=0.01 secs] 
2024-07-05T13:23:50.755+0800: 1270.485: [GC (Allocation Failure) [PSYoungGen: 1046744K->288K(1048064K)] 1093578K->47130K(1152512K), 0.0016519 secs] [Times: user=0.00 sys=0.00, real=0.00 secs] 
2024-07-05T13:23:55.757+0800: 1275.487: [GC (Allocation Failure) [PSYoungGen: 1047840K->272K(1048064K)] 1094682K->48146K(1152512K), 0.0017686 secs] [Times: user=0.00 sys=0.00, real=0.00 secs] 
2024-07-05T13:24:00.806+0800: 1280.536: [GC (Allocation Failure) [PSYoungGen: 1047824K->272K(1048064K)] 1095698K->49186K(1152512K), 0.0011733 secs] [Times: user=0.01 sys=0.00, real=0.00 secs] 
2024-07-05T13:24:05.828+0800: 1285.558: [GC (Allocation Failure) [PSYoungGen: 1047824K->272K(1048064K)] 1096738K->50218K(1152512K), 0.0012856 secs] [Times: user=0.01 sys=0.00, real=0.00 secs] 
2024-07-05T13:24:10.893+0800: 1290.623: [GC (Allocation Failure) [PSYoungGen: 1047824K->272K(1048064K)] 1097770K->51250K(1152512K), 0.0011652 secs] [Times: user=0.00 sys=0.00, real=0.00 secs] 
2024-07-05T13:24:15.890+0800: 1295.620: [GC (Allocation Failure) [PSYoungGen: 1047824K->272K(1048064K)] 1098802K->51258K(1152512K), 0.0012205 secs] [Times: user=0.00 sys=0.00, real=0.00 secs] 
2024-07-05T13:24:20.832+0800: 1300.562: [GC (Allocation Failure) [PSYoungGen: 1047824K->240K(1048064K)] 1098810K->52258K(1152512K), 0.0011485 secs] [Times: user=0.00 sys=0.00, real=0.01 secs] 
2024-07-05T13:24:25.777+0800: 1305.507: [GC (Allocation Failure) [PSYoungGen: 1047792K->240K(1048064K)] 1099810K->53290K(1152512K), 0.0017596 secs] [Times: user=0.00 sys=0.00, real=0.00 secs] 
2024-07-05T13:24:30.716+0800: 1310.446: [GC (Allocation Failure) [PSYoungGen: 1047792K->240K(1048064K)] 1100842K->54322K(1152512K), 0.0027463 secs] [Times: user=0.01 sys=0.00, real=0.00 secs] 
2024-07-05T13:24:35.819+0800: 1315.549: [GC (Allocation Failure) [PSYoungGen: 1047792K->240K(1048064K)] 1101874K->55354K(1152512K), 0.0013357 secs] [Times: user=0.01 sys=0.00, real=0.00 secs] 
2024-07-05T13:24:41.345+0800: 1321.075: [GC (Allocation Failure) [PSYoungGen: 1047792K->224K(1048064K)] 1102906K->56370K(1152512K), 0.0021433 secs] [Times: user=0.00 sys=0.00, real=0.00 secs] 
2024-07-05T13:24:46.893+0800: 1326.623: [GC (Allocation Failure) [PSYoungGen: 1046850K->224K(1048064K)] 1102997K->57402K(1152512K), 0.0017504 secs] [Times: user=0.00 sys=0.00, real=0.00 secs] 
2024-07-05T13:24:52.493+0800: 1332.223: [GC (Allocation Failure) [PSYoungGen: 1047776K->224K(1048064K)] 1104954K->58434K(1152512K), 0.0017456 secs] [Times: user=0.00 sys=0.00, real=0.00 secs] 
2024-07-05T13:24:58.050+0800: 1337.780: [GC (Allocation Failure) [PSYoungGen: 1047188K->224K(1048064K)] 1105399K->59466K(1152512K), 0.0022077 secs] [Times: user=0.00 sys=0.00, real=0.00 secs] 
2024-07-05T13:25:03.697+0800: 1343.427: [GC (Allocation Failure) [PSYoungGen: 1047776K->128K(1048064K)] 1107018K->60494K(1152512K), 0.0013761 secs] [Times: user=0.00 sys=0.00, real=0.00 secs] 
2024-07-05T13:25:09.167+0800: 1348.897: [GC (Allocation Failure) [PSYoungGen: 1047680K->128K(1048064K)] 1108046K->61542K(1152512K), 0.0013116 secs] [Times: user=0.00 sys=0.00, real=0.00 secs] 
2024-07-05T13:25:14.714+0800: 1354.443: [GC (Allocation Failure) [PSYoungGen: 1046894K->128K(1048064K)] 1108309K->62582K(1152512K), 0.0017419 secs] [Times: user=0.01 sys=0.00, real=0.00 secs] 
2024-07-05T13:25:20.291+0800: 1360.021: [GC (Allocation Failure) [PSYoungGen: 1047680K->96K(1048064K)] 1110134K->63582K(1152512K), 0.0012808 secs] [Times: user=0.00 sys=0.00, real=0.00 secs] 
2024-07-05T13:25:25.876+0800: 1365.606: [GC (Allocation Failure) [PSYoungGen: 1046630K->96K(1048064K)] 1110117K->64614K(1152512K), 0.0018902 secs] [Times: user=0.00 sys=0.00, real=0.00 secs] 
2024-07-05T13:25:31.421+0800: 1371.151: [GC (Allocation Failure) [PSYoungGen: 1047432K->96K(1048064K)] 1111951K->65646K(1152512K), 0.0019854 secs] [Times: user=0.00 sys=0.00, real=0.00 secs] 
2024-07-05T13:25:36.901+0800: 1376.631: [GC (Allocation Failure) [PSYoungGen: 1047648K->96K(1048064K)] 1113198K->66678K(1152512K), 0.0018794 secs] [Times: user=0.00 sys=0.00, real=0.00 secs] 
2024-07-05T13:25:42.472+0800: 1382.202: [GC (Allocation Failure) [PSYoungGen: 1047648K->144K(1048064K)] 1114230K->67758K(1152512K), 0.0017684 secs] [Times: user=0.00 sys=0.00, real=0.01 secs] 
2024-07-05T13:25:48.179+0800: 1387.909: [GC (Allocation Failure) [PSYoungGen: 1047696K->96K(1048064K)] 1115310K->69766K(1152512K), 0.0014376 secs] [Times: user=0.00 sys=0.00, real=0.00 secs] 
2024-07-05T13:25:53.915+0800: 1393.645: [GC (Allocation Failure) [PSYoungGen: 1047648K->96K(1048064K)] 1117318K->70799K(1152512K), 0.0021437 secs] [Times: user=0.00 sys=0.00, real=0.00 secs] 
2024-07-05T13:25:59.064+0800: 1398.794: [GC (Allocation Failure) [PSYoungGen: 1047648K->96K(1048064K)] 1118351K->71831K(1152512K), 0.0016649 secs] [Times: user=0.00 sys=0.00, real=0.00 secs] 
2024-07-05T13:26:04.068+0800: 1403.798: [GC (Allocation Failure) [PSYoungGen: 1047643K->128K(1048064K)] 1119378K->72895K(1152512K), 0.0011644 secs] [Times: user=0.00 sys=0.00, real=0.00 secs] 
2024-07-05T13:26:09.022+0800: 1408.752: [GC (Allocation Failure) [PSYoungGen: 1047647K->96K(1048064K)] 1120415K->73895K(1152512K), 0.0016918 secs] [Times: user=0.00 sys=0.00, real=0.00 secs] 
2024-07-05T13:26:13.949+0800: 1413.679: [GC (Allocation Failure) [PSYoungGen: 1046791K->96K(1048064K)] 1120590K->74927K(1152512K), 0.0017731 secs] [Times: user=0.01 sys=0.00, real=0.00 secs] 
2024-07-05T13:26:18.870+0800: 1418.599: [GC (Allocation Failure) [PSYoungGen: 1047648K->128K(1048064K)] 1122479K->75991K(1152512K), 0.0019708 secs] [Times: user=0.01 sys=0.00, real=0.00 secs] 
2024-07-05T13:26:24.417+0800: 1424.147: [GC (Allocation Failure) [PSYoungGen: 1047680K->128K(1048064K)] 1123543K->77023K(1152512K), 0.0019928 secs] [Times: user=0.00 sys=0.00, real=0.00 secs] 
2024-07-05T13:26:30.000+0800: 1429.729: [GC (Allocation Failure) [PSYoungGen: 1047680K->128K(1048064K)] 1124575K->78055K(1152512K), 0.0014393 secs] [Times: user=0.00 sys=0.00, real=0.01 secs] 
2024-07-05T13:26:35.023+0800: 1434.753: [GC (Allocation Failure) [PSYoungGen: 1047680K->160K(1048064K)] 1125607K->79119K(1152512K), 0.0012186 secs] [Times: user=0.00 sys=0.00, real=0.00 secs] 
2024-07-05T13:26:39.985+0800: 1439.715: [GC (Allocation Failure) [PSYoungGen: 1047712K->112K(1048064K)] 1126671K->79079K(1152512K), 0.0013450 secs] [Times: user=0.00 sys=0.00, real=0.00 secs] 
2024-07-05T13:26:44.996+0800: 1444.726: [GC (Allocation Failure) [PSYoungGen: 1047566K->144K(1048064K)] 1126533K->80143K(1152512K), 0.0012312 secs] [Times: user=0.00 sys=0.00, real=0.00 secs] 
2024-07-05T13:26:49.973+0800: 1449.703: [GC (Allocation Failure) [PSYoungGen: 1047696K->128K(1048064K)] 1127695K->82183K(1152512K), 0.0013442 secs] [Times: user=0.00 sys=0.00, real=0.00 secs] 
2024-07-05T13:26:55.013+0800: 1454.743: [GC (Allocation Failure) [PSYoungGen: 1047680K->128K(1048064K)] 1129735K->83215K(1152512K), 0.0011841 secs] [Times: user=0.00 sys=0.00, real=0.00 secs] 
2024-07-05T13:27:00.001+0800: 1459.731: [GC (Allocation Failure) [PSYoungGen: 1047680K->96K(1048064K)] 1130767K->84215K(1152512K), 0.0015945 secs] [Times: user=0.00 sys=0.00, real=0.00 secs] 
2024-07-05T13:27:04.929+0800: 1464.659: [GC (Allocation Failure) [PSYoungGen: 1047648K->96K(1048064K)] 1131767K->85247K(1152512K), 0.0016648 secs] [Times: user=0.00 sys=0.00, real=0.00 secs] 
2024-07-05T13:27:09.861+0800: 1469.591: [GC (Allocation Failure) [PSYoungGen: 1047648K->160K(1048064K)] 1132799K->86343K(1152512K), 0.0016012 secs] [Times: user=0.00 sys=0.00, real=0.00 secs] 
2024-07-05T13:27:14.809+0800: 1474.539: [GC (Allocation Failure) [PSYoungGen: 1047146K->128K(1048064K)] 1133329K->86319K(1152512K), 0.0014652 secs] [Times: user=0.00 sys=0.00, real=0.00 secs] 
2024-07-05T13:27:19.771+0800: 1479.501: [GC (Allocation Failure) [PSYoungGen: 1047680K->96K(1048064K)] 1133871K->87319K(1152512K), 0.0015810 secs] [Times: user=0.00 sys=0.00, real=0.00 secs] 
2024-07-05T13:27:24.867+0800: 1484.597: [GC (Allocation Failure) [PSYoungGen: 1047201K->96K(1048064K)] 1134424K->88351K(1152512K), 0.0015966 secs] [Times: user=0.01 sys=0.00, real=0.00 secs] 
2024-07-05T13:27:29.881+0800: 1489.611: [GC (Allocation Failure) [PSYoungGen: 1047648K->96K(1048064K)] 1135903K->89383K(1152512K), 0.0016402 secs] [Times: user=0.00 sys=0.00, real=0.00 secs] 
2024-07-05T13:27:34.824+0800: 1494.554: [GC (Allocation Failure) [PSYoungGen: 1047648K->96K(1048064K)] 1136935K->90415K(1152512K), 0.0013379 secs] [Times: user=0.01 sys=0.00, real=0.00 secs] 
2024-07-05T13:27:39.911+0800: 1499.641: [GC (Allocation Failure) [PSYoungGen: 1047345K->96K(1048064K)] 1137664K->91447K(1152512K), 0.0018050 secs] [Times: user=0.01 sys=0.00, real=0.00 secs] 
2024-07-05T13:27:45.750+0800: 1505.480: [GC (Metadata GC Threshold) [PSYoungGen: 933198K->496K(1048064K)] 1024549K->109968K(1157632K), 0.0286470 secs] [Times: user=0.05 sys=0.01, real=0.03 secs] 
2024-07-05T13:27:45.779+0800: 1505.509: [Full GC (Metadata GC Threshold) [PSYoungGen: 496K->0K(1048064K)] [ParOldGen: 109472K->61611K(138752K)] 109968K->61611K(1186816K), [Metaspace: 20835K->20835K(1069056K)], 0.0866303 secs] [Times: user=0.13 sys=0.00, real=0.09 secs] 
2024-07-05T13:27:52.987+0800: 1512.717: [GC (Allocation Failure) [PSYoungGen: 1047552K->480K(988672K)] 1109163K->127463K(1127424K), 0.0575573 secs] [Times: user=0.11 sys=0.01, real=0.06 secs] 
2024-07-05T13:27:53.045+0800: 1512.774: [Full GC (Ergonomics) [PSYoungGen: 480K->0K(988672K)] [ParOldGen: 126983K->121992K(239616K)] 127463K->121992K(1228288K), [Metaspace: 21035K->21035K(1069056K)], 0.1606449 secs] [Times: user=0.28 sys=0.00, real=0.16 secs] 
2024-07-05T13:27:59.261+0800: 1518.991: [GC (Allocation Failure) [PSYoungGen: 988160K->30184K(1018368K)] 1110152K->186379K(1257984K), 0.0672122 secs] [Times: user=0.12 sys=0.01, real=0.06 secs] 
2024-07-05T13:28:05.458+0800: 1525.188: [GC (Allocation Failure) [PSYoungGen: 1018344K->30185K(929280K)] 1174539K->249160K(1168896K), 0.0816959 secs] [Times: user=0.12 sys=0.04, real=0.08 secs] 
2024-07-05T13:28:05.540+0800: 1525.269: [Full GC (Ergonomics) [PSYoungGen: 30185K->3543K(929280K)] [ParOldGen: 218975K->239434K(397312K)] 249160K->242977K(1326592K), [Metaspace: 21088K->21088K(1069056K)], 0.2909048 secs] [Times: user=0.54 sys=0.01, real=0.29 secs] 
2024-07-05T13:28:11.131+0800: 1530.861: [GC (Allocation Failure) [PSYoungGen: 902615K->38020K(937472K)] 1142049K->277462K(1334784K), 0.0636761 secs] [Times: user=0.12 sys=0.01, real=0.07 secs] 
2024-07-05T13:28:12.670+0800: 1532.399: [GC (Allocation Failure) [PSYoungGen: 937092K->40184K(971264K)] 1176534K->279626K(1368576K), 0.0292726 secs] [Times: user=0.05 sys=0.00, real=0.03 secs] 
2024-07-05T13:28:13.757+0800: 1533.486: [GC (Allocation Failure) [PSYoungGen: 936184K->40216K(936448K)] 1175626K->279658K(1333760K), 0.0228572 secs] [Times: user=0.04 sys=0.00, real=0.02 secs] 
2024-07-05T13:28:14.702+0800: 1534.432: [GC (Allocation Failure) [PSYoungGen: 936216K->40216K(971776K)] 1175658K->279658K(1369088K), 0.0243451 secs] [Times: user=0.05 sys=0.00, real=0.02 secs] 
2024-07-05T13:28:15.892+0800: 1535.622: [GC (Allocation Failure) [PSYoungGen: 935192K->40200K(971776K)] 1174634K->279642K(1369088K), 0.0254688 secs] [Times: user=0.05 sys=0.00, real=0.03 secs] 
2024-07-05T13:28:16.834+0800: 1536.564: [GC (Allocation Failure) [PSYoungGen: 935176K->40184K(969728K)] 1174618K->279626K(1367040K), 0.0230720 secs] [Times: user=0.04 sys=0.00, real=0.02 secs] 
2024-07-05T13:28:17.764+0800: 1537.494: [GC (Allocation Failure) [PSYoungGen: 935160K->40264K(970752K)] 1174602K->279706K(1368064K), 0.0534833 secs] [Times: user=0.04 sys=0.01, real=0.05 secs] 
2024-07-05T13:28:18.787+0800: 1538.516: [GC (Allocation Failure) [PSYoungGen: 935240K->40264K(970240K)] 1174682K->279706K(1367552K), 0.0271035 secs] [Times: user=0.06 sys=0.00, real=0.03 secs] 
2024-07-05T13:28:19.696+0800: 1539.426: [GC (Allocation Failure) [PSYoungGen: 937800K->40216K(971776K)] 1177242K->279658K(1369088K), 0.0243708 secs] [Times: user=0.04 sys=0.00, real=0.02 secs] 
2024-07-05T13:28:20.682+0800: 1540.412: [GC (Allocation Failure) [PSYoungGen: 937752K->40264K(972288K)] 1177194K->279706K(1369600K), 0.0263294 secs] [Times: user=0.04 sys=0.00, real=0.02 secs] 
2024-07-05T13:28:21.558+0800: 1541.288: [GC (Allocation Failure) [PSYoungGen: 941896K->37351K(973312K)] 1181338K->279802K(1370624K), 0.0262409 secs] [Times: user=0.04 sys=0.00, real=0.03 secs] 
2024-07-05T13:28:22.465+0800: 1542.194: [GC (Allocation Failure) [PSYoungGen: 938983K->688K(973312K)] 1181434K->279680K(1370624K), 0.0371574 secs] [Times: user=0.05 sys=0.02, real=0.04 secs] 
2024-07-05T13:28:23.374+0800: 1543.103: [GC (Allocation Failure) [PSYoungGen: 904880K->640K(975360K)] 1183872K->279648K(1372672K), 0.0061616 secs] [Times: user=0.01 sys=0.00, real=0.00 secs] 
2024-07-05T13:28:24.285+0800: 1544.014: [GC (Allocation Failure) [PSYoungGen: 904832K->576K(975360K)] 1183840K->279736K(1372672K), 0.0063578 secs] [Times: user=0.01 sys=0.00, real=0.00 secs] 
2024-07-05T13:28:25.178+0800: 1544.908: [GC (Allocation Failure) [PSYoungGen: 903744K->576K(975872K)] 1182904K->279776K(1373184K), 0.0087653 secs] [Times: user=0.01 sys=0.00, real=0.01 secs] 
2024-07-05T13:28:26.030+0800: 1545.759: [GC (Allocation Failure) [PSYoungGen: 903744K->560K(972800K)] 1182944K->279768K(1370112K), 0.0094349 secs] [Times: user=0.01 sys=0.00, real=0.01 secs] 
2024-07-05T13:28:26.937+0800: 1546.667: [GC (Allocation Failure) [PSYoungGen: 904240K->544K(974336K)] 1183448K->279760K(1371648K), 0.0099247 secs] [Times: user=0.01 sys=0.00, real=0.01 secs] 
2024-07-05T13:28:27.828+0800: 1547.558: [GC (Allocation Failure) [PSYoungGen: 904224K->592K(973824K)] 1183440K->279808K(1371136K), 0.0064111 secs] [Times: user=0.01 sys=0.00, real=0.01 secs] 
2024-07-05T13:28:28.774+0800: 1548.504: [GC (Allocation Failure) [PSYoungGen: 909392K->544K(975872K)] 1188608K->279760K(1373184K), 0.0120567 secs] [Times: user=0.01 sys=0.00, real=0.01 secs] 
2024-07-05T13:28:29.626+0800: 1549.356: [GC (Allocation Failure) [PSYoungGen: 909344K->560K(976384K)] 1188560K->279776K(1373696K), 0.0100616 secs] [Times: user=0.01 sys=0.00, real=0.01 secs] 
2024-07-05T13:28:30.609+0800: 1550.339: [GC (Allocation Failure) [PSYoungGen: 917040K->640K(978944K)] 1196256K->279856K(1376256K), 0.0072666 secs] [Times: user=0.01 sys=0.00, real=0.01 secs] 
2024-07-05T13:28:31.554+0800: 1551.284: [GC (Allocation Failure) [PSYoungGen: 917120K->656K(979968K)] 1196336K->279872K(1377280K), 0.0095261 secs] [Times: user=0.02 sys=0.00, real=0.01 secs] 
2024-07-05T13:28:32.551+0800: 1552.281: [GC (Allocation Failure) [PSYoungGen: 926864K->656K(983040K)] 1206080K->279872K(1380352K), 0.0102762 secs] [Times: user=0.01 sys=0.00, real=0.02 secs] 
2024-07-05T13:28:33.436+0800: 1553.166: [GC (Allocation Failure) [PSYoungGen: 926864K->640K(985088K)] 1206080K->279856K(1382400K), 0.0062703 secs] [Times: user=0.01 sys=0.00, real=0.01 secs] 
2024-07-05T13:28:34.302+0800: 1554.032: [GC (Allocation Failure) [PSYoungGen: 938112K->608K(988672K)] 1217328K->279840K(1385984K), 0.0082250 secs] [Times: user=0.01 sys=0.00, real=0.00 secs] 
2024-07-05T13:28:35.266+0800: 1554.996: [GC (Allocation Failure) [PSYoungGen: 938080K->640K(991232K)] 1217312K->279880K(1388544K), 0.0094589 secs] [Times: user=0.01 sys=0.00, real=0.01 secs] 
2024-07-05T13:28:36.250+0800: 1555.980: [GC (Allocation Failure) [PSYoungGen: 949376K->688K(994816K)] 1228616K->279936K(1392128K), 0.0076970 secs] [Times: user=0.01 sys=0.00, real=0.01 secs] 
2024-07-05T13:28:37.236+0800: 1556.966: [GC (Allocation Failure) [PSYoungGen: 949424K->656K(996352K)] 1228672K->279912K(1393664K), 0.0067235 secs] [Times: user=0.01 sys=0.00, real=0.01 secs] 
2024-07-05T13:28:38.208+0800: 1557.938: [GC (Allocation Failure) [PSYoungGen: 959632K->640K(999936K)] 1238888K->279904K(1397248K), 0.0074762 secs] [Times: user=0.02 sys=0.00, real=0.01 secs] 
2024-07-05T13:28:39.218+0800: 1558.948: [GC (Allocation Failure) [PSYoungGen: 959616K->720K(1001472K)] 1238880K->280000K(1398784K), 0.0095012 secs] [Times: user=0.01 sys=0.00, real=0.01 secs] 
2024-07-05T13:28:40.091+0800: 1559.820: [GC (Allocation Failure) [PSYoungGen: 969936K->672K(1005056K)] 1249216K->279960K(1402368K), 0.0076367 secs] [Times: user=0.01 sys=0.00, real=0.01 secs] 
2024-07-05T13:28:41.046+0800: 1560.776: [GC (Allocation Failure) [PSYoungGen: 969888K->656K(1006080K)] 1249176K->279952K(1403392K), 0.0102646 secs] [Times: user=0.01 sys=0.00, real=0.01 secs] 
2024-07-05T13:28:41.989+0800: 1561.719: [GC (Allocation Failure) [PSYoungGen: 979600K->672K(1010176K)] 1258896K->279984K(1407488K), 0.0065367 secs] [Times: user=0.01 sys=0.00, real=0.01 secs] 
2024-07-05T13:28:42.912+0800: 1562.642: [GC (Allocation Failure) [PSYoungGen: 979616K->688K(1011200K)] 1258928K->280008K(1408512K), 0.0122167 secs] [Times: user=0.01 sys=0.00, real=0.02 secs] 
2024-07-05T13:28:43.844+0800: 1563.573: [GC (Allocation Failure) [PSYoungGen: 988848K->688K(1015296K)] 1268168K->280016K(1412608K), 0.0066460 secs] [Times: user=0.01 sys=0.00, real=0.00 secs] 
2024-07-05T13:28:44.786+0800: 1564.516: [GC (Allocation Failure) [PSYoungGen: 988848K->704K(1015808K)] 1268176K->280048K(1413120K), 0.0064013 secs] [Times: user=0.01 sys=0.00, real=0.00 secs] 
2024-07-05T13:28:45.761+0800: 1565.491: [GC (Allocation Failure) [PSYoungGen: 996544K->736K(1019392K)] 1275888K->280088K(1416704K), 0.0074662 secs] [Times: user=0.01 sys=0.00, real=0.01 secs] 
2024-07-05T13:28:46.718+0800: 1566.448: [GC (Allocation Failure) [PSYoungGen: 996576K->672K(1020416K)] 1275928K->280032K(1417728K), 0.0087715 secs] [Times: user=0.01 sys=0.00, real=0.01 secs] 
2024-07-05T13:28:47.729+0800: 1567.459: [GC (Allocation Failure) [PSYoungGen: 1003680K->656K(1023488K)] 1283040K->280024K(1420800K), 0.0061784 secs] [Times: user=0.01 sys=0.00, real=0.01 secs] 
2024-07-05T13:28:48.675+0800: 1568.405: [GC (Allocation Failure) [PSYoungGen: 1003664K->672K(1024512K)] 1283032K->280048K(1421824K), 0.0065872 secs] [Times: user=0.01 sys=0.00, real=0.01 secs] 
2024-07-05T13:28:49.645+0800: 1569.375: [GC (Allocation Failure) [PSYoungGen: 1009824K->672K(1027072K)] 1289200K->280056K(1424384K), 0.0063112 secs] [Times: user=0.01 sys=0.00, real=0.00 secs] 
2024-07-05T13:28:50.582+0800: 1570.312: [GC (Allocation Failure) [PSYoungGen: 1009824K->688K(1027584K)] 1289208K->280080K(1424896K), 0.0080274 secs] [Times: user=0.01 sys=0.00, real=0.00 secs] 
2024-07-05T13:28:51.570+0800: 1571.300: [GC (Allocation Failure) [PSYoungGen: 1014960K->672K(1029632K)] 1294352K->280072K(1426944K), 0.0094350 secs] [Times: user=0.01 sys=0.00, real=0.01 secs] 
2024-07-05T13:28:52.642+0800: 1572.371: [GC (Allocation Failure) [PSYoungGen: 1014944K->720K(1030144K)] 1294344K->280128K(1427456K), 0.0079563 secs] [Times: user=0.01 sys=0.00, real=0.00 secs] 
2024-07-05T13:28:53.641+0800: 1573.371: [GC (Allocation Failure) [PSYoungGen: 1019600K->640K(1032192K)] 1299008K->280056K(1429504K), 0.0063219 secs] [Times: user=0.01 sys=0.00, real=0.00 secs] 
2024-07-05T13:28:54.673+0800: 1574.403: [GC (Allocation Failure) [PSYoungGen: 1019520K->704K(1032192K)] 1298936K->280128K(1429504K), 0.0083813 secs] [Times: user=0.02 sys=0.00, real=0.01 secs] 
2024-07-05T13:28:55.650+0800: 1575.380: [GC (Allocation Failure) [PSYoungGen: 1023680K->672K(1034240K)] 1303104K->280104K(1431552K), 0.0063145 secs] [Times: user=0.02 sys=0.00, real=0.01 secs] 
2024-07-05T13:28:56.648+0800: 1576.378: [GC (Allocation Failure) [PSYoungGen: 1023648K->704K(1034752K)] 1303080K->280144K(1432064K), 0.0073369 secs] [Times: user=0.02 sys=0.00, real=0.01 secs] 
2024-07-05T13:28:57.726+0800: 1577.455: [GC (Allocation Failure) [PSYoungGen: 1027264K->688K(1036288K)] 1306704K->280136K(1433600K), 0.0081119 secs] [Times: user=0.01 sys=0.00, real=0.01 secs] 
2024-07-05T13:28:58.854+0800: 1578.584: [GC (Allocation Failure) [PSYoungGen: 1027248K->768K(1036288K)] 1306696K->280224K(1433600K), 0.0070575 secs] [Times: user=0.01 sys=0.00, real=0.00 secs] 
2024-07-05T13:29:00.002+0800: 1579.732: [GC (Allocation Failure) [PSYoungGen: 1030400K->720K(1037824K)] 1309856K->280184K(1435136K), 0.0093395 secs] [Times: user=0.02 sys=0.00, real=0.00 secs] 
2024-07-05T13:29:01.050+0800: 1580.780: [GC (Allocation Failure) [PSYoungGen: 1030352K->688K(1038848K)] 1309816K->280160K(1436160K), 0.0084279 secs] [Times: user=0.01 sys=0.00, real=0.01 secs] 
2024-07-05T13:29:02.202+0800: 1581.932: [GC (Allocation Failure) [PSYoungGen: 1033392K->656K(1039872K)] 1312864K->280136K(1437184K), 0.0114859 secs] [Times: user=0.01 sys=0.00, real=0.01 secs] 
2024-07-05T13:29:03.200+0800: 1582.930: [GC (Allocation Failure) [PSYoungGen: 1033360K->656K(1039872K)] 1312840K->280152K(1437184K), 0.0073597 secs] [Times: user=0.01 sys=0.00, real=0.01 secs] 
2024-07-05T13:29:04.324+0800: 1584.053: [GC (Allocation Failure) [PSYoungGen: 1035408K->672K(1040896K)] 1314904K->280176K(1438208K), 0.0064845 secs] [Times: user=0.01 sys=0.00, real=0.00 secs] 
2024-07-05T13:29:05.263+0800: 1584.993: [GC (Allocation Failure) [PSYoungGen: 1035424K->704K(1041920K)] 1314928K->280216K(1439232K), 0.0078586 secs] [Times: user=0.01 sys=0.00, real=0.00 secs] 
2024-07-05T13:29:06.318+0800: 1586.048: [GC (Allocation Failure) [PSYoungGen: 1037504K->736K(1042432K)] 1317016K->280256K(1439744K), 0.0061652 secs] [Times: user=0.01 sys=0.00, real=0.01 secs] 
2024-07-05T13:29:07.244+0800: 1586.974: [GC (Allocation Failure) [PSYoungGen: 1037536K->688K(1041920K)] 1317056K->280216K(1439232K), 0.0068403 secs] [Times: user=0.01 sys=0.00, real=0.00 secs] 
2024-07-05T13:29:08.340+0800: 1588.070: [GC (Allocation Failure) [PSYoungGen: 1038512K->704K(1042432K)] 1318040K->280240K(1439744K), 0.0108146 secs] [Times: user=0.02 sys=0.00, real=0.01 secs] 
2024-07-05T13:29:09.286+0800: 1589.016: [GC (Allocation Failure) [PSYoungGen: 1038528K->704K(1042944K)] 1318064K->280248K(1440256K), 0.0069525 secs] [Times: user=0.01 sys=0.00, real=0.01 secs] 
2024-07-05T13:29:10.289+0800: 1590.019: [GC (Allocation Failure) [PSYoungGen: 1040064K->704K(1043456K)] 1319608K->280256K(1440768K), 0.0060807 secs] [Times: user=0.01 sys=0.00, real=0.01 secs] 
2024-07-05T13:29:11.268+0800: 1590.998: [GC (Allocation Failure) [PSYoungGen: 1040064K->704K(1043456K)] 1319616K->280264K(1440768K), 0.0066609 secs] [Times: user=0.00 sys=0.00, real=0.01 secs] 
2024-07-05T13:29:12.158+0800: 1591.888: [GC (Allocation Failure) [PSYoungGen: 1041088K->688K(1043968K)] 1320648K->280264K(1441280K), 0.0066372 secs] [Times: user=0.01 sys=0.00, real=0.01 secs] 
2024-07-05T13:29:12.995+0800: 1592.725: [GC (Allocation Failure) [PSYoungGen: 1041072K->736K(1043968K)] 1320648K->280320K(1441280K), 0.0057341 secs] [Times: user=0.00 sys=0.00, real=0.00 secs] 
2024-07-05T13:29:13.836+0800: 1593.566: [GC (Allocation Failure) [PSYoungGen: 1042144K->688K(1044480K)] 1321728K->280280K(1441792K), 0.0056193 secs] [Times: user=0.01 sys=0.00, real=0.01 secs] 
2024-07-05T13:29:14.706+0800: 1594.436: [GC (Allocation Failure) [PSYoungGen: 1042096K->736K(1044480K)] 1321688K->280336K(1441792K), 0.0071645 secs] [Times: user=0.00 sys=0.01, real=0.01 secs] 
2024-07-05T13:29:15.538+0800: 1595.267: [GC (Allocation Failure) [PSYoungGen: 1043168K->704K(1044992K)] 1322768K->280312K(1442304K), 0.0077133 secs] [Times: user=0.01 sys=0.00, real=0.01 secs] 
2024-07-05T13:29:16.435+0800: 1596.164: [GC (Allocation Failure) [PSYoungGen: 1043136K->704K(1046016K)] 1322744K->280320K(1443328K), 0.0080521 secs] [Times: user=0.01 sys=0.00, real=0.01 secs] 
2024-07-05T13:29:17.314+0800: 1597.043: [GC (Allocation Failure) [PSYoungGen: 1044160K->720K(1046016K)] 1323776K->280344K(1443328K), 0.0059535 secs] [Times: user=0.01 sys=0.00, real=0.00 secs] 
2024-07-05T13:29:18.143+0800: 1597.873: [GC (Allocation Failure) [PSYoungGen: 1044176K->720K(1044992K)] 1323800K->280352K(1442304K), 0.0056385 secs] [Times: user=0.01 sys=0.00, real=0.00 secs] 
2024-07-05T13:29:19.050+0800: 1598.779: [GC (Allocation Failure) [PSYoungGen: 1044176K->656K(1045504K)] 1323808K->280304K(1442816K), 0.0090295 secs] [Times: user=0.01 sys=0.00, real=0.01 secs] 
2024-07-05T13:29:19.930+0800: 1599.659: [GC (Allocation Failure) [PSYoungGen: 1044112K->720K(1046528K)] 1323760K->280376K(1443840K), 0.0100957 secs] [Times: user=0.01 sys=0.00, real=0.01 secs] 
2024-07-05T13:29:20.838+0800: 1600.567: [GC (Allocation Failure) [PSYoungGen: 1045200K->704K(1046528K)] 1324856K->280368K(1443840K), 0.0076943 secs] [Times: user=0.01 sys=0.00, real=0.01 secs] 
2024-07-05T13:29:21.678+0800: 1601.408: [GC (Allocation Failure) [PSYoungGen: 1045184K->704K(1046528K)] 1324848K->280376K(1443840K), 0.0083875 secs] [Times: user=0.01 sys=0.00, real=0.01 secs] 
2024-07-05T13:29:22.534+0800: 1602.264: [GC (Allocation Failure) [PSYoungGen: 1045184K->720K(1045504K)] 1324856K->280400K(1442816K), 0.0078459 secs] [Times: user=0.01 sys=0.00, real=0.01 secs] 
2024-07-05T13:29:23.418+0800: 1603.148: [GC (Allocation Failure) [PSYoungGen: 1045200K->688K(1046016K)] 1324880K->280384K(1443328K), 0.0091231 secs] [Times: user=0.01 sys=0.00, real=0.01 secs] 
2024-07-05T13:29:24.298+0800: 1604.027: [GC (Allocation Failure) [PSYoungGen: 1045168K->688K(1046016K)] 1324864K->280392K(1443328K), 0.0077573 secs] [Times: user=0.01 sys=0.00, real=0.01 secs] 
2024-07-05T13:29:25.162+0800: 1604.891: [GC (Allocation Failure) [PSYoungGen: 1045168K->704K(1047040K)] 1324872K->280416K(1444352K), 0.0076911 secs] [Times: user=0.01 sys=0.00, real=0.00 secs] 
2024-07-05T13:29:26.000+0800: 1605.730: [GC (Allocation Failure) [PSYoungGen: 1046208K->704K(1047040K)] 1325920K->280424K(1444352K), 0.0064725 secs] [Times: user=0.01 sys=0.00, real=0.01 secs] 
2024-07-05T13:29:26.978+0800: 1606.708: [GC (Allocation Failure) [PSYoungGen: 1046208K->672K(1047040K)] 1325928K->280400K(1444352K), 0.0057809 secs] [Times: user=0.01 sys=0.00, real=0.01 secs] 
2024-07-05T13:29:27.929+0800: 1607.659: [GC (Allocation Failure) [PSYoungGen: 1046176K->688K(1047040K)] 1325904K->280424K(1444352K), 0.0082778 secs] [Times: user=0.01 sys=0.00, real=0.01 secs] 
2024-07-05T13:29:28.882+0800: 1608.611: [GC (Allocation Failure) [PSYoungGen: 1046192K->704K(1047040K)] 1325928K->280456K(1444352K), 0.0099545 secs] [Times: user=0.01 sys=0.00, real=0.00 secs] 
2024-07-05T13:29:29.906+0800: 1609.635: [GC (Allocation Failure) [PSYoungGen: 1046208K->672K(1047040K)] 1325960K->280432K(1444352K), 0.0097259 secs] [Times: user=0.01 sys=0.00, real=0.01 secs] 
2024-07-05T13:29:30.892+0800: 1610.622: [GC (Allocation Failure) [PSYoungGen: 1046176K->688K(1047040K)] 1325936K->280456K(1444352K), 0.0063111 secs] [Times: user=0.01 sys=0.00, real=0.01 secs] 
2024-07-05T13:29:31.886+0800: 1611.615: [GC (Allocation Failure) [PSYoungGen: 1046192K->688K(1047040K)] 1325960K->280464K(1444352K), 0.0076676 secs] [Times: user=0.01 sys=0.00, real=0.01 secs] 
2024-07-05T13:29:32.851+0800: 1612.581: [GC (Allocation Failure) [PSYoungGen: 1046192K->752K(1046528K)] 1325968K->280536K(1443840K), 0.0074964 secs] [Times: user=0.01 sys=0.00, real=0.01 secs] 
2024-07-05T13:29:33.834+0800: 1613.564: [GC (Allocation Failure) [PSYoungGen: 1046256K->704K(1047040K)] 1326040K->280496K(1444352K), 0.0088675 secs] [Times: user=0.01 sys=0.00, real=0.01 secs] 
2024-07-05T13:29:34.801+0800: 1614.531: [GC (Allocation Failure) [PSYoungGen: 1046720K->672K(1047552K)] 1326512K->280472K(1444864K), 0.0061353 secs] [Times: user=0.01 sys=0.00, real=0.01 secs] 
2024-07-05T13:29:35.798+0800: 1615.528: [GC (Allocation Failure) [PSYoungGen: 1047200K->720K(1047552K)] 1327000K->280528K(1444864K), 0.0096135 secs] [Times: user=0.01 sys=0.00, real=0.01 secs] 
2024-07-05T13:29:36.690+0800: 1616.420: [GC (Allocation Failure) [PSYoungGen: 1047248K->704K(1047552K)] 1327056K->280520K(1444864K), 0.0063447 secs] [Times: user=0.01 sys=0.00, real=0.01 secs] 
2024-07-05T13:29:37.560+0800: 1617.290: [GC (Allocation Failure) [PSYoungGen: 1047232K->672K(1047552K)] 1327048K->280496K(1444864K), 0.0083756 secs] [Times: user=0.01 sys=0.00, real=0.01 secs] 
2024-07-05T13:29:38.410+0800: 1618.140: [GC (Allocation Failure) [PSYoungGen: 1047200K->672K(1047552K)] 1327024K->280504K(1444864K), 0.0078430 secs] [Times: user=0.01 sys=0.00, real=0.01 secs] 
2024-07-05T13:29:39.226+0800: 1618.956: [GC (Allocation Failure) [PSYoungGen: 1047200K->736K(1047552K)] 1327032K->280576K(1444864K), 0.0055577 secs] [Times: user=0.01 sys=0.00, real=0.00 secs] 
2024-07-05T13:29:40.146+0800: 1619.876: [GC (Allocation Failure) [PSYoungGen: 1047264K->704K(1047552K)] 1327104K->280552K(1444864K), 0.0076246 secs] [Times: user=0.01 sys=0.00, real=0.01 secs] 
2024-07-05T13:29:41.101+0800: 1620.831: [GC (Allocation Failure) [PSYoungGen: 1047232K->672K(1047552K)] 1327080K->280528K(1444864K), 0.0080305 secs] [Times: user=0.01 sys=0.00, real=0.01 secs] 
2024-07-05T13:29:41.962+0800: 1621.691: [GC (Allocation Failure) [PSYoungGen: 1047200K->688K(1047552K)] 1327056K->280552K(1444864K), 0.0076907 secs] [Times: user=0.01 sys=0.00, real=0.00 secs] 
2024-07-05T13:29:42.763+0800: 1622.493: [GC (Allocation Failure) [PSYoungGen: 1047216K->736K(1047552K)] 1327080K->280608K(1444864K), 0.0063903 secs] [Times: user=0.01 sys=0.00, real=0.00 secs] 
2024-07-05T13:29:43.588+0800: 1623.318: [GC (Allocation Failure) [PSYoungGen: 1047264K->720K(1047552K)] 1327136K->280600K(1444864K), 0.0072380 secs] [Times: user=0.01 sys=0.00, real=0.01 secs] 
2024-07-05T13:29:44.434+0800: 1624.164: [GC (Allocation Failure) [PSYoungGen: 1047248K->672K(1047552K)] 1327128K->280560K(1444864K), 0.0068638 secs] [Times: user=0.01 sys=0.01, real=0.00 secs] 
2024-07-05T13:29:45.274+0800: 1625.004: [GC (Allocation Failure) [PSYoungGen: 1047200K->720K(1047552K)] 1327088K->280616K(1444864K), 0.0093940 secs] [Times: user=0.01 sys=0.00, real=0.01 secs] 
2024-07-05T13:29:46.154+0800: 1625.884: [GC (Allocation Failure) [PSYoungGen: 1047248K->720K(1047552K)] 1327144K->280624K(1444864K), 0.0072509 secs] [Times: user=0.01 sys=0.00, real=0.01 secs] 
2024-07-05T13:29:46.982+0800: 1626.711: [GC (Allocation Failure) [PSYoungGen: 1047248K->688K(1047552K)] 1327152K->280600K(1444864K), 0.0086922 secs] [Times: user=0.00 sys=0.00, real=0.00 secs] 
2024-07-05T13:29:47.827+0800: 1627.557: [GC (Allocation Failure) [PSYoungGen: 1047216K->704K(1047552K)] 1327128K->280624K(1444864K), 0.0063794 secs] [Times: user=0.01 sys=0.00, real=0.01 secs] 
2024-07-05T13:29:48.638+0800: 1628.367: [GC (Allocation Failure) [PSYoungGen: 1047232K->688K(1047552K)] 1327152K->280616K(1444864K), 0.0058164 secs] [Times: user=0.01 sys=0.00, real=0.01 secs] 
2024-07-05T13:29:49.427+0800: 1629.157: [GC (Allocation Failure) [PSYoungGen: 1047216K->688K(1047552K)] 1327144K->280624K(1444864K), 0.0081193 secs] [Times: user=0.01 sys=0.00, real=0.01 secs] 
2024-07-05T13:29:50.320+0800: 1630.050: [GC (Allocation Failure) [PSYoungGen: 1047216K->672K(1047552K)] 1327152K->280616K(1444864K), 0.0058082 secs] [Times: user=0.01 sys=0.00, real=0.01 secs] 
2024-07-05T13:29:51.165+0800: 1630.894: [GC (Allocation Failure) [PSYoungGen: 1047200K->656K(1047552K)] 1327144K->280608K(1444864K), 0.0055555 secs] [Times: user=0.01 sys=0.00, real=0.00 secs] 
2024-07-05T13:29:52.023+0800: 1631.753: [GC (Allocation Failure) [PSYoungGen: 1047184K->656K(1047552K)] 1327136K->280616K(1444864K), 0.0063703 secs] [Times: user=0.01 sys=0.00, real=0.00 secs] 
2024-07-05T13:29:52.826+0800: 1632.555: [GC (Allocation Failure) [PSYoungGen: 1047184K->704K(1047552K)] 1327144K->280672K(1444864K), 0.0051433 secs] [Times: user=0.01 sys=0.00, real=0.00 secs] 
2024-07-05T13:29:53.657+0800: 1633.387: [GC (Allocation Failure) [PSYoungGen: 1047232K->672K(1047552K)] 1327200K->280648K(1444864K), 0.0082808 secs] [Times: user=0.01 sys=0.00, real=0.01 secs] 
2024-07-05T13:29:54.534+0800: 1634.263: [GC (Allocation Failure) [PSYoungGen: 1047200K->768K(1047552K)] 1327176K->280752K(1444864K), 0.0054562 secs] [Times: user=0.01 sys=0.00, real=0.00 secs] 
2024-07-05T13:29:55.402+0800: 1635.131: [GC (Allocation Failure) [PSYoungGen: 1047296K->736K(1047552K)] 1327280K->280728K(1444864K), 0.0094241 secs] [Times: user=0.01 sys=0.00, real=0.00 secs] 
2024-07-05T13:29:56.309+0800: 1636.039: [GC (Allocation Failure) [PSYoungGen: 1047264K->672K(1047552K)] 1327256K->280672K(1444864K), 0.0053907 secs] [Times: user=0.01 sys=0.00, real=0.01 secs] 
2024-07-05T13:29:57.127+0800: 1636.856: [GC (Allocation Failure) [PSYoungGen: 1047200K->704K(1047552K)] 1327200K->280712K(1444864K), 0.0071507 secs] [Times: user=0.01 sys=0.00, real=0.01 secs] 
2024-07-05T13:29:57.962+0800: 1637.692: [GC (Allocation Failure) [PSYoungGen: 1047232K->720K(1047552K)] 1327240K->280736K(1444864K), 0.0075214 secs] [Times: user=0.01 sys=0.00, real=0.00 secs] 
2024-07-05T13:29:58.864+0800: 1638.593: [GC (Allocation Failure) [PSYoungGen: 1047248K->704K(1047552K)] 1327264K->280728K(1444864K), 0.0087462 secs] [Times: user=0.01 sys=0.00, real=0.00 secs] 
2024-07-05T13:29:59.663+0800: 1639.393: [GC (Allocation Failure) [PSYoungGen: 1047232K->672K(1047552K)] 1327256K->280704K(1444864K), 0.0077988 secs] [Times: user=0.01 sys=0.00, real=0.00 secs] 
2024-07-05T13:30:00.598+0800: 1640.328: [GC (Allocation Failure) [PSYoungGen: 1047200K->672K(1047552K)] 1327232K->280712K(1444864K), 0.0078652 secs] [Times: user=0.01 sys=0.00, real=0.01 secs] 
2024-07-05T13:30:01.453+0800: 1641.182: [GC (Allocation Failure) [PSYoungGen: 1047200K->672K(1047552K)] 1327240K->280720K(1444864K), 0.0088787 secs] [Times: user=0.01 sys=0.00, real=0.02 secs] 
2024-07-05T13:30:02.382+0800: 1642.111: [GC (Allocation Failure) [PSYoungGen: 1047200K->672K(1047552K)] 1327248K->280728K(1444864K), 0.0055640 secs] [Times: user=0.01 sys=0.00, real=0.00 secs] 
2024-07-05T13:30:03.255+0800: 1642.985: [GC (Allocation Failure) [PSYoungGen: 1047200K->656K(1047552K)] 1327256K->280728K(1444864K), 0.0055667 secs] [Times: user=0.01 sys=0.00, real=0.00 secs] 
2024-07-05T13:30:04.114+0800: 1643.843: [GC (Allocation Failure) [PSYoungGen: 1047184K->672K(1047552K)] 1327256K->280752K(1444864K), 0.0079566 secs] [Times: user=0.00 sys=0.00, real=0.01 secs] 
2024-07-05T13:30:04.958+0800: 1644.687: [GC (Allocation Failure) [PSYoungGen: 1047200K->704K(1047552K)] 1327280K->280792K(1444864K), 0.0084122 secs] [Times: user=0.01 sys=0.00, real=0.01 secs] 
2024-07-05T13:30:05.810+0800: 1645.539: [GC (Allocation Failure) [PSYoungGen: 1047232K->672K(1047552K)] 1327320K->280768K(1444864K), 0.0094555 secs] [Times: user=0.01 sys=0.00, real=0.01 secs] 
2024-07-05T13:30:06.651+0800: 1646.380: [GC (Allocation Failure) [PSYoungGen: 1047200K->672K(1047552K)] 1327296K->280776K(1444864K), 0.0054594 secs] [Times: user=0.01 sys=0.00, real=0.01 secs] 
2024-07-05T13:30:07.532+0800: 1647.262: [GC (Allocation Failure) [PSYoungGen: 1047200K->720K(1047552K)] 1327304K->280832K(1444864K), 0.0056406 secs] [Times: user=0.01 sys=0.00, real=0.01 secs] 
2024-07-05T13:30:08.374+0800: 1648.103: [GC (Allocation Failure) [PSYoungGen: 1047248K->656K(1047552K)] 1327360K->280776K(1444864K), 0.0099545 secs] [Times: user=0.02 sys=0.00, real=0.01 secs] 
2024-07-05T13:30:09.302+0800: 1649.032: [GC (Allocation Failure) [PSYoungGen: 1047184K->656K(1047552K)] 1327304K->280784K(1444864K), 0.0089852 secs] [Times: user=0.01 sys=0.00, real=0.00 secs] 
2024-07-05T13:30:10.154+0800: 1649.883: [GC (Allocation Failure) [PSYoungGen: 1047184K->688K(1047552K)] 1327312K->280824K(1444864K), 0.0054520 secs] [Times: user=0.01 sys=0.00, real=0.00 secs] 
2024-07-05T13:30:11.066+0800: 1650.796: [GC (Allocation Failure) [PSYoungGen: 1047216K->736K(1047552K)] 1327352K->280880K(1444864K), 0.0088633 secs] [Times: user=0.01 sys=0.00, real=0.01 secs] 
2024-07-05T13:30:11.888+0800: 1651.618: [GC (Allocation Failure) [PSYoungGen: 1047264K->720K(1047552K)] 1327408K->280880K(1444864K), 0.0067502 secs] [Times: user=0.01 sys=0.00, real=0.01 secs] 
2024-07-05T13:30:12.734+0800: 1652.463: [GC (Allocation Failure) [PSYoungGen: 1047248K->704K(1047552K)] 1327408K->280872K(1444864K), 0.0054797 secs] [Times: user=0.01 sys=0.00, real=0.00 secs] 
2024-07-05T13:30:13.532+0800: 1653.262: [GC (Allocation Failure) [PSYoungGen: 1047232K->688K(1047552K)] 1327400K->280864K(1444864K), 0.0057247 secs] [Times: user=0.01 sys=0.00, real=0.01 secs] 
2024-07-05T13:30:14.328+0800: 1654.058: [GC (Allocation Failure) [PSYoungGen: 1047216K->720K(1047552K)] 1327392K->280904K(1444864K), 0.0059536 secs] [Times: user=0.01 sys=0.00, real=0.01 secs] 
2024-07-05T13:30:15.206+0800: 1654.936: [GC (Allocation Failure) [PSYoungGen: 1047248K->688K(1047552K)] 1327432K->280880K(1444864K), 0.0060554 secs] [Times: user=0.01 sys=0.00, real=0.00 secs] 
2024-07-05T13:30:16.057+0800: 1655.787: [GC (Allocation Failure) [PSYoungGen: 1047216K->656K(1047552K)] 1327408K->280856K(1444864K), 0.0053070 secs] [Times: user=0.01 sys=0.00, real=0.01 secs] 
2024-07-05T13:30:16.952+0800: 1656.681: [GC (Allocation Failure) [PSYoungGen: 1047184K->656K(1047552K)] 1327384K->280864K(1444864K), 0.0059123 secs] [Times: user=0.01 sys=0.00, real=0.01 secs] 
2024-07-05T13:30:17.794+0800: 1657.524: [GC (Allocation Failure) [PSYoungGen: 1047184K->736K(1047552K)] 1327392K->280952K(1444864K), 0.0051772 secs] [Times: user=0.01 sys=0.00, real=0.00 secs] 
2024-07-05T13:30:18.600+0800: 1658.330: [GC (Allocation Failure) [PSYoungGen: 1047264K->736K(1047552K)] 1327480K->280960K(1444864K), 0.0055749 secs] [Times: user=0.01 sys=0.00, real=0.01 secs] 
2024-07-05T13:30:19.462+0800: 1659.192: [GC (Allocation Failure) [PSYoungGen: 1047264K->656K(1047552K)] 1327488K->280888K(1444864K), 0.0087500 secs] [Times: user=0.01 sys=0.00, real=0.00 secs] 
2024-07-05T13:30:20.321+0800: 1660.051: [GC (Allocation Failure) [PSYoungGen: 1047184K->720K(1047552K)] 1327416K->280960K(1444864K), 0.0053926 secs] [Times: user=0.01 sys=0.00, real=0.01 secs] 
2024-07-05T13:30:21.181+0800: 1660.911: [GC (Allocation Failure) [PSYoungGen: 1047248K->688K(1047552K)] 1327488K->280936K(1444864K), 0.0075071 secs] [Times: user=0.01 sys=0.00, real=0.00 secs] 
2024-07-05T13:30:22.035+0800: 1661.765: [GC (Allocation Failure) [PSYoungGen: 1047216K->688K(1047552K)] 1327464K->280944K(1444864K), 0.0055421 secs] [Times: user=0.01 sys=0.00, real=0.00 secs] 
2024-07-05T13:30:22.886+0800: 1662.616: [GC (Allocation Failure) [PSYoungGen: 1047216K->736K(1047552K)] 1327472K->281000K(1444864K), 0.0082068 secs] [Times: user=0.01 sys=0.00, real=0.01 secs] 
2024-07-05T13:30:23.729+0800: 1663.458: [GC (Allocation Failure) [PSYoungGen: 1047264K->688K(1047552K)] 1327528K->280960K(1444864K), 0.0065406 secs] [Times: user=0.01 sys=0.00, real=0.01 secs] 
2024-07-05T13:30:24.574+0800: 1664.303: [GC (Allocation Failure) [PSYoungGen: 1047216K->704K(1047552K)] 1327488K->280984K(1444864K), 0.0081341 secs] [Times: user=0.01 sys=0.00, real=0.01 secs] 
2024-07-05T13:30:25.485+0800: 1665.215: [GC (Allocation Failure) [PSYoungGen: 1047232K->704K(1047552K)] 1327512K->280992K(1444864K), 0.0070236 secs] [Times: user=0.01 sys=0.00, real=0.00 secs] 
2024-07-05T13:30:26.324+0800: 1666.053: [GC (Allocation Failure) [PSYoungGen: 1047232K->720K(1047552K)] 1327520K->281016K(1444864K), 0.0054816 secs] [Times: user=0.01 sys=0.01, real=0.00 secs] 
2024-07-05T13:30:27.140+0800: 1666.870: [GC (Allocation Failure) [PSYoungGen: 1047248K->720K(1047552K)] 1327544K->281024K(1444864K), 0.0079908 secs] [Times: user=0.00 sys=0.00, real=0.01 secs] 
2024-07-05T13:30:27.990+0800: 1667.719: [GC (Allocation Failure) [PSYoungGen: 1047248K->688K(1047552K)] 1327552K->281000K(1444864K), 0.0094427 secs] [Times: user=0.01 sys=0.00, real=0.01 secs] 
2024-07-05T13:30:28.816+0800: 1668.546: [GC (Allocation Failure) [PSYoungGen: 1047216K->704K(1047552K)] 1327528K->281024K(1444864K), 0.0055834 secs] [Times: user=0.01 sys=0.00, real=0.01 secs] 
2024-07-05T13:30:29.716+0800: 1669.446: [GC (Allocation Failure) [PSYoungGen: 1047232K->688K(1047552K)] 1327552K->281016K(1444864K), 0.0055471 secs] [Times: user=0.01 sys=0.00, real=0.01 secs] 
2024-07-05T13:30:30.538+0800: 1670.267: [GC (Allocation Failure) [PSYoungGen: 1047216K->688K(1047552K)] 1327544K->281024K(1444864K), 0.0086006 secs] [Times: user=0.01 sys=0.00, real=0.01 secs] 
2024-07-05T13:30:31.370+0800: 1671.099: [GC (Allocation Failure) [PSYoungGen: 1047216K->704K(1047552K)] 1327552K->281048K(1444864K), 0.0079721 secs] [Times: user=0.01 sys=0.00, real=0.01 secs] 
2024-07-05T13:30:32.282+0800: 1672.011: [GC (Allocation Failure) [PSYoungGen: 1047232K->688K(1047552K)] 1327576K->281040K(1444864K), 0.0079633 secs] [Times: user=0.01 sys=0.00, real=0.00 secs] 
2024-07-05T13:30:33.140+0800: 1672.870: [GC (Allocation Failure) [PSYoungGen: 1047216K->736K(1047552K)] 1327568K->281096K(1444864K), 0.0057924 secs] [Times: user=0.01 sys=0.00, real=0.01 secs] 
2024-07-05T13:30:34.118+0800: 1673.848: [GC (Allocation Failure) [PSYoungGen: 1047264K->704K(1047552K)] 1327624K->281072K(1444864K), 0.0076234 secs] [Times: user=0.00 sys=0.00, real=0.01 secs] 
2024-07-05T13:30:34.956+0800: 1674.686: [GC (Allocation Failure) [PSYoungGen: 1047232K->672K(1047552K)] 1327600K->281048K(1444864K), 0.0051669 secs] [Times: user=0.01 sys=0.00, real=0.01 secs] 
2024-07-05T13:30:35.816+0800: 1675.546: [GC (Allocation Failure) [PSYoungGen: 1047200K->736K(1047552K)] 1327576K->281120K(1444864K), 0.0061183 secs] [Times: user=0.01 sys=0.00, real=0.01 secs] 
2024-07-05T13:30:36.649+0800: 1676.379: [GC (Allocation Failure) [PSYoungGen: 1047264K->688K(1047552K)] 1327648K->281080K(1444864K), 0.0078323 secs] [Times: user=0.01 sys=0.00, real=0.01 secs] 
2024-07-05T13:30:37.470+0800: 1677.200: [GC (Allocation Failure) [PSYoungGen: 1047216K->656K(1047552K)] 1327608K->281064K(1444864K), 0.0066570 secs] [Times: user=0.01 sys=0.00, real=0.01 secs] 
2024-07-05T13:30:38.294+0800: 1678.023: [GC (Allocation Failure) [PSYoungGen: 1047184K->704K(1047552K)] 1327592K->281120K(1444864K), 0.0072076 secs] [Times: user=0.01 sys=0.00, real=0.00 secs] 
2024-07-05T13:30:39.073+0800: 1678.802: [GC (Allocation Failure) [PSYoungGen: 1047232K->704K(1047552K)] 1327648K->281128K(1444864K), 0.0053856 secs] [Times: user=0.01 sys=0.00, real=0.01 secs] 
2024-07-05T13:30:39.893+0800: 1679.623: [GC (Allocation Failure) [PSYoungGen: 1047232K->640K(1047552K)] 1327656K->281072K(1444864K), 0.0075420 secs] [Times: user=0.00 sys=0.00, real=0.01 secs] 
2024-07-05T13:30:40.693+0800: 1680.423: [GC (Allocation Failure) [PSYoungGen: 1047168K->736K(1047552K)] 1327600K->281176K(1444864K), 0.0053776 secs] [Times: user=0.01 sys=0.00, real=0.00 secs] 
2024-07-05T13:30:41.494+0800: 1681.223: [GC (Allocation Failure) [PSYoungGen: 1047264K->688K(1047552K)] 1327704K->281136K(1444864K), 0.0076828 secs] [Times: user=0.01 sys=0.00, real=0.01 secs] 
2024-07-05T13:30:42.341+0800: 1682.071: [GC (Allocation Failure) [PSYoungGen: 1047216K->688K(1047552K)] 1327664K->281144K(1444864K), 0.0054478 secs] [Times: user=0.01 sys=0.00, real=0.00 secs] 
2024-07-05T13:30:43.144+0800: 1682.874: [GC (Allocation Failure) [PSYoungGen: 1047216K->704K(1047552K)] 1327672K->281168K(1444864K), 0.0053931 secs] [Times: user=0.00 sys=0.00, real=0.00 secs] 
2024-07-05T13:30:43.958+0800: 1683.687: [GC (Allocation Failure) [PSYoungGen: 1047232K->672K(1047552K)] 1327696K->281144K(1444864K), 0.0083622 secs] [Times: user=0.01 sys=0.00, real=0.01 secs] 
2024-07-05T13:30:44.770+0800: 1684.499: [GC (Allocation Failure) [PSYoungGen: 1047200K->672K(1047552K)] 1327672K->281152K(1444864K), 0.0051794 secs] [Times: user=0.01 sys=0.00, real=0.01 secs] 
2024-07-05T13:30:45.603+0800: 1685.332: [GC (Allocation Failure) [PSYoungGen: 1047200K->720K(1047552K)] 1327680K->281208K(1444864K), 0.0068425 secs] [Times: user=0.01 sys=0.00, real=0.00 secs] 
2024-07-05T13:30:46.419+0800: 1686.148: [GC (Allocation Failure) [PSYoungGen: 1047248K->672K(1047552K)] 1327736K->281168K(1444864K), 0.0065691 secs] [Times: user=0.01 sys=0.00, real=0.01 secs] 
2024-07-05T13:30:47.197+0800: 1686.926: [GC (Allocation Failure) [PSYoungGen: 1047200K->656K(1047552K)] 1327696K->281160K(1444864K), 0.0052981 secs] [Times: user=0.01 sys=0.00, real=0.01 secs] 
2024-07-05T13:30:48.003+0800: 1687.733: [GC (Allocation Failure) [PSYoungGen: 1047184K->688K(1047552K)] 1327688K->281200K(1444864K), 0.0051579 secs] [Times: user=0.01 sys=0.00, real=0.00 secs] 
2024-07-05T13:30:48.844+0800: 1688.574: [GC (Allocation Failure) [PSYoungGen: 1047216K->704K(1047552K)] 1327728K->281232K(1444864K), 0.0054803 secs] [Times: user=0.01 sys=0.00, real=0.00 secs] 
2024-07-05T13:30:49.666+0800: 1689.396: [GC (Allocation Failure) [PSYoungGen: 1047232K->688K(1047552K)] 1327760K->281224K(1444864K), 0.0076659 secs] [Times: user=0.02 sys=0.00, real=0.01 secs] 
2024-07-05T13:30:50.504+0800: 1690.234: [GC (Allocation Failure) [PSYoungGen: 1047216K->704K(1047552K)] 1327752K->281248K(1444864K), 0.0054202 secs] [Times: user=0.01 sys=0.00, real=0.00 secs] 
2024-07-05T13:30:51.308+0800: 1691.038: [GC (Allocation Failure) [PSYoungGen: 1047232K->672K(1047552K)] 1327776K->281224K(1444864K), 0.0063519 secs] [Times: user=0.01 sys=0.00, real=0.01 secs] 
2024-07-05T13:30:52.146+0800: 1691.876: [GC (Allocation Failure) [PSYoungGen: 1047200K->688K(1047552K)] 1327752K->281248K(1444864K), 0.0101640 secs] [Times: user=0.01 sys=0.00, real=0.01 secs] 
2024-07-05T13:30:53.001+0800: 1692.731: [GC (Allocation Failure) [PSYoungGen: 1047216K->672K(1047552K)] 1327776K->281240K(1444864K), 0.0055377 secs] [Times: user=0.01 sys=0.00, real=0.01 secs] 
2024-07-05T13:30:53.814+0800: 1693.543: [GC (Allocation Failure) [PSYoungGen: 1047200K->704K(1047552K)] 1327768K->281280K(1444864K), 0.0080511 secs] [Times: user=0.01 sys=0.00, real=0.01 secs] 
2024-07-05T13:30:54.650+0800: 1694.379: [GC (Allocation Failure) [PSYoungGen: 1047232K->688K(1047552K)] 1327808K->281272K(1444864K), 0.0092642 secs] [Times: user=0.01 sys=0.00, real=0.01 secs] 
2024-07-05T13:30:55.484+0800: 1695.214: [GC (Allocation Failure) [PSYoungGen: 1047216K->736K(1047552K)] 1327800K->281328K(1444864K), 0.0053242 secs] [Times: user=0.01 sys=0.00, real=0.00 secs] 
2024-07-05T13:30:56.286+0800: 1696.015: [GC (Allocation Failure) [PSYoungGen: 1047264K->720K(1047552K)] 1327856K->281320K(1444864K), 0.0093266 secs] [Times: user=0.01 sys=0.00, real=0.01 secs] 
2024-07-05T13:30:57.099+0800: 1696.829: [GC (Allocation Failure) [PSYoungGen: 1047248K->688K(1047552K)] 1327848K->281296K(1444864K), 0.0063053 secs] [Times: user=0.00 sys=0.00, real=0.01 secs] 
2024-07-05T13:30:57.890+0800: 1697.619: [GC (Allocation Failure) [PSYoungGen: 1047216K->720K(1047552K)] 1327824K->281336K(1444864K), 0.0082015 secs] [Times: user=0.01 sys=0.00, real=0.01 secs] 
2024-07-05T13:30:58.706+0800: 1698.436: [GC (Allocation Failure) [PSYoungGen: 1047248K->704K(1047552K)] 1327864K->281328K(1444864K), 0.0066882 secs] [Times: user=0.01 sys=0.00, real=0.00 secs] 
2024-07-05T13:30:59.516+0800: 1699.246: [GC (Allocation Failure) [PSYoungGen: 1047232K->640K(1047552K)] 1327856K->281272K(1444864K), 0.0053358 secs] [Times: user=0.01 sys=0.00, real=0.01 secs] 
2024-07-05T13:31:00.320+0800: 1700.050: [GC (Allocation Failure) [PSYoungGen: 1047168K->704K(1047552K)] 1327800K->281344K(1444864K), 0.0079950 secs] [Times: user=0.01 sys=0.00, real=0.01 secs] 
2024-07-05T13:31:01.150+0800: 1700.879: [GC (Allocation Failure) [PSYoungGen: 1047232K->688K(1047552K)] 1327872K->281336K(1444864K), 0.0051259 secs] [Times: user=0.01 sys=0.00, real=0.01 secs] 
2024-07-05T13:31:01.941+0800: 1701.671: [GC (Allocation Failure) [PSYoungGen: 1047216K->752K(1047552K)] 1327864K->281408K(1444864K), 0.0078256 secs] [Times: user=0.01 sys=0.00, real=0.00 secs] 
2024-07-05T13:31:02.801+0800: 1702.531: [GC (Allocation Failure) [PSYoungGen: 1047280K->720K(1047552K)] 1327936K->281384K(1444864K), 0.0091859 secs] [Times: user=0.01 sys=0.00, real=0.01 secs] 
2024-07-05T13:31:03.610+0800: 1703.339: [GC (Allocation Failure) [PSYoungGen: 1047248K->688K(1047552K)] 1327912K->281360K(1444864K), 0.0081235 secs] [Times: user=0.01 sys=0.00, real=0.01 secs] 
2024-07-05T13:31:04.427+0800: 1704.157: [GC (Allocation Failure) [PSYoungGen: 1047216K->720K(1047552K)] 1327888K->281400K(1444864K), 0.0061358 secs] [Times: user=0.01 sys=0.00, real=0.01 secs] 
2024-07-05T13:31:05.270+0800: 1705.000: [GC (Allocation Failure) [PSYoungGen: 1047248K->720K(1047552K)] 1327928K->281408K(1444864K), 0.0073550 secs] [Times: user=0.01 sys=0.00, real=0.01 secs] 
2024-07-05T13:31:06.105+0800: 1705.835: [GC (Allocation Failure) [PSYoungGen: 1047248K->688K(1047552K)] 1327936K->281384K(1444864K), 0.0070834 secs] [Times: user=0.01 sys=0.00, real=0.00 secs] 
2024-07-05T13:31:06.930+0800: 1706.660: [GC (Allocation Failure) [PSYoungGen: 1047216K->736K(1047552K)] 1327912K->281440K(1444864K), 0.0052037 secs] [Times: user=0.01 sys=0.00, real=0.01 secs] 
2024-07-05T13:31:07.730+0800: 1707.460: [GC (Allocation Failure) [PSYoungGen: 1047264K->720K(1047552K)] 1327968K->281432K(1444864K), 0.0064782 secs] [Times: user=0.01 sys=0.00, real=0.01 secs] 
2024-07-05T13:31:08.538+0800: 1708.268: [GC (Allocation Failure) [PSYoungGen: 1047248K->656K(1047552K)] 1327960K->281384K(1444864K), 0.0091406 secs] [Times: user=0.01 sys=0.00, real=0.01 secs] 
2024-07-05T13:31:09.377+0800: 1709.107: [GC (Allocation Failure) [PSYoungGen: 1047184K->752K(1047552K)] 1327912K->281488K(1444864K), 0.0092079 secs] [Times: user=0.01 sys=0.00, real=0.01 secs] 
2024-07-05T13:31:10.187+0800: 1709.917: [GC (Allocation Failure) [PSYoungGen: 1047280K->704K(1047552K)] 1328016K->281448K(1444864K), 0.0063468 secs] [Times: user=0.01 sys=0.00, real=0.01 secs] 
2024-07-05T13:31:11.025+0800: 1710.754: [GC (Allocation Failure) [PSYoungGen: 1047232K->656K(1047552K)] 1327976K->281408K(1444864K), 0.0053524 secs] [Times: user=0.01 sys=0.00, real=0.00 secs] 
2024-07-05T13:31:11.826+0800: 1711.556: [GC (Allocation Failure) [PSYoungGen: 1047184K->720K(1047552K)] 1327936K->281480K(1444864K), 0.0097275 secs] [Times: user=0.01 sys=0.00, real=0.01 secs] 
2024-07-05T13:31:12.661+0800: 1712.391: [GC (Allocation Failure) [PSYoungGen: 1047248K->688K(1047552K)] 1328008K->281456K(1444864K), 0.0087748 secs] [Times: user=0.01 sys=0.00, real=0.00 secs] 
2024-07-05T13:31:13.503+0800: 1713.233: [GC (Allocation Failure) [PSYoungGen: 1047216K->672K(1047552K)] 1327984K->281448K(1444864K), 0.0052979 secs] [Times: user=0.01 sys=0.00, real=0.00 secs] 
2024-07-05T13:31:14.291+0800: 1714.021: [GC (Allocation Failure) [PSYoungGen: 1047200K->688K(1047552K)] 1327976K->281472K(1444864K), 0.0055408 secs] [Times: user=0.00 sys=0.00, real=0.01 secs] 
2024-07-05T13:31:15.115+0800: 1714.845: [GC (Allocation Failure) [PSYoungGen: 1047216K->688K(1047552K)] 1328000K->281480K(1444864K), 0.0056024 secs] [Times: user=0.01 sys=0.00, real=0.00 secs] 
2024-07-05T13:31:15.933+0800: 1715.663: [GC (Allocation Failure) [PSYoungGen: 1047216K->672K(1047552K)] 1328008K->281472K(1444864K), 0.0092777 secs] [Times: user=0.01 sys=0.00, real=0.02 secs] 
2024-07-05T13:31:16.726+0800: 1716.455: [GC (Allocation Failure) [PSYoungGen: 1047200K->704K(1047552K)] 1328000K->281512K(1444864K), 0.0053546 secs] [Times: user=0.01 sys=0.00, real=0.00 secs] 
2024-07-05T13:31:17.573+0800: 1717.303: [GC (Allocation Failure) [PSYoungGen: 1047232K->704K(1047552K)] 1328040K->281520K(1444864K), 0.0057645 secs] [Times: user=0.01 sys=0.00, real=0.00 secs] 
2024-07-05T13:31:18.378+0800: 1718.108: [GC (Allocation Failure) [PSYoungGen: 1047232K->768K(1047552K)] 1328048K->281592K(1444864K), 0.0054244 secs] [Times: user=0.01 sys=0.00, real=0.01 secs] 
2024-07-05T13:31:19.232+0800: 1718.962: [GC (Allocation Failure) [PSYoungGen: 1047296K->720K(1047552K)] 1328120K->281552K(1444864K), 0.0054477 secs] [Times: user=0.01 sys=0.00, real=0.01 secs] 
2024-07-05T13:31:20.062+0800: 1719.791: [GC (Allocation Failure) [PSYoungGen: 1047248K->672K(1047552K)] 1328080K->281512K(1444864K), 0.0052869 secs] [Times: user=0.00 sys=0.00, real=0.00 secs] 
2024-07-05T13:31:20.887+0800: 1720.617: [GC (Allocation Failure) [PSYoungGen: 1047200K->656K(1047552K)] 1328040K->281504K(1444864K), 0.0050324 secs] [Times: user=0.00 sys=0.00, real=0.00 secs] 
2024-07-05T13:31:21.705+0800: 1721.435: [GC (Allocation Failure) [PSYoungGen: 1047184K->672K(1047552K)] 1328032K->281528K(1444864K), 0.0089275 secs] [Times: user=0.01 sys=0.00, real=0.01 secs] 
2024-07-05T13:31:22.524+0800: 1722.254: [GC (Allocation Failure) [PSYoungGen: 1047200K->656K(1047552K)] 1328056K->281520K(1444864K), 0.0052737 secs] [Times: user=0.01 sys=0.00, real=0.00 secs] 
2024-07-05T13:31:23.351+0800: 1723.080: [GC (Allocation Failure) [PSYoungGen: 1047184K->688K(1047552K)] 1328048K->281560K(1444864K), 0.0065519 secs] [Times: user=0.01 sys=0.00, real=0.01 secs] 
2024-07-05T13:31:24.145+0800: 1723.875: [GC (Allocation Failure) [PSYoungGen: 1047216K->704K(1047552K)] 1328088K->281592K(1444864K), 0.0053651 secs] [Times: user=0.00 sys=0.00, real=0.00 secs] 
2024-07-05T13:31:24.934+0800: 1724.663: [GC (Allocation Failure) [PSYoungGen: 1047232K->656K(1047552K)] 1328120K->281552K(1444864K), 0.0076716 secs] [Times: user=0.01 sys=0.00, real=0.01 secs] 
2024-07-05T13:31:25.806+0800: 1725.535: [GC (Allocation Failure) [PSYoungGen: 1047184K->704K(1047552K)] 1328080K->281608K(1444864K), 0.0076687 secs] [Times: user=0.01 sys=0.00, real=0.01 secs] 
2024-07-05T13:31:26.619+0800: 1726.348: [GC (Allocation Failure) [PSYoungGen: 1047232K->704K(1047552K)] 1328136K->281616K(1444864K), 0.0066236 secs] [Times: user=0.00 sys=0.00, real=0.01 secs] 
2024-07-05T13:31:27.418+0800: 1727.148: [GC (Allocation Failure) [PSYoungGen: 1047232K->672K(1047552K)] 1328144K->281592K(1444864K), 0.0128048 secs] [Times: user=0.01 sys=0.00, real=0.01 secs] 
2024-07-05T13:31:28.242+0800: 1727.972: [GC (Allocation Failure) [PSYoungGen: 1047200K->688K(1047552K)] 1328120K->281616K(1444864K), 0.0092546 secs] [Times: user=0.01 sys=0.00, real=0.00 secs] 
2024-07-05T13:31:29.046+0800: 1728.775: [GC (Allocation Failure) [PSYoungGen: 1047216K->688K(1047552K)] 1328144K->281624K(1444864K), 0.0074059 secs] [Times: user=0.02 sys=0.00, real=0.01 secs] 
2024-07-05T13:31:29.914+0800: 1729.643: [GC (Allocation Failure) [PSYoungGen: 1047216K->720K(1047552K)] 1328152K->281664K(1444864K), 0.0077350 secs] [Times: user=0.01 sys=0.00, real=0.01 secs] 
2024-07-05T13:31:30.706+0800: 1730.436: [GC (Allocation Failure) [PSYoungGen: 1047248K->704K(1047552K)] 1328192K->281656K(1444864K), 0.0059444 secs] [Times: user=0.01 sys=0.00, real=0.00 secs] 
2024-07-05T13:31:31.510+0800: 1731.240: [GC (Allocation Failure) [PSYoungGen: 1047232K->688K(1047552K)] 1328184K->281648K(1444864K), 0.0072139 secs] [Times: user=0.01 sys=0.00, real=0.01 secs] 
2024-07-05T13:31:32.351+0800: 1732.081: [GC (Allocation Failure) [PSYoungGen: 1047216K->736K(1047552K)] 1328176K->281704K(1444864K), 0.0064440 secs] [Times: user=0.01 sys=0.00, real=0.01 secs] 
2024-07-05T13:31:33.140+0800: 1732.870: [GC (Allocation Failure) [PSYoungGen: 1047264K->704K(1047552K)] 1328232K->281680K(1444864K), 0.0060542 secs] [Times: user=0.01 sys=0.00, real=0.01 secs] 
2024-07-05T13:31:33.974+0800: 1733.703: [GC (Allocation Failure) [PSYoungGen: 1047232K->656K(1047552K)] 1328208K->281640K(1444864K), 0.0051563 secs] [Times: user=0.01 sys=0.00, real=0.00 secs] 
2024-07-05T13:31:34.756+0800: 1734.486: [GC (Allocation Failure) [PSYoungGen: 1047184K->720K(1047552K)] 1328168K->281712K(1444864K), 0.0055085 secs] [Times: user=0.01 sys=0.00, real=0.01 secs] 
2024-07-05T13:31:35.562+0800: 1735.291: [GC (Allocation Failure) [PSYoungGen: 1047248K->688K(1047552K)] 1328240K->281688K(1444864K), 0.0058518 secs] [Times: user=0.01 sys=0.00, real=0.00 secs] 
2024-07-05T13:31:36.406+0800: 1736.135: [GC (Allocation Failure) [PSYoungGen: 1047216K->640K(1047552K)] 1328216K->281656K(1444864K), 0.0085520 secs] [Times: user=0.00 sys=0.00, real=0.01 secs] 
2024-07-05T13:31:37.218+0800: 1736.948: [GC (Allocation Failure) [PSYoungGen: 1047168K->704K(1047552K)] 1328184K->281728K(1444864K), 0.0078282 secs] [Times: user=0.01 sys=0.00, real=0.01 secs] 
2024-07-05T13:31:38.058+0800: 1737.787: [GC (Allocation Failure) [PSYoungGen: 1047232K->720K(1047552K)] 1328256K->281752K(1444864K), 0.0100944 secs] [Times: user=0.02 sys=0.00, real=0.01 secs] 
2024-07-05T13:31:38.874+0800: 1738.604: [GC (Allocation Failure) [PSYoungGen: 1047248K->624K(1047552K)] 1328280K->281664K(1444864K), 0.0052923 secs] [Times: user=0.01 sys=0.00, real=0.00 secs] 
2024-07-05T13:31:39.698+0800: 1739.427: [GC (Allocation Failure) [PSYoungGen: 1047152K->704K(1047552K)] 1328192K->281752K(1444864K), 0.0053489 secs] [Times: user=0.01 sys=0.00, real=0.01 secs] 
2024-07-05T13:31:40.552+0800: 1740.282: [GC (Allocation Failure) [PSYoungGen: 1047232K->672K(1047552K)] 1328280K->281728K(1444864K), 0.0084119 secs] [Times: user=0.01 sys=0.00, real=0.01 secs] 
2024-07-05T13:31:41.354+0800: 1741.083: [GC (Allocation Failure) [PSYoungGen: 1047200K->736K(1047552K)] 1328256K->281800K(1444864K), 0.0069472 secs] [Times: user=0.01 sys=0.00, real=0.00 secs] 
2024-07-05T13:31:42.166+0800: 1741.895: [GC (Allocation Failure) [PSYoungGen: 1047264K->736K(1047552K)] 1328328K->281808K(1444864K), 0.0090729 secs] [Times: user=0.01 sys=0.00, real=0.01 secs] 
2024-07-05T13:31:42.954+0800: 1742.683: [GC (Allocation Failure) [PSYoungGen: 1047264K->672K(1047552K)] 1328336K->281752K(1444864K), 0.0090206 secs] [Times: user=0.01 sys=0.01, real=0.01 secs] 
2024-07-05T13:31:43.750+0800: 1743.479: [GC (Allocation Failure) [PSYoungGen: 1047200K->736K(1047552K)] 1328280K->281824K(1444864K), 0.0056899 secs] [Times: user=0.01 sys=0.00, real=0.01 secs] 
2024-07-05T13:31:44.570+0800: 1744.300: [GC (Allocation Failure) [PSYoungGen: 1047264K->720K(1047552K)] 1328352K->281816K(1444864K), 0.0053373 secs] [Times: user=0.01 sys=0.00, real=0.01 secs] 
2024-07-05T13:31:45.374+0800: 1745.103: [GC (Allocation Failure) [PSYoungGen: 1047248K->656K(1047552K)] 1328344K->281760K(1444864K), 0.0057254 secs] [Times: user=0.01 sys=0.00, real=0.00 secs] 
2024-07-05T13:31:46.230+0800: 1745.959: [GC (Allocation Failure) [PSYoungGen: 1047184K->720K(1047552K)] 1328288K->281832K(1444864K), 0.0075923 secs] [Times: user=0.01 sys=0.00, real=0.01 secs] 
2024-07-05T13:31:46.998+0800: 1746.728: [GC (Allocation Failure) [PSYoungGen: 1047248K->704K(1047552K)] 1328360K->281824K(1444864K), 0.0086645 secs] [Times: user=0.01 sys=0.00, real=0.01 secs] 
2024-07-05T13:31:47.792+0800: 1747.522: [GC (Allocation Failure) [PSYoungGen: 1047232K->656K(1047552K)] 1328352K->281784K(1444864K), 0.0094743 secs] [Times: user=0.00 sys=0.01, real=0.02 secs] 
2024-07-05T13:31:48.630+0800: 1748.359: [GC (Allocation Failure) [PSYoungGen: 1047184K->704K(1047552K)] 1328312K->281848K(1444864K), 0.0060656 secs] [Times: user=0.01 sys=0.00, real=0.01 secs] 
2024-07-05T13:31:49.438+0800: 1749.168: [GC (Allocation Failure) [PSYoungGen: 1047232K->688K(1047552K)] 1328376K->281840K(1444864K), 0.0097078 secs] [Times: user=0.01 sys=0.00, real=0.01 secs] 
2024-07-05T13:31:50.345+0800: 1750.074: [GC (Allocation Failure) [PSYoungGen: 1047216K->688K(1047552K)] 1328368K->281848K(1444864K), 0.0060905 secs] [Times: user=0.01 sys=0.00, real=0.00 secs] 
2024-07-05T13:31:51.242+0800: 1750.972: [GC (Allocation Failure) [PSYoungGen: 1047216K->672K(1047552K)] 1328376K->281840K(1444864K), 0.0062390 secs] [Times: user=0.00 sys=0.00, real=0.00 secs] 
2024-07-05T13:31:52.142+0800: 1751.871: [GC (Allocation Failure) [PSYoungGen: 1047200K->688K(1047552K)] 1328368K->281864K(1444864K), 0.0067004 secs] [Times: user=0.01 sys=0.00, real=0.00 secs] 
2024-07-05T13:31:52.970+0800: 1752.699: [GC (Allocation Failure) [PSYoungGen: 1047216K->688K(1047552K)] 1328392K->281872K(1444864K), 0.0074661 secs] [Times: user=0.01 sys=0.00, real=0.01 secs] 
2024-07-05T13:31:53.773+0800: 1753.502: [GC (Allocation Failure) [PSYoungGen: 1047216K->656K(1047552K)] 1328400K->281848K(1444864K), 0.0051993 secs] [Times: user=0.01 sys=0.00, real=0.01 secs] 
2024-07-05T13:31:54.594+0800: 1754.324: [GC (Allocation Failure) [PSYoungGen: 1047184K->720K(1047552K)] 1328376K->281920K(1444864K), 0.0068893 secs] [Times: user=0.01 sys=0.00, real=0.01 secs] 
2024-07-05T13:31:55.390+0800: 1755.119: [GC (Allocation Failure) [PSYoungGen: 1047248K->672K(1047552K)] 1328448K->281880K(1444864K), 0.0070646 secs] [Times: user=0.01 sys=0.00, real=0.01 secs] 
2024-07-05T13:31:56.191+0800: 1755.921: [GC (Allocation Failure) [PSYoungGen: 1047200K->656K(1047552K)] 1328408K->281872K(1444864K), 0.0063744 secs] [Times: user=0.01 sys=0.00, real=0.01 secs] 
2024-07-05T13:31:56.998+0800: 1756.727: [GC (Allocation Failure) [PSYoungGen: 1047184K->720K(1047552K)] 1328400K->281944K(1444864K), 0.0090796 secs] [Times: user=0.01 sys=0.00, real=0.01 secs] 
2024-07-05T13:31:57.792+0800: 1757.521: [GC (Allocation Failure) [PSYoungGen: 1047248K->672K(1047552K)] 1328472K->281904K(1444864K), 0.0058039 secs] [Times: user=0.01 sys=0.00, real=0.01 secs] 
2024-07-05T13:31:58.611+0800: 1758.340: [GC (Allocation Failure) [PSYoungGen: 1047200K->672K(1047552K)] 1328432K->281912K(1444864K), 0.0078933 secs] [Times: user=0.01 sys=0.00, real=0.01 secs] 
2024-07-05T13:31:59.450+0800: 1759.180: [GC (Allocation Failure) [PSYoungGen: 1047200K->688K(1047552K)] 1328440K->281936K(1444864K), 0.0076010 secs] [Times: user=0.01 sys=0.00, real=0.01 secs] 
2024-07-05T13:32:00.280+0800: 1760.010: [GC (Allocation Failure) [PSYoungGen: 1047216K->672K(1047552K)] 1328464K->281928K(1444864K), 0.0078134 secs] [Times: user=0.01 sys=0.00, real=0.01 secs] 
2024-07-05T13:32:01.115+0800: 1760.845: [GC (Allocation Failure) [PSYoungGen: 1047200K->752K(1047552K)] 1328456K->282016K(1444864K), 0.0069281 secs] [Times: user=0.01 sys=0.00, real=0.01 secs] 
2024-07-05T13:32:01.938+0800: 1761.667: [GC (Allocation Failure) [PSYoungGen: 1047280K->704K(1047552K)] 1328544K->281984K(1444864K), 0.0076737 secs] [Times: user=0.01 sys=0.00, real=0.01 secs] 
2024-07-05T13:32:02.790+0800: 1762.519: [GC (Allocation Failure) [PSYoungGen: 1047232K->672K(1047552K)] 1328512K->281960K(1444864K), 0.0087277 secs] [Times: user=0.01 sys=0.00, real=0.01 secs] 
2024-07-05T13:32:03.606+0800: 1763.335: [GC (Allocation Failure) [PSYoungGen: 1047200K->720K(1047552K)] 1328488K->282016K(1444864K), 0.0080843 secs] [Times: user=0.01 sys=0.00, real=0.01 secs] 
2024-07-05T13:32:04.414+0800: 1764.143: [GC (Allocation Failure) [PSYoungGen: 1047248K->704K(1047552K)] 1328544K->282008K(1444864K), 0.0073286 secs] [Times: user=0.01 sys=0.00, real=0.01 secs] 
2024-07-05T13:32:05.222+0800: 1764.951: [GC (Allocation Failure) [PSYoungGen: 1047232K->672K(1047552K)] 1328536K->281984K(1444864K), 0.0052541 secs] [Times: user=0.01 sys=0.00, real=0.00 secs] 
2024-07-05T13:32:06.078+0800: 1765.807: [GC (Allocation Failure) [PSYoungGen: 1047200K->704K(1047552K)] 1328512K->282024K(1444864K), 0.0074895 secs] [Times: user=0.01 sys=0.00, real=0.01 secs] 
2024-07-05T13:32:06.902+0800: 1766.631: [GC (Allocation Failure) [PSYoungGen: 1047232K->720K(1047552K)] 1328552K->282048K(1444864K), 0.0087794 secs] [Times: user=0.00 sys=0.00, real=0.00 secs] 
2024-07-05T13:32:07.690+0800: 1767.419: [GC (Allocation Failure) [PSYoungGen: 1047248K->672K(1047552K)] 1328576K->282008K(1444864K), 0.0091857 secs] [Times: user=0.00 sys=0.00, real=0.01 secs] 
2024-07-05T13:32:08.471+0800: 1768.201: [GC (Allocation Failure) [PSYoungGen: 1047200K->720K(1047552K)] 1328536K->282064K(1444864K), 0.0065376 secs] [Times: user=0.01 sys=0.00, real=0.01 secs] 
2024-07-05T13:32:09.409+0800: 1769.139: [GC (Allocation Failure) [PSYoungGen: 1047248K->640K(1047552K)] 1328592K->281992K(1444864K), 0.0060737 secs] [Times: user=0.01 sys=0.00, real=0.01 secs] 
2024-07-05T13:32:25.552+0800: 1785.282: [GC (Allocation Failure) [PSYoungGen: 1047168K->1016K(1047552K)] 1328520K->282419K(1444864K), 0.0096066 secs] [Times: user=0.01 sys=0.00, real=0.02 secs] 
2024-07-05T13:32:41.583+0800: 1801.313: [GC (Allocation Failure) [PSYoungGen: 1047544K->800K(1047552K)] 1328947K->282210K(1444864K), 0.0047495 secs] [Times: user=0.01 sys=0.00, real=0.00 secs] 
2024-07-05T13:32:57.665+0800: 1817.395: [GC (Allocation Failure) [PSYoungGen: 1047328K->800K(1047552K)] 1328738K->282218K(1444864K), 0.0060040 secs] [Times: user=0.00 sys=0.00, real=0.00 secs] 
2024-07-05T13:33:14.908+0800: 1834.638: [GC (Allocation Failure) [PSYoungGen: 1047328K->832K(1047552K)] 1328746K->282258K(1444864K), 0.0040520 secs] [Times: user=0.01 sys=0.00, real=0.00 secs] 
2024-07-05T13:33:31.148+0800: 1850.877: [GC (Allocation Failure) [PSYoungGen: 1047360K->816K(1047552K)] 1328786K->282258K(1444864K), 0.0035103 secs] [Times: user=0.01 sys=0.00, real=0.00 secs] 
2024-07-05T13:33:47.604+0800: 1867.334: [GC (Allocation Failure) [PSYoungGen: 1047344K->816K(1047552K)] 1328786K->282266K(1444864K), 0.0040869 secs] [Times: user=0.01 sys=0.00, real=0.00 secs] 
2024-07-05T13:34:03.955+0800: 1883.685: [GC (Allocation Failure) [PSYoungGen: 1047344K->832K(1047552K)] 1328794K->282290K(1444864K), 0.0047443 secs] [Times: user=0.01 sys=0.00, real=0.00 secs] 
2024-07-05T13:34:20.076+0800: 1899.806: [GC (Allocation Failure) [PSYoungGen: 1047360K->816K(1047552K)] 1328818K->282282K(1444864K), 0.0035999 secs] [Times: user=0.01 sys=0.00, real=0.00 secs] 
2024-07-05T13:34:36.298+0800: 1916.027: [GC (Allocation Failure) [PSYoungGen: 1047344K->816K(1047552K)] 1328810K->282290K(1444864K), 0.0038640 secs] [Times: user=0.00 sys=0.00, real=0.01 secs] 
2024-07-05T13:34:52.835+0800: 1932.565: [GC (Allocation Failure) [PSYoungGen: 1047344K->816K(1047552K)] 1328818K->282298K(1444864K), 0.0050093 secs] [Times: user=0.01 sys=0.00, real=0.00 secs] 
2024-07-05T13:35:09.184+0800: 1948.913: [GC (Allocation Failure) [PSYoungGen: 1047344K->816K(1047552K)] 1328826K->282306K(1444864K), 0.0035513 secs] [Times: user=0.00 sys=0.00, real=0.00 secs] 
2024-07-05T13:35:25.249+0800: 1964.979: [GC (Allocation Failure) [PSYoungGen: 1047344K->816K(1047552K)] 1328834K->282314K(1444864K), 0.0046024 secs] [Times: user=0.00 sys=0.00, real=0.01 secs] 
2024-07-05T13:35:41.482+0800: 1981.212: [GC (Allocation Failure) [PSYoungGen: 1047344K->720K(1047552K)] 1328842K->282226K(1444864K), 0.0042665 secs] [Times: user=0.00 sys=0.00, real=0.00 secs] 
2024-07-05T13:35:57.422+0800: 1997.151: [GC (Allocation Failure) [PSYoungGen: 1047248K->848K(1047552K)] 1328754K->282362K(1444864K), 0.0036725 secs] [Times: user=0.00 sys=0.00, real=0.00 secs] 
2024-07-05T13:36:12.820+0800: 2012.550: [GC (Allocation Failure) [PSYoungGen: 1025419K->464K(1047552K)] 1306933K->413082K(1478144K), 0.0585379 secs] [Times: user=0.03 sys=0.08, real=0.06 secs] 
2024-07-05T13:36:12.879+0800: 2012.608: [Full GC (Ergonomics) [PSYoungGen: 464K->0K(1047552K)] [ParOldGen: 412618K->308703K(484864K)] 413082K->308703K(1532416K), [Metaspace: 22744K->22744K(1071104K)], 0.1875707 secs] [Times: user=0.34 sys=0.01, real=0.19 secs] 
2024-07-05T13:36:42.398+0800: 2042.127: [GC (Allocation Failure) [PSYoungGen: 1027277K->64K(1047040K)] 1335981K->308767K(1531904K), 0.0034306 secs] [Times: user=0.01 sys=0.00, real=0.00 secs] 
2024-07-05T13:37:09.719+0800: 2069.449: [GC (Allocation Failure) [PSYoungGen: 1030571K->96K(1047040K)] 1339275K->308799K(1531904K), 0.0025233 secs] [Times: user=0.01 sys=0.00, real=0.01 secs] 
2024-07-05T13:37:38.750+0800: 2098.480: [GC (Allocation Failure) [PSYoungGen: 1032448K->80K(1047040K)] 1341152K->308783K(1531904K), 0.0023459 secs] [Times: user=0.00 sys=0.00, real=0.00 secs] 
2024-07-05T13:38:08.958+0800: 2128.687: [GC (Allocation Failure) [PSYoungGen: 1033860K->80K(1047040K)] 1342564K->308783K(1531904K), 0.0032816 secs] [Times: user=0.00 sys=0.00, real=0.01 secs] 
2024-07-05T13:38:37.580+0800: 2157.309: [GC (Allocation Failure) [PSYoungGen: 1034779K->128K(1047040K)] 1343483K->308831K(1531904K), 0.0027474 secs] [Times: user=0.00 sys=0.00, real=0.01 secs] 
2024-07-05T13:39:04.717+0800: 2184.447: [GC (Allocation Failure) [PSYoungGen: 1035417K->112K(1047040K)] 1344121K->341583K(1531904K), 0.0096887 secs] [Times: user=0.02 sys=0.00, real=0.01 secs] 
2024-07-05T13:39:33.310+0800: 2213.039: [GC (Allocation Failure) [PSYoungGen: 1035781K->96K(1047040K)] 1377253K->341567K(1531904K), 0.0031594 secs] [Times: user=0.00 sys=0.00, real=0.00 secs] 
2024-07-05T13:40:01.550+0800: 2241.279: [GC (Allocation Failure) [PSYoungGen: 1036240K->80K(1047040K)] 1377712K->341551K(1531904K), 0.0033027 secs] [Times: user=0.00 sys=0.00, real=0.00 secs] 
2024-07-05T13:40:31.590+0800: 2271.320: [GC (Allocation Failure) [PSYoungGen: 1045584K->1521K(1047040K)] 1387055K->454874K(1531904K), 0.0300651 secs] [Times: user=0.04 sys=0.01, real=0.03 secs] 
2024-07-05T13:40:31.620+0800: 2271.350: [Full GC (Ergonomics) [PSYoungGen: 1521K->0K(1047040K)] [ParOldGen: 453352K->323671K(560128K)] 454874K->323671K(1607168K), [Metaspace: 22780K->22780K(1071104K)], 0.0978591 secs] [Times: user=0.18 sys=0.00, real=0.10 secs] 
2024-07-05T13:41:05.580+0800: 2305.310: [GC (Allocation Failure) [PSYoungGen: 1045504K->1521K(891392K)] 1369175K->441474K(1451520K), 0.0166283 secs] [Times: user=0.03 sys=0.00, real=0.02 secs] 
2024-07-05T13:41:33.382+0800: 2333.112: [GC (Allocation Failure) [PSYoungGen: 891377K->79357K(969216K)] 1331330K->570608K(1529344K), 0.0317407 secs] [Times: user=0.04 sys=0.02, real=0.03 secs] 
2024-07-05T13:41:33.414+0800: 2333.144: [Full GC (Ergonomics) [PSYoungGen: 79357K->0K(969216K)] [ParOldGen: 491251K->339489K(604672K)] 570608K->339489K(1573888K), [Metaspace: 22782K->22782K(1071104K)], 0.1105552 secs] [Times: user=0.19 sys=0.00, real=0.11 secs] 
2024-07-05T13:42:05.328+0800: 2365.058: [GC (Allocation Failure) [PSYoungGen: 889856K->79357K(913920K)] 1229345K->437825K(1518592K), 0.0144503 secs] [Times: user=0.03 sys=0.00, real=0.02 secs] 
2024-07-05T13:42:35.131+0800: 2394.861: [GC (Allocation Failure) [PSYoungGen: 913917K->73879K(873984K)] 1272385K->432348K(1478656K), 0.0122874 secs] [Times: user=0.02 sys=0.00, real=0.02 secs] 
2024-07-05T13:43:00.977+0800: 2420.707: [GC (Allocation Failure) [PSYoungGen: 873623K->78956K(863232K)] 1232092K->437425K(1467904K), 0.0128109 secs] [Times: user=0.02 sys=0.00, real=0.01 secs] 
2024-07-05T13:43:23.752+0800: 2443.482: [GC (Allocation Failure) [PSYoungGen: 845420K->114271K(849408K)] 1203889K->472739K(1454080K), 0.0164924 secs] [Times: user=0.03 sys=0.00, real=0.02 secs] 
2024-07-05T13:43:48.766+0800: 2468.496: [GC (Allocation Failure) [PSYoungGen: 848991K->119028K(840704K)] 1207459K->477496K(1445376K), 0.0168867 secs] [Times: user=0.03 sys=0.00, real=0.02 secs] 
2024-07-05T13:44:12.170+0800: 2491.900: [GC (Allocation Failure) [PSYoungGen: 823540K->96157K(772096K)] 1182008K->454625K(1376768K), 0.0156236 secs] [Times: user=0.03 sys=0.00, real=0.02 secs] 
2024-07-05T13:48:42.187+0800: 2761.916: [GC (Allocation Failure) [PSYoungGen: 763118K->5399K(782336K)] 1121586K->363867K(1387008K), 0.0063276 secs] [Times: user=0.01 sys=0.00, real=0.00 secs] 
2024-07-05T13:49:03.444+0800: 2783.174: [GC (Allocation Failure) [PSYoungGen: 624332K->5335K(628224K)] 982800K->363803K(1232896K), 0.0062440 secs] [Times: user=0.00 sys=0.00, real=0.00 secs] 
2024-07-05T13:49:21.755+0800: 2801.485: [GC (Allocation Failure) [PSYoungGen: 619337K->5367K(726528K)] 977806K->363835K(1331200K), 0.0052108 secs] [Times: user=0.01 sys=0.00, real=0.00 secs] 
2024-07-05T13:49:39.671+0800: 2819.401: [GC (Allocation Failure) [PSYoungGen: 602096K->36649K(611328K)] 960564K->395117K(1216000K), 0.0122151 secs] [Times: user=0.02 sys=0.00, real=0.02 secs] 
2024-07-05T13:49:57.282+0800: 2837.012: [GC (Allocation Failure) [PSYoungGen: 596715K->36633K(657408K)] 955183K->395101K(1262080K), 0.0114933 secs] [Times: user=0.01 sys=0.00, real=0.01 secs] 
2024-07-05T13:50:15.688+0800: 2855.418: [GC (Allocation Failure) [PSYoungGen: 565313K->5351K(536064K)] 923781K->363819K(1140736K), 0.0056178 secs] [Times: user=0.00 sys=0.01, real=0.01 secs] 
2024-07-05T13:50:31.079+0800: 2870.809: [GC (Allocation Failure) [PSYoungGen: 514461K->5351K(616960K)] 872929K->363819K(1221632K), 0.0053391 secs] [Times: user=0.01 sys=0.00, real=0.01 secs] 
2024-07-05T13:50:47.100+0800: 2886.830: [GC (Allocation Failure) [PSYoungGen: 515002K->5351K(496128K)] 873470K->363819K(1100800K), 0.0066249 secs] [Times: user=0.00 sys=0.00, real=0.01 secs] 
2024-07-05T13:51:01.935+0800: 2901.664: [GC (Allocation Failure) [PSYoungGen: 466112K->5383K(570880K)] 824580K->363851K(1175552K), 0.0051913 secs] [Times: user=0.01 sys=0.00, real=0.00 secs] 
2024-07-05T13:51:16.843+0800: 2916.572: [GC (Allocation Failure) [PSYoungGen: 463521K->3237K(458240K)] 821989K->363843K(1062912K), 0.0041834 secs] [Times: user=0.01 sys=0.00, real=0.00 secs] 
2024-07-05T13:51:28.883+0800: 2928.613: [GC (Allocation Failure) [PSYoungGen: 444009K->34503K(525312K)] 804616K->395117K(1129984K), 0.0105442 secs] [Times: user=0.01 sys=0.01, real=0.01 secs] 
2024-07-05T13:51:43.983+0800: 2943.713: [GC (Allocation Failure) [PSYoungGen: 461249K->3269K(425472K)] 821863K->363891K(1030144K), 0.0047752 secs] [Times: user=0.01 sys=0.00, real=0.00 secs] 
2024-07-05T13:51:56.269+0800: 2955.999: [GC (Allocation Failure) [PSYoungGen: 410928K->3237K(489984K)] 771551K->363867K(1094656K), 0.0038817 secs] [Times: user=0.00 sys=0.00, real=0.00 secs] 
2024-07-05T13:52:08.572+0800: 2968.302: [GC (Allocation Failure) [PSYoungGen: 409293K->1706K(394240K)] 769924K->362344K(998912K), 0.0032810 secs] [Times: user=0.01 sys=0.00, real=0.01 secs] 
2024-07-05T13:52:20.379+0800: 2980.108: [GC (Allocation Failure) [PSYoungGen: 390893K->34503K(457216K)] 751531K->395149K(1061888K), 0.0101396 secs] [Times: user=0.02 sys=0.00, real=0.01 secs] 
2024-07-05T13:52:30.242+0800: 2989.972: [GC (Allocation Failure) [PSYoungGen: 412871K->1680K(367104K)] 773517K->362350K(971776K), 0.0180521 secs] [Times: user=0.00 sys=0.00, real=0.01 secs] 
2024-07-05T13:52:33.080+0800: 2992.809: [GC (Allocation Failure) [PSYoungGen: 366714K->1120K(423424K)] 727384K->361798K(1028096K), 0.0042452 secs] [Times: user=0.01 sys=0.00, real=0.01 secs] 
2024-07-05T13:52:35.784+0800: 2995.514: [GC (Allocation Failure) [PSYoungGen: 353376K->1120K(342016K)] 714054K->361806K(946688K), 0.0037037 secs] [Times: user=0.00 sys=0.00, real=0.00 secs] 
2024-07-05T13:52:38.333+0800: 2998.063: [GC (Allocation Failure) [PSYoungGen: 341148K->1152K(394240K)] 701834K->361846K(998912K), 0.0032825 secs] [Times: user=0.00 sys=0.00, real=0.01 secs] 
2024-07-05T13:52:40.827+0800: 3000.556: [GC (Allocation Failure) [PSYoungGen: 330085K->1104K(320000K)] 690779K->361806K(924672K), 0.0049117 secs] [Times: user=0.00 sys=0.00, real=0.00 secs] 
2024-07-05T13:52:43.213+0800: 3002.943: [GC (Allocation Failure) [PSYoungGen: 319284K->1136K(366080K)] 679986K->361846K(970752K), 0.0033575 secs] [Times: user=0.01 sys=0.00, real=0.01 secs] 
2024-07-05T13:52:45.491+0800: 3005.221: [GC (Allocation Failure) [PSYoungGen: 308951K->1616K(300032K)] 669661K->362334K(904704K), 0.0051819 secs] [Times: user=0.00 sys=0.00, real=0.01 secs] 
2024-07-05T13:52:47.734+0800: 3007.464: [GC (Allocation Failure) [PSYoungGen: 299455K->1136K(338432K)] 660173K->361862K(943104K), 0.0035475 secs] [Times: user=0.00 sys=0.00, real=0.00 secs] 
2024-07-05T13:52:49.867+0800: 3009.597: [GC (Allocation Failure) [PSYoungGen: 288989K->1152K(280576K)] 649716K->361886K(885248K), 0.0037536 secs] [Times: user=0.00 sys=0.00, real=0.00 secs] 
2024-07-05T13:52:51.786+0800: 3011.515: [GC (Allocation Failure) [PSYoungGen: 279893K->1616K(314880K)] 640627K->362358K(919552K), 0.0048137 secs] [Times: user=0.00 sys=0.00, real=0.00 secs] 
2024-07-05T13:52:53.665+0800: 3013.395: [GC (Allocation Failure) [PSYoungGen: 271680K->1648K(264192K)] 632422K->362398K(868864K), 0.0032472 secs] [Times: user=0.00 sys=0.00, real=0.00 secs] 
2024-07-05T13:52:55.470+0800: 3015.199: [GC (Allocation Failure) [PSYoungGen: 263622K->1152K(291840K)] 624372K->361910K(896512K), 0.0038661 secs] [Times: user=0.01 sys=0.01, real=0.01 secs] 
2024-07-05T13:52:57.216+0800: 3016.946: [GC (Allocation Failure) [PSYoungGen: 255023K->1152K(247808K)] 615781K->361918K(852480K), 0.0032448 secs] [Times: user=0.01 sys=0.00, real=0.00 secs] 
2024-07-05T13:52:58.916+0800: 3018.646: [GC (Allocation Failure) [PSYoungGen: 247035K->1648K(272384K)] 607801K->362422K(877056K), 0.0036694 secs] [Times: user=0.00 sys=0.00, real=0.00 secs] 
2024-07-05T13:53:00.548+0800: 3020.278: [GC (Allocation Failure) [PSYoungGen: 240591K->1152K(233472K)] 601365K->361934K(838144K), 0.0028186 secs] [Times: user=0.01 sys=0.00, real=0.00 secs] 
2024-07-05T13:53:02.164+0800: 3021.894: [GC (Allocation Failure) [PSYoungGen: 232622K->80K(254464K)] 593404K->361894K(859136K), 0.0036818 secs] [Times: user=0.00 sys=0.00, real=0.00 secs] 
2024-07-05T13:53:03.729+0800: 3023.459: [GC (Allocation Failure) [PSYoungGen: 225357K->128K(219136K)] 587172K->361950K(823808K), 0.0027749 secs] [Times: user=0.00 sys=0.00, real=0.00 secs] 
2024-07-05T13:53:05.274+0800: 3025.003: [GC (Allocation Failure) [PSYoungGen: 218307K->128K(237056K)] 580130K->361958K(841728K), 0.0028609 secs] [Times: user=0.00 sys=0.00, real=0.00 secs] 
2024-07-05T13:53:06.734+0800: 3026.463: [GC (Allocation Failure) [PSYoungGen: 212254K->128K(206848K)] 574085K->361966K(811520K), 0.0028559 secs] [Times: user=0.01 sys=0.00, real=0.00 secs] 
2024-07-05T13:53:08.177+0800: 3027.907: [GC (Allocation Failure) [PSYoungGen: 206244K->128K(222208K)] 568082K->361974K(826880K), 0.0028680 secs] [Times: user=0.00 sys=0.00, real=0.00 secs] 
2024-07-05T13:53:09.578+0800: 3029.307: [GC (Allocation Failure) [PSYoungGen: 200745K->128K(195584K)] 562591K->361982K(800256K), 0.0028155 secs] [Times: user=0.00 sys=0.00, real=0.00 secs] 
2024-07-05T13:53:10.910+0800: 3030.640: [GC (Allocation Failure) [PSYoungGen: 195005K->640K(207872K)] 556860K->362502K(812544K), 0.0029397 secs] [Times: user=0.00 sys=0.01, real=0.01 secs] 
2024-07-05T13:53:12.253+0800: 3031.983: [GC (Allocation Failure) [PSYoungGen: 190296K->640K(185856K)] 552158K->362510K(790528K), 0.0029009 secs] [Times: user=0.01 sys=0.00, real=0.00 secs] 
2024-07-05T13:53:13.559+0800: 3033.289: [GC (Allocation Failure) [PSYoungGen: 185223K->608K(195072K)] 547094K->362486K(799744K), 0.0028281 secs] [Times: user=0.00 sys=0.00, real=0.01 secs] 
2024-07-05T13:53:14.785+0800: 3034.514: [GC (Allocation Failure) [PSYoungGen: 180365K->608K(201728K)] 542244K->362494K(806400K), 0.0024836 secs] [Times: user=0.00 sys=0.00, real=0.00 secs] 
2024-07-05T13:53:16.046+0800: 3035.775: [GC (Allocation Failure) [PSYoungGen: 180344K->608K(204800K)] 542230K->362502K(809472K), 0.0030842 secs] [Times: user=0.01 sys=0.00, real=0.00 secs] 
2024-07-05T13:53:17.364+0800: 3037.094: [GC (Allocation Failure) [PSYoungGen: 187815K->608K(205824K)] 549710K->362510K(810496K), 0.0026429 secs] [Times: user=0.01 sys=0.00, real=0.00 secs] 
2024-07-05T13:53:18.646+0800: 3038.375: [GC (Allocation Failure) [PSYoungGen: 187993K->96K(208896K)] 549896K->362006K(813568K), 0.0022923 secs] [Times: user=0.00 sys=0.00, real=0.00 secs] 
2024-07-05T13:53:19.994+0800: 3039.723: [GC (Allocation Failure) [PSYoungGen: 194447K->608K(210432K)] 556358K->362526K(815104K), 0.0024063 secs] [Times: user=0.00 sys=0.00, real=0.00 secs] 
2024-07-05T13:53:21.328+0800: 3041.058: [GC (Allocation Failure) [PSYoungGen: 194959K->592K(214528K)] 556877K->362518K(819200K), 0.0026581 secs] [Times: user=0.01 sys=0.00, real=0.00 secs] 
2024-07-05T13:53:22.748+0800: 3042.477: [GC (Allocation Failure) [PSYoungGen: 202260K->64K(215552K)] 564187K->361998K(820224K), 0.0038390 secs] [Times: user=0.00 sys=0.00, real=0.00 secs] 
2024-07-05T13:53:24.156+0800: 3043.886: [GC (Allocation Failure) [PSYoungGen: 201732K->640K(220672K)] 563666K->362582K(825344K), 0.0026793 secs] [Times: user=0.00 sys=0.00, real=0.00 secs] 
2024-07-05T13:53:25.609+0800: 3045.339: [GC (Allocation Failure) [PSYoungGen: 210418K->608K(221696K)] 572360K->362558K(826368K), 0.0023676 secs] [Times: user=0.00 sys=0.00, real=0.00 secs] 
2024-07-05T13:53:27.054+0800: 3046.784: [GC (Allocation Failure) [PSYoungGen: 210137K->576K(226816K)] 572088K->362534K(831488K), 0.0027869 secs] [Times: user=0.01 sys=0.00, real=0.00 secs] 
2024-07-05T13:53:28.565+0800: 3048.295: [GC (Allocation Failure) [PSYoungGen: 218176K->128K(227840K)] 580134K->362094K(832512K), 0.0045186 secs] [Times: user=0.00 sys=0.00, real=0.00 secs] 
2024-07-05T13:53:30.072+0800: 3049.802: [GC (Allocation Failure) [PSYoungGen: 217218K->608K(233984K)] 579184K->362582K(838656K), 0.0024936 secs] [Times: user=0.00 sys=0.00, real=0.01 secs] 
2024-07-05T13:53:31.624+0800: 3051.354: [GC (Allocation Failure) [PSYoungGen: 226428K->64K(235008K)] 588402K->362046K(839680K), 0.0022632 secs] [Times: user=0.00 sys=0.00, real=0.00 secs] 
2024-07-05T13:53:33.202+0800: 3052.931: [GC (Allocation Failure) [PSYoungGen: 225903K->576K(243200K)] 587886K->362566K(847872K), 0.0041728 secs] [Times: user=0.00 sys=0.01, real=0.00 secs] 
2024-07-05T13:53:34.865+0800: 3054.594: [GC (Allocation Failure) [PSYoungGen: 235795K->96K(243200K)] 597786K->362094K(847872K), 0.0023641 secs] [Times: user=0.01 sys=0.00, real=0.00 secs] 
2024-07-05T13:53:36.502+0800: 3056.231: [GC (Allocation Failure) [PSYoungGen: 235312K->576K(250368K)] 597310K->362582K(855040K), 0.0040468 secs] [Times: user=0.00 sys=0.00, real=0.00 secs] 
2024-07-05T13:53:38.198+0800: 3057.928: [GC (Allocation Failure) [PSYoungGen: 244841K->608K(250880K)] 606848K->362622K(855552K), 0.0025009 secs] [Times: user=0.00 sys=0.00, real=0.00 secs] 
2024-07-05T13:53:39.875+0800: 3059.605: [GC (Allocation Failure) [PSYoungGen: 244867K->128K(259072K)] 606881K->362150K(863744K), 0.0030897 secs] [Times: user=0.01 sys=0.00, real=0.00 secs] 
2024-07-05T13:53:41.646+0800: 3061.375: [GC (Allocation Failure) [PSYoungGen: 254018K->640K(259584K)] 616040K->362670K(864256K), 0.0043400 secs] [Times: user=0.00 sys=0.00, real=0.00 secs] 
2024-07-05T13:53:43.439+0800: 3063.169: [GC (Allocation Failure) [PSYoungGen: 254488K->96K(266240K)] 616519K->362134K(870912K), 0.0024671 secs] [Times: user=0.01 sys=0.00, real=0.01 secs] 
2024-07-05T13:53:45.258+0800: 3064.988: [GC (Allocation Failure) [PSYoungGen: 262830K->640K(267776K)] 624868K->362686K(872448K), 0.0037278 secs] [Times: user=0.00 sys=0.00, real=0.01 secs] 
2024-07-05T13:53:47.099+0800: 3066.829: [GC (Allocation Failure) [PSYoungGen: 263373K->640K(275456K)] 625419K->362694K(880128K), 0.0025886 secs] [Times: user=0.00 sys=0.01, real=0.01 secs] 
2024-07-05T13:53:48.990+0800: 3068.719: [GC (Allocation Failure) [PSYoungGen: 272524K->80K(276480K)] 634578K->362142K(881152K), 0.0040131 secs] [Times: user=0.00 sys=0.00, real=0.01 secs] 
2024-07-05T13:53:50.878+0800: 3070.607: [GC (Allocation Failure) [PSYoungGen: 272322K->592K(286208K)] 634384K->362662K(890880K), 0.0042785 secs] [Times: user=0.00 sys=0.00, real=0.01 secs] 
2024-07-05T13:53:52.850+0800: 3072.579: [GC (Allocation Failure) [PSYoungGen: 282729K->592K(286208K)] 644799K->362670K(890880K), 0.0027516 secs] [Times: user=0.00 sys=0.00, real=0.00 secs] 
2024-07-05T13:53:54.805+0800: 3074.535: [GC (Allocation Failure) [PSYoungGen: 282731K->80K(295936K)] 644809K->362166K(900608K), 0.0037529 secs] [Times: user=0.00 sys=0.00, real=0.00 secs] 
2024-07-05T13:53:56.871+0800: 3076.600: [GC (Allocation Failure) [PSYoungGen: 292866K->640K(284672K)] 654952K->362734K(889344K), 0.0025740 secs] [Times: user=0.01 sys=0.00, real=0.01 secs] 
2024-07-05T13:53:58.810+0800: 3078.540: [GC (Allocation Failure) [PSYoungGen: 283868K->640K(275968K)] 645962K->362742K(880640K), 0.0026803 secs] [Times: user=0.00 sys=0.00, real=0.00 secs] 
2024-07-05T13:54:00.709+0800: 3080.439: [GC (Allocation Failure) [PSYoungGen: 275357K->640K(267264K)] 637460K->362750K(871936K), 0.0023776 secs] [Times: user=0.00 sys=0.00, real=0.00 secs] 
2024-07-05T13:54:02.583+0800: 3082.313: [GC (Allocation Failure) [PSYoungGen: 266557K->96K(258560K)] 628667K->362214K(863232K), 0.0031029 secs] [Times: user=0.00 sys=0.00, real=0.00 secs] 
2024-07-05T13:54:04.399+0800: 3084.129: [GC (Allocation Failure) [PSYoungGen: 257892K->80K(252928K)] 620010K->362206K(857600K), 0.0030463 secs] [Times: user=0.01 sys=0.00, real=0.01 secs] 
2024-07-05T13:54:06.120+0800: 3085.850: [GC (Allocation Failure) [PSYoungGen: 250231K->640K(243712K)] 612357K->362774K(848384K), 0.0026727 secs] [Times: user=0.01 sys=0.00, real=0.01 secs] 
2024-07-05T13:54:07.806+0800: 3087.535: [GC (Allocation Failure) [PSYoungGen: 243311K->128K(236032K)] 605445K->362270K(840704K), 0.0037477 secs] [Times: user=0.00 sys=0.00, real=0.00 secs] 
2024-07-05T13:54:09.455+0800: 3089.185: [GC (Allocation Failure) [PSYoungGen: 235338K->128K(229376K)] 597481K->362278K(834048K), 0.0023387 secs] [Times: user=0.00 sys=0.00, real=0.00 secs] 
2024-07-05T13:54:11.025+0800: 3090.755: [GC (Allocation Failure) [PSYoungGen: 228933K->96K(224256K)] 591083K->362254K(828928K), 0.0023080 secs] [Times: user=0.00 sys=0.00, real=0.00 secs] 
2024-07-05T13:54:12.597+0800: 3092.326: [GC (Allocation Failure) [PSYoungGen: 222298K->128K(216576K)] 584456K->362294K(821248K), 0.0025044 secs] [Times: user=0.00 sys=0.00, real=0.00 secs] 
2024-07-05T13:54:14.100+0800: 3093.830: [GC (Allocation Failure) [PSYoungGen: 216096K->640K(211968K)] 578262K->362814K(816640K), 0.0026483 secs] [Times: user=0.00 sys=0.00, real=0.01 secs] 
2024-07-05T13:54:15.564+0800: 3095.294: [GC (Allocation Failure) [PSYoungGen: 210462K->96K(204800K)] 572636K->362278K(809472K), 0.0030925 secs] [Times: user=0.00 sys=0.00, real=0.00 secs] 
2024-07-05T13:54:16.964+0800: 3096.694: [GC (Allocation Failure) [PSYoungGen: 204367K->128K(213504K)] 566550K->362318K(818176K), 0.0025441 secs] [Times: user=0.00 sys=0.00, real=0.00 secs] 
2024-07-05T13:54:18.442+0800: 3098.171: [GC (Allocation Failure) [PSYoungGen: 211584K->640K(220160K)] 573774K->362838K(824832K), 0.0032294 secs] [Times: user=0.01 sys=0.00, real=0.00 secs] 
2024-07-05T13:54:19.963+0800: 3099.693: [GC (Allocation Failure) [PSYoungGen: 219354K->128K(227328K)] 581552K->362334K(832000K), 0.0023411 secs] [Times: user=0.00 sys=0.00, real=0.00 secs] 
2024-07-05T13:54:21.518+0800: 3101.247: [GC (Allocation Failure) [PSYoungGen: 226434K->640K(221184K)] 588640K->362854K(825856K), 0.0024977 secs] [Times: user=0.01 sys=0.00, real=0.00 secs] 
2024-07-05T13:54:23.062+0800: 3102.792: [GC (Allocation Failure) [PSYoungGen: 220301K->128K(214528K)] 582516K->362350K(819200K), 0.0024315 secs] [Times: user=0.00 sys=0.00, real=0.00 secs] 
2024-07-05T13:54:24.550+0800: 3104.279: [GC (Allocation Failure) [PSYoungGen: 213659K->80K(222720K)] 575882K->362310K(827392K), 0.0038396 secs] [Times: user=0.00 sys=0.00, real=0.01 secs] 
2024-07-05T13:54:26.118+0800: 3105.847: [GC (Allocation Failure) [PSYoungGen: 222246K->608K(232448K)] 584476K->362846K(837120K), 0.0038311 secs] [Times: user=0.01 sys=0.00, real=0.01 secs] 
2024-07-05T13:54:27.710+0800: 3107.439: [GC (Allocation Failure) [PSYoungGen: 231026K->576K(241664K)] 593264K->362822K(846336K), 0.0037599 secs] [Times: user=0.00 sys=0.00, real=0.01 secs] 
2024-07-05T13:54:29.388+0800: 3109.118: [GC (Allocation Failure) [PSYoungGen: 241120K->64K(250368K)] 603366K->362318K(855040K), 0.0029607 secs] [Times: user=0.01 sys=0.00, real=0.00 secs] 
2024-07-05T13:54:31.126+0800: 3110.855: [GC (Allocation Failure) [PSYoungGen: 249687K->80K(260096K)] 611941K->362342K(864768K), 0.0029617 secs] [Times: user=0.01 sys=0.00, real=0.00 secs] 
2024-07-05T13:54:32.936+0800: 3112.666: [GC (Allocation Failure) [PSYoungGen: 259203K->96K(270848K)] 621465K->362366K(875520K), 0.0029289 secs] [Times: user=0.00 sys=0.00, real=0.00 secs] 
2024-07-05T13:54:34.808+0800: 3114.538: [GC (Allocation Failure) [PSYoungGen: 269208K->80K(279040K)] 631478K->362358K(883712K), 0.0030486 secs] [Times: user=0.00 sys=0.00, real=0.00 secs] 
2024-07-05T13:54:36.741+0800: 3116.471: [GC (Allocation Failure) [PSYoungGen: 277473K->128K(269312K)] 639752K->362414K(873984K), 0.0024287 secs] [Times: user=0.00 sys=0.00, real=0.01 secs] 
2024-07-05T13:54:38.614+0800: 3118.343: [GC (Allocation Failure) [PSYoungGen: 268742K->592K(278016K)] 631028K->362886K(882688K), 0.0038238 secs] [Times: user=0.00 sys=0.00, real=0.00 secs] 
2024-07-05T13:54:40.538+0800: 3120.267: [GC (Allocation Failure) [PSYoungGen: 276751K->640K(278016K)] 639045K->362942K(882688K), 0.0035207 secs] [Times: user=0.00 sys=0.00, real=0.01 secs] 
2024-07-05T13:54:42.438+0800: 3122.168: [GC (Allocation Failure) [PSYoungGen: 276798K->640K(268800K)] 639100K->362950K(873472K), 0.0026184 secs] [Times: user=0.00 sys=0.00, real=0.00 secs] 
2024-07-05T13:54:44.270+0800: 3123.999: [GC (Allocation Failure) [PSYoungGen: 268284K->592K(260608K)] 630595K->362910K(865280K), 0.0035210 secs] [Times: user=0.01 sys=0.00, real=0.01 secs] 
2024-07-05T13:54:46.066+0800: 3125.796: [GC (Allocation Failure) [PSYoungGen: 260122K->128K(252416K)] 622440K->362454K(857088K), 0.0025610 secs] [Times: user=0.00 sys=0.00, real=0.00 secs] 
2024-07-05T13:54:47.813+0800: 3127.543: [GC (Allocation Failure) [PSYoungGen: 251824K->640K(245760K)] 614150K->362974K(850432K), 0.0025767 secs] [Times: user=0.01 sys=0.00, real=0.00 secs] 
2024-07-05T13:54:49.498+0800: 3129.228: [GC (Allocation Failure) [PSYoungGen: 244363K->128K(237568K)] 606698K->362470K(842240K), 0.0023717 secs] [Times: user=0.00 sys=0.00, real=0.00 secs] 
2024-07-05T13:54:51.136+0800: 3130.865: [GC (Allocation Failure) [PSYoungGen: 236935K->640K(231424K)] 599277K->362990K(836096K), 0.0026710 secs] [Times: user=0.00 sys=0.00, real=0.00 secs] 
2024-07-05T13:54:52.714+0800: 3132.443: [GC (Allocation Failure) [PSYoungGen: 230236K->640K(224256K)] 592587K->362998K(828928K), 0.0026845 secs] [Times: user=0.01 sys=0.00, real=0.00 secs] 
2024-07-05T13:54:54.262+0800: 3133.992: [GC (Allocation Failure) [PSYoungGen: 223439K->640K(232448K)] 585797K->363006K(837120K), 0.0040087 secs] [Times: user=0.00 sys=0.00, real=0.00 secs] 
2024-07-05T13:54:55.866+0800: 3135.595: [GC (Allocation Failure) [PSYoungGen: 231840K->592K(241664K)] 594207K->362966K(846336K), 0.0039302 secs] [Times: user=0.00 sys=0.00, real=0.00 secs] 
2024-07-05T13:54:57.546+0800: 3137.276: [GC (Allocation Failure) [PSYoungGen: 241110K->128K(250880K)] 603484K->362510K(855552K), 0.0037481 secs] [Times: user=0.01 sys=0.00, real=0.00 secs] 
2024-07-05T13:54:59.290+0800: 3139.019: [GC (Allocation Failure) [PSYoungGen: 250269K->640K(261632K)] 612651K->363030K(866304K), 0.0038893 secs] [Times: user=0.00 sys=0.00, real=0.01 secs] 
2024-07-05T13:55:01.072+0800: 3140.802: [GC (Allocation Failure) [PSYoungGen: 261104K->640K(271360K)] 623495K->363038K(876032K), 0.0026097 secs] [Times: user=0.00 sys=0.00, real=0.01 secs] 
2024-07-05T13:55:02.953+0800: 3142.683: [GC (Allocation Failure) [PSYoungGen: 270660K->128K(281600K)] 633058K->362534K(886272K), 0.0023219 secs] [Times: user=0.00 sys=0.00, real=0.00 secs] 
2024-07-05T13:55:04.890+0800: 3144.619: [GC (Allocation Failure) [PSYoungGen: 280081K->128K(281600K)] 642487K->362542K(886272K), 0.0040689 secs] [Times: user=0.01 sys=0.00, real=0.01 secs] 
2024-07-05T13:55:06.836+0800: 3146.565: [GC (Allocation Failure) [PSYoungGen: 280075K->592K(291840K)] 642490K->363014K(896512K), 0.0052028 secs] [Times: user=0.01 sys=0.00, real=0.00 secs] 
2024-07-05T13:55:08.867+0800: 3148.597: [GC (Allocation Failure) [PSYoungGen: 290721K->128K(291840K)] 653143K->362558K(896512K), 0.0023861 secs] [Times: user=0.00 sys=0.00, real=0.00 secs] 
2024-07-05T13:55:10.882+0800: 3150.611: [GC (Allocation Failure) [PSYoungGen: 290256K->592K(302592K)] 652687K->363030K(907264K), 0.0040915 secs] [Times: user=0.01 sys=0.00, real=0.00 secs] 
2024-07-05T13:55:12.984+0800: 3152.714: [GC (Allocation Failure) [PSYoungGen: 301410K->640K(302592K)] 663848K->363086K(907264K), 0.0030485 secs] [Times: user=0.01 sys=0.00, real=0.00 secs] 
2024-07-05T13:55:15.068+0800: 3154.798: [GC (Allocation Failure) [PSYoungGen: 301449K->80K(291840K)] 663895K->362534K(896512K), 0.0026922 secs] [Times: user=0.00 sys=0.00, real=0.00 secs] 
2024-07-05T13:55:17.089+0800: 3156.819: [GC (Allocation Failure) [PSYoungGen: 291271K->80K(283648K)] 653726K->362542K(888320K), 0.0036377 secs] [Times: user=0.00 sys=0.01, real=0.01 secs] 
2024-07-05T13:55:19.044+0800: 3158.774: [GC (Allocation Failure) [PSYoungGen: 282188K->80K(292352K)] 644650K->362550K(897024K), 0.0038541 secs] [Times: user=0.00 sys=0.00, real=0.00 secs] 
2024-07-05T13:55:21.077+0800: 3160.806: [GC (Allocation Failure) [PSYoungGen: 291803K->592K(284160K)] 654273K->363070K(888832K), 0.0026057 secs] [Times: user=0.00 sys=0.00, real=0.00 secs] 
2024-07-05T13:55:23.050+0800: 3162.779: [GC (Allocation Failure) [PSYoungGen: 282739K->80K(274432K)] 645218K->362566K(879104K), 0.0037070 secs] [Times: user=0.00 sys=0.00, real=0.01 secs] 
2024-07-05T13:55:24.947+0800: 3164.677: [GC (Allocation Failure) [PSYoungGen: 273850K->592K(266752K)] 636337K->363086K(871424K), 0.0033603 secs] [Times: user=0.01 sys=0.00, real=0.00 secs] 
2024-07-05T13:55:26.786+0800: 3166.515: [GC (Allocation Failure) [PSYoungGen: 265324K->592K(275456K)] 627819K->363094K(880128K), 0.0035939 secs] [Times: user=0.01 sys=0.00, real=0.00 secs] 
2024-07-05T13:55:28.702+0800: 3168.432: [GC (Allocation Failure) [PSYoungGen: 274858K->80K(284672K)] 637361K->362590K(889344K), 0.0037269 secs] [Times: user=0.01 sys=0.00, real=0.00 secs] 
2024-07-05T13:55:30.675+0800: 3170.405: [GC (Allocation Failure) [PSYoungGen: 284066K->608K(295424K)] 646576K->363126K(900096K), 0.0032266 secs] [Times: user=0.00 sys=0.00, real=0.00 secs] 
2024-07-05T13:55:32.724+0800: 3172.454: [GC (Allocation Failure) [PSYoungGen: 294496K->640K(286208K)] 657014K->363166K(890880K), 0.0026635 secs] [Times: user=0.01 sys=0.00, real=0.00 secs] 
2024-07-05T13:55:34.722+0800: 3174.451: [GC (Allocation Failure) [PSYoungGen: 285731K->592K(276992K)] 648257K->363126K(881664K), 0.0040449 secs] [Times: user=0.01 sys=0.00, real=0.00 secs] 
2024-07-05T13:55:36.614+0800: 3176.344: [GC (Allocation Failure) [PSYoungGen: 276386K->128K(267776K)] 638920K->362670K(872448K), 0.0023766 secs] [Times: user=0.01 sys=0.00, real=0.00 secs] 
2024-07-05T13:55:38.468+0800: 3178.198: [GC (Allocation Failure) [PSYoungGen: 267246K->640K(260096K)] 629788K->363190K(864768K), 0.0023512 secs] [Times: user=0.01 sys=0.00, real=0.00 secs] 
2024-07-05T13:55:40.265+0800: 3179.995: [GC (Allocation Failure) [PSYoungGen: 259628K->128K(251904K)] 622178K->362686K(856576K), 0.0023666 secs] [Times: user=0.01 sys=0.00, real=0.00 secs] 
2024-07-05T13:55:42.012+0800: 3181.742: [GC (Allocation Failure) [PSYoungGen: 251398K->640K(244736K)] 613957K->363206K(849408K), 0.0029974 secs] [Times: user=0.00 sys=0.00, real=0.01 secs] 
2024-07-05T13:55:43.719+0800: 3183.449: [GC (Allocation Failure) [PSYoungGen: 243859K->128K(237056K)] 606425K->362702K(841728K), 0.0023314 secs] [Times: user=0.01 sys=0.00, real=0.01 secs] 
2024-07-05T13:55:45.362+0800: 3185.092: [GC (Allocation Failure) [PSYoungGen: 236388K->640K(230400K)] 598963K->363222K(835072K), 0.0026240 secs] [Times: user=0.00 sys=0.00, real=0.00 secs] 
2024-07-05T13:55:46.934+0800: 3186.663: [GC (Allocation Failure) [PSYoungGen: 229972K->640K(223744K)] 592555K->363230K(828416K), 0.0025426 secs] [Times: user=0.01 sys=0.00, real=0.00 secs] 
2024-07-05T13:55:48.476+0800: 3188.206: [GC (Allocation Failure) [PSYoungGen: 222908K->128K(217088K)] 585499K->362726K(821760K), 0.0022952 secs] [Times: user=0.01 sys=0.00, real=0.00 secs] 
2024-07-05T13:55:49.982+0800: 3189.711: [GC (Allocation Failure) [PSYoungGen: 216295K->640K(211968K)] 578894K->363246K(816640K), 0.0024749 secs] [Times: user=0.00 sys=0.01, real=0.00 secs] 
2024-07-05T13:55:51.448+0800: 3191.178: [GC (Allocation Failure) [PSYoungGen: 210895K->128K(205312K)] 573502K->362742K(809984K), 0.0023538 secs] [Times: user=0.00 sys=0.00, real=0.00 secs] 
2024-07-05T13:55:52.859+0800: 3192.589: [GC (Allocation Failure) [PSYoungGen: 204923K->592K(213504K)] 567538K->363214K(818176K), 0.0033603 secs] [Times: user=0.00 sys=0.00, real=0.01 secs] 
2024-07-05T13:55:54.331+0800: 3194.061: [GC (Allocation Failure) [PSYoungGen: 212119K->640K(221184K)] 574741K->363270K(825856K), 0.0036350 secs] [Times: user=0.01 sys=0.00, real=0.01 secs] 
2024-07-05T13:55:55.862+0800: 3195.591: [GC (Allocation Failure) [PSYoungGen: 220800K->640K(229888K)] 583430K->363278K(834560K), 0.0032501 secs] [Times: user=0.01 sys=0.00, real=0.00 secs] 
2024-07-05T13:55:57.455+0800: 3197.185: [GC (Allocation Failure) [PSYoungGen: 229444K->592K(239104K)] 592083K->363238K(843776K), 0.0039367 secs] [Times: user=0.00 sys=0.00, real=0.00 secs] 
2024-07-05T13:55:59.099+0800: 3198.829: [GC (Allocation Failure) [PSYoungGen: 238450K->128K(247808K)] 601096K->362782K(852480K), 0.0023601 secs] [Times: user=0.00 sys=0.00, real=0.01 secs] 
2024-07-05T13:56:00.806+0800: 3200.536: [GC (Allocation Failure) [PSYoungGen: 247057K->640K(257024K)] 609712K->363302K(861696K), 0.0026320 secs] [Times: user=0.00 sys=0.00, real=0.00 secs] 
2024-07-05T13:56:02.640+0800: 3202.370: [GC (Allocation Failure) [PSYoungGen: 256630K->640K(249344K)] 619292K->363310K(854016K), 0.0023557 secs] [Times: user=0.00 sys=0.00, real=0.01 secs] 
2024-07-05T13:56:04.390+0800: 3204.119: [GC (Allocation Failure) [PSYoungGen: 248629K->128K(241664K)] 611300K->362806K(846336K), 0.0024701 secs] [Times: user=0.00 sys=0.00, real=0.00 secs] 
2024-07-05T13:56:06.065+0800: 3205.795: [GC (Allocation Failure) [PSYoungGen: 241188K->640K(235520K)] 603866K->363326K(840192K), 0.0032686 secs] [Times: user=0.00 sys=0.00, real=0.00 secs] 
2024-07-05T13:56:07.670+0800: 3207.399: [GC (Allocation Failure) [PSYoungGen: 234242K->592K(243200K)] 596928K->363286K(847872K), 0.0032414 secs] [Times: user=0.00 sys=0.00, real=0.00 secs] 
2024-07-05T13:56:09.362+0800: 3209.092: [GC (Allocation Failure) [PSYoungGen: 242716K->128K(251392K)] 605410K->362830K(856064K), 0.0035372 secs] [Times: user=0.00 sys=0.00, real=0.00 secs] 
2024-07-05T13:56:11.098+0800: 3210.827: [GC (Allocation Failure) [PSYoungGen: 250787K->640K(244224K)] 613490K->363350K(848896K), 0.0025416 secs] [Times: user=0.00 sys=0.00, real=0.00 secs] 
2024-07-05T13:56:12.805+0800: 3212.535: [GC (Allocation Failure) [PSYoungGen: 243830K->608K(253440K)] 606541K->363326K(858112K), 0.0039709 secs] [Times: user=0.01 sys=0.00, real=0.00 secs] 
2024-07-05T13:56:14.554+0800: 3214.284: [GC (Allocation Failure) [PSYoungGen: 252888K->128K(262144K)] 615606K->362854K(866816K), 0.0031774 secs] [Times: user=0.00 sys=0.00, real=0.00 secs] 
2024-07-05T13:56:16.373+0800: 3216.102: [GC (Allocation Failure) [PSYoungGen: 261555K->128K(254976K)] 624281K->362862K(859648K), 0.0022902 secs] [Times: user=0.00 sys=0.00, real=0.01 secs] 
2024-07-05T13:56:18.110+0800: 3217.839: [GC (Allocation Failure) [PSYoungGen: 253453K->592K(263680K)] 616187K->363334K(868352K), 0.0039283 secs] [Times: user=0.00 sys=0.00, real=0.01 secs] 
2024-07-05T13:56:19.934+0800: 3219.664: [GC (Allocation Failure) [PSYoungGen: 263243K->128K(254976K)] 625985K->362878K(859648K), 0.0023920 secs] [Times: user=0.00 sys=0.00, real=0.00 secs] 
2024-07-05T13:56:21.704+0800: 3221.434: [GC (Allocation Failure) [PSYoungGen: 254579K->80K(247296K)] 617330K->362838K(851968K), 0.0031010 secs] [Times: user=0.00 sys=0.00, real=0.00 secs] 
2024-07-05T13:56:23.430+0800: 3223.159: [GC (Allocation Failure) [PSYoungGen: 246577K->640K(257536K)] 609335K->363406K(862208K), 0.0037734 secs] [Times: user=0.00 sys=0.00, real=0.01 secs] 
2024-07-05T13:56:25.193+0800: 3224.923: [GC (Allocation Failure) [PSYoungGen: 256640K->608K(249344K)] 619406K->363382K(854016K), 0.0024473 secs] [Times: user=0.01 sys=0.00, real=0.01 secs] 
2024-07-05T13:56:26.913+0800: 3226.643: [GC (Allocation Failure) [PSYoungGen: 248627K->640K(242176K)] 611402K->363422K(846848K), 0.0027215 secs] [Times: user=0.00 sys=0.00, real=0.00 secs] 
2024-07-05T13:56:28.565+0800: 3228.295: [GC (Allocation Failure) [PSYoungGen: 241678K->128K(234496K)] 604460K->362918K(839168K), 0.0023412 secs] [Times: user=0.01 sys=0.00, real=0.00 secs] 
2024-07-05T13:56:30.070+0800: 3229.800: [GC (Allocation Failure) [PSYoungGen: 234112K->1536K(228864K)] 596902K->364414K(833536K), 0.0024505 secs] [Times: user=0.00 sys=0.00, real=0.00 secs] 
2024-07-05T13:56:30.487+0800: 3230.217: [GC (Allocation Failure) [PSYoungGen: 228864K->800K(239616K)] 591742K->363686K(844288K), 0.0025595 secs] [Times: user=0.00 sys=0.00, real=0.00 secs] 
2024-07-05T13:56:30.957+0800: 3230.687: [GC (Allocation Failure) [PSYoungGen: 239392K->1280K(255488K)] 602278K->364166K(860160K), 0.0037055 secs] [Times: user=0.00 sys=0.00, real=0.00 secs] 
2024-07-05T13:56:31.429+0800: 3231.159: [GC (Allocation Failure) [PSYoungGen: 255232K->1024K(272384K)] 618118K->364630K(877056K), 0.0026161 secs] [Times: user=0.01 sys=0.00, real=0.00 secs] 
2024-07-05T13:56:31.925+0800: 3231.654: [GC (Allocation Failure) [PSYoungGen: 272384K->1376K(289280K)] 635990K->364982K(893952K), 0.0025190 secs] [Times: user=0.00 sys=0.00, real=0.00 secs] 
2024-07-05T13:56:32.454+0800: 3232.184: [GC (Allocation Failure) [PSYoungGen: 288608K->1280K(292864K)] 652214K->364886K(897536K), 0.0041607 secs] [Times: user=0.00 sys=0.00, real=0.00 secs] 
2024-07-05T13:56:33.016+0800: 3232.746: [GC (Allocation Failure) [PSYoungGen: 291584K->1632K(292864K)] 655190K->365238K(897536K), 0.0027785 secs] [Times: user=0.01 sys=0.00, real=0.00 secs] 
2024-07-05T13:56:33.547+0800: 3233.277: [GC (Allocation Failure) [PSYoungGen: 291936K->1312K(315392K)] 655542K->364918K(920064K), 0.0032994 secs] [Times: user=0.01 sys=0.00, real=0.00 secs] 
2024-07-05T13:56:34.182+0800: 3233.912: [GC (Allocation Failure) [PSYoungGen: 314144K->1792K(315392K)] 677750K->365398K(920064K), 0.0037205 secs] [Times: user=0.00 sys=0.00, real=0.00 secs] 
2024-07-05T13:56:34.745+0800: 3234.475: [GC (Allocation Failure) [PSYoungGen: 314624K->1184K(340480K)] 678230K->364790K(945152K), 0.0047236 secs] [Times: user=0.00 sys=0.00, real=0.00 secs] 
2024-07-05T13:56:35.397+0800: 3235.127: [GC (Allocation Failure) [PSYoungGen: 339104K->1024K(340480K)] 702710K->364630K(945152K), 0.0027426 secs] [Times: user=0.00 sys=0.00, real=0.00 secs] 
2024-07-05T13:56:36.013+0800: 3235.743: [GC (Allocation Failure) [PSYoungGen: 338944K->832K(365568K)] 702550K->364438K(970240K), 0.0025799 secs] [Times: user=0.00 sys=0.00, real=0.00 secs] 
2024-07-05T13:56:36.676+0800: 3236.406: [GC (Allocation Failure) [PSYoungGen: 364864K->1632K(366592K)] 728470K->365238K(971264K), 0.0029784 secs] [Times: user=0.00 sys=0.00, real=0.00 secs] 
2024-07-05T13:56:37.369+0800: 3237.098: [GC (Allocation Failure) [PSYoungGen: 365664K->1280K(392192K)] 729270K->364886K(996864K), 0.0028206 secs] [Times: user=0.00 sys=0.00, real=0.00 secs] 
2024-07-05T13:56:38.074+0800: 3237.803: [GC (Allocation Failure) [PSYoungGen: 391936K->1504K(393216K)] 755542K->365110K(997888K), 0.0029940 secs] [Times: user=0.01 sys=0.00, real=0.00 secs] 
2024-07-05T13:56:38.786+0800: 3238.516: [GC (Allocation Failure) [PSYoungGen: 392160K->2032K(420352K)] 755766K->365654K(1025024K), 0.0032219 secs] [Times: user=0.01 sys=0.00, real=0.00 secs] 
2024-07-05T13:56:39.598+0800: 3239.328: [GC (Allocation Failure) [PSYoungGen: 420336K->1472K(420864K)] 783958K->365102K(1025536K), 0.0030760 secs] [Times: user=0.01 sys=0.00, real=0.01 secs] 
2024-07-05T13:56:40.394+0800: 3240.124: [GC (Allocation Failure) [PSYoungGen: 419776K->1664K(448512K)] 783406K->365302K(1053184K), 0.0029336 secs] [Times: user=0.01 sys=0.00, real=0.00 secs] 
2024-07-05T13:56:41.175+0800: 3240.905: [GC (Allocation Failure) [PSYoungGen: 448128K->1152K(449024K)] 811766K->364798K(1053696K), 0.0030672 secs] [Times: user=0.00 sys=0.00, real=0.00 secs] 
2024-07-05T13:56:41.973+0800: 3241.702: [GC (Allocation Failure) [PSYoungGen: 447616K->1520K(477184K)] 811262K->365174K(1081856K), 0.0029857 secs] [Times: user=0.00 sys=0.00, real=0.01 secs] 
2024-07-05T13:56:42.814+0800: 3242.544: [GC (Allocation Failure) [PSYoungGen: 476656K->1568K(477696K)] 840310K->365230K(1082368K), 0.0048096 secs] [Times: user=0.01 sys=0.00, real=0.00 secs] 
2024-07-05T13:56:43.672+0800: 3243.402: [GC (Allocation Failure) [PSYoungGen: 476704K->1904K(509440K)] 840366K->365574K(1114112K), 0.0035467 secs] [Times: user=0.00 sys=0.00, real=0.01 secs] 
2024-07-05T13:56:44.550+0800: 3244.280: [GC (Allocation Failure) [PSYoungGen: 509296K->1248K(509952K)] 872966K->364926K(1114624K), 0.0039146 secs] [Times: user=0.01 sys=0.00, real=0.01 secs] 
2024-07-05T13:56:45.439+0800: 3245.168: [GC (Allocation Failure) [PSYoungGen: 508640K->1344K(544768K)] 872318K->365030K(1149440K), 0.0039464 secs] [Times: user=0.00 sys=0.00, real=0.01 secs] 
2024-07-05T13:56:46.389+0800: 3246.119: [GC (Allocation Failure) [PSYoungGen: 543552K->1648K(544768K)] 907238K->365342K(1149440K), 0.0028924 secs] [Times: user=0.01 sys=0.00, real=0.00 secs] 
2024-07-05T13:56:47.319+0800: 3247.049: [GC (Allocation Failure) [PSYoungGen: 543856K->1856K(579072K)] 907550K->365558K(1183744K), 0.0036191 secs] [Times: user=0.01 sys=0.00, real=0.01 secs] 
2024-07-05T13:56:48.350+0800: 3248.080: [GC (Allocation Failure) [PSYoungGen: 578880K->1568K(579584K)] 942582K->365278K(1184256K), 0.0029459 secs] [Times: user=0.01 sys=0.00, real=0.01 secs] 
2024-07-05T13:56:49.353+0800: 3249.083: [GC (Allocation Failure) [PSYoungGen: 578592K->1472K(612352K)] 942302K->365190K(1217024K), 0.0029300 secs] [Times: user=0.00 sys=0.00, real=0.00 secs] 
2024-07-05T13:56:50.443+0800: 3250.172: [GC (Allocation Failure) [PSYoungGen: 612288K->1632K(613888K)] 976006K->365358K(1218560K), 0.0047534 secs] [Times: user=0.00 sys=0.00, real=0.00 secs] 
2024-07-05T13:56:51.496+0800: 3251.226: [GC (Allocation Failure) [PSYoungGen: 612960K->1920K(650752K)] 976686K->365654K(1255424K), 0.0037437 secs] [Times: user=0.01 sys=0.00, real=0.00 secs] 
2024-07-05T13:56:52.667+0800: 3252.397: [GC (Allocation Failure) [PSYoungGen: 650112K->1824K(650752K)] 1013846K->365566K(1255424K), 0.0030350 secs] [Times: user=0.00 sys=0.00, real=0.00 secs] 
2024-07-05T13:56:53.805+0800: 3253.535: [GC (Allocation Failure) [PSYoungGen: 650016K->1136K(685056K)] 1013758K->364886K(1289728K), 0.0029351 secs] [Times: user=0.01 sys=0.00, real=0.00 secs] 
2024-07-05T13:56:54.990+0800: 3254.720: [GC (Allocation Failure) [PSYoungGen: 684656K->1184K(687104K)] 1048406K->364942K(1291776K), 0.0035821 secs] [Times: user=0.00 sys=0.01, real=0.01 secs] 
2024-07-05T13:56:56.201+0800: 3255.930: [GC (Allocation Failure) [PSYoungGen: 685728K->1248K(722944K)] 1049486K->365014K(1327616K), 0.0030178 secs] [Times: user=0.01 sys=0.00, real=0.01 secs] 
2024-07-05T13:56:57.445+0800: 3257.174: [GC (Allocation Failure) [PSYoungGen: 721632K->1792K(722944K)] 1085398K->365566K(1327616K), 0.0031296 secs] [Times: user=0.01 sys=0.00, real=0.00 secs] 
2024-07-05T13:56:58.722+0800: 3258.451: [GC (Allocation Failure) [PSYoungGen: 722176K->1760K(759296K)] 1085950K->365542K(1363968K), 0.0055335 secs] [Times: user=0.00 sys=0.00, real=0.00 secs] 
2024-07-05T13:57:00.074+0800: 3259.803: [GC (Allocation Failure) [PSYoungGen: 758496K->736K(759296K)] 1122278K->364526K(1363968K), 0.0059781 secs] [Times: user=0.01 sys=0.00, real=0.00 secs] 
2024-07-05T13:57:01.395+0800: 3261.124: [GC (Allocation Failure) [PSYoungGen: 757472K->1184K(803840K)] 1121262K->364982K(1408512K), 0.0044813 secs] [Times: user=0.00 sys=0.00, real=0.00 secs] 
2024-07-05T13:57:02.830+0800: 3262.559: [GC (Allocation Failure) [PSYoungGen: 802464K->1280K(803840K)] 1166262K->365086K(1408512K), 0.0033659 secs] [Times: user=0.00 sys=0.00, real=0.00 secs] 
2024-07-05T13:57:04.219+0800: 3263.948: [GC (Allocation Failure) [PSYoungGen: 802560K->1696K(847872K)] 1166366K->365510K(1452544K), 0.0048329 secs] [Times: user=0.00 sys=0.00, real=0.01 secs] 
2024-07-05T13:57:05.690+0800: 3265.420: [GC (Allocation Failure) [PSYoungGen: 847008K->1440K(847872K)] 1210822K->365262K(1452544K), 0.0047427 secs] [Times: user=0.01 sys=0.00, real=0.01 secs] 
2024-07-05T13:57:07.198+0800: 3266.927: [GC (Allocation Failure) [PSYoungGen: 846752K->1216K(891904K)] 1210574K->365046K(1496576K), 0.0038054 secs] [Times: user=0.00 sys=0.00, real=0.01 secs] 
2024-07-05T13:57:08.771+0800: 3268.500: [GC (Allocation Failure) [PSYoungGen: 891584K->1376K(893952K)] 1255414K->365214K(1498624K), 0.0050136 secs] [Times: user=0.01 sys=0.00, real=0.01 secs] 
2024-07-05T13:57:10.313+0800: 3270.043: [GC (Allocation Failure) [PSYoungGen: 892768K->1984K(937984K)] 1256606K->365830K(1542656K), 0.0029733 secs] [Times: user=0.01 sys=0.00, real=0.01 secs] 
2024-07-05T13:57:11.968+0800: 3271.698: [GC (Allocation Failure) [PSYoungGen: 937920K->1472K(940032K)] 1301766K->365326K(1544704K), 0.0048748 secs] [Times: user=0.01 sys=0.00, real=0.00 secs] 
2024-07-05T13:57:13.631+0800: 3273.361: [GC (Allocation Failure) [PSYoungGen: 938944K->1312K(982528K)] 1302798K->365174K(1587200K), 0.0028435 secs] [Times: user=0.00 sys=0.00, real=0.01 secs] 
2024-07-05T13:57:15.337+0800: 3275.067: [GC (Allocation Failure) [PSYoungGen: 982304K->1568K(984576K)] 1346166K->365438K(1589248K), 0.0046772 secs] [Times: user=0.01 sys=0.00, real=0.01 secs] 
2024-07-05T13:57:17.062+0800: 3276.792: [GC (Allocation Failure) [PSYoungGen: 983584K->1952K(1027584K)] 1347454K->365830K(1632256K), 0.0031685 secs] [Times: user=0.00 sys=0.00, real=0.00 secs] 
2024-07-05T13:57:18.868+0800: 3278.598: [GC (Allocation Failure) [PSYoungGen: 1027488K->1904K(1029120K)] 1391366K->365790K(1633792K), 0.0029400 secs] [Times: user=0.00 sys=0.00, real=0.00 secs] 
2024-07-05T13:57:20.639+0800: 3280.369: [GC (Allocation Failure) [PSYoungGen: 1028464K->1856K(1046016K)] 1392350K->365750K(1650688K), 0.0029929 secs] [Times: user=0.00 sys=0.01, real=0.01 secs] 
2024-07-05T13:57:22.457+0800: 3282.187: [GC (Allocation Failure) [PSYoungGen: 1045312K->1840K(1046016K)] 1409206K->365742K(1650688K), 0.0029861 secs] [Times: user=0.00 sys=0.00, real=0.00 secs] 
2024-07-05T13:57:24.271+0800: 3284.001: [GC (Allocation Failure) [PSYoungGen: 1045296K->1888K(1046016K)] 1409198K->365798K(1650688K), 0.0024889 secs] [Times: user=0.01 sys=0.00, real=0.01 secs] 
2024-07-05T13:57:26.072+0800: 3285.802: [GC (Allocation Failure) [PSYoungGen: 1045344K->1984K(1046016K)] 1409254K->365902K(1650688K), 0.0030116 secs] [Times: user=0.00 sys=0.00, real=0.01 secs] 
2024-07-05T13:57:27.903+0800: 3287.632: [GC (Allocation Failure) [PSYoungGen: 1045440K->1168K(1046016K)] 1409358K->365094K(1650688K), 0.0034703 secs] [Times: user=0.00 sys=0.00, real=0.00 secs] 
2024-07-05T13:57:29.723+0800: 3289.453: [GC (Allocation Failure) [PSYoungGen: 1044624K->1264K(1046016K)] 1408550K->365198K(1650688K), 0.0030210 secs] [Times: user=0.00 sys=0.00, real=0.00 secs] 
2024-07-05T13:57:31.528+0800: 3291.258: [GC (Allocation Failure) [PSYoungGen: 1044720K->1872K(1000448K)] 1408654K->365814K(1605120K), 0.0026981 secs] [Times: user=0.01 sys=0.00, real=0.00 secs] 
2024-07-05T13:57:33.246+0800: 3292.976: [GC (Allocation Failure) [PSYoungGen: 1000272K->1312K(1034240K)] 1364214K->365262K(1638912K), 0.0034427 secs] [Times: user=0.00 sys=0.00, real=0.00 secs] 
2024-07-05T13:57:35.037+0800: 3294.767: [GC (Allocation Failure) [PSYoungGen: 1034016K->1904K(1043968K)] 1397966K->365862K(1648640K), 0.0045460 secs] [Times: user=0.01 sys=0.00, real=0.01 secs] 
2024-07-05T13:57:36.841+0800: 3296.571: [GC (Allocation Failure) [PSYoungGen: 1043824K->2080K(1044480K)] 1407782K->366046K(1649152K), 0.0043099 secs] [Times: user=0.00 sys=0.00, real=0.00 secs] 
2024-07-05T13:57:38.650+0800: 3298.380: [GC (Allocation Failure) [PSYoungGen: 1044000K->1168K(1046016K)] 1407966K->365142K(1650688K), 0.0039790 secs] [Times: user=0.01 sys=0.00, real=0.01 secs] 
2024-07-05T13:57:40.467+0800: 3300.197: [GC (Allocation Failure) [PSYoungGen: 1044624K->1328K(1046016K)] 1408598K->365310K(1650688K), 0.0032068 secs] [Times: user=0.00 sys=0.00, real=0.00 secs] 
2024-07-05T13:57:42.281+0800: 3302.011: [GC (Allocation Failure) [PSYoungGen: 1044784K->1888K(1046016K)] 1408766K->365878K(1650688K), 0.0046938 secs] [Times: user=0.00 sys=0.00, real=0.00 secs] 
2024-07-05T13:57:44.098+0800: 3303.827: [GC (Allocation Failure) [PSYoungGen: 1045344K->1312K(1046016K)] 1409334K->365310K(1650688K), 0.0024195 secs] [Times: user=0.00 sys=0.00, real=0.00 secs] 
2024-07-05T13:57:45.871+0800: 3305.601: [GC (Allocation Failure) [PSYoungGen: 1044768K->1680K(1046016K)] 1408766K->365686K(1650688K), 0.0033647 secs] [Times: user=0.00 sys=0.00, real=0.01 secs] 
2024-07-05T13:57:47.697+0800: 3307.426: [GC (Allocation Failure) [PSYoungGen: 1045136K->832K(1046016K)] 1409142K->364846K(1650688K), 0.0025163 secs] [Times: user=0.01 sys=0.00, real=0.00 secs] 
2024-07-05T13:57:49.510+0800: 3309.240: [GC (Allocation Failure) [PSYoungGen: 1044288K->832K(999424K)] 1408302K->364854K(1604096K), 0.0023896 secs] [Times: user=0.00 sys=0.00, real=0.00 secs] 
2024-07-05T13:57:51.228+0800: 3310.957: [GC (Allocation Failure) [PSYoungGen: 999232K->2032K(957440K)] 1363254K->366062K(1562112K), 0.0031601 secs] [Times: user=0.00 sys=0.00, real=0.00 secs] 
2024-07-05T13:57:52.940+0800: 3312.670: [GC (Allocation Failure) [PSYoungGen: 957424K->1600K(916480K)] 1321454K->365638K(1521152K), 0.0029762 secs] [Times: user=0.01 sys=0.00, real=0.01 secs] 
2024-07-05T13:57:54.533+0800: 3314.262: [GC (Allocation Failure) [PSYoungGen: 916032K->1504K(949760K)] 1280070K->365550K(1554432K), 0.0041490 secs] [Times: user=0.00 sys=0.00, real=0.01 secs] 
2024-07-05T13:57:56.149+0800: 3315.879: [GC (Allocation Failure) [PSYoungGen: 949728K->1472K(983552K)] 1313774K->365526K(1588224K), 0.0025696 secs] [Times: user=0.00 sys=0.00, real=0.00 secs] 
2024-07-05T13:57:57.845+0800: 3317.575: [GC (Allocation Failure) [PSYoungGen: 983488K->896K(1020416K)] 1347542K->364958K(1625088K), 0.0042179 secs] [Times: user=0.01 sys=0.00, real=0.00 secs] 
2024-07-05T13:57:59.622+0800: 3319.352: [GC (Allocation Failure) [PSYoungGen: 1020288K->1344K(1040384K)] 1384350K->365414K(1645056K), 0.0025272 secs] [Times: user=0.01 sys=0.00, real=0.00 secs] 
2024-07-05T13:58:01.436+0800: 3321.166: [GC (Allocation Failure) [PSYoungGen: 1039168K->1712K(1040384K)] 1403238K->365790K(1645056K), 0.0025629 secs] [Times: user=0.01 sys=0.00, real=0.00 secs] 
2024-07-05T13:58:03.297+0800: 3323.027: [GC (Allocation Failure) [PSYoungGen: 1039536K->1664K(994816K)] 1403614K->365750K(1599488K), 0.0029852 secs] [Times: user=0.01 sys=0.00, real=0.00 secs] 
2024-07-05T13:58:05.014+0800: 3324.744: [GC (Allocation Failure) [PSYoungGen: 994432K->1360K(1030656K)] 1358518K->365454K(1635328K), 0.0042947 secs] [Times: user=0.00 sys=0.00, real=0.00 secs] 
2024-07-05T13:58:06.766+0800: 3326.496: [GC (Allocation Failure) [PSYoungGen: 1030480K->1808K(1043968K)] 1394574K->365910K(1648640K), 0.0052145 secs] [Times: user=0.01 sys=0.00, real=0.00 secs] 
2024-07-05T13:58:08.562+0800: 3328.291: [GC (Allocation Failure) [PSYoungGen: 1043728K->2096K(1044480K)] 1407830K->366206K(1649152K), 0.0041666 secs] [Times: user=0.00 sys=0.00, real=0.00 secs] 
2024-07-05T13:58:10.360+0800: 3330.089: [GC (Allocation Failure) [PSYoungGen: 1044016K->1040K(1046016K)] 1408126K->365158K(1650688K), 0.0032087 secs] [Times: user=0.01 sys=0.00, real=0.01 secs] 
2024-07-05T13:58:12.171+0800: 3331.901: [GC (Allocation Failure) [PSYoungGen: 1044496K->1744K(1046016K)] 1408614K->365870K(1650688K), 0.0031831 secs] [Times: user=0.00 sys=0.00, real=0.01 secs] 
2024-07-05T13:58:13.998+0800: 3333.728: [GC (Allocation Failure) [PSYoungGen: 1045200K->1792K(1046016K)] 1409326K->365926K(1650688K), 0.0026476 secs] [Times: user=0.00 sys=0.00, real=0.01 secs] 
2024-07-05T13:58:15.799+0800: 3335.528: [GC (Allocation Failure) [PSYoungGen: 1045248K->1136K(1046016K)] 1409382K->365278K(1650688K), 0.0033805 secs] [Times: user=0.01 sys=0.00, real=0.01 secs] 
2024-07-05T13:58:17.600+0800: 3337.330: [GC (Allocation Failure) [PSYoungGen: 1044592K->1488K(1046016K)] 1408734K->365638K(1650688K), 0.0025433 secs] [Times: user=0.00 sys=0.00, real=0.01 secs] 
2024-07-05T13:58:19.435+0800: 3339.164: [GC (Allocation Failure) [PSYoungGen: 1044944K->1872K(1046016K)] 1409094K->366030K(1650688K), 0.0035300 secs] [Times: user=0.00 sys=0.00, real=0.00 secs] 
2024-07-05T13:58:21.226+0800: 3340.956: [GC (Allocation Failure) [PSYoungGen: 1045328K->1520K(999936K)] 1409486K->365686K(1604608K), 0.0026538 secs] [Times: user=0.00 sys=0.00, real=0.00 secs] 
2024-07-05T13:58:22.974+0800: 3342.703: [GC (Allocation Failure) [PSYoungGen: 999920K->1344K(956928K)] 1364086K->365518K(1561600K), 0.0025637 secs] [Times: user=0.01 sys=0.00, real=0.00 secs] 
2024-07-05T13:58:24.662+0800: 3344.392: [GC (Allocation Failure) [PSYoungGen: 956736K->1328K(991232K)] 1320910K->365510K(1595904K), 0.0041001 secs] [Times: user=0.00 sys=0.00, real=0.00 secs] 
2024-07-05T13:58:26.378+0800: 3346.107: [GC (Allocation Failure) [PSYoungGen: 991024K->640K(1024512K)] 1355206K->364830K(1629184K), 0.0026199 secs] [Times: user=0.00 sys=0.00, real=0.00 secs] 
2024-07-05T13:58:28.152+0800: 3347.882: [GC (Allocation Failure) [PSYoungGen: 1024128K->1584K(981504K)] 1388318K->365782K(1586176K), 0.0029232 secs] [Times: user=0.01 sys=0.00, real=0.01 secs] 
2024-07-05T13:58:29.858+0800: 3349.588: [GC (Allocation Failure) [PSYoungGen: 981040K->1472K(939008K)] 1345238K->365678K(1543680K), 0.0028003 secs] [Times: user=0.01 sys=0.00, real=0.00 secs] 
2024-07-05T13:58:31.451+0800: 3351.181: [GC (Allocation Failure) [PSYoungGen: 938944K->1936K(972288K)] 1303150K->366150K(1576960K), 0.0033813 secs] [Times: user=0.00 sys=0.00, real=0.01 secs] 
2024-07-05T13:58:33.132+0800: 3352.862: [GC (Allocation Failure) [PSYoungGen: 972176K->1248K(1008640K)] 1336390K->365470K(1613312K), 0.0044893 secs] [Times: user=0.01 sys=0.00, real=0.01 secs] 
2024-07-05T13:58:34.911+0800: 3354.641: [GC (Allocation Failure) [PSYoungGen: 1008352K->1120K(1038336K)] 1372574K->365350K(1643008K), 0.0040094 secs] [Times: user=0.01 sys=0.00, real=0.01 secs] 
2024-07-05T13:58:36.691+0800: 3356.421: [GC (Allocation Failure) [PSYoungGen: 1037408K->2000K(1038848K)] 1401638K->366238K(1643520K), 0.0033165 secs] [Times: user=0.01 sys=0.00, real=0.01 secs] 
2024-07-05T13:58:38.469+0800: 3358.199: [GC (Allocation Failure) [PSYoungGen: 1038288K->2096K(1046016K)] 1402526K->366342K(1650688K), 0.0030098 secs] [Times: user=0.00 sys=0.00, real=0.00 secs] 
2024-07-05T13:58:40.284+0800: 3360.014: [GC (Allocation Failure) [PSYoungGen: 1045552K->1264K(1046016K)] 1409798K->365518K(1650688K), 0.0031613 secs] [Times: user=0.00 sys=0.00, real=0.00 secs] 
2024-07-05T13:58:42.078+0800: 3361.808: [GC (Allocation Failure) [PSYoungGen: 1044720K->1728K(1046016K)] 1408974K->365990K(1650688K), 0.0041691 secs] [Times: user=0.00 sys=0.00, real=0.01 secs] 
2024-07-05T13:58:43.898+0800: 3363.628: [GC (Allocation Failure) [PSYoungGen: 1045184K->1632K(1046016K)] 1409446K->365902K(1650688K), 0.0041197 secs] [Times: user=0.01 sys=0.00, real=0.01 secs] 
2024-07-05T13:58:45.696+0800: 3365.426: [GC (Allocation Failure) [PSYoungGen: 1045088K->1472K(1046016K)] 1409358K->365750K(1650688K), 0.0024481 secs] [Times: user=0.00 sys=0.00, real=0.00 secs] 
2024-07-05T13:58:47.481+0800: 3367.210: [GC (Allocation Failure) [PSYoungGen: 1044928K->672K(999424K)] 1409206K->364958K(1604096K), 0.0023971 secs] [Times: user=0.00 sys=0.00, real=0.01 secs] 
2024-07-05T13:58:49.199+0800: 3368.929: [GC (Allocation Failure) [PSYoungGen: 999072K->1200K(956928K)] 1363358K->365494K(1561600K), 0.0027096 secs] [Times: user=0.00 sys=0.00, real=0.01 secs] 
2024-07-05T13:58:50.839+0800: 3370.569: [GC (Allocation Failure) [PSYoungGen: 956592K->1696K(916480K)] 1320886K->365998K(1521152K), 0.0027092 secs] [Times: user=0.00 sys=0.00, real=0.01 secs] 
2024-07-05T13:58:52.425+0800: 3372.155: [GC (Allocation Failure) [PSYoungGen: 916128K->1376K(877056K)] 1280430K->365686K(1481728K), 0.0026387 secs] [Times: user=0.01 sys=0.00, real=0.00 secs] 
2024-07-05T13:58:53.938+0800: 3373.668: [GC (Allocation Failure) [PSYoungGen: 876896K->2032K(908288K)] 1241206K->366350K(1512960K), 0.0034044 secs] [Times: user=0.00 sys=0.00, real=0.01 secs] 
2024-07-05T13:58:55.508+0800: 3375.238: [GC (Allocation Failure) [PSYoungGen: 908272K->1744K(940544K)] 1272590K->366070K(1545216K), 0.0031140 secs] [Times: user=0.00 sys=0.00, real=0.00 secs] 
2024-07-05T13:58:57.146+0800: 3376.876: [GC (Allocation Failure) [PSYoungGen: 940240K->1216K(975872K)] 1304566K->365550K(1580544K), 0.0041704 secs] [Times: user=0.00 sys=0.00, real=0.00 secs] 
2024-07-05T13:58:58.799+0800: 3378.529: [GC (Allocation Failure) [PSYoungGen: 975552K->1216K(1011712K)] 1339886K->365558K(1616384K), 0.0026210 secs] [Times: user=0.00 sys=0.00, real=0.01 secs] 
2024-07-05T13:59:00.555+0800: 3380.285: [GC (Allocation Failure) [PSYoungGen: 1011392K->1440K(1038848K)] 1375734K->365790K(1643520K), 0.0026233 secs] [Times: user=0.00 sys=0.00, real=0.00 secs] 
2024-07-05T13:59:02.367+0800: 3382.096: [GC (Allocation Failure) [PSYoungGen: 1037728K->1584K(1046016K)] 1402078K->365942K(1650688K), 0.0045343 secs] [Times: user=0.01 sys=0.00, real=0.00 secs] 
2024-07-05T13:59:04.177+0800: 3383.907: [GC (Allocation Failure) [PSYoungGen: 1045040K->1296K(1046016K)] 1409398K->365662K(1650688K), 0.0045086 secs] [Times: user=0.00 sys=0.01, real=0.01 secs] 
2024-07-05T13:59:05.976+0800: 3385.706: [GC (Allocation Failure) [PSYoungGen: 1044752K->1520K(1046016K)] 1409118K->365894K(1650688K), 0.0028406 secs] [Times: user=0.00 sys=0.00, real=0.00 secs] 
2024-07-05T13:59:07.782+0800: 3387.512: [GC (Allocation Failure) [PSYoungGen: 1044976K->1792K(1046016K)] 1409350K->366174K(1650688K), 0.0042896 secs] [Times: user=0.00 sys=0.00, real=0.00 secs] 
2024-07-05T13:59:09.599+0800: 3389.329: [GC (Allocation Failure) [PSYoungGen: 1045248K->1248K(1046016K)] 1409630K->365638K(1650688K), 0.0024160 secs] [Times: user=0.01 sys=0.00, real=0.01 secs] 
2024-07-05T13:59:11.391+0800: 3391.120: [GC (Allocation Failure) [PSYoungGen: 1044704K->2016K(1046016K)] 1409094K->366414K(1650688K), 0.0045307 secs] [Times: user=0.00 sys=0.00, real=0.01 secs] 
2024-07-05T13:59:13.218+0800: 3392.948: [GC (Allocation Failure) [PSYoungGen: 1045472K->1648K(1046016K)] 1409870K->366054K(1650688K), 0.0026096 secs] [Times: user=0.01 sys=0.00, real=0.00 secs] 
2024-07-05T13:59:15.015+0800: 3394.745: [GC (Allocation Failure) [PSYoungGen: 1045104K->2000K(1046016K)] 1409510K->366414K(1650688K), 0.0032107 secs] [Times: user=0.01 sys=0.00, real=0.00 secs] 
2024-07-05T13:59:16.834+0800: 3396.563: [GC (Allocation Failure) [PSYoungGen: 1045456K->1664K(1046016K)] 1409870K->366086K(1650688K), 0.0040279 secs] [Times: user=0.01 sys=0.00, real=0.00 secs] 
2024-07-05T13:59:18.630+0800: 3398.360: [GC (Allocation Failure) [PSYoungGen: 1045120K->1648K(1046016K)] 1409542K->366078K(1650688K), 0.0042662 secs] [Times: user=0.01 sys=0.00, real=0.01 secs] 
2024-07-05T13:59:20.440+0800: 3400.170: [GC (Allocation Failure) [PSYoungGen: 1045104K->1712K(1046016K)] 1409534K->366150K(1650688K), 0.0042157 secs] [Times: user=0.01 sys=0.00, real=0.01 secs] 
2024-07-05T13:59:22.266+0800: 3401.995: [GC (Allocation Failure) [PSYoungGen: 1045168K->1856K(1046016K)] 1409606K->366302K(1650688K), 0.0025264 secs] [Times: user=0.00 sys=0.00, real=0.00 secs] 
2024-07-05T13:59:24.064+0800: 3403.794: [GC (Allocation Failure) [PSYoungGen: 1045312K->1760K(1046016K)] 1409758K->366214K(1650688K), 0.0029949 secs] [Times: user=0.01 sys=0.00, real=0.00 secs] 
2024-07-05T13:59:25.871+0800: 3405.601: [GC (Allocation Failure) [PSYoungGen: 1045216K->1232K(1046016K)] 1409670K->365694K(1650688K), 0.0025903 secs] [Times: user=0.01 sys=0.00, real=0.01 secs] 
2024-07-05T13:59:27.667+0800: 3407.397: [GC (Allocation Failure) [PSYoungGen: 1044688K->1328K(1046016K)] 1409150K->365798K(1650688K), 0.0040804 secs] [Times: user=0.00 sys=0.00, real=0.00 secs] 
2024-07-05T13:59:29.475+0800: 3409.205: [GC (Allocation Failure) [PSYoungGen: 1044784K->1760K(1046016K)] 1409254K->366238K(1650688K), 0.0026016 secs] [Times: user=0.00 sys=0.00, real=0.00 secs] 
2024-07-05T13:59:31.278+0800: 3411.008: [GC (Allocation Failure) [PSYoungGen: 1045216K->1456K(1046016K)] 1409694K->365942K(1650688K), 0.0046050 secs] [Times: user=0.00 sys=0.00, real=0.01 secs] 
2024-07-05T13:59:33.119+0800: 3412.849: [GC (Allocation Failure) [PSYoungGen: 1044912K->1552K(1046016K)] 1409398K->366046K(1650688K), 0.0032501 secs] [Times: user=0.00 sys=0.00, real=0.01 secs] 
2024-07-05T13:59:34.936+0800: 3414.666: [GC (Allocation Failure) [PSYoungGen: 1045008K->2080K(1046016K)] 1409502K->366582K(1650688K), 0.0025901 secs] [Times: user=0.01 sys=0.00, real=0.00 secs] 
2024-07-05T13:59:36.754+0800: 3416.484: [GC (Allocation Failure) [PSYoungGen: 1045536K->1456K(999936K)] 1410038K->365966K(1604608K), 0.0025658 secs] [Times: user=0.00 sys=0.00, real=0.00 secs] 
2024-07-05T13:59:38.468+0800: 3418.198: [GC (Allocation Failure) [PSYoungGen: 999856K->1520K(956928K)] 1364366K->366038K(1561600K), 0.0026865 secs] [Times: user=0.00 sys=0.00, real=0.00 secs] 
2024-07-05T13:59:40.155+0800: 3419.884: [GC (Allocation Failure) [PSYoungGen: 956912K->1328K(915968K)] 1321430K->365854K(1520640K), 0.0025797 secs] [Times: user=0.00 sys=0.00, real=0.00 secs] 
2024-07-05T13:59:41.757+0800: 3421.487: [GC (Allocation Failure) [PSYoungGen: 915760K->1552K(877568K)] 1280286K->366086K(1482240K), 0.0024899 secs] [Times: user=0.00 sys=0.00, real=0.00 secs] 
2024-07-05T13:59:43.311+0800: 3423.041: [GC (Allocation Failure) [PSYoungGen: 877072K->1392K(840192K)] 1241606K->365934K(1444864K), 0.0025495 secs] [Times: user=0.01 sys=0.00, real=0.01 secs] 
2024-07-05T13:59:44.762+0800: 3424.492: [GC (Allocation Failure) [PSYoungGen: 840048K->1616K(871936K)] 1204590K->366166K(1476608K), 0.0042228 secs] [Times: user=0.01 sys=0.00, real=0.00 secs] 
2024-07-05T13:59:46.285+0800: 3426.014: [GC (Allocation Failure) [PSYoungGen: 871504K->928K(902144K)] 1236054K->365486K(1506816K), 0.0025568 secs] [Times: user=0.01 sys=0.00, real=0.00 secs] 
2024-07-05T13:59:47.859+0800: 3427.589: [GC (Allocation Failure) [PSYoungGen: 902048K->1488K(934912K)] 1266606K->366054K(1539584K), 0.0029916 secs] [Times: user=0.01 sys=0.00, real=0.01 secs] 
2024-07-05T13:59:49.485+0800: 3429.215: [GC (Allocation Failure) [PSYoungGen: 934864K->1488K(968704K)] 1299430K->366062K(1573376K), 0.0033454 secs] [Times: user=0.00 sys=0.00, real=0.00 secs] 
2024-07-05T13:59:51.167+0800: 3430.897: [GC (Allocation Failure) [PSYoungGen: 968656K->1232K(1004544K)] 1333230K->365814K(1609216K), 0.0034025 secs] [Times: user=0.00 sys=0.00, real=0.00 secs] 
2024-07-05T13:59:52.919+0800: 3432.649: [GC (Allocation Failure) [PSYoungGen: 1004240K->1792K(1037312K)] 1368822K->366382K(1641984K), 0.0025260 secs] [Times: user=0.01 sys=0.00, real=0.01 secs] 
2024-07-05T13:59:54.717+0800: 3434.447: [GC (Allocation Failure) [PSYoungGen: 1037056K->2048K(1040384K)] 1401646K->366646K(1645056K), 0.0030664 secs] [Times: user=0.01 sys=0.00, real=0.00 secs] 
2024-07-05T13:59:56.529+0800: 3436.259: [GC (Allocation Failure) [PSYoungGen: 1039872K->1728K(994816K)] 1404470K->366334K(1599488K), 0.0027705 secs] [Times: user=0.00 sys=0.00, real=0.00 secs] 
2024-07-05T13:59:58.260+0800: 3437.990: [GC (Allocation Failure) [PSYoungGen: 994496K->1024K(1030656K)] 1359102K->366310K(1635328K), 0.0046596 secs] [Times: user=0.00 sys=0.00, real=0.01 secs] 
2024-07-05T14:00:00.085+0800: 3439.815: [GC (Allocation Failure) [PSYoungGen: 1030656K->1248K(1038336K)] 1395942K->366534K(1643008K), 0.0043355 secs] [Times: user=0.01 sys=0.00, real=0.00 secs] 
2024-07-05T14:00:01.896+0800: 3441.626: [GC (Allocation Failure) [PSYoungGen: 1037024K->2048K(1046016K)] 1402310K->367334K(1650688K), 0.0054003 secs] [Times: user=0.01 sys=0.00, real=0.01 secs] 
2024-07-05T14:00:03.794+0800: 3443.524: [GC (Allocation Failure) [PSYoungGen: 1045504K->1728K(1046016K)] 1410790K->367014K(1650688K), 0.0032937 secs] [Times: user=0.01 sys=0.00, real=0.00 secs] 
2024-07-05T14:00:05.603+0800: 3445.332: [GC (Allocation Failure) [PSYoungGen: 1045184K->1152K(1046016K)] 1410470K->366438K(1650688K), 0.0036948 secs] [Times: user=0.01 sys=0.00, real=0.00 secs] 
2024-07-05T14:00:07.437+0800: 3447.167: [GC (Allocation Failure) [PSYoungGen: 1044608K->1568K(1046016K)] 1409894K->366854K(1650688K), 0.0043274 secs] [Times: user=0.00 sys=0.00, real=0.01 secs] 
2024-07-05T14:00:09.290+0800: 3449.020: [GC (Allocation Failure) [PSYoungGen: 1045024K->1216K(1046016K)] 1410310K->366502K(1650688K), 0.0024732 secs] [Times: user=0.01 sys=0.00, real=0.00 secs] 
2024-07-05T14:00:11.118+0800: 3450.848: [GC (Allocation Failure) [PSYoungGen: 1044672K->1504K(1046016K)] 1409958K->366790K(1650688K), 0.0025429 secs] [Times: user=0.01 sys=0.00, real=0.00 secs] 
2024-07-05T14:00:12.965+0800: 3452.695: [GC (Allocation Failure) [PSYoungGen: 1044960K->1216K(1046016K)] 1410246K->366502K(1650688K), 0.0027713 secs] [Times: user=0.01 sys=0.00, real=0.00 secs] 
2024-07-05T14:00:14.806+0800: 3454.536: [GC (Allocation Failure) [PSYoungGen: 1044672K->2016K(1000448K)] 1409958K->367302K(1605120K), 0.0027539 secs] [Times: user=0.00 sys=0.00, real=0.00 secs] 
2024-07-05T14:00:16.558+0800: 3456.288: [GC (Allocation Failure) [PSYoungGen: 1000416K->896K(1034752K)] 1365702K->366182K(1639424K), 0.0039332 secs] [Times: user=0.01 sys=0.00, real=0.01 secs] 
2024-07-05T14:00:18.357+0800: 3458.087: [GC (Allocation Failure) [PSYoungGen: 1034624K->1664K(1043968K)] 1399910K->366950K(1648640K), 0.0044040 secs] [Times: user=0.01 sys=0.00, real=0.01 secs] 
2024-07-05T14:00:20.153+0800: 3459.882: [GC (Allocation Failure) [PSYoungGen: 1043072K->1600K(1046016K)] 1408358K->366886K(1650688K), 0.0029633 secs] [Times: user=0.00 sys=0.00, real=0.01 secs] 
2024-07-05T14:00:22.008+0800: 3461.737: [GC (Allocation Failure) [PSYoungGen: 1045056K->1888K(1046016K)] 1410342K->367174K(1650688K), 0.0033168 secs] [Times: user=0.01 sys=0.00, real=0.00 secs] 
2024-07-05T14:00:23.838+0800: 3463.568: [GC (Allocation Failure) [PSYoungGen: 1045344K->1776K(1046016K)] 1410630K->367062K(1650688K), 0.0037069 secs] [Times: user=0.00 sys=0.00, real=0.01 secs] 
2024-07-05T14:00:25.666+0800: 3465.396: [GC (Allocation Failure) [PSYoungGen: 1045232K->1824K(1046016K)] 1410518K->367118K(1650688K), 0.0043223 secs] [Times: user=0.01 sys=0.00, real=0.00 secs] 
2024-07-05T14:00:27.515+0800: 3467.244: [GC (Allocation Failure) [PSYoungGen: 1045280K->1136K(1046016K)] 1410574K->366438K(1650688K), 0.0039064 secs] [Times: user=0.01 sys=0.00, real=0.00 secs] 
2024-07-05T14:00:29.380+0800: 3469.110: [GC (Allocation Failure) [PSYoungGen: 1044592K->2064K(1046016K)] 1409894K->367374K(1650688K), 0.0032036 secs] [Times: user=0.01 sys=0.00, real=0.01 secs] 
2024-07-05T14:04:45.379+0800: 3725.109: [GC (Allocation Failure) [PSYoungGen: 1045520K->566K(999424K)] 1410830K->365885K(1604096K), 0.0025177 secs] [Times: user=0.01 sys=0.00, real=0.01 secs] 
2024-07-05T14:05:10.884+0800: 3750.614: [GC (Allocation Failure) [PSYoungGen: 998966K->144K(955904K)] 1364285K->365470K(1560576K), 0.0026164 secs] [Times: user=0.00 sys=0.00, real=0.00 secs] 
2024-07-05T14:05:35.223+0800: 3774.952: [GC (Allocation Failure) [PSYoungGen: 955536K->925K(915456K)] 1320862K->366259K(1520128K), 0.0027695 secs] [Times: user=0.01 sys=0.00, real=0.00 secs] 
2024-07-05T14:05:58.479+0800: 3798.209: [GC (Allocation Failure) [PSYoungGen: 915357K->534K(876544K)] 1280691K->365877K(1481216K), 0.0036447 secs] [Times: user=0.00 sys=0.00, real=0.01 secs] 
2024-07-05T14:06:20.921+0800: 3820.651: [GC (Allocation Failure) [PSYoungGen: 876054K->176K(839168K)] 1241397K->365526K(1443840K), 0.0024244 secs] [Times: user=0.00 sys=0.00, real=0.01 secs] 
2024-07-05T14:06:42.294+0800: 3842.024: [GC (Allocation Failure) [PSYoungGen: 838832K->566K(806400K)] 1204182K->365925K(1411072K), 0.0031825 secs] [Times: user=0.01 sys=0.00, real=0.00 secs] 
2024-07-05T14:07:02.798+0800: 3862.528: [GC (Allocation Failure) [PSYoungGen: 803894K->518K(771072K)] 1169253K->365885K(1375744K), 0.0045493 secs] [Times: user=0.01 sys=0.00, real=0.01 secs] 
2024-07-05T14:07:22.449+0800: 3882.179: [GC (Allocation Failure) [PSYoungGen: 770566K->355K(738816K)] 1135933K->365729K(1343488K), 0.0025010 secs] [Times: user=0.01 sys=0.00, real=0.00 secs] 
2024-07-05T14:07:41.155+0800: 3900.885: [GC (Allocation Failure) [PSYoungGen: 738555K->550K(709120K)] 1103929K->365933K(1313792K), 0.0025614 secs] [Times: user=0.00 sys=0.00, real=0.00 secs] 
2024-07-05T14:07:59.538+0800: 3919.268: [GC (Allocation Failure) [PSYoungGen: 708646K->550K(680448K)] 1074029K->365941K(1285120K), 0.0025489 secs] [Times: user=0.00 sys=0.00, real=0.00 secs] 
2024-07-05T14:08:17.373+0800: 3937.103: [GC (Allocation Failure) [PSYoungGen: 679974K->371K(652288K)] 1045365K->365769K(1256960K), 0.0046890 secs] [Times: user=0.01 sys=0.00, real=0.00 secs] 
2024-07-05T14:11:37.554+0800: 4137.284: [GC (Allocation Failure) [PSYoungGen: 652147K->208K(628224K)] 1017545K->365614K(1232896K), 0.0037717 secs] [Times: user=0.00 sys=0.00, real=0.00 secs] 
2024-07-05T14:12:36.254+0800: 4195.983: [GC (Allocation Failure) [PSYoungGen: 625872K->720K(601600K)] 991278K->491070K(1206272K), 0.0232507 secs] [Times: user=0.04 sys=0.00, real=0.02 secs] 
2024-07-05T14:12:37.419+0800: 4197.149: [GC (Allocation Failure) [PSYoungGen: 601296K->640K(579584K)] 1091646K->491006K(1184256K), 0.0034061 secs] [Times: user=0.01 sys=0.00, real=0.01 secs] 
2024-07-05T14:12:38.132+0800: 4197.861: [GC (Allocation Failure) [PSYoungGen: 577664K->672K(599552K)] 1068030K->491046K(1204224K), 0.0037042 secs] [Times: user=0.01 sys=0.01, real=0.01 secs] 
2024-07-05T14:12:38.875+0800: 4198.605: [GC (Allocation Failure) [PSYoungGen: 599200K->640K(630272K)] 1089574K->491054K(1234944K), 0.0043597 secs] [Times: user=0.00 sys=0.00, real=0.00 secs] 
2024-07-05T14:12:39.598+0800: 4199.327: [GC (Allocation Failure) [PSYoungGen: 629888K->656K(666112K)] 1120302K->491086K(1270784K), 0.0035017 secs] [Times: user=0.01 sys=0.00, real=0.01 secs] 
2024-07-05T14:12:40.317+0800: 4200.047: [GC (Allocation Failure) [PSYoungGen: 665744K->656K(713216K)] 1156174K->491094K(1317888K), 0.0059588 secs] [Times: user=0.01 sys=0.00, real=0.01 secs] 
2024-07-05T14:12:41.055+0800: 4200.785: [GC (Allocation Failure) [PSYoungGen: 712848K->608K(765952K)] 1203286K->491054K(1370624K), 0.0045330 secs] [Times: user=0.01 sys=0.00, real=0.00 secs] 
2024-07-05T14:12:41.882+0800: 4201.612: [GC (Allocation Failure) [PSYoungGen: 765536K->656K(824832K)] 1255982K->491110K(1429504K), 0.0050240 secs] [Times: user=0.01 sys=0.00, real=0.00 secs] 
2024-07-05T14:12:42.802+0800: 4202.532: [GC (Allocation Failure) [PSYoungGen: 824464K->592K(884736K)] 1314918K->491062K(1489408K), 0.0033522 secs] [Times: user=0.00 sys=0.00, real=0.00 secs] 
2024-07-05T14:12:43.767+0800: 4203.497: [GC (Allocation Failure) [PSYoungGen: 884304K->704K(946176K)] 1374774K->491182K(1550848K), 0.0033381 secs] [Times: user=0.00 sys=0.00, real=0.00 secs] 
2024-07-05T14:12:44.745+0800: 4204.475: [GC (Allocation Failure) [PSYoungGen: 945856K->624K(1008640K)] 1436334K->491110K(1613312K), 0.0032146 secs] [Times: user=0.01 sys=0.00, real=0.00 secs] 
2024-07-05T14:12:45.849+0800: 4205.579: [GC (Allocation Failure) [PSYoungGen: 1008240K->720K(1025024K)] 1498726K->491214K(1629696K), 0.0033107 secs] [Times: user=0.01 sys=0.00, real=0.00 secs] 
2024-07-05T14:12:46.941+0800: 4206.671: [GC (Allocation Failure) [PSYoungGen: 1024208K->656K(1047040K)] 1514702K->491158K(1651712K), 0.0034736 secs] [Times: user=0.01 sys=0.00, real=0.00 secs] 
2024-07-05T14:12:48.056+0800: 4207.785: [GC (Allocation Failure) [PSYoungGen: 1046160K->672K(1047040K)] 1536662K->491182K(1651712K), 0.0034344 secs] [Times: user=0.00 sys=0.00, real=0.00 secs] 
2024-07-05T14:12:49.242+0800: 4208.971: [GC (Allocation Failure) [PSYoungGen: 1046176K->624K(1047040K)] 1536686K->491182K(1651712K), 0.0031948 secs] [Times: user=0.01 sys=0.00, real=0.00 secs] 
2024-07-05T14:12:50.418+0800: 4210.148: [GC (Allocation Failure) [PSYoungGen: 1046128K->112K(1047040K)] 1536686K->491110K(1651712K), 0.0057471 secs] [Times: user=0.02 sys=0.00, real=0.01 secs] 
2024-07-05T14:12:51.569+0800: 4211.299: [GC (Allocation Failure) [PSYoungGen: 1045616K->224K(1047040K)] 1536614K->491230K(1651712K), 0.0036934 secs] [Times: user=0.00 sys=0.00, real=0.01 secs] 
2024-07-05T14:12:52.679+0800: 4212.409: [GC (Allocation Failure) [PSYoungGen: 1045728K->256K(1047040K)] 1536734K->491270K(1651712K), 0.0027075 secs] [Times: user=0.00 sys=0.00, real=0.01 secs] 
2024-07-05T14:12:53.862+0800: 4213.591: [GC (Allocation Failure) [PSYoungGen: 1045760K->128K(1047040K)] 1536774K->491150K(1651712K), 0.0045626 secs] [Times: user=0.00 sys=0.00, real=0.00 secs] 
2024-07-05T14:12:54.986+0800: 4214.716: [GC (Allocation Failure) [PSYoungGen: 1045632K->160K(1047040K)] 1536654K->491190K(1651712K), 0.0036380 secs] [Times: user=0.01 sys=0.00, real=0.00 secs] 
2024-07-05T14:12:56.132+0800: 4215.862: [GC (Allocation Failure) [PSYoungGen: 1045664K->128K(1047040K)] 1536694K->491166K(1651712K), 0.0037722 secs] [Times: user=0.01 sys=0.00, real=0.01 secs] 
2024-07-05T14:12:57.237+0800: 4216.967: [GC (Allocation Failure) [PSYoungGen: 1045632K->192K(1047040K)] 1536670K->491230K(1651712K), 0.0027998 secs] [Times: user=0.00 sys=0.00, real=0.00 secs] 
2024-07-05T14:12:58.314+0800: 4218.044: [GC (Allocation Failure) [PSYoungGen: 1045696K->224K(1047040K)] 1536734K->491270K(1651712K), 0.0037403 secs] [Times: user=0.00 sys=0.00, real=0.00 secs] 
2024-07-05T14:12:59.406+0800: 4219.136: [GC (Allocation Failure) [PSYoungGen: 1045728K->128K(1047040K)] 1536774K->491182K(1651712K), 0.0038982 secs] [Times: user=0.00 sys=0.00, real=0.00 secs] 
2024-07-05T14:13:00.480+0800: 4220.210: [GC (Allocation Failure) [PSYoungGen: 1045632K->192K(1047040K)] 1536686K->491246K(1651712K), 0.0046844 secs] [Times: user=0.01 sys=0.00, real=0.01 secs] 
2024-07-05T14:13:01.633+0800: 4221.363: [GC (Allocation Failure) [PSYoungGen: 1045696K->160K(1046016K)] 1536750K->491222K(1650688K), 0.0029956 secs] [Times: user=0.00 sys=0.00, real=0.01 secs] 
2024-07-05T14:13:02.758+0800: 4222.487: [GC (Allocation Failure) [PSYoungGen: 1045664K->128K(1046528K)] 1536726K->491198K(1651200K), 0.0037763 secs] [Times: user=0.00 sys=0.00, real=0.01 secs] 
2024-07-05T14:13:03.857+0800: 4223.587: [GC (Allocation Failure) [PSYoungGen: 1045632K->192K(1046528K)] 1536702K->491270K(1651200K), 0.0026149 secs] [Times: user=0.00 sys=0.01, real=0.00 secs] 
2024-07-05T14:13:05.030+0800: 4224.760: [GC (Allocation Failure) [PSYoungGen: 1045696K->208K(1047552K)] 1536774K->491294K(1652224K), 0.0043576 secs] [Times: user=0.00 sys=0.00, real=0.01 secs] 
2024-07-05T14:13:06.220+0800: 4225.950: [GC (Allocation Failure) [PSYoungGen: 1046736K->224K(1047552K)] 1537822K->491318K(1652224K), 0.0027695 secs] [Times: user=0.00 sys=0.00, real=0.01 secs] 
2024-07-05T14:13:07.299+0800: 4227.029: [GC (Allocation Failure) [PSYoungGen: 1046752K->128K(1047552K)] 1537846K->491230K(1652224K), 0.0027329 secs] [Times: user=0.01 sys=0.00, real=0.01 secs] 
2024-07-05T14:13:08.415+0800: 4228.145: [GC (Allocation Failure) [PSYoungGen: 1046656K->192K(1047552K)] 1537758K->491294K(1652224K), 0.0037314 secs] [Times: user=0.01 sys=0.00, real=0.00 secs] 
2024-07-05T14:13:09.529+0800: 4229.259: [GC (Allocation Failure) [PSYoungGen: 1046720K->192K(1047552K)] 1537822K->491302K(1652224K), 0.0027999 secs] [Times: user=0.01 sys=0.00, real=0.00 secs] 
2024-07-05T14:13:10.602+0800: 4230.331: [GC (Allocation Failure) [PSYoungGen: 1046720K->192K(1047552K)] 1537830K->491310K(1652224K), 0.0027345 secs] [Times: user=0.01 sys=0.00, real=0.00 secs] 
2024-07-05T14:13:11.685+0800: 4231.415: [GC (Allocation Failure) [PSYoungGen: 1046720K->208K(1047552K)] 1537838K->491334K(1652224K), 0.0045482 secs] [Times: user=0.00 sys=0.00, real=0.00 secs] 
2024-07-05T14:13:12.802+0800: 4232.531: [GC (Allocation Failure) [PSYoungGen: 1046736K->192K(1047552K)] 1537862K->491326K(1652224K), 0.0026917 secs] [Times: user=0.01 sys=0.00, real=0.00 secs] 
2024-07-05T14:13:13.922+0800: 4233.651: [GC (Allocation Failure) [PSYoungGen: 1046720K->128K(1047552K)] 1537854K->491270K(1652224K), 0.0044211 secs] [Times: user=0.00 sys=0.00, real=0.00 secs] 
2024-07-05T14:13:14.990+0800: 4234.720: [GC (Allocation Failure) [PSYoungGen: 1046656K->160K(1047552K)] 1537798K->491310K(1652224K), 0.0036575 secs] [Times: user=0.01 sys=0.00, real=0.01 secs] 
2024-07-05T14:13:16.113+0800: 4235.843: [GC (Allocation Failure) [PSYoungGen: 1046688K->224K(1047552K)] 1537838K->491382K(1652224K), 0.0027076 secs] [Times: user=0.00 sys=0.00, real=0.00 secs] 
2024-07-05T14:13:17.202+0800: 4236.932: [GC (Allocation Failure) [PSYoungGen: 1046752K->192K(1047552K)] 1537910K->491358K(1652224K), 0.0028223 secs] [Times: user=0.00 sys=0.00, real=0.00 secs] 
2024-07-05T14:13:18.330+0800: 4238.059: [GC (Allocation Failure) [PSYoungGen: 1046720K->256K(1047552K)] 1537886K->491430K(1652224K), 0.0028702 secs] [Times: user=0.00 sys=0.00, real=0.00 secs] 
2024-07-05T14:13:19.397+0800: 4239.127: [GC (Allocation Failure) [PSYoungGen: 1047296K->128K(1047552K)] 1538470K->491310K(1652224K), 0.0027372 secs] [Times: user=0.00 sys=0.00, real=0.00 secs] 
2024-07-05T14:13:20.532+0800: 4240.262: [GC (Allocation Failure) [PSYoungGen: 1047168K->192K(1048064K)] 1538350K->491382K(1652736K), 0.0028895 secs] [Times: user=0.01 sys=0.00, real=0.01 secs] 
2024-07-05T14:13:21.646+0800: 4241.376: [GC (Allocation Failure) [PSYoungGen: 1047744K->128K(1048064K)] 1538934K->491326K(1652736K), 0.0033917 secs] [Times: user=0.00 sys=0.00, real=0.00 secs] 
2024-07-05T14:13:22.815+0800: 4242.544: [GC (Allocation Failure) [PSYoungGen: 1047680K->160K(1048064K)] 1538878K->491366K(1652736K), 0.0028364 secs] [Times: user=0.00 sys=0.00, real=0.00 secs] 
2024-07-05T14:13:23.953+0800: 4243.683: [GC (Allocation Failure) [PSYoungGen: 1047712K->192K(1048064K)] 1538918K->491406K(1652736K), 0.0038254 secs] [Times: user=0.01 sys=0.00, real=0.00 secs] 
2024-07-05T14:13:25.054+0800: 4244.783: [GC (Allocation Failure) [PSYoungGen: 1047744K->144K(1048064K)] 1538958K->491366K(1652736K), 0.0044458 secs] [Times: user=0.00 sys=0.00, real=0.00 secs] 
2024-07-05T14:13:26.161+0800: 4245.891: [GC (Allocation Failure) [PSYoungGen: 1047696K->160K(1048064K)] 1538918K->491390K(1652736K), 0.0047388 secs] [Times: user=0.01 sys=0.00, real=0.00 secs] 
2024-07-05T14:13:27.280+0800: 4247.010: [GC (Allocation Failure) [PSYoungGen: 1047712K->224K(1048064K)] 1538942K->491462K(1652736K), 0.0028260 secs] [Times: user=0.00 sys=0.00, real=0.01 secs] 
2024-07-05T14:13:28.390+0800: 4248.119: [GC (Allocation Failure) [PSYoungGen: 1047776K->224K(1048064K)] 1539014K->491470K(1652736K), 0.0040321 secs] [Times: user=0.01 sys=0.00, real=0.01 secs] 
2024-07-05T14:13:29.498+0800: 4249.227: [GC (Allocation Failure) [PSYoungGen: 1047776K->160K(1048064K)] 1539022K->491414K(1652736K), 0.0027978 secs] [Times: user=0.01 sys=0.00, real=0.00 secs] 
2024-07-05T14:13:30.675+0800: 4250.405: [GC (Allocation Failure) [PSYoungGen: 1047712K->160K(1048064K)] 1538966K->491422K(1652736K), 0.0038527 secs] [Times: user=0.00 sys=0.00, real=0.00 secs] 
2024-07-05T14:13:31.751+0800: 4251.480: [GC (Allocation Failure) [PSYoungGen: 1047712K->224K(1048064K)] 1538974K->491502K(1652736K), 0.0039807 secs] [Times: user=0.00 sys=0.00, real=0.01 secs] 
2024-07-05T14:13:32.914+0800: 4252.644: [GC (Allocation Failure) [PSYoungGen: 1047776K->176K(1048064K)] 1539054K->491462K(1652736K), 0.0037466 secs] [Times: user=0.01 sys=0.00, real=0.00 secs] 
2024-07-05T14:13:34.052+0800: 4253.782: [GC (Allocation Failure) [PSYoungGen: 1047728K->192K(1048064K)] 1539014K->491486K(1652736K), 0.0027491 secs] [Times: user=0.01 sys=0.00, real=0.01 secs] 
2024-07-05T14:13:35.142+0800: 4254.872: [GC (Allocation Failure) [PSYoungGen: 1047744K->192K(1048064K)] 1539038K->491494K(1652736K), 0.0027628 secs] [Times: user=0.00 sys=0.00, real=0.00 secs] 
2024-07-05T14:13:36.309+0800: 4256.039: [GC (Allocation Failure) [PSYoungGen: 1047744K->192K(1048064K)] 1539046K->491502K(1652736K), 0.0048494 secs] [Times: user=0.01 sys=0.00, real=0.01 secs] 
2024-07-05T14:13:37.522+0800: 4257.252: [GC (Allocation Failure) [PSYoungGen: 1047744K->160K(1048064K)] 1539054K->491478K(1652736K), 0.0028406 secs] [Times: user=0.01 sys=0.00, real=0.00 secs] 
2024-07-05T14:13:38.670+0800: 4258.399: [GC (Allocation Failure) [PSYoungGen: 1047712K->112K(1048064K)] 1539030K->491446K(1652736K), 0.0042362 secs] [Times: user=0.01 sys=0.00, real=0.01 secs] 
2024-07-05T14:13:39.847+0800: 4259.577: [GC (Allocation Failure) [PSYoungGen: 1047664K->192K(1048064K)] 1538998K->491534K(1652736K), 0.0028202 secs] [Times: user=0.00 sys=0.00, real=0.00 secs] 
2024-07-05T14:13:41.005+0800: 4260.735: [GC (Allocation Failure) [PSYoungGen: 1047744K->256K(1048064K)] 1539086K->491606K(1652736K), 0.0045688 secs] [Times: user=0.01 sys=0.00, real=0.00 secs] 
2024-07-05T14:13:42.078+0800: 4261.807: [GC (Allocation Failure) [PSYoungGen: 1047808K->160K(1048064K)] 1539158K->491518K(1652736K), 0.0027974 secs] [Times: user=0.01 sys=0.00, real=0.00 secs] 
2024-07-05T14:13:43.195+0800: 4262.925: [GC (Allocation Failure) [PSYoungGen: 1047712K->128K(1048064K)] 1539070K->491494K(1652736K), 0.0038693 secs] [Times: user=0.00 sys=0.00, real=0.00 secs] 
2024-07-05T14:13:44.275+0800: 4264.005: [GC (Allocation Failure) [PSYoungGen: 1047680K->144K(1048064K)] 1539046K->491518K(1652736K), 0.0038704 secs] [Times: user=0.00 sys=0.00, real=0.00 secs] 
2024-07-05T14:13:45.378+0800: 4265.107: [GC (Allocation Failure) [PSYoungGen: 1047696K->128K(1048064K)] 1539070K->491510K(1652736K), 0.0041658 secs] [Times: user=0.00 sys=0.00, real=0.01 secs] 
2024-07-05T14:13:46.486+0800: 4266.216: [GC (Allocation Failure) [PSYoungGen: 1047680K->192K(1048064K)] 1539062K->491582K(1652736K), 0.0026385 secs] [Times: user=0.00 sys=0.00, real=0.00 secs] 
2024-07-05T14:13:47.592+0800: 4267.321: [GC (Allocation Failure) [PSYoungGen: 1047744K->192K(1048064K)] 1539134K->491590K(1652736K), 0.0027380 secs] [Times: user=0.01 sys=0.00, real=0.01 secs] 
2024-07-05T14:13:48.683+0800: 4268.413: [GC (Allocation Failure) [PSYoungGen: 1047744K->160K(1048064K)] 1539142K->491566K(1652736K), 0.0026513 secs] [Times: user=0.00 sys=0.00, real=0.00 secs] 
2024-07-05T14:13:49.772+0800: 4269.502: [GC (Allocation Failure) [PSYoungGen: 1047712K->192K(1048064K)] 1539118K->491606K(1652736K), 0.0027161 secs] [Times: user=0.01 sys=0.00, real=0.01 secs] 
2024-07-05T14:13:50.838+0800: 4270.568: [GC (Allocation Failure) [PSYoungGen: 1047744K->144K(1048064K)] 1539158K->491566K(1652736K), 0.0040078 secs] [Times: user=0.01 sys=0.00, real=0.01 secs] 
2024-07-05T14:13:51.969+0800: 4271.699: [GC (Allocation Failure) [PSYoungGen: 1047696K->192K(1048064K)] 1539118K->491622K(1652736K), 0.0038572 secs] [Times: user=0.01 sys=0.00, real=0.01 secs] 
2024-07-05T14:13:53.035+0800: 4272.765: [GC (Allocation Failure) [PSYoungGen: 1047744K->224K(1048064K)] 1539174K->491662K(1652736K), 0.0028624 secs] [Times: user=0.01 sys=0.00, real=0.00 secs] 
2024-07-05T14:13:54.123+0800: 4273.853: [GC (Allocation Failure) [PSYoungGen: 1047776K->256K(1048064K)] 1539214K->491702K(1652736K), 0.0036624 secs] [Times: user=0.00 sys=0.00, real=0.00 secs] 
2024-07-05T14:13:55.217+0800: 4274.947: [GC (Allocation Failure) [PSYoungGen: 1047808K->224K(1048064K)] 1539254K->491678K(1652736K), 0.0027211 secs] [Times: user=0.00 sys=0.00, real=0.00 secs] 
2024-07-05T14:13:56.367+0800: 4276.097: [GC (Allocation Failure) [PSYoungGen: 1047776K->160K(1048064K)] 1539230K->491622K(1652736K), 0.0036839 secs] [Times: user=0.01 sys=0.00, real=0.00 secs] 
2024-07-05T14:13:57.447+0800: 4277.177: [GC (Allocation Failure) [PSYoungGen: 1047712K->160K(1048064K)] 1539174K->491630K(1652736K), 0.0037028 secs] [Times: user=0.01 sys=0.00, real=0.00 secs] 
2024-07-05T14:13:58.622+0800: 4278.352: [GC (Allocation Failure) [PSYoungGen: 1047712K->128K(1048064K)] 1539182K->491606K(1652736K), 0.0040119 secs] [Times: user=0.00 sys=0.00, real=0.00 secs] 
2024-07-05T14:13:59.782+0800: 4279.511: [GC (Allocation Failure) [PSYoungGen: 1047680K->192K(1048064K)] 1539158K->491678K(1652736K), 0.0039214 secs] [Times: user=0.00 sys=0.00, real=0.00 secs] 
2024-07-05T14:14:00.864+0800: 4280.594: [GC (Allocation Failure) [PSYoungGen: 1047744K->192K(1048064K)] 1539230K->491686K(1652736K), 0.0027130 secs] [Times: user=0.01 sys=0.00, real=0.00 secs] 
2024-07-05T14:14:02.006+0800: 4281.735: [GC (Allocation Failure) [PSYoungGen: 1047744K->192K(1048064K)] 1539238K->491694K(1652736K), 0.0039082 secs] [Times: user=0.01 sys=0.00, real=0.00 secs] 
2024-07-05T14:14:03.122+0800: 4282.852: [GC (Allocation Failure) [PSYoungGen: 1047744K->256K(1048064K)] 1539246K->491766K(1652736K), 0.0026624 secs] [Times: user=0.00 sys=0.00, real=0.00 secs] 
2024-07-05T14:14:04.278+0800: 4284.007: [GC (Allocation Failure) [PSYoungGen: 1047808K->96K(1048064K)] 1539318K->491614K(1652736K), 0.0047845 secs] [Times: user=0.00 sys=0.00, real=0.01 secs] 
2024-07-05T14:14:05.390+0800: 4285.120: [GC (Allocation Failure) [PSYoungGen: 1047648K->128K(1048064K)] 1539166K->491654K(1652736K), 0.0040370 secs] [Times: user=0.01 sys=0.00, real=0.01 secs] 
2024-07-05T14:14:06.626+0800: 4286.355: [GC (Allocation Failure) [PSYoungGen: 1047680K->192K(1048064K)] 1539206K->491726K(1652736K), 0.0043691 secs] [Times: user=0.01 sys=0.00, real=0.00 secs] 
2024-07-05T14:14:07.809+0800: 4287.539: [GC (Allocation Failure) [PSYoungGen: 1047744K->192K(1048064K)] 1539278K->491734K(1652736K), 0.0027190 secs] [Times: user=0.00 sys=0.00, real=0.00 secs] 
2024-07-05T14:14:08.935+0800: 4288.664: [GC (Allocation Failure) [PSYoungGen: 1047744K->160K(1048064K)] 1539286K->491710K(1652736K), 0.0027475 secs] [Times: user=0.00 sys=0.00, real=0.00 secs] 
2024-07-05T14:14:10.111+0800: 4289.841: [GC (Allocation Failure) [PSYoungGen: 1047712K->208K(1048064K)] 1539262K->491766K(1652736K), 0.0037694 secs] [Times: user=0.01 sys=0.00, real=0.01 secs] 
2024-07-05T14:14:11.269+0800: 4290.999: [GC (Allocation Failure) [PSYoungGen: 1047760K->224K(1048064K)] 1539318K->491790K(1652736K), 0.0028549 secs] [Times: user=0.00 sys=0.00, real=0.00 secs] 
2024-07-05T14:14:12.406+0800: 4292.136: [GC (Allocation Failure) [PSYoungGen: 1047776K->128K(1048064K)] 1539342K->491710K(1652736K), 0.0047748 secs] [Times: user=0.01 sys=0.00, real=0.00 secs] 
2024-07-05T14:14:13.523+0800: 4293.252: [GC (Allocation Failure) [PSYoungGen: 1047680K->192K(1048064K)] 1539262K->491782K(1652736K), 0.0028083 secs] [Times: user=0.00 sys=0.00, real=0.00 secs] 
2024-07-05T14:14:14.678+0800: 4294.408: [GC (Allocation Failure) [PSYoungGen: 1047744K->192K(1048064K)] 1539334K->491782K(1652736K), 0.0047218 secs] [Times: user=0.01 sys=0.00, real=0.01 secs] 
2024-07-05T14:14:15.786+0800: 4295.515: [GC (Allocation Failure) [PSYoungGen: 1047744K->224K(1048064K)] 1539334K->491822K(1652736K), 0.0028655 secs] [Times: user=0.00 sys=0.00, real=0.00 secs] 
2024-07-05T14:14:16.921+0800: 4296.651: [GC (Allocation Failure) [PSYoungGen: 1047776K->208K(1048064K)] 1539374K->491814K(1652736K), 0.0041430 secs] [Times: user=0.01 sys=0.00, real=0.00 secs] 
2024-07-05T14:14:18.057+0800: 4297.787: [GC (Allocation Failure) [PSYoungGen: 1047760K->192K(1048064K)] 1539366K->491806K(1652736K), 0.0044866 secs] [Times: user=0.00 sys=0.00, real=0.01 secs] 
2024-07-05T14:14:19.225+0800: 4298.954: [GC (Allocation Failure) [PSYoungGen: 1047744K->128K(1048064K)] 1539358K->491750K(1652736K), 0.0028018 secs] [Times: user=0.01 sys=0.00, real=0.00 secs] 
2024-07-05T14:14:20.306+0800: 4300.035: [GC (Allocation Failure) [PSYoungGen: 1047680K->160K(1048064K)] 1539302K->491790K(1652736K), 0.0027341 secs] [Times: user=0.00 sys=0.00, real=0.00 secs] 
2024-07-05T14:14:21.486+0800: 4301.216: [GC (Allocation Failure) [PSYoungGen: 1047712K->192K(1048064K)] 1539342K->491830K(1652736K), 0.0027234 secs] [Times: user=0.00 sys=0.00, real=0.00 secs] 
2024-07-05T14:14:22.652+0800: 4302.382: [GC (Allocation Failure) [PSYoungGen: 1047744K->192K(1048064K)] 1539382K->491838K(1652736K), 0.0031941 secs] [Times: user=0.01 sys=0.00, real=0.01 secs] 
2024-07-05T14:14:23.737+0800: 4303.467: [GC (Allocation Failure) [PSYoungGen: 1047744K->160K(1048064K)] 1539390K->491814K(1652736K), 0.0027195 secs] [Times: user=0.01 sys=0.00, real=0.00 secs] 
2024-07-05T14:14:24.844+0800: 4304.574: [GC (Allocation Failure) [PSYoungGen: 1047712K->224K(1048064K)] 1539366K->491886K(1652736K), 0.0030426 secs] [Times: user=0.01 sys=0.00, real=0.00 secs] 
2024-07-05T14:14:25.981+0800: 4305.710: [GC (Allocation Failure) [PSYoungGen: 1047776K->256K(1048064K)] 1539438K->491918K(1652736K), 0.0028357 secs] [Times: user=0.01 sys=0.00, real=0.01 secs] 
2024-07-05T14:14:27.114+0800: 4306.843: [GC (Allocation Failure) [PSYoungGen: 1047808K->192K(1048064K)] 1539470K->491862K(1652736K), 0.0027978 secs] [Times: user=0.01 sys=0.00, real=0.00 secs] 
2024-07-05T14:14:28.232+0800: 4307.962: [GC (Allocation Failure) [PSYoungGen: 1047744K->128K(1048064K)] 1539414K->491806K(1652736K), 0.0028013 secs] [Times: user=0.01 sys=0.00, real=0.01 secs] 
2024-07-05T14:14:29.375+0800: 4309.105: [GC (Allocation Failure) [PSYoungGen: 1047680K->224K(1048064K)] 1539358K->491910K(1652736K), 0.0029671 secs] [Times: user=0.01 sys=0.00, real=0.00 secs] 
2024-07-05T14:14:30.474+0800: 4310.203: [GC (Allocation Failure) [PSYoungGen: 1047776K->160K(1048064K)] 1539462K->491854K(1652736K), 0.0038092 secs] [Times: user=0.00 sys=0.00, real=0.00 secs] 
2024-07-05T14:14:31.620+0800: 4311.350: [GC (Allocation Failure) [PSYoungGen: 1047712K->160K(1048064K)] 1539406K->491862K(1652736K), 0.0032108 secs] [Times: user=0.00 sys=0.00, real=0.01 secs] 
2024-07-05T14:14:32.698+0800: 4312.427: [GC (Allocation Failure) [PSYoungGen: 1047712K->224K(1048064K)] 1539414K->491942K(1652736K), 0.0035913 secs] [Times: user=0.01 sys=0.00, real=0.01 secs] 
2024-07-05T14:14:33.809+0800: 4313.539: [GC (Allocation Failure) [PSYoungGen: 1047776K->160K(1048064K)] 1539494K->491886K(1652736K), 0.0046184 secs] [Times: user=0.01 sys=0.00, real=0.01 secs] 
2024-07-05T14:14:34.913+0800: 4314.643: [GC (Allocation Failure) [PSYoungGen: 1047712K->160K(1048064K)] 1539438K->491894K(1652736K), 0.0025891 secs] [Times: user=0.01 sys=0.00, real=0.00 secs] 
2024-07-05T14:14:36.073+0800: 4315.803: [GC (Allocation Failure) [PSYoungGen: 1047712K->128K(1048064K)] 1539446K->491870K(1652736K), 0.0043296 secs] [Times: user=0.01 sys=0.00, real=0.01 secs] 
2024-07-05T14:14:37.231+0800: 4316.961: [GC (Allocation Failure) [PSYoungGen: 1047680K->224K(1048064K)] 1539422K->491974K(1652736K), 0.0038336 secs] [Times: user=0.00 sys=0.00, real=0.01 secs] 
2024-07-05T14:14:38.401+0800: 4318.130: [GC (Allocation Failure) [PSYoungGen: 1047776K->256K(1048064K)] 1539526K->492014K(1652736K), 0.0029379 secs] [Times: user=0.01 sys=0.00, real=0.01 secs] 
2024-07-05T14:14:39.623+0800: 4319.352: [GC (Allocation Failure) [PSYoungGen: 1047808K->192K(1048064K)] 1539566K->491958K(1652736K), 0.0037815 secs] [Times: user=0.00 sys=0.00, real=0.00 secs] 
2024-07-05T14:14:40.741+0800: 4320.471: [GC (Allocation Failure) [PSYoungGen: 1047744K->192K(1048064K)] 1539510K->491966K(1652736K), 0.0028095 secs] [Times: user=0.01 sys=0.00, real=0.01 secs] 
2024-07-05T14:14:41.950+0800: 4321.680: [GC (Allocation Failure) [PSYoungGen: 1047744K->192K(1048064K)] 1539518K->491974K(1652736K), 0.0026765 secs] [Times: user=0.01 sys=0.00, real=0.00 secs] 
2024-07-05T14:14:43.131+0800: 4322.861: [GC (Allocation Failure) [PSYoungGen: 1047744K->128K(1048064K)] 1539526K->491918K(1652736K), 0.0035232 secs] [Times: user=0.00 sys=0.00, real=0.01 secs] 
2024-07-05T14:14:44.310+0800: 4324.039: [GC (Allocation Failure) [PSYoungGen: 1047680K->128K(1048064K)] 1539470K->491926K(1652736K), 0.0045130 secs] [Times: user=0.00 sys=0.00, real=0.01 secs] 
2024-07-05T14:14:45.392+0800: 4325.121: [GC (Allocation Failure) [PSYoungGen: 1047680K->160K(1048064K)] 1539478K->491966K(1652736K), 0.0032262 secs] [Times: user=0.01 sys=0.00, real=0.01 secs] 
2024-07-05T14:14:46.584+0800: 4326.314: [GC (Allocation Failure) [PSYoungGen: 1047712K->256K(1048064K)] 1539518K->492070K(1652736K), 0.0030937 secs] [Times: user=0.01 sys=0.00, real=0.00 secs] 
2024-07-05T14:14:47.736+0800: 4327.466: [GC (Allocation Failure) [PSYoungGen: 1047808K->112K(1048064K)] 1539622K->491934K(1652736K), 0.0031961 secs] [Times: user=0.01 sys=0.00, real=0.00 secs] 
2024-07-05T14:14:48.824+0800: 4328.554: [GC (Allocation Failure) [PSYoungGen: 1047664K->224K(1048064K)] 1539486K->492054K(1652736K), 0.0026629 secs] [Times: user=0.00 sys=0.00, real=0.00 secs] 
2024-07-05T14:14:50.023+0800: 4329.753: [GC (Allocation Failure) [PSYoungGen: 1047776K->192K(1048064K)] 1539606K->492030K(1652736K), 0.0027851 secs] [Times: user=0.01 sys=0.00, real=0.00 secs] 
2024-07-05T14:14:51.158+0800: 4330.887: [GC (Allocation Failure) [PSYoungGen: 1047744K->160K(1048064K)] 1539582K->492006K(1652736K), 0.0044586 secs] [Times: user=0.00 sys=0.00, real=0.01 secs] 
2024-07-05T14:14:52.275+0800: 4332.005: [GC (Allocation Failure) [PSYoungGen: 1047712K->160K(1048064K)] 1539558K->492014K(1652736K), 0.0026907 secs] [Times: user=0.01 sys=0.00, real=0.00 secs] 
2024-07-05T14:14:53.428+0800: 4333.158: [GC (Allocation Failure) [PSYoungGen: 1047712K->192K(1048064K)] 1539566K->492054K(1652736K), 0.0026939 secs] [Times: user=0.01 sys=0.00, real=0.00 secs] 
2024-07-05T14:14:54.598+0800: 4334.328: [GC (Allocation Failure) [PSYoungGen: 1047744K->224K(1048064K)] 1539606K->492094K(1652736K), 0.0037053 secs] [Times: user=0.00 sys=0.00, real=0.01 secs] 
2024-07-05T14:14:55.741+0800: 4335.471: [GC (Allocation Failure) [PSYoungGen: 1047776K->128K(1048064K)] 1539646K->492006K(1652736K), 0.0027819 secs] [Times: user=0.00 sys=0.00, real=0.00 secs] 
2024-07-05T14:14:56.920+0800: 4336.650: [GC (Allocation Failure) [PSYoungGen: 1047680K->256K(1048064K)] 1539558K->492142K(1652736K), 0.0027109 secs] [Times: user=0.00 sys=0.00, real=0.01 secs] 
2024-07-05T14:14:58.144+0800: 4337.874: [GC (Allocation Failure) [PSYoungGen: 1047808K->160K(1048064K)] 1539694K->492054K(1652736K), 0.0026960 secs] [Times: user=0.01 sys=0.00, real=0.00 secs] 
2024-07-05T14:14:59.338+0800: 4339.067: [GC (Allocation Failure) [PSYoungGen: 1047712K->160K(1048064K)] 1539606K->492062K(1652736K), 0.0036363 secs] [Times: user=0.01 sys=0.00, real=0.01 secs] 
2024-07-05T14:15:00.452+0800: 4340.182: [GC (Allocation Failure) [PSYoungGen: 1047712K->192K(1048064K)] 1539614K->492102K(1652736K), 0.0034380 secs] [Times: user=0.00 sys=0.00, real=0.01 secs] 
2024-07-05T14:15:01.632+0800: 4341.362: [GC (Allocation Failure) [PSYoungGen: 1047744K->192K(1048064K)] 1539654K->492110K(1652736K), 0.0032385 secs] [Times: user=0.01 sys=0.00, real=0.01 secs] 
2024-07-05T14:15:02.761+0800: 4342.490: [GC (Allocation Failure) [PSYoungGen: 1047744K->160K(1048064K)] 1539662K->492086K(1652736K), 0.0028223 secs] [Times: user=0.01 sys=0.00, real=0.01 secs] 
2024-07-05T14:15:03.842+0800: 4343.571: [GC (Allocation Failure) [PSYoungGen: 1047712K->192K(1048064K)] 1539638K->492126K(1652736K), 0.0026290 secs] [Times: user=0.00 sys=0.00, real=0.00 secs] 
2024-07-05T14:15:04.930+0800: 4344.659: [GC (Allocation Failure) [PSYoungGen: 1047744K->192K(1048064K)] 1539678K->492134K(1652736K), 0.0045786 secs] [Times: user=0.00 sys=0.00, real=0.01 secs] 
2024-07-05T14:15:06.046+0800: 4345.775: [GC (Allocation Failure) [PSYoungGen: 1047744K->160K(1048064K)] 1539686K->492110K(1652736K), 0.0040538 secs] [Times: user=0.01 sys=0.00, real=0.00 secs] 
2024-07-05T14:15:07.144+0800: 4346.874: [GC (Allocation Failure) [PSYoungGen: 1047712K->160K(1048064K)] 1539662K->492118K(1652736K), 0.0031737 secs] [Times: user=0.00 sys=0.00, real=0.00 secs] 
2024-07-05T14:15:08.243+0800: 4347.973: [GC (Allocation Failure) [PSYoungGen: 1047712K->128K(1048064K)] 1539670K->492094K(1652736K), 0.0029359 secs] [Times: user=0.00 sys=0.00, real=0.00 secs] 
2024-07-05T14:15:09.356+0800: 4349.085: [GC (Allocation Failure) [PSYoungGen: 1047680K->160K(1048064K)] 1539646K->492134K(1652736K), 0.0027298 secs] [Times: user=0.00 sys=0.00, real=0.00 secs] 
2024-07-05T14:15:10.414+0800: 4350.143: [GC (Allocation Failure) [PSYoungGen: 1047712K->224K(1048064K)] 1539686K->492206K(1652736K), 0.0046827 secs] [Times: user=0.01 sys=0.00, real=0.00 secs] 
2024-07-05T14:15:11.535+0800: 4351.265: [GC (Allocation Failure) [PSYoungGen: 1047776K->192K(1048064K)] 1539758K->492182K(1652736K), 0.0026437 secs] [Times: user=0.00 sys=0.00, real=0.00 secs] 
2024-07-05T14:15:12.605+0800: 4352.335: [GC (Allocation Failure) [PSYoungGen: 1047744K->192K(1048064K)] 1539734K->492190K(1652736K), 0.0048908 secs] [Times: user=0.00 sys=0.00, real=0.00 secs] 
2024-07-05T14:15:13.707+0800: 4353.437: [GC (Allocation Failure) [PSYoungGen: 1047744K->128K(1048064K)] 1539742K->492134K(1652736K), 0.0036638 secs] [Times: user=0.00 sys=0.00, real=0.00 secs] 
2024-07-05T14:15:14.801+0800: 4354.531: [GC (Allocation Failure) [PSYoungGen: 1047680K->112K(1048064K)] 1539686K->492126K(1652736K), 0.0046534 secs] [Times: user=0.00 sys=0.00, real=0.01 secs] 
2024-07-05T14:15:15.871+0800: 4355.601: [GC (Allocation Failure) [PSYoungGen: 1047664K->160K(1048064K)] 1539678K->492182K(1652736K), 0.0028651 secs] [Times: user=0.00 sys=0.00, real=0.01 secs] 
2024-07-05T14:15:16.994+0800: 4356.724: [GC (Allocation Failure) [PSYoungGen: 1047712K->208K(1048064K)] 1539734K->492238K(1652736K), 0.0042886 secs] [Times: user=0.00 sys=0.00, real=0.00 secs] 
2024-07-05T14:15:18.153+0800: 4357.882: [GC (Allocation Failure) [PSYoungGen: 1047760K->128K(1048064K)] 1539790K->492166K(1652736K), 0.0027293 secs] [Times: user=0.01 sys=0.00, real=0.01 secs] 
2024-07-05T14:15:19.287+0800: 4359.017: [GC (Allocation Failure) [PSYoungGen: 1047680K->128K(1048064K)] 1539718K->492174K(1652736K), 0.0042088 secs] [Times: user=0.01 sys=0.00, real=0.00 secs] 
2024-07-05T14:15:20.413+0800: 4360.142: [GC (Allocation Failure) [PSYoungGen: 1047680K->160K(1048064K)] 1539726K->492214K(1652736K), 0.0027795 secs] [Times: user=0.00 sys=0.00, real=0.01 secs] 
2024-07-05T14:15:21.533+0800: 4361.263: [GC (Allocation Failure) [PSYoungGen: 1047712K->192K(1048064K)] 1539766K->492254K(1652736K), 0.0048121 secs] [Times: user=0.00 sys=0.00, real=0.00 secs] 
2024-07-05T14:15:22.597+0800: 4362.327: [GC (Allocation Failure) [PSYoungGen: 1047744K->128K(1048064K)] 1539806K->492198K(1652736K), 0.0027064 secs] [Times: user=0.01 sys=0.00, real=0.00 secs] 
2024-07-05T14:15:23.690+0800: 4363.420: [GC (Allocation Failure) [PSYoungGen: 1047680K->224K(1048064K)] 1539750K->492302K(1652736K), 0.0026846 secs] [Times: user=0.01 sys=0.00, real=0.00 secs] 
2024-07-05T14:15:24.742+0800: 4364.471: [GC (Allocation Failure) [PSYoungGen: 1047776K->160K(1048064K)] 1539854K->492246K(1652736K), 0.0044128 secs] [Times: user=0.01 sys=0.00, real=0.00 secs] 
2024-07-05T14:15:25.882+0800: 4365.612: [GC (Allocation Failure) [PSYoungGen: 1047712K->192K(1048064K)] 1539798K->492286K(1652736K), 0.0026466 secs] [Times: user=0.00 sys=0.01, real=0.00 secs] 
2024-07-05T14:15:27.023+0800: 4366.752: [GC (Allocation Failure) [PSYoungGen: 1047744K->160K(1048064K)] 1539838K->492262K(1652736K), 0.0040323 secs] [Times: user=0.01 sys=0.00, real=0.00 secs] 
2024-07-05T14:15:28.142+0800: 4367.871: [GC (Allocation Failure) [PSYoungGen: 1047712K->224K(1048064K)] 1539814K->492334K(1652736K), 0.0034118 secs] [Times: user=0.00 sys=0.00, real=0.00 secs] 
2024-07-05T14:15:29.326+0800: 4369.056: [GC (Allocation Failure) [PSYoungGen: 1047776K->160K(1048064K)] 1539886K->492278K(1652736K), 0.0049325 secs] [Times: user=0.00 sys=0.00, real=0.00 secs] 
2024-07-05T14:15:30.519+0800: 4370.249: [GC (Allocation Failure) [PSYoungGen: 1047712K->192K(1048064K)] 1539830K->492318K(1652736K), 0.0027028 secs] [Times: user=0.00 sys=0.00, real=0.01 secs] 
2024-07-05T14:15:31.629+0800: 4371.359: [GC (Allocation Failure) [PSYoungGen: 1047744K->192K(1048064K)] 1539870K->492326K(1652736K), 0.0026486 secs] [Times: user=0.00 sys=0.00, real=0.00 secs] 
2024-07-05T14:15:32.798+0800: 4372.528: [GC (Allocation Failure) [PSYoungGen: 1047744K->192K(1048064K)] 1539878K->492334K(1652736K), 0.0026863 secs] [Times: user=0.01 sys=0.00, real=0.01 secs] 
2024-07-05T14:15:33.976+0800: 4373.706: [GC (Allocation Failure) [PSYoungGen: 1047744K->128K(1048064K)] 1539886K->492278K(1652736K), 0.0034443 secs] [Times: user=0.00 sys=0.00, real=0.00 secs] 
2024-07-05T14:15:35.078+0800: 4374.807: [GC (Allocation Failure) [PSYoungGen: 1047680K->112K(1048064K)] 1539830K->492270K(1652736K), 0.0046891 secs] [Times: user=0.00 sys=0.00, real=0.01 secs] 
2024-07-05T14:15:36.206+0800: 4375.936: [GC (Allocation Failure) [PSYoungGen: 1047664K->224K(1048064K)] 1539822K->492390K(1652736K), 0.0026577 secs] [Times: user=0.00 sys=0.00, real=0.00 secs] 
2024-07-05T14:15:37.398+0800: 4377.127: [GC (Allocation Failure) [PSYoungGen: 1047776K->256K(1048064K)] 1539942K->492430K(1652736K), 0.0028183 secs] [Times: user=0.01 sys=0.00, real=0.00 secs] 
2024-07-05T14:15:38.582+0800: 4378.311: [GC (Allocation Failure) [PSYoungGen: 1047808K->128K(1048064K)] 1539982K->492310K(1652736K), 0.0040952 secs] [Times: user=0.01 sys=0.00, real=0.00 secs] 
2024-07-05T14:15:39.662+0800: 4379.391: [GC (Allocation Failure) [PSYoungGen: 1047680K->192K(1048064K)] 1539862K->492382K(1652736K), 0.0053711 secs] [Times: user=0.00 sys=0.00, real=0.00 secs] 
2024-07-05T14:15:40.761+0800: 4380.490: [GC (Allocation Failure) [PSYoungGen: 1047744K->192K(1048064K)] 1539934K->492390K(1652736K), 0.0027305 secs] [Times: user=0.00 sys=0.00, real=0.01 secs] 
2024-07-05T14:15:41.847+0800: 4381.577: [GC (Allocation Failure) [PSYoungGen: 1047744K->192K(1048064K)] 1539942K->492398K(1652736K), 0.0027029 secs] [Times: user=0.01 sys=0.00, real=0.00 secs] 
2024-07-05T14:15:42.925+0800: 4382.655: [GC (Allocation Failure) [PSYoungGen: 1047744K->128K(1048064K)] 1539950K->492350K(1652736K), 0.0045121 secs] [Times: user=0.00 sys=0.00, real=0.00 secs] 
2024-07-05T14:15:44.073+0800: 4383.803: [GC (Allocation Failure) [PSYoungGen: 1047680K->224K(1048064K)] 1539902K->492454K(1652736K), 0.0039876 secs] [Times: user=0.00 sys=0.01, real=0.00 secs] 
2024-07-05T14:15:45.198+0800: 4384.927: [GC (Allocation Failure) [PSYoungGen: 1047776K->208K(1048064K)] 1540006K->492438K(1652736K), 0.0045788 secs] [Times: user=0.01 sys=0.00, real=0.01 secs] 
2024-07-05T14:15:46.288+0800: 4386.017: [GC (Allocation Failure) [PSYoungGen: 1047760K->176K(1048064K)] 1539990K->492414K(1652736K), 0.0037349 secs] [Times: user=0.00 sys=0.00, real=0.00 secs] 
2024-07-05T14:15:47.382+0800: 4387.111: [GC (Allocation Failure) [PSYoungGen: 1047728K->144K(1048064K)] 1539966K->492390K(1652736K), 0.0044359 secs] [Times: user=0.00 sys=0.00, real=0.00 secs] 
2024-07-05T14:15:48.481+0800: 4388.210: [GC (Allocation Failure) [PSYoungGen: 1047696K->192K(1048064K)] 1539942K->492446K(1652736K), 0.0029268 secs] [Times: user=0.01 sys=0.00, real=0.01 secs] 
2024-07-05T14:15:49.580+0800: 4389.310: [GC (Allocation Failure) [PSYoungGen: 1047744K->160K(1048064K)] 1539998K->492430K(1652736K), 0.0028462 secs] [Times: user=0.00 sys=0.00, real=0.01 secs] 
2024-07-05T14:15:50.680+0800: 4390.410: [GC (Allocation Failure) [PSYoungGen: 1047712K->192K(1048064K)] 1539982K->492470K(1652736K), 0.0028344 secs] [Times: user=0.00 sys=0.00, real=0.01 secs] 
2024-07-05T14:15:51.750+0800: 4391.480: [GC (Allocation Failure) [PSYoungGen: 1047744K->128K(1048064K)] 1540022K->492414K(1652736K), 0.0039860 secs] [Times: user=0.01 sys=0.00, real=0.01 secs] 
2024-07-05T14:15:52.857+0800: 4392.587: [GC (Allocation Failure) [PSYoungGen: 1047680K->160K(1048064K)] 1539966K->492454K(1652736K), 0.0044914 secs] [Times: user=0.01 sys=0.00, real=0.01 secs] 
2024-07-05T14:15:53.996+0800: 4393.726: [GC (Allocation Failure) [PSYoungGen: 1047712K->224K(1048064K)] 1540006K->492526K(1652736K), 0.0027645 secs] [Times: user=0.01 sys=0.00, real=0.00 secs] 
2024-07-05T14:15:55.190+0800: 4394.919: [GC (Allocation Failure) [PSYoungGen: 1047776K->128K(1048064K)] 1540078K->492438K(1652736K), 0.0026911 secs] [Times: user=0.01 sys=0.00, real=0.00 secs] 
2024-07-05T14:15:56.259+0800: 4395.988: [GC (Allocation Failure) [PSYoungGen: 1047680K->160K(1048064K)] 1539990K->492478K(1652736K), 0.0028342 secs] [Times: user=0.01 sys=0.00, real=0.01 secs] 
2024-07-05T14:15:57.382+0800: 4397.111: [GC (Allocation Failure) [PSYoungGen: 1047712K->160K(1048064K)] 1540030K->492486K(1652736K), 0.0048115 secs] [Times: user=0.01 sys=0.00, real=0.00 secs] 
2024-07-05T14:15:58.463+0800: 4398.193: [GC (Allocation Failure) [PSYoungGen: 1047712K->224K(1048064K)] 1540038K->492558K(1652736K), 0.0027049 secs] [Times: user=0.00 sys=0.00, real=0.00 secs] 
2024-07-05T14:15:59.615+0800: 4399.345: [GC (Allocation Failure) [PSYoungGen: 1047776K->224K(1048064K)] 1540110K->492566K(1652736K), 0.0027092 secs] [Times: user=0.01 sys=0.00, real=0.00 secs] 
2024-07-05T14:16:00.723+0800: 4400.453: [GC (Allocation Failure) [PSYoungGen: 1047776K->160K(1048064K)] 1540118K->492510K(1652736K), 0.0037727 secs] [Times: user=0.01 sys=0.00, real=0.00 secs] 
2024-07-05T14:16:01.807+0800: 4401.537: [GC (Allocation Failure) [PSYoungGen: 1047712K->192K(1048064K)] 1540062K->492550K(1652736K), 0.0027380 secs] [Times: user=0.01 sys=0.00, real=0.00 secs] 
2024-07-05T14:16:02.908+0800: 4402.637: [GC (Allocation Failure) [PSYoungGen: 1047744K->160K(1048064K)] 1540102K->492526K(1652736K), 0.0026489 secs] [Times: user=0.00 sys=0.00, real=0.00 secs] 
2024-07-05T14:16:03.966+0800: 4403.695: [GC (Allocation Failure) [PSYoungGen: 1047712K->128K(1048064K)] 1540078K->492502K(1652736K), 0.0035394 secs] [Times: user=0.00 sys=0.00, real=0.00 secs] 
2024-07-05T14:16:05.057+0800: 4404.787: [GC (Allocation Failure) [PSYoungGen: 1047680K->224K(1048064K)] 1540054K->492606K(1652736K), 0.0026674 secs] [Times: user=0.01 sys=0.00, real=0.00 secs] 
2024-07-05T14:16:06.118+0800: 4405.848: [GC (Allocation Failure) [PSYoungGen: 1047776K->192K(1048064K)] 1540158K->492582K(1652736K), 0.0027353 secs] [Times: user=0.00 sys=0.00, real=0.01 secs] 
2024-07-05T14:16:07.235+0800: 4406.965: [GC (Allocation Failure) [PSYoungGen: 1047744K->176K(1048064K)] 1540134K->492574K(1652736K), 0.0038338 secs] [Times: user=0.00 sys=0.00, real=0.00 secs] 
2024-07-05T14:16:08.296+0800: 4408.026: [GC (Allocation Failure) [PSYoungGen: 1047728K->208K(1048064K)] 1540126K->492614K(1652736K), 0.0036565 secs] [Times: user=0.01 sys=0.00, real=0.00 secs] 
2024-07-05T14:16:09.407+0800: 4409.137: [GC (Allocation Failure) [PSYoungGen: 1047760K->160K(1048064K)] 1540166K->492574K(1652736K), 0.0025955 secs] [Times: user=0.01 sys=0.00, real=0.00 secs] 
2024-07-05T14:16:10.467+0800: 4410.197: [GC (Allocation Failure) [PSYoungGen: 1047712K->112K(1048064K)] 1540126K->492534K(1652736K), 0.0037740 secs] [Times: user=0.01 sys=0.00, real=0.00 secs] 
2024-07-05T14:16:11.581+0800: 4411.311: [GC (Allocation Failure) [PSYoungGen: 1047664K->208K(1048064K)] 1540086K->492646K(1652736K), 0.0045497 secs] [Times: user=0.00 sys=0.00, real=0.00 secs] 
2024-07-05T14:16:12.734+0800: 4412.463: [GC (Allocation Failure) [PSYoungGen: 1047760K->224K(1048064K)] 1540198K->492670K(1652736K), 0.0043896 secs] [Times: user=0.00 sys=0.00, real=0.00 secs] 
2024-07-05T14:16:13.906+0800: 4413.636: [GC (Allocation Failure) [PSYoungGen: 1047776K->160K(1048064K)] 1540222K->492614K(1652736K), 0.0027253 secs] [Times: user=0.00 sys=0.00, real=0.00 secs] 
2024-07-05T14:16:14.970+0800: 4414.699: [GC (Allocation Failure) [PSYoungGen: 1047712K->192K(1048064K)] 1540166K->492654K(1652736K), 0.0044594 secs] [Times: user=0.01 sys=0.00, real=0.01 secs] 
2024-07-05T14:16:16.170+0800: 4415.899: [GC (Allocation Failure) [PSYoungGen: 1047744K->224K(1048064K)] 1540206K->492694K(1652736K), 0.0064931 secs] [Times: user=0.01 sys=0.00, real=0.01 secs] 
2024-07-05T14:16:17.353+0800: 4417.083: [GC (Allocation Failure) [PSYoungGen: 1047776K->192K(1048064K)] 1540246K->492670K(1652736K), 0.0028297 secs] [Times: user=0.01 sys=0.00, real=0.00 secs] 
2024-07-05T14:16:18.411+0800: 4418.141: [GC (Allocation Failure) [PSYoungGen: 1047744K->160K(1048064K)] 1540222K->492646K(1652736K), 0.0028231 secs] [Times: user=0.01 sys=0.00, real=0.01 secs] 
2024-07-05T14:16:19.558+0800: 4419.287: [GC (Allocation Failure) [PSYoungGen: 1047712K->192K(1048064K)] 1540198K->492686K(1652736K), 0.0027797 secs] [Times: user=0.00 sys=0.00, real=0.00 secs] 
2024-07-05T14:16:20.690+0800: 4420.420: [GC (Allocation Failure) [PSYoungGen: 1047744K->160K(1048064K)] 1540238K->492662K(1652736K), 0.0052408 secs] [Times: user=0.01 sys=0.00, real=0.01 secs] 
2024-07-05T14:16:21.809+0800: 4421.539: [GC (Allocation Failure) [PSYoungGen: 1047712K->160K(1048064K)] 1540214K->492670K(1652736K), 0.0027149 secs] [Times: user=0.00 sys=0.00, real=0.00 secs] 
2024-07-05T14:16:22.922+0800: 4422.651: [GC (Allocation Failure) [PSYoungGen: 1047712K->224K(1048064K)] 1540222K->492742K(1652736K), 0.0026905 secs] [Times: user=0.00 sys=0.00, real=0.00 secs] 
2024-07-05T14:16:24.070+0800: 4423.799: [GC (Allocation Failure) [PSYoungGen: 1047776K->192K(1048064K)] 1540294K->492718K(1652736K), 0.0027583 secs] [Times: user=0.00 sys=0.00, real=0.00 secs] 
2024-07-05T14:16:25.190+0800: 4424.920: [GC (Allocation Failure) [PSYoungGen: 1047744K->128K(1048064K)] 1540270K->492662K(1652736K), 0.0047936 secs] [Times: user=0.00 sys=0.00, real=0.01 secs] 
2024-07-05T14:16:26.296+0800: 4426.025: [GC (Allocation Failure) [PSYoungGen: 1047680K->192K(1048064K)] 1540214K->492734K(1652736K), 0.0033262 secs] [Times: user=0.00 sys=0.00, real=0.00 secs] 
2024-07-05T14:16:27.478+0800: 4427.208: [GC (Allocation Failure) [PSYoungGen: 1047744K->192K(1048064K)] 1540286K->492742K(1652736K), 0.0040755 secs] [Times: user=0.01 sys=0.00, real=0.01 secs] 
2024-07-05T14:16:28.707+0800: 4428.436: [GC (Allocation Failure) [PSYoungGen: 1047744K->176K(1048064K)] 1540294K->492734K(1652736K), 0.0038009 secs] [Times: user=0.01 sys=0.00, real=0.00 secs] 
2024-07-05T14:16:29.834+0800: 4429.564: [GC (Allocation Failure) [PSYoungGen: 1047728K->192K(1048064K)] 1540286K->492758K(1652736K), 0.0027227 secs] [Times: user=0.00 sys=0.00, real=0.00 secs] 
2024-07-05T14:16:31.010+0800: 4430.740: [GC (Allocation Failure) [PSYoungGen: 1047744K->256K(1048064K)] 1540310K->492830K(1652736K), 0.0032282 secs] [Times: user=0.00 sys=0.00, real=0.01 secs] 
2024-07-05T14:16:32.182+0800: 4431.911: [GC (Allocation Failure) [PSYoungGen: 1047808K->192K(1048064K)] 1540382K->492774K(1652736K), 0.0027384 secs] [Times: user=0.00 sys=0.00, real=0.00 secs] 
2024-07-05T14:16:33.272+0800: 4433.002: [GC (Allocation Failure) [PSYoungGen: 1047744K->128K(1048064K)] 1540326K->492718K(1652736K), 0.0043171 secs] [Times: user=0.01 sys=0.00, real=0.01 secs] 
2024-07-05T14:16:34.384+0800: 4434.114: [GC (Allocation Failure) [PSYoungGen: 1047680K->192K(1048064K)] 1540270K->492790K(1652736K), 0.0034528 secs] [Times: user=0.01 sys=0.00, real=0.00 secs] 
2024-07-05T14:16:35.694+0800: 4435.424: [GC (Allocation Failure) [PSYoungGen: 1047744K->128K(1048064K)] 1540342K->492734K(1652736K), 0.0026616 secs] [Times: user=0.00 sys=0.00, real=0.00 secs] 
2024-07-05T14:16:38.424+0800: 4438.154: [GC (Allocation Failure) [PSYoungGen: 1047680K->500K(1044992K)] 1540286K->496315K(1649664K), 0.0065399 secs] [Times: user=0.01 sys=0.00, real=0.00 secs] 
2024-07-05T14:16:40.301+0800: 4440.030: [GC (Allocation Failure) [PSYoungGen: 1044980K->2046K(1046528K)] 1540795K->498598K(1651200K), 0.0070299 secs] [Times: user=0.01 sys=0.00, real=0.01 secs] 
2024-07-05T14:16:42.528+0800: 4442.258: [GC (Allocation Failure) [PSYoungGen: 1046526K->2024K(1043456K)] 1543078K->500108K(1648128K), 0.0079620 secs] [Times: user=0.02 sys=0.00, real=0.01 secs] 
2024-07-05T14:16:44.286+0800: 4444.015: [GC (Allocation Failure) [PSYoungGen: 1043432K->3559K(1044992K)] 1541516K->501968K(1649664K), 0.0066681 secs] [Times: user=0.01 sys=0.00, real=0.00 secs] 
2024-07-05T14:16:45.896+0800: 4445.626: [GC (Allocation Failure) [PSYoungGen: 1044967K->3583K(1041920K)] 1543376K->502846K(1646592K), 0.0096304 secs] [Times: user=0.01 sys=0.00, real=0.01 secs] 
2024-07-05T14:16:47.621+0800: 4447.351: [GC (Allocation Failure) [PSYoungGen: 1041919K->4977K(1043456K)] 1541182K->504240K(1648128K), 0.0084094 secs] [Times: user=0.01 sys=0.00, real=0.01 secs] 
2024-07-05T14:16:49.276+0800: 4449.006: [GC (Allocation Failure) [PSYoungGen: 1043313K->4897K(1040384K)] 1542576K->504160K(1645056K), 0.0060262 secs] [Times: user=0.01 sys=0.00, real=0.01 secs] 
2024-07-05T14:16:50.998+0800: 4450.727: [GC (Allocation Failure) [PSYoungGen: 1040161K->4982K(1040384K)] 1539424K->504245K(1645056K), 0.0084827 secs] [Times: user=0.02 sys=0.00, real=0.01 secs] 
2024-07-05T14:16:52.622+0800: 4452.352: [GC (Allocation Failure) [PSYoungGen: 1040246K->5046K(1040384K)] 1539509K->504309K(1645056K), 0.0068990 secs] [Times: user=0.01 sys=0.00, real=0.00 secs] 
2024-07-05T14:16:54.180+0800: 4453.910: [GC (Allocation Failure) [PSYoungGen: 1038262K->4865K(1038336K)] 1537525K->504136K(1643008K), 0.0056110 secs] [Times: user=0.01 sys=0.00, real=0.01 secs] 
2024-07-05T14:16:55.757+0800: 4455.487: [GC (Allocation Failure) [PSYoungGen: 1038081K->4984K(1040384K)] 1537352K->504255K(1645056K), 0.0078636 secs] [Times: user=0.01 sys=0.00, real=0.01 secs] 
2024-07-05T14:16:57.382+0800: 4457.111: [GC (Allocation Failure) [PSYoungGen: 1037176K->5028K(1037312K)] 1536447K->504299K(1641984K), 0.0079869 secs] [Times: user=0.02 sys=0.00, real=0.00 secs] 
2024-07-05T14:16:58.930+0800: 4458.659: [GC (Allocation Failure) [PSYoungGen: 1037220K->4121K(1040384K)] 1536491K->503400K(1645056K), 0.0056430 secs] [Times: user=0.01 sys=0.00, real=0.01 secs] 
2024-07-05T14:17:00.509+0800: 4460.239: [GC (Allocation Failure) [PSYoungGen: 1035801K->4913K(1039872K)] 1535080K->504192K(1644544K), 0.0076350 secs] [Times: user=0.01 sys=0.01, real=0.01 secs] 
2024-07-05T14:17:02.146+0800: 4461.875: [GC (Allocation Failure) [PSYoungGen: 1036593K->4938K(1039360K)] 1535872K->504218K(1644032K), 0.0076823 secs] [Times: user=0.01 sys=0.00, real=0.01 secs] 
2024-07-05T14:17:03.725+0800: 4463.455: [GC (Allocation Failure) [PSYoungGen: 1036106K->3810K(1039872K)] 1535386K->503547K(1644544K), 0.0057209 secs] [Times: user=0.01 sys=0.00, real=0.00 secs] 
2024-07-05T14:17:05.263+0800: 4464.992: [GC (Allocation Failure) [PSYoungGen: 1034978K->3363K(1038848K)] 1534715K->503839K(1643520K), 0.0068045 secs] [Times: user=0.01 sys=0.00, real=0.00 secs] 
2024-07-05T14:17:06.877+0800: 4466.607: [GC (Allocation Failure) [PSYoungGen: 1035043K->3328K(1039360K)] 1535519K->504259K(1644032K), 0.0079405 secs] [Times: user=0.01 sys=0.00, real=0.01 secs] 
2024-07-05T14:17:08.478+0800: 4468.208: [GC (Allocation Failure) [PSYoungGen: 1035008K->1921K(1040896K)] 1535939K->503446K(1645568K), 0.0044671 secs] [Times: user=0.01 sys=0.00, real=0.01 secs] 
2024-07-05T14:17:10.025+0800: 4469.755: [GC (Allocation Failure) [PSYoungGen: 1035649K->2318K(1040896K)] 1537174K->504373K(1645568K), 0.0051321 secs] [Times: user=0.01 sys=0.00, real=0.00 secs] 
2024-07-05T14:17:11.602+0800: 4471.331: [GC (Allocation Failure) [PSYoungGen: 1036046K->2153K(1041408K)] 1538101K->504312K(1646080K), 0.0047186 secs] [Times: user=0.01 sys=0.00, real=0.00 secs] 
2024-07-05T14:17:13.238+0800: 4472.967: [GC (Allocation Failure) [PSYoungGen: 1036393K->2153K(1036800K)] 1538552K->504320K(1641472K), 0.0043744 secs] [Times: user=0.01 sys=0.00, real=0.01 secs] 
2024-07-05T14:17:14.798+0800: 4474.527: [GC (Allocation Failure) [PSYoungGen: 1036393K->2251K(1040896K)] 1538560K->504427K(1645568K), 0.0061776 secs] [Times: user=0.01 sys=0.00, real=0.01 secs] 
2024-07-05T14:17:16.406+0800: 4476.135: [GC (Allocation Failure) [PSYoungGen: 1036491K->2166K(1040896K)] 1538667K->504349K(1645568K), 0.0078400 secs] [Times: user=0.01 sys=0.00, real=0.01 secs] 
2024-07-05T14:17:18.043+0800: 4477.773: [GC (Allocation Failure) [PSYoungGen: 1036406K->2155K(1040896K)] 1538589K->504347K(1645568K), 0.0043206 secs] [Times: user=0.01 sys=0.00, real=0.00 secs] 
2024-07-05T14:17:19.595+0800: 4479.325: [GC (Allocation Failure) [PSYoungGen: 1037419K->2171K(1041408K)] 1539611K->504371K(1646080K), 0.0042964 secs] [Times: user=0.01 sys=0.00, real=0.00 secs] 
2024-07-05T14:17:21.237+0800: 4480.966: [GC (Allocation Failure) [PSYoungGen: 1037435K->2137K(1042432K)] 1539635K->504344K(1647104K), 0.0041869 secs] [Times: user=0.01 sys=0.00, real=0.00 secs] 
2024-07-05T14:17:22.852+0800: 4482.581: [GC (Allocation Failure) [PSYoungGen: 1038425K->2061K(1038848K)] 1540632K->504284K(1643520K), 0.0046764 secs] [Times: user=0.01 sys=0.00, real=0.01 secs] 
2024-07-05T14:17:24.386+0800: 4484.115: [GC (Allocation Failure) [PSYoungGen: 1038349K->2107K(1041920K)] 1540572K->504339K(1646592K), 0.0051094 secs] [Times: user=0.00 sys=0.00, real=0.00 secs] 
2024-07-05T14:17:25.986+0800: 4485.715: [GC (Allocation Failure) [PSYoungGen: 1038395K->2185K(1041920K)] 1540627K->504424K(1646592K), 0.0044465 secs] [Times: user=0.00 sys=0.00, real=0.00 secs] 
2024-07-05T14:17:27.754+0800: 4487.484: [GC (Allocation Failure) [PSYoungGen: 1038473K->2118K(1042432K)] 1540712K->504366K(1647104K), 0.0056084 secs] [Times: user=0.00 sys=0.00, real=0.00 secs] 
2024-07-05T14:17:29.283+0800: 4489.013: [GC (Allocation Failure) [PSYoungGen: 1039430K->2075K(1042432K)] 1541678K->504331K(1647104K), 0.0037019 secs] [Times: user=0.01 sys=0.00, real=0.00 secs] 
2024-07-05T14:17:30.901+0800: 4490.631: [GC (Allocation Failure) [PSYoungGen: 1039387K->2134K(1042432K)] 1541643K->504397K(1647104K), 0.0057814 secs] [Times: user=0.01 sys=0.00, real=0.00 secs] 
2024-07-05T14:17:32.512+0800: 4492.242: [GC (Allocation Failure) [PSYoungGen: 1040470K->2219K(1042944K)] 1542733K->504491K(1647616K), 0.0044109 secs] [Times: user=0.01 sys=0.00, real=0.01 secs] 
2024-07-05T14:17:34.038+0800: 4493.767: [GC (Allocation Failure) [PSYoungGen: 1040555K->1977K(1043968K)] 1542827K->504256K(1648640K), 0.0035622 secs] [Times: user=0.01 sys=0.00, real=0.01 secs] 
2024-07-05T14:17:35.602+0800: 4495.332: [GC (Allocation Failure) [PSYoungGen: 1041337K->2121K(1043968K)] 1543616K->504408K(1648640K), 0.0050948 secs] [Times: user=0.00 sys=0.00, real=0.00 secs] 
2024-07-05T14:17:37.244+0800: 4496.974: [GC (Allocation Failure) [PSYoungGen: 1041481K->2214K(1042944K)] 1543768K->504510K(1647616K), 0.0056844 secs] [Times: user=0.01 sys=0.00, real=0.00 secs] 
2024-07-05T14:17:38.768+0800: 4498.498: [GC (Allocation Failure) [PSYoungGen: 1041574K->1244K(1043456K)] 1543870K->503547K(1648128K), 0.0033515 secs] [Times: user=0.01 sys=0.00, real=0.00 secs] 
2024-07-05T14:17:40.322+0800: 4500.051: [GC (Allocation Failure) [PSYoungGen: 1040604K->2075K(1044480K)] 1542907K->504387K(1649152K), 0.0039020 secs] [Times: user=0.00 sys=0.00, real=0.00 secs] 
2024-07-05T14:17:41.948+0800: 4501.678: [GC (Allocation Failure) [PSYoungGen: 1042459K->2166K(1044480K)] 1544771K->504486K(1649152K), 0.0049104 secs] [Times: user=0.00 sys=0.00, real=0.00 secs] 
2024-07-05T14:17:43.518+0800: 4503.247: [GC (Allocation Failure) [PSYoungGen: 1042550K->257K(1044480K)] 1544870K->502585K(1649152K), 0.0045983 secs] [Times: user=0.01 sys=0.00, real=0.01 secs] 
2024-07-05T14:17:45.018+0800: 4504.748: [GC (Allocation Failure) [PSYoungGen: 1040641K->2011K(1044480K)] 1542969K->504347K(1649152K), 0.0053127 secs] [Times: user=0.01 sys=0.00, real=0.01 secs] 
2024-07-05T14:17:46.643+0800: 4506.372: [GC (Allocation Failure) [PSYoungGen: 1042395K->2107K(1043456K)] 1544731K->504451K(1648128K), 0.0039980 secs] [Times: user=0.01 sys=0.00, real=0.00 secs] 
2024-07-05T14:17:48.188+0800: 4507.918: [GC (Allocation Failure) [PSYoungGen: 1042491K->1388K(1043968K)] 1544835K->503739K(1648640K), 0.0036863 secs] [Times: user=0.01 sys=0.00, real=0.00 secs] 
2024-07-05T14:17:49.717+0800: 4509.447: [GC (Allocation Failure) [PSYoungGen: 1041772K->2217K(1044992K)] 1544123K->504576K(1649664K), 0.0071951 secs] [Times: user=0.01 sys=0.00, real=0.01 secs] 
2024-07-05T14:17:51.314+0800: 4511.043: [GC (Allocation Failure) [PSYoungGen: 1043625K->2025K(1044992K)] 1545984K->504392K(1649664K), 0.0037953 secs] [Times: user=0.01 sys=0.00, real=0.00 secs] 
2024-07-05T14:17:52.890+0800: 4512.619: [GC (Allocation Failure) [PSYoungGen: 1043433K->1324K(1044992K)] 1545800K->503707K(1649664K), 0.0048037 secs] [Times: user=0.00 sys=0.00, real=0.01 secs] 
2024-07-05T14:17:54.425+0800: 4514.154: [GC (Allocation Failure) [PSYoungGen: 1042732K->2134K(1044992K)] 1545115K->504526K(1649664K), 0.0041873 secs] [Times: user=0.01 sys=0.00, real=0.00 secs] 
2024-07-05T14:17:55.986+0800: 4515.716: [GC (Allocation Failure) [PSYoungGen: 1043542K->2203K(1044992K)] 1545934K->504603K(1649664K), 0.0054025 secs] [Times: user=0.00 sys=0.00, real=0.00 secs] 
2024-07-05T14:17:57.610+0800: 4517.339: [GC (Allocation Failure) [PSYoungGen: 1043611K->1681K(1044992K)] 1546011K->504088K(1649664K), 0.0053573 secs] [Times: user=0.00 sys=0.00, real=0.01 secs] 
2024-07-05T14:17:59.142+0800: 4518.872: [GC (Allocation Failure) [PSYoungGen: 1043089K->2267K(1044992K)] 1545496K->504683K(1649664K), 0.0044552 secs] [Times: user=0.01 sys=0.00, real=0.00 secs] 
2024-07-05T14:18:00.796+0800: 4520.526: [GC (Allocation Failure) [PSYoungGen: 1043675K->1915K(1043456K)] 1546091K->504339K(1648128K), 0.0041422 secs] [Times: user=0.01 sys=0.00, real=0.00 secs] 
2024-07-05T14:18:02.389+0800: 4522.119: [GC (Allocation Failure) [PSYoungGen: 1043323K->2153K(1044480K)] 1545747K->504584K(1649152K), 0.0047267 secs] [Times: user=0.01 sys=0.00, real=0.01 secs] 
2024-07-05T14:18:03.962+0800: 4523.691: [GC (Allocation Failure) [PSYoungGen: 1043561K->2251K(1044480K)] 1545992K->504691K(1649152K), 0.0047026 secs] [Times: user=0.01 sys=0.00, real=0.00 secs] 
2024-07-05T14:18:05.606+0800: 4525.335: [GC (Allocation Failure) [PSYoungGen: 1043659K->2205K(1045504K)] 1546099K->504652K(1650176K), 0.0062286 secs] [Times: user=0.01 sys=0.00, real=0.00 secs] 
2024-07-05T14:18:07.237+0800: 4526.967: [GC (Allocation Failure) [PSYoungGen: 1044637K->2203K(1045504K)] 1547084K->504659K(1650176K), 0.0061540 secs] [Times: user=0.01 sys=0.00, real=0.01 secs] 
2024-07-05T14:18:08.829+0800: 4528.559: [GC (Allocation Failure) [PSYoungGen: 1044635K->2233K(1045504K)] 1547091K->504696K(1650176K), 0.0062204 secs] [Times: user=0.00 sys=0.00, real=0.01 secs] 
2024-07-05T14:18:10.436+0800: 4530.166: [GC (Allocation Failure) [PSYoungGen: 1044665K->2185K(1045504K)] 1547128K->504656K(1650176K), 0.0046847 secs] [Times: user=0.01 sys=0.00, real=0.01 secs] 
2024-07-05T14:18:12.046+0800: 4531.775: [GC (Allocation Failure) [PSYoungGen: 1044617K->2077K(1045504K)] 1547088K->504556K(1650176K), 0.0056804 secs] [Times: user=0.01 sys=0.00, real=0.00 secs] 
2024-07-05T14:18:13.582+0800: 4533.311: [GC (Allocation Failure) [PSYoungGen: 1044509K->2201K(1045504K)] 1546988K->504688K(1650176K), 0.0049756 secs] [Times: user=0.00 sys=0.00, real=0.00 secs] 
2024-07-05T14:18:15.201+0800: 4534.931: [GC (Allocation Failure) [PSYoungGen: 1044633K->2155K(1045504K)] 1547120K->504651K(1650176K), 0.0060506 secs] [Times: user=0.01 sys=0.00, real=0.01 secs] 
2024-07-05T14:18:16.818+0800: 4536.548: [GC (Allocation Failure) [PSYoungGen: 1044587K->2139K(1045504K)] 1547083K->504643K(1650176K), 0.0042474 secs] [Times: user=0.01 sys=0.00, real=0.01 secs] 
2024-07-05T14:18:18.338+0800: 4538.067: [GC (Allocation Failure) [PSYoungGen: 1044571K->2155K(1045504K)] 1547075K->504667K(1650176K), 0.0059537 secs] [Times: user=0.01 sys=0.00, real=0.01 secs] 
2024-07-05T14:18:19.907+0800: 4539.637: [GC (Allocation Failure) [PSYoungGen: 1044587K->2134K(1045504K)] 1547099K->504653K(1650176K), 0.0070504 secs] [Times: user=0.01 sys=0.00, real=0.01 secs] 
2024-07-05T14:18:21.538+0800: 4541.267: [GC (Allocation Failure) [PSYoungGen: 1044566K->2054K(1044992K)] 1547085K->504582K(1649664K), 0.0049759 secs] [Times: user=0.01 sys=0.00, real=0.01 secs] 
2024-07-05T14:18:23.078+0800: 4542.808: [GC (Allocation Failure) [PSYoungGen: 1044486K->2153K(1045504K)] 1547014K->504688K(1650176K), 0.0056288 secs] [Times: user=0.01 sys=0.00, real=0.01 secs] 
2024-07-05T14:18:24.655+0800: 4544.385: [GC (Allocation Failure) [PSYoungGen: 1045097K->2107K(1046016K)] 1547632K->504651K(1650688K), 0.0052403 secs] [Times: user=0.01 sys=0.00, real=0.00 secs] 
2024-07-05T14:18:26.258+0800: 4545.987: [GC (Allocation Failure) [PSYoungGen: 1045563K->2078K(1046016K)] 1548107K->504629K(1650688K), 0.0061597 secs] [Times: user=0.01 sys=0.00, real=0.01 secs] 
2024-07-05T14:18:27.865+0800: 4547.594: [GC (Allocation Failure) [PSYoungGen: 1045534K->2118K(1046016K)] 1548085K->504678K(1650688K), 0.0058137 secs] [Times: user=0.01 sys=0.00, real=0.00 secs] 
2024-07-05T14:18:29.476+0800: 4549.206: [GC (Allocation Failure) [PSYoungGen: 1045574K->2235K(1046016K)] 1548134K->504803K(1650688K), 0.0047029 secs] [Times: user=0.01 sys=0.00, real=0.00 secs] 
2024-07-05T14:18:31.191+0800: 4550.921: [GC (Allocation Failure) [PSYoungGen: 1045691K->2187K(1046016K)] 1548259K->504763K(1650688K), 0.0052773 secs] [Times: user=0.01 sys=0.00, real=0.01 secs] 
2024-07-05T14:18:32.768+0800: 4552.497: [GC (Allocation Failure) [PSYoungGen: 1045643K->2169K(1046016K)] 1548219K->504752K(1650688K), 0.0042064 secs] [Times: user=0.01 sys=0.00, real=0.00 secs] 
2024-07-05T14:18:34.386+0800: 4554.115: [GC (Allocation Failure) [PSYoungGen: 1045625K->2219K(1046016K)] 1548208K->504811K(1650688K), 0.0060193 secs] [Times: user=0.01 sys=0.00, real=0.00 secs] 
2024-07-05T14:18:36.067+0800: 4555.796: [GC (Allocation Failure) [PSYoungGen: 1045675K->2042K(1046016K)] 1548267K->504642K(1650688K), 0.0061614 secs] [Times: user=0.01 sys=0.00, real=0.00 secs] 
2024-07-05T14:18:37.609+0800: 4557.339: [GC (Allocation Failure) [PSYoungGen: 1045498K->2109K(1046016K)] 1548098K->504716K(1650688K), 0.0069478 secs] [Times: user=0.00 sys=0.00, real=0.01 secs] 
2024-07-05T14:18:39.254+0800: 4558.984: [GC (Allocation Failure) [PSYoungGen: 1045565K->2235K(1046016K)] 1548172K->504851K(1650688K), 0.0079250 secs] [Times: user=0.00 sys=0.00, real=0.01 secs] 
2024-07-05T14:18:40.888+0800: 4560.617: [GC (Allocation Failure) [PSYoungGen: 1045691K->2169K(1046016K)] 1548307K->504792K(1650688K), 0.0056910 secs] [Times: user=0.01 sys=0.00, real=0.01 secs] 
2024-07-05T14:18:42.437+0800: 4562.167: [GC (Allocation Failure) [PSYoungGen: 1045625K->2137K(1046016K)] 1548248K->504768K(1650688K), 0.0056089 secs] [Times: user=0.00 sys=0.00, real=0.01 secs] 
2024-07-05T14:18:44.050+0800: 4563.780: [GC (Allocation Failure) [PSYoungGen: 1045593K->2203K(1046016K)] 1548224K->504843K(1650688K), 0.0043645 secs] [Times: user=0.00 sys=0.00, real=0.01 secs] 
2024-07-05T14:18:45.693+0800: 4565.423: [GC (Allocation Failure) [PSYoungGen: 1045659K->2089K(1046016K)] 1548299K->504736K(1650688K), 0.0051243 secs] [Times: user=0.01 sys=0.00, real=0.00 secs] 
2024-07-05T14:18:47.241+0800: 4566.971: [GC (Allocation Failure) [PSYoungGen: 1045545K->2123K(1046016K)] 1548192K->504779K(1650688K), 0.0038781 secs] [Times: user=0.01 sys=0.00, real=0.00 secs] 
2024-07-05T14:18:48.854+0800: 4568.584: [GC (Allocation Failure) [PSYoungGen: 1045579K->2219K(1046016K)] 1548235K->504883K(1650688K), 0.0045023 secs] [Times: user=0.01 sys=0.00, real=0.00 secs] 
2024-07-05T14:18:50.454+0800: 4570.184: [GC (Allocation Failure) [PSYoungGen: 1045675K->2070K(1046016K)] 1548339K->504742K(1650688K), 0.0052964 secs] [Times: user=0.00 sys=0.00, real=0.00 secs] 
2024-07-05T14:18:52.060+0800: 4571.790: [GC (Allocation Failure) [PSYoungGen: 1045526K->2121K(1046016K)] 1548198K->504800K(1650688K), 0.0066200 secs] [Times: user=0.00 sys=0.00, real=0.01 secs] 
2024-07-05T14:18:53.646+0800: 4573.375: [GC (Allocation Failure) [PSYoungGen: 1045577K->2203K(1046016K)] 1548256K->504891K(1650688K), 0.0043863 secs] [Times: user=0.01 sys=0.00, real=0.00 secs] 
2024-07-05T14:18:55.270+0800: 4574.999: [GC (Allocation Failure) [PSYoungGen: 1045659K->2186K(1046016K)] 1548347K->504882K(1650688K), 0.0045880 secs] [Times: user=0.01 sys=0.00, real=0.01 secs] 
2024-07-05T14:18:56.764+0800: 4576.494: [GC (Allocation Failure) [PSYoungGen: 1045642K->2121K(1046016K)] 1548338K->504824K(1650688K), 0.0041085 secs] [Times: user=0.00 sys=0.00, real=0.00 secs] 
2024-07-05T14:18:58.363+0800: 4578.093: [GC (Allocation Failure) [PSYoungGen: 1045577K->2203K(1046016K)] 1548280K->504915K(1650688K), 0.0048303 secs] [Times: user=0.01 sys=0.00, real=0.00 secs] 
2024-07-05T14:18:59.989+0800: 4579.719: [GC (Allocation Failure) [PSYoungGen: 1045659K->2078K(1046016K)] 1548371K->504797K(1650688K), 0.0049889 secs] [Times: user=0.01 sys=0.00, real=0.01 secs] 
2024-07-05T14:19:01.538+0800: 4581.267: [GC (Allocation Failure) [PSYoungGen: 1045534K->2109K(1046016K)] 1548253K->504836K(1650688K), 0.0039994 secs] [Times: user=0.01 sys=0.00, real=0.01 secs] 
2024-07-05T14:19:03.127+0800: 4582.857: [GC (Allocation Failure) [PSYoungGen: 1045565K->2233K(1046016K)] 1548292K->504968K(1650688K), 0.0071287 secs] [Times: user=0.01 sys=0.00, real=0.01 secs] 
2024-07-05T14:19:04.737+0800: 4584.466: [GC (Allocation Failure) [PSYoungGen: 1045689K->2057K(1046016K)] 1548424K->504800K(1650688K), 0.0042121 secs] [Times: user=0.01 sys=0.00, real=0.00 secs] 
2024-07-05T14:19:06.257+0800: 4585.987: [GC (Allocation Failure) [PSYoungGen: 1045513K->2121K(1046016K)] 1548256K->504872K(1650688K), 0.0040399 secs] [Times: user=0.01 sys=0.00, real=0.01 secs] 
2024-07-05T14:19:07.837+0800: 4587.566: [GC (Allocation Failure) [PSYoungGen: 1045577K->2235K(1046016K)] 1548328K->504995K(1650688K), 0.0079141 secs] [Times: user=0.01 sys=0.00, real=0.01 secs] 
2024-07-05T14:19:09.473+0800: 4589.202: [GC (Allocation Failure) [PSYoungGen: 1045691K->2075K(1046016K)] 1548451K->504843K(1650688K), 0.0048755 secs] [Times: user=0.01 sys=0.00, real=0.01 secs] 
2024-07-05T14:19:11.050+0800: 4590.779: [GC (Allocation Failure) [PSYoungGen: 1045531K->2086K(1046016K)] 1548299K->504862K(1650688K), 0.0067093 secs] [Times: user=0.01 sys=0.00, real=0.01 secs] 
2024-07-05T14:19:12.626+0800: 4592.356: [GC (Allocation Failure) [PSYoungGen: 1045542K->2219K(1046016K)] 1548318K->505003K(1650688K), 0.0044016 secs] [Times: user=0.01 sys=0.00, real=0.00 secs] 
2024-07-05T14:19:14.244+0800: 4593.974: [GC (Allocation Failure) [PSYoungGen: 1045675K->2154K(1046016K)] 1548459K->504954K(1650688K), 0.0041921 secs] [Times: user=0.01 sys=0.00, real=0.00 secs] 
2024-07-05T14:19:15.790+0800: 4595.519: [GC (Allocation Failure) [PSYoungGen: 1045610K->2121K(1046016K)] 1548410K->504928K(1650688K), 0.0050156 secs] [Times: user=0.01 sys=0.00, real=0.01 secs] 
2024-07-05T14:19:17.394+0800: 4597.123: [GC (Allocation Failure) [PSYoungGen: 1045577K->2187K(1046016K)] 1548384K->505003K(1650688K), 0.0078277 secs] [Times: user=0.01 sys=0.00, real=0.01 secs] 
2024-07-05T14:19:19.016+0800: 4598.746: [GC (Allocation Failure) [PSYoungGen: 1045643K->2041K(1046016K)] 1548459K->504864K(1650688K), 0.0062436 secs] [Times: user=0.00 sys=0.00, real=0.01 secs] 
2024-07-05T14:19:20.590+0800: 4600.319: [GC (Allocation Failure) [PSYoungGen: 1045497K->2075K(1046016K)] 1548320K->504907K(1650688K), 0.0067298 secs] [Times: user=0.01 sys=0.00, real=0.01 secs] 
2024-07-05T14:19:22.157+0800: 4601.887: [GC (Allocation Failure) [PSYoungGen: 1045531K->2187K(1046016K)] 1548363K->505027K(1650688K), 0.0061780 secs] [Times: user=0.01 sys=0.00, real=0.01 secs] 
2024-07-05T14:19:23.840+0800: 4603.569: [GC (Allocation Failure) [PSYoungGen: 1045643K->1734K(1046016K)] 1548483K->504582K(1650688K), 0.0068137 secs] [Times: user=0.00 sys=0.00, real=0.01 secs] 
2024-07-05T14:19:25.402+0800: 4605.132: [GC (Allocation Failure) [PSYoungGen: 1045190K->2093K(1046016K)] 1548038K->504948K(1650688K), 0.0044371 secs] [Times: user=0.00 sys=0.00, real=0.00 secs] 
2024-07-05T14:19:26.973+0800: 4606.703: [GC (Allocation Failure) [PSYoungGen: 1045549K->2169K(1046016K)] 1548404K->505032K(1650688K), 0.0049297 secs] [Times: user=0.01 sys=0.00, real=0.01 secs] 
2024-07-05T14:19:28.634+0800: 4608.363: [GC (Allocation Failure) [PSYoungGen: 1045625K->2137K(1046016K)] 1548488K->505008K(1650688K), 0.0058236 secs] [Times: user=0.01 sys=0.00, real=0.00 secs] 
2024-07-05T14:19:30.154+0800: 4609.883: [GC (Allocation Failure) [PSYoungGen: 1045593K->2107K(1046016K)] 1548464K->504987K(1650688K), 0.0055961 secs] [Times: user=0.00 sys=0.00, real=0.00 secs] 
2024-07-05T14:19:31.773+0800: 4611.503: [GC (Allocation Failure) [PSYoungGen: 1045563K->2171K(1046016K)] 1548443K->505059K(1650688K), 0.0059884 secs] [Times: user=0.01 sys=0.00, real=0.01 secs] 
2024-07-05T14:19:33.384+0800: 4613.114: [GC (Allocation Failure) [PSYoungGen: 1045627K->2246K(1046016K)] 1548515K->505142K(1650688K), 0.0048067 secs] [Times: user=0.01 sys=0.00, real=0.00 secs] 
2024-07-05T14:19:34.926+0800: 4614.656: [GC (Allocation Failure) [PSYoungGen: 1045702K->2057K(1046016K)] 1548598K->504960K(1650688K), 0.0052659 secs] [Times: user=0.01 sys=0.00, real=0.00 secs] 
2024-07-05T14:19:36.481+0800: 4616.211: [GC (Allocation Failure) [PSYoungGen: 1045513K->2155K(1046016K)] 1548416K->505067K(1650688K), 0.0051046 secs] [Times: user=0.01 sys=0.00, real=0.01 secs] 
2024-07-05T14:19:38.144+0800: 4617.874: [GC (Allocation Failure) [PSYoungGen: 1045611K->2235K(1046016K)] 1548523K->505155K(1650688K), 0.0062960 secs] [Times: user=0.00 sys=0.00, real=0.00 secs] 
2024-07-05T14:19:39.672+0800: 4619.401: [GC (Allocation Failure) [PSYoungGen: 1045691K->2059K(1046016K)] 1548611K->504987K(1650688K), 0.0038799 secs] [Times: user=0.00 sys=0.00, real=0.01 secs] 
2024-07-05T14:19:41.246+0800: 4620.975: [GC (Allocation Failure) [PSYoungGen: 1045515K->2155K(1046016K)] 1548443K->505091K(1650688K), 0.0065959 secs] [Times: user=0.00 sys=0.00, real=0.00 secs] 
2024-07-05T14:19:42.879+0800: 4622.609: [GC (Allocation Failure) [PSYoungGen: 1045611K->2217K(1046016K)] 1548547K->505160K(1650688K), 0.0056612 secs] [Times: user=0.01 sys=0.00, real=0.01 secs] 
2024-07-05T14:19:44.414+0800: 4624.143: [GC (Allocation Failure) [PSYoungGen: 1045673K->2043K(1046016K)] 1548616K->504995K(1650688K), 0.0064565 secs] [Times: user=0.01 sys=0.00, real=0.00 secs] 
2024-07-05T14:19:45.984+0800: 4625.714: [GC (Allocation Failure) [PSYoungGen: 1045499K->2137K(1046016K)] 1548451K->505096K(1650688K), 0.0060854 secs] [Times: user=0.01 sys=0.00, real=0.00 secs] 
2024-07-05T14:19:47.699+0800: 4627.429: [GC (Allocation Failure) [PSYoungGen: 1045593K->2094K(1046016K)] 1548552K->505061K(1650688K), 0.0051055 secs] [Times: user=0.01 sys=0.00, real=0.01 secs] 
2024-07-05T14:19:49.244+0800: 4628.974: [GC (Allocation Failure) [PSYoungGen: 1045550K->2009K(1046016K)] 1548517K->504984K(1650688K), 0.0037730 secs] [Times: user=0.01 sys=0.00, real=0.00 secs] 
2024-07-05T14:19:50.842+0800: 4630.571: [GC (Allocation Failure) [PSYoungGen: 1045465K->2118K(1046016K)] 1548440K->505102K(1650688K), 0.0043391 secs] [Times: user=0.01 sys=0.00, real=0.00 secs] 
2024-07-05T14:19:52.470+0800: 4632.199: [GC (Allocation Failure) [PSYoungGen: 1045574K->2219K(1046016K)] 1548558K->505211K(1650688K), 0.0062618 secs] [Times: user=0.01 sys=0.00, real=0.01 secs] 
2024-07-05T14:19:54.038+0800: 4633.767: [GC (Allocation Failure) [PSYoungGen: 1045675K->2059K(1046016K)] 1548667K->505059K(1650688K), 0.0054992 secs] [Times: user=0.00 sys=0.00, real=0.01 secs] 
2024-07-05T14:19:55.638+0800: 4635.367: [GC (Allocation Failure) [PSYoungGen: 1045515K->2150K(1046016K)] 1548515K->505158K(1650688K), 0.0073145 secs] [Times: user=0.01 sys=0.00, real=0.01 secs] 
2024-07-05T14:19:57.280+0800: 4637.010: [GC (Allocation Failure) [PSYoungGen: 1045606K->2171K(1046016K)] 1548614K->505187K(1650688K), 0.0081172 secs] [Times: user=0.00 sys=0.00, real=0.01 secs] 
2024-07-05T14:19:58.848+0800: 4638.578: [GC (Allocation Failure) [PSYoungGen: 1045627K->1995K(1046016K)] 1548643K->505019K(1650688K), 0.0041227 secs] [Times: user=0.00 sys=0.00, real=0.00 secs] 
2024-07-05T14:20:00.486+0800: 4640.215: [GC (Allocation Failure) [PSYoungGen: 1045451K->2134K(1046016K)] 1548475K->505166K(1650688K), 0.0042902 secs] [Times: user=0.01 sys=0.00, real=0.00 secs] 
2024-07-05T14:20:02.153+0800: 4641.882: [GC (Allocation Failure) [PSYoungGen: 1045590K->2203K(1046016K)] 1548622K->505243K(1650688K), 0.0047158 secs] [Times: user=0.01 sys=0.00, real=0.01 secs] 
2024-07-05T14:20:03.790+0800: 4643.519: [GC (Allocation Failure) [PSYoungGen: 1045659K->2013K(1046016K)] 1548699K->505060K(1650688K), 0.0057228 secs] [Times: user=0.01 sys=0.00, real=0.01 secs] 
2024-07-05T14:20:05.482+0800: 4645.212: [GC (Allocation Failure) [PSYoungGen: 1045469K->2153K(1046016K)] 1548516K->505208K(1650688K), 0.0056873 secs] [Times: user=0.00 sys=0.00, real=0.00 secs] 
2024-07-05T14:20:07.175+0800: 4646.905: [GC (Allocation Failure) [PSYoungGen: 1045609K->2182K(1046016K)] 1548664K->505246K(1650688K), 0.0048826 secs] [Times: user=0.01 sys=0.00, real=0.00 secs] 
2024-07-05T14:20:08.882+0800: 4648.611: [GC (Allocation Failure) [PSYoungGen: 1045638K->1945K(1046016K)] 1548702K->505016K(1650688K), 0.0057902 secs] [Times: user=0.00 sys=0.00, real=0.00 secs] 
2024-07-05T14:20:10.553+0800: 4650.283: [GC (Allocation Failure) [PSYoungGen: 1045401K->2118K(1046016K)] 1548472K->505198K(1650688K), 0.0043044 secs] [Times: user=0.00 sys=0.00, real=0.01 secs] 
2024-07-05T14:20:12.272+0800: 4652.002: [GC (Allocation Failure) [PSYoungGen: 1045574K->2203K(1046016K)] 1548654K->505291K(1650688K), 0.0049064 secs] [Times: user=0.00 sys=0.00, real=0.01 secs] 
2024-07-05T14:20:13.951+0800: 4653.681: [GC (Allocation Failure) [PSYoungGen: 1045659K->1993K(1046016K)] 1548747K->505088K(1650688K), 0.0037405 secs] [Times: user=0.01 sys=0.00, real=0.01 secs] 
2024-07-05T14:20:15.644+0800: 4655.374: [GC (Allocation Failure) [PSYoungGen: 1045449K->2121K(1046016K)] 1548544K->505224K(1650688K), 0.0057110 secs] [Times: user=0.01 sys=0.00, real=0.00 secs] 
2024-07-05T14:20:17.368+0800: 4657.098: [GC (Allocation Failure) [PSYoungGen: 1045577K->2185K(1046016K)] 1548680K->505296K(1650688K), 0.0071102 secs] [Times: user=0.01 sys=0.00, real=0.01 secs] 
2024-07-05T14:20:18.994+0800: 4658.724: [GC (Allocation Failure) [PSYoungGen: 1045641K->1617K(1046016K)] 1548752K->504736K(1650688K), 0.0050538 secs] [Times: user=0.01 sys=0.00, real=0.00 secs] 
2024-07-05T14:20:20.671+0800: 4660.401: [GC (Allocation Failure) [PSYoungGen: 1045073K->2107K(1046016K)] 1548192K->505235K(1650688K), 0.0071420 secs] [Times: user=0.01 sys=0.00, real=0.01 secs] 
2024-07-05T14:20:22.400+0800: 4662.130: [GC (Allocation Failure) [PSYoungGen: 1045563K->2185K(1046016K)] 1548691K->505320K(1650688K), 0.0052165 secs] [Times: user=0.01 sys=0.00, real=0.01 secs] 
2024-07-05T14:20:24.038+0800: 4663.767: [GC (Allocation Failure) [PSYoungGen: 1045641K->1588K(1046016K)] 1548776K->504731K(1650688K), 0.0060271 secs] [Times: user=0.01 sys=0.00, real=0.01 secs] 
2024-07-05T14:20:25.682+0800: 4665.411: [GC (Allocation Failure) [PSYoungGen: 1045044K->2091K(1046016K)] 1548187K->505243K(1650688K), 0.0052076 secs] [Times: user=0.01 sys=0.00, real=0.00 secs] 
2024-07-05T14:20:27.428+0800: 4667.158: [GC (Allocation Failure) [PSYoungGen: 1045547K->2190K(1046016K)] 1548699K->505349K(1650688K), 0.0084058 secs] [Times: user=0.01 sys=0.00, real=0.01 secs] 
2024-07-05T14:20:29.089+0800: 4668.819: [GC (Allocation Failure) [PSYoungGen: 1045646K->1588K(1046016K)] 1548805K->504755K(1650688K), 0.0052094 secs] [Times: user=0.01 sys=0.00, real=0.01 secs] 
2024-07-05T14:20:30.782+0800: 4670.511: [GC (Allocation Failure) [PSYoungGen: 1045044K->2102K(1046016K)] 1548211K->505278K(1650688K), 0.0043884 secs] [Times: user=0.01 sys=0.00, real=0.00 secs] 
2024-07-05T14:20:32.541+0800: 4672.271: [GC (Allocation Failure) [PSYoungGen: 1045558K->2203K(1046016K)] 1548734K->505387K(1650688K), 0.0050794 secs] [Times: user=0.01 sys=0.00, real=0.01 secs] 
2024-07-05T14:20:34.193+0800: 4673.923: [GC (Allocation Failure) [PSYoungGen: 1045659K->1930K(1046016K)] 1548843K->505122K(1650688K), 0.0073452 secs] [Times: user=0.01 sys=0.00, real=0.00 secs] 
2024-07-05T14:20:35.794+0800: 4675.523: [GC (Allocation Failure) [PSYoungGen: 1045386K->2137K(1046016K)] 1548578K->505336K(1650688K), 0.0058172 secs] [Times: user=0.01 sys=0.00, real=0.00 secs] 
2024-07-05T14:21:04.007+0800: 4703.737: [GC (Allocation Failure) [PSYoungGen: 1045593K->2549K(1041920K)] 1548792K->510519K(1646592K), 0.0160480 secs] [Times: user=0.03 sys=0.00, real=0.02 secs] 
2024-07-05T14:21:06.307+0800: 4706.037: [GC (Allocation Failure) [PSYoungGen: 1041909K->3621K(1043968K)] 1549879K->511591K(1648640K), 0.0086824 secs] [Times: user=0.01 sys=0.00, real=0.01 secs] 
2024-07-05T14:21:08.564+0800: 4708.294: [GC (Allocation Failure) [PSYoungGen: 1042981K->3669K(1042944K)] 1550951K->511639K(1647616K), 0.0059144 secs] [Times: user=0.01 sys=0.00, real=0.00 secs] 
2024-07-05T14:21:10.694+0800: 4710.424: [GC (Allocation Failure) [PSYoungGen: 1042005K->3669K(1043456K)] 1549975K->511639K(1648128K), 0.0063646 secs] [Times: user=0.01 sys=0.00, real=0.00 secs] 
2024-07-05T14:21:12.753+0800: 4712.483: [GC (Allocation Failure) [PSYoungGen: 1042005K->3749K(1043456K)] 1549975K->511719K(1648128K), 0.0069683 secs] [Times: user=0.01 sys=0.00, real=0.01 secs] 
2024-07-05T14:21:14.680+0800: 4714.410: [GC (Allocation Failure) [PSYoungGen: 1042085K->3797K(1042432K)] 1550055K->511767K(1647104K), 0.0062513 secs] [Times: user=0.02 sys=0.00, real=0.01 secs] 
2024-07-05T14:21:16.408+0800: 4716.138: [GC (Allocation Failure) [PSYoungGen: 1042133K->3701K(1042944K)] 1550103K->511671K(1647616K), 0.0063247 secs] [Times: user=0.01 sys=0.00, real=0.01 secs] 
2024-07-05T14:21:18.139+0800: 4717.868: [GC (Allocation Failure) [PSYoungGen: 1041013K->3845K(1042944K)] 1548983K->511823K(1647616K), 0.0066756 secs] [Times: user=0.01 sys=0.00, real=0.01 secs] 
2024-07-05T14:21:19.478+0800: 4719.207: [GC (Allocation Failure) [PSYoungGen: 1041157K->4469K(1042944K)] 1549135K->512447K(1647616K), 0.0065024 secs] [Times: user=0.02 sys=0.00, real=0.01 secs] 
2024-07-05T14:21:21.017+0800: 4720.747: [GC (Allocation Failure) [PSYoungGen: 1041781K->5221K(1042944K)] 1549759K->513199K(1647616K), 0.0090962 secs] [Times: user=0.01 sys=0.00, real=0.01 secs] 
2024-07-05T14:21:22.437+0800: 4722.167: [GC (Allocation Failure) [PSYoungGen: 1042533K->3669K(1041920K)] 1550511K->511647K(1646592K), 0.0095076 secs] [Times: user=0.01 sys=0.00, real=0.01 secs] 
2024-07-05T14:21:23.767+0800: 4723.496: [GC (Allocation Failure) [PSYoungGen: 1039957K->3733K(1042432K)] 1547935K->511711K(1647104K), 0.0066741 secs] [Times: user=0.01 sys=0.00, real=0.01 secs] 
2024-07-05T14:21:25.305+0800: 4725.035: [GC (Allocation Failure) [PSYoungGen: 1040021K->3653K(1041408K)] 1547999K->511631K(1646080K), 0.0103132 secs] [Times: user=0.01 sys=0.00, real=0.01 secs] 
2024-07-05T14:21:26.725+0800: 4726.455: [GC (Allocation Failure) [PSYoungGen: 1039941K->3589K(1041920K)] 1547919K->511567K(1646592K), 0.0068936 secs] [Times: user=0.01 sys=0.00, real=0.00 secs] 
2024-07-05T14:21:28.158+0800: 4727.888: [GC (Allocation Failure) [PSYoungGen: 1039877K->3669K(1042944K)] 1547855K->511647K(1647616K), 0.0077573 secs] [Times: user=0.02 sys=0.00, real=0.01 secs] 
2024-07-05T14:21:29.450+0800: 4729.179: [GC (Allocation Failure) [PSYoungGen: 1040981K->3744K(1041408K)] 1548959K->513485K(1646080K), 0.0097160 secs] [Times: user=0.01 sys=0.00, real=0.01 secs] 
2024-07-05T14:21:30.878+0800: 4730.608: [GC (Allocation Failure) [PSYoungGen: 1041056K->2032K(1041920K)] 1550797K->511797K(1646592K), 0.0050385 secs] [Times: user=0.01 sys=0.00, real=0.01 secs] 
2024-07-05T14:21:32.346+0800: 4732.075: [GC (Allocation Failure) [PSYoungGen: 1038832K->1904K(1042432K)] 1548597K->511685K(1647104K), 0.0053361 secs] [Times: user=0.01 sys=0.00, real=0.00 secs] 
2024-07-05T14:21:33.690+0800: 4733.420: [GC (Allocation Failure) [PSYoungGen: 1038704K->1872K(1042944K)] 1548485K->511661K(1647616K), 0.0045703 secs] [Times: user=0.00 sys=0.00, real=0.01 secs] 
2024-07-05T14:21:35.040+0800: 4734.770: [GC (Allocation Failure) [PSYoungGen: 1039184K->1952K(1042944K)] 1548973K->511757K(1647616K), 0.0037635 secs] [Times: user=0.00 sys=0.00, real=0.01 secs] 
2024-07-05T14:21:36.420+0800: 4736.150: [GC (Allocation Failure) [PSYoungGen: 1039264K->1984K(1042944K)] 1549069K->511797K(1647616K), 0.0038112 secs] [Times: user=0.01 sys=0.00, real=0.01 secs] 
2024-07-05T14:21:37.827+0800: 4737.557: [GC (Allocation Failure) [PSYoungGen: 1039296K->1904K(1042944K)] 1549109K->511733K(1647616K), 0.0050911 secs] [Times: user=0.01 sys=0.00, real=0.00 secs] 
2024-07-05T14:21:39.147+0800: 4738.877: [GC (Allocation Failure) [PSYoungGen: 1039216K->2016K(1041920K)] 1549045K->511853K(1646592K), 0.0038357 secs] [Times: user=0.01 sys=0.00, real=0.00 secs] 
2024-07-05T14:21:40.428+0800: 4740.158: [GC (Allocation Failure) [PSYoungGen: 1039328K->2032K(1042432K)] 1549165K->511885K(1647104K), 0.0036484 secs] [Times: user=0.00 sys=0.00, real=0.00 secs] 
2024-07-05T14:21:41.699+0800: 4741.429: [GC (Allocation Failure) [PSYoungGen: 1039344K->2096K(1043456K)] 1549197K->511957K(1648128K), 0.0037197 secs] [Times: user=0.01 sys=0.00, real=0.01 secs] 
2024-07-05T14:21:43.082+0800: 4742.811: [GC (Allocation Failure) [PSYoungGen: 1040432K->3408K(1043456K)] 1550293K->513277K(1648128K), 0.0044233 secs] [Times: user=0.01 sys=0.00, real=0.00 secs] 
2024-07-05T14:21:44.341+0800: 4744.071: [GC (Allocation Failure) [PSYoungGen: 1041744K->1888K(1043456K)] 1551613K->511765K(1648128K), 0.0035392 secs] [Times: user=0.01 sys=0.00, real=0.00 secs] 
2024-07-05T14:21:45.624+0800: 4745.354: [GC (Allocation Failure) [PSYoungGen: 1040224K->2128K(1043456K)] 1550101K->512013K(1648128K), 0.0062088 secs] [Times: user=0.02 sys=0.00, real=0.00 secs] 
2024-07-05T14:21:46.896+0800: 4746.626: [GC (Allocation Failure) [PSYoungGen: 1040464K->1904K(1042432K)] 1550349K->511797K(1647104K), 0.0039830 secs] [Times: user=0.01 sys=0.00, real=0.00 secs] 
2024-07-05T14:21:48.292+0800: 4748.022: [GC (Allocation Failure) [PSYoungGen: 1040240K->3968K(1042944K)] 1550133K->513869K(1647616K), 0.0048966 secs] [Times: user=0.01 sys=0.00, real=0.01 secs] 
2024-07-05T14:21:49.604+0800: 4749.334: [GC (Allocation Failure) [PSYoungGen: 1042304K->2048K(1043456K)] 1552205K->511957K(1648128K), 0.0036537 secs] [Times: user=0.01 sys=0.00, real=0.00 secs] 
2024-07-05T14:21:50.847+0800: 4750.577: [GC (Allocation Failure) [PSYoungGen: 1040384K->2960K(1043456K)] 1550293K->512877K(1648128K), 0.0041137 secs] [Times: user=0.00 sys=0.00, real=0.00 secs] 
2024-07-05T14:21:52.162+0800: 4751.891: [GC (Allocation Failure) [PSYoungGen: 1041296K->2000K(1042432K)] 1551213K->511933K(1647104K), 0.0041278 secs] [Times: user=0.01 sys=0.00, real=0.00 secs] 
2024-07-05T14:21:53.492+0800: 4753.221: [GC (Allocation Failure) [PSYoungGen: 1040336K->2320K(1042944K)] 1550269K->512261K(1647616K), 0.0036757 secs] [Times: user=0.00 sys=0.00, real=0.01 secs] 
2024-07-05T14:21:54.851+0800: 4754.581: [GC (Allocation Failure) [PSYoungGen: 1040656K->1936K(1043968K)] 1550597K->511893K(1648640K), 0.0036533 secs] [Times: user=0.00 sys=0.00, real=0.01 secs] 
2024-07-05T14:21:56.162+0800: 4755.892: [GC (Allocation Failure) [PSYoungGen: 1041296K->1920K(1043968K)] 1551253K->511893K(1648640K), 0.0034699 secs] [Times: user=0.01 sys=0.00, real=0.00 secs] 
2024-07-05T14:21:57.452+0800: 4757.182: [GC (Allocation Failure) [PSYoungGen: 1041280K->1936K(1043968K)] 1551253K->511917K(1648640K), 0.0038355 secs] [Times: user=0.01 sys=0.00, real=0.01 secs] 
2024-07-05T14:21:58.802+0800: 4758.531: [GC (Allocation Failure) [PSYoungGen: 1041296K->2400K(1041920K)] 1551277K->512389K(1646592K), 0.0048259 secs] [Times: user=0.00 sys=0.00, real=0.00 secs] 
2024-07-05T14:22:00.085+0800: 4759.814: [GC (Allocation Failure) [PSYoungGen: 1041760K->2160K(1043456K)] 1551749K->512157K(1648128K), 0.0037449 secs] [Times: user=0.01 sys=0.00, real=0.00 secs] 
2024-07-05T14:22:01.341+0800: 4761.071: [GC (Allocation Failure) [PSYoungGen: 1041520K->1952K(1043456K)] 1551517K->511957K(1648128K), 0.0035098 secs] [Times: user=0.00 sys=0.00, real=0.01 secs] 
2024-07-05T14:22:02.646+0800: 4762.376: [GC (Allocation Failure) [PSYoungGen: 1041312K->1856K(1044480K)] 1551317K->511869K(1649152K), 0.0039802 secs] [Times: user=0.01 sys=0.00, real=0.00 secs] 
2024-07-05T14:22:03.953+0800: 4763.683: [GC (Allocation Failure) [PSYoungGen: 1042240K->1904K(1044480K)] 1552253K->511925K(1649152K), 0.0035885 secs] [Times: user=0.00 sys=0.01, real=0.01 secs] 
2024-07-05T14:22:05.205+0800: 4764.935: [GC (Allocation Failure) [PSYoungGen: 1042288K->1984K(1043456K)] 1552309K->512013K(1648128K), 0.0036744 secs] [Times: user=0.00 sys=0.00, real=0.00 secs] 
2024-07-05T14:22:06.479+0800: 4766.209: [GC (Allocation Failure) [PSYoungGen: 1042368K->1968K(1043968K)] 1552397K->512005K(1648640K), 0.0037032 secs] [Times: user=0.01 sys=0.00, real=0.01 secs] 
2024-07-05T14:22:07.762+0800: 4767.492: [GC (Allocation Failure) [PSYoungGen: 1042352K->2160K(1044992K)] 1552389K->512213K(1649664K), 0.0050776 secs] [Times: user=0.01 sys=0.00, real=0.00 secs] 
2024-07-05T14:22:09.057+0800: 4768.786: [GC (Allocation Failure) [PSYoungGen: 1043568K->2016K(1044992K)] 1553621K->512077K(1649664K), 0.0036500 secs] [Times: user=0.01 sys=0.00, real=0.00 secs] 
2024-07-05T14:22:10.318+0800: 4770.047: [GC (Allocation Failure) [PSYoungGen: 1043424K->1984K(1044992K)] 1553485K->512053K(1649664K), 0.0036525 secs] [Times: user=0.01 sys=0.00, real=0.01 secs] 
2024-07-05T14:22:11.596+0800: 4771.326: [GC (Allocation Failure) [PSYoungGen: 1043392K->1904K(1044992K)] 1553461K->511981K(1649664K), 0.0057613 secs] [Times: user=0.01 sys=0.00, real=0.01 secs] 
2024-07-05T14:22:12.878+0800: 4772.608: [GC (Allocation Failure) [PSYoungGen: 1043312K->1984K(1043968K)] 1553389K->512069K(1648640K), 0.0043320 secs] [Times: user=0.01 sys=0.00, real=0.01 secs] 
2024-07-05T14:22:14.154+0800: 4773.883: [GC (Allocation Failure) [PSYoungGen: 1043392K->1904K(1044480K)] 1553477K->511997K(1649152K), 0.0037056 secs] [Times: user=0.01 sys=0.00, real=0.00 secs] 
2024-07-05T14:22:15.438+0800: 4775.168: [GC (Allocation Failure) [PSYoungGen: 1043312K->1888K(1045504K)] 1553405K->511989K(1650176K), 0.0036074 secs] [Times: user=0.01 sys=0.00, real=0.01 secs] 
2024-07-05T14:22:16.729+0800: 4776.459: [GC (Allocation Failure) [PSYoungGen: 1044320K->2000K(1045504K)] 1554421K->512109K(1650176K), 0.0037422 secs] [Times: user=0.01 sys=0.00, real=0.01 secs] 
2024-07-05T14:22:17.982+0800: 4777.712: [GC (Allocation Failure) [PSYoungGen: 1044432K->1968K(1045504K)] 1554541K->512085K(1650176K), 0.0039743 secs] [Times: user=0.00 sys=0.00, real=0.00 secs] 
2024-07-05T14:22:19.294+0800: 4779.023: [GC (Allocation Failure) [PSYoungGen: 1044400K->1936K(1045504K)] 1554517K->512061K(1650176K), 0.0063763 secs] [Times: user=0.00 sys=0.00, real=0.00 secs] 
2024-07-05T14:22:20.543+0800: 4780.273: [GC (Allocation Failure) [PSYoungGen: 1044368K->1888K(1045504K)] 1554493K->512021K(1650176K), 0.0055686 secs] [Times: user=0.01 sys=0.00, real=0.00 secs] 
2024-07-05T14:22:21.772+0800: 4781.502: [GC (Allocation Failure) [PSYoungGen: 1044320K->2144K(1045504K)] 1554453K->512285K(1650176K), 0.0042400 secs] [Times: user=0.00 sys=0.00, real=0.01 secs] 
2024-07-05T14:22:23.046+0800: 4782.775: [GC (Allocation Failure) [PSYoungGen: 1044576K->2016K(1045504K)] 1554717K->512165K(1650176K), 0.0044437 secs] [Times: user=0.01 sys=0.00, real=0.00 secs] 
2024-07-05T14:22:24.262+0800: 4783.992: [GC (Allocation Failure) [PSYoungGen: 1044448K->2464K(1045504K)] 1554597K->512621K(1650176K), 0.0037425 secs] [Times: user=0.01 sys=0.00, real=0.00 secs] 
2024-07-05T14:22:25.532+0800: 4785.262: [GC (Allocation Failure) [PSYoungGen: 1044896K->2064K(1045504K)] 1555053K->512229K(1650176K), 0.0036284 secs] [Times: user=0.01 sys=0.00, real=0.01 secs] 
2024-07-05T14:22:26.774+0800: 4786.503: [GC (Allocation Failure) [PSYoungGen: 1044496K->3056K(1045504K)] 1554661K->514701K(1650176K), 0.0061459 secs] [Times: user=0.01 sys=0.00, real=0.00 secs] 
2024-07-05T14:22:28.025+0800: 4787.755: [GC (Allocation Failure) [PSYoungGen: 1045488K->2560K(1044480K)] 1557133K->514213K(1649152K), 0.0042285 secs] [Times: user=0.00 sys=0.00, real=0.00 secs] 
2024-07-05T14:22:29.289+0800: 4789.019: [GC (Allocation Failure) [PSYoungGen: 1043968K->2448K(1044992K)] 1555621K->514101K(1649664K), 0.0039009 secs] [Times: user=0.00 sys=0.00, real=0.00 secs] 
2024-07-05T14:22:30.536+0800: 4790.266: [GC (Allocation Failure) [PSYoungGen: 1043856K->2544K(1044992K)] 1555509K->514205K(1649664K), 0.0039356 secs] [Times: user=0.01 sys=0.00, real=0.00 secs] 
2024-07-05T14:22:31.775+0800: 4791.505: [GC (Allocation Failure) [PSYoungGen: 1043952K->2496K(1044992K)] 1555613K->514165K(1649664K), 0.0045858 secs] [Times: user=0.00 sys=0.00, real=0.00 secs] 
2024-07-05T14:22:33.075+0800: 4792.805: [GC (Allocation Failure) [PSYoungGen: 1043904K->2640K(1044992K)] 1555573K->514317K(1649664K), 0.0057096 secs] [Times: user=0.00 sys=0.00, real=0.01 secs] 
2024-07-05T14:22:34.314+0800: 4794.043: [GC (Allocation Failure) [PSYoungGen: 1044048K->2576K(1044992K)] 1555725K->514261K(1649664K), 0.0055531 secs] [Times: user=0.01 sys=0.00, real=0.00 secs] 
2024-07-05T14:22:35.571+0800: 4795.301: [GC (Allocation Failure) [PSYoungGen: 1043984K->2576K(1044992K)] 1555669K->514269K(1649664K), 0.0045466 secs] [Times: user=0.01 sys=0.00, real=0.01 secs] 
2024-07-05T14:22:36.843+0800: 4796.573: [GC (Allocation Failure) [PSYoungGen: 1043984K->2448K(1044992K)] 1555677K->514149K(1649664K), 0.0041116 secs] [Times: user=0.01 sys=0.00, real=0.00 secs] 
2024-07-05T14:22:38.134+0800: 4797.864: [GC (Allocation Failure) [PSYoungGen: 1043856K->2592K(1044992K)] 1555557K->514301K(1649664K), 0.0040603 secs] [Times: user=0.01 sys=0.00, real=0.00 secs] 
2024-07-05T14:22:39.478+0800: 4799.207: [GC (Allocation Failure) [PSYoungGen: 1044000K->2448K(1044992K)] 1555709K->514165K(1649664K), 0.0050625 secs] [Times: user=0.01 sys=0.00, real=0.01 secs] 
2024-07-05T14:22:40.765+0800: 4800.495: [GC (Allocation Failure) [PSYoungGen: 1043856K->2544K(1043968K)] 1555573K->514269K(1648640K), 0.0041838 secs] [Times: user=0.01 sys=0.00, real=0.00 secs] 
2024-07-05T14:22:42.057+0800: 4801.786: [GC (Allocation Failure) [PSYoungGen: 1043952K->2640K(1044480K)] 1555677K->514373K(1649152K), 0.0045763 secs] [Times: user=0.01 sys=0.00, real=0.01 secs] 
2024-07-05T14:22:43.335+0800: 4803.065: [GC (Allocation Failure) [PSYoungGen: 1044048K->2480K(1045504K)] 1555781K->514221K(1650176K), 0.0054131 secs] [Times: user=0.01 sys=0.00, real=0.00 secs] 
2024-07-05T14:22:44.840+0800: 4804.570: [GC (Allocation Failure) [PSYoungGen: 1044912K->3040K(1045504K)] 1556653K->516147K(1650176K), 0.0058195 secs] [Times: user=0.00 sys=0.01, real=0.01 secs] 
2024-07-05T14:22:46.172+0800: 4805.901: [GC (Allocation Failure) [PSYoungGen: 1045472K->3056K(1042432K)] 1558579K->517623K(1647104K), 0.0060743 secs] [Times: user=0.01 sys=0.00, real=0.01 secs] 
2024-07-05T14:22:47.409+0800: 4807.139: [GC (Allocation Failure) [PSYoungGen: 1042416K->3904K(1043968K)] 1556983K->518479K(1648640K), 0.0046952 secs] [Times: user=0.01 sys=0.00, real=0.01 secs] 
2024-07-05T14:22:48.712+0800: 4808.441: [GC (Allocation Failure) [PSYoungGen: 1043264K->3952K(1042944K)] 1557839K->518527K(1647616K), 0.0069769 secs] [Times: user=0.01 sys=0.00, real=0.01 secs] 
2024-07-05T14:22:49.987+0800: 4809.716: [GC (Allocation Failure) [PSYoungGen: 1042288K->4144K(1043456K)] 1556863K->518719K(1648128K), 0.0046556 secs] [Times: user=0.01 sys=0.00, real=0.00 secs] 
2024-07-05T14:22:51.256+0800: 4810.986: [GC (Allocation Failure) [PSYoungGen: 1042480K->3904K(1043456K)] 1557055K->518487K(1648128K), 0.0050500 secs] [Times: user=0.01 sys=0.00, real=0.01 secs] 
2024-07-05T14:22:52.533+0800: 4812.263: [GC (Allocation Failure) [PSYoungGen: 1042240K->3904K(1043456K)] 1556823K->518503K(1648128K), 0.0049399 secs] [Times: user=0.01 sys=0.00, real=0.01 secs] 
2024-07-05T14:22:53.795+0800: 4813.525: [GC (Allocation Failure) [PSYoungGen: 1042240K->3952K(1042432K)] 1556839K->518559K(1647104K), 0.0081176 secs] [Times: user=0.01 sys=0.00, real=0.01 secs] 
2024-07-05T14:22:55.033+0800: 4814.763: [GC (Allocation Failure) [PSYoungGen: 1041264K->3968K(1042944K)] 1555871K->518583K(1647616K), 0.0064686 secs] [Times: user=0.01 sys=0.00, real=0.00 secs] 
2024-07-05T14:22:56.314+0800: 4816.043: [GC (Allocation Failure) [PSYoungGen: 1041280K->4000K(1042944K)] 1555895K->518623K(1647616K), 0.0062354 secs] [Times: user=0.00 sys=0.00, real=0.00 secs] 
2024-07-05T14:22:57.565+0800: 4817.295: [GC (Allocation Failure) [PSYoungGen: 1041312K->3936K(1042944K)] 1555935K->518567K(1647616K), 0.0064720 secs] [Times: user=0.01 sys=0.00, real=0.00 secs] 
2024-07-05T14:22:58.864+0800: 4818.594: [GC (Allocation Failure) [PSYoungGen: 1041248K->3952K(1042944K)] 1555879K->518591K(1647616K), 0.0050315 secs] [Times: user=0.00 sys=0.00, real=0.00 secs] 
2024-07-05T14:23:00.121+0800: 4819.851: [GC (Allocation Failure) [PSYoungGen: 1041264K->3984K(1042944K)] 1555903K->518631K(1647616K), 0.0054296 secs] [Times: user=0.00 sys=0.00, real=0.01 secs] 
2024-07-05T14:23:01.387+0800: 4821.117: [GC (Allocation Failure) [PSYoungGen: 1041296K->4000K(1042944K)] 1555943K->518655K(1647616K), 0.0046725 secs] [Times: user=0.01 sys=0.00, real=0.00 secs] 
2024-07-05T14:23:02.647+0800: 4822.376: [GC (Allocation Failure) [PSYoungGen: 1041312K->3984K(1042944K)] 1555967K->518647K(1647616K), 0.0058632 secs] [Times: user=0.01 sys=0.00, real=0.00 secs] 
2024-07-05T14:23:03.886+0800: 4823.615: [GC (Allocation Failure) [PSYoungGen: 1041296K->2112K(1042944K)] 1555959K->518691K(1647616K), 0.0079879 secs] [Times: user=0.01 sys=0.00, real=0.01 secs] 
2024-07-05T14:23:05.154+0800: 4824.883: [GC (Allocation Failure) [PSYoungGen: 1039424K->2016K(1042944K)] 1556003K->518843K(1647616K), 0.0037040 secs] [Times: user=0.01 sys=0.00, real=0.00 secs] 
2024-07-05T14:23:06.400+0800: 4826.130: [GC (Allocation Failure) [PSYoungGen: 1039328K->3792K(1042944K)] 1556155K->520627K(1647616K), 0.0049937 secs] [Times: user=0.01 sys=0.00, real=0.01 secs] 
2024-07-05T14:23:07.658+0800: 4827.388: [GC (Allocation Failure) [PSYoungGen: 1041104K->1840K(1042944K)] 1557939K->518683K(1647616K), 0.0050608 secs] [Times: user=0.00 sys=0.00, real=0.01 secs] 
2024-07-05T14:23:08.942+0800: 4828.671: [GC (Allocation Failure) [PSYoungGen: 1039152K->1888K(1042944K)] 1555995K->518739K(1647616K), 0.0038517 secs] [Times: user=0.00 sys=0.00, real=0.00 secs] 
2024-07-05T14:23:10.186+0800: 4829.916: [GC (Allocation Failure) [PSYoungGen: 1039200K->1984K(1042944K)] 1556051K->518843K(1647616K), 0.0046030 secs] [Times: user=0.01 sys=0.00, real=0.00 secs] 
2024-07-05T14:23:11.439+0800: 4831.169: [GC (Allocation Failure) [PSYoungGen: 1039296K->2048K(1042944K)] 1556155K->518915K(1647616K), 0.0053712 secs] [Times: user=0.01 sys=0.00, real=0.01 secs] 
2024-07-05T14:23:12.699+0800: 4832.429: [GC (Allocation Failure) [PSYoungGen: 1039360K->1968K(1042944K)] 1556227K->518843K(1647616K), 0.0036865 secs] [Times: user=0.00 sys=0.00, real=0.01 secs] 
2024-07-05T14:23:14.115+0800: 4833.845: [GC (Allocation Failure) [PSYoungGen: 1039280K->1936K(1042944K)] 1556155K->518819K(1647616K), 0.0035456 secs] [Times: user=0.00 sys=0.00, real=0.00 secs] 
2024-07-05T14:23:15.404+0800: 4835.134: [GC (Allocation Failure) [PSYoungGen: 1039248K->1984K(1039360K)] 1556131K->518875K(1644032K), 0.0046431 secs] [Times: user=0.00 sys=0.00, real=0.00 secs] 
2024-07-05T14:23:16.667+0800: 4836.397: [GC (Allocation Failure) [PSYoungGen: 1039296K->2048K(1042432K)] 1556187K->518947K(1647104K), 0.0041435 secs] [Times: user=0.00 sys=0.00, real=0.00 secs] 
2024-07-05T14:23:17.906+0800: 4837.635: [GC (Allocation Failure) [PSYoungGen: 1039360K->2160K(1042432K)] 1556259K->519067K(1647104K), 0.0055709 secs] [Times: user=0.00 sys=0.00, real=0.00 secs] 
2024-07-05T14:23:19.202+0800: 4838.931: [GC (Allocation Failure) [PSYoungGen: 1039472K->1952K(1043456K)] 1556379K->518867K(1648128K), 0.0036167 secs] [Times: user=0.01 sys=0.00, real=0.00 secs] 
2024-07-05T14:23:20.425+0800: 4840.155: [GC (Allocation Failure) [PSYoungGen: 1040288K->1904K(1040384K)] 1557203K->518827K(1645056K), 0.0038041 secs] [Times: user=0.00 sys=0.00, real=0.00 secs] 
2024-07-05T14:23:21.709+0800: 4841.438: [GC (Allocation Failure) [PSYoungGen: 1040240K->2032K(1042944K)] 1557163K->518963K(1647616K), 0.0047198 secs] [Times: user=0.01 sys=0.00, real=0.01 secs] 
2024-07-05T14:23:22.971+0800: 4842.701: [GC (Allocation Failure) [PSYoungGen: 1040368K->2816K(1042944K)] 1557299K->519755K(1647616K), 0.0049536 secs] [Times: user=0.01 sys=0.00, real=0.01 secs] 
2024-07-05T14:23:24.198+0800: 4843.927: [GC (Allocation Failure) [PSYoungGen: 1041152K->1920K(1043968K)] 1558091K->518867K(1648640K), 0.0051969 secs] [Times: user=0.00 sys=0.00, real=0.01 secs] 
2024-07-05T14:23:25.458+0800: 4845.188: [GC (Allocation Failure) [PSYoungGen: 1041280K->3632K(1043968K)] 1558227K->520587K(1648640K), 0.0059293 secs] [Times: user=0.01 sys=0.00, real=0.01 secs] 
2024-07-05T14:23:26.690+0800: 4846.419: [GC (Allocation Failure) [PSYoungGen: 1042992K->2416K(1043968K)] 1559947K->519379K(1648640K), 0.0051020 secs] [Times: user=0.00 sys=0.00, real=0.01 secs] 
2024-07-05T14:23:27.966+0800: 4847.696: [GC (Allocation Failure) [PSYoungGen: 1041776K->1952K(1043968K)] 1558739K->518923K(1648640K), 0.0039051 secs] [Times: user=0.01 sys=0.00, real=0.00 secs] 
2024-07-05T14:23:29.246+0800: 4848.976: [GC (Allocation Failure) [PSYoungGen: 1041312K->1936K(1043968K)] 1558283K->518915K(1648640K), 0.0074654 secs] [Times: user=0.01 sys=0.00, real=0.01 secs] 
2024-07-05T14:23:30.499+0800: 4850.229: [GC (Allocation Failure) [PSYoungGen: 1041296K->1920K(1041408K)] 1558275K->518907K(1646080K), 0.0035383 secs] [Times: user=0.00 sys=0.00, real=0.01 secs] 
2024-07-05T14:23:31.839+0800: 4851.569: [GC (Allocation Failure) [PSYoungGen: 1041280K->1952K(1043456K)] 1558267K->518947K(1648128K), 0.0035900 secs] [Times: user=0.00 sys=0.00, real=0.01 secs] 
2024-07-05T14:23:33.109+0800: 4852.839: [GC (Allocation Failure) [PSYoungGen: 1041312K->2000K(1043456K)] 1558307K->519003K(1648128K), 0.0039190 secs] [Times: user=0.01 sys=0.00, real=0.01 secs] 
2024-07-05T14:23:34.359+0800: 4854.089: [GC (Allocation Failure) [PSYoungGen: 1041360K->1936K(1044480K)] 1558363K->518947K(1649152K), 0.0037653 secs] [Times: user=0.01 sys=0.00, real=0.01 secs] 
2024-07-05T14:23:35.634+0800: 4855.363: [GC (Allocation Failure) [PSYoungGen: 1042320K->2016K(1044480K)] 1559331K->519035K(1649152K), 0.0052350 secs] [Times: user=0.01 sys=0.00, real=0.00 secs] 
2024-07-05T14:23:36.962+0800: 4856.692: [GC (Allocation Failure) [PSYoungGen: 1042400K->1952K(1043456K)] 1559419K->518979K(1648128K), 0.0050794 secs] [Times: user=0.01 sys=0.00, real=0.00 secs] 
2024-07-05T14:23:38.293+0800: 4858.022: [GC (Allocation Failure) [PSYoungGen: 1042336K->3232K(1043968K)] 1559363K->520267K(1648640K), 0.0064864 secs] [Times: user=0.00 sys=0.00, real=0.01 secs] 
2024-07-05T14:23:39.554+0800: 4859.283: [GC (Allocation Failure) [PSYoungGen: 1043616K->2032K(1044480K)] 1560651K->519075K(1649152K), 0.0037822 secs] [Times: user=0.00 sys=0.00, real=0.00 secs] 
2024-07-05T14:23:40.830+0800: 4860.560: [GC (Allocation Failure) [PSYoungGen: 1042416K->2048K(1042944K)] 1559459K->519099K(1647616K), 0.0036117 secs] [Times: user=0.00 sys=0.00, real=0.01 secs] 
2024-07-05T14:23:42.203+0800: 4861.933: [GC (Allocation Failure) [PSYoungGen: 1042432K->2448K(1043968K)] 1559483K->519507K(1648640K), 0.0043149 secs] [Times: user=0.01 sys=0.00, real=0.00 secs] 
2024-07-05T14:23:43.536+0800: 4863.265: [GC (Allocation Failure) [PSYoungGen: 1042832K->2064K(1043968K)] 1559891K->519131K(1648640K), 0.0042680 secs] [Times: user=0.01 sys=0.00, real=0.00 secs] 
2024-07-05T14:23:44.788+0800: 4864.517: [GC (Allocation Failure) [PSYoungGen: 1042448K->1888K(1044992K)] 1559515K->518963K(1649664K), 0.0042976 secs] [Times: user=0.00 sys=0.00, real=0.00 secs] 
2024-07-05T14:23:46.081+0800: 4865.811: [GC (Allocation Failure) [PSYoungGen: 1043296K->2016K(1044992K)] 1560371K->519099K(1649664K), 0.0051465 secs] [Times: user=0.00 sys=0.00, real=0.01 secs] 
2024-07-05T14:23:47.445+0800: 4867.175: [GC (Allocation Failure) [PSYoungGen: 1043424K->1904K(1044992K)] 1560507K->518995K(1649664K), 0.0039035 secs] [Times: user=0.00 sys=0.00, real=0.00 secs] 
2024-07-05T14:23:48.790+0800: 4868.519: [GC (Allocation Failure) [PSYoungGen: 1043312K->1904K(1044992K)] 1560403K->519003K(1649664K), 0.0063513 secs] [Times: user=0.01 sys=0.00, real=0.01 secs] 
2024-07-05T14:23:50.038+0800: 4869.768: [GC (Allocation Failure) [PSYoungGen: 1043312K->2432K(1044992K)] 1560411K->519539K(1649664K), 0.0037939 secs] [Times: user=0.01 sys=0.00, real=0.01 secs] 
2024-07-05T14:23:51.374+0800: 4871.103: [GC (Allocation Failure) [PSYoungGen: 1043840K->2000K(1044992K)] 1560947K->519115K(1649664K), 0.0066173 secs] [Times: user=0.01 sys=0.00, real=0.00 secs] 
2024-07-05T14:23:52.766+0800: 4872.495: [GC (Allocation Failure) [PSYoungGen: 1043408K->1952K(1043968K)] 1560523K->519075K(1648640K), 0.0060994 secs] [Times: user=0.01 sys=0.00, real=0.00 secs] 
2024-07-05T14:23:53.998+0800: 4873.728: [GC (Allocation Failure) [PSYoungGen: 1043360K->3056K(1044480K)] 1560483K->520876K(1649152K), 0.0048132 secs] [Times: user=0.01 sys=0.00, real=0.01 secs] 
2024-07-05T14:23:55.287+0800: 4875.017: [GC (Allocation Failure) [PSYoungGen: 1044464K->3568K(1043968K)] 1562284K->521826K(1648640K), 0.0055831 secs] [Times: user=0.01 sys=0.00, real=0.00 secs] 
2024-07-05T14:23:56.624+0800: 4876.353: [GC (Allocation Failure) [PSYoungGen: 1043952K->4080K(1044480K)] 1562210K->522610K(1649152K), 0.0058304 secs] [Times: user=0.01 sys=0.00, real=0.00 secs] 
2024-07-05T14:23:57.972+0800: 4877.701: [GC (Allocation Failure) [PSYoungGen: 1044464K->4064K(1042432K)] 1562994K->522786K(1647104K), 0.0048196 secs] [Times: user=0.00 sys=0.00, real=0.01 secs] 
2024-07-05T14:23:59.293+0800: 4879.023: [GC (Allocation Failure) [PSYoungGen: 1042400K->4304K(1042944K)] 1561122K->523034K(1647616K), 0.0046756 secs] [Times: user=0.01 sys=0.00, real=0.00 secs] 
2024-07-05T14:24:00.574+0800: 4880.303: [GC (Allocation Failure) [PSYoungGen: 1042640K->4528K(1041920K)] 1561370K->523258K(1646592K), 0.0069638 secs] [Times: user=0.01 sys=0.00, real=0.00 secs] 
2024-07-05T14:24:01.841+0800: 4881.571: [GC (Allocation Failure) [PSYoungGen: 1040816K->4320K(1042432K)] 1559546K->523050K(1647104K), 0.0053306 secs] [Times: user=0.01 sys=0.00, real=0.00 secs] 
2024-07-05T14:24:03.203+0800: 4882.933: [GC (Allocation Failure) [PSYoungGen: 1040608K->4352K(1042432K)] 1559338K->523082K(1647104K), 0.0051499 secs] [Times: user=0.01 sys=0.00, real=0.00 secs] 
2024-07-05T14:24:04.425+0800: 4884.155: [GC (Allocation Failure) [PSYoungGen: 1040640K->4304K(1042432K)] 1559370K->523034K(1647104K), 0.0047690 secs] [Times: user=0.00 sys=0.00, real=0.00 secs] 
2024-07-05T14:24:05.699+0800: 4885.429: [GC (Allocation Failure) [PSYoungGen: 1040592K->6112K(1039360K)] 1559322K->526446K(1644032K), 0.0083674 secs] [Times: user=0.01 sys=0.00, real=0.01 secs] 
2024-07-05T14:24:07.000+0800: 4886.730: [GC (Allocation Failure) [PSYoungGen: 1039328K->6224K(1039872K)] 1559662K->526566K(1644544K), 0.0067752 secs] [Times: user=0.01 sys=0.00, real=0.01 secs] 
2024-07-05T14:24:08.330+0800: 4888.059: [GC (Allocation Failure) [PSYoungGen: 1039440K->4400K(1040896K)] 1559782K->524742K(1645568K), 0.0048601 secs] [Times: user=0.01 sys=0.00, real=0.01 secs] 
2024-07-05T14:24:09.611+0800: 4889.340: [GC (Allocation Failure) [PSYoungGen: 1037104K->4320K(1040384K)] 1557446K->524670K(1645056K), 0.0060015 secs] [Times: user=0.01 sys=0.00, real=0.01 secs] 
2024-07-05T14:24:10.891+0800: 4890.621: [GC (Allocation Failure) [PSYoungGen: 1037024K->4368K(1040384K)] 1557374K->524726K(1645056K), 0.0049365 secs] [Times: user=0.01 sys=0.00, real=0.01 secs] 
2024-07-05T14:24:12.176+0800: 4891.906: [GC (Allocation Failure) [PSYoungGen: 1037584K->4560K(1040384K)] 1557942K->524926K(1645056K), 0.0051909 secs] [Times: user=0.01 sys=0.00, real=0.01 secs] 
2024-07-05T14:24:13.516+0800: 4893.246: [GC (Allocation Failure) [PSYoungGen: 1037776K->2256K(1041408K)] 1558142K->524850K(1646080K), 0.0070667 secs] [Times: user=0.00 sys=0.01, real=0.01 secs] 
2024-07-05T14:24:14.803+0800: 4894.533: [GC (Allocation Failure) [PSYoungGen: 1036496K->2048K(1041408K)] 1559090K->525066K(1646080K), 0.0039365 secs] [Times: user=0.01 sys=0.00, real=0.00 secs] 
2024-07-05T14:24:16.113+0800: 4895.842: [GC (Allocation Failure) [PSYoungGen: 1036288K->2048K(1041408K)] 1559306K->525082K(1646080K), 0.0039471 secs] [Times: user=0.01 sys=0.00, real=0.01 secs] 
2024-07-05T14:24:17.413+0800: 4897.143: [GC (Allocation Failure) [PSYoungGen: 1036288K->2032K(1041408K)] 1559322K->525082K(1646080K), 0.0058745 secs] [Times: user=0.01 sys=0.00, real=0.00 secs] 
2024-07-05T14:24:18.727+0800: 4898.457: [GC (Allocation Failure) [PSYoungGen: 1036272K->1952K(1041408K)] 1559322K->525010K(1646080K), 0.0050499 secs] [Times: user=0.00 sys=0.00, real=0.00 secs] 
2024-07-05T14:24:19.993+0800: 4899.723: [GC (Allocation Failure) [PSYoungGen: 1036192K->1952K(1041408K)] 1559250K->525018K(1646080K), 0.0048713 secs] [Times: user=0.00 sys=0.00, real=0.00 secs] 
2024-07-05T14:24:21.248+0800: 4900.978: [GC (Allocation Failure) [PSYoungGen: 1036192K->1968K(1040384K)] 1559258K->525042K(1645056K), 0.0037468 secs] [Times: user=0.01 sys=0.00, real=0.00 secs] 
2024-07-05T14:24:22.582+0800: 4902.311: [GC (Allocation Failure) [PSYoungGen: 1036208K->1904K(1040896K)] 1559282K->524986K(1645568K), 0.0046962 secs] [Times: user=0.01 sys=0.00, real=0.00 secs] 
2024-07-05T14:24:23.886+0800: 4903.616: [GC (Allocation Failure) [PSYoungGen: 1036144K->1968K(1041920K)] 1559226K->525058K(1646592K), 0.0037424 secs] [Times: user=0.00 sys=0.00, real=0.00 secs] 
2024-07-05T14:24:25.133+0800: 4904.862: [GC (Allocation Failure) [PSYoungGen: 1037232K->1984K(1037312K)] 1560322K->525122K(1641984K), 0.0041442 secs] [Times: user=0.00 sys=0.00, real=0.01 secs] 
2024-07-05T14:24:26.401+0800: 4906.131: [GC (Allocation Failure) [PSYoungGen: 1037248K->2048K(1041408K)] 1560386K->525194K(1646080K), 0.0050223 secs] [Times: user=0.01 sys=0.00, real=0.00 secs] 
2024-07-05T14:24:27.733+0800: 4907.463: [GC (Allocation Failure) [PSYoungGen: 1037312K->3712K(1041408K)] 1560458K->526866K(1646080K), 0.0052606 secs] [Times: user=0.01 sys=0.00, real=0.01 secs] 
2024-07-05T14:24:29.061+0800: 4908.791: [GC (Allocation Failure) [PSYoungGen: 1038976K->2000K(1042432K)] 1562130K->525162K(1647104K), 0.0037274 secs] [Times: user=0.01 sys=0.00, real=0.00 secs] 
2024-07-05T14:24:30.336+0800: 4910.066: [GC (Allocation Failure) [PSYoungGen: 1038288K->2016K(1038336K)] 1561450K->525186K(1643008K), 0.0059602 secs] [Times: user=0.00 sys=0.00, real=0.01 secs] 
2024-07-05T14:24:31.639+0800: 4911.368: [GC (Allocation Failure) [PSYoungGen: 1038304K->1904K(1041920K)] 1561474K->525082K(1646592K), 0.0038635 secs] [Times: user=0.00 sys=0.00, real=0.01 secs] 
2024-07-05T14:24:33.010+0800: 4912.740: [GC (Allocation Failure) [PSYoungGen: 1038192K->1920K(1041920K)] 1561370K->525106K(1646592K), 0.0035559 secs] [Times: user=0.01 sys=0.00, real=0.01 secs] 
2024-07-05T14:24:34.297+0800: 4914.026: [GC (Allocation Failure) [PSYoungGen: 1038208K->2032K(993280K)] 1561394K->525226K(1597952K), 0.0039244 secs] [Times: user=0.01 sys=0.00, real=0.00 secs] 
2024-07-05T14:24:35.481+0800: 4915.211: [GC (Allocation Failure) [PSYoungGen: 993264K->1936K(1039872K)] 1516458K->525138K(1644544K), 0.0055973 secs] [Times: user=0.00 sys=0.00, real=0.00 secs] 
2024-07-05T14:24:36.853+0800: 4916.582: [GC (Allocation Failure) [PSYoungGen: 1036688K->1888K(1043456K)] 1559890K->525098K(1648128K), 0.0039017 secs] [Times: user=0.01 sys=0.00, real=0.01 secs] 
2024-07-05T14:24:38.199+0800: 4917.929: [GC (Allocation Failure) [PSYoungGen: 1040224K->1984K(1040384K)] 1563434K->525202K(1645056K), 0.0046879 secs] [Times: user=0.00 sys=0.00, real=0.01 secs] 
2024-07-05T14:24:39.454+0800: 4919.183: [GC (Allocation Failure) [PSYoungGen: 1040320K->1952K(1042944K)] 1563538K->525178K(1647616K), 0.0061253 secs] [Times: user=0.01 sys=0.00, real=0.00 secs] 
2024-07-05T14:24:40.752+0800: 4920.481: [GC (Allocation Failure) [PSYoungGen: 1040288K->1920K(1042944K)] 1563514K->525154K(1647616K), 0.0041276 secs] [Times: user=0.00 sys=0.00, real=0.01 secs] 
2024-07-05T14:24:42.381+0800: 4922.111: [GC (Allocation Failure) [PSYoungGen: 1040256K->1904K(1042944K)] 1563490K->525146K(1647616K), 0.0037878 secs] [Times: user=0.01 sys=0.00, real=0.01 secs] 
2024-07-05T14:24:43.638+0800: 4923.367: [GC (Allocation Failure) [PSYoungGen: 1041264K->2000K(996352K)] 1564506K->525250K(1601024K), 0.0040444 secs] [Times: user=0.01 sys=0.00, real=0.01 secs] 
2024-07-05T14:24:44.853+0800: 4924.583: [GC (Allocation Failure) [PSYoungGen: 996304K->1872K(953344K)] 1519554K->525130K(1558016K), 0.0036790 secs] [Times: user=0.00 sys=0.00, real=0.00 secs] 
2024-07-05T14:24:46.024+0800: 4925.754: [GC (Allocation Failure) [PSYoungGen: 953168K->1888K(1010176K)] 1476426K->525154K(1614848K), 0.0058511 secs] [Times: user=0.01 sys=0.00, real=0.00 secs] 
2024-07-05T14:24:47.318+0800: 4927.047: [GC (Allocation Failure) [PSYoungGen: 1010016K->1968K(1038336K)] 1533282K->525242K(1643008K), 0.0036741 secs] [Times: user=0.01 sys=0.00, real=0.01 secs] 
2024-07-05T14:24:48.612+0800: 4928.342: [GC (Allocation Failure) [PSYoungGen: 1036208K->1952K(1037824K)] 1559482K->525234K(1642496K), 0.0043086 secs] [Times: user=0.00 sys=0.00, real=0.01 secs] 
2024-07-05T14:24:49.831+0800: 4929.560: [GC (Allocation Failure) [PSYoungGen: 1036192K->1968K(1044480K)] 1559474K->525258K(1649152K), 0.0046995 secs] [Times: user=0.00 sys=0.00, real=0.01 secs] 
2024-07-05T14:24:51.146+0800: 4930.876: [GC (Allocation Failure) [PSYoungGen: 1042864K->1888K(1044480K)] 1566154K->525186K(1649152K), 0.0056524 secs] [Times: user=0.01 sys=0.00, real=0.00 secs] 
2024-07-05T14:24:52.463+0800: 4932.192: [GC (Allocation Failure) [PSYoungGen: 1042784K->2016K(1044992K)] 1566082K->525322K(1649664K), 0.0043227 secs] [Times: user=0.01 sys=0.00, real=0.00 secs] 
2024-07-05T14:24:53.721+0800: 4933.450: [GC (Allocation Failure) [PSYoungGen: 1043424K->1984K(1043456K)] 1566730K->525298K(1648128K), 0.0038693 secs] [Times: user=0.01 sys=0.00, real=0.01 secs] 
2024-07-05T14:24:54.976+0800: 4934.705: [GC (Allocation Failure) [PSYoungGen: 1043392K->1920K(1044480K)] 1566706K->525242K(1649152K), 0.0037046 secs] [Times: user=0.00 sys=0.00, real=0.00 secs] 
2024-07-05T14:24:56.250+0800: 4935.980: [GC (Allocation Failure) [PSYoungGen: 1043328K->1856K(1044480K)] 1566650K->525186K(1649152K), 0.0047975 secs] [Times: user=0.01 sys=0.00, real=0.01 secs] 
2024-07-05T14:24:57.565+0800: 4937.295: [GC (Allocation Failure) [PSYoungGen: 1043264K->1952K(998400K)] 1566594K->525290K(1603072K), 0.0036491 secs] [Times: user=0.00 sys=0.00, real=0.00 secs] 
2024-07-05T14:24:58.783+0800: 4938.513: [GC (Allocation Failure) [PSYoungGen: 998304K->2032K(1044480K)] 1521642K->525386K(1649152K), 0.0064069 secs] [Times: user=0.00 sys=0.00, real=0.00 secs] 
2024-07-05T14:25:00.051+0800: 4939.781: [GC (Allocation Failure) [PSYoungGen: 1043440K->2064K(1045504K)] 1566794K->525426K(1650176K), 0.0050801 secs] [Times: user=0.01 sys=0.00, real=0.01 secs] 
2024-07-05T14:25:01.318+0800: 4941.047: [GC (Allocation Failure) [PSYoungGen: 1044496K->1888K(1045504K)] 1567858K->525266K(1650176K), 0.0046837 secs] [Times: user=0.01 sys=0.00, real=0.01 secs] 
2024-07-05T14:25:02.547+0800: 4942.277: [GC (Allocation Failure) [PSYoungGen: 1044320K->1984K(1045504K)] 1567698K->525370K(1650176K), 0.0036198 secs] [Times: user=0.01 sys=0.00, real=0.00 secs] 
2024-07-05T14:25:03.816+0800: 4943.546: [GC (Allocation Failure) [PSYoungGen: 1044416K->1984K(1044480K)] 1567802K->525378K(1649152K), 0.0036647 secs] [Times: user=0.01 sys=0.00, real=0.00 secs] 
2024-07-05T14:25:08.783+0800: 4948.513: [GC (Allocation Failure) [PSYoungGen: 1044416K->2528K(1030656K)] 1567810K->545673K(1635328K), 0.0330436 secs] [Times: user=0.05 sys=0.02, real=0.03 secs] 
2024-07-05T14:25:10.922+0800: 4950.652: [GC (Allocation Failure) [PSYoungGen: 1030624K->10208K(1038336K)] 1573769K->562821K(1643008K), 0.0240643 secs] [Times: user=0.05 sys=0.00, real=0.02 secs] 
2024-07-05T14:25:12.380+0800: 4952.110: [GC (Allocation Failure) [PSYoungGen: 1038304K->10208K(1015808K)] 1590917K->576692K(1620480K), 0.0295702 secs] [Times: user=0.05 sys=0.01, real=0.03 secs] 
2024-07-05T14:25:13.658+0800: 4953.388: [GC (Allocation Failure) [PSYoungGen: 1015776K->21488K(1027072K)] 1582260K->591760K(1631744K), 0.0272669 secs] [Times: user=0.05 sys=0.00, real=0.03 secs] 
2024-07-05T14:25:14.926+0800: 4954.655: [GC (Allocation Failure) [PSYoungGen: 1027056K->21488K(1007616K)] 1597328K->596735K(1612288K), 0.0308474 secs] [Times: user=0.05 sys=0.01, real=0.03 secs] 
2024-07-05T14:25:16.199+0800: 4955.928: [GC (Allocation Failure) [PSYoungGen: 1007600K->30384K(1016832K)] 1582847K->605631K(1621504K), 0.0286626 secs] [Times: user=0.06 sys=0.00, real=0.03 secs] 
2024-07-05T14:25:17.411+0800: 4957.141: [GC (Allocation Failure) [PSYoungGen: 1016496K->26992K(1001472K)] 1591743K->602239K(1606144K), 0.0268939 secs] [Times: user=0.05 sys=0.00, real=0.03 secs] 
2024-07-05T14:25:18.642+0800: 4958.372: [GC (Allocation Failure) [PSYoungGen: 996720K->26960K(996864K)] 1571967K->602207K(1601536K), 0.0282286 secs] [Times: user=0.05 sys=0.01, real=0.02 secs] 
2024-07-05T14:25:19.836+0800: 4959.566: [GC (Allocation Failure) [PSYoungGen: 996688K->25104K(1005056K)] 1571935K->602295K(1609728K), 0.0280935 secs] [Times: user=0.05 sys=0.00, real=0.03 secs] 
2024-07-05T14:25:21.020+0800: 4960.750: [GC (Allocation Failure) [PSYoungGen: 988688K->18432K(982528K)] 1565879K->602474K(1587200K), 0.0232069 secs] [Times: user=0.04 sys=0.00, real=0.03 secs] 
2024-07-05T14:25:22.276+0800: 4962.005: [GC (Allocation Failure) [PSYoungGen: 982016K->17488K(1007104K)] 1566058K->602586K(1611776K), 0.0182964 secs] [Times: user=0.03 sys=0.00, real=0.02 secs] 
2024-07-05T14:25:23.512+0800: 4963.242: [GC (Allocation Failure) [PSYoungGen: 984144K->17472K(1005056K)] 1569242K->602578K(1609728K), 0.0166921 secs] [Times: user=0.03 sys=0.00, real=0.02 secs] 
2024-07-05T14:25:24.710+0800: 4964.440: [GC (Allocation Failure) [PSYoungGen: 984128K->17024K(1008128K)] 1569234K->602138K(1612800K), 0.0163377 secs] [Times: user=0.03 sys=0.00, real=0.02 secs] 
2024-07-05T14:25:25.909+0800: 4965.638: [GC (Allocation Failure) [PSYoungGen: 988800K->17408K(1006592K)] 1573914K->602530K(1611264K), 0.0163064 secs] [Times: user=0.03 sys=0.00, real=0.02 secs] 
2024-07-05T14:25:27.114+0800: 4966.843: [GC (Allocation Failure) [PSYoungGen: 989184K->17888K(1012224K)] 1574306K->603018K(1616896K), 0.0188567 secs] [Times: user=0.03 sys=0.00, real=0.01 secs] 
2024-07-05T14:25:28.377+0800: 4968.107: [GC (Allocation Failure) [PSYoungGen: 996832K->17472K(1010688K)] 1581962K->602610K(1615360K), 0.0155849 secs] [Times: user=0.02 sys=0.00, real=0.01 secs] 
2024-07-05T14:25:29.590+0800: 4969.319: [GC (Allocation Failure) [PSYoungGen: 996416K->17456K(1015296K)] 1581554K->602602K(1619968K), 0.0174838 secs] [Times: user=0.03 sys=0.00, real=0.02 secs] 
2024-07-05T14:25:30.847+0800: 4970.577: [GC (Allocation Failure) [PSYoungGen: 1002032K->17472K(1014272K)] 1587178K->602626K(1618944K), 0.0179938 secs] [Times: user=0.04 sys=0.00, real=0.02 secs] 
2024-07-05T14:25:32.174+0800: 4971.903: [GC (Allocation Failure) [PSYoungGen: 1002048K->20208K(1016320K)] 1587202K->605370K(1620992K), 0.0180606 secs] [Times: user=0.03 sys=0.00, real=0.01 secs] 
2024-07-05T14:25:33.401+0800: 4973.131: [GC (Allocation Failure) [PSYoungGen: 1008368K->17456K(1016320K)] 1593530K->602626K(1620992K), 0.0187063 secs] [Times: user=0.03 sys=0.00, real=0.01 secs] 
2024-07-05T14:25:34.641+0800: 4974.371: [GC (Allocation Failure) [PSYoungGen: 1005616K->17440K(1019904K)] 1590786K->602618K(1624576K), 0.0177880 secs] [Times: user=0.03 sys=0.00, real=0.02 secs] 
2024-07-05T14:25:35.844+0800: 4975.574: [GC (Allocation Failure) [PSYoungGen: 1010208K->17936K(1019392K)] 1595386K->603122K(1624064K), 0.0184404 secs] [Times: user=0.03 sys=0.00, real=0.02 secs] 
2024-07-05T14:25:37.192+0800: 4976.922: [GC (Allocation Failure) [PSYoungGen: 1010704K->17440K(1020928K)] 1595890K->602634K(1625600K), 0.0179811 secs] [Times: user=0.04 sys=0.00, real=0.02 secs] 
2024-07-05T14:25:38.513+0800: 4978.242: [GC (Allocation Failure) [PSYoungGen: 1012768K->17408K(1020416K)] 1597962K->602610K(1625088K), 0.0172037 secs] [Times: user=0.03 sys=0.01, real=0.02 secs] 
2024-07-05T14:25:39.743+0800: 4979.472: [GC (Allocation Failure) [PSYoungGen: 1012736K->17472K(1022464K)] 1597938K->602682K(1627136K), 0.0189433 secs] [Times: user=0.03 sys=0.00, real=0.02 secs] 
2024-07-05T14:25:41.062+0800: 4980.792: [GC (Allocation Failure) [PSYoungGen: 1015872K->17456K(1021952K)] 1601082K->602674K(1626624K), 0.0182660 secs] [Times: user=0.03 sys=0.00, real=0.01 secs] 
2024-07-05T14:25:42.382+0800: 4982.112: [GC (Allocation Failure) [PSYoungGen: 1015856K->17440K(1024512K)] 1601074K->602666K(1629184K), 0.0186911 secs] [Times: user=0.02 sys=0.01, real=0.01 secs] 
2024-07-05T14:25:43.730+0800: 4983.459: [GC (Allocation Failure) [PSYoungGen: 1018912K->17456K(1024000K)] 1604138K->602690K(1628672K), 0.0160500 secs] [Times: user=0.03 sys=0.00, real=0.02 secs] 
2024-07-05T14:25:44.966+0800: 4984.696: [GC (Allocation Failure) [PSYoungGen: 1018928K->17632K(1025536K)] 1604162K->602874K(1630208K), 0.0176623 secs] [Times: user=0.03 sys=0.00, real=0.02 secs] 
2024-07-05T14:25:46.253+0800: 4985.983: [GC (Allocation Failure) [PSYoungGen: 1021152K->17424K(1025024K)] 1606394K->602674K(1629696K), 0.0174558 secs] [Times: user=0.03 sys=0.00, real=0.01 secs] 
2024-07-05T14:25:47.602+0800: 4987.331: [GC (Allocation Failure) [PSYoungGen: 1020944K->17472K(1026560K)] 1606194K->602730K(1631232K), 0.0188853 secs] [Times: user=0.03 sys=0.00, real=0.01 secs] 
2024-07-05T14:25:48.910+0800: 4988.639: [GC (Allocation Failure) [PSYoungGen: 1023040K->17328K(1026560K)] 1608298K->602594K(1631232K), 0.0178130 secs] [Times: user=0.04 sys=0.00, real=0.02 secs] 
2024-07-05T14:25:50.136+0800: 4989.865: [GC (Allocation Failure) [PSYoungGen: 1022896K->17472K(1027072K)] 1608162K->602746K(1631744K), 0.0169449 secs] [Times: user=0.03 sys=0.00, real=0.01 secs] 
2024-07-05T14:25:51.458+0800: 4991.188: [GC (Allocation Failure) [PSYoungGen: 1024064K->17472K(1027072K)] 1609338K->602754K(1631744K), 0.0166444 secs] [Times: user=0.03 sys=0.00, real=0.02 secs] 
2024-07-05T14:25:52.821+0800: 4992.551: [GC (Allocation Failure) [PSYoungGen: 1024064K->19936K(1026560K)] 1609346K->605994K(1631232K), 0.0217682 secs] [Times: user=0.03 sys=0.00, real=0.02 secs] 
2024-07-05T14:25:54.082+0800: 4993.812: [GC (Allocation Failure) [PSYoungGen: 1026528K->17472K(1027584K)] 1612586K->608777K(1632256K), 0.0214235 secs] [Times: user=0.03 sys=0.00, real=0.02 secs] 
2024-07-05T14:25:55.320+0800: 4995.050: [GC (Allocation Failure) [PSYoungGen: 1024064K->17872K(1026560K)] 1615369K->609185K(1631232K), 0.0168530 secs] [Times: user=0.04 sys=0.00, real=0.02 secs] 
2024-07-05T14:25:56.618+0800: 4996.347: [GC (Allocation Failure) [PSYoungGen: 1024464K->17504K(1027072K)] 1615777K->608825K(1631744K), 0.0169239 secs] [Times: user=0.04 sys=0.00, real=0.02 secs] 
2024-07-05T14:25:57.990+0800: 4997.720: [GC (Allocation Failure) [PSYoungGen: 1024096K->17456K(1027072K)] 1615417K->608785K(1631744K), 0.0176994 secs] [Times: user=0.04 sys=0.00, real=0.02 secs] 
2024-07-05T14:25:59.290+0800: 4999.020: [GC (Allocation Failure) [PSYoungGen: 1025072K->17456K(1027584K)] 1616401K->608793K(1632256K), 0.0174924 secs] [Times: user=0.04 sys=0.00, real=0.02 secs] 
2024-07-05T14:26:00.546+0800: 5000.275: [GC (Allocation Failure) [PSYoungGen: 1025072K->17456K(1028608K)] 1616409K->608801K(1633280K), 0.0163681 secs] [Times: user=0.03 sys=0.00, real=0.02 secs] 
2024-07-05T14:26:01.926+0800: 5001.655: [GC (Allocation Failure) [PSYoungGen: 1026096K->17472K(1026560K)] 1617441K->608825K(1631232K), 0.0199733 secs] [Times: user=0.03 sys=0.00, real=0.02 secs] 
2024-07-05T14:26:03.241+0800: 5002.971: [GC (Allocation Failure) [PSYoungGen: 1026112K->17408K(1028096K)] 1617465K->608769K(1632768K), 0.0161632 secs] [Times: user=0.03 sys=0.00, real=0.01 secs] 
2024-07-05T14:26:04.526+0800: 5004.256: [GC (Allocation Failure) [PSYoungGen: 1026048K->17472K(1028096K)] 1617409K->608841K(1632768K), 0.0165097 secs] [Times: user=0.02 sys=0.01, real=0.02 secs] 
2024-07-05T14:26:05.802+0800: 5005.531: [GC (Allocation Failure) [PSYoungGen: 1026112K->17456K(1029120K)] 1617481K->608833K(1633792K), 0.0198156 secs] [Times: user=0.03 sys=0.00, real=0.02 secs] 
2024-07-05T14:26:07.138+0800: 5006.867: [GC (Allocation Failure) [PSYoungGen: 1027120K->17456K(1027584K)] 1618497K->608841K(1632256K), 0.0181476 secs] [Times: user=0.03 sys=0.00, real=0.02 secs] 
2024-07-05T14:26:08.513+0800: 5008.243: [GC (Allocation Failure) [PSYoungGen: 1027120K->16928K(1028608K)] 1618505K->608321K(1633280K), 0.0152438 secs] [Times: user=0.03 sys=0.00, real=0.01 secs] 
2024-07-05T14:26:09.818+0800: 5009.547: [GC (Allocation Failure) [PSYoungGen: 1026592K->17440K(1028608K)] 1617985K->608841K(1633280K), 0.0178868 secs] [Times: user=0.03 sys=0.00, real=0.02 secs] 
2024-07-05T14:26:11.078+0800: 5010.807: [GC (Allocation Failure) [PSYoungGen: 1027104K->17440K(1029632K)] 1618505K->608849K(1634304K), 0.0196917 secs] [Times: user=0.03 sys=0.00, real=0.02 secs] 
2024-07-05T14:26:12.447+0800: 5012.177: [GC (Allocation Failure) [PSYoungGen: 1028128K->17472K(1029632K)] 1619537K->608889K(1634304K), 0.0179052 secs] [Times: user=0.04 sys=0.00, real=0.02 secs] 
2024-07-05T14:26:13.766+0800: 5013.495: [GC (Allocation Failure) [PSYoungGen: 1028160K->15104K(1029632K)] 1619577K->606529K(1634304K), 0.0167677 secs] [Times: user=0.03 sys=0.00, real=0.02 secs] 
2024-07-05T14:26:15.042+0800: 5014.772: [GC (Allocation Failure) [PSYoungGen: 1025792K->17456K(1029632K)] 1617217K->608889K(1634304K), 0.0172970 secs] [Times: user=0.03 sys=0.00, real=0.01 secs] 
2024-07-05T14:26:16.374+0800: 5016.104: [GC (Allocation Failure) [PSYoungGen: 1028144K->17216K(1029632K)] 1619577K->608657K(1634304K), 0.0188122 secs] [Times: user=0.04 sys=0.00, real=0.02 secs] 
2024-07-05T14:26:17.770+0800: 5017.499: [GC (Allocation Failure) [PSYoungGen: 1027904K->17456K(1029632K)] 1619345K->608905K(1634304K), 0.0190110 secs] [Times: user=0.03 sys=0.00, real=0.02 secs] 
2024-07-05T14:26:19.075+0800: 5018.805: [GC (Allocation Failure) [PSYoungGen: 1028144K->17456K(1029632K)] 1619593K->608913K(1634304K), 0.0172217 secs] [Times: user=0.03 sys=0.00, real=0.01 secs] 
2024-07-05T14:26:20.354+0800: 5020.083: [GC (Allocation Failure) [PSYoungGen: 1028144K->17424K(1028608K)] 1619601K->608889K(1633280K), 0.0193001 secs] [Times: user=0.03 sys=0.00, real=0.01 secs] 
2024-07-05T14:26:21.696+0800: 5021.426: [GC (Allocation Failure) [PSYoungGen: 1028112K->17472K(1029120K)] 1619577K->608945K(1633792K), 0.0169384 secs] [Times: user=0.03 sys=0.00, real=0.02 secs] 
2024-07-05T14:26:23.042+0800: 5022.772: [GC (Allocation Failure) [PSYoungGen: 1028160K->16256K(1029120K)] 1619633K->607737K(1633792K), 0.0144005 secs] [Times: user=0.03 sys=0.00, real=0.01 secs] 
2024-07-05T14:26:24.378+0800: 5024.107: [GC (Allocation Failure) [PSYoungGen: 1026944K->17472K(1029632K)] 1618425K->608961K(1634304K), 0.0156022 secs] [Times: user=0.03 sys=0.00, real=0.02 secs] 
2024-07-05T14:26:25.611+0800: 5025.341: [GC (Allocation Failure) [PSYoungGen: 1028672K->17472K(1029632K)] 1620161K->608969K(1634304K), 0.0173698 secs] [Times: user=0.03 sys=0.00, real=0.02 secs] 
2024-07-05T14:26:26.953+0800: 5026.683: [GC (Allocation Failure) [PSYoungGen: 1028672K->17440K(1030144K)] 1620169K->608945K(1634816K), 0.0166509 secs] [Times: user=0.03 sys=0.00, real=0.02 secs] 
2024-07-05T14:26:28.282+0800: 5028.011: [GC (Allocation Failure) [PSYoungGen: 1029152K->17472K(1030144K)] 1620657K->608985K(1634816K), 0.0186389 secs] [Times: user=0.03 sys=0.00, real=0.01 secs] 
2024-07-05T14:26:29.557+0800: 5029.287: [GC (Allocation Failure) [PSYoungGen: 1029184K->15072K(1029120K)] 1620697K->606593K(1633792K), 0.0148462 secs] [Times: user=0.03 sys=0.00, real=0.01 secs] 
2024-07-05T14:26:30.834+0800: 5030.563: [GC (Allocation Failure) [PSYoungGen: 1025760K->17440K(1029632K)] 1617281K->608969K(1634304K), 0.0182851 secs] [Times: user=0.03 sys=0.00, real=0.01 secs] 
2024-07-05T14:26:32.140+0800: 5031.870: [GC (Allocation Failure) [PSYoungGen: 1028128K->16880K(1029632K)] 1619657K->608417K(1634304K), 0.0175875 secs] [Times: user=0.03 sys=0.00, real=0.02 secs] 
2024-07-05T14:26:33.506+0800: 5033.235: [GC (Allocation Failure) [PSYoungGen: 1027568K->17456K(1029632K)] 1619105K->609001K(1634304K), 0.0172224 secs] [Times: user=0.03 sys=0.00, real=0.02 secs] 
2024-07-05T14:26:34.750+0800: 5034.479: [GC (Allocation Failure) [PSYoungGen: 1028144K->17472K(1029632K)] 1619689K->609025K(1634304K), 0.0229738 secs] [Times: user=0.04 sys=0.00, real=0.02 secs] 
2024-07-05T14:26:36.030+0800: 5035.759: [GC (Allocation Failure) [PSYoungGen: 1028160K->18000K(1029632K)] 1619713K->609561K(1634304K), 0.0167503 secs] [Times: user=0.04 sys=0.00, real=0.02 secs] 
2024-07-05T14:26:37.364+0800: 5037.094: [GC (Allocation Failure) [PSYoungGen: 1028688K->17456K(1029632K)] 1620249K->609025K(1634304K), 0.0170072 secs] [Times: user=0.03 sys=0.00, real=0.02 secs] 
2024-07-05T14:26:38.670+0800: 5038.400: [GC (Allocation Failure) [PSYoungGen: 1028144K->17392K(1029632K)] 1619713K->608969K(1634304K), 0.0176871 secs] [Times: user=0.03 sys=0.00, real=0.02 secs] 
2024-07-05T14:26:39.980+0800: 5039.710: [GC (Allocation Failure) [PSYoungGen: 1028080K->17424K(1028608K)] 1619657K->609009K(1633280K), 0.0165920 secs] [Times: user=0.03 sys=0.00, real=0.02 secs] 
2024-07-05T14:26:41.274+0800: 5041.003: [GC (Allocation Failure) [PSYoungGen: 1028112K->17440K(1029120K)] 1619697K->609033K(1633792K), 0.0195097 secs] [Times: user=0.03 sys=0.01, real=0.02 secs] 
2024-07-05T14:26:42.560+0800: 5042.290: [GC (Allocation Failure) [PSYoungGen: 1028128K->17440K(1030144K)] 1619721K->609041K(1634816K), 0.0174266 secs] [Times: user=0.04 sys=0.00, real=0.02 secs] 
2024-07-05T14:26:43.856+0800: 5043.586: [GC (Allocation Failure) [PSYoungGen: 1029152K->17456K(1030144K)] 1620753K->609065K(1634816K), 0.0158156 secs] [Times: user=0.03 sys=0.00, real=0.01 secs] 
2024-07-05T14:26:45.046+0800: 5044.776: [GC (Allocation Failure) [PSYoungGen: 1029168K->17424K(1030144K)] 1620777K->609041K(1634816K), 0.0185034 secs] [Times: user=0.04 sys=0.00, real=0.02 secs] 
2024-07-05T14:26:46.369+0800: 5046.099: [GC (Allocation Failure) [PSYoungGen: 1029136K->16384K(1030144K)] 1620753K->608009K(1634816K), 0.0170146 secs] [Times: user=0.03 sys=0.00, real=0.02 secs] 
2024-07-05T14:26:47.714+0800: 5047.443: [GC (Allocation Failure) [PSYoungGen: 1028096K->18416K(1029120K)] 1619721K->610937K(1633792K), 0.0193556 secs] [Times: user=0.03 sys=0.00, real=0.01 secs] 
2024-07-05T14:26:48.973+0800: 5048.703: [GC (Allocation Failure) [PSYoungGen: 1029104K->17456K(1029632K)] 1621625K->615121K(1634304K), 0.0223853 secs] [Times: user=0.03 sys=0.01, real=0.03 secs] 
2024-07-05T14:26:50.240+0800: 5049.970: [GC (Allocation Failure) [PSYoungGen: 1028144K->17456K(1029632K)] 1625809K->615129K(1634304K), 0.0179691 secs] [Times: user=0.03 sys=0.00, real=0.02 secs] 
2024-07-05T14:26:51.554+0800: 5051.284: [GC (Allocation Failure) [PSYoungGen: 1028144K->18176K(1029632K)] 1625817K->615857K(1634304K), 0.0177144 secs] [Times: user=0.04 sys=0.00, real=0.01 secs] 
2024-07-05T14:26:52.860+0800: 5052.589: [GC (Allocation Failure) [PSYoungGen: 1028864K->17456K(1029632K)] 1626545K->615145K(1634304K), 0.0169301 secs] [Times: user=0.03 sys=0.00, real=0.02 secs] 
2024-07-05T14:26:54.082+0800: 5053.812: [GC (Allocation Failure) [PSYoungGen: 1028144K->15408K(1029632K)] 1625833K->613105K(1634304K), 0.0134248 secs] [Times: user=0.02 sys=0.00, real=0.01 secs] 
2024-07-05T14:26:55.317+0800: 5055.047: [GC (Allocation Failure) [PSYoungGen: 1026096K->18176K(1028608K)] 1623793K->615881K(1633280K), 0.0163759 secs] [Times: user=0.03 sys=0.00, real=0.02 secs] 
2024-07-05T14:26:56.646+0800: 5056.375: [GC (Allocation Failure) [PSYoungGen: 1027840K->17456K(1029120K)] 1625545K->615169K(1633792K), 0.0193747 secs] [Times: user=0.03 sys=0.00, real=0.02 secs] 
2024-07-05T14:26:57.970+0800: 5057.699: [GC (Allocation Failure) [PSYoungGen: 1027120K->17440K(1029120K)] 1624833K->615161K(1633792K), 0.0172514 secs] [Times: user=0.03 sys=0.00, real=0.02 secs] 
2024-07-05T14:26:59.250+0800: 5058.979: [GC (Allocation Failure) [PSYoungGen: 1027616K->17424K(1029120K)] 1625337K->615153K(1633792K), 0.0164706 secs] [Times: user=0.03 sys=0.00, real=0.02 secs] 
2024-07-05T14:27:00.518+0800: 5060.247: [GC (Allocation Failure) [PSYoungGen: 1027600K->17488K(1029632K)] 1625329K->615225K(1634304K), 0.0167373 secs] [Times: user=0.04 sys=0.00, real=0.02 secs] 
2024-07-05T14:27:01.822+0800: 5061.551: [GC (Allocation Failure) [PSYoungGen: 1028176K->17136K(1029632K)] 1625913K->614881K(1634304K), 0.0188784 secs] [Times: user=0.04 sys=0.00, real=0.01 secs] 
2024-07-05T14:27:03.106+0800: 5062.836: [GC (Allocation Failure) [PSYoungGen: 1027824K->17440K(1028608K)] 1625569K->615193K(1633280K), 0.0177944 secs] [Times: user=0.03 sys=0.00, real=0.02 secs] 
2024-07-05T14:27:04.360+0800: 5064.090: [GC (Allocation Failure) [PSYoungGen: 1028128K->17184K(1029120K)] 1625881K->614945K(1633792K), 0.0160886 secs] [Times: user=0.03 sys=0.00, real=0.02 secs] 
2024-07-05T14:27:05.602+0800: 5065.331: [GC (Allocation Failure) [PSYoungGen: 1027872K->17472K(1030144K)] 1625633K->615241K(1634816K), 0.0163888 secs] [Times: user=0.03 sys=0.00, real=0.01 secs] 
2024-07-05T14:27:06.962+0800: 5066.692: [GC (Allocation Failure) [PSYoungGen: 1029184K->17744K(1030144K)] 1626953K->615521K(1634816K), 0.0187618 secs] [Times: user=0.04 sys=0.00, real=0.01 secs] 
2024-07-05T14:27:08.250+0800: 5067.979: [GC (Allocation Failure) [PSYoungGen: 1029456K->17392K(1030144K)] 1627233K->615177K(1634816K), 0.0160039 secs] [Times: user=0.03 sys=0.00, real=0.02 secs] 
2024-07-05T14:27:09.522+0800: 5069.251: [GC (Allocation Failure) [PSYoungGen: 1029104K->18240K(1030144K)] 1626889K->616033K(1634816K), 0.0165135 secs] [Times: user=0.03 sys=0.00, real=0.01 secs] 
2024-07-05T14:27:10.809+0800: 5070.539: [GC (Allocation Failure) [PSYoungGen: 1029952K->17456K(1030144K)] 1627745K->615257K(1634816K), 0.0177733 secs] [Times: user=0.04 sys=0.00, real=0.02 secs] 
2024-07-05T14:27:12.119+0800: 5071.848: [GC (Allocation Failure) [PSYoungGen: 1029168K->17872K(1030144K)] 1626969K->615681K(1634816K), 0.0168553 secs] [Times: user=0.04 sys=0.00, real=0.02 secs] 
2024-07-05T14:27:13.429+0800: 5073.159: [GC (Allocation Failure) [PSYoungGen: 1029584K->17456K(1030144K)] 1627393K->615273K(1634816K), 0.0160049 secs] [Times: user=0.03 sys=0.00, real=0.02 secs] 
2024-07-05T14:27:14.684+0800: 5074.414: [GC (Allocation Failure) [PSYoungGen: 1029168K->17456K(1030144K)] 1626985K->615281K(1634816K), 0.0162014 secs] [Times: user=0.03 sys=0.00, real=0.01 secs] 
2024-07-05T14:27:15.973+0800: 5075.703: [GC (Allocation Failure) [PSYoungGen: 1029168K->18416K(1028096K)] 1626993K->618257K(1632768K), 0.0204703 secs] [Times: user=0.04 sys=0.00, real=0.02 secs] 
2024-07-05T14:27:17.326+0800: 5077.056: [GC (Allocation Failure) [PSYoungGen: 1028080K->15216K(1025024K)] 1627921K->619072K(1629696K), 0.0191527 secs] [Times: user=0.03 sys=0.01, real=0.02 secs] 
2024-07-05T14:27:17.345+0800: 5077.075: [Full GC (Ergonomics) [PSYoungGen: 15216K->0K(1025024K)] [ParOldGen: 603856K->298801K(465408K)] 619072K->298801K(1490432K), [Metaspace: 36174K->36109K(1083392K)], 0.1975792 secs] [Times: user=0.32 sys=0.01, real=0.20 secs] 
2024-07-05T14:27:18.822+0800: 5078.552: [GC (Allocation Failure) [PSYoungGen: 1009664K->19952K(1027584K)] 1308465K->319137K(1492992K), 0.0187693 secs] [Times: user=0.03 sys=0.01, real=0.02 secs] 
2024-07-05T14:27:20.070+0800: 5079.799: [GC (Allocation Failure) [PSYoungGen: 1027568K->17888K(1028096K)] 1326753K->325679K(1493504K), 0.0197056 secs] [Times: user=0.04 sys=0.00, real=0.02 secs] 
2024-07-05T14:27:21.403+0800: 5081.133: [GC (Allocation Failure) [PSYoungGen: 1025504K->17456K(1028096K)] 1333295K->325255K(1493504K), 0.0166559 secs] [Times: user=0.03 sys=0.00, real=0.01 secs] 
2024-07-05T14:27:22.749+0800: 5082.479: [GC (Allocation Failure) [PSYoungGen: 1025072K->17504K(1025536K)] 1332871K->325311K(1490944K), 0.0169883 secs] [Times: user=0.02 sys=0.00, real=0.02 secs] 
2024-07-05T14:27:23.974+0800: 5083.703: [GC (Allocation Failure) [PSYoungGen: 1025120K->17456K(1027584K)] 1332927K->325271K(1492992K), 0.0157166 secs] [Times: user=0.03 sys=0.00, real=0.01 secs] 
2024-07-05T14:27:25.224+0800: 5084.954: [GC (Allocation Failure) [PSYoungGen: 1025072K->17120K(1027584K)] 1332887K->324943K(1492992K), 0.0164189 secs] [Times: user=0.03 sys=0.00, real=0.01 secs] 
2024-07-05T14:27:26.492+0800: 5086.222: [GC (Allocation Failure) [PSYoungGen: 1024736K->16992K(1028608K)] 1332559K->324823K(1494016K), 0.0143142 secs] [Times: user=0.03 sys=0.00, real=0.02 secs] 
2024-07-05T14:27:27.790+0800: 5087.519: [GC (Allocation Failure) [PSYoungGen: 1025632K->17712K(1026560K)] 1333463K->325551K(1491968K), 0.0179108 secs] [Times: user=0.03 sys=0.00, real=0.02 secs] 
2024-07-05T14:27:29.058+0800: 5088.787: [GC (Allocation Failure) [PSYoungGen: 1026352K->17472K(1028096K)] 1334191K->325319K(1493504K), 0.0151307 secs] [Times: user=0.02 sys=0.00, real=0.01 secs] 
2024-07-05T14:27:30.285+0800: 5090.015: [GC (Allocation Failure) [PSYoungGen: 1026112K->19424K(1028096K)] 1333959K->327335K(1493504K), 0.0168223 secs] [Times: user=0.02 sys=0.00, real=0.02 secs] 
2024-07-05T14:27:31.539+0800: 5091.269: [GC (Allocation Failure) [PSYoungGen: 1028064K->17472K(1028608K)] 1335975K->331351K(1494016K), 0.0185559 secs] [Times: user=0.03 sys=0.00, real=0.02 secs] 
2024-07-05T14:27:32.763+0800: 5092.492: [GC (Allocation Failure) [PSYoungGen: 1026112K->17472K(1028608K)] 1339991K->331359K(1494016K), 0.0156030 secs] [Times: user=0.03 sys=0.00, real=0.01 secs] 
2024-07-05T14:27:34.025+0800: 5093.755: [GC (Allocation Failure) [PSYoungGen: 1026112K->17584K(1027584K)] 1339999K->331479K(1492992K), 0.0177182 secs] [Times: user=0.04 sys=0.00, real=0.02 secs] 
2024-07-05T14:27:35.306+0800: 5095.035: [GC (Allocation Failure) [PSYoungGen: 1026224K->17456K(1028096K)] 1340119K->331359K(1493504K), 0.0217184 secs] [Times: user=0.02 sys=0.00, real=0.02 secs] 
2024-07-05T14:27:36.535+0800: 5096.265: [GC (Allocation Failure) [PSYoungGen: 1026096K->17952K(1029120K)] 1339999K->331863K(1494528K), 0.0145655 secs] [Times: user=0.03 sys=0.00, real=0.01 secs] 
2024-07-05T14:27:37.808+0800: 5097.538: [GC (Allocation Failure) [PSYoungGen: 1027616K->16016K(1029120K)] 1341527K->329935K(1494528K), 0.0139065 secs] [Times: user=0.02 sys=0.00, real=0.02 secs] 
2024-07-05T14:27:39.085+0800: 5098.815: [GC (Allocation Failure) [PSYoungGen: 1025680K->18160K(1029120K)] 1339599K->332087K(1494528K), 0.0160877 secs] [Times: user=0.03 sys=0.00, real=0.01 secs] 
2024-07-05T14:27:40.430+0800: 5100.160: [GC (Allocation Failure) [PSYoungGen: 1027824K->17488K(1029120K)] 1341751K->331423K(1494528K), 0.0176570 secs] [Times: user=0.03 sys=0.00, real=0.02 secs] 
2024-07-05T14:27:41.715+0800: 5101.445: [GC (Allocation Failure) [PSYoungGen: 1027152K->17456K(1029120K)] 1341087K->331399K(1494528K), 0.0157421 secs] [Times: user=0.03 sys=0.00, real=0.01 secs] 
2024-07-05T14:27:42.978+0800: 5102.708: [GC (Allocation Failure) [PSYoungGen: 1027120K->17264K(1029120K)] 1341063K->331215K(1494528K), 0.0166960 secs] [Times: user=0.03 sys=0.00, real=0.02 secs] 
2024-07-05T14:27:44.286+0800: 5104.016: [GC (Allocation Failure) [PSYoungGen: 1026928K->17408K(1028096K)] 1340879K->331367K(1493504K), 0.0159939 secs] [Times: user=0.02 sys=0.00, real=0.02 secs] 
2024-07-05T14:27:45.558+0800: 5105.287: [GC (Allocation Failure) [PSYoungGen: 1027072K->17376K(1028608K)] 1341031K->331343K(1494016K), 0.0177589 secs] [Times: user=0.02 sys=0.00, real=0.02 secs] 
2024-07-05T14:27:46.798+0800: 5106.527: [GC (Allocation Failure) [PSYoungGen: 1027040K->17456K(1029632K)] 1341007K->331431K(1495040K), 0.0153356 secs] [Times: user=0.03 sys=0.00, real=0.01 secs] 
2024-07-05T14:27:48.051+0800: 5107.781: [GC (Allocation Failure) [PSYoungGen: 1028144K->17456K(1029632K)] 1342119K->331439K(1495040K), 0.0170250 secs] [Times: user=0.03 sys=0.00, real=0.02 secs] 
2024-07-05T14:27:49.306+0800: 5109.035: [GC (Allocation Failure) [PSYoungGen: 1028144K->17440K(1029632K)] 1342127K->331431K(1495040K), 0.0191362 secs] [Times: user=0.03 sys=0.00, real=0.02 secs] 
2024-07-05T14:27:50.569+0800: 5110.298: [GC (Allocation Failure) [PSYoungGen: 1028128K->17184K(1028096K)] 1342119K->331183K(1493504K), 0.0144118 secs] [Times: user=0.03 sys=0.00, real=0.02 secs] 
2024-07-05T14:27:51.804+0800: 5111.534: [GC (Allocation Failure) [PSYoungGen: 1027872K->18400K(1028608K)] 1341871K->332431K(1494016K), 0.0150448 secs] [Times: user=0.03 sys=0.00, real=0.01 secs] 
2024-07-05T14:27:53.068+0800: 5112.798: [GC (Allocation Failure) [PSYoungGen: 1028576K->17280K(1029120K)] 1342607K->337302K(1494528K), 0.0177389 secs] [Times: user=0.04 sys=0.00, real=0.02 secs] 
2024-07-05T14:27:54.351+0800: 5114.081: [GC (Allocation Failure) [PSYoungGen: 1027456K->17440K(1029632K)] 1347478K->337470K(1495040K), 0.0143939 secs] [Times: user=0.03 sys=0.00, real=0.02 secs] 
2024-07-05T14:27:55.611+0800: 5115.341: [GC (Allocation Failure) [PSYoungGen: 1028128K->17456K(1028608K)] 1348158K->337494K(1494016K), 0.0163638 secs] [Times: user=0.03 sys=0.00, real=0.02 secs] 
2024-07-05T14:27:56.868+0800: 5116.598: [GC (Allocation Failure) [PSYoungGen: 1028144K->17456K(1029120K)] 1348182K->337502K(1494528K), 0.0155132 secs] [Times: user=0.03 sys=0.00, real=0.02 secs] 
2024-07-05T14:27:58.098+0800: 5117.827: [GC (Allocation Failure) [PSYoungGen: 1028144K->17456K(1029120K)] 1348190K->337510K(1494528K), 0.0157048 secs] [Times: user=0.03 sys=0.00, real=0.02 secs] 
2024-07-05T14:27:59.350+0800: 5119.079: [GC (Allocation Failure) [PSYoungGen: 1028144K->17504K(1030144K)] 1348198K->337566K(1495552K), 0.0145178 secs] [Times: user=0.02 sys=0.00, real=0.02 secs] 
2024-07-05T14:28:00.610+0800: 5120.340: [GC (Allocation Failure) [PSYoungGen: 1029216K->17744K(1030144K)] 1349278K->337814K(1495552K), 0.0172964 secs] [Times: user=0.03 sys=0.00, real=0.02 secs] 
2024-07-05T14:28:01.857+0800: 5121.587: [GC (Allocation Failure) [PSYoungGen: 1029456K->17456K(1030144K)] 1349526K->337534K(1495552K), 0.0165902 secs] [Times: user=0.03 sys=0.00, real=0.02 secs] 
2024-07-05T14:28:03.115+0800: 5122.845: [GC (Allocation Failure) [PSYoungGen: 1029168K->15296K(1027072K)] 1349246K->335382K(1492480K), 0.0123280 secs] [Times: user=0.02 sys=0.00, real=0.01 secs] 
2024-07-05T14:28:04.356+0800: 5124.086: [GC (Allocation Failure) [PSYoungGen: 1027008K->17456K(1030144K)] 1347094K->337550K(1495552K), 0.0163008 secs] [Times: user=0.03 sys=0.00, real=0.01 secs] 
2024-07-05T14:28:05.622+0800: 5125.351: [GC (Allocation Failure) [PSYoungGen: 1028656K->16912K(1029632K)] 1348750K->337014K(1495040K), 0.0171515 secs] [Times: user=0.03 sys=0.00, real=0.01 secs] 
2024-07-05T14:28:06.852+0800: 5126.582: [GC (Allocation Failure) [PSYoungGen: 1028112K->18416K(1026048K)] 1348214K->342070K(1491456K), 0.0189011 secs] [Times: user=0.03 sys=0.00, real=0.02 secs] 
2024-07-05T14:28:08.122+0800: 5127.852: [GC (Allocation Failure) [PSYoungGen: 1026032K->17472K(1028096K)] 1349686K->351493K(1493504K), 0.0210287 secs] [Times: user=0.04 sys=0.00, real=0.02 secs] 
2024-07-05T14:28:09.378+0800: 5129.108: [GC (Allocation Failure) [PSYoungGen: 1025088K->17424K(1027584K)] 1359109K->351453K(1492992K), 0.0155455 secs] [Times: user=0.03 sys=0.00, real=0.02 secs] 
2024-07-05T14:28:10.622+0800: 5130.351: [GC (Allocation Failure) [PSYoungGen: 1025552K->18480K(1028096K)] 1359581K->352517K(1493504K), 0.0193873 secs] [Times: user=0.03 sys=0.00, real=0.01 secs] 
2024-07-05T14:28:11.874+0800: 5131.603: [GC (Allocation Failure) [PSYoungGen: 1026608K->17456K(1028608K)] 1360645K->351501K(1494016K), 0.0161693 secs] [Times: user=0.03 sys=0.00, real=0.01 secs] 
2024-07-05T14:28:13.168+0800: 5132.898: [GC (Allocation Failure) [PSYoungGen: 1026096K->17232K(1028608K)] 1360141K->351285K(1494016K), 0.0158337 secs] [Times: user=0.03 sys=0.00, real=0.02 secs] 
2024-07-05T14:28:14.395+0800: 5134.125: [GC (Allocation Failure) [PSYoungGen: 1025872K->19968K(1027584K)] 1359925K->354437K(1492992K), 0.0168425 secs] [Times: user=0.03 sys=0.00, real=0.01 secs] 
2024-07-05T14:28:15.672+0800: 5135.402: [GC (Allocation Failure) [PSYoungGen: 1027584K->17632K(1028096K)] 1362053K->357708K(1493504K), 0.0183347 secs] [Times: user=0.04 sys=0.00, real=0.02 secs] 
2024-07-05T14:28:16.922+0800: 5136.651: [GC (Allocation Failure) [PSYoungGen: 1025248K->17440K(1028096K)] 1365324K->357524K(1493504K), 0.0219737 secs] [Times: user=0.03 sys=0.00, real=0.02 secs] 
2024-07-05T14:28:18.136+0800: 5137.866: [GC (Allocation Failure) [PSYoungGen: 1025056K->17456K(1025536K)] 1365140K->357548K(1490944K), 0.0197641 secs] [Times: user=0.03 sys=0.00, real=0.02 secs] 
2024-07-05T14:28:19.404+0800: 5139.134: [GC (Allocation Failure) [PSYoungGen: 1025072K->17360K(1027584K)] 1365164K->357460K(1492992K), 0.0154928 secs] [Times: user=0.03 sys=0.00, real=0.01 secs] 
2024-07-05T14:28:20.635+0800: 5140.365: [GC (Allocation Failure) [PSYoungGen: 1024976K->16464K(1027584K)] 1365076K->356572K(1492992K), 0.0152832 secs] [Times: user=0.03 sys=0.00, real=0.01 secs] 
2024-07-05T14:28:21.889+0800: 5141.618: [GC (Allocation Failure) [PSYoungGen: 1024080K->17456K(1028608K)] 1364188K->357572K(1494016K), 0.0157865 secs] [Times: user=0.03 sys=0.00, real=0.02 secs] 
2024-07-05T14:28:23.130+0800: 5142.859: [GC (Allocation Failure) [PSYoungGen: 1026096K->17440K(1026560K)] 1366212K->357564K(1491968K), 0.0147199 secs] [Times: user=0.03 sys=0.00, real=0.02 secs] 
2024-07-05T14:28:24.377+0800: 5144.107: [GC (Allocation Failure) [PSYoungGen: 1026080K->17456K(1028096K)] 1366204K->357588K(1493504K), 0.0155210 secs] [Times: user=0.03 sys=0.00, real=0.01 secs] 
2024-07-05T14:28:25.633+0800: 5145.362: [GC (Allocation Failure) [PSYoungGen: 1026096K->17456K(1028096K)] 1366228K->357596K(1493504K), 0.0159127 secs] [Times: user=0.03 sys=0.00, real=0.02 secs] 
2024-07-05T14:28:26.864+0800: 5146.594: [GC (Allocation Failure) [PSYoungGen: 1026096K->17408K(1029120K)] 1366236K->357556K(1494528K), 0.0143984 secs] [Times: user=0.03 sys=0.00, real=0.01 secs] 
2024-07-05T14:28:28.098+0800: 5147.827: [GC (Allocation Failure) [PSYoungGen: 1027072K->17392K(1027072K)] 1367220K->357548K(1492480K), 0.0188335 secs] [Times: user=0.03 sys=0.00, real=0.02 secs] 
2024-07-05T14:28:29.386+0800: 5149.115: [GC (Allocation Failure) [PSYoungGen: 1027056K->17056K(1028608K)] 1367212K->357220K(1494016K), 0.0152150 secs] [Times: user=0.03 sys=0.00, real=0.01 secs] 
2024-07-05T14:28:30.671+0800: 5150.401: [GC (Allocation Failure) [PSYoungGen: 1026720K->17456K(1028608K)] 1366884K->357628K(1494016K), 0.0166877 secs] [Times: user=0.03 sys=0.00, real=0.02 secs] 
2024-07-05T14:28:31.925+0800: 5151.655: [GC (Allocation Failure) [PSYoungGen: 1027120K->17440K(1029632K)] 1367292K->357620K(1495040K), 0.0144773 secs] [Times: user=0.02 sys=0.00, real=0.01 secs] 
2024-07-05T14:28:33.146+0800: 5152.875: [GC (Allocation Failure) [PSYoungGen: 1028128K->18928K(1029632K)] 1368308K->360084K(1495040K), 0.0172488 secs] [Times: user=0.04 sys=0.00, real=0.02 secs] 
2024-07-05T14:28:34.397+0800: 5154.127: [GC (Allocation Failure) [PSYoungGen: 1029616K->17456K(1028608K)] 1370772K->363659K(1494016K), 0.0179779 secs] [Times: user=0.03 sys=0.00, real=0.02 secs] 
2024-07-05T14:28:35.664+0800: 5155.394: [GC (Allocation Failure) [PSYoungGen: 1027120K->17424K(1029120K)] 1373323K->363635K(1494528K), 0.0186904 secs] [Times: user=0.03 sys=0.00, real=0.02 secs] 
2024-07-05T14:28:36.897+0800: 5156.627: [GC (Allocation Failure) [PSYoungGen: 1027088K->17312K(1029120K)] 1373299K->363531K(1494528K), 0.0149013 secs] [Times: user=0.03 sys=0.00, real=0.01 secs] 
2024-07-05T14:28:38.157+0800: 5157.887: [GC (Allocation Failure) [PSYoungGen: 1026976K->17472K(1029120K)] 1373195K->363699K(1494528K), 0.0175190 secs] [Times: user=0.03 sys=0.00, real=0.02 secs] 
2024-07-05T14:28:39.398+0800: 5159.128: [GC (Allocation Failure) [PSYoungGen: 1027136K->17456K(1028096K)] 1373363K->363691K(1493504K), 0.0171648 secs] [Times: user=0.03 sys=0.00, real=0.02 secs] 
2024-07-05T14:28:40.820+0800: 5160.550: [GC (Allocation Failure) [PSYoungGen: 1027120K->17840K(1028608K)] 1373355K->364083K(1494016K), 0.0160857 secs] [Times: user=0.03 sys=0.00, real=0.02 secs] 
2024-07-05T14:28:42.085+0800: 5161.815: [GC (Allocation Failure) [PSYoungGen: 1027504K->17456K(1029632K)] 1373747K->363707K(1495040K), 0.0167318 secs] [Times: user=0.03 sys=0.00, real=0.02 secs] 
2024-07-05T14:28:43.323+0800: 5163.053: [GC (Allocation Failure) [PSYoungGen: 1028144K->18128K(1029632K)] 1374395K->364387K(1495040K), 0.0158338 secs] [Times: user=0.03 sys=0.00, real=0.01 secs] 
2024-07-05T14:28:44.594+0800: 5164.323: [GC (Allocation Failure) [PSYoungGen: 1028816K->17440K(1029632K)] 1375075K->363707K(1495040K), 0.0147847 secs] [Times: user=0.03 sys=0.00, real=0.01 secs] 
2024-07-05T14:28:45.913+0800: 5165.643: [GC (Allocation Failure) [PSYoungGen: 1028128K->17904K(1029632K)] 1374395K->364179K(1495040K), 0.0175342 secs] [Times: user=0.03 sys=0.00, real=0.01 secs] 
2024-07-05T14:28:47.185+0800: 5166.914: [GC (Allocation Failure) [PSYoungGen: 1028592K->17456K(1029632K)] 1374867K->363739K(1495040K), 0.0161614 secs] [Times: user=0.04 sys=0.00, real=0.01 secs] 
2024-07-05T14:28:48.442+0800: 5168.171: [GC (Allocation Failure) [PSYoungGen: 1028144K->17472K(1029632K)] 1374427K->363763K(1495040K), 0.0148188 secs] [Times: user=0.03 sys=0.00, real=0.01 secs] 
2024-07-05T14:28:49.722+0800: 5169.452: [GC (Allocation Failure) [PSYoungGen: 1028160K->16928K(1029632K)] 1374451K->363227K(1495040K), 0.0151553 secs] [Times: user=0.03 sys=0.00, real=0.01 secs] 
2024-07-05T14:28:51.100+0800: 5170.830: [GC (Allocation Failure) [PSYoungGen: 1027616K->16912K(1029632K)] 1373915K->363219K(1495040K), 0.0187752 secs] [Times: user=0.04 sys=0.00, real=0.02 secs] 
2024-07-05T14:28:52.593+0800: 5172.323: [GC (Allocation Failure) [PSYoungGen: 1027600K->17472K(1029632K)] 1373907K->363787K(1495040K), 0.0183322 secs] [Times: user=0.03 sys=0.00, real=0.01 secs] 
2024-07-05T14:28:53.938+0800: 5173.667: [GC (Allocation Failure) [PSYoungGen: 1028160K->17424K(1028608K)] 1374475K->363747K(1494016K), 0.0163457 secs] [Times: user=0.03 sys=0.00, real=0.02 secs] 
2024-07-05T14:28:55.269+0800: 5174.999: [GC (Allocation Failure) [PSYoungGen: 1028112K->17440K(1029120K)] 1374435K->363771K(1494528K), 0.0149692 secs] [Times: user=0.02 sys=0.00, real=0.02 secs] 
2024-07-05T14:28:56.638+0800: 5176.367: [GC (Allocation Failure) [PSYoungGen: 1028128K->17456K(1029120K)] 1374459K->363795K(1494528K), 0.0172790 secs] [Times: user=0.03 sys=0.00, real=0.02 secs] 
2024-07-05T14:28:58.038+0800: 5177.767: [GC (Allocation Failure) [PSYoungGen: 1028144K->17456K(1030144K)] 1374483K->363803K(1495552K), 0.0187826 secs] [Times: user=0.03 sys=0.00, real=0.02 secs] 
2024-07-05T14:28:59.390+0800: 5179.119: [GC (Allocation Failure) [PSYoungGen: 1029168K->17440K(1030144K)] 1375515K->363795K(1495552K), 0.0171706 secs] [Times: user=0.03 sys=0.00, real=0.02 secs] 
2024-07-05T14:29:00.730+0800: 5180.459: [GC (Allocation Failure) [PSYoungGen: 1029152K->17472K(1030144K)] 1375507K->363835K(1495552K), 0.0148623 secs] [Times: user=0.03 sys=0.00, real=0.02 secs] 
2024-07-05T14:29:02.043+0800: 5181.773: [GC (Allocation Failure) [PSYoungGen: 1029184K->17440K(1030144K)] 1375547K->363811K(1495552K), 0.0150025 secs] [Times: user=0.03 sys=0.00, real=0.01 secs] 
2024-07-05T14:29:03.448+0800: 5183.178: [GC (Allocation Failure) [PSYoungGen: 1029152K->17440K(1030144K)] 1375523K->363819K(1495552K), 0.0151148 secs] [Times: user=0.03 sys=0.00, real=0.02 secs] 
2024-07-05T14:29:04.718+0800: 5184.447: [GC (Allocation Failure) [PSYoungGen: 1029152K->17472K(1029632K)] 1375531K->363859K(1495040K), 0.0168993 secs] [Times: user=0.03 sys=0.00, real=0.02 secs] 
2024-07-05T14:29:06.638+0800: 5186.367: [GC (Allocation Failure) [PSYoungGen: 1029168K->17009K(1029120K)] 1375556K->381012K(1494528K), 0.0256227 secs] [Times: user=0.05 sys=0.00, real=0.03 secs] 
Heap
 PSYoungGen      total 1029120K, used 823424K [0x0000000780000000, 0x00000007c0000000, 0x00000007c0000000)
  eden space 1011200K, 79% used [0x0000000780000000,0x00000007b1383a08,0x00000007bdb80000)
  from space 17920K, 94% used [0x00000007bed80000,0x00000007bfe1c6a0,0x00000007bff00000)
  to   space 18432K, 0% used [0x00000007bdb80000,0x00000007bdb80000,0x00000007bed80000)
 ParOldGen       total 465408K, used 364002K [0x0000000700000000, 0x000000071c680000, 0x0000000780000000)
  object space 465408K, 78% used [0x0000000700000000,0x0000000716378a48,0x000000071c680000)
 Metaspace       used 41256K, capacity 42064K, committed 42368K, reserved 1087488K
  class space    used 4027K, capacity 4183K, committed 4224K, reserved 1048576K
