OpenJDK 64-Bit Server VM (25.412-b08) for linux-amd64 JRE (1.8.0_412-8u412-ga-1~22.04.1-b08), built on May 30 2024 06:02:10 by "buildd" with gcc 11.4.0
Memory: 4k page, physical 3644708k(2252348k free), swap 4194300k(4194300k free)
CommandLine flags: -XX:CompileThreshold=20000 -XX:InitialHeapSize=58315328 -XX:MaxHeapSize=3221225472 -XX:+PrintGC -XX:+PrintGCDateStamps -XX:+PrintGCDetails -XX:+PrintGCTimeStamps -XX:+UseCompressedClassPointers -XX:+UseCompressedOops -XX:+UseParallelGC 
2024-07-05T10:53:38.112+0800: 12.349: [GC (Allocation Failure) [PSYoungGen: 14848K->1360K(16896K)] 14848K->1368K(55296K), 0.0028025 secs] [Times: user=0.00 sys=0.00, real=0.01 secs] 
2024-07-05T10:54:20.975+0800: 55.212: [GC (Allocation Failure) [PSYoungGen: 16208K->2048K(16896K)] 16216K->4167K(55296K), 0.0052925 secs] [Times: user=0.01 sys=0.00, real=0.00 secs] 
2024-07-05T10:54:21.023+0800: 55.260: [GC (Allocation Failure) [PSYoungGen: 16896K->2032K(16896K)] 19015K->7288K(55296K), 0.0069792 secs] [Times: user=0.00 sys=0.01, real=0.00 secs] 
2024-07-05T10:54:21.080+0800: 55.317: [GC (Allocation Failure) [PSYoungGen: 16880K->2016K(31744K)] 22136K->11153K(70144K), 0.0069443 secs] [Times: user=0.00 sys=0.00, real=0.01 secs] 
2024-07-05T10:54:21.162+0800: 55.399: [GC (Allocation Failure) [PSYoungGen: 31712K->2032K(31744K)] 40849K->15617K(70144K), 0.0091252 secs] [Times: user=0.01 sys=0.00, real=0.00 secs] 
2024-07-05T10:54:21.374+0800: 55.611: [GC (Allocation Failure) [PSYoungGen: 31724K->8692K(65024K)] 45308K->24883K(103424K), 0.0100725 secs] [Times: user=0.02 sys=0.00, real=0.01 secs] 
2024-07-05T10:54:21.757+0800: 55.993: [GC (Allocation Failure) [PSYoungGen: 65012K->11754K(68096K)] 81203K->44465K(106496K), 0.0364509 secs] [Times: user=0.06 sys=0.01, real=0.03 secs] 
2024-07-05T10:54:21.793+0800: 56.030: [Full GC (Ergonomics) [PSYoungGen: 11754K->0K(68096K)] [ParOldGen: 32710K->28870K(56832K)] 44465K->28870K(124928K), [Metaspace: 10170K->10170K(1058816K)], 0.0991510 secs] [Times: user=0.19 sys=0.00, real=0.10 secs] 
2024-07-05T10:54:22.781+0800: 57.018: [GC (Allocation Failure) [PSYoungGen: 56320K->12004K(131072K)] 85190K->40882K(187904K), 0.0243564 secs] [Times: user=0.04 sys=0.00, real=0.02 secs] 
2024-07-05T10:54:23.539+0800: 57.776: [GC (Allocation Failure) [PSYoungGen: 123108K->22000K(133120K)] 151986K->65117K(189952K), 0.0894918 secs] [Times: user=0.17 sys=0.00, real=0.09 secs] 
2024-07-05T10:54:23.629+0800: 57.866: [Full GC (Ergonomics) [PSYoungGen: 22000K->0K(133120K)] [ParOldGen: 43117K->45765K(82944K)] 65117K->45765K(216064K), [Metaspace: 11763K->11763K(1060864K)], 0.1595694 secs] [Times: user=0.30 sys=0.01, real=0.16 secs] 
2024-07-05T10:54:24.429+0800: 58.666: [GC (Allocation Failure) [PSYoungGen: 111104K->19840K(172544K)] 156869K->65613K(255488K), 0.0433136 secs] [Times: user=0.08 sys=0.02, real=0.04 secs] 
2024-07-05T10:54:25.154+0800: 59.391: [GC (Allocation Failure) [PSYoungGen: 172416K->32736K(195584K)] 218189K->97807K(278528K), 0.0809120 secs] [Times: user=0.14 sys=0.02, real=0.08 secs] 
2024-07-05T10:54:25.235+0800: 59.472: [Full GC (Ergonomics) [PSYoungGen: 32736K->0K(195584K)] [ParOldGen: 65071K->55929K(103936K)] 97807K->55929K(299520K), [Metaspace: 11878K->11878K(1060864K)], 0.1849352 secs] [Times: user=0.34 sys=0.00, real=0.18 secs] 
2024-07-05T10:54:26.171+0800: 60.408: [GC (Allocation Failure) [PSYoungGen: 162816K->19250K(255488K)] 218745K->75180K(359424K), 0.0411128 secs] [Times: user=0.06 sys=0.01, real=0.04 secs] 
2024-07-05T10:54:26.945+0800: 61.182: [GC (Allocation Failure) [PSYoungGen: 232242K->15280K(256000K)] 288172K->87792K(359936K), 0.0541803 secs] [Times: user=0.10 sys=0.01, real=0.05 secs] 
2024-07-05T10:54:27.692+0800: 61.929: [GC (Allocation Failure) [PSYoungGen: 228272K->21696K(316416K)] 300784K->104534K(420352K), 0.0465393 secs] [Times: user=0.08 sys=0.02, real=0.05 secs] 
2024-07-05T10:54:27.739+0800: 61.976: [Full GC (Ergonomics) [PSYoungGen: 21696K->0K(316416K)] [ParOldGen: 82838K->48723K(107520K)] 104534K->48723K(423936K), [Metaspace: 11913K->11913K(1060864K)], 0.1480676 secs] [Times: user=0.28 sys=0.00, real=0.15 secs] 
2024-07-05T10:54:28.752+0800: 62.989: [GC (Allocation Failure) [PSYoungGen: 277504K->14856K(317952K)] 326227K->63588K(425472K), 0.0270190 secs] [Times: user=0.04 sys=0.01, real=0.03 secs] 
2024-07-05T10:54:29.645+0800: 63.882: [GC (Allocation Failure) [PSYoungGen: 292360K->27328K(392704K)] 341092K->76067K(500224K), 0.0535131 secs] [Times: user=0.09 sys=0.01, real=0.05 secs] 
2024-07-05T10:54:30.724+0800: 64.961: [GC (Allocation Failure) [PSYoungGen: 381632K->24135K(394240K)] 430371K->72874K(501760K), 0.0323930 secs] [Times: user=0.06 sys=0.01, real=0.03 secs] 
2024-07-05T10:54:31.827+0800: 66.064: [GC (Allocation Failure) [PSYoungGen: 378439K->24640K(451072K)] 427178K->73387K(558592K), 0.0384742 secs] [Times: user=0.07 sys=0.01, real=0.04 secs] 
2024-07-05T10:54:32.982+0800: 67.219: [GC (Allocation Failure) [PSYoungGen: 438336K->30992K(454144K)] 487083K->79747K(561664K), 0.0424291 secs] [Times: user=0.07 sys=0.00, real=0.04 secs] 
2024-07-05T10:54:34.245+0800: 68.482: [GC (Allocation Failure) [PSYoungGen: 444688K->28386K(518656K)] 493443K->77149K(626176K), 0.0387928 secs] [Times: user=0.06 sys=0.01, real=0.04 secs] 
2024-07-05T10:54:35.596+0800: 69.833: [GC (Allocation Failure) [PSYoungGen: 506594K->33216K(521216K)] 555357K->81979K(628736K), 0.0576608 secs] [Times: user=0.10 sys=0.02, real=0.06 secs] 
2024-07-05T10:54:36.993+0800: 71.230: [GC (Allocation Failure) [PSYoungGen: 511424K->29888K(593408K)] 560187K->78659K(700928K), 0.0435743 secs] [Times: user=0.06 sys=0.03, real=0.05 secs] 
2024-07-05T10:54:38.437+0800: 72.674: [GC (Allocation Failure) [PSYoungGen: 579776K->22016K(595968K)] 628547K->70787K(703488K), 0.0352168 secs] [Times: user=0.05 sys=0.01, real=0.03 secs] 
2024-07-05T10:54:39.817+0800: 74.054: [GC (Allocation Failure) [PSYoungGen: 571904K->30944K(667648K)] 620675K->79723K(775168K), 0.0400161 secs] [Times: user=0.07 sys=0.02, real=0.04 secs] 
2024-07-05T10:54:41.379+0800: 75.616: [GC (Allocation Failure) [PSYoungGen: 656096K->19303K(669696K)] 704875K->68082K(777216K), 0.0307579 secs] [Times: user=0.07 sys=0.00, real=0.03 secs] 
2024-07-05T10:54:42.912+0800: 77.148: [GC (Allocation Failure) [PSYoungGen: 644455K->35440K(726016K)] 693234K->84219K(833536K), 0.0523282 secs] [Times: user=0.08 sys=0.02, real=0.06 secs] 
2024-07-05T10:54:44.657+0800: 78.894: [GC (Allocation Failure) [PSYoungGen: 717936K->25260K(728576K)] 766715K->74039K(836096K), 0.0540838 secs] [Times: user=0.10 sys=0.00, real=0.05 secs] 
2024-07-05T10:54:46.153+0800: 80.390: [GC (Allocation Failure) [PSYoungGen: 707756K->33968K(791552K)] 756535K->82747K(899072K), 0.0480254 secs] [Times: user=0.09 sys=0.00, real=0.05 secs] 
2024-07-05T10:54:47.693+0800: 81.930: [GC (Allocation Failure) [PSYoungGen: 781488K->24448K(793088K)] 830267K->73227K(900608K), 0.0415018 secs] [Times: user=0.08 sys=0.00, real=0.04 secs] 
2024-07-05T10:54:49.211+0800: 83.448: [GC (Allocation Failure) [PSYoungGen: 771968K->25632K(856064K)] 820747K->77423K(963584K), 0.0400183 secs] [Times: user=0.07 sys=0.02, real=0.04 secs] 
2024-07-05T10:54:50.808+0800: 85.045: [GC (Allocation Failure) [PSYoungGen: 843296K->22784K(859648K)] 895087K->74583K(967168K), 0.0421136 secs] [Times: user=0.06 sys=0.01, real=0.04 secs] 
2024-07-05T10:54:52.376+0800: 86.613: [GC (Allocation Failure) [PSYoungGen: 840448K->21547K(923648K)] 892247K->73354K(1031168K), 0.0311954 secs] [Times: user=0.05 sys=0.01, real=0.03 secs] 
2024-07-05T10:54:54.243+0800: 88.480: [GC (Allocation Failure) [PSYoungGen: 910379K->17554K(928768K)] 962186K->69369K(1036288K), 0.0399318 secs] [Times: user=0.08 sys=0.00, real=0.04 secs] 
2024-07-05T10:54:55.744+0800: 89.981: [GC (Allocation Failure) [PSYoungGen: 906386K->21056K(983040K)] 958201K->72879K(1090560K), 0.0272936 secs] [Times: user=0.04 sys=0.02, real=0.02 secs] 
2024-07-05T10:54:57.219+0800: 91.455: [GC (Allocation Failure) [PSYoungGen: 969280K->29152K(987136K)] 1021103K->80983K(1094656K), 0.0342245 secs] [Times: user=0.05 sys=0.02, real=0.03 secs] 
2024-07-05T10:54:58.878+0800: 93.115: [GC (Allocation Failure) [PSYoungGen: 977376K->25216K(1007104K)] 1029207K->77055K(1114624K), 0.0358757 secs] [Times: user=0.06 sys=0.01, real=0.04 secs] 
2024-07-05T10:55:00.510+0800: 94.747: [GC (Allocation Failure) [PSYoungGen: 995456K->21424K(1008128K)] 1047295K->73271K(1115648K), 0.0328073 secs] [Times: user=0.05 sys=0.00, real=0.04 secs] 
2024-07-05T10:55:02.107+0800: 96.344: [GC (Allocation Failure) [PSYoungGen: 991664K->20768K(1008128K)] 1043511K->72623K(1115648K), 0.0211280 secs] [Times: user=0.04 sys=0.00, real=0.02 secs] 
2024-07-05T10:55:03.513+0800: 97.750: [GC (Allocation Failure) [PSYoungGen: 994080K->10358K(1009664K)] 1045935K->62221K(1117184K), 0.0082638 secs] [Times: user=0.01 sys=0.00, real=0.01 secs] 
2024-07-05T10:55:05.004+0800: 99.241: [GC (Allocation Failure) [PSYoungGen: 983670K->24816K(1011712K)] 1035533K->76687K(1119232K), 0.0229891 secs] [Times: user=0.04 sys=0.00, real=0.02 secs] 
2024-07-05T10:55:06.422+0800: 100.659: [GC (Allocation Failure) [PSYoungGen: 999152K->22256K(996864K)] 1051023K->74135K(1104384K), 0.0234597 secs] [Times: user=0.05 sys=0.00, real=0.02 secs] 
2024-07-05T10:55:07.870+0800: 102.107: [GC (Allocation Failure) [PSYoungGen: 996592K->28640K(1009664K)] 1048471K->80535K(1117184K), 0.0303590 secs] [Times: user=0.05 sys=0.01, real=0.03 secs] 
2024-07-05T10:55:09.387+0800: 103.624: [GC (Allocation Failure) [PSYoungGen: 1002464K->29296K(1010176K)] 1054359K->81199K(1117696K), 0.0295503 secs] [Times: user=0.05 sys=0.00, real=0.03 secs] 
2024-07-05T10:55:10.850+0800: 105.087: [GC (Allocation Failure) [PSYoungGen: 1003120K->22640K(1011200K)] 1055023K->74551K(1118720K), 0.0246367 secs] [Times: user=0.05 sys=0.00, real=0.03 secs] 
2024-07-05T10:55:12.219+0800: 106.455: [GC (Allocation Failure) [PSYoungGen: 997488K->27840K(1011200K)] 1049399K->79759K(1118720K), 0.0268684 secs] [Times: user=0.05 sys=0.00, real=0.03 secs] 
2024-07-05T10:55:13.697+0800: 107.934: [GC (Allocation Failure) [PSYoungGen: 1002688K->10368K(1009664K)] 1054607K->62295K(1117184K), 0.0115254 secs] [Times: user=0.01 sys=0.00, real=0.01 secs] 
2024-07-05T10:55:15.011+0800: 109.248: [GC (Allocation Failure) [PSYoungGen: 983168K->22331K(995328K)] 1035095K->74266K(1102848K), 0.0204872 secs] [Times: user=0.04 sys=0.00, real=0.02 secs] 
2024-07-05T10:55:16.421+0800: 110.658: [GC (Allocation Failure) [PSYoungGen: 995131K->28320K(1009664K)] 1047066K->80263K(1117184K), 0.0270828 secs] [Times: user=0.05 sys=0.00, real=0.02 secs] 
2024-07-05T10:55:17.915+0800: 112.152: [GC (Allocation Failure) [PSYoungGen: 1001632K->16528K(1010176K)] 1053575K->68479K(1117696K), 0.0303518 secs] [Times: user=0.04 sys=0.00, real=0.03 secs] 
2024-07-05T10:55:19.377+0800: 113.614: [GC (Allocation Failure) [PSYoungGen: 989840K->23536K(1009664K)] 1041791K->75495K(1117184K), 0.0263648 secs] [Times: user=0.05 sys=0.00, real=0.03 secs] 
2024-07-05T10:55:21.029+0800: 115.266: [GC (Allocation Failure) [PSYoungGen: 998384K->20361K(1010688K)] 1050343K->72328K(1118208K), 0.0360214 secs] [Times: user=0.07 sys=0.00, real=0.04 secs] 
2024-07-05T10:55:22.553+0800: 116.790: [GC (Allocation Failure) [PSYoungGen: 995209K->28416K(1011712K)] 1047176K->80391K(1119232K), 0.0260758 secs] [Times: user=0.05 sys=0.00, real=0.02 secs] 
2024-07-05T10:55:23.981+0800: 118.218: [GC (Allocation Failure) [PSYoungGen: 1005312K->24160K(1012736K)] 1057287K->76143K(1120256K), 0.0250456 secs] [Times: user=0.04 sys=0.00, real=0.03 secs] 
2024-07-05T10:55:25.403+0800: 119.639: [GC (Allocation Failure) [PSYoungGen: 1001056K->5480K(1010176K)] 1053039K->57471K(1117696K), 0.0045489 secs] [Times: user=0.01 sys=0.00, real=0.00 secs] 
2024-07-05T10:55:26.739+0800: 120.976: [GC (Allocation Failure) [PSYoungGen: 980328K->33856K(1009152K)] 1032319K->85863K(1116672K), 0.0304204 secs] [Times: user=0.06 sys=0.00, real=0.03 secs] 
2024-07-05T10:55:28.249+0800: 122.486: [GC (Allocation Failure) [PSYoungGen: 1008704K->24352K(1009664K)] 1060711K->76367K(1117184K), 0.0255842 secs] [Times: user=0.05 sys=0.00, real=0.03 secs] 
2024-07-05T10:55:29.721+0800: 123.958: [GC (Allocation Failure) [PSYoungGen: 994592K->17312K(987648K)] 1046607K->69335K(1095168K), 0.0166974 secs] [Times: user=0.03 sys=0.00, real=0.01 secs] 
2024-07-05T10:55:31.102+0800: 125.339: [GC (Allocation Failure) [PSYoungGen: 987552K->26091K(1009152K)] 1039575K->78122K(1116672K), 0.0241976 secs] [Times: user=0.04 sys=0.00, real=0.02 secs] 
2024-07-05T10:55:32.546+0800: 126.783: [GC (Allocation Failure) [PSYoungGen: 996843K->26400K(1008640K)] 1048874K->78439K(1116160K), 0.0261312 secs] [Times: user=0.05 sys=0.00, real=0.02 secs] 
2024-07-05T10:55:33.951+0800: 128.188: [GC (Allocation Failure) [PSYoungGen: 997152K->16343K(1010176K)] 1049191K->68390K(1117696K), 0.0165595 secs] [Times: user=0.03 sys=0.00, real=0.02 secs] 
2024-07-05T10:55:35.305+0800: 129.542: [GC (Allocation Failure) [PSYoungGen: 988631K->20832K(993280K)] 1040678K->72887K(1100800K), 0.0212910 secs] [Times: user=0.04 sys=0.00, real=0.02 secs] 
2024-07-05T10:55:36.667+0800: 130.904: [GC (Allocation Failure) [PSYoungGen: 993120K->28080K(1008128K)] 1045175K->80143K(1115648K), 0.0282771 secs] [Times: user=0.05 sys=0.00, real=0.03 secs] 
2024-07-05T10:55:38.176+0800: 132.412: [GC (Allocation Failure) [PSYoungGen: 999856K->24912K(1009152K)] 1051919K->76983K(1116672K), 0.0225799 secs] [Times: user=0.04 sys=0.00, real=0.02 secs] 
2024-07-05T10:55:39.603+0800: 133.840: [GC (Allocation Failure) [PSYoungGen: 996688K->22624K(1009152K)] 1048759K->74711K(1116672K), 0.0228150 secs] [Times: user=0.04 sys=0.00, real=0.02 secs] 
2024-07-05T10:55:41.069+0800: 135.306: [GC (Allocation Failure) [PSYoungGen: 997472K->19712K(1010176K)] 1049559K->71807K(1117696K), 0.0179684 secs] [Times: user=0.03 sys=0.00, real=0.02 secs] 
2024-07-05T10:55:42.442+0800: 136.679: [GC (Allocation Failure) [PSYoungGen: 994560K->20288K(1010688K)] 1046655K->72391K(1118208K), 0.0192273 secs] [Times: user=0.04 sys=0.00, real=0.02 secs] 
2024-07-05T10:55:43.837+0800: 138.073: [GC (Allocation Failure) [PSYoungGen: 998720K->24064K(1012224K)] 1050823K->76175K(1119744K), 0.0252273 secs] [Times: user=0.04 sys=0.00, real=0.03 secs] 
2024-07-05T10:55:45.296+0800: 139.533: [GC (Allocation Failure) [PSYoungGen: 1002496K->17266K(1014272K)] 1054607K->69385K(1121792K), 0.0176969 secs] [Times: user=0.03 sys=0.00, real=0.02 secs] 
2024-07-05T10:55:46.699+0800: 140.936: [GC (Allocation Failure) [PSYoungGen: 998770K->26512K(1014784K)] 1050889K->78639K(1122304K), 0.0232287 secs] [Times: user=0.04 sys=0.00, real=0.03 secs] 
2024-07-05T10:55:48.173+0800: 142.410: [GC (Allocation Failure) [PSYoungGen: 1008016K->20112K(1014784K)] 1060143K->72255K(1122304K), 0.0206813 secs] [Times: user=0.04 sys=0.00, real=0.02 secs] 
2024-07-05T10:55:49.557+0800: 143.794: [GC (Allocation Failure) [PSYoungGen: 1001616K->26208K(1014784K)] 1053759K->78359K(1122304K), 0.0276413 secs] [Times: user=0.05 sys=0.00, real=0.03 secs] 
2024-07-05T10:55:50.930+0800: 145.167: [GC (Allocation Failure) [PSYoungGen: 1007712K->22672K(1013248K)] 1059863K->74831K(1120768K), 0.0204538 secs] [Times: user=0.04 sys=0.00, real=0.02 secs] 
2024-07-05T10:55:52.376+0800: 146.613: [GC (Allocation Failure) [PSYoungGen: 1004688K->17984K(1014272K)] 1056847K->70151K(1121792K), 0.0160668 secs] [Times: user=0.03 sys=0.00, real=0.01 secs] 
2024-07-05T10:55:53.776+0800: 148.013: [GC (Allocation Failure) [PSYoungGen: 1000000K->22000K(1014272K)] 1052167K->74175K(1121792K), 0.0344918 secs] [Times: user=0.04 sys=0.00, real=0.03 secs] 
2024-07-05T10:55:55.141+0800: 149.378: [GC (Allocation Failure) [PSYoungGen: 1006064K->27200K(1015296K)] 1058239K->79383K(1122816K), 0.0281149 secs] [Times: user=0.06 sys=0.00, real=0.02 secs] 
2024-07-05T10:55:56.592+0800: 150.829: [GC (Allocation Failure) [PSYoungGen: 1011264K->19131K(1016832K)] 1063447K->71322K(1124352K), 0.0178996 secs] [Times: user=0.03 sys=0.00, real=0.02 secs] 
2024-07-05T10:55:57.962+0800: 152.199: [GC (Allocation Failure) [PSYoungGen: 1003707K->20982K(1005568K)] 1055898K->73181K(1113088K), 0.0199479 secs] [Times: user=0.04 sys=0.00, real=0.02 secs] 
2024-07-05T10:55:59.398+0800: 153.635: [GC (Allocation Failure) [PSYoungGen: 1005558K->23312K(1016320K)] 1057757K->75519K(1123840K), 0.0234931 secs] [Times: user=0.05 sys=0.00, real=0.03 secs] 
2024-07-05T10:56:00.813+0800: 155.050: [GC (Allocation Failure) [PSYoungGen: 1008400K->20001K(1015808K)] 1060607K->72216K(1123328K), 0.0178214 secs] [Times: user=0.03 sys=0.00, real=0.01 secs] 
2024-07-05T10:56:02.189+0800: 156.426: [GC (Allocation Failure) [PSYoungGen: 1005089K->30192K(1012224K)] 1057304K->83843K(1119744K), 0.0354205 secs] [Times: user=0.06 sys=0.00, real=0.04 secs] 
2024-07-05T10:56:03.680+0800: 157.917: [GC (Allocation Failure) [PSYoungGen: 1012208K->25232K(1015296K)] 1065859K->78891K(1122816K), 0.0273639 secs] [Times: user=0.06 sys=0.00, real=0.03 secs] 
2024-07-05T10:56:05.162+0800: 159.399: [GC (Allocation Failure) [PSYoungGen: 1007248K->31504K(1011712K)] 1060907K->85163K(1119232K), 0.0339896 secs] [Times: user=0.07 sys=0.00, real=0.03 secs] 
2024-07-05T10:56:06.601+0800: 160.838: [GC (Allocation Failure) [PSYoungGen: 1010448K->19897K(1013760K)] 1064107K->73565K(1121280K), 0.0185018 secs] [Times: user=0.04 sys=0.00, real=0.02 secs] 
2024-07-05T10:56:07.972+0800: 162.209: [GC (Allocation Failure) [PSYoungGen: 998841K->34800K(1003520K)] 1052509K->94100K(1111040K), 0.0408670 secs] [Times: user=0.08 sys=0.00, real=0.04 secs] 
2024-07-05T10:56:09.410+0800: 163.647: [GC (Allocation Failure) [PSYoungGen: 1003504K->39920K(1008640K)] 1062804K->107121K(1116160K), 0.0650465 secs] [Times: user=0.11 sys=0.01, real=0.07 secs] 
2024-07-05T10:56:10.826+0800: 165.063: [GC (Allocation Failure) [PSYoungGen: 1008624K->39904K(987136K)] 1075825K->110232K(1094656K), 0.0502570 secs] [Times: user=0.09 sys=0.00, real=0.05 secs] 
2024-07-05T10:56:12.197+0800: 166.434: [GC (Allocation Failure) [PSYoungGen: 987104K->50682K(997888K)] 1057432K->127681K(1105408K), 0.0639481 secs] [Times: user=0.12 sys=0.00, real=0.07 secs] 
2024-07-05T10:56:13.533+0800: 167.770: [GC (Allocation Failure) [PSYoungGen: 997882K->50672K(952832K)] 1074881K->154459K(1060352K), 0.1142883 secs] [Times: user=0.20 sys=0.01, real=0.11 secs] 
2024-07-05T10:56:13.648+0800: 167.884: [Full GC (Ergonomics) [PSYoungGen: 50672K->0K(952832K)] [ParOldGen: 103786K->55805K(116736K)] 154459K->55805K(1069568K), [Metaspace: 12245K->12245K(1060864K)], 0.1678597 secs] [Times: user=0.32 sys=0.00, real=0.17 secs] 
2024-07-05T10:56:15.104+0800: 169.341: [GC (Allocation Failure) [PSYoungGen: 902144K->43984K(975360K)] 957949K->99789K(1092096K), 0.0541087 secs] [Times: user=0.11 sys=0.00, real=0.05 secs] 
2024-07-05T10:56:16.430+0800: 170.666: [GC (Allocation Failure) [PSYoungGen: 946128K->38336K(968192K)] 1001933K->94141K(1084928K), 0.0428329 secs] [Times: user=0.08 sys=0.00, real=0.04 secs] 
2024-07-05T10:56:17.730+0800: 171.967: [GC (Allocation Failure) [PSYoungGen: 941504K->37115K(972288K)] 997309K->92920K(1089024K), 0.0432787 secs] [Times: user=0.07 sys=0.01, real=0.05 secs] 
2024-07-05T10:56:19.058+0800: 173.295: [GC (Allocation Failure) [PSYoungGen: 940283K->38000K(973312K)] 996088K->93805K(1090048K), 0.0421568 secs] [Times: user=0.09 sys=0.00, real=0.04 secs] 
2024-07-05T10:56:20.359+0800: 174.596: [GC (Allocation Failure) [PSYoungGen: 951408K->38832K(976896K)] 1007213K->94637K(1093632K), 0.0439256 secs] [Times: user=0.08 sys=0.00, real=0.05 secs] 
2024-07-05T10:56:21.713+0800: 175.950: [GC (Allocation Failure) [PSYoungGen: 952240K->37568K(978432K)] 1008045K->93373K(1095168K), 0.0419959 secs] [Times: user=0.09 sys=0.00, real=0.05 secs] 
2024-07-05T10:56:23.057+0800: 177.294: [GC (Allocation Failure) [PSYoungGen: 961216K->41616K(982528K)] 1017021K->97421K(1099264K), 0.0500412 secs] [Times: user=0.09 sys=0.00, real=0.05 secs] 
2024-07-05T10:56:24.443+0800: 178.680: [GC (Allocation Failure) [PSYoungGen: 965264K->38291K(985088K)] 1021069K->94097K(1101824K), 0.0433320 secs] [Times: user=0.08 sys=0.00, real=0.04 secs] 
2024-07-05T10:56:25.818+0800: 180.055: [GC (Allocation Failure) [PSYoungGen: 969619K->48777K(987648K)] 1025425K->104583K(1104384K), 0.0497377 secs] [Times: user=0.10 sys=0.00, real=0.05 secs] 
2024-07-05T10:56:27.173+0800: 181.410: [GC (Allocation Failure) [PSYoungGen: 980105K->57904K(980480K)] 1035911K->113709K(1097216K), 0.0770407 secs] [Times: user=0.12 sys=0.00, real=0.07 secs] 
2024-07-05T10:56:28.597+0800: 182.834: [GC (Allocation Failure) [PSYoungGen: 979504K->55216K(976896K)] 1035309K->111021K(1093632K), 0.0607048 secs] [Times: user=0.12 sys=0.01, real=0.06 secs] 
2024-07-05T10:56:29.989+0800: 184.226: [GC (Allocation Failure) [PSYoungGen: 976816K->51056K(979968K)] 1032621K->106861K(1096704K), 0.0581519 secs] [Times: user=0.12 sys=0.00, real=0.06 secs] 
2024-07-05T10:56:31.373+0800: 185.610: [GC (Allocation Failure) [PSYoungGen: 964464K->49392K(980992K)] 1020269K->105197K(1097728K), 0.0554182 secs] [Times: user=0.11 sys=0.00, real=0.05 secs] 
2024-07-05T10:56:32.733+0800: 186.970: [GC (Allocation Failure) [PSYoungGen: 962800K->47120K(977920K)] 1018605K->102925K(1094656K), 0.0543118 secs] [Times: user=0.11 sys=0.00, real=0.05 secs] 
2024-07-05T10:56:34.134+0800: 188.371: [GC (Allocation Failure) [PSYoungGen: 960528K->45600K(979456K)] 1016333K->101405K(1096192K), 0.0582226 secs] [Times: user=0.10 sys=0.00, real=0.05 secs] 
2024-07-05T10:56:35.502+0800: 189.739: [GC (Allocation Failure) [PSYoungGen: 959008K->28208K(981504K)] 1014813K->98365K(1098240K), 0.0556685 secs] [Times: user=0.11 sys=0.00, real=0.05 secs] 
2024-07-05T10:56:36.886+0800: 191.123: [GC (Allocation Failure) [PSYoungGen: 945200K->27499K(982528K)] 1015357K->97665K(1099264K), 0.0271568 secs] [Times: user=0.05 sys=0.00, real=0.03 secs] 
2024-07-05T10:56:38.212+0800: 192.449: [GC (Allocation Failure) [PSYoungGen: 944491K->38000K(979968K)] 1014657K->108173K(1096704K), 0.0371650 secs] [Times: user=0.08 sys=0.00, real=0.04 secs] 
2024-07-05T10:56:39.577+0800: 193.814: [GC (Allocation Failure) [PSYoungGen: 955504K->37824K(981504K)] 1025677K->108005K(1098240K), 0.0388569 secs] [Times: user=0.07 sys=0.00, real=0.04 secs] 
2024-07-05T10:56:40.952+0800: 195.189: [GC (Allocation Failure) [PSYoungGen: 955328K->35712K(983040K)] 1025509K->105901K(1099776K), 0.0375117 secs] [Times: user=0.07 sys=0.00, real=0.04 secs] 
2024-07-05T10:56:42.282+0800: 196.519: [GC (Allocation Failure) [PSYoungGen: 958336K->36448K(983552K)] 1028525K->106645K(1100288K), 0.0322138 secs] [Times: user=0.06 sys=0.00, real=0.03 secs] 
2024-07-05T10:56:43.665+0800: 197.902: [GC (Allocation Failure) [PSYoungGen: 959072K->31184K(987136K)] 1029269K->101389K(1103872K), 0.0277828 secs] [Times: user=0.06 sys=0.00, real=0.02 secs] 
2024-07-05T10:56:45.062+0800: 199.299: [GC (Allocation Failure) [PSYoungGen: 958928K->10935K(986624K)] 1029133K->92152K(1103360K), 0.0232149 secs] [Times: user=0.04 sys=0.00, real=0.02 secs] 
2024-07-05T10:56:46.397+0800: 200.633: [GC (Allocation Failure) [PSYoungGen: 938679K->25616K(987648K)] 1019896K->106841K(1104384K), 0.0262446 secs] [Times: user=0.05 sys=0.00, real=0.03 secs] 
2024-07-05T10:56:47.788+0800: 202.025: [GC (Allocation Failure) [PSYoungGen: 951824K->22336K(948736K)] 1033049K->103569K(1065472K), 0.0239086 secs] [Times: user=0.05 sys=0.00, real=0.02 secs] 
2024-07-05T10:56:49.133+0800: 203.370: [GC (Allocation Failure) [PSYoungGen: 948544K->17872K(986624K)] 1029777K->99113K(1103360K), 0.0196398 secs] [Times: user=0.04 sys=0.00, real=0.01 secs] 
2024-07-05T10:56:50.468+0800: 204.705: [GC (Allocation Failure) [PSYoungGen: 944080K->13671K(986624K)] 1025321K->94920K(1103360K), 0.0165688 secs] [Times: user=0.02 sys=0.00, real=0.02 secs] 
2024-07-05T10:56:51.759+0800: 205.996: [GC (Allocation Failure) [PSYoungGen: 939879K->27392K(983552K)] 1021128K->108649K(1100288K), 0.0266990 secs] [Times: user=0.05 sys=0.00, real=0.03 secs] 
2024-07-05T10:56:53.085+0800: 207.322: [GC (Allocation Failure) [PSYoungGen: 954624K->23056K(985600K)] 1035881K->104321K(1102336K), 0.0242239 secs] [Times: user=0.04 sys=0.00, real=0.02 secs] 
2024-07-05T10:56:54.411+0800: 208.648: [GC (Allocation Failure) [PSYoungGen: 950288K->19360K(987648K)] 1031553K->100633K(1104384K), 0.0211903 secs] [Times: user=0.04 sys=0.00, real=0.02 secs] 
2024-07-05T10:56:55.743+0800: 209.979: [GC (Allocation Failure) [PSYoungGen: 952736K->16725K(989184K)] 1034009K->98006K(1105920K), 0.0168316 secs] [Times: user=0.03 sys=0.00, real=0.01 secs] 
2024-07-05T10:56:57.018+0800: 211.255: [GC (Allocation Failure) [PSYoungGen: 950101K->25104K(988160K)] 1031382K->106393K(1104896K), 0.0243554 secs] [Times: user=0.05 sys=0.00, real=0.03 secs] 
2024-07-05T10:56:58.377+0800: 212.614: [GC (Allocation Failure) [PSYoungGen: 963088K->13632K(990720K)] 1044377K->94929K(1107456K), 0.0135464 secs] [Times: user=0.02 sys=0.00, real=0.01 secs] 
2024-07-05T10:56:59.693+0800: 213.930: [GC (Allocation Failure) [PSYoungGen: 951616K->17056K(993280K)] 1032913K->98361K(1110016K), 0.0176369 secs] [Times: user=0.03 sys=0.00, real=0.01 secs] 
2024-07-05T10:57:01.069+0800: 215.306: [GC (Allocation Failure) [PSYoungGen: 960672K->24832K(994816K)] 1041977K->106145K(1111552K), 0.0259860 secs] [Times: user=0.05 sys=0.00, real=0.03 secs] 
2024-07-05T10:57:02.455+0800: 216.692: [GC (Allocation Failure) [PSYoungGen: 968448K->17517K(996352K)] 1049761K->98838K(1113088K), 0.0173988 secs] [Times: user=0.03 sys=0.00, real=0.01 secs] 
2024-07-05T10:57:03.890+0800: 218.127: [GC (Allocation Failure) [PSYoungGen: 966253K->21968K(996352K)] 1047574K->103297K(1113088K), 0.0202871 secs] [Times: user=0.04 sys=0.00, real=0.02 secs] 
2024-07-05T10:57:05.304+0800: 219.541: [GC (Allocation Failure) [PSYoungGen: 970704K->18592K(999424K)] 1052033K->99929K(1116160K), 0.0196823 secs] [Times: user=0.03 sys=0.00, real=0.02 secs] 
2024-07-05T10:57:06.697+0800: 220.934: [GC (Allocation Failure) [PSYoungGen: 973472K->27888K(998912K)] 1054809K->109233K(1115648K), 0.0282133 secs] [Times: user=0.05 sys=0.00, real=0.03 secs] 
2024-07-05T10:57:08.084+0800: 222.321: [GC (Allocation Failure) [PSYoungGen: 982768K->21062K(1001984K)] 1064113K->102416K(1118720K), 0.0193425 secs] [Times: user=0.04 sys=0.00, real=0.02 secs] 
2024-07-05T10:57:09.515+0800: 223.751: [GC (Allocation Failure) [PSYoungGen: 981574K->28432K(1003008K)] 1062928K->109793K(1119744K), 0.0291005 secs] [Times: user=0.05 sys=0.00, real=0.03 secs] 
2024-07-05T10:57:10.960+0800: 225.197: [GC (Allocation Failure) [PSYoungGen: 988944K->18272K(1004032K)] 1070305K->99641K(1120768K), 0.0209362 secs] [Times: user=0.04 sys=0.00, real=0.03 secs] 
2024-07-05T10:57:12.280+0800: 226.517: [GC (Allocation Failure) [PSYoungGen: 981856K->26048K(1005056K)] 1063225K->107425K(1121792K), 0.0264882 secs] [Times: user=0.05 sys=0.00, real=0.03 secs] 
2024-07-05T10:57:13.645+0800: 227.882: [GC (Allocation Failure) [PSYoungGen: 989632K->24009K(1004032K)] 1071009K->105395K(1120768K), 0.0221735 secs] [Times: user=0.04 sys=0.00, real=0.02 secs] 
2024-07-05T10:57:14.998+0800: 229.235: [GC (Allocation Failure) [PSYoungGen: 990665K->25488K(1005568K)] 1072051K->106881K(1122304K), 0.0256211 secs] [Times: user=0.05 sys=0.00, real=0.03 secs] 
2024-07-05T10:57:16.403+0800: 230.640: [GC (Allocation Failure) [PSYoungGen: 992144K->23216K(1006080K)] 1073537K->104617K(1122816K), 0.0204872 secs] [Times: user=0.04 sys=0.00, real=0.02 secs] 
2024-07-05T10:57:17.832+0800: 232.069: [GC (Allocation Failure) [PSYoungGen: 994480K->19728K(1008128K)] 1075881K->101137K(1124864K), 0.0207651 secs] [Times: user=0.04 sys=0.00, real=0.03 secs] 
2024-07-05T10:57:19.173+0800: 233.410: [GC (Allocation Failure) [PSYoungGen: 990992K->25424K(1010176K)] 1072401K->106841K(1126912K), 0.0273659 secs] [Times: user=0.05 sys=0.00, real=0.02 secs] 
2024-07-05T10:57:20.574+0800: 234.811: [GC (Allocation Failure) [PSYoungGen: 1000784K->27344K(1011200K)] 1082201K->108769K(1127936K), 0.0251961 secs] [Times: user=0.05 sys=0.00, real=0.02 secs] 
2024-07-05T10:57:22.018+0800: 236.255: [GC (Allocation Failure) [PSYoungGen: 1002704K->21680K(1011712K)] 1084129K->103113K(1128448K), 0.0226322 secs] [Times: user=0.04 sys=0.00, real=0.02 secs] 
2024-07-05T10:57:23.373+0800: 237.610: [GC (Allocation Failure) [PSYoungGen: 998576K->19040K(1012224K)] 1080009K->100481K(1128960K), 0.0186080 secs] [Times: user=0.04 sys=0.00, real=0.01 secs] 
2024-07-05T10:57:24.746+0800: 238.983: [GC (Allocation Failure) [PSYoungGen: 995936K->32080K(1009664K)] 1077377K->113529K(1126400K), 0.0322161 secs] [Times: user=0.05 sys=0.00, real=0.03 secs] 
2024-07-05T10:57:26.179+0800: 240.416: [GC (Allocation Failure) [PSYoungGen: 1006928K->21776K(1011712K)] 1088377K->103233K(1128448K), 0.0227922 secs] [Times: user=0.04 sys=0.00, real=0.03 secs] 
2024-07-05T10:57:27.553+0800: 241.790: [GC (Allocation Failure) [PSYoungGen: 996624K->12423K(1011200K)] 1078081K->93889K(1127936K), 0.0109300 secs] [Times: user=0.02 sys=0.00, real=0.01 secs] 
2024-07-05T10:57:28.955+0800: 243.192: [GC (Allocation Failure) [PSYoungGen: 987271K->31856K(1007104K)] 1068737K->113329K(1123840K), 0.0306539 secs] [Times: user=0.06 sys=0.00, real=0.03 secs] 
2024-07-05T10:57:30.412+0800: 244.649: [GC (Allocation Failure) [PSYoungGen: 1006704K->21776K(1010688K)] 1088177K->103257K(1127424K), 0.0336495 secs] [Times: user=0.05 sys=0.00, real=0.04 secs] 
2024-07-05T10:57:31.783+0800: 246.020: [GC (Allocation Failure) [PSYoungGen: 993552K->10648K(1009664K)] 1075033K->92138K(1126400K), 0.0086598 secs] [Times: user=0.02 sys=0.00, real=0.00 secs] 
2024-07-05T10:57:33.145+0800: 247.382: [GC (Allocation Failure) [PSYoungGen: 982424K->32992K(1005056K)] 1063914K->114489K(1121792K), 0.0299955 secs] [Times: user=0.06 sys=0.00, real=0.03 secs] 
2024-07-05T10:57:34.510+0800: 248.747: [GC (Allocation Failure) [PSYoungGen: 999648K->23264K(1007616K)] 1081145K->104769K(1124352K), 0.0244698 secs] [Times: user=0.05 sys=0.00, real=0.03 secs] 
2024-07-05T10:57:35.923+0800: 250.160: [GC (Allocation Failure) [PSYoungGen: 989920K->2466K(1005568K)] 1071425K->83980K(1122304K), 0.0024728 secs] [Times: user=0.00 sys=0.00, real=0.00 secs] 
2024-07-05T10:57:37.249+0800: 251.485: [GC (Allocation Failure) [PSYoungGen: 969122K->25984K(1007616K)] 1050636K->107505K(1124352K), 0.0218765 secs] [Times: user=0.04 sys=0.00, real=0.02 secs] 
2024-07-05T10:57:38.633+0800: 252.870: [GC (Allocation Failure) [PSYoungGen: 992640K->26272K(1007616K)] 1074161K->107801K(1124352K), 0.0257504 secs] [Times: user=0.05 sys=0.00, real=0.02 secs] 
2024-07-05T10:57:40.025+0800: 254.262: [GC (Allocation Failure) [PSYoungGen: 992928K->16192K(983040K)] 1074457K->97729K(1099776K), 0.0184284 secs] [Times: user=0.04 sys=0.00, real=0.02 secs] 
2024-07-05T10:57:41.391+0800: 255.628: [GC (Allocation Failure) [PSYoungGen: 982848K->17504K(1007616K)] 1064385K->99049K(1124352K), 0.0147130 secs] [Times: user=0.02 sys=0.00, real=0.02 secs] 
2024-07-05T10:57:42.745+0800: 256.982: [GC (Allocation Failure) [PSYoungGen: 985184K->30832K(1006592K)] 1066729K->112385K(1123328K), 0.0339399 secs] [Times: user=0.06 sys=0.00, real=0.03 secs] 
2024-07-05T10:57:44.149+0800: 258.385: [GC (Allocation Failure) [PSYoungGen: 998512K->21328K(1008128K)] 1080065K->102889K(1124864K), 0.0218360 secs] [Times: user=0.04 sys=0.00, real=0.02 secs] 
2024-07-05T10:57:45.481+0800: 259.717: [GC (Allocation Failure) [PSYoungGen: 990544K->19232K(1008128K)] 1072105K->100801K(1124864K), 0.0176475 secs] [Times: user=0.03 sys=0.00, real=0.02 secs] 
2024-07-05T10:57:46.865+0800: 261.102: [GC (Allocation Failure) [PSYoungGen: 988448K->26880K(1008640K)] 1070017K->108457K(1125376K), 0.0235158 secs] [Times: user=0.04 sys=0.00, real=0.02 secs] 
2024-07-05T10:57:48.305+0800: 262.542: [GC (Allocation Failure) [PSYoungGen: 997632K->24560K(1008640K)] 1079209K->106145K(1125376K), 0.0296797 secs] [Times: user=0.05 sys=0.00, real=0.03 secs] 
2024-07-05T10:57:49.695+0800: 263.932: [GC (Allocation Failure) [PSYoungGen: 995312K->8962K(1009152K)] 1076897K->90555K(1125888K), 0.0101240 secs] [Times: user=0.02 sys=0.00, real=0.01 secs] 
2024-07-05T10:57:51.041+0800: 265.278: [GC (Allocation Failure) [PSYoungGen: 980738K->25424K(1010176K)] 1062331K->107025K(1126912K), 0.0239291 secs] [Times: user=0.04 sys=0.00, real=0.02 secs] 
2024-07-05T10:57:52.472+0800: 266.709: [GC (Allocation Failure) [PSYoungGen: 997200K->26128K(1009664K)] 1078801K->107737K(1126400K), 0.0267392 secs] [Times: user=0.05 sys=0.00, real=0.03 secs] 
2024-07-05T10:57:53.851+0800: 268.088: [GC (Allocation Failure) [PSYoungGen: 997904K->19499K(991744K)] 1079513K->101117K(1108480K), 0.0195705 secs] [Times: user=0.03 sys=0.00, real=0.02 secs] 
2024-07-05T10:57:55.261+0800: 269.498: [GC (Allocation Failure) [PSYoungGen: 991275K->22016K(1010176K)] 1072893K->103641K(1126912K), 0.0231104 secs] [Times: user=0.04 sys=0.00, real=0.02 secs] 
2024-07-05T10:57:56.662+0800: 270.898: [GC (Allocation Failure) [PSYoungGen: 995328K->10150K(1009152K)] 1076953K->91783K(1125888K), 0.0093211 secs] [Times: user=0.02 sys=0.00, real=0.00 secs] 
2024-07-05T10:57:58.020+0800: 272.257: [GC (Allocation Failure) [PSYoungGen: 983462K->29888K(1009152K)] 1065095K->111529K(1125888K), 0.0272459 secs] [Times: user=0.05 sys=0.00, real=0.03 secs] 
2024-07-05T10:57:59.469+0800: 273.706: [GC (Allocation Failure) [PSYoungGen: 1002688K->22624K(1010688K)] 1084329K->104273K(1127424K), 0.0248000 secs] [Times: user=0.05 sys=0.00, real=0.03 secs] 
2024-07-05T10:58:00.865+0800: 275.102: [GC (Allocation Failure) [PSYoungGen: 995424K->20738K(1007104K)] 1077073K->102395K(1123840K), 0.0219234 secs] [Times: user=0.04 sys=0.00, real=0.02 secs] 
2024-07-05T10:58:02.247+0800: 276.484: [GC (Allocation Failure) [PSYoungGen: 994562K->19829K(1009152K)] 1076219K->101494K(1125888K), 0.0191541 secs] [Times: user=0.04 sys=0.00, real=0.02 secs] 
2024-07-05T10:58:03.633+0800: 277.870: [GC (Allocation Failure) [PSYoungGen: 993653K->23376K(1011200K)] 1075318K->105049K(1127936K), 0.0255238 secs] [Times: user=0.05 sys=0.00, real=0.02 secs] 
2024-07-05T10:58:05.012+0800: 279.249: [GC (Allocation Failure) [PSYoungGen: 1002320K->26768K(1012736K)] 1083993K->108449K(1129472K), 0.0251102 secs] [Times: user=0.05 sys=0.00, real=0.03 secs] 
2024-07-05T10:58:06.372+0800: 280.609: [GC (Allocation Failure) [PSYoungGen: 1005712K->23072K(1013760K)] 1087393K->104761K(1130496K), 0.0205704 secs] [Times: user=0.04 sys=0.00, real=0.02 secs] 
2024-07-05T10:58:07.794+0800: 282.031: [GC (Allocation Failure) [PSYoungGen: 1003040K->20688K(1013760K)] 1084729K->102385K(1130496K), 0.0230816 secs] [Times: user=0.04 sys=0.00, real=0.02 secs] 
2024-07-05T10:58:09.192+0800: 283.429: [GC (Allocation Failure) [PSYoungGen: 1000656K->26880K(1012736K)] 1082353K->108585K(1129472K), 0.0284335 secs] [Times: user=0.05 sys=0.00, real=0.03 secs] 
2024-07-05T10:58:10.553+0800: 284.790: [GC (Allocation Failure) [PSYoungGen: 1006848K->30704K(1010688K)] 1088553K->112417K(1127424K), 0.0302419 secs] [Times: user=0.06 sys=0.00, real=0.03 secs] 
2024-07-05T10:58:11.970+0800: 286.207: [GC (Allocation Failure) [PSYoungGen: 1010672K->13717K(1012224K)] 1092385K->95439K(1128960K), 0.0152346 secs] [Times: user=0.02 sys=0.01, real=0.02 secs] 
2024-07-05T10:58:13.337+0800: 287.574: [GC (Allocation Failure) [PSYoungGen: 990613K->25632K(1012736K)] 1072335K->107361K(1129472K), 0.0252911 secs] [Times: user=0.04 sys=0.00, real=0.03 secs] 
2024-07-05T10:58:14.699+0800: 288.936: [GC (Allocation Failure) [PSYoungGen: 1002528K->14263K(1012736K)] 1084257K->96000K(1129472K), 0.0140487 secs] [Times: user=0.03 sys=0.00, real=0.01 secs] 
2024-07-05T10:58:16.057+0800: 290.294: [GC (Allocation Failure) [PSYoungGen: 991159K->26681K(1004032K)] 1072896K->108427K(1120768K), 0.0231433 secs] [Times: user=0.04 sys=0.00, real=0.02 secs] 
2024-07-05T10:58:17.445+0800: 291.682: [GC (Allocation Failure) [PSYoungGen: 1003577K->24080K(1012736K)] 1085323K->105833K(1129472K), 0.0324307 secs] [Times: user=0.05 sys=0.00, real=0.03 secs] 
2024-07-05T10:58:18.858+0800: 293.095: [GC (Allocation Failure) [PSYoungGen: 1000464K->9041K(985600K)] 1082217K->90803K(1102336K), 0.0095555 secs] [Times: user=0.02 sys=0.00, real=0.01 secs] 
2024-07-05T10:58:20.188+0800: 294.425: [GC (Allocation Failure) [PSYoungGen: 985425K->30000K(1008640K)] 1067187K->111769K(1125376K), 0.0270220 secs] [Times: user=0.05 sys=0.00, real=0.03 secs] 
2024-07-05T10:58:21.558+0800: 295.795: [GC (Allocation Failure) [PSYoungGen: 1001776K->23968K(1010176K)] 1083545K->105745K(1126912K), 0.0240428 secs] [Times: user=0.04 sys=0.00, real=0.03 secs] 
2024-07-05T10:58:22.957+0800: 297.194: [GC (Allocation Failure) [PSYoungGen: 995744K->9274K(1009152K)] 1077521K->91060K(1125888K), 0.0099551 secs] [Times: user=0.02 sys=0.00, real=0.01 secs] 
2024-07-05T10:58:24.259+0800: 298.496: [GC (Allocation Failure) [PSYoungGen: 981050K->26352K(1010176K)] 1062836K->108145K(1126912K), 0.0223441 secs] [Times: user=0.04 sys=0.00, real=0.03 secs] 
2024-07-05T10:58:25.626+0800: 299.863: [GC (Allocation Failure) [PSYoungGen: 998128K->25712K(1010176K)] 1079921K->107513K(1126912K), 0.0249202 secs] [Times: user=0.05 sys=0.00, real=0.02 secs] 
2024-07-05T10:58:27.015+0800: 301.252: [GC (Allocation Failure) [PSYoungGen: 997488K->11978K(1010176K)] 1079289K->93788K(1126912K), 0.0127620 secs] [Times: user=0.02 sys=0.00, real=0.01 secs] 
2024-07-05T10:58:28.384+0800: 302.621: [GC (Allocation Failure) [PSYoungGen: 983754K->22521K(1008128K)] 1065564K->104339K(1124864K), 0.0228178 secs] [Times: user=0.05 sys=0.00, real=0.02 secs] 
2024-07-05T10:58:29.769+0800: 304.006: [GC (Allocation Failure) [PSYoungGen: 994297K->28368K(1009152K)] 1076115K->110193K(1125888K), 0.0297442 secs] [Times: user=0.06 sys=0.00, real=0.03 secs] 
2024-07-05T10:58:31.219+0800: 305.456: [GC (Allocation Failure) [PSYoungGen: 1000144K->15936K(1010688K)] 1081969K->97769K(1127424K), 0.0187348 secs] [Times: user=0.03 sys=0.00, real=0.02 secs] 
2024-07-05T10:58:32.659+0800: 306.896: [GC (Allocation Failure) [PSYoungGen: 988224K->21728K(994304K)] 1070057K->103569K(1111040K), 0.0223120 secs] [Times: user=0.04 sys=0.01, real=0.03 secs] 
2024-07-05T10:58:34.029+0800: 308.266: [GC (Allocation Failure) [PSYoungGen: 994016K->23120K(1009664K)] 1075857K->104969K(1126400K), 0.0215383 secs] [Times: user=0.04 sys=0.00, real=0.02 secs] 
2024-07-05T10:58:35.483+0800: 309.720: [GC (Allocation Failure) [PSYoungGen: 996432K->18896K(1008640K)] 1078281K->100753K(1125376K), 0.0212899 secs] [Times: user=0.04 sys=0.00, real=0.02 secs] 
2024-07-05T10:58:36.863+0800: 311.100: [GC (Allocation Failure) [PSYoungGen: 992208K->16831K(1012224K)] 1074065K->98696K(1128960K), 0.0133226 secs] [Times: user=0.03 sys=0.00, real=0.01 secs] 
2024-07-05T10:58:38.241+0800: 312.478: [GC (Allocation Failure) [PSYoungGen: 994751K->29024K(1011712K)] 1076616K->110897K(1128448K), 0.0314617 secs] [Times: user=0.05 sys=0.00, real=0.02 secs] 
2024-07-05T10:58:39.713+0800: 313.950: [GC (Allocation Failure) [PSYoungGen: 1006944K->17312K(1013248K)] 1088817K->99193K(1129984K), 0.0209045 secs] [Times: user=0.04 sys=0.00, real=0.02 secs] 
2024-07-05T10:58:41.117+0800: 315.354: [GC (Allocation Failure) [PSYoungGen: 994720K->19082K(996864K)] 1076601K->100971K(1113600K), 0.0186040 secs] [Times: user=0.03 sys=0.00, real=0.02 secs] 
2024-07-05T10:58:42.482+0800: 316.719: [GC (Allocation Failure) [PSYoungGen: 996490K->28560K(1010176K)] 1078379K->110457K(1126912K), 0.0290959 secs] [Times: user=0.06 sys=0.00, real=0.02 secs] 
2024-07-05T10:58:43.913+0800: 318.150: [GC (Allocation Failure) [PSYoungGen: 1004432K->10336K(1011712K)] 1086329K->92241K(1128448K), 0.0125252 secs] [Times: user=0.02 sys=0.00, real=0.01 secs] 
2024-07-05T10:58:45.265+0800: 319.502: [GC (Allocation Failure) [PSYoungGen: 986208K->19904K(1010176K)] 1068113K->101818K(1126912K), 0.0185132 secs] [Times: user=0.04 sys=0.00, real=0.02 secs] 
2024-07-05T10:58:46.633+0800: 320.870: [GC (Allocation Failure) [PSYoungGen: 996288K->27600K(1011200K)] 1078202K->109521K(1127936K), 0.0286403 secs] [Times: user=0.05 sys=0.00, real=0.03 secs] 
2024-07-05T10:58:48.045+0800: 322.282: [GC (Allocation Failure) [PSYoungGen: 1003984K->17158K(1013248K)] 1085905K->99088K(1129984K), 0.0167621 secs] [Times: user=0.03 sys=0.00, real=0.02 secs] 
2024-07-05T10:58:49.423+0800: 323.660: [GC (Allocation Failure) [PSYoungGen: 994566K->19160K(996864K)] 1076496K->101098K(1113600K), 0.0174264 secs] [Times: user=0.04 sys=0.00, real=0.01 secs] 
2024-07-05T10:58:50.793+0800: 325.030: [GC (Allocation Failure) [PSYoungGen: 996568K->27232K(1010688K)] 1078506K->109177K(1127424K), 0.0275397 secs] [Times: user=0.05 sys=0.00, real=0.02 secs] 
2024-07-05T10:58:52.194+0800: 326.431: [GC (Allocation Failure) [PSYoungGen: 1003616K->19938K(1011712K)] 1085561K->101891K(1128448K), 0.0191026 secs] [Times: user=0.04 sys=0.00, real=0.01 secs] 
2024-07-05T10:58:53.573+0800: 327.810: [GC (Allocation Failure) [PSYoungGen: 996322K->17712K(1011200K)] 1078275K->99673K(1127936K), 0.0173775 secs] [Times: user=0.03 sys=0.00, real=0.01 secs] 
2024-07-05T10:58:54.929+0800: 329.166: [GC (Allocation Failure) [PSYoungGen: 996656K->26000K(1012224K)] 1078617K->107969K(1128960K), 0.0253980 secs] [Times: user=0.05 sys=0.00, real=0.03 secs] 
2024-07-05T10:58:56.313+0800: 330.550: [GC (Allocation Failure) [PSYoungGen: 1004944K->29072K(1011200K)] 1086913K->111049K(1127936K), 0.0269163 secs] [Times: user=0.06 sys=0.00, real=0.02 secs] 
2024-07-05T10:58:57.732+0800: 331.969: [GC (Allocation Failure) [PSYoungGen: 1005968K->19600K(1012736K)] 1087945K->101585K(1129472K), 0.0212872 secs] [Times: user=0.04 sys=0.00, real=0.03 secs] 
2024-07-05T10:58:59.087+0800: 333.324: [GC (Allocation Failure) [PSYoungGen: 996496K->17483K(1011200K)] 1078481K->99476K(1127936K), 0.0151599 secs] [Times: user=0.03 sys=0.00, real=0.02 secs] 
2024-07-05T10:59:00.473+0800: 334.710: [GC (Allocation Failure) [PSYoungGen: 995403K->29024K(1012224K)] 1077396K->111025K(1128960K), 0.0278190 secs] [Times: user=0.05 sys=0.00, real=0.02 secs] 
2024-07-05T10:59:01.934+0800: 336.171: [GC (Allocation Failure) [PSYoungGen: 1006944K->17152K(1013248K)] 1088945K->99161K(1129984K), 0.0200692 secs] [Times: user=0.03 sys=0.00, real=0.02 secs] 
2024-07-05T10:59:03.252+0800: 337.489: [GC (Allocation Failure) [PSYoungGen: 994560K->21744K(999424K)] 1076569K->103761K(1116160K), 0.0175080 secs] [Times: user=0.04 sys=0.00, real=0.02 secs] 
2024-07-05T10:59:04.668+0800: 338.905: [GC (Allocation Failure) [PSYoungGen: 999152K->26544K(1010176K)] 1081169K->108569K(1126912K), 0.0270173 secs] [Times: user=0.05 sys=0.00, real=0.03 secs] 
2024-07-05T10:59:06.096+0800: 340.333: [GC (Allocation Failure) [PSYoungGen: 1002928K->13232K(1011200K)] 1084953K->95265K(1127936K), 0.0149387 secs] [Times: user=0.03 sys=0.00, real=0.01 secs] 
2024-07-05T10:59:07.391+0800: 341.628: [GC (Allocation Failure) [PSYoungGen: 989616K->24252K(1013760K)] 1071649K->106294K(1130496K), 0.0208026 secs] [Times: user=0.03 sys=0.00, real=0.02 secs] 
2024-07-05T10:59:08.805+0800: 343.042: [GC (Allocation Failure) [PSYoungGen: 1003196K->25760K(1013760K)] 1085238K->107809K(1130496K), 0.0255471 secs] [Times: user=0.05 sys=0.00, real=0.02 secs] 
2024-07-05T10:59:10.242+0800: 344.479: [GC (Allocation Failure) [PSYoungGen: 1004704K->11944K(1012736K)] 1086753K->94002K(1129472K), 0.0138735 secs] [Times: user=0.02 sys=0.00, real=0.01 secs] 
2024-07-05T10:59:11.542+0800: 345.779: [GC (Allocation Failure) [PSYoungGen: 989864K->27552K(1005568K)] 1071922K->109617K(1122304K), 0.0250268 secs] [Times: user=0.05 sys=0.00, real=0.02 secs] 
2024-07-05T10:59:12.962+0800: 347.199: [GC (Allocation Failure) [PSYoungGen: 1005472K->24912K(1012224K)] 1087537K->106985K(1128960K), 0.0254675 secs] [Times: user=0.05 sys=0.00, real=0.02 secs] 
2024-07-05T10:59:14.347+0800: 348.583: [GC (Allocation Failure) [PSYoungGen: 1000784K->17051K(993280K)] 1082857K->99132K(1110016K), 0.0194926 secs] [Times: user=0.03 sys=0.00, real=0.02 secs] 
2024-07-05T10:59:15.666+0800: 349.903: [GC (Allocation Failure) [PSYoungGen: 992923K->27280K(1011200K)] 1075004K->109369K(1127936K), 0.0250809 secs] [Times: user=0.05 sys=0.00, real=0.02 secs] 
2024-07-05T10:59:17.092+0800: 351.329: [GC (Allocation Failure) [PSYoungGen: 1002640K->23536K(1011712K)] 1084729K->105633K(1128448K), 0.0238727 secs] [Times: user=0.05 sys=0.00, real=0.03 secs] 
2024-07-05T10:59:18.453+0800: 352.690: [GC (Allocation Failure) [PSYoungGen: 998896K->21456K(1010688K)] 1080993K->103561K(1127424K), 0.0208088 secs] [Times: user=0.04 sys=0.00, real=0.02 secs] 
2024-07-05T10:59:19.816+0800: 354.053: [GC (Allocation Failure) [PSYoungGen: 998352K->22194K(1011200K)] 1080457K->104307K(1127936K), 0.0206305 secs] [Times: user=0.04 sys=0.00, real=0.02 secs] 
2024-07-05T10:59:21.197+0800: 355.434: [GC (Allocation Failure) [PSYoungGen: 999090K->24144K(1013760K)] 1081203K->106265K(1130496K), 0.0244460 secs] [Times: user=0.05 sys=0.00, real=0.03 secs] 
2024-07-05T10:59:22.561+0800: 356.798: [GC (Allocation Failure) [PSYoungGen: 1005136K->29088K(1013760K)] 1087257K->111217K(1130496K), 0.0295150 secs] [Times: user=0.06 sys=0.00, real=0.03 secs] 
2024-07-05T10:59:23.957+0800: 358.194: [GC (Allocation Failure) [PSYoungGen: 1010080K->23888K(1014784K)] 1092209K->106025K(1131520K), 0.0213074 secs] [Times: user=0.04 sys=0.00, real=0.02 secs] 
2024-07-05T10:59:25.417+0800: 359.654: [GC (Allocation Failure) [PSYoungGen: 1004880K->23248K(1014272K)] 1087017K->105393K(1131008K), 0.0250099 secs] [Times: user=0.05 sys=0.00, real=0.03 secs] 
2024-07-05T10:59:26.827+0800: 361.064: [GC (Allocation Failure) [PSYoungGen: 1004240K->25936K(1014272K)] 1086385K->108089K(1131008K), 0.0271224 secs] [Times: user=0.05 sys=0.00, real=0.03 secs] 
2024-07-05T10:59:28.215+0800: 362.452: [GC (Allocation Failure) [PSYoungGen: 1007440K->31664K(1013248K)] 1089593K->113825K(1129984K), 0.0299706 secs] [Times: user=0.06 sys=0.00, real=0.03 secs] 
2024-07-05T10:59:29.709+0800: 363.946: [GC (Allocation Failure) [PSYoungGen: 1013168K->24059K(1014784K)] 1095329K->106229K(1131520K), 0.0223914 secs] [Times: user=0.05 sys=0.00, real=0.02 secs] 
2024-07-05T10:59:31.201+0800: 365.438: [GC (Allocation Failure) [PSYoungGen: 1004027K->23360K(1003520K)] 1086197K->105537K(1120256K), 0.0242865 secs] [Times: user=0.04 sys=0.00, real=0.02 secs] 
2024-07-05T10:59:32.616+0800: 366.853: [GC (Allocation Failure) [PSYoungGen: 1003328K->24016K(1014272K)] 1085505K->106201K(1131008K), 0.0225107 secs] [Times: user=0.04 sys=0.00, real=0.02 secs] 
2024-07-05T10:59:33.975+0800: 368.212: [GC (Allocation Failure) [PSYoungGen: 1005008K->23225K(1013248K)] 1087193K->105418K(1129984K), 0.0205943 secs] [Times: user=0.04 sys=0.00, real=0.02 secs] 
2024-07-05T10:59:35.374+0800: 369.611: [GC (Allocation Failure) [PSYoungGen: 1004217K->22816K(1015296K)] 1086410K->105017K(1132032K), 0.0260213 secs] [Times: user=0.05 sys=0.00, real=0.02 secs] 
2024-07-05T10:59:36.776+0800: 371.013: [GC (Allocation Failure) [PSYoungGen: 1006368K->17024K(1014784K)] 1088569K->99233K(1131520K), 0.0151127 secs] [Times: user=0.03 sys=0.00, real=0.01 secs] 
2024-07-05T10:59:38.129+0800: 372.366: [GC (Allocation Failure) [PSYoungGen: 1000576K->31440K(1012736K)] 1082785K->113657K(1129472K), 0.0341885 secs] [Times: user=0.06 sys=0.00, real=0.04 secs] 
2024-07-05T10:59:39.601+0800: 373.838: [GC (Allocation Failure) [PSYoungGen: 1012432K->19904K(1014784K)] 1094649K->102129K(1131520K), 0.0210711 secs] [Times: user=0.04 sys=0.00, real=0.02 secs] 
2024-07-05T10:59:40.973+0800: 375.210: [GC (Allocation Failure) [PSYoungGen: 1000896K->18268K(1014272K)] 1083121K->100502K(1131008K), 0.0142359 secs] [Times: user=0.03 sys=0.00, real=0.01 secs] 
2024-07-05T10:59:42.341+0800: 376.578: [GC (Allocation Failure) [PSYoungGen: 999772K->28304K(1010176K)] 1082006K->110545K(1126912K), 0.0289138 secs] [Times: user=0.06 sys=0.00, real=0.02 secs] 
2024-07-05T10:59:43.811+0800: 378.048: [GC (Allocation Failure) [PSYoungGen: 1009808K->19858K(1014784K)] 1092049K->102107K(1131520K), 0.0181788 secs] [Times: user=0.04 sys=0.00, real=0.02 secs] 
2024-07-05T10:59:45.253+0800: 379.490: [GC (Allocation Failure) [PSYoungGen: 1000338K->21392K(1001984K)] 1082587K->103649K(1118720K), 0.0283592 secs] [Times: user=0.05 sys=0.00, real=0.03 secs] 
2024-07-05T10:59:46.715+0800: 380.952: [GC (Allocation Failure) [PSYoungGen: 1001872K->25824K(1013760K)] 1084129K->108089K(1130496K), 0.0262250 secs] [Times: user=0.05 sys=0.00, real=0.03 secs] 
2024-07-05T10:59:48.193+0800: 382.430: [GC (Allocation Failure) [PSYoungGen: 1006304K->10648K(1013760K)] 1088569K->92922K(1130496K), 0.0126054 secs] [Times: user=0.02 sys=0.00, real=0.02 secs] 
2024-07-05T10:59:49.555+0800: 383.792: [GC (Allocation Failure) [PSYoungGen: 991128K->30144K(1010176K)] 1073402K->112425K(1126912K), 0.0275066 secs] [Times: user=0.06 sys=0.00, real=0.03 secs] 
2024-07-05T10:59:50.963+0800: 385.200: [GC (Allocation Failure) [PSYoungGen: 1006016K->24000K(1012224K)] 1088297K->106289K(1128960K), 0.0244706 secs] [Times: user=0.05 sys=0.00, real=0.02 secs] 
2024-07-05T10:59:52.351+0800: 386.588: [GC (Allocation Failure) [PSYoungGen: 999872K->15414K(1011200K)] 1082161K->97711K(1127936K), 0.0152561 secs] [Times: user=0.03 sys=0.00, real=0.02 secs] 
2024-07-05T10:59:53.702+0800: 387.939: [GC (Allocation Failure) [PSYoungGen: 992310K->28256K(1012224K)] 1074607K->110561K(1128960K), 0.0248074 secs] [Times: user=0.05 sys=0.00, real=0.02 secs] 
2024-07-05T10:59:55.101+0800: 389.338: [GC (Allocation Failure) [PSYoungGen: 1005152K->23488K(1012224K)] 1087457K->105801K(1128960K), 0.0241867 secs] [Times: user=0.04 sys=0.00, real=0.02 secs] 
2024-07-05T10:59:56.497+0800: 390.734: [GC (Allocation Failure) [PSYoungGen: 1000384K->20912K(1012224K)] 1082697K->103233K(1128960K), 0.0213863 secs] [Times: user=0.03 sys=0.00, real=0.02 secs] 
2024-07-05T10:59:57.847+0800: 392.084: [GC (Allocation Failure) [PSYoungGen: 997808K->29840K(1010688K)] 1080129K->112169K(1127424K), 0.0272449 secs] [Times: user=0.05 sys=0.00, real=0.03 secs] 
2024-07-05T10:59:59.270+0800: 393.507: [GC (Allocation Failure) [PSYoungGen: 1006224K->23424K(1012224K)] 1088553K->105761K(1128960K), 0.0246398 secs] [Times: user=0.05 sys=0.00, real=0.03 secs] 
2024-07-05T11:00:00.709+0800: 394.946: [GC (Allocation Failure) [PSYoungGen: 999808K->27136K(1012224K)] 1082145K->109481K(1128960K), 0.0276823 secs] [Times: user=0.05 sys=0.00, real=0.03 secs] 
2024-07-05T11:00:02.184+0800: 396.421: [GC (Allocation Failure) [PSYoungGen: 1005056K->16608K(1012736K)] 1087401K->98961K(1129472K), 0.0198189 secs] [Times: user=0.04 sys=0.00, real=0.02 secs] 
2024-07-05T11:00:03.527+0800: 397.763: [GC (Allocation Failure) [PSYoungGen: 994528K->23062K(1011200K)] 1076881K->105424K(1127936K), 0.0202921 secs] [Times: user=0.04 sys=0.00, real=0.02 secs] 
2024-07-05T11:00:05.025+0800: 399.262: [GC (Allocation Failure) [PSYoungGen: 1001494K->26688K(1012224K)] 1083856K->109057K(1128960K), 0.0293810 secs] [Times: user=0.05 sys=0.00, real=0.03 secs] 
2024-07-05T11:00:06.503+0800: 400.740: [GC (Allocation Failure) [PSYoungGen: 1005120K->31472K(1010176K)] 1087489K->113849K(1126912K), 0.0308653 secs] [Times: user=0.06 sys=0.00, real=0.03 secs] 
2024-07-05T11:00:07.963+0800: 402.200: [GC (Allocation Failure) [PSYoungGen: 1007344K->18752K(1012224K)] 1089721K->101137K(1128960K), 0.0201867 secs] [Times: user=0.04 sys=0.00, real=0.02 secs] 
2024-07-05T11:00:09.329+0800: 403.566: [GC (Allocation Failure) [PSYoungGen: 994624K->27296K(1011712K)] 1077009K->109689K(1128448K), 0.0276601 secs] [Times: user=0.05 sys=0.00, real=0.03 secs] 
2024-07-05T11:00:10.717+0800: 404.954: [GC (Allocation Failure) [PSYoungGen: 1003680K->19947K(1012224K)] 1086073K->102349K(1128960K), 0.0190495 secs] [Times: user=0.04 sys=0.00, real=0.02 secs] 
2024-07-05T11:00:12.105+0800: 406.342: [GC (Allocation Failure) [PSYoungGen: 996331K->16233K(1012224K)] 1078733K->98643K(1128960K), 0.0224147 secs] [Times: user=0.03 sys=0.00, real=0.02 secs] 
2024-07-05T11:00:13.459+0800: 407.695: [GC (Allocation Failure) [PSYoungGen: 993129K->26528K(1012736K)] 1075539K->108945K(1129472K), 0.0258869 secs] [Times: user=0.05 sys=0.00, real=0.03 secs] 
2024-07-05T11:00:14.836+0800: 409.073: [GC (Allocation Failure) [PSYoungGen: 1003424K->21552K(1010688K)] 1085841K->103977K(1127424K), 0.0194190 secs] [Times: user=0.04 sys=0.00, real=0.02 secs] 
2024-07-05T11:00:16.239+0800: 410.476: [GC (Allocation Failure) [PSYoungGen: 998448K->19616K(1011712K)] 1080873K->102049K(1128448K), 0.0203359 secs] [Times: user=0.04 sys=0.00, real=0.02 secs] 
2024-07-05T11:00:17.563+0800: 411.799: [GC (Allocation Failure) [PSYoungGen: 996512K->27376K(1013248K)] 1078945K->109817K(1129984K), 0.0265484 secs] [Times: user=0.05 sys=0.00, real=0.02 secs] 
2024-07-05T11:00:18.965+0800: 413.202: [GC (Allocation Failure) [PSYoungGen: 1006320K->20656K(1013760K)] 1088761K->103105K(1130496K), 0.0200627 secs] [Times: user=0.03 sys=0.00, real=0.02 secs] 
2024-07-05T11:00:20.353+0800: 414.590: [GC (Allocation Failure) [PSYoungGen: 999600K->18680K(1012736K)] 1082049K->101138K(1129472K), 0.0191876 secs] [Times: user=0.03 sys=0.00, real=0.01 secs] 
2024-07-05T11:00:21.716+0800: 415.953: [GC (Allocation Failure) [PSYoungGen: 998136K->25568K(1013248K)] 1080594K->108033K(1129984K), 0.0251061 secs] [Times: user=0.05 sys=0.00, real=0.02 secs] 
2024-07-05T11:00:23.085+0800: 417.322: [GC (Allocation Failure) [PSYoungGen: 1005024K->28144K(1012736K)] 1087489K->110617K(1129472K), 0.0289803 secs] [Times: user=0.06 sys=0.00, real=0.03 secs] 
2024-07-05T11:00:25.144+0800: 419.381: [GC (Allocation Failure) [PSYoungGen: 1007088K->33573K(1012736K)] 1089561K->116062K(1129472K), 0.0494786 secs] [Times: user=0.09 sys=0.00, real=0.05 secs] 
2024-07-05T11:00:27.482+0800: 421.719: [GC (Allocation Failure) [PSYoungGen: 1012517K->35817K(1002496K)] 1095006K->120140K(1119232K), 0.0376406 secs] [Times: user=0.07 sys=0.00, real=0.03 secs] 
2024-07-05T11:00:29.592+0800: 423.829: [GC (Allocation Failure) [PSYoungGen: 1002473K->40937K(1007616K)] 1086796K->127878K(1124352K), 0.0522055 secs] [Times: user=0.10 sys=0.00, real=0.06 secs] 
2024-07-05T11:00:31.119+0800: 425.356: [GC (Allocation Failure) [PSYoungGen: 1007593K->40956K(988160K)] 1094534K->132296K(1104896K), 0.0427109 secs] [Times: user=0.08 sys=0.00, real=0.05 secs] 
2024-07-05T11:00:32.503+0800: 426.740: [GC (Allocation Failure) [PSYoungGen: 988156K->50569K(997888K)] 1079496K->141917K(1114624K), 0.0431724 secs] [Times: user=0.09 sys=0.00, real=0.04 secs] 
2024-07-05T11:00:33.903+0800: 428.140: [GC (Allocation Failure) [PSYoungGen: 997769K->50681K(970240K)] 1089117K->150786K(1086976K), 0.0598779 secs] [Times: user=0.11 sys=0.01, real=0.06 secs] 
2024-07-05T11:00:35.304+0800: 429.541: [GC (Allocation Failure) [PSYoungGen: 970233K->64507K(984064K)] 1070338K->167356K(1100800K), 0.0683939 secs] [Times: user=0.13 sys=0.00, real=0.06 secs] 
2024-07-05T11:00:36.758+0800: 430.995: [GC (Allocation Failure) [PSYoungGen: 984059K->64505K(949248K)] 1086908K->171747K(1065984K), 0.0767987 secs] [Times: user=0.15 sys=0.00, real=0.08 secs] 
2024-07-05T11:00:38.125+0800: 432.362: [GC (Allocation Failure) [PSYoungGen: 949241K->65897K(950784K)] 1056483K->173147K(1067520K), 0.0686474 secs] [Times: user=0.13 sys=0.00, real=0.07 secs] 
2024-07-05T11:00:39.483+0800: 433.720: [GC (Allocation Failure) [PSYoungGen: 950633K->71351K(949248K)] 1057883K->178601K(1065984K), 0.0760003 secs] [Times: user=0.14 sys=0.00, real=0.07 secs] 
2024-07-05T11:00:40.753+0800: 434.990: [GC (Allocation Failure) [PSYoungGen: 933559K->71731K(934400K)] 1040809K->178989K(1051136K), 0.0717020 secs] [Times: user=0.14 sys=0.00, real=0.07 secs] 
2024-07-05T11:00:42.110+0800: 436.347: [GC (Allocation Failure) [PSYoungGen: 933939K->39925K(954368K)] 1041197K->170374K(1084928K), 0.0747438 secs] [Times: user=0.13 sys=0.01, real=0.08 secs] 
2024-07-05T11:00:42.185+0800: 436.422: [Full GC (Ergonomics) [PSYoungGen: 39925K->0K(954368K)] [ParOldGen: 130449K->30885K(97792K)] 170374K->30885K(1052160K), [Metaspace: 12303K->12303K(1060864K)], 0.0853043 secs] [Times: user=0.14 sys=0.00, real=0.08 secs] 
2024-07-05T11:00:43.443+0800: 437.680: [GC (Allocation Failure) [PSYoungGen: 856576K->15637K(950784K)] 887461K->46522K(1048576K), 0.0188031 secs] [Times: user=0.03 sys=0.00, real=0.02 secs] 
2024-07-05T11:00:44.698+0800: 438.935: [GC (Allocation Failure) [PSYoungGen: 872213K->20560K(952832K)] 903098K->51445K(1050624K), 0.0192001 secs] [Times: user=0.04 sys=0.00, real=0.02 secs] 
2024-07-05T11:00:46.037+0800: 440.274: [GC (Allocation Failure) [PSYoungGen: 878160K->20928K(951808K)] 909045K->51813K(1049600K), 0.0202840 secs] [Times: user=0.04 sys=0.00, real=0.02 secs] 
2024-07-05T11:00:47.274+0800: 441.511: [GC (Allocation Failure) [PSYoungGen: 878528K->15834K(952832K)] 909413K->46719K(1050624K), 0.0154920 secs] [Times: user=0.03 sys=0.00, real=0.01 secs] 
2024-07-05T11:00:48.513+0800: 442.749: [GC (Allocation Failure) [PSYoungGen: 875994K->24672K(951808K)] 906879K->55557K(1049600K), 0.0235649 secs] [Times: user=0.04 sys=0.00, real=0.03 secs] 
2024-07-05T11:00:49.775+0800: 444.012: [GC (Allocation Failure) [PSYoungGen: 884832K->10644K(953856K)] 915717K->41529K(1051648K), 0.0205570 secs] [Times: user=0.02 sys=0.00, real=0.02 secs] 
2024-07-05T11:00:51.004+0800: 445.241: [GC (Allocation Failure) [PSYoungGen: 875924K->21488K(952832K)] 906809K->52373K(1050624K), 0.0193224 secs] [Times: user=0.04 sys=0.00, real=0.02 secs] 
2024-07-05T11:00:52.304+0800: 446.541: [GC (Allocation Failure) [PSYoungGen: 886768K->14064K(958976K)] 917653K->44949K(1056768K), 0.0149116 secs] [Times: user=0.02 sys=0.00, real=0.01 secs] 
2024-07-05T11:00:53.493+0800: 447.730: [GC (Allocation Failure) [PSYoungGen: 888560K->18832K(956928K)] 919445K->49717K(1054720K), 0.0170882 secs] [Times: user=0.04 sys=0.00, real=0.02 secs] 
2024-07-05T11:00:54.723+0800: 448.960: [GC (Allocation Failure) [PSYoungGen: 893328K->24048K(962048K)] 924213K->54933K(1059840K), 0.0234132 secs] [Times: user=0.05 sys=0.00, real=0.02 secs] 
2024-07-05T11:00:55.975+0800: 450.212: [GC (Allocation Failure) [PSYoungGen: 909808K->16785K(961024K)] 940693K->47671K(1058816K), 0.0157081 secs] [Times: user=0.03 sys=0.00, real=0.01 secs] 
2024-07-05T11:00:57.243+0800: 451.480: [GC (Allocation Failure) [PSYoungGen: 902545K->14437K(970752K)] 933431K->45323K(1068544K), 0.0151824 secs] [Times: user=0.03 sys=0.00, real=0.01 secs] 
2024-07-05T11:00:58.548+0800: 452.785: [GC (Allocation Failure) [PSYoungGen: 914021K->19744K(969728K)] 944907K->50629K(1067520K), 0.0190504 secs] [Times: user=0.04 sys=0.00, real=0.02 secs] 
2024-07-05T11:00:59.789+0800: 454.026: [GC (Allocation Failure) [PSYoungGen: 919328K->22928K(974848K)] 950213K->53813K(1072640K), 0.0216149 secs] [Times: user=0.04 sys=0.00, real=0.02 secs] 
2024-07-05T11:01:01.174+0800: 455.411: [GC (Allocation Failure) [PSYoungGen: 933776K->17338K(974336K)] 964661K->48223K(1072128K), 0.0170160 secs] [Times: user=0.03 sys=0.00, real=0.01 secs] 
2024-07-05T11:01:02.564+0800: 456.801: [GC (Allocation Failure) [PSYoungGen: 928186K->11764K(983040K)] 959071K->48651K(1080832K), 0.0213615 secs] [Times: user=0.04 sys=0.00, real=0.02 secs] 
2024-07-05T11:01:04.110+0800: 458.347: [GC (Allocation Failure) [PSYoungGen: 933876K->9106K(982016K)] 970763K->46001K(1079808K), 0.0104798 secs] [Times: user=0.02 sys=0.00, real=0.01 secs] 
2024-07-05T11:01:05.697+0800: 459.934: [GC (Allocation Failure) [PSYoungGen: 931218K->12106K(986624K)] 968113K->49009K(1084416K), 0.0163757 secs] [Times: user=0.02 sys=0.00, real=0.02 secs] 
2024-07-05T11:01:07.309+0800: 461.546: [GC (Allocation Failure) [PSYoungGen: 941898K->11199K(986112K)] 978801K->48110K(1083904K), 0.0124979 secs] [Times: user=0.02 sys=0.00, real=0.02 secs] 
2024-07-05T11:01:08.917+0800: 463.154: [GC (Allocation Failure) [PSYoungGen: 940991K->13904K(989184K)] 977902K->50823K(1086976K), 0.0151101 secs] [Times: user=0.03 sys=0.00, real=0.01 secs] 
2024-07-05T11:01:10.509+0800: 464.746: [GC (Allocation Failure) [PSYoungGen: 951376K->13136K(989696K)] 988295K->50063K(1087488K), 0.0158572 secs] [Times: user=0.02 sys=0.00, real=0.02 secs] 
2024-07-05T11:01:12.128+0800: 466.365: [GC (Allocation Failure) [PSYoungGen: 950608K->15808K(992768K)] 987535K->52743K(1090560K), 0.0178783 secs] [Times: user=0.03 sys=0.00, real=0.02 secs] 
2024-07-05T11:01:13.741+0800: 467.978: [GC (Allocation Failure) [PSYoungGen: 961984K->10736K(993792K)] 998919K->47679K(1091584K), 0.0114247 secs] [Times: user=0.02 sys=0.00, real=0.01 secs] 
2024-07-05T11:01:15.410+0800: 469.646: [GC (Allocation Failure) [PSYoungGen: 956912K->7977K(998400K)] 993855K->44928K(1096192K), 0.0112439 secs] [Times: user=0.01 sys=0.00, real=0.01 secs] 
2024-07-05T11:01:17.007+0800: 471.244: [GC (Allocation Failure) [PSYoungGen: 962857K->10940K(999424K)] 999808K->47899K(1097216K), 0.0129395 secs] [Times: user=0.02 sys=0.00, real=0.01 secs] 
2024-07-05T11:01:18.666+0800: 472.903: [GC (Allocation Failure) [PSYoungGen: 965787K->13359K(1000448K)] 1002746K->50326K(1098240K), 0.0138566 secs] [Times: user=0.03 sys=0.00, real=0.01 secs] 
2024-07-05T11:01:20.366+0800: 474.603: [GC (Allocation Failure) [PSYoungGen: 974383K->10022K(1001984K)] 1011350K->46997K(1099776K), 0.0102169 secs] [Times: user=0.02 sys=0.00, real=0.01 secs] 
2024-07-05T11:01:22.074+0800: 476.311: [GC (Allocation Failure) [PSYoungGen: 971046K->15456K(1002496K)] 1008021K->52439K(1100288K), 0.0185102 secs] [Times: user=0.03 sys=0.00, real=0.01 secs] 
2024-07-05T11:01:23.720+0800: 477.957: [GC (Allocation Failure) [PSYoungGen: 983648K->15232K(1005056K)] 1020631K->52223K(1102848K), 0.0167775 secs] [Times: user=0.03 sys=0.00, real=0.02 secs] 
2024-07-05T11:01:25.344+0800: 479.581: [GC (Allocation Failure) [PSYoungGen: 983424K->16192K(1008128K)] 1020415K->53191K(1105920K), 0.0178131 secs] [Times: user=0.03 sys=0.01, real=0.02 secs] 
2024-07-05T11:01:27.071+0800: 481.308: [GC (Allocation Failure) [PSYoungGen: 993088K->14176K(1010176K)] 1030087K->51183K(1107968K), 0.0170745 secs] [Times: user=0.03 sys=0.00, real=0.02 secs] 
2024-07-05T11:01:28.718+0800: 482.955: [GC (Allocation Failure) [PSYoungGen: 991072K->8000K(1013760K)] 1028079K->45015K(1111552K), 0.0088714 secs] [Times: user=0.02 sys=0.00, real=0.01 secs] 
2024-07-05T11:01:30.433+0800: 484.670: [GC (Allocation Failure) [PSYoungGen: 991552K->10752K(1014784K)] 1028567K->47775K(1112576K), 0.0109007 secs] [Times: user=0.02 sys=0.00, real=0.01 secs] 
2024-07-05T11:01:32.126+0800: 486.363: [GC (Allocation Failure) [PSYoungGen: 994304K->12080K(1015296K)] 1031327K->49111K(1113088K), 0.0137133 secs] [Times: user=0.02 sys=0.00, real=0.01 secs] 
2024-07-05T11:01:33.754+0800: 487.991: [GC (Allocation Failure) [PSYoungGen: 999216K->12288K(1016320K)] 1036247K->49327K(1114112K), 0.0146189 secs] [Times: user=0.03 sys=0.00, real=0.01 secs] 
2024-07-05T11:01:35.445+0800: 489.682: [GC (Allocation Failure) [PSYoungGen: 999424K->19440K(1017856K)] 1036463K->56487K(1115648K), 0.0231450 secs] [Times: user=0.04 sys=0.00, real=0.02 secs] 
2024-07-05T11:01:37.194+0800: 491.431: [GC (Allocation Failure) [PSYoungGen: 1009648K->15728K(1018880K)] 1046695K->52783K(1116672K), 0.0186383 secs] [Times: user=0.04 sys=0.00, real=0.01 secs] 
2024-07-05T11:01:38.916+0800: 493.153: [GC (Allocation Failure) [PSYoungGen: 1005936K->6869K(1019904K)] 1042991K->43932K(1117696K), 0.0078423 secs] [Times: user=0.01 sys=0.00, real=0.01 secs] 
2024-07-05T11:01:40.639+0800: 494.876: [GC (Allocation Failure) [PSYoungGen: 999125K->14576K(1019904K)] 1036188K->51647K(1117696K), 0.0152184 secs] [Times: user=0.03 sys=0.00, real=0.02 secs] 
2024-07-05T11:01:42.328+0800: 496.565: [GC (Allocation Failure) [PSYoungGen: 1006832K->12432K(1019904K)] 1043903K->49511K(1117696K), 0.0145714 secs] [Times: user=0.02 sys=0.00, real=0.02 secs] 
2024-07-05T11:01:44.053+0800: 498.290: [GC (Allocation Failure) [PSYoungGen: 1006736K->15440K(1019904K)] 1043815K->52527K(1117696K), 0.0160618 secs] [Times: user=0.03 sys=0.00, real=0.01 secs] 
2024-07-05T11:01:45.826+0800: 500.063: [GC (Allocation Failure) [PSYoungGen: 1009744K->11680K(1022464K)] 1046831K->48775K(1120256K), 0.0120560 secs] [Times: user=0.02 sys=0.00, real=0.01 secs] 
2024-07-05T11:01:47.525+0800: 501.762: [GC (Allocation Failure) [PSYoungGen: 1009568K->17488K(1022464K)] 1046663K->54591K(1120256K), 0.0186629 secs] [Times: user=0.03 sys=0.00, real=0.02 secs] 
2024-07-05T11:01:49.309+0800: 503.546: [GC (Allocation Failure) [PSYoungGen: 1015376K->15312K(1022976K)] 1052479K->52423K(1120768K), 0.0166917 secs] [Times: user=0.03 sys=0.00, real=0.02 secs] 
2024-07-05T11:01:51.077+0800: 505.314: [GC (Allocation Failure) [PSYoungGen: 1014736K->15200K(1023488K)] 1051847K->52319K(1121280K), 0.0163979 secs] [Times: user=0.04 sys=0.00, real=0.02 secs] 
2024-07-05T11:01:52.792+0800: 507.029: [GC (Allocation Failure) [PSYoungGen: 1014624K->7184K(1024000K)] 1051743K->44311K(1121792K), 0.0080890 secs] [Times: user=0.01 sys=0.00, real=0.01 secs] 
2024-07-05T11:01:54.483+0800: 508.719: [GC (Allocation Failure) [PSYoungGen: 1007632K->14528K(1015296K)] 1044759K->51663K(1113088K), 0.0160057 secs] [Times: user=0.03 sys=0.00, real=0.01 secs] 
2024-07-05T11:01:56.245+0800: 510.482: [GC (Allocation Failure) [PSYoungGen: 1014976K->18976K(1022976K)] 1052111K->56119K(1120768K), 0.0211102 secs] [Times: user=0.04 sys=0.00, real=0.02 secs] 
2024-07-05T11:01:58.049+0800: 512.285: [GC (Allocation Failure) [PSYoungGen: 1018912K->10501K(1024000K)] 1056055K->47652K(1121792K), 0.0113897 secs] [Times: user=0.02 sys=0.00, real=0.01 secs] 
2024-07-05T11:01:59.824+0800: 514.061: [GC (Allocation Failure) [PSYoungGen: 1010437K->14832K(1023488K)] 1047588K->51991K(1121280K), 0.0161245 secs] [Times: user=0.03 sys=0.00, real=0.01 secs] 
2024-07-05T11:02:01.529+0800: 515.766: [GC (Allocation Failure) [PSYoungGen: 1015280K->16032K(1024000K)] 1052439K->53199K(1121792K), 0.0238780 secs] [Times: user=0.03 sys=0.00, real=0.03 secs] 
2024-07-05T11:02:03.160+0800: 517.397: [GC (Allocation Failure) [PSYoungGen: 1016480K->12672K(1024000K)] 1053647K->49847K(1121792K), 0.0111204 secs] [Times: user=0.02 sys=0.00, real=0.01 secs] 
2024-07-05T11:02:04.605+0800: 518.842: [GC (Allocation Failure) [PSYoungGen: 1014656K->6617K(1024512K)] 1051831K->43801K(1122304K), 0.0063463 secs] [Times: user=0.01 sys=0.00, real=0.00 secs] 
2024-07-05T11:02:06.052+0800: 520.289: [GC (Allocation Failure) [PSYoungGen: 1008601K->6613K(1025536K)] 1045785K->43804K(1123328K), 0.0064806 secs] [Times: user=0.01 sys=0.00, real=0.01 secs] 
2024-07-05T11:02:07.444+0800: 521.681: [GC (Allocation Failure) [PSYoungGen: 1009109K->11408K(1014272K)] 1046300K->48607K(1112064K), 0.0110997 secs] [Times: user=0.02 sys=0.00, real=0.01 secs] 
2024-07-05T11:02:08.922+0800: 523.159: [GC (Allocation Failure) [PSYoungGen: 1013904K->16224K(1025024K)] 1051103K->53431K(1122816K), 0.0162380 secs] [Times: user=0.03 sys=0.00, real=0.01 secs] 
2024-07-05T11:02:10.400+0800: 524.637: [GC (Allocation Failure) [PSYoungGen: 1018720K->13762K(1025024K)] 1055927K->50977K(1122816K), 0.0126741 secs] [Times: user=0.02 sys=0.00, real=0.01 secs] 
2024-07-05T11:02:11.844+0800: 526.081: [GC (Allocation Failure) [PSYoungGen: 1016258K->8608K(1025536K)] 1053473K->45831K(1123328K), 0.0084285 secs] [Times: user=0.02 sys=0.00, real=0.00 secs] 
2024-07-05T11:02:13.249+0800: 527.486: [GC (Allocation Failure) [PSYoungGen: 1012128K->11696K(1025536K)] 1049351K->48927K(1123328K), 0.0103974 secs] [Times: user=0.02 sys=0.00, real=0.01 secs] 
2024-07-05T11:02:14.717+0800: 528.954: [GC (Allocation Failure) [PSYoungGen: 1015216K->8366K(1025536K)] 1052447K->45606K(1123328K), 0.0081891 secs] [Times: user=0.01 sys=0.00, real=0.01 secs] 
2024-07-05T11:02:16.101+0800: 530.338: [GC (Allocation Failure) [PSYoungGen: 1012910K->11072K(1025536K)] 1050150K->48319K(1123328K), 0.0106252 secs] [Times: user=0.02 sys=0.00, real=0.00 secs] 
2024-07-05T11:02:17.494+0800: 531.731: [GC (Allocation Failure) [PSYoungGen: 1015616K->15632K(1026560K)] 1052863K->52887K(1124352K), 0.0178701 secs] [Times: user=0.03 sys=0.00, real=0.01 secs] 
2024-07-05T11:02:18.908+0800: 533.145: [GC (Allocation Failure) [PSYoungGen: 1021712K->13015K(1027072K)] 1058967K->50278K(1124864K), 0.0116595 secs] [Times: user=0.02 sys=0.00, real=0.01 secs] 
2024-07-05T11:02:20.299+0800: 534.536: [GC (Allocation Failure) [PSYoungGen: 1019095K->12463K(1025536K)] 1056358K->49734K(1123328K), 0.0108741 secs] [Times: user=0.02 sys=0.00, real=0.01 secs] 
2024-07-05T11:02:21.726+0800: 535.963: [GC (Allocation Failure) [PSYoungGen: 1019567K->10012K(1026560K)] 1056838K->47291K(1124352K), 0.0078815 secs] [Times: user=0.01 sys=0.00, real=0.01 secs] 
2024-07-05T11:02:23.135+0800: 537.372: [GC (Allocation Failure) [PSYoungGen: 1017116K->11744K(1027072K)] 1054395K->49031K(1124864K), 0.0107609 secs] [Times: user=0.02 sys=0.00, real=0.01 secs] 
2024-07-05T11:02:24.518+0800: 538.754: [GC (Allocation Failure) [PSYoungGen: 1021408K->16512K(1028096K)] 1058695K->53807K(1125888K), 0.0147514 secs] [Times: user=0.03 sys=0.00, real=0.01 secs] 
2024-07-05T11:02:26.160+0800: 540.397: [GC (Allocation Failure) [PSYoungGen: 1026176K->18511K(1026048K)] 1063471K->55814K(1123840K), 0.0168681 secs] [Times: user=0.03 sys=0.01, real=0.02 secs] 
2024-07-05T11:02:27.575+0800: 541.812: [GC (Allocation Failure) [PSYoungGen: 1025103K->14098K(1027584K)] 1062406K->51410K(1125376K), 0.0126989 secs] [Times: user=0.02 sys=0.00, real=0.01 secs] 
2024-07-05T11:02:28.983+0800: 543.220: [GC (Allocation Failure) [PSYoungGen: 1020690K->20976K(1022464K)] 1058002K->60147K(1120256K), 0.0211870 secs] [Times: user=0.04 sys=0.00, real=0.02 secs] 
2024-07-05T11:02:30.410+0800: 544.646: [GC (Allocation Failure) [PSYoungGen: 1022448K->13573K(1025024K)] 1061619K->52752K(1122816K), 0.0122783 secs] [Times: user=0.03 sys=0.00, real=0.02 secs] 
2024-07-05T11:02:31.813+0800: 546.050: [GC (Allocation Failure) [PSYoungGen: 1015045K->19280K(1022976K)] 1054224K->58459K(1120768K), 0.0202319 secs] [Times: user=0.03 sys=0.00, real=0.02 secs] 
2024-07-05T11:02:33.216+0800: 547.453: [GC (Allocation Failure) [PSYoungGen: 1019728K->19378K(1019904K)] 1058907K->58564K(1117696K), 0.0169360 secs] [Times: user=0.03 sys=0.00, real=0.01 secs] 
2024-07-05T11:02:34.628+0800: 548.865: [GC (Allocation Failure) [PSYoungGen: 1019826K->15536K(1024512K)] 1059012K->54731K(1122304K), 0.0156923 secs] [Times: user=0.03 sys=0.00, real=0.02 secs] 
2024-07-05T11:02:36.026+0800: 550.263: [GC (Allocation Failure) [PSYoungGen: 1015472K->20976K(1020928K)] 1054667K->60179K(1118720K), 0.0199078 secs] [Times: user=0.03 sys=0.01, real=0.02 secs] 
2024-07-05T11:02:37.429+0800: 551.666: [GC (Allocation Failure) [PSYoungGen: 1020912K->17824K(1023488K)] 1060115K->57035K(1121280K), 0.0155445 secs] [Times: user=0.03 sys=0.00, real=0.02 secs] 
2024-07-05T11:02:38.809+0800: 553.046: [GC (Allocation Failure) [PSYoungGen: 1016224K->19504K(1018368K)] 1055435K->58723K(1116160K), 0.0208477 secs] [Times: user=0.04 sys=0.00, real=0.02 secs] 
2024-07-05T11:02:40.229+0800: 554.466: [GC (Allocation Failure) [PSYoungGen: 1017904K->20000K(1021952K)] 1057123K->59227K(1119744K), 0.0189959 secs] [Times: user=0.04 sys=0.00, real=0.02 secs] 
2024-07-05T11:02:41.648+0800: 555.885: [GC (Allocation Failure) [PSYoungGen: 1016352K->14292K(1022464K)] 1055579K->53527K(1120256K), 0.0134210 secs] [Times: user=0.02 sys=0.01, real=0.02 secs] 
2024-07-05T11:02:43.037+0800: 557.274: [GC (Allocation Failure) [PSYoungGen: 1010644K->21744K(1020928K)] 1049879K->60987K(1118720K), 0.0201327 secs] [Times: user=0.04 sys=0.00, real=0.02 secs] 
2024-07-05T11:02:44.489+0800: 558.726: [GC (Allocation Failure) [PSYoungGen: 1017072K->14672K(1021952K)] 1056315K->53923K(1119744K), 0.0153889 secs] [Times: user=0.03 sys=0.00, real=0.02 secs] 
2024-07-05T11:02:45.885+0800: 560.122: [GC (Allocation Failure) [PSYoungGen: 1010000K->20160K(1021440K)] 1049251K->59419K(1119232K), 0.0192970 secs] [Times: user=0.04 sys=0.00, real=0.02 secs] 
2024-07-05T11:02:47.276+0800: 561.512: [GC (Allocation Failure) [PSYoungGen: 1015488K->6336K(1001984K)] 1054747K->50803K(1099776K), 0.0130704 secs] [Times: user=0.03 sys=0.00, real=0.01 secs] 
2024-07-05T11:02:48.646+0800: 562.883: [GC (Allocation Failure) [PSYoungGen: 1001664K->15616K(1022464K)] 1046131K->60091K(1120256K), 0.0149941 secs] [Times: user=0.03 sys=0.00, real=0.02 secs] 
2024-07-05T11:02:50.073+0800: 564.310: [GC (Allocation Failure) [PSYoungGen: 1010944K->7445K(1021440K)] 1055419K->51928K(1119232K), 0.0079420 secs] [Times: user=0.01 sys=0.00, real=0.01 secs] 
2024-07-05T11:02:51.437+0800: 565.674: [GC (Allocation Failure) [PSYoungGen: 1002773K->16496K(1021952K)] 1047256K->60987K(1119744K), 0.0149566 secs] [Times: user=0.03 sys=0.00, real=0.01 secs] 
2024-07-05T11:02:52.846+0800: 567.083: [GC (Allocation Failure) [PSYoungGen: 1012336K->13888K(1010176K)] 1056827K->58387K(1107968K), 0.0119946 secs] [Times: user=0.03 sys=0.00, real=0.01 secs] 
2024-07-05T11:02:54.267+0800: 568.504: [GC (Allocation Failure) [PSYoungGen: 1009728K->14096K(1021952K)] 1054227K->58603K(1119744K), 0.0161384 secs] [Times: user=0.02 sys=0.00, real=0.02 secs] 
2024-07-05T11:02:55.639+0800: 569.876: [GC (Allocation Failure) [PSYoungGen: 1010960K->8578K(1021440K)] 1055467K->53093K(1119232K), 0.0084921 secs] [Times: user=0.02 sys=0.00, real=0.01 secs] 
2024-07-05T11:02:57.028+0800: 571.265: [GC (Allocation Failure) [PSYoungGen: 1005442K->14192K(1022464K)] 1049957K->58715K(1120256K), 0.0132625 secs] [Times: user=0.03 sys=0.00, real=0.02 secs] 
2024-07-05T11:02:58.405+0800: 572.642: [GC (Allocation Failure) [PSYoungGen: 1013616K->19520K(1022976K)] 1058139K->64051K(1120768K), 0.0188357 secs] [Times: user=0.03 sys=0.00, real=0.02 secs] 
2024-07-05T11:02:59.789+0800: 574.026: [GC (Allocation Failure) [PSYoungGen: 1018944K->15263K(1024512K)] 1063475K->59802K(1122304K), 0.0145363 secs] [Times: user=0.03 sys=0.00, real=0.02 secs] 
2024-07-05T11:03:01.240+0800: 575.477: [GC (Allocation Failure) [PSYoungGen: 1015199K->8128K(1024000K)] 1059738K->52675K(1121792K), 0.0072672 secs] [Times: user=0.01 sys=0.00, real=0.01 secs] 
2024-07-05T11:03:02.635+0800: 576.872: [GC (Allocation Failure) [PSYoungGen: 1008064K->6816K(1023488K)] 1052611K->51371K(1121280K), 0.0063859 secs] [Times: user=0.01 sys=0.00, real=0.01 secs] 
2024-07-05T11:03:03.989+0800: 578.226: [GC (Allocation Failure) [PSYoungGen: 1006240K->12640K(1012224K)] 1050795K->57203K(1110016K), 0.0223986 secs] [Times: user=0.02 sys=0.00, real=0.02 secs] 
2024-07-05T11:03:05.354+0800: 579.591: [GC (Allocation Failure) [PSYoungGen: 1012064K->14880K(1024000K)] 1056627K->59451K(1121792K), 0.0129847 secs] [Times: user=0.03 sys=0.00, real=0.01 secs] 
2024-07-05T11:03:06.769+0800: 581.006: [GC (Allocation Failure) [PSYoungGen: 1015328K->9072K(1023488K)] 1059899K->53651K(1121280K), 0.0114754 secs] [Times: user=0.02 sys=0.00, real=0.01 secs] 
2024-07-05T11:03:08.125+0800: 582.362: [GC (Allocation Failure) [PSYoungGen: 1009520K->15104K(1025024K)] 1054099K->59691K(1122816K), 0.0149728 secs] [Times: user=0.02 sys=0.00, real=0.01 secs] 
2024-07-05T11:03:09.620+0800: 583.857: [GC (Allocation Failure) [PSYoungGen: 1017600K->7780K(1025024K)] 1062187K->52375K(1122816K), 0.0071164 secs] [Times: user=0.01 sys=0.00, real=0.01 secs] 
2024-07-05T11:03:11.069+0800: 585.306: [GC (Allocation Failure) [PSYoungGen: 1010276K->7472K(1026048K)] 1054871K->52075K(1123840K), 0.0082796 secs] [Times: user=0.01 sys=0.00, real=0.01 secs] 
2024-07-05T11:03:12.508+0800: 586.745: [GC (Allocation Failure) [PSYoungGen: 1010992K->10336K(1014272K)] 1055595K->54947K(1112064K), 0.0095330 secs] [Times: user=0.02 sys=0.00, real=0.01 secs] 
2024-07-05T11:03:13.928+0800: 588.165: [GC (Allocation Failure) [PSYoungGen: 1013856K->19328K(1023488K)] 1058467K->63947K(1121280K), 0.0201342 secs] [Times: user=0.03 sys=0.00, real=0.02 secs] 
2024-07-05T11:03:15.408+0800: 589.645: [GC (Allocation Failure) [PSYoungGen: 1020800K->15600K(1025024K)] 1065419K->60227K(1122816K), 0.0136738 secs] [Times: user=0.02 sys=0.00, real=0.02 secs] 
2024-07-05T11:03:16.830+0800: 591.067: [GC (Allocation Failure) [PSYoungGen: 1017072K->8844K(1025024K)] 1061699K->53479K(1122816K), 0.0070312 secs] [Times: user=0.02 sys=0.00, real=0.01 secs] 
2024-07-05T11:03:18.218+0800: 592.455: [GC (Allocation Failure) [PSYoungGen: 1010316K->8288K(1010176K)] 1054951K->52931K(1107968K), 0.0079270 secs] [Times: user=0.01 sys=0.00, real=0.01 secs] 
2024-07-05T11:03:19.652+0800: 593.889: [GC (Allocation Failure) [PSYoungGen: 1009760K->9152K(1025024K)] 1054403K->53803K(1122816K), 0.0103014 secs] [Times: user=0.02 sys=0.00, real=0.02 secs] 
2024-07-05T11:03:21.067+0800: 595.304: [GC (Allocation Failure) [PSYoungGen: 1011136K->13120K(1024512K)] 1055787K->57779K(1122304K), 0.0142797 secs] [Times: user=0.02 sys=0.00, real=0.02 secs] 
2024-07-05T11:03:22.433+0800: 596.670: [GC (Allocation Failure) [PSYoungGen: 1015104K->18368K(1023488K)] 1059763K->63035K(1121280K), 0.0164351 secs] [Times: user=0.02 sys=0.00, real=0.02 secs] 
2024-07-05T11:03:23.871+0800: 598.108: [GC (Allocation Failure) [PSYoungGen: 1019840K->14576K(1025024K)] 1064507K->59251K(1122816K), 0.0130476 secs] [Times: user=0.02 sys=0.00, real=0.02 secs] 
2024-07-05T11:03:25.309+0800: 599.546: [GC (Allocation Failure) [PSYoungGen: 1016048K->13968K(1023488K)] 1060723K->58651K(1121280K), 0.0148081 secs] [Times: user=0.03 sys=0.00, real=0.02 secs] 
2024-07-05T11:03:26.687+0800: 600.924: [GC (Allocation Failure) [PSYoungGen: 1015952K->15120K(1024512K)] 1060635K->59811K(1122304K), 0.0156545 secs] [Times: user=0.03 sys=0.00, real=0.02 secs] 
2024-07-05T11:03:28.132+0800: 602.369: [GC (Allocation Failure) [PSYoungGen: 1017104K->8288K(1025024K)] 1061795K->52987K(1122816K), 0.0097570 secs] [Times: user=0.02 sys=0.00, real=0.02 secs] 
2024-07-05T11:03:29.558+0800: 603.795: [GC (Allocation Failure) [PSYoungGen: 1011808K->13792K(1025536K)] 1056507K->58499K(1123328K), 0.0134974 secs] [Times: user=0.03 sys=0.00, real=0.01 secs] 
2024-07-05T11:03:30.943+0800: 605.180: [GC (Allocation Failure) [PSYoungGen: 1017312K->17344K(1025024K)] 1062019K->62059K(1122816K), 0.0157699 secs] [Times: user=0.03 sys=0.00, real=0.01 secs] 
2024-07-05T11:03:32.385+0800: 606.622: [GC (Allocation Failure) [PSYoungGen: 1020864K->9589K(1026048K)] 1065579K->54312K(1123840K), 0.0096563 secs] [Times: user=0.02 sys=0.00, real=0.01 secs] 
2024-07-05T11:03:33.799+0800: 608.036: [GC (Allocation Failure) [PSYoungGen: 1013109K->11680K(1024512K)] 1057832K->56411K(1122304K), 0.0120172 secs] [Times: user=0.02 sys=0.00, real=0.01 secs] 
2024-07-05T11:03:35.165+0800: 609.402: [GC (Allocation Failure) [PSYoungGen: 1015712K->17040K(1025536K)] 1060443K->61779K(1123328K), 0.0162051 secs] [Times: user=0.03 sys=0.00, real=0.02 secs] 
2024-07-05T11:03:36.561+0800: 610.798: [GC (Allocation Failure) [PSYoungGen: 1021072K->16048K(1026048K)] 1065811K->60795K(1123840K), 0.0136060 secs] [Times: user=0.02 sys=0.00, real=0.01 secs] 
2024-07-05T11:03:37.974+0800: 612.211: [GC (Allocation Failure) [PSYoungGen: 1019568K->11423K(1015296K)] 1064315K->56178K(1113088K), 0.0105972 secs] [Times: user=0.02 sys=0.00, real=0.01 secs] 
2024-07-05T11:03:39.385+0800: 613.622: [GC (Allocation Failure) [PSYoungGen: 1014943K->6272K(1025024K)] 1059698K->51035K(1122816K), 0.0072425 secs] [Times: user=0.01 sys=0.00, real=0.00 secs] 
2024-07-05T11:03:40.797+0800: 615.034: [GC (Allocation Failure) [PSYoungGen: 1009280K->4565K(1025536K)] 1054043K->49336K(1123328K), 0.0072775 secs] [Times: user=0.01 sys=0.00, real=0.01 secs] 
2024-07-05T11:03:42.205+0800: 616.442: [GC (Allocation Failure) [PSYoungGen: 1007573K->11200K(1024000K)] 1052344K->55979K(1121792K), 0.0122850 secs] [Times: user=0.02 sys=0.00, real=0.01 secs] 
2024-07-05T11:03:43.658+0800: 617.895: [GC (Allocation Failure) [PSYoungGen: 1014720K->7312K(1025024K)] 1059499K->52099K(1122816K), 0.0072592 secs] [Times: user=0.01 sys=0.00, real=0.01 secs] 
2024-07-05T11:03:45.065+0800: 619.302: [GC (Allocation Failure) [PSYoungGen: 1010832K->6512K(1027072K)] 1055619K->51307K(1124864K), 0.0081842 secs] [Times: user=0.01 sys=0.00, real=0.01 secs] 
2024-07-05T11:03:46.493+0800: 620.730: [GC (Allocation Failure) [PSYoungGen: 1012080K->13280K(1018880K)] 1056875K->58083K(1116672K), 0.0108781 secs] [Times: user=0.02 sys=0.00, real=0.01 secs] 
2024-07-05T11:03:47.933+0800: 622.170: [GC (Allocation Failure) [PSYoungGen: 1018848K->14224K(1026048K)] 1063651K->59035K(1123840K), 0.0136723 secs] [Times: user=0.02 sys=0.00, real=0.01 secs] 
2024-07-05T11:03:49.347+0800: 623.584: [GC (Allocation Failure) [PSYoungGen: 1019280K->10368K(1026560K)] 1064091K->55187K(1124352K), 0.0104807 secs] [Times: user=0.01 sys=0.00, real=0.01 secs] 
2024-07-05T11:03:50.769+0800: 625.006: [GC (Allocation Failure) [PSYoungGen: 1015424K->7573K(1026560K)] 1060243K->52400K(1124352K), 0.0095360 secs] [Times: user=0.02 sys=0.00, real=0.01 secs] 
2024-07-05T11:03:52.177+0800: 626.414: [GC (Allocation Failure) [PSYoungGen: 1013653K->11680K(1026560K)] 1058480K->56515K(1124352K), 0.0112660 secs] [Times: user=0.02 sys=0.00, real=0.01 secs] 
2024-07-05T11:03:53.573+0800: 627.810: [GC (Allocation Failure) [PSYoungGen: 1017760K->14864K(1026048K)] 1062595K->59707K(1123840K), 0.0141790 secs] [Times: user=0.02 sys=0.00, real=0.02 secs] 
2024-07-05T11:03:54.986+0800: 629.223: [GC (Allocation Failure) [PSYoungGen: 1021456K->9953K(1027072K)] 1066299K->54804K(1124864K), 0.0087656 secs] [Times: user=0.02 sys=0.00, real=0.01 secs] 
2024-07-05T11:03:56.390+0800: 630.627: [GC (Allocation Failure) [PSYoungGen: 1016545K->10064K(1027072K)] 1061396K->54923K(1124864K), 0.0089239 secs] [Times: user=0.02 sys=0.00, real=0.01 secs] 
2024-07-05T11:03:57.764+0800: 632.001: [GC (Allocation Failure) [PSYoungGen: 1018704K->10464K(1027584K)] 1063563K->55331K(1125376K), 0.0096108 secs] [Times: user=0.02 sys=0.00, real=0.01 secs] 
2024-07-05T11:03:59.216+0800: 633.453: [GC (Allocation Failure) [PSYoungGen: 1019104K->15216K(1028096K)] 1063971K->60091K(1125888K), 0.0164421 secs] [Times: user=0.03 sys=0.00, real=0.01 secs] 
2024-07-05T11:04:00.673+0800: 634.910: [GC (Allocation Failure) [PSYoungGen: 1024880K->16624K(1026560K)] 1069755K->61507K(1124352K), 0.0170520 secs] [Times: user=0.03 sys=0.00, real=0.01 secs] 
2024-07-05T11:04:02.144+0800: 636.381: [GC (Allocation Failure) [PSYoungGen: 1026288K->9135K(1028608K)] 1071171K->54026K(1126400K), 0.0088878 secs] [Times: user=0.02 sys=0.00, real=0.00 secs] 
2024-07-05T11:04:03.638+0800: 637.875: [GC (Allocation Failure) [PSYoungGen: 1017263K->11600K(1019904K)] 1062154K->56499K(1117696K), 0.0116887 secs] [Times: user=0.02 sys=0.00, real=0.01 secs] 
2024-07-05T11:04:05.064+0800: 639.300: [GC (Allocation Failure) [PSYoungGen: 1019728K->13376K(1028096K)] 1064627K->58283K(1125888K), 0.0141721 secs] [Times: user=0.03 sys=0.00, real=0.01 secs] 
2024-07-05T11:04:06.509+0800: 640.746: [GC (Allocation Failure) [PSYoungGen: 1022016K->15616K(1027584K)] 1066923K->60531K(1125376K), 0.0170660 secs] [Times: user=0.02 sys=0.00, real=0.02 secs] 
2024-07-05T11:04:07.895+0800: 642.132: [GC (Allocation Failure) [PSYoungGen: 1024256K->18176K(1025536K)] 1069171K->63099K(1123328K), 0.0173416 secs] [Times: user=0.03 sys=0.00, real=0.01 secs] 
2024-07-05T11:04:09.302+0800: 643.539: [GC (Allocation Failure) [PSYoungGen: 1023744K->17408K(1023488K)] 1068667K->62339K(1121280K), 0.0150890 secs] [Times: user=0.03 sys=0.00, real=0.01 secs] 
2024-07-05T11:04:10.741+0800: 644.978: [GC (Allocation Failure) [PSYoungGen: 1022976K->13120K(1027072K)] 1067907K->58059K(1124864K), 0.0113824 secs] [Times: user=0.02 sys=0.00, real=0.00 secs] 
2024-07-05T11:04:12.143+0800: 646.380: [GC (Allocation Failure) [PSYoungGen: 1018176K->12304K(1017856K)] 1063115K->57251K(1115648K), 0.0128863 secs] [Times: user=0.02 sys=0.00, real=0.01 secs] 
2024-07-05T11:04:13.585+0800: 647.822: [GC (Allocation Failure) [PSYoungGen: 1017360K->8906K(1025536K)] 1062307K->53861K(1123328K), 0.0084051 secs] [Times: user=0.01 sys=0.00, real=0.01 secs] 
2024-07-05T11:04:15.099+0800: 649.336: [GC (Allocation Failure) [PSYoungGen: 1013962K->12303K(1025536K)] 1058917K->57266K(1123328K), 0.0211019 secs] [Times: user=0.04 sys=0.00, real=0.02 secs] 
2024-07-05T11:04:16.942+0800: 651.179: [GC (Allocation Failure) [PSYoungGen: 1017359K->14528K(1027584K)] 1062322K->59499K(1125376K), 0.0158755 secs] [Times: user=0.03 sys=0.00, real=0.01 secs] 
2024-07-05T11:04:18.523+0800: 652.760: [GC (Allocation Failure) [PSYoungGen: 1022144K->8897K(1027584K)] 1067115K->53876K(1125376K), 0.0090936 secs] [Times: user=0.01 sys=0.00, real=0.00 secs] 
2024-07-05T11:04:20.163+0800: 654.400: [GC (Allocation Failure) [PSYoungGen: 1016513K->16681K(1026560K)] 1061492K->61668K(1124352K), 0.0150244 secs] [Times: user=0.03 sys=0.00, real=0.01 secs] 
2024-07-05T11:04:21.719+0800: 655.956: [GC (Allocation Failure) [PSYoungGen: 1023273K->11424K(1027584K)] 1068260K->56419K(1125376K), 0.0111169 secs] [Times: user=0.02 sys=0.00, real=0.01 secs] 
2024-07-05T11:04:23.165+0800: 657.402: [GC (Allocation Failure) [PSYoungGen: 1018016K->16592K(1027072K)] 1063011K->61595K(1124864K), 0.0150367 secs] [Times: user=0.03 sys=0.00, real=0.01 secs] 
2024-07-05T11:04:24.693+0800: 658.930: [GC (Allocation Failure) [PSYoungGen: 1023184K->16272K(1022976K)] 1068187K->61283K(1120768K), 0.0142244 secs] [Times: user=0.03 sys=0.00, real=0.01 secs] 
2024-07-05T11:04:26.162+0800: 660.399: [GC (Allocation Failure) [PSYoungGen: 1022864K->11184K(1027584K)] 1067875K->56203K(1125376K), 0.0113955 secs] [Times: user=0.02 sys=0.00, real=0.01 secs] 
2024-07-05T11:04:27.591+0800: 661.828: [GC (Allocation Failure) [PSYoungGen: 1017264K->14400K(1020928K)] 1062283K->59427K(1118720K), 0.0144061 secs] [Times: user=0.03 sys=0.00, real=0.02 secs] 
2024-07-05T11:04:29.013+0800: 663.250: [GC (Allocation Failure) [PSYoungGen: 1020480K->17264K(1025536K)] 1065507K->62299K(1123328K), 0.0170038 secs] [Times: user=0.03 sys=0.00, real=0.01 secs] 
2024-07-05T11:04:30.603+0800: 664.840: [GC (Allocation Failure) [PSYoungGen: 1022320K->9344K(1026560K)] 1067355K->54387K(1124352K), 0.0083058 secs] [Times: user=0.02 sys=0.00, real=0.00 secs] 
2024-07-05T11:04:32.068+0800: 666.304: [GC (Allocation Failure) [PSYoungGen: 1014400K->12464K(1026048K)] 1059443K->57515K(1123840K), 0.0134222 secs] [Times: user=0.03 sys=0.00, real=0.01 secs] 
2024-07-05T11:04:33.565+0800: 667.802: [GC (Allocation Failure) [PSYoungGen: 1018032K->17152K(1026560K)] 1063083K->62211K(1124352K), 0.0223445 secs] [Times: user=0.03 sys=0.00, real=0.02 secs] 
2024-07-05T11:04:35.041+0800: 669.278: [GC (Allocation Failure) [PSYoungGen: 1022720K->19472K(1024000K)] 1067779K->64539K(1121792K), 0.0178363 secs] [Times: user=0.03 sys=0.00, real=0.02 secs] 
2024-07-05T11:04:36.515+0800: 670.751: [GC (Allocation Failure) [PSYoungGen: 1021968K->11760K(1025536K)] 1067035K->56835K(1123328K), 0.0112382 secs] [Times: user=0.02 sys=0.00, real=0.01 secs] 
2024-07-05T11:04:38.049+0800: 672.286: [GC (Allocation Failure) [PSYoungGen: 1014256K->7872K(1025024K)] 1059331K->52955K(1122816K), 0.0063072 secs] [Times: user=0.01 sys=0.00, real=0.01 secs] 
2024-07-05T11:04:39.485+0800: 673.722: [GC (Allocation Failure) [PSYoungGen: 1010880K->5344K(1025536K)] 1055963K->50435K(1123328K), 0.0060597 secs] [Times: user=0.02 sys=0.00, real=0.00 secs] 
2024-07-05T11:04:41.031+0800: 675.268: [GC (Allocation Failure) [PSYoungGen: 1008352K->9936K(1025536K)] 1053443K->55035K(1123328K), 0.0105724 secs] [Times: user=0.02 sys=0.00, real=0.02 secs] 
2024-07-05T11:04:42.501+0800: 676.738: [GC (Allocation Failure) [PSYoungGen: 1012944K->15104K(1025536K)] 1058043K->60211K(1123328K), 0.0139566 secs] [Times: user=0.02 sys=0.00, real=0.02 secs] 
2024-07-05T11:04:43.934+0800: 678.171: [GC (Allocation Failure) [PSYoungGen: 1018112K->16096K(1025024K)] 1063219K->61211K(1122816K), 0.0148822 secs] [Times: user=0.02 sys=0.00, real=0.01 secs] 
2024-07-05T11:04:45.480+0800: 679.717: [GC (Allocation Failure) [PSYoungGen: 1018592K->11808K(1014784K)] 1063707K->56931K(1112576K), 0.0111008 secs] [Times: user=0.02 sys=0.00, real=0.01 secs] 
2024-07-05T11:04:47.034+0800: 681.271: [GC (Allocation Failure) [PSYoungGen: 1014304K->16992K(1024512K)] 1059427K->62123K(1122304K), 0.0155038 secs] [Times: user=0.03 sys=0.00, real=0.01 secs] 
2024-07-05T11:04:48.535+0800: 682.772: [GC (Allocation Failure) [PSYoungGen: 1019488K->16336K(1025024K)] 1064619K->61475K(1122816K), 0.0157624 secs] [Times: user=0.03 sys=0.00, real=0.01 secs] 
2024-07-05T11:04:50.069+0800: 684.306: [GC (Allocation Failure) [PSYoungGen: 1018832K->11616K(1025536K)] 1063971K->56763K(1123328K), 0.0143636 secs] [Times: user=0.03 sys=0.00, real=0.02 secs] 
2024-07-05T11:04:51.855+0800: 686.092: [GC (Allocation Failure) [PSYoungGen: 1014624K->15088K(1025536K)] 1059771K->60243K(1123328K), 0.0167505 secs] [Times: user=0.04 sys=0.00, real=0.01 secs] 
2024-07-05T11:04:53.677+0800: 687.914: [GC (Allocation Failure) [PSYoungGen: 1018096K->15920K(1025536K)] 1063251K->61083K(1123328K), 0.0195867 secs] [Times: user=0.03 sys=0.00, real=0.02 secs] 
2024-07-05T11:04:55.525+0800: 689.762: [GC (Allocation Failure) [PSYoungGen: 1019440K->10421K(1025536K)] 1064603K->55592K(1123328K), 0.0135848 secs] [Times: user=0.03 sys=0.00, real=0.01 secs] 
2024-07-05T11:04:57.324+0800: 691.561: [GC (Allocation Failure) [PSYoungGen: 1013941K->18400K(1024512K)] 1059112K->63579K(1122304K), 0.0196688 secs] [Times: user=0.04 sys=0.00, real=0.02 secs] 
2024-07-05T11:04:59.124+0800: 693.361: [GC (Allocation Failure) [PSYoungGen: 1020896K->9344K(1025536K)] 1066075K->54539K(1123328K), 0.0106186 secs] [Times: user=0.02 sys=0.00, real=0.01 secs] 
2024-07-05T11:05:00.884+0800: 695.121: [GC (Allocation Failure) [PSYoungGen: 1011840K->9509K(1024512K)] 1057035K->54712K(1122304K), 0.0093546 secs] [Times: user=0.01 sys=0.00, real=0.00 secs] 
2024-07-05T11:05:02.692+0800: 696.929: [GC (Allocation Failure) [PSYoungGen: 1012005K->11529K(1025024K)] 1057208K->56740K(1122816K), 0.0158582 secs] [Times: user=0.02 sys=0.00, real=0.02 secs] 
2024-07-05T11:05:04.486+0800: 698.723: [GC (Allocation Failure) [PSYoungGen: 1014025K->7664K(1026048K)] 1059236K->52883K(1123840K), 0.0099909 secs] [Times: user=0.02 sys=0.00, real=0.01 secs] 
2024-07-05T11:05:06.242+0800: 700.479: [GC (Allocation Failure) [PSYoungGen: 1011696K->13520K(1026048K)] 1056915K->58755K(1123840K), 0.0149893 secs] [Times: user=0.03 sys=0.00, real=0.01 secs] 
2024-07-05T11:05:08.028+0800: 702.265: [GC (Allocation Failure) [PSYoungGen: 1017552K->11664K(1025024K)] 1062787K->56907K(1122816K), 0.0127723 secs] [Times: user=0.03 sys=0.00, real=0.01 secs] 
2024-07-05T11:05:09.842+0800: 704.079: [GC (Allocation Failure) [PSYoungGen: 1016720K->7693K(1025536K)] 1061963K->52944K(1123328K), 0.0089893 secs] [Times: user=0.01 sys=0.00, real=0.00 secs] 
2024-07-05T11:05:11.667+0800: 705.904: [GC (Allocation Failure) [PSYoungGen: 1012749K->9156K(1028096K)] 1058000K->54415K(1125888K), 0.0101246 secs] [Times: user=0.02 sys=0.00, real=0.01 secs] 
2024-07-05T11:05:13.417+0800: 707.654: [GC (Allocation Failure) [PSYoungGen: 1016772K->7732K(1015808K)] 1062031K->52999K(1113600K), 0.0074877 secs] [Times: user=0.02 sys=0.00, real=0.01 secs] 
2024-07-05T11:05:15.218+0800: 709.455: [GC (Allocation Failure) [PSYoungGen: 1015348K->9274K(1028096K)] 1060615K->54549K(1125888K), 0.0108095 secs] [Times: user=0.01 sys=0.00, real=0.01 secs] 
2024-07-05T11:05:17.006+0800: 711.243: [GC (Allocation Failure) [PSYoungGen: 1017402K->12682K(1027584K)] 1062677K->57965K(1125376K), 0.0130967 secs] [Times: user=0.03 sys=0.00, real=0.01 secs] 
2024-07-05T11:05:18.758+0800: 712.995: [GC (Allocation Failure) [PSYoungGen: 1020810K->13504K(1028608K)] 1066093K->58795K(1126400K), 0.0129357 secs] [Times: user=0.02 sys=0.00, real=0.01 secs] 
2024-07-05T11:05:20.623+0800: 714.860: [GC (Allocation Failure) [PSYoungGen: 1022656K->13504K(1028608K)] 1067947K->58803K(1126400K), 0.0357272 secs] [Times: user=0.03 sys=0.00, real=0.03 secs] 
2024-07-05T11:05:22.474+0800: 716.711: [GC (Allocation Failure) [PSYoungGen: 1022656K->16016K(1027072K)] 1067955K->61323K(1124864K), 0.0193436 secs] [Times: user=0.03 sys=0.00, real=0.02 secs] 
2024-07-05T11:05:24.287+0800: 718.524: [GC (Allocation Failure) [PSYoungGen: 1023632K->8938K(1028096K)] 1068939K->54253K(1125888K), 0.0101360 secs] [Times: user=0.02 sys=0.00, real=0.01 secs] 
2024-07-05T11:05:26.015+0800: 720.252: [GC (Allocation Failure) [PSYoungGen: 1016554K->11520K(1026560K)] 1061869K->56843K(1124352K), 0.0125007 secs] [Times: user=0.02 sys=0.00, real=0.01 secs] 
2024-07-05T11:05:27.813+0800: 722.050: [GC (Allocation Failure) [PSYoungGen: 1019648K->13407K(1027584K)] 1064971K->58738K(1125376K), 0.0142570 secs] [Times: user=0.03 sys=0.00, real=0.01 secs] 
2024-07-05T11:05:29.657+0800: 723.894: [GC (Allocation Failure) [PSYoungGen: 1021535K->9586K(1028608K)] 1066866K->54925K(1126400K), 0.0106203 secs] [Times: user=0.02 sys=0.00, real=0.01 secs] 
2024-07-05T11:05:31.362+0800: 725.599: [GC (Allocation Failure) [PSYoungGen: 1019762K->11376K(1029120K)] 1065101K->56723K(1126912K), 0.0112605 secs] [Times: user=0.02 sys=0.00, real=0.01 secs] 
2024-07-05T11:05:32.833+0800: 727.070: [GC (Allocation Failure) [PSYoungGen: 1021552K->11872K(1028608K)] 1066899K->57227K(1126400K), 0.0150880 secs] [Times: user=0.02 sys=0.00, real=0.01 secs] 
2024-07-05T11:05:34.255+0800: 728.492: [GC (Allocation Failure) [PSYoungGen: 1023072K->13583K(1029120K)] 1068427K->58946K(1126912K), 0.0126811 secs] [Times: user=0.02 sys=0.00, real=0.01 secs] 
2024-07-05T11:05:35.760+0800: 729.996: [GC (Allocation Failure) [PSYoungGen: 1024783K->17456K(1027584K)] 1070146K->62827K(1125376K), 0.0182541 secs] [Times: user=0.03 sys=0.00, real=0.02 secs] 
2024-07-05T11:05:37.293+0800: 731.530: [GC (Allocation Failure) [PSYoungGen: 1027120K->14008K(1029120K)] 1072491K->59387K(1126912K), 0.0122936 secs] [Times: user=0.02 sys=0.00, real=0.01 secs] 
2024-07-05T11:05:38.711+0800: 732.948: [GC (Allocation Failure) [PSYoungGen: 1023672K->13600K(1028096K)] 1069051K->58987K(1125888K), 0.0133617 secs] [Times: user=0.02 sys=0.00, real=0.02 secs] 
2024-07-05T11:05:40.172+0800: 734.409: [GC (Allocation Failure) [PSYoungGen: 1023264K->16848K(1028608K)] 1068651K->62243K(1126400K), 0.0164439 secs] [Times: user=0.03 sys=0.00, real=0.02 secs] 
2024-07-05T11:05:41.673+0800: 735.910: [GC (Allocation Failure) [PSYoungGen: 1026512K->19952K(1024512K)] 1071907K->65555K(1122304K), 0.0184983 secs] [Times: user=0.03 sys=0.00, real=0.01 secs] 
2024-07-05T11:05:43.131+0800: 737.368: [GC (Allocation Failure) [PSYoungGen: 1024496K->11504K(1026560K)] 1070099K->57115K(1124352K), 0.0109863 secs] [Times: user=0.02 sys=0.00, real=0.02 secs] 
2024-07-05T11:05:44.609+0800: 738.846: [GC (Allocation Failure) [PSYoungGen: 1016048K->13906K(1025024K)] 1061659K->59517K(1122816K), 0.0110585 secs] [Times: user=0.02 sys=0.00, real=0.01 secs] 
2024-07-05T11:05:46.069+0800: 740.306: [GC (Allocation Failure) [PSYoungGen: 1018962K->14448K(1026048K)] 1064573K->60067K(1123840K), 0.0140028 secs] [Times: user=0.03 sys=0.00, real=0.02 secs] 
2024-07-05T11:05:47.549+0800: 741.786: [GC (Allocation Failure) [PSYoungGen: 1019504K->18272K(1026048K)] 1065123K->63899K(1123840K), 0.0177988 secs] [Times: user=0.03 sys=0.00, real=0.02 secs] 
2024-07-05T11:05:49.016+0800: 743.253: [GC (Allocation Failure) [PSYoungGen: 1023840K->14336K(1027072K)] 1069467K->59971K(1124864K), 0.0135868 secs] [Times: user=0.02 sys=0.00, real=0.01 secs] 
2024-07-05T11:05:50.503+0800: 744.740: [GC (Allocation Failure) [PSYoungGen: 1019904K->18768K(1025536K)] 1065539K->64411K(1123328K), 0.0200363 secs] [Times: user=0.03 sys=0.00, real=0.02 secs] 
2024-07-05T11:05:51.961+0800: 746.198: [GC (Allocation Failure) [PSYoungGen: 1023312K->21904K(1026560K)] 1068955K->67555K(1124352K), 0.0195166 secs] [Times: user=0.04 sys=0.00, real=0.02 secs] 
2024-07-05T11:05:53.389+0800: 747.626: [GC (Allocation Failure) [PSYoungGen: 1026448K->19583K(1021440K)] 1072099K->65242K(1119232K), 0.0175434 secs] [Times: user=0.04 sys=0.00, real=0.02 secs] 
2024-07-05T11:05:54.913+0800: 749.150: [GC (Allocation Failure) [PSYoungGen: 1019007K->18368K(1024000K)] 1064666K->64035K(1121792K), 0.0174911 secs] [Times: user=0.03 sys=0.00, real=0.01 secs] 
2024-07-05T11:05:56.367+0800: 750.604: [GC (Allocation Failure) [PSYoungGen: 1017792K->13744K(1022976K)] 1063459K->59419K(1120768K), 0.0126657 secs] [Times: user=0.02 sys=0.00, real=0.01 secs] 
2024-07-05T11:05:57.812+0800: 752.049: [GC (Allocation Failure) [PSYoungGen: 1013168K->13632K(1023488K)] 1058843K->59315K(1121280K), 0.0135681 secs] [Times: user=0.03 sys=0.00, real=0.02 secs] 
2024-07-05T11:05:59.264+0800: 753.501: [GC (Allocation Failure) [PSYoungGen: 1013056K->20464K(1023488K)] 1058739K->66155K(1121280K), 0.0195127 secs] [Times: user=0.03 sys=0.00, real=0.02 secs] 
2024-07-05T11:06:00.749+0800: 754.986: [GC (Allocation Failure) [PSYoungGen: 1019888K->17865K(1024000K)] 1065579K->63564K(1121792K), 0.0181119 secs] [Times: user=0.03 sys=0.00, real=0.02 secs] 
2024-07-05T11:06:02.233+0800: 756.470: [GC (Allocation Failure) [PSYoungGen: 1017289K->10208K(1022976K)] 1062988K->55915K(1120768K), 0.0084351 secs] [Times: user=0.01 sys=0.00, real=0.01 secs] 
2024-07-05T11:06:03.637+0800: 757.874: [GC (Allocation Failure) [PSYoungGen: 1008608K->14304K(1012736K)] 1054315K->62780K(1110528K), 0.0160620 secs] [Times: user=0.03 sys=0.00, real=0.02 secs] 
2024-07-05T11:06:05.074+0800: 759.311: [GC (Allocation Failure) [PSYoungGen: 1012704K->11072K(1022976K)] 1061180K->60204K(1120768K), 0.0127149 secs] [Times: user=0.02 sys=0.00, real=0.01 secs] 
2024-07-05T11:06:06.569+0800: 760.806: [GC (Allocation Failure) [PSYoungGen: 1009984K->8080K(1022976K)] 1059116K->57220K(1120768K), 0.0075216 secs] [Times: user=0.02 sys=0.00, real=0.01 secs] 
2024-07-05T11:06:07.985+0800: 762.222: [GC (Allocation Failure) [PSYoungGen: 1006992K->10752K(1024000K)] 1056132K->59900K(1121792K), 0.0121233 secs] [Times: user=0.02 sys=0.00, real=0.01 secs] 
2024-07-05T11:06:09.491+0800: 763.728: [GC (Allocation Failure) [PSYoungGen: 1010688K->15936K(1024000K)] 1059836K->65092K(1121792K), 0.0180762 secs] [Times: user=0.03 sys=0.00, real=0.02 secs] 
2024-07-05T11:06:10.968+0800: 765.205: [GC (Allocation Failure) [PSYoungGen: 1015872K->13408K(1024000K)] 1065028K->62572K(1121792K), 0.0119472 secs] [Times: user=0.03 sys=0.00, real=0.01 secs] 
2024-07-05T11:06:12.389+0800: 766.626: [GC (Allocation Failure) [PSYoungGen: 1014368K->13840K(1024000K)] 1063532K->63012K(1121792K), 0.0132015 secs] [Times: user=0.03 sys=0.00, real=0.02 secs] 
2024-07-05T11:06:13.846+0800: 768.083: [GC (Allocation Failure) [PSYoungGen: 1014800K->18224K(1023488K)] 1063972K->67404K(1121280K), 0.0183328 secs] [Times: user=0.03 sys=0.00, real=0.02 secs] 
2024-07-05T11:06:15.330+0800: 769.567: [GC (Allocation Failure) [PSYoungGen: 1019696K->14218K(1024512K)] 1068876K->63406K(1122304K), 0.0133022 secs] [Times: user=0.03 sys=0.00, real=0.02 secs] 
2024-07-05T11:06:16.824+0800: 771.061: [GC (Allocation Failure) [PSYoungGen: 1015690K->13600K(1024512K)] 1064878K->62796K(1122304K), 0.0158800 secs] [Times: user=0.02 sys=0.00, real=0.01 secs] 
2024-07-05T11:06:18.257+0800: 772.494: [GC (Allocation Failure) [PSYoungGen: 1017120K->13888K(1025024K)] 1066316K->63092K(1122816K), 0.0135624 secs] [Times: user=0.03 sys=0.00, real=0.01 secs] 
2024-07-05T11:06:19.788+0800: 774.025: [GC (Allocation Failure) [PSYoungGen: 1017408K->12394K(1026048K)] 1066612K->61606K(1123840K), 0.0113111 secs] [Times: user=0.02 sys=0.00, real=0.01 secs] 
2024-07-05T11:06:21.310+0800: 775.547: [GC (Allocation Failure) [PSYoungGen: 1018474K->11648K(1026560K)] 1067686K->60868K(1124352K), 0.0133891 secs] [Times: user=0.02 sys=0.00, real=0.02 secs] 
2024-07-05T11:06:22.795+0800: 777.032: [GC (Allocation Failure) [PSYoungGen: 1017728K->14240K(1027072K)] 1066948K->63468K(1124864K), 0.0140800 secs] [Times: user=0.03 sys=0.00, real=0.01 secs] 
2024-07-05T11:06:24.296+0800: 778.532: [GC (Allocation Failure) [PSYoungGen: 1021856K->17824K(1027584K)] 1071084K->67060K(1125376K), 0.0159112 secs] [Times: user=0.03 sys=0.00, real=0.01 secs] 
2024-07-05T11:06:25.801+0800: 780.038: [GC (Allocation Failure) [PSYoungGen: 1025440K->10006K(1027584K)] 1074676K->59251K(1125376K), 0.0122642 secs] [Times: user=0.02 sys=0.00, real=0.01 secs] 
2024-07-05T11:06:48.965+0800: 803.202: [GC (Allocation Failure) [PSYoungGen: 1016598K->20984K(1027584K)] 1065843K->86765K(1125376K), 0.0123408 secs] [Times: user=0.02 sys=0.01, real=0.01 secs] 
2024-07-05T11:07:29.089+0800: 843.326: [GC (Allocation Failure) [PSYoungGen: 1027576K->20806K(1011200K)] 1093357K->90325K(1108992K), 0.0077427 secs] [Times: user=0.02 sys=0.00, real=0.01 secs] 
2024-07-05T11:08:08.491+0800: 882.728: [GC (Allocation Failure) [PSYoungGen: 1011014K->20790K(1011200K)] 1080533K->90318K(1108992K), 0.0057528 secs] [Times: user=0.01 sys=0.00, real=0.01 secs] 
2024-07-05T11:08:47.868+0800: 922.105: [GC (Allocation Failure) [PSYoungGen: 1010998K->20996K(1018880K)] 1080526K->90531K(1116672K), 0.0045233 secs] [Times: user=0.01 sys=0.00, real=0.00 secs] 
2024-07-05T11:09:27.519+0800: 961.756: [GC (Allocation Failure) [PSYoungGen: 1010180K->21124K(1010688K)] 1079715K->90667K(1108480K), 0.0046671 secs] [Times: user=0.01 sys=0.00, real=0.01 secs] 
2024-07-05T11:10:07.546+0800: 1001.783: [GC (Allocation Failure) [PSYoungGen: 1010308K->24429K(1016320K)] 1079851K->93980K(1114112K), 0.0050585 secs] [Times: user=0.01 sys=0.00, real=0.00 secs] 
2024-07-05T11:10:47.004+0800: 1041.240: [GC (Allocation Failure) [PSYoungGen: 1010541K->20822K(1017344K)] 1080092K->90382K(1115136K), 0.0054942 secs] [Times: user=0.00 sys=0.00, real=0.00 secs] 
2024-07-05T11:11:28.262+0800: 1082.499: [GC (Allocation Failure) [PSYoungGen: 1006934K->21044K(1016832K)] 1076494K->90611K(1114624K), 0.0061246 secs] [Times: user=0.01 sys=0.00, real=0.00 secs] 
2024-07-05T11:12:08.994+0800: 1123.231: [GC (Allocation Failure) [PSYoungGen: 1007668K->21195K(1017344K)] 1077235K->90770K(1115136K), 0.0046207 secs] [Times: user=0.01 sys=0.00, real=0.00 secs] 
2024-07-05T11:12:32.409+0800: 1146.646: [GC (Allocation Failure) [PSYoungGen: 1007499K->23397K(1017344K)] 1077074K->92996K(1115136K), 0.0061031 secs] [Times: user=0.01 sys=0.00, real=0.01 secs] 
2024-07-05T11:12:39.373+0800: 1153.610: [GC (Allocation Failure) [PSYoungGen: 1009855K->22475K(1017856K)] 1079454K->92090K(1115648K), 0.0056358 secs] [Times: user=0.01 sys=0.00, real=0.01 secs] 
2024-07-05T11:12:46.045+0800: 1160.282: [GC (Allocation Failure) [PSYoungGen: 1009075K->22459K(1017856K)] 1078690K->92082K(1115648K), 0.0055603 secs] [Times: user=0.01 sys=0.00, real=0.00 secs] 
2024-07-05T11:12:53.253+0800: 1167.490: [GC (Allocation Failure) [PSYoungGen: 1008914K->22476K(1009664K)] 1078537K->92107K(1107456K), 0.0076271 secs] [Times: user=0.01 sys=0.00, real=0.00 secs] 
2024-07-05T11:12:59.757+0800: 1173.994: [GC (Allocation Failure) [PSYoungGen: 1009454K->22475K(1017344K)] 1079085K->92114K(1115136K), 0.0055095 secs] [Times: user=0.01 sys=0.00, real=0.01 secs] 
2024-07-05T11:13:05.913+0800: 1180.150: [GC (Allocation Failure) [PSYoungGen: 1009238K->21747K(1017344K)] 1078877K->91394K(1115136K), 0.0053301 secs] [Times: user=0.01 sys=0.00, real=0.00 secs] 
2024-07-05T11:13:12.693+0800: 1186.930: [GC (Allocation Failure) [PSYoungGen: 1008593K->4707K(1014784K)] 1078240K->91434K(1112576K), 0.0070229 secs] [Times: user=0.01 sys=0.00, real=0.00 secs] 
2024-07-05T11:13:18.865+0800: 1193.102: [GC (Allocation Failure) [PSYoungGen: 989795K->4691K(990208K)] 1076522K->91426K(1088000K), 0.0030628 secs] [Times: user=0.00 sys=0.00, real=0.00 secs] 
2024-07-05T11:13:25.641+0800: 1199.878: [GC (Allocation Failure) [PSYoungGen: 989779K->4691K(1014784K)] 1076514K->91442K(1112576K), 0.0033133 secs] [Times: user=0.00 sys=0.00, real=0.00 secs] 
2024-07-05T11:13:31.753+0800: 1205.990: [GC (Allocation Failure) [PSYoungGen: 986269K->4675K(987136K)] 1073020K->91442K(1084928K), 0.0018870 secs] [Times: user=0.01 sys=0.00, real=0.00 secs] 
2024-07-05T11:13:37.845+0800: 1212.082: [GC (Allocation Failure) [PSYoungGen: 986215K->4659K(1014784K)] 1072983K->91434K(1112576K), 0.0019156 secs] [Times: user=0.01 sys=0.00, real=0.00 secs] 
2024-07-05T11:13:45.065+0800: 1219.302: [GC (Allocation Failure) [PSYoungGen: 985651K->3930K(1014784K)] 1072426K->90713K(1112576K), 0.0031720 secs] [Times: user=0.01 sys=0.00, real=0.00 secs] 
2024-07-05T11:13:51.189+0800: 1225.426: [GC (Allocation Failure) [PSYoungGen: 984558K->4659K(1012736K)] 1071342K->91458K(1110528K), 0.0031358 secs] [Times: user=0.01 sys=0.00, real=0.00 secs] 
2024-07-05T11:13:57.527+0800: 1231.764: [GC (Allocation Failure) [PSYoungGen: 985408K->4643K(1013760K)] 1072207K->91450K(1111552K), 0.0019016 secs] [Times: user=0.00 sys=0.00, real=0.00 secs] 
2024-07-05T11:14:04.222+0800: 1238.459: [GC (Allocation Failure) [PSYoungGen: 985159K->3930K(1013760K)] 1071967K->90745K(1111552K), 0.0030498 secs] [Times: user=0.00 sys=0.00, real=0.00 secs] 
2024-07-05T11:14:10.916+0800: 1245.153: [GC (Allocation Failure) [PSYoungGen: 987435K->3674K(1014784K)] 1074250K->91474K(1112576K), 0.0019739 secs] [Times: user=0.00 sys=0.00, real=0.00 secs] 
2024-07-05T11:14:17.557+0800: 1251.794: [GC (Allocation Failure) [PSYoungGen: 987226K->3658K(1013760K)] 1075026K->91474K(1111552K), 0.0016459 secs] [Times: user=0.01 sys=0.00, real=0.00 secs] 
2024-07-05T11:14:23.957+0800: 1258.194: [GC (Allocation Failure) [PSYoungGen: 989051K->3642K(1015296K)] 1076866K->91474K(1113088K), 0.0023569 secs] [Times: user=0.00 sys=0.00, real=0.00 secs] 
2024-07-05T11:14:30.882+0800: 1265.119: [GC (Allocation Failure) [PSYoungGen: 989242K->3658K(1014272K)] 1077074K->91498K(1112064K), 0.0025692 secs] [Times: user=0.00 sys=0.00, real=0.00 secs] 
2024-07-05T11:14:37.543+0800: 1271.780: [GC (Allocation Failure) [PSYoungGen: 991073K->2978K(1015296K)] 1078913K->90825K(1113088K), 0.0014299 secs] [Times: user=0.00 sys=0.00, real=0.00 secs] 
2024-07-05T11:14:44.466+0800: 1278.703: [GC (Allocation Failure) [PSYoungGen: 990167K->3690K(1014272K)] 1078015K->91546K(1112064K), 0.0025388 secs] [Times: user=0.01 sys=0.00, real=0.00 secs] 
2024-07-05T11:14:50.796+0800: 1285.033: [GC (Allocation Failure) [PSYoungGen: 993350K->2962K(1015296K)] 1081206K->90825K(1113088K), 0.0014839 secs] [Times: user=0.01 sys=0.00, real=0.00 secs] 
2024-07-05T11:14:57.977+0800: 1292.214: [GC (Allocation Failure) [PSYoungGen: 992401K->1521K(1013248K)] 1080265K->89392K(1111040K), 0.0014655 secs] [Times: user=0.00 sys=0.00, real=0.00 secs] 
2024-07-05T11:15:04.011+0800: 1298.248: [GC (Allocation Failure) [PSYoungGen: 992157K->3658K(1014784K)] 1080029K->91538K(1112576K), 0.0025032 secs] [Times: user=0.00 sys=0.00, real=0.01 secs] 
2024-07-05T11:15:10.673+0800: 1304.910: [GC (Allocation Failure) [PSYoungGen: 994513K->3674K(1012736K)] 1082393K->91562K(1110528K), 0.0019543 secs] [Times: user=0.00 sys=0.00, real=0.01 secs] 
2024-07-05T11:15:17.958+0800: 1312.195: [GC (Allocation Failure) [PSYoungGen: 996954K->3690K(1014272K)] 1084842K->91586K(1112064K), 0.0016700 secs] [Times: user=0.00 sys=0.00, real=0.00 secs] 
2024-07-05T11:15:24.550+0800: 1318.787: [GC (Allocation Failure) [PSYoungGen: 996826K->3658K(1012736K)] 1084722K->91562K(1110528K), 0.0017459 secs] [Times: user=0.00 sys=0.00, real=0.00 secs] 
2024-07-05T11:15:30.987+0800: 1325.224: [GC (Allocation Failure) [PSYoungGen: 998297K->3642K(1013760K)] 1086201K->91554K(1111552K), 0.0025914 secs] [Times: user=0.00 sys=0.00, real=0.00 secs] 
2024-07-05T11:15:38.673+0800: 1332.910: [GC (Allocation Failure) [PSYoungGen: 998033K->3642K(1012736K)] 1085944K->91562K(1110528K), 0.0027410 secs] [Times: user=0.01 sys=0.00, real=0.00 secs] 
2024-07-05T11:15:45.101+0800: 1339.338: [GC (Allocation Failure) [PSYoungGen: 1000506K->3690K(1013760K)] 1088426K->91618K(1111552K), 0.0019535 secs] [Times: user=0.00 sys=0.00, real=0.01 secs] 
2024-07-05T11:15:52.206+0800: 1346.443: [GC (Allocation Failure) [PSYoungGen: 1000217K->3642K(1013760K)] 1088145K->91578K(1111552K), 0.0024286 secs] [Times: user=0.01 sys=0.00, real=0.00 secs] 
2024-07-05T11:15:59.575+0800: 1353.812: [GC (Allocation Failure) [PSYoungGen: 1002279K->3642K(1014272K)] 1090215K->91586K(1112064K), 0.0024969 secs] [Times: user=0.00 sys=0.00, real=0.00 secs] 
2024-07-05T11:16:06.117+0800: 1360.354: [GC (Allocation Failure) [PSYoungGen: 1002279K->3642K(1014272K)] 1090222K->91594K(1112064K), 0.0025751 secs] [Times: user=0.00 sys=0.01, real=0.00 secs] 
2024-07-05T11:16:12.469+0800: 1366.706: [GC (Allocation Failure) [PSYoungGen: 1004602K->3642K(1014784K)] 1092554K->91602K(1112576K), 0.0024191 secs] [Times: user=0.01 sys=0.00, real=0.00 secs] 
2024-07-05T11:16:20.113+0800: 1374.350: [GC (Allocation Failure) [PSYoungGen: 1004002K->3642K(1014784K)] 1091961K->91610K(1112576K), 0.0027487 secs] [Times: user=0.00 sys=0.00, real=0.00 secs] 
2024-07-05T11:16:26.885+0800: 1381.122: [GC (Allocation Failure) [PSYoungGen: 1006430K->3690K(1015296K)] 1094398K->91666K(1113088K), 0.0017642 secs] [Times: user=0.01 sys=0.00, real=0.00 secs] 
2024-07-05T11:16:33.965+0800: 1388.202: [GC (Allocation Failure) [PSYoungGen: 1006105K->3690K(1015808K)] 1094080K->91674K(1113600K), 0.0027157 secs] [Times: user=0.01 sys=0.00, real=0.00 secs] 
2024-07-05T11:16:40.388+0800: 1394.625: [GC (Allocation Failure) [PSYoungGen: 1008218K->3690K(1016320K)] 1096202K->91682K(1114112K), 0.0015518 secs] [Times: user=0.00 sys=0.00, real=0.00 secs] 
2024-07-05T11:16:47.469+0800: 1401.706: [GC (Allocation Failure) [PSYoungGen: 1008291K->3690K(1016320K)] 1096282K->91690K(1114112K), 0.0026682 secs] [Times: user=0.00 sys=0.00, real=0.00 secs] 
2024-07-05T11:16:53.884+0800: 1408.121: [GC (Allocation Failure) [PSYoungGen: 1010758K->3690K(1016832K)] 1098758K->91698K(1114624K), 0.0018761 secs] [Times: user=0.00 sys=0.00, real=0.00 secs] 
2024-07-05T11:17:00.064+0800: 1414.300: [GC (Allocation Failure) [PSYoungGen: 1010238K->3642K(1017856K)] 1098246K->91658K(1115648K), 0.0022024 secs] [Times: user=0.00 sys=0.00, real=0.00 secs] 
2024-07-05T11:17:06.300+0800: 1420.537: [GC (Allocation Failure) [PSYoungGen: 1012480K->3642K(1018368K)] 1100496K->91666K(1116160K), 0.0025711 secs] [Times: user=0.00 sys=0.00, real=0.01 secs] 
2024-07-05T11:17:12.756+0800: 1426.993: [GC (Allocation Failure) [PSYoungGen: 1012336K->3658K(1018880K)] 1100360K->91690K(1116672K), 0.0016318 secs] [Times: user=0.00 sys=0.00, real=0.00 secs] 
2024-07-05T11:17:19.353+0800: 1433.590: [GC (Allocation Failure) [PSYoungGen: 1014151K->3642K(1019392K)] 1102183K->91682K(1117184K), 0.0024684 secs] [Times: user=0.00 sys=0.00, real=0.00 secs] 
2024-07-05T11:17:25.768+0800: 1440.005: [GC (Allocation Failure) [PSYoungGen: 1014276K->3674K(1020416K)] 1102316K->91722K(1118208K), 0.0019798 secs] [Times: user=0.00 sys=0.00, real=0.00 secs] 
2024-07-05T11:17:32.259+0800: 1446.496: [GC (Allocation Failure) [PSYoungGen: 1016377K->3674K(1020928K)] 1104425K->91730K(1118720K), 0.0024079 secs] [Times: user=0.00 sys=0.00, real=0.01 secs] 
2024-07-05T11:17:38.953+0800: 1453.190: [GC (Allocation Failure) [PSYoungGen: 1016264K->3658K(1022464K)] 1104320K->91722K(1120256K), 0.0024079 secs] [Times: user=0.00 sys=0.00, real=0.01 secs] 
2024-07-05T11:17:45.433+0800: 1459.670: [GC (Allocation Failure) [PSYoungGen: 1018618K->3690K(1022464K)] 1106681K->91762K(1120256K), 0.0017496 secs] [Times: user=0.00 sys=0.00, real=0.01 secs] 
2024-07-05T11:17:51.741+0800: 1465.978: [GC (Allocation Failure) [PSYoungGen: 1018986K->3690K(1024000K)] 1107058K->91770K(1121792K), 0.0024375 secs] [Times: user=0.00 sys=0.00, real=0.00 secs] 
2024-07-05T11:17:58.037+0800: 1472.274: [GC (Allocation Failure) [PSYoungGen: 1020835K->3674K(1024000K)] 1108915K->91762K(1121792K), 0.0023416 secs] [Times: user=0.00 sys=0.00, real=0.00 secs] 
2024-07-05T11:18:04.349+0800: 1478.586: [GC (Allocation Failure) [PSYoungGen: 1021018K->3674K(1025536K)] 1109106K->91770K(1123328K), 0.0024125 secs] [Times: user=0.00 sys=0.00, real=0.00 secs] 
2024-07-05T11:18:10.692+0800: 1484.928: [GC (Allocation Failure) [PSYoungGen: 1022414K->3658K(1025536K)] 1110510K->91762K(1123328K), 0.0016225 secs] [Times: user=0.00 sys=0.00, real=0.01 secs] 
2024-07-05T11:18:17.732+0800: 1491.969: [GC (Allocation Failure) [PSYoungGen: 1022621K->3674K(1026560K)] 1110724K->91786K(1124352K), 0.0022066 secs] [Times: user=0.01 sys=0.00, real=0.01 secs] 
2024-07-05T11:18:24.569+0800: 1498.806: [GC (Allocation Failure) [PSYoungGen: 1024643K->3690K(1027072K)] 1112755K->91818K(1124864K), 0.0016545 secs] [Times: user=0.00 sys=0.00, real=0.00 secs] 
2024-07-05T11:18:31.440+0800: 1505.677: [GC (Allocation Failure) [PSYoungGen: 1024860K->3674K(1029120K)] 1112988K->91810K(1126912K), 0.0031200 secs] [Times: user=0.00 sys=0.00, real=0.01 secs] 
2024-07-05T11:18:38.702+0800: 1512.939: [GC (Allocation Failure) [PSYoungGen: 1027162K->192K(1029120K)] 1115298K->88335K(1126912K), 0.0019922 secs] [Times: user=0.00 sys=0.00, real=0.00 secs] 
2024-07-05T11:18:43.085+0800: 1517.322: [GC (Allocation Failure) [PSYoungGen: 1023680K->192K(1031680K)] 1111823K->88343K(1129472K), 0.0015681 secs] [Times: user=0.00 sys=0.00, real=0.00 secs] 
2024-07-05T11:18:47.793+0800: 1522.030: [GC (Allocation Failure) [PSYoungGen: 1025728K->224K(1031680K)] 1113879K->88383K(1129472K), 0.0014657 secs] [Times: user=0.00 sys=0.00, real=0.00 secs] 
2024-07-05T11:18:52.405+0800: 1526.642: [GC (Allocation Failure) [PSYoungGen: 1025760K->224K(1034240K)] 1113919K->88391K(1132032K), 0.0013078 secs] [Times: user=0.00 sys=0.00, real=0.00 secs] 
2024-07-05T11:18:57.057+0800: 1531.294: [GC (Allocation Failure) [PSYoungGen: 1027808K->176K(1034240K)] 1115975K->88351K(1132032K), 0.0017861 secs] [Times: user=0.00 sys=0.00, real=0.00 secs] 
2024-07-05T11:19:01.667+0800: 1535.904: [GC (Allocation Failure) [PSYoungGen: 1027760K->192K(1036288K)] 1115935K->88375K(1134080K), 0.0020576 secs] [Times: user=0.00 sys=0.00, real=0.00 secs] 
2024-07-05T11:19:06.377+0800: 1540.614: [GC (Allocation Failure) [PSYoungGen: 1029824K->192K(1036288K)] 1118007K->88383K(1134080K), 0.0022077 secs] [Times: user=0.00 sys=0.00, real=0.00 secs] 
2024-07-05T11:19:11.001+0800: 1545.238: [GC (Allocation Failure) [PSYoungGen: 1029824K->208K(1037312K)] 1118015K->88407K(1135104K), 0.0014463 secs] [Times: user=0.00 sys=0.00, real=0.00 secs] 
2024-07-05T11:19:15.649+0800: 1549.886: [GC (Allocation Failure) [PSYoungGen: 1031888K->240K(1037824K)] 1120087K->88447K(1135616K), 0.0020020 secs] [Times: user=0.00 sys=0.00, real=0.00 secs] 
2024-07-05T11:19:19.941+0800: 1554.177: [GC (Allocation Failure) [PSYoungGen: 1031920K->240K(1039872K)] 1120127K->88455K(1137664K), 0.0013947 secs] [Times: user=0.00 sys=0.00, real=0.01 secs] 
2024-07-05T11:19:24.257+0800: 1558.494: [GC (Allocation Failure) [PSYoungGen: 1033968K->240K(1039872K)] 1122183K->88463K(1137664K), 0.0022283 secs] [Times: user=0.00 sys=0.00, real=0.00 secs] 
2024-07-05T11:19:28.721+0800: 1562.958: [GC (Allocation Failure) [PSYoungGen: 1033968K->240K(1040896K)] 1122191K->88471K(1138688K), 0.0014805 secs] [Times: user=0.01 sys=0.00, real=0.00 secs] 
2024-07-05T11:19:33.310+0800: 1567.547: [GC (Allocation Failure) [PSYoungGen: 1036016K->224K(1041408K)] 1124247K->88463K(1139200K), 0.0019978 secs] [Times: user=0.00 sys=0.00, real=0.00 secs] 
2024-07-05T11:19:37.974+0800: 1572.210: [GC (Allocation Failure) [PSYoungGen: 1036000K->224K(1042944K)] 1124239K->88471K(1140736K), 0.0022068 secs] [Times: user=0.00 sys=0.00, real=0.00 secs] 
2024-07-05T11:19:42.599+0800: 1576.836: [GC (Allocation Failure) [PSYoungGen: 1038048K->256K(1042944K)] 1126295K->88511K(1140736K), 0.0022083 secs] [Times: user=0.00 sys=0.00, real=0.01 secs] 
2024-07-05T11:19:47.279+0800: 1581.516: [GC (Allocation Failure) [PSYoungGen: 1038080K->224K(1042944K)] 1126335K->88535K(1140736K), 0.0016780 secs] [Times: user=0.01 sys=0.00, real=0.00 secs] 
2024-07-05T11:19:51.741+0800: 1585.978: [GC (Allocation Failure) [PSYoungGen: 1038560K->208K(1042944K)] 1126871K->88527K(1140736K), 0.0017424 secs] [Times: user=0.00 sys=0.00, real=0.00 secs] 
2024-07-05T11:19:56.132+0800: 1590.369: [GC (Allocation Failure) [PSYoungGen: 1038544K->208K(1043456K)] 1126863K->88535K(1141248K), 0.0016960 secs] [Times: user=0.00 sys=0.00, real=0.01 secs] 
2024-07-05T11:20:00.425+0800: 1594.662: [GC (Allocation Failure) [PSYoungGen: 1039568K->208K(1043456K)] 1127895K->88543K(1141248K), 0.0019068 secs] [Times: user=0.00 sys=0.00, real=0.00 secs] 
2024-07-05T11:20:04.951+0800: 1599.187: [GC (Allocation Failure) [PSYoungGen: 1039568K->240K(1043456K)] 1127903K->88583K(1141248K), 0.0018569 secs] [Times: user=0.00 sys=0.00, real=0.00 secs] 
2024-07-05T11:20:09.285+0800: 1603.522: [GC (Allocation Failure) [PSYoungGen: 1040624K->208K(1043968K)] 1128967K->88559K(1141760K), 0.0018525 secs] [Times: user=0.01 sys=0.00, real=0.00 secs] 
2024-07-05T11:20:13.685+0800: 1607.922: [GC (Allocation Failure) [PSYoungGen: 1040592K->240K(1043968K)] 1128943K->88599K(1141760K), 0.0017789 secs] [Times: user=0.00 sys=0.00, real=0.00 secs] 
2024-07-05T11:20:18.109+0800: 1612.346: [GC (Allocation Failure) [PSYoungGen: 1041648K->240K(1044480K)] 1130007K->88607K(1142272K), 0.0020085 secs] [Times: user=0.00 sys=0.00, real=0.00 secs] 
2024-07-05T11:20:22.628+0800: 1616.865: [GC (Allocation Failure) [PSYoungGen: 1041648K->240K(1045504K)] 1130015K->88615K(1143296K), 0.0014834 secs] [Times: user=0.01 sys=0.00, real=0.00 secs] 
2024-07-05T11:20:27.148+0800: 1621.385: [GC (Allocation Failure) [PSYoungGen: 1042672K->240K(1042944K)] 1131047K->88623K(1140736K), 0.0015139 secs] [Times: user=0.00 sys=0.00, real=0.00 secs] 
2024-07-05T11:20:31.673+0800: 1625.910: [GC (Allocation Failure) [PSYoungGen: 1042672K->208K(1044992K)] 1131055K->88599K(1142784K), 0.0016923 secs] [Times: user=0.00 sys=0.00, real=0.00 secs] 
2024-07-05T11:20:36.243+0800: 1630.480: [GC (Allocation Failure) [PSYoungGen: 1042640K->208K(1044992K)] 1131031K->88607K(1142784K), 0.0017728 secs] [Times: user=0.01 sys=0.00, real=0.00 secs] 
2024-07-05T11:20:40.690+0800: 1634.926: [GC (Allocation Failure) [PSYoungGen: 1042640K->208K(1044992K)] 1131039K->88615K(1142784K), 0.0019753 secs] [Times: user=0.00 sys=0.00, real=0.00 secs] 
2024-07-05T11:20:45.110+0800: 1639.347: [GC (Allocation Failure) [PSYoungGen: 1043664K->208K(1045504K)] 1132071K->88623K(1143296K), 0.0013848 secs] [Times: user=0.00 sys=0.00, real=0.00 secs] 
2024-07-05T11:20:49.553+0800: 1643.790: [GC (Allocation Failure) [PSYoungGen: 1043664K->224K(1046528K)] 1132079K->88647K(1144320K), 0.0017813 secs] [Times: user=0.00 sys=0.00, real=0.01 secs] 
2024-07-05T11:20:53.921+0800: 1648.158: [GC (Allocation Failure) [PSYoungGen: 1044704K->192K(1046528K)] 1133127K->88655K(1144320K), 0.0016949 secs] [Times: user=0.01 sys=0.00, real=0.00 secs] 
2024-07-05T11:20:58.332+0800: 1652.569: [GC (Allocation Failure) [PSYoungGen: 1044672K->272K(1046528K)] 1133135K->88743K(1144320K), 0.0013318 secs] [Times: user=0.00 sys=0.00, real=0.00 secs] 
2024-07-05T11:21:02.821+0800: 1657.058: [GC (Allocation Failure) [PSYoungGen: 1044752K->288K(1044992K)] 1133223K->88767K(1142784K), 0.0012299 secs] [Times: user=0.00 sys=0.00, real=0.00 secs] 
2024-07-05T11:21:07.269+0800: 1661.506: [GC (Allocation Failure) [PSYoungGen: 1044768K->240K(1046016K)] 1133247K->88727K(1143808K), 0.0013742 secs] [Times: user=0.00 sys=0.00, real=0.00 secs] 
2024-07-05T11:21:11.814+0800: 1666.051: [GC (Allocation Failure) [PSYoungGen: 1044720K->208K(1046016K)] 1133207K->88703K(1143808K), 0.0017783 secs] [Times: user=0.01 sys=0.00, real=0.00 secs] 
2024-07-05T11:21:16.366+0800: 1670.603: [GC (Allocation Failure) [PSYoungGen: 1044688K->208K(1047040K)] 1133183K->88711K(1144832K), 0.0013338 secs] [Times: user=0.00 sys=0.00, real=0.00 secs] 
2024-07-05T11:21:20.896+0800: 1675.132: [GC (Allocation Failure) [PSYoungGen: 1045712K->240K(1047040K)] 1134215K->88751K(1144832K), 0.0012769 secs] [Times: user=0.00 sys=0.00, real=0.00 secs] 
2024-07-05T11:21:25.460+0800: 1679.697: [GC (Allocation Failure) [PSYoungGen: 1045744K->240K(1047040K)] 1134255K->88759K(1144832K), 0.0013311 secs] [Times: user=0.00 sys=0.00, real=0.00 secs] 
2024-07-05T11:21:30.061+0800: 1684.298: [GC (Allocation Failure) [PSYoungGen: 1045744K->224K(1046016K)] 1134263K->88751K(1143808K), 0.0018496 secs] [Times: user=0.00 sys=0.00, real=0.00 secs] 
2024-07-05T11:21:34.665+0800: 1688.902: [GC (Allocation Failure) [PSYoungGen: 1045728K->224K(1046528K)] 1134255K->88759K(1144320K), 0.0013291 secs] [Times: user=0.00 sys=0.00, real=0.00 secs] 
2024-07-05T11:21:39.285+0800: 1693.522: [GC (Allocation Failure) [PSYoungGen: 1045728K->240K(1046528K)] 1134263K->88783K(1144320K), 0.0013022 secs] [Times: user=0.00 sys=0.00, real=0.00 secs] 
2024-07-05T11:21:43.824+0800: 1698.061: [GC (Allocation Failure) [PSYoungGen: 1045744K->208K(1047552K)] 1134287K->88767K(1145344K), 0.0016409 secs] [Times: user=0.00 sys=0.00, real=0.00 secs] 
2024-07-05T11:21:48.415+0800: 1702.652: [GC (Allocation Failure) [PSYoungGen: 1046736K->208K(1047552K)] 1135295K->88775K(1145344K), 0.0017764 secs] [Times: user=0.00 sys=0.00, real=0.00 secs] 
2024-07-05T11:21:52.996+0800: 1707.232: [GC (Allocation Failure) [PSYoungGen: 1046736K->208K(1047552K)] 1135303K->88783K(1145344K), 0.0020770 secs] [Times: user=0.00 sys=0.00, real=0.00 secs] 
2024-07-05T11:21:57.498+0800: 1711.735: [GC (Allocation Failure) [PSYoungGen: 1046736K->224K(1047552K)] 1135311K->88807K(1145344K), 0.0012782 secs] [Times: user=0.00 sys=0.00, real=0.00 secs] 
2024-07-05T11:22:02.152+0800: 1716.389: [GC (Allocation Failure) [PSYoungGen: 1046752K->208K(1047552K)] 1135335K->88799K(1145344K), 0.0019587 secs] [Times: user=0.00 sys=0.00, real=0.01 secs] 
2024-07-05T11:22:06.613+0800: 1720.850: [GC (Allocation Failure) [PSYoungGen: 1046736K->240K(1047552K)] 1135327K->88839K(1145344K), 0.0018622 secs] [Times: user=0.00 sys=0.00, real=0.00 secs] 
2024-07-05T11:22:11.131+0800: 1725.368: [GC (Allocation Failure) [PSYoungGen: 1046768K->208K(1047552K)] 1135367K->88815K(1145344K), 0.0014728 secs] [Times: user=0.01 sys=0.00, real=0.00 secs] 
2024-07-05T11:22:15.584+0800: 1729.821: [GC (Allocation Failure) [PSYoungGen: 1046736K->240K(1047552K)] 1135343K->88863K(1145344K), 0.0018485 secs] [Times: user=0.00 sys=0.00, real=0.00 secs] 
2024-07-05T11:22:20.169+0800: 1734.406: [GC (Allocation Failure) [PSYoungGen: 1046768K->240K(1047552K)] 1135391K->88871K(1145344K), 0.0018101 secs] [Times: user=0.00 sys=0.00, real=0.00 secs] 
2024-07-05T11:22:24.696+0800: 1738.933: [GC (Allocation Failure) [PSYoungGen: 1046768K->208K(1047552K)] 1135399K->88847K(1145344K), 0.0015166 secs] [Times: user=0.00 sys=0.00, real=0.00 secs] 
2024-07-05T11:22:29.049+0800: 1743.286: [GC (Allocation Failure) [PSYoungGen: 1046736K->224K(1047552K)] 1135375K->88871K(1145344K), 0.0013351 secs] [Times: user=0.00 sys=0.00, real=0.00 secs] 
2024-07-05T11:22:33.567+0800: 1747.804: [GC (Allocation Failure) [PSYoungGen: 1047264K->192K(1047552K)] 1135911K->88847K(1145344K), 0.0019364 secs] [Times: user=0.00 sys=0.00, real=0.00 secs] 
2024-07-05T11:22:38.061+0800: 1752.298: [GC (Allocation Failure) [PSYoungGen: 1047232K->208K(1048064K)] 1135887K->88871K(1145856K), 0.0018166 secs] [Times: user=0.00 sys=0.00, real=0.00 secs] 
2024-07-05T11:22:42.578+0800: 1756.815: [GC (Allocation Failure) [PSYoungGen: 1047760K->208K(1048064K)] 1136423K->88879K(1145856K), 0.0017555 secs] [Times: user=0.00 sys=0.00, real=0.00 secs] 
2024-07-05T11:22:47.177+0800: 1761.414: [GC (Allocation Failure) [PSYoungGen: 1047760K->208K(1048064K)] 1136431K->88887K(1145856K), 0.0015815 secs] [Times: user=0.00 sys=0.00, real=0.00 secs] 
2024-07-05T11:22:51.615+0800: 1765.852: [GC (Allocation Failure) [PSYoungGen: 1047760K->240K(1048064K)] 1136439K->88927K(1145856K), 0.0012280 secs] [Times: user=0.00 sys=0.00, real=0.00 secs] 
2024-07-05T11:22:56.011+0800: 1770.248: [GC (Allocation Failure) [PSYoungGen: 1047792K->208K(1048064K)] 1136479K->88903K(1145856K), 0.0020315 secs] [Times: user=0.00 sys=0.00, real=0.01 secs] 
2024-07-05T11:23:00.677+0800: 1774.913: [GC (Allocation Failure) [PSYoungGen: 1047760K->240K(1048064K)] 1136455K->88943K(1145856K), 0.0018508 secs] [Times: user=0.00 sys=0.00, real=0.00 secs] 
2024-07-05T11:23:05.158+0800: 1779.395: [GC (Allocation Failure) [PSYoungGen: 1047792K->208K(1048064K)] 1136495K->88919K(1145856K), 0.0023142 secs] [Times: user=0.00 sys=0.00, real=0.00 secs] 
2024-07-05T11:23:09.837+0800: 1784.074: [GC (Allocation Failure) [PSYoungGen: 1047760K->208K(1048064K)] 1136471K->88927K(1145856K), 0.0016070 secs] [Times: user=0.01 sys=0.00, real=0.00 secs] 
2024-07-05T11:23:14.409+0800: 1788.646: [GC (Allocation Failure) [PSYoungGen: 1047760K->208K(1048064K)] 1136479K->88935K(1145856K), 0.0016954 secs] [Times: user=0.00 sys=0.00, real=0.00 secs] 
2024-07-05T11:23:19.069+0800: 1793.306: [GC (Allocation Failure) [PSYoungGen: 1047760K->208K(1048064K)] 1136487K->88943K(1145856K), 0.0017803 secs] [Times: user=0.00 sys=0.00, real=0.00 secs] 
2024-07-05T11:23:23.573+0800: 1797.810: [GC (Allocation Failure) [PSYoungGen: 1047760K->208K(1048064K)] 1136495K->88951K(1145856K), 0.0012764 secs] [Times: user=0.01 sys=0.00, real=0.00 secs] 
2024-07-05T11:23:28.177+0800: 1802.414: [GC (Allocation Failure) [PSYoungGen: 1047760K->208K(1048064K)] 1136503K->88959K(1145856K), 0.0019830 secs] [Times: user=0.00 sys=0.00, real=0.00 secs] 
2024-07-05T11:23:32.892+0800: 1807.129: [GC (Allocation Failure) [PSYoungGen: 1047760K->240K(1048064K)] 1136511K->88999K(1145856K), 0.0016841 secs] [Times: user=0.00 sys=0.00, real=0.01 secs] 
2024-07-05T11:23:37.346+0800: 1811.583: [GC (Allocation Failure) [PSYoungGen: 1047792K->240K(1048064K)] 1136551K->89007K(1145856K), 0.0017949 secs] [Times: user=0.00 sys=0.00, real=0.00 secs] 
2024-07-05T11:23:41.673+0800: 1815.910: [GC (Allocation Failure) [PSYoungGen: 1047792K->240K(1048064K)] 1136559K->89015K(1145856K), 0.0016247 secs] [Times: user=0.00 sys=0.00, real=0.00 secs] 
2024-07-05T11:23:46.029+0800: 1820.266: [GC (Allocation Failure) [PSYoungGen: 1047792K->208K(1048064K)] 1136567K->88991K(1145856K), 0.0016844 secs] [Times: user=0.00 sys=0.00, real=0.00 secs] 
2024-07-05T11:23:50.419+0800: 1824.656: [GC (Allocation Failure) [PSYoungGen: 1047760K->208K(1048064K)] 1136543K->88999K(1145856K), 0.0016327 secs] [Times: user=0.00 sys=0.00, real=0.00 secs] 
2024-07-05T11:23:54.769+0800: 1829.006: [GC (Allocation Failure) [PSYoungGen: 1047760K->208K(1048064K)] 1136551K->89007K(1145856K), 0.0016679 secs] [Times: user=0.00 sys=0.00, real=0.00 secs] 
2024-07-05T11:23:59.200+0800: 1833.437: [GC (Allocation Failure) [PSYoungGen: 1047760K->208K(1048064K)] 1136559K->89015K(1145856K), 0.0019022 secs] [Times: user=0.01 sys=0.00, real=0.01 secs] 
2024-07-05T11:24:03.778+0800: 1838.015: [GC (Allocation Failure) [PSYoungGen: 1047760K->208K(1048064K)] 1136567K->89023K(1145856K), 0.0019360 secs] [Times: user=0.01 sys=0.00, real=0.00 secs] 
2024-07-05T11:24:08.453+0800: 1842.690: [GC (Allocation Failure) [PSYoungGen: 1047760K->208K(1048064K)] 1136575K->89031K(1145856K), 0.0019650 secs] [Times: user=0.00 sys=0.00, real=0.00 secs] 
2024-07-05T11:24:13.637+0800: 1847.874: [GC (Allocation Failure) [PSYoungGen: 1047760K->208K(1048064K)] 1136583K->89039K(1145856K), 0.0020580 secs] [Times: user=0.00 sys=0.00, real=0.00 secs] 
2024-07-05T11:24:18.841+0800: 1853.078: [GC (Allocation Failure) [PSYoungGen: 1047760K->208K(1048064K)] 1136591K->89047K(1145856K), 0.0023732 secs] [Times: user=0.00 sys=0.00, real=0.00 secs] 
2024-07-05T11:24:23.303+0800: 1857.540: [GC (Allocation Failure) [PSYoungGen: 1047760K->240K(1048064K)] 1136599K->89087K(1145856K), 0.0012947 secs] [Times: user=0.00 sys=0.00, real=0.00 secs] 
2024-07-05T11:24:27.781+0800: 1862.018: [GC (Allocation Failure) [PSYoungGen: 1047792K->208K(1048064K)] 1136639K->89063K(1145856K), 0.0018754 secs] [Times: user=0.00 sys=0.00, real=0.00 secs] 
2024-07-05T11:24:32.169+0800: 1866.406: [GC (Allocation Failure) [PSYoungGen: 1047760K->208K(1048064K)] 1136615K->89071K(1145856K), 0.0018159 secs] [Times: user=0.00 sys=0.00, real=0.00 secs] 
2024-07-05T11:24:37.051+0800: 1871.288: [GC (Allocation Failure) [PSYoungGen: 1047760K->288K(1048064K)] 1136623K->91207K(1145856K), 0.0025658 secs] [Times: user=0.00 sys=0.00, real=0.01 secs] 
2024-07-05T11:24:42.137+0800: 1876.374: [GC (Allocation Failure) [PSYoungGen: 1047272K->288K(1048064K)] 1138192K->92239K(1145856K), 0.0014964 secs] [Times: user=0.01 sys=0.00, real=0.00 secs] 
2024-07-05T11:24:47.192+0800: 1881.429: [GC (Allocation Failure) [PSYoungGen: 1047840K->288K(1048064K)] 1139791K->93271K(1145856K), 0.0022376 secs] [Times: user=0.00 sys=0.00, real=0.01 secs] 
2024-07-05T11:24:52.292+0800: 1886.529: [GC (Allocation Failure) [PSYoungGen: 1047840K->288K(1048064K)] 1140823K->93287K(1145856K), 0.0015326 secs] [Times: user=0.01 sys=0.00, real=0.01 secs] 
2024-07-05T11:24:57.346+0800: 1891.583: [GC (Allocation Failure) [PSYoungGen: 1047840K->224K(1048064K)] 1140839K->94287K(1145856K), 0.0019890 secs] [Times: user=0.00 sys=0.00, real=0.00 secs] 
2024-07-05T11:25:02.481+0800: 1896.718: [GC (Allocation Failure) [PSYoungGen: 1047776K->240K(1048064K)] 1141839K->94311K(1145856K), 0.0021391 secs] [Times: user=0.00 sys=0.00, real=0.00 secs] 
2024-07-05T11:25:07.497+0800: 1901.734: [GC (Allocation Failure) [PSYoungGen: 1047792K->240K(1048064K)] 1141863K->95343K(1145856K), 0.0021891 secs] [Times: user=0.00 sys=0.00, real=0.00 secs] 
2024-07-05T11:25:12.597+0800: 1906.834: [GC (Allocation Failure) [PSYoungGen: 1047792K->208K(1048064K)] 1142895K->96343K(1145856K), 0.0021139 secs] [Times: user=0.00 sys=0.00, real=0.00 secs] 
2024-07-05T11:25:17.741+0800: 1911.978: [GC (Allocation Failure) [PSYoungGen: 1047760K->208K(1048064K)] 1143895K->97375K(1145856K), 0.0024517 secs] [Times: user=0.00 sys=0.00, real=0.01 secs] 
2024-07-05T11:25:17.743+0800: 1911.980: [Full GC (Ergonomics) [PSYoungGen: 208K->0K(1048064K)] [ParOldGen: 97167K->46423K(117760K)] 97375K->46423K(1165824K), [Metaspace: 13476K->13472K(1062912K)], 0.0385616 secs] [Times: user=0.06 sys=0.00, real=0.04 secs] 
2024-07-05T11:25:22.726+0800: 1916.963: [GC (Allocation Failure) [PSYoungGen: 1047552K->128K(1048064K)] 1093975K->46551K(1165824K), 0.0010923 secs] [Times: user=0.00 sys=0.00, real=0.00 secs] 
2024-07-05T11:25:27.627+0800: 1921.864: [GC (Allocation Failure) [PSYoungGen: 1047680K->96K(1048064K)] 1094103K->47544K(1165824K), 0.0010475 secs] [Times: user=0.00 sys=0.00, real=0.00 secs] 
2024-07-05T11:25:32.542+0800: 1926.779: [GC (Allocation Failure) [PSYoungGen: 1047648K->96K(1048064K)] 1095096K->48568K(1165824K), 0.0011332 secs] [Times: user=0.01 sys=0.00, real=0.00 secs] 
2024-07-05T11:25:37.400+0800: 1931.637: [GC (Allocation Failure) [PSYoungGen: 1047648K->80K(1048064K)] 1096120K->49576K(1165824K), 0.0010019 secs] [Times: user=0.00 sys=0.00, real=0.00 secs] 
2024-07-05T11:25:42.249+0800: 1936.486: [GC (Allocation Failure) [PSYoungGen: 1047632K->80K(1048064K)] 1097128K->50600K(1165824K), 0.0013638 secs] [Times: user=0.00 sys=0.00, real=0.00 secs] 
2024-07-05T11:25:47.105+0800: 1941.342: [GC (Allocation Failure) [PSYoungGen: 1047632K->80K(1048064K)] 1098152K->51624K(1165824K), 0.0013187 secs] [Times: user=0.00 sys=0.00, real=0.00 secs] 
2024-07-05T11:25:52.069+0800: 1946.306: [GC (Allocation Failure) [PSYoungGen: 1047632K->128K(1048064K)] 1099176K->52696K(1165824K), 0.0013989 secs] [Times: user=0.00 sys=0.00, real=0.00 secs] 
2024-07-05T11:25:57.097+0800: 1951.333: [GC (Allocation Failure) [PSYoungGen: 1047680K->112K(1048064K)] 1100248K->53704K(1165824K), 0.0014401 secs] [Times: user=0.00 sys=0.00, real=0.00 secs] 
2024-07-05T11:26:02.241+0800: 1956.478: [GC (Allocation Failure) [PSYoungGen: 1047664K->112K(1048064K)] 1101256K->54728K(1165824K), 0.0014382 secs] [Times: user=0.01 sys=0.00, real=0.00 secs] 
2024-07-05T11:26:07.185+0800: 1961.422: [GC (Allocation Failure) [PSYoungGen: 1047664K->128K(1048064K)] 1102280K->55768K(1165824K), 0.0012162 secs] [Times: user=0.01 sys=0.00, real=0.00 secs] 
2024-07-05T11:26:12.109+0800: 1966.346: [GC (Allocation Failure) [PSYoungGen: 1047680K->112K(1048064K)] 1103320K->56776K(1165824K), 0.0014350 secs] [Times: user=0.00 sys=0.00, real=0.00 secs] 
2024-07-05T11:26:17.025+0800: 1971.262: [GC (Allocation Failure) [PSYoungGen: 1047325K->96K(1048064K)] 1103989K->57784K(1165824K), 0.0013796 secs] [Times: user=0.01 sys=0.00, real=0.00 secs] 
2024-07-05T11:26:21.929+0800: 1976.166: [GC (Allocation Failure) [PSYoungGen: 1047648K->144K(1048064K)] 1105336K->57832K(1165824K), 0.0010467 secs] [Times: user=0.00 sys=0.00, real=0.00 secs] 
2024-07-05T11:26:26.857+0800: 1981.094: [GC (Allocation Failure) [PSYoungGen: 1046695K->128K(1048064K)] 1104383K->58840K(1165824K), 0.0011929 secs] [Times: user=0.00 sys=0.00, real=0.00 secs] 
2024-07-05T11:26:31.807+0800: 1986.044: [GC (Allocation Failure) [PSYoungGen: 1047680K->128K(1048064K)] 1106392K->59864K(1165824K), 0.0011963 secs] [Times: user=0.00 sys=0.00, real=0.00 secs] 
2024-07-05T11:26:36.688+0800: 1990.925: [GC (Allocation Failure) [PSYoungGen: 1047680K->128K(1048064K)] 1107416K->60896K(1165824K), 0.0011005 secs] [Times: user=0.00 sys=0.00, real=0.00 secs] 
2024-07-05T11:26:41.649+0800: 1995.886: [GC (Allocation Failure) [PSYoungGen: 1046668K->96K(1048064K)] 1107436K->60872K(1165824K), 0.0013909 secs] [Times: user=0.01 sys=0.00, real=0.00 secs] 
2024-07-05T11:26:46.524+0800: 2000.761: [GC (Allocation Failure) [PSYoungGen: 1046767K->144K(1048064K)] 1107543K->61952K(1165824K), 0.0011101 secs] [Times: user=0.00 sys=0.00, real=0.00 secs] 
2024-07-05T11:26:51.421+0800: 2005.658: [GC (Allocation Failure) [PSYoungGen: 1047696K->112K(1048064K)] 1109504K->62952K(1165824K), 0.0015531 secs] [Times: user=0.00 sys=0.00, real=0.00 secs] 
2024-07-05T11:26:56.315+0800: 2010.552: [GC (Allocation Failure) [PSYoungGen: 1047664K->128K(1048064K)] 1110504K->62976K(1165824K), 0.0013176 secs] [Times: user=0.00 sys=0.00, real=0.00 secs] 
2024-07-05T11:27:01.169+0800: 2015.406: [GC (Allocation Failure) [PSYoungGen: 1047680K->112K(1048064K)] 1110528K->63992K(1165824K), 0.0016120 secs] [Times: user=0.00 sys=0.00, real=0.00 secs] 
2024-07-05T11:27:06.089+0800: 2020.326: [GC (Allocation Failure) [PSYoungGen: 1047257K->112K(1048064K)] 1111137K->65024K(1165824K), 0.0014450 secs] [Times: user=0.00 sys=0.00, real=0.00 secs] 
2024-07-05T11:27:11.005+0800: 2025.242: [GC (Allocation Failure) [PSYoungGen: 1047494K->112K(1048064K)] 1112406K->66056K(1165824K), 0.0016088 secs] [Times: user=0.00 sys=0.00, real=0.00 secs] 
2024-07-05T11:27:15.887+0800: 2030.124: [GC (Allocation Failure) [PSYoungGen: 1047664K->112K(1048064K)] 1113608K->67088K(1165824K), 0.0014487 secs] [Times: user=0.00 sys=0.00, real=0.00 secs] 
2024-07-05T11:27:20.767+0800: 2035.004: [GC (Allocation Failure) [PSYoungGen: 1047664K->112K(1048064K)] 1114640K->68120K(1165824K), 0.0015973 secs] [Times: user=0.00 sys=0.00, real=0.00 secs] 
2024-07-05T11:27:25.669+0800: 2039.906: [GC (Allocation Failure) [PSYoungGen: 1047664K->112K(1048064K)] 1115672K->69152K(1165824K), 0.0014637 secs] [Times: user=0.01 sys=0.00, real=0.00 secs] 
2024-07-05T11:27:30.553+0800: 2044.790: [GC (Allocation Failure) [PSYoungGen: 1047664K->112K(1048064K)] 1116704K->70184K(1165824K), 0.0015152 secs] [Times: user=0.00 sys=0.00, real=0.00 secs] 
2024-07-05T11:27:35.465+0800: 2049.702: [GC (Allocation Failure) [PSYoungGen: 1047664K->144K(1048064K)] 1117736K->71248K(1165824K), 0.0015100 secs] [Times: user=0.00 sys=0.00, real=0.00 secs] 
2024-07-05T11:27:40.356+0800: 2054.593: [GC (Allocation Failure) [PSYoungGen: 1047696K->144K(1048064K)] 1118800K->72280K(1165824K), 0.0015098 secs] [Times: user=0.00 sys=0.00, real=0.00 secs] 
2024-07-05T11:27:45.273+0800: 2059.510: [GC (Allocation Failure) [PSYoungGen: 1047395K->96K(1048064K)] 1119532K->73264K(1165824K), 0.0015056 secs] [Times: user=0.00 sys=0.00, real=0.01 secs] 
2024-07-05T11:27:50.301+0800: 2064.538: [GC (Allocation Failure) [PSYoungGen: 1047547K->96K(1048064K)] 1120715K->74296K(1165824K), 0.0015713 secs] [Times: user=0.00 sys=0.00, real=0.00 secs] 
2024-07-05T11:27:55.165+0800: 2069.402: [GC (Allocation Failure) [PSYoungGen: 1047648K->96K(1048064K)] 1121848K->75328K(1165824K), 0.0014705 secs] [Times: user=0.00 sys=0.00, real=0.00 secs] 
2024-07-05T11:28:00.063+0800: 2074.300: [GC (Allocation Failure) [PSYoungGen: 1047310K->144K(1048064K)] 1122543K->76408K(1165824K), 0.0015173 secs] [Times: user=0.00 sys=0.00, real=0.00 secs] 
2024-07-05T11:28:04.992+0800: 2079.229: [GC (Allocation Failure) [PSYoungGen: 1047696K->112K(1048064K)] 1123960K->76384K(1165824K), 0.0013130 secs] [Times: user=0.01 sys=0.00, real=0.01 secs] 
2024-07-05T11:28:09.858+0800: 2084.094: [GC (Allocation Failure) [PSYoungGen: 1047664K->160K(1048064K)] 1123936K->77464K(1165824K), 0.0011299 secs] [Times: user=0.00 sys=0.00, real=0.00 secs] 
2024-07-05T11:28:14.705+0800: 2088.942: [GC (Allocation Failure) [PSYoungGen: 1047164K->96K(1048064K)] 1124468K->78432K(1165824K), 0.0015392 secs] [Times: user=0.00 sys=0.00, real=0.00 secs] 
2024-07-05T11:28:19.611+0800: 2093.848: [GC (Allocation Failure) [PSYoungGen: 1046717K->144K(1048064K)] 1125054K->79512K(1165824K), 0.0012859 secs] [Times: user=0.00 sys=0.00, real=0.00 secs] 
2024-07-05T11:28:24.496+0800: 2098.733: [GC (Allocation Failure) [PSYoungGen: 1047696K->96K(1048064K)] 1127064K->80496K(1165824K), 0.0015898 secs] [Times: user=0.00 sys=0.00, real=0.00 secs] 
2024-07-05T11:28:29.409+0800: 2103.645: [GC (Allocation Failure) [PSYoungGen: 1047648K->96K(1048064K)] 1128048K->81528K(1165824K), 0.0017213 secs] [Times: user=0.00 sys=0.00, real=0.00 secs] 
2024-07-05T11:28:34.289+0800: 2108.526: [GC (Allocation Failure) [PSYoungGen: 1047648K->96K(1048064K)] 1129080K->82560K(1165824K), 0.0015540 secs] [Times: user=0.00 sys=0.00, real=0.00 secs] 
2024-07-05T11:28:39.170+0800: 2113.407: [GC (Allocation Failure) [PSYoungGen: 1047648K->144K(1048064K)] 1130112K->83640K(1165824K), 0.0016776 secs] [Times: user=0.00 sys=0.00, real=0.00 secs] 
2024-07-05T11:28:44.037+0800: 2118.273: [GC (Allocation Failure) [PSYoungGen: 1047195K->128K(1048064K)] 1130692K->84656K(1165824K), 0.0013848 secs] [Times: user=0.00 sys=0.00, real=0.00 secs] 
2024-07-05T11:28:48.941+0800: 2123.178: [GC (Allocation Failure) [PSYoungGen: 1047680K->128K(1048064K)] 1132208K->85688K(1165824K), 0.0012359 secs] [Times: user=0.00 sys=0.00, real=0.01 secs] 
2024-07-05T11:28:53.815+0800: 2128.052: [GC (Allocation Failure) [PSYoungGen: 1047680K->96K(1048064K)] 1133240K->86688K(1165824K), 0.0011234 secs] [Times: user=0.00 sys=0.00, real=0.00 secs] 
2024-07-05T11:28:58.721+0800: 2132.958: [GC (Allocation Failure) [PSYoungGen: 1047472K->128K(1048064K)] 1134065K->87752K(1165824K), 0.0017424 secs] [Times: user=0.00 sys=0.00, real=0.01 secs] 
2024-07-05T11:29:03.581+0800: 2137.818: [GC (Allocation Failure) [PSYoungGen: 1047680K->96K(1048064K)] 1135304K->88752K(1165824K), 0.0016782 secs] [Times: user=0.01 sys=0.00, real=0.00 secs] 
2024-07-05T11:29:08.464+0800: 2142.701: [GC (Allocation Failure) [PSYoungGen: 1046941K->96K(1048064K)] 1135598K->89784K(1165824K), 0.0016014 secs] [Times: user=0.01 sys=0.00, real=0.00 secs] 
2024-07-05T11:29:13.388+0800: 2147.625: [GC (Allocation Failure) [PSYoungGen: 1047648K->128K(1048064K)] 1137336K->90848K(1165824K), 0.0016228 secs] [Times: user=0.00 sys=0.00, real=0.00 secs] 
2024-07-05T11:29:18.269+0800: 2152.506: [GC (Allocation Failure) [PSYoungGen: 1047450K->96K(1048064K)] 1138171K->91848K(1165824K), 0.0015909 secs] [Times: user=0.00 sys=0.00, real=0.00 secs] 
2024-07-05T11:29:23.160+0800: 2157.397: [GC (Allocation Failure) [PSYoungGen: 1047648K->144K(1048064K)] 1139400K->92928K(1165824K), 0.0016418 secs] [Times: user=0.00 sys=0.00, real=0.01 secs] 
2024-07-05T11:29:28.069+0800: 2162.306: [GC (Allocation Failure) [PSYoungGen: 1047696K->96K(1048064K)] 1140480K->93912K(1165824K), 0.0017134 secs] [Times: user=0.00 sys=0.00, real=0.00 secs] 
2024-07-05T11:29:32.940+0800: 2167.177: [GC (Allocation Failure) [PSYoungGen: 1047648K->144K(1048064K)] 1141464K->94992K(1165824K), 0.0014663 secs] [Times: user=0.00 sys=0.00, real=0.01 secs] 
2024-07-05T11:29:37.788+0800: 2172.025: [GC (Allocation Failure) [PSYoungGen: 1047696K->128K(1048064K)] 1142544K->96008K(1165824K), 0.0017112 secs] [Times: user=0.00 sys=0.00, real=0.00 secs] 
2024-07-05T11:29:42.669+0800: 2176.906: [GC (Allocation Failure) [PSYoungGen: 1047680K->96K(1048064K)] 1143560K->97008K(1165824K), 0.0016393 secs] [Times: user=0.00 sys=0.00, real=0.00 secs] 
2024-07-05T11:29:47.533+0800: 2181.770: [GC (Allocation Failure) [PSYoungGen: 1047648K->96K(1048064K)] 1144560K->98040K(1165824K), 0.0018405 secs] [Times: user=0.00 sys=0.00, real=0.00 secs] 
2024-07-05T11:29:52.424+0800: 2186.661: [GC (Allocation Failure) [PSYoungGen: 1047648K->128K(1048064K)] 1145592K->99104K(1165824K), 0.0017186 secs] [Times: user=0.00 sys=0.00, real=0.00 secs] 
2024-07-05T11:29:57.323+0800: 2191.560: [GC (Allocation Failure) [PSYoungGen: 1047680K->96K(1048064K)] 1146656K->100104K(1165824K), 0.0023566 secs] [Times: user=0.00 sys=0.00, real=0.00 secs] 
2024-07-05T11:30:02.229+0800: 2196.466: [GC (Allocation Failure) [PSYoungGen: 1047542K->96K(1048064K)] 1147551K->101136K(1165824K), 0.0023296 secs] [Times: user=0.00 sys=0.00, real=0.00 secs] 
2024-07-05T11:30:07.110+0800: 2201.347: [GC (Allocation Failure) [PSYoungGen: 1047648K->96K(1048064K)] 1148688K->102168K(1165824K), 0.0023142 secs] [Times: user=0.00 sys=0.00, real=0.00 secs] 
2024-07-05T11:30:11.973+0800: 2206.210: [GC (Allocation Failure) [PSYoungGen: 1047648K->144K(1048064K)] 1149720K->103248K(1165824K), 0.0015315 secs] [Times: user=0.00 sys=0.00, real=0.01 secs] 
2024-07-05T11:30:16.805+0800: 2211.042: [GC (Allocation Failure) [PSYoungGen: 1047592K->128K(1048064K)] 1150697K->104264K(1165824K), 0.0016234 secs] [Times: user=0.00 sys=0.00, real=0.00 secs] 
2024-07-05T11:30:21.741+0800: 2215.978: [GC (Allocation Failure) [PSYoungGen: 1047680K->128K(1048064K)] 1151816K->105296K(1165824K), 0.0017075 secs] [Times: user=0.00 sys=0.00, real=0.01 secs] 
2024-07-05T11:30:26.597+0800: 2220.834: [GC (Allocation Failure) [PSYoungGen: 1047680K->144K(1048064K)] 1152848K->106344K(1165824K), 0.0023688 secs] [Times: user=0.00 sys=0.00, real=0.00 secs] 
2024-07-05T11:30:31.486+0800: 2225.723: [GC (Allocation Failure) [PSYoungGen: 1047696K->128K(1048064K)] 1153896K->107360K(1165824K), 0.0017194 secs] [Times: user=0.01 sys=0.00, real=0.00 secs] 
2024-07-05T11:30:36.381+0800: 2230.618: [GC (Allocation Failure) [PSYoungGen: 1047680K->128K(1048064K)] 1154912K->108392K(1165824K), 0.0021952 secs] [Times: user=0.00 sys=0.00, real=0.00 secs] 
2024-07-05T11:30:43.201+0800: 2237.438: [GC (Allocation Failure) [PSYoungGen: 1047680K->496K(995840K)] 1155944K->178564K(1174016K), 0.0833321 secs] [Times: user=0.14 sys=0.03, real=0.09 secs] 
2024-07-05T11:30:43.284+0800: 2237.521: [Full GC (Ergonomics) [PSYoungGen: 496K->0K(995840K)] [ParOldGen: 178068K->113993K(228864K)] 178564K->113993K(1224704K), [Metaspace: 21100K->21100K(1069056K)], 0.1442505 secs] [Times: user=0.25 sys=0.00, real=0.14 secs] 
2024-07-05T11:30:48.804+0800: 2243.041: [GC (Allocation Failure) [PSYoungGen: 995328K->26601K(1021952K)] 1109321K->179355K(1250816K), 0.0513141 secs] [Times: user=0.10 sys=0.00, real=0.05 secs] 
2024-07-05T11:30:54.149+0800: 2248.386: [GC (Allocation Failure) [PSYoungGen: 1021929K->26601K(933888K)] 1174683K->241700K(1162752K), 0.0631707 secs] [Times: user=0.10 sys=0.02, real=0.06 secs] 
2024-07-05T11:30:54.212+0800: 2248.449: [Full GC (Ergonomics) [PSYoungGen: 26601K->2023K(933888K)] [ParOldGen: 215099K->228756K(387072K)] 241700K->230779K(1320960K), [Metaspace: 21121K->21121K(1069056K)], 0.2710593 secs] [Times: user=0.50 sys=0.01, real=0.28 secs] 
2024-07-05T11:30:59.772+0800: 2254.009: [GC (Allocation Failure) [PSYoungGen: 909287K->45219K(952832K)] 1138043K->273975K(1339904K), 0.0854102 secs] [Times: user=0.17 sys=0.00, real=0.09 secs] 
2024-07-05T11:31:01.065+0800: 2255.302: [GC (Allocation Failure) [PSYoungGen: 952483K->49003K(964608K)] 1181239K->277760K(1351680K), 0.0326548 secs] [Times: user=0.05 sys=0.00, real=0.03 secs] 
2024-07-05T11:31:01.916+0800: 2256.153: [GC (Allocation Failure) [PSYoungGen: 938859K->49003K(939008K)] 1167616K->277760K(1326080K), 0.0231086 secs] [Times: user=0.04 sys=0.00, real=0.02 secs] 
2024-07-05T11:31:02.874+0800: 2257.111: [GC (Allocation Failure) [PSYoungGen: 938859K->49019K(961536K)] 1167616K->277784K(1348608K), 0.0261507 secs] [Times: user=0.05 sys=0.00, real=0.02 secs] 
2024-07-05T11:31:03.862+0800: 2258.099: [GC (Allocation Failure) [PSYoungGen: 927611K->49003K(927744K)] 1156376K->277768K(1314816K), 0.0264670 secs] [Times: user=0.04 sys=0.00, real=0.02 secs] 
2024-07-05T11:31:04.623+0800: 2258.860: [GC (Allocation Failure) [PSYoungGen: 927595K->49035K(960000K)] 1156360K->277800K(1347072K), 0.0225504 secs] [Times: user=0.04 sys=0.00, real=0.02 secs] 
2024-07-05T11:31:05.357+0800: 2259.594: [GC (Allocation Failure) [PSYoungGen: 922507K->49067K(922624K)] 1151272K->277832K(1309696K), 0.0235401 secs] [Times: user=0.04 sys=0.00, real=0.02 secs] 
2024-07-05T11:31:06.160+0800: 2260.397: [GC (Allocation Failure) [PSYoungGen: 922539K->48987K(961024K)] 1151304K->277752K(1348096K), 0.0235328 secs] [Times: user=0.04 sys=0.00, real=0.03 secs] 
2024-07-05T11:31:07.018+0800: 2261.255: [GC (Allocation Failure) [PSYoungGen: 921947K->49067K(922112K)] 1150712K->277832K(1309184K), 0.0252686 secs] [Times: user=0.04 sys=0.00, real=0.03 secs] 
2024-07-05T11:31:07.786+0800: 2262.023: [GC (Allocation Failure) [PSYoungGen: 922027K->49035K(960512K)] 1150792K->277800K(1347584K), 0.0244519 secs] [Times: user=0.04 sys=0.00, real=0.02 secs] 
2024-07-05T11:31:08.563+0800: 2262.800: [GC (Allocation Failure) [PSYoungGen: 922507K->47354K(960000K)] 1151272K->277800K(1347072K), 0.0267787 secs] [Times: user=0.05 sys=0.00, real=0.02 secs] 
2024-07-05T11:31:09.318+0800: 2263.555: [GC (Allocation Failure) [PSYoungGen: 920826K->592K(957952K)] 1151272K->277817K(1345024K), 0.0497516 secs] [Times: user=0.05 sys=0.03, real=0.05 secs] 
2024-07-05T11:31:10.062+0800: 2264.299: [GC (Allocation Failure) [PSYoungGen: 873552K->560K(960000K)] 1150777K->277817K(1347072K), 0.0088653 secs] [Times: user=0.01 sys=0.00, real=0.00 secs] 
2024-07-05T11:31:10.866+0800: 2265.102: [GC (Allocation Failure) [PSYoungGen: 873520K->624K(961024K)] 1150777K->277897K(1348096K), 0.0079093 secs] [Times: user=0.01 sys=0.00, real=0.01 secs] 
2024-07-05T11:31:11.594+0800: 2265.831: [GC (Allocation Failure) [PSYoungGen: 873584K->624K(873984K)] 1150857K->277905K(1261056K), 0.0053218 secs] [Times: user=0.01 sys=0.00, real=0.00 secs] 
2024-07-05T11:31:12.294+0800: 2266.531: [GC (Allocation Failure) [PSYoungGen: 873584K->656K(962048K)] 1150865K->277945K(1349120K), 0.0092838 secs] [Times: user=0.01 sys=0.00, real=0.01 secs] 
2024-07-05T11:31:12.990+0800: 2267.227: [GC (Allocation Failure) [PSYoungGen: 875664K->656K(876032K)] 1152953K->277945K(1263104K), 0.0082511 secs] [Times: user=0.01 sys=0.00, real=0.01 secs] 
2024-07-05T11:31:13.734+0800: 2267.970: [GC (Allocation Failure) [PSYoungGen: 875664K->624K(962048K)] 1152953K->277913K(1349120K), 0.0077775 secs] [Times: user=0.01 sys=0.00, real=0.01 secs] 
2024-07-05T11:31:14.434+0800: 2268.671: [GC (Allocation Failure) [PSYoungGen: 879728K->704K(959488K)] 1157017K->277993K(1346560K), 0.0069733 secs] [Times: user=0.01 sys=0.00, real=0.01 secs] 
2024-07-05T11:31:15.178+0800: 2269.415: [GC (Allocation Failure) [PSYoungGen: 879808K->672K(965120K)] 1157097K->277961K(1352192K), 0.0094364 secs] [Times: user=0.01 sys=0.00, real=0.01 secs] 
2024-07-05T11:31:16.001+0800: 2270.238: [GC (Allocation Failure) [PSYoungGen: 888992K->592K(962560K)] 1166281K->277881K(1349632K), 0.0055572 secs] [Times: user=0.01 sys=0.00, real=0.01 secs] 
2024-07-05T11:31:16.818+0800: 2271.055: [GC (Allocation Failure) [PSYoungGen: 888912K->624K(970752K)] 1166201K->277913K(1357824K), 0.0053442 secs] [Times: user=0.01 sys=0.00, real=0.01 secs] 
2024-07-05T11:31:17.528+0800: 2271.765: [GC (Allocation Failure) [PSYoungGen: 901744K->608K(968704K)] 1179033K->277905K(1355776K), 0.0053394 secs] [Times: user=0.01 sys=0.00, real=0.00 secs] 
2024-07-05T11:31:18.330+0800: 2272.567: [GC (Allocation Failure) [PSYoungGen: 901728K->688K(977408K)] 1179025K->277985K(1364480K), 0.0074069 secs] [Times: user=0.01 sys=0.00, real=0.01 secs] 
2024-07-05T11:31:19.086+0800: 2273.323: [GC (Allocation Failure) [PSYoungGen: 915632K->656K(975872K)] 1192929K->277961K(1362944K), 0.0075361 secs] [Times: user=0.01 sys=0.00, real=0.01 secs] 
2024-07-05T11:31:19.849+0800: 2274.086: [GC (Allocation Failure) [PSYoungGen: 915600K->688K(984064K)] 1192905K->278001K(1371136K), 0.0078364 secs] [Times: user=0.01 sys=0.00, real=0.01 secs] 
2024-07-05T11:31:20.658+0800: 2274.895: [GC (Allocation Failure) [PSYoungGen: 929456K->640K(983040K)] 1206769K->277961K(1370112K), 0.0079922 secs] [Times: user=0.01 sys=0.00, real=0.01 secs] 
2024-07-05T11:31:21.462+0800: 2275.699: [GC (Allocation Failure) [PSYoungGen: 929408K->640K(991232K)] 1206729K->277969K(1378304K), 0.0060108 secs] [Times: user=0.01 sys=0.00, real=0.00 secs] 
2024-07-05T11:31:22.348+0800: 2276.585: [GC (Allocation Failure) [PSYoungGen: 942720K->624K(990208K)] 1220049K->277961K(1377280K), 0.0055176 secs] [Times: user=0.01 sys=0.00, real=0.01 secs] 
2024-07-05T11:31:23.118+0800: 2277.355: [GC (Allocation Failure) [PSYoungGen: 942704K->640K(997888K)] 1220041K->277985K(1384960K), 0.0064396 secs] [Times: user=0.01 sys=0.00, real=0.01 secs] 
2024-07-05T11:31:23.976+0800: 2278.213: [GC (Allocation Failure) [PSYoungGen: 954496K->640K(996352K)] 1231841K->277993K(1383424K), 0.0067625 secs] [Times: user=0.01 sys=0.00, real=0.01 secs] 
2024-07-05T11:31:24.834+0800: 2279.071: [GC (Allocation Failure) [PSYoungGen: 954496K->640K(1003520K)] 1231849K->278001K(1390592K), 0.0071830 secs] [Times: user=0.01 sys=0.00, real=0.01 secs] 
2024-07-05T11:31:25.690+0800: 2279.927: [GC (Allocation Failure) [PSYoungGen: 965248K->704K(1001472K)] 1242609K->278073K(1388544K), 0.0060381 secs] [Times: user=0.01 sys=0.00, real=0.01 secs] 
2024-07-05T11:31:26.522+0800: 2280.759: [GC (Allocation Failure) [PSYoungGen: 965312K->720K(1009152K)] 1242681K->278097K(1396224K), 0.0075324 secs] [Times: user=0.01 sys=0.00, real=0.00 secs] 
2024-07-05T11:31:27.322+0800: 2281.559: [GC (Allocation Failure) [PSYoungGen: 976080K->656K(1007616K)] 1253457K->278041K(1394688K), 0.0109731 secs] [Times: user=0.01 sys=0.00, real=0.00 secs] 
2024-07-05T11:31:28.126+0800: 2282.363: [GC (Allocation Failure) [PSYoungGen: 976016K->688K(1014272K)] 1253401K->278081K(1401344K), 0.0092892 secs] [Times: user=0.02 sys=0.00, real=0.01 secs] 
2024-07-05T11:31:28.942+0800: 2283.179: [GC (Allocation Failure) [PSYoungGen: 985264K->656K(1012736K)] 1262657K->278057K(1399808K), 0.0078893 secs] [Times: user=0.01 sys=0.00, real=0.00 secs] 
2024-07-05T11:31:29.717+0800: 2283.954: [GC (Allocation Failure) [PSYoungGen: 985232K->704K(1018368K)] 1262633K->278113K(1405440K), 0.0077513 secs] [Times: user=0.01 sys=0.00, real=0.01 secs] 
2024-07-05T11:31:30.527+0800: 2284.764: [GC (Allocation Failure) [PSYoungGen: 993472K->672K(1016832K)] 1270881K->278089K(1403904K), 0.0071354 secs] [Times: user=0.01 sys=0.00, real=0.01 secs] 
2024-07-05T11:31:31.358+0800: 2285.595: [GC (Allocation Failure) [PSYoungGen: 993440K->704K(1022976K)] 1270857K->278129K(1410048K), 0.0098969 secs] [Times: user=0.01 sys=0.00, real=0.01 secs] 
2024-07-05T11:31:32.214+0800: 2286.451: [GC (Allocation Failure) [PSYoungGen: 1001152K->672K(1021440K)] 1278577K->278113K(1408512K), 0.0124709 secs] [Times: user=0.01 sys=0.00, real=0.01 secs] 
2024-07-05T11:31:33.222+0800: 2287.459: [GC (Allocation Failure) [PSYoungGen: 1001120K->704K(1026048K)] 1278561K->278153K(1413120K), 0.0085735 secs] [Times: user=0.02 sys=0.00, real=0.00 secs] 
2024-07-05T11:31:34.146+0800: 2288.383: [GC (Allocation Failure) [PSYoungGen: 1007296K->704K(1024512K)] 1284745K->278161K(1411584K), 0.0082956 secs] [Times: user=0.01 sys=0.00, real=0.01 secs] 
2024-07-05T11:31:35.154+0800: 2289.391: [GC (Allocation Failure) [PSYoungGen: 1007296K->624K(1029120K)] 1284753K->278097K(1416192K), 0.0076381 secs] [Times: user=0.01 sys=0.00, real=0.01 secs] 
2024-07-05T11:31:36.146+0800: 2290.383: [GC (Allocation Failure) [PSYoungGen: 1013360K->656K(1028096K)] 1290833K->278137K(1415168K), 0.0089427 secs] [Times: user=0.01 sys=0.00, real=0.01 secs] 
2024-07-05T11:31:37.082+0800: 2291.319: [GC (Allocation Failure) [PSYoungGen: 1013392K->672K(1032192K)] 1290873K->278161K(1419264K), 0.0061831 secs] [Times: user=0.01 sys=0.00, real=0.00 secs] 
2024-07-05T11:31:38.023+0800: 2292.260: [GC (Allocation Failure) [PSYoungGen: 1018528K->672K(1031168K)] 1296017K->278169K(1418240K), 0.0054588 secs] [Times: user=0.01 sys=0.00, real=0.00 secs] 
2024-07-05T11:31:38.915+0800: 2293.152: [GC (Allocation Failure) [PSYoungGen: 1018528K->640K(1034240K)] 1296025K->278153K(1421312K), 0.0067619 secs] [Times: user=0.01 sys=0.00, real=0.01 secs] 
2024-07-05T11:31:39.726+0800: 2293.963: [GC (Allocation Failure) [PSYoungGen: 1022592K->688K(1033216K)] 1300105K->278209K(1420288K), 0.0051935 secs] [Times: user=0.01 sys=0.00, real=0.00 secs] 
2024-07-05T11:31:40.541+0800: 2294.778: [GC (Allocation Failure) [PSYoungGen: 1022640K->672K(1036288K)] 1300161K->278201K(1423360K), 0.0089795 secs] [Times: user=0.02 sys=0.00, real=0.01 secs] 
2024-07-05T11:31:41.402+0800: 2295.639: [GC (Allocation Failure) [PSYoungGen: 1026720K->688K(1035776K)] 1304249K->278225K(1422848K), 0.0077092 secs] [Times: user=0.01 sys=0.00, real=0.00 secs] 
2024-07-05T11:31:42.198+0800: 2296.434: [GC (Allocation Failure) [PSYoungGen: 1026736K->688K(1037824K)] 1304273K->278233K(1424896K), 0.0080706 secs] [Times: user=0.01 sys=0.00, real=0.01 secs] 
2024-07-05T11:31:43.038+0800: 2297.275: [GC (Allocation Failure) [PSYoungGen: 1030320K->656K(1037824K)] 1307865K->278209K(1424896K), 0.0055482 secs] [Times: user=0.01 sys=0.00, real=0.01 secs] 
2024-07-05T11:31:43.897+0800: 2298.134: [GC (Allocation Failure) [PSYoungGen: 1030288K->704K(1039872K)] 1307841K->278265K(1426944K), 0.0063428 secs] [Times: user=0.01 sys=0.00, real=0.01 secs] 
2024-07-05T11:31:44.732+0800: 2298.969: [GC (Allocation Failure) [PSYoungGen: 1033408K->688K(1039872K)] 1310969K->278257K(1426944K), 0.0053613 secs] [Times: user=0.00 sys=0.01, real=0.01 secs] 
2024-07-05T11:31:45.593+0800: 2299.830: [GC (Allocation Failure) [PSYoungGen: 1033392K->656K(1040896K)] 1310961K->278233K(1427968K), 0.0058576 secs] [Times: user=0.01 sys=0.01, real=0.01 secs] 
2024-07-05T11:31:46.418+0800: 2300.655: [GC (Allocation Failure) [PSYoungGen: 1035408K->720K(1040896K)] 1312985K->278305K(1427968K), 0.0102680 secs] [Times: user=0.01 sys=0.00, real=0.01 secs] 
2024-07-05T11:31:47.292+0800: 2301.529: [GC (Allocation Failure) [PSYoungGen: 1035472K->688K(1041920K)] 1313057K->278281K(1428992K), 0.0055508 secs] [Times: user=0.01 sys=0.00, real=0.01 secs] 
2024-07-05T11:31:48.134+0800: 2302.371: [GC (Allocation Failure) [PSYoungGen: 1036976K->736K(1041920K)] 1314569K->278345K(1428992K), 0.0077286 secs] [Times: user=0.01 sys=0.00, real=0.01 secs] 
2024-07-05T11:31:49.044+0800: 2303.281: [GC (Allocation Failure) [PSYoungGen: 1037024K->720K(1042432K)] 1314633K->278337K(1429504K), 0.0072257 secs] [Times: user=0.01 sys=0.00, real=0.00 secs] 
2024-07-05T11:31:49.866+0800: 2304.103: [GC (Allocation Failure) [PSYoungGen: 1038544K->656K(1042432K)] 1316161K->278281K(1429504K), 0.0052625 secs] [Times: user=0.01 sys=0.00, real=0.00 secs] 
2024-07-05T11:31:50.726+0800: 2304.963: [GC (Allocation Failure) [PSYoungGen: 1038480K->704K(1042944K)] 1316105K->278337K(1430016K), 0.0053830 secs] [Times: user=0.01 sys=0.00, real=0.00 secs] 
2024-07-05T11:31:51.561+0800: 2305.798: [GC (Allocation Failure) [PSYoungGen: 1040064K->720K(1043456K)] 1317697K->278361K(1430528K), 0.0088385 secs] [Times: user=0.01 sys=0.00, real=0.00 secs] 
2024-07-05T11:31:52.374+0800: 2306.611: [GC (Allocation Failure) [PSYoungGen: 1040080K->640K(1044480K)] 1317721K->278297K(1431552K), 0.0055092 secs] [Times: user=0.01 sys=0.00, real=0.00 secs] 
2024-07-05T11:31:53.249+0800: 2307.486: [GC (Allocation Failure) [PSYoungGen: 1041536K->720K(1044480K)] 1319193K->278385K(1431552K), 0.0084612 secs] [Times: user=0.01 sys=0.00, real=0.01 secs] 
2024-07-05T11:31:54.091+0800: 2308.328: [GC (Allocation Failure) [PSYoungGen: 1041616K->704K(1043968K)] 1319281K->278377K(1431040K), 0.0070319 secs] [Times: user=0.01 sys=0.00, real=0.01 secs] 
2024-07-05T11:31:54.942+0800: 2309.179: [GC (Allocation Failure) [PSYoungGen: 1042112K->704K(1044480K)] 1319785K->278385K(1431552K), 0.0077525 secs] [Times: user=0.01 sys=0.00, real=0.00 secs] 
2024-07-05T11:31:55.798+0800: 2310.035: [GC (Allocation Failure) [PSYoungGen: 1042112K->704K(1044480K)] 1319793K->278393K(1431552K), 0.0088453 secs] [Times: user=0.01 sys=0.00, real=0.01 secs] 
2024-07-05T11:31:56.650+0800: 2310.887: [GC (Allocation Failure) [PSYoungGen: 1043136K->688K(1044992K)] 1320825K->278385K(1432064K), 0.0074578 secs] [Times: user=0.01 sys=0.00, real=0.01 secs] 
2024-07-05T11:31:57.544+0800: 2311.781: [GC (Allocation Failure) [PSYoungGen: 1043120K->736K(1046016K)] 1320817K->278441K(1433088K), 0.0057636 secs] [Times: user=0.00 sys=0.00, real=0.00 secs] 
2024-07-05T11:31:58.404+0800: 2312.641: [GC (Allocation Failure) [PSYoungGen: 1044192K->736K(1046016K)] 1321897K->278449K(1433088K), 0.0062684 secs] [Times: user=0.01 sys=0.00, real=0.00 secs] 
2024-07-05T11:31:59.294+0800: 2313.531: [GC (Allocation Failure) [PSYoungGen: 1044192K->656K(1044992K)] 1321905K->278377K(1432064K), 0.0057435 secs] [Times: user=0.00 sys=0.01, real=0.00 secs] 
2024-07-05T11:32:00.174+0800: 2314.411: [GC (Allocation Failure) [PSYoungGen: 1044112K->736K(1045504K)] 1321833K->278465K(1432576K), 0.0084954 secs] [Times: user=0.01 sys=0.00, real=0.01 secs] 
2024-07-05T11:32:01.046+0800: 2315.283: [GC (Allocation Failure) [PSYoungGen: 1044192K->688K(1046528K)] 1321921K->278425K(1433600K), 0.0055735 secs] [Times: user=0.01 sys=0.00, real=0.00 secs] 
2024-07-05T11:32:01.966+0800: 2316.203: [GC (Allocation Failure) [PSYoungGen: 1045168K->656K(1046528K)] 1322905K->278401K(1433600K), 0.0052222 secs] [Times: user=0.01 sys=0.00, real=0.00 secs] 
2024-07-05T11:32:02.846+0800: 2317.083: [GC (Allocation Failure) [PSYoungGen: 1045136K->736K(1046528K)] 1322881K->278489K(1433600K), 0.0076607 secs] [Times: user=0.01 sys=0.00, real=0.01 secs] 
2024-07-05T11:32:03.768+0800: 2318.005: [GC (Allocation Failure) [PSYoungGen: 1045216K->688K(1045504K)] 1322969K->278449K(1432576K), 0.0063589 secs] [Times: user=0.01 sys=0.00, real=0.01 secs] 
2024-07-05T11:32:04.646+0800: 2318.883: [GC (Allocation Failure) [PSYoungGen: 1045168K->704K(1046016K)] 1322929K->278473K(1433088K), 0.0080321 secs] [Times: user=0.01 sys=0.00, real=0.01 secs] 
2024-07-05T11:32:05.485+0800: 2319.722: [GC (Allocation Failure) [PSYoungGen: 1045184K->672K(1046016K)] 1322953K->278449K(1433088K), 0.0080452 secs] [Times: user=0.01 sys=0.00, real=0.01 secs] 
2024-07-05T11:32:06.350+0800: 2320.587: [GC (Allocation Failure) [PSYoungGen: 1045152K->736K(1047040K)] 1322929K->278521K(1434112K), 0.0059079 secs] [Times: user=0.01 sys=0.00, real=0.01 secs] 
2024-07-05T11:32:07.170+0800: 2321.407: [GC (Allocation Failure) [PSYoungGen: 1046240K->720K(1047040K)] 1324025K->278513K(1434112K), 0.0087182 secs] [Times: user=0.01 sys=0.00, real=0.01 secs] 
2024-07-05T11:32:08.105+0800: 2322.342: [GC (Allocation Failure) [PSYoungGen: 1046224K->720K(1047040K)] 1324017K->278521K(1434112K), 0.0057600 secs] [Times: user=0.01 sys=0.00, real=0.00 secs] 
2024-07-05T11:32:08.996+0800: 2323.233: [GC (Allocation Failure) [PSYoungGen: 1046224K->720K(1047040K)] 1324025K->278537K(1434112K), 0.0055675 secs] [Times: user=0.01 sys=0.00, real=0.01 secs] 
2024-07-05T11:32:09.914+0800: 2324.151: [GC (Allocation Failure) [PSYoungGen: 1046224K->704K(1047040K)] 1324041K->278537K(1434112K), 0.0069872 secs] [Times: user=0.01 sys=0.00, real=0.00 secs] 
2024-07-05T11:32:10.810+0800: 2325.047: [GC (Allocation Failure) [PSYoungGen: 1046208K->672K(1047040K)] 1324041K->278513K(1434112K), 0.0055351 secs] [Times: user=0.01 sys=0.00, real=0.01 secs] 
2024-07-05T11:32:11.690+0800: 2325.927: [GC (Allocation Failure) [PSYoungGen: 1046176K->672K(1047040K)] 1324017K->278521K(1434112K), 0.0088035 secs] [Times: user=0.01 sys=0.00, real=0.01 secs] 
2024-07-05T11:32:12.610+0800: 2326.846: [GC (Allocation Failure) [PSYoungGen: 1046176K->688K(1047040K)] 1324025K->278545K(1434112K), 0.0050783 secs] [Times: user=0.01 sys=0.00, real=0.01 secs] 
2024-07-05T11:32:13.462+0800: 2327.699: [GC (Allocation Failure) [PSYoungGen: 1046192K->688K(1046528K)] 1324049K->278553K(1433600K), 0.0079354 secs] [Times: user=0.01 sys=0.00, real=0.00 secs] 
2024-07-05T11:32:14.365+0800: 2328.602: [GC (Allocation Failure) [PSYoungGen: 1046192K->704K(1047040K)] 1324057K->278577K(1434112K), 0.0080316 secs] [Times: user=0.01 sys=0.00, real=0.00 secs] 
2024-07-05T11:32:15.170+0800: 2329.407: [GC (Allocation Failure) [PSYoungGen: 1046720K->672K(1047552K)] 1324593K->278553K(1434624K), 0.0055031 secs] [Times: user=0.01 sys=0.00, real=0.01 secs] 
2024-07-05T11:32:15.982+0800: 2330.219: [GC (Allocation Failure) [PSYoungGen: 1047200K->752K(1047552K)] 1325081K->278641K(1434624K), 0.0075688 secs] [Times: user=0.01 sys=0.00, real=0.00 secs] 
2024-07-05T11:32:16.836+0800: 2331.073: [GC (Allocation Failure) [PSYoungGen: 1047280K->720K(1047552K)] 1325169K->278617K(1434624K), 0.0079939 secs] [Times: user=0.01 sys=0.00, real=0.01 secs] 
2024-07-05T11:32:17.633+0800: 2331.870: [GC (Allocation Failure) [PSYoungGen: 1047248K->688K(1047552K)] 1325145K->278593K(1434624K), 0.0088467 secs] [Times: user=0.02 sys=0.00, real=0.01 secs] 
2024-07-05T11:32:18.579+0800: 2332.816: [GC (Allocation Failure) [PSYoungGen: 1047216K->736K(1047552K)] 1325121K->278649K(1434624K), 0.0064971 secs] [Times: user=0.01 sys=0.00, real=0.01 secs] 
2024-07-05T11:32:19.383+0800: 2333.620: [GC (Allocation Failure) [PSYoungGen: 1047264K->720K(1047552K)] 1325177K->278641K(1434624K), 0.0068981 secs] [Times: user=0.01 sys=0.00, real=0.00 secs] 
2024-07-05T11:32:20.197+0800: 2334.433: [GC (Allocation Failure) [PSYoungGen: 1047248K->656K(1047552K)] 1325169K->278585K(1434624K), 0.0052881 secs] [Times: user=0.00 sys=0.00, real=0.01 secs] 
2024-07-05T11:32:21.058+0800: 2335.295: [GC (Allocation Failure) [PSYoungGen: 1047184K->736K(1047552K)] 1325113K->278673K(1434624K), 0.0080221 secs] [Times: user=0.01 sys=0.00, real=0.01 secs] 
2024-07-05T11:32:21.878+0800: 2336.115: [GC (Allocation Failure) [PSYoungGen: 1047264K->704K(1047552K)] 1325201K->278649K(1434624K), 0.0080845 secs] [Times: user=0.02 sys=0.00, real=0.01 secs] 
2024-07-05T11:32:22.725+0800: 2336.962: [GC (Allocation Failure) [PSYoungGen: 1047232K->688K(1047552K)] 1325177K->278641K(1434624K), 0.0077127 secs] [Times: user=0.01 sys=0.00, real=0.01 secs] 
2024-07-05T11:32:23.549+0800: 2337.786: [GC (Allocation Failure) [PSYoungGen: 1047216K->720K(1047552K)] 1325169K->278681K(1434624K), 0.0057463 secs] [Times: user=0.01 sys=0.00, real=0.01 secs] 
2024-07-05T11:32:24.359+0800: 2338.596: [GC (Allocation Failure) [PSYoungGen: 1047248K->704K(1047552K)] 1325209K->278673K(1434624K), 0.0068603 secs] [Times: user=0.01 sys=0.00, real=0.01 secs] 
2024-07-05T11:32:25.254+0800: 2339.491: [GC (Allocation Failure) [PSYoungGen: 1047232K->720K(1047552K)] 1325201K->278697K(1434624K), 0.0052945 secs] [Times: user=0.01 sys=0.00, real=0.00 secs] 
2024-07-05T11:32:26.078+0800: 2340.315: [GC (Allocation Failure) [PSYoungGen: 1047248K->704K(1047552K)] 1325225K->278689K(1434624K), 0.0083687 secs] [Times: user=0.00 sys=0.00, real=0.01 secs] 
2024-07-05T11:32:26.939+0800: 2341.176: [GC (Allocation Failure) [PSYoungGen: 1047232K->688K(1047552K)] 1325217K->278681K(1434624K), 0.0070453 secs] [Times: user=0.01 sys=0.00, real=0.01 secs] 
2024-07-05T11:32:27.754+0800: 2341.991: [GC (Allocation Failure) [PSYoungGen: 1047216K->752K(1047552K)] 1325209K->278753K(1434624K), 0.0066469 secs] [Times: user=0.01 sys=0.00, real=0.00 secs] 
2024-07-05T11:32:28.562+0800: 2342.799: [GC (Allocation Failure) [PSYoungGen: 1047280K->720K(1047552K)] 1325281K->278729K(1434624K), 0.0052621 secs] [Times: user=0.01 sys=0.00, real=0.00 secs] 
2024-07-05T11:32:29.398+0800: 2343.635: [GC (Allocation Failure) [PSYoungGen: 1047248K->688K(1047552K)] 1325257K->278705K(1434624K), 0.0076729 secs] [Times: user=0.01 sys=0.00, real=0.01 secs] 
2024-07-05T11:32:30.253+0800: 2344.490: [GC (Allocation Failure) [PSYoungGen: 1047216K->640K(1047552K)] 1325233K->278665K(1434624K), 0.0059253 secs] [Times: user=0.01 sys=0.00, real=0.01 secs] 
2024-07-05T11:32:31.094+0800: 2345.331: [GC (Allocation Failure) [PSYoungGen: 1047168K->688K(1047552K)] 1325193K->278721K(1434624K), 0.0086242 secs] [Times: user=0.01 sys=0.00, real=0.01 secs] 
2024-07-05T11:32:31.906+0800: 2346.143: [GC (Allocation Failure) [PSYoungGen: 1047216K->704K(1047552K)] 1325249K->278745K(1434624K), 0.0079559 secs] [Times: user=0.01 sys=0.00, real=0.01 secs] 
2024-07-05T11:32:32.762+0800: 2346.999: [GC (Allocation Failure) [PSYoungGen: 1047232K->656K(1047552K)] 1325273K->278705K(1434624K), 0.0054617 secs] [Times: user=0.01 sys=0.00, real=0.00 secs] 
2024-07-05T11:32:33.608+0800: 2347.845: [GC (Allocation Failure) [PSYoungGen: 1047184K->704K(1047552K)] 1325233K->278761K(1434624K), 0.0054490 secs] [Times: user=0.01 sys=0.00, real=0.01 secs] 
2024-07-05T11:32:34.414+0800: 2348.651: [GC (Allocation Failure) [PSYoungGen: 1047232K->688K(1047552K)] 1325289K->278753K(1434624K), 0.0054761 secs] [Times: user=0.01 sys=0.00, real=0.00 secs] 
2024-07-05T11:32:35.252+0800: 2349.489: [GC (Allocation Failure) [PSYoungGen: 1047216K->704K(1047552K)] 1325281K->278777K(1434624K), 0.0080977 secs] [Times: user=0.01 sys=0.00, real=0.01 secs] 
2024-07-05T11:32:36.078+0800: 2350.315: [GC (Allocation Failure) [PSYoungGen: 1047232K->752K(1047552K)] 1325305K->278833K(1434624K), 0.0050953 secs] [Times: user=0.01 sys=0.00, real=0.01 secs] 
2024-07-05T11:32:36.918+0800: 2351.155: [GC (Allocation Failure) [PSYoungGen: 1047280K->736K(1047552K)] 1325361K->278825K(1434624K), 0.0070663 secs] [Times: user=0.01 sys=0.00, real=0.01 secs] 
2024-07-05T11:32:37.777+0800: 2352.014: [GC (Allocation Failure) [PSYoungGen: 1047264K->688K(1047552K)] 1325353K->278785K(1434624K), 0.0049579 secs] [Times: user=0.01 sys=0.00, real=0.01 secs] 
2024-07-05T11:32:38.590+0800: 2352.827: [GC (Allocation Failure) [PSYoungGen: 1047216K->720K(1047552K)] 1325313K->278825K(1434624K), 0.0114449 secs] [Times: user=0.01 sys=0.00, real=0.02 secs] 
2024-07-05T11:32:39.479+0800: 2353.716: [GC (Allocation Failure) [PSYoungGen: 1047248K->720K(1047552K)] 1325353K->278833K(1434624K), 0.0069955 secs] [Times: user=0.01 sys=0.00, real=0.01 secs] 
2024-07-05T11:32:40.314+0800: 2354.551: [GC (Allocation Failure) [PSYoungGen: 1047248K->640K(1047552K)] 1325361K->278761K(1434624K), 0.0082376 secs] [Times: user=0.01 sys=0.00, real=0.01 secs] 
2024-07-05T11:32:41.142+0800: 2355.379: [GC (Allocation Failure) [PSYoungGen: 1047168K->736K(1047552K)] 1325289K->278865K(1434624K), 0.0059108 secs] [Times: user=0.01 sys=0.00, real=0.00 secs] 
2024-07-05T11:32:42.038+0800: 2356.275: [GC (Allocation Failure) [PSYoungGen: 1047264K->720K(1047552K)] 1325393K->278865K(1434624K), 0.0054575 secs] [Times: user=0.01 sys=0.00, real=0.01 secs] 
2024-07-05T11:32:42.852+0800: 2357.089: [GC (Allocation Failure) [PSYoungGen: 1047248K->704K(1047552K)] 1325393K->278857K(1434624K), 0.0059601 secs] [Times: user=0.01 sys=0.00, real=0.01 secs] 
2024-07-05T11:32:43.700+0800: 2357.937: [GC (Allocation Failure) [PSYoungGen: 1047232K->688K(1047552K)] 1325385K->278849K(1434624K), 0.0062541 secs] [Times: user=0.01 sys=0.00, real=0.01 secs] 
2024-07-05T11:32:44.750+0800: 2358.987: [GC (Allocation Failure) [PSYoungGen: 1047216K->704K(1047552K)] 1325377K->278873K(1434624K), 0.0083586 secs] [Times: user=0.01 sys=0.00, real=0.01 secs] 
2024-07-05T11:32:45.789+0800: 2360.026: [GC (Allocation Failure) [PSYoungGen: 1047232K->656K(1047552K)] 1325401K->278833K(1434624K), 0.0053162 secs] [Times: user=0.01 sys=0.00, real=0.01 secs] 
2024-07-05T11:32:46.686+0800: 2360.923: [GC (Allocation Failure) [PSYoungGen: 1047184K->672K(1047552K)] 1325361K->278857K(1434624K), 0.0077147 secs] [Times: user=0.01 sys=0.00, real=0.01 secs] 
2024-07-05T11:32:47.607+0800: 2361.844: [GC (Allocation Failure) [PSYoungGen: 1047200K->656K(1047552K)] 1325385K->278849K(1434624K), 0.0062690 secs] [Times: user=0.01 sys=0.00, real=0.01 secs] 
2024-07-05T11:32:48.482+0800: 2362.719: [GC (Allocation Failure) [PSYoungGen: 1047184K->672K(1047552K)] 1325377K->278873K(1434624K), 0.0097435 secs] [Times: user=0.02 sys=0.00, real=0.00 secs] 
2024-07-05T11:32:49.414+0800: 2363.651: [GC (Allocation Failure) [PSYoungGen: 1047200K->704K(1047552K)] 1325401K->278913K(1434624K), 0.0077280 secs] [Times: user=0.01 sys=0.00, real=0.01 secs] 
2024-07-05T11:32:50.458+0800: 2364.695: [GC (Allocation Failure) [PSYoungGen: 1047232K->688K(1047552K)] 1325441K->278905K(1434624K), 0.0099245 secs] [Times: user=0.01 sys=0.00, real=0.01 secs] 
2024-07-05T11:32:51.476+0800: 2365.713: [GC (Allocation Failure) [PSYoungGen: 1047216K->704K(1047552K)] 1325433K->278929K(1434624K), 0.0122173 secs] [Times: user=0.02 sys=0.00, real=0.01 secs] 
2024-07-05T11:32:52.539+0800: 2366.776: [GC (Allocation Failure) [PSYoungGen: 1047232K->688K(1047552K)] 1325457K->278921K(1434624K), 0.0069453 secs] [Times: user=0.01 sys=0.00, real=0.01 secs] 
2024-07-05T11:32:53.566+0800: 2367.803: [GC (Allocation Failure) [PSYoungGen: 1047216K->704K(1047552K)] 1325449K->278945K(1434624K), 0.0109368 secs] [Times: user=0.01 sys=0.00, real=0.01 secs] 
2024-07-05T11:32:54.583+0800: 2368.820: [GC (Allocation Failure) [PSYoungGen: 1047232K->720K(1047552K)] 1325473K->278969K(1434624K), 0.0074146 secs] [Times: user=0.01 sys=0.00, real=0.00 secs] 
2024-07-05T11:32:55.562+0800: 2369.799: [GC (Allocation Failure) [PSYoungGen: 1047248K->704K(1047552K)] 1325497K->278961K(1434624K), 0.0061745 secs] [Times: user=0.02 sys=0.00, real=0.00 secs] 
2024-07-05T11:32:56.562+0800: 2370.799: [GC (Allocation Failure) [PSYoungGen: 1047232K->704K(1047552K)] 1325489K->278969K(1434624K), 0.0092936 secs] [Times: user=0.01 sys=0.00, real=0.00 secs] 
2024-07-05T11:32:57.601+0800: 2371.838: [GC (Allocation Failure) [PSYoungGen: 1047232K->688K(1047552K)] 1325497K->278961K(1434624K), 0.0082432 secs] [Times: user=0.01 sys=0.00, real=0.01 secs] 
2024-07-05T11:32:58.634+0800: 2372.871: [GC (Allocation Failure) [PSYoungGen: 1047216K->672K(1047552K)] 1325489K->278953K(1434624K), 0.0059541 secs] [Times: user=0.01 sys=0.00, real=0.00 secs] 
2024-07-05T11:32:59.814+0800: 2374.051: [GC (Allocation Failure) [PSYoungGen: 1047200K->672K(1047552K)] 1325481K->278961K(1434624K), 0.0081109 secs] [Times: user=0.01 sys=0.00, real=0.01 secs] 
2024-07-05T11:33:00.708+0800: 2374.945: [GC (Allocation Failure) [PSYoungGen: 1047200K->656K(1047552K)] 1325489K->278953K(1434624K), 0.0065269 secs] [Times: user=0.01 sys=0.00, real=0.01 secs] 
2024-07-05T11:33:01.590+0800: 2375.827: [GC (Allocation Failure) [PSYoungGen: 1047184K->736K(1047552K)] 1325481K->279041K(1434624K), 0.0054264 secs] [Times: user=0.01 sys=0.00, real=0.01 secs] 
2024-07-05T11:33:02.465+0800: 2376.701: [GC (Allocation Failure) [PSYoungGen: 1047264K->720K(1047552K)] 1325569K->279033K(1434624K), 0.0057002 secs] [Times: user=0.01 sys=0.00, real=0.00 secs] 
2024-07-05T11:33:03.289+0800: 2377.526: [GC (Allocation Failure) [PSYoungGen: 1047248K->672K(1047552K)] 1325561K->278993K(1434624K), 0.0056101 secs] [Times: user=0.01 sys=0.00, real=0.01 secs] 
2024-07-05T11:33:04.138+0800: 2378.375: [GC (Allocation Failure) [PSYoungGen: 1047200K->704K(1047552K)] 1325521K->279033K(1434624K), 0.0078521 secs] [Times: user=0.01 sys=0.00, real=0.01 secs] 
2024-07-05T11:33:04.990+0800: 2379.227: [GC (Allocation Failure) [PSYoungGen: 1047232K->720K(1047552K)] 1325561K->279057K(1434624K), 0.0079166 secs] [Times: user=0.01 sys=0.00, real=0.01 secs] 
2024-07-05T11:33:05.806+0800: 2380.043: [GC (Allocation Failure) [PSYoungGen: 1047248K->704K(1047552K)] 1325585K->279049K(1434624K), 0.0054796 secs] [Times: user=0.01 sys=0.00, real=0.00 secs] 
2024-07-05T11:33:06.706+0800: 2380.943: [GC (Allocation Failure) [PSYoungGen: 1047232K->672K(1047552K)] 1325577K->279025K(1434624K), 0.0085217 secs] [Times: user=0.01 sys=0.00, real=0.01 secs] 
2024-07-05T11:33:07.529+0800: 2381.766: [GC (Allocation Failure) [PSYoungGen: 1047200K->704K(1047552K)] 1325553K->279065K(1434624K), 0.0051706 secs] [Times: user=0.01 sys=0.00, real=0.01 secs] 
2024-07-05T11:33:08.327+0800: 2382.564: [GC (Allocation Failure) [PSYoungGen: 1047232K->688K(1047552K)] 1325593K->279057K(1434624K), 0.0104014 secs] [Times: user=0.01 sys=0.00, real=0.01 secs] 
2024-07-05T11:33:09.186+0800: 2383.423: [GC (Allocation Failure) [PSYoungGen: 1047216K->688K(1047552K)] 1325585K->279065K(1434624K), 0.0076220 secs] [Times: user=0.01 sys=0.00, real=0.01 secs] 
2024-07-05T11:33:09.988+0800: 2384.225: [GC (Allocation Failure) [PSYoungGen: 1047216K->704K(1047552K)] 1325593K->279089K(1434624K), 0.0058187 secs] [Times: user=0.01 sys=0.00, real=0.01 secs] 
2024-07-05T11:33:10.872+0800: 2385.108: [GC (Allocation Failure) [PSYoungGen: 1047232K->688K(1047552K)] 1325617K->279081K(1434624K), 0.0060375 secs] [Times: user=0.01 sys=0.00, real=0.01 secs] 
2024-07-05T11:33:11.762+0800: 2385.999: [GC (Allocation Failure) [PSYoungGen: 1047216K->672K(1047552K)] 1325609K->279073K(1434624K), 0.0111486 secs] [Times: user=0.02 sys=0.00, real=0.00 secs] 
2024-07-05T11:33:12.634+0800: 2386.871: [GC (Allocation Failure) [PSYoungGen: 1047200K->688K(1047552K)] 1325601K->279105K(1434624K), 0.0089169 secs] [Times: user=0.01 sys=0.00, real=0.01 secs] 
2024-07-05T11:33:13.482+0800: 2387.719: [GC (Allocation Failure) [PSYoungGen: 1047216K->704K(1047552K)] 1325633K->279129K(1434624K), 0.0052886 secs] [Times: user=0.01 sys=0.00, real=0.00 secs] 
2024-07-05T11:33:14.322+0800: 2388.559: [GC (Allocation Failure) [PSYoungGen: 1047232K->704K(1047552K)] 1325657K->279137K(1434624K), 0.0088695 secs] [Times: user=0.01 sys=0.00, real=0.00 secs] 
2024-07-05T11:33:15.178+0800: 2389.415: [GC (Allocation Failure) [PSYoungGen: 1047232K->688K(1047552K)] 1325665K->279129K(1434624K), 0.0090170 secs] [Times: user=0.00 sys=0.00, real=0.01 secs] 
2024-07-05T11:33:16.026+0800: 2390.263: [GC (Allocation Failure) [PSYoungGen: 1047216K->704K(1047552K)] 1325657K->279153K(1434624K), 0.0086294 secs] [Times: user=0.01 sys=0.00, real=0.01 secs] 
2024-07-05T11:33:16.903+0800: 2391.140: [GC (Allocation Failure) [PSYoungGen: 1047232K->688K(1047552K)] 1325681K->279145K(1434624K), 0.0053039 secs] [Times: user=0.01 sys=0.00, real=0.00 secs] 
2024-07-05T11:33:17.765+0800: 2392.002: [GC (Allocation Failure) [PSYoungGen: 1047216K->672K(1047552K)] 1325673K->279137K(1434624K), 0.0060795 secs] [Times: user=0.01 sys=0.00, real=0.00 secs] 
2024-07-05T11:33:18.654+0800: 2392.891: [GC (Allocation Failure) [PSYoungGen: 1047200K->672K(1047552K)] 1325665K->279145K(1434624K), 0.0055236 secs] [Times: user=0.01 sys=0.00, real=0.00 secs] 
2024-07-05T11:33:19.553+0800: 2393.790: [GC (Allocation Failure) [PSYoungGen: 1047200K->672K(1047552K)] 1325673K->279153K(1434624K), 0.0049344 secs] [Times: user=0.01 sys=0.00, real=0.00 secs] 
2024-07-05T11:33:20.414+0800: 2394.651: [GC (Allocation Failure) [PSYoungGen: 1047200K->656K(1047552K)] 1325681K->279145K(1434624K), 0.0056101 secs] [Times: user=0.01 sys=0.00, real=0.00 secs] 
2024-07-05T11:33:21.346+0800: 2395.583: [GC (Allocation Failure) [PSYoungGen: 1047184K->704K(1047552K)] 1325673K->279201K(1434624K), 0.0069705 secs] [Times: user=0.01 sys=0.00, real=0.00 secs] 
2024-07-05T11:33:22.176+0800: 2396.413: [GC (Allocation Failure) [PSYoungGen: 1047232K->720K(1047552K)] 1325729K->279225K(1434624K), 0.0058106 secs] [Times: user=0.01 sys=0.00, real=0.01 secs] 
2024-07-05T11:33:23.036+0800: 2397.273: [GC (Allocation Failure) [PSYoungGen: 1047248K->672K(1047552K)] 1325753K->279185K(1434624K), 0.0073022 secs] [Times: user=0.01 sys=0.00, real=0.01 secs] 
2024-07-05T11:33:23.862+0800: 2398.099: [GC (Allocation Failure) [PSYoungGen: 1047200K->656K(1047552K)] 1325713K->279177K(1434624K), 0.0083205 secs] [Times: user=0.01 sys=0.00, real=0.00 secs] 
2024-07-05T11:33:24.700+0800: 2398.937: [GC (Allocation Failure) [PSYoungGen: 1047184K->640K(1047552K)] 1325705K->279169K(1434624K), 0.0062494 secs] [Times: user=0.01 sys=0.00, real=0.01 secs] 
2024-07-05T11:33:25.548+0800: 2399.785: [GC (Allocation Failure) [PSYoungGen: 1047168K->720K(1047552K)] 1325697K->279257K(1434624K), 0.0059531 secs] [Times: user=0.01 sys=0.00, real=0.01 secs] 
2024-07-05T11:33:26.382+0800: 2400.619: [GC (Allocation Failure) [PSYoungGen: 1047248K->704K(1047552K)] 1325785K->279249K(1434624K), 0.0078714 secs] [Times: user=0.01 sys=0.00, real=0.00 secs] 
2024-07-05T11:33:27.264+0800: 2401.501: [GC (Allocation Failure) [PSYoungGen: 1047232K->640K(1047552K)] 1325777K->279201K(1434624K), 0.0088896 secs] [Times: user=0.01 sys=0.00, real=0.01 secs] 
2024-07-05T11:33:28.086+0800: 2402.323: [GC (Allocation Failure) [PSYoungGen: 1047168K->720K(1047552K)] 1325729K->279289K(1434624K), 0.0086360 secs] [Times: user=0.01 sys=0.00, real=0.01 secs] 
2024-07-05T11:33:28.910+0800: 2403.147: [GC (Allocation Failure) [PSYoungGen: 1047248K->704K(1047552K)] 1325817K->279281K(1434624K), 0.0075072 secs] [Times: user=0.01 sys=0.00, real=0.01 secs] 
2024-07-05T11:33:29.829+0800: 2404.066: [GC (Allocation Failure) [PSYoungGen: 1047232K->688K(1047552K)] 1325809K->279273K(1434624K), 0.0087383 secs] [Times: user=0.02 sys=0.00, real=0.01 secs] 
2024-07-05T11:33:30.670+0800: 2404.907: [GC (Allocation Failure) [PSYoungGen: 1047216K->656K(1047552K)] 1325801K->279249K(1434624K), 0.0065648 secs] [Times: user=0.01 sys=0.00, real=0.01 secs] 
2024-07-05T11:33:31.574+0800: 2405.811: [GC (Allocation Failure) [PSYoungGen: 1047184K->720K(1047552K)] 1325777K->279321K(1434624K), 0.0072240 secs] [Times: user=0.01 sys=0.00, real=0.00 secs] 
2024-07-05T11:33:32.412+0800: 2406.649: [GC (Allocation Failure) [PSYoungGen: 1047248K->704K(1047552K)] 1325849K->279313K(1434624K), 0.0081969 secs] [Times: user=0.01 sys=0.00, real=0.01 secs] 
2024-07-05T11:33:33.234+0800: 2407.471: [GC (Allocation Failure) [PSYoungGen: 1047232K->672K(1047552K)] 1325841K->279289K(1434624K), 0.0076113 secs] [Times: user=0.01 sys=0.00, real=0.01 secs] 
2024-07-05T11:33:34.081+0800: 2408.317: [GC (Allocation Failure) [PSYoungGen: 1047200K->704K(1047552K)] 1325817K->279329K(1434624K), 0.0055823 secs] [Times: user=0.01 sys=0.00, real=0.01 secs] 
2024-07-05T11:33:34.889+0800: 2409.126: [GC (Allocation Failure) [PSYoungGen: 1047232K->720K(1047552K)] 1325857K->279353K(1434624K), 0.0055087 secs] [Times: user=0.01 sys=0.00, real=0.01 secs] 
2024-07-05T11:33:35.731+0800: 2409.968: [GC (Allocation Failure) [PSYoungGen: 1047248K->704K(1047552K)] 1325881K->279345K(1434624K), 0.0052896 secs] [Times: user=0.01 sys=0.00, real=0.01 secs] 
2024-07-05T11:33:36.540+0800: 2410.777: [GC (Allocation Failure) [PSYoungGen: 1047232K->736K(1047552K)] 1325873K->279385K(1434624K), 0.0053150 secs] [Times: user=0.01 sys=0.00, real=0.01 secs] 
2024-07-05T11:33:37.350+0800: 2411.587: [GC (Allocation Failure) [PSYoungGen: 1047264K->672K(1047552K)] 1325913K->279329K(1434624K), 0.0076625 secs] [Times: user=0.01 sys=0.00, real=0.01 secs] 
2024-07-05T11:33:38.206+0800: 2412.443: [GC (Allocation Failure) [PSYoungGen: 1047200K->672K(1047552K)] 1325857K->279337K(1434624K), 0.0075413 secs] [Times: user=0.01 sys=0.00, real=0.01 secs] 
2024-07-05T11:33:39.012+0800: 2413.249: [GC (Allocation Failure) [PSYoungGen: 1047200K->688K(1047552K)] 1325865K->279361K(1434624K), 0.0055700 secs] [Times: user=0.01 sys=0.00, real=0.01 secs] 
2024-07-05T11:33:39.846+0800: 2414.083: [GC (Allocation Failure) [PSYoungGen: 1047216K->672K(1047552K)] 1325889K->279353K(1434624K), 0.0070611 secs] [Times: user=0.00 sys=0.00, real=0.00 secs] 
2024-07-05T11:33:40.658+0800: 2414.895: [GC (Allocation Failure) [PSYoungGen: 1047200K->672K(1047552K)] 1325881K->279361K(1434624K), 0.0078464 secs] [Times: user=0.01 sys=0.00, real=0.01 secs] 
2024-07-05T11:33:41.482+0800: 2415.719: [GC (Allocation Failure) [PSYoungGen: 1047200K->688K(1047552K)] 1325889K->279385K(1434624K), 0.0081990 secs] [Times: user=0.01 sys=0.00, real=0.00 secs] 
2024-07-05T11:33:42.334+0800: 2416.571: [GC (Allocation Failure) [PSYoungGen: 1047216K->672K(1047552K)] 1325913K->279377K(1434624K), 0.0063775 secs] [Times: user=0.01 sys=0.00, real=0.00 secs] 
2024-07-05T11:33:43.150+0800: 2417.387: [GC (Allocation Failure) [PSYoungGen: 1047200K->736K(1047552K)] 1325905K->279449K(1434624K), 0.0051937 secs] [Times: user=0.01 sys=0.00, real=0.01 secs] 
2024-07-05T11:33:44.038+0800: 2418.275: [GC (Allocation Failure) [PSYoungGen: 1047264K->704K(1047552K)] 1325977K->279425K(1434624K), 0.0079046 secs] [Times: user=0.01 sys=0.00, real=0.01 secs] 
2024-07-05T11:33:44.882+0800: 2419.119: [GC (Allocation Failure) [PSYoungGen: 1047232K->704K(1047552K)] 1325953K->279433K(1434624K), 0.0083316 secs] [Times: user=0.01 sys=0.00, real=0.00 secs] 
2024-07-05T11:33:45.776+0800: 2420.013: [GC (Allocation Failure) [PSYoungGen: 1047232K->704K(1047552K)] 1325961K->279449K(1434624K), 0.0055000 secs] [Times: user=0.01 sys=0.00, real=0.01 secs] 
2024-07-05T11:33:46.621+0800: 2420.858: [GC (Allocation Failure) [PSYoungGen: 1047232K->672K(1047552K)] 1325977K->279425K(1434624K), 0.0086171 secs] [Times: user=0.02 sys=0.00, real=0.01 secs] 
2024-07-05T11:33:47.450+0800: 2421.687: [GC (Allocation Failure) [PSYoungGen: 1047200K->672K(1047552K)] 1325953K->279433K(1434624K), 0.0091091 secs] [Times: user=0.01 sys=0.00, real=0.01 secs] 
2024-07-05T11:33:48.346+0800: 2422.583: [GC (Allocation Failure) [PSYoungGen: 1047200K->704K(1047552K)] 1325961K->279473K(1434624K), 0.0070843 secs] [Times: user=0.00 sys=0.00, real=0.00 secs] 
2024-07-05T11:33:49.194+0800: 2423.431: [GC (Allocation Failure) [PSYoungGen: 1047232K->688K(1047552K)] 1326001K->279465K(1434624K), 0.0068832 secs] [Times: user=0.01 sys=0.00, real=0.01 secs] 
2024-07-05T11:33:50.062+0800: 2424.299: [GC (Allocation Failure) [PSYoungGen: 1047216K->656K(1047552K)] 1325993K->279441K(1434624K), 0.0071540 secs] [Times: user=0.01 sys=0.00, real=0.00 secs] 
2024-07-05T11:33:50.909+0800: 2425.146: [GC (Allocation Failure) [PSYoungGen: 1047184K->736K(1047552K)] 1325969K->279529K(1434624K), 0.0057662 secs] [Times: user=0.01 sys=0.00, real=0.01 secs] 
2024-07-05T11:33:51.770+0800: 2426.007: [GC (Allocation Failure) [PSYoungGen: 1047264K->688K(1047552K)] 1326057K->279489K(1434624K), 0.0070387 secs] [Times: user=0.01 sys=0.00, real=0.01 secs] 
2024-07-05T11:33:52.610+0800: 2426.847: [GC (Allocation Failure) [PSYoungGen: 1047216K->752K(1047552K)] 1326017K->279561K(1434624K), 0.0079069 secs] [Times: user=0.01 sys=0.00, real=0.01 secs] 
2024-07-05T11:33:53.390+0800: 2427.627: [GC (Allocation Failure) [PSYoungGen: 1047280K->720K(1047552K)] 1326089K->279545K(1434624K), 0.0066902 secs] [Times: user=0.00 sys=0.00, real=0.01 secs] 
2024-07-05T11:33:54.329+0800: 2428.566: [GC (Allocation Failure) [PSYoungGen: 1047248K->672K(1047552K)] 1326073K->279505K(1434624K), 0.0086430 secs] [Times: user=0.01 sys=0.00, real=0.01 secs] 
2024-07-05T11:33:55.282+0800: 2429.519: [GC (Allocation Failure) [PSYoungGen: 1047200K->704K(1047552K)] 1326033K->279545K(1434624K), 0.0068209 secs] [Times: user=0.01 sys=0.00, real=0.00 secs] 
2024-07-05T11:33:56.202+0800: 2430.439: [GC (Allocation Failure) [PSYoungGen: 1047232K->720K(1047552K)] 1326073K->279569K(1434624K), 0.0081995 secs] [Times: user=0.01 sys=0.00, real=0.00 secs] 
2024-07-05T11:33:56.997+0800: 2431.234: [GC (Allocation Failure) [PSYoungGen: 1047248K->704K(1047552K)] 1326097K->279561K(1434624K), 0.0052213 secs] [Times: user=0.01 sys=0.00, real=0.01 secs] 
2024-07-05T11:33:57.811+0800: 2432.048: [GC (Allocation Failure) [PSYoungGen: 1047232K->736K(1047552K)] 1326089K->279601K(1434624K), 0.0067458 secs] [Times: user=0.01 sys=0.00, real=0.01 secs] 
2024-07-05T11:33:58.766+0800: 2433.003: [GC (Allocation Failure) [PSYoungGen: 1047264K->704K(1047552K)] 1326129K->279577K(1434624K), 0.0078429 secs] [Times: user=0.01 sys=0.00, real=0.01 secs] 
2024-07-05T11:33:59.686+0800: 2433.923: [GC (Allocation Failure) [PSYoungGen: 1047232K->640K(1047552K)] 1326105K->279521K(1434624K), 0.0052786 secs] [Times: user=0.01 sys=0.01, real=0.00 secs] 
2024-07-05T11:34:00.606+0800: 2434.843: [GC (Allocation Failure) [PSYoungGen: 1047168K->720K(1047552K)] 1326049K->279609K(1434624K), 0.0082594 secs] [Times: user=0.01 sys=0.00, real=0.01 secs] 
2024-07-05T11:34:01.450+0800: 2435.687: [GC (Allocation Failure) [PSYoungGen: 1047248K->672K(1047552K)] 1326137K->279569K(1434624K), 0.0082259 secs] [Times: user=0.01 sys=0.00, real=0.01 secs] 
2024-07-05T11:34:02.407+0800: 2436.644: [GC (Allocation Failure) [PSYoungGen: 1047200K->688K(1047552K)] 1326097K->279593K(1434624K), 0.0087088 secs] [Times: user=0.01 sys=0.00, real=0.01 secs] 
2024-07-05T11:34:03.290+0800: 2437.527: [GC (Allocation Failure) [PSYoungGen: 1047216K->704K(1047552K)] 1326121K->279617K(1434624K), 0.0070547 secs] [Times: user=0.01 sys=0.00, real=0.01 secs] 
2024-07-05T11:34:04.136+0800: 2438.373: [GC (Allocation Failure) [PSYoungGen: 1047232K->672K(1047552K)] 1326145K->279593K(1434624K), 0.0075147 secs] [Times: user=0.01 sys=0.00, real=0.01 secs] 
2024-07-05T11:34:05.016+0800: 2439.253: [GC (Allocation Failure) [PSYoungGen: 1047200K->672K(1047552K)] 1326121K->279601K(1434624K), 0.0080989 secs] [Times: user=0.01 sys=0.00, real=0.01 secs] 
2024-07-05T11:34:05.878+0800: 2440.115: [GC (Allocation Failure) [PSYoungGen: 1047200K->704K(1047552K)] 1326129K->279641K(1434624K), 0.0096096 secs] [Times: user=0.01 sys=0.00, real=0.01 secs] 
2024-07-05T11:34:06.747+0800: 2440.984: [GC (Allocation Failure) [PSYoungGen: 1047232K->688K(1047552K)] 1326169K->279633K(1434624K), 0.0060704 secs] [Times: user=0.01 sys=0.00, real=0.00 secs] 
2024-07-05T11:34:07.599+0800: 2441.836: [GC (Allocation Failure) [PSYoungGen: 1047216K->736K(1047552K)] 1326161K->279697K(1434624K), 0.0065387 secs] [Times: user=0.01 sys=0.00, real=0.01 secs] 
2024-07-05T11:34:08.410+0800: 2442.647: [GC (Allocation Failure) [PSYoungGen: 1047264K->704K(1047552K)] 1326225K->279673K(1434624K), 0.0053509 secs] [Times: user=0.00 sys=0.00, real=0.01 secs] 
2024-07-05T11:34:09.306+0800: 2443.543: [GC (Allocation Failure) [PSYoungGen: 1047232K->672K(1047552K)] 1326201K->279649K(1434624K), 0.0089199 secs] [Times: user=0.01 sys=0.00, real=0.01 secs] 
2024-07-05T11:34:10.218+0800: 2444.455: [GC (Allocation Failure) [PSYoungGen: 1047200K->736K(1047552K)] 1326177K->279721K(1434624K), 0.0081453 secs] [Times: user=0.01 sys=0.00, real=0.01 secs] 
2024-07-05T11:34:11.110+0800: 2445.347: [GC (Allocation Failure) [PSYoungGen: 1047264K->688K(1047552K)] 1326249K->279681K(1434624K), 0.0097496 secs] [Times: user=0.01 sys=0.00, real=0.01 secs] 
2024-07-05T11:34:12.126+0800: 2446.363: [GC (Allocation Failure) [PSYoungGen: 1047216K->736K(1047552K)] 1326209K->279737K(1434624K), 0.0068914 secs] [Times: user=0.01 sys=0.00, real=0.00 secs] 
2024-07-05T11:34:13.345+0800: 2447.582: [GC (Allocation Failure) [PSYoungGen: 1047264K->720K(1047552K)] 1326265K->279729K(1434624K), 0.0093957 secs] [Times: user=0.02 sys=0.00, real=0.01 secs] 
2024-07-05T11:34:14.526+0800: 2448.763: [GC (Allocation Failure) [PSYoungGen: 1047248K->736K(1047552K)] 1326257K->279753K(1434624K), 0.0063456 secs] [Times: user=0.01 sys=0.00, real=0.00 secs] 
2024-07-05T11:34:15.725+0800: 2449.962: [GC (Allocation Failure) [PSYoungGen: 1047264K->720K(1047552K)] 1326281K->279745K(1434624K), 0.0066027 secs] [Times: user=0.01 sys=0.00, real=0.00 secs] 
2024-07-05T11:34:16.966+0800: 2451.203: [GC (Allocation Failure) [PSYoungGen: 1047248K->736K(1047552K)] 1326273K->279769K(1434624K), 0.0072975 secs] [Times: user=0.01 sys=0.01, real=0.01 secs] 
2024-07-05T11:34:17.825+0800: 2452.062: [GC (Allocation Failure) [PSYoungGen: 1047264K->672K(1047552K)] 1326297K->279713K(1434624K), 0.0074753 secs] [Times: user=0.01 sys=0.00, real=0.00 secs] 
2024-07-05T11:34:18.714+0800: 2452.951: [GC (Allocation Failure) [PSYoungGen: 1047200K->672K(1047552K)] 1326241K->279721K(1434624K), 0.0065935 secs] [Times: user=0.01 sys=0.00, real=0.00 secs] 
2024-07-05T11:34:19.564+0800: 2453.801: [GC (Allocation Failure) [PSYoungGen: 1047200K->704K(1047552K)] 1326249K->279761K(1434624K), 0.0061747 secs] [Times: user=0.01 sys=0.00, real=0.00 secs] 
2024-07-05T11:34:20.536+0800: 2454.773: [GC (Allocation Failure) [PSYoungGen: 1047232K->688K(1047552K)] 1326289K->279753K(1434624K), 0.0060944 secs] [Times: user=0.01 sys=0.00, real=0.01 secs] 
2024-07-05T11:34:21.527+0800: 2455.764: [GC (Allocation Failure) [PSYoungGen: 1047216K->672K(1047552K)] 1326281K->279745K(1434624K), 0.0059830 secs] [Times: user=0.01 sys=0.00, real=0.00 secs] 
2024-07-05T11:34:22.568+0800: 2456.805: [GC (Allocation Failure) [PSYoungGen: 1047200K->640K(1047552K)] 1326273K->279721K(1434624K), 0.0112332 secs] [Times: user=0.02 sys=0.00, real=0.01 secs] 
2024-07-05T11:34:23.445+0800: 2457.682: [GC (Allocation Failure) [PSYoungGen: 1047168K->704K(1047552K)] 1326249K->279793K(1434624K), 0.0087306 secs] [Times: user=0.01 sys=0.00, real=0.01 secs] 
2024-07-05T11:34:24.351+0800: 2458.587: [GC (Allocation Failure) [PSYoungGen: 1047232K->704K(1047552K)] 1326321K->279801K(1434624K), 0.0076670 secs] [Times: user=0.02 sys=0.00, real=0.01 secs] 
2024-07-05T11:34:25.250+0800: 2459.487: [GC (Allocation Failure) [PSYoungGen: 1047232K->672K(1047552K)] 1326329K->279777K(1434624K), 0.0072990 secs] [Times: user=0.01 sys=0.01, real=0.01 secs] 
2024-07-05T11:34:26.080+0800: 2460.317: [GC (Allocation Failure) [PSYoungGen: 1047200K->704K(1047552K)] 1326305K->279817K(1434624K), 0.0095637 secs] [Times: user=0.01 sys=0.00, real=0.01 secs] 
2024-07-05T11:34:26.970+0800: 2461.207: [GC (Allocation Failure) [PSYoungGen: 1047232K->688K(1047552K)] 1326345K->279809K(1434624K), 0.0081507 secs] [Times: user=0.01 sys=0.00, real=0.01 secs] 
2024-07-05T11:34:27.939+0800: 2462.176: [GC (Allocation Failure) [PSYoungGen: 1047216K->672K(1047552K)] 1326337K->279801K(1434624K), 0.0088408 secs] [Times: user=0.01 sys=0.00, real=0.01 secs] 
2024-07-05T11:34:28.856+0800: 2463.093: [GC (Allocation Failure) [PSYoungGen: 1047200K->672K(1047552K)] 1326329K->279809K(1434624K), 0.0065118 secs] [Times: user=0.02 sys=0.00, real=0.01 secs] 
2024-07-05T11:34:29.979+0800: 2464.216: [GC (Allocation Failure) [PSYoungGen: 1047200K->672K(1047552K)] 1326337K->279817K(1434624K), 0.0068029 secs] [Times: user=0.01 sys=0.00, real=0.01 secs] 
2024-07-05T11:34:30.958+0800: 2465.195: [GC (Allocation Failure) [PSYoungGen: 1047200K->672K(1047552K)] 1326345K->279825K(1434624K), 0.0090034 secs] [Times: user=0.01 sys=0.00, real=0.01 secs] 
2024-07-05T11:34:31.922+0800: 2466.159: [GC (Allocation Failure) [PSYoungGen: 1047200K->688K(1047552K)] 1326353K->279849K(1434624K), 0.0073313 secs] [Times: user=0.01 sys=0.00, real=0.00 secs] 
2024-07-05T11:34:32.843+0800: 2467.080: [GC (Allocation Failure) [PSYoungGen: 1047216K->640K(1047552K)] 1326377K->279809K(1434624K), 0.0072408 secs] [Times: user=0.01 sys=0.00, real=0.00 secs] 
2024-07-05T11:34:33.930+0800: 2468.166: [GC (Allocation Failure) [PSYoungGen: 1047168K->720K(1047552K)] 1326337K->279897K(1434624K), 0.0058960 secs] [Times: user=0.01 sys=0.00, real=0.01 secs] 
2024-07-05T11:34:34.792+0800: 2469.029: [GC (Allocation Failure) [PSYoungGen: 1047248K->704K(1047552K)] 1326425K->279889K(1434624K), 0.0093353 secs] [Times: user=0.01 sys=0.00, real=0.02 secs] 
2024-07-05T11:34:35.917+0800: 2470.154: [GC (Allocation Failure) [PSYoungGen: 1047232K->704K(1047552K)] 1326417K->279897K(1434624K), 0.0111646 secs] [Times: user=0.01 sys=0.00, real=0.01 secs] 
2024-07-05T11:34:36.798+0800: 2471.034: [GC (Allocation Failure) [PSYoungGen: 1047232K->720K(1047552K)] 1326425K->279921K(1434624K), 0.0076641 secs] [Times: user=0.01 sys=0.00, real=0.01 secs] 
2024-07-05T11:34:37.758+0800: 2471.995: [GC (Allocation Failure) [PSYoungGen: 1047248K->704K(1047552K)] 1326449K->279913K(1434624K), 0.0099283 secs] [Times: user=0.02 sys=0.00, real=0.01 secs] 
2024-07-05T11:34:38.639+0800: 2472.876: [GC (Allocation Failure) [PSYoungGen: 1047232K->672K(1047552K)] 1326441K->279889K(1434624K), 0.0063569 secs] [Times: user=0.01 sys=0.00, real=0.01 secs] 
2024-07-05T11:34:39.591+0800: 2473.827: [GC (Allocation Failure) [PSYoungGen: 1047200K->704K(1047552K)] 1326417K->279929K(1434624K), 0.0073278 secs] [Times: user=0.01 sys=0.00, real=0.01 secs] 
2024-07-05T11:34:40.510+0800: 2474.747: [GC (Allocation Failure) [PSYoungGen: 1047232K->688K(1047552K)] 1326457K->279921K(1434624K), 0.0053736 secs] [Times: user=0.01 sys=0.00, real=0.01 secs] 
2024-07-05T11:34:41.357+0800: 2475.594: [GC (Allocation Failure) [PSYoungGen: 1047216K->672K(1047552K)] 1326449K->279921K(1434624K), 0.0060153 secs] [Times: user=0.01 sys=0.00, real=0.01 secs] 
2024-07-05T11:34:42.286+0800: 2476.523: [GC (Allocation Failure) [PSYoungGen: 1047200K->704K(1047552K)] 1326449K->279961K(1434624K), 0.0094846 secs] [Times: user=0.02 sys=0.00, real=0.01 secs] 
2024-07-05T11:34:43.154+0800: 2477.391: [GC (Allocation Failure) [PSYoungGen: 1047232K->656K(1047552K)] 1326489K->279921K(1434624K), 0.0077646 secs] [Times: user=0.01 sys=0.00, real=0.01 secs] 
2024-07-05T11:34:44.056+0800: 2478.293: [GC (Allocation Failure) [PSYoungGen: 1047184K->640K(1047552K)] 1326449K->279913K(1434624K), 0.0097561 secs] [Times: user=0.01 sys=0.01, real=0.01 secs] 
2024-07-05T11:34:44.988+0800: 2479.225: [GC (Allocation Failure) [PSYoungGen: 1047168K->672K(1047552K)] 1326441K->279953K(1434624K), 0.0058688 secs] [Times: user=0.01 sys=0.00, real=0.01 secs] 
2024-07-05T11:34:45.924+0800: 2480.161: [GC (Allocation Failure) [PSYoungGen: 1047200K->704K(1047552K)] 1326481K->279993K(1434624K), 0.0057680 secs] [Times: user=0.01 sys=0.00, real=0.00 secs] 
2024-07-05T11:34:46.853+0800: 2481.090: [GC (Allocation Failure) [PSYoungGen: 1047232K->720K(1047552K)] 1326521K->280017K(1434624K), 0.0065074 secs] [Times: user=0.01 sys=0.00, real=0.01 secs] 
2024-07-05T11:34:47.995+0800: 2482.232: [GC (Allocation Failure) [PSYoungGen: 1047248K->720K(1047552K)] 1326545K->280025K(1434624K), 0.0062155 secs] [Times: user=0.01 sys=0.00, real=0.01 secs] 
2024-07-05T11:34:48.892+0800: 2483.129: [GC (Allocation Failure) [PSYoungGen: 1047248K->688K(1047552K)] 1326553K->280001K(1434624K), 0.0096676 secs] [Times: user=0.02 sys=0.00, real=0.02 secs] 
2024-07-05T11:34:49.850+0800: 2484.087: [GC (Allocation Failure) [PSYoungGen: 1047216K->688K(1047552K)] 1326529K->280009K(1434624K), 0.0091724 secs] [Times: user=0.02 sys=0.00, real=0.01 secs] 
2024-07-05T11:34:50.937+0800: 2485.174: [GC (Allocation Failure) [PSYoungGen: 1047216K->736K(1047552K)] 1326537K->280065K(1434624K), 0.0083155 secs] [Times: user=0.02 sys=0.00, real=0.01 secs] 
2024-07-05T11:34:51.934+0800: 2486.171: [GC (Allocation Failure) [PSYoungGen: 1047264K->736K(1047552K)] 1326593K->280073K(1434624K), 0.0083458 secs] [Times: user=0.01 sys=0.00, real=0.01 secs] 
2024-07-05T11:34:53.042+0800: 2487.279: [GC (Allocation Failure) [PSYoungGen: 1047264K->704K(1047552K)] 1326601K->280049K(1434624K), 0.0095676 secs] [Times: user=0.01 sys=0.00, real=0.00 secs] 
2024-07-05T11:34:54.070+0800: 2488.307: [GC (Allocation Failure) [PSYoungGen: 1047232K->688K(1047552K)] 1326577K->280041K(1434624K), 0.0064681 secs] [Times: user=0.01 sys=0.00, real=0.01 secs] 
2024-07-05T11:34:55.110+0800: 2489.347: [GC (Allocation Failure) [PSYoungGen: 1047216K->688K(1047552K)] 1326569K->280049K(1434624K), 0.0111147 secs] [Times: user=0.02 sys=0.00, real=0.01 secs] 
2024-07-05T11:34:56.150+0800: 2490.387: [GC (Allocation Failure) [PSYoungGen: 1047216K->656K(1047552K)] 1326577K->280025K(1434624K), 0.0058237 secs] [Times: user=0.01 sys=0.00, real=0.01 secs] 
2024-07-05T11:34:57.180+0800: 2491.417: [GC (Allocation Failure) [PSYoungGen: 1047184K->720K(1047552K)] 1326553K->280097K(1434624K), 0.0080334 secs] [Times: user=0.01 sys=0.00, real=0.01 secs] 
2024-07-05T11:34:58.183+0800: 2492.420: [GC (Allocation Failure) [PSYoungGen: 1047248K->736K(1047552K)] 1326625K->280121K(1434624K), 0.0070625 secs] [Times: user=0.01 sys=0.00, real=0.00 secs] 
2024-07-05T11:34:59.252+0800: 2493.489: [GC (Allocation Failure) [PSYoungGen: 1047264K->704K(1047552K)] 1326649K->280097K(1434624K), 0.0061768 secs] [Times: user=0.01 sys=0.00, real=0.01 secs] 
2024-07-05T11:35:00.230+0800: 2494.467: [GC (Allocation Failure) [PSYoungGen: 1047232K->704K(1047552K)] 1326625K->280105K(1434624K), 0.0089242 secs] [Times: user=0.01 sys=0.00, real=0.01 secs] 
2024-07-05T11:35:01.266+0800: 2495.503: [GC (Allocation Failure) [PSYoungGen: 1047232K->688K(1047552K)] 1326633K->280097K(1434624K), 0.0087756 secs] [Times: user=0.01 sys=0.00, real=0.01 secs] 
2024-07-05T11:35:02.255+0800: 2496.492: [GC (Allocation Failure) [PSYoungGen: 1047216K->704K(1047552K)] 1326625K->280121K(1434624K), 0.0073493 secs] [Times: user=0.01 sys=0.00, real=0.01 secs] 
2024-07-05T11:35:03.293+0800: 2497.530: [GC (Allocation Failure) [PSYoungGen: 1047232K->704K(1047552K)] 1326649K->280129K(1434624K), 0.0085570 secs] [Times: user=0.01 sys=0.00, real=0.02 secs] 
2024-07-05T11:35:04.298+0800: 2498.535: [GC (Allocation Failure) [PSYoungGen: 1047232K->672K(1047552K)] 1326657K->280105K(1434624K), 0.0061205 secs] [Times: user=0.01 sys=0.00, real=0.01 secs] 
2024-07-05T11:35:05.358+0800: 2499.595: [GC (Allocation Failure) [PSYoungGen: 1047200K->672K(1047552K)] 1326633K->280113K(1434624K), 0.0107997 secs] [Times: user=0.01 sys=0.00, real=0.01 secs] 
2024-07-05T11:35:06.366+0800: 2500.603: [GC (Allocation Failure) [PSYoungGen: 1047200K->688K(1047552K)] 1326641K->280137K(1434624K), 0.0088527 secs] [Times: user=0.01 sys=0.00, real=0.01 secs] 
2024-07-05T11:35:07.370+0800: 2501.607: [GC (Allocation Failure) [PSYoungGen: 1047216K->704K(1047552K)] 1326665K->280161K(1434624K), 0.0059759 secs] [Times: user=0.01 sys=0.00, real=0.01 secs] 
2024-07-05T11:35:08.350+0800: 2502.587: [GC (Allocation Failure) [PSYoungGen: 1047232K->704K(1047552K)] 1326689K->280169K(1434624K), 0.0085854 secs] [Times: user=0.01 sys=0.00, real=0.01 secs] 
2024-07-05T11:35:09.414+0800: 2503.651: [GC (Allocation Failure) [PSYoungGen: 1047232K->688K(1047552K)] 1326697K->280161K(1434624K), 0.0085393 secs] [Times: user=0.01 sys=0.00, real=0.01 secs] 
2024-07-05T11:35:10.490+0800: 2504.727: [GC (Allocation Failure) [PSYoungGen: 1047216K->704K(1047552K)] 1326689K->280185K(1434624K), 0.0117011 secs] [Times: user=0.01 sys=0.00, real=0.02 secs] 
2024-07-05T11:35:11.510+0800: 2505.747: [GC (Allocation Failure) [PSYoungGen: 1047232K->672K(1047552K)] 1326713K->280161K(1434624K), 0.0064175 secs] [Times: user=0.01 sys=0.00, real=0.01 secs] 
2024-07-05T11:35:12.574+0800: 2506.811: [GC (Allocation Failure) [PSYoungGen: 1047200K->672K(1047552K)] 1326689K->280169K(1434624K), 0.0123627 secs] [Times: user=0.02 sys=0.00, real=0.01 secs] 
2024-07-05T11:35:13.650+0800: 2507.887: [GC (Allocation Failure) [PSYoungGen: 1047200K->688K(1047552K)] 1326697K->280201K(1434624K), 0.0085840 secs] [Times: user=0.01 sys=0.01, real=0.01 secs] 
2024-07-05T11:35:14.641+0800: 2508.878: [GC (Allocation Failure) [PSYoungGen: 1047216K->672K(1047552K)] 1326729K->280193K(1434624K), 0.0090709 secs] [Times: user=0.01 sys=0.00, real=0.00 secs] 
2024-07-05T11:35:15.643+0800: 2509.880: [GC (Allocation Failure) [PSYoungGen: 1047200K->736K(1047552K)] 1326721K->280265K(1434624K), 0.0070322 secs] [Times: user=0.01 sys=0.00, real=0.00 secs] 
2024-07-05T11:35:16.474+0800: 2510.711: [GC (Allocation Failure) [PSYoungGen: 1047264K->720K(1047552K)] 1326793K->280257K(1434624K), 0.0077657 secs] [Times: user=0.01 sys=0.00, real=0.01 secs] 
2024-07-05T11:35:17.593+0800: 2511.830: [GC (Allocation Failure) [PSYoungGen: 1047248K->640K(1047552K)] 1326785K->280193K(1434624K), 0.0084525 secs] [Times: user=0.01 sys=0.00, real=0.02 secs] 
2024-07-05T11:35:18.466+0800: 2512.703: [GC (Allocation Failure) [PSYoungGen: 1047168K->704K(1047552K)] 1326721K->280265K(1434624K), 0.0071603 secs] [Times: user=0.01 sys=0.00, real=0.00 secs] 
2024-07-05T11:35:19.318+0800: 2513.555: [GC (Allocation Failure) [PSYoungGen: 1047232K->704K(1047552K)] 1326793K->280273K(1434624K), 0.0064590 secs] [Times: user=0.01 sys=0.00, real=0.01 secs] 
2024-07-05T11:35:20.173+0800: 2514.410: [GC (Allocation Failure) [PSYoungGen: 1047232K->688K(1047552K)] 1326801K->280265K(1434624K), 0.0090224 secs] [Times: user=0.01 sys=0.00, real=0.02 secs] 
2024-07-05T11:35:21.173+0800: 2515.410: [GC (Allocation Failure) [PSYoungGen: 1047216K->672K(1047552K)] 1326793K->280257K(1434624K), 0.0068852 secs] [Times: user=0.01 sys=0.00, real=0.01 secs] 
2024-07-05T11:35:22.162+0800: 2516.399: [GC (Allocation Failure) [PSYoungGen: 1047200K->736K(1047552K)] 1326785K->280329K(1434624K), 0.0076306 secs] [Times: user=0.01 sys=0.00, real=0.00 secs] 
2024-07-05T11:35:22.965+0800: 2517.202: [GC (Allocation Failure) [PSYoungGen: 1047264K->704K(1047552K)] 1326857K->280305K(1434624K), 0.0053511 secs] [Times: user=0.01 sys=0.00, real=0.00 secs] 
2024-07-05T11:35:23.858+0800: 2518.095: [GC (Allocation Failure) [PSYoungGen: 1047232K->672K(1047552K)] 1326833K->280281K(1434624K), 0.0064314 secs] [Times: user=0.01 sys=0.00, real=0.01 secs] 
2024-07-05T11:35:24.741+0800: 2518.978: [GC (Allocation Failure) [PSYoungGen: 1047200K->688K(1047552K)] 1326809K->280305K(1434624K), 0.0058538 secs] [Times: user=0.01 sys=0.01, real=0.01 secs] 
2024-07-05T11:35:25.576+0800: 2519.813: [GC (Allocation Failure) [PSYoungGen: 1047216K->704K(1047552K)] 1326833K->280329K(1434624K), 0.0054671 secs] [Times: user=0.01 sys=0.00, real=0.01 secs] 
2024-07-05T11:35:26.450+0800: 2520.687: [GC (Allocation Failure) [PSYoungGen: 1047232K->720K(1047552K)] 1326857K->280353K(1434624K), 0.0055973 secs] [Times: user=0.01 sys=0.00, real=0.01 secs] 
2024-07-05T11:35:27.282+0800: 2521.519: [GC (Allocation Failure) [PSYoungGen: 1047248K->720K(1047552K)] 1326881K->280361K(1434624K), 0.0087055 secs] [Times: user=0.02 sys=0.00, real=0.00 secs] 
2024-07-05T11:35:28.234+0800: 2522.471: [GC (Allocation Failure) [PSYoungGen: 1047248K->704K(1047552K)] 1326889K->280353K(1434624K), 0.0075379 secs] [Times: user=0.01 sys=0.00, real=0.01 secs] 
2024-07-05T11:35:29.095+0800: 2523.332: [GC (Allocation Failure) [PSYoungGen: 1047232K->688K(1047552K)] 1326881K->280345K(1434624K), 0.0066776 secs] [Times: user=0.01 sys=0.00, real=0.01 secs] 
2024-07-05T11:35:29.958+0800: 2524.195: [GC (Allocation Failure) [PSYoungGen: 1047216K->704K(1047552K)] 1326873K->280369K(1434624K), 0.0082268 secs] [Times: user=0.01 sys=0.00, real=0.01 secs] 
2024-07-05T11:35:30.898+0800: 2525.135: [GC (Allocation Failure) [PSYoungGen: 1047232K->688K(1047552K)] 1326897K->280361K(1434624K), 0.0068058 secs] [Times: user=0.01 sys=0.00, real=0.01 secs] 
2024-07-05T11:35:31.730+0800: 2525.967: [GC (Allocation Failure) [PSYoungGen: 1047216K->752K(1047552K)] 1326889K->280433K(1434624K), 0.0081338 secs] [Times: user=0.01 sys=0.00, real=0.01 secs] 
2024-07-05T11:35:32.750+0800: 2526.987: [GC (Allocation Failure) [PSYoungGen: 1047280K->720K(1047552K)] 1326961K->280409K(1434624K), 0.0057550 secs] [Times: user=0.01 sys=0.00, real=0.01 secs] 
2024-07-05T11:35:33.834+0800: 2528.071: [GC (Allocation Failure) [PSYoungGen: 1047248K->672K(1047552K)] 1326937K->280369K(1434624K), 0.0086823 secs] [Times: user=0.01 sys=0.00, real=0.01 secs] 
2024-07-05T11:35:34.754+0800: 2528.991: [GC (Allocation Failure) [PSYoungGen: 1047200K->672K(1047552K)] 1326897K->280377K(1434624K), 0.0058548 secs] [Times: user=0.01 sys=0.00, real=0.00 secs] 
2024-07-05T11:35:35.709+0800: 2529.946: [GC (Allocation Failure) [PSYoungGen: 1047200K->624K(1047552K)] 1326905K->280337K(1434624K), 0.0075078 secs] [Times: user=0.01 sys=0.00, real=0.01 secs] 
2024-07-05T11:35:36.544+0800: 2530.781: [GC (Allocation Failure) [PSYoungGen: 1047152K->704K(1047552K)] 1326865K->280425K(1434624K), 0.0051234 secs] [Times: user=0.00 sys=0.00, real=0.00 secs] 
2024-07-05T11:35:37.368+0800: 2531.605: [GC (Allocation Failure) [PSYoungGen: 1047232K->672K(1047552K)] 1326953K->280401K(1434624K), 0.0055349 secs] [Times: user=0.00 sys=0.00, real=0.01 secs] 
2024-07-05T11:35:38.222+0800: 2532.459: [GC (Allocation Failure) [PSYoungGen: 1047200K->672K(1047552K)] 1326929K->280409K(1434624K), 0.0096999 secs] [Times: user=0.01 sys=0.00, real=0.00 secs] 
2024-07-05T11:35:39.224+0800: 2533.461: [GC (Allocation Failure) [PSYoungGen: 1047200K->672K(1047552K)] 1326937K->280417K(1434624K), 0.0059233 secs] [Times: user=0.01 sys=0.00, real=0.00 secs] 
2024-07-05T11:35:40.111+0800: 2534.348: [GC (Allocation Failure) [PSYoungGen: 1047200K->672K(1047552K)] 1326945K->280425K(1434624K), 0.0082581 secs] [Times: user=0.01 sys=0.00, real=0.01 secs] 
2024-07-05T11:35:40.962+0800: 2535.199: [GC (Allocation Failure) [PSYoungGen: 1047200K->688K(1047552K)] 1326953K->280449K(1434624K), 0.0054709 secs] [Times: user=0.01 sys=0.00, real=0.00 secs] 
2024-07-05T11:35:41.773+0800: 2536.010: [GC (Allocation Failure) [PSYoungGen: 1047216K->672K(1047552K)] 1326977K->280441K(1434624K), 0.0057486 secs] [Times: user=0.01 sys=0.00, real=0.01 secs] 
2024-07-05T11:35:42.736+0800: 2536.972: [GC (Allocation Failure) [PSYoungGen: 1047200K->736K(1047552K)] 1326969K->280513K(1434624K), 0.0072611 secs] [Times: user=0.01 sys=0.00, real=0.01 secs] 
2024-07-05T11:35:43.768+0800: 2538.005: [GC (Allocation Failure) [PSYoungGen: 1047264K->704K(1047552K)] 1327041K->280489K(1434624K), 0.0055163 secs] [Times: user=0.00 sys=0.00, real=0.01 secs] 
2024-07-05T11:35:44.642+0800: 2538.879: [GC (Allocation Failure) [PSYoungGen: 1047232K->672K(1047552K)] 1327017K->280465K(1434624K), 0.0059587 secs] [Times: user=0.01 sys=0.00, real=0.00 secs] 
2024-07-05T11:35:45.582+0800: 2539.819: [GC (Allocation Failure) [PSYoungGen: 1047200K->672K(1047552K)] 1326993K->280473K(1434624K), 0.0065309 secs] [Times: user=0.01 sys=0.00, real=0.00 secs] 
2024-07-05T11:35:46.526+0800: 2540.763: [GC (Allocation Failure) [PSYoungGen: 1047200K->688K(1047552K)] 1327001K->280497K(1434624K), 0.0086038 secs] [Times: user=0.01 sys=0.00, real=0.01 secs] 
2024-07-05T11:35:47.398+0800: 2541.635: [GC (Allocation Failure) [PSYoungGen: 1047216K->720K(1047552K)] 1327025K->280537K(1434624K), 0.0055404 secs] [Times: user=0.01 sys=0.00, real=0.01 secs] 
2024-07-05T11:35:48.314+0800: 2542.551: [GC (Allocation Failure) [PSYoungGen: 1047248K->720K(1047552K)] 1327065K->280545K(1434624K), 0.0055403 secs] [Times: user=0.01 sys=0.00, real=0.00 secs] 
2024-07-05T11:35:49.245+0800: 2543.482: [GC (Allocation Failure) [PSYoungGen: 1047248K->672K(1047552K)] 1327073K->280513K(1434624K), 0.0056589 secs] [Times: user=0.00 sys=0.00, real=0.00 secs] 
2024-07-05T11:35:50.104+0800: 2544.340: [GC (Allocation Failure) [PSYoungGen: 1047200K->736K(1047552K)] 1327041K->280585K(1434624K), 0.0074581 secs] [Times: user=0.01 sys=0.00, real=0.00 secs] 
2024-07-05T11:35:51.005+0800: 2545.242: [GC (Allocation Failure) [PSYoungGen: 1047264K->704K(1047552K)] 1327113K->280561K(1434624K), 0.0052977 secs] [Times: user=0.00 sys=0.00, real=0.00 secs] 
2024-07-05T11:35:51.822+0800: 2546.059: [GC (Allocation Failure) [PSYoungGen: 1047232K->704K(1047552K)] 1327089K->280569K(1434624K), 0.0052259 secs] [Times: user=0.01 sys=0.00, real=0.00 secs] 
2024-07-05T11:35:52.685+0800: 2546.921: [GC (Allocation Failure) [PSYoungGen: 1047232K->672K(1047552K)] 1327097K->280545K(1434624K), 0.0055055 secs] [Times: user=0.01 sys=0.00, real=0.00 secs] 
2024-07-05T11:35:53.543+0800: 2547.780: [GC (Allocation Failure) [PSYoungGen: 1047200K->672K(1047552K)] 1327073K->280553K(1434624K), 0.0059544 secs] [Times: user=0.01 sys=0.00, real=0.00 secs] 
2024-07-05T11:35:54.366+0800: 2548.603: [GC (Allocation Failure) [PSYoungGen: 1047200K->688K(1047552K)] 1327081K->280577K(1434624K), 0.0078170 secs] [Times: user=0.01 sys=0.00, real=0.01 secs] 
2024-07-05T11:35:55.198+0800: 2549.435: [GC (Allocation Failure) [PSYoungGen: 1047216K->704K(1047552K)] 1327105K->280601K(1434624K), 0.0053249 secs] [Times: user=0.01 sys=0.00, real=0.01 secs] 
2024-07-05T11:35:56.073+0800: 2550.310: [GC (Allocation Failure) [PSYoungGen: 1047232K->656K(1047552K)] 1327129K->280561K(1434624K), 0.0055045 secs] [Times: user=0.01 sys=0.00, real=0.01 secs] 
2024-07-05T11:35:56.883+0800: 2551.120: [GC (Allocation Failure) [PSYoungGen: 1047184K->688K(1047552K)] 1327089K->280601K(1434624K), 0.0064651 secs] [Times: user=0.01 sys=0.00, real=0.00 secs] 
2024-07-05T11:35:57.736+0800: 2551.973: [GC (Allocation Failure) [PSYoungGen: 1047216K->704K(1047552K)] 1327129K->280625K(1434624K), 0.0059197 secs] [Times: user=0.01 sys=0.00, real=0.01 secs] 
2024-07-05T11:35:58.567+0800: 2552.804: [GC (Allocation Failure) [PSYoungGen: 1047232K->704K(1047552K)] 1327153K->280633K(1434624K), 0.0055099 secs] [Times: user=0.01 sys=0.00, real=0.00 secs] 
2024-07-05T11:35:59.440+0800: 2553.677: [GC (Allocation Failure) [PSYoungGen: 1047232K->704K(1047552K)] 1327161K->280641K(1434624K), 0.0059498 secs] [Times: user=0.01 sys=0.00, real=0.01 secs] 
2024-07-05T11:36:00.436+0800: 2554.673: [GC (Allocation Failure) [PSYoungGen: 1047232K->704K(1047552K)] 1327169K->280649K(1434624K), 0.0065798 secs] [Times: user=0.01 sys=0.00, real=0.01 secs] 
2024-07-05T11:36:01.419+0800: 2555.656: [GC (Allocation Failure) [PSYoungGen: 1047232K->704K(1047552K)] 1327177K->280657K(1434624K), 0.0052604 secs] [Times: user=0.01 sys=0.00, real=0.01 secs] 
2024-07-05T11:36:02.385+0800: 2556.622: [GC (Allocation Failure) [PSYoungGen: 1047232K->736K(1047552K)] 1327185K->280697K(1434624K), 0.0061914 secs] [Times: user=0.01 sys=0.00, real=0.00 secs] 
2024-07-05T11:36:03.538+0800: 2557.775: [GC (Allocation Failure) [PSYoungGen: 1047264K->688K(1047552K)] 1327225K->280657K(1434624K), 0.0077181 secs] [Times: user=0.01 sys=0.00, real=0.01 secs] 
2024-07-05T11:36:04.494+0800: 2558.731: [GC (Allocation Failure) [PSYoungGen: 1047216K->704K(1047552K)] 1327185K->280681K(1434624K), 0.0079951 secs] [Times: user=0.01 sys=0.00, real=0.01 secs] 
2024-07-05T11:36:05.372+0800: 2559.609: [GC (Allocation Failure) [PSYoungGen: 1047232K->656K(1047552K)] 1327209K->280641K(1434624K), 0.0057595 secs] [Times: user=0.01 sys=0.00, real=0.01 secs] 
2024-07-05T11:36:06.274+0800: 2560.511: [GC (Allocation Failure) [PSYoungGen: 1047184K->672K(1047552K)] 1327169K->280665K(1434624K), 0.0071831 secs] [Times: user=0.01 sys=0.00, real=0.00 secs] 
2024-07-05T11:36:07.132+0800: 2561.369: [GC (Allocation Failure) [PSYoungGen: 1047200K->704K(1047552K)] 1327193K->280705K(1434624K), 0.0059227 secs] [Times: user=0.01 sys=0.00, real=0.01 secs] 
2024-07-05T11:36:08.006+0800: 2562.243: [GC (Allocation Failure) [PSYoungGen: 1047232K->720K(1047552K)] 1327233K->280729K(1434624K), 0.0074457 secs] [Times: user=0.01 sys=0.00, real=0.01 secs] 
2024-07-05T11:36:08.909+0800: 2563.146: [GC (Allocation Failure) [PSYoungGen: 1047248K->672K(1047552K)] 1327257K->280689K(1434624K), 0.0086351 secs] [Times: user=0.01 sys=0.00, real=0.01 secs] 
2024-07-05T11:36:09.779+0800: 2564.015: [GC (Allocation Failure) [PSYoungGen: 1047200K->688K(1047552K)] 1327217K->280713K(1434624K), 0.0069666 secs] [Times: user=0.01 sys=0.00, real=0.01 secs] 
2024-07-05T11:36:10.668+0800: 2564.905: [GC (Allocation Failure) [PSYoungGen: 1047216K->704K(1047552K)] 1327241K->280737K(1434624K), 0.0088783 secs] [Times: user=0.01 sys=0.00, real=0.01 secs] 
2024-07-05T11:36:11.513+0800: 2565.750: [GC (Allocation Failure) [PSYoungGen: 1047232K->688K(1047552K)] 1327265K->280729K(1434624K), 0.0073927 secs] [Times: user=0.01 sys=0.00, real=0.00 secs] 
2024-07-05T11:36:12.358+0800: 2566.595: [GC (Allocation Failure) [PSYoungGen: 1047216K->768K(1047552K)] 1327257K->280817K(1434624K), 0.0051883 secs] [Times: user=0.01 sys=0.00, real=0.01 secs] 
2024-07-05T11:36:13.250+0800: 2567.487: [GC (Allocation Failure) [PSYoungGen: 1047296K->752K(1047552K)] 1327345K->280809K(1434624K), 0.0070578 secs] [Times: user=0.01 sys=0.00, real=0.01 secs] 
2024-07-05T11:36:14.097+0800: 2568.334: [GC (Allocation Failure) [PSYoungGen: 1047280K->672K(1047552K)] 1327337K->280737K(1434624K), 0.0082117 secs] [Times: user=0.01 sys=0.00, real=0.01 secs] 
2024-07-05T11:36:14.911+0800: 2569.148: [GC (Allocation Failure) [PSYoungGen: 1047200K->672K(1047552K)] 1327265K->280745K(1434624K), 0.0089311 secs] [Times: user=0.02 sys=0.00, real=0.01 secs] 
2024-07-05T11:36:15.812+0800: 2570.049: [GC (Allocation Failure) [PSYoungGen: 1047200K->704K(1047552K)] 1327273K->280785K(1434624K), 0.0095667 secs] [Times: user=0.01 sys=0.00, real=0.02 secs] 
2024-07-05T11:36:16.682+0800: 2570.919: [GC (Allocation Failure) [PSYoungGen: 1047232K->640K(1047552K)] 1327313K->280737K(1434624K), 0.0081681 secs] [Times: user=0.01 sys=0.00, real=0.00 secs] 
2024-07-05T11:36:17.577+0800: 2571.814: [GC (Allocation Failure) [PSYoungGen: 1047168K->736K(1047552K)] 1327265K->280841K(1434624K), 0.0056644 secs] [Times: user=0.01 sys=0.00, real=0.01 secs] 
2024-07-05T11:36:18.466+0800: 2572.703: [GC (Allocation Failure) [PSYoungGen: 1047264K->704K(1047552K)] 1327369K->280817K(1434624K), 0.0092887 secs] [Times: user=0.01 sys=0.00, real=0.01 secs] 
2024-07-05T11:36:19.330+0800: 2573.567: [GC (Allocation Failure) [PSYoungGen: 1047232K->672K(1047552K)] 1327345K->280793K(1434624K), 0.0054368 secs] [Times: user=0.01 sys=0.00, real=0.01 secs] 
2024-07-05T11:36:20.211+0800: 2574.448: [GC (Allocation Failure) [PSYoungGen: 1047200K->720K(1047552K)] 1327321K->280857K(1434624K), 0.0083682 secs] [Times: user=0.01 sys=0.00, real=0.01 secs] 
2024-07-05T11:36:21.098+0800: 2575.335: [GC (Allocation Failure) [PSYoungGen: 1047248K->704K(1047552K)] 1327385K->280849K(1434624K), 0.0064830 secs] [Times: user=0.01 sys=0.00, real=0.01 secs] 
2024-07-05T11:36:21.974+0800: 2576.211: [GC (Allocation Failure) [PSYoungGen: 1047232K->672K(1047552K)] 1327377K->280825K(1434624K), 0.0070315 secs] [Times: user=0.01 sys=0.00, real=0.00 secs] 
2024-07-05T11:36:22.946+0800: 2577.183: [GC (Allocation Failure) [PSYoungGen: 1047200K->720K(1047552K)] 1327353K->280881K(1434624K), 0.0058852 secs] [Times: user=0.01 sys=0.00, real=0.00 secs] 
2024-07-05T11:36:23.883+0800: 2578.120: [GC (Allocation Failure) [PSYoungGen: 1047248K->704K(1047552K)] 1327409K->280873K(1434624K), 0.0068600 secs] [Times: user=0.01 sys=0.00, real=0.00 secs] 
2024-07-05T11:36:24.746+0800: 2578.983: [GC (Allocation Failure) [PSYoungGen: 1047232K->736K(1047552K)] 1327401K->280913K(1434624K), 0.0063365 secs] [Times: user=0.01 sys=0.00, real=0.00 secs] 
2024-07-05T11:36:25.554+0800: 2579.791: [GC (Allocation Failure) [PSYoungGen: 1047264K->704K(1047552K)] 1327441K->280889K(1434624K), 0.0086449 secs] [Times: user=0.01 sys=0.00, real=0.01 secs] 
2024-07-05T11:36:26.477+0800: 2580.714: [GC (Allocation Failure) [PSYoungGen: 1047232K->704K(1047552K)] 1327417K->280905K(1434624K), 0.0055606 secs] [Times: user=0.01 sys=0.00, real=0.01 secs] 
2024-07-05T11:36:27.329+0800: 2581.566: [GC (Allocation Failure) [PSYoungGen: 1047232K->704K(1047552K)] 1327433K->280913K(1434624K), 0.0073107 secs] [Times: user=0.01 sys=0.00, real=0.01 secs] 
2024-07-05T11:36:28.202+0800: 2582.439: [GC (Allocation Failure) [PSYoungGen: 1047232K->704K(1047552K)] 1327441K->280921K(1434624K), 0.0076712 secs] [Times: user=0.01 sys=0.00, real=0.00 secs] 
2024-07-05T11:36:29.097+0800: 2583.334: [GC (Allocation Failure) [PSYoungGen: 1047232K->704K(1047552K)] 1327449K->280929K(1434624K), 0.0077755 secs] [Times: user=0.01 sys=0.00, real=0.01 secs] 
2024-07-05T11:36:29.909+0800: 2584.146: [GC (Allocation Failure) [PSYoungGen: 1047232K->704K(1047552K)] 1327457K->280937K(1434624K), 0.0056742 secs] [Times: user=0.01 sys=0.00, real=0.01 secs] 
2024-07-05T11:36:30.874+0800: 2585.111: [GC (Allocation Failure) [PSYoungGen: 1047232K->656K(1047552K)] 1327465K->280897K(1434624K), 0.0083914 secs] [Times: user=0.01 sys=0.00, real=0.01 secs] 
2024-07-05T11:36:31.706+0800: 2585.943: [GC (Allocation Failure) [PSYoungGen: 1047184K->704K(1047552K)] 1327425K->280953K(1434624K), 0.0080533 secs] [Times: user=0.01 sys=0.00, real=0.01 secs] 
2024-07-05T11:36:32.658+0800: 2586.895: [GC (Allocation Failure) [PSYoungGen: 1047232K->688K(1047552K)] 1327481K->280945K(1434624K), 0.0085085 secs] [Times: user=0.01 sys=0.00, real=0.01 secs] 
2024-07-05T11:36:33.518+0800: 2587.755: [GC (Allocation Failure) [PSYoungGen: 1047216K->672K(1047552K)] 1327473K->280937K(1434624K), 0.0080516 secs] [Times: user=0.01 sys=0.00, real=0.01 secs] 
2024-07-05T11:36:34.362+0800: 2588.599: [GC (Allocation Failure) [PSYoungGen: 1047200K->672K(1047552K)] 1327465K->280945K(1434624K), 0.0082152 secs] [Times: user=0.01 sys=0.00, real=0.00 secs] 
2024-07-05T11:36:35.214+0800: 2589.451: [GC (Allocation Failure) [PSYoungGen: 1047200K->672K(1047552K)] 1327473K->280953K(1434624K), 0.0090617 secs] [Times: user=0.02 sys=0.00, real=0.01 secs] 
2024-07-05T11:36:36.042+0800: 2590.279: [GC (Allocation Failure) [PSYoungGen: 1047200K->736K(1047552K)] 1327481K->281025K(1434624K), 0.0073077 secs] [Times: user=0.01 sys=0.00, real=0.00 secs] 
2024-07-05T11:36:36.866+0800: 2591.103: [GC (Allocation Failure) [PSYoungGen: 1047264K->720K(1047552K)] 1327553K->281017K(1434624K), 0.0075976 secs] [Times: user=0.01 sys=0.00, real=0.01 secs] 
2024-07-05T11:36:37.682+0800: 2591.919: [GC (Allocation Failure) [PSYoungGen: 1047248K->704K(1047552K)] 1327545K->281009K(1434624K), 0.0072338 secs] [Times: user=0.01 sys=0.00, real=0.00 secs] 
2024-07-05T11:36:38.519+0800: 2592.756: [GC (Allocation Failure) [PSYoungGen: 1047232K->752K(1047552K)] 1327537K->281065K(1434624K), 0.0054338 secs] [Times: user=0.01 sys=0.00, real=0.01 secs] 
2024-07-05T11:36:39.456+0800: 2593.693: [GC (Allocation Failure) [PSYoungGen: 1047280K->704K(1047552K)] 1327593K->281025K(1434624K), 0.0055887 secs] [Times: user=0.01 sys=0.00, real=0.01 secs] 
2024-07-05T11:36:40.283+0800: 2594.520: [GC (Allocation Failure) [PSYoungGen: 1047232K->672K(1047552K)] 1327553K->281001K(1434624K), 0.0070586 secs] [Times: user=0.01 sys=0.00, real=0.00 secs] 
2024-07-05T11:36:41.147+0800: 2595.384: [GC (Allocation Failure) [PSYoungGen: 1047200K->720K(1047552K)] 1327529K->281057K(1434624K), 0.0083977 secs] [Times: user=0.01 sys=0.00, real=0.01 secs] 
2024-07-05T11:36:41.991+0800: 2596.228: [GC (Allocation Failure) [PSYoungGen: 1047248K->704K(1047552K)] 1327585K->281049K(1434624K), 0.0064329 secs] [Times: user=0.01 sys=0.00, real=0.01 secs] 
2024-07-05T11:36:42.825+0800: 2597.062: [GC (Allocation Failure) [PSYoungGen: 1047232K->672K(1047552K)] 1327577K->281025K(1434624K), 0.0071125 secs] [Times: user=0.00 sys=0.00, real=0.00 secs] 
2024-07-05T11:36:43.702+0800: 2597.939: [GC (Allocation Failure) [PSYoungGen: 1047200K->704K(1047552K)] 1327553K->281065K(1434624K), 0.0087937 secs] [Times: user=0.01 sys=0.00, real=0.00 secs] 
2024-07-05T11:36:44.549+0800: 2598.785: [GC (Allocation Failure) [PSYoungGen: 1047232K->688K(1047552K)] 1327593K->281057K(1434624K), 0.0054587 secs] [Times: user=0.01 sys=0.00, real=0.01 secs] 
2024-07-05T11:36:45.394+0800: 2599.631: [GC (Allocation Failure) [PSYoungGen: 1047216K->736K(1047552K)] 1327585K->281113K(1434624K), 0.0053040 secs] [Times: user=0.01 sys=0.00, real=0.00 secs] 
2024-07-05T11:36:46.254+0800: 2600.491: [GC (Allocation Failure) [PSYoungGen: 1047264K->736K(1047552K)] 1327641K->281121K(1434624K), 0.0085724 secs] [Times: user=0.01 sys=0.00, real=0.01 secs] 
2024-07-05T11:36:47.134+0800: 2601.371: [GC (Allocation Failure) [PSYoungGen: 1047264K->656K(1047552K)] 1327649K->281049K(1434624K), 0.0094808 secs] [Times: user=0.01 sys=0.00, real=0.01 secs] 
2024-07-05T11:36:47.998+0800: 2602.235: [GC (Allocation Failure) [PSYoungGen: 1047184K->736K(1047552K)] 1327577K->281137K(1434624K), 0.0055950 secs] [Times: user=0.01 sys=0.01, real=0.01 secs] 
2024-07-05T11:36:48.829+0800: 2603.066: [GC (Allocation Failure) [PSYoungGen: 1047264K->704K(1047552K)] 1327665K->281113K(1434624K), 0.0054480 secs] [Times: user=0.01 sys=0.00, real=0.01 secs] 
2024-07-05T11:36:49.795+0800: 2604.032: [GC (Allocation Failure) [PSYoungGen: 1047232K->672K(1047552K)] 1327641K->281089K(1434624K), 0.0072559 secs] [Times: user=0.02 sys=0.00, real=0.01 secs] 
2024-07-05T11:36:50.672+0800: 2604.908: [GC (Allocation Failure) [PSYoungGen: 1047200K->704K(1047552K)] 1327617K->281137K(1434624K), 0.0056288 secs] [Times: user=0.01 sys=0.00, real=0.01 secs] 
2024-07-05T11:36:51.601+0800: 2605.838: [GC (Allocation Failure) [PSYoungGen: 1047232K->688K(1047552K)] 1327665K->281137K(1434624K), 0.0061776 secs] [Times: user=0.01 sys=0.00, real=0.01 secs] 
2024-07-05T11:36:52.462+0800: 2606.699: [GC (Allocation Failure) [PSYoungGen: 1047216K->704K(1047552K)] 1327665K->281161K(1434624K), 0.0106443 secs] [Times: user=0.01 sys=0.00, real=0.00 secs] 
2024-07-05T11:36:53.306+0800: 2607.543: [GC (Allocation Failure) [PSYoungGen: 1047232K->672K(1047552K)] 1327689K->281137K(1434624K), 0.0053564 secs] [Times: user=0.01 sys=0.00, real=0.00 secs] 
2024-07-05T11:36:54.138+0800: 2608.375: [GC (Allocation Failure) [PSYoungGen: 1047200K->672K(1047552K)] 1327665K->281145K(1434624K), 0.0081598 secs] [Times: user=0.01 sys=0.00, real=0.01 secs] 
2024-07-05T11:36:54.999+0800: 2609.235: [GC (Allocation Failure) [PSYoungGen: 1047200K->688K(1047552K)] 1327673K->281169K(1434624K), 0.0056864 secs] [Times: user=0.01 sys=0.00, real=0.01 secs] 
2024-07-05T11:36:55.906+0800: 2610.143: [GC (Allocation Failure) [PSYoungGen: 1047216K->720K(1047552K)] 1327697K->281209K(1434624K), 0.0102322 secs] [Times: user=0.01 sys=0.00, real=0.01 secs] 
2024-07-05T11:36:56.730+0800: 2610.967: [GC (Allocation Failure) [PSYoungGen: 1047248K->704K(1047552K)] 1327737K->281201K(1434624K), 0.0078113 secs] [Times: user=0.01 sys=0.00, real=0.01 secs] 
2024-07-05T11:36:57.602+0800: 2611.839: [GC (Allocation Failure) [PSYoungGen: 1047232K->672K(1047552K)] 1327729K->281177K(1434624K), 0.0054373 secs] [Times: user=0.01 sys=0.00, real=0.00 secs] 
2024-07-05T11:36:58.409+0800: 2612.646: [GC (Allocation Failure) [PSYoungGen: 1047200K->704K(1047552K)] 1327705K->281217K(1434624K), 0.0069064 secs] [Times: user=0.01 sys=0.00, real=0.01 secs] 
2024-07-05T11:36:59.250+0800: 2613.487: [GC (Allocation Failure) [PSYoungGen: 1047232K->688K(1047552K)] 1327745K->281209K(1434624K), 0.0079752 secs] [Times: user=0.01 sys=0.00, real=0.01 secs] 
2024-07-05T11:37:00.120+0800: 2614.357: [GC (Allocation Failure) [PSYoungGen: 1047216K->624K(1047552K)] 1327737K->281153K(1434624K), 0.0058634 secs] [Times: user=0.01 sys=0.00, real=0.01 secs] 
2024-07-05T11:37:18.255+0800: 2632.492: [GC (Allocation Failure) [PSYoungGen: 1047152K->1008K(1047552K)] 1327681K->281593K(1434624K), 0.0052038 secs] [Times: user=0.01 sys=0.00, real=0.00 secs] 
2024-07-05T11:37:34.332+0800: 2648.569: [GC (Allocation Failure) [PSYoungGen: 1047536K->816K(1047552K)] 1328121K->281409K(1434624K), 0.0037674 secs] [Times: user=0.01 sys=0.00, real=0.01 secs] 
2024-07-05T11:37:50.913+0800: 2665.150: [GC (Allocation Failure) [PSYoungGen: 1047344K->816K(1047552K)] 1327937K->281417K(1434624K), 0.0055503 secs] [Times: user=0.00 sys=0.00, real=0.00 secs] 
2024-07-05T11:38:08.390+0800: 2682.627: [GC (Allocation Failure) [PSYoungGen: 1047344K->816K(1047552K)] 1327945K->281433K(1434624K), 0.0052723 secs] [Times: user=0.00 sys=0.00, real=0.01 secs] 
2024-07-05T11:38:25.227+0800: 2699.464: [GC (Allocation Failure) [PSYoungGen: 1047344K->816K(1047552K)] 1327961K->281449K(1434624K), 0.0037247 secs] [Times: user=0.00 sys=0.00, real=0.00 secs] 
2024-07-05T11:38:41.943+0800: 2716.180: [GC (Allocation Failure) [PSYoungGen: 1047344K->800K(1047552K)] 1327977K->281441K(1434624K), 0.0039104 secs] [Times: user=0.01 sys=0.00, real=0.00 secs] 
2024-07-05T11:38:58.852+0800: 2733.089: [GC (Allocation Failure) [PSYoungGen: 1047328K->816K(1047552K)] 1327969K->281465K(1434624K), 0.0039983 secs] [Times: user=0.00 sys=0.00, real=0.01 secs] 
2024-07-05T11:39:15.610+0800: 2749.847: [GC (Allocation Failure) [PSYoungGen: 1047344K->800K(1047552K)] 1327993K->281457K(1434624K), 0.0056314 secs] [Times: user=0.00 sys=0.00, real=0.01 secs] 
2024-07-05T11:39:31.934+0800: 2766.171: [GC (Allocation Failure) [PSYoungGen: 1047328K->832K(1047552K)] 1327985K->281497K(1434624K), 0.0035713 secs] [Times: user=0.01 sys=0.00, real=0.00 secs] 
2024-07-05T11:39:48.286+0800: 2782.523: [GC (Allocation Failure) [PSYoungGen: 1047360K->832K(1047552K)] 1328025K->281505K(1434624K), 0.0044246 secs] [Times: user=0.01 sys=0.00, real=0.00 secs] 
2024-07-05T11:40:04.816+0800: 2799.053: [GC (Allocation Failure) [PSYoungGen: 1047360K->832K(1047552K)] 1328033K->281513K(1434624K), 0.0037097 secs] [Times: user=0.00 sys=0.00, real=0.00 secs] 
2024-07-05T11:40:21.125+0800: 2815.362: [GC (Allocation Failure) [PSYoungGen: 1047360K->800K(1047552K)] 1328041K->281489K(1434624K), 0.0036157 secs] [Times: user=0.00 sys=0.00, real=0.00 secs] 
2024-07-05T11:40:37.734+0800: 2831.971: [GC (Allocation Failure) [PSYoungGen: 1047328K->800K(1047552K)] 1328017K->281497K(1434624K), 0.0040078 secs] [Times: user=0.01 sys=0.00, real=0.00 secs] 
2024-07-05T11:40:54.112+0800: 2848.349: [GC (Allocation Failure) [PSYoungGen: 1047328K->832K(1047552K)] 1328025K->281537K(1434624K), 0.0035346 secs] [Times: user=0.01 sys=0.00, real=0.01 secs] 
2024-07-05T11:41:10.503+0800: 2864.740: [GC (Allocation Failure) [PSYoungGen: 1047360K->800K(1047552K)] 1328065K->281537K(1434624K), 0.0044030 secs] [Times: user=0.01 sys=0.00, real=0.00 secs] 
2024-07-05T11:41:27.067+0800: 2881.304: [GC (Allocation Failure) [PSYoungGen: 1047328K->368K(1047552K)] 1328065K->281393K(1434624K), 0.0052802 secs] [Times: user=0.01 sys=0.00, real=0.00 secs] 
2024-07-05T11:41:43.529+0800: 2897.766: [GC (Allocation Failure) [PSYoungGen: 1046896K->528K(1047552K)] 1327921K->281561K(1434624K), 0.0047306 secs] [Times: user=0.00 sys=0.01, real=0.01 secs] 
2024-07-05T11:41:59.990+0800: 2914.227: [GC (Allocation Failure) [PSYoungGen: 1047056K->528K(1047552K)] 1328089K->281569K(1434624K), 0.0039706 secs] [Times: user=0.01 sys=0.00, real=0.01 secs] 
2024-07-05T11:42:16.293+0800: 2930.530: [GC (Allocation Failure) [PSYoungGen: 1047056K->560K(1047552K)] 1328097K->281617K(1434624K), 0.0032225 secs] [Times: user=0.01 sys=0.00, real=0.00 secs] 
2024-07-05T11:42:32.597+0800: 2946.834: [GC (Allocation Failure) [PSYoungGen: 1047088K->512K(1047552K)] 1328145K->281577K(1434624K), 0.0039276 secs] [Times: user=0.00 sys=0.00, real=0.01 secs] 
2024-07-05T11:42:48.830+0800: 2963.067: [GC (Allocation Failure) [PSYoungGen: 1047040K->512K(1047552K)] 1328105K->281585K(1434624K), 0.0055494 secs] [Times: user=0.01 sys=0.00, real=0.01 secs] 
2024-07-05T11:43:05.305+0800: 2979.542: [GC (Allocation Failure) [PSYoungGen: 1039920K->192K(1046528K)] 1320993K->379577K(1433600K), 0.0583728 secs] [Times: user=0.06 sys=0.06, real=0.06 secs] 
2024-07-05T11:43:05.364+0800: 2979.601: [Full GC (Ergonomics) [PSYoungGen: 192K->0K(1046528K)] [ParOldGen: 379385K->276253K(443392K)] 379577K->276253K(1489920K), [Metaspace: 22775K->22756K(1071104K)], 0.1754154 secs] [Times: user=0.31 sys=0.00, real=0.17 secs] 
2024-07-05T11:43:33.035+0800: 3007.272: [GC (Allocation Failure) [PSYoungGen: 1026922K->128K(1047040K)] 1303176K->276381K(1490432K), 0.0029583 secs] [Times: user=0.01 sys=0.00, real=0.00 secs] 
2024-07-05T11:44:00.330+0800: 3034.567: [GC (Allocation Failure) [PSYoungGen: 1030166K->64K(1047040K)] 1306420K->276317K(1490432K), 0.0031489 secs] [Times: user=0.01 sys=0.00, real=0.00 secs] 
2024-07-05T11:44:28.038+0800: 3062.275: [GC (Allocation Failure) [PSYoungGen: 1032356K->112K(1047040K)] 1308610K->309133K(1490432K), 0.0093424 secs] [Times: user=0.02 sys=0.00, real=0.01 secs] 
2024-07-05T11:44:57.077+0800: 3091.314: [GC (Allocation Failure) [PSYoungGen: 1033854K->80K(1047040K)] 1342876K->309101K(1490432K), 0.0025734 secs] [Times: user=0.01 sys=0.00, real=0.00 secs] 
2024-07-05T11:45:21.387+0800: 3115.624: [GC (Allocation Failure) [PSYoungGen: 1028355K->112K(1047040K)] 1337377K->407437K(1490432K), 0.0546578 secs] [Times: user=0.05 sys=0.01, real=0.06 secs] 
2024-07-05T11:45:21.442+0800: 3115.679: [Full GC (Ergonomics) [PSYoungGen: 112K->0K(1047040K)] [ParOldGen: 407325K->308987K(537088K)] 407437K->308987K(1584128K), [Metaspace: 22769K->22769K(1071104K)], 0.0920458 secs] [Times: user=0.16 sys=0.00, real=0.09 secs] 
2024-07-05T11:45:49.265+0800: 3143.502: [GC (Allocation Failure) [PSYoungGen: 1032593K->64K(1047040K)] 1341581K->309051K(1584128K), 0.0020598 secs] [Times: user=0.00 sys=0.00, real=0.00 secs] 
2024-07-05T11:46:16.823+0800: 3171.060: [GC (Allocation Failure) [PSYoungGen: 1033982K->64K(1047040K)] 1342969K->309051K(1584128K), 0.0020766 secs] [Times: user=0.00 sys=0.00, real=0.00 secs] 
2024-07-05T11:46:44.223+0800: 3198.460: [GC (Allocation Failure) [PSYoungGen: 1034620K->96K(1047040K)] 1343607K->341851K(1584128K), 0.0083016 secs] [Times: user=0.01 sys=0.00, real=0.00 secs] 
2024-07-05T11:47:11.884+0800: 3226.121: [GC (Allocation Failure) [PSYoungGen: 1035293K->128K(1046016K)] 1377049K->341883K(1583104K), 0.0021715 secs] [Times: user=0.01 sys=0.00, real=0.00 secs] 
2024-07-05T11:47:39.235+0800: 3253.472: [GC (Allocation Failure) [PSYoungGen: 1035969K->128K(1046528K)] 1377724K->341883K(1583616K), 0.0023576 secs] [Times: user=0.00 sys=0.00, real=0.00 secs] 
2024-07-05T11:48:08.420+0800: 3282.657: [GC (Allocation Failure) [PSYoungGen: 1035921K->96K(1046528K)] 1377676K->341851K(1583616K), 0.0033466 secs] [Times: user=0.00 sys=0.00, real=0.01 secs] 
2024-07-05T11:48:36.412+0800: 3310.649: [GC (Allocation Failure) [PSYoungGen: 1036089K->112K(1047552K)] 1377844K->374635K(1584640K), 0.0083169 secs] [Times: user=0.01 sys=0.00, real=0.01 secs] 
2024-07-05T11:49:04.575+0800: 3338.812: [GC (Allocation Failure) [PSYoungGen: 1036484K->80K(1047552K)] 1411007K->374603K(1584640K), 0.0020753 secs] [Times: user=0.01 sys=0.00, real=0.00 secs] 
2024-07-05T11:49:34.225+0800: 3368.462: [GC (Allocation Failure) [PSYoungGen: 1046608K->1008K(958464K)] 1421131K->494884K(1495552K), 0.0400468 secs] [Times: user=0.02 sys=0.05, real=0.04 secs] 
2024-07-05T11:49:34.265+0800: 3368.502: [Full GC (Ergonomics) [PSYoungGen: 1008K->0K(958464K)] [ParOldGen: 493875K->330965K(587264K)] 494884K->330965K(1545728K), [Metaspace: 22792K->22792K(1071104K)], 0.0985218 secs] [Times: user=0.16 sys=0.01, real=0.10 secs] 
2024-07-05T11:50:05.288+0800: 3399.525: [GC (Allocation Failure) [PSYoungGen: 957440K->45564K(962048K)] 1288405K->431831K(1549312K), 0.0155536 secs] [Times: user=0.02 sys=0.00, real=0.02 secs] 
2024-07-05T11:50:34.871+0800: 3429.108: [GC (Allocation Failure) [PSYoungGen: 962044K->45051K(922624K)] 1348311K->475394K(1509888K), 0.0166570 secs] [Times: user=0.02 sys=0.00, real=0.02 secs] 
2024-07-05T11:51:02.415+0800: 3456.652: [GC (Allocation Failure) [PSYoungGen: 922619K->61435K(902144K)] 1352962K->534299K(1489408K), 0.0172274 secs] [Times: user=0.03 sys=0.00, real=0.01 secs] 
2024-07-05T11:51:29.305+0800: 3483.542: [GC (Allocation Failure) [PSYoungGen: 902139K->16880K(871424K)] 1375003K->609028K(1464320K), 0.0463385 secs] [Times: user=0.02 sys=0.07, real=0.04 secs] 
2024-07-05T11:51:29.352+0800: 3483.588: [Full GC (Ergonomics) [PSYoungGen: 16880K->0K(871424K)] [ParOldGen: 592148K->335798K(617984K)] 609028K->335798K(1489408K), [Metaspace: 22793K->22793K(1071104K)], 0.0974527 secs] [Times: user=0.17 sys=0.00, real=0.10 secs] 
2024-07-05T11:51:56.902+0800: 3511.139: [GC (Allocation Failure) [PSYoungGen: 854528K->69107K(887808K)] 1190326K->460079K(1505792K), 0.0197259 secs] [Times: user=0.03 sys=0.01, real=0.02 secs] 
2024-07-05T11:52:24.534+0800: 3538.771: [GC (Allocation Failure) [PSYoungGen: 887795K->52723K(837120K)] 1278767K->475710K(1455104K), 0.0144730 secs] [Times: user=0.02 sys=0.00, real=0.01 secs] 
2024-07-05T11:52:51.751+0800: 3565.988: [GC (Allocation Failure) [PSYoungGen: 837107K->74664K(826880K)] 1260094K->497652K(1444864K), 0.0137574 secs] [Times: user=0.02 sys=0.00, real=0.02 secs] 
2024-07-05T11:53:14.784+0800: 3589.021: [GC (Allocation Failure) [PSYoungGen: 826792K->55798K(777216K)] 1249780K->524962K(1395200K), 0.0159999 secs] [Times: user=0.03 sys=0.00, real=0.01 secs] 
2024-07-05T11:53:39.855+0800: 3614.092: [GC (Allocation Failure) [PSYoungGen: 777206K->97390K(790016K)] 1246370K->566555K(1408000K), 0.0179179 secs] [Times: user=0.03 sys=0.01, real=0.02 secs] 
2024-07-05T11:54:04.682+0800: 3638.919: [GC (Allocation Failure) [PSYoungGen: 789614K->129534K(793600K)] 1258779K->600492K(1411584K), 0.0229073 secs] [Times: user=0.03 sys=0.01, real=0.02 secs] 
2024-07-05T11:54:26.945+0800: 3661.182: [GC (Allocation Failure) [PSYoungGen: 793598K->133586K(771072K)] 1264556K->604544K(1389056K), 0.0197107 secs] [Times: user=0.03 sys=0.00, real=0.02 secs] 
2024-07-05T11:54:47.942+0800: 3682.179: [GC (Allocation Failure) [PSYoungGen: 771026K->108665K(770048K)] 1241984K->579624K(1388032K), 0.0160524 secs] [Times: user=0.03 sys=0.00, real=0.01 secs] 
2024-07-05T11:55:08.223+0800: 3702.460: [GC (Allocation Failure) [PSYoungGen: 720505K->124777K(712704K)] 1191464K->595735K(1330688K), 0.0193686 secs] [Times: user=0.03 sys=0.00, real=0.02 secs] 
2024-07-05T12:01:43.471+0800: 4097.708: [GC (Allocation Failure) [PSYoungGen: 710781K->91466K(720384K)] 1181739K->562424K(1338368K), 0.0137064 secs] [Times: user=0.02 sys=0.00, real=0.02 secs] 
2024-07-05T12:02:01.690+0800: 4115.927: [GC (Allocation Failure) [PSYoungGen: 651177K->40653K(583680K)] 1122135K->511611K(1201664K), 0.0120623 secs] [Times: user=0.01 sys=0.01, real=0.02 secs] 
2024-07-05T12:02:21.181+0800: 4135.418: [GC (Allocation Failure) [PSYoungGen: 574762K->9419K(678912K)] 1045721K->480377K(1296896K), 0.0047794 secs] [Times: user=0.00 sys=0.01, real=0.00 secs] 
2024-07-05T12:02:37.548+0800: 4151.785: [GC (Allocation Failure) [PSYoungGen: 518561K->9371K(511488K)] 989520K->480329K(1129472K), 0.0074175 secs] [Times: user=0.01 sys=0.00, real=0.01 secs] 
2024-07-05T12:02:53.808+0800: 4168.044: [GC (Allocation Failure) [PSYoungGen: 500615K->40653K(623616K)] 971574K->511611K(1241600K), 0.0112687 secs] [Times: user=0.02 sys=0.00, real=0.01 secs] 
2024-07-05T12:03:11.675+0800: 4185.912: [GC (Allocation Failure) [PSYoungGen: 518283K->9371K(474624K)] 989241K->480329K(1092608K), 0.0074197 secs] [Times: user=0.01 sys=0.00, real=0.01 secs] 
2024-07-05T12:03:28.057+0800: 4202.293: [GC (Allocation Failure) [PSYoungGen: 470238K->3237K(590336K)] 941196K->480353K(1208320K), 0.0052293 secs] [Times: user=0.00 sys=0.00, real=0.01 secs] 
2024-07-05T12:03:41.426+0800: 4215.663: [GC (Allocation Failure) [PSYoungGen: 441734K->34471K(466432K)] 918850K->511595K(1084416K), 0.0117491 secs] [Times: user=0.02 sys=0.00, real=0.01 secs] 
2024-07-05T12:03:57.649+0800: 4231.886: [GC (Allocation Failure) [PSYoungGen: 464662K->144K(548864K)] 941787K->477276K(1166848K), 0.0035654 secs] [Times: user=0.00 sys=0.00, real=0.00 secs] 
2024-07-05T12:04:10.728+0800: 4244.965: [GC (Allocation Failure) [PSYoungGen: 411222K->3237K(404992K)] 888355K->480377K(1022976K), 0.0043655 secs] [Times: user=0.00 sys=0.00, real=0.00 secs] 
2024-07-05T12:04:22.783+0800: 4257.020: [GC (Allocation Failure) [PSYoungGen: 391540K->34503K(498688K)] 868680K->511651K(1116672K), 0.0116780 secs] [Times: user=0.02 sys=0.01, real=0.01 secs] 
2024-07-05T12:04:37.526+0800: 4271.763: [GC (Allocation Failure) [PSYoungGen: 410759K->3253K(377344K)] 887907K->480409K(995328K), 0.0074233 secs] [Times: user=0.00 sys=0.00, real=0.01 secs] 
2024-07-05T12:04:49.890+0800: 4284.127: [GC (Allocation Failure) [PSYoungGen: 360220K->3253K(471040K)] 837376K->480417K(1089024K), 0.0046932 secs] [Times: user=0.01 sys=0.00, real=0.01 secs] 
2024-07-05T12:05:02.306+0800: 4296.543: [GC (Allocation Failure) [PSYoungGen: 362277K->3269K(352256K)] 839441K->480441K(970240K), 0.0054095 secs] [Times: user=0.01 sys=0.00, real=0.00 secs] 
2024-07-05T12:05:14.713+0800: 4308.950: [GC (Allocation Failure) [PSYoungGen: 340718K->34503K(433664K)] 817890K->511683K(1051648K), 0.0121684 secs] [Times: user=0.02 sys=0.00, real=0.01 secs] 
2024-07-05T12:05:27.590+0800: 4321.827: [GC (Allocation Failure) [PSYoungGen: 359877K->3253K(329216K)] 837057K->480457K(947200K), 0.0059158 secs] [Times: user=0.01 sys=0.00, real=0.01 secs] 
2024-07-05T12:05:38.809+0800: 4333.046: [GC (Allocation Failure) [PSYoungGen: 309012K->3237K(407040K)] 786216K->480449K(1025024K), 0.0046366 secs] [Times: user=0.01 sys=0.00, real=0.01 secs] 
2024-07-05T12:05:51.602+0800: 4345.839: [GC (Allocation Failure) [PSYoungGen: 308817K->3237K(308224K)] 786030K->480457K(926208K), 0.0042649 secs] [Times: user=0.01 sys=0.00, real=0.00 secs] 
2024-07-05T12:06:01.187+0800: 4355.423: [GC (Allocation Failure) [PSYoungGen: 307258K->50112K(392192K)] 784478K->527340K(1010176K), 0.0146720 secs] [Times: user=0.03 sys=0.00, real=0.02 secs] 
2024-07-05T12:06:11.234+0800: 4365.471: [GC (Allocation Failure) [PSYoungGen: 340201K->34487K(320512K)] 817429K->511723K(938496K), 0.0111456 secs] [Times: user=0.02 sys=0.00, real=0.01 secs] 
2024-07-05T12:06:20.792+0800: 4375.029: [GC (Allocation Failure) [PSYoungGen: 310310K->3253K(360448K)] 787546K->480497K(978432K), 0.0045194 secs] [Times: user=0.00 sys=0.00, real=0.01 secs] 
2024-07-05T12:06:29.432+0800: 4383.669: [GC (Allocation Failure) [PSYoungGen: 258027K->3237K(271360K)] 735271K->480489K(889344K), 0.0058676 secs] [Times: user=0.00 sys=0.01, real=0.01 secs] 
2024-07-05T12:06:39.170+0800: 4393.407: [GC (Allocation Failure) [PSYoungGen: 257723K->3253K(335872K)] 734976K->480513K(953856K), 0.0054411 secs] [Times: user=0.00 sys=0.00, real=0.01 secs] 
2024-07-05T12:06:49.405+0800: 4403.641: [GC (Allocation Failure) [PSYoungGen: 258638K->3221K(255488K)] 735898K->480497K(873472K), 0.0038676 secs] [Times: user=0.00 sys=0.00, real=0.00 secs] 
2024-07-05T12:06:59.518+0800: 4413.755: [GC (Allocation Failure) [PSYoungGen: 254625K->96K(313856K)] 731901K->477380K(931840K), 0.0037976 secs] [Times: user=0.00 sys=0.00, real=0.01 secs] 
2024-07-05T12:07:06.338+0800: 4420.575: [GC (Allocation Failure) [PSYoungGen: 238644K->34471K(271872K)] 715928K->511763K(889856K), 0.0103457 secs] [Times: user=0.02 sys=0.00, real=0.01 secs] 
2024-07-05T12:07:15.810+0800: 4430.047: [GC (Allocation Failure) [PSYoungGen: 258123K->3221K(297984K)] 735416K->480521K(915968K), 0.0036355 secs] [Times: user=0.00 sys=0.00, real=0.01 secs] 
2024-07-05T12:07:22.726+0800: 4436.963: [GC (Allocation Failure) [PSYoungGen: 207863K->3221K(227328K)] 685164K->480529K(845312K), 0.0039547 secs] [Times: user=0.00 sys=0.00, real=0.00 secs] 
2024-07-05T12:07:29.523+0800: 4443.760: [GC (Allocation Failure) [PSYoungGen: 207594K->3221K(278016K)] 684903K->480537K(896000K), 0.0048748 secs] [Times: user=0.01 sys=0.00, real=0.00 secs] 
2024-07-05T12:07:36.442+0800: 4450.679: [GC (Allocation Failure) [PSYoungGen: 207502K->3253K(215040K)] 684818K->480577K(833024K), 0.0064234 secs] [Times: user=0.01 sys=0.00, real=0.00 secs] 
2024-07-05T12:07:43.304+0800: 4457.541: [GC (Allocation Failure) [PSYoungGen: 207431K->3221K(259072K)] 684755K->480553K(877056K), 0.0040057 secs] [Times: user=0.00 sys=0.00, real=0.00 secs] 
2024-07-05T12:07:49.406+0800: 4463.643: [GC (Allocation Failure) [PSYoungGen: 208908K->1184K(201728K)] 686241K->478524K(819712K), 0.0033628 secs] [Times: user=0.01 sys=0.00, real=0.00 secs] 
2024-07-05T12:07:50.992+0800: 4465.229: [GC (Allocation Failure) [PSYoungGen: 201228K->1152K(243200K)] 678568K->478500K(861184K), 0.0037416 secs] [Times: user=0.00 sys=0.00, real=0.01 secs] 
2024-07-05T12:07:52.445+0800: 4466.682: [GC (Allocation Failure) [PSYoungGen: 196092K->1664K(192000K)] 673440K->479020K(809984K), 0.0036931 secs] [Times: user=0.00 sys=0.00, real=0.00 secs] 
2024-07-05T12:07:53.886+0800: 4468.123: [GC (Allocation Failure) [PSYoungGen: 191238K->1120K(226816K)] 668595K->478484K(844800K), 0.0050363 secs] [Times: user=0.01 sys=0.00, real=0.00 secs] 
2024-07-05T12:07:55.320+0800: 4469.557: [GC (Allocation Failure) [PSYoungGen: 185827K->1120K(181760K)] 663191K->478492K(799744K), 0.0054313 secs] [Times: user=0.00 sys=0.01, real=0.01 secs] 
2024-07-05T12:07:56.739+0800: 4470.975: [GC (Allocation Failure) [PSYoungGen: 181213K->1120K(211968K)] 658585K->478500K(829952K), 0.0055808 secs] [Times: user=0.01 sys=0.00, real=0.01 secs] 
2024-07-05T12:07:58.094+0800: 4472.331: [GC (Allocation Failure) [PSYoungGen: 176693K->1120K(172544K)] 654073K->478508K(790528K), 0.0050021 secs] [Times: user=0.01 sys=0.00, real=0.00 secs] 
2024-07-05T12:07:59.518+0800: 4473.755: [GC (Allocation Failure) [PSYoungGen: 171967K->1152K(215040K)] 649355K->478548K(833024K), 0.0058855 secs] [Times: user=0.01 sys=0.00, real=0.01 secs] 
2024-07-05T12:08:00.852+0800: 4475.089: [GC (Allocation Failure) [PSYoungGen: 174650K->1152K(212480K)] 652046K->478556K(830464K), 0.0034717 secs] [Times: user=0.01 sys=0.00, real=0.01 secs] 
2024-07-05T12:08:02.229+0800: 4476.466: [GC (Allocation Failure) [PSYoungGen: 174553K->1664K(215040K)] 651957K->479076K(833024K), 0.0048610 secs] [Times: user=0.01 sys=0.00, real=0.01 secs] 
2024-07-05T12:08:03.656+0800: 4477.893: [GC (Allocation Failure) [PSYoungGen: 185087K->1664K(217600K)] 662499K->479084K(835584K), 0.0030678 secs] [Times: user=0.01 sys=0.00, real=0.00 secs] 
2024-07-05T12:08:05.060+0800: 4479.297: [GC (Allocation Failure) [PSYoungGen: 185100K->1152K(192000K)] 662520K->478580K(809984K), 0.0034542 secs] [Times: user=0.01 sys=0.00, real=0.01 secs] 
2024-07-05T12:08:06.464+0800: 4480.701: [GC (Allocation Failure) [PSYoungGen: 180312K->1152K(176128K)] 657740K->478588K(794112K), 0.0031907 secs] [Times: user=0.00 sys=0.00, real=0.00 secs] 
2024-07-05T12:08:07.998+0800: 4482.235: [GC (Allocation Failure) [PSYoungGen: 175564K->1648K(188928K)] 653000K->479092K(806912K), 0.0036196 secs] [Times: user=0.00 sys=0.00, real=0.01 secs] 
2024-07-05T12:08:09.390+0800: 4483.627: [GC (Allocation Failure) [PSYoungGen: 171385K->1664K(167936K)] 648830K->479116K(785920K), 0.0051033 secs] [Times: user=0.01 sys=0.00, real=0.01 secs] 
2024-07-05T12:08:10.672+0800: 4484.909: [GC (Allocation Failure) [PSYoungGen: 167354K->640K(178688K)] 644806K->479132K(796672K), 0.0041583 secs] [Times: user=0.01 sys=0.00, real=0.01 secs] 
2024-07-05T12:08:11.972+0800: 4486.209: [GC (Allocation Failure) [PSYoungGen: 162432K->128K(158208K)] 640924K->478628K(776192K), 0.0042268 secs] [Times: user=0.00 sys=0.00, real=0.01 secs] 
2024-07-05T12:08:13.208+0800: 4487.445: [GC (Allocation Failure) [PSYoungGen: 157611K->64K(179712K)] 636111K->478572K(797696K), 0.0038210 secs] [Times: user=0.00 sys=0.00, real=0.00 secs] 
2024-07-05T12:08:14.498+0800: 4488.735: [GC (Allocation Failure) [PSYoungGen: 158734K->96K(155648K)] 637242K->478612K(773632K), 0.0035905 secs] [Times: user=0.00 sys=0.00, real=0.01 secs] 
2024-07-05T12:08:15.756+0800: 4489.993: [GC (Allocation Failure) [PSYoungGen: 155057K->64K(174592K)] 633573K->478588K(792576K), 0.0038157 secs] [Times: user=0.00 sys=0.00, real=0.00 secs] 
2024-07-05T12:08:17.002+0800: 4491.239: [GC (Allocation Failure) [PSYoungGen: 156007K->96K(153088K)] 634532K->478628K(771072K), 0.0035966 secs] [Times: user=0.00 sys=0.01, real=0.00 secs] 
2024-07-05T12:08:18.167+0800: 4492.404: [GC (Allocation Failure) [PSYoungGen: 152503K->64K(158720K)] 631036K->478604K(776704K), 0.0034115 secs] [Times: user=0.00 sys=0.00, real=0.00 secs] 
2024-07-05T12:08:19.331+0800: 4493.568: [GC (Allocation Failure) [PSYoungGen: 148748K->96K(163840K)] 627289K->478644K(781824K), 0.0045209 secs] [Times: user=0.01 sys=0.00, real=0.01 secs] 
2024-07-05T12:08:20.526+0800: 4494.763: [GC (Allocation Failure) [PSYoungGen: 148815K->96K(170496K)] 627363K->478652K(788480K), 0.0029218 secs] [Times: user=0.00 sys=0.00, real=0.00 secs] 
2024-07-05T12:08:21.630+0800: 4495.867: [GC (Allocation Failure) [PSYoungGen: 157527K->608K(155136K)] 636083K->479172K(773120K), 0.0027985 secs] [Times: user=0.00 sys=0.00, real=0.00 secs] 
2024-07-05T12:08:22.756+0800: 4496.993: [GC (Allocation Failure) [PSYoungGen: 154507K->608K(157184K)] 633071K->479180K(775168K), 0.0031206 secs] [Times: user=0.00 sys=0.00, real=0.00 secs] 
2024-07-05T12:08:23.824+0800: 4498.061: [GC (Allocation Failure) [PSYoungGen: 151089K->592K(147968K)] 629661K->479172K(765952K), 0.0036884 secs] [Times: user=0.00 sys=0.00, real=0.00 secs] 
2024-07-05T12:08:25.078+0800: 4499.315: [GC (Allocation Failure) [PSYoungGen: 147402K->96K(150016K)] 625982K->478684K(768000K), 0.0037420 secs] [Times: user=0.00 sys=0.00, real=0.01 secs] 
2024-07-05T12:08:26.245+0800: 4500.482: [GC (Allocation Failure) [PSYoungGen: 143775K->64K(153600K)] 622364K->478660K(771584K), 0.0044586 secs] [Times: user=0.00 sys=0.00, real=0.00 secs] 
2024-07-05T12:08:27.273+0800: 4501.510: [GC (Allocation Failure) [PSYoungGen: 143739K->576K(160768K)] 622335K->479180K(778752K), 0.0038908 secs] [Times: user=0.01 sys=0.00, real=0.01 secs] 
2024-07-05T12:08:28.374+0800: 4502.610: [GC (Allocation Failure) [PSYoungGen: 153288K->96K(161280K)] 631892K->478708K(779264K), 0.0027383 secs] [Times: user=0.00 sys=0.00, real=0.00 secs] 
2024-07-05T12:08:29.495+0800: 4503.732: [GC (Allocation Failure) [PSYoungGen: 152913K->576K(168960K)] 631526K->479196K(786944K), 0.0031597 secs] [Times: user=0.00 sys=0.00, real=0.00 secs] 
2024-07-05T12:08:30.766+0800: 4505.003: [GC (Allocation Failure) [PSYoungGen: 162535K->80K(169472K)] 641156K->478708K(787456K), 0.0047463 secs] [Times: user=0.01 sys=0.00, real=0.00 secs] 
2024-07-05T12:08:31.947+0800: 4506.184: [GC (Allocation Failure) [PSYoungGen: 162372K->608K(177152K)] 641000K->479244K(795136K), 0.0031848 secs] [Times: user=0.01 sys=0.00, real=0.00 secs] 
2024-07-05T12:08:33.236+0800: 4507.473: [GC (Allocation Failure) [PSYoungGen: 172351K->576K(178176K)] 650987K->479220K(796160K), 0.0051104 secs] [Times: user=0.01 sys=0.00, real=0.00 secs] 
2024-07-05T12:08:34.538+0800: 4508.775: [GC (Allocation Failure) [PSYoungGen: 172499K->576K(188928K)] 651143K->479228K(806912K), 0.0096597 secs] [Times: user=0.01 sys=0.00, real=0.01 secs] 
2024-07-05T12:08:35.883+0800: 4510.120: [GC (Allocation Failure) [PSYoungGen: 183516K->608K(188416K)] 662168K->479268K(806400K), 0.0030768 secs] [Times: user=0.01 sys=0.00, real=0.00 secs] 
2024-07-05T12:08:37.231+0800: 4511.468: [GC (Allocation Failure) [PSYoungGen: 183543K->608K(198656K)] 662204K->479276K(816640K), 0.0033736 secs] [Times: user=0.00 sys=0.01, real=0.01 secs] 
2024-07-05T12:08:38.738+0800: 4512.975: [GC (Allocation Failure) [PSYoungGen: 195680K->96K(199680K)] 674348K->478772K(817664K), 0.0082683 secs] [Times: user=0.00 sys=0.00, real=0.01 secs] 
2024-07-05T12:08:40.176+0800: 4514.413: [GC (Allocation Failure) [PSYoungGen: 194857K->128K(210944K)] 673533K->478812K(828928K), 0.0030040 secs] [Times: user=0.00 sys=0.00, real=0.00 secs] 
2024-07-05T12:08:41.715+0800: 4515.952: [GC (Allocation Failure) [PSYoungGen: 207646K->576K(211968K)] 686330K->479268K(829952K), 0.0057447 secs] [Times: user=0.01 sys=0.00, real=0.01 secs] 
2024-07-05T12:08:43.258+0800: 4517.495: [GC (Allocation Failure) [PSYoungGen: 208236K->96K(223232K)] 686929K->478796K(841216K), 0.0027715 secs] [Times: user=0.01 sys=0.00, real=0.00 secs] 
2024-07-05T12:08:44.857+0800: 4519.094: [GC (Allocation Failure) [PSYoungGen: 220267K->64K(215040K)] 698967K->478772K(833024K), 0.0029159 secs] [Times: user=0.01 sys=0.00, real=0.00 secs] 
2024-07-05T12:08:46.418+0800: 4520.655: [GC (Allocation Failure) [PSYoungGen: 214084K->640K(222720K)] 692792K->479356K(840704K), 0.0048390 secs] [Times: user=0.01 sys=0.00, real=0.01 secs] 
2024-07-05T12:08:48.063+0800: 4522.300: [GC (Allocation Failure) [PSYoungGen: 219777K->64K(214016K)] 698493K->478788K(832000K), 0.0029180 secs] [Times: user=0.01 sys=0.00, real=0.00 secs] 
2024-07-05T12:08:49.576+0800: 4523.813: [GC (Allocation Failure) [PSYoungGen: 213094K->64K(207872K)] 691818K->478796K(825856K), 0.0032639 secs] [Times: user=0.00 sys=0.00, real=0.00 secs] 
2024-07-05T12:08:51.050+0800: 4525.287: [GC (Allocation Failure) [PSYoungGen: 207352K->80K(204288K)] 686085K->478820K(822272K), 0.0040789 secs] [Times: user=0.01 sys=0.00, real=0.01 secs] 
2024-07-05T12:08:52.426+0800: 4526.663: [GC (Allocation Failure) [PSYoungGen: 201592K->608K(197120K)] 680332K->479356K(815104K), 0.0028936 secs] [Times: user=0.00 sys=0.00, real=0.00 secs] 
2024-07-05T12:08:53.796+0800: 4528.033: [GC (Allocation Failure) [PSYoungGen: 196368K->64K(191488K)] 675117K->478820K(809472K), 0.0034559 secs] [Times: user=0.00 sys=0.00, real=0.00 secs] 
2024-07-05T12:08:55.082+0800: 4529.319: [GC (Allocation Failure) [PSYoungGen: 190596K->64K(186368K)] 669352K->478828K(804352K), 0.0036714 secs] [Times: user=0.00 sys=0.00, real=0.00 secs] 
2024-07-05T12:08:56.422+0800: 4530.659: [GC (Allocation Failure) [PSYoungGen: 185703K->64K(183296K)] 664467K->478836K(801280K), 0.0035958 secs] [Times: user=0.01 sys=0.00, real=0.00 secs] 
2024-07-05T12:08:57.702+0800: 4531.939: [GC (Allocation Failure) [PSYoungGen: 181086K->608K(177664K)] 659859K->479388K(795648K), 0.0026864 secs] [Times: user=0.00 sys=0.00, real=0.00 secs] 
2024-07-05T12:08:58.917+0800: 4533.154: [GC (Allocation Failure) [PSYoungGen: 177144K->576K(173056K)] 655924K->479364K(791040K), 0.0045997 secs] [Times: user=0.00 sys=0.00, real=0.01 secs] 
2024-07-05T12:09:00.206+0800: 4534.443: [GC (Allocation Failure) [PSYoungGen: 172502K->96K(168448K)] 651290K->478892K(786432K), 0.0027362 secs] [Times: user=0.00 sys=0.00, real=0.00 secs] 
2024-07-05T12:09:01.369+0800: 4535.606: [GC (Allocation Failure) [PSYoungGen: 167861K->96K(165888K)] 646657K->478900K(783872K), 0.0026772 secs] [Times: user=0.00 sys=0.00, real=0.00 secs] 
2024-07-05T12:09:02.586+0800: 4536.822: [GC (Allocation Failure) [PSYoungGen: 163730K->128K(160256K)] 642535K->478940K(778240K), 0.0043131 secs] [Times: user=0.01 sys=0.00, real=0.00 secs] 
2024-07-05T12:09:03.680+0800: 4537.917: [GC (Allocation Failure) [PSYoungGen: 159694K->608K(157696K)] 638507K->479428K(775680K), 0.0028141 secs] [Times: user=0.01 sys=0.00, real=0.01 secs] 
2024-07-05T12:09:04.794+0800: 4539.031: [GC (Allocation Failure) [PSYoungGen: 156725K->64K(165888K)] 635545K->478892K(783872K), 0.0042129 secs] [Times: user=0.00 sys=0.00, real=0.00 secs] 
2024-07-05T12:09:05.941+0800: 4540.178: [GC (Allocation Failure) [PSYoungGen: 165188K->96K(176128K)] 644016K->478932K(794112K), 0.0027100 secs] [Times: user=0.00 sys=0.00, real=0.01 secs] 
2024-07-05T12:09:07.214+0800: 4541.451: [GC (Allocation Failure) [PSYoungGen: 174493K->96K(170496K)] 653329K->478940K(788480K), 0.0026569 secs] [Times: user=0.00 sys=0.00, real=0.00 secs] 
2024-07-05T12:09:08.487+0800: 4542.724: [GC (Allocation Failure) [PSYoungGen: 169648K->576K(167424K)] 648493K->479428K(785408K), 0.0039530 secs] [Times: user=0.00 sys=0.00, real=0.00 secs] 
2024-07-05T12:09:09.642+0800: 4543.879: [GC (Allocation Failure) [PSYoungGen: 166270K->128K(176128K)] 645122K->478988K(794112K), 0.0044818 secs] [Times: user=0.01 sys=0.00, real=0.00 secs] 
2024-07-05T12:09:10.880+0800: 4545.117: [GC (Allocation Failure) [PSYoungGen: 175275K->608K(172544K)] 654135K->479476K(790528K), 0.0026406 secs] [Times: user=0.01 sys=0.00, real=0.01 secs] 
2024-07-05T12:09:12.093+0800: 4546.330: [GC (Allocation Failure) [PSYoungGen: 171417K->640K(182272K)] 650285K->479516K(800256K), 0.0045954 secs] [Times: user=0.00 sys=0.00, real=0.00 secs] 
2024-07-05T12:09:13.391+0800: 4547.628: [GC (Allocation Failure) [PSYoungGen: 181663K->64K(192512K)] 660540K->478948K(810496K), 0.0038708 secs] [Times: user=0.01 sys=0.00, real=0.01 secs] 
2024-07-05T12:09:14.878+0800: 4549.115: [GC (Allocation Failure) [PSYoungGen: 191682K->576K(204288K)] 670566K->479468K(822272K), 0.0047535 secs] [Times: user=0.00 sys=0.00, real=0.01 secs] 
2024-07-05T12:09:16.394+0800: 4550.631: [GC (Allocation Failure) [PSYoungGen: 203335K->64K(205824K)] 682227K->478964K(823808K), 0.0053260 secs] [Times: user=0.01 sys=0.00, real=0.00 secs] 
2024-07-05T12:09:17.902+0800: 4552.139: [GC (Allocation Failure) [PSYoungGen: 204347K->576K(217088K)] 683247K->479484K(835072K), 0.0051255 secs] [Times: user=0.00 sys=0.01, real=0.00 secs] 
2024-07-05T12:09:19.473+0800: 4553.710: [GC (Allocation Failure) [PSYoungGen: 215823K->592K(217088K)] 694731K->479508K(835072K), 0.0050277 secs] [Times: user=0.01 sys=0.00, real=0.00 secs] 
2024-07-05T12:09:21.045+0800: 4555.281: [GC (Allocation Failure) [PSYoungGen: 216090K->608K(230400K)] 695006K->479532K(848384K), 0.0049589 secs] [Times: user=0.00 sys=0.00, real=0.00 secs] 
2024-07-05T12:09:22.652+0800: 4556.889: [GC (Allocation Failure) [PSYoungGen: 229397K->608K(230400K)] 708321K->479540K(848384K), 0.0029527 secs] [Times: user=0.01 sys=0.00, real=0.01 secs] 
2024-07-05T12:09:24.324+0800: 4558.561: [GC (Allocation Failure) [PSYoungGen: 229344K->96K(222720K)] 708277K->479036K(840704K), 0.0028307 secs] [Times: user=0.01 sys=0.00, real=0.00 secs] 
2024-07-05T12:09:26.032+0800: 4560.269: [GC (Allocation Failure) [PSYoungGen: 221801K->608K(217600K)] 700741K->479556K(835584K), 0.0030128 secs] [Times: user=0.00 sys=0.00, real=0.01 secs] 
2024-07-05T12:09:27.610+0800: 4561.847: [GC (Allocation Failure) [PSYoungGen: 216275K->96K(210432K)] 695223K->479052K(828416K), 0.0028457 secs] [Times: user=0.01 sys=0.00, real=0.00 secs] 
2024-07-05T12:09:29.212+0800: 4563.449: [GC (Allocation Failure) [PSYoungGen: 209587K->64K(205824K)] 688543K->479028K(823808K), 0.0050888 secs] [Times: user=0.01 sys=0.00, real=0.01 secs] 
2024-07-05T12:09:30.784+0800: 4565.021: [GC (Allocation Failure) [PSYoungGen: 203963K->64K(199168K)] 682927K->479036K(817152K), 0.0034596 secs] [Times: user=0.00 sys=0.00, real=0.00 secs] 
2024-07-05T12:09:32.278+0800: 4566.515: [GC (Allocation Failure) [PSYoungGen: 198597K->96K(195072K)] 677569K->479076K(813056K), 0.0026168 secs] [Times: user=0.00 sys=0.00, real=0.00 secs] 
2024-07-05T12:09:33.754+0800: 4567.991: [GC (Allocation Failure) [PSYoungGen: 193271K->96K(188928K)] 672251K->479084K(806912K), 0.0031499 secs] [Times: user=0.00 sys=0.00, real=0.00 secs] 
2024-07-05T12:09:35.254+0800: 4569.491: [GC (Allocation Failure) [PSYoungGen: 188037K->608K(184320K)] 667026K->479604K(802304K), 0.0028699 secs] [Times: user=0.00 sys=0.00, real=0.00 secs] 
2024-07-05T12:09:36.730+0800: 4570.967: [GC (Allocation Failure) [PSYoungGen: 183740K->96K(179200K)] 662736K->479100K(797184K), 0.0026387 secs] [Times: user=0.01 sys=0.00, real=0.00 secs] 
2024-07-05T12:09:38.111+0800: 4572.347: [GC (Allocation Failure) [PSYoungGen: 178760K->80K(175616K)] 657765K->479092K(793600K), 0.0046356 secs] [Times: user=0.01 sys=0.00, real=0.01 secs] 
2024-07-05T12:09:39.495+0800: 4573.732: [GC (Allocation Failure) [PSYoungGen: 174144K->96K(170496K)] 653156K->479124K(788480K), 0.0030400 secs] [Times: user=0.01 sys=0.00, real=0.00 secs] 
2024-07-05T12:09:40.853+0800: 4575.090: [GC (Allocation Failure) [PSYoungGen: 169852K->608K(166912K)] 648880K->479644K(784896K), 0.0029670 secs] [Times: user=0.01 sys=0.00, real=0.01 secs] 
2024-07-05T12:09:42.053+0800: 4576.290: [GC (Allocation Failure) [PSYoungGen: 166453K->576K(162816K)] 645489K->479620K(780800K), 0.0042542 secs] [Times: user=0.00 sys=0.00, real=0.01 secs] 
2024-07-05T12:09:43.219+0800: 4577.456: [GC (Allocation Failure) [PSYoungGen: 162043K->640K(158720K)] 641087K->479692K(776704K), 0.0033050 secs] [Times: user=0.01 sys=0.00, real=0.01 secs] 
2024-07-05T12:09:44.355+0800: 4578.592: [GC (Allocation Failure) [PSYoungGen: 157904K->64K(154624K)] 636956K->479124K(772608K), 0.0036534 secs] [Times: user=0.00 sys=0.00, real=0.00 secs] 
2024-07-05T12:09:45.489+0800: 4579.726: [GC (Allocation Failure) [PSYoungGen: 153707K->96K(164352K)] 632767K->479164K(782336K), 0.0033409 secs] [Times: user=0.00 sys=0.00, real=0.00 secs] 
2024-07-05T12:09:46.740+0800: 4580.977: [GC (Allocation Failure) [PSYoungGen: 162804K->64K(159232K)] 641872K->479140K(777216K), 0.0029235 secs] [Times: user=0.01 sys=0.00, real=0.01 secs] 
2024-07-05T12:09:47.838+0800: 4582.075: [GC (Allocation Failure) [PSYoungGen: 158765K->640K(169472K)] 637842K->479724K(787456K), 0.0045304 secs] [Times: user=0.01 sys=0.00, real=0.01 secs] 
2024-07-05T12:09:49.100+0800: 4583.337: [GC (Allocation Failure) [PSYoungGen: 168960K->608K(179200K)] 648045K->479700K(797184K), 0.0035046 secs] [Times: user=0.01 sys=0.00, real=0.01 secs] 
2024-07-05T12:09:50.675+0800: 4584.912: [GC (Allocation Failure) [PSYoungGen: 178728K->1120K(175104K)] 657820K->480220K(793088K), 0.0034687 secs] [Times: user=0.00 sys=0.00, real=0.00 secs] 
2024-07-05T12:09:52.052+0800: 4586.289: [GC (Allocation Failure) [PSYoungGen: 174467K->608K(185344K)] 653567K->480740K(803328K), 0.0062883 secs] [Times: user=0.00 sys=0.00, real=0.01 secs] 
2024-07-05T12:09:53.503+0800: 4587.740: [GC (Allocation Failure) [PSYoungGen: 184677K->1120K(197120K)] 664809K->481260K(815104K), 0.0043591 secs] [Times: user=0.01 sys=0.01, real=0.00 secs] 
2024-07-05T12:09:54.990+0800: 4589.227: [GC (Allocation Failure) [PSYoungGen: 196379K->640K(208384K)] 676520K->481300K(826368K), 0.0044899 secs] [Times: user=0.00 sys=0.00, real=0.01 secs] 
2024-07-05T12:09:56.644+0800: 4590.881: [GC (Allocation Failure) [PSYoungGen: 207802K->1152K(221696K)] 688462K->481820K(839680K), 0.0062114 secs] [Times: user=0.01 sys=0.00, real=0.00 secs] 
2024-07-05T12:09:58.454+0800: 4592.691: [GC (Allocation Failure) [PSYoungGen: 220903K->640K(233984K)] 701572K->481828K(851968K), 0.0033388 secs] [Times: user=0.01 sys=0.00, real=0.00 secs] 
2024-07-05T12:10:00.397+0800: 4594.634: [GC (Allocation Failure) [PSYoungGen: 233552K->640K(227328K)] 714740K->481836K(845312K), 0.0033226 secs] [Times: user=0.01 sys=0.00, real=0.00 secs] 
2024-07-05T12:10:02.326+0800: 4596.563: [GC (Allocation Failure) [PSYoungGen: 226803K->640K(220672K)] 708000K->481844K(838656K), 0.0033472 secs] [Times: user=0.01 sys=0.00, real=0.00 secs] 
2024-07-05T12:10:04.182+0800: 4598.419: [GC (Allocation Failure) [PSYoungGen: 219874K->1152K(215040K)] 701079K->482364K(833024K), 0.0035762 secs] [Times: user=0.00 sys=0.00, real=0.00 secs] 
2024-07-05T12:10:05.918+0800: 4600.155: [GC (Allocation Failure) [PSYoungGen: 214385K->624K(208384K)] 695597K->481844K(826368K), 0.0065550 secs] [Times: user=0.00 sys=0.00, real=0.01 secs] 
2024-07-05T12:10:07.807+0800: 4602.044: [GC (Allocation Failure) [PSYoungGen: 207891K->1104K(203264K)] 689111K->482332K(821248K), 0.0047075 secs] [Times: user=0.01 sys=0.00, real=0.00 secs] 
2024-07-05T12:10:09.650+0800: 4603.887: [GC (Allocation Failure) [PSYoungGen: 202391K->592K(197120K)] 683619K->481828K(815104K), 0.0044586 secs] [Times: user=0.01 sys=0.00, real=0.01 secs] 
2024-07-05T12:10:11.378+0800: 4605.615: [GC (Allocation Failure) [PSYoungGen: 196378K->1152K(192512K)] 677615K->482396K(810496K), 0.0036558 secs] [Times: user=0.01 sys=0.00, real=0.01 secs] 
2024-07-05T12:10:13.089+0800: 4607.326: [GC (Allocation Failure) [PSYoungGen: 192070K->640K(186880K)] 673314K->482404K(804864K), 0.0036278 secs] [Times: user=0.00 sys=0.00, real=0.00 secs] 
2024-07-05T12:10:14.540+0800: 4608.777: [GC (Allocation Failure) [PSYoungGen: 186400K->592K(182272K)] 668164K->482364K(800256K), 0.0033942 secs] [Times: user=0.00 sys=0.00, real=0.01 secs] 
2024-07-05T12:10:15.991+0800: 4610.228: [GC (Allocation Failure) [PSYoungGen: 181416K->128K(177152K)] 663189K->482428K(795136K), 0.0039237 secs] [Times: user=0.00 sys=0.00, real=0.01 secs] 
2024-07-05T12:10:17.332+0800: 4611.569: [GC (Allocation Failure) [PSYoungGen: 176572K->64K(173568K)] 658872K->482372K(791552K), 0.0040493 secs] [Times: user=0.01 sys=0.00, real=0.01 secs] 
2024-07-05T12:10:18.670+0800: 4612.907: [GC (Allocation Failure) [PSYoungGen: 172002K->96K(168448K)] 654311K->482412K(786432K), 0.0030973 secs] [Times: user=0.01 sys=0.00, real=0.00 secs] 
2024-07-05T12:10:20.031+0800: 4614.268: [GC (Allocation Failure) [PSYoungGen: 167763K->576K(165376K)] 650080K->482900K(783360K), 0.0043066 secs] [Times: user=0.00 sys=0.00, real=0.01 secs] 
2024-07-05T12:10:21.292+0800: 4615.529: [GC (Allocation Failure) [PSYoungGen: 164352K->80K(160256K)] 646676K->482412K(778240K), 0.0033933 secs] [Times: user=0.00 sys=0.00, real=0.01 secs] 
2024-07-05T12:10:22.541+0800: 4616.778: [GC (Allocation Failure) [PSYoungGen: 159787K->64K(157696K)] 642119K->482404K(775680K), 0.0031363 secs] [Times: user=0.00 sys=0.00, real=0.01 secs] 
2024-07-05T12:10:23.738+0800: 4617.975: [GC (Allocation Failure) [PSYoungGen: 156081K->640K(166400K)] 638421K->482988K(784384K), 0.0050227 secs] [Times: user=0.00 sys=0.00, real=0.01 secs] 
2024-07-05T12:10:25.046+0800: 4619.283: [GC (Allocation Failure) [PSYoungGen: 166010K->608K(162304K)] 648359K->482964K(780288K), 0.0031831 secs] [Times: user=0.01 sys=0.00, real=0.00 secs] 
2024-07-05T12:10:26.326+0800: 4620.563: [GC (Allocation Failure) [PSYoungGen: 161758K->64K(157696K)] 644115K->482428K(775680K), 0.0030459 secs] [Times: user=0.01 sys=0.00, real=0.00 secs] 
2024-07-05T12:10:27.610+0800: 4621.847: [GC (Allocation Failure) [PSYoungGen: 157021K->608K(155136K)] 639386K->482980K(773120K), 0.0032945 secs] [Times: user=0.01 sys=0.00, real=0.01 secs] 
2024-07-05T12:10:28.804+0800: 4623.041: [GC (Allocation Failure) [PSYoungGen: 153983K->64K(150528K)] 636355K->482444K(768512K), 0.0035732 secs] [Times: user=0.00 sys=0.00, real=0.00 secs] 
2024-07-05T12:10:29.859+0800: 4624.096: [GC (Allocation Failure) [PSYoungGen: 150065K->576K(147968K)] 632445K->482964K(765952K), 0.0028825 secs] [Times: user=0.00 sys=0.00, real=0.01 secs] 
2024-07-05T12:10:30.982+0800: 4625.219: [GC (Allocation Failure) [PSYoungGen: 146864K->64K(155648K)] 629253K->482460K(773632K), 0.0041772 secs] [Times: user=0.01 sys=0.00, real=0.00 secs] 
2024-07-05T12:10:32.065+0800: 4626.302: [GC (Allocation Failure) [PSYoungGen: 154920K->640K(167424K)] 637317K->483044K(785408K), 0.0064266 secs] [Times: user=0.01 sys=0.00, real=0.00 secs] 
2024-07-05T12:10:33.219+0800: 4627.456: [GC (Allocation Failure) [PSYoungGen: 166368K->96K(177152K)] 648772K->482508K(795136K), 0.0027293 secs] [Times: user=0.00 sys=0.00, real=0.01 secs] 
2024-07-05T12:10:34.470+0800: 4628.707: [GC (Allocation Failure) [PSYoungGen: 176609K->608K(190464K)] 659022K->483028K(808448K), 0.0064214 secs] [Times: user=0.01 sys=0.00, real=0.01 secs] 
2024-07-05T12:10:35.808+0800: 4630.045: [GC (Allocation Failure) [PSYoungGen: 189024K->640K(202752K)] 671445K->483068K(820736K), 0.0041156 secs] [Times: user=0.01 sys=0.00, real=0.00 secs] 
2024-07-05T12:10:37.274+0800: 4631.511: [GC (Allocation Failure) [PSYoungGen: 202251K->608K(215552K)] 684679K->483044K(833536K), 0.0033481 secs] [Times: user=0.00 sys=0.00, real=0.00 secs] 
2024-07-05T12:10:38.788+0800: 4633.025: [GC (Allocation Failure) [PSYoungGen: 215065K->576K(222208K)] 697502K->483020K(840192K), 0.0045551 secs] [Times: user=0.00 sys=0.00, real=0.00 secs] 
2024-07-05T12:10:40.337+0800: 4634.574: [GC (Allocation Failure) [PSYoungGen: 220937K->96K(222208K)] 703382K->482548K(840192K), 0.0028098 secs] [Times: user=0.01 sys=0.00, real=0.00 secs] 
2024-07-05T12:10:41.890+0800: 4636.127: [GC (Allocation Failure) [PSYoungGen: 220273K->128K(235008K)] 702726K->482588K(852992K), 0.0057533 secs] [Times: user=0.00 sys=0.00, real=0.01 secs] 
2024-07-05T12:10:43.598+0800: 4637.834: [GC (Allocation Failure) [PSYoungGen: 233452K->96K(235008K)] 715912K->482564K(852992K), 0.0042010 secs] [Times: user=0.00 sys=0.00, real=0.01 secs] 
2024-07-05T12:10:45.241+0800: 4639.478: [GC (Allocation Failure) [PSYoungGen: 233180K->576K(248320K)] 715648K->483052K(866304K), 0.0040741 secs] [Times: user=0.00 sys=0.00, real=0.00 secs] 
2024-07-05T12:10:46.998+0800: 4641.235: [GC (Allocation Failure) [PSYoungGen: 246977K->96K(240128K)] 729453K->482580K(858112K), 0.0028872 secs] [Times: user=0.00 sys=0.00, real=0.01 secs] 
2024-07-05T12:10:48.650+0800: 4642.887: [GC (Allocation Failure) [PSYoungGen: 239546K->576K(233472K)] 722030K->483068K(851456K), 0.0046326 secs] [Times: user=0.00 sys=0.00, real=0.01 secs] 
2024-07-05T12:10:50.255+0800: 4644.491: [GC (Allocation Failure) [PSYoungGen: 232831K->80K(226304K)] 715323K->482580K(844288K), 0.0038461 secs] [Times: user=0.00 sys=0.00, real=0.00 secs] 
2024-07-05T12:10:51.793+0800: 4646.029: [GC (Allocation Failure) [PSYoungGen: 225599K->128K(219648K)] 708100K->482636K(837632K), 0.0041197 secs] [Times: user=0.00 sys=0.00, real=0.01 secs] 
2024-07-05T12:10:53.286+0800: 4647.523: [GC (Allocation Failure) [PSYoungGen: 218853K->96K(214528K)] 701361K->482612K(832512K), 0.0025901 secs] [Times: user=0.00 sys=0.00, real=0.00 secs] 
2024-07-05T12:10:54.717+0800: 4648.954: [GC (Allocation Failure) [PSYoungGen: 213083K->64K(207360K)] 695599K->482588K(825344K), 0.0045628 secs] [Times: user=0.01 sys=0.00, real=0.01 secs] 
2024-07-05T12:10:56.157+0800: 4650.394: [GC (Allocation Failure) [PSYoungGen: 206632K->96K(202240K)] 689157K->482628K(820224K), 0.0027570 secs] [Times: user=0.00 sys=0.00, real=0.00 secs] 
2024-07-05T12:10:57.566+0800: 4651.803: [GC (Allocation Failure) [PSYoungGen: 201242K->640K(196608K)] 683774K->483180K(814592K), 0.0040901 secs] [Times: user=0.00 sys=0.00, real=0.00 secs] 
2024-07-05T12:10:58.884+0800: 4653.121: [GC (Allocation Failure) [PSYoungGen: 196041K->96K(190976K)] 678581K->482644K(808960K), 0.0028357 secs] [Times: user=0.00 sys=0.00, real=0.00 secs] 
2024-07-05T12:11:00.214+0800: 4654.450: [GC (Allocation Failure) [PSYoungGen: 190503K->608K(186368K)] 673052K->483164K(804352K), 0.0028078 secs] [Times: user=0.00 sys=0.00, real=0.00 secs] 
2024-07-05T12:11:01.482+0800: 4655.719: [GC (Allocation Failure) [PSYoungGen: 185695K->608K(181760K)] 668252K->483172K(799744K), 0.0041582 secs] [Times: user=0.01 sys=0.00, real=0.00 secs] 
2024-07-05T12:11:02.730+0800: 4656.967: [GC (Allocation Failure) [PSYoungGen: 180894K->592K(192000K)] 663459K->483164K(809984K), 0.0045209 secs] [Times: user=0.01 sys=0.00, real=0.01 secs] 
2024-07-05T12:11:04.034+0800: 4658.271: [GC (Allocation Failure) [PSYoungGen: 191506K->608K(186880K)] 674079K->483188K(804864K), 0.0026988 secs] [Times: user=0.01 sys=0.00, real=0.00 secs] 
2024-07-05T12:11:05.287+0800: 4659.523: [GC (Allocation Failure) [PSYoungGen: 186222K->128K(181760K)] 668802K->482716K(799744K), 0.0038604 secs] [Times: user=0.00 sys=0.00, real=0.00 secs] 
2024-07-05T12:11:06.566+0800: 4660.803: [GC (Allocation Failure) [PSYoungGen: 180940K->608K(178176K)] 663529K->483204K(796160K), 0.0027848 secs] [Times: user=0.01 sys=0.00, real=0.00 secs] 
2024-07-05T12:11:07.760+0800: 4661.997: [GC (Allocation Failure) [PSYoungGen: 177138K->576K(173056K)] 659735K->483180K(791040K), 0.0032271 secs] [Times: user=0.00 sys=0.00, real=0.01 secs] 
2024-07-05T12:11:08.962+0800: 4663.198: [GC (Allocation Failure) [PSYoungGen: 172326K->96K(168448K)] 654931K->482708K(786432K), 0.0026953 secs] [Times: user=0.01 sys=0.00, real=0.00 secs] 
2024-07-05T12:11:10.138+0800: 4664.375: [GC (Allocation Failure) [PSYoungGen: 167984K->576K(164864K)] 650596K->483196K(782848K), 0.0041710 secs] [Times: user=0.01 sys=0.00, real=0.01 secs] 
2024-07-05T12:11:11.242+0800: 4665.479: [GC (Allocation Failure) [PSYoungGen: 164232K->608K(160768K)] 646852K->483236K(778752K), 0.0028019 secs] [Times: user=0.01 sys=0.00, real=0.00 secs] 
2024-07-05T12:11:12.370+0800: 4666.607: [GC (Allocation Failure) [PSYoungGen: 160145K->128K(170496K)] 642774K->482764K(788480K), 0.0057695 secs] [Times: user=0.01 sys=0.00, real=0.01 secs] 
2024-07-05T12:11:13.516+0800: 4667.753: [GC (Allocation Failure) [PSYoungGen: 170067K->592K(182272K)] 652703K->483236K(800256K), 0.0035384 secs] [Times: user=0.00 sys=0.00, real=0.00 secs] 
2024-07-05T12:11:14.750+0800: 4668.987: [GC (Allocation Failure) [PSYoungGen: 180859K->64K(192512K)] 663503K->482716K(810496K), 0.0039207 secs] [Times: user=0.00 sys=0.00, real=0.01 secs] 
2024-07-05T12:11:16.046+0800: 4670.283: [GC (Allocation Failure) [PSYoungGen: 192045K->64K(206336K)] 674697K->482724K(824320K), 0.0060600 secs] [Times: user=0.01 sys=0.00, real=0.00 secs] 
2024-07-05T12:11:17.500+0800: 4671.737: [GC (Allocation Failure) [PSYoungGen: 204856K->96K(217600K)] 687517K->482764K(835584K), 0.0027131 secs] [Times: user=0.01 sys=0.00, real=0.01 secs] 
2024-07-05T12:11:19.036+0800: 4673.273: [GC (Allocation Failure) [PSYoungGen: 217129K->608K(212480K)] 699798K->483284K(830464K), 0.0026675 secs] [Times: user=0.00 sys=0.00, real=0.00 secs] 
2024-07-05T12:11:20.554+0800: 4674.791: [GC (Allocation Failure) [PSYoungGen: 211418K->80K(205824K)] 694095K->482764K(823808K), 0.0038466 secs] [Times: user=0.01 sys=0.00, real=0.00 secs] 
2024-07-05T12:11:22.000+0800: 4676.236: [GC (Allocation Failure) [PSYoungGen: 204966K->608K(218624K)] 687651K->483300K(836608K), 0.0050724 secs] [Times: user=0.00 sys=0.00, real=0.01 secs] 
2024-07-05T12:11:23.546+0800: 4677.783: [GC (Allocation Failure) [PSYoungGen: 217409K->576K(230912K)] 700101K->483276K(848896K), 0.0047140 secs] [Times: user=0.00 sys=0.00, real=0.00 secs] 
2024-07-05T12:11:25.151+0800: 4679.388: [GC (Allocation Failure) [PSYoungGen: 230433K->96K(223744K)] 713133K->482804K(841728K), 0.0027701 secs] [Times: user=0.00 sys=0.00, real=0.01 secs] 
2024-07-05T12:11:26.855+0800: 4681.092: [GC (Allocation Failure) [PSYoungGen: 223020K->96K(217600K)] 705728K->482812K(835584K), 0.0039953 secs] [Times: user=0.01 sys=0.00, real=0.00 secs] 
2024-07-05T12:11:28.367+0800: 4682.604: [GC (Allocation Failure) [PSYoungGen: 216758K->608K(212480K)] 699475K->483332K(830464K), 0.0027886 secs] [Times: user=0.00 sys=0.00, real=0.00 secs] 
2024-07-05T12:11:29.864+0800: 4684.101: [GC (Allocation Failure) [PSYoungGen: 211207K->64K(205824K)] 693931K->482796K(823808K), 0.0031608 secs] [Times: user=0.01 sys=0.00, real=0.00 secs] 
2024-07-05T12:11:31.382+0800: 4685.619: [GC (Allocation Failure) [PSYoungGen: 205259K->608K(201216K)] 687991K->483348K(819200K), 0.0029352 secs] [Times: user=0.01 sys=0.00, real=0.00 secs] 
2024-07-05T12:11:32.796+0800: 4687.033: [GC (Allocation Failure) [PSYoungGen: 200199K->64K(195072K)] 682939K->482812K(813056K), 0.0030413 secs] [Times: user=0.01 sys=0.00, real=0.00 secs] 
2024-07-05T12:11:34.221+0800: 4688.458: [GC (Allocation Failure) [PSYoungGen: 194238K->608K(190976K)] 676987K->483364K(808960K), 0.0028185 secs] [Times: user=0.00 sys=0.00, real=0.00 secs] 
2024-07-05T12:11:35.584+0800: 4689.821: [GC (Allocation Failure) [PSYoungGen: 190021K->64K(184832K)] 672777K->482828K(802816K), 0.0034985 secs] [Times: user=0.00 sys=0.00, real=0.00 secs] 
2024-07-05T12:11:36.945+0800: 4691.182: [GC (Allocation Failure) [PSYoungGen: 184070K->64K(181248K)] 666835K->482836K(799232K), 0.0044869 secs] [Times: user=0.01 sys=0.00, real=0.00 secs] 
2024-07-05T12:11:38.245+0800: 4692.482: [GC (Allocation Failure) [PSYoungGen: 179443K->96K(175616K)] 662215K->482876K(793600K), 0.0031954 secs] [Times: user=0.01 sys=0.00, real=0.00 secs] 
2024-07-05T12:11:39.446+0800: 4693.682: [GC (Allocation Failure) [PSYoungGen: 175200K->608K(171520K)] 657980K->483396K(789504K), 0.0040400 secs] [Times: user=0.01 sys=0.00, real=0.00 secs] 
2024-07-05T12:11:40.625+0800: 4694.861: [GC (Allocation Failure) [PSYoungGen: 170890K->608K(167424K)] 653679K->483404K(785408K), 0.0035105 secs] [Times: user=0.00 sys=0.00, real=0.00 secs] 
2024-07-05T12:11:41.815+0800: 4696.052: [GC (Allocation Failure) [PSYoungGen: 166943K->96K(162816K)] 649739K->482900K(780800K), 0.0027169 secs] [Times: user=0.00 sys=0.00, real=0.00 secs] 
2024-07-05T12:11:42.912+0800: 4697.149: [GC (Allocation Failure) [PSYoungGen: 162078K->128K(158720K)] 644882K->482940K(776704K), 0.0030970 secs] [Times: user=0.00 sys=0.00, real=0.01 secs] 
2024-07-05T12:11:44.058+0800: 4698.295: [GC (Allocation Failure) [PSYoungGen: 158003K->96K(155648K)] 640816K->482916K(773632K), 0.0025827 secs] [Times: user=0.01 sys=0.00, real=0.00 secs] 
2024-07-05T12:11:45.096+0800: 4699.333: [GC (Allocation Failure) [PSYoungGen: 154353K->640K(152064K)] 637174K->483468K(770048K), 0.0033452 secs] [Times: user=0.00 sys=0.00, real=0.00 secs] 
2024-07-05T12:11:46.240+0800: 4700.477: [GC (Allocation Failure) [PSYoungGen: 151622K->96K(148992K)] 634450K->482932K(766976K), 0.0026867 secs] [Times: user=0.01 sys=0.00, real=0.01 secs] 
2024-07-05T12:11:47.268+0800: 4701.505: [GC (Allocation Failure) [PSYoungGen: 147430K->608K(145408K)] 630266K->483452K(763392K), 0.0027897 secs] [Times: user=0.00 sys=0.00, real=0.00 secs] 
2024-07-05T12:11:48.336+0800: 4702.573: [GC (Allocation Failure) [PSYoungGen: 144807K->608K(142336K)] 627651K->483460K(760320K), 0.0029797 secs] [Times: user=0.01 sys=0.00, real=0.00 secs] 
2024-07-05T12:11:49.319+0800: 4703.556: [GC (Allocation Failure) [PSYoungGen: 141673K->64K(150528K)] 624525K->482924K(768512K), 0.0046184 secs] [Times: user=0.01 sys=0.00, real=0.01 secs] 
2024-07-05T12:11:50.389+0800: 4704.626: [GC (Allocation Failure) [PSYoungGen: 150032K->96K(160256K)] 632893K->482964K(778240K), 0.0027497 secs] [Times: user=0.01 sys=0.00, real=0.00 secs] 
2024-07-05T12:11:51.496+0800: 4705.733: [GC (Allocation Failure) [PSYoungGen: 158771K->640K(168960K)] 641639K->483516K(786944K), 0.0031511 secs] [Times: user=0.01 sys=0.00, real=0.00 secs] 
2024-07-05T12:11:52.710+0800: 4706.947: [GC (Allocation Failure) [PSYoungGen: 168367K->96K(178176K)] 651243K->482980K(796160K), 0.0028902 secs] [Times: user=0.00 sys=0.00, real=0.01 secs] 
2024-07-05T12:11:53.913+0800: 4708.150: [GC (Allocation Failure) [PSYoungGen: 177688K->640K(189952K)] 660572K->483532K(807936K), 0.0055862 secs] [Times: user=0.01 sys=0.00, real=0.00 secs] 
2024-07-05T12:11:55.222+0800: 4709.459: [GC (Allocation Failure) [PSYoungGen: 189428K->96K(200704K)] 672321K->482996K(818688K), 0.0026634 secs] [Times: user=0.00 sys=0.00, real=0.00 secs] 
2024-07-05T12:11:56.658+0800: 4710.895: [GC (Allocation Failure) [PSYoungGen: 200186K->576K(196096K)] 683086K->483484K(814080K), 0.0031696 secs] [Times: user=0.00 sys=0.00, real=0.00 secs] 
2024-07-05T12:11:57.971+0800: 4712.208: [GC (Allocation Failure) [PSYoungGen: 195447K->608K(190976K)] 678355K->483524K(808960K), 0.0027925 secs] [Times: user=0.01 sys=0.00, real=0.01 secs] 
2024-07-05T12:11:59.274+0800: 4713.511: [GC (Allocation Failure) [PSYoungGen: 190473K->64K(185344K)] 673390K->482988K(803328K), 0.0044661 secs] [Times: user=0.00 sys=0.00, real=0.00 secs] 
2024-07-05T12:12:00.536+0800: 4714.773: [GC (Allocation Failure) [PSYoungGen: 184802K->608K(181760K)] 667727K->483540K(799744K), 0.0027516 secs] [Times: user=0.00 sys=0.00, real=0.00 secs] 
2024-07-05T12:12:01.750+0800: 4715.986: [GC (Allocation Failure) [PSYoungGen: 180358K->128K(176128K)] 663291K->483068K(794112K), 0.0039616 secs] [Times: user=0.01 sys=0.00, real=0.01 secs] 
2024-07-05T12:12:03.026+0800: 4717.263: [GC (Allocation Failure) [PSYoungGen: 175591K->96K(172544K)] 658531K->483044K(790528K), 0.0026915 secs] [Times: user=0.01 sys=0.00, real=0.00 secs] 
2024-07-05T12:12:04.228+0800: 4718.465: [GC (Allocation Failure) [PSYoungGen: 170909K->80K(167424K)] 653857K->483036K(785408K), 0.0038762 secs] [Times: user=0.00 sys=0.00, real=0.00 secs] 
2024-07-05T12:12:05.438+0800: 4719.675: [GC (Allocation Failure) [PSYoungGen: 166974K->592K(177664K)] 649931K->483556K(795648K), 0.0044488 secs] [Times: user=0.01 sys=0.00, real=0.01 secs] 
2024-07-05T12:12:06.704+0800: 4720.941: [GC (Allocation Failure) [PSYoungGen: 177232K->96K(172544K)] 660196K->483068K(790528K), 0.0027085 secs] [Times: user=0.01 sys=0.00, real=0.00 secs] 
2024-07-05T12:12:07.906+0800: 4722.143: [GC (Allocation Failure) [PSYoungGen: 172032K->64K(168960K)] 655005K->483044K(786944K), 0.0026476 secs] [Times: user=0.00 sys=0.00, real=0.00 secs] 
2024-07-05T12:12:09.115+0800: 4723.352: [GC (Allocation Failure) [PSYoungGen: 167837K->64K(178176K)] 650817K->483052K(796160K), 0.0045266 secs] [Times: user=0.00 sys=0.00, real=0.00 secs] 
2024-07-05T12:12:10.352+0800: 4724.589: [GC (Allocation Failure) [PSYoungGen: 177728K->608K(174080K)] 660716K->483604K(792064K), 0.0026650 secs] [Times: user=0.00 sys=0.00, real=0.01 secs] 
2024-07-05T12:12:11.579+0800: 4725.816: [GC (Allocation Failure) [PSYoungGen: 173429K->608K(169984K)] 656425K->483612K(787968K), 0.0034432 secs] [Times: user=0.00 sys=0.00, real=0.01 secs] 
2024-07-05T12:12:12.765+0800: 4727.002: [GC (Allocation Failure) [PSYoungGen: 169268K->608K(165888K)] 652273K->483620K(783872K), 0.0027774 secs] [Times: user=0.01 sys=0.00, real=0.00 secs] 
2024-07-05T12:12:13.900+0800: 4728.137: [GC (Allocation Failure) [PSYoungGen: 165412K->96K(161280K)] 648424K->483116K(779264K), 0.0027707 secs] [Times: user=0.00 sys=0.00, real=0.01 secs] 
2024-07-05T12:12:15.048+0800: 4729.285: [GC (Allocation Failure) [PSYoungGen: 160419K->64K(158720K)] 643439K->483092K(776704K), 0.0039800 secs] [Times: user=0.00 sys=0.00, real=0.00 secs] 
2024-07-05T12:12:16.151+0800: 4730.388: [GC (Allocation Failure) [PSYoungGen: 157149K->64K(167424K)] 640178K->483100K(785408K), 0.0046860 secs] [Times: user=0.00 sys=0.00, real=0.01 secs] 
2024-07-05T12:12:17.323+0800: 4731.560: [GC (Allocation Failure) [PSYoungGen: 166665K->608K(177664K)] 649702K->483652K(795648K), 0.0026764 secs] [Times: user=0.00 sys=0.00, real=0.00 secs] 
2024-07-05T12:12:18.534+0800: 4732.771: [GC (Allocation Failure) [PSYoungGen: 177151K->608K(187392K)] 660195K->483660K(805376K), 0.0030249 secs] [Times: user=0.01 sys=0.00, real=0.00 secs] 
2024-07-05T12:12:19.894+0800: 4734.131: [GC (Allocation Failure) [PSYoungGen: 186741K->64K(197632K)] 669793K->483124K(815616K), 0.0042541 secs] [Times: user=0.01 sys=0.00, real=0.00 secs] 
2024-07-05T12:12:21.276+0800: 4735.513: [GC (Allocation Failure) [PSYoungGen: 197024K->64K(208896K)] 680084K->483132K(826880K), 0.0037620 secs] [Times: user=0.00 sys=0.00, real=0.00 secs] 
2024-07-05T12:12:22.713+0800: 4736.950: [GC (Allocation Failure) [PSYoungGen: 208064K->608K(203776K)] 691132K->483684K(821760K), 0.0029052 secs] [Times: user=0.01 sys=0.00, real=0.01 secs] 
2024-07-05T12:12:24.246+0800: 4738.483: [GC (Allocation Failure) [PSYoungGen: 203321K->64K(197632K)] 686397K->483148K(815616K), 0.0030045 secs] [Times: user=0.00 sys=0.00, real=0.00 secs] 
2024-07-05T12:12:25.794+0800: 4740.031: [GC (Allocation Failure) [PSYoungGen: 196874K->608K(193536K)] 679959K->483700K(811520K), 0.0029031 secs] [Times: user=0.01 sys=0.00, real=0.00 secs] 
2024-07-05T12:12:27.134+0800: 4741.370: [GC (Allocation Failure) [PSYoungGen: 192182K->128K(187392K)] 675274K->483228K(805376K), 0.0039263 secs] [Times: user=0.01 sys=0.00, real=0.00 secs] 
2024-07-05T12:12:28.438+0800: 4742.675: [GC (Allocation Failure) [PSYoungGen: 186957K->96K(183808K)] 670058K->483204K(801792K), 0.0027861 secs] [Times: user=0.01 sys=0.00, real=0.00 secs] 
2024-07-05T12:12:29.725+0800: 4743.962: [GC (Allocation Failure) [PSYoungGen: 181990K->96K(178176K)] 665099K->483212K(796160K), 0.0026830 secs] [Times: user=0.01 sys=0.00, real=0.00 secs] 
2024-07-05T12:12:30.958+0800: 4745.195: [GC (Allocation Failure) [PSYoungGen: 177709K->96K(174080K)] 660826K->483220K(792064K), 0.0027731 secs] [Times: user=0.01 sys=0.00, real=0.00 secs] 
2024-07-05T12:12:32.195+0800: 4746.432: [GC (Allocation Failure) [PSYoungGen: 173063K->96K(169472K)] 656187K->483228K(787456K), 0.0027690 secs] [Times: user=0.01 sys=0.00, real=0.00 secs] 
2024-07-05T12:12:33.367+0800: 4747.604: [GC (Allocation Failure) [PSYoungGen: 168771K->128K(165888K)] 651904K->483268K(783872K), 0.0035453 secs] [Times: user=0.00 sys=0.00, real=0.00 secs] 
2024-07-05T12:12:34.542+0800: 4748.779: [GC (Allocation Failure) [PSYoungGen: 164932K->608K(161792K)] 648072K->483756K(779776K), 0.0042101 secs] [Times: user=0.00 sys=0.00, real=0.00 secs] 
2024-07-05T12:12:35.716+0800: 4749.953: [GC (Allocation Failure) [PSYoungGen: 161057K->80K(157696K)] 644205K->483236K(775680K), 0.0032989 secs] [Times: user=0.00 sys=0.00, real=0.00 secs] 
2024-07-05T12:12:36.802+0800: 4751.039: [GC (Allocation Failure) [PSYoungGen: 156808K->80K(166912K)] 639964K->483244K(784896K), 0.0036110 secs] [Times: user=0.00 sys=0.00, real=0.00 secs] 
2024-07-05T12:12:37.995+0800: 4752.232: [GC (Allocation Failure) [PSYoungGen: 166095K->96K(163328K)] 649260K->483268K(781312K), 0.0027429 secs] [Times: user=0.00 sys=0.00, real=0.00 secs] 
2024-07-05T12:12:39.124+0800: 4753.361: [GC (Allocation Failure) [PSYoungGen: 162250K->64K(158720K)] 645423K->483244K(776704K), 0.0028104 secs] [Times: user=0.00 sys=0.00, real=0.00 secs] 
2024-07-05T12:12:40.232+0800: 4754.469: [GC (Allocation Failure) [PSYoungGen: 158272K->608K(155648K)] 641452K->483796K(773632K), 0.0027656 secs] [Times: user=0.00 sys=0.00, real=0.01 secs] 
2024-07-05T12:12:41.313+0800: 4755.550: [GC (Allocation Failure) [PSYoungGen: 154732K->640K(164352K)] 637920K->483836K(782336K), 0.0038773 secs] [Times: user=0.01 sys=0.00, real=0.00 secs] 
2024-07-05T12:12:42.462+0800: 4756.699: [GC (Allocation Failure) [PSYoungGen: 163745K->608K(160256K)] 646941K->483812K(778240K), 0.0028686 secs] [Times: user=0.01 sys=0.00, real=0.00 secs] 
2024-07-05T12:12:43.609+0800: 4757.846: [GC (Allocation Failure) [PSYoungGen: 159357K->96K(156160K)] 642561K->483308K(774144K), 0.0027701 secs] [Times: user=0.00 sys=0.00, real=0.00 secs] 
2024-07-05T12:12:44.762+0800: 4758.999: [GC (Allocation Failure) [PSYoungGen: 155593K->640K(165888K)] 638805K->483860K(783872K), 0.0046172 secs] [Times: user=0.00 sys=0.00, real=0.00 secs] 
2024-07-05T12:12:45.927+0800: 4760.164: [GC (Allocation Failure) [PSYoungGen: 165450K->96K(174592K)] 648671K->483324K(792576K), 0.0028540 secs] [Times: user=0.01 sys=0.00, real=0.00 secs] 
2024-07-05T12:12:47.210+0800: 4761.447: [GC (Allocation Failure) [PSYoungGen: 173963K->96K(171008K)] 657192K->483332K(788992K), 0.0026786 secs] [Times: user=0.00 sys=0.00, real=0.00 secs] 
2024-07-05T12:12:48.446+0800: 4762.683: [GC (Allocation Failure) [PSYoungGen: 170031K->80K(166400K)] 653268K->483324K(784384K), 0.0029368 secs] [Times: user=0.01 sys=0.00, real=0.00 secs] 
2024-07-05T12:12:49.622+0800: 4763.859: [GC (Allocation Failure) [PSYoungGen: 165771K->128K(176640K)] 649015K->483380K(794624K), 0.0052238 secs] [Times: user=0.00 sys=0.00, real=0.00 secs] 
2024-07-05T12:12:50.889+0800: 4765.126: [GC (Allocation Failure) [PSYoungGen: 175594K->96K(185856K)] 658846K->483356K(803840K), 0.0027099 secs] [Times: user=0.00 sys=0.00, real=0.00 secs] 
2024-07-05T12:12:52.217+0800: 4766.454: [GC (Allocation Failure) [PSYoungGen: 185279K->608K(181760K)] 668539K->483876K(799744K), 0.0029297 secs] [Times: user=0.00 sys=0.00, real=0.00 secs] 
2024-07-05T12:12:53.514+0800: 4767.751: [GC (Allocation Failure) [PSYoungGen: 180891K->96K(176640K)] 664159K->483372K(794624K), 0.0041387 secs] [Times: user=0.00 sys=0.00, real=0.00 secs] 
2024-07-05T12:12:54.746+0800: 4768.982: [GC (Allocation Failure) [PSYoungGen: 175738K->576K(187904K)] 659015K->483860K(805888K), 0.0047523 secs] [Times: user=0.01 sys=0.00, real=0.00 secs] 
2024-07-05T12:12:56.023+0800: 4770.260: [GC (Allocation Failure) [PSYoungGen: 187359K->96K(198144K)] 670644K->483388K(816128K), 0.0028122 secs] [Times: user=0.00 sys=0.00, real=0.00 secs] 
2024-07-05T12:12:57.418+0800: 4771.655: [GC (Allocation Failure) [PSYoungGen: 197582K->608K(208384K)] 680874K->483908K(826368K), 0.0041156 secs] [Times: user=0.00 sys=0.00, real=0.01 secs] 
2024-07-05T12:12:58.912+0800: 4773.148: [GC (Allocation Failure) [PSYoungGen: 207809K->96K(202240K)] 691109K->483404K(820224K), 0.0027526 secs] [Times: user=0.00 sys=0.00, real=0.01 secs] 
2024-07-05T12:13:00.360+0800: 4774.597: [GC (Allocation Failure) [PSYoungGen: 201755K->64K(197120K)] 685063K->483380K(815104K), 0.0027629 secs] [Times: user=0.00 sys=0.00, real=0.01 secs] 
2024-07-05T12:13:01.702+0800: 4775.939: [GC (Allocation Failure) [PSYoungGen: 195839K->608K(192000K)] 679156K->483932K(809984K), 0.0028424 secs] [Times: user=0.00 sys=0.00, real=0.00 secs] 
2024-07-05T12:13:03.006+0800: 4777.243: [GC (Allocation Failure) [PSYoungGen: 191141K->64K(186368K)] 674466K->483396K(804352K), 0.0046511 secs] [Times: user=0.00 sys=0.00, real=0.00 secs] 
2024-07-05T12:13:04.339+0800: 4778.576: [GC (Allocation Failure) [PSYoungGen: 185897K->64K(181760K)] 669230K->483404K(799744K), 0.0039769 secs] [Times: user=0.00 sys=0.00, real=0.01 secs] 
2024-07-05T12:13:05.664+0800: 4779.901: [GC (Allocation Failure) [PSYoungGen: 180890K->608K(177664K)] 664230K->483956K(795648K), 0.0027676 secs] [Times: user=0.01 sys=0.00, real=0.00 secs] 
2024-07-05T12:13:06.922+0800: 4781.159: [GC (Allocation Failure) [PSYoungGen: 176961K->96K(172544K)] 660309K->483452K(790528K), 0.0027818 secs] [Times: user=0.00 sys=0.00, real=0.00 secs] 
2024-07-05T12:13:08.180+0800: 4782.417: [GC (Allocation Failure) [PSYoungGen: 172127K->96K(168960K)] 655483K->483460K(786944K), 0.0027009 secs] [Times: user=0.00 sys=0.00, real=0.01 secs] 
2024-07-05T12:13:09.402+0800: 4783.639: [GC (Allocation Failure) [PSYoungGen: 167825K->96K(164352K)] 651190K->483468K(782336K), 0.0027534 secs] [Times: user=0.00 sys=0.00, real=0.00 secs] 
2024-07-05T12:13:10.571+0800: 4784.808: [GC (Allocation Failure) [PSYoungGen: 163890K->96K(160768K)] 647263K->483476K(778752K), 0.0029083 secs] [Times: user=0.00 sys=0.00, real=0.01 secs] 
2024-07-05T12:13:11.726+0800: 4785.963: [GC (Allocation Failure) [PSYoungGen: 159438K->608K(157184K)] 642819K->483996K(775168K), 0.0027556 secs] [Times: user=0.00 sys=0.00, real=0.00 secs] 
2024-07-05T12:13:12.829+0800: 4787.066: [GC (Allocation Failure) [PSYoungGen: 156591K->128K(165376K)] 639979K->483524K(783360K), 0.0046214 secs] [Times: user=0.01 sys=0.00, real=0.01 secs] 
2024-07-05T12:13:14.062+0800: 4788.299: [GC (Allocation Failure) [PSYoungGen: 164928K->608K(176128K)] 648324K->484012K(794112K), 0.0049983 secs] [Times: user=0.01 sys=0.00, real=0.00 secs] 
2024-07-05T12:13:15.245+0800: 4789.482: [GC (Allocation Failure) [PSYoungGen: 175678K->608K(186368K)] 659083K->484020K(804352K), 0.0028379 secs] [Times: user=0.00 sys=0.00, real=0.00 secs] 
2024-07-05T12:13:16.521+0800: 4790.758: [GC (Allocation Failure) [PSYoungGen: 185819K->80K(197120K)] 669232K->483500K(815104K), 0.0049901 secs] [Times: user=0.01 sys=0.00, real=0.00 secs] 
2024-07-05T12:13:17.866+0800: 4792.103: [GC (Allocation Failure) [PSYoungGen: 196397K->96K(206336K)] 679817K->483524K(824320K), 0.0028958 secs] [Times: user=0.01 sys=0.00, real=0.00 secs] 
2024-07-05T12:13:19.242+0800: 4793.479: [GC (Allocation Failure) [PSYoungGen: 204919K->64K(208896K)] 688347K->483500K(826880K), 0.0035352 secs] [Times: user=0.00 sys=0.00, real=0.00 secs] 
2024-07-05T12:13:20.661+0800: 4794.898: [GC (Allocation Failure) [PSYoungGen: 207519K->608K(203264K)] 690955K->484052K(821248K), 0.0029085 secs] [Times: user=0.00 sys=0.00, real=0.00 secs] 
2024-07-05T12:13:22.050+0800: 4796.287: [GC (Allocation Failure) [PSYoungGen: 202794K->96K(197120K)] 686239K->484060K(815104K), 0.0026769 secs] [Times: user=0.00 sys=0.00, real=0.00 secs] 
2024-07-05T12:13:23.376+0800: 4797.613: [GC (Allocation Failure) [PSYoungGen: 196543K->64K(192512K)] 680507K->484036K(810496K), 0.0033323 secs] [Times: user=0.01 sys=0.00, real=0.00 secs] 
2024-07-05T12:13:24.695+0800: 4798.932: [GC (Allocation Failure) [PSYoungGen: 191531K->80K(186880K)] 675504K->484060K(804864K), 0.0038192 secs] [Times: user=0.00 sys=0.00, real=0.00 secs] 
2024-07-05T12:13:25.976+0800: 4800.213: [GC (Allocation Failure) [PSYoungGen: 186411K->640K(182784K)] 670391K->484628K(800768K), 0.0031999 secs] [Times: user=0.01 sys=0.00, real=0.00 secs] 
2024-07-05T12:13:27.204+0800: 4801.441: [GC (Allocation Failure) [PSYoungGen: 182005K->640K(178176K)] 665993K->484636K(796160K), 0.0034256 secs] [Times: user=0.01 sys=0.00, real=0.00 secs] 
2024-07-05T12:13:28.464+0800: 4802.701: [GC (Allocation Failure) [PSYoungGen: 177715K->608K(173568K)] 661712K->484612K(791552K), 0.0028304 secs] [Times: user=0.00 sys=0.00, real=0.00 secs] 
2024-07-05T12:13:29.689+0800: 4803.926: [GC (Allocation Failure) [PSYoungGen: 173065K->96K(168960K)] 657069K->484620K(786944K), 0.0028991 secs] [Times: user=0.01 sys=0.00, real=0.00 secs] 
2024-07-05T12:13:30.948+0800: 4805.185: [GC (Allocation Failure) [PSYoungGen: 168534K->80K(165888K)] 653059K->484612K(783872K), 0.0038422 secs] [Times: user=0.01 sys=0.00, real=0.00 secs] 
2024-07-05T12:13:32.146+0800: 4806.383: [GC (Allocation Failure) [PSYoungGen: 164073K->64K(160768K)] 648605K->484604K(778752K), 0.0040322 secs] [Times: user=0.00 sys=0.00, real=0.00 secs] 
2024-07-05T12:13:33.289+0800: 4807.526: [GC (Allocation Failure) [PSYoungGen: 160204K->608K(157696K)] 644744K->485156K(775680K), 0.0027277 secs] [Times: user=0.01 sys=0.00, real=0.00 secs] 
2024-07-05T12:13:34.434+0800: 4808.671: [GC (Allocation Failure) [PSYoungGen: 157159K->64K(153600K)] 641707K->484620K(771584K), 0.0028820 secs] [Times: user=0.01 sys=0.00, real=0.00 secs] 
2024-07-05T12:13:35.556+0800: 4809.793: [GC (Allocation Failure) [PSYoungGen: 152683K->128K(150528K)] 637240K->484692K(768512K), 0.0031113 secs] [Times: user=0.00 sys=0.00, real=0.00 secs] 
2024-07-05T12:13:36.642+0800: 4810.879: [GC (Allocation Failure) [PSYoungGen: 149546K->64K(159232K)] 634111K->484636K(777216K), 0.0047233 secs] [Times: user=0.00 sys=0.00, real=0.00 secs] 
2024-07-05T12:13:37.755+0800: 4811.992: [GC (Allocation Failure) [PSYoungGen: 158613K->576K(168960K)] 643185K->485156K(786944K), 0.0029113 secs] [Times: user=0.00 sys=0.00, real=0.00 secs] 
2024-07-05T12:13:38.962+0800: 4813.198: [GC (Allocation Failure) [PSYoungGen: 168241K->96K(178176K)] 652821K->484684K(796160K), 0.0032028 secs] [Times: user=0.01 sys=0.00, real=0.00 secs] 
2024-07-05T12:13:40.197+0800: 4814.434: [GC (Allocation Failure) [PSYoungGen: 177363K->640K(174080K)] 661952K->485236K(792064K), 0.0031157 secs] [Times: user=0.00 sys=0.00, real=0.00 secs] 
2024-07-05T12:13:41.445+0800: 4815.682: [GC (Allocation Failure) [PSYoungGen: 173569K->96K(169472K)] 658165K->484700K(787456K), 0.0028751 secs] [Times: user=0.01 sys=0.00, real=0.00 secs] 
2024-07-05T12:13:42.666+0800: 4816.903: [GC (Allocation Failure) [PSYoungGen: 168926K->592K(179712K)] 653531K->485204K(797696K), 0.0045447 secs] [Times: user=0.00 sys=0.00, real=0.00 secs] 
2024-07-05T12:13:43.917+0800: 4818.154: [GC (Allocation Failure) [PSYoungGen: 179256K->608K(175104K)] 663869K->485228K(793088K), 0.0027806 secs] [Times: user=0.01 sys=0.00, real=0.00 secs] 
2024-07-05T12:13:45.154+0800: 4819.391: [GC (Allocation Failure) [PSYoungGen: 174204K->96K(171520K)] 658825K->484724K(789504K), 0.0027801 secs] [Times: user=0.01 sys=0.00, real=0.00 secs] 
2024-07-05T12:13:46.346+0800: 4820.583: [GC (Allocation Failure) [PSYoungGen: 169984K->608K(166912K)] 654613K->485244K(784896K), 0.0028063 secs] [Times: user=0.00 sys=0.00, real=0.00 secs] 
2024-07-05T12:13:47.526+0800: 4821.762: [GC (Allocation Failure) [PSYoungGen: 166213K->608K(162816K)] 650850K->485252K(780800K), 0.0028572 secs] [Times: user=0.00 sys=0.00, real=0.00 secs] 
2024-07-05T12:13:48.653+0800: 4822.890: [GC (Allocation Failure) [PSYoungGen: 162159K->128K(171520K)] 646804K->484780K(789504K), 0.0044994 secs] [Times: user=0.00 sys=0.00, real=0.01 secs] 
2024-07-05T12:13:49.892+0800: 4824.129: [GC (Allocation Failure) [PSYoungGen: 170998K->96K(182784K)] 655650K->484756K(800768K), 0.0042860 secs] [Times: user=0.01 sys=0.00, real=0.01 secs] 
2024-07-05T12:13:50.533+0800: 4824.770: [GC (Allocation Failure) [PSYoungGen: 181344K->1152K(194048K)] 666004K->485820K(812032K), 0.0027914 secs] [Times: user=0.01 sys=0.00, real=0.00 secs] 
2024-07-05T12:13:50.901+0800: 4825.138: [GC (Allocation Failure) [PSYoungGen: 193664K->1536K(202240K)] 678332K->486372K(820224K), 0.0029273 secs] [Times: user=0.01 sys=0.00, real=0.00 secs] 
2024-07-05T12:13:51.258+0800: 4825.495: [GC (Allocation Failure) [PSYoungGen: 202240K->480K(209408K)] 687076K->485316K(827392K), 0.0030262 secs] [Times: user=0.00 sys=0.00, real=0.00 secs] 
2024-07-05T12:13:51.636+0800: 4825.873: [GC (Allocation Failure) [PSYoungGen: 207840K->1824K(209408K)] 692676K->486660K(827392K), 0.0038344 secs] [Times: user=0.01 sys=0.00, real=0.00 secs] 
2024-07-05T12:13:51.998+0800: 4826.235: [GC (Allocation Failure) [PSYoungGen: 209184K->2048K(228864K)] 694020K->486884K(846848K), 0.0058693 secs] [Times: user=0.00 sys=0.00, real=0.01 secs] 
2024-07-05T12:13:52.409+0800: 4826.646: [GC (Allocation Failure) [PSYoungGen: 228864K->704K(229376K)] 713700K->485540K(847360K), 0.0040961 secs] [Times: user=0.01 sys=0.00, real=0.01 secs] 
2024-07-05T12:13:52.848+0800: 4827.085: [GC (Allocation Failure) [PSYoungGen: 227520K->1888K(254976K)] 712356K->486724K(872960K), 0.0043421 secs] [Times: user=0.00 sys=0.00, real=0.00 secs] 
2024-07-05T12:13:53.296+0800: 4827.533: [GC (Allocation Failure) [PSYoungGen: 254304K->1376K(254976K)] 739140K->486212K(872960K), 0.0032202 secs] [Times: user=0.01 sys=0.00, real=0.00 secs] 
2024-07-05T12:13:53.734+0800: 4827.971: [GC (Allocation Failure) [PSYoungGen: 253792K->1024K(282624K)] 738628K->485860K(900608K), 0.0052454 secs] [Times: user=0.01 sys=0.00, real=0.00 secs] 
2024-07-05T12:13:54.228+0800: 4828.465: [GC (Allocation Failure) [PSYoungGen: 281088K->1120K(282624K)] 765924K->485956K(900608K), 0.0030326 secs] [Times: user=0.00 sys=0.00, real=0.00 secs] 
2024-07-05T12:13:54.710+0800: 4828.947: [GC (Allocation Failure) [PSYoungGen: 281184K->1744K(311808K)] 766020K->486596K(929792K), 0.0034511 secs] [Times: user=0.00 sys=0.00, real=0.01 secs] 
2024-07-05T12:13:55.282+0800: 4829.519: [GC (Allocation Failure) [PSYoungGen: 311504K->816K(312832K)] 796356K->485676K(930816K), 0.0050699 secs] [Times: user=0.00 sys=0.01, real=0.00 secs] 
2024-07-05T12:13:55.821+0800: 4830.057: [GC (Allocation Failure) [PSYoungGen: 311088K->1248K(344576K)] 795948K->486116K(962560K), 0.0033812 secs] [Times: user=0.01 sys=0.00, real=0.01 secs] 
2024-07-05T12:13:56.426+0800: 4830.663: [GC (Allocation Failure) [PSYoungGen: 343776K->1232K(345088K)] 828644K->486108K(963072K), 0.0054271 secs] [Times: user=0.01 sys=0.00, real=0.00 secs] 
2024-07-05T12:13:57.107+0800: 4831.344: [GC (Allocation Failure) [PSYoungGen: 343760K->1072K(380416K)] 828636K->485956K(998400K), 0.0051822 secs] [Times: user=0.00 sys=0.00, real=0.00 secs] 
2024-07-05T12:13:57.778+0800: 4832.015: [GC (Allocation Failure) [PSYoungGen: 379440K->960K(380928K)] 864324K->485852K(998912K), 0.0041111 secs] [Times: user=0.00 sys=0.01, real=0.01 secs] 
2024-07-05T12:13:58.433+0800: 4832.670: [GC (Allocation Failure) [PSYoungGen: 379328K->1760K(417280K)] 864220K->486660K(1035264K), 0.0032795 secs] [Times: user=0.01 sys=0.00, real=0.00 secs] 
2024-07-05T12:13:59.195+0800: 4833.432: [GC (Allocation Failure) [PSYoungGen: 416992K->640K(418304K)] 901892K->485548K(1036288K), 0.0039103 secs] [Times: user=0.00 sys=0.00, real=0.00 secs] 
2024-07-05T12:13:59.954+0800: 4834.191: [GC (Allocation Failure) [PSYoungGen: 416384K->1472K(454144K)] 901292K->486380K(1072128K), 0.0031908 secs] [Times: user=0.01 sys=0.00, real=0.00 secs] 
2024-07-05T12:14:00.699+0800: 4834.936: [GC (Allocation Failure) [PSYoungGen: 454080K->1376K(455680K)] 938988K->486284K(1073664K), 0.0039370 secs] [Times: user=0.00 sys=0.00, real=0.01 secs] 
2024-07-05T12:14:01.474+0800: 4835.711: [GC (Allocation Failure) [PSYoungGen: 454496K->1312K(494592K)] 939404K->486220K(1112576K), 0.0047230 secs] [Times: user=0.00 sys=0.00, real=0.00 secs] 
2024-07-05T12:14:02.343+0800: 4836.580: [GC (Allocation Failure) [PSYoungGen: 493344K->960K(494592K)] 978252K->485868K(1112576K), 0.0032311 secs] [Times: user=0.01 sys=0.00, real=0.00 secs] 
2024-07-05T12:14:03.212+0800: 4837.449: [GC (Allocation Failure) [PSYoungGen: 492992K->1216K(532992K)] 977900K->486124K(1150976K), 0.0031716 secs] [Times: user=0.00 sys=0.00, real=0.01 secs] 
2024-07-05T12:14:04.162+0800: 4838.399: [GC (Allocation Failure) [PSYoungGen: 532672K->1504K(535040K)] 1017580K->486412K(1153024K), 0.0050550 secs] [Times: user=0.00 sys=0.00, real=0.00 secs] 
2024-07-05T12:14:05.131+0800: 4839.368: [GC (Allocation Failure) [PSYoungGen: 534496K->1632K(577024K)] 1019404K->486540K(1195008K), 0.0059174 secs] [Times: user=0.00 sys=0.00, real=0.01 secs] 
2024-07-05T12:14:06.150+0800: 4840.387: [GC (Allocation Failure) [PSYoungGen: 576096K->1408K(577024K)] 1061004K->486316K(1195008K), 0.0043905 secs] [Times: user=0.01 sys=0.00, real=0.01 secs] 
2024-07-05T12:14:07.097+0800: 4841.334: [GC (Allocation Failure) [PSYoungGen: 575872K->1440K(623616K)] 1060780K->486356K(1241600K), 0.0050748 secs] [Times: user=0.00 sys=0.00, real=0.01 secs] 
2024-07-05T12:14:08.174+0800: 4842.410: [GC (Allocation Failure) [PSYoungGen: 622496K->1248K(623616K)] 1107412K->486172K(1241600K), 0.0031404 secs] [Times: user=0.01 sys=0.00, real=0.00 secs] 
2024-07-05T12:14:09.285+0800: 4843.522: [GC (Allocation Failure) [PSYoungGen: 622304K->2016K(668160K)] 1107228K->486964K(1286144K), 0.0035209 secs] [Times: user=0.01 sys=0.00, real=0.00 secs] 
2024-07-05T12:14:10.457+0800: 4844.694: [GC (Allocation Failure) [PSYoungGen: 668128K->1520K(669696K)] 1153076K->486476K(1287680K), 0.0033652 secs] [Times: user=0.01 sys=0.00, real=0.00 secs] 
2024-07-05T12:14:11.660+0800: 4845.897: [GC (Allocation Failure) [PSYoungGen: 668656K->1408K(714240K)] 1153612K->486364K(1332224K), 0.0065250 secs] [Times: user=0.00 sys=0.00, real=0.01 secs] 
2024-07-05T12:14:13.026+0800: 4847.263: [GC (Allocation Failure) [PSYoungGen: 713088K->1312K(714240K)] 1198044K->486276K(1332224K), 0.0047935 secs] [Times: user=0.00 sys=0.00, real=0.00 secs] 
2024-07-05T12:14:14.230+0800: 4848.467: [GC (Allocation Failure) [PSYoungGen: 712992K->960K(762368K)] 1197956K->485932K(1380352K), 0.0042314 secs] [Times: user=0.01 sys=0.00, real=0.01 secs] 
2024-07-05T12:14:15.475+0800: 4849.711: [GC (Allocation Failure) [PSYoungGen: 761792K->1920K(763392K)] 1246764K->486900K(1381376K), 0.0058753 secs] [Times: user=0.01 sys=0.00, real=0.00 secs] 
2024-07-05T12:14:16.910+0800: 4851.147: [GC (Allocation Failure) [PSYoungGen: 762752K->1248K(815616K)] 1247732K->486236K(1433600K), 0.0051106 secs] [Times: user=0.00 sys=0.00, real=0.01 secs] 
2024-07-05T12:14:18.417+0800: 4852.654: [GC (Allocation Failure) [PSYoungGen: 815328K->1248K(816640K)] 1300316K->486244K(1434624K), 0.0033093 secs] [Times: user=0.01 sys=0.00, real=0.00 secs] 
2024-07-05T12:14:19.750+0800: 4853.987: [GC (Allocation Failure) [PSYoungGen: 815328K->1536K(868864K)] 1300324K->486540K(1486848K), 0.0047454 secs] [Times: user=0.00 sys=0.00, real=0.01 secs] 
2024-07-05T12:14:21.238+0800: 4855.474: [GC (Allocation Failure) [PSYoungGen: 867840K->1280K(868864K)] 1352844K->486292K(1486848K), 0.0045113 secs] [Times: user=0.01 sys=0.00, real=0.01 secs] 
2024-07-05T12:14:22.767+0800: 4857.004: [GC (Allocation Failure) [PSYoungGen: 867584K->2016K(921088K)] 1352596K->487060K(1539072K), 0.0042856 secs] [Times: user=0.01 sys=0.00, real=0.00 secs] 
2024-07-05T12:14:24.390+0800: 4858.627: [GC (Allocation Failure) [PSYoungGen: 921056K->2064K(922112K)] 1406100K->487116K(1540096K), 0.0050334 secs] [Times: user=0.00 sys=0.00, real=0.01 secs] 
2024-07-05T12:14:26.018+0800: 4860.255: [GC (Allocation Failure) [PSYoungGen: 921616K->992K(972288K)] 1406668K->486044K(1590272K), 0.0032172 secs] [Times: user=0.00 sys=0.00, real=0.01 secs] 
2024-07-05T12:14:27.778+0800: 4862.014: [GC (Allocation Failure) [PSYoungGen: 972256K->1536K(975360K)] 1457308K->486596K(1593344K), 0.0056545 secs] [Times: user=0.01 sys=0.00, real=0.01 secs] 
2024-07-05T12:14:29.510+0800: 4863.747: [GC (Allocation Failure) [PSYoungGen: 974336K->1888K(1028096K)] 1459396K->486956K(1646080K), 0.0041349 secs] [Times: user=0.00 sys=0.00, real=0.01 secs] 
2024-07-05T12:14:31.391+0800: 4865.628: [GC (Allocation Failure) [PSYoungGen: 1027936K->1280K(983552K)] 1513004K->486356K(1601536K), 0.0044034 secs] [Times: user=0.00 sys=0.00, real=0.01 secs] 
2024-07-05T12:14:33.166+0800: 4867.403: [GC (Allocation Failure) [PSYoungGen: 983296K->1856K(942080K)] 1468372K->486940K(1560064K), 0.0033067 secs] [Times: user=0.01 sys=0.00, real=0.00 secs] 
2024-07-05T12:14:34.892+0800: 4869.128: [GC (Allocation Failure) [PSYoungGen: 941888K->1472K(901632K)] 1426972K->486564K(1519616K), 0.0032168 secs] [Times: user=0.00 sys=0.00, real=0.01 secs] 
2024-07-05T12:14:36.517+0800: 4870.753: [GC (Allocation Failure) [PSYoungGen: 901568K->1328K(863744K)] 1386660K->486428K(1481728K), 0.0030896 secs] [Times: user=0.00 sys=0.00, real=0.00 secs] 
2024-07-05T12:14:38.051+0800: 4872.288: [GC (Allocation Failure) [PSYoungGen: 863536K->1408K(827392K)] 1348636K->486516K(1445376K), 0.0036659 secs] [Times: user=0.00 sys=0.00, real=0.01 secs] 
2024-07-05T12:14:39.525+0800: 4873.761: [GC (Allocation Failure) [PSYoungGen: 827264K->1632K(793600K)] 1312372K->486748K(1411584K), 0.0033189 secs] [Times: user=0.01 sys=0.00, real=0.00 secs] 
2024-07-05T12:14:40.817+0800: 4875.054: [GC (Allocation Failure) [PSYoungGen: 793184K->1504K(760320K)] 1278300K->486628K(1378304K), 0.0056882 secs] [Times: user=0.01 sys=0.00, real=0.01 secs] 
2024-07-05T12:14:42.098+0800: 4876.335: [GC (Allocation Failure) [PSYoungGen: 760288K->2016K(729600K)] 1245412K->487156K(1347584K), 0.0032874 secs] [Times: user=0.00 sys=0.00, real=0.01 secs] 
2024-07-05T12:14:43.317+0800: 4877.554: [GC (Allocation Failure) [PSYoungGen: 729568K->1104K(769536K)] 1214708K->486252K(1387520K), 0.0039338 secs] [Times: user=0.00 sys=0.00, real=0.00 secs] 
2024-07-05T12:14:44.582+0800: 4878.819: [GC (Allocation Failure) [PSYoungGen: 769104K->1536K(815616K)] 1254252K->486684K(1433600K), 0.0049369 secs] [Times: user=0.01 sys=0.00, real=0.00 secs] 
2024-07-05T12:14:46.087+0800: 4880.324: [GC (Allocation Failure) [PSYoungGen: 815104K->1152K(861696K)] 1300252K->486308K(1479680K), 0.0039498 secs] [Times: user=0.01 sys=0.00, real=0.00 secs] 
2024-07-05T12:14:47.615+0800: 4881.852: [GC (Allocation Failure) [PSYoungGen: 861312K->1584K(910848K)] 1346468K->486748K(1528832K), 0.0042484 secs] [Times: user=0.00 sys=0.00, real=0.00 secs] 
2024-07-05T12:14:49.097+0800: 4883.333: [GC (Allocation Failure) [PSYoungGen: 910384K->1408K(871936K)] 1395548K->486580K(1489920K), 0.0031330 secs] [Times: user=0.00 sys=0.00, real=0.00 secs] 
2024-07-05T12:14:50.634+0800: 4884.871: [GC (Allocation Failure) [PSYoungGen: 871808K->1088K(835072K)] 1356980K->486268K(1453056K), 0.0030382 secs] [Times: user=0.00 sys=0.00, real=0.00 secs] 
2024-07-05T12:14:52.150+0800: 4886.387: [GC (Allocation Failure) [PSYoungGen: 834624K->1312K(800256K)] 1319804K->486500K(1418240K), 0.0050698 secs] [Times: user=0.00 sys=0.00, real=0.01 secs] 
2024-07-05T12:14:53.595+0800: 4887.832: [GC (Allocation Failure) [PSYoungGen: 800032K->1504K(766976K)] 1285220K->486700K(1384960K), 0.0041395 secs] [Times: user=0.01 sys=0.00, real=0.00 secs] 
2024-07-05T12:14:54.974+0800: 4889.211: [GC (Allocation Failure) [PSYoungGen: 766944K->1184K(812032K)] 1252140K->486388K(1430016K), 0.0056791 secs] [Times: user=0.00 sys=0.00, real=0.00 secs] 
2024-07-05T12:14:56.348+0800: 4890.585: [GC (Allocation Failure) [PSYoungGen: 811680K->1504K(858112K)] 1296884K->487188K(1476096K), 0.0034514 secs] [Times: user=0.00 sys=0.00, real=0.00 secs] 
2024-07-05T12:14:57.763+0800: 4892.000: [GC (Allocation Failure) [PSYoungGen: 858080K->1376K(822272K)] 1343764K->487068K(1440256K), 0.0028474 secs] [Times: user=0.00 sys=0.00, real=0.00 secs] 
2024-07-05T12:14:59.125+0800: 4893.362: [GC (Allocation Failure) [PSYoungGen: 822112K->2000K(788480K)] 1307804K->487692K(1406464K), 0.0030367 secs] [Times: user=0.01 sys=0.00, real=0.00 secs] 
2024-07-05T12:15:00.458+0800: 4894.695: [GC (Allocation Failure) [PSYoungGen: 788432K->1584K(755712K)] 1274124K->487284K(1373696K), 0.0030936 secs] [Times: user=0.01 sys=0.00, real=0.01 secs] 
2024-07-05T12:15:01.814+0800: 4896.051: [GC (Allocation Failure) [PSYoungGen: 755248K->1536K(724480K)] 1240948K->487380K(1342464K), 0.0031262 secs] [Times: user=0.01 sys=0.00, real=0.00 secs] 
2024-07-05T12:15:03.127+0800: 4897.364: [GC (Allocation Failure) [PSYoungGen: 724480K->1216K(694784K)] 1210324K->487060K(1312768K), 0.0029060 secs] [Times: user=0.00 sys=0.00, real=0.00 secs] 
2024-07-05T12:15:04.411+0800: 4898.648: [GC (Allocation Failure) [PSYoungGen: 694464K->1568K(667136K)] 1180308K->487412K(1285120K), 0.0031118 secs] [Times: user=0.00 sys=0.00, real=0.01 secs] 
2024-07-05T12:15:05.497+0800: 4899.734: [GC (Allocation Failure) [PSYoungGen: 666656K->1856K(640512K)] 1152500K->487700K(1258496K), 0.0030068 secs] [Times: user=0.00 sys=0.00, real=0.00 secs] 
2024-07-05T12:15:06.598+0800: 4900.835: [GC (Allocation Failure) [PSYoungGen: 640320K->1536K(614400K)] 1126164K->487868K(1232384K), 0.0031199 secs] [Times: user=0.00 sys=0.00, real=0.01 secs] 
2024-07-05T12:15:07.606+0800: 4901.843: [GC (Allocation Failure) [PSYoungGen: 614400K->2096K(591360K)] 1100732K->488436K(1209344K), 0.0031774 secs] [Times: user=0.00 sys=0.00, real=0.00 secs] 
2024-07-05T12:15:08.727+0800: 4902.964: [GC (Allocation Failure) [PSYoungGen: 590896K->1312K(567296K)] 1077236K->487652K(1185280K), 0.0030382 secs] [Times: user=0.01 sys=0.00, real=0.00 secs] 
2024-07-05T12:15:09.652+0800: 4903.889: [GC (Allocation Failure) [PSYoungGen: 567072K->1568K(545792K)] 1053412K->487916K(1163776K), 0.0032259 secs] [Times: user=0.01 sys=0.00, real=0.01 secs] 
2024-07-05T12:15:10.784+0800: 4905.021: [GC (Allocation Failure) [PSYoungGen: 545312K->1792K(578048K)] 1031660K->488148K(1196032K), 0.0045275 secs] [Times: user=0.01 sys=0.00, real=0.00 secs] 
2024-07-05T12:15:11.932+0800: 4906.169: [GC (Allocation Failure) [PSYoungGen: 577792K->1600K(611840K)] 1064148K->487964K(1229824K), 0.0035449 secs] [Times: user=0.00 sys=0.00, real=0.01 secs] 
2024-07-05T12:15:13.173+0800: 4907.410: [GC (Allocation Failure) [PSYoungGen: 611392K->1536K(646144K)] 1097756K->488452K(1264128K), 0.0032257 secs] [Times: user=0.01 sys=0.00, real=0.00 secs] 
2024-07-05T12:15:14.466+0800: 4908.703: [GC (Allocation Failure) [PSYoungGen: 646144K->2016K(682496K)] 1133060K->488932K(1300480K), 0.0033240 secs] [Times: user=0.00 sys=0.00, real=0.00 secs] 
2024-07-05T12:15:15.890+0800: 4910.127: [GC (Allocation Failure) [PSYoungGen: 682464K->1760K(654848K)] 1169380K->488676K(1272832K), 0.0031022 secs] [Times: user=0.01 sys=0.00, real=0.00 secs] 
2024-07-05T12:15:17.273+0800: 4911.510: [GC (Allocation Failure) [PSYoungGen: 654560K->1984K(692224K)] 1141476K->488900K(1310208K), 0.0051725 secs] [Times: user=0.01 sys=0.00, real=0.00 secs] 
2024-07-05T12:15:18.646+0800: 4912.883: [GC (Allocation Failure) [PSYoungGen: 692158K->512K(663040K)] 1179075K->487428K(1281024K), 0.0029169 secs] [Times: user=0.01 sys=0.00, real=0.00 secs] 
2024-07-05T12:15:19.752+0800: 4913.989: [GC (Allocation Failure) [PSYoungGen: 663040K->1344K(638464K)] 1149956K->488260K(1256448K), 0.0028246 secs] [Times: user=0.00 sys=0.00, real=0.01 secs] 
2024-07-05T12:15:20.787+0800: 4915.024: [GC (Allocation Failure) [PSYoungGen: 637248K->1504K(612352K)] 1124164K->488420K(1230336K), 0.0029884 secs] [Times: user=0.00 sys=0.00, real=0.00 secs] 
2024-07-05T12:15:21.846+0800: 4916.083: [GC (Allocation Failure) [PSYoungGen: 612320K->1312K(648192K)] 1099236K->488228K(1266176K), 0.0044502 secs] [Times: user=0.01 sys=0.00, real=0.00 secs] 
2024-07-05T12:15:22.974+0800: 4917.211: [GC (Allocation Failure) [PSYoungGen: 647968K->2080K(690688K)] 1134884K->488996K(1308672K), 0.0052908 secs] [Times: user=0.00 sys=0.00, real=0.00 secs] 
2024-07-05T12:15:24.139+0800: 4918.376: [GC (Allocation Failure) [PSYoungGen: 690208K->1632K(736256K)] 1177124K->488548K(1354240K), 0.0050595 secs] [Times: user=0.01 sys=0.00, real=0.01 secs] 
2024-07-05T12:15:25.393+0800: 4919.630: [GC (Allocation Failure) [PSYoungGen: 735840K->608K(783872K)] 1222756K->487524K(1401856K), 0.0043027 secs] [Times: user=0.00 sys=0.00, real=0.00 secs] 
2024-07-05T12:15:26.674+0800: 4920.911: [GC (Allocation Failure) [PSYoungGen: 783456K->1600K(835584K)] 1270372K->488516K(1453568K), 0.0042172 secs] [Times: user=0.00 sys=0.00, real=0.00 secs] 
2024-07-05T12:15:28.212+0800: 4922.448: [GC (Allocation Failure) [PSYoungGen: 835136K->608K(885248K)] 1322052K->487524K(1503232K), 0.0037292 secs] [Times: user=0.01 sys=0.00, real=0.01 secs] 
2024-07-05T12:15:29.770+0800: 4924.007: [GC (Allocation Failure) [PSYoungGen: 884832K->1376K(939520K)] 1371748K->488292K(1557504K), 0.0050461 secs] [Times: user=0.01 sys=0.00, real=0.01 secs] 
2024-07-05T12:15:31.411+0800: 4925.648: [GC (Allocation Failure) [PSYoungGen: 939360K->1664K(992256K)] 1426276K->488580K(1610240K), 0.0029218 secs] [Times: user=0.00 sys=0.00, real=0.01 secs] 
2024-07-05T12:15:33.230+0800: 4927.467: [GC (Allocation Failure) [PSYoungGen: 991872K->1888K(949760K)] 1478788K->488812K(1567744K), 0.0033845 secs] [Times: user=0.01 sys=0.00, real=0.01 secs] 
2024-07-05T12:15:34.933+0800: 4929.170: [GC (Allocation Failure) [PSYoungGen: 949600K->1376K(908800K)] 1436524K->488308K(1526784K), 0.0028145 secs] [Times: user=0.01 sys=0.00, real=0.01 secs] 
2024-07-05T12:15:36.618+0800: 4930.855: [GC (Allocation Failure) [PSYoungGen: 908640K->1920K(870912K)] 1395572K->488860K(1488896K), 0.0031925 secs] [Times: user=0.01 sys=0.00, real=0.01 secs] 
2024-07-05T12:15:38.175+0800: 4932.412: [GC (Allocation Failure) [PSYoungGen: 870784K->1472K(834048K)] 1357724K->488420K(1452032K), 0.0042267 secs] [Times: user=0.01 sys=0.00, real=0.00 secs] 
2024-07-05T12:15:39.638+0800: 4933.875: [GC (Allocation Failure) [PSYoungGen: 833984K->2032K(799744K)] 1320932K->488988K(1417728K), 0.0041941 secs] [Times: user=0.00 sys=0.00, real=0.01 secs] 
2024-07-05T12:15:41.070+0800: 4935.307: [GC (Allocation Failure) [PSYoungGen: 799728K->2016K(766464K)] 1286684K->489012K(1384448K), 0.0031359 secs] [Times: user=0.01 sys=0.00, real=0.00 secs] 
2024-07-05T12:15:42.411+0800: 4936.648: [GC (Allocation Failure) [PSYoungGen: 766432K->1328K(734720K)] 1253428K->488332K(1352704K), 0.0040168 secs] [Times: user=0.00 sys=0.00, real=0.01 secs] 
2024-07-05T12:15:43.676+0800: 4937.913: [GC (Allocation Failure) [PSYoungGen: 734512K->1648K(705024K)] 1221516K->488652K(1323008K), 0.0029777 secs] [Times: user=0.00 sys=0.00, real=0.00 secs] 
2024-07-05T12:15:44.907+0800: 4939.144: [GC (Allocation Failure) [PSYoungGen: 704624K->1280K(743424K)] 1191628K->488292K(1361408K), 0.0047880 secs] [Times: user=0.01 sys=0.00, real=0.00 secs] 
2024-07-05T12:15:46.243+0800: 4940.480: [GC (Allocation Failure) [PSYoungGen: 743168K->1936K(713728K)] 1230180K->488956K(1331712K), 0.0030811 secs] [Times: user=0.00 sys=0.00, real=0.00 secs] 
2024-07-05T12:15:47.540+0800: 4941.777: [GC (Allocation Failure) [PSYoungGen: 713616K->1440K(684544K)] 1200636K->488468K(1302528K), 0.0031310 secs] [Times: user=0.00 sys=0.00, real=0.01 secs] 
2024-07-05T12:15:48.752+0800: 4942.989: [GC (Allocation Failure) [PSYoungGen: 684448K->1472K(656896K)] 1171476K->488508K(1274880K), 0.0034020 secs] [Times: user=0.01 sys=0.00, real=0.01 secs] 
2024-07-05T12:15:49.862+0800: 4944.099: [GC (Allocation Failure) [PSYoungGen: 656832K->1664K(631296K)] 1143868K->488708K(1249280K), 0.0030728 secs] [Times: user=0.00 sys=0.00, real=0.00 secs] 
2024-07-05T12:15:51.098+0800: 4945.335: [GC (Allocation Failure) [PSYoungGen: 630912K->1408K(665600K)] 1117956K->488460K(1283584K), 0.0043189 secs] [Times: user=0.01 sys=0.00, real=0.01 secs] 
2024-07-05T12:15:52.258+0800: 4946.495: [GC (Allocation Failure) [PSYoungGen: 665472K->1808K(639488K)] 1152524K->488868K(1257472K), 0.0029601 secs] [Times: user=0.01 sys=0.00, real=0.00 secs] 
2024-07-05T12:15:53.418+0800: 4947.655: [GC (Allocation Failure) [PSYoungGen: 639248K->1488K(675840K)] 1126308K->488556K(1293824K), 0.0044854 secs] [Times: user=0.00 sys=0.00, real=0.01 secs] 
2024-07-05T12:15:54.597+0800: 4948.834: [GC (Allocation Failure) [PSYoungGen: 675792K->1648K(718336K)] 1162860K->488724K(1336320K), 0.0050290 secs] [Times: user=0.01 sys=0.00, real=0.01 secs] 
2024-07-05T12:15:55.865+0800: 4950.102: [GC (Allocation Failure) [PSYoungGen: 717936K->752K(759296K)] 1205012K->487836K(1377280K), 0.0029780 secs] [Times: user=0.01 sys=0.00, real=0.00 secs] 
2024-07-05T12:15:57.238+0800: 4951.475: [GC (Allocation Failure) [PSYoungGen: 759024K->1616K(805376K)] 1246108K->488708K(1423360K), 0.0044008 secs] [Times: user=0.00 sys=0.00, real=0.01 secs] 
2024-07-05T12:15:58.634+0800: 4952.871: [GC (Allocation Failure) [PSYoungGen: 804944K->1808K(854528K)] 1292036K->488908K(1472512K), 0.0052260 secs] [Times: user=0.00 sys=0.00, real=0.00 secs] 
2024-07-05T12:16:00.147+0800: 4954.384: [GC (Allocation Failure) [PSYoungGen: 854288K->1760K(905728K)] 1341388K->488868K(1523712K), 0.0044556 secs] [Times: user=0.01 sys=0.00, real=0.00 secs] 
2024-07-05T12:16:01.738+0800: 4955.975: [GC (Allocation Failure) [PSYoungGen: 905440K->1392K(954880K)] 1392548K->488508K(1572864K), 0.0029906 secs] [Times: user=0.01 sys=0.00, real=0.01 secs] 
2024-07-05T12:16:03.374+0800: 4957.611: [GC (Allocation Failure) [PSYoungGen: 954736K->1536K(975872K)] 1441852K->488660K(1593856K), 0.0051028 secs] [Times: user=0.00 sys=0.00, real=0.00 secs] 
2024-07-05T12:16:05.035+0800: 4959.272: [GC (Allocation Failure) [PSYoungGen: 974848K->2032K(1009664K)] 1461972K->489164K(1627648K), 0.0071216 secs] [Times: user=0.00 sys=0.00, real=0.01 secs] 
2024-07-05T12:16:06.861+0800: 4961.098: [GC (Allocation Failure) [PSYoungGen: 1009136K->1120K(1009664K)] 1496268K->488260K(1627648K), 0.0053585 secs] [Times: user=0.01 sys=0.00, real=0.01 secs] 
2024-07-05T12:16:08.645+0800: 4962.882: [GC (Allocation Failure) [PSYoungGen: 1008224K->1760K(1046016K)] 1495364K->488908K(1664000K), 0.0034229 secs] [Times: user=0.01 sys=0.00, real=0.00 secs] 
2024-07-05T12:16:10.584+0800: 4964.820: [GC (Allocation Failure) [PSYoungGen: 1045216K->1568K(1000448K)] 1532364K->488724K(1618432K), 0.0036735 secs] [Times: user=0.00 sys=0.00, real=0.00 secs] 
2024-07-05T12:16:12.301+0800: 4966.538: [GC (Allocation Failure) [PSYoungGen: 999968K->1024K(956416K)] 1487124K->488988K(1574400K), 0.0031482 secs] [Times: user=0.01 sys=0.00, real=0.00 secs] 
2024-07-05T12:16:13.899+0800: 4968.135: [GC (Allocation Failure) [PSYoungGen: 956416K->1632K(916480K)] 1444380K->489612K(1534464K), 0.0051106 secs] [Times: user=0.00 sys=0.00, real=0.01 secs] 
2024-07-05T12:16:15.459+0800: 4969.696: [GC (Allocation Failure) [PSYoungGen: 916064K->1696K(877568K)] 1404044K->489676K(1495552K), 0.0030810 secs] [Times: user=0.00 sys=0.00, real=0.01 secs] 
2024-07-05T12:16:16.963+0800: 4971.200: [GC (Allocation Failure) [PSYoungGen: 877216K->1440K(840192K)] 1365196K->489428K(1458176K), 0.0046415 secs] [Times: user=0.00 sys=0.00, real=0.00 secs] 
2024-07-05T12:16:18.428+0800: 4972.665: [GC (Allocation Failure) [PSYoungGen: 840096K->1248K(804864K)] 1328084K->489244K(1422848K), 0.0043133 secs] [Times: user=0.01 sys=0.00, real=0.00 secs] 
2024-07-05T12:16:19.796+0800: 4974.033: [GC (Allocation Failure) [PSYoungGen: 804576K->1152K(771584K)] 1292572K->489156K(1389568K), 0.0029242 secs] [Times: user=0.01 sys=0.00, real=0.00 secs] 
2024-07-05T12:16:21.100+0800: 4975.337: [GC (Allocation Failure) [PSYoungGen: 771200K->1664K(740352K)] 1259204K->489676K(1358336K), 0.0034270 secs] [Times: user=0.01 sys=0.00, real=0.01 secs] 
2024-07-05T12:16:22.410+0800: 4976.647: [GC (Allocation Failure) [PSYoungGen: 739968K->1392K(709632K)] 1227980K->489412K(1327616K), 0.0028751 secs] [Times: user=0.01 sys=0.00, real=0.00 secs] 
2024-07-05T12:16:23.585+0800: 4977.822: [GC (Allocation Failure) [PSYoungGen: 709488K->2048K(681472K)] 1197508K->490084K(1299456K), 0.0028989 secs] [Times: user=0.01 sys=0.00, real=0.00 secs] 
2024-07-05T12:16:24.764+0800: 4979.001: [GC (Allocation Failure) [PSYoungGen: 681472K->1600K(654336K)] 1169508K->489644K(1272320K), 0.0035802 secs] [Times: user=0.00 sys=0.00, real=0.00 secs] 
2024-07-05T12:16:25.837+0800: 4980.074: [GC (Allocation Failure) [PSYoungGen: 653888K->1536K(627712K)] 1141932K->489764K(1245696K), 0.0029095 secs] [Times: user=0.00 sys=0.01, real=0.00 secs] 
2024-07-05T12:16:26.899+0800: 4981.136: [GC (Allocation Failure) [PSYoungGen: 627712K->1120K(664064K)] 1115940K->489356K(1282048K), 0.0047515 secs] [Times: user=0.01 sys=0.00, real=0.01 secs] 
2024-07-05T12:16:28.048+0800: 4982.285: [GC (Allocation Failure) [PSYoungGen: 663648K->1600K(706048K)] 1151884K->489836K(1324032K), 0.0049071 secs] [Times: user=0.01 sys=0.00, real=0.00 secs] 
2024-07-05T12:16:29.272+0800: 4983.509: [GC (Allocation Failure) [PSYoungGen: 705600K->1920K(748544K)] 1193836K->490164K(1366528K), 0.0033618 secs] [Times: user=0.01 sys=0.00, real=0.01 secs] 
2024-07-05T12:16:30.586+0800: 4984.823: [GC (Allocation Failure) [PSYoungGen: 748416K->1520K(790528K)] 1236660K->490140K(1408512K), 0.0029979 secs] [Times: user=0.00 sys=0.00, real=0.00 secs] 
2024-07-05T12:16:31.903+0800: 4986.140: [GC (Allocation Failure) [PSYoungGen: 790512K->640K(835072K)] 1279132K->489268K(1453056K), 0.0038937 secs] [Times: user=0.01 sys=0.00, real=0.00 secs] 
2024-07-05T12:16:33.311+0800: 4987.548: [GC (Allocation Failure) [PSYoungGen: 834688K->1984K(801280K)] 1323316K->490612K(1419264K), 0.0029132 secs] [Times: user=0.01 sys=0.00, real=0.01 secs] 
2024-07-05T12:16:34.690+0800: 4988.927: [GC (Allocation Failure) [PSYoungGen: 801216K->1440K(844800K)] 1289844K->490068K(1462784K), 0.0043346 secs] [Times: user=0.01 sys=0.00, real=0.01 secs] 
2024-07-05T12:16:36.131+0800: 4990.368: [GC (Allocation Failure) [PSYoungGen: 844704K->1152K(891392K)] 1333332K->489780K(1509376K), 0.0041929 secs] [Times: user=0.00 sys=0.00, real=0.01 secs] 
2024-07-05T12:16:37.672+0800: 4991.909: [GC (Allocation Failure) [PSYoungGen: 891008K->2112K(855040K)] 1379636K->490748K(1473024K), 0.0036031 secs] [Times: user=0.00 sys=0.00, real=0.01 secs] 
2024-07-05T12:16:39.120+0800: 4993.357: [GC (Allocation Failure) [PSYoungGen: 854592K->1152K(818176K)] 1343228K->489796K(1436160K), 0.0029557 secs] [Times: user=0.00 sys=0.00, real=0.01 secs] 
2024-07-05T12:16:40.454+0800: 4994.691: [GC (Allocation Failure) [PSYoungGen: 817792K->1760K(863744K)] 1306436K->490412K(1481728K), 0.0049270 secs] [Times: user=0.01 sys=0.00, real=0.00 secs] 
2024-07-05T12:16:41.951+0800: 4996.188: [GC (Allocation Failure) [PSYoungGen: 863456K->1344K(826880K)] 1352108K->490004K(1444864K), 0.0029070 secs] [Times: user=0.00 sys=0.00, real=0.01 secs] 
2024-07-05T12:16:43.448+0800: 4997.685: [GC (Allocation Failure) [PSYoungGen: 826688K->1856K(793088K)] 1315348K->490524K(1411072K), 0.0033301 secs] [Times: user=0.00 sys=0.00, real=0.00 secs] 
2024-07-05T12:16:44.886+0800: 4999.123: [GC (Allocation Failure) [PSYoungGen: 792896K->1664K(760320K)] 1281564K->490340K(1378304K), 0.0031702 secs] [Times: user=0.00 sys=0.00, real=0.00 secs] 
2024-07-05T12:16:46.194+0800: 5000.430: [GC (Allocation Failure) [PSYoungGen: 759936K->1280K(728576K)] 1248612K->489964K(1346560K), 0.0031097 secs] [Times: user=0.01 sys=0.00, real=0.00 secs] 
2024-07-05T12:16:47.553+0800: 5001.789: [GC (Allocation Failure) [PSYoungGen: 728320K->1888K(699392K)] 1217004K->490580K(1317376K), 0.0029627 secs] [Times: user=0.01 sys=0.00, real=0.01 secs] 
2024-07-05T12:16:48.712+0800: 5002.949: [GC (Allocation Failure) [PSYoungGen: 699232K->2016K(671232K)] 1187924K->490716K(1289216K), 0.0032369 secs] [Times: user=0.00 sys=0.00, real=0.01 secs] 
2024-07-05T12:16:49.896+0800: 5004.133: [GC (Allocation Failure) [PSYoungGen: 671200K->1504K(644096K)] 1159900K->490212K(1262080K), 0.0031518 secs] [Times: user=0.01 sys=0.00, real=0.00 secs] 
2024-07-05T12:16:50.975+0800: 5005.212: [GC (Allocation Failure) [PSYoungGen: 644064K->1776K(682496K)] 1132772K->490492K(1300480K), 0.0052045 secs] [Times: user=0.01 sys=0.00, real=0.00 secs] 
2024-07-05T12:16:52.214+0800: 5006.451: [GC (Allocation Failure) [PSYoungGen: 682224K->1792K(720896K)] 1170940K->490516K(1338880K), 0.0030381 secs] [Times: user=0.01 sys=0.00, real=0.00 secs] 
2024-07-05T12:16:53.422+0800: 5007.659: [GC (Allocation Failure) [PSYoungGen: 720640K->1440K(762880K)] 1209364K->490172K(1380864K), 0.0044301 secs] [Times: user=0.01 sys=0.00, real=0.00 secs] 
2024-07-05T12:16:54.727+0800: 5008.964: [GC (Allocation Failure) [PSYoungGen: 762784K->1744K(806400K)] 1251516K->490484K(1424384K), 0.0030023 secs] [Times: user=0.01 sys=0.00, real=0.00 secs] 
2024-07-05T12:16:56.090+0800: 5010.327: [GC (Allocation Failure) [PSYoungGen: 806096K->2096K(773632K)] 1294836K->490844K(1391616K), 0.0031548 secs] [Times: user=0.01 sys=0.00, real=0.01 secs] 
2024-07-05T12:16:57.385+0800: 5011.622: [GC (Allocation Failure) [PSYoungGen: 773168K->1024K(817152K)] 1261916K->489844K(1435136K), 0.0051861 secs] [Times: user=0.00 sys=0.00, real=0.00 secs] 
2024-07-05T12:16:58.738+0800: 5012.975: [GC (Allocation Failure) [PSYoungGen: 817152K->1920K(865792K)] 1305972K->490740K(1483776K), 0.0040360 secs] [Times: user=0.00 sys=0.00, real=0.01 secs] 
2024-07-05T12:17:00.176+0800: 5014.413: [GC (Allocation Failure) [PSYoungGen: 865664K->1360K(828928K)] 1354484K->490180K(1446912K), 0.0030713 secs] [Times: user=0.01 sys=0.00, real=0.00 secs] 
2024-07-05T12:17:01.529+0800: 5015.766: [GC (Allocation Failure) [PSYoungGen: 828752K->1984K(875520K)] 1317572K->490804K(1493504K), 0.0040048 secs] [Times: user=0.00 sys=0.00, real=0.00 secs] 
2024-07-05T12:17:02.991+0800: 5017.228: [GC (Allocation Failure) [PSYoungGen: 875456K->1312K(838144K)] 1364276K->490132K(1456128K), 0.0028487 secs] [Times: user=0.01 sys=0.00, real=0.01 secs] 
2024-07-05T12:17:04.396+0800: 5018.633: [GC (Allocation Failure) [PSYoungGen: 837920K->1936K(803840K)] 1326740K->490756K(1421824K), 0.0029287 secs] [Times: user=0.00 sys=0.00, real=0.00 secs] 
2024-07-05T12:17:05.725+0800: 5019.962: [GC (Allocation Failure) [PSYoungGen: 803728K->1888K(770560K)] 1292548K->490708K(1388544K), 0.0050050 secs] [Times: user=0.01 sys=0.00, real=0.00 secs] 
2024-07-05T12:17:07.007+0800: 5021.244: [GC (Allocation Failure) [PSYoungGen: 770400K->1376K(738304K)] 1259220K->490196K(1356288K), 0.0029626 secs] [Times: user=0.00 sys=0.00, real=0.00 secs] 
2024-07-05T12:17:08.252+0800: 5022.489: [GC (Allocation Failure) [PSYoungGen: 738144K->1856K(708608K)] 1226964K->490676K(1326592K), 0.0028404 secs] [Times: user=0.01 sys=0.00, real=0.01 secs] 
2024-07-05T12:17:09.406+0800: 5023.643: [GC (Allocation Failure) [PSYoungGen: 708416K->1952K(679936K)] 1197236K->490772K(1297920K), 0.0028714 secs] [Times: user=0.00 sys=0.00, real=0.00 secs] 
2024-07-05T12:17:10.550+0800: 5024.787: [GC (Allocation Failure) [PSYoungGen: 679840K->1520K(652288K)] 1168660K->490356K(1270272K), 0.0028575 secs] [Times: user=0.01 sys=0.00, real=0.00 secs] 
2024-07-05T12:17:11.622+0800: 5025.859: [GC (Allocation Failure) [PSYoungGen: 652272K->1664K(626688K)] 1141108K->490500K(1244672K), 0.0029565 secs] [Times: user=0.01 sys=0.00, real=0.00 secs] 
2024-07-05T12:17:12.736+0800: 5026.973: [GC (Allocation Failure) [PSYoungGen: 626304K->1152K(601600K)] 1115140K->489988K(1219584K), 0.0031252 secs] [Times: user=0.00 sys=0.00, real=0.00 secs] 
2024-07-05T12:17:13.740+0800: 5027.977: [GC (Allocation Failure) [PSYoungGen: 601216K->1856K(578560K)] 1090052K->490692K(1196544K), 0.0031659 secs] [Times: user=0.01 sys=0.00, real=0.01 secs] 
2024-07-05T12:17:14.841+0800: 5029.078: [GC (Allocation Failure) [PSYoungGen: 578368K->1984K(610816K)] 1067204K->490820K(1228800K), 0.0039029 secs] [Times: user=0.00 sys=0.00, real=0.01 secs] 
2024-07-05T12:17:15.863+0800: 5030.100: [GC (Allocation Failure) [PSYoungGen: 610752K->224K(645120K)] 1099588K->489068K(1263104K), 0.0038313 secs] [Times: user=0.01 sys=0.00, real=0.00 secs] 
2024-07-05T12:17:16.970+0800: 5031.207: [GC (Allocation Failure) [PSYoungGen: 644832K->1168K(683008K)] 1133676K->490020K(1300992K), 0.0029594 secs] [Times: user=0.00 sys=0.00, real=0.01 secs] 
2024-07-05T12:17:18.106+0800: 5032.343: [GC (Allocation Failure) [PSYoungGen: 682640K->1632K(722944K)] 1171492K->490492K(1340928K), 0.0037060 secs] [Times: user=0.00 sys=0.00, real=0.00 secs] 
2024-07-05T12:17:19.330+0800: 5033.567: [GC (Allocation Failure) [PSYoungGen: 722528K->1520K(762368K)] 1211388K->490388K(1380352K), 0.0029940 secs] [Times: user=0.01 sys=0.00, real=0.01 secs] 
2024-07-05T12:17:20.675+0800: 5034.912: [GC (Allocation Failure) [PSYoungGen: 762352K->1392K(731136K)] 1251220K->490268K(1349120K), 0.0028771 secs] [Times: user=0.00 sys=0.00, real=0.00 secs] 
2024-07-05T12:17:21.903+0800: 5036.140: [GC (Allocation Failure) [PSYoungGen: 730992K->1856K(701952K)] 1219868K->490740K(1319936K), 0.0039114 secs] [Times: user=0.00 sys=0.00, real=0.00 secs] 
2024-07-05T12:17:23.114+0800: 5037.351: [GC (Allocation Failure) [PSYoungGen: 701760K->1568K(673792K)] 1190644K->490460K(1291776K), 0.0033224 secs] [Times: user=0.00 sys=0.00, real=0.00 secs] 
2024-07-05T12:17:24.449+0800: 5038.685: [GC (Allocation Failure) [PSYoungGen: 673312K->1536K(646144K)] 1162204K->490732K(1264128K), 0.0035274 secs] [Times: user=0.01 sys=0.00, real=0.00 secs] 
2024-07-05T12:17:25.698+0800: 5039.935: [GC (Allocation Failure) [PSYoungGen: 646144K->2016K(621056K)] 1135340K->491220K(1239040K), 0.0030898 secs] [Times: user=0.01 sys=0.00, real=0.00 secs] 
2024-07-05T12:17:26.818+0800: 5041.055: [GC (Allocation Failure) [PSYoungGen: 621024K->1456K(656384K)] 1110228K->490660K(1274368K), 0.0047015 secs] [Times: user=0.00 sys=0.00, real=0.01 secs] 
2024-07-05T12:17:27.959+0800: 5042.196: [GC (Allocation Failure) [PSYoungGen: 656304K->1888K(697856K)] 1145508K->491100K(1315840K), 0.0051135 secs] [Times: user=0.01 sys=0.00, real=0.01 secs] 
2024-07-05T12:17:29.265+0800: 5043.502: [GC (Allocation Failure) [PSYoungGen: 697696K->2048K(738816K)] 1186908K->491268K(1356800K), 0.0029695 secs] [Times: user=0.01 sys=0.00, real=0.00 secs] 
2024-07-05T12:17:30.565+0800: 5044.802: [GC (Allocation Failure) [PSYoungGen: 738816K->1648K(781824K)] 1228036K->490876K(1399808K), 0.0039051 secs] [Times: user=0.00 sys=0.00, real=0.00 secs] 
2024-07-05T12:17:32.056+0800: 5046.293: [GC (Allocation Failure) [PSYoungGen: 781424K->1520K(824320K)] 1270652K->490820K(1442304K), 0.0032688 secs] [Times: user=0.00 sys=0.00, real=0.00 secs] 
2024-07-05T12:17:33.760+0800: 5047.997: [GC (Allocation Failure) [PSYoungGen: 824304K->1472K(871424K)] 1313604K->490772K(1489408K), 0.0057358 secs] [Times: user=0.00 sys=0.00, real=0.01 secs] 
2024-07-05T12:17:35.338+0800: 5049.575: [GC (Allocation Failure) [PSYoungGen: 871360K->1728K(922112K)] 1360660K->491028K(1540096K), 0.0048387 secs] [Times: user=0.01 sys=0.00, real=0.01 secs] 
2024-07-05T12:17:36.911+0800: 5051.148: [GC (Allocation Failure) [PSYoungGen: 921792K->1568K(973312K)] 1411092K->490868K(1591296K), 0.0039537 secs] [Times: user=0.00 sys=0.00, real=0.01 secs] 
2024-07-05T12:17:38.586+0800: 5052.823: [GC (Allocation Failure) [PSYoungGen: 972832K->1536K(993792K)] 1462132K->491348K(1611776K), 0.0054572 secs] [Times: user=0.00 sys=0.00, real=0.00 secs] 
2024-07-05T12:17:40.266+0800: 5054.503: [GC (Allocation Failure) [PSYoungGen: 993792K->1760K(951808K)] 1483604K->491572K(1569792K), 0.0039155 secs] [Times: user=0.00 sys=0.00, real=0.00 secs] 
2024-07-05T12:17:41.899+0800: 5056.136: [GC (Allocation Failure) [PSYoungGen: 951520K->1024K(910336K)] 1441332K->491501K(1528320K), 0.0034710 secs] [Times: user=0.00 sys=0.00, real=0.01 secs] 
2024-07-05T12:17:43.442+0800: 5057.679: [GC (Allocation Failure) [PSYoungGen: 910336K->1568K(872960K)] 1400813K->492045K(1490944K), 0.0047896 secs] [Times: user=0.01 sys=0.00, real=0.00 secs] 
2024-07-05T12:17:44.916+0800: 5059.153: [GC (Allocation Failure) [PSYoungGen: 872480K->1760K(836096K)] 1362957K->492237K(1454080K), 0.0028728 secs] [Times: user=0.00 sys=0.00, real=0.00 secs] 
2024-07-05T12:17:46.314+0800: 5060.551: [GC (Allocation Failure) [PSYoungGen: 835808K->1152K(800768K)] 1326285K->491629K(1418752K), 0.0036552 secs] [Times: user=0.01 sys=0.00, real=0.00 secs] 
2024-07-05T12:17:47.621+0800: 5061.858: [GC (Allocation Failure) [PSYoungGen: 800384K->1216K(848384K)] 1290861K->491693K(1466368K), 0.0064806 secs] [Times: user=0.00 sys=0.00, real=0.01 secs] 
2024-07-05T12:17:49.057+0800: 5063.294: [GC (Allocation Failure) [PSYoungGen: 848064K->1984K(896000K)] 1338541K->492461K(1513984K), 0.0028911 secs] [Times: user=0.01 sys=0.00, real=0.00 secs] 
2024-07-05T12:17:50.734+0800: 5064.971: [GC (Allocation Failure) [PSYoungGen: 895936K->1648K(858112K)] 1386413K->492125K(1476096K), 0.0030200 secs] [Times: user=0.00 sys=0.00, real=0.00 secs] 
2024-07-05T12:17:52.315+0800: 5066.552: [GC (Allocation Failure) [PSYoungGen: 857712K->1664K(822272K)] 1348189K->492141K(1440256K), 0.0030184 secs] [Times: user=0.01 sys=0.00, real=0.00 secs] 
2024-07-05T12:17:53.771+0800: 5068.008: [GC (Allocation Failure) [PSYoungGen: 821888K->1344K(787456K)] 1312365K->491821K(1405440K), 0.0029770 secs] [Times: user=0.01 sys=0.00, real=0.01 secs] 
2024-07-05T12:17:55.174+0800: 5069.411: [GC (Allocation Failure) [PSYoungGen: 787264K->1648K(755200K)] 1277741K->492125K(1373184K), 0.0031363 secs] [Times: user=0.01 sys=0.00, real=0.00 secs] 
2024-07-05T12:17:56.536+0800: 5070.773: [GC (Allocation Failure) [PSYoungGen: 754800K->1728K(724480K)] 1245277K->492205K(1342464K), 0.0034608 secs] [Times: user=0.01 sys=0.00, real=0.00 secs] 
2024-07-05T12:17:57.871+0800: 5072.108: [GC (Allocation Failure) [PSYoungGen: 724160K->1504K(694272K)] 1214637K->491981K(1312256K), 0.0032591 secs] [Times: user=0.01 sys=0.00, real=0.01 secs] 
2024-07-05T12:17:59.118+0800: 5073.355: [GC (Allocation Failure) [PSYoungGen: 694240K->1904K(666624K)] 1184717K->492381K(1284608K), 0.0030035 secs] [Times: user=0.01 sys=0.00, real=0.01 secs] 
2024-07-05T12:18:00.307+0800: 5074.544: [GC (Allocation Failure) [PSYoungGen: 666480K->1616K(640000K)] 1156957K->492093K(1257984K), 0.0045835 secs] [Times: user=0.01 sys=0.00, real=0.00 secs] 
2024-07-05T12:18:01.647+0800: 5075.884: [GC (Allocation Failure) [PSYoungGen: 639568K->1536K(613888K)] 1130045K->492301K(1231872K), 0.0030924 secs] [Times: user=0.01 sys=0.00, real=0.00 secs] 
2024-07-05T12:18:02.866+0800: 5077.103: [GC (Allocation Failure) [PSYoungGen: 613888K->960K(647680K)] 1104653K->491733K(1265664K), 0.0043212 secs] [Times: user=0.01 sys=0.00, real=0.00 secs] 
2024-07-05T12:18:03.961+0800: 5078.198: [GC (Allocation Failure) [PSYoungGen: 647616K->1344K(684032K)] 1138389K->492117K(1302016K), 0.0030452 secs] [Times: user=0.00 sys=0.00, real=0.01 secs] 
2024-07-05T12:18:05.244+0800: 5079.481: [GC (Allocation Failure) [PSYoungGen: 683840K->1232K(656384K)] 1174613K->492013K(1274368K), 0.0029327 secs] [Times: user=0.01 sys=0.00, real=0.00 secs] 
2024-07-05T12:18:06.329+0800: 5080.565: [GC (Allocation Failure) [PSYoungGen: 656080K->1600K(630784K)] 1146861K->492389K(1248768K), 0.0029882 secs] [Times: user=0.00 sys=0.00, real=0.00 secs] 
2024-07-05T12:18:07.415+0800: 5081.652: [GC (Allocation Failure) [PSYoungGen: 630336K->1968K(605696K)] 1121125K->492765K(1223680K), 0.0030826 secs] [Times: user=0.00 sys=0.00, real=0.00 secs] 
2024-07-05T12:18:08.483+0800: 5082.720: [GC (Allocation Failure) [PSYoungGen: 605616K->1536K(640000K)] 1096413K->492589K(1257984K), 0.0041124 secs] [Times: user=0.00 sys=0.00, real=0.00 secs] 
2024-07-05T12:18:09.638+0800: 5083.875: [GC (Allocation Failure) [PSYoungGen: 640000K->1216K(675840K)] 1131053K->492269K(1293824K), 0.0030929 secs] [Times: user=0.00 sys=0.00, real=0.00 secs] 
2024-07-05T12:18:10.747+0800: 5084.984: [GC (Allocation Failure) [PSYoungGen: 675520K->1936K(713728K)] 1166573K->492989K(1331712K), 0.0032299 secs] [Times: user=0.01 sys=0.00, real=0.00 secs] 
2024-07-05T12:18:12.068+0800: 5086.305: [GC (Allocation Failure) [PSYoungGen: 713616K->1472K(752640K)] 1204669K->492525K(1370624K), 0.0038699 secs] [Times: user=0.01 sys=0.00, real=0.00 secs] 
2024-07-05T12:18:13.516+0800: 5087.753: [GC (Allocation Failure) [PSYoungGen: 752576K->1664K(722432K)] 1243629K->492717K(1340416K), 0.0035573 secs] [Times: user=0.00 sys=0.00, real=0.00 secs] 
2024-07-05T12:18:14.846+0800: 5089.083: [GC (Allocation Failure) [PSYoungGen: 722048K->1904K(763904K)] 1213101K->492957K(1381888K), 0.0049065 secs] [Times: user=0.01 sys=0.00, real=0.00 secs] 
2024-07-05T12:18:16.279+0800: 5090.516: [GC (Allocation Failure) [PSYoungGen: 763760K->1520K(732160K)] 1254813K->492845K(1350144K), 0.0030298 secs] [Times: user=0.00 sys=0.00, real=0.01 secs] 
2024-07-05T12:18:17.571+0800: 5091.808: [GC (Allocation Failure) [PSYoungGen: 732144K->1616K(702976K)] 1223469K->492941K(1320960K), 0.0031191 secs] [Times: user=0.00 sys=0.00, real=0.01 secs] 
2024-07-05T12:18:18.767+0800: 5093.004: [GC (Allocation Failure) [PSYoungGen: 702544K->1536K(743936K)] 1193869K->492861K(1361920K), 0.0053659 secs] [Times: user=0.01 sys=0.00, real=0.00 secs] 
2024-07-05T12:18:20.197+0800: 5094.434: [GC (Allocation Failure) [PSYoungGen: 743936K->2032K(785920K)] 1235261K->493357K(1403904K), 0.0032807 secs] [Times: user=0.01 sys=0.00, real=0.00 secs] 
2024-07-05T12:18:21.499+0800: 5095.736: [GC (Allocation Failure) [PSYoungGen: 785904K->2032K(753664K)] 1277229K->493365K(1371648K), 0.0028213 secs] [Times: user=0.00 sys=0.00, real=0.01 secs] 
2024-07-05T12:18:22.766+0800: 5097.003: [GC (Allocation Failure) [PSYoungGen: 753648K->2064K(796160K)] 1244981K->493397K(1414144K), 0.0042276 secs] [Times: user=0.01 sys=0.00, real=0.00 secs] 
2024-07-05T12:18:24.126+0800: 5098.363: [GC (Allocation Failure) [PSYoungGen: 795664K->960K(841216K)] 1286997K->492293K(1459200K), 0.0049634 secs] [Times: user=0.01 sys=0.00, real=0.00 secs] 
2024-07-05T12:18:25.535+0800: 5099.772: [GC (Allocation Failure) [PSYoungGen: 841152K->1472K(806400K)] 1332485K->492805K(1424384K), 0.0028689 secs] [Times: user=0.00 sys=0.00, real=0.00 secs] 
2024-07-05T12:18:26.868+0800: 5101.105: [GC (Allocation Failure) [PSYoungGen: 806336K->1600K(773632K)] 1297669K->492933K(1391616K), 0.0028928 secs] [Times: user=0.00 sys=0.00, real=0.00 secs] 
2024-07-05T12:18:28.145+0800: 5102.382: [GC (Allocation Failure) [PSYoungGen: 773184K->1568K(818688K)] 1264517K->492909K(1436672K), 0.0054271 secs] [Times: user=0.01 sys=0.00, real=0.00 secs] 
2024-07-05T12:18:29.478+0800: 5103.715: [GC (Allocation Failure) [PSYoungGen: 818208K->1536K(863232K)] 1309549K->492933K(1481216K), 0.0029315 secs] [Times: user=0.00 sys=0.00, real=0.00 secs] 
2024-07-05T12:18:30.949+0800: 5105.186: [GC (Allocation Failure) [PSYoungGen: 863232K->1920K(912384K)] 1354629K->493325K(1530368K), 0.0047016 secs] [Times: user=0.00 sys=0.01, real=0.01 secs] 
2024-07-05T12:18:32.497+0800: 5106.734: [GC (Allocation Failure) [PSYoungGen: 912256K->1968K(873984K)] 1403661K->493373K(1491968K), 0.0029802 secs] [Times: user=0.00 sys=0.01, real=0.00 secs] 
2024-07-05T12:18:33.904+0800: 5108.141: [GC (Allocation Failure) [PSYoungGen: 873904K->1728K(837120K)] 1365309K->493141K(1455104K), 0.0030763 secs] [Times: user=0.01 sys=0.00, real=0.00 secs] 
2024-07-05T12:18:35.290+0800: 5109.526: [GC (Allocation Failure) [PSYoungGen: 836800K->1456K(801792K)] 1328213K->492877K(1419776K), 0.0027948 secs] [Times: user=0.01 sys=0.00, real=0.00 secs] 
2024-07-05T12:18:36.712+0800: 5110.949: [GC (Allocation Failure) [PSYoungGen: 801712K->1776K(769024K)] 1293133K->493205K(1387008K), 0.0030108 secs] [Times: user=0.01 sys=0.00, real=0.01 secs] 
2024-07-05T12:18:38.033+0800: 5112.270: [GC (Allocation Failure) [PSYoungGen: 768752K->1600K(737280K)] 1260181K->493037K(1355264K), 0.0028105 secs] [Times: user=0.01 sys=0.00, real=0.01 secs] 
2024-07-05T12:18:39.394+0800: 5113.631: [GC (Allocation Failure) [PSYoungGen: 736832K->1376K(706560K)] 1228269K->492821K(1324544K), 0.0032256 secs] [Times: user=0.01 sys=0.00, real=0.00 secs] 
2024-07-05T12:18:40.643+0800: 5114.880: [GC (Allocation Failure) [PSYoungGen: 706400K->2048K(678400K)] 1197845K->493501K(1296384K), 0.0043952 secs] [Times: user=0.01 sys=0.00, real=0.00 secs] 
2024-07-05T12:18:41.823+0800: 5116.060: [GC (Allocation Failure) [PSYoungGen: 678400K->1440K(650752K)] 1169853K->492901K(1268736K), 0.0030998 secs] [Times: user=0.01 sys=0.00, real=0.00 secs] 
2024-07-05T12:18:42.983+0800: 5117.220: [GC (Allocation Failure) [PSYoungGen: 650656K->1280K(686592K)] 1142117K->492749K(1304576K), 0.0041746 secs] [Times: user=0.00 sys=0.00, real=0.00 secs] 
2024-07-05T12:18:44.154+0800: 5118.391: [GC (Allocation Failure) [PSYoungGen: 686336K->1280K(658944K)] 1177805K->492757K(1276928K), 0.0030278 secs] [Times: user=0.00 sys=0.00, real=0.00 secs] 
2024-07-05T12:18:45.295+0800: 5119.532: [GC (Allocation Failure) [PSYoungGen: 658688K->1888K(697344K)] 1150165K->493373K(1315328K), 0.0044799 secs] [Times: user=0.00 sys=0.00, real=0.00 secs] 
2024-07-05T12:18:46.440+0800: 5120.677: [GC (Allocation Failure) [PSYoungGen: 697184K->1280K(735744K)] 1188669K->492773K(1353728K), 0.0028730 secs] [Times: user=0.01 sys=0.00, real=0.01 secs] 
2024-07-05T12:18:47.702+0800: 5121.939: [GC (Allocation Failure) [PSYoungGen: 735488K->1472K(776704K)] 1226981K->492973K(1394688K), 0.0036863 secs] [Times: user=0.00 sys=0.00, real=0.00 secs] 
2024-07-05T12:18:48.986+0800: 5123.222: [GC (Allocation Failure) [PSYoungGen: 776640K->1856K(828928K)] 1268141K->493365K(1446912K), 0.0080312 secs] [Times: user=0.01 sys=0.00, real=0.01 secs] 
2024-07-05T12:18:50.378+0800: 5124.615: [GC (Allocation Failure) [PSYoungGen: 828736K->1808K(883712K)] 1320245K->493325K(1501696K), 0.0049547 secs] [Times: user=0.01 sys=0.00, real=0.01 secs] 
2024-07-05T12:18:51.912+0800: 5126.149: [GC (Allocation Failure) [PSYoungGen: 883472K->1568K(937984K)] 1374989K->493093K(1555968K), 0.0032532 secs] [Times: user=0.00 sys=0.00, real=0.01 secs] 
2024-07-05T12:18:53.603+0800: 5127.840: [GC (Allocation Failure) [PSYoungGen: 937504K->1536K(953344K)] 1429029K->493477K(1571328K), 0.0030310 secs] [Times: user=0.01 sys=0.00, real=0.00 secs] 
2024-07-05T12:18:55.213+0800: 5129.450: [GC (Allocation Failure) [PSYoungGen: 953344K->1232K(912896K)] 1445285K->493173K(1530880K), 0.0041414 secs] [Times: user=0.01 sys=0.00, real=0.00 secs] 
2024-07-05T12:18:56.922+0800: 5131.159: [GC (Allocation Failure) [PSYoungGen: 912592K->1536K(874496K)] 1404533K->493493K(1492480K), 0.0029727 secs] [Times: user=0.01 sys=0.00, real=0.00 secs] 
2024-07-05T12:18:58.448+0800: 5132.685: [GC (Allocation Failure) [PSYoungGen: 874496K->1856K(838144K)] 1366453K->493813K(1456128K), 0.0035446 secs] [Times: user=0.00 sys=0.00, real=0.00 secs] 
2024-07-05T12:18:59.858+0800: 5134.095: [GC (Allocation Failure) [PSYoungGen: 837952K->2032K(803328K)] 1329909K->493989K(1421312K), 0.0028999 secs] [Times: user=0.00 sys=0.00, real=0.00 secs] 
2024-07-05T12:19:01.197+0800: 5135.433: [GC (Allocation Failure) [PSYoungGen: 803312K->1360K(769536K)] 1295269K->493317K(1387520K), 0.0029894 secs] [Times: user=0.00 sys=0.00, real=0.00 secs] 
2024-07-05T12:19:02.545+0800: 5136.782: [GC (Allocation Failure) [PSYoungGen: 769360K->976K(737280K)] 1261317K->492933K(1355264K), 0.0036627 secs] [Times: user=0.00 sys=0.01, real=0.00 secs] 
2024-07-05T12:19:03.772+0800: 5138.009: [GC (Allocation Failure) [PSYoungGen: 737232K->1424K(707584K)] 1229189K->493381K(1325568K), 0.0032654 secs] [Times: user=0.00 sys=0.00, real=0.01 secs] 
2024-07-05T12:19:04.988+0800: 5139.225: [GC (Allocation Failure) [PSYoungGen: 707472K->1808K(679424K)] 1199429K->493765K(1297408K), 0.0030185 secs] [Times: user=0.01 sys=0.00, real=0.00 secs] 
2024-07-05T12:19:06.177+0800: 5140.414: [GC (Allocation Failure) [PSYoungGen: 679184K->2080K(717824K)] 1171141K->494037K(1335808K), 0.0051195 secs] [Times: user=0.00 sys=0.00, real=0.01 secs] 
2024-07-05T12:19:07.454+0800: 5141.691: [GC (Allocation Failure) [PSYoungGen: 717344K->1024K(756736K)] 1209301K->493557K(1374720K), 0.0039055 secs] [Times: user=0.00 sys=0.00, real=0.00 secs] 
2024-07-05T12:19:08.839+0800: 5143.076: [GC (Allocation Failure) [PSYoungGen: 756736K->1088K(802304K)] 1249269K->493621K(1420288K), 0.0052211 secs] [Times: user=0.01 sys=0.00, real=0.01 secs] 
2024-07-05T12:19:10.256+0800: 5144.493: [GC (Allocation Failure) [PSYoungGen: 801856K->2048K(848384K)] 1294389K->494581K(1466368K), 0.0032656 secs] [Times: user=0.01 sys=0.00, real=0.00 secs] 
2024-07-05T12:19:11.735+0800: 5145.971: [GC (Allocation Failure) [PSYoungGen: 848384K->1216K(896000K)] 1340917K->493749K(1513984K), 0.0045959 secs] [Times: user=0.00 sys=0.00, real=0.00 secs] 
2024-07-05T12:19:13.266+0800: 5147.503: [GC (Allocation Failure) [PSYoungGen: 895680K->1632K(858624K)] 1388213K->494165K(1476608K), 0.0032693 secs] [Times: user=0.01 sys=0.00, real=0.00 secs] 
2024-07-05T12:19:14.798+0800: 5149.035: [GC (Allocation Failure) [PSYoungGen: 858208K->1984K(822784K)] 1350741K->494517K(1440768K), 0.0044746 secs] [Times: user=0.01 sys=0.00, real=0.01 secs] 
2024-07-05T12:19:16.274+0800: 5150.511: [GC (Allocation Failure) [PSYoungGen: 822720K->1536K(787968K)] 1315253K->494269K(1405952K), 0.0029310 secs] [Times: user=0.01 sys=0.00, real=0.00 secs] 
2024-07-05T12:19:17.647+0800: 5151.884: [GC (Allocation Failure) [PSYoungGen: 787968K->2016K(755712K)] 1280701K->494749K(1373696K), 0.0038483 secs] [Times: user=0.01 sys=0.00, real=0.00 secs] 
2024-07-05T12:19:19.007+0800: 5153.244: [GC (Allocation Failure) [PSYoungGen: 755680K->544K(723968K)] 1248413K->493277K(1341952K), 0.0036996 secs] [Times: user=0.01 sys=0.00, real=0.00 secs] 
2024-07-05T12:19:20.342+0800: 5154.579: [GC (Allocation Failure) [PSYoungGen: 723488K->1216K(766464K)] 1216221K->493949K(1384448K), 0.0049989 secs] [Times: user=0.01 sys=0.00, real=0.00 secs] 
2024-07-05T12:19:21.746+0800: 5155.983: [GC (Allocation Failure) [PSYoungGen: 764608K->1344K(733696K)] 1257341K->494077K(1351680K), 0.0030699 secs] [Times: user=0.01 sys=0.00, real=0.00 secs] 
2024-07-05T12:19:23.114+0800: 5157.351: [GC (Allocation Failure) [PSYoungGen: 733504K->1152K(704000K)] 1226237K->493885K(1321984K), 0.0030652 secs] [Times: user=0.00 sys=0.00, real=0.00 secs] 
2024-07-05T12:19:24.358+0800: 5158.595: [GC (Allocation Failure) [PSYoungGen: 703616K->1952K(675840K)] 1196349K->494685K(1293824K), 0.0044732 secs] [Times: user=0.01 sys=0.00, real=0.01 secs] 
2024-07-05T12:19:25.735+0800: 5159.972: [GC (Allocation Failure) [PSYoungGen: 675744K->1568K(713728K)] 1168477K->494301K(1331712K), 0.0043731 secs] [Times: user=0.00 sys=0.00, real=0.00 secs] 
2024-07-05T12:19:27.103+0800: 5161.340: [GC (Allocation Failure) [PSYoungGen: 713248K->1536K(684544K)] 1205981K->494549K(1302528K), 0.0034342 secs] [Times: user=0.00 sys=0.00, real=0.00 secs] 
2024-07-05T12:19:28.296+0800: 5162.533: [GC (Allocation Failure) [PSYoungGen: 684544K->1504K(656896K)] 1177557K->494525K(1274880K), 0.0031449 secs] [Times: user=0.00 sys=0.00, real=0.00 secs] 
2024-07-05T12:19:29.519+0800: 5163.756: [GC (Allocation Failure) [PSYoungGen: 656864K->1504K(694784K)] 1149885K->494525K(1312768K), 0.0047957 secs] [Times: user=0.00 sys=0.00, real=0.01 secs] 
2024-07-05T12:19:30.749+0800: 5164.986: [GC (Allocation Failure) [PSYoungGen: 694752K->1824K(734208K)] 1187773K->494845K(1352192K), 0.0031065 secs] [Times: user=0.01 sys=0.00, real=0.00 secs] 
2024-07-05T12:19:32.074+0800: 5166.311: [GC (Allocation Failure) [PSYoungGen: 733984K->1888K(704512K)] 1227005K->494909K(1322496K), 0.0030086 secs] [Times: user=0.01 sys=0.00, real=0.00 secs] 
2024-07-05T12:19:33.344+0800: 5167.581: [GC (Allocation Failure) [PSYoungGen: 704352K->800K(674816K)] 1197373K->493821K(1292800K), 0.0039253 secs] [Times: user=0.00 sys=0.00, real=0.00 secs] 
2024-07-05T12:19:34.590+0800: 5168.827: [GC (Allocation Failure) [PSYoungGen: 674592K->1248K(648192K)] 1167613K->494269K(1266176K), 0.0034944 secs] [Times: user=0.01 sys=0.00, real=0.01 secs] 
2024-07-05T12:19:36.037+0800: 5170.274: [GC (Allocation Failure) [PSYoungGen: 647904K->1184K(622592K)] 1140925K->494213K(1240576K), 0.0031938 secs] [Times: user=0.00 sys=0.00, real=0.00 secs] 
2024-07-05T12:19:37.388+0800: 5171.625: [GC (Allocation Failure) [PSYoungGen: 622240K->1472K(656896K)] 1115269K->494509K(1274880K), 0.0047261 secs] [Times: user=0.01 sys=0.00, real=0.00 secs] 
2024-07-05T12:19:38.765+0800: 5173.002: [GC (Allocation Failure) [PSYoungGen: 656832K->2032K(693760K)] 1149869K->495077K(1311744K), 0.0043384 secs] [Times: user=0.00 sys=0.00, real=0.00 secs] 
2024-07-05T12:19:40.185+0800: 5174.421: [GC (Allocation Failure) [PSYoungGen: 693744K->1984K(735744K)] 1186789K->495037K(1353728K), 0.0060528 secs] [Times: user=0.00 sys=0.00, real=0.00 secs] 
2024-07-05T12:19:41.607+0800: 5175.844: [GC (Allocation Failure) [PSYoungGen: 735680K->1696K(777728K)] 1228733K->494757K(1395712K), 0.0030724 secs] [Times: user=0.00 sys=0.00, real=0.00 secs] 
2024-07-05T12:19:43.048+0800: 5177.285: [GC (Allocation Failure) [PSYoungGen: 777376K->1376K(744960K)] 1270437K->494445K(1362944K), 0.0029976 secs] [Times: user=0.00 sys=0.01, real=0.00 secs] 
2024-07-05T12:19:44.488+0800: 5178.725: [GC (Allocation Failure) [PSYoungGen: 744800K->672K(714240K)] 1237869K->493749K(1332224K), 0.0030348 secs] [Times: user=0.01 sys=0.00, real=0.00 secs] 
2024-07-05T12:19:45.833+0800: 5180.070: [GC (Allocation Failure) [PSYoungGen: 713888K->160K(755712K)] 1206965K->493245K(1373696K), 0.0063755 secs] [Times: user=0.01 sys=0.00, real=0.00 secs] 
2024-07-05T12:19:47.155+0800: 5181.392: [GC (Allocation Failure) [PSYoungGen: 755360K->2000K(801280K)] 1248445K->495093K(1419264K), 0.0034294 secs] [Times: user=0.01 sys=0.00, real=0.00 secs] 
2024-07-05T12:19:48.549+0800: 5182.786: [GC (Allocation Failure) [PSYoungGen: 800208K->1648K(845824K)] 1293301K->494749K(1463808K), 0.0043453 secs] [Times: user=0.00 sys=0.01, real=0.01 secs] 
2024-07-05T12:19:50.110+0800: 5184.347: [GC (Allocation Failure) [PSYoungGen: 845424K->1776K(894976K)] 1338525K->494885K(1512960K), 0.0051612 secs] [Times: user=0.01 sys=0.00, real=0.01 secs] 
2024-07-05T12:26:14.544+0800: 5568.781: [GC (Allocation Failure) [PSYoungGen: 894704K->550K(856064K)] 1387813K->493667K(1474048K), 0.0040292 secs] [Times: user=0.00 sys=0.00, real=0.00 secs] 
2024-07-05T12:26:52.018+0800: 5606.255: [GC (Allocation Failure) [PSYoungGen: 855590K->534K(820224K)] 1348707K->493659K(1438208K), 0.0028658 secs] [Times: user=0.01 sys=0.00, real=0.00 secs] 
2024-07-05T12:27:13.327+0800: 5627.564: [GC (Allocation Failure) [PSYoungGen: 819734K->144K(785408K)] 1312859K->493277K(1403392K), 0.0056385 secs] [Times: user=0.00 sys=0.00, real=0.00 secs] 
2024-07-05T12:27:34.610+0800: 5648.847: [GC (Allocation Failure) [PSYoungGen: 785040K->144K(755712K)] 1278173K->493285K(1373696K), 0.0048151 secs] [Times: user=0.01 sys=0.00, real=0.01 secs] 
2024-07-05T12:27:55.046+0800: 5669.283: [GC (Allocation Failure) [PSYoungGen: 752784K->144K(722432K)] 1245925K->493293K(1340416K), 0.0043059 secs] [Times: user=0.01 sys=0.00, real=0.00 secs] 
2024-07-05T12:28:15.866+0800: 5690.103: [GC (Allocation Failure) [PSYoungGen: 722064K->566K(695808K)] 1215213K->493723K(1313792K), 0.0046424 secs] [Times: user=0.01 sys=0.00, real=0.00 secs] 
2024-07-05T12:28:34.853+0800: 5709.090: [GC (Allocation Failure) [PSYoungGen: 693302K->160K(665088K)] 1186459K->493325K(1283072K), 0.0030524 secs] [Times: user=0.01 sys=0.00, real=0.00 secs] 
2024-07-05T12:28:53.146+0800: 5727.383: [GC (Allocation Failure) [PSYoungGen: 664736K->518K(641024K)] 1157901K->493691K(1259008K), 0.0040667 secs] [Times: user=0.00 sys=0.00, real=0.00 secs] 
2024-07-05T12:29:11.201+0800: 5745.438: [GC (Allocation Failure) [PSYoungGen: 638470K->941K(613376K)] 1131643K->494122K(1231360K), 0.0042330 secs] [Times: user=0.01 sys=0.00, real=0.00 secs] 
2024-07-05T12:29:28.612+0800: 5762.849: [GC (Allocation Failure) [PSYoungGen: 613293K->550K(589312K)] 1106474K->493739K(1207296K), 0.0030951 secs] [Times: user=0.00 sys=0.00, real=0.01 secs] 
2024-07-05T12:29:44.870+0800: 5779.107: [GC (Allocation Failure) [PSYoungGen: 588838K->355K(565760K)] 1082027K->493552K(1183744K), 0.0030133 secs] [Times: user=0.00 sys=0.01, real=0.01 secs] 
2024-07-05T12:30:00.312+0800: 5794.549: [GC (Allocation Failure) [PSYoungGen: 565603K->566K(545792K)] 1058800K->493771K(1163776K), 0.0030922 secs] [Times: user=0.01 sys=0.00, real=0.01 secs] 
2024-07-05T12:30:15.955+0800: 5810.192: [GC (Allocation Failure) [PSYoungGen: 543798K->566K(523264K)] 1037003K->493779K(1141248K), 0.0029783 secs] [Times: user=0.00 sys=0.00, real=0.00 secs] 
2024-07-05T12:30:30.147+0800: 5824.384: [GC (Allocation Failure) [PSYoungGen: 522806K->176K(502784K)] 1016019K->493397K(1120768K), 0.0027979 secs] [Times: user=0.00 sys=0.00, real=0.00 secs] 
2024-07-05T12:30:44.021+0800: 5838.258: [GC (Allocation Failure) [PSYoungGen: 502448K->371K(483840K)] 995669K->493600K(1101824K), 0.0030214 secs] [Times: user=0.00 sys=0.00, real=0.00 secs] 
2024-07-05T12:30:57.296+0800: 5851.533: [GC (Allocation Failure) [PSYoungGen: 483699K->518K(467456K)] 976928K->493787K(1085440K), 0.0029904 secs] [Times: user=0.00 sys=0.00, real=0.00 secs] 
2024-07-05T12:31:09.941+0800: 5864.178: [GC (Allocation Failure) [PSYoungGen: 465899K->339K(448512K)] 959168K->493616K(1066496K), 0.0030145 secs] [Times: user=0.00 sys=0.00, real=0.01 secs] 
2024-07-05T12:31:22.196+0800: 5876.433: [GC (Allocation Failure) [PSYoungGen: 448339K->518K(433664K)] 941616K->493803K(1051648K), 0.0033469 secs] [Times: user=0.00 sys=0.00, real=0.00 secs] 
2024-07-05T12:31:33.588+0800: 5887.825: [GC (Allocation Failure) [PSYoungGen: 432134K->128K(416768K)] 925419K->493421K(1034752K), 0.0029603 secs] [Times: user=0.01 sys=0.00, real=0.00 secs] 
2024-07-05T12:31:44.561+0800: 5898.797: [GC (Allocation Failure) [PSYoungGen: 416308K->1104K(403456K)] 909601K->494405K(1021440K), 0.0031862 secs] [Times: user=0.00 sys=0.00, real=0.01 secs] 
2024-07-05T12:31:55.100+0800: 5909.337: [GC (Allocation Failure) [PSYoungGen: 402512K->1104K(388608K)] 895813K->494421K(1006592K), 0.0028265 secs] [Times: user=0.00 sys=0.00, real=0.01 secs] 
2024-07-05T12:38:01.498+0800: 6275.735: [GC (Allocation Failure) [PSYoungGen: 388176K->752K(374784K)] 881493K->619013K(1024512K), 0.0334745 secs] [Times: user=0.05 sys=0.01, real=0.03 secs] 
2024-07-05T12:38:01.531+0800: 6275.768: [Full GC (Ergonomics) [PSYoungGen: 752K->0K(374784K)] [ParOldGen: 618261K->274171K(474624K)] 619013K->274171K(849408K), [Metaspace: 23565K->23512K(1071104K)], 0.1143046 secs] [Times: user=0.17 sys=0.01, real=0.12 secs] 
2024-07-05T12:38:02.811+0800: 6277.047: [GC (Allocation Failure) [PSYoungGen: 373760K->128K(361472K)] 647931K->274307K(836096K), 0.0047154 secs] [Times: user=0.01 sys=0.00, real=0.01 secs] 
2024-07-05T12:38:04.052+0800: 6278.289: [GC (Allocation Failure) [PSYoungGen: 361088K->96K(350720K)] 635267K->274275K(825344K), 0.0024681 secs] [Times: user=0.00 sys=0.00, real=0.01 secs] 
2024-07-05T12:38:04.965+0800: 6279.202: [GC (Allocation Failure) [PSYoungGen: 348768K->112K(337408K)] 622947K->274291K(812032K), 0.0026470 secs] [Times: user=0.00 sys=0.00, real=0.00 secs] 
2024-07-05T12:38:05.464+0800: 6279.701: [GC (Allocation Failure) [PSYoungGen: 337008K->192K(327680K)] 611187K->274371K(802304K), 0.0023754 secs] [Times: user=0.00 sys=0.00, real=0.00 secs] 
2024-07-05T12:38:05.990+0800: 6280.227: [GC (Allocation Failure) [PSYoungGen: 325824K->192K(315392K)] 600003K->274371K(790016K), 0.0034244 secs] [Times: user=0.00 sys=0.00, real=0.01 secs] 
2024-07-05T12:38:06.510+0800: 6280.747: [GC (Allocation Failure) [PSYoungGen: 315072K->224K(306176K)] 589251K->274403K(780800K), 0.0025640 secs] [Times: user=0.00 sys=0.00, real=0.00 secs] 
2024-07-05T12:38:07.007+0800: 6281.244: [GC (Allocation Failure) [PSYoungGen: 304864K->192K(295424K)] 579043K->274371K(770048K), 0.0027909 secs] [Times: user=0.01 sys=0.00, real=0.00 secs] 
2024-07-05T12:38:07.454+0800: 6281.691: [GC (Allocation Failure) [PSYoungGen: 295104K->192K(287232K)] 569283K->274371K(761856K), 0.0026333 secs] [Times: user=0.01 sys=0.00, real=0.00 secs] 
2024-07-05T12:38:07.900+0800: 6282.137: [GC (Allocation Failure) [PSYoungGen: 285888K->224K(314880K)] 560067K->274403K(789504K), 0.0036331 secs] [Times: user=0.01 sys=0.00, real=0.01 secs] 
2024-07-05T12:38:08.390+0800: 6282.627: [GC (Allocation Failure) [PSYoungGen: 314592K->96K(347648K)] 588771K->274275K(822272K), 0.0028540 secs] [Times: user=0.01 sys=0.00, real=0.00 secs] 
2024-07-05T12:38:08.792+0800: 6283.029: [GC (Allocation Failure) [PSYoungGen: 346208K->160K(381952K)] 620387K->274339K(856576K), 0.0024669 secs] [Times: user=0.01 sys=0.00, real=0.01 secs] 
2024-07-05T12:38:09.332+0800: 6283.569: [GC (Allocation Failure) [PSYoungGen: 381600K->96K(420864K)] 655779K->274275K(895488K), 0.0026745 secs] [Times: user=0.00 sys=0.00, real=0.01 secs] 
2024-07-05T12:38:09.874+0800: 6284.111: [GC (Allocation Failure) [PSYoungGen: 419424K->144K(461824K)] 693603K->274323K(936448K), 0.0033311 secs] [Times: user=0.00 sys=0.00, real=0.00 secs] 
2024-07-05T12:38:10.586+0800: 6284.823: [GC (Allocation Failure) [PSYoungGen: 461456K->160K(507904K)] 735635K->274339K(982528K), 0.0031183 secs] [Times: user=0.00 sys=0.00, real=0.00 secs] 
2024-07-05T12:38:11.237+0800: 6285.474: [GC (Allocation Failure) [PSYoungGen: 506528K->192K(553984K)] 780707K->274371K(1028608K), 0.0023824 secs] [Times: user=0.00 sys=0.00, real=0.00 secs] 
2024-07-05T12:38:11.999+0800: 6286.236: [GC (Allocation Failure) [PSYoungGen: 553664K->224K(605184K)] 827843K->274419K(1079808K), 0.0032362 secs] [Times: user=0.00 sys=0.00, real=0.01 secs] 
2024-07-05T12:38:12.859+0800: 6287.096: [GC (Allocation Failure) [PSYoungGen: 604384K->224K(580608K)] 878579K->274419K(1055232K), 0.0024144 secs] [Times: user=0.01 sys=0.00, real=0.01 secs] 
2024-07-05T12:38:13.639+0800: 6287.876: [GC (Allocation Failure) [PSYoungGen: 580320K->96K(558592K)] 854515K->274299K(1033216K), 0.0033602 secs] [Times: user=0.01 sys=0.00, real=0.01 secs] 
2024-07-05T12:38:14.374+0800: 6288.611: [GC (Allocation Failure) [PSYoungGen: 557664K->128K(536576K)] 831867K->274347K(1011200K), 0.0036921 secs] [Times: user=0.00 sys=0.00, real=0.00 secs] 
2024-07-05T12:38:15.146+0800: 6289.383: [GC (Allocation Failure) [PSYoungGen: 536192K->192K(516608K)] 810411K->274419K(991232K), 0.0032431 secs] [Times: user=0.00 sys=0.00, real=0.00 secs] 
2024-07-05T12:38:15.780+0800: 6290.017: [GC (Allocation Failure) [PSYoungGen: 515776K->128K(496640K)] 790003K->274355K(971264K), 0.0024310 secs] [Times: user=0.00 sys=0.00, real=0.01 secs] 
2024-07-05T12:38:16.434+0800: 6290.671: [GC (Allocation Failure) [PSYoungGen: 496256K->224K(478720K)] 770483K->274459K(953344K), 0.0023547 secs] [Times: user=0.00 sys=0.00, real=0.00 secs] 
2024-07-05T12:38:17.095+0800: 6291.332: [GC (Allocation Failure) [PSYoungGen: 477920K->192K(460288K)] 752155K->274435K(934912K), 0.0023057 secs] [Times: user=0.01 sys=0.00, real=0.00 secs] 
2024-07-05T12:38:17.654+0800: 6291.891: [GC (Allocation Failure) [PSYoungGen: 459968K->112K(443904K)] 734211K->274363K(918528K), 0.0021076 secs] [Times: user=0.00 sys=0.00, real=0.00 secs] 
2024-07-05T12:38:18.346+0800: 6292.583: [GC (Allocation Failure) [PSYoungGen: 442992K->128K(427008K)] 717243K->274387K(901632K), 0.0022898 secs] [Times: user=0.01 sys=0.00, real=0.00 secs] 
2024-07-05T12:38:19.036+0800: 6293.273: [GC (Allocation Failure) [PSYoungGen: 426624K->96K(412160K)] 700883K->274363K(886784K), 0.0029708 secs] [Times: user=0.01 sys=0.00, real=0.00 secs] 
2024-07-05T12:38:19.610+0800: 6293.847: [GC (Allocation Failure) [PSYoungGen: 411232K->192K(396800K)] 685499K->274467K(871424K), 0.0037095 secs] [Times: user=0.00 sys=0.00, real=0.01 secs] 
2024-07-05T12:38:20.106+0800: 6294.343: [GC (Allocation Failure) [PSYoungGen: 396480K->256K(434688K)] 670755K->274539K(909312K), 0.0034342 secs] [Times: user=0.00 sys=0.00, real=0.00 secs] 
2024-07-05T12:38:20.635+0800: 6294.872: [GC (Allocation Failure) [PSYoungGen: 434432K->144K(474624K)] 708715K->274435K(949248K), 0.0020179 secs] [Times: user=0.00 sys=0.00, real=0.00 secs] 
2024-07-05T12:38:21.179+0800: 6295.416: [GC (Allocation Failure) [PSYoungGen: 474256K->128K(519168K)] 748547K->274419K(993792K), 0.0028439 secs] [Times: user=0.01 sys=0.00, real=0.01 secs] 
2024-07-05T12:38:21.806+0800: 6296.043: [GC (Allocation Failure) [PSYoungGen: 518784K->176K(568320K)] 793075K->274475K(1042944K), 0.0033192 secs] [Times: user=0.00 sys=0.00, real=0.00 secs] 
2024-07-05T12:38:22.458+0800: 6296.694: [GC (Allocation Failure) [PSYoungGen: 567984K->144K(546304K)] 842283K->274443K(1020928K), 0.0021336 secs] [Times: user=0.01 sys=0.00, real=0.00 secs] 
2024-07-05T12:38:23.150+0800: 6297.387: [GC (Allocation Failure) [PSYoungGen: 545936K->128K(525312K)] 820235K->274435K(999936K), 0.0032586 secs] [Times: user=0.01 sys=0.00, real=0.01 secs] 
2024-07-05T12:38:23.716+0800: 6297.953: [GC (Allocation Failure) [PSYoungGen: 524928K->160K(505344K)] 799235K->274467K(979968K), 0.0019648 secs] [Times: user=0.00 sys=0.00, real=0.00 secs] 
2024-07-05T12:38:24.257+0800: 6298.494: [GC (Allocation Failure) [PSYoungGen: 504992K->96K(486400K)] 779299K->274411K(961024K), 0.0020187 secs] [Times: user=0.00 sys=0.00, real=0.00 secs] 
2024-07-05T12:38:24.786+0800: 6299.023: [GC (Allocation Failure) [PSYoungGen: 485984K->192K(467968K)] 760299K->274515K(942592K), 0.0023360 secs] [Times: user=0.00 sys=0.00, real=0.00 secs] 
2024-07-05T12:38:25.713+0800: 6299.950: [GC (Allocation Failure) [PSYoungGen: 467648K->192K(450560K)] 741971K->274523K(925184K), 0.0033998 secs] [Times: user=0.00 sys=0.00, real=0.01 secs] 
2024-07-05T12:38:26.516+0800: 6300.752: [GC (Allocation Failure) [PSYoungGen: 450240K->128K(434176K)] 724571K->274459K(908800K), 0.0028915 secs] [Times: user=0.00 sys=0.00, real=0.00 secs] 
2024-07-05T12:38:27.372+0800: 6301.609: [GC (Allocation Failure) [PSYoungGen: 433792K->128K(418304K)] 708123K->274467K(892928K), 0.0025952 secs] [Times: user=0.00 sys=0.00, real=0.01 secs] 
2024-07-05T12:38:28.162+0800: 6302.399: [GC (Allocation Failure) [PSYoungGen: 417920K->112K(403456K)] 692259K->274451K(878080K), 0.0031348 secs] [Times: user=0.01 sys=0.00, real=0.00 secs] 
2024-07-05T12:38:28.914+0800: 6303.151: [GC (Allocation Failure) [PSYoungGen: 403056K->128K(389120K)] 677395K->274475K(863744K), 0.0031935 secs] [Times: user=0.01 sys=0.00, real=0.00 secs] 
2024-07-05T12:38:29.697+0800: 6303.934: [GC (Allocation Failure) [PSYoungGen: 388736K->128K(375296K)] 663083K->274475K(849920K), 0.0031086 secs] [Times: user=0.01 sys=0.00, real=0.00 secs] 
2024-07-05T12:38:30.384+0800: 6304.621: [GC (Allocation Failure) [PSYoungGen: 374912K->96K(362496K)] 649259K->274443K(837120K), 0.0025291 secs] [Times: user=0.01 sys=0.00, real=0.00 secs] 
2024-07-05T12:38:31.049+0800: 6305.286: [GC (Allocation Failure) [PSYoungGen: 362080K->96K(350208K)] 636427K->274451K(824832K), 0.0032705 secs] [Times: user=0.00 sys=0.00, real=0.00 secs] 
2024-07-05T12:38:31.743+0800: 6305.979: [GC (Allocation Failure) [PSYoungGen: 349792K->160K(338432K)] 624147K->274515K(813056K), 0.0031725 secs] [Times: user=0.00 sys=0.00, real=0.00 secs] 
2024-07-05T12:38:32.381+0800: 6306.618: [GC (Allocation Failure) [PSYoungGen: 338080K->160K(327168K)] 612435K->274523K(801792K), 0.0023316 secs] [Times: user=0.00 sys=0.01, real=0.01 secs] 
2024-07-05T12:38:33.000+0800: 6307.237: [GC (Allocation Failure) [PSYoungGen: 326816K->224K(316416K)] 601179K->274595K(791040K), 0.0023432 secs] [Times: user=0.01 sys=0.00, real=0.01 secs] 
2024-07-05T12:38:33.558+0800: 6307.795: [GC (Allocation Failure) [PSYoungGen: 316128K->112K(306176K)] 590499K->274491K(780800K), 0.0023282 secs] [Times: user=0.00 sys=0.00, real=0.00 secs] 
2024-07-05T12:38:34.158+0800: 6308.395: [GC (Allocation Failure) [PSYoungGen: 305776K->128K(296448K)] 580155K->274515K(771072K), 0.0023891 secs] [Times: user=0.01 sys=0.00, real=0.00 secs] 
2024-07-05T12:38:34.697+0800: 6308.934: [GC (Allocation Failure) [PSYoungGen: 296064K->128K(286720K)] 570451K->274515K(761344K), 0.0026897 secs] [Times: user=0.01 sys=0.00, real=0.00 secs] 
2024-07-05T12:38:35.013+0800: 6309.250: [GC (Allocation Failure) [PSYoungGen: 286336K->160K(313856K)] 560723K->274555K(788480K), 0.0021242 secs] [Times: user=0.01 sys=0.00, real=0.01 secs] 
2024-07-05T12:38:35.358+0800: 6309.595: [GC (Allocation Failure) [PSYoungGen: 313504K->128K(347136K)] 587899K->274523K(821760K), 0.0036196 secs] [Times: user=0.01 sys=0.00, real=0.01 secs] 
2024-07-05T12:38:35.741+0800: 6309.978: [GC (Allocation Failure) [PSYoungGen: 346752K->192K(383488K)] 621147K->274595K(858112K), 0.0019654 secs] [Times: user=0.00 sys=0.00, real=0.01 secs] 
2024-07-05T12:38:36.186+0800: 6310.423: [GC (Allocation Failure) [PSYoungGen: 383168K->224K(424448K)] 657571K->274627K(899072K), 0.0032861 secs] [Times: user=0.00 sys=0.00, real=0.00 secs] 
2024-07-05T12:38:36.640+0800: 6310.877: [GC (Allocation Failure) [PSYoungGen: 424160K->160K(467968K)] 698563K->274571K(942592K), 0.0019127 secs] [Times: user=0.00 sys=0.00, real=0.01 secs] 
2024-07-05T12:38:37.162+0800: 6311.398: [GC (Allocation Failure) [PSYoungGen: 467616K->96K(513536K)] 742027K->274507K(988160K), 0.0019856 secs] [Times: user=0.00 sys=0.00, real=0.00 secs] 
2024-07-05T12:38:37.766+0800: 6312.003: [GC (Allocation Failure) [PSYoungGen: 513120K->192K(563200K)] 787531K->274611K(1037824K), 0.0029210 secs] [Times: user=0.00 sys=0.00, real=0.00 secs] 
2024-07-05T12:38:38.402+0800: 6312.638: [GC (Allocation Failure) [PSYoungGen: 562880K->192K(614912K)] 837299K->274611K(1089536K), 0.0020764 secs] [Times: user=0.00 sys=0.00, real=0.00 secs] 
2024-07-05T12:38:39.109+0800: 6313.346: [GC (Allocation Failure) [PSYoungGen: 614592K->128K(590848K)] 889011K->274547K(1065472K), 0.0031987 secs] [Times: user=0.00 sys=0.00, real=0.00 secs] 
2024-07-05T12:38:39.737+0800: 6313.974: [GC (Allocation Failure) [PSYoungGen: 590464K->160K(567808K)] 864883K->274579K(1042432K), 0.0021605 secs] [Times: user=0.00 sys=0.00, real=0.00 secs] 
2024-07-05T12:38:40.459+0800: 6314.696: [GC (Allocation Failure) [PSYoungGen: 567456K->224K(545792K)] 841875K->274643K(1020416K), 0.0021288 secs] [Times: user=0.00 sys=0.00, real=0.01 secs] 
2024-07-05T12:38:41.011+0800: 6315.248: [GC (Allocation Failure) [PSYoungGen: 545504K->128K(524800K)] 819923K->274555K(999424K), 0.0032851 secs] [Times: user=0.00 sys=0.00, real=0.01 secs] 
2024-07-05T12:38:41.578+0800: 6315.815: [GC (Allocation Failure) [PSYoungGen: 524416K->128K(572928K)] 798843K->274563K(1047552K), 0.0030538 secs] [Times: user=0.00 sys=0.00, real=0.00 secs] 
2024-07-05T12:38:42.248+0800: 6316.484: [GC (Allocation Failure) [PSYoungGen: 572544K->224K(550400K)] 846979K->274659K(1025024K), 0.0021270 secs] [Times: user=0.01 sys=0.00, real=0.00 secs] 
2024-07-05T12:38:42.826+0800: 6317.063: [GC (Allocation Failure) [PSYoungGen: 550112K->160K(529408K)] 824547K->274595K(1004032K), 0.0019839 secs] [Times: user=0.00 sys=0.00, real=0.00 secs] 
2024-07-05T12:38:43.379+0800: 6317.616: [GC (Allocation Failure) [PSYoungGen: 529056K->160K(509440K)] 803491K->274603K(984064K), 0.0021617 secs] [Times: user=0.00 sys=0.00, real=0.01 secs] 
2024-07-05T12:38:43.946+0800: 6318.183: [GC (Allocation Failure) [PSYoungGen: 509088K->160K(489984K)] 783531K->274611K(964608K), 0.0020647 secs] [Times: user=0.01 sys=0.00, real=0.00 secs] 
2024-07-05T12:38:44.492+0800: 6318.729: [GC (Allocation Failure) [PSYoungGen: 489632K->192K(471552K)] 764083K->274643K(946176K), 0.0021936 secs] [Times: user=0.01 sys=0.00, real=0.01 secs] 
2024-07-05T12:38:44.994+0800: 6319.231: [GC (Allocation Failure) [PSYoungGen: 471232K->224K(454144K)] 745683K->274675K(928768K), 0.0021187 secs] [Times: user=0.01 sys=0.00, real=0.00 secs] 
2024-07-05T12:38:45.499+0800: 6319.736: [GC (Allocation Failure) [PSYoungGen: 453856K->128K(437248K)] 728307K->274587K(911872K), 0.0029417 secs] [Times: user=0.00 sys=0.00, real=0.01 secs] 
2024-07-05T12:38:46.008+0800: 6320.245: [GC (Allocation Failure) [PSYoungGen: 436864K->192K(421376K)] 711323K->274651K(896000K), 0.0021146 secs] [Times: user=0.00 sys=0.00, real=0.00 secs] 
2024-07-05T12:38:46.526+0800: 6320.763: [GC (Allocation Failure) [PSYoungGen: 421056K->288K(406016K)] 695515K->274755K(880640K), 0.0027946 secs] [Times: user=0.00 sys=0.00, real=0.00 secs] 
2024-07-05T12:38:46.990+0800: 6321.227: [GC (Allocation Failure) [PSYoungGen: 405792K->240K(444928K)] 680259K->274707K(919552K), 0.0030479 secs] [Times: user=0.00 sys=0.00, real=0.01 secs] 
2024-07-05T12:38:47.486+0800: 6321.723: [GC (Allocation Failure) [PSYoungGen: 444656K->160K(488448K)] 719123K->274635K(963072K), 0.0030243 secs] [Times: user=0.01 sys=0.00, real=0.00 secs] 
2024-07-05T12:38:48.054+0800: 6322.291: [GC (Allocation Failure) [PSYoungGen: 488096K->96K(536576K)] 762571K->274571K(1011200K), 0.0030671 secs] [Times: user=0.00 sys=0.00, real=0.00 secs] 
2024-07-05T12:38:48.707+0800: 6322.944: [GC (Allocation Failure) [PSYoungGen: 536160K->224K(586752K)] 810635K->274707K(1061376K), 0.0022836 secs] [Times: user=0.00 sys=0.00, real=0.00 secs] 
2024-07-05T12:38:49.356+0800: 6323.593: [GC (Allocation Failure) [PSYoungGen: 586464K->160K(563712K)] 860947K->274643K(1038336K), 0.0020370 secs] [Times: user=0.00 sys=0.00, real=0.00 secs] 
2024-07-05T12:38:50.005+0800: 6324.242: [GC (Allocation Failure) [PSYoungGen: 563360K->160K(541696K)] 837843K->274651K(1016320K), 0.0032574 secs] [Times: user=0.01 sys=0.00, real=0.00 secs] 
2024-07-05T12:38:50.659+0800: 6324.896: [GC (Allocation Failure) [PSYoungGen: 541344K->160K(591360K)] 815835K->274651K(1065984K), 0.0032044 secs] [Times: user=0.00 sys=0.00, real=0.01 secs] 
2024-07-05T12:38:51.296+0800: 6325.533: [GC (Allocation Failure) [PSYoungGen: 591008K->160K(568320K)] 865499K->274659K(1042944K), 0.0019934 secs] [Times: user=0.01 sys=0.00, real=0.00 secs] 
2024-07-05T12:38:51.962+0800: 6326.199: [GC (Allocation Failure) [PSYoungGen: 567968K->160K(546304K)] 842467K->274667K(1020928K), 0.0028574 secs] [Times: user=0.00 sys=0.00, real=0.00 secs] 
2024-07-05T12:38:52.556+0800: 6326.793: [GC (Allocation Failure) [PSYoungGen: 545952K->224K(525312K)] 820459K->274739K(999936K), 0.0021233 secs] [Times: user=0.00 sys=0.00, real=0.00 secs] 
2024-07-05T12:38:53.190+0800: 6327.427: [GC (Allocation Failure) [PSYoungGen: 525024K->192K(505344K)] 799539K->274715K(979968K), 0.0032428 secs] [Times: user=0.00 sys=0.00, real=0.01 secs] 
2024-07-05T12:38:53.764+0800: 6328.001: [GC (Allocation Failure) [PSYoungGen: 505024K->160K(486400K)] 779547K->274683K(961024K), 0.0023883 secs] [Times: user=0.01 sys=0.00, real=0.00 secs] 
2024-07-05T12:38:54.322+0800: 6328.558: [GC (Allocation Failure) [PSYoungGen: 486048K->160K(530944K)] 760571K->274691K(1005568K), 0.0032520 secs] [Times: user=0.00 sys=0.00, real=0.00 secs] 
2024-07-05T12:38:54.946+0800: 6329.183: [GC (Allocation Failure) [PSYoungGen: 530592K->256K(510464K)] 805123K->274787K(985088K), 0.0020446 secs] [Times: user=0.00 sys=0.00, real=0.00 secs] 
2024-07-05T12:38:55.475+0800: 6329.712: [GC (Allocation Failure) [PSYoungGen: 510208K->224K(558592K)] 784739K->274755K(1033216K), 0.0035455 secs] [Times: user=0.00 sys=0.00, real=0.00 secs] 
2024-07-05T12:38:56.164+0800: 6330.400: [GC (Allocation Failure) [PSYoungGen: 558304K->160K(537088K)] 832835K->274699K(1011712K), 0.0026229 secs] [Times: user=0.00 sys=0.00, real=0.00 secs] 
2024-07-05T12:38:56.719+0800: 6330.956: [GC (Allocation Failure) [PSYoungGen: 536736K->128K(516608K)] 811275K->274667K(991232K), 0.0019519 secs] [Times: user=0.00 sys=0.00, real=0.01 secs] 
2024-07-05T12:38:57.301+0800: 6331.537: [GC (Allocation Failure) [PSYoungGen: 516224K->144K(497152K)] 790763K->274691K(971776K), 0.0023563 secs] [Times: user=0.00 sys=0.00, real=0.01 secs] 
2024-07-05T12:38:57.842+0800: 6332.079: [GC (Allocation Failure) [PSYoungGen: 496784K->192K(543232K)] 771331K->274739K(1017856K), 0.0033949 secs] [Times: user=0.00 sys=0.00, real=0.00 secs] 
2024-07-05T12:38:58.419+0800: 6332.656: [GC (Allocation Failure) [PSYoungGen: 542912K->160K(522240K)] 817459K->274715K(996864K), 0.0020504 secs] [Times: user=0.01 sys=0.00, real=0.00 secs] 
2024-07-05T12:38:59.038+0800: 6333.275: [GC (Allocation Failure) [PSYoungGen: 521888K->144K(502272K)] 796443K->274707K(976896K), 0.0030575 secs] [Times: user=0.00 sys=0.00, real=0.00 secs] 
2024-07-05T12:38:59.559+0800: 6333.796: [GC (Allocation Failure) [PSYoungGen: 501904K->128K(483328K)] 776467K->274699K(957952K), 0.0020086 secs] [Times: user=0.00 sys=0.00, real=0.01 secs] 
2024-07-05T12:39:00.077+0800: 6334.314: [GC (Allocation Failure) [PSYoungGen: 482944K->192K(528384K)] 757515K->274771K(1003008K), 0.0032608 secs] [Times: user=0.00 sys=0.00, real=0.00 secs] 
2024-07-05T12:39:00.647+0800: 6334.884: [GC (Allocation Failure) [PSYoungGen: 528064K->192K(508416K)] 802643K->274779K(983040K), 0.0020326 secs] [Times: user=0.01 sys=0.00, real=0.00 secs] 
2024-07-05T12:39:01.233+0800: 6335.469: [GC (Allocation Failure) [PSYoungGen: 508096K->128K(488960K)] 782683K->274723K(963584K), 0.0022260 secs] [Times: user=0.00 sys=0.00, real=0.01 secs] 
2024-07-05T12:39:01.768+0800: 6336.005: [GC (Allocation Failure) [PSYoungGen: 488576K->224K(534528K)] 763171K->274819K(1009152K), 0.0033393 secs] [Times: user=0.00 sys=0.00, real=0.00 secs] 
2024-07-05T12:39:02.354+0800: 6336.591: [GC (Allocation Failure) [PSYoungGen: 534240K->128K(584704K)] 808835K->274731K(1059328K), 0.0030884 secs] [Times: user=0.00 sys=0.00, real=0.00 secs] 
2024-07-05T12:39:03.034+0800: 6337.271: [GC (Allocation Failure) [PSYoungGen: 584320K->176K(640000K)] 858923K->274779K(1114624K), 0.0033521 secs] [Times: user=0.00 sys=0.00, real=0.00 secs] 
2024-07-05T12:39:03.774+0800: 6338.011: [GC (Allocation Failure) [PSYoungGen: 639664K->112K(699904K)] 914267K->274723K(1174528K), 0.0034928 secs] [Times: user=0.01 sys=0.00, real=0.00 secs] 
2024-07-05T12:39:04.526+0800: 6338.763: [GC (Allocation Failure) [PSYoungGen: 699504K->176K(764928K)] 974115K->274787K(1239552K), 0.0033915 secs] [Times: user=0.00 sys=0.00, real=0.00 secs] 
2024-07-05T12:39:05.454+0800: 6339.691: [GC (Allocation Failure) [PSYoungGen: 764592K->192K(733184K)] 1039203K->274811K(1207808K), 0.0033377 secs] [Times: user=0.00 sys=0.01, real=0.00 secs] 
2024-07-05T12:39:06.298+0800: 6340.535: [GC (Allocation Failure) [PSYoungGen: 732864K->176K(702976K)] 1007483K->274795K(1177600K), 0.0020207 secs] [Times: user=0.01 sys=0.00, real=0.00 secs] 
2024-07-05T12:39:07.073+0800: 6341.310: [GC (Allocation Failure) [PSYoungGen: 702640K->192K(674304K)] 977259K->274819K(1148928K), 0.0023077 secs] [Times: user=0.00 sys=0.00, real=0.01 secs] 
2024-07-05T12:39:07.854+0800: 6342.090: [GC (Allocation Failure) [PSYoungGen: 673984K->160K(647168K)] 948611K->274795K(1121792K), 0.0029127 secs] [Times: user=0.01 sys=0.00, real=0.00 secs] 
2024-07-05T12:39:08.545+0800: 6342.782: [GC (Allocation Failure) [PSYoungGen: 646816K->192K(621568K)] 921451K->274835K(1096192K), 0.0022434 secs] [Times: user=0.01 sys=0.00, real=0.00 secs] 
2024-07-05T12:39:09.214+0800: 6343.451: [GC (Allocation Failure) [PSYoungGen: 621248K->160K(596992K)] 895891K->274811K(1071616K), 0.0036203 secs] [Times: user=0.00 sys=0.00, real=0.00 secs] 
2024-07-05T12:39:09.870+0800: 6344.107: [GC (Allocation Failure) [PSYoungGen: 596640K->128K(573440K)] 871291K->274779K(1048064K), 0.0020305 secs] [Times: user=0.00 sys=0.00, real=0.00 secs] 
2024-07-05T12:39:10.495+0800: 6344.732: [GC (Allocation Failure) [PSYoungGen: 573056K->192K(550912K)] 847707K->274851K(1025536K), 0.0026014 secs] [Times: user=0.00 sys=0.00, real=0.00 secs] 
2024-07-05T12:39:11.187+0800: 6345.424: [GC (Allocation Failure) [PSYoungGen: 550592K->96K(529920K)] 825251K->274755K(1004544K), 0.0020623 secs] [Times: user=0.00 sys=0.00, real=0.00 secs] 
2024-07-05T12:39:11.824+0800: 6346.061: [GC (Allocation Failure) [PSYoungGen: 529504K->192K(509440K)] 804163K->274859K(984064K), 0.0026447 secs] [Times: user=0.00 sys=0.00, real=0.00 secs] 
2024-07-05T12:39:12.359+0800: 6346.595: [GC (Allocation Failure) [PSYoungGen: 509120K->128K(489984K)] 783787K->274795K(964608K), 0.0019836 secs] [Times: user=0.00 sys=0.00, real=0.00 secs] 
2024-07-05T12:39:12.897+0800: 6347.134: [GC (Allocation Failure) [PSYoungGen: 489600K->224K(471552K)] 764267K->274899K(946176K), 0.0032179 secs] [Times: user=0.01 sys=0.00, real=0.00 secs] 
2024-07-05T12:39:13.390+0800: 6347.627: [GC (Allocation Failure) [PSYoungGen: 471264K->128K(454144K)] 745939K->274811K(928768K), 0.0019677 secs] [Times: user=0.00 sys=0.00, real=0.00 secs] 
2024-07-05T12:39:13.990+0800: 6348.227: [GC (Allocation Failure) [PSYoungGen: 453760K->144K(437248K)] 728443K->274835K(911872K), 0.0019467 secs] [Times: user=0.00 sys=0.00, real=0.00 secs] 
2024-07-05T12:39:14.446+0800: 6348.683: [GC (Allocation Failure) [PSYoungGen: 436880K->192K(421376K)] 711571K->274883K(896000K), 0.0020167 secs] [Times: user=0.01 sys=0.00, real=0.00 secs] 
2024-07-05T12:39:14.903+0800: 6349.140: [GC (Allocation Failure) [PSYoungGen: 421056K->160K(406016K)] 695747K->274859K(880640K), 0.0021011 secs] [Times: user=0.00 sys=0.00, real=0.00 secs] 
2024-07-05T12:39:15.365+0800: 6349.601: [GC (Allocation Failure) [PSYoungGen: 405664K->208K(391680K)] 680363K->274907K(866304K), 0.0022853 secs] [Times: user=0.01 sys=0.00, real=0.00 secs] 
2024-07-05T12:39:15.827+0800: 6350.064: [GC (Allocation Failure) [PSYoungGen: 391376K->160K(431616K)] 666075K->274867K(906240K), 0.0045550 secs] [Times: user=0.01 sys=0.00, real=0.00 secs] 
2024-07-05T12:39:16.338+0800: 6350.574: [GC (Allocation Failure) [PSYoungGen: 431264K->224K(475648K)] 705971K->274939K(950272K), 0.0028787 secs] [Times: user=0.00 sys=0.00, real=0.00 secs] 
2024-07-05T12:39:16.878+0800: 6351.115: [GC (Allocation Failure) [PSYoungGen: 475360K->96K(521728K)] 750075K->274811K(996352K), 0.0020641 secs] [Times: user=0.00 sys=0.00, real=0.00 secs] 
2024-07-05T12:39:17.502+0800: 6351.739: [GC (Allocation Failure) [PSYoungGen: 521312K->208K(570368K)] 796027K->274931K(1044992K), 0.0021664 secs] [Times: user=0.00 sys=0.00, real=0.00 secs] 
2024-07-05T12:39:18.145+0800: 6352.381: [GC (Allocation Failure) [PSYoungGen: 570064K->160K(548352K)] 844787K->274883K(1022976K), 0.0020373 secs] [Times: user=0.01 sys=0.00, real=0.00 secs] 
2024-07-05T12:39:18.773+0800: 6353.010: [GC (Allocation Failure) [PSYoungGen: 548000K->128K(527360K)] 822723K->274859K(1001984K), 0.0019687 secs] [Times: user=0.00 sys=0.00, real=0.01 secs] 
2024-07-05T12:39:19.303+0800: 6353.540: [GC (Allocation Failure) [PSYoungGen: 526976K->208K(507392K)] 801707K->274939K(982016K), 0.0020414 secs] [Times: user=0.00 sys=0.00, real=0.00 secs] 
2024-07-05T12:39:19.833+0800: 6354.070: [GC (Allocation Failure) [PSYoungGen: 507088K->144K(488448K)] 781819K->274883K(963072K), 0.0032478 secs] [Times: user=0.00 sys=0.00, real=0.00 secs] 
2024-07-05T12:39:20.403+0800: 6354.640: [GC (Allocation Failure) [PSYoungGen: 488080K->160K(533504K)] 762819K->274899K(1008128K), 0.0030371 secs] [Times: user=0.00 sys=0.00, real=0.00 secs] 
2024-07-05T12:39:20.953+0800: 6355.189: [GC (Allocation Failure) [PSYoungGen: 533152K->192K(513024K)] 807891K->274939K(987648K), 0.0019330 secs] [Times: user=0.00 sys=0.00, real=0.01 secs] 
2024-07-05T12:39:21.480+0800: 6355.717: [GC (Allocation Failure) [PSYoungGen: 512704K->128K(493568K)] 787451K->274883K(968192K), 0.0023958 secs] [Times: user=0.00 sys=0.00, real=0.01 secs] 
2024-07-05T12:39:21.994+0800: 6356.230: [GC (Allocation Failure) [PSYoungGen: 493184K->160K(475136K)] 767939K->274915K(949760K), 0.0020125 secs] [Times: user=0.01 sys=0.00, real=0.00 secs] 
2024-07-05T12:39:22.530+0800: 6356.766: [GC (Allocation Failure) [PSYoungGen: 474784K->192K(457728K)] 749539K->274955K(932352K), 0.0024843 secs] [Times: user=0.00 sys=0.00, real=0.00 secs] 
2024-07-05T12:39:22.988+0800: 6357.225: [GC (Allocation Failure) [PSYoungGen: 457408K->112K(440832K)] 732171K->274875K(915456K), 0.0019931 secs] [Times: user=0.01 sys=0.00, real=0.00 secs] 
2024-07-05T12:39:23.429+0800: 6357.666: [GC (Allocation Failure) [PSYoungGen: 440432K->224K(482304K)] 715195K->274987K(956928K), 0.0029567 secs] [Times: user=0.00 sys=0.00, real=0.00 secs] 
2024-07-05T12:39:23.937+0800: 6358.174: [GC (Allocation Failure) [PSYoungGen: 482016K->112K(526848K)] 756779K->274883K(1001472K), 0.0020906 secs] [Times: user=0.00 sys=0.00, real=0.00 secs] 
2024-07-05T12:39:24.588+0800: 6358.825: [GC (Allocation Failure) [PSYoungGen: 526448K->128K(506880K)] 801219K->274899K(981504K), 0.0022869 secs] [Times: user=0.01 sys=0.00, real=0.00 secs] 
2024-07-05T12:39:25.150+0800: 6359.387: [GC (Allocation Failure) [PSYoungGen: 506496K->160K(487936K)] 781267K->274939K(962560K), 0.0021525 secs] [Times: user=0.00 sys=0.00, real=0.00 secs] 
2024-07-05T12:39:25.673+0800: 6359.910: [GC (Allocation Failure) [PSYoungGen: 487584K->128K(469504K)] 762363K->274907K(944128K), 0.0025541 secs] [Times: user=0.01 sys=0.00, real=0.01 secs] 
2024-07-05T12:39:26.231+0800: 6360.468: [GC (Allocation Failure) [PSYoungGen: 469120K->160K(513536K)] 743899K->274939K(988160K), 0.0033860 secs] [Times: user=0.00 sys=0.00, real=0.01 secs] 
2024-07-05T12:39:26.843+0800: 6361.080: [GC (Allocation Failure) [PSYoungGen: 513184K->128K(494080K)] 787963K->274915K(968704K), 0.0019211 secs] [Times: user=0.00 sys=0.00, real=0.00 secs] 
2024-07-05T12:39:27.401+0800: 6361.638: [GC (Allocation Failure) [PSYoungGen: 493696K->224K(539136K)] 768483K->275011K(1013760K), 0.0030923 secs] [Times: user=0.01 sys=0.00, real=0.00 secs] 
2024-07-05T12:39:27.985+0800: 6362.222: [GC (Allocation Failure) [PSYoungGen: 538848K->160K(589312K)] 813635K->274955K(1063936K), 0.0029378 secs] [Times: user=0.00 sys=0.00, real=0.00 secs] 
2024-07-05T12:39:28.636+0800: 6362.873: [GC (Allocation Failure) [PSYoungGen: 588960K->192K(566272K)] 863755K->274987K(1040896K), 0.0022328 secs] [Times: user=0.01 sys=0.00, real=0.00 secs] 
2024-07-05T12:39:29.246+0800: 6363.483: [GC (Allocation Failure) [PSYoungGen: 565952K->192K(617984K)] 840747K->274995K(1092608K), 0.0032829 secs] [Times: user=0.00 sys=0.00, real=0.00 secs] 
2024-07-05T12:39:29.930+0800: 6364.167: [GC (Allocation Failure) [PSYoungGen: 617664K->224K(593408K)] 892467K->275027K(1068032K), 0.0021888 secs] [Times: user=0.00 sys=0.00, real=0.00 secs] 
2024-07-05T12:39:30.672+0800: 6364.909: [GC (Allocation Failure) [PSYoungGen: 593120K->208K(570368K)] 867923K->275019K(1044992K), 0.0026870 secs] [Times: user=0.01 sys=0.00, real=0.01 secs] 
2024-07-05T12:39:31.310+0800: 6365.547: [GC (Allocation Failure) [PSYoungGen: 570064K->208K(548352K)] 844875K->275019K(1022976K), 0.0032150 secs] [Times: user=0.00 sys=0.00, real=0.00 secs] 
2024-07-05T12:39:31.942+0800: 6366.179: [GC (Allocation Failure) [PSYoungGen: 548048K->192K(527360K)] 822859K->275003K(1001984K), 0.0030655 secs] [Times: user=0.01 sys=0.00, real=0.00 secs] 
2024-07-05T12:39:32.551+0800: 6366.788: [GC (Allocation Failure) [PSYoungGen: 527040K->224K(507392K)] 801851K->275043K(982016K), 0.0019723 secs] [Times: user=0.00 sys=0.00, real=0.01 secs] 
2024-07-05T12:39:33.084+0800: 6367.321: [GC (Allocation Failure) [PSYoungGen: 507104K->224K(488448K)] 781923K->275043K(963072K), 0.0025975 secs] [Times: user=0.01 sys=0.00, real=0.00 secs] 
2024-07-05T12:39:33.618+0800: 6367.855: [GC (Allocation Failure) [PSYoungGen: 488160K->144K(470016K)] 762979K->274971K(944640K), 0.0019703 secs] [Times: user=0.00 sys=0.00, real=0.00 secs] 
2024-07-05T12:39:34.142+0800: 6368.379: [GC (Allocation Failure) [PSYoungGen: 469648K->96K(452608K)] 744475K->274923K(927232K), 0.0021206 secs] [Times: user=0.00 sys=0.00, real=0.00 secs] 
2024-07-05T12:39:34.666+0800: 6368.903: [GC (Allocation Failure) [PSYoungGen: 452192K->160K(436224K)] 727019K->274995K(910848K), 0.0026920 secs] [Times: user=0.00 sys=0.00, real=0.00 secs] 
2024-07-05T12:39:35.150+0800: 6369.387: [GC (Allocation Failure) [PSYoungGen: 435872K->192K(420352K)] 710707K->275035K(894976K), 0.0022567 secs] [Times: user=0.00 sys=0.00, real=0.00 secs] 
2024-07-05T12:39:35.632+0800: 6369.869: [GC (Allocation Failure) [PSYoungGen: 420032K->128K(405504K)] 694875K->274971K(880128K), 0.0024583 secs] [Times: user=0.01 sys=0.00, real=0.01 secs] 
2024-07-05T12:39:36.102+0800: 6370.338: [GC (Allocation Failure) [PSYoungGen: 405120K->160K(443904K)] 679963K->275011K(918528K), 0.0027543 secs] [Times: user=0.01 sys=0.00, real=0.00 secs] 
2024-07-05T12:39:36.651+0800: 6370.888: [GC (Allocation Failure) [PSYoungGen: 443552K->160K(486400K)] 718403K->275011K(961024K), 0.0029547 secs] [Times: user=0.00 sys=0.00, real=0.01 secs] 
2024-07-05T12:39:37.258+0800: 6371.495: [GC (Allocation Failure) [PSYoungGen: 486048K->160K(532480K)] 760899K->275019K(1007104K), 0.0028508 secs] [Times: user=0.00 sys=0.00, real=0.00 secs] 
2024-07-05T12:39:37.825+0800: 6372.062: [GC (Allocation Failure) [PSYoungGen: 532128K->192K(512000K)] 806987K->275051K(986624K), 0.0020571 secs] [Times: user=0.00 sys=0.00, real=0.00 secs] 
2024-07-05T12:39:38.346+0800: 6372.583: [GC (Allocation Failure) [PSYoungGen: 511680K->128K(492544K)] 786539K->274995K(967168K), 0.0020743 secs] [Times: user=0.01 sys=0.00, real=0.00 secs] 
2024-07-05T12:39:38.963+0800: 6373.200: [GC (Allocation Failure) [PSYoungGen: 492160K->96K(474112K)] 767027K->274963K(948736K), 0.0020203 secs] [Times: user=0.00 sys=0.00, real=0.00 secs] 
2024-07-05T12:39:39.518+0800: 6373.755: [GC (Allocation Failure) [PSYoungGen: 473696K->96K(456704K)] 748563K->274971K(931328K), 0.0022068 secs] [Times: user=0.01 sys=0.00, real=0.00 secs] 
2024-07-05T12:39:40.006+0800: 6374.243: [GC (Allocation Failure) [PSYoungGen: 456288K->176K(499200K)] 731163K->275051K(973824K), 0.0032776 secs] [Times: user=0.01 sys=0.00, real=0.00 secs] 
2024-07-05T12:39:40.535+0800: 6374.772: [GC (Allocation Failure) [PSYoungGen: 498864K->160K(546816K)] 773739K->275043K(1021440K), 0.0030709 secs] [Times: user=0.01 sys=0.00, real=0.00 secs] 
2024-07-05T12:39:41.230+0800: 6375.467: [GC (Allocation Failure) [PSYoungGen: 546464K->176K(598016K)] 821347K->275059K(1072640K), 0.0031484 secs] [Times: user=0.01 sys=0.00, real=0.00 secs] 
2024-07-05T12:39:41.873+0800: 6376.110: [GC (Allocation Failure) [PSYoungGen: 597680K->176K(654336K)] 872563K->275067K(1128960K), 0.0032164 secs] [Times: user=0.00 sys=0.00, real=0.01 secs] 
2024-07-05T12:39:42.602+0800: 6376.839: [GC (Allocation Failure) [PSYoungGen: 654000K->128K(628224K)] 928891K->275019K(1102848K), 0.0020046 secs] [Times: user=0.01 sys=0.00, real=0.00 secs] 
2024-07-05T12:39:43.346+0800: 6377.583: [GC (Allocation Failure) [PSYoungGen: 627840K->192K(603136K)] 902731K->275083K(1077760K), 0.0020004 secs] [Times: user=0.00 sys=0.00, real=0.00 secs] 
2024-07-05T12:39:44.100+0800: 6378.337: [GC (Allocation Failure) [PSYoungGen: 602816K->256K(579584K)] 877707K->275155K(1054208K), 0.0020906 secs] [Times: user=0.01 sys=0.00, real=0.01 secs] 
2024-07-05T12:39:44.773+0800: 6379.010: [GC (Allocation Failure) [PSYoungGen: 579328K->224K(557056K)] 854227K->275123K(1031680K), 0.0020300 secs] [Times: user=0.01 sys=0.00, real=0.00 secs] 
2024-07-05T12:39:45.462+0800: 6379.699: [GC (Allocation Failure) [PSYoungGen: 556768K->96K(535552K)] 831667K->274995K(1010176K), 0.0021895 secs] [Times: user=0.00 sys=0.00, real=0.00 secs] 
2024-07-05T12:39:46.134+0800: 6380.371: [GC (Allocation Failure) [PSYoungGen: 535136K->160K(515072K)] 810035K->275067K(989696K), 0.0022340 secs] [Times: user=0.00 sys=0.00, real=0.00 secs] 
2024-07-05T12:39:46.654+0800: 6380.891: [GC (Allocation Failure) [PSYoungGen: 514720K->96K(495616K)] 789627K->275003K(970240K), 0.0020545 secs] [Times: user=0.00 sys=0.00, real=0.00 secs] 
2024-07-05T12:39:47.242+0800: 6381.479: [GC (Allocation Failure) [PSYoungGen: 495200K->224K(477184K)] 770107K->275139K(951808K), 0.0021892 secs] [Times: user=0.01 sys=0.00, real=0.00 secs] 
2024-07-05T12:39:47.764+0800: 6382.001: [GC (Allocation Failure) [PSYoungGen: 476896K->192K(459264K)] 751811K->275107K(933888K), 0.0019562 secs] [Times: user=0.01 sys=0.00, real=0.00 secs] 
2024-07-05T12:39:48.281+0800: 6382.518: [GC (Allocation Failure) [PSYoungGen: 458944K->192K(442368K)] 733859K->275115K(916992K), 0.0021454 secs] [Times: user=0.00 sys=0.00, real=0.01 secs] 
2024-07-05T12:39:48.844+0800: 6383.080: [GC (Allocation Failure) [PSYoungGen: 442048K->128K(426496K)] 716971K->275051K(901120K), 0.0021956 secs] [Times: user=0.01 sys=0.00, real=0.00 secs] 
2024-07-05T12:39:49.315+0800: 6383.552: [GC (Allocation Failure) [PSYoungGen: 426112K->128K(411136K)] 701035K->275051K(885760K), 0.0019576 secs] [Times: user=0.01 sys=0.00, real=0.00 secs] 
2024-07-05T12:39:49.740+0800: 6383.977: [GC (Allocation Failure) [PSYoungGen: 410752K->128K(396288K)] 685675K->275059K(870912K), 0.0027495 secs] [Times: user=0.00 sys=0.00, real=0.01 secs] 
2024-07-05T12:39:50.153+0800: 6384.390: [GC (Allocation Failure) [PSYoungGen: 395904K->160K(382464K)] 670835K->275091K(857088K), 0.0019888 secs] [Times: user=0.00 sys=0.00, real=0.00 secs] 
2024-07-05T12:39:50.562+0800: 6384.799: [GC (Allocation Failure) [PSYoungGen: 382112K->160K(420352K)] 657043K->275099K(894976K), 0.0033020 secs] [Times: user=0.00 sys=0.00, real=0.00 secs] 
2024-07-05T12:39:51.048+0800: 6385.285: [GC (Allocation Failure) [PSYoungGen: 420000K->112K(461312K)] 694939K->275051K(935936K), 0.0022971 secs] [Times: user=0.00 sys=0.00, real=0.00 secs] 
2024-07-05T12:39:51.680+0800: 6385.917: [GC (Allocation Failure) [PSYoungGen: 460912K->96K(503808K)] 735851K->275043K(978432K), 0.0020597 secs] [Times: user=0.00 sys=0.00, real=0.01 secs] 
2024-07-05T12:39:52.331+0800: 6386.568: [GC (Allocation Failure) [PSYoungGen: 503392K->176K(551936K)] 778339K->275123K(1026560K), 0.0038307 secs] [Times: user=0.00 sys=0.00, real=0.01 secs] 
2024-07-05T12:39:52.921+0800: 6387.158: [GC (Allocation Failure) [PSYoungGen: 551600K->160K(604672K)] 826547K->275115K(1079296K), 0.0029924 secs] [Times: user=0.00 sys=0.00, real=0.00 secs] 
2024-07-05T12:39:53.725+0800: 6387.962: [GC (Allocation Failure) [PSYoungGen: 604320K->208K(580608K)] 879275K->275171K(1055232K), 0.0022833 secs] [Times: user=0.00 sys=0.00, real=0.00 secs] 
2024-07-05T12:39:54.373+0800: 6388.610: [GC (Allocation Failure) [PSYoungGen: 580304K->224K(558080K)] 855267K->275195K(1032704K), 0.0023365 secs] [Times: user=0.01 sys=0.00, real=0.01 secs] 
2024-07-05T12:39:55.117+0800: 6389.354: [GC (Allocation Failure) [PSYoungGen: 557792K->160K(536576K)] 832763K->275139K(1011200K), 0.0035323 secs] [Times: user=0.00 sys=0.00, real=0.00 secs] 
2024-07-05T12:39:55.690+0800: 6389.927: [GC (Allocation Failure) [PSYoungGen: 536224K->160K(516096K)] 811203K->275139K(990720K), 0.0019337 secs] [Times: user=0.00 sys=0.00, real=0.00 secs] 
2024-07-05T12:39:56.274+0800: 6390.511: [GC (Allocation Failure) [PSYoungGen: 515744K->160K(496640K)] 790723K->275147K(971264K), 0.0018787 secs] [Times: user=0.01 sys=0.00, real=0.00 secs] 
2024-07-05T12:39:56.794+0800: 6391.030: [GC (Allocation Failure) [PSYoungGen: 496288K->112K(478208K)] 771275K->275107K(952832K), 0.0021447 secs] [Times: user=0.00 sys=0.00, real=0.00 secs] 
2024-07-05T12:39:57.298+0800: 6391.535: [GC (Allocation Failure) [PSYoungGen: 477808K->192K(460288K)] 752803K->275195K(934912K), 0.0034167 secs] [Times: user=0.00 sys=0.00, real=0.01 secs] 
2024-07-05T12:39:57.815+0800: 6392.052: [GC (Allocation Failure) [PSYoungGen: 459968K->192K(443392K)] 734971K->275203K(918016K), 0.0020428 secs] [Times: user=0.00 sys=0.00, real=0.00 secs] 
2024-07-05T12:39:58.285+0800: 6392.522: [GC (Allocation Failure) [PSYoungGen: 443072K->160K(485376K)] 718083K->275171K(960000K), 0.0030138 secs] [Times: user=0.00 sys=0.00, real=0.00 secs] 
2024-07-05T12:39:58.821+0800: 6393.058: [GC (Allocation Failure) [PSYoungGen: 485024K->224K(532480K)] 760035K->275243K(1007104K), 0.0031648 secs] [Times: user=0.00 sys=0.00, real=0.01 secs] 
2024-07-05T12:39:59.377+0800: 6393.614: [GC (Allocation Failure) [PSYoungGen: 532192K->192K(583168K)] 807211K->275219K(1057792K), 0.0026379 secs] [Times: user=0.00 sys=0.00, real=0.00 secs] 
2024-07-05T12:40:00.113+0800: 6394.350: [GC (Allocation Failure) [PSYoungGen: 582848K->176K(560640K)] 857875K->275203K(1035264K), 0.0020612 secs] [Times: user=0.00 sys=0.00, real=0.00 secs] 
2024-07-05T12:40:00.717+0800: 6394.954: [GC (Allocation Failure) [PSYoungGen: 560304K->128K(539136K)] 835331K->275163K(1013760K), 0.0019975 secs] [Times: user=0.01 sys=0.00, real=0.00 secs] 
2024-07-05T12:40:01.455+0800: 6395.692: [GC (Allocation Failure) [PSYoungGen: 538752K->80K(518656K)] 813787K->275115K(993280K), 0.0020983 secs] [Times: user=0.00 sys=0.00, real=0.00 secs] 
2024-07-05T12:40:02.508+0800: 6396.745: [GC (Allocation Failure) [PSYoungGen: 518224K->224K(498688K)] 793259K->275259K(973312K), 0.0027970 secs] [Times: user=0.01 sys=0.00, real=0.00 secs] 
2024-07-05T12:40:03.179+0800: 6397.416: [GC (Allocation Failure) [PSYoungGen: 498400K->144K(479744K)] 773435K->275187K(954368K), 0.0032976 secs] [Times: user=0.00 sys=0.00, real=0.01 secs] 
2024-07-05T12:40:03.854+0800: 6398.091: [GC (Allocation Failure) [PSYoungGen: 479376K->192K(524288K)] 754419K->275235K(998912K), 0.0048868 secs] [Times: user=0.00 sys=0.00, real=0.00 secs] 
2024-07-05T12:40:04.571+0800: 6398.808: [GC (Allocation Failure) [PSYoungGen: 523968K->128K(504320K)] 799011K->275179K(978944K), 0.0022179 secs] [Times: user=0.00 sys=0.00, real=0.00 secs] 
2024-07-05T12:40:05.288+0800: 6399.525: [GC (Allocation Failure) [PSYoungGen: 503936K->160K(485376K)] 778987K->275211K(960000K), 0.0028104 secs] [Times: user=0.00 sys=0.00, real=0.00 secs] 
2024-07-05T12:40:05.905+0800: 6400.141: [GC (Allocation Failure) [PSYoungGen: 485024K->224K(467456K)] 760075K->275283K(942080K), 0.0022895 secs] [Times: user=0.00 sys=0.00, real=0.00 secs] 
2024-07-05T12:40:06.456+0800: 6400.693: [GC (Allocation Failure) [PSYoungGen: 467168K->160K(450048K)] 742227K->275219K(924672K), 0.0020212 secs] [Times: user=0.00 sys=0.00, real=0.00 secs] 
2024-07-05T12:40:07.034+0800: 6401.271: [GC (Allocation Failure) [PSYoungGen: 449696K->128K(433664K)] 724755K->275195K(908288K), 0.0034930 secs] [Times: user=0.00 sys=0.00, real=0.00 secs] 
2024-07-05T12:40:07.694+0800: 6401.931: [GC (Allocation Failure) [PSYoungGen: 433280K->160K(417792K)] 708347K->275227K(892416K), 0.0032445 secs] [Times: user=0.01 sys=0.00, real=0.00 secs] 
2024-07-05T12:40:08.309+0800: 6402.546: [GC (Allocation Failure) [PSYoungGen: 417440K->176K(402944K)] 692507K->275251K(877568K), 0.0019548 secs] [Times: user=0.01 sys=0.00, real=0.00 secs] 
2024-07-05T12:40:08.806+0800: 6403.043: [GC (Allocation Failure) [PSYoungGen: 402608K->208K(440832K)] 677683K->275291K(915456K), 0.0033213 secs] [Times: user=0.00 sys=0.00, real=0.00 secs] 
2024-07-05T12:40:09.297+0800: 6403.534: [GC (Allocation Failure) [PSYoungGen: 440528K->208K(483840K)] 715611K->275291K(958464K), 0.0033972 secs] [Times: user=0.00 sys=0.00, real=0.00 secs] 
2024-07-05T12:40:09.909+0800: 6404.146: [GC (Allocation Failure) [PSYoungGen: 483536K->224K(529408K)] 758619K->275315K(1004032K), 0.0023526 secs] [Times: user=0.00 sys=0.00, real=0.00 secs] 
2024-07-05T12:40:10.942+0800: 6405.179: [GC (Allocation Failure) [PSYoungGen: 529120K->176K(509440K)] 804211K->275267K(984064K), 0.0022120 secs] [Times: user=0.00 sys=0.00, real=0.00 secs] 
2024-07-05T12:40:11.872+0800: 6406.109: [GC (Allocation Failure) [PSYoungGen: 509104K->144K(489984K)] 784195K->275243K(964608K), 0.0022299 secs] [Times: user=0.01 sys=0.00, real=0.01 secs] 
2024-07-05T12:40:12.818+0800: 6407.055: [GC (Allocation Failure) [PSYoungGen: 489616K->176K(471552K)] 764715K->275283K(946176K), 0.0032585 secs] [Times: user=0.01 sys=0.00, real=0.00 secs] 
2024-07-05T12:40:13.687+0800: 6407.924: [GC (Allocation Failure) [PSYoungGen: 471216K->160K(454144K)] 746323K->275267K(928768K), 0.0020425 secs] [Times: user=0.00 sys=0.00, real=0.00 secs] 
2024-07-05T12:40:14.285+0800: 6408.522: [GC (Allocation Failure) [PSYoungGen: 453792K->128K(437248K)] 728899K->275251K(911872K), 0.0033531 secs] [Times: user=0.00 sys=0.00, real=0.00 secs] 
2024-07-05T12:40:14.898+0800: 6409.135: [GC (Allocation Failure) [PSYoungGen: 436864K->160K(421376K)] 711987K->275283K(896000K), 0.0023721 secs] [Times: user=0.00 sys=0.00, real=0.00 secs] 
2024-07-05T12:40:15.461+0800: 6409.698: [GC (Allocation Failure) [PSYoungGen: 421024K->176K(406016K)] 696147K->275307K(880640K), 0.0035696 secs] [Times: user=0.00 sys=0.00, real=0.00 secs] 
2024-07-05T12:40:15.991+0800: 6410.228: [GC (Allocation Failure) [PSYoungGen: 405680K->128K(391680K)] 680811K->275267K(866304K), 0.0023233 secs] [Times: user=0.00 sys=0.00, real=0.01 secs] 
2024-07-05T12:40:16.504+0800: 6410.741: [GC (Allocation Failure) [PSYoungGen: 391296K->256K(377856K)] 666435K->275395K(852480K), 0.0024306 secs] [Times: user=0.00 sys=0.00, real=0.00 secs] 
2024-07-05T12:40:17.001+0800: 6411.238: [GC (Allocation Failure) [PSYoungGen: 377600K->192K(364544K)] 652739K->275339K(839168K), 0.0021059 secs] [Times: user=0.01 sys=0.00, real=0.00 secs] 
2024-07-05T12:40:17.490+0800: 6411.727: [GC (Allocation Failure) [PSYoungGen: 364224K->112K(352256K)] 639371K->275259K(826880K), 0.0021412 secs] [Times: user=0.01 sys=0.00, real=0.00 secs] 
2024-07-05T12:40:17.926+0800: 6412.163: [GC (Allocation Failure) [PSYoungGen: 351856K->176K(340480K)] 627003K->275331K(815104K), 0.0019780 secs] [Times: user=0.01 sys=0.00, real=0.00 secs] 
2024-07-05T12:40:18.339+0800: 6412.575: [GC (Allocation Failure) [PSYoungGen: 340144K->224K(329216K)] 615299K->275387K(803840K), 0.0021084 secs] [Times: user=0.01 sys=0.00, real=0.00 secs] 
2024-07-05T12:40:18.780+0800: 6413.017: [GC (Allocation Failure) [PSYoungGen: 328928K->192K(318464K)] 604091K->275355K(793088K), 0.0019644 secs] [Times: user=0.01 sys=0.00, real=0.01 secs] 
2024-07-05T12:40:19.173+0800: 6413.410: [GC (Allocation Failure) [PSYoungGen: 318144K->160K(349184K)] 593307K->275331K(823808K), 0.0027754 secs] [Times: user=0.00 sys=0.00, real=0.00 secs] 
2024-07-05T12:40:19.514+0800: 6413.751: [GC (Allocation Failure) [PSYoungGen: 348832K->96K(384000K)] 624003K->275275K(858624K), 0.0020903 secs] [Times: user=0.00 sys=0.00, real=0.00 secs] 
2024-07-05T12:40:19.991+0800: 6414.228: [GC (Allocation Failure) [PSYoungGen: 383584K->160K(420864K)] 658763K->275347K(895488K), 0.0020476 secs] [Times: user=0.01 sys=0.00, real=0.00 secs] 
2024-07-05T12:40:20.632+0800: 6414.869: [GC (Allocation Failure) [PSYoungGen: 420512K->192K(460288K)] 695699K->275387K(934912K), 0.0026763 secs] [Times: user=0.01 sys=0.00, real=0.01 secs] 
2024-07-05T12:40:21.154+0800: 6415.391: [GC (Allocation Failure) [PSYoungGen: 459968K->176K(443392K)] 735163K->275379K(918016K), 0.0020903 secs] [Times: user=0.00 sys=0.00, real=0.00 secs] 
2024-07-05T12:40:21.668+0800: 6415.905: [GC (Allocation Failure) [PSYoungGen: 443056K->160K(483840K)] 718259K->275363K(958464K), 0.0024464 secs] [Times: user=0.01 sys=0.00, real=0.00 secs] 
2024-07-05T12:40:22.426+0800: 6416.663: [GC (Allocation Failure) [PSYoungGen: 483488K->160K(465920K)] 758691K->275371K(940544K), 0.0033288 secs] [Times: user=0.01 sys=0.00, real=0.00 secs] 
2024-07-05T12:40:23.017+0800: 6417.254: [GC (Allocation Failure) [PSYoungGen: 465568K->192K(448512K)] 740779K->275411K(923136K), 0.0019969 secs] [Times: user=0.01 sys=0.00, real=0.00 secs] 
2024-07-05T12:40:23.568+0800: 6417.805: [GC (Allocation Failure) [PSYoungGen: 448192K->224K(432128K)] 723411K->275443K(906752K), 0.0019971 secs] [Times: user=0.00 sys=0.00, real=0.00 secs] 
2024-07-05T12:40:24.062+0800: 6418.298: [GC (Allocation Failure) [PSYoungGen: 431840K->160K(416256K)] 707059K->275387K(890880K), 0.0019853 secs] [Times: user=0.00 sys=0.00, real=0.00 secs] 
2024-07-05T12:40:24.530+0800: 6418.767: [GC (Allocation Failure) [PSYoungGen: 415904K->160K(401408K)] 691131K->275395K(876032K), 0.0027868 secs] [Times: user=0.00 sys=0.00, real=0.00 secs] 
2024-07-05T12:40:25.015+0800: 6419.252: [GC (Allocation Failure) [PSYoungGen: 401056K->160K(387072K)] 676291K->275395K(861696K), 0.0019287 secs] [Times: user=0.01 sys=0.00, real=0.00 secs] 
2024-07-05T12:40:25.426+0800: 6419.663: [GC (Allocation Failure) [PSYoungGen: 386720K->160K(373760K)] 661955K->275403K(848384K), 0.0021263 secs] [Times: user=0.01 sys=0.00, real=0.00 secs] 
2024-07-05T12:40:25.879+0800: 6420.116: [GC (Allocation Failure) [PSYoungGen: 373408K->160K(360960K)] 648651K->275411K(835584K), 0.0022807 secs] [Times: user=0.01 sys=0.00, real=0.01 secs] 
2024-07-05T12:40:26.387+0800: 6420.624: [GC (Allocation Failure) [PSYoungGen: 360608K->144K(395264K)] 635859K->275395K(869888K), 0.0031699 secs] [Times: user=0.00 sys=0.00, real=0.00 secs] 
2024-07-05T12:40:26.944+0800: 6421.181: [GC (Allocation Failure) [PSYoungGen: 394896K->192K(431616K)] 670147K->275451K(906240K), 0.0020374 secs] [Times: user=0.00 sys=0.00, real=0.00 secs] 
2024-07-05T12:40:27.499+0800: 6421.736: [GC (Allocation Failure) [PSYoungGen: 431296K->224K(472064K)] 706555K->275491K(946688K), 0.0030323 secs] [Times: user=0.00 sys=0.00, real=0.01 secs] 
2024-07-05T12:40:28.158+0800: 6422.395: [GC (Allocation Failure) [PSYoungGen: 471776K->128K(517120K)] 747043K->275395K(991744K), 0.0036966 secs] [Times: user=0.01 sys=0.00, real=0.01 secs] 
2024-07-05T12:40:28.860+0800: 6423.097: [GC (Allocation Failure) [PSYoungGen: 516736K->256K(497664K)] 792003K->275523K(972288K), 0.0022774 secs] [Times: user=0.00 sys=0.00, real=0.01 secs] 
2024-07-05T12:40:29.570+0800: 6423.807: [GC (Allocation Failure) [PSYoungGen: 497408K->224K(543744K)] 772675K->275499K(1018368K), 0.0036077 secs] [Times: user=0.01 sys=0.00, real=0.01 secs] 
2024-07-05T12:40:30.270+0800: 6424.507: [GC (Allocation Failure) [PSYoungGen: 543456K->160K(522752K)] 818731K->275435K(997376K), 0.0030842 secs] [Times: user=0.00 sys=0.00, real=0.01 secs] 
2024-07-05T12:40:31.040+0800: 6425.277: [GC (Allocation Failure) [PSYoungGen: 522400K->128K(570880K)] 797675K->275411K(1045504K), 0.0040295 secs] [Times: user=0.01 sys=0.00, real=0.01 secs] 
2024-07-05T12:40:32.129+0800: 6426.366: [GC (Allocation Failure) [PSYoungGen: 570496K->160K(548864K)] 845779K->275443K(1023488K), 0.0036334 secs] [Times: user=0.00 sys=0.00, real=0.01 secs] 
2024-07-05T12:40:32.767+0800: 6427.004: [GC (Allocation Failure) [PSYoungGen: 548512K->128K(527872K)] 823795K->275411K(1002496K), 0.0020724 secs] [Times: user=0.01 sys=0.00, real=0.00 secs] 
2024-07-05T12:40:33.421+0800: 6427.658: [GC (Allocation Failure) [PSYoungGen: 527488K->224K(507904K)] 802771K->275515K(982528K), 0.0029640 secs] [Times: user=0.00 sys=0.00, real=0.01 secs] 
2024-07-05T12:40:34.027+0800: 6428.263: [GC (Allocation Failure) [PSYoungGen: 507616K->128K(488448K)] 782907K->275419K(963072K), 0.0021062 secs] [Times: user=0.01 sys=0.00, real=0.00 secs] 
2024-07-05T12:40:34.697+0800: 6428.934: [GC (Allocation Failure) [PSYoungGen: 488064K->128K(470016K)] 763355K->275427K(944640K), 0.0031564 secs] [Times: user=0.00 sys=0.00, real=0.00 secs] 
2024-07-05T12:40:35.237+0800: 6429.474: [GC (Allocation Failure) [PSYoungGen: 469632K->96K(513536K)] 744931K->275403K(988160K), 0.0034013 secs] [Times: user=0.01 sys=0.00, real=0.00 secs] 
2024-07-05T12:40:36.002+0800: 6430.238: [GC (Allocation Failure) [PSYoungGen: 513120K->176K(561664K)] 788427K->275483K(1036288K), 0.0040394 secs] [Times: user=0.00 sys=0.00, real=0.00 secs] 
2024-07-05T12:40:36.714+0800: 6430.951: [GC (Allocation Failure) [PSYoungGen: 561328K->224K(614912K)] 836635K->275531K(1089536K), 0.0036409 secs] [Times: user=0.00 sys=0.00, real=0.00 secs] 
2024-07-05T12:40:37.622+0800: 6431.859: [GC (Allocation Failure) [PSYoungGen: 614624K->224K(672256K)] 889931K->275539K(1146880K), 0.0043608 secs] [Times: user=0.01 sys=0.00, real=0.00 secs] 
2024-07-05T12:40:38.631+0800: 6432.868: [GC (Allocation Failure) [PSYoungGen: 671968K->192K(645120K)] 947283K->275507K(1119744K), 0.0032121 secs] [Times: user=0.00 sys=0.00, real=0.01 secs] 
2024-07-05T12:40:39.390+0800: 6433.627: [GC (Allocation Failure) [PSYoungGen: 644800K->192K(619520K)] 920115K->275515K(1094144K), 0.0027110 secs] [Times: user=0.00 sys=0.00, real=0.00 secs] 
2024-07-05T12:40:40.181+0800: 6434.418: [GC (Allocation Failure) [PSYoungGen: 619200K->128K(594944K)] 894523K->275459K(1069568K), 0.0035501 secs] [Times: user=0.00 sys=0.00, real=0.00 secs] 
2024-07-05T12:40:41.240+0800: 6435.477: [GC (Allocation Failure) [PSYoungGen: 594560K->128K(571392K)] 869891K->275459K(1046016K), 0.0035181 secs] [Times: user=0.00 sys=0.00, real=0.01 secs] 
2024-07-05T12:40:41.942+0800: 6436.179: [GC (Allocation Failure) [PSYoungGen: 571008K->160K(549376K)] 846339K->275499K(1024000K), 0.0021330 secs] [Times: user=0.00 sys=0.00, real=0.00 secs] 
2024-07-05T12:40:42.612+0800: 6436.849: [GC (Allocation Failure) [PSYoungGen: 549024K->128K(528384K)] 824363K->275467K(1003008K), 0.0021726 secs] [Times: user=0.00 sys=0.00, real=0.01 secs] 
2024-07-05T12:40:43.215+0800: 6437.452: [GC (Allocation Failure) [PSYoungGen: 528000K->160K(508416K)] 803339K->275507K(983040K), 0.0021680 secs] [Times: user=0.00 sys=0.00, real=0.00 secs] 
2024-07-05T12:40:43.922+0800: 6438.159: [GC (Allocation Failure) [PSYoungGen: 508064K->128K(488960K)] 783411K->275475K(963584K), 0.0026700 secs] [Times: user=0.00 sys=0.00, real=0.00 secs] 
2024-07-05T12:40:44.583+0800: 6438.820: [GC (Allocation Failure) [PSYoungGen: 488576K->160K(470528K)] 763923K->275515K(945152K), 0.0021964 secs] [Times: user=0.00 sys=0.00, real=0.00 secs] 
2024-07-05T12:40:45.107+0800: 6439.344: [GC (Allocation Failure) [PSYoungGen: 470176K->128K(453120K)] 745531K->275483K(927744K), 0.0019669 secs] [Times: user=0.00 sys=0.00, real=0.00 secs] 
2024-07-05T12:40:45.614+0800: 6439.851: [GC (Allocation Failure) [PSYoungGen: 452736K->192K(436736K)] 728091K->275555K(911360K), 0.0039836 secs] [Times: user=0.01 sys=0.00, real=0.00 secs] 
2024-07-05T12:40:46.226+0800: 6440.463: [GC (Allocation Failure) [PSYoungGen: 436416K->112K(420864K)] 711779K->275475K(895488K), 0.0020612 secs] [Times: user=0.00 sys=0.00, real=0.00 secs] 
2024-07-05T12:40:46.839+0800: 6441.076: [GC (Allocation Failure) [PSYoungGen: 420464K->176K(405504K)] 695827K->275547K(880128K), 0.0019801 secs] [Times: user=0.01 sys=0.00, real=0.00 secs] 
2024-07-05T12:40:47.301+0800: 6441.538: [GC (Allocation Failure) [PSYoungGen: 405168K->224K(445440K)] 680539K->275603K(920064K), 0.0041896 secs] [Times: user=0.01 sys=0.00, real=0.01 secs] 
2024-07-05T12:40:47.796+0800: 6442.033: [GC (Allocation Failure) [PSYoungGen: 445152K->160K(487936K)] 720531K->275547K(962560K), 0.0022566 secs] [Times: user=0.00 sys=0.00, real=0.00 secs] 
2024-07-05T12:40:48.526+0800: 6442.763: [GC (Allocation Failure) [PSYoungGen: 487584K->256K(532992K)] 762971K->275651K(1007616K), 0.0025895 secs] [Times: user=0.01 sys=0.00, real=0.00 secs] 
2024-07-05T12:40:49.125+0800: 6443.362: [GC (Allocation Failure) [PSYoungGen: 532736K->128K(582656K)] 808131K->275531K(1057280K), 0.0031045 secs] [Times: user=0.00 sys=0.01, real=0.00 secs] 
2024-07-05T12:40:49.811+0800: 6444.048: [GC (Allocation Failure) [PSYoungGen: 582272K->224K(636416K)] 857675K->275635K(1111040K), 0.0031839 secs] [Times: user=0.00 sys=0.00, real=0.01 secs] 
2024-07-05T12:40:50.758+0800: 6444.995: [GC (Allocation Failure) [PSYoungGen: 636128K->224K(611328K)] 911539K->275643K(1085952K), 0.0020873 secs] [Times: user=0.01 sys=0.00, real=0.00 secs] 
2024-07-05T12:40:51.476+0800: 6445.713: [GC (Allocation Failure) [PSYoungGen: 611040K->176K(587264K)] 886459K->275603K(1061888K), 0.0026957 secs] [Times: user=0.00 sys=0.00, real=0.00 secs] 
2024-07-05T12:40:52.335+0800: 6446.572: [GC (Allocation Failure) [PSYoungGen: 586928K->160K(564224K)] 862355K->275595K(1038848K), 0.0021057 secs] [Times: user=0.01 sys=0.00, real=0.00 secs] 
2024-07-05T12:40:53.242+0800: 6447.479: [GC (Allocation Failure) [PSYoungGen: 563872K->224K(542208K)] 839307K->275667K(1016832K), 0.0031057 secs] [Times: user=0.00 sys=0.00, real=0.00 secs] 
2024-07-05T12:40:53.847+0800: 6448.083: [GC (Allocation Failure) [PSYoungGen: 541920K->176K(521216K)] 817363K->275627K(995840K), 0.0031596 secs] [Times: user=0.00 sys=0.00, real=0.00 secs] 
2024-07-05T12:40:54.882+0800: 6449.119: [GC (Allocation Failure) [PSYoungGen: 520880K->128K(501248K)] 796331K->275587K(975872K), 0.0032754 secs] [Times: user=0.00 sys=0.00, real=0.00 secs] 
2024-07-05T12:40:55.848+0800: 6450.085: [GC (Allocation Failure) [PSYoungGen: 500864K->224K(482304K)] 776323K->275691K(956928K), 0.0031891 secs] [Times: user=0.01 sys=0.00, real=0.00 secs] 
2024-07-05T12:40:56.741+0800: 6450.978: [GC (Allocation Failure) [PSYoungGen: 482016K->176K(464384K)] 757483K->275643K(939008K), 0.0027141 secs] [Times: user=0.00 sys=0.00, real=0.00 secs] 
2024-07-05T12:40:57.596+0800: 6451.833: [GC (Allocation Failure) [PSYoungGen: 464048K->192K(446976K)] 739515K->275667K(921600K), 0.0026285 secs] [Times: user=0.00 sys=0.00, real=0.00 secs] 
2024-07-05T12:40:58.513+0800: 6452.750: [GC (Allocation Failure) [PSYoungGen: 446656K->256K(430592K)] 722131K->275739K(905216K), 0.0034939 secs] [Times: user=0.00 sys=0.00, real=0.00 secs] 
2024-07-05T12:40:59.310+0800: 6453.547: [GC (Allocation Failure) [PSYoungGen: 430336K->160K(415232K)] 705819K->275651K(889856K), 0.0024498 secs] [Times: user=0.00 sys=0.00, real=0.00 secs] 
2024-07-05T12:41:00.094+0800: 6454.331: [GC (Allocation Failure) [PSYoungGen: 414880K->128K(400384K)] 690371K->275619K(875008K), 0.0031195 secs] [Times: user=0.00 sys=0.00, real=0.00 secs] 
2024-07-05T12:41:00.874+0800: 6455.111: [GC (Allocation Failure) [PSYoungGen: 400000K->160K(386048K)] 675491K->275659K(860672K), 0.0031034 secs] [Times: user=0.00 sys=0.00, real=0.00 secs] 
2024-07-05T12:41:01.590+0800: 6455.827: [GC (Allocation Failure) [PSYoungGen: 385696K->112K(372736K)] 661195K->275611K(847360K), 0.0032527 secs] [Times: user=0.00 sys=0.00, real=0.01 secs] 
2024-07-05T12:41:02.274+0800: 6456.511: [GC (Allocation Failure) [PSYoungGen: 372336K->96K(359936K)] 647835K->275603K(834560K), 0.0030681 secs] [Times: user=0.01 sys=0.00, real=0.00 secs] 
2024-07-05T12:41:03.016+0800: 6457.253: [GC (Allocation Failure) [PSYoungGen: 359520K->256K(347648K)] 635027K->275771K(822272K), 0.0025747 secs] [Times: user=0.01 sys=0.00, real=0.00 secs] 
2024-07-05T12:41:03.677+0800: 6457.914: [GC (Allocation Failure) [PSYoungGen: 347392K->128K(335872K)] 622907K->275651K(810496K), 0.0032787 secs] [Times: user=0.00 sys=0.00, real=0.00 secs] 
2024-07-05T12:41:04.285+0800: 6458.522: [GC (Allocation Failure) [PSYoungGen: 335488K->128K(324608K)] 611011K->275659K(799232K), 0.0024141 secs] [Times: user=0.00 sys=0.00, real=0.00 secs] 
2024-07-05T12:41:04.920+0800: 6459.157: [GC (Allocation Failure) [PSYoungGen: 324224K->160K(313856K)] 599755K->275699K(788480K), 0.0034497 secs] [Times: user=0.00 sys=0.00, real=0.01 secs] 
2024-07-05T12:41:05.535+0800: 6459.772: [GC (Allocation Failure) [PSYoungGen: 313504K->224K(343040K)] 589043K->275771K(817664K), 0.0033343 secs] [Times: user=0.01 sys=0.00, real=0.00 secs] 
2024-07-05T12:41:06.238+0800: 6460.475: [GC (Allocation Failure) [PSYoungGen: 342752K->128K(331264K)] 618299K->275683K(805888K), 0.0023294 secs] [Times: user=0.01 sys=0.00, real=0.00 secs] 
2024-07-05T12:41:06.844+0800: 6461.081: [GC (Allocation Failure) [PSYoungGen: 330880K->160K(320000K)] 606435K->275723K(794624K), 0.0025109 secs] [Times: user=0.00 sys=0.00, real=0.00 secs] 
2024-07-05T12:41:07.466+0800: 6461.703: [GC (Allocation Failure) [PSYoungGen: 319648K->160K(309248K)] 595211K->275731K(783872K), 0.0034075 secs] [Times: user=0.00 sys=0.00, real=0.00 secs] 
2024-07-05T12:41:08.022+0800: 6462.259: [GC (Allocation Failure) [PSYoungGen: 308896K->128K(337920K)] 584467K->275699K(812544K), 0.0030358 secs] [Times: user=0.01 sys=0.00, real=0.00 secs] 
2024-07-05T12:41:08.642+0800: 6462.879: [GC (Allocation Failure) [PSYoungGen: 337536K->192K(326656K)] 613107K->275771K(801280K), 0.0022886 secs] [Times: user=0.00 sys=0.00, real=0.00 secs] 
2024-07-05T12:41:09.339+0800: 6463.576: [GC (Allocation Failure) [PSYoungGen: 326336K->256K(315904K)] 601915K->275835K(790528K), 0.0023504 secs] [Times: user=0.01 sys=0.00, real=0.01 secs] 
2024-07-05T12:41:09.953+0800: 6464.190: [GC (Allocation Failure) [PSYoungGen: 315648K->144K(305664K)] 591227K->275731K(780288K), 0.0031026 secs] [Times: user=0.01 sys=0.00, real=0.00 secs] 
2024-07-05T12:41:10.499+0800: 6464.736: [GC (Allocation Failure) [PSYoungGen: 305296K->160K(295936K)] 580883K->275755K(770560K), 0.0023689 secs] [Times: user=0.01 sys=0.00, real=0.01 secs] 
2024-07-05T12:41:11.057+0800: 6465.294: [GC (Allocation Failure) [PSYoungGen: 295584K->112K(286720K)] 571179K->275707K(761344K), 0.0024421 secs] [Times: user=0.00 sys=0.00, real=0.00 secs] 
2024-07-05T12:41:11.598+0800: 6465.835: [GC (Allocation Failure) [PSYoungGen: 286320K->160K(277504K)] 561915K->275763K(752128K), 0.0021912 secs] [Times: user=0.00 sys=0.00, real=0.00 secs] 
2024-07-05T12:41:12.157+0800: 6466.394: [GC (Allocation Failure) [PSYoungGen: 277152K->224K(268800K)] 552755K->275835K(743424K), 0.0024445 secs] [Times: user=0.00 sys=0.00, real=0.00 secs] 
2024-07-05T12:41:12.630+0800: 6466.867: [GC (Allocation Failure) [PSYoungGen: 268512K->128K(260608K)] 544123K->275739K(735232K), 0.0021697 secs] [Times: user=0.00 sys=0.00, real=0.00 secs] 
2024-07-05T12:41:13.102+0800: 6467.339: [GC (Allocation Failure) [PSYoungGen: 260224K->176K(285696K)] 535835K->275787K(760320K), 0.0032052 secs] [Times: user=0.01 sys=0.00, real=0.00 secs] 
2024-07-05T12:41:13.750+0800: 6467.987: [GC (Allocation Failure) [PSYoungGen: 285360K->192K(312832K)] 560971K->275811K(787456K), 0.0030646 secs] [Times: user=0.01 sys=0.00, real=0.00 secs] 
2024-07-05T12:41:14.361+0800: 6468.598: [GC (Allocation Failure) [PSYoungGen: 312512K->176K(341504K)] 588131K->275803K(816128K), 0.0024087 secs] [Times: user=0.00 sys=0.00, real=0.00 secs] 
2024-07-05T12:41:14.979+0800: 6469.216: [GC (Allocation Failure) [PSYoungGen: 341168K->128K(373248K)] 616795K->275755K(847872K), 0.0030025 secs] [Times: user=0.00 sys=0.00, real=0.01 secs] 
2024-07-05T12:41:15.697+0800: 6469.934: [GC (Allocation Failure) [PSYoungGen: 372864K->160K(360448K)] 648491K->275795K(835072K), 0.0030702 secs] [Times: user=0.01 sys=0.00, real=0.00 secs] 
2024-07-05T12:41:16.101+0800: 6470.338: [GC (Allocation Failure) [PSYoungGen: 360096K->256K(393728K)] 635731K->275899K(868352K), 0.0020216 secs] [Times: user=0.01 sys=0.00, real=0.00 secs] 
2024-07-05T12:41:16.522+0800: 6470.759: [GC (Allocation Failure) [PSYoungGen: 393472K->192K(432128K)] 669115K->275835K(906752K), 0.0028051 secs] [Times: user=0.00 sys=0.00, real=0.00 secs] 
2024-07-05T12:41:17.005+0800: 6471.242: [GC (Allocation Failure) [PSYoungGen: 431808K->256K(473088K)] 707451K->275899K(947712K), 0.0021226 secs] [Times: user=0.01 sys=0.00, real=0.00 secs] 
2024-07-05T12:41:17.552+0800: 6471.789: [GC (Allocation Failure) [PSYoungGen: 472832K->208K(455680K)] 748475K->275859K(930304K), 0.0021526 secs] [Times: user=0.00 sys=0.00, real=0.01 secs] 
2024-07-05T12:41:18.262+0800: 6472.499: [GC (Allocation Failure) [PSYoungGen: 455376K->160K(497152K)] 731027K->275819K(971776K), 0.0033790 secs] [Times: user=0.00 sys=0.00, real=0.00 secs] 
2024-07-05T12:41:18.847+0800: 6473.084: [GC (Allocation Failure) [PSYoungGen: 496800K->112K(543232K)] 772459K->275771K(1017856K), 0.0031382 secs] [Times: user=0.00 sys=0.00, real=0.00 secs] 
2024-07-05T12:41:19.489+0800: 6473.726: [GC (Allocation Failure) [PSYoungGen: 542832K->176K(522240K)] 818491K->275835K(996864K), 0.0020750 secs] [Times: user=0.01 sys=0.00, real=0.00 secs] 
2024-07-05T12:41:20.200+0800: 6474.437: [GC (Allocation Failure) [PSYoungGen: 521904K->160K(502272K)] 797563K->275827K(976896K), 0.0024901 secs] [Times: user=0.00 sys=0.00, real=0.01 secs] 
2024-07-05T12:41:20.875+0800: 6475.112: [GC (Allocation Failure) [PSYoungGen: 501920K->144K(483328K)] 777587K->275819K(957952K), 0.0020686 secs] [Times: user=0.01 sys=0.00, real=0.00 secs] 
2024-07-05T12:41:21.508+0800: 6475.745: [GC (Allocation Failure) [PSYoungGen: 482960K->112K(465408K)] 758635K->275787K(940032K), 0.0021062 secs] [Times: user=0.00 sys=0.00, real=0.00 secs] 
2024-07-05T12:41:22.099+0800: 6476.336: [GC (Allocation Failure) [PSYoungGen: 465008K->160K(448000K)] 740683K->275835K(922624K), 0.0022627 secs] [Times: user=0.00 sys=0.00, real=0.01 secs] 
2024-07-05T12:41:22.606+0800: 6476.843: [GC (Allocation Failure) [PSYoungGen: 447648K->160K(489984K)] 723323K->275843K(964608K), 0.0042324 secs] [Times: user=0.01 sys=0.00, real=0.00 secs] 
2024-07-05T12:41:23.134+0800: 6477.371: [GC (Allocation Failure) [PSYoungGen: 489632K->192K(537088K)] 765315K->275883K(1011712K), 0.0029742 secs] [Times: user=0.00 sys=0.00, real=0.00 secs] 
2024-07-05T12:41:23.762+0800: 6477.999: [GC (Allocation Failure) [PSYoungGen: 536768K->144K(590336K)] 812459K->275835K(1064960K), 0.0040820 secs] [Times: user=0.01 sys=0.00, real=0.00 secs] 
2024-07-05T12:41:24.429+0800: 6478.666: [GC (Allocation Failure) [PSYoungGen: 589968K->208K(645120K)] 865659K->275907K(1119744K), 0.0019218 secs] [Times: user=0.01 sys=0.00, real=0.00 secs] 
2024-07-05T12:41:25.245+0800: 6479.482: [GC (Allocation Failure) [PSYoungGen: 644816K->208K(619520K)] 920515K->275915K(1094144K), 0.0020190 secs] [Times: user=0.00 sys=0.00, real=0.00 secs] 
2024-07-05T12:41:25.964+0800: 6480.201: [GC (Allocation Failure) [PSYoungGen: 619216K->160K(594944K)] 894923K->275867K(1069568K), 0.0025385 secs] [Times: user=0.00 sys=0.00, real=0.00 secs] 
2024-07-05T12:41:26.702+0800: 6480.939: [GC (Allocation Failure) [PSYoungGen: 594592K->160K(571392K)] 870299K->275867K(1046016K), 0.0020959 secs] [Times: user=0.01 sys=0.00, real=0.00 secs] 
2024-07-05T12:41:27.319+0800: 6481.555: [GC (Allocation Failure) [PSYoungGen: 571040K->192K(549376K)] 846747K->275907K(1024000K), 0.0031386 secs] [Times: user=0.00 sys=0.00, real=0.01 secs] 
2024-07-05T12:41:27.927+0800: 6482.164: [GC (Allocation Failure) [PSYoungGen: 549056K->224K(528384K)] 824771K->275939K(1003008K), 0.0029254 secs] [Times: user=0.00 sys=0.00, real=0.00 secs] 
2024-07-05T12:41:28.630+0800: 6482.867: [GC (Allocation Failure) [PSYoungGen: 528096K->256K(508416K)] 803811K->275979K(983040K), 0.0030436 secs] [Times: user=0.01 sys=0.00, real=0.01 secs] 
2024-07-05T12:41:29.286+0800: 6483.523: [GC (Allocation Failure) [PSYoungGen: 508160K->128K(488960K)] 783883K->275851K(963584K), 0.0019255 secs] [Times: user=0.00 sys=0.00, real=0.00 secs] 
2024-07-05T12:41:29.910+0800: 6484.147: [GC (Allocation Failure) [PSYoungGen: 488576K->128K(470528K)] 764299K->275859K(945152K), 0.0032865 secs] [Times: user=0.00 sys=0.00, real=0.01 secs] 
2024-07-05T12:41:30.559+0800: 6484.796: [GC (Allocation Failure) [PSYoungGen: 470144K->144K(453120K)] 745875K->275883K(927744K), 0.0027850 secs] [Times: user=0.01 sys=0.00, real=0.01 secs] 
2024-07-05T12:41:31.091+0800: 6485.328: [GC (Allocation Failure) [PSYoungGen: 452752K->192K(436736K)] 728491K->275939K(911360K), 0.0027850 secs] [Times: user=0.00 sys=0.00, real=0.01 secs] 
2024-07-05T12:41:31.667+0800: 6485.904: [GC (Allocation Failure) [PSYoungGen: 436416K->192K(477184K)] 712163K->275947K(951808K), 0.0032215 secs] [Times: user=0.01 sys=0.00, real=0.00 secs] 
2024-07-05T12:41:32.218+0800: 6486.454: [GC (Allocation Failure) [PSYoungGen: 476864K->160K(459264K)] 752619K->275915K(933888K), 0.0021090 secs] [Times: user=0.00 sys=0.00, real=0.00 secs] 
2024-07-05T12:41:32.795+0800: 6487.032: [GC (Allocation Failure) [PSYoungGen: 458912K->128K(442368K)] 734667K->275891K(916992K), 0.0019699 secs] [Times: user=0.00 sys=0.00, real=0.00 secs] 
2024-07-05T12:41:33.288+0800: 6487.525: [GC (Allocation Failure) [PSYoungGen: 441984K->160K(426496K)] 717747K->275931K(901120K), 0.0025392 secs] [Times: user=0.00 sys=0.00, real=0.00 secs] 
2024-07-05T12:41:33.896+0800: 6488.133: [GC (Allocation Failure) [PSYoungGen: 426144K->192K(411136K)] 701915K->275971K(885760K), 0.0021208 secs] [Times: user=0.00 sys=0.00, real=0.00 secs] 
2024-07-05T12:41:34.398+0800: 6488.634: [GC (Allocation Failure) [PSYoungGen: 410816K->192K(396288K)] 686595K->275979K(870912K), 0.0020734 secs] [Times: user=0.00 sys=0.00, real=0.00 secs] 
2024-07-05T12:41:34.929+0800: 6489.165: [GC (Allocation Failure) [PSYoungGen: 395968K->128K(382464K)] 671755K->275923K(857088K), 0.0023017 secs] [Times: user=0.01 sys=0.00, real=0.00 secs] 
2024-07-05T12:41:35.342+0800: 6489.579: [GC (Allocation Failure) [PSYoungGen: 382080K->224K(419328K)] 657875K->276027K(893952K), 0.0031458 secs] [Times: user=0.00 sys=0.00, real=0.00 secs] 
2024-07-05T12:41:35.994+0800: 6490.231: [GC (Allocation Failure) [PSYoungGen: 419040K->224K(459264K)] 694843K->276035K(933888K), 0.0032389 secs] [Times: user=0.00 sys=0.00, real=0.00 secs] 
2024-07-05T12:41:36.573+0800: 6490.810: [GC (Allocation Failure) [PSYoungGen: 458976K->176K(501760K)] 734787K->275995K(976384K), 0.0021289 secs] [Times: user=0.00 sys=0.00, real=0.00 secs] 
2024-07-05T12:41:37.199+0800: 6491.436: [GC (Allocation Failure) [PSYoungGen: 501424K->160K(547840K)] 777243K->275987K(1022464K), 0.0029740 secs] [Times: user=0.00 sys=0.00, real=0.01 secs] 
2024-07-05T12:41:37.945+0800: 6492.182: [GC (Allocation Failure) [PSYoungGen: 547488K->96K(526848K)] 823315K->275931K(1001472K), 0.0029620 secs] [Times: user=0.00 sys=0.00, real=0.00 secs] 
2024-07-05T12:41:38.534+0800: 6492.771: [GC (Allocation Failure) [PSYoungGen: 526432K->160K(575488K)] 802267K->276003K(1050112K), 0.0030900 secs] [Times: user=0.00 sys=0.00, real=0.00 secs] 
2024-07-05T12:41:39.315+0800: 6493.552: [GC (Allocation Failure) [PSYoungGen: 575136K->224K(552960K)] 850979K->276075K(1027584K), 0.0029887 secs] [Times: user=0.01 sys=0.00, real=0.00 secs] 
2024-07-05T12:41:40.095+0800: 6494.332: [GC (Allocation Failure) [PSYoungGen: 552672K->128K(531456K)] 828523K->275987K(1006080K), 0.0033885 secs] [Times: user=0.00 sys=0.00, real=0.00 secs] 
2024-07-05T12:41:40.754+0800: 6494.991: [GC (Allocation Failure) [PSYoungGen: 531072K->128K(510976K)] 806931K->275987K(985600K), 0.0029471 secs] [Times: user=0.00 sys=0.00, real=0.00 secs] 
2024-07-05T12:41:41.372+0800: 6495.609: [GC (Allocation Failure) [PSYoungGen: 510592K->192K(491520K)] 786451K->276059K(966144K), 0.0026866 secs] [Times: user=0.00 sys=0.00, real=0.01 secs] 
2024-07-05T12:41:42.022+0800: 6496.259: [GC (Allocation Failure) [PSYoungGen: 491200K->256K(473088K)] 767067K->276131K(947712K), 0.0034506 secs] [Times: user=0.00 sys=0.00, real=0.00 secs] 
2024-07-05T12:41:42.633+0800: 6496.870: [GC (Allocation Failure) [PSYoungGen: 472832K->160K(516608K)] 748707K->276043K(991232K), 0.0030674 secs] [Times: user=0.00 sys=0.00, real=0.00 secs] 
2024-07-05T12:41:43.298+0800: 6497.534: [GC (Allocation Failure) [PSYoungGen: 516256K->224K(564224K)] 792139K->276107K(1038848K), 0.0033533 secs] [Times: user=0.01 sys=0.00, real=0.01 secs] 
2024-07-05T12:41:44.066+0800: 6498.303: [GC (Allocation Failure) [PSYoungGen: 563936K->192K(542208K)] 839819K->276083K(1016832K), 0.0020305 secs] [Times: user=0.01 sys=0.00, real=0.00 secs] 
2024-07-05T12:41:44.681+0800: 6498.918: [GC (Allocation Failure) [PSYoungGen: 541888K->160K(521216K)] 817779K->276059K(995840K), 0.0020913 secs] [Times: user=0.00 sys=0.00, real=0.01 secs] 
2024-07-05T12:41:45.366+0800: 6499.603: [GC (Allocation Failure) [PSYoungGen: 520864K->128K(501248K)] 796763K->276027K(975872K), 0.0021554 secs] [Times: user=0.01 sys=0.00, real=0.00 secs] 
2024-07-05T12:41:45.939+0800: 6500.176: [GC (Allocation Failure) [PSYoungGen: 500864K->112K(482304K)] 776763K->276019K(956928K), 0.0031072 secs] [Times: user=0.00 sys=0.00, real=0.01 secs] 
2024-07-05T12:41:46.540+0800: 6500.777: [GC (Allocation Failure) [PSYoungGen: 481904K->128K(464384K)] 757811K->276035K(939008K), 0.0021084 secs] [Times: user=0.00 sys=0.00, real=0.01 secs] 
2024-07-05T12:41:47.035+0800: 6501.272: [GC (Allocation Failure) [PSYoungGen: 464000K->176K(446976K)] 739907K->276083K(921600K), 0.0020799 secs] [Times: user=0.00 sys=0.00, real=0.00 secs] 
2024-07-05T12:41:47.526+0800: 6501.763: [GC (Allocation Failure) [PSYoungGen: 446640K->224K(430592K)] 722547K->276139K(905216K), 0.0031410 secs] [Times: user=0.00 sys=0.00, real=0.00 secs] 
2024-07-05T12:41:47.973+0800: 6502.210: [GC (Allocation Failure) [PSYoungGen: 430304K->160K(471552K)] 706219K->276075K(946176K), 0.0026806 secs] [Times: user=0.00 sys=0.00, real=0.00 secs] 
2024-07-05T12:41:48.470+0800: 6502.707: [GC (Allocation Failure) [PSYoungGen: 471200K->144K(516608K)] 747115K->276067K(991232K), 0.0025929 secs] [Times: user=0.01 sys=0.00, real=0.00 secs] 
2024-07-05T12:41:49.034+0800: 6503.271: [GC (Allocation Failure) [PSYoungGen: 516240K->144K(497152K)] 792163K->276075K(971776K), 0.0020656 secs] [Times: user=0.00 sys=0.00, real=0.00 secs] 
2024-07-05T12:41:49.594+0800: 6503.831: [GC (Allocation Failure) [PSYoungGen: 496784K->160K(478208K)] 772715K->276099K(952832K), 0.0021848 secs] [Times: user=0.00 sys=0.00, real=0.00 secs] 
2024-07-05T12:41:50.094+0800: 6504.331: [GC (Allocation Failure) [PSYoungGen: 477856K->208K(460288K)] 753795K->276147K(934912K), 0.0020826 secs] [Times: user=0.00 sys=0.00, real=0.00 secs] 
2024-07-05T12:41:50.606+0800: 6504.843: [GC (Allocation Failure) [PSYoungGen: 459984K->96K(443392K)] 735923K->276043K(918016K), 0.0021516 secs] [Times: user=0.00 sys=0.00, real=0.00 secs] 
2024-07-05T12:41:51.072+0800: 6505.309: [GC (Allocation Failure) [PSYoungGen: 442976K->224K(427008K)] 718923K->276179K(901632K), 0.0020606 secs] [Times: user=0.01 sys=0.00, real=0.01 secs] 
2024-07-05T12:41:51.558+0800: 6505.795: [GC (Allocation Failure) [PSYoungGen: 426720K->192K(411648K)] 702675K->276155K(886272K), 0.0026691 secs] [Times: user=0.00 sys=0.00, real=0.00 secs] 
2024-07-05T12:41:51.999+0800: 6506.236: [GC (Allocation Failure) [PSYoungGen: 411328K->160K(396800K)] 687291K->276131K(871424K), 0.0021532 secs] [Times: user=0.00 sys=0.00, real=0.01 secs] 
2024-07-05T12:41:52.462+0800: 6506.699: [GC (Allocation Failure) [PSYoungGen: 396448K->224K(435200K)] 672419K->276203K(909824K), 0.0031174 secs] [Times: user=0.01 sys=0.00, real=0.00 secs] 
2024-07-05T12:41:52.975+0800: 6507.212: [GC (Allocation Failure) [PSYoungGen: 434912K->160K(477696K)] 710891K->276139K(952320K), 0.0028273 secs] [Times: user=0.00 sys=0.00, real=0.00 secs] 
2024-07-05T12:41:53.713+0800: 6507.950: [GC (Allocation Failure) [PSYoungGen: 477344K->96K(459776K)] 753323K->276083K(934400K), 0.0019033 secs] [Times: user=0.00 sys=0.00, real=0.01 secs] 
2024-07-05T12:41:54.320+0800: 6508.557: [GC (Allocation Failure) [PSYoungGen: 459360K->176K(442880K)] 735347K->276163K(917504K), 0.0025509 secs] [Times: user=0.00 sys=0.00, real=0.01 secs] 
2024-07-05T12:41:54.874+0800: 6509.111: [GC (Allocation Failure) [PSYoungGen: 442544K->176K(484352K)] 718531K->276171K(958976K), 0.0033092 secs] [Times: user=0.00 sys=0.01, real=0.00 secs] 
2024-07-05T12:41:55.446+0800: 6509.683: [GC (Allocation Failure) [PSYoungGen: 484016K->192K(466432K)] 760011K->276187K(941056K), 0.0021006 secs] [Times: user=0.00 sys=0.00, real=0.00 secs] 
2024-07-05T12:41:56.011+0800: 6510.248: [GC (Allocation Failure) [PSYoungGen: 466112K->160K(509952K)] 742107K->276155K(984576K), 0.0031444 secs] [Times: user=0.00 sys=0.00, real=0.01 secs] 
2024-07-05T12:41:56.657+0800: 6510.894: [GC (Allocation Failure) [PSYoungGen: 509600K->112K(490496K)] 785595K->276115K(965120K), 0.0019525 secs] [Times: user=0.00 sys=0.00, real=0.00 secs] 
2024-07-05T12:41:57.200+0800: 6511.437: [GC (Allocation Failure) [PSYoungGen: 490096K->176K(472064K)] 766099K->276179K(946688K), 0.0024836 secs] [Times: user=0.01 sys=0.00, real=0.01 secs] 
2024-07-05T12:41:57.739+0800: 6511.976: [GC (Allocation Failure) [PSYoungGen: 471728K->208K(454656K)] 747731K->276219K(929280K), 0.0024559 secs] [Times: user=0.00 sys=0.00, real=0.01 secs] 
2024-07-05T12:41:58.230+0800: 6512.467: [GC (Allocation Failure) [PSYoungGen: 454352K->112K(497664K)] 730363K->276123K(972288K), 0.0031401 secs] [Times: user=0.01 sys=0.00, real=0.00 secs] 
2024-07-05T12:41:58.965+0800: 6513.202: [GC (Allocation Failure) [PSYoungGen: 497264K->128K(478720K)] 773275K->276147K(953344K), 0.0021105 secs] [Times: user=0.00 sys=0.00, real=0.00 secs] 
2024-07-05T12:41:59.526+0800: 6513.763: [GC (Allocation Failure) [PSYoungGen: 478336K->288K(523264K)] 754355K->276315K(997888K), 0.0033281 secs] [Times: user=0.01 sys=0.00, real=0.00 secs] 
2024-07-05T12:42:00.121+0800: 6514.358: [GC (Allocation Failure) [PSYoungGen: 523040K->128K(571904K)] 799067K->276155K(1046528K), 0.0027975 secs] [Times: user=0.00 sys=0.00, real=0.01 secs] 
2024-07-05T12:42:00.776+0800: 6515.013: [GC (Allocation Failure) [PSYoungGen: 571520K->144K(549888K)] 847547K->276179K(1024512K), 0.0020531 secs] [Times: user=0.00 sys=0.00, real=0.00 secs] 
2024-07-05T12:42:01.518+0800: 6515.755: [GC (Allocation Failure) [PSYoungGen: 549520K->160K(528896K)] 825555K->276203K(1003520K), 0.0031305 secs] [Times: user=0.01 sys=0.00, real=0.00 secs] 
2024-07-05T12:42:02.161+0800: 6516.398: [GC (Allocation Failure) [PSYoungGen: 528544K->208K(508928K)] 804587K->276251K(983552K), 0.0020465 secs] [Times: user=0.00 sys=0.00, real=0.01 secs] 
2024-07-05T12:42:02.717+0800: 6516.954: [GC (Allocation Failure) [PSYoungGen: 508624K->128K(489472K)] 784667K->276179K(964096K), 0.0020197 secs] [Times: user=0.00 sys=0.01, real=0.00 secs] 
2024-07-05T12:42:03.286+0800: 6517.523: [GC (Allocation Failure) [PSYoungGen: 489088K->160K(471040K)] 765139K->276211K(945664K), 0.0030424 secs] [Times: user=0.01 sys=0.00, real=0.00 secs] 
2024-07-05T12:42:03.861+0800: 6518.098: [GC (Allocation Failure) [PSYoungGen: 470688K->224K(453632K)] 746739K->276283K(928256K), 0.0032683 secs] [Times: user=0.00 sys=0.00, real=0.00 secs] 
2024-07-05T12:42:04.437+0800: 6518.674: [GC (Allocation Failure) [PSYoungGen: 453344K->192K(436736K)] 729403K->276259K(911360K), 0.0020122 secs] [Times: user=0.01 sys=0.00, real=0.00 secs] 
2024-07-05T12:42:05.145+0800: 6519.382: [GC (Allocation Failure) [PSYoungGen: 436416K->128K(420864K)] 712483K->276195K(895488K), 0.0019826 secs] [Times: user=0.01 sys=0.00, real=0.00 secs] 
2024-07-05T12:42:05.629+0800: 6519.866: [GC (Allocation Failure) [PSYoungGen: 420480K->128K(459776K)] 696547K->276203K(934400K), 0.0033820 secs] [Times: user=0.00 sys=0.00, real=0.00 secs] 
2024-07-05T12:42:06.238+0800: 6520.475: [GC (Allocation Failure) [PSYoungGen: 459392K->144K(442880K)] 735467K->276219K(917504K), 0.0021151 secs] [Times: user=0.01 sys=0.00, real=0.00 secs] 
2024-07-05T12:42:06.767+0800: 6521.004: [GC (Allocation Failure) [PSYoungGen: 442512K->112K(426496K)] 718587K->276195K(901120K), 0.0022062 secs] [Times: user=0.01 sys=0.00, real=0.00 secs] 
2024-07-05T12:42:07.328+0800: 6521.564: [GC (Allocation Failure) [PSYoungGen: 426096K->128K(411136K)] 702179K->276219K(885760K), 0.0020880 secs] [Times: user=0.00 sys=0.00, real=0.00 secs] 
2024-07-05T12:42:07.846+0800: 6522.083: [GC (Allocation Failure) [PSYoungGen: 410752K->112K(396288K)] 686843K->276211K(870912K), 0.0029178 secs] [Times: user=0.01 sys=0.00, real=0.00 secs] 
2024-07-05T12:42:08.316+0800: 6522.553: [GC (Allocation Failure) [PSYoungGen: 395888K->192K(382464K)] 671987K->276299K(857088K), 0.0022376 secs] [Times: user=0.00 sys=0.00, real=0.00 secs] 
2024-07-05T12:42:08.768+0800: 6523.005: [GC (Allocation Failure) [PSYoungGen: 382144K->128K(419840K)] 658251K->276243K(894464K), 0.0031881 secs] [Times: user=0.00 sys=0.00, real=0.00 secs] 
2024-07-05T12:42:09.248+0800: 6523.485: [GC (Allocation Failure) [PSYoungGen: 419456K->128K(459264K)] 695571K->276243K(933888K), 0.0019813 secs] [Times: user=0.01 sys=0.00, real=0.00 secs] 
2024-07-05T12:42:09.766+0800: 6524.003: [GC (Allocation Failure) [PSYoungGen: 458880K->192K(442368K)] 734995K->276315K(916992K), 0.0019611 secs] [Times: user=0.00 sys=0.00, real=0.00 secs] 
2024-07-05T12:42:10.298+0800: 6524.535: [GC (Allocation Failure) [PSYoungGen: 442048K->128K(426496K)] 718171K->276251K(901120K), 0.0019196 secs] [Times: user=0.00 sys=0.00, real=0.00 secs] 
2024-07-05T12:42:10.790+0800: 6525.027: [GC (Allocation Failure) [PSYoungGen: 426112K->224K(411136K)] 702235K->276355K(885760K), 0.0031854 secs] [Times: user=0.00 sys=0.00, real=0.01 secs] 
2024-07-05T12:42:11.334+0800: 6525.571: [GC (Allocation Failure) [PSYoungGen: 410848K->192K(396288K)] 686979K->276331K(870912K), 0.0024059 secs] [Times: user=0.01 sys=0.00, real=0.00 secs] 
2024-07-05T12:42:11.883+0800: 6526.120: [GC (Allocation Failure) [PSYoungGen: 395968K->192K(432640K)] 672107K->276339K(907264K), 0.0029767 secs] [Times: user=0.01 sys=0.00, real=0.00 secs] 
2024-07-05T12:42:12.409+0800: 6526.646: [GC (Allocation Failure) [PSYoungGen: 432320K->128K(416768K)] 708467K->276283K(891392K), 0.0021114 secs] [Times: user=0.00 sys=0.00, real=0.00 secs] 
2024-07-05T12:42:12.888+0800: 6527.125: [GC (Allocation Failure) [PSYoungGen: 416384K->160K(455168K)] 692539K->276323K(929792K), 0.0025240 secs] [Times: user=0.00 sys=0.00, real=0.00 secs] 
2024-07-05T12:42:13.525+0800: 6527.762: [GC (Allocation Failure) [PSYoungGen: 454816K->96K(497152K)] 730979K->276259K(971776K), 0.0031198 secs] [Times: user=0.00 sys=0.00, real=0.00 secs] 
2024-07-05T12:42:14.094+0800: 6528.331: [GC (Allocation Failure) [PSYoungGen: 496736K->176K(544256K)] 772899K->276347K(1018880K), 0.0031573 secs] [Times: user=0.01 sys=0.00, real=0.00 secs] 
2024-07-05T12:42:14.798+0800: 6529.035: [GC (Allocation Failure) [PSYoungGen: 543920K->128K(595968K)] 820091K->276307K(1070592K), 0.0035608 secs] [Times: user=0.00 sys=0.00, real=0.01 secs] 
2024-07-05T12:42:15.498+0800: 6529.735: [GC (Allocation Failure) [PSYoungGen: 595584K->160K(652800K)] 871763K->276339K(1127424K), 0.0035980 secs] [Times: user=0.01 sys=0.00, real=0.01 secs] 
2024-07-05T12:42:16.301+0800: 6530.537: [GC (Allocation Failure) [PSYoungGen: 652448K->224K(626688K)] 928627K->276411K(1101312K), 0.0022610 secs] [Times: user=0.01 sys=0.00, real=0.01 secs] 
2024-07-05T12:42:17.117+0800: 6531.354: [GC (Allocation Failure) [PSYoungGen: 626400K->160K(601600K)] 902587K->276347K(1076224K), 0.0020983 secs] [Times: user=0.01 sys=0.00, real=0.00 secs] 
2024-07-05T12:42:17.873+0800: 6532.110: [GC (Allocation Failure) [PSYoungGen: 601248K->208K(578048K)] 877435K->276395K(1052672K), 0.0020500 secs] [Times: user=0.00 sys=0.01, real=0.01 secs] 
2024-07-05T12:42:18.576+0800: 6532.812: [GC (Allocation Failure) [PSYoungGen: 577744K->192K(555520K)] 853931K->276387K(1030144K), 0.0031923 secs] [Times: user=0.01 sys=0.00, real=0.00 secs] 
2024-07-05T12:42:19.260+0800: 6533.497: [GC (Allocation Failure) [PSYoungGen: 555200K->96K(534016K)] 831395K->276291K(1008640K), 0.0025815 secs] [Times: user=0.01 sys=0.00, real=0.01 secs] 
2024-07-05T12:42:19.907+0800: 6534.144: [GC (Allocation Failure) [PSYoungGen: 533600K->144K(513536K)] 809795K->276339K(988160K), 0.0030196 secs] [Times: user=0.01 sys=0.00, real=0.00 secs] 
2024-07-05T12:42:20.580+0800: 6534.817: [GC (Allocation Failure) [PSYoungGen: 513168K->192K(494080K)] 789363K->276395K(968704K), 0.0030835 secs] [Times: user=0.00 sys=0.00, real=0.01 secs] 
2024-07-05T12:42:21.228+0800: 6535.465: [GC (Allocation Failure) [PSYoungGen: 493760K->96K(475648K)] 769963K->276299K(950272K), 0.0025944 secs] [Times: user=0.01 sys=0.00, real=0.00 secs] 
2024-07-05T12:42:21.814+0800: 6536.051: [GC (Allocation Failure) [PSYoungGen: 475232K->192K(457728K)] 751435K->276395K(932352K), 0.0029686 secs] [Times: user=0.01 sys=0.00, real=0.00 secs] 
2024-07-05T12:42:22.330+0800: 6536.567: [GC (Allocation Failure) [PSYoungGen: 457408K->176K(500224K)] 733611K->276387K(974848K), 0.0030928 secs] [Times: user=0.00 sys=0.00, real=0.00 secs] 
2024-07-05T12:42:22.872+0800: 6537.109: [GC (Allocation Failure) [PSYoungGen: 499888K->112K(546304K)] 776099K->276323K(1020928K), 0.0023876 secs] [Times: user=0.00 sys=0.00, real=0.01 secs] 
2024-07-05T12:42:23.655+0800: 6537.892: [GC (Allocation Failure) [PSYoungGen: 545904K->256K(525312K)] 822115K->276475K(999936K), 0.0030540 secs] [Times: user=0.00 sys=0.00, real=0.00 secs] 
2024-07-05T12:42:24.324+0800: 6538.561: [GC (Allocation Failure) [PSYoungGen: 525056K->224K(505344K)] 801275K->276443K(979968K), 0.0024630 secs] [Times: user=0.00 sys=0.00, real=0.00 secs] 
2024-07-05T12:42:24.918+0800: 6539.155: [GC (Allocation Failure) [PSYoungGen: 505056K->160K(486400K)] 781275K->276387K(961024K), 0.0020197 secs] [Times: user=0.00 sys=0.00, real=0.00 secs] 
2024-07-05T12:42:25.524+0800: 6539.761: [GC (Allocation Failure) [PSYoungGen: 486048K->128K(467968K)] 762275K->276363K(942592K), 0.0023903 secs] [Times: user=0.01 sys=0.00, real=0.00 secs] 
2024-07-05T12:42:26.094+0800: 6540.331: [GC (Allocation Failure) [PSYoungGen: 467584K->192K(450560K)] 743819K->276435K(925184K), 0.0032128 secs] [Times: user=0.00 sys=0.00, real=0.00 secs] 
2024-07-05T12:42:26.673+0800: 6540.909: [GC (Allocation Failure) [PSYoungGen: 450240K->192K(434176K)] 726483K->276443K(908800K), 0.0021899 secs] [Times: user=0.00 sys=0.00, real=0.01 secs] 
2024-07-05T12:42:27.232+0800: 6541.468: [GC (Allocation Failure) [PSYoungGen: 433856K->128K(418304K)] 710107K->276387K(892928K), 0.0022235 secs] [Times: user=0.00 sys=0.00, real=0.01 secs] 
2024-07-05T12:42:27.705+0800: 6541.942: [GC (Allocation Failure) [PSYoungGen: 417920K->160K(403456K)] 694179K->276427K(878080K), 0.0019199 secs] [Times: user=0.00 sys=0.00, real=0.00 secs] 
2024-07-05T12:42:28.166+0800: 6542.403: [GC (Allocation Failure) [PSYoungGen: 403104K->160K(440832K)] 679371K->276435K(915456K), 0.0029906 secs] [Times: user=0.00 sys=0.00, real=0.00 secs] 
2024-07-05T12:42:28.696+0800: 6542.933: [GC (Allocation Failure) [PSYoungGen: 440480K->224K(481280K)] 716755K->276507K(955904K), 0.0025617 secs] [Times: user=0.00 sys=0.00, real=0.00 secs] 
2024-07-05T12:42:29.380+0800: 6543.617: [GC (Allocation Failure) [PSYoungGen: 480992K->128K(463360K)] 757275K->276419K(937984K), 0.0023671 secs] [Times: user=0.00 sys=0.00, real=0.01 secs] 
2024-07-05T12:42:30.030+0800: 6544.267: [GC (Allocation Failure) [PSYoungGen: 462976K->160K(506368K)] 739267K->276459K(980992K), 0.0037254 secs] [Times: user=0.00 sys=0.00, real=0.01 secs] 
2024-07-05T12:42:30.646+0800: 6544.883: [GC (Allocation Failure) [PSYoungGen: 506016K->128K(487424K)] 782315K->276435K(962048K), 0.0019694 secs] [Times: user=0.00 sys=0.00, real=0.00 secs] 
2024-07-05T12:42:31.247+0800: 6545.484: [GC (Allocation Failure) [PSYoungGen: 487040K->128K(468992K)] 763347K->276435K(943616K), 0.0020765 secs] [Times: user=0.00 sys=0.00, real=0.00 secs] 
2024-07-05T12:42:31.787+0800: 6546.024: [GC (Allocation Failure) [PSYoungGen: 468608K->160K(451584K)] 744915K->276475K(926208K), 0.0022561 secs] [Times: user=0.00 sys=0.00, real=0.00 secs] 
2024-07-05T12:42:32.291+0800: 6546.528: [GC (Allocation Failure) [PSYoungGen: 451232K->96K(435200K)] 727547K->276411K(909824K), 0.0029459 secs] [Times: user=0.00 sys=0.00, real=0.01 secs] 
2024-07-05T12:42:32.762+0800: 6546.999: [GC (Allocation Failure) [PSYoungGen: 434784K->160K(477696K)] 711099K->276483K(952320K), 0.0035521 secs] [Times: user=0.00 sys=0.00, real=0.00 secs] 
2024-07-05T12:42:33.324+0800: 6547.561: [GC (Allocation Failure) [PSYoungGen: 477344K->160K(523776K)] 753667K->276491K(998400K), 0.0025984 secs] [Times: user=0.00 sys=0.00, real=0.00 secs] 
2024-07-05T12:42:33.886+0800: 6548.122: [GC (Allocation Failure) [PSYoungGen: 523424K->176K(574464K)] 799755K->276515K(1049088K), 0.0030409 secs] [Times: user=0.00 sys=0.00, real=0.00 secs] 
2024-07-05T12:42:34.504+0800: 6548.741: [GC (Allocation Failure) [PSYoungGen: 574128K->160K(628224K)] 850467K->276507K(1102848K), 0.0024423 secs] [Times: user=0.00 sys=0.00, real=0.00 secs] 
2024-07-05T12:42:35.200+0800: 6549.437: [GC (Allocation Failure) [PSYoungGen: 627872K->192K(603136K)] 904219K->276539K(1077760K), 0.0023138 secs] [Times: user=0.01 sys=0.00, real=0.01 secs] 
2024-07-05T12:42:35.834+0800: 6550.071: [GC (Allocation Failure) [PSYoungGen: 602816K->160K(579584K)] 879163K->276515K(1054208K), 0.0019987 secs] [Times: user=0.00 sys=0.00, real=0.00 secs] 
2024-07-05T12:42:36.540+0800: 6550.777: [GC (Allocation Failure) [PSYoungGen: 579232K->224K(557056K)] 855587K->276579K(1031680K), 0.0025493 secs] [Times: user=0.01 sys=0.00, real=0.01 secs] 
2024-07-05T12:42:37.482+0800: 6551.719: [GC (Allocation Failure) [PSYoungGen: 556768K->112K(535552K)] 833123K->276467K(1010176K), 0.0032355 secs] [Times: user=0.00 sys=0.01, real=0.00 secs] 
2024-07-05T12:42:38.122+0800: 6552.359: [GC (Allocation Failure) [PSYoungGen: 535152K->192K(515072K)] 811507K->276555K(989696K), 0.0031921 secs] [Times: user=0.00 sys=0.00, real=0.00 secs] 
2024-07-05T12:42:38.741+0800: 6552.978: [GC (Allocation Failure) [PSYoungGen: 514752K->160K(495616K)] 791115K->276523K(970240K), 0.0023035 secs] [Times: user=0.01 sys=0.00, real=0.01 secs] 
2024-07-05T12:42:39.462+0800: 6553.699: [GC (Allocation Failure) [PSYoungGen: 495264K->160K(477184K)] 771627K->276531K(951808K), 0.0035610 secs] [Times: user=0.00 sys=0.00, real=0.00 secs] 
2024-07-05T12:42:40.048+0800: 6554.285: [GC (Allocation Failure) [PSYoungGen: 476832K->96K(459264K)] 753203K->276475K(933888K), 0.0020559 secs] [Times: user=0.01 sys=0.00, real=0.00 secs] 
2024-07-05T12:42:40.672+0800: 6554.909: [GC (Allocation Failure) [PSYoungGen: 458848K->128K(442368K)] 735227K->276507K(916992K), 0.0023941 secs] [Times: user=0.00 sys=0.00, real=0.01 secs] 
2024-07-05T12:42:41.234+0800: 6555.471: [GC (Allocation Failure) [PSYoungGen: 441984K->112K(426496K)] 718363K->276499K(901120K), 0.0024011 secs] [Times: user=0.00 sys=0.00, real=0.00 secs] 
2024-07-05T12:42:41.761+0800: 6555.998: [GC (Allocation Failure) [PSYoungGen: 426096K->128K(411136K)] 702483K->276515K(885760K), 0.0022204 secs] [Times: user=0.00 sys=0.00, real=0.01 secs] 
2024-07-05T12:42:42.246+0800: 6556.482: [GC (Allocation Failure) [PSYoungGen: 410752K->176K(396288K)] 687139K->276571K(870912K), 0.0030875 secs] [Times: user=0.01 sys=0.00, real=0.00 secs] 
2024-07-05T12:42:42.674+0800: 6556.911: [GC (Allocation Failure) [PSYoungGen: 395952K->192K(382464K)] 672347K->276595K(857088K), 0.0020177 secs] [Times: user=0.00 sys=0.00, real=0.00 secs] 
2024-07-05T12:42:43.103+0800: 6557.340: [GC (Allocation Failure) [PSYoungGen: 382144K->96K(417792K)] 658547K->276499K(892416K), 0.0021682 secs] [Times: user=0.00 sys=0.00, real=0.00 secs] 
2024-07-05T12:42:43.642+0800: 6557.879: [GC (Allocation Failure) [PSYoungGen: 417376K->176K(402944K)] 693779K->276587K(877568K), 0.0019195 secs] [Times: user=0.01 sys=0.00, real=0.00 secs] 
2024-07-05T12:42:44.088+0800: 6558.325: [GC (Allocation Failure) [PSYoungGen: 402608K->192K(440320K)] 679019K->276603K(914944K), 0.0026249 secs] [Times: user=0.00 sys=0.00, real=0.00 secs] 
2024-07-05T12:42:44.784+0800: 6559.021: [GC (Allocation Failure) [PSYoungGen: 440000K->160K(424448K)] 716411K->276579K(899072K), 0.0021638 secs] [Times: user=0.01 sys=0.00, real=0.00 secs] 
2024-07-05T12:42:45.406+0800: 6559.643: [GC (Allocation Failure) [PSYoungGen: 424096K->224K(409088K)] 700515K->276643K(883712K), 0.0023486 secs] [Times: user=0.01 sys=0.00, real=0.00 secs] 
2024-07-05T12:42:45.898+0800: 6560.135: [GC (Allocation Failure) [PSYoungGen: 408800K->128K(448512K)] 685219K->276555K(923136K), 0.0038086 secs] [Times: user=0.01 sys=0.00, real=0.01 secs] 
2024-07-05T12:42:46.386+0800: 6560.623: [GC (Allocation Failure) [PSYoungGen: 448128K->192K(489984K)] 724555K->276619K(964608K), 0.0019392 secs] [Times: user=0.00 sys=0.00, real=0.00 secs] 
2024-07-05T12:42:46.878+0800: 6561.115: [GC (Allocation Failure) [PSYoungGen: 489664K->144K(536576K)] 766091K->276579K(1011200K), 0.0027023 secs] [Times: user=0.01 sys=0.00, real=0.00 secs] 
2024-07-05T12:42:47.435+0800: 6561.672: [GC (Allocation Failure) [PSYoungGen: 536208K->224K(587776K)] 812643K->276659K(1062400K), 0.0030022 secs] [Times: user=0.00 sys=0.00, real=0.00 secs] 
2024-07-05T12:42:48.059+0800: 6562.296: [GC (Allocation Failure) [PSYoungGen: 587488K->192K(643072K)] 863923K->276635K(1117696K), 0.0026687 secs] [Times: user=0.00 sys=0.00, real=0.01 secs] 
2024-07-05T12:42:48.757+0800: 6562.994: [GC (Allocation Failure) [PSYoungGen: 642752K->96K(617472K)] 919195K->276539K(1092096K), 0.0019462 secs] [Times: user=0.00 sys=0.00, real=0.00 secs] 
2024-07-05T12:42:49.383+0800: 6563.620: [GC (Allocation Failure) [PSYoungGen: 617056K->160K(592896K)] 893499K->276611K(1067520K), 0.0030040 secs] [Times: user=0.01 sys=0.00, real=0.00 secs] 
2024-07-05T12:42:50.045+0800: 6564.282: [GC (Allocation Failure) [PSYoungGen: 592544K->112K(569856K)] 868995K->276571K(1044480K), 0.0020170 secs] [Times: user=0.00 sys=0.00, real=0.00 secs] 
2024-07-05T12:42:50.657+0800: 6564.894: [GC (Allocation Failure) [PSYoungGen: 569456K->128K(547840K)] 845915K->276587K(1022464K), 0.0022272 secs] [Times: user=0.00 sys=0.00, real=0.00 secs] 
2024-07-05T12:42:51.274+0800: 6565.511: [GC (Allocation Failure) [PSYoungGen: 547456K->160K(526848K)] 823915K->276627K(1001472K), 0.0031984 secs] [Times: user=0.00 sys=0.01, real=0.00 secs] 
2024-07-05T12:42:51.858+0800: 6566.095: [GC (Allocation Failure) [PSYoungGen: 526496K->160K(506880K)] 802963K->276635K(981504K), 0.0020677 secs] [Times: user=0.01 sys=0.00, real=0.00 secs] 
2024-07-05T12:42:52.428+0800: 6566.665: [GC (Allocation Failure) [PSYoungGen: 506528K->256K(487936K)] 783003K->276731K(962560K), 0.0022549 secs] [Times: user=0.00 sys=0.00, real=0.00 secs] 
2024-07-05T12:42:52.934+0800: 6567.171: [GC (Allocation Failure) [PSYoungGen: 487680K->128K(469504K)] 764155K->276611K(944128K), 0.0029943 secs] [Times: user=0.00 sys=0.00, real=0.00 secs] 
2024-07-05T12:42:53.433+0800: 6567.670: [GC (Allocation Failure) [PSYoungGen: 469120K->224K(452096K)] 745603K->276715K(926720K), 0.0019508 secs] [Times: user=0.00 sys=0.00, real=0.01 secs] 
2024-07-05T12:42:53.932+0800: 6568.169: [GC (Allocation Failure) [PSYoungGen: 451808K->224K(435712K)] 728299K->276715K(910336K), 0.0020449 secs] [Times: user=0.00 sys=0.00, real=0.01 secs] 
2024-07-05T12:42:54.387+0800: 6568.624: [GC (Allocation Failure) [PSYoungGen: 435424K->160K(419840K)] 711915K->276659K(894464K), 0.0020511 secs] [Times: user=0.00 sys=0.00, real=0.00 secs] 
2024-07-05T12:42:54.862+0800: 6569.099: [GC (Allocation Failure) [PSYoungGen: 419488K->128K(404992K)] 695987K->276627K(879616K), 0.0024344 secs] [Times: user=0.00 sys=0.00, real=0.00 secs] 
2024-07-05T12:42:55.332+0800: 6569.569: [GC (Allocation Failure) [PSYoungGen: 404608K->176K(390656K)] 681107K->276675K(865280K), 0.0021527 secs] [Times: user=0.01 sys=0.00, real=0.01 secs] 
2024-07-05T12:42:55.878+0800: 6570.114: [GC (Allocation Failure) [PSYoungGen: 390320K->192K(376832K)] 666819K->276699K(851456K), 0.0020322 secs] [Times: user=0.01 sys=0.00, real=0.00 secs] 
2024-07-05T12:42:56.370+0800: 6570.607: [GC (Allocation Failure) [PSYoungGen: 376512K->128K(363520K)] 653019K->276635K(838144K), 0.0020940 secs] [Times: user=0.01 sys=0.00, real=0.00 secs] 
2024-07-05T12:42:56.804+0800: 6571.041: [GC (Allocation Failure) [PSYoungGen: 363136K->112K(351232K)] 639643K->276627K(825856K), 0.0024774 secs] [Times: user=0.00 sys=0.00, real=0.00 secs] 
2024-07-05T12:42:57.264+0800: 6571.501: [GC (Allocation Failure) [PSYoungGen: 350832K->128K(339456K)] 627347K->276651K(814080K), 0.0020796 secs] [Times: user=0.01 sys=0.00, real=0.00 secs] 
2024-07-05T12:42:57.671+0800: 6571.908: [GC (Allocation Failure) [PSYoungGen: 339072K->128K(372736K)] 615595K->276659K(847360K), 0.0029552 secs] [Times: user=0.00 sys=0.00, real=0.01 secs] 
2024-07-05T12:42:58.158+0800: 6572.395: [GC (Allocation Failure) [PSYoungGen: 372352K->112K(409600K)] 648883K->276651K(884224K), 0.0029236 secs] [Times: user=0.00 sys=0.00, real=0.00 secs] 
2024-07-05T12:42:58.646+0800: 6572.883: [GC (Allocation Failure) [PSYoungGen: 409200K->96K(449024K)] 685739K->276643K(923648K), 0.0021490 secs] [Times: user=0.01 sys=0.00, real=0.00 secs] 
2024-07-05T12:42:59.156+0800: 6573.393: [GC (Allocation Failure) [PSYoungGen: 448608K->144K(491008K)] 725155K->276691K(965632K), 0.0019724 secs] [Times: user=0.00 sys=0.00, real=0.00 secs] 
2024-07-05T12:42:59.679+0800: 6573.916: [GC (Allocation Failure) [PSYoungGen: 490640K->176K(472576K)] 767187K->276731K(947200K), 0.0019898 secs] [Times: user=0.00 sys=0.00, real=0.01 secs] 
2024-07-05T12:43:00.221+0800: 6574.458: [GC (Allocation Failure) [PSYoungGen: 472240K->176K(517632K)] 748795K->276731K(992256K), 0.0036518 secs] [Times: user=0.00 sys=0.00, real=0.00 secs] 
2024-07-05T12:43:00.912+0800: 6575.149: [GC (Allocation Failure) [PSYoungGen: 517296K->96K(498176K)] 793851K->276659K(972800K), 0.0019372 secs] [Times: user=0.00 sys=0.00, real=0.01 secs] 
2024-07-05T12:43:01.522+0800: 6575.759: [GC (Allocation Failure) [PSYoungGen: 497760K->128K(479232K)] 774323K->276691K(953856K), 0.0020250 secs] [Times: user=0.01 sys=0.00, real=0.00 secs] 
2024-07-05T12:43:02.161+0800: 6576.398: [GC (Allocation Failure) [PSYoungGen: 478848K->128K(461312K)] 755411K->276699K(935936K), 0.0030632 secs] [Times: user=0.01 sys=0.00, real=0.00 secs] 
2024-07-05T12:43:02.782+0800: 6577.019: [GC (Allocation Failure) [PSYoungGen: 460928K->96K(444416K)] 737499K->276675K(919040K), 0.0020910 secs] [Times: user=0.00 sys=0.00, real=0.00 secs] 
2024-07-05T12:43:03.281+0800: 6577.518: [GC (Allocation Failure) [PSYoungGen: 444000K->192K(428032K)] 720579K->276771K(902656K), 0.0020858 secs] [Times: user=0.00 sys=0.00, real=0.01 secs] 
2024-07-05T12:43:03.769+0800: 6578.006: [GC (Allocation Failure) [PSYoungGen: 427712K->160K(412672K)] 704291K->276739K(887296K), 0.0023197 secs] [Times: user=0.00 sys=0.00, real=0.00 secs] 
2024-07-05T12:43:04.347+0800: 6578.584: [GC (Allocation Failure) [PSYoungGen: 412320K->96K(397824K)] 688899K->276683K(872448K), 0.0025590 secs] [Times: user=0.00 sys=0.00, real=0.00 secs] 
2024-07-05T12:43:04.861+0800: 6579.098: [GC (Allocation Failure) [PSYoungGen: 397408K->144K(435200K)] 673995K->276731K(909824K), 0.0034222 secs] [Times: user=0.01 sys=0.00, real=0.00 secs] 
2024-07-05T12:43:05.360+0800: 6579.597: [GC (Allocation Failure) [PSYoungGen: 434832K->144K(475136K)] 711419K->276739K(949760K), 0.0021786 secs] [Times: user=0.00 sys=0.00, real=0.01 secs] 
2024-07-05T12:43:05.904+0800: 6580.141: [GC (Allocation Failure) [PSYoungGen: 474768K->160K(457728K)] 751363K->276763K(932352K), 0.0020638 secs] [Times: user=0.00 sys=0.00, real=0.00 secs] 
2024-07-05T12:43:06.508+0800: 6580.745: [GC (Allocation Failure) [PSYoungGen: 457376K->192K(499712K)] 733979K->276795K(974336K), 0.0031848 secs] [Times: user=0.00 sys=0.00, real=0.00 secs] 
2024-07-05T12:43:07.260+0800: 6581.497: [GC (Allocation Failure) [PSYoungGen: 499392K->224K(480768K)] 775995K->276835K(955392K), 0.0025967 secs] [Times: user=0.00 sys=0.00, real=0.01 secs] 
2024-07-05T12:43:07.802+0800: 6582.039: [GC (Allocation Failure) [PSYoungGen: 480480K->112K(525312K)] 757091K->276731K(999936K), 0.0031545 secs] [Times: user=0.00 sys=0.00, real=0.00 secs] 
2024-07-05T12:43:08.361+0800: 6582.598: [GC (Allocation Failure) [PSYoungGen: 524912K->208K(574976K)] 801531K->276827K(1049600K), 0.0031324 secs] [Times: user=0.01 sys=0.00, real=0.00 secs] 
2024-07-05T12:43:09.041+0800: 6583.278: [GC (Allocation Failure) [PSYoungGen: 574672K->128K(552448K)] 851291K->276755K(1027072K), 0.0021221 secs] [Times: user=0.00 sys=0.00, real=0.00 secs] 
2024-07-05T12:43:09.788+0800: 6584.025: [GC (Allocation Failure) [PSYoungGen: 552064K->160K(530944K)] 828691K->276795K(1005568K), 0.0024351 secs] [Times: user=0.00 sys=0.00, real=0.00 secs] 
2024-07-05T12:43:10.406+0800: 6584.643: [GC (Allocation Failure) [PSYoungGen: 530592K->160K(510464K)] 807227K->276803K(985088K), 0.0029468 secs] [Times: user=0.00 sys=0.00, real=0.00 secs] 
2024-07-05T12:43:10.957+0800: 6585.194: [GC (Allocation Failure) [PSYoungGen: 510112K->192K(559104K)] 786755K->276843K(1033728K), 0.0038889 secs] [Times: user=0.00 sys=0.00, real=0.00 secs] 
2024-07-05T12:43:11.559+0800: 6585.796: [GC (Allocation Failure) [PSYoungGen: 558784K->256K(537600K)] 835435K->276907K(1012224K), 0.0019771 secs] [Times: user=0.00 sys=0.00, real=0.00 secs] 
2024-07-05T12:43:12.148+0800: 6586.385: [GC (Allocation Failure) [PSYoungGen: 537344K->224K(517120K)] 813995K->276883K(991744K), 0.0024937 secs] [Times: user=0.00 sys=0.00, real=0.00 secs] 
2024-07-05T12:43:12.723+0800: 6586.960: [GC (Allocation Failure) [PSYoungGen: 516832K->160K(497664K)] 793491K->276819K(972288K), 0.0030438 secs] [Times: user=0.00 sys=0.00, real=0.00 secs] 
2024-07-05T12:43:13.268+0800: 6587.505: [GC (Allocation Failure) [PSYoungGen: 497312K->160K(478720K)] 773971K->276827K(953344K), 0.0019640 secs] [Times: user=0.00 sys=0.00, real=0.00 secs] 
2024-07-05T12:43:13.801+0800: 6588.038: [GC (Allocation Failure) [PSYoungGen: 478368K->144K(460800K)] 755035K->276819K(935424K), 0.0021232 secs] [Times: user=0.00 sys=0.00, real=0.00 secs] 
2024-07-05T12:43:14.298+0800: 6588.535: [GC (Allocation Failure) [PSYoungGen: 460432K->176K(443904K)] 737107K->276851K(918528K), 0.0020084 secs] [Times: user=0.00 sys=0.00, real=0.00 secs] 
2024-07-05T12:43:14.793+0800: 6589.030: [GC (Allocation Failure) [PSYoungGen: 443568K->192K(427520K)] 720243K->276875K(902144K), 0.0024017 secs] [Times: user=0.01 sys=0.00, real=0.00 secs] 
2024-07-05T12:43:15.318+0800: 6589.555: [GC (Allocation Failure) [PSYoungGen: 427200K->112K(412160K)] 703883K->276803K(886784K), 0.0020539 secs] [Times: user=0.01 sys=0.00, real=0.00 secs] 
2024-07-05T12:43:15.798+0800: 6590.035: [GC (Allocation Failure) [PSYoungGen: 411760K->160K(397312K)] 688451K->276859K(871936K), 0.0022598 secs] [Times: user=0.00 sys=0.00, real=0.00 secs] 
2024-07-05T12:43:16.238+0800: 6590.475: [GC (Allocation Failure) [PSYoungGen: 396960K->112K(455168K)] 673659K->276811K(929792K), 0.0212300 secs] [Times: user=0.01 sys=0.00, real=0.02 secs] 
2024-07-05T12:43:16.747+0800: 6590.984: [GC (Allocation Failure) [PSYoungGen: 454768K->224K(518144K)] 731467K->276931K(992768K), 0.0020205 secs] [Times: user=0.01 sys=0.00, real=0.00 secs] 
2024-07-05T12:43:17.390+0800: 6591.627: [GC (Allocation Failure) [PSYoungGen: 517856K->128K(585216K)] 794563K->276843K(1059840K), 0.0020326 secs] [Times: user=0.00 sys=0.00, real=0.00 secs] 
2024-07-05T12:43:18.129+0800: 6592.366: [GC (Allocation Failure) [PSYoungGen: 584832K->128K(656384K)] 861547K->276851K(1131008K), 0.0031796 secs] [Times: user=0.01 sys=0.00, real=0.00 secs] 
2024-07-05T12:43:18.955+0800: 6593.192: [GC (Allocation Failure) [PSYoungGen: 656000K->160K(730112K)] 932723K->276891K(1204736K), 0.0020401 secs] [Times: user=0.00 sys=0.00, real=0.00 secs] 
2024-07-05T12:43:19.847+0800: 6594.083: [GC (Allocation Failure) [PSYoungGen: 729760K->192K(806912K)] 1006491K->276931K(1281536K), 0.0031064 secs] [Times: user=0.01 sys=0.00, real=0.00 secs] 
2024-07-05T12:43:20.942+0800: 6595.179: [GC (Allocation Failure) [PSYoungGen: 806592K->96K(885760K)] 1083331K->276843K(1360384K), 0.0030954 secs] [Times: user=0.00 sys=0.00, real=0.00 secs] 
2024-07-05T12:43:22.000+0800: 6596.237: [GC (Allocation Failure) [PSYoungGen: 885344K->112K(848384K)] 1162091K->276859K(1323008K), 0.0021117 secs] [Times: user=0.01 sys=0.00, real=0.01 secs] 
2024-07-05T12:43:23.016+0800: 6597.253: [GC (Allocation Failure) [PSYoungGen: 847984K->128K(812544K)] 1124731K->276875K(1287168K), 0.0025338 secs] [Times: user=0.00 sys=0.00, real=0.00 secs] 
2024-07-05T12:43:23.929+0800: 6598.166: [GC (Allocation Failure) [PSYoungGen: 812160K->128K(778752K)] 1088907K->276875K(1253376K), 0.0020540 secs] [Times: user=0.00 sys=0.00, real=0.00 secs] 
2024-07-05T12:43:24.771+0800: 6599.008: [GC (Allocation Failure) [PSYoungGen: 778368K->128K(746496K)] 1055115K->276875K(1221120K), 0.0021922 secs] [Times: user=0.00 sys=0.00, real=0.00 secs] 
2024-07-05T12:43:25.658+0800: 6599.894: [GC (Allocation Failure) [PSYoungGen: 746112K->224K(715776K)] 1022859K->276971K(1190400K), 0.0024588 secs] [Times: user=0.00 sys=0.00, real=0.00 secs] 
2024-07-05T12:43:26.544+0800: 6600.781: [GC (Allocation Failure) [PSYoungGen: 715488K->128K(686592K)] 992235K->276875K(1161216K), 0.0025882 secs] [Times: user=0.00 sys=0.00, real=0.00 secs] 
2024-07-05T12:43:27.399+0800: 6601.636: [GC (Allocation Failure) [PSYoungGen: 686208K->240K(658944K)] 962955K->276995K(1133568K), 0.0022146 secs] [Times: user=0.01 sys=0.00, real=0.01 secs] 
2024-07-05T12:43:28.210+0800: 6602.447: [GC (Allocation Failure) [PSYoungGen: 658672K->224K(632320K)] 935427K->276987K(1106944K), 0.0028697 secs] [Times: user=0.00 sys=0.00, real=0.00 secs] 
2024-07-05T12:43:28.910+0800: 6603.147: [GC (Allocation Failure) [PSYoungGen: 632032K->176K(607232K)] 908795K->276939K(1081856K), 0.0021040 secs] [Times: user=0.00 sys=0.00, real=0.00 secs] 
2024-07-05T12:43:29.595+0800: 6603.832: [GC (Allocation Failure) [PSYoungGen: 606896K->208K(583168K)] 883659K->276979K(1057792K), 0.0021251 secs] [Times: user=0.00 sys=0.00, real=0.00 secs] 
2024-07-05T12:43:30.247+0800: 6604.484: [GC (Allocation Failure) [PSYoungGen: 582864K->128K(560640K)] 859635K->276907K(1035264K), 0.0020279 secs] [Times: user=0.01 sys=0.00, real=0.00 secs] 
2024-07-05T12:43:30.866+0800: 6605.102: [GC (Allocation Failure) [PSYoungGen: 560256K->112K(539136K)] 837035K->276899K(1013760K), 0.0023077 secs] [Times: user=0.01 sys=0.00, real=0.00 secs] 
2024-07-05T12:43:31.599+0800: 6605.836: [GC (Allocation Failure) [PSYoungGen: 538736K->144K(518656K)] 815523K->276939K(993280K), 0.0022132 secs] [Times: user=0.00 sys=0.00, real=0.01 secs] 
2024-07-05T12:43:32.156+0800: 6606.393: [GC (Allocation Failure) [PSYoungGen: 518288K->160K(498688K)] 795083K->276963K(973312K), 0.0020054 secs] [Times: user=0.00 sys=0.00, real=0.00 secs] 
2024-07-05T12:43:32.742+0800: 6606.979: [GC (Allocation Failure) [PSYoungGen: 498336K->128K(479744K)] 775139K->276939K(954368K), 0.0027200 secs] [Times: user=0.00 sys=0.00, real=0.00 secs] 
2024-07-05T12:43:33.280+0800: 6607.516: [GC (Allocation Failure) [PSYoungGen: 479360K->288K(461824K)] 756171K->277107K(936448K), 0.0020322 secs] [Times: user=0.00 sys=0.00, real=0.01 secs] 
2024-07-05T12:43:33.794+0800: 6608.031: [GC (Allocation Failure) [PSYoungGen: 461600K->192K(444928K)] 738419K->277019K(919552K), 0.0033023 secs] [Times: user=0.00 sys=0.00, real=0.00 secs] 
2024-07-05T12:43:34.258+0800: 6608.495: [GC (Allocation Failure) [PSYoungGen: 444608K->160K(428544K)] 721435K->276995K(903168K), 0.0020470 secs] [Times: user=0.01 sys=0.00, real=0.00 secs] 
2024-07-05T12:43:34.702+0800: 6608.939: [GC (Allocation Failure) [PSYoungGen: 428192K->176K(469504K)] 705027K->277019K(944128K), 0.0033094 secs] [Times: user=0.00 sys=0.00, real=0.00 secs] 
2024-07-05T12:43:35.220+0800: 6609.457: [GC (Allocation Failure) [PSYoungGen: 469168K->96K(513536K)] 746011K->276947K(988160K), 0.0021383 secs] [Times: user=0.00 sys=0.00, real=0.01 secs] 
2024-07-05T12:43:35.810+0800: 6610.047: [GC (Allocation Failure) [PSYoungGen: 513120K->128K(494080K)] 789971K->276987K(968704K), 0.0019695 secs] [Times: user=0.00 sys=0.00, real=0.00 secs] 
2024-07-05T12:43:36.415+0800: 6610.652: [GC (Allocation Failure) [PSYoungGen: 493696K->128K(475648K)] 770555K->276995K(950272K), 0.0024320 secs] [Times: user=0.01 sys=0.00, real=0.00 secs] 
2024-07-05T12:43:37.070+0800: 6611.307: [GC (Allocation Failure) [PSYoungGen: 475264K->192K(457728K)] 752131K->277067K(932352K), 0.0034714 secs] [Times: user=0.00 sys=0.00, real=0.01 secs] 
2024-07-05T12:43:37.643+0800: 6611.880: [GC (Allocation Failure) [PSYoungGen: 457408K->208K(440832K)] 734283K->277091K(915456K), 0.0019982 secs] [Times: user=0.00 sys=0.00, real=0.00 secs] 
2024-07-05T12:43:38.201+0800: 6612.438: [GC (Allocation Failure) [PSYoungGen: 440528K->192K(424960K)] 717411K->277083K(899584K), 0.0027877 secs] [Times: user=0.01 sys=0.00, real=0.00 secs] 
2024-07-05T12:43:38.719+0800: 6612.956: [GC (Allocation Failure) [PSYoungGen: 424640K->144K(409600K)] 701531K->277043K(884224K), 0.0020172 secs] [Times: user=0.00 sys=0.00, real=0.00 secs] 
2024-07-05T12:43:39.164+0800: 6613.401: [GC (Allocation Failure) [PSYoungGen: 409232K->160K(394752K)] 686131K->277067K(869376K), 0.0022732 secs] [Times: user=0.01 sys=0.00, real=0.00 secs] 
2024-07-05T12:43:39.582+0800: 6613.819: [GC (Allocation Failure) [PSYoungGen: 394400K->128K(433152K)] 671307K->277043K(907776K), 0.0031833 secs] [Times: user=0.00 sys=0.00, real=0.00 secs] 
2024-07-05T12:43:40.116+0800: 6614.353: [GC (Allocation Failure) [PSYoungGen: 432768K->160K(474112K)] 709683K->277083K(948736K), 0.0022473 secs] [Times: user=0.01 sys=0.00, real=0.00 secs] 
2024-07-05T12:43:40.729+0800: 6614.966: [GC (Allocation Failure) [PSYoungGen: 473760K->128K(456704K)] 750683K->277059K(931328K), 0.0018647 secs] [Times: user=0.00 sys=0.00, real=0.00 secs] 
2024-07-05T12:43:41.243+0800: 6615.480: [GC (Allocation Failure) [PSYoungGen: 456320K->144K(499200K)] 733251K->277083K(973824K), 0.0028664 secs] [Times: user=0.01 sys=0.00, real=0.00 secs] 
2024-07-05T12:43:41.790+0800: 6616.026: [GC (Allocation Failure) [PSYoungGen: 498832K->144K(546304K)] 775771K->277091K(1020928K), 0.0029639 secs] [Times: user=0.01 sys=0.00, real=0.00 secs] 
2024-07-05T12:43:42.451+0800: 6616.688: [GC (Allocation Failure) [PSYoungGen: 545936K->128K(525312K)] 822883K->277075K(999936K), 0.0023999 secs] [Times: user=0.00 sys=0.00, real=0.01 secs] 
2024-07-05T12:43:43.173+0800: 6617.410: [GC (Allocation Failure) [PSYoungGen: 524928K->128K(505344K)] 801875K->277083K(979968K), 0.0029701 secs] [Times: user=0.00 sys=0.00, real=0.01 secs] 
2024-07-05T12:43:43.776+0800: 6618.013: [GC (Allocation Failure) [PSYoungGen: 504960K->160K(486400K)] 781915K->277123K(961024K), 0.0019314 secs] [Times: user=0.01 sys=0.00, real=0.00 secs] 
2024-07-05T12:43:44.355+0800: 6618.592: [GC (Allocation Failure) [PSYoungGen: 486048K->160K(467968K)] 763011K->277131K(942592K), 0.0019675 secs] [Times: user=0.01 sys=0.00, real=0.00 secs] 
2024-07-05T12:43:44.918+0800: 6619.154: [GC (Allocation Failure) [PSYoungGen: 467616K->160K(450560K)] 744587K->277139K(925184K), 0.0019859 secs] [Times: user=0.00 sys=0.00, real=0.00 secs] 
2024-07-05T12:43:45.417+0800: 6619.654: [GC (Allocation Failure) [PSYoungGen: 450208K->160K(434176K)] 727187K->277147K(908800K), 0.0020118 secs] [Times: user=0.00 sys=0.00, real=0.00 secs] 
2024-07-05T12:43:45.872+0800: 6620.109: [GC (Allocation Failure) [PSYoungGen: 433824K->176K(418304K)] 710811K->277163K(892928K), 0.0019973 secs] [Times: user=0.00 sys=0.00, real=0.01 secs] 
2024-07-05T12:43:46.339+0800: 6620.576: [GC (Allocation Failure) [PSYoungGen: 417968K->256K(403456K)] 694955K->277251K(878080K), 0.0023290 secs] [Times: user=0.00 sys=0.00, real=0.01 secs] 
2024-07-05T12:43:46.766+0800: 6621.003: [GC (Allocation Failure) [PSYoungGen: 403200K->208K(440832K)] 680195K->277211K(915456K), 0.0026399 secs] [Times: user=0.01 sys=0.00, real=0.00 secs] 
2024-07-05T12:43:47.231+0800: 6621.468: [GC (Allocation Failure) [PSYoungGen: 440528K->224K(482816K)] 717531K->277227K(957440K), 0.0029099 secs] [Times: user=0.01 sys=0.00, real=0.01 secs] 
2024-07-05T12:43:47.749+0800: 6621.986: [GC (Allocation Failure) [PSYoungGen: 482528K->128K(530432K)] 759531K->277139K(1005056K), 0.0032039 secs] [Times: user=0.00 sys=0.00, real=0.00 secs] 
2024-07-05T12:43:48.354+0800: 6622.591: [GC (Allocation Failure) [PSYoungGen: 530048K->176K(582656K)] 807059K->277195K(1057280K), 0.0031872 secs] [Times: user=0.00 sys=0.00, real=0.00 secs] 
2024-07-05T12:43:48.956+0800: 6623.193: [GC (Allocation Failure) [PSYoungGen: 582320K->128K(636928K)] 859339K->277155K(1111552K), 0.0019579 secs] [Times: user=0.01 sys=0.00, real=0.00 secs] 
2024-07-05T12:43:49.664+0800: 6623.901: [GC (Allocation Failure) [PSYoungGen: 636544K->176K(695296K)] 913571K->277211K(1169920K), 0.0030250 secs] [Times: user=0.01 sys=0.00, real=0.00 secs] 
2024-07-05T12:43:50.465+0800: 6624.702: [GC (Allocation Failure) [PSYoungGen: 694960K->160K(667136K)] 971995K->277195K(1141760K), 0.0029658 secs] [Times: user=0.00 sys=0.00, real=0.00 secs] 
2024-07-05T12:43:51.220+0800: 6625.457: [GC (Allocation Failure) [PSYoungGen: 666784K->256K(640512K)] 943819K->277299K(1115136K), 0.0023771 secs] [Times: user=0.01 sys=0.00, real=0.01 secs] 
2024-07-05T12:43:51.956+0800: 6626.193: [GC (Allocation Failure) [PSYoungGen: 640256K->128K(614912K)] 917299K->277171K(1089536K), 0.0027395 secs] [Times: user=0.00 sys=0.00, real=0.00 secs] 
2024-07-05T12:43:52.728+0800: 6626.965: [GC (Allocation Failure) [PSYoungGen: 614528K->160K(590848K)] 891571K->277211K(1065472K), 0.0021669 secs] [Times: user=0.00 sys=0.00, real=0.00 secs] 
2024-07-05T12:43:53.394+0800: 6627.631: [GC (Allocation Failure) [PSYoungGen: 590496K->160K(567808K)] 867547K->277219K(1042432K), 0.0024337 secs] [Times: user=0.01 sys=0.00, real=0.00 secs] 
2024-07-05T12:43:54.053+0800: 6628.290: [GC (Allocation Failure) [PSYoungGen: 567456K->192K(545792K)] 844515K->277259K(1020416K), 0.0028353 secs] [Times: user=0.00 sys=0.00, real=0.00 secs] 
2024-07-05T12:43:54.686+0800: 6628.923: [GC (Allocation Failure) [PSYoungGen: 545472K->128K(524800K)] 822539K->277203K(999424K), 0.0022489 secs] [Times: user=0.01 sys=0.00, real=0.00 secs] 
2024-07-05T12:43:55.384+0800: 6629.621: [GC (Allocation Failure) [PSYoungGen: 524416K->160K(504832K)] 801491K->277235K(979456K), 0.0024096 secs] [Times: user=0.00 sys=0.00, real=0.00 secs] 
2024-07-05T12:43:55.976+0800: 6630.213: [GC (Allocation Failure) [PSYoungGen: 504480K->192K(485888K)] 781555K->277275K(960512K), 0.0027535 secs] [Times: user=0.01 sys=0.00, real=0.00 secs] 
2024-07-05T12:43:56.659+0800: 6630.896: [GC (Allocation Failure) [PSYoungGen: 485568K->96K(467968K)] 762651K->277187K(942592K), 0.0020804 secs] [Times: user=0.00 sys=0.00, real=0.01 secs] 
2024-07-05T12:43:57.314+0800: 6631.551: [GC (Allocation Failure) [PSYoungGen: 467552K->128K(450560K)] 744643K->277219K(925184K), 0.0019582 secs] [Times: user=0.01 sys=0.00, real=0.00 secs] 
2024-07-05T12:43:57.858+0800: 6632.095: [GC (Allocation Failure) [PSYoungGen: 450176K->208K(434176K)] 727267K->277307K(908800K), 0.0020014 secs] [Times: user=0.00 sys=0.00, real=0.00 secs] 
2024-07-05T12:43:58.367+0800: 6632.604: [GC (Allocation Failure) [PSYoungGen: 433872K->224K(418304K)] 710971K->277323K(892928K), 0.0028577 secs] [Times: user=0.01 sys=0.00, real=0.00 secs] 
2024-07-05T12:43:58.858+0800: 6633.095: [GC (Allocation Failure) [PSYoungGen: 418016K->256K(403456K)] 695115K->277363K(878080K), 0.0019529 secs] [Times: user=0.01 sys=0.00, real=0.00 secs] 
2024-07-05T12:43:59.285+0800: 6633.522: [GC (Allocation Failure) [PSYoungGen: 403200K->176K(389120K)] 680307K->277283K(863744K), 0.0019856 secs] [Times: user=0.00 sys=0.00, real=0.00 secs] 
2024-07-05T12:43:59.709+0800: 6633.946: [GC (Allocation Failure) [PSYoungGen: 388784K->256K(426496K)] 665891K->277371K(901120K), 0.0033382 secs] [Times: user=0.01 sys=0.00, real=0.00 secs] 
2024-07-05T12:44:00.188+0800: 6634.425: [GC (Allocation Failure) [PSYoungGen: 426240K->256K(466944K)] 703355K->277371K(941568K), 0.0021560 secs] [Times: user=0.00 sys=0.00, real=0.00 secs] 
2024-07-05T12:44:00.765+0800: 6635.002: [GC (Allocation Failure) [PSYoungGen: 466688K->160K(449536K)] 743803K->277283K(924160K), 0.0021018 secs] [Times: user=0.00 sys=0.00, real=0.00 secs] 
2024-07-05T12:44:01.273+0800: 6635.510: [GC (Allocation Failure) [PSYoungGen: 449184K->128K(433152K)] 726307K->277251K(907776K), 0.0022760 secs] [Times: user=0.01 sys=0.00, real=0.01 secs] 
2024-07-05T12:44:01.774+0800: 6636.011: [GC (Allocation Failure) [PSYoungGen: 432768K->192K(474112K)] 709891K->277323K(948736K), 0.0031251 secs] [Times: user=0.01 sys=0.00, real=0.00 secs] 
2024-07-05T12:44:02.370+0800: 6636.607: [GC (Allocation Failure) [PSYoungGen: 473792K->128K(519168K)] 750923K->277267K(993792K), 0.0032018 secs] [Times: user=0.00 sys=0.01, real=0.01 secs] 
2024-07-05T12:44:03.359+0800: 6637.596: [GC (Allocation Failure) [PSYoungGen: 518784K->64K(499200K)] 795923K->277211K(973824K), 0.0031884 secs] [Times: user=0.01 sys=0.00, real=0.01 secs] 
2024-07-05T12:44:05.053+0800: 6639.290: [GC (Allocation Failure) [PSYoungGen: 498752K->498K(545792K)] 775899K->280915K(1020416K), 0.0090691 secs] [Times: user=0.02 sys=0.00, real=0.02 secs] 
2024-07-05T12:44:06.342+0800: 6640.579: [GC (Allocation Failure) [PSYoungGen: 545778K->498K(596992K)] 826195K->281920K(1071616K), 0.0067521 secs] [Times: user=0.01 sys=0.00, real=0.00 secs] 
2024-07-05T12:44:07.638+0800: 6641.875: [GC (Allocation Failure) [PSYoungGen: 596978K->2025K(655360K)] 878400K->284239K(1129984K), 0.0071039 secs] [Times: user=0.01 sys=0.00, real=0.01 secs] 
2024-07-05T12:44:08.765+0800: 6643.002: [GC (Allocation Failure) [PSYoungGen: 655337K->2039K(720896K)] 937551K->285540K(1195520K), 0.0076226 secs] [Times: user=0.01 sys=0.00, real=0.00 secs] 
2024-07-05T12:44:09.913+0800: 6644.150: [GC (Allocation Failure) [PSYoungGen: 720887K->3560K(795136K)] 1004388K->287592K(1269760K), 0.0071831 secs] [Times: user=0.01 sys=0.00, real=0.00 secs] 
2024-07-05T12:44:11.273+0800: 6645.510: [GC (Allocation Failure) [PSYoungGen: 795112K->2037K(871936K)] 1079144K->288681K(1346560K), 0.0064096 secs] [Times: user=0.02 sys=0.00, real=0.01 secs] 
2024-07-05T12:44:12.741+0800: 6646.978: [GC (Allocation Failure) [PSYoungGen: 871925K->4318K(880640K)] 1158569K->290963K(1355264K), 0.0056371 secs] [Times: user=0.01 sys=0.01, real=0.00 secs] 
2024-07-05T12:44:14.238+0800: 6648.475: [GC (Allocation Failure) [PSYoungGen: 879326K->4499K(957952K)] 1165971K->291143K(1432576K), 0.0075913 secs] [Times: user=0.02 sys=0.00, real=0.01 secs] 
2024-07-05T12:44:15.822+0800: 6650.059: [GC (Allocation Failure) [PSYoungGen: 956307K->4076K(958464K)] 1242951K->290720K(1433088K), 0.0061609 secs] [Times: user=0.00 sys=0.00, real=0.00 secs] 
2024-07-05T12:44:17.364+0800: 6651.601: [GC (Allocation Failure) [PSYoungGen: 955884K->4516K(1040896K)] 1242528K->291168K(1515520K), 0.0073210 secs] [Times: user=0.01 sys=0.00, real=0.00 secs] 
2024-07-05T12:44:19.176+0800: 6653.413: [GC (Allocation Failure) [PSYoungGen: 1038756K->4532K(994304K)] 1325408K->291184K(1468928K), 0.0073391 secs] [Times: user=0.01 sys=0.00, real=0.01 secs] 
2024-07-05T12:44:21.030+0800: 6655.267: [GC (Allocation Failure) [PSYoungGen: 994228K->3557K(950784K)] 1280880K->291167K(1425408K), 0.0081704 secs] [Times: user=0.01 sys=0.00, real=0.01 secs] 
2024-07-05T12:44:22.723+0800: 6656.960: [GC (Allocation Failure) [PSYoungGen: 950757K->4201K(911360K)] 1238367K->291811K(1385984K), 0.0068938 secs] [Times: user=0.01 sys=0.00, real=0.00 secs] 
2024-07-05T12:44:24.203+0800: 6658.440: [GC (Allocation Failure) [PSYoungGen: 910953K->4934K(873472K)] 1198563K->292552K(1348096K), 0.0070270 secs] [Times: user=0.01 sys=0.00, real=0.00 secs] 
2024-07-05T12:44:25.557+0800: 6659.794: [GC (Allocation Failure) [PSYoungGen: 873286K->5123K(837120K)] 1160904K->292741K(1311744K), 0.0065171 secs] [Times: user=0.01 sys=0.00, real=0.01 secs] 
2024-07-05T12:44:26.924+0800: 6661.161: [GC (Allocation Failure) [PSYoungGen: 836611K->4582K(801280K)] 1124229K->292650K(1275904K), 0.0063846 secs] [Times: user=0.01 sys=0.00, real=0.00 secs] 
2024-07-05T12:44:28.321+0800: 6662.558: [GC (Allocation Failure) [PSYoungGen: 801254K->4428K(768000K)] 1089322K->292560K(1242624K), 0.0051648 secs] [Times: user=0.00 sys=0.00, real=0.01 secs] 
2024-07-05T12:44:29.521+0800: 6663.758: [GC (Allocation Failure) [PSYoungGen: 767820K->3898K(735744K)] 1055952K->292672K(1210368K), 0.0054676 secs] [Times: user=0.00 sys=0.00, real=0.00 secs] 
2024-07-05T12:44:30.928+0800: 6665.165: [GC (Allocation Failure) [PSYoungGen: 735546K->3346K(705024K)] 1024320K->292683K(1179648K), 0.0062855 secs] [Times: user=0.01 sys=0.00, real=0.01 secs] 
2024-07-05T12:44:32.670+0800: 6666.907: [GC (Allocation Failure) [PSYoungGen: 704786K->2955K(675840K)] 994123K->292619K(1150464K), 0.0056453 secs] [Times: user=0.00 sys=0.00, real=0.01 secs] 
2024-07-05T12:44:33.740+0800: 6667.977: [GC (Allocation Failure) [PSYoungGen: 675723K->2193K(648192K)] 965387K->291865K(1122816K), 0.0037153 secs] [Times: user=0.00 sys=0.00, real=0.01 secs] 
2024-07-05T12:44:34.874+0800: 6669.111: [GC (Allocation Failure) [PSYoungGen: 647825K->2683K(623104K)] 937497K->292675K(1097728K), 0.0048850 secs] [Times: user=0.01 sys=0.00, real=0.00 secs] 
2024-07-05T12:44:35.989+0800: 6670.226: [GC (Allocation Failure) [PSYoungGen: 622715K->2747K(598528K)] 912707K->292755K(1073152K), 0.0067341 secs] [Times: user=0.01 sys=0.00, real=0.01 secs] 
2024-07-05T12:44:37.024+0800: 6671.261: [GC (Allocation Failure) [PSYoungGen: 598203K->2609K(574976K)] 888211K->292624K(1049600K), 0.0043778 secs] [Times: user=0.01 sys=0.00, real=0.00 secs] 
2024-07-05T12:44:38.040+0800: 6672.277: [GC (Allocation Failure) [PSYoungGen: 574513K->2611K(552960K)] 864528K->292643K(1027584K), 0.0040392 secs] [Times: user=0.01 sys=0.00, real=0.01 secs] 
2024-07-05T12:44:38.976+0800: 6673.213: [GC (Allocation Failure) [PSYoungGen: 552499K->2594K(604160K)] 842531K->292634K(1078784K), 0.0063936 secs] [Times: user=0.00 sys=0.00, real=0.01 secs] 
2024-07-05T12:44:40.004+0800: 6674.241: [GC (Allocation Failure) [PSYoungGen: 603682K->2235K(662016K)] 893722K->292766K(1136640K), 0.0064534 secs] [Times: user=0.01 sys=0.00, real=0.00 secs] 
2024-07-05T12:44:41.279+0800: 6675.516: [GC (Allocation Failure) [PSYoungGen: 661691K->2198K(723456K)] 952222K->292768K(1198080K), 0.0049608 secs] [Times: user=0.00 sys=0.00, real=0.01 secs] 
2024-07-05T12:44:42.719+0800: 6676.956: [GC (Allocation Failure) [PSYoungGen: 723094K->2057K(693760K)] 1013664K->292635K(1168384K), 0.0040267 secs] [Times: user=0.01 sys=0.00, real=0.01 secs] 
2024-07-05T12:44:44.058+0800: 6678.295: [GC (Allocation Failure) [PSYoungGen: 693257K->2121K(665600K)] 983835K->292707K(1140224K), 0.0042093 secs] [Times: user=0.01 sys=0.00, real=0.01 secs] 
2024-07-05T12:44:45.355+0800: 6679.592: [GC (Allocation Failure) [PSYoungGen: 665161K->2123K(638976K)] 955747K->292718K(1113600K), 0.0038105 secs] [Times: user=0.01 sys=0.00, real=0.00 secs] 
2024-07-05T12:44:46.551+0800: 6680.788: [GC (Allocation Failure) [PSYoungGen: 638539K->2169K(613376K)] 929134K->292771K(1088000K), 0.0071426 secs] [Times: user=0.00 sys=0.00, real=0.01 secs] 
2024-07-05T12:44:47.726+0800: 6681.963: [GC (Allocation Failure) [PSYoungGen: 612985K->2189K(589312K)] 903587K->292799K(1063936K), 0.0044481 secs] [Times: user=0.01 sys=0.00, real=0.00 secs] 
2024-07-05T12:44:48.842+0800: 6683.079: [GC (Allocation Failure) [PSYoungGen: 588941K->2123K(566272K)] 879551K->292742K(1040896K), 0.0065845 secs] [Times: user=0.00 sys=0.00, real=0.00 secs] 
2024-07-05T12:44:49.911+0800: 6684.148: [GC (Allocation Failure) [PSYoungGen: 565835K->2118K(544256K)] 856454K->292744K(1018880K), 0.0044161 secs] [Times: user=0.01 sys=0.00, real=0.01 secs] 
2024-07-05T12:44:51.018+0800: 6685.254: [GC (Allocation Failure) [PSYoungGen: 543814K->2041K(522752K)] 834440K->292667K(997376K), 0.0042981 secs] [Times: user=0.00 sys=0.00, real=0.01 secs] 
2024-07-05T12:44:51.992+0800: 6686.229: [GC (Allocation Failure) [PSYoungGen: 522745K->2173K(571392K)] 813371K->292807K(1046016K), 0.0063347 secs] [Times: user=0.01 sys=0.00, real=0.01 secs] 
2024-07-05T12:44:53.040+0800: 6687.277: [GC (Allocation Failure) [PSYoungGen: 571005K->2201K(549376K)] 861639K->292843K(1024000K), 0.0038694 secs] [Times: user=0.00 sys=0.00, real=0.01 secs] 
2024-07-05T12:44:54.133+0800: 6688.370: [GC (Allocation Failure) [PSYoungGen: 549017K->983K(526848K)] 839659K->291633K(1001472K), 0.0043194 secs] [Times: user=0.00 sys=0.00, real=0.01 secs] 
2024-07-05T12:44:55.157+0800: 6689.394: [GC (Allocation Failure) [PSYoungGen: 526807K->2123K(578560K)] 817457K->292782K(1053184K), 0.0075104 secs] [Times: user=0.00 sys=0.00, real=0.01 secs] 
2024-07-05T12:44:56.221+0800: 6690.458: [GC (Allocation Failure) [PSYoungGen: 578123K->2123K(631296K)] 868782K->292782K(1105920K), 0.0040936 secs] [Times: user=0.01 sys=0.01, real=0.01 secs] 
2024-07-05T12:44:57.376+0800: 6691.613: [GC (Allocation Failure) [PSYoungGen: 630859K->2283K(606208K)] 921518K->292950K(1080832K), 0.0046179 secs] [Times: user=0.00 sys=0.00, real=0.00 secs] 
2024-07-05T12:44:58.581+0800: 6692.817: [GC (Allocation Failure) [PSYoungGen: 605931K->1873K(582144K)] 896598K->292547K(1056768K), 0.0042124 secs] [Times: user=0.01 sys=0.00, real=0.01 secs] 
2024-07-05T12:44:59.620+0800: 6693.857: [GC (Allocation Failure) [PSYoungGen: 581969K->2075K(636928K)] 872643K->292758K(1111552K), 0.0069724 secs] [Times: user=0.01 sys=0.00, real=0.01 secs] 
2024-07-05T12:45:00.622+0800: 6694.859: [GC (Allocation Failure) [PSYoungGen: 636443K->2235K(611840K)] 927126K->292926K(1086464K), 0.0039662 secs] [Times: user=0.00 sys=0.00, real=0.00 secs] 
2024-07-05T12:45:01.672+0800: 6695.909: [GC (Allocation Failure) [PSYoungGen: 611515K->2027K(587264K)] 902206K->292726K(1061888K), 0.0034364 secs] [Times: user=0.00 sys=0.00, real=0.01 secs] 
2024-07-05T12:45:02.708+0800: 6696.945: [GC (Allocation Failure) [PSYoungGen: 587243K->2059K(564736K)] 877942K->292758K(1039360K), 0.0032321 secs] [Times: user=0.00 sys=0.00, real=0.00 secs] 
2024-07-05T12:45:03.597+0800: 6697.834: [GC (Allocation Failure) [PSYoungGen: 564235K->2043K(542208K)] 854934K->292750K(1016832K), 0.0043407 secs] [Times: user=0.00 sys=0.01, real=0.01 secs] 
2024-07-05T12:45:04.460+0800: 6698.697: [GC (Allocation Failure) [PSYoungGen: 542203K->2155K(521728K)] 832910K->292870K(996352K), 0.0036997 secs] [Times: user=0.00 sys=0.00, real=0.01 secs] 
2024-07-05T12:45:05.262+0800: 6699.499: [GC (Allocation Failure) [PSYoungGen: 521323K->2203K(501760K)] 812038K->292926K(976384K), 0.0040010 secs] [Times: user=0.01 sys=0.00, real=0.00 secs] 
2024-07-05T12:45:06.144+0800: 6700.381: [GC (Allocation Failure) [PSYoungGen: 501403K->2073K(482816K)] 792126K->292795K(957440K), 0.0050210 secs] [Times: user=0.00 sys=0.00, real=0.00 secs] 
2024-07-05T12:45:06.908+0800: 6701.145: [GC (Allocation Failure) [PSYoungGen: 482329K->1526K(526848K)] 773051K->292894K(1001472K), 0.0042732 secs] [Times: user=0.01 sys=0.00, real=0.00 secs] 
2024-07-05T12:45:07.785+0800: 6702.021: [GC (Allocation Failure) [PSYoungGen: 526838K->2538K(579584K)] 818206K->293906K(1054208K), 0.0058552 secs] [Times: user=0.01 sys=0.00, real=0.00 secs] 
2024-07-05T12:45:08.800+0800: 6703.037: [GC (Allocation Failure) [PSYoungGen: 579562K->2290K(634880K)] 870930K->293657K(1109504K), 0.0045273 secs] [Times: user=0.01 sys=0.00, real=0.01 secs] 
2024-07-05T12:45:09.836+0800: 6704.073: [GC (Allocation Failure) [PSYoungGen: 634610K->2543K(694272K)] 925977K->293911K(1168896K), 0.0047248 secs] [Times: user=0.00 sys=0.00, real=0.00 secs] 
2024-07-05T12:45:11.054+0800: 6705.291: [GC (Allocation Failure) [PSYoungGen: 694255K->1528K(665088K)] 985623K->293959K(1139712K), 0.0043562 secs] [Times: user=0.01 sys=0.00, real=0.00 secs] 
2024-07-05T12:45:12.310+0800: 6706.547: [GC (Allocation Failure) [PSYoungGen: 665080K->3066K(730112K)] 957511K->295613K(1204736K), 0.0081269 secs] [Times: user=0.01 sys=0.00, real=0.01 secs] 
2024-07-05T12:45:13.567+0800: 6707.804: [GC (Allocation Failure) [PSYoungGen: 730106K->2041K(796160K)] 1022653K->296106K(1270784K), 0.0049194 secs] [Times: user=0.01 sys=0.00, real=0.00 secs] 
2024-07-05T12:45:15.055+0800: 6709.292: [GC (Allocation Failure) [PSYoungGen: 796153K->3941K(871424K)] 1090218K->298006K(1346048K), 0.0069946 secs] [Times: user=0.01 sys=0.00, real=0.01 secs] 
2024-07-05T12:45:16.578+0800: 6710.815: [GC (Allocation Failure) [PSYoungGen: 871269K->2551K(938496K)] 1165334K->298024K(1413120K), 0.0067289 secs] [Times: user=0.01 sys=0.01, real=0.01 secs] 
2024-07-05T12:45:18.107+0800: 6712.344: [GC (Allocation Failure) [PSYoungGen: 938487K->4594K(940544K)] 1233960K->300068K(1415168K), 0.0083434 secs] [Times: user=0.01 sys=0.00, real=0.01 secs] 
2024-07-05T12:45:19.574+0800: 6713.811: [GC (Allocation Failure) [PSYoungGen: 940530K->4093K(900096K)] 1236004K->299566K(1374720K), 0.0055870 secs] [Times: user=0.01 sys=0.00, real=0.00 secs] 
2024-07-05T12:45:20.910+0800: 6715.146: [GC (Allocation Failure) [PSYoungGen: 900093K->4043K(862208K)] 1195566K->299516K(1336832K), 0.0053149 secs] [Times: user=0.01 sys=0.00, real=0.01 secs] 
2024-07-05T12:45:22.207+0800: 6716.444: [GC (Allocation Failure) [PSYoungGen: 862155K->3571K(941568K)] 1157628K->300058K(1416192K), 0.0076353 secs] [Times: user=0.01 sys=0.00, real=0.01 secs] 
2024-07-05T12:45:23.714+0800: 6717.951: [GC (Allocation Failure) [PSYoungGen: 941555K->5127K(1022976K)] 1238042K->301613K(1497600K), 0.0065999 secs] [Times: user=0.01 sys=0.00, real=0.01 secs] 
2024-07-05T12:45:25.473+0800: 6719.710: [GC (Allocation Failure) [PSYoungGen: 1022471K->5122K(1029632K)] 1318957K->301609K(1504256K), 0.0085032 secs] [Times: user=0.01 sys=0.00, real=0.01 secs] 
2024-07-05T12:45:27.017+0800: 6721.254: [GC (Allocation Failure) [PSYoungGen: 1028610K->3994K(983552K)] 1325097K->300882K(1458176K), 0.0065773 secs] [Times: user=0.01 sys=0.00, real=0.01 secs] 
2024-07-05T12:45:28.468+0800: 6722.705: [GC (Allocation Failure) [PSYoungGen: 983450K->3067K(1024000K)] 1280338K->301769K(1498624K), 0.0070363 secs] [Times: user=0.02 sys=0.00, real=0.01 secs] 
2024-07-05T12:45:30.102+0800: 6724.339: [GC (Allocation Failure) [PSYoungGen: 1023995K->5287K(982528K)] 1322697K->303996K(1457152K), 0.0067516 secs] [Times: user=0.01 sys=0.00, real=0.00 secs] 
2024-07-05T12:45:31.678+0800: 6725.915: [GC (Allocation Failure) [PSYoungGen: 982183K->1527K(936448K)] 1280892K->304034K(1411072K), 0.0065625 secs] [Times: user=0.01 sys=0.00, real=0.01 secs] 
2024-07-05T12:45:33.109+0800: 6727.346: [GC (Allocation Failure) [PSYoungGen: 936439K->2033K(897024K)] 1238946K->305618K(1371648K), 0.0057143 secs] [Times: user=0.01 sys=0.00, real=0.01 secs] 
2024-07-05T12:45:34.465+0800: 6728.702: [GC (Allocation Failure) [PSYoungGen: 897009K->2707K(860160K)] 1200594K->306292K(1334784K), 0.0043980 secs] [Times: user=0.01 sys=0.00, real=0.00 secs] 
2024-07-05T12:45:36.076+0800: 6730.313: [GC (Allocation Failure) [PSYoungGen: 859795K->2795K(824320K)] 1163380K->306490K(1298944K), 0.0048351 secs] [Times: user=0.01 sys=0.01, real=0.01 secs] 
2024-07-05T12:45:37.436+0800: 6731.673: [GC (Allocation Failure) [PSYoungGen: 824043K->2865K(790016K)] 1127738K->306567K(1264640K), 0.0049747 secs] [Times: user=0.01 sys=0.00, real=0.01 secs] 
2024-07-05T12:45:38.884+0800: 6733.121: [GC (Allocation Failure) [PSYoungGen: 789809K->2441K(756736K)] 1093511K->306490K(1231360K), 0.0043247 secs] [Times: user=0.01 sys=0.00, real=0.00 secs] 
2024-07-05T12:45:40.141+0800: 6734.378: [GC (Allocation Failure) [PSYoungGen: 756617K->2470K(725504K)] 1060666K->306528K(1200128K), 0.0045225 secs] [Times: user=0.01 sys=0.00, real=0.00 secs] 
2024-07-05T12:45:41.360+0800: 6735.597: [GC (Allocation Failure) [PSYoungGen: 725414K->2377K(695808K)] 1029472K->306434K(1170432K), 0.0044835 secs] [Times: user=0.01 sys=0.00, real=0.01 secs] 
2024-07-05T12:45:42.646+0800: 6736.883: [GC (Allocation Failure) [PSYoungGen: 695625K->965K(666112K)] 999682K->305023K(1140736K), 0.0037995 secs] [Times: user=0.00 sys=0.00, real=0.00 secs] 
2024-07-05T12:45:43.969+0800: 6738.206: [GC (Allocation Failure) [PSYoungGen: 666053K->2454K(645120K)] 970111K->306512K(1119744K), 0.0055502 secs] [Times: user=0.01 sys=0.00, real=0.01 secs] 
2024-07-05T12:45:45.035+0800: 6739.272: [GC (Allocation Failure) [PSYoungGen: 640918K->2398K(615424K)] 944976K->306455K(1090048K), 0.0050874 secs] [Times: user=0.01 sys=0.00, real=0.00 secs] 
2024-07-05T12:45:45.970+0800: 6740.207: [GC (Allocation Failure) [PSYoungGen: 615262K->2507K(672768K)] 919319K->306565K(1147392K), 0.0075824 secs] [Times: user=0.01 sys=0.00, real=0.01 secs] 
2024-07-05T12:45:47.086+0800: 6741.323: [GC (Allocation Failure) [PSYoungGen: 672715K->2329K(735232K)] 976773K->306386K(1209856K), 0.0053125 secs] [Times: user=0.01 sys=0.00, real=0.00 secs] 
2024-07-05T12:45:48.318+0800: 6742.555: [GC (Allocation Failure) [PSYoungGen: 735001K->2345K(705024K)] 1039058K->306402K(1179648K), 0.0040656 secs] [Times: user=0.00 sys=0.00, real=0.01 secs] 
2024-07-05T12:45:49.538+0800: 6743.775: [GC (Allocation Failure) [PSYoungGen: 704809K->2494K(769536K)] 1008866K->306551K(1244160K), 0.0068512 secs] [Times: user=0.01 sys=0.00, real=0.01 secs] 
2024-07-05T12:45:50.698+0800: 6744.935: [GC (Allocation Failure) [PSYoungGen: 769470K->2443K(737792K)] 1073527K->306509K(1212416K), 0.0046481 secs] [Times: user=0.01 sys=0.00, real=0.01 secs] 
2024-07-05T12:45:52.045+0800: 6746.282: [GC (Allocation Failure) [PSYoungGen: 737675K->2091K(707584K)] 1041741K->306437K(1182208K), 0.0045573 secs] [Times: user=0.01 sys=0.00, real=0.00 secs] 
2024-07-05T12:45:53.296+0800: 6747.533: [GC (Allocation Failure) [PSYoungGen: 707115K->829K(677376K)] 1011461K->305182K(1152000K), 0.0029488 secs] [Times: user=0.01 sys=0.00, real=0.00 secs] 
2024-07-05T12:45:54.336+0800: 6748.573: [GC (Allocation Failure) [PSYoungGen: 677181K->2182K(741376K)] 981534K->306544K(1216000K), 0.0082025 secs] [Times: user=0.01 sys=0.00, real=0.01 secs] 
2024-07-05T12:45:55.525+0800: 6749.762: [GC (Allocation Failure) [PSYoungGen: 740998K->2107K(711168K)] 1045360K->306485K(1185792K), 0.0038937 secs] [Times: user=0.00 sys=0.00, real=0.00 secs] 
2024-07-05T12:45:56.613+0800: 6750.850: [GC (Allocation Failure) [PSYoungGen: 710715K->2233K(682496K)] 1015093K->306618K(1157120K), 0.0057323 secs] [Times: user=0.01 sys=0.00, real=0.00 secs] 
2024-07-05T12:45:57.850+0800: 6752.087: [GC (Allocation Failure) [PSYoungGen: 682169K->2189K(745472K)] 986554K->306582K(1220096K), 0.0068643 secs] [Times: user=0.01 sys=0.00, real=0.01 secs] 
2024-07-05T12:45:59.018+0800: 6753.255: [GC (Allocation Failure) [PSYoungGen: 745101K->2171K(814592K)] 1049494K->306573K(1289216K), 0.0058491 secs] [Times: user=0.01 sys=0.00, real=0.01 secs] 
2024-07-05T12:46:00.478+0800: 6754.715: [GC (Allocation Failure) [PSYoungGen: 814203K->2025K(780288K)] 1118605K->306442K(1254912K), 0.0057166 secs] [Times: user=0.01 sys=0.00, real=0.01 secs] 
2024-07-05T12:46:01.803+0800: 6756.040: [GC (Allocation Failure) [PSYoungGen: 780265K->2155K(748544K)] 1084682K->306573K(1223168K), 0.0040098 secs] [Times: user=0.01 sys=0.00, real=0.00 secs] 
2024-07-05T12:46:02.972+0800: 6757.209: [GC (Allocation Failure) [PSYoungGen: 748139K->2171K(717824K)] 1052557K->306597K(1192448K), 0.0062836 secs] [Times: user=0.01 sys=0.00, real=0.01 secs] 
2024-07-05T12:46:04.111+0800: 6758.348: [GC (Allocation Failure) [PSYoungGen: 717435K->2153K(688640K)] 1021861K->306586K(1163264K), 0.0051089 secs] [Times: user=0.01 sys=0.00, real=0.01 secs] 
2024-07-05T12:46:05.310+0800: 6759.547: [GC (Allocation Failure) [PSYoungGen: 688233K->2091K(660992K)] 992666K->306533K(1135616K), 0.0055530 secs] [Times: user=0.01 sys=0.00, real=0.01 secs] 
2024-07-05T12:46:06.383+0800: 6760.620: [GC (Allocation Failure) [PSYoungGen: 660523K->2267K(634368K)] 964965K->306717K(1108992K), 0.0055331 secs] [Times: user=0.01 sys=0.00, real=0.00 secs] 
2024-07-05T12:46:07.407+0800: 6761.644: [GC (Allocation Failure) [PSYoungGen: 634075K->1246K(608256K)] 938525K->305703K(1082880K), 0.0036599 secs] [Times: user=0.01 sys=0.00, real=0.00 secs] 
2024-07-05T12:46:08.415+0800: 6762.652: [GC (Allocation Failure) [PSYoungGen: 607966K->2201K(585216K)] 912423K->306666K(1059840K), 0.0053895 secs] [Times: user=0.01 sys=0.00, real=0.00 secs] 
2024-07-05T12:46:09.360+0800: 6763.597: [GC (Allocation Failure) [PSYoungGen: 584857K->2150K(641024K)] 889322K->306624K(1115648K), 0.0063000 secs] [Times: user=0.00 sys=0.00, real=0.01 secs] 
2024-07-05T12:46:10.394+0800: 6764.631: [GC (Allocation Failure) [PSYoungGen: 640614K->2086K(704000K)] 945088K->306568K(1178624K), 0.0066116 secs] [Times: user=0.01 sys=0.00, real=0.00 secs] 
2024-07-05T12:46:11.438+0800: 6765.675: [GC (Allocation Failure) [PSYoungGen: 703526K->2091K(771072K)] 1008008K->306573K(1245696K), 0.0044376 secs] [Times: user=0.01 sys=0.00, real=0.01 secs] 
2024-07-05T12:46:12.663+0800: 6766.900: [GC (Allocation Failure) [PSYoungGen: 770603K->2073K(843264K)] 1075085K->306562K(1317888K), 0.0060991 secs] [Times: user=0.00 sys=0.00, real=0.00 secs] 
2024-07-05T12:46:14.108+0800: 6768.345: [GC (Allocation Failure) [PSYoungGen: 842777K->2070K(922624K)] 1147266K->306568K(1397248K), 0.0108458 secs] [Times: user=0.01 sys=0.01, real=0.01 secs] 
2024-07-05T12:46:15.631+0800: 6769.867: [GC (Allocation Failure) [PSYoungGen: 922134K->1507K(882688K)] 1226632K->306674K(1357312K), 0.0045280 secs] [Times: user=0.00 sys=0.00, real=0.01 secs] 
2024-07-05T12:46:17.113+0800: 6771.350: [GC (Allocation Failure) [PSYoungGen: 882659K->2543K(846336K)] 1187826K->307710K(1320960K), 0.0041594 secs] [Times: user=0.01 sys=0.00, real=0.01 secs] 
2024-07-05T12:46:18.452+0800: 6772.689: [GC (Allocation Failure) [PSYoungGen: 846319K->2549K(811008K)] 1151486K->307785K(1285632K), 0.0044995 secs] [Times: user=0.01 sys=0.00, real=0.01 secs] 
2024-07-05T12:46:19.760+0800: 6773.997: [GC (Allocation Failure) [PSYoungGen: 810997K->3053K(777728K)] 1116233K->308374K(1252352K), 0.0048950 secs] [Times: user=0.00 sys=0.00, real=0.01 secs] 
2024-07-05T12:46:21.088+0800: 6775.325: [GC (Allocation Failure) [PSYoungGen: 777709K->1011K(743424K)] 1083030K->308693K(1218048K), 0.0045034 secs] [Times: user=0.01 sys=0.00, real=0.00 secs] 
2024-07-05T12:46:22.318+0800: 6776.555: [GC (Allocation Failure) [PSYoungGen: 743411K->3519K(715264K)] 1051093K->311201K(1189888K), 0.0056631 secs] [Times: user=0.01 sys=0.00, real=0.01 secs] 
2024-07-05T12:46:23.494+0800: 6777.731: [GC (Allocation Failure) [PSYoungGen: 715199K->3058K(685568K)] 1022881K->311046K(1160192K), 0.0072133 secs] [Times: user=0.01 sys=0.00, real=0.00 secs] 
2024-07-05T12:46:24.650+0800: 6778.887: [GC (Allocation Failure) [PSYoungGen: 685554K->4020K(658944K)] 993542K->312008K(1133568K), 0.0059752 secs] [Times: user=0.01 sys=0.00, real=0.01 secs] 
2024-07-05T12:46:25.842+0800: 6780.079: [GC (Allocation Failure) [PSYoungGen: 658868K->1508K(717312K)] 966856K->311867K(1191936K), 0.0063143 secs] [Times: user=0.01 sys=0.00, real=0.00 secs] 
2024-07-05T12:46:27.000+0800: 6781.237: [GC (Allocation Failure) [PSYoungGen: 717284K->4077K(788480K)] 1027643K->314436K(1263104K), 0.0068269 secs] [Times: user=0.01 sys=0.00, real=0.01 secs] 
2024-07-05T12:46:28.298+0800: 6782.535: [GC (Allocation Failure) [PSYoungGen: 788461K->3981K(864768K)] 1098820K->314340K(1339392K), 0.0073912 secs] [Times: user=0.01 sys=0.00, real=0.01 secs] 
2024-07-05T12:46:29.694+0800: 6783.931: [GC (Allocation Failure) [PSYoungGen: 864653K->4016K(938496K)] 1175012K->314375K(1413120K), 0.0080112 secs] [Times: user=0.01 sys=0.00, real=0.01 secs] 
2024-07-05T12:46:31.142+0800: 6785.379: [GC (Allocation Failure) [PSYoungGen: 937392K->3565K(950784K)] 1247751K->313924K(1425408K), 0.0080468 secs] [Times: user=0.01 sys=0.00, real=0.00 secs] 
2024-07-05T12:46:32.608+0800: 6786.845: [GC (Allocation Failure) [PSYoungGen: 948717K->3570K(950784K)] 1259076K->314306K(1425408K), 0.0089357 secs] [Times: user=0.01 sys=0.00, real=0.01 secs] 
2024-07-05T12:46:34.046+0800: 6788.283: [GC (Allocation Failure) [PSYoungGen: 948722K->1792K(1036288K)] 1259458K->312568K(1510912K), 0.0039573 secs] [Times: user=0.01 sys=0.00, real=0.00 secs] 
2024-07-05T12:46:35.708+0800: 6789.945: [GC (Allocation Failure) [PSYoungGen: 1035520K->3602K(993280K)] 1346296K->314377K(1467904K), 0.0057427 secs] [Times: user=0.01 sys=0.00, real=0.01 secs] 
2024-07-05T12:46:37.496+0800: 6791.733: [GC (Allocation Failure) [PSYoungGen: 992786K->3578K(950272K)] 1303561K->314353K(1424896K), 0.0081536 secs] [Times: user=0.01 sys=0.01, real=0.01 secs] 
2024-07-05T12:46:39.086+0800: 6793.323: [GC (Allocation Failure) [PSYoungGen: 950266K->3082K(909824K)] 1261041K->314332K(1384448K), 0.0060707 secs] [Times: user=0.01 sys=0.00, real=0.00 secs] 
2024-07-05T12:46:40.545+0800: 6794.782: [GC (Allocation Failure) [PSYoungGen: 909322K->2349K(870400K)] 1220572K->313599K(1345024K), 0.0047972 secs] [Times: user=0.01 sys=0.00, real=0.00 secs] 
2024-07-05T12:46:41.998+0800: 6796.235: [GC (Allocation Failure) [PSYoungGen: 870189K->2972K(834560K)] 1181439K->314231K(1309184K), 0.0056411 secs] [Times: user=0.01 sys=0.00, real=0.01 secs] 
2024-07-05T12:46:43.593+0800: 6797.830: [GC (Allocation Failure) [PSYoungGen: 834460K->2909K(941568K)] 1145719K->314407K(1416192K), 0.0449190 secs] [Times: user=0.01 sys=0.00, real=0.04 secs] 
2024-07-05T12:46:45.250+0800: 6799.487: [GC (Allocation Failure) [PSYoungGen: 941405K->2507K(1028096K)] 1252903K->314399K(1502720K), 0.0070672 secs] [Times: user=0.01 sys=0.00, real=0.01 secs] 
2024-07-05T12:46:47.035+0800: 6801.272: [GC (Allocation Failure) [PSYoungGen: 1025483K->2073K(1042944K)] 1337375K->314364K(1517568K), 0.0060070 secs] [Times: user=0.01 sys=0.00, real=0.00 secs] 
2024-07-05T12:46:48.745+0800: 6802.982: [GC (Allocation Failure) [PSYoungGen: 1040921K->1372K(1043456K)] 1353212K->313671K(1518080K), 0.0037729 secs] [Times: user=0.00 sys=0.00, real=0.00 secs] 
2024-07-05T12:46:50.359+0800: 6804.595: [GC (Allocation Failure) [PSYoungGen: 1040220K->2198K(1043456K)] 1352519K->314505K(1518080K), 0.0055464 secs] [Times: user=0.01 sys=0.00, real=0.01 secs] 
2024-07-05T12:46:52.134+0800: 6806.371: [GC (Allocation Failure) [PSYoungGen: 1041046K->2086K(1043456K)] 1353353K->314401K(1518080K), 0.0054351 secs] [Times: user=0.01 sys=0.00, real=0.00 secs] 
2024-07-05T12:46:53.938+0800: 6808.175: [GC (Allocation Failure) [PSYoungGen: 1040934K->2107K(996352K)] 1353249K->314423K(1470976K), 0.0062269 secs] [Times: user=0.00 sys=0.00, real=0.01 secs] 
2024-07-05T12:46:55.458+0800: 6809.695: [GC (Allocation Failure) [PSYoungGen: 995899K->2214K(953344K)] 1308215K->314529K(1427968K), 0.0054442 secs] [Times: user=0.00 sys=0.00, real=0.01 secs] 
2024-07-05T12:46:56.893+0800: 6811.130: [GC (Allocation Failure) [PSYoungGen: 952998K->2125K(912896K)] 1265313K->314440K(1387520K), 0.0070182 secs] [Times: user=0.01 sys=0.00, real=0.01 secs] 
2024-07-05T12:46:58.361+0800: 6812.598: [GC (Allocation Failure) [PSYoungGen: 912461K->2153K(873984K)] 1224776K->314476K(1348608K), 0.0058282 secs] [Times: user=0.01 sys=0.00, real=0.00 secs] 
2024-07-05T12:47:00.109+0800: 6814.346: [GC (Allocation Failure) [PSYoungGen: 873577K->2246K(837120K)] 1185900K->314577K(1311744K), 0.0050341 secs] [Times: user=0.01 sys=0.00, real=0.01 secs] 
2024-07-05T12:47:01.878+0800: 6816.115: [GC (Allocation Failure) [PSYoungGen: 836806K->2123K(802304K)] 1149137K->314463K(1276928K), 0.0060325 secs] [Times: user=0.01 sys=0.00, real=0.01 secs] 
2024-07-05T12:47:03.416+0800: 6817.653: [GC (Allocation Failure) [PSYoungGen: 801867K->2141K(769024K)] 1114207K->314488K(1243648K), 0.0045455 secs] [Times: user=0.00 sys=0.00, real=0.00 secs] 
2024-07-05T12:47:04.979+0800: 6819.216: [GC (Allocation Failure) [PSYoungGen: 768605K->2011K(736768K)] 1080952K->314367K(1211392K), 0.0039298 secs] [Times: user=0.00 sys=0.00, real=0.01 secs] 
2024-07-05T12:47:06.438+0800: 6820.675: [GC (Allocation Failure) [PSYoungGen: 736731K->2150K(707072K)] 1049087K->314513K(1181696K), 0.0044989 secs] [Times: user=0.01 sys=0.00, real=0.01 secs] 
2024-07-05T12:47:07.905+0800: 6822.142: [GC (Allocation Failure) [PSYoungGen: 706662K->2262K(678400K)] 1019025K->314633K(1153024K), 0.0064407 secs] [Times: user=0.01 sys=0.00, real=0.00 secs] 
2024-07-05T12:47:09.217+0800: 6823.454: [GC (Allocation Failure) [PSYoungGen: 678102K->2217K(651264K)] 990473K->314596K(1125888K), 0.0061310 secs] [Times: user=0.01 sys=0.00, real=0.01 secs] 
2024-07-05T12:47:10.400+0800: 6824.637: [GC (Allocation Failure) [PSYoungGen: 650921K->2206K(625152K)] 963300K->314593K(1099776K), 0.0069384 secs] [Times: user=0.01 sys=0.00, real=0.01 secs] 
2024-07-05T12:47:11.690+0800: 6825.927: [GC (Allocation Failure) [PSYoungGen: 624798K->2081K(683520K)] 937185K->314477K(1158144K), 0.0083334 secs] [Times: user=0.01 sys=0.00, real=0.01 secs] 
2024-07-05T12:47:12.995+0800: 6827.232: [GC (Allocation Failure) [PSYoungGen: 683041K->935K(654336K)] 995437K->313338K(1128960K), 0.0029486 secs] [Times: user=0.00 sys=0.00, real=0.00 secs] 
2024-07-05T12:47:14.235+0800: 6828.472: [GC (Allocation Failure) [PSYoungGen: 654247K->2059K(629760K)] 966650K->314471K(1104384K), 0.0065413 secs] [Times: user=0.00 sys=0.00, real=0.01 secs] 
2024-07-05T12:47:15.430+0800: 6829.667: [GC (Allocation Failure) [PSYoungGen: 629259K->2297K(604672K)] 941671K->314716K(1079296K), 0.0048665 secs] [Times: user=0.01 sys=0.00, real=0.01 secs] 
2024-07-05T12:47:16.606+0800: 6830.843: [GC (Allocation Failure) [PSYoungGen: 604409K->2107K(581120K)] 916828K->314535K(1055744K), 0.0040668 secs] [Times: user=0.01 sys=0.00, real=0.00 secs] 
2024-07-05T12:47:17.709+0800: 6831.946: [GC (Allocation Failure) [PSYoungGen: 580667K->2155K(558592K)] 893095K->314591K(1033216K), 0.0041650 secs] [Times: user=0.01 sys=0.00, real=0.00 secs] 
2024-07-05T12:47:18.808+0800: 6833.045: [GC (Allocation Failure) [PSYoungGen: 558187K->2187K(537088K)] 870623K->314631K(1011712K), 0.0046617 secs] [Times: user=0.01 sys=0.00, real=0.00 secs] 
2024-07-05T12:47:19.729+0800: 6833.966: [GC (Allocation Failure) [PSYoungGen: 536715K->2109K(516608K)] 849159K->314560K(991232K), 0.0043813 secs] [Times: user=0.00 sys=0.00, real=0.01 secs] 
2024-07-05T12:47:20.676+0800: 6834.913: [GC (Allocation Failure) [PSYoungGen: 516157K->1526K(564224K)] 828608K->314699K(1038848K), 0.0066025 secs] [Times: user=0.01 sys=0.00, real=0.01 secs] 
2024-07-05T12:47:21.826+0800: 6836.063: [GC (Allocation Failure) [PSYoungGen: 564214K->1446K(542208K)] 877387K->314619K(1016832K), 0.0042059 secs] [Times: user=0.00 sys=0.00, real=0.00 secs] 
2024-07-05T12:47:22.896+0800: 6837.133: [GC (Allocation Failure) [PSYoungGen: 542118K->2588K(594944K)] 855291K->315761K(1069568K), 0.0063022 secs] [Times: user=0.01 sys=0.00, real=0.01 secs] 
2024-07-05T12:47:23.910+0800: 6838.147: [GC (Allocation Failure) [PSYoungGen: 594460K->2522K(649216K)] 907633K->315695K(1123840K), 0.0043041 secs] [Times: user=0.00 sys=0.00, real=0.01 secs] 
2024-07-05T12:47:25.145+0800: 6839.382: [GC (Allocation Failure) [PSYoungGen: 649178K->998K(713216K)] 962351K->315791K(1187840K), 0.0102745 secs] [Times: user=0.00 sys=0.00, real=0.01 secs] 
2024-07-05T12:47:26.506+0800: 6840.743: [GC (Allocation Failure) [PSYoungGen: 713190K->3234K(786944K)] 1027983K->318026K(1261568K), 0.0069437 secs] [Times: user=0.01 sys=0.00, real=0.00 secs] 
2024-07-05T12:47:27.927+0800: 6842.164: [GC (Allocation Failure) [PSYoungGen: 786594K->3058K(864256K)] 1101386K->318029K(1338880K), 0.0077244 secs] [Times: user=0.01 sys=0.00, real=0.01 secs] 
2024-07-05T12:47:29.546+0800: 6843.783: [GC (Allocation Failure) [PSYoungGen: 864242K->3103K(945152K)] 1179213K->318074K(1419776K), 0.0045973 secs] [Times: user=0.01 sys=0.00, real=0.00 secs] 
2024-07-05T12:47:31.280+0800: 6845.517: [GC (Allocation Failure) [PSYoungGen: 944671K->2020K(903168K)] 1259642K->318237K(1377792K), 0.0057643 secs] [Times: user=0.01 sys=0.00, real=0.01 secs] 
2024-07-05T12:47:32.949+0800: 6847.186: [GC (Allocation Failure) [PSYoungGen: 903140K->3755K(866816K)] 1219357K->319971K(1341440K), 0.0062040 secs] [Times: user=0.01 sys=0.00, real=0.01 secs] 
2024-07-05T12:47:34.487+0800: 6848.724: [GC (Allocation Failure) [PSYoungGen: 866475K->2536K(828928K)] 1182691K->319859K(1303552K), 0.0071960 secs] [Times: user=0.01 sys=0.00, real=0.01 secs] 
2024-07-05T12:47:36.014+0800: 6850.251: [GC (Allocation Failure) [PSYoungGen: 828904K->3996K(795648K)] 1146227K->321319K(1270272K), 0.0073273 secs] [Times: user=0.01 sys=0.00, real=0.01 secs] 
2024-07-05T12:47:37.530+0800: 6851.767: [GC (Allocation Failure) [PSYoungGen: 795548K->3050K(866816K)] 1112871K->321374K(1341440K), 0.0077937 secs] [Times: user=0.01 sys=0.00, real=0.01 secs] 
2024-07-05T12:47:39.181+0800: 6853.418: [GC (Allocation Failure) [PSYoungGen: 866794K->4417K(951296K)] 1185118K->323143K(1425920K), 0.0106159 secs] [Times: user=0.02 sys=0.00, real=0.00 secs] 
2024-07-05T12:47:41.098+0800: 6855.335: [GC (Allocation Failure) [PSYoungGen: 951105K->3054K(999424K)] 1269831K->322964K(1474048K), 0.0077542 secs] [Times: user=0.01 sys=0.00, real=0.01 secs] 
2024-07-05T12:47:43.002+0800: 6857.239: [GC (Allocation Failure) [PSYoungGen: 999406K->4981K(1001984K)] 1319316K->324898K(1476608K), 0.0097923 secs] [Times: user=0.02 sys=0.00, real=0.00 secs] 
2024-07-05T12:47:45.240+0800: 6859.477: [GC (Allocation Failure) [PSYoungGen: 1001333K->4980K(1041408K)] 1321250K->324897K(1516032K), 0.0107967 secs] [Times: user=0.01 sys=0.00, real=0.01 secs] 
2024-07-05T12:47:47.160+0800: 6861.397: [GC (Allocation Failure) [PSYoungGen: 1040244K->4230K(1041920K)] 1360161K->324147K(1516544K), 0.0077139 secs] [Times: user=0.01 sys=0.00, real=0.01 secs] 
2024-07-05T12:47:49.162+0800: 6863.399: [GC (Allocation Failure) [PSYoungGen: 1039494K->5061K(995328K)] 1359411K->324978K(1469952K), 0.0088819 secs] [Times: user=0.01 sys=0.00, real=0.00 secs] 
2024-07-05T12:47:51.228+0800: 6865.465: [GC (Allocation Failure) [PSYoungGen: 995269K->4626K(952832K)] 1315186K->325026K(1427456K), 0.0079626 secs] [Times: user=0.01 sys=0.00, real=0.01 secs] 
2024-07-05T12:47:53.064+0800: 6867.301: [GC (Allocation Failure) [PSYoungGen: 952338K->3583K(910848K)] 1272738K->324825K(1385472K), 0.0071974 secs] [Times: user=0.02 sys=0.00, real=0.00 secs] 
2024-07-05T12:47:54.842+0800: 6869.079: [GC (Allocation Failure) [PSYoungGen: 910847K->4823K(873984K)] 1232089K->326081K(1348608K), 0.0068866 secs] [Times: user=0.01 sys=0.00, real=0.00 secs] 
2024-07-05T12:47:56.461+0800: 6870.698: [GC (Allocation Failure) [PSYoungGen: 873687K->3003K(835072K)] 1194945K->324261K(1309696K), 0.0062547 secs] [Times: user=0.01 sys=0.00, real=0.01 secs] 
2024-07-05T12:47:58.001+0800: 6872.238: [GC (Allocation Failure) [PSYoungGen: 835003K->4499K(801792K)] 1156261K->326027K(1276416K), 0.0081043 secs] [Times: user=0.01 sys=0.01, real=0.00 secs] 
2024-07-05T12:47:59.711+0800: 6873.948: [GC (Allocation Failure) [PSYoungGen: 801683K->4420K(768512K)] 1123211K->326069K(1243136K), 0.0060103 secs] [Times: user=0.01 sys=0.00, real=0.01 secs] 
2024-07-05T12:48:01.373+0800: 6875.610: [GC (Allocation Failure) [PSYoungGen: 768324K->3971K(736256K)] 1089973K->326013K(1210880K), 0.0055779 secs] [Times: user=0.01 sys=0.00, real=0.01 secs] 
2024-07-05T12:48:02.848+0800: 6877.085: [GC (Allocation Failure) [PSYoungGen: 736131K->2156K(704512K)] 1058173K->324261K(1179136K), 0.0041718 secs] [Times: user=0.01 sys=0.00, real=0.00 secs] 
2024-07-05T12:48:04.130+0800: 6878.367: [GC (Allocation Failure) [PSYoungGen: 704108K->3583K(676864K)] 1026213K->326179K(1151488K), 0.0058881 secs] [Times: user=0.01 sys=0.00, real=0.01 secs] 
2024-07-05T12:48:05.450+0800: 6879.687: [GC (Allocation Failure) [PSYoungGen: 676863K->3510K(649728K)] 999459K->326266K(1124352K), 0.0075628 secs] [Times: user=0.01 sys=0.00, real=0.01 secs] 
2024-07-05T12:48:06.780+0800: 6881.017: [GC (Allocation Failure) [PSYoungGen: 649654K->3041K(623616K)] 972410K->326287K(1098240K), 0.0073587 secs] [Times: user=0.01 sys=0.00, real=0.01 secs] 
2024-07-05T12:48:07.933+0800: 6882.170: [GC (Allocation Failure) [PSYoungGen: 623585K->2636K(599040K)] 946831K->326179K(1073664K), 0.0054410 secs] [Times: user=0.01 sys=0.00, real=0.01 secs] 
2024-07-05T12:48:09.032+0800: 6883.269: [GC (Allocation Failure) [PSYoungGen: 598604K->2716K(575488K)] 922147K->326267K(1050112K), 0.0047536 secs] [Times: user=0.01 sys=0.00, real=0.01 secs] 
2024-07-05T12:48:10.116+0800: 6884.353: [GC (Allocation Failure) [PSYoungGen: 575132K->2698K(630272K)] 898683K->326256K(1104896K), 0.0074770 secs] [Times: user=0.01 sys=0.00, real=0.01 secs] 
2024-07-05T12:48:11.459+0800: 6885.696: [GC (Allocation Failure) [PSYoungGen: 629898K->2495K(687616K)] 953456K->326062K(1162240K), 0.0054058 secs] [Times: user=0.00 sys=0.00, real=0.01 secs] 
2024-07-05T12:48:12.754+0800: 6886.991: [GC (Allocation Failure) [PSYoungGen: 687551K->2780K(753152K)] 1011118K->326355K(1227776K), 0.0076245 secs] [Times: user=0.01 sys=0.00, real=0.01 secs] 
2024-07-05T12:48:14.358+0800: 6888.595: [GC (Allocation Failure) [PSYoungGen: 752860K->2251K(823296K)] 1076435K->326227K(1297920K), 0.0078504 secs] [Times: user=0.00 sys=0.00, real=0.01 secs] 
2024-07-05T12:48:16.070+0800: 6890.307: [GC (Allocation Failure) [PSYoungGen: 822987K->2121K(900096K)] 1146963K->326232K(1374720K), 0.0081560 secs] [Times: user=0.01 sys=0.00, real=0.01 secs] 
2024-07-05T12:48:17.814+0800: 6892.051: [GC (Allocation Failure) [PSYoungGen: 899657K->2141K(862208K)] 1223768K->326261K(1336832K), 0.0042587 secs] [Times: user=0.00 sys=0.00, real=0.00 secs] 
2024-07-05T12:48:19.395+0800: 6893.632: [GC (Allocation Failure) [PSYoungGen: 861789K->2059K(825856K)] 1185909K->326187K(1300480K), 0.0050688 secs] [Times: user=0.01 sys=0.00, real=0.00 secs] 
2024-07-05T12:48:21.114+0800: 6895.351: [GC (Allocation Failure) [PSYoungGen: 825355K->2186K(791552K)] 1149483K->326322K(1266176K), 0.0073125 secs] [Times: user=0.01 sys=0.00, real=0.01 secs] 
2024-07-05T12:48:22.590+0800: 6896.827: [GC (Allocation Failure) [PSYoungGen: 791178K->2153K(758784K)] 1115314K->326296K(1233408K), 0.0052013 secs] [Times: user=0.01 sys=0.00, real=0.01 secs] 
2024-07-05T12:48:24.082+0800: 6898.319: [GC (Allocation Failure) [PSYoungGen: 758377K->2118K(727552K)] 1082520K->326270K(1202176K), 0.0047127 secs] [Times: user=0.01 sys=0.00, real=0.00 secs] 
2024-07-05T12:48:25.393+0800: 6899.630: [GC (Allocation Failure) [PSYoungGen: 727110K->1974K(697344K)] 1051262K->326126K(1171968K), 0.0061892 secs] [Times: user=0.01 sys=0.00, real=0.01 secs] 
2024-07-05T12:48:26.797+0800: 6901.034: [GC (Allocation Failure) [PSYoungGen: 697270K->1961K(669184K)] 1021422K->326120K(1143808K), 0.0036562 secs] [Times: user=0.00 sys=0.00, real=0.00 secs] 
2024-07-05T12:48:28.035+0800: 6902.272: [GC (Allocation Failure) [PSYoungGen: 669097K->2169K(643072K)] 993256K->326336K(1117696K), 0.0071496 secs] [Times: user=0.01 sys=0.00, real=0.01 secs] 
2024-07-05T12:48:29.228+0800: 6903.465: [GC (Allocation Failure) [PSYoungGen: 642681K->2105K(617472K)] 966848K->326280K(1092096K), 0.0043176 secs] [Times: user=0.01 sys=0.00, real=0.00 secs] 
2024-07-05T12:48:30.468+0800: 6904.705: [GC (Allocation Failure) [PSYoungGen: 617017K->2267K(592896K)] 941192K->326451K(1067520K), 0.0051855 secs] [Times: user=0.01 sys=0.00, real=0.01 secs] 
2024-07-05T12:48:31.699+0800: 6905.936: [GC (Allocation Failure) [PSYoungGen: 592603K->1324K(568832K)] 916787K->325508K(1043456K), 0.0059931 secs] [Times: user=0.00 sys=0.00, real=0.01 secs] 
2024-07-05T12:48:32.942+0800: 6907.179: [GC (Allocation Failure) [PSYoungGen: 568620K->2169K(547840K)] 892804K->326360K(1022464K), 0.0065398 secs] [Times: user=0.01 sys=0.00, real=0.00 secs] 
2024-07-05T12:48:34.009+0800: 6908.246: [GC (Allocation Failure) [PSYoungGen: 547449K->2123K(526848K)] 871640K->326323K(1001472K), 0.0057136 secs] [Times: user=0.01 sys=0.00, real=0.01 secs] 
2024-07-05T12:48:35.035+0800: 6909.272: [GC (Allocation Failure) [PSYoungGen: 526411K->2028K(576000K)] 850611K->326244K(1050624K), 0.0065441 secs] [Times: user=0.02 sys=0.00, real=0.01 secs] 
2024-07-05T12:48:36.181+0800: 6910.418: [GC (Allocation Failure) [PSYoungGen: 575980K->2121K(631296K)] 900196K->326344K(1105920K), 0.0058349 secs] [Times: user=0.01 sys=0.00, real=0.00 secs] 
2024-07-05T12:48:37.392+0800: 6911.629: [GC (Allocation Failure) [PSYoungGen: 630857K->2299K(690176K)] 955080K->326531K(1164800K), 0.0055427 secs] [Times: user=0.01 sys=0.00, real=0.01 secs] 
2024-07-05T12:48:38.750+0800: 6912.987: [GC (Allocation Failure) [PSYoungGen: 689915K->2171K(753152K)] 1014147K->326411K(1227776K), 0.0058176 secs] [Times: user=0.01 sys=0.00, real=0.01 secs] 
2024-07-05T12:48:40.202+0800: 6914.439: [GC (Allocation Failure) [PSYoungGen: 752763K->2249K(722432K)] 1077003K->326496K(1197056K), 0.0053516 secs] [Times: user=0.01 sys=0.00, real=0.00 secs] 
2024-07-05T12:48:41.523+0800: 6915.760: [GC (Allocation Failure) [PSYoungGen: 722121K->2105K(693248K)] 1046368K->326360K(1167872K), 0.0050362 secs] [Times: user=0.01 sys=0.00, real=0.00 secs] 
2024-07-05T12:48:42.762+0800: 6916.999: [GC (Allocation Failure) [PSYoungGen: 692793K->1945K(664576K)] 1017048K->326208K(1139200K), 0.0053377 secs] [Times: user=0.00 sys=0.00, real=0.00 secs] 
2024-07-05T12:48:43.998+0800: 6918.235: [GC (Allocation Failure) [PSYoungGen: 664473K->2160K(727552K)] 988736K->326431K(1202176K), 0.0085161 secs] [Times: user=0.01 sys=0.00, real=0.01 secs] 
2024-07-05T12:48:45.451+0800: 6919.688: [GC (Allocation Failure) [PSYoungGen: 727152K->2025K(697344K)] 1051423K->326304K(1171968K), 0.0039852 secs] [Times: user=0.01 sys=0.00, real=0.01 secs] 
2024-07-05T12:48:46.790+0800: 6921.027: [GC (Allocation Failure) [PSYoungGen: 697321K->1404K(668672K)] 1021600K->325692K(1143296K), 0.0050441 secs] [Times: user=0.01 sys=0.00, real=0.01 secs] 
2024-07-05T12:48:48.118+0800: 6922.355: [GC (Allocation Failure) [PSYoungGen: 668540K->2075K(643072K)] 992828K->326371K(1117696K), 0.0041253 secs] [Times: user=0.01 sys=0.00, real=0.01 secs] 
2024-07-05T12:48:49.332+0800: 6923.569: [GC (Allocation Failure) [PSYoungGen: 642587K->2313K(617472K)] 966883K->326616K(1092096K), 0.0052081 secs] [Times: user=0.01 sys=0.00, real=0.01 secs] 
2024-07-05T12:48:50.506+0800: 6924.743: [GC (Allocation Failure) [PSYoungGen: 617225K->1511K(591872K)] 941528K->326454K(1066496K), 0.0058927 secs] [Times: user=0.01 sys=0.00, real=0.00 secs] 
2024-07-05T12:48:51.618+0800: 6925.855: [GC (Allocation Failure) [PSYoungGen: 591847K->2801K(570368K)] 916790K->327743K(1044992K), 0.0057833 secs] [Times: user=0.01 sys=0.00, real=0.01 secs] 
2024-07-05T12:48:52.803+0800: 6927.040: [GC (Allocation Failure) [PSYoungGen: 570097K->2033K(622080K)] 895039K->327650K(1096704K), 0.0068908 secs] [Times: user=0.00 sys=0.00, real=0.00 secs] 
2024-07-05T12:48:54.132+0800: 6928.369: [GC (Allocation Failure) [PSYoungGen: 622065K->3202K(683520K)] 947682K->328819K(1158144K), 0.0081292 secs] [Times: user=0.01 sys=0.00, real=0.01 secs] 
2024-07-05T12:48:55.434+0800: 6929.671: [GC (Allocation Failure) [PSYoungGen: 683138K->2043K(747520K)] 1008755K->328816K(1222144K), 0.0069197 secs] [Times: user=0.01 sys=0.00, real=0.00 secs] 
2024-07-05T12:48:57.088+0800: 6931.325: [GC (Allocation Failure) [PSYoungGen: 747515K->3890K(820224K)] 1074288K->330662K(1294848K), 0.0074817 secs] [Times: user=0.01 sys=0.00, real=0.01 secs] 
2024-07-05T12:48:58.648+0800: 6932.885: [GC (Allocation Failure) [PSYoungGen: 820018K->2549K(893440K)] 1146790K->330737K(1368064K), 0.0057324 secs] [Times: user=0.01 sys=0.00, real=0.01 secs] 
2024-07-05T12:49:00.318+0800: 6934.555: [GC (Allocation Failure) [PSYoungGen: 893429K->4419K(857600K)] 1221617K->332606K(1332224K), 0.0063221 secs] [Times: user=0.01 sys=0.00, real=0.01 secs] 
2024-07-05T12:49:01.904+0800: 6936.141: [GC (Allocation Failure) [PSYoungGen: 857411K->2543K(934912K)] 1185598K->332471K(1409536K), 0.0092617 secs] [Times: user=0.01 sys=0.00, real=0.01 secs] 
2024-07-05T12:49:03.646+0800: 6937.883: [GC (Allocation Failure) [PSYoungGen: 934895K->2836K(942592K)] 1264823K->332764K(1417216K), 0.0102620 secs] [Times: user=0.02 sys=0.00, real=0.01 secs] 
2024-07-05T12:49:05.343+0800: 6939.580: [GC (Allocation Failure) [PSYoungGen: 939796K->4655K(1026048K)] 1269724K->334584K(1500672K), 0.0076654 secs] [Times: user=0.01 sys=0.00, real=0.00 secs] 
2024-07-05T12:49:07.365+0800: 6941.602: [GC (Allocation Failure) [PSYoungGen: 1025583K->4670K(1026560K)] 1355512K->334598K(1501184K), 0.0078815 secs] [Times: user=0.01 sys=0.00, real=0.00 secs] 
2024-07-05T12:49:09.322+0800: 6943.559: [GC (Allocation Failure) [PSYoungGen: 1025598K->4590K(981504K)] 1355526K->334518K(1456128K), 0.0079240 secs] [Times: user=0.02 sys=0.00, real=0.00 secs] 
2024-07-05T12:49:11.070+0800: 6945.307: [GC (Allocation Failure) [PSYoungGen: 981486K->4494K(1040896K)] 1311414K->334422K(1515520K), 0.0094611 secs] [Times: user=0.01 sys=0.00, real=0.01 secs] 
2024-07-05T12:49:13.082+0800: 6947.319: [GC (Allocation Failure) [PSYoungGen: 1039246K->4603K(994816K)] 1369174K->334531K(1469440K), 0.0063164 secs] [Times: user=0.01 sys=0.00, real=0.00 secs] 
2024-07-05T12:49:15.051+0800: 6949.288: [GC (Allocation Failure) [PSYoungGen: 994811K->4329K(952320K)] 1324739K->334747K(1426944K), 0.0076647 secs] [Times: user=0.00 sys=0.01, real=0.01 secs] 
2024-07-05T12:49:17.020+0800: 6951.257: [GC (Allocation Failure) [PSYoungGen: 952041K->3724K(911360K)] 1282459K->334565K(1385984K), 0.0073443 secs] [Times: user=0.01 sys=0.01, real=0.01 secs] 
2024-07-05T12:49:18.850+0800: 6953.087: [GC (Allocation Failure) [PSYoungGen: 910988K->1927K(870912K)] 1241829K->332768K(1345536K), 0.0051476 secs] [Times: user=0.01 sys=0.00, real=0.01 secs] 
2024-07-05T12:49:20.653+0800: 6954.890: [GC (Allocation Failure) [PSYoungGen: 870791K->3612K(836096K)] 1201632K->334549K(1310720K), 0.0070898 secs] [Times: user=0.01 sys=0.00, real=0.01 secs] 
2024-07-05T12:49:22.218+0800: 6956.455: [GC (Allocation Failure) [PSYoungGen: 835612K->3334K(800768K)] 1166549K->334664K(1275392K), 0.0081661 secs] [Times: user=0.01 sys=0.00, real=0.01 secs] 
2024-07-05T12:49:23.712+0800: 6957.949: [GC (Allocation Failure) [PSYoungGen: 800518K->3181K(767488K)] 1131848K->334664K(1242112K), 0.0058562 secs] [Times: user=0.01 sys=0.00, real=0.01 secs] 
2024-07-05T12:49:25.150+0800: 6959.387: [GC (Allocation Failure) [PSYoungGen: 767085K->2874K(735232K)] 1098568K->334721K(1209856K), 0.0067574 secs] [Times: user=0.02 sys=0.00, real=0.01 secs] 
2024-07-05T12:49:26.717+0800: 6960.954: [GC (Allocation Failure) [PSYoungGen: 735034K->2732K(705024K)] 1066881K->334659K(1179648K), 0.0047938 secs] [Times: user=0.01 sys=0.00, real=0.01 secs] 
2024-07-05T12:49:28.138+0800: 6962.375: [GC (Allocation Failure) [PSYoungGen: 704684K->1876K(675328K)] 1036611K->334113K(1149952K), 0.0039622 secs] [Times: user=0.01 sys=0.00, real=0.01 secs] 
2024-07-05T12:49:29.360+0800: 6963.597: [GC (Allocation Failure) [PSYoungGen: 675156K->2235K(648704K)] 1007393K->334777K(1123328K), 0.0057193 secs] [Times: user=0.01 sys=0.00, real=0.01 secs] 
2024-07-05T12:49:30.605+0800: 6964.842: [GC (Allocation Failure) [PSYoungGen: 648379K->2185K(623104K)] 980921K->334734K(1097728K), 0.0055389 secs] [Times: user=0.01 sys=0.01, real=0.00 secs] 
2024-07-05T12:49:31.706+0800: 6965.943: [GC (Allocation Failure) [PSYoungGen: 622729K->2091K(598528K)] 955278K->334649K(1073152K), 0.0042714 secs] [Times: user=0.00 sys=0.00, real=0.00 secs] 
2024-07-05T12:49:32.826+0800: 6967.063: [GC (Allocation Failure) [PSYoungGen: 598059K->2203K(574976K)] 930617K->334769K(1049600K), 0.0044526 secs] [Times: user=0.00 sys=0.00, real=0.00 secs] 
2024-07-05T12:49:33.850+0800: 6968.087: [GC (Allocation Failure) [PSYoungGen: 574619K->1588K(551936K)] 907185K->334161K(1026560K), 0.0053066 secs] [Times: user=0.01 sys=0.00, real=0.01 secs] 
2024-07-05T12:49:34.982+0800: 6969.219: [GC (Allocation Failure) [PSYoungGen: 551476K->2027K(530944K)] 884049K->334609K(1005568K), 0.0068398 secs] [Times: user=0.00 sys=0.00, real=0.00 secs] 
2024-07-05T12:49:35.956+0800: 6970.193: [GC (Allocation Failure) [PSYoungGen: 530923K->1917K(580096K)] 863505K->334506K(1054720K), 0.0054335 secs] [Times: user=0.00 sys=0.00, real=0.01 secs] 
2024-07-05T12:49:37.058+0800: 6971.295: [GC (Allocation Failure) [PSYoungGen: 579965K->2187K(635904K)] 912554K->334785K(1110528K), 0.0065662 secs] [Times: user=0.00 sys=0.00, real=0.01 secs] 
2024-07-05T12:49:38.257+0800: 6972.494: [GC (Allocation Failure) [PSYoungGen: 635531K->967K(609280K)] 968129K->333572K(1083904K), 0.0034907 secs] [Times: user=0.00 sys=0.00, real=0.00 secs] 
2024-07-05T12:49:39.444+0800: 6973.681: [GC (Allocation Failure) [PSYoungGen: 609223K->2089K(589312K)] 941828K->334702K(1063936K), 0.0047927 secs] [Times: user=0.01 sys=0.00, real=0.00 secs] 
2024-07-05T12:49:40.514+0800: 6974.751: [GC (Allocation Failure) [PSYoungGen: 586281K->2171K(563712K)] 918894K->334793K(1038336K), 0.0045101 secs] [Times: user=0.01 sys=0.00, real=0.00 secs] 
2024-07-05T12:49:41.537+0800: 6975.774: [GC (Allocation Failure) [PSYoungGen: 563323K->2201K(615424K)] 895945K->334830K(1090048K), 0.0061926 secs] [Times: user=0.01 sys=0.00, real=0.01 secs] 
2024-07-05T12:49:42.769+0800: 6977.005: [GC (Allocation Failure) [PSYoungGen: 615065K->782K(589824K)] 947694K->333419K(1064448K), 0.0030617 secs] [Times: user=0.00 sys=0.00, real=0.00 secs] 
2024-07-05T12:49:43.845+0800: 6978.082: [GC (Allocation Failure) [PSYoungGen: 589582K->2171K(570368K)] 922219K->334817K(1044992K), 0.0043870 secs] [Times: user=0.01 sys=0.00, real=0.00 secs] 
2024-07-05T12:49:44.972+0800: 6979.209: [GC (Allocation Failure) [PSYoungGen: 567931K->2267K(546304K)] 900577K->334921K(1020928K), 0.0051440 secs] [Times: user=0.01 sys=0.00, real=0.01 secs] 
2024-07-05T12:49:46.096+0800: 6980.333: [GC (Allocation Failure) [PSYoungGen: 546011K->2249K(525312K)] 878665K->334902K(999936K), 0.0056787 secs] [Times: user=0.00 sys=0.00, real=0.01 secs] 
2024-07-05T12:49:47.126+0800: 6981.363: [GC (Allocation Failure) [PSYoungGen: 525001K->2137K(505344K)] 857654K->334798K(979968K), 0.0043897 secs] [Times: user=0.00 sys=0.00, real=0.00 secs] 
2024-07-05T12:49:48.008+0800: 6982.245: [GC (Allocation Failure) [PSYoungGen: 504921K->2185K(557056K)] 837582K->334854K(1031680K), 0.0093487 secs] [Times: user=0.01 sys=0.00, real=0.01 secs] 
2024-07-05T12:49:49.118+0800: 6983.355: [GC (Allocation Failure) [PSYoungGen: 556681K->2206K(614912K)] 889350K->334883K(1089536K), 0.0070692 secs] [Times: user=0.01 sys=0.00, real=0.01 secs] 
2024-07-05T12:49:50.412+0800: 6984.649: [GC (Allocation Failure) [PSYoungGen: 614558K->1212K(673792K)] 947235K->333897K(1148416K), 0.0041749 secs] [Times: user=0.00 sys=0.00, real=0.01 secs] 
2024-07-05T12:49:51.773+0800: 6986.010: [GC (Allocation Failure) [PSYoungGen: 673468K->2137K(736768K)] 1006153K->334822K(1211392K), 0.0043000 secs] [Times: user=0.00 sys=0.00, real=0.00 secs] 
2024-07-05T12:49:53.117+0800: 6987.354: [GC (Allocation Failure) [PSYoungGen: 736345K->2089K(807936K)] 1069030K->334782K(1282560K), 0.0090479 secs] [Times: user=0.01 sys=0.00, real=0.01 secs] 
2024-07-05T12:49:54.702+0800: 6988.939: [GC (Allocation Failure) [PSYoungGen: 807465K->1993K(881152K)] 1140158K->334694K(1355776K), 0.0051392 secs] [Times: user=0.01 sys=0.00, real=0.00 secs] 
2024-07-05T12:49:56.538+0800: 6990.775: [GC (Allocation Failure) [PSYoungGen: 881097K->1391K(843264K)] 1213798K->334093K(1317888K), 0.0040916 secs] [Times: user=0.00 sys=0.00, real=0.01 secs] 
2024-07-05T12:49:58.047+0800: 6992.284: [GC (Allocation Failure) [PSYoungGen: 843119K->1993K(808448K)] 1175821K->334702K(1283072K), 0.0045759 secs] [Times: user=0.00 sys=0.00, real=0.00 secs] 
2024-07-05T12:49:59.606+0800: 6993.843: [GC (Allocation Failure) [PSYoungGen: 808393K->2043K(774656K)] 1141102K->334761K(1249280K), 0.0058913 secs] [Times: user=0.01 sys=0.00, real=0.00 secs] 
2024-07-05T12:50:01.022+0800: 6995.258: [GC (Allocation Failure) [PSYoungGen: 774651K->2038K(742912K)] 1107369K->334763K(1217536K), 0.0037724 secs] [Times: user=0.01 sys=0.00, real=0.00 secs] 
2024-07-05T12:50:02.426+0800: 6996.663: [GC (Allocation Failure) [PSYoungGen: 742902K->1617K(712704K)] 1075627K->334350K(1187328K), 0.0051271 secs] [Times: user=0.01 sys=0.00, real=0.00 secs] 
2024-07-05T12:50:03.801+0800: 6998.038: [GC (Allocation Failure) [PSYoungGen: 712273K->2185K(684032K)] 1045006K->334918K(1158656K), 0.0052806 secs] [Times: user=0.01 sys=0.00, real=0.01 secs] 
2024-07-05T12:50:05.066+0800: 6999.303: [GC (Allocation Failure) [PSYoungGen: 683657K->2107K(656384K)] 1016390K->334849K(1131008K), 0.0042621 secs] [Times: user=0.01 sys=0.00, real=0.00 secs] 
2024-07-05T12:50:35.243+0800: 7029.480: [GC (Allocation Failure) [PSYoungGen: 655931K->1517K(629248K)] 988673K->342124K(1103872K), 0.0111534 secs] [Times: user=0.02 sys=0.00, real=0.01 secs] 
2024-07-05T12:50:37.056+0800: 7031.293: [GC (Allocation Failure) [PSYoungGen: 629229K->4989K(607744K)] 969836K->345604K(1082368K), 0.0068372 secs] [Times: user=0.01 sys=0.00, real=0.01 secs] 
2024-07-05T12:50:38.422+0800: 7032.659: [GC (Allocation Failure) [PSYoungGen: 607613K->3261K(582656K)] 948228K->343876K(1057280K), 0.0109608 secs] [Times: user=0.02 sys=0.00, real=0.00 secs] 
2024-07-05T12:50:40.006+0800: 7034.243: [GC (Allocation Failure) [PSYoungGen: 582333K->3693K(640512K)] 922948K->344316K(1115136K), 0.0140838 secs] [Times: user=0.03 sys=0.00, real=0.01 secs] 
2024-07-05T12:50:41.666+0800: 7035.903: [GC (Allocation Failure) [PSYoungGen: 640109K->3373K(704000K)] 980732K->344004K(1178624K), 0.0098685 secs] [Times: user=0.01 sys=0.00, real=0.01 secs] 
2024-07-05T12:50:43.439+0800: 7037.676: [GC (Allocation Failure) [PSYoungGen: 703789K->3277K(774144K)] 1044420K->343908K(1248768K), 0.0101206 secs] [Times: user=0.02 sys=0.00, real=0.01 secs] 
2024-07-05T12:50:45.000+0800: 7039.237: [GC (Allocation Failure) [PSYoungGen: 773837K->3437K(849920K)] 1114468K->344076K(1324544K), 0.0076019 secs] [Times: user=0.02 sys=0.00, real=0.01 secs] 
2024-07-05T12:50:46.845+0800: 7041.081: [GC (Allocation Failure) [PSYoungGen: 849773K->3085K(932864K)] 1190412K->343732K(1407488K), 0.0098341 secs] [Times: user=0.01 sys=0.00, real=0.01 secs] 
2024-07-05T12:50:48.502+0800: 7042.739: [GC (Allocation Failure) [PSYoungGen: 932365K->3597K(950272K)] 1273012K->344252K(1424896K), 0.0067186 secs] [Times: user=0.00 sys=0.01, real=0.00 secs] 
2024-07-05T12:50:50.357+0800: 7044.594: [GC (Allocation Failure) [PSYoungGen: 949261K->3261K(950784K)] 1289916K->343924K(1425408K), 0.0069639 secs] [Times: user=0.01 sys=0.00, real=0.01 secs] 
2024-07-05T12:50:51.850+0800: 7046.087: [GC (Allocation Failure) [PSYoungGen: 948925K->3181K(1037312K)] 1289588K->343852K(1511936K), 0.0094516 secs] [Times: user=0.01 sys=0.00, real=0.01 secs] 
2024-07-05T12:50:53.377+0800: 7047.614: [GC (Allocation Failure) [PSYoungGen: 1035373K->3165K(1037312K)] 1376044K->343844K(1511936K), 0.0103488 secs] [Times: user=0.02 sys=0.00, real=0.01 secs] 
2024-07-05T12:50:55.025+0800: 7049.262: [GC (Allocation Failure) [PSYoungGen: 1035357K->4605K(1042432K)] 1376036K->345572K(1517056K), 0.0097572 secs] [Times: user=0.02 sys=0.00, real=0.01 secs] 
2024-07-05T12:50:56.582+0800: 7050.819: [GC (Allocation Failure) [PSYoungGen: 1042429K->4909K(1042944K)] 1383396K->345884K(1517568K), 0.0078357 secs] [Times: user=0.01 sys=0.00, real=0.00 secs] 
2024-07-05T12:50:57.981+0800: 7052.218: [GC (Allocation Failure) [PSYoungGen: 1042733K->5616K(1041920K)] 1383708K->347793K(1516544K), 0.0094803 secs] [Times: user=0.02 sys=0.00, real=0.00 secs] 
2024-07-05T12:50:59.435+0800: 7053.672: [GC (Allocation Failure) [PSYoungGen: 1041904K->3808K(1042432K)] 1384081K->346057K(1517056K), 0.0044974 secs] [Times: user=0.00 sys=0.00, real=0.00 secs] 
2024-07-05T12:51:00.881+0800: 7055.118: [GC (Allocation Failure) [PSYoungGen: 1040096K->3872K(1042432K)] 1382345K->346129K(1517056K), 0.0044967 secs] [Times: user=0.01 sys=0.00, real=0.00 secs] 
2024-07-05T12:51:02.330+0800: 7056.567: [GC (Allocation Failure) [PSYoungGen: 1040160K->3872K(995328K)] 1382417K->346129K(1469952K), 0.0053626 secs] [Times: user=0.01 sys=0.00, real=0.01 secs] 
2024-07-05T12:51:03.730+0800: 7057.967: [GC (Allocation Failure) [PSYoungGen: 995104K->2544K(951296K)] 1337361K->346175K(1425920K), 0.0055047 secs] [Times: user=0.00 sys=0.00, real=0.01 secs] 
2024-07-05T12:51:05.096+0800: 7059.333: [GC (Allocation Failure) [PSYoungGen: 951280K->3152K(911872K)] 1294911K->346799K(1386496K), 0.0048395 secs] [Times: user=0.01 sys=0.00, real=0.01 secs] 
2024-07-05T12:51:06.442+0800: 7060.679: [GC (Allocation Failure) [PSYoungGen: 911440K->3344K(873472K)] 1255087K->346991K(1348096K), 0.0057469 secs] [Times: user=0.01 sys=0.00, real=0.00 secs] 
2024-07-05T12:51:07.778+0800: 7062.015: [GC (Allocation Failure) [PSYoungGen: 873232K->3216K(836608K)] 1216879K->346871K(1311232K), 0.0041790 secs] [Times: user=0.00 sys=0.00, real=0.01 secs] 
2024-07-05T12:51:09.098+0800: 7063.335: [GC (Allocation Failure) [PSYoungGen: 836240K->3392K(801792K)] 1179895K->347055K(1276416K), 0.0043000 secs] [Times: user=0.00 sys=0.00, real=0.01 secs] 
2024-07-05T12:51:10.249+0800: 7064.486: [GC (Allocation Failure) [PSYoungGen: 801600K->3488K(768512K)] 1145263K->347167K(1243136K), 0.0045382 secs] [Times: user=0.01 sys=0.00, real=0.01 secs] 
2024-07-05T12:51:11.390+0800: 7065.627: [GC (Allocation Failure) [PSYoungGen: 768416K->3248K(736768K)] 1112095K->346935K(1211392K), 0.0062649 secs] [Times: user=0.00 sys=0.00, real=0.01 secs] 
2024-07-05T12:51:12.407+0800: 7066.643: [GC (Allocation Failure) [PSYoungGen: 736432K->4992K(805888K)] 1080119K->348687K(1280512K), 0.0067065 secs] [Times: user=0.01 sys=0.01, real=0.01 secs] 
2024-07-05T12:51:13.586+0800: 7067.823: [GC (Allocation Failure) [PSYoungGen: 805760K->2048K(877056K)] 1149455K->347022K(1351680K), 0.0058835 secs] [Times: user=0.00 sys=0.00, real=0.00 secs] 
2024-07-05T12:51:14.785+0800: 7069.022: [GC (Allocation Failure) [PSYoungGen: 877056K->2336K(840704K)] 1222030K->348100K(1315328K), 0.0045058 secs] [Times: user=0.00 sys=0.00, real=0.00 secs] 
2024-07-05T12:51:15.962+0800: 7070.199: [GC (Allocation Failure) [PSYoungGen: 840480K->2272K(919552K)] 1186244K->348036K(1394176K), 0.0072599 secs] [Times: user=0.01 sys=0.00, real=0.00 secs] 
2024-07-05T12:51:17.266+0800: 7071.503: [GC (Allocation Failure) [PSYoungGen: 919264K->2336K(1005568K)] 1265028K->348100K(1480192K), 0.0063580 secs] [Times: user=0.01 sys=0.00, real=0.00 secs] 
2024-07-05T12:51:18.630+0800: 7072.867: [GC (Allocation Failure) [PSYoungGen: 1005344K->2224K(1016320K)] 1351108K->347996K(1490944K), 0.0066779 secs] [Times: user=0.01 sys=0.00, real=0.01 secs] 
2024-07-05T12:51:20.026+0800: 7074.263: [GC (Allocation Failure) [PSYoungGen: 1012912K->2304K(969728K)] 1358684K->348076K(1444352K), 0.0049906 secs] [Times: user=0.00 sys=0.00, real=0.00 secs] 
2024-07-05T12:51:21.386+0800: 7075.623: [GC (Allocation Failure) [PSYoungGen: 969472K->2304K(928256K)] 1315244K->348076K(1402880K), 0.0036980 secs] [Times: user=0.01 sys=0.00, real=0.00 secs] 
2024-07-05T12:51:22.643+0800: 7076.880: [GC (Allocation Failure) [PSYoungGen: 928000K->2144K(888832K)] 1273772K->347996K(1363456K), 0.0042623 secs] [Times: user=0.01 sys=0.00, real=0.00 secs] 
2024-07-05T12:51:23.874+0800: 7078.111: [GC (Allocation Failure) [PSYoungGen: 888416K->2144K(851456K)] 1234268K->347996K(1326080K), 0.0054163 secs] [Times: user=0.01 sys=0.00, real=0.00 secs] 
2024-07-05T12:51:25.071+0800: 7079.307: [GC (Allocation Failure) [PSYoungGen: 851040K->2384K(815616K)] 1196892K->348236K(1290240K), 0.0047555 secs] [Times: user=0.01 sys=0.00, real=0.01 secs] 
2024-07-05T12:51:26.213+0800: 7080.450: [GC (Allocation Failure) [PSYoungGen: 815440K->2240K(781824K)] 1161292K->348092K(1256448K), 0.0060202 secs] [Times: user=0.01 sys=0.00, real=0.00 secs] 
2024-07-05T12:51:27.286+0800: 7081.523: [GC (Allocation Failure) [PSYoungGen: 781504K->2288K(749568K)] 1127356K->348140K(1224192K), 0.0037272 secs] [Times: user=0.01 sys=0.00, real=0.00 secs] 
2024-07-05T12:51:28.317+0800: 7082.554: [GC (Allocation Failure) [PSYoungGen: 749296K->2160K(718848K)] 1095148K->348020K(1193472K), 0.0034847 secs] [Times: user=0.01 sys=0.00, real=0.00 secs] 
2024-07-05T12:51:29.285+0800: 7083.522: [GC (Allocation Failure) [PSYoungGen: 718448K->3856K(691200K)] 1064308K->349716K(1165824K), 0.0048513 secs] [Times: user=0.01 sys=0.00, real=0.00 secs] 
2024-07-05T12:51:30.237+0800: 7084.473: [GC (Allocation Failure) [PSYoungGen: 690960K->2304K(662016K)] 1036820K->348164K(1136640K), 0.0038632 secs] [Times: user=0.00 sys=0.00, real=0.00 secs] 
2024-07-05T12:51:31.154+0800: 7085.391: [GC (Allocation Failure) [PSYoungGen: 661760K->2048K(635392K)] 1007620K->348156K(1110016K), 0.0057358 secs] [Times: user=0.01 sys=0.00, real=0.00 secs] 
2024-07-05T12:51:32.140+0800: 7086.377: [GC (Allocation Failure) [PSYoungGen: 634880K->2032K(694784K)] 980988K->348188K(1169408K), 0.0064076 secs] [Times: user=0.01 sys=0.00, real=0.01 secs] 
2024-07-05T12:51:33.091+0800: 7087.328: [GC (Allocation Failure) [PSYoungGen: 694768K->2016K(666624K)] 1040924K->348180K(1141248K), 0.0035427 secs] [Times: user=0.00 sys=0.00, real=0.01 secs] 
2024-07-05T12:51:34.021+0800: 7088.258: [GC (Allocation Failure) [PSYoungGen: 666592K->1872K(640000K)] 1012756K->348044K(1114624K), 0.0034377 secs] [Times: user=0.00 sys=0.00, real=0.01 secs] 
2024-07-05T12:51:34.871+0800: 7089.108: [GC (Allocation Failure) [PSYoungGen: 639824K->1920K(614400K)] 985996K->348100K(1089024K), 0.0036235 secs] [Times: user=0.01 sys=0.00, real=0.01 secs] 
2024-07-05T12:51:35.701+0800: 7089.938: [GC (Allocation Failure) [PSYoungGen: 614272K->2000K(590336K)] 960452K->348188K(1064960K), 0.0034534 secs] [Times: user=0.01 sys=0.00, real=0.01 secs] 
2024-07-05T12:51:36.540+0800: 7090.777: [GC (Allocation Failure) [PSYoungGen: 590288K->2112K(567808K)] 936476K->348308K(1042432K), 0.0043871 secs] [Times: user=0.00 sys=0.00, real=0.01 secs] 
2024-07-05T12:51:37.308+0800: 7091.545: [GC (Allocation Failure) [PSYoungGen: 567360K->2048K(621568K)] 913556K->348252K(1096192K), 0.0051946 secs] [Times: user=0.01 sys=0.00, real=0.01 secs] 
2024-07-05T12:51:38.195+0800: 7092.432: [GC (Allocation Failure) [PSYoungGen: 621056K->2000K(679936K)] 967260K->348212K(1154560K), 0.0047518 secs] [Times: user=0.01 sys=0.00, real=0.00 secs] 
2024-07-05T12:51:39.102+0800: 7093.339: [GC (Allocation Failure) [PSYoungGen: 679888K->1872K(745472K)] 1026100K->348092K(1220096K), 0.0053690 secs] [Times: user=0.01 sys=0.00, real=0.00 secs] 
2024-07-05T12:51:40.125+0800: 7094.362: [GC (Allocation Failure) [PSYoungGen: 745296K->1984K(814592K)] 1091516K->348212K(1289216K), 0.0037934 secs] [Times: user=0.00 sys=0.00, real=0.00 secs] 
2024-07-05T12:51:41.224+0800: 7095.461: [GC (Allocation Failure) [PSYoungGen: 814528K->2480K(781312K)] 1160756K->348716K(1255936K), 0.0042019 secs] [Times: user=0.01 sys=0.00, real=0.00 secs] 
2024-07-05T12:51:42.316+0800: 7096.553: [GC (Allocation Failure) [PSYoungGen: 781232K->2368K(749056K)] 1127468K->348612K(1223680K), 0.0042578 secs] [Times: user=0.01 sys=0.00, real=0.00 secs] 
2024-07-05T12:51:43.324+0800: 7097.561: [GC (Allocation Failure) [PSYoungGen: 748864K->1920K(717824K)] 1095108K->348172K(1192448K), 0.0037045 secs] [Times: user=0.00 sys=0.00, real=0.00 secs] 
2024-07-05T12:51:44.314+0800: 7098.550: [GC (Allocation Failure) [PSYoungGen: 717696K->1872K(688640K)] 1063948K->348132K(1163264K), 0.0034982 secs] [Times: user=0.00 sys=0.00, real=0.00 secs] 
2024-07-05T12:51:45.258+0800: 7099.495: [GC (Allocation Failure) [PSYoungGen: 688464K->1984K(660992K)] 1034724K->348252K(1135616K), 0.0035737 secs] [Times: user=0.00 sys=0.00, real=0.01 secs] 
2024-07-05T12:51:46.170+0800: 7100.406: [GC (Allocation Failure) [PSYoungGen: 660928K->1936K(634368K)] 1007196K->348212K(1108992K), 0.0037530 secs] [Times: user=0.00 sys=0.00, real=0.01 secs] 
2024-07-05T12:51:47.062+0800: 7101.299: [GC (Allocation Failure) [PSYoungGen: 634256K->2064K(609792K)] 980532K->348348K(1084416K), 0.0052663 secs] [Times: user=0.00 sys=0.00, real=0.00 secs] 
2024-07-05T12:51:47.886+0800: 7102.123: [GC (Allocation Failure) [PSYoungGen: 609296K->2032K(585216K)] 955580K->348324K(1059840K), 0.0045919 secs] [Times: user=0.00 sys=0.00, real=0.00 secs] 
2024-07-05T12:51:48.705+0800: 7102.942: [GC (Allocation Failure) [PSYoungGen: 585200K->1920K(562176K)] 931492K->348220K(1036800K), 0.0036271 secs] [Times: user=0.01 sys=0.00, real=0.00 secs] 
2024-07-05T12:51:49.462+0800: 7103.699: [GC (Allocation Failure) [PSYoungGen: 562048K->1952K(540672K)] 908348K->348260K(1015296K), 0.0037653 secs] [Times: user=0.01 sys=0.00, real=0.00 secs] 
2024-07-05T12:51:50.197+0800: 7104.434: [GC (Allocation Failure) [PSYoungGen: 540576K->2000K(590336K)] 886884K->348316K(1064960K), 0.0037408 secs] [Times: user=0.01 sys=0.00, real=0.00 secs] 
2024-07-05T12:51:51.032+0800: 7105.269: [GC (Allocation Failure) [PSYoungGen: 590288K->1904K(567296K)] 936604K->348228K(1041920K), 0.0036062 secs] [Times: user=0.01 sys=0.00, real=0.01 secs] 
2024-07-05T12:51:51.801+0800: 7106.038: [GC (Allocation Failure) [PSYoungGen: 567152K->1968K(619520K)] 913476K->348300K(1094144K), 0.0040881 secs] [Times: user=0.01 sys=0.00, real=0.01 secs] 
2024-07-05T12:51:52.681+0800: 7106.918: [GC (Allocation Failure) [PSYoungGen: 619440K->1920K(677888K)] 965772K->348260K(1152512K), 0.0049037 secs] [Times: user=0.01 sys=0.00, real=0.00 secs] 
2024-07-05T12:51:53.598+0800: 7107.835: [GC (Allocation Failure) [PSYoungGen: 677760K->2080K(741888K)] 1024100K->348428K(1216512K), 0.0045618 secs] [Times: user=0.00 sys=0.00, real=0.01 secs] 
2024-07-05T12:51:54.608+0800: 7108.845: [GC (Allocation Failure) [PSYoungGen: 741408K->1904K(814080K)] 1087756K->348260K(1288704K), 0.0067155 secs] [Times: user=0.00 sys=0.00, real=0.01 secs] 
2024-07-05T12:51:55.765+0800: 7110.002: [GC (Allocation Failure) [PSYoungGen: 813936K->2016K(893440K)] 1160292K->348420K(1368064K), 0.0059332 secs] [Times: user=0.01 sys=0.00, real=0.00 secs] 
2024-07-05T12:51:57.002+0800: 7111.239: [GC (Allocation Failure) [PSYoungGen: 893408K->2144K(954368K)] 1239812K->348556K(1428992K), 0.0049792 secs] [Times: user=0.01 sys=0.00, real=0.00 secs] 
2024-07-05T12:51:58.299+0800: 7112.536: [GC (Allocation Failure) [PSYoungGen: 953440K->2016K(912896K)] 1299852K->348428K(1387520K), 0.0040595 secs] [Times: user=0.01 sys=0.00, real=0.01 secs] 
2024-07-05T12:51:59.566+0800: 7113.803: [GC (Allocation Failure) [PSYoungGen: 912864K->1984K(873984K)] 1259276K->348404K(1348608K), 0.0040480 secs] [Times: user=0.01 sys=0.00, real=0.00 secs] 
2024-07-05T12:52:00.739+0800: 7114.976: [GC (Allocation Failure) [PSYoungGen: 873920K->1504K(836608K)] 1220340K->348403K(1311232K), 0.0047826 secs] [Times: user=0.01 sys=0.00, real=0.01 secs] 
2024-07-05T12:52:01.898+0800: 7116.135: [GC (Allocation Failure) [PSYoungGen: 836576K->2000K(802304K)] 1183475K->348907K(1276928K), 0.0043760 secs] [Times: user=0.01 sys=0.00, real=0.01 secs] 
2024-07-05T12:52:02.968+0800: 7117.205: [GC (Allocation Failure) [PSYoungGen: 802256K->2016K(769024K)] 1149163K->349243K(1243648K), 0.0035456 secs] [Times: user=0.01 sys=0.00, real=0.00 secs] 
2024-07-05T12:52:04.052+0800: 7118.289: [GC (Allocation Failure) [PSYoungGen: 768992K->2064K(737792K)] 1116219K->349299K(1212416K), 0.0044291 secs] [Times: user=0.01 sys=0.00, real=0.01 secs] 
2024-07-05T12:52:05.033+0800: 7119.270: [GC (Allocation Failure) [PSYoungGen: 737296K->1008K(706048K)] 1084531K->349321K(1180672K), 0.0034879 secs] [Times: user=0.01 sys=0.00, real=0.00 secs] 
2024-07-05T12:52:06.050+0800: 7120.287: [GC (Allocation Failure) [PSYoungGen: 706032K->2272K(678912K)] 1054345K->350593K(1153536K), 0.0064298 secs] [Times: user=0.00 sys=0.00, real=0.01 secs] 
2024-07-05T12:52:06.970+0800: 7121.207: [GC (Allocation Failure) [PSYoungGen: 678624K->2032K(741376K)] 1026945K->350473K(1216000K), 0.0054687 secs] [Times: user=0.01 sys=0.00, real=0.01 secs] 
2024-07-05T12:52:08.019+0800: 7122.256: [GC (Allocation Failure) [PSYoungGen: 741360K->2272K(711680K)] 1089801K->350721K(1186304K), 0.0039669 secs] [Times: user=0.01 sys=0.00, real=0.01 secs] 
2024-07-05T12:52:08.970+0800: 7123.207: [GC (Allocation Failure) [PSYoungGen: 711392K->1024K(776704K)] 1059841K->351458K(1251328K), 0.0056588 secs] [Times: user=0.01 sys=0.00, real=0.01 secs] 
2024-07-05T12:52:10.066+0800: 7124.303: [GC (Allocation Failure) [PSYoungGen: 776704K->2144K(851456K)] 1127138K->352586K(1326080K), 0.0058210 secs] [Times: user=0.00 sys=0.00, real=0.00 secs] 
2024-07-05T12:52:11.211+0800: 7125.448: [GC (Allocation Failure) [PSYoungGen: 851040K->2192K(929792K)] 1201482K->352634K(1404416K), 0.0045791 secs] [Times: user=0.01 sys=0.00, real=0.01 secs] 
2024-07-05T12:52:12.510+0800: 7126.747: [GC (Allocation Failure) [PSYoungGen: 929424K->2128K(890368K)] 1279866K->352594K(1364992K), 0.0052893 secs] [Times: user=0.00 sys=0.00, real=0.01 secs] 
2024-07-05T12:52:13.794+0800: 7128.031: [GC (Allocation Failure) [PSYoungGen: 889936K->1520K(851968K)] 1240402K->352657K(1326592K), 0.0038273 secs] [Times: user=0.00 sys=0.00, real=0.00 secs] 
2024-07-05T12:52:14.946+0800: 7129.183: [GC (Allocation Failure) [PSYoungGen: 851952K->2144K(817152K)] 1203089K->353289K(1291776K), 0.0057372 secs] [Times: user=0.01 sys=0.00, real=0.00 secs] 
2024-07-05T12:52:16.101+0800: 7130.338: [GC (Allocation Failure) [PSYoungGen: 816736K->2336K(783360K)] 1167881K->353481K(1257984K), 0.0039683 secs] [Times: user=0.01 sys=0.00, real=0.00 secs] 
2024-07-05T12:52:17.165+0800: 7131.402: [GC (Allocation Failure) [PSYoungGen: 783136K->2112K(751104K)] 1134281K->353265K(1225728K), 0.0042422 secs] [Times: user=0.01 sys=0.00, real=0.00 secs] 
2024-07-05T12:52:18.205+0800: 7132.442: [GC (Allocation Failure) [PSYoungGen: 750656K->1504K(719360K)] 1101809K->353623K(1193984K), 0.0035869 secs] [Times: user=0.01 sys=0.00, real=0.00 secs] 
2024-07-05T12:52:19.159+0800: 7133.396: [GC (Allocation Failure) [PSYoungGen: 719328K->2432K(691200K)] 1071447K->354591K(1165824K), 0.0052948 secs] [Times: user=0.01 sys=0.00, real=0.01 secs] 
2024-07-05T12:52:20.129+0800: 7134.366: [GC (Allocation Failure) [PSYoungGen: 691072K->2496K(663552K)] 1043231K->354655K(1138176K), 0.0036826 secs] [Times: user=0.01 sys=0.00, real=0.00 secs] 
2024-07-05T12:52:21.018+0800: 7135.255: [GC (Allocation Failure) [PSYoungGen: 663488K->2384K(636928K)] 1015647K->354727K(1111552K), 0.0038090 secs] [Times: user=0.01 sys=0.00, real=0.01 secs] 
2024-07-05T12:52:21.763+0800: 7136.000: [GC (Allocation Failure) [PSYoungGen: 636752K->1520K(610816K)] 989095K->355205K(1085440K), 0.0032563 secs] [Times: user=0.01 sys=0.00, real=0.00 secs] 
2024-07-05T12:52:22.532+0800: 7136.769: [GC (Allocation Failure) [PSYoungGen: 610800K->2272K(587776K)] 964485K->355965K(1062400K), 0.0040383 secs] [Times: user=0.00 sys=0.00, real=0.01 secs] 
2024-07-05T12:52:23.279+0800: 7137.516: [GC (Allocation Failure) [PSYoungGen: 587488K->2176K(641536K)] 941181K->355869K(1116160K), 0.0041593 secs] [Times: user=0.00 sys=0.00, real=0.01 secs] 
2024-07-05T12:52:24.113+0800: 7138.350: [GC (Allocation Failure) [PSYoungGen: 641152K->2240K(699904K)] 994845K->355933K(1174528K), 0.0038599 secs] [Times: user=0.01 sys=0.00, real=0.01 secs] 
2024-07-05T12:52:24.992+0800: 7139.229: [GC (Allocation Failure) [PSYoungGen: 699584K->1520K(670720K)] 1053277K->356003K(1145344K), 0.0032444 secs] [Times: user=0.01 sys=0.00, real=0.01 secs] 
2024-07-05T12:52:25.741+0800: 7139.978: [GC (Allocation Failure) [PSYoungGen: 670704K->2368K(644608K)] 1025187K->356851K(1119232K), 0.0035741 secs] [Times: user=0.00 sys=0.00, real=0.00 secs] 
2024-07-05T12:52:26.499+0800: 7140.736: [GC (Allocation Failure) [PSYoungGen: 644416K->2560K(619008K)] 998899K->357435K(1093632K), 0.0033446 secs] [Times: user=0.01 sys=0.00, real=0.01 secs] 
2024-07-05T12:52:27.212+0800: 7141.449: [GC (Allocation Failure) [PSYoungGen: 619008K->2336K(678912K)] 973883K->357243K(1153536K), 0.0053093 secs] [Times: user=0.00 sys=0.00, real=0.01 secs] 
2024-07-05T12:52:28.049+0800: 7142.286: [GC (Allocation Failure) [PSYoungGen: 678688K->1536K(746496K)] 1033595K->357625K(1221120K), 0.0059155 secs] [Times: user=0.01 sys=0.00, real=0.01 secs] 
2024-07-05T12:52:29.065+0800: 7143.302: [GC (Allocation Failure) [PSYoungGen: 746496K->2096K(818688K)] 1102585K->358297K(1293312K), 0.0035582 secs] [Times: user=0.01 sys=0.00, real=0.00 secs] 
2024-07-05T12:52:30.079+0800: 7144.316: [GC (Allocation Failure) [PSYoungGen: 818224K->2528K(893440K)] 1174425K->358849K(1368064K), 0.0033745 secs] [Times: user=0.01 sys=0.00, real=0.01 secs] 
2024-07-05T12:52:31.116+0800: 7145.353: [GC (Allocation Failure) [PSYoungGen: 893408K->3056K(856064K)] 1249729K->360439K(1330688K), 0.0045414 secs] [Times: user=0.01 sys=0.00, real=0.00 secs] 
2024-07-05T12:52:32.151+0800: 7146.388: [GC (Allocation Failure) [PSYoungGen: 856048K->1008K(818176K)] 1213431K->360508K(1292800K), 0.0048561 secs] [Times: user=0.00 sys=0.00, real=0.01 secs] 
2024-07-05T12:52:33.157+0800: 7147.394: [GC (Allocation Failure) [PSYoungGen: 818160K->3024K(785920K)] 1177660K->362524K(1260544K), 0.0038404 secs] [Times: user=0.00 sys=0.00, real=0.00 secs] 
2024-07-05T12:52:34.210+0800: 7148.447: [GC (Allocation Failure) [PSYoungGen: 785872K->2880K(753664K)] 1145372K->362380K(1228288K), 0.0055043 secs] [Times: user=0.01 sys=0.00, real=0.01 secs] 
2024-07-05T12:52:35.478+0800: 7149.715: [GC (Allocation Failure) [PSYoungGen: 753472K->3184K(723456K)] 1112972K->362684K(1198080K), 0.0042873 secs] [Times: user=0.01 sys=0.00, real=0.01 secs] 
2024-07-05T12:52:36.698+0800: 7150.935: [GC (Allocation Failure) [PSYoungGen: 723056K->2032K(787968K)] 1082556K->362963K(1262592K), 0.0072730 secs] [Times: user=0.01 sys=0.00, real=0.01 secs] 
2024-07-05T12:52:37.599+0800: 7151.836: [GC (Allocation Failure) [PSYoungGen: 787952K->3504K(756736K)] 1148883K->364443K(1231360K), 0.0039097 secs] [Times: user=0.01 sys=0.00, real=0.01 secs] 
2024-07-05T12:52:38.467+0800: 7152.704: [GC (Allocation Failure) [PSYoungGen: 756656K->3040K(826880K)] 1117595K->364099K(1301504K), 0.0050925 secs] [Times: user=0.01 sys=0.00, real=0.00 secs] 
2024-07-05T12:52:39.429+0800: 7153.666: [GC (Allocation Failure) [PSYoungGen: 826848K->3248K(904704K)] 1187907K->364315K(1379328K), 0.0049701 secs] [Times: user=0.01 sys=0.00, real=0.01 secs] 
2024-07-05T12:52:40.444+0800: 7154.681: [GC (Allocation Failure) [PSYoungGen: 904368K->2048K(943104K)] 1265435K->364412K(1417728K), 0.0045036 secs] [Times: user=0.00 sys=0.00, real=0.00 secs] 
2024-07-05T12:52:41.535+0800: 7155.772: [GC (Allocation Failure) [PSYoungGen: 943104K->2944K(945664K)] 1305468K->365308K(1420288K), 0.0047175 secs] [Times: user=0.00 sys=0.00, real=0.00 secs] 
2024-07-05T12:52:42.578+0800: 7156.814: [GC (Allocation Failure) [PSYoungGen: 944000K->4064K(1030656K)] 1306364K->366828K(1505280K), 0.0072190 secs] [Times: user=0.01 sys=0.00, real=0.01 secs] 
2024-07-05T12:52:43.835+0800: 7158.072: [GC (Allocation Failure) [PSYoungGen: 1030624K->2464K(1031168K)] 1393388K->365596K(1505792K), 0.0044467 secs] [Times: user=0.00 sys=0.01, real=0.00 secs] 
2024-07-05T12:52:45.085+0800: 7159.322: [GC (Allocation Failure) [PSYoungGen: 1029024K->2560K(985088K)] 1392156K->365692K(1459712K), 0.0043331 secs] [Times: user=0.01 sys=0.00, real=0.00 secs] 
2024-07-05T12:52:46.274+0800: 7160.511: [GC (Allocation Failure) [PSYoungGen: 984576K->2672K(943104K)] 1347708K->365804K(1417728K), 0.0041007 secs] [Times: user=0.01 sys=0.00, real=0.00 secs] 
2024-07-05T12:52:47.431+0800: 7161.668: [GC (Allocation Failure) [PSYoungGen: 942704K->2640K(903168K)] 1305836K->365772K(1377792K), 0.0050171 secs] [Times: user=0.01 sys=0.00, real=0.01 secs] 
2024-07-05T12:52:48.475+0800: 7162.712: [GC (Allocation Failure) [PSYoungGen: 902736K->2064K(985600K)] 1265868K->365756K(1460224K), 0.0064985 secs] [Times: user=0.01 sys=0.00, real=0.01 secs] 
2024-07-05T12:52:49.645+0800: 7163.882: [GC (Allocation Failure) [PSYoungGen: 985104K->2016K(943104K)] 1348796K->365708K(1417728K), 0.0039241 secs] [Times: user=0.00 sys=0.00, real=0.00 secs] 
2024-07-05T12:52:50.777+0800: 7165.014: [GC (Allocation Failure) [PSYoungGen: 943072K->2304K(903680K)] 1306764K->365996K(1378304K), 0.0057309 secs] [Times: user=0.00 sys=0.00, real=0.01 secs] 
2024-07-05T12:52:51.866+0800: 7166.103: [GC (Allocation Failure) [PSYoungGen: 903424K->3792K(866816K)] 1267116K->367548K(1341440K), 0.0048523 secs] [Times: user=0.01 sys=0.00, real=0.00 secs] 
2024-07-05T12:52:52.882+0800: 7167.119: [GC (Allocation Failure) [PSYoungGen: 866512K->2304K(946688K)] 1230268K->366068K(1421312K), 0.0064736 secs] [Times: user=0.01 sys=0.00, real=0.00 secs] 
2024-07-05T12:52:54.001+0800: 7168.238: [GC (Allocation Failure) [PSYoungGen: 946432K->2160K(906240K)] 1310196K->365924K(1380864K), 0.0041820 secs] [Times: user=0.01 sys=0.00, real=0.00 secs] 
2024-07-05T12:52:55.050+0800: 7169.287: [GC (Allocation Failure) [PSYoungGen: 905840K->2096K(992768K)] 1269604K->365860K(1467392K), 0.0068924 secs] [Times: user=0.01 sys=0.00, real=0.01 secs] 
2024-07-05T12:52:56.320+0800: 7170.557: [GC (Allocation Failure) [PSYoungGen: 992304K->2064K(950272K)] 1356068K->365828K(1424896K), 0.0034991 secs] [Times: user=0.00 sys=0.00, real=0.01 secs] 
2024-07-05T12:52:57.641+0800: 7171.878: [GC (Allocation Failure) [PSYoungGen: 949776K->1952K(909312K)] 1313540K->365756K(1383936K), 0.0046152 secs] [Times: user=0.00 sys=0.00, real=0.00 secs] 
2024-07-05T12:52:58.744+0800: 7172.981: [GC (Allocation Failure) [PSYoungGen: 909216K->2000K(870912K)] 1273020K->365820K(1345536K), 0.0039223 secs] [Times: user=0.00 sys=0.00, real=0.00 secs] 
2024-07-05T12:52:59.821+0800: 7174.058: [GC (Allocation Failure) [PSYoungGen: 870864K->2112K(834560K)] 1234684K->365972K(1309184K), 0.0047464 secs] [Times: user=0.01 sys=0.00, real=0.00 secs] 
2024-07-05T12:53:00.760+0800: 7174.997: [GC (Allocation Failure) [PSYoungGen: 834112K->2336K(799744K)] 1197972K->366204K(1274368K), 0.0032519 secs] [Times: user=0.00 sys=0.00, real=0.01 secs] 
2024-07-05T12:53:01.658+0800: 7175.895: [GC (Allocation Failure) [PSYoungGen: 799520K->2112K(766464K)] 1163388K->365988K(1241088K), 0.0044249 secs] [Times: user=0.01 sys=0.00, real=0.01 secs] 
2024-07-05T12:53:02.519+0800: 7176.756: [GC (Allocation Failure) [PSYoungGen: 766016K->1904K(734208K)] 1129892K->365788K(1208832K), 0.0031466 secs] [Times: user=0.00 sys=0.00, real=0.01 secs] 
2024-07-05T12:53:03.424+0800: 7177.661: [GC (Allocation Failure) [PSYoungGen: 734064K->2016K(704000K)] 1097948K->365908K(1178624K), 0.0034047 secs] [Times: user=0.01 sys=0.00, real=0.00 secs] 
2024-07-05T12:53:04.238+0800: 7178.474: [GC (Allocation Failure) [PSYoungGen: 703968K->1984K(675328K)] 1067860K->365884K(1149952K), 0.0049612 secs] [Times: user=0.01 sys=0.00, real=0.01 secs] 
2024-07-05T12:53:05.050+0800: 7179.287: [GC (Allocation Failure) [PSYoungGen: 675264K->1856K(648192K)] 1039164K->365764K(1122816K), 0.0034866 secs] [Times: user=0.01 sys=0.01, real=0.01 secs] 
2024-07-05T12:53:05.860+0800: 7180.097: [GC (Allocation Failure) [PSYoungGen: 648000K->2016K(622592K)] 1011908K->365932K(1097216K), 0.0039092 secs] [Times: user=0.00 sys=0.00, real=0.01 secs] 
2024-07-05T12:53:06.604+0800: 7180.841: [GC (Allocation Failure) [PSYoungGen: 622560K->2368K(598528K)] 986476K->366292K(1073152K), 0.0033466 secs] [Times: user=0.00 sys=0.00, real=0.00 secs] 
2024-07-05T12:53:07.281+0800: 7181.518: [GC (Allocation Failure) [PSYoungGen: 598336K->1904K(574464K)] 962260K->365836K(1049088K), 0.0032406 secs] [Times: user=0.01 sys=0.00, real=0.00 secs] 
2024-07-05T12:53:07.944+0800: 7182.181: [GC (Allocation Failure) [PSYoungGen: 574320K->1888K(629248K)] 938252K->365828K(1103872K), 0.0048717 secs] [Times: user=0.01 sys=0.00, real=0.00 secs] 
2024-07-05T12:53:08.662+0800: 7182.899: [GC (Allocation Failure) [PSYoungGen: 629088K->1888K(690688K)] 993028K->365836K(1165312K), 0.0044031 secs] [Times: user=0.01 sys=0.00, real=0.00 secs] 
2024-07-05T12:53:09.425+0800: 7183.662: [GC (Allocation Failure) [PSYoungGen: 690528K->2016K(756224K)] 1054476K->365972K(1230848K), 0.0032723 secs] [Times: user=0.01 sys=0.00, real=0.00 secs] 
2024-07-05T12:53:10.297+0800: 7184.534: [GC (Allocation Failure) [PSYoungGen: 756192K->1920K(825344K)] 1120148K->365884K(1299968K), 0.0031830 secs] [Times: user=0.01 sys=0.00, real=0.00 secs] 
2024-07-05T12:53:11.286+0800: 7185.523: [GC (Allocation Failure) [PSYoungGen: 825216K->1968K(791040K)] 1189180K->365940K(1265664K), 0.0036407 secs] [Times: user=0.01 sys=0.00, real=0.00 secs] 
2024-07-05T12:53:12.294+0800: 7186.531: [GC (Allocation Failure) [PSYoungGen: 790960K->2064K(758784K)] 1154932K->366044K(1233408K), 0.0031560 secs] [Times: user=0.01 sys=0.00, real=0.00 secs] 
2024-07-05T12:53:13.239+0800: 7187.476: [GC (Allocation Failure) [PSYoungGen: 758288K->1984K(727040K)] 1122268K->365972K(1201664K), 0.0032988 secs] [Times: user=0.01 sys=0.00, real=0.01 secs] 
2024-07-05T12:53:14.146+0800: 7188.383: [GC (Allocation Failure) [PSYoungGen: 726976K->2016K(697344K)] 1090964K->366012K(1171968K), 0.0031691 secs] [Times: user=0.00 sys=0.00, real=0.00 secs] 
2024-07-05T12:53:14.995+0800: 7189.232: [GC (Allocation Failure) [PSYoungGen: 697312K->2000K(669184K)] 1061308K->366004K(1143808K), 0.0034734 secs] [Times: user=0.01 sys=0.00, real=0.00 secs] 
2024-07-05T12:53:15.811+0800: 7190.048: [GC (Allocation Failure) [PSYoungGen: 669136K->2016K(642560K)] 1033140K->366028K(1117184K), 0.0031174 secs] [Times: user=0.00 sys=0.00, real=0.01 secs] 
2024-07-05T12:53:16.546+0800: 7190.783: [GC (Allocation Failure) [PSYoungGen: 642528K->1936K(616960K)] 1006540K->365956K(1091584K), 0.0035393 secs] [Times: user=0.00 sys=0.01, real=0.00 secs] 
2024-07-05T12:53:17.249+0800: 7191.486: [GC (Allocation Failure) [PSYoungGen: 616848K->1888K(592384K)] 980868K->365916K(1067008K), 0.0030039 secs] [Times: user=0.00 sys=0.00, real=0.00 secs] 
2024-07-05T12:53:17.957+0800: 7192.194: [GC (Allocation Failure) [PSYoungGen: 592224K->2128K(648192K)] 956252K->366164K(1122816K), 0.0053410 secs] [Times: user=0.00 sys=0.00, real=0.01 secs] 
2024-07-05T12:53:18.730+0800: 7192.967: [GC (Allocation Failure) [PSYoungGen: 647760K->1920K(710144K)] 1011796K->365964K(1184768K), 0.0047013 secs] [Times: user=0.00 sys=0.00, real=0.01 secs] 
2024-07-05T12:53:19.600+0800: 7193.837: [GC (Allocation Failure) [PSYoungGen: 710016K->1952K(776192K)] 1074060K->366004K(1250816K), 0.0034864 secs] [Times: user=0.01 sys=0.00, real=0.01 secs] 
2024-07-05T12:53:20.483+0800: 7194.720: [GC (Allocation Failure) [PSYoungGen: 776096K->1536K(743424K)] 1140148K->366114K(1218048K), 0.0031306 secs] [Times: user=0.01 sys=0.00, real=0.00 secs] 
2024-07-05T12:53:21.317+0800: 7195.554: [GC (Allocation Failure) [PSYoungGen: 743424K->2320K(714240K)] 1108002K->366906K(1188864K), 0.0033042 secs] [Times: user=0.01 sys=0.00, real=0.00 secs] 
2024-07-05T12:53:22.200+0800: 7196.437: [GC (Allocation Failure) [PSYoungGen: 714000K->1520K(684032K)] 1078586K->366914K(1158656K), 0.0033118 secs] [Times: user=0.01 sys=0.00, real=0.01 secs] 
2024-07-05T12:53:23.067+0800: 7197.304: [GC (Allocation Failure) [PSYoungGen: 684016K->1984K(656896K)] 1049410K->367386K(1131520K), 0.0043150 secs] [Times: user=0.00 sys=0.00, real=0.00 secs] 
2024-07-05T12:53:23.806+0800: 7198.043: [GC (Allocation Failure) [PSYoungGen: 656832K->1952K(630784K)] 1022234K->367354K(1105408K), 0.0033255 secs] [Times: user=0.00 sys=0.00, real=0.00 secs] 
2024-07-05T12:53:24.519+0800: 7198.756: [GC (Allocation Failure) [PSYoungGen: 630688K->1952K(692224K)] 996090K->367362K(1166848K), 0.0056535 secs] [Times: user=0.01 sys=0.00, real=0.01 secs] 
2024-07-05T12:53:25.305+0800: 7199.542: [GC (Allocation Failure) [PSYoungGen: 692128K->1504K(757248K)] 1057538K->367465K(1231872K), 0.0033129 secs] [Times: user=0.00 sys=0.00, real=0.00 secs] 
2024-07-05T12:53:26.174+0800: 7200.411: [GC (Allocation Failure) [PSYoungGen: 757216K->2512K(833536K)] 1123177K->368481K(1308160K), 0.0060416 secs] [Times: user=0.01 sys=0.00, real=0.00 secs] 
2024-07-05T12:53:27.158+0800: 7201.395: [GC (Allocation Failure) [PSYoungGen: 833488K->1536K(912896K)] 1199457K->368545K(1387520K), 0.0041903 secs] [Times: user=0.00 sys=0.00, real=0.01 secs] 
2024-07-05T12:53:28.176+0800: 7202.413: [GC (Allocation Failure) [PSYoungGen: 912896K->2608K(983552K)] 1279905K->369625K(1458176K), 0.0042638 secs] [Times: user=0.01 sys=0.00, real=0.00 secs] 
2024-07-05T12:53:29.290+0800: 7203.527: [GC (Allocation Failure) [PSYoungGen: 983088K->2480K(999936K)] 1350105K->369497K(1474560K), 0.0067848 secs] [Times: user=0.00 sys=0.00, real=0.01 secs] 
2024-07-05T12:53:30.410+0800: 7204.647: [GC (Allocation Failure) [PSYoungGen: 999344K->2672K(999936K)] 1366361K->369697K(1474560K), 0.0040628 secs] [Times: user=0.01 sys=0.00, real=0.01 secs] 
2024-07-05T12:53:31.635+0800: 7205.872: [GC (Allocation Failure) [PSYoungGen: 999536K->2496K(956416K)] 1366561K->369521K(1431040K), 0.0040042 secs] [Times: user=0.00 sys=0.00, real=0.00 secs] 
2024-07-05T12:53:32.742+0800: 7206.978: [GC (Allocation Failure) [PSYoungGen: 956352K->3056K(1044480K)] 1323377K->370655K(1519104K), 0.0060654 secs] [Times: user=0.01 sys=0.00, real=0.00 secs] 
2024-07-05T12:53:34.055+0800: 7208.292: [GC (Allocation Failure) [PSYoungGen: 1044464K->2512K(998912K)] 1412063K->370119K(1473536K), 0.0046426 secs] [Times: user=0.01 sys=0.00, real=0.00 secs] 
2024-07-05T12:53:35.290+0800: 7209.527: [GC (Allocation Failure) [PSYoungGen: 998864K->2464K(955904K)] 1366471K->370071K(1430528K), 0.0036673 secs] [Times: user=0.01 sys=0.00, real=0.01 secs] 
2024-07-05T12:53:36.437+0800: 7210.674: [GC (Allocation Failure) [PSYoungGen: 955808K->2528K(914944K)] 1323415K->370143K(1389568K), 0.0037966 secs] [Times: user=0.00 sys=0.00, real=0.01 secs] 
2024-07-05T12:53:37.540+0800: 7211.777: [GC (Allocation Failure) [PSYoungGen: 914912K->2448K(876032K)] 1282527K->370111K(1350656K), 0.0056614 secs] [Times: user=0.01 sys=0.00, real=0.01 secs] 
2024-07-05T12:53:38.577+0800: 7212.814: [GC (Allocation Failure) [PSYoungGen: 875920K->2528K(839168K)] 1243583K->370207K(1313792K), 0.0032937 secs] [Times: user=0.01 sys=0.00, real=0.00 secs] 
2024-07-05T12:53:39.578+0800: 7213.815: [GC (Allocation Failure) [PSYoungGen: 839136K->2400K(804352K)] 1206815K->370087K(1278976K), 0.0058605 secs] [Times: user=0.01 sys=0.00, real=0.01 secs] 
2024-07-05T12:53:40.572+0800: 7214.809: [GC (Allocation Failure) [PSYoungGen: 804192K->2432K(771072K)] 1171879K->370119K(1245696K), 0.0037813 secs] [Times: user=0.01 sys=0.00, real=0.01 secs] 
2024-07-05T12:53:41.461+0800: 7215.698: [GC (Allocation Failure) [PSYoungGen: 770944K->2848K(739840K)] 1138631K->370543K(1214464K), 0.0036076 secs] [Times: user=0.01 sys=0.00, real=0.01 secs] 
2024-07-05T12:53:42.358+0800: 7216.595: [GC (Allocation Failure) [PSYoungGen: 739616K->992K(707584K)] 1107311K->370371K(1182208K), 0.0033015 secs] [Times: user=0.00 sys=0.00, real=0.00 secs] 
2024-07-05T12:53:43.151+0800: 7217.388: [GC (Allocation Failure) [PSYoungGen: 707552K->3568K(780800K)] 1076931K->375822K(1255424K), 0.0078947 secs] [Times: user=0.02 sys=0.00, real=0.01 secs] 
2024-07-05T12:53:44.126+0800: 7218.363: [GC (Allocation Failure) [PSYoungGen: 780784K->2512K(858112K)] 1153038K->374766K(1332736K), 0.0056611 secs] [Times: user=0.01 sys=0.00, real=0.00 secs] 
2024-07-05T12:53:45.276+0800: 7219.513: [GC (Allocation Failure) [PSYoungGen: 858064K->2768K(941568K)] 1230318K->375022K(1416192K), 0.0045993 secs] [Times: user=0.01 sys=0.00, real=0.00 secs] 
2024-07-05T12:53:46.581+0800: 7220.818: [GC (Allocation Failure) [PSYoungGen: 941264K->2480K(1031168K)] 1313518K->374750K(1505792K), 0.0055282 secs] [Times: user=0.01 sys=0.01, real=0.00 secs] 
2024-07-05T12:53:47.994+0800: 7222.230: [GC (Allocation Failure) [PSYoungGen: 1029552K->2544K(985088K)] 1401822K->374814K(1459712K), 0.0042044 secs] [Times: user=0.01 sys=0.00, real=0.00 secs] 
2024-07-05T12:53:49.318+0800: 7223.555: [GC (Allocation Failure) [PSYoungGen: 985072K->2448K(943104K)] 1357342K->374718K(1417728K), 0.0049359 secs] [Times: user=0.00 sys=0.00, real=0.01 secs] 
2024-07-05T12:53:50.650+0800: 7224.887: [GC (Allocation Failure) [PSYoungGen: 942992K->2608K(903680K)] 1315262K->374878K(1378304K), 0.0039179 secs] [Times: user=0.01 sys=0.00, real=0.01 secs] 
2024-07-05T12:53:51.674+0800: 7225.911: [GC (Allocation Failure) [PSYoungGen: 903216K->2528K(864768K)] 1275486K->374798K(1339392K), 0.0033470 secs] [Times: user=0.00 sys=0.01, real=0.00 secs] 
2024-07-05T12:53:52.639+0800: 7226.876: [GC (Allocation Failure) [PSYoungGen: 864736K->2560K(828928K)] 1237006K->374830K(1303552K), 0.0042834 secs] [Times: user=0.00 sys=0.00, real=0.01 secs] 
2024-07-05T12:53:53.562+0800: 7227.799: [GC (Allocation Failure) [PSYoungGen: 828416K->2464K(794112K)] 1200686K->374734K(1268736K), 0.0050209 secs] [Times: user=0.00 sys=0.00, real=0.00 secs] 
2024-07-05T12:53:54.514+0800: 7228.751: [GC (Allocation Failure) [PSYoungGen: 794016K->2432K(761344K)] 1166286K->374702K(1235968K), 0.0034097 secs] [Times: user=0.01 sys=0.00, real=0.00 secs] 
2024-07-05T12:53:55.373+0800: 7229.610: [GC (Allocation Failure) [PSYoungGen: 761216K->2496K(730112K)] 1133486K->374766K(1204736K), 0.0033570 secs] [Times: user=0.00 sys=0.00, real=0.01 secs] 
2024-07-05T12:53:56.203+0800: 7230.440: [GC (Allocation Failure) [PSYoungGen: 730048K->3584K(798720K)] 1102318K->378861K(1273344K), 0.0059422 secs] [Times: user=0.01 sys=0.00, real=0.00 secs] 
2024-07-05T12:53:57.114+0800: 7231.351: [GC (Allocation Failure) [PSYoungGen: 798720K->1520K(872960K)] 1173997K->380814K(1347584K), 0.0056212 secs] [Times: user=0.01 sys=0.00, real=0.00 secs] 
2024-07-05T12:53:58.135+0800: 7232.371: [GC (Allocation Failure) [PSYoungGen: 872944K->2960K(955904K)] 1252238K->382686K(1430528K), 0.0041239 secs] [Times: user=0.00 sys=0.00, real=0.00 secs] 
2024-07-05T12:53:59.193+0800: 7233.430: [GC (Allocation Failure) [PSYoungGen: 955792K->2992K(914944K)] 1335518K->382718K(1389568K), 0.0040097 secs] [Times: user=0.00 sys=0.00, real=0.01 secs] 
2024-07-05T12:54:00.321+0800: 7234.558: [GC (Allocation Failure) [PSYoungGen: 914864K->3296K(876544K)] 1294590K->383022K(1351168K), 0.0049923 secs] [Times: user=0.00 sys=0.01, real=0.01 secs] 
2024-07-05T12:54:01.382+0800: 7235.619: [GC (Allocation Failure) [PSYoungGen: 876256K->3024K(839168K)] 1255982K->382758K(1313792K), 0.0042706 secs] [Times: user=0.00 sys=0.00, real=0.00 secs] 
2024-07-05T12:54:02.411+0800: 7236.648: [GC (Allocation Failure) [PSYoungGen: 839120K->2992K(804352K)] 1218854K->382734K(1278976K), 0.0052247 secs] [Times: user=0.01 sys=0.00, real=0.01 secs] 
2024-07-05T12:54:03.364+0800: 7237.601: [GC (Allocation Failure) [PSYoungGen: 804272K->3120K(771584K)] 1184014K->382870K(1246208K), 0.0046695 secs] [Times: user=0.01 sys=0.00, real=0.00 secs] 
2024-07-05T12:54:04.333+0800: 7238.570: [GC (Allocation Failure) [PSYoungGen: 771120K->2976K(739328K)] 1150870K->382734K(1213952K), 0.0043713 secs] [Times: user=0.01 sys=0.00, real=0.00 secs] 
2024-07-05T12:54:05.149+0800: 7239.385: [GC (Allocation Failure) [PSYoungGen: 739232K->3040K(709120K)] 1118990K->382806K(1183744K), 0.0039143 secs] [Times: user=0.01 sys=0.00, real=0.00 secs] 
2024-07-05T12:54:05.930+0800: 7240.167: [GC (Allocation Failure) [PSYoungGen: 709088K->3264K(781312K)] 1088854K->383038K(1255936K), 0.0071543 secs] [Times: user=0.01 sys=0.00, real=0.01 secs] 
2024-07-05T12:54:06.906+0800: 7241.143: [GC (Allocation Failure) [PSYoungGen: 780992K->3040K(859136K)] 1160766K->382822K(1333760K), 0.0053062 secs] [Times: user=0.00 sys=0.00, real=0.00 secs] 
2024-07-05T12:54:07.870+0800: 7242.107: [GC (Allocation Failure) [PSYoungGen: 859104K->3008K(943104K)] 1238886K->382798K(1417728K), 0.0045069 secs] [Times: user=0.00 sys=0.00, real=0.01 secs] 
2024-07-05T12:54:08.934+0800: 7243.171: [GC (Allocation Failure) [PSYoungGen: 943040K->3568K(995840K)] 1322830K->384637K(1470464K), 0.0053758 secs] [Times: user=0.00 sys=0.00, real=0.00 secs] 
2024-07-05T12:54:10.122+0800: 7244.359: [GC (Allocation Failure) [PSYoungGen: 995824K->4064K(997376K)] 1376893K->386285K(1472000K), 0.0051334 secs] [Times: user=0.01 sys=0.00, real=0.00 secs] 
2024-07-05T12:54:11.314+0800: 7245.551: [GC (Allocation Failure) [PSYoungGen: 996320K->4224K(1043456K)] 1378541K->386445K(1518080K), 0.0053477 secs] [Times: user=0.00 sys=0.00, real=0.00 secs] 
2024-07-05T12:54:12.590+0800: 7246.827: [GC (Allocation Failure) [PSYoungGen: 1042560K->4336K(1042944K)] 1424781K->386557K(1517568K), 0.0086454 secs] [Times: user=0.01 sys=0.01, real=0.01 secs] 
2024-07-05T12:54:13.885+0800: 7248.122: [GC (Allocation Failure) [PSYoungGen: 1042672K->4080K(1042944K)] 1424893K->386317K(1517568K), 0.0042548 secs] [Times: user=0.00 sys=0.01, real=0.00 secs] 
2024-07-05T12:54:15.124+0800: 7249.361: [GC (Allocation Failure) [PSYoungGen: 1041392K->4016K(996352K)] 1423629K->386261K(1470976K), 0.0047992 secs] [Times: user=0.01 sys=0.01, real=0.00 secs] 
2024-07-05T12:54:16.293+0800: 7250.530: [GC (Allocation Failure) [PSYoungGen: 996272K->2016K(951808K)] 1378517K->386528K(1426432K), 0.0043881 secs] [Times: user=0.01 sys=0.00, real=0.00 secs] 
2024-07-05T12:54:17.534+0800: 7251.771: [GC (Allocation Failure) [PSYoungGen: 951776K->3824K(913408K)] 1336288K->388336K(1388032K), 0.0043855 secs] [Times: user=0.00 sys=0.00, real=0.00 secs] 
2024-07-05T12:54:18.611+0800: 7252.847: [GC (Allocation Failure) [PSYoungGen: 913136K->4160K(997376K)] 1297648K->388672K(1472000K), 0.0069381 secs] [Times: user=0.01 sys=0.00, real=0.01 secs] 
2024-07-05T12:54:19.795+0800: 7254.032: [GC (Allocation Failure) [PSYoungGen: 996928K->3792K(954368K)] 1381440K->388304K(1428992K), 0.0044798 secs] [Times: user=0.00 sys=0.00, real=0.00 secs] 
2024-07-05T12:54:20.917+0800: 7255.154: [GC (Allocation Failure) [PSYoungGen: 954064K->3040K(912896K)] 1338576K->388902K(1387520K), 0.0043139 secs] [Times: user=0.01 sys=0.00, real=0.01 secs] 
2024-07-05T12:54:22.030+0800: 7256.267: [GC (Allocation Failure) [PSYoungGen: 912864K->3808K(875520K)] 1298726K->389670K(1350144K), 0.0053210 secs] [Times: user=0.01 sys=0.00, real=0.01 secs] 
2024-07-05T12:54:23.139+0800: 7257.376: [GC (Allocation Failure) [PSYoungGen: 875232K->3760K(838656K)] 1261094K->389622K(1313280K), 0.0054795 secs] [Times: user=0.01 sys=0.00, real=0.01 secs] 
2024-07-05T12:54:24.242+0800: 7258.479: [GC (Allocation Failure) [PSYoungGen: 838320K->3792K(914944K)] 1224182K->389654K(1389568K), 0.0058925 secs] [Times: user=0.00 sys=0.00, real=0.00 secs] 
2024-07-05T12:54:25.332+0800: 7259.569: [GC (Allocation Failure) [PSYoungGen: 914640K->2560K(874496K)] 1300502K->390247K(1349120K), 0.0045104 secs] [Times: user=0.01 sys=0.00, real=0.01 secs] 
2024-07-05T12:54:26.396+0800: 7260.633: [GC (Allocation Failure) [PSYoungGen: 874496K->2480K(837632K)] 1262183K->390919K(1312256K), 0.0044085 secs] [Times: user=0.01 sys=0.00, real=0.00 secs] 
2024-07-05T12:54:27.379+0800: 7261.616: [GC (Allocation Failure) [PSYoungGen: 837552K->2384K(802816K)] 1225991K->390823K(1277440K), 0.0035958 secs] [Times: user=0.01 sys=0.00, real=0.01 secs] 
2024-07-05T12:54:28.289+0800: 7262.526: [GC (Allocation Failure) [PSYoungGen: 802640K->2416K(769536K)] 1191079K->390855K(1244160K), 0.0032886 secs] [Times: user=0.01 sys=0.00, real=0.00 secs] 
2024-07-05T12:54:29.225+0800: 7263.462: [GC (Allocation Failure) [PSYoungGen: 769392K->2560K(840192K)] 1157831K->390999K(1314816K), 0.0062924 secs] [Times: user=0.00 sys=0.00, real=0.00 secs] 
2024-07-05T12:54:30.213+0800: 7264.450: [GC (Allocation Failure) [PSYoungGen: 839680K->2416K(920576K)] 1228119K->390855K(1395200K), 0.0067736 secs] [Times: user=0.01 sys=0.00, real=0.01 secs] 
2024-07-05T12:54:31.453+0800: 7265.689: [GC (Allocation Failure) [PSYoungGen: 920432K->2448K(881664K)] 1308871K->390887K(1356288K), 0.0035070 secs] [Times: user=0.01 sys=0.00, real=0.01 secs] 
2024-07-05T12:54:32.439+0800: 7266.676: [GC (Allocation Failure) [PSYoungGen: 881552K->2448K(844288K)] 1269991K->390887K(1318912K), 0.0033979 secs] [Times: user=0.00 sys=0.00, real=0.01 secs] 
2024-07-05T12:54:33.390+0800: 7267.627: [GC (Allocation Failure) [PSYoungGen: 844176K->2416K(808960K)] 1232615K->390855K(1283584K), 0.0033568 secs] [Times: user=0.01 sys=0.00, real=0.00 secs] 
2024-07-05T12:54:34.409+0800: 7268.646: [GC (Allocation Failure) [PSYoungGen: 808816K->2432K(775168K)] 1197255K->390871K(1249792K), 0.0034547 secs] [Times: user=0.01 sys=0.00, real=0.00 secs] 
2024-07-05T12:54:35.286+0800: 7269.523: [GC (Allocation Failure) [PSYoungGen: 775040K->2432K(743424K)] 1163479K->390871K(1218048K), 0.0060246 secs] [Times: user=0.01 sys=0.00, real=0.00 secs] 
2024-07-05T12:54:36.146+0800: 7270.383: [GC (Allocation Failure) [PSYoungGen: 743296K->2544K(813056K)] 1131735K->390983K(1287680K), 0.0051214 secs] [Times: user=0.01 sys=0.00, real=0.00 secs] 
2024-07-05T12:54:37.117+0800: 7271.354: [GC (Allocation Failure) [PSYoungGen: 813040K->2576K(891392K)] 1201479K->391015K(1366016K), 0.0056604 secs] [Times: user=0.00 sys=0.00, real=0.01 secs] 
2024-07-05T12:54:38.246+0800: 7272.483: [GC (Allocation Failure) [PSYoungGen: 890896K->2400K(853504K)] 1279335K->390839K(1328128K), 0.0035058 secs] [Times: user=0.00 sys=0.00, real=0.00 secs] 
2024-07-05T12:54:39.272+0800: 7273.509: [GC (Allocation Failure) [PSYoungGen: 853344K->2384K(817664K)] 1241783K->390823K(1292288K), 0.0034195 secs] [Times: user=0.00 sys=0.00, real=0.01 secs] 
2024-07-05T12:54:40.261+0800: 7274.498: [GC (Allocation Failure) [PSYoungGen: 817488K->1984K(783360K)] 1205927K->391021K(1257984K), 0.0051282 secs] [Times: user=0.01 sys=0.00, real=0.01 secs] 
2024-07-05T12:54:41.180+0800: 7275.417: [GC (Allocation Failure) [PSYoungGen: 783296K->1872K(751104K)] 1172333K->390917K(1225728K), 0.0034713 secs] [Times: user=0.01 sys=0.00, real=0.01 secs] 
2024-07-05T12:54:42.079+0800: 7276.316: [GC (Allocation Failure) [PSYoungGen: 750928K->1984K(819712K)] 1139973K->391037K(1294336K), 0.0054069 secs] [Times: user=0.01 sys=0.00, real=0.01 secs] 
2024-07-05T12:54:43.048+0800: 7277.285: [GC (Allocation Failure) [PSYoungGen: 819648K->1920K(785408K)] 1208701K->390981K(1260032K), 0.0040312 secs] [Times: user=0.01 sys=0.00, real=0.00 secs] 
2024-07-05T12:54:43.934+0800: 7278.171: [GC (Allocation Failure) [PSYoungGen: 785280K->2144K(753664K)] 1174341K->391213K(1228288K), 0.0043395 secs] [Times: user=0.00 sys=0.00, real=0.00 secs] 
2024-07-05T12:54:44.817+0800: 7279.054: [GC (Allocation Failure) [PSYoungGen: 753248K->2096K(722944K)] 1142317K->391173K(1197568K), 0.0033391 secs] [Times: user=0.01 sys=0.00, real=0.00 secs] 
2024-07-05T12:54:45.684+0800: 7279.921: [GC (Allocation Failure) [PSYoungGen: 722480K->2048K(693760K)] 1111557K->391133K(1168384K), 0.0040547 secs] [Times: user=0.00 sys=0.00, real=0.00 secs] 
2024-07-05T12:54:46.542+0800: 7280.779: [GC (Allocation Failure) [PSYoungGen: 693248K->2000K(665088K)] 1082333K->391093K(1139712K), 0.0038270 secs] [Times: user=0.01 sys=0.00, real=0.00 secs] 
2024-07-05T12:54:47.326+0800: 7281.563: [GC (Allocation Failure) [PSYoungGen: 665040K->2016K(638464K)] 1054133K->391117K(1113088K), 0.0033788 secs] [Times: user=0.00 sys=0.00, real=0.00 secs] 
2024-07-05T12:54:48.066+0800: 7282.303: [GC (Allocation Failure) [PSYoungGen: 638432K->3728K(698880K)] 1027533K->392837K(1173504K), 0.0042255 secs] [Times: user=0.01 sys=0.00, real=0.00 secs] 
2024-07-05T12:54:48.920+0800: 7283.157: [GC (Allocation Failure) [PSYoungGen: 698512K->2000K(668672K)] 1087621K->391117K(1143296K), 0.0034157 secs] [Times: user=0.01 sys=0.00, real=0.01 secs] 
2024-07-05T12:54:49.756+0800: 7283.993: [GC (Allocation Failure) [PSYoungGen: 668624K->2064K(730624K)] 1057741K->391189K(1205248K), 0.0047986 secs] [Times: user=0.01 sys=0.00, real=0.00 secs] 
2024-07-05T12:54:50.686+0800: 7284.923: [GC (Allocation Failure) [PSYoungGen: 730128K->1920K(700416K)] 1119253K->391053K(1175040K), 0.0039852 secs] [Times: user=0.01 sys=0.00, real=0.00 secs] 
2024-07-05T12:54:51.554+0800: 7285.790: [GC (Allocation Failure) [PSYoungGen: 700288K->2368K(766464K)] 1089421K->391509K(1241088K), 0.0052490 secs] [Times: user=0.01 sys=0.00, real=0.00 secs] 
2024-07-05T12:54:52.560+0800: 7286.797: [GC (Allocation Failure) [PSYoungGen: 766272K->1952K(838656K)] 1155413K->391101K(1313280K), 0.0056397 secs] [Times: user=0.01 sys=0.00, real=0.01 secs] 
2024-07-05T12:54:53.538+0800: 7287.775: [GC (Allocation Failure) [PSYoungGen: 838560K->2016K(918016K)] 1227709K->391173K(1392640K), 0.0050510 secs] [Times: user=0.01 sys=0.00, real=0.01 secs] 
2024-07-05T12:54:54.657+0800: 7288.894: [GC (Allocation Failure) [PSYoungGen: 917984K->2064K(879616K)] 1307141K->391229K(1354240K), 0.0035273 secs] [Times: user=0.01 sys=0.00, real=0.00 secs] 
2024-07-05T12:54:55.705+0800: 7289.942: [GC (Allocation Failure) [PSYoungGen: 879120K->2064K(842752K)] 1268285K->391237K(1317376K), 0.0033030 secs] [Times: user=0.01 sys=0.00, real=0.00 secs] 
2024-07-05T12:54:56.753+0800: 7290.990: [GC (Allocation Failure) [PSYoungGen: 842256K->1888K(806912K)] 1231429K->391069K(1281536K), 0.0055201 secs] [Times: user=0.00 sys=0.00, real=0.01 secs] 
2024-07-05T12:54:57.747+0800: 7291.984: [GC (Allocation Failure) [PSYoungGen: 806752K->1968K(773632K)] 1195933K->391157K(1248256K), 0.0034089 secs] [Times: user=0.01 sys=0.00, real=0.00 secs] 
2024-07-05T12:54:58.804+0800: 7293.041: [GC (Allocation Failure) [PSYoungGen: 773552K->2704K(742912K)] 1162741K->391901K(1217536K), 0.0043474 secs] [Times: user=0.01 sys=0.00, real=0.00 secs] 
2024-07-05T12:54:59.704+0800: 7293.941: [GC (Allocation Failure) [PSYoungGen: 742544K->2544K(712192K)] 1131741K->392637K(1186816K), 0.0046197 secs] [Times: user=0.01 sys=0.00, real=0.00 secs] 
2024-07-05T12:55:00.578+0800: 7294.815: [GC (Allocation Failure) [PSYoungGen: 712176K->4064K(685056K)] 1102269K->394357K(1159680K), 0.0044922 secs] [Times: user=0.01 sys=0.00, real=0.01 secs] 
2024-07-05T12:55:01.397+0800: 7295.634: [GC (Allocation Failure) [PSYoungGen: 685024K->2048K(750080K)] 1075317K->394804K(1224704K), 0.0065863 secs] [Times: user=0.01 sys=0.00, real=0.01 secs] 
2024-07-05T12:55:02.347+0800: 7296.584: [GC (Allocation Failure) [PSYoungGen: 750080K->3920K(825856K)] 1142836K->396676K(1300480K), 0.0049850 secs] [Times: user=0.01 sys=0.00, real=0.00 secs] 
2024-07-05T12:55:03.406+0800: 7297.643: [GC (Allocation Failure) [PSYoungGen: 825680K->3920K(908288K)] 1218436K->396676K(1382912K), 0.0066535 secs] [Times: user=0.01 sys=0.00, real=0.00 secs] 
2024-07-05T12:55:04.513+0800: 7298.750: [GC (Allocation Failure) [PSYoungGen: 908112K->3968K(952320K)] 1300868K->396724K(1426944K), 0.0059736 secs] [Times: user=0.01 sys=0.00, real=0.01 secs] 
2024-07-05T12:55:05.680+0800: 7299.917: [GC (Allocation Failure) [PSYoungGen: 950656K->3856K(999936K)] 1343412K->396612K(1474560K), 0.0054636 secs] [Times: user=0.00 sys=0.01, real=0.01 secs] 
2024-07-05T12:55:06.883+0800: 7301.120: [GC (Allocation Failure) [PSYoungGen: 998160K->3808K(999936K)] 1390916K->396564K(1474560K), 0.0057780 secs] [Times: user=0.00 sys=0.00, real=0.00 secs] 
2024-07-05T12:55:08.120+0800: 7302.357: [GC (Allocation Failure) [PSYoungGen: 998112K->3952K(1042944K)] 1390868K->396708K(1517568K), 0.0057085 secs] [Times: user=0.01 sys=0.00, real=0.01 secs] 
2024-07-05T12:55:09.430+0800: 7303.667: [GC (Allocation Failure) [PSYoungGen: 1041264K->3952K(1042944K)] 1434020K->396708K(1517568K), 0.0075641 secs] [Times: user=0.01 sys=0.00, real=0.01 secs] 
2024-07-05T12:55:10.714+0800: 7304.951: [GC (Allocation Failure) [PSYoungGen: 1041264K->3920K(1042944K)] 1434020K->396676K(1517568K), 0.0053912 secs] [Times: user=0.01 sys=0.00, real=0.00 secs] 
2024-07-05T12:55:12.056+0800: 7306.293: [GC (Allocation Failure) [PSYoungGen: 1041232K->3936K(996352K)] 1433988K->396692K(1470976K), 0.0044367 secs] [Times: user=0.00 sys=0.00, real=0.00 secs] 
2024-07-05T12:55:13.240+0800: 7307.476: [GC (Allocation Failure) [PSYoungGen: 996192K->2048K(951808K)] 1388948K->396940K(1426432K), 0.0053421 secs] [Times: user=0.00 sys=0.01, real=0.01 secs] 
2024-07-05T12:55:14.330+0800: 7308.567: [GC (Allocation Failure) [PSYoungGen: 951808K->3696K(913408K)] 1346700K->398588K(1388032K), 0.0045495 secs] [Times: user=0.00 sys=0.00, real=0.01 secs] 
2024-07-05T12:55:15.382+0800: 7309.618: [GC (Allocation Failure) [PSYoungGen: 913008K->3264K(874496K)] 1307900K->398156K(1349120K), 0.0042228 secs] [Times: user=0.00 sys=0.00, real=0.00 secs] 
2024-07-05T12:55:16.354+0800: 7310.591: [GC (Allocation Failure) [PSYoungGen: 874176K->2416K(953856K)] 1269068K->398300K(1428480K), 0.0059589 secs] [Times: user=0.01 sys=0.00, real=0.00 secs] 
2024-07-05T12:55:17.482+0800: 7311.719: [GC (Allocation Failure) [PSYoungGen: 953712K->2016K(912896K)] 1349596K->398156K(1387520K), 0.0034948 secs] [Times: user=0.01 sys=0.00, real=0.00 secs] 
2024-07-05T12:55:18.494+0800: 7312.731: [GC (Allocation Failure) [PSYoungGen: 912864K->2272K(874496K)] 1309004K->398412K(1349120K), 0.0052356 secs] [Times: user=0.00 sys=0.00, real=0.00 secs] 
2024-07-05T12:55:19.495+0800: 7313.732: [GC (Allocation Failure) [PSYoungGen: 874208K->2480K(837632K)] 1270348K->398620K(1312256K), 0.0035680 secs] [Times: user=0.01 sys=0.00, real=0.00 secs] 
2024-07-05T12:55:20.514+0800: 7314.751: [GC (Allocation Failure) [PSYoungGen: 837552K->2176K(802816K)] 1233692K->398316K(1277440K), 0.0049271 secs] [Times: user=0.01 sys=0.00, real=0.00 secs] 
2024-07-05T12:55:21.403+0800: 7315.640: [GC (Allocation Failure) [PSYoungGen: 802432K->2160K(769536K)] 1198572K->398300K(1244160K), 0.0046877 secs] [Times: user=0.01 sys=0.00, real=0.00 secs] 
2024-07-05T12:55:22.418+0800: 7316.655: [GC (Allocation Failure) [PSYoungGen: 769136K->2112K(737792K)] 1165276K->398252K(1212416K), 0.0044247 secs] [Times: user=0.00 sys=0.00, real=0.01 secs] 
2024-07-05T12:55:23.322+0800: 7317.559: [GC (Allocation Failure) [PSYoungGen: 737344K->2224K(707584K)] 1133484K->398364K(1182208K), 0.0044077 secs] [Times: user=0.01 sys=0.00, real=0.00 secs] 
2024-07-05T12:55:24.214+0800: 7318.451: [GC (Allocation Failure) [PSYoungGen: 707248K->2096K(774656K)] 1103388K->398236K(1249280K), 0.0058450 secs] [Times: user=0.01 sys=0.00, real=0.00 secs] 
2024-07-05T12:55:25.074+0800: 7319.311: [GC (Allocation Failure) [PSYoungGen: 774192K->3920K(849408K)] 1170332K->400060K(1324032K), 0.0044117 secs] [Times: user=0.01 sys=0.00, real=0.00 secs] 
2024-07-05T12:55:26.043+0800: 7320.280: [GC (Allocation Failure) [PSYoungGen: 849232K->3792K(928256K)] 1245372K->399932K(1402880K), 0.0043501 secs] [Times: user=0.01 sys=0.00, real=0.00 secs] 
2024-07-05T12:55:27.117+0800: 7321.354: [GC (Allocation Failure) [PSYoungGen: 927952K->2080K(887296K)] 1324092K->398220K(1361920K), 0.0031507 secs] [Times: user=0.01 sys=0.00, real=0.00 secs] 
2024-07-05T12:55:28.215+0800: 7322.452: [GC (Allocation Failure) [PSYoungGen: 886816K->2416K(849920K)] 1282956K->398660K(1324544K), 0.0034721 secs] [Times: user=0.01 sys=0.00, real=0.00 secs] 
2024-07-05T12:55:29.276+0800: 7323.513: [GC (Allocation Failure) [PSYoungGen: 849776K->2000K(813568K)] 1246020K->398260K(1288192K), 0.0038802 secs] [Times: user=0.00 sys=0.00, real=0.00 secs] 
2024-07-05T12:55:30.291+0800: 7324.528: [GC (Allocation Failure) [PSYoungGen: 813520K->3920K(781824K)] 1209780K->400188K(1256448K), 0.0052825 secs] [Times: user=0.01 sys=0.00, real=0.01 secs] 
2024-07-05T12:55:31.241+0800: 7325.478: [GC (Allocation Failure) [PSYoungGen: 781648K->2448K(748032K)] 1177916K->398724K(1222656K), 0.0037611 secs] [Times: user=0.00 sys=0.00, real=0.01 secs] 
2024-07-05T12:55:32.100+0800: 7326.337: [GC (Allocation Failure) [PSYoungGen: 747920K->1888K(716800K)] 1144196K->398172K(1191424K), 0.0033232 secs] [Times: user=0.00 sys=0.00, real=0.01 secs] 
2024-07-05T12:55:32.894+0800: 7327.131: [GC (Allocation Failure) [PSYoungGen: 716640K->2416K(688128K)] 1112924K->398708K(1162752K), 0.0044426 secs] [Times: user=0.01 sys=0.00, real=0.00 secs] 
2024-07-05T12:55:33.668+0800: 7327.905: [GC (Allocation Failure) [PSYoungGen: 687984K->1920K(659968K)] 1084276K->398220K(1134592K), 0.0034568 secs] [Times: user=0.01 sys=0.00, real=0.00 secs] 
2024-07-05T12:55:34.426+0800: 7328.663: [GC (Allocation Failure) [PSYoungGen: 659840K->2304K(633856K)] 1056140K->398612K(1108480K), 0.0035413 secs] [Times: user=0.00 sys=0.01, real=0.00 secs] 
2024-07-05T12:55:35.203+0800: 7329.440: [GC (Allocation Failure) [PSYoungGen: 633600K->1904K(608256K)] 1029908K->398220K(1082880K), 0.0033315 secs] [Times: user=0.01 sys=0.00, real=0.00 secs] 
2024-07-05T12:55:35.938+0800: 7330.175: [GC (Allocation Failure) [PSYoungGen: 608112K->2064K(584704K)] 1004428K->398388K(1059328K), 0.0038678 secs] [Times: user=0.00 sys=0.00, real=0.01 secs] 
2024-07-05T12:55:36.735+0800: 7330.972: [GC (Allocation Failure) [PSYoungGen: 584208K->2064K(562176K)] 980532K->398396K(1036800K), 0.0032981 secs] [Times: user=0.00 sys=0.00, real=0.00 secs] 
2024-07-05T12:55:37.416+0800: 7331.653: [GC (Allocation Failure) [PSYoungGen: 561680K->1840K(540160K)] 958012K->398180K(1014784K), 0.0037364 secs] [Times: user=0.01 sys=0.00, real=0.00 secs] 
2024-07-05T12:55:38.072+0800: 7332.309: [GC (Allocation Failure) [PSYoungGen: 539952K->2096K(590336K)] 936292K->398444K(1064960K), 0.0035623 secs] [Times: user=0.00 sys=0.00, real=0.01 secs] 
2024-07-05T12:55:38.802+0800: 7333.039: [GC (Allocation Failure) [PSYoungGen: 589872K->2064K(644096K)] 986220K->398420K(1118720K), 0.0033386 secs] [Times: user=0.01 sys=0.00, real=0.00 secs] 
2024-07-05T12:55:39.582+0800: 7333.819: [GC (Allocation Failure) [PSYoungGen: 643600K->1952K(706048K)] 1039956K->398316K(1180672K), 0.0056975 secs] [Times: user=0.00 sys=0.00, real=0.00 secs] 
2024-07-05T12:55:40.458+0800: 7334.695: [GC (Allocation Failure) [PSYoungGen: 705952K->1936K(772608K)] 1102316K->398308K(1247232K), 0.0039139 secs] [Times: user=0.01 sys=0.00, real=0.01 secs] 
2024-07-05T12:55:41.388+0800: 7335.625: [GC (Allocation Failure) [PSYoungGen: 772496K->1840K(740864K)] 1168868K->398220K(1215488K), 0.0033423 secs] [Times: user=0.01 sys=0.00, real=0.00 secs] 
2024-07-05T12:55:42.222+0800: 7336.459: [GC (Allocation Failure) [PSYoungGen: 740656K->2016K(810496K)] 1137036K->398404K(1285120K), 0.0050819 secs] [Times: user=0.01 sys=0.00, real=0.00 secs] 
2024-07-05T12:55:43.152+0800: 7337.388: [GC (Allocation Failure) [PSYoungGen: 810464K->1952K(776704K)] 1206852K->398348K(1251328K), 0.0032537 secs] [Times: user=0.01 sys=0.00, real=0.01 secs] 
2024-07-05T12:55:44.024+0800: 7338.261: [GC (Allocation Failure) [PSYoungGen: 776608K->2080K(744960K)] 1173004K->398484K(1219584K), 0.0031745 secs] [Times: user=0.00 sys=0.00, real=0.00 secs] 
2024-07-05T12:55:44.902+0800: 7339.139: [GC (Allocation Failure) [PSYoungGen: 744480K->2080K(714240K)] 1140884K->398492K(1188864K), 0.0047727 secs] [Times: user=0.01 sys=0.00, real=0.00 secs] 
2024-07-05T12:55:45.790+0800: 7340.027: [GC (Allocation Failure) [PSYoungGen: 713760K->2016K(684544K)] 1110172K->398436K(1159168K), 0.0032372 secs] [Times: user=0.00 sys=0.00, real=0.01 secs] 
2024-07-05T12:55:46.606+0800: 7340.842: [GC (Allocation Failure) [PSYoungGen: 684512K->1936K(656896K)] 1080932K->398364K(1131520K), 0.0035009 secs] [Times: user=0.00 sys=0.00, real=0.00 secs] 
2024-07-05T12:55:47.502+0800: 7341.739: [GC (Allocation Failure) [PSYoungGen: 656784K->1936K(630784K)] 1053212K->398372K(1105408K), 0.0040716 secs] [Times: user=0.01 sys=0.00, real=0.00 secs] 
2024-07-05T12:55:48.341+0800: 7342.578: [GC (Allocation Failure) [PSYoungGen: 630672K->1936K(688640K)] 1027108K->398380K(1163264K), 0.0052713 secs] [Times: user=0.01 sys=0.00, real=0.00 secs] 
2024-07-05T12:55:49.136+0800: 7343.373: [GC (Allocation Failure) [PSYoungGen: 688528K->1968K(660992K)] 1084972K->398420K(1135616K), 0.0032560 secs] [Times: user=0.00 sys=0.00, real=0.00 secs] 
2024-07-05T12:55:49.868+0800: 7344.105: [GC (Allocation Failure) [PSYoungGen: 660912K->1888K(634368K)] 1057364K->398348K(1108992K), 0.0033384 secs] [Times: user=0.00 sys=0.00, real=0.00 secs] 
2024-07-05T12:55:50.623+0800: 7344.860: [GC (Allocation Failure) [PSYoungGen: 634208K->2032K(693760K)] 1030668K->398500K(1168384K), 0.0045627 secs] [Times: user=0.01 sys=0.00, real=0.00 secs] 
2024-07-05T12:55:51.473+0800: 7345.710: [GC (Allocation Failure) [PSYoungGen: 693744K->1984K(759296K)] 1090212K->398460K(1233920K), 0.0045901 secs] [Times: user=0.01 sys=0.00, real=0.00 secs] 
2024-07-05T12:55:52.422+0800: 7346.659: [GC (Allocation Failure) [PSYoungGen: 759232K->2032K(728064K)] 1155708K->398516K(1202688K), 0.0033834 secs] [Times: user=0.01 sys=0.00, real=0.00 secs] 
2024-07-05T12:55:53.338+0800: 7347.575: [GC (Allocation Failure) [PSYoungGen: 728048K->1968K(798720K)] 1124532K->398460K(1273344K), 0.0067653 secs] [Times: user=0.00 sys=0.00, real=0.01 secs] 
2024-07-05T12:55:54.231+0800: 7348.468: [GC (Allocation Failure) [PSYoungGen: 798640K->2016K(874496K)] 1195132K->398516K(1349120K), 0.0037617 secs] [Times: user=0.00 sys=0.00, real=0.01 secs] 
2024-07-05T12:55:55.242+0800: 7349.479: [GC (Allocation Failure) [PSYoungGen: 874464K->1888K(956416K)] 1270964K->398396K(1431040K), 0.0048189 secs] [Times: user=0.00 sys=0.00, real=0.00 secs] 
2024-07-05T12:55:56.414+0800: 7350.651: [GC (Allocation Failure) [PSYoungGen: 955744K->2016K(914944K)] 1352252K->398532K(1389568K), 0.0036905 secs] [Times: user=0.01 sys=0.00, real=0.00 secs] 
2024-07-05T12:55:57.550+0800: 7351.787: [GC (Allocation Failure) [PSYoungGen: 914912K->2560K(956928K)] 1311428K->400293K(1431552K), 0.0084516 secs] [Times: user=0.01 sys=0.00, real=0.01 secs] 
2024-07-05T12:55:58.787+0800: 7353.024: [GC (Allocation Failure) [PSYoungGen: 956928K->3056K(1003008K)] 1354661K->401729K(1477632K), 0.0059197 secs] [Times: user=0.00 sys=0.01, real=0.00 secs] 
2024-07-05T12:56:00.066+0800: 7354.303: [GC (Allocation Failure) [PSYoungGen: 1002992K->4080K(1004032K)] 1401665K->402945K(1478656K), 0.0056011 secs] [Times: user=0.01 sys=0.00, real=0.00 secs] 
2024-07-05T12:56:01.364+0800: 7355.601: [GC (Allocation Failure) [PSYoungGen: 1004016K->4480K(1042944K)] 1402881K->403353K(1517568K), 0.0062773 secs] [Times: user=0.01 sys=0.01, real=0.00 secs] 
2024-07-05T12:56:02.597+0800: 7356.834: [GC (Allocation Failure) [PSYoungGen: 1042816K->4528K(1042944K)] 1441689K->403401K(1517568K), 0.0058587 secs] [Times: user=0.01 sys=0.00, real=0.01 secs] 
2024-07-05T12:56:03.890+0800: 7358.127: [GC (Allocation Failure) [PSYoungGen: 1042864K->5616K(1041920K)] 1441737K->404809K(1516544K), 0.0072579 secs] [Times: user=0.01 sys=0.00, real=0.01 secs] 
2024-07-05T12:56:05.167+0800: 7359.404: [GC (Allocation Failure) [PSYoungGen: 1041904K->4336K(1040896K)] 1441097K->403537K(1515520K), 0.0047154 secs] [Times: user=0.01 sys=0.00, real=0.00 secs] 
2024-07-05T12:56:06.444+0800: 7360.681: [GC (Allocation Failure) [PSYoungGen: 1040624K->4864K(996352K)] 1439825K->404065K(1470976K), 0.0049211 secs] [Times: user=0.01 sys=0.00, real=0.00 secs] 
2024-07-05T12:56:07.721+0800: 7361.958: [GC (Allocation Failure) [PSYoungGen: 996096K->4304K(953344K)] 1395297K->403505K(1427968K), 0.0053470 secs] [Times: user=0.00 sys=0.00, real=0.00 secs] 
2024-07-05T12:56:08.770+0800: 7363.007: [GC (Allocation Failure) [PSYoungGen: 953040K->4080K(912384K)] 1352241K->404015K(1387008K), 0.0042615 secs] [Times: user=0.00 sys=0.00, real=0.01 secs] 
2024-07-05T12:56:09.853+0800: 7364.090: [GC (Allocation Failure) [PSYoungGen: 912368K->4752K(875008K)] 1312303K->404695K(1349632K), 0.0048263 secs] [Times: user=0.01 sys=0.00, real=0.00 secs] 
2024-07-05T12:56:10.865+0800: 7365.102: [GC (Allocation Failure) [PSYoungGen: 874640K->4640K(838144K)] 1274583K->404583K(1312768K), 0.0044160 secs] [Times: user=0.01 sys=0.00, real=0.00 secs] 
2024-07-05T12:56:11.872+0800: 7366.109: [GC (Allocation Failure) [PSYoungGen: 837664K->5168K(803840K)] 1237607K->405119K(1278464K), 0.0047874 secs] [Times: user=0.00 sys=0.01, real=0.01 secs] 
2024-07-05T12:56:12.796+0800: 7367.033: [GC (Allocation Failure) [PSYoungGen: 803376K->4080K(769024K)] 1203327K->404909K(1243648K), 0.0048954 secs] [Times: user=0.01 sys=0.00, real=0.01 secs] 
2024-07-05T12:56:13.683+0800: 7367.920: [GC (Allocation Failure) [PSYoungGen: 769008K->3264K(851456K)] 1169837K->406042K(1326080K), 0.0112130 secs] [Times: user=0.01 sys=0.00, real=0.01 secs] 
2024-07-05T12:56:14.668+0800: 7368.905: [GC (Allocation Failure) [PSYoungGen: 851136K->2752K(942080K)] 1253914K->406330K(1416704K), 0.0061879 secs] [Times: user=0.00 sys=0.00, real=0.01 secs] 
2024-07-05T12:56:15.770+0800: 7370.007: [GC (Allocation Failure) [PSYoungGen: 941760K->2624K(1018880K)] 1345338K->406210K(1493504K), 0.0068078 secs] [Times: user=0.01 sys=0.00, real=0.01 secs] 
2024-07-05T12:56:16.960+0800: 7371.197: [GC (Allocation Failure) [PSYoungGen: 1014336K->2640K(1040384K)] 1417922K->406242K(1515008K), 0.0044071 secs] [Times: user=0.01 sys=0.00, real=0.01 secs] 
2024-07-05T12:56:18.195+0800: 7372.432: [GC (Allocation Failure) [PSYoungGen: 1036880K->2608K(1040896K)] 1440482K->406218K(1515520K), 0.0042319 secs] [Times: user=0.00 sys=0.00, real=0.00 secs] 
2024-07-05T12:56:19.397+0800: 7373.634: [GC (Allocation Failure) [PSYoungGen: 1036848K->2640K(1041920K)] 1440458K->406258K(1516544K), 0.0053864 secs] [Times: user=0.00 sys=0.00, real=0.01 secs] 
2024-07-05T12:56:20.613+0800: 7374.850: [GC (Allocation Failure) [PSYoungGen: 1037904K->4352K(1041920K)] 1441522K->407970K(1516544K), 0.0073911 secs] [Times: user=0.01 sys=0.00, real=0.01 secs] 
2024-07-05T12:56:21.760+0800: 7375.997: [GC (Allocation Failure) [PSYoungGen: 1039616K->2128K(1041920K)] 1443234K->406194K(1516544K), 0.0052285 secs] [Times: user=0.00 sys=0.00, real=0.01 secs] 
2024-07-05T12:56:22.954+0800: 7377.190: [GC (Allocation Failure) [PSYoungGen: 1037392K->2320K(992768K)] 1441458K->406394K(1467392K), 0.0035209 secs] [Times: user=0.00 sys=0.01, real=0.00 secs] 
2024-07-05T12:56:24.161+0800: 7378.398: [GC (Allocation Failure) [PSYoungGen: 992528K->2192K(950272K)] 1396602K->406266K(1424896K), 0.0040316 secs] [Times: user=0.01 sys=0.00, real=0.01 secs] 
2024-07-05T12:56:25.203+0800: 7379.440: [GC (Allocation Failure) [PSYoungGen: 949904K->2816K(910336K)] 1353978K->406890K(1384960K), 0.0034989 secs] [Times: user=0.00 sys=0.00, real=0.00 secs] 
2024-07-05T12:56:26.278+0800: 7380.515: [GC (Allocation Failure) [PSYoungGen: 910080K->2144K(871424K)] 1314154K->406218K(1346048K), 0.0035675 secs] [Times: user=0.01 sys=0.00, real=0.01 secs] 
2024-07-05T12:56:27.247+0800: 7381.484: [GC (Allocation Failure) [PSYoungGen: 871008K->2240K(834560K)] 1275082K->406322K(1309184K), 0.0046629 secs] [Times: user=0.00 sys=0.00, real=0.00 secs] 
2024-07-05T12:56:28.194+0800: 7382.431: [GC (Allocation Failure) [PSYoungGen: 834240K->2240K(799744K)] 1238322K->406330K(1274368K), 0.0035428 secs] [Times: user=0.01 sys=0.00, real=0.00 secs] 
2024-07-05T12:56:29.133+0800: 7383.370: [GC (Allocation Failure) [PSYoungGen: 799424K->3744K(768000K)] 1203514K->408114K(1242624K), 0.0044865 secs] [Times: user=0.01 sys=0.00, real=0.01 secs] 
2024-07-05T12:56:30.050+0800: 7384.287: [GC (Allocation Failure) [PSYoungGen: 767648K->2048K(734720K)] 1172018K->406426K(1209344K), 0.0035382 secs] [Times: user=0.00 sys=0.00, real=0.01 secs] 
2024-07-05T12:56:30.882+0800: 7385.119: [GC (Allocation Failure) [PSYoungGen: 734208K->3584K(706048K)] 1138586K->407970K(1180672K), 0.0042922 secs] [Times: user=0.01 sys=0.00, real=0.00 secs] 
2024-07-05T12:56:31.680+0800: 7385.917: [GC (Allocation Failure) [PSYoungGen: 705536K->2032K(675328K)] 1109922K->406426K(1149952K), 0.0037190 secs] [Times: user=0.00 sys=0.00, real=0.01 secs] 
2024-07-05T12:56:32.444+0800: 7386.681: [GC (Allocation Failure) [PSYoungGen: 675312K->1936K(740864K)] 1079706K->406338K(1215488K), 0.0062353 secs] [Times: user=0.00 sys=0.00, real=0.00 secs] 
2024-07-05T12:56:33.312+0800: 7387.549: [GC (Allocation Failure) [PSYoungGen: 740752K->2016K(812032K)] 1145154K->406426K(1286656K), 0.0043768 secs] [Times: user=0.01 sys=0.00, real=0.01 secs] 
2024-07-05T12:56:34.257+0800: 7388.494: [GC (Allocation Failure) [PSYoungGen: 812000K->2064K(887296K)] 1216410K->406482K(1361920K), 0.0033786 secs] [Times: user=0.01 sys=0.00, real=0.00 secs] 
2024-07-05T12:56:35.347+0800: 7389.584: [GC (Allocation Failure) [PSYoungGen: 886800K->2000K(849408K)] 1291218K->406426K(1324032K), 0.0048613 secs] [Times: user=0.00 sys=0.00, real=0.00 secs] 
2024-07-05T12:56:38.469+0800: 7392.706: [GC (Allocation Failure) [PSYoungGen: 849360K->5118K(940544K)] 1253786K->426510K(1415168K), 0.0320251 secs] [Times: user=0.05 sys=0.00, real=0.04 secs] 
2024-07-05T12:56:41.486+0800: 7395.723: [GC (Allocation Failure) [PSYoungGen: 940542K->3584K(990208K)] 1361934K->444079K(1464832K), 0.0264976 secs] [Times: user=0.04 sys=0.00, real=0.02 secs] 
2024-07-05T12:56:43.244+0800: 7397.481: [GC (Allocation Failure) [PSYoungGen: 990208K->17888K(1004544K)] 1430703K->461928K(1479168K), 0.0228029 secs] [Times: user=0.05 sys=0.00, real=0.02 secs] 
2024-07-05T12:56:44.622+0800: 7398.859: [GC (Allocation Failure) [PSYoungGen: 1004512K->22512K(1015808K)] 1448552K->470023K(1490432K), 0.0324610 secs] [Times: user=0.05 sys=0.01, real=0.03 secs] 
2024-07-05T12:56:45.998+0800: 7400.234: [GC (Allocation Failure) [PSYoungGen: 1015792K->27648K(1020928K)] 1463303K->476154K(1495552K), 0.0316953 secs] [Times: user=0.05 sys=0.01, real=0.03 secs] 
2024-07-05T12:56:47.342+0800: 7401.579: [GC (Allocation Failure) [PSYoungGen: 1020928K->27648K(1002496K)] 1469434K->476178K(1477120K), 0.0270199 secs] [Times: user=0.06 sys=0.00, real=0.02 secs] 
2024-07-05T12:56:48.626+0800: 7402.863: [GC (Allocation Failure) [PSYoungGen: 1002496K->27664K(1003008K)] 1451026K->476202K(1477632K), 0.0288004 secs] [Times: user=0.06 sys=0.00, real=0.03 secs] 
2024-07-05T12:56:49.866+0800: 7404.103: [GC (Allocation Failure) [PSYoungGen: 1002512K->27520K(1004544K)] 1451050K->476066K(1479168K), 0.0250580 secs] [Times: user=0.04 sys=0.00, real=0.02 secs] 
2024-07-05T12:56:51.066+0800: 7405.303: [GC (Allocation Failure) [PSYoungGen: 992128K->24112K(989184K)] 1440674K->476342K(1463808K), 0.0263554 secs] [Times: user=0.05 sys=0.00, real=0.02 secs] 
2024-07-05T12:56:52.279+0800: 7406.516: [GC (Allocation Failure) [PSYoungGen: 988720K->17536K(1008128K)] 1440950K->476573K(1482752K), 0.0192971 secs] [Times: user=0.04 sys=0.00, real=0.02 secs] 
2024-07-05T12:56:53.544+0800: 7407.780: [GC (Allocation Failure) [PSYoungGen: 983168K->17456K(983552K)] 1442205K->476565K(1458176K), 0.0167355 secs] [Times: user=0.03 sys=0.00, real=0.01 secs] 
2024-07-05T12:56:54.790+0800: 7409.027: [GC (Allocation Failure) [PSYoungGen: 983088K->17408K(1006080K)] 1442197K->476525K(1480704K), 0.0195151 secs] [Times: user=0.03 sys=0.00, real=0.02 secs] 
2024-07-05T12:56:56.062+0800: 7410.299: [GC (Allocation Failure) [PSYoungGen: 985088K->17872K(1004032K)] 1444205K->476997K(1478656K), 0.0184316 secs] [Times: user=0.04 sys=0.00, real=0.01 secs] 
2024-07-05T12:56:57.286+0800: 7411.523: [GC (Allocation Failure) [PSYoungGen: 985552K->17520K(1010176K)] 1444677K->476653K(1484800K), 0.0178310 secs] [Times: user=0.03 sys=0.00, real=0.02 secs] 
2024-07-05T12:56:58.554+0800: 7412.791: [GC (Allocation Failure) [PSYoungGen: 992880K->20208K(1008640K)] 1452013K->479349K(1483264K), 0.0179443 secs] [Times: user=0.04 sys=0.00, real=0.01 secs] 
2024-07-05T12:56:59.890+0800: 7414.127: [GC (Allocation Failure) [PSYoungGen: 995568K->17424K(1013760K)] 1454709K->476573K(1488384K), 0.0160710 secs] [Times: user=0.03 sys=0.00, real=0.02 secs] 
2024-07-05T12:57:01.139+0800: 7415.376: [GC (Allocation Failure) [PSYoungGen: 999440K->17472K(1013248K)] 1458589K->476629K(1487872K), 0.0156603 secs] [Times: user=0.03 sys=0.00, real=0.02 secs] 
2024-07-05T12:57:02.422+0800: 7416.659: [GC (Allocation Failure) [PSYoungGen: 999488K->17440K(1016320K)] 1458645K->476605K(1490944K), 0.0162016 secs] [Times: user=0.03 sys=0.00, real=0.01 secs] 
2024-07-05T12:57:03.708+0800: 7417.945: [GC (Allocation Failure) [PSYoungGen: 1004064K->17456K(1015296K)] 1463229K->476629K(1489920K), 0.0266217 secs] [Times: user=0.03 sys=0.00, real=0.03 secs] 
2024-07-05T12:57:05.018+0800: 7419.255: [GC (Allocation Failure) [PSYoungGen: 1004080K->16160K(1018880K)] 1463253K->475341K(1493504K), 0.0151760 secs] [Times: user=0.03 sys=0.00, real=0.02 secs] 
2024-07-05T12:57:06.312+0800: 7420.549: [GC (Allocation Failure) [PSYoungGen: 1007392K->17472K(1017856K)] 1466573K->476661K(1492480K), 0.0158638 secs] [Times: user=0.03 sys=0.00, real=0.02 secs] 
2024-07-05T12:57:07.550+0800: 7421.787: [GC (Allocation Failure) [PSYoungGen: 1008704K->17440K(1020928K)] 1467893K->476637K(1495552K), 0.0153172 secs] [Times: user=0.03 sys=0.00, real=0.02 secs] 
2024-07-05T12:57:08.790+0800: 7423.027: [GC (Allocation Failure) [PSYoungGen: 1012768K->17440K(1020416K)] 1471965K->476645K(1495040K), 0.0148371 secs] [Times: user=0.02 sys=0.00, real=0.02 secs] 
2024-07-05T12:57:10.044+0800: 7424.281: [GC (Allocation Failure) [PSYoungGen: 1012768K->17456K(1022976K)] 1471973K->476669K(1497600K), 0.0210582 secs] [Times: user=0.03 sys=0.00, real=0.02 secs] 
2024-07-05T12:57:11.299+0800: 7425.536: [GC (Allocation Failure) [PSYoungGen: 1015856K->16320K(1022464K)] 1475069K->475541K(1497088K), 0.0141887 secs] [Times: user=0.03 sys=0.00, real=0.02 secs] 
2024-07-05T12:57:12.630+0800: 7426.867: [GC (Allocation Failure) [PSYoungGen: 1014720K->15840K(1024000K)] 1473941K->475069K(1498624K), 0.0148554 secs] [Times: user=0.03 sys=0.00, real=0.02 secs] 
2024-07-05T12:57:13.894+0800: 7428.131: [GC (Allocation Failure) [PSYoungGen: 1016288K->17472K(1023488K)] 1475517K->476709K(1498112K), 0.0177112 secs] [Times: user=0.03 sys=0.00, real=0.01 secs] 
2024-07-05T12:57:15.171+0800: 7429.408: [GC (Allocation Failure) [PSYoungGen: 1017920K->17248K(1025024K)] 1477157K->476493K(1499648K), 0.0159918 secs] [Times: user=0.03 sys=0.00, real=0.02 secs] 
2024-07-05T12:57:16.608+0800: 7430.845: [GC (Allocation Failure) [PSYoungGen: 1019744K->17440K(1024512K)] 1478989K->476693K(1499136K), 0.0177770 secs] [Times: user=0.03 sys=0.00, real=0.02 secs] 
2024-07-05T12:57:17.820+0800: 7432.057: [GC (Allocation Failure) [PSYoungGen: 1019936K->17456K(1026048K)] 1479189K->476717K(1500672K), 0.0178508 secs] [Times: user=0.03 sys=0.01, real=0.02 secs] 
2024-07-05T12:57:19.098+0800: 7433.335: [GC (Allocation Failure) [PSYoungGen: 1022000K->14976K(1026048K)] 1481261K->474245K(1500672K), 0.0123704 secs] [Times: user=0.03 sys=0.00, real=0.01 secs] 
2024-07-05T12:57:20.433+0800: 7434.670: [GC (Allocation Failure) [PSYoungGen: 1019520K->17424K(1026048K)] 1478789K->476701K(1500672K), 0.0182933 secs] [Times: user=0.03 sys=0.00, real=0.02 secs] 
2024-07-05T12:57:21.838+0800: 7436.075: [GC (Allocation Failure) [PSYoungGen: 1022992K->17488K(1026560K)] 1482269K->476773K(1501184K), 0.0191168 secs] [Times: user=0.03 sys=0.00, real=0.02 secs] 
2024-07-05T12:57:23.383+0800: 7437.620: [GC (Allocation Failure) [PSYoungGen: 1023056K->17776K(1027584K)] 1482341K->477069K(1502208K), 0.0190908 secs] [Times: user=0.04 sys=0.00, real=0.02 secs] 
2024-07-05T12:57:24.926+0800: 7439.163: [GC (Allocation Failure) [PSYoungGen: 1024368K->17216K(1024000K)] 1483661K->476517K(1498624K), 0.0167387 secs] [Times: user=0.04 sys=0.00, real=0.02 secs] 
2024-07-05T12:57:26.427+0800: 7440.664: [GC (Allocation Failure) [PSYoungGen: 1023808K->16928K(1027072K)] 1483109K->476237K(1501696K), 0.0168812 secs] [Times: user=0.03 sys=0.00, real=0.02 secs] 
2024-07-05T12:57:27.987+0800: 7442.223: [GC (Allocation Failure) [PSYoungGen: 1023520K->17168K(1027072K)] 1482829K->476485K(1501696K), 0.0179347 secs] [Times: user=0.03 sys=0.00, real=0.02 secs] 
2024-07-05T12:57:29.559+0800: 7443.796: [GC (Allocation Failure) [PSYoungGen: 1023760K->17136K(1027584K)] 1483077K->476461K(1502208K), 0.0179632 secs] [Times: user=0.03 sys=0.00, real=0.02 secs] 
2024-07-05T12:57:31.118+0800: 7445.355: [GC (Allocation Failure) [PSYoungGen: 1024752K->19968K(1027584K)] 1484077K->479557K(1502208K), 0.0197755 secs] [Times: user=0.04 sys=0.00, real=0.02 secs] 
2024-07-05T12:57:32.642+0800: 7446.879: [GC (Allocation Failure) [PSYoungGen: 1027584K->18368K(1028096K)] 1487173K->478605K(1502720K), 0.0186322 secs] [Times: user=0.04 sys=0.00, real=0.01 secs] 
2024-07-05T12:57:34.183+0800: 7448.420: [GC (Allocation Failure) [PSYoungGen: 1025984K->17488K(1028096K)] 1486221K->477733K(1502720K), 0.0177683 secs] [Times: user=0.03 sys=0.00, real=0.02 secs] 
2024-07-05T12:57:35.702+0800: 7449.939: [GC (Allocation Failure) [PSYoungGen: 1025104K->17440K(1027072K)] 1485349K->477693K(1501696K), 0.0198731 secs] [Times: user=0.04 sys=0.00, real=0.02 secs] 
2024-07-05T12:57:37.296+0800: 7451.533: [GC (Allocation Failure) [PSYoungGen: 1025056K->17312K(1027584K)] 1485309K->477573K(1502208K), 0.0173910 secs] [Times: user=0.04 sys=0.00, real=0.02 secs] 
2024-07-05T12:57:38.822+0800: 7453.059: [GC (Allocation Failure) [PSYoungGen: 1024928K->17456K(1028608K)] 1485189K->477725K(1503232K), 0.0183256 secs] [Times: user=0.03 sys=0.00, real=0.01 secs] 
2024-07-05T12:57:40.396+0800: 7454.632: [GC (Allocation Failure) [PSYoungGen: 1026096K->17392K(1026048K)] 1486365K->477669K(1500672K), 0.0176241 secs] [Times: user=0.03 sys=0.00, real=0.02 secs] 
2024-07-05T12:57:41.944+0800: 7456.180: [GC (Allocation Failure) [PSYoungGen: 1026032K->17344K(1028096K)] 1486309K->477629K(1502720K), 0.0170738 secs] [Times: user=0.03 sys=0.00, real=0.01 secs] 
2024-07-05T12:57:43.486+0800: 7457.723: [GC (Allocation Failure) [PSYoungGen: 1025984K->17312K(1028096K)] 1486269K->477605K(1502720K), 0.0185210 secs] [Times: user=0.03 sys=0.00, real=0.02 secs] 
2024-07-05T12:57:45.030+0800: 7459.267: [GC (Allocation Failure) [PSYoungGen: 1025952K->17184K(1028096K)] 1486245K->477485K(1502720K), 0.0191449 secs] [Times: user=0.03 sys=0.00, real=0.02 secs] 
2024-07-05T12:57:46.296+0800: 7460.533: [GC (Allocation Failure) [PSYoungGen: 1026848K->17472K(1028608K)] 1487149K->477781K(1503232K), 0.0151532 secs] [Times: user=0.03 sys=0.00, real=0.01 secs] 
2024-07-05T12:57:47.530+0800: 7461.767: [GC (Allocation Failure) [PSYoungGen: 1027136K->17472K(1029632K)] 1487445K->477789K(1504256K), 0.0161924 secs] [Times: user=0.03 sys=0.00, real=0.02 secs] 
2024-07-05T12:57:48.888+0800: 7463.125: [GC (Allocation Failure) [PSYoungGen: 1028160K->17280K(1029632K)] 1488477K->477605K(1504256K), 0.0151218 secs] [Times: user=0.03 sys=0.00, real=0.02 secs] 
2024-07-05T12:57:50.226+0800: 7464.463: [GC (Allocation Failure) [PSYoungGen: 1027968K->17456K(1029632K)] 1488293K->477789K(1504256K), 0.0179626 secs] [Times: user=0.04 sys=0.00, real=0.02 secs] 
2024-07-05T12:57:51.462+0800: 7465.699: [GC (Allocation Failure) [PSYoungGen: 1028144K->17440K(1028608K)] 1488477K->477781K(1503232K), 0.0152232 secs] [Times: user=0.03 sys=0.00, real=0.01 secs] 
2024-07-05T12:57:52.715+0800: 7466.952: [GC (Allocation Failure) [PSYoungGen: 1028128K->17472K(1029120K)] 1488469K->477821K(1503744K), 0.0169577 secs] [Times: user=0.03 sys=0.00, real=0.01 secs] 
2024-07-05T12:57:53.935+0800: 7468.172: [GC (Allocation Failure) [PSYoungGen: 1028160K->17376K(1029120K)] 1488509K->477733K(1503744K), 0.0146180 secs] [Times: user=0.02 sys=0.00, real=0.01 secs] 
2024-07-05T12:57:55.181+0800: 7469.418: [GC (Allocation Failure) [PSYoungGen: 1028064K->17216K(1030144K)] 1488421K->477581K(1504768K), 0.0149021 secs] [Times: user=0.03 sys=0.00, real=0.01 secs] 
2024-07-05T12:57:56.505+0800: 7470.741: [GC (Allocation Failure) [PSYoungGen: 1028928K->17472K(1030144K)] 1489293K->477845K(1504768K), 0.0170308 secs] [Times: user=0.03 sys=0.00, real=0.02 secs] 
2024-07-05T12:57:57.740+0800: 7471.977: [GC (Allocation Failure) [PSYoungGen: 1029184K->17440K(1030144K)] 1489557K->477821K(1504768K), 0.0161861 secs] [Times: user=0.03 sys=0.00, real=0.02 secs] 
2024-07-05T12:57:59.155+0800: 7473.392: [GC (Allocation Failure) [PSYoungGen: 1029152K->17648K(1030144K)] 1489533K->478037K(1504768K), 0.0165971 secs] [Times: user=0.03 sys=0.00, real=0.01 secs] 
2024-07-05T12:58:00.527+0800: 7474.764: [GC (Allocation Failure) [PSYoungGen: 1029360K->17424K(1030144K)] 1489749K->477821K(1504768K), 0.0169007 secs] [Times: user=0.03 sys=0.01, real=0.02 secs] 
2024-07-05T12:58:01.950+0800: 7476.187: [GC (Allocation Failure) [PSYoungGen: 1029136K->17440K(1030144K)] 1489533K->477845K(1504768K), 0.0152845 secs] [Times: user=0.03 sys=0.00, real=0.02 secs] 
2024-07-05T12:58:03.386+0800: 7477.623: [GC (Allocation Failure) [PSYoungGen: 1029152K->17296K(1030144K)] 1489557K->477709K(1504768K), 0.0204571 secs] [Times: user=0.03 sys=0.00, real=0.02 secs] 
2024-07-05T12:58:04.676+0800: 7478.912: [GC (Allocation Failure) [PSYoungGen: 1029008K->17440K(1029632K)] 1489421K->477861K(1504256K), 0.0152915 secs] [Times: user=0.03 sys=0.00, real=0.01 secs] 
2024-07-05T12:58:05.920+0800: 7480.157: [GC (Allocation Failure) [PSYoungGen: 1029152K->17440K(1029632K)] 1489573K->477869K(1504256K), 0.0165653 secs] [Times: user=0.03 sys=0.00, real=0.02 secs] 
2024-07-05T12:58:07.219+0800: 7481.456: [GC (Allocation Failure) [PSYoungGen: 1029152K->17488K(1029632K)] 1489581K->477925K(1504256K), 0.0169005 secs] [Times: user=0.04 sys=0.00, real=0.02 secs] 
2024-07-05T12:58:08.475+0800: 7482.712: [GC (Allocation Failure) [PSYoungGen: 1029200K->17472K(1030656K)] 1489637K->477917K(1505280K), 0.0153986 secs] [Times: user=0.03 sys=0.00, real=0.01 secs] 
2024-07-05T12:58:09.770+0800: 7484.007: [GC (Allocation Failure) [PSYoungGen: 1030208K->17472K(1030656K)] 1490653K->477925K(1505280K), 0.0165817 secs] [Times: user=0.03 sys=0.00, real=0.02 secs] 
2024-07-05T12:58:11.043+0800: 7485.280: [GC (Allocation Failure) [PSYoungGen: 1030208K->17440K(1030656K)] 1490661K->477901K(1505280K), 0.0166230 secs] [Times: user=0.03 sys=0.00, real=0.01 secs] 
2024-07-05T12:58:12.289+0800: 7486.526: [GC (Allocation Failure) [PSYoungGen: 1030176K->17920K(1030656K)] 1490637K->480493K(1505280K), 0.0179720 secs] [Times: user=0.03 sys=0.00, real=0.02 secs] 
2024-07-05T12:58:13.541+0800: 7487.778: [GC (Allocation Failure) [PSYoungGen: 1030656K->17488K(1028608K)] 1493229K->490892K(1503232K), 0.0226294 secs] [Times: user=0.04 sys=0.00, real=0.02 secs] 
2024-07-05T12:58:13.564+0800: 7487.801: [Full GC (Ergonomics) [PSYoungGen: 17488K->0K(1028608K)] [ParOldGen: 473404K->301777K(467968K)] 490892K->301777K(1496576K), [Metaspace: 36037K->36037K(1083392K)], 0.1784318 secs] [Times: user=0.31 sys=0.00, real=0.18 secs] 
2024-07-05T12:58:15.013+0800: 7489.250: [GC (Allocation Failure) [PSYoungGen: 1010688K->18208K(1029632K)] 1312465K->319985K(1497600K), 0.0146615 secs] [Times: user=0.03 sys=0.00, real=0.01 secs] 
2024-07-05T12:58:16.307+0800: 7490.544: [GC (Allocation Failure) [PSYoungGen: 1028896K->17648K(1029632K)] 1330673K->319449K(1497600K), 0.0159868 secs] [Times: user=0.03 sys=0.00, real=0.02 secs] 
2024-07-05T12:58:17.625+0800: 7491.862: [GC (Allocation Failure) [PSYoungGen: 1028336K->17456K(1029632K)] 1330137K->319265K(1497600K), 0.0148673 secs] [Times: user=0.02 sys=0.00, real=0.01 secs] 
2024-07-05T12:58:18.915+0800: 7493.152: [GC (Allocation Failure) [PSYoungGen: 1028144K->17456K(1029632K)] 1329953K->319273K(1497600K), 0.0158465 secs] [Times: user=0.03 sys=0.00, real=0.01 secs] 
2024-07-05T12:58:20.178+0800: 7494.415: [GC (Allocation Failure) [PSYoungGen: 1028144K->17456K(1029632K)] 1329961K->319281K(1497600K), 0.0157024 secs] [Times: user=0.03 sys=0.00, real=0.02 secs] 
2024-07-05T12:58:21.431+0800: 7495.668: [GC (Allocation Failure) [PSYoungGen: 1028144K->17472K(1029632K)] 1329969K->319305K(1497600K), 0.0147018 secs] [Times: user=0.03 sys=0.00, real=0.02 secs] 
2024-07-05T12:58:22.761+0800: 7496.998: [GC (Allocation Failure) [PSYoungGen: 1028160K->17456K(1028608K)] 1329993K->319297K(1496576K), 0.0150872 secs] [Times: user=0.03 sys=0.00, real=0.02 secs] 
2024-07-05T12:58:24.038+0800: 7498.274: [GC (Allocation Failure) [PSYoungGen: 1028144K->14976K(1028608K)] 1329985K->316825K(1496576K), 0.0127286 secs] [Times: user=0.03 sys=0.00, real=0.01 secs] 
2024-07-05T12:58:25.281+0800: 7499.518: [GC (Allocation Failure) [PSYoungGen: 1025152K->16928K(1029120K)] 1327001K->318785K(1497088K), 0.0156515 secs] [Times: user=0.03 sys=0.00, real=0.02 secs] 
2024-07-05T12:58:26.548+0800: 7500.785: [GC (Allocation Failure) [PSYoungGen: 1027104K->17456K(1029632K)] 1328961K->319321K(1497600K), 0.0154790 secs] [Times: user=0.03 sys=0.00, real=0.02 secs] 
2024-07-05T12:58:27.810+0800: 7502.046: [GC (Allocation Failure) [PSYoungGen: 1028144K->17696K(1029632K)] 1330009K->319569K(1497600K), 0.0146828 secs] [Times: user=0.03 sys=0.00, real=0.02 secs] 
2024-07-05T12:58:29.087+0800: 7503.324: [GC (Allocation Failure) [PSYoungGen: 1028384K->14864K(1029632K)] 1330257K->316745K(1497600K), 0.0119982 secs] [Times: user=0.03 sys=0.00, real=0.01 secs] 
2024-07-05T12:58:30.378+0800: 7504.615: [GC (Allocation Failure) [PSYoungGen: 1025552K->17456K(1029632K)] 1327433K->319345K(1497600K), 0.0175856 secs] [Times: user=0.03 sys=0.00, real=0.02 secs] 
2024-07-05T12:58:31.693+0800: 7505.930: [GC (Allocation Failure) [PSYoungGen: 1028144K->17984K(1028608K)] 1330033K->319881K(1496576K), 0.0169229 secs] [Times: user=0.03 sys=0.00, real=0.01 secs] 
2024-07-05T12:58:32.908+0800: 7507.145: [GC (Allocation Failure) [PSYoungGen: 1027648K->17712K(1029120K)] 1329545K->319617K(1497088K), 0.0150004 secs] [Times: user=0.03 sys=0.00, real=0.02 secs] 
2024-07-05T12:58:34.182+0800: 7508.419: [GC (Allocation Failure) [PSYoungGen: 1027376K->17456K(1028096K)] 1329281K->319369K(1496064K), 0.0148654 secs] [Times: user=0.03 sys=0.00, real=0.01 secs] 
2024-07-05T12:58:35.390+0800: 7509.627: [GC (Allocation Failure) [PSYoungGen: 1027120K->17280K(1028608K)] 1329033K->319201K(1496576K), 0.0142978 secs] [Times: user=0.03 sys=0.00, real=0.02 secs] 
2024-07-05T12:58:36.795+0800: 7511.032: [GC (Allocation Failure) [PSYoungGen: 1026944K->17584K(1029632K)] 1328865K->319513K(1497600K), 0.0153007 secs] [Times: user=0.03 sys=0.00, real=0.01 secs] 
2024-07-05T12:58:38.100+0800: 7512.337: [GC (Allocation Failure) [PSYoungGen: 1028272K->18160K(1029632K)] 1330201K->320241K(1497600K), 0.0155823 secs] [Times: user=0.03 sys=0.00, real=0.02 secs] 
2024-07-05T12:58:39.387+0800: 7513.624: [GC (Allocation Failure) [PSYoungGen: 1028848K->17472K(1029632K)] 1330929K->319617K(1497600K), 0.0174300 secs] [Times: user=0.02 sys=0.00, real=0.02 secs] 
2024-07-05T12:58:40.670+0800: 7514.907: [GC (Allocation Failure) [PSYoungGen: 1028160K->17440K(1029632K)] 1330305K->319593K(1497600K), 0.0156125 secs] [Times: user=0.03 sys=0.00, real=0.02 secs] 
2024-07-05T12:58:41.953+0800: 7516.190: [GC (Allocation Failure) [PSYoungGen: 1028128K->17424K(1029632K)] 1330281K->319585K(1497600K), 0.0149773 secs] [Times: user=0.02 sys=0.00, real=0.01 secs] 
2024-07-05T12:58:43.292+0800: 7517.529: [GC (Allocation Failure) [PSYoungGen: 1028112K->17456K(1028608K)] 1330273K->319625K(1496576K), 0.0150001 secs] [Times: user=0.02 sys=0.00, real=0.02 secs] 
2024-07-05T12:58:44.545+0800: 7518.782: [GC (Allocation Failure) [PSYoungGen: 1028144K->17440K(1029120K)] 1330313K->319617K(1497088K), 0.0140450 secs] [Times: user=0.03 sys=0.00, real=0.01 secs] 
2024-07-05T12:58:45.753+0800: 7519.990: [GC (Allocation Failure) [PSYoungGen: 1028128K->17040K(1029120K)] 1330305K->319225K(1497088K), 0.0139735 secs] [Times: user=0.02 sys=0.00, real=0.01 secs] 
2024-07-05T12:58:47.014+0800: 7521.251: [GC (Allocation Failure) [PSYoungGen: 1027728K->17440K(1030144K)] 1329913K->319633K(1498112K), 0.0143897 secs] [Times: user=0.02 sys=0.00, real=0.01 secs] 
2024-07-05T12:58:48.267+0800: 7522.504: [GC (Allocation Failure) [PSYoungGen: 1029152K->17408K(1030144K)] 1331345K->319609K(1498112K), 0.0283719 secs] [Times: user=0.03 sys=0.00, real=0.03 secs] 
2024-07-05T12:58:49.553+0800: 7523.790: [GC (Allocation Failure) [PSYoungGen: 1029120K->17440K(1030144K)] 1331321K->319649K(1498112K), 0.0144514 secs] [Times: user=0.03 sys=0.00, real=0.02 secs] 
2024-07-05T12:58:50.862+0800: 7525.099: [GC (Allocation Failure) [PSYoungGen: 1029152K->17472K(1030144K)] 1331361K->319689K(1498112K), 0.0144298 secs] [Times: user=0.02 sys=0.00, real=0.01 secs] 
2024-07-05T12:58:52.158+0800: 7526.395: [GC (Allocation Failure) [PSYoungGen: 1029184K->17440K(1030144K)] 1331401K->319665K(1498112K), 0.0151982 secs] [Times: user=0.03 sys=0.00, real=0.01 secs] 
2024-07-05T12:58:53.512+0800: 7527.749: [GC (Allocation Failure) [PSYoungGen: 1029152K->18432K(1030144K)] 1331377K->322465K(1498112K), 0.0186688 secs] [Times: user=0.04 sys=0.00, real=0.02 secs] 
2024-07-05T12:58:54.863+0800: 7529.100: [GC (Allocation Failure) [PSYoungGen: 1030144K->17472K(1029120K)] 1334177K->325728K(1497088K), 0.0192618 secs] [Times: user=0.03 sys=0.00, real=0.02 secs] 
2024-07-05T12:58:56.157+0800: 7530.394: [GC (Allocation Failure) [PSYoungGen: 1028160K->16352K(1027072K)] 1336416K->324616K(1495040K), 0.0134248 secs] [Times: user=0.03 sys=0.00, real=0.01 secs] 
2024-07-05T12:58:57.559+0800: 7531.796: [GC (Allocation Failure) [PSYoungGen: 1027040K->17424K(1029632K)] 1335304K->325697K(1497600K), 0.0156804 secs] [Times: user=0.03 sys=0.00, real=0.02 secs] 
2024-07-05T12:58:58.810+0800: 7533.047: [GC (Allocation Failure) [PSYoungGen: 1027600K->17456K(1029120K)] 1335873K->325737K(1497088K), 0.0159976 secs] [Times: user=0.03 sys=0.00, real=0.02 secs] 
2024-07-05T12:59:00.083+0800: 7534.320: [GC (Allocation Failure) [PSYoungGen: 1027632K->17440K(1029120K)] 1335913K->325729K(1497088K), 0.0144542 secs] [Times: user=0.03 sys=0.00, real=0.01 secs] 
2024-07-05T12:59:01.374+0800: 7535.611: [GC (Allocation Failure) [PSYoungGen: 1027616K->17680K(1029120K)] 1335905K->325977K(1497088K), 0.0156305 secs] [Times: user=0.03 sys=0.00, real=0.01 secs] 
2024-07-05T12:59:02.802+0800: 7537.039: [GC (Allocation Failure) [PSYoungGen: 1027856K->17456K(1029632K)] 1336153K->325761K(1497600K), 0.0160562 secs] [Times: user=0.03 sys=0.00, real=0.01 secs] 
2024-07-05T12:59:04.201+0800: 7538.438: [GC (Allocation Failure) [PSYoungGen: 1028144K->17456K(1028608K)] 1336449K->325769K(1496576K), 0.0169256 secs] [Times: user=0.03 sys=0.00, real=0.01 secs] 
2024-07-05T12:59:05.623+0800: 7539.860: [GC (Allocation Failure) [PSYoungGen: 1028144K->17440K(1029120K)] 1336457K->325761K(1497088K), 0.0152227 secs] [Times: user=0.03 sys=0.00, real=0.01 secs] 
2024-07-05T12:59:07.045+0800: 7541.282: [GC (Allocation Failure) [PSYoungGen: 1028128K->17440K(1029120K)] 1336449K->325769K(1497088K), 0.0164664 secs] [Times: user=0.02 sys=0.00, real=0.02 secs] 
2024-07-05T12:59:08.336+0800: 7542.573: [GC (Allocation Failure) [PSYoungGen: 1028128K->18416K(1029120K)] 1336457K->326769K(1497088K), 0.0155058 secs] [Times: user=0.03 sys=0.00, real=0.01 secs] 
2024-07-05T12:59:09.606+0800: 7543.843: [GC (Allocation Failure) [PSYoungGen: 1029104K->16608K(1029632K)] 1337457K->330952K(1497600K), 0.0185201 secs] [Times: user=0.03 sys=0.00, real=0.02 secs] 
2024-07-05T12:59:10.879+0800: 7545.116: [GC (Allocation Failure) [PSYoungGen: 1027296K->17296K(1029632K)] 1341640K->331648K(1497600K), 0.0161301 secs] [Times: user=0.03 sys=0.00, real=0.02 secs] 
2024-07-05T12:59:12.433+0800: 7546.670: [GC (Allocation Failure) [PSYoungGen: 1027984K->17568K(1029632K)] 1342336K->331928K(1497600K), 0.0143724 secs] [Times: user=0.03 sys=0.00, real=0.01 secs] 
2024-07-05T12:59:13.790+0800: 7548.027: [GC (Allocation Failure) [PSYoungGen: 1028256K->17440K(1028608K)] 1342616K->331808K(1496576K), 0.0151873 secs] [Times: user=0.03 sys=0.00, real=0.02 secs] 
2024-07-05T12:59:15.159+0800: 7549.396: [GC (Allocation Failure) [PSYoungGen: 1028128K->17440K(1029120K)] 1342496K->331816K(1497088K), 0.0150113 secs] [Times: user=0.03 sys=0.00, real=0.02 secs] 
2024-07-05T12:59:16.599+0800: 7550.836: [GC (Allocation Failure) [PSYoungGen: 1028128K->17488K(1030144K)] 1342504K->331872K(1498112K), 0.0176786 secs] [Times: user=0.03 sys=0.00, real=0.02 secs] 
2024-07-05T12:59:17.978+0800: 7552.215: [GC (Allocation Failure) [PSYoungGen: 1029200K->17472K(1030144K)] 1343584K->331864K(1498112K), 0.0162040 secs] [Times: user=0.03 sys=0.00, real=0.02 secs] 
2024-07-05T12:59:19.228+0800: 7553.465: [GC (Allocation Failure) [PSYoungGen: 1029184K->18400K(1029120K)] 1343576K->333296K(1497088K), 0.0160916 secs] [Times: user=0.03 sys=0.00, real=0.02 secs] 
2024-07-05T12:59:20.668+0800: 7554.904: [GC (Allocation Failure) [PSYoungGen: 1029088K->17472K(1029632K)] 1343984K->337879K(1497600K), 0.0194732 secs] [Times: user=0.04 sys=0.00, real=0.02 secs] 
2024-07-05T12:59:22.106+0800: 7556.343: [GC (Allocation Failure) [PSYoungGen: 1028160K->17456K(1029632K)] 1348567K->337871K(1497600K), 0.0178488 secs] [Times: user=0.03 sys=0.00, real=0.02 secs] 
2024-07-05T12:59:23.394+0800: 7557.631: [GC (Allocation Failure) [PSYoungGen: 1028144K->17376K(1028096K)] 1348559K->337799K(1496064K), 0.0143193 secs] [Times: user=0.03 sys=0.00, real=0.01 secs] 
2024-07-05T12:59:24.705+0800: 7558.942: [GC (Allocation Failure) [PSYoungGen: 1028064K->17440K(1029120K)] 1348487K->337871K(1497088K), 0.0142873 secs] [Times: user=0.03 sys=0.01, real=0.01 secs] 
2024-07-05T12:59:26.111+0800: 7560.348: [GC (Allocation Failure) [PSYoungGen: 1028128K->17488K(1029120K)] 1348559K->337927K(1497088K), 0.0156882 secs] [Times: user=0.02 sys=0.00, real=0.02 secs] 
2024-07-05T12:59:27.408+0800: 7561.645: [GC (Allocation Failure) [PSYoungGen: 1028176K->16128K(1029120K)] 1348615K->336575K(1497088K), 0.0131404 secs] [Times: user=0.02 sys=0.00, real=0.02 secs] 
2024-07-05T12:59:28.696+0800: 7562.933: [GC (Allocation Failure) [PSYoungGen: 1026816K->17472K(1029632K)] 1347263K->337927K(1497600K), 0.0169488 secs] [Times: user=0.03 sys=0.00, real=0.01 secs] 
2024-07-05T12:59:29.997+0800: 7564.234: [GC (Allocation Failure) [PSYoungGen: 1028160K->17152K(1029632K)] 1348615K->337615K(1497600K), 0.0151969 secs] [Times: user=0.03 sys=0.00, real=0.01 secs] 
2024-07-05T12:59:31.268+0800: 7565.505: [GC (Allocation Failure) [PSYoungGen: 1028352K->17456K(1029632K)] 1348815K->337927K(1497600K), 0.0146594 secs] [Times: user=0.03 sys=0.00, real=0.02 secs] 
2024-07-05T12:59:32.547+0800: 7566.784: [GC (Allocation Failure) [PSYoungGen: 1028656K->17472K(1030144K)] 1349127K->337951K(1498112K), 0.0153428 secs] [Times: user=0.03 sys=0.00, real=0.02 secs] 
2024-07-05T12:59:33.806+0800: 7568.043: [GC (Allocation Failure) [PSYoungGen: 1029184K->17456K(1030144K)] 1349663K->337943K(1498112K), 0.0168640 secs] [Times: user=0.03 sys=0.00, real=0.02 secs] 
2024-07-05T12:59:35.067+0800: 7569.304: [GC (Allocation Failure) [PSYoungGen: 1029168K->17472K(1030144K)] 1349655K->337967K(1498112K), 0.0140452 secs] [Times: user=0.03 sys=0.00, real=0.02 secs] 
2024-07-05T12:59:36.303+0800: 7570.539: [GC (Allocation Failure) [PSYoungGen: 1029184K->17456K(1030144K)] 1349679K->337959K(1498112K), 0.0146685 secs] [Times: user=0.03 sys=0.00, real=0.01 secs] 
2024-07-05T12:59:37.545+0800: 7571.782: [GC (Allocation Failure) [PSYoungGen: 1029168K->18432K(1029120K)] 1349671K->339479K(1497088K), 0.0150454 secs] [Times: user=0.02 sys=0.00, real=0.01 secs] 
2024-07-05T12:59:38.878+0800: 7573.115: [GC (Allocation Failure) [PSYoungGen: 1029120K->17568K(1029632K)] 1350167K->350126K(1497600K), 0.0279840 secs] [Times: user=0.05 sys=0.00, real=0.03 secs] 
2024-07-05T12:59:40.130+0800: 7574.367: [GC (Allocation Failure) [PSYoungGen: 1028256K->18512K(1029632K)] 1360814K->351078K(1497600K), 0.0172507 secs] [Times: user=0.03 sys=0.00, real=0.02 secs] 
2024-07-05T12:59:41.427+0800: 7575.664: [GC (Allocation Failure) [PSYoungGen: 1029200K->17456K(1029632K)] 1361766K->350030K(1497600K), 0.0151726 secs] [Times: user=0.03 sys=0.01, real=0.02 secs] 
2024-07-05T12:59:42.747+0800: 7576.983: [GC (Allocation Failure) [PSYoungGen: 1028144K->17168K(1029632K)] 1360718K->349750K(1497600K), 0.0227828 secs] [Times: user=0.03 sys=0.00, real=0.02 secs] 
2024-07-05T12:59:43.988+0800: 7578.225: [GC (Allocation Failure) [PSYoungGen: 1027856K->17296K(1029632K)] 1360438K->349886K(1497600K), 0.0147215 secs] [Times: user=0.03 sys=0.00, real=0.02 secs] 
2024-07-05T12:59:45.377+0800: 7579.614: [GC (Allocation Failure) [PSYoungGen: 1027984K->17472K(1029632K)] 1360574K->350070K(1497600K), 0.0144784 secs] [Times: user=0.03 sys=0.00, real=0.01 secs] 
2024-07-05T12:59:46.654+0800: 7580.891: [GC (Allocation Failure) [PSYoungGen: 1028160K->17488K(1028608K)] 1360758K->350094K(1496576K), 0.0182110 secs] [Times: user=0.02 sys=0.00, real=0.01 secs] 
2024-07-05T12:59:47.997+0800: 7582.234: [GC (Allocation Failure) [PSYoungGen: 1028176K->17456K(1029120K)] 1360782K->350070K(1497088K), 0.0160449 secs] [Times: user=0.03 sys=0.00, real=0.02 secs] 
2024-07-05T12:59:49.322+0800: 7583.559: [GC (Allocation Failure) [PSYoungGen: 1028144K->17488K(1029120K)] 1360758K->350110K(1497088K), 0.0162255 secs] [Times: user=0.03 sys=0.00, real=0.01 secs] 
2024-07-05T12:59:50.619+0800: 7584.856: [GC (Allocation Failure) [PSYoungGen: 1028176K->18416K(1028096K)] 1360798K->352294K(1496064K), 0.0170671 secs] [Times: user=0.03 sys=0.00, real=0.02 secs] 
2024-07-05T12:59:51.943+0800: 7586.180: [GC (Allocation Failure) [PSYoungGen: 1028080K->17488K(1029120K)] 1361958K->356125K(1497088K), 0.0184314 secs] [Times: user=0.04 sys=0.00, real=0.02 secs] 
2024-07-05T12:59:53.227+0800: 7587.464: [GC (Allocation Failure) [PSYoungGen: 1027152K->17840K(1028608K)] 1365789K->356485K(1496576K), 0.0149880 secs] [Times: user=0.02 sys=0.00, real=0.02 secs] 
2024-07-05T12:59:54.510+0800: 7588.747: [GC (Allocation Failure) [PSYoungGen: 1028016K->17440K(1029120K)] 1366661K->356093K(1497088K), 0.0153044 secs] [Times: user=0.02 sys=0.00, real=0.02 secs] 
2024-07-05T12:59:55.845+0800: 7590.082: [GC (Allocation Failure) [PSYoungGen: 1027616K->17472K(1029632K)] 1366269K->356133K(1497600K), 0.0145007 secs] [Times: user=0.03 sys=0.00, real=0.01 secs] 
2024-07-05T12:59:57.109+0800: 7591.346: [GC (Allocation Failure) [PSYoungGen: 1028160K->16336K(1029632K)] 1366821K->355005K(1497600K), 0.0130804 secs] [Times: user=0.03 sys=0.00, real=0.02 secs] 
2024-07-05T12:59:58.354+0800: 7592.591: [GC (Allocation Failure) [PSYoungGen: 1027024K->17488K(1029632K)] 1365693K->356165K(1497600K), 0.0159731 secs] [Times: user=0.03 sys=0.00, real=0.01 secs] 
2024-07-05T12:59:59.640+0800: 7593.877: [GC (Allocation Failure) [PSYoungGen: 1028176K->17840K(1029632K)] 1366853K->356525K(1497600K), 0.0159075 secs] [Times: user=0.03 sys=0.00, real=0.02 secs] 
2024-07-05T13:00:00.890+0800: 7595.127: [GC (Allocation Failure) [PSYoungGen: 1028528K->17040K(1029632K)] 1367213K->355733K(1497600K), 0.0142779 secs] [Times: user=0.02 sys=0.00, real=0.02 secs] 
2024-07-05T13:00:02.156+0800: 7596.393: [GC (Allocation Failure) [PSYoungGen: 1027728K->17456K(1029632K)] 1366421K->356157K(1497600K), 0.0146707 secs] [Times: user=0.03 sys=0.00, real=0.01 secs] 
2024-07-05T13:00:03.377+0800: 7597.614: [GC (Allocation Failure) [PSYoungGen: 1028144K->17456K(1029632K)] 1366845K->356165K(1497600K), 0.0180666 secs] [Times: user=0.04 sys=0.00, real=0.02 secs] 
2024-07-05T13:00:04.720+0800: 7598.957: [GC (Allocation Failure) [PSYoungGen: 1028144K->17168K(1029632K)] 1366853K->355885K(1497600K), 0.0147909 secs] [Times: user=0.03 sys=0.00, real=0.02 secs] 
2024-07-05T13:00:06.005+0800: 7600.242: [GC (Allocation Failure) [PSYoungGen: 1027856K->17488K(1028608K)] 1366573K->356213K(1496576K), 0.0174054 secs] [Times: user=0.04 sys=0.00, real=0.02 secs] 
2024-07-05T13:00:07.335+0800: 7601.572: [GC (Allocation Failure) [PSYoungGen: 1028176K->16432K(1029120K)] 1366901K->355165K(1497088K), 0.0143228 secs] [Times: user=0.03 sys=0.00, real=0.01 secs] 
2024-07-05T13:00:08.685+0800: 7602.922: [GC (Allocation Failure) [PSYoungGen: 1027120K->17536K(1029632K)] 1365853K->356277K(1497600K), 0.0164800 secs] [Times: user=0.03 sys=0.00, real=0.02 secs] 
2024-07-05T13:00:09.959+0800: 7604.196: [GC (Allocation Failure) [PSYoungGen: 1028736K->17472K(1029632K)] 1367477K->356221K(1497600K), 0.0145848 secs] [Times: user=0.03 sys=0.00, real=0.02 secs] 
2024-07-05T13:00:11.278+0800: 7605.515: [GC (Allocation Failure) [PSYoungGen: 1028672K->17456K(1030144K)] 1367421K->356213K(1498112K), 0.0161783 secs] [Times: user=0.03 sys=0.00, real=0.02 secs] 
2024-07-05T13:00:12.565+0800: 7606.802: [GC (Allocation Failure) [PSYoungGen: 1029168K->18416K(1030144K)] 1367925K->357741K(1498112K), 0.0166418 secs] [Times: user=0.03 sys=0.00, real=0.02 secs] 
2024-07-05T13:00:13.858+0800: 7608.095: [GC (Allocation Failure) [PSYoungGen: 1030128K->17296K(1029120K)] 1369453K->362076K(1497088K), 0.0180370 secs] [Times: user=0.03 sys=0.00, real=0.02 secs] 
2024-07-05T13:00:15.142+0800: 7609.379: [GC (Allocation Failure) [PSYoungGen: 1027984K->17456K(1029632K)] 1372764K->362244K(1497600K), 0.0162024 secs] [Times: user=0.02 sys=0.00, real=0.01 secs] 
2024-07-05T13:00:16.431+0800: 7610.668: [GC (Allocation Failure) [PSYoungGen: 1028144K->17456K(1029632K)] 1372932K->362252K(1497600K), 0.0151059 secs] [Times: user=0.03 sys=0.00, real=0.02 secs] 
2024-07-05T13:00:17.716+0800: 7611.953: [GC (Allocation Failure) [PSYoungGen: 1028144K->17440K(1028608K)] 1372940K->362244K(1496576K), 0.0147395 secs] [Times: user=0.02 sys=0.00, real=0.01 secs] 
2024-07-05T13:00:19.001+0800: 7613.238: [GC (Allocation Failure) [PSYoungGen: 1028128K->17440K(1029120K)] 1372932K->362252K(1497088K), 0.0144519 secs] [Times: user=0.03 sys=0.00, real=0.02 secs] 
2024-07-05T13:00:20.265+0800: 7614.502: [GC (Allocation Failure) [PSYoungGen: 1028128K->17440K(1029120K)] 1372940K->362260K(1497088K), 0.0145626 secs] [Times: user=0.03 sys=0.00, real=0.01 secs] 
2024-07-05T13:00:21.564+0800: 7615.801: [GC (Allocation Failure) [PSYoungGen: 1028128K->17472K(1030144K)] 1372948K->362300K(1498112K), 0.0145805 secs] [Times: user=0.03 sys=0.00, real=0.01 secs] 
2024-07-05T13:00:22.863+0800: 7617.100: [GC (Allocation Failure) [PSYoungGen: 1029184K->17248K(1030144K)] 1374012K->362084K(1498112K), 0.0152953 secs] [Times: user=0.03 sys=0.00, real=0.01 secs] 
2024-07-05T13:00:24.140+0800: 7618.377: [GC (Allocation Failure) [PSYoungGen: 1028960K->17392K(1030144K)] 1373796K->362236K(1498112K), 0.0149902 secs] [Times: user=0.03 sys=0.00, real=0.02 secs] 
2024-07-05T13:00:25.445+0800: 7619.681: [GC (Allocation Failure) [PSYoungGen: 1029104K->17440K(1030144K)] 1373948K->362292K(1498112K), 0.0147836 secs] [Times: user=0.03 sys=0.00, real=0.01 secs] 
2024-07-05T13:00:26.750+0800: 7620.987: [GC (Allocation Failure) [PSYoungGen: 1029152K->17536K(1030144K)] 1374004K->362396K(1498112K), 0.0148278 secs] [Times: user=0.03 sys=0.00, real=0.02 secs] 
2024-07-05T13:00:27.997+0800: 7622.234: [GC (Allocation Failure) [PSYoungGen: 1029248K->17520K(1030144K)] 1374108K->362388K(1498112K), 0.0160123 secs] [Times: user=0.03 sys=0.00, real=0.01 secs] 
2024-07-05T13:00:29.282+0800: 7623.519: [GC (Allocation Failure) [PSYoungGen: 1029232K->17472K(1030144K)] 1374100K->362348K(1498112K), 0.0164138 secs] [Times: user=0.03 sys=0.00, real=0.01 secs] 
2024-07-05T13:00:30.560+0800: 7624.797: [GC (Allocation Failure) [PSYoungGen: 1029184K->16944K(1030144K)] 1374060K->361828K(1498112K), 0.0145724 secs] [Times: user=0.03 sys=0.00, real=0.02 secs] 
2024-07-05T13:00:31.858+0800: 7626.095: [GC (Allocation Failure) [PSYoungGen: 1028656K->17696K(1030144K)] 1373540K->362588K(1498112K), 0.0152038 secs] [Times: user=0.03 sys=0.00, real=0.02 secs] 
2024-07-05T13:00:33.157+0800: 7627.394: [GC (Allocation Failure) [PSYoungGen: 1029408K->17440K(1030144K)] 1374300K->362340K(1498112K), 0.0147660 secs] [Times: user=0.03 sys=0.00, real=0.01 secs] 
2024-07-05T13:00:34.472+0800: 7628.709: [GC (Allocation Failure) [PSYoungGen: 1029152K->17472K(1029632K)] 1374052K->362380K(1497600K), 0.0155271 secs] [Times: user=0.02 sys=0.00, real=0.02 secs] 
2024-07-05T13:00:35.785+0800: 7630.022: [GC (Allocation Failure) [PSYoungGen: 1029184K->17440K(1030144K)] 1374092K->362356K(1498112K), 0.0165290 secs] [Times: user=0.03 sys=0.00, real=0.02 secs] 
2024-07-05T13:00:37.104+0800: 7631.341: [GC (Allocation Failure) [PSYoungGen: 1029664K->17456K(1030656K)] 1374580K->362380K(1498624K), 0.0150784 secs] [Times: user=0.03 sys=0.00, real=0.01 secs] 
2024-07-05T13:00:38.371+0800: 7632.608: [GC (Allocation Failure) [PSYoungGen: 1030192K->17472K(1030656K)] 1375116K->362404K(1498624K), 0.0145569 secs] [Times: user=0.03 sys=0.00, real=0.02 secs] 
2024-07-05T13:00:39.690+0800: 7633.927: [GC (Allocation Failure) [PSYoungGen: 1030208K->17456K(1030656K)] 1375140K->362396K(1498624K), 0.0185113 secs] [Times: user=0.03 sys=0.00, real=0.02 secs] 
2024-07-05T13:00:40.948+0800: 7635.185: [GC (Allocation Failure) [PSYoungGen: 1030192K->17904K(1030656K)] 1375132K->362996K(1498624K), 0.0164617 secs] [Times: user=0.03 sys=0.00, real=0.02 secs] 
2024-07-05T13:00:42.299+0800: 7636.536: [GC (Allocation Failure) [PSYoungGen: 1030640K->17456K(1029632K)] 1375732K->368412K(1497600K), 0.0186478 secs] [Times: user=0.03 sys=0.00, real=0.02 secs] 
2024-07-05T13:00:43.619+0800: 7637.855: [GC (Allocation Failure) [PSYoungGen: 1029168K->17376K(1030144K)] 1380124K->368340K(1498112K), 0.0163493 secs] [Times: user=0.03 sys=0.00, real=0.02 secs] 
2024-07-05T13:00:44.925+0800: 7639.162: [GC (Allocation Failure) [PSYoungGen: 1029088K->17456K(1030144K)] 1380052K->368428K(1498112K), 0.0151393 secs] [Times: user=0.03 sys=0.00, real=0.01 secs] 
2024-07-05T13:00:46.270+0800: 7640.507: [GC (Allocation Failure) [PSYoungGen: 1029680K->17472K(1030144K)] 1380652K->368452K(1498112K), 0.0144265 secs] [Times: user=0.02 sys=0.00, real=0.02 secs] 
2024-07-05T13:00:47.546+0800: 7641.783: [GC (Allocation Failure) [PSYoungGen: 1029696K->17200K(1030656K)] 1380676K->368188K(1498624K), 0.0146270 secs] [Times: user=0.03 sys=0.00, real=0.01 secs] 
2024-07-05T13:00:48.804+0800: 7643.041: [GC (Allocation Failure) [PSYoungGen: 1029936K->17472K(1030656K)] 1380924K->368468K(1498624K), 0.0146191 secs] [Times: user=0.03 sys=0.00, real=0.01 secs] 
2024-07-05T13:00:50.129+0800: 7644.366: [GC (Allocation Failure) [PSYoungGen: 1030208K->17440K(1030656K)] 1381204K->368444K(1498624K), 0.0150907 secs] [Times: user=0.03 sys=0.00, real=0.02 secs] 
2024-07-05T13:00:51.421+0800: 7645.658: [GC (Allocation Failure) [PSYoungGen: 1030176K->17488K(1030656K)] 1381180K->368500K(1498624K), 0.0160316 secs] [Times: user=0.03 sys=0.00, real=0.01 secs] 
2024-07-05T13:00:52.791+0800: 7647.028: [GC (Allocation Failure) [PSYoungGen: 1030224K->17456K(1030656K)] 1381236K->368476K(1498624K), 0.0150068 secs] [Times: user=0.03 sys=0.00, real=0.02 secs] 
2024-07-05T13:00:54.080+0800: 7648.317: [GC (Allocation Failure) [PSYoungGen: 1030192K->17904K(1030656K)] 1381212K->369228K(1498624K), 0.0158920 secs] [Times: user=0.04 sys=0.00, real=0.02 secs] 
2024-07-05T13:00:55.332+0800: 7649.569: [GC (Allocation Failure) [PSYoungGen: 1030640K->17456K(1029632K)] 1381964K->374499K(1497600K), 0.0186153 secs] [Times: user=0.03 sys=0.00, real=0.02 secs] 
2024-07-05T13:00:56.654+0800: 7650.891: [GC (Allocation Failure) [PSYoungGen: 1029168K->17728K(1030144K)] 1386211K->374779K(1498112K), 0.0146490 secs] [Times: user=0.03 sys=0.00, real=0.01 secs] 
2024-07-05T13:00:57.917+0800: 7652.154: [GC (Allocation Failure) [PSYoungGen: 1029440K->17456K(1030144K)] 1386491K->374515K(1498112K), 0.0150748 secs] [Times: user=0.03 sys=0.00, real=0.01 secs] 
2024-07-05T13:00:59.202+0800: 7653.439: [GC (Allocation Failure) [PSYoungGen: 1029168K->17488K(1030144K)] 1386227K->374555K(1498112K), 0.0169569 secs] [Times: user=0.03 sys=0.00, real=0.01 secs] 
2024-07-05T13:01:00.499+0800: 7654.736: [GC (Allocation Failure) [PSYoungGen: 1029200K->17488K(1029632K)] 1386267K->374563K(1497600K), 0.0150442 secs] [Times: user=0.03 sys=0.00, real=0.02 secs] 
2024-07-05T13:01:01.766+0800: 7656.003: [GC (Allocation Failure) [PSYoungGen: 1029200K->17472K(1030144K)] 1386275K->374555K(1498112K), 0.0147339 secs] [Times: user=0.03 sys=0.00, real=0.01 secs] 
2024-07-05T13:01:03.048+0800: 7657.285: [GC (Allocation Failure) [PSYoungGen: 1029696K->16976K(1029632K)] 1386779K->374067K(1497600K), 0.0156677 secs] [Times: user=0.03 sys=0.00, real=0.02 secs] 
2024-07-05T13:01:04.430+0800: 7658.667: [GC (Allocation Failure) [PSYoungGen: 1028688K->17488K(1030144K)] 1385779K->374587K(1498112K), 0.0154841 secs] [Times: user=0.02 sys=0.01, real=0.02 secs] 
2024-07-05T13:01:05.730+0800: 7659.967: [GC (Allocation Failure) [PSYoungGen: 1029200K->17488K(1030144K)] 1386299K->374595K(1498112K), 0.0157941 secs] [Times: user=0.03 sys=0.00, real=0.02 secs] 
2024-07-05T13:01:07.016+0800: 7661.253: [GC (Allocation Failure) [PSYoungGen: 1029712K->17456K(1030144K)] 1386819K->374571K(1498112K), 0.0185732 secs] [Times: user=0.03 sys=0.00, real=0.02 secs] 
2024-07-05T13:01:08.278+0800: 7662.515: [GC (Allocation Failure) [PSYoungGen: 1029680K->15840K(1029632K)] 1386795K->372963K(1497600K), 0.0144965 secs] [Times: user=0.03 sys=0.00, real=0.01 secs] 
2024-07-05T13:01:09.649+0800: 7663.886: [GC (Allocation Failure) [PSYoungGen: 1027552K->17456K(1030144K)] 1384675K->374587K(1498112K), 0.0167002 secs] [Times: user=0.02 sys=0.00, real=0.02 secs] 
2024-07-05T13:01:10.927+0800: 7665.164: [GC (Allocation Failure) [PSYoungGen: 1029168K->17456K(1030144K)] 1386299K->374595K(1498112K), 0.0159965 secs] [Times: user=0.02 sys=0.00, real=0.02 secs] 
2024-07-05T13:01:12.235+0800: 7666.472: [GC (Allocation Failure) [PSYoungGen: 1029168K->17520K(1030144K)] 1386307K->374667K(1498112K), 0.0162032 secs] [Times: user=0.03 sys=0.00, real=0.01 secs] 
2024-07-05T13:01:13.531+0800: 7667.768: [GC (Allocation Failure) [PSYoungGen: 1029232K->17440K(1030144K)] 1386379K->374595K(1498112K), 0.0160944 secs] [Times: user=0.03 sys=0.00, real=0.02 secs] 
2024-07-05T13:01:14.854+0800: 7669.091: [GC (Allocation Failure) [PSYoungGen: 1029152K->17456K(1030144K)] 1386307K->374619K(1498112K), 0.0164194 secs] [Times: user=0.03 sys=0.00, real=0.01 secs] 
2024-07-05T13:01:16.146+0800: 7670.383: [GC (Allocation Failure) [PSYoungGen: 1029168K->17152K(1030144K)] 1386331K->374323K(1498112K), 0.0162634 secs] [Times: user=0.02 sys=0.00, real=0.02 secs] 
2024-07-05T13:01:17.446+0800: 7671.683: [GC (Allocation Failure) [PSYoungGen: 1028864K->17456K(1029632K)] 1386035K->374635K(1497600K), 0.0147943 secs] [Times: user=0.03 sys=0.00, real=0.01 secs] 
2024-07-05T13:01:18.706+0800: 7672.943: [GC (Allocation Failure) [PSYoungGen: 1029168K->17376K(1029632K)] 1386347K->374563K(1497600K), 0.0158318 secs] [Times: user=0.03 sys=0.00, real=0.02 secs] 
2024-07-05T13:01:20.002+0800: 7674.239: [GC (Allocation Failure) [PSYoungGen: 1029088K->17456K(1029632K)] 1386275K->374651K(1497600K), 0.0168096 secs] [Times: user=0.03 sys=0.00, real=0.01 secs] 
2024-07-05T13:01:21.314+0800: 7675.551: [GC (Allocation Failure) [PSYoungGen: 1029168K->17840K(1029632K)] 1386363K->375043K(1497600K), 0.0160488 secs] [Times: user=0.03 sys=0.00, real=0.01 secs] 
2024-07-05T13:01:22.618+0800: 7676.855: [GC (Allocation Failure) [PSYoungGen: 1029552K->17664K(1030144K)] 1386755K->374875K(1498112K), 0.0147207 secs] [Times: user=0.03 sys=0.00, real=0.01 secs] 
2024-07-05T13:01:23.898+0800: 7678.135: [GC (Allocation Failure) [PSYoungGen: 1029376K->17456K(1030144K)] 1386587K->374675K(1498112K), 0.0154058 secs] [Times: user=0.03 sys=0.00, real=0.02 secs] 
2024-07-05T13:01:25.153+0800: 7679.390: [GC (Allocation Failure) [PSYoungGen: 1029168K->17440K(1029632K)] 1386387K->374667K(1497600K), 0.0145390 secs] [Times: user=0.03 sys=0.00, real=0.01 secs] 
2024-07-05T13:01:26.428+0800: 7680.665: [GC (Allocation Failure) [PSYoungGen: 1029152K->17392K(1029632K)] 1386379K->374627K(1497600K), 0.0155189 secs] [Times: user=0.02 sys=0.00, real=0.02 secs] 
2024-07-05T13:01:27.725+0800: 7681.962: [GC (Allocation Failure) [PSYoungGen: 1029104K->17472K(1029632K)] 1386339K->374715K(1497600K), 0.0173951 secs] [Times: user=0.03 sys=0.00, real=0.02 secs] 
2024-07-05T13:01:28.975+0800: 7683.211: [GC (Allocation Failure) [PSYoungGen: 1029184K->17440K(1030656K)] 1386427K->374691K(1498624K), 0.0158060 secs] [Times: user=0.03 sys=0.00, real=0.01 secs] 
2024-07-05T13:01:30.262+0800: 7684.499: [GC (Allocation Failure) [PSYoungGen: 1030176K->16864K(1030656K)] 1387427K->374123K(1498624K), 0.0132317 secs] [Times: user=0.02 sys=0.00, real=0.01 secs] 
2024-07-05T13:01:31.511+0800: 7685.748: [GC (Allocation Failure) [PSYoungGen: 1029600K->17456K(1030656K)] 1386859K->374723K(1498624K), 0.0182759 secs] [Times: user=0.03 sys=0.00, real=0.02 secs] 
2024-07-05T13:01:32.838+0800: 7687.075: [GC (Allocation Failure) [PSYoungGen: 1030192K->17456K(1030656K)] 1387459K->374731K(1498624K), 0.0153794 secs] [Times: user=0.03 sys=0.00, real=0.02 secs] 
2024-07-05T13:01:34.150+0800: 7688.387: [GC (Allocation Failure) [PSYoungGen: 1030192K->17456K(1030656K)] 1387467K->374739K(1498624K), 0.0149459 secs] [Times: user=0.03 sys=0.00, real=0.02 secs] 
2024-07-05T13:01:35.385+0800: 7689.622: [GC (Allocation Failure) [PSYoungGen: 1030192K->17920K(1030656K)] 1387475K->375723K(1498624K), 0.0149305 secs] [Times: user=0.02 sys=0.00, real=0.01 secs] 
2024-07-05T13:01:36.703+0800: 7690.940: [GC (Allocation Failure) [PSYoungGen: 1030656K->15040K(1028608K)] 1388459K->384386K(1496576K), 0.0198811 secs] [Times: user=0.04 sys=0.00, real=0.02 secs] 
2024-07-05T13:01:37.988+0800: 7692.224: [GC (Allocation Failure) [PSYoungGen: 1025728K->17120K(1029632K)] 1395074K->386474K(1497600K), 0.0149385 secs] [Times: user=0.02 sys=0.00, real=0.02 secs] 
2024-07-05T13:01:39.255+0800: 7693.491: [GC (Allocation Failure) [PSYoungGen: 1027808K->17472K(1029120K)] 1397162K->386834K(1497088K), 0.0154396 secs] [Times: user=0.03 sys=0.00, real=0.01 secs] 
2024-07-05T13:01:40.575+0800: 7694.812: [GC (Allocation Failure) [PSYoungGen: 1028672K->17504K(1029632K)] 1398034K->386874K(1497600K), 0.0153598 secs] [Times: user=0.03 sys=0.00, real=0.01 secs] 
2024-07-05T13:01:41.832+0800: 7696.069: [GC (Allocation Failure) [PSYoungGen: 1028704K->17472K(1030144K)] 1398074K->386850K(1498112K), 0.0151818 secs] [Times: user=0.02 sys=0.00, real=0.02 secs] 
2024-07-05T13:01:43.142+0800: 7697.379: [GC (Allocation Failure) [PSYoungGen: 1029184K->17440K(1030144K)] 1398562K->386826K(1498112K), 0.0146796 secs] [Times: user=0.03 sys=0.00, real=0.01 secs] 
2024-07-05T13:01:44.420+0800: 7698.657: [GC (Allocation Failure) [PSYoungGen: 1029152K->17424K(1030144K)] 1398538K->386818K(1498112K), 0.0152237 secs] [Times: user=0.03 sys=0.00, real=0.02 secs] 
2024-07-05T13:01:45.670+0800: 7699.907: [GC (Allocation Failure) [PSYoungGen: 1029136K->17456K(1030144K)] 1398530K->386858K(1498112K), 0.0166201 secs] [Times: user=0.03 sys=0.00, real=0.02 secs] 
2024-07-05T13:01:46.962+0800: 7701.199: [GC (Allocation Failure) [PSYoungGen: 1029168K->17456K(1030144K)] 1398570K->386866K(1498112K), 0.0151175 secs] [Times: user=0.03 sys=0.00, real=0.01 secs] 
2024-07-05T13:01:48.211+0800: 7702.448: [GC (Allocation Failure) [PSYoungGen: 1029168K->17440K(1030144K)] 1398578K->386858K(1498112K), 0.0147011 secs] [Times: user=0.03 sys=0.00, real=0.02 secs] 
2024-07-05T13:01:49.502+0800: 7703.738: [GC (Allocation Failure) [PSYoungGen: 1029152K->17184K(1030144K)] 1398570K->386610K(1498112K), 0.0163349 secs] [Times: user=0.02 sys=0.00, real=0.01 secs] 
2024-07-05T13:01:50.795+0800: 7705.032: [GC (Allocation Failure) [PSYoungGen: 1028896K->16896K(1030144K)] 1398322K->386330K(1498112K), 0.0152203 secs] [Times: user=0.03 sys=0.00, real=0.01 secs] 
2024-07-05T13:01:52.095+0800: 7706.332: [GC (Allocation Failure) [PSYoungGen: 1028608K->16544K(1030144K)] 1398042K->385986K(1498112K), 0.0161009 secs] [Times: user=0.03 sys=0.00, real=0.01 secs] 
2024-07-05T13:01:53.414+0800: 7707.651: [GC (Allocation Failure) [PSYoungGen: 1028256K->17440K(1030144K)] 1397698K->386890K(1498112K), 0.0142265 secs] [Times: user=0.02 sys=0.00, real=0.01 secs] 
2024-07-05T13:01:54.711+0800: 7708.947: [GC (Allocation Failure) [PSYoungGen: 1029152K->17360K(1030144K)] 1398602K->386818K(1498112K), 0.0149993 secs] [Times: user=0.03 sys=0.00, real=0.02 secs] 
2024-07-05T13:01:55.993+0800: 7710.230: [GC (Allocation Failure) [PSYoungGen: 1029072K->17472K(1030144K)] 1398530K->386938K(1498112K), 0.0165023 secs] [Times: user=0.03 sys=0.00, real=0.01 secs] 
2024-07-05T13:01:57.300+0800: 7711.537: [GC (Allocation Failure) [PSYoungGen: 1029184K->17408K(1030144K)] 1398650K->386882K(1498112K), 0.0170455 secs] [Times: user=0.02 sys=0.00, real=0.02 secs] 
2024-07-05T13:01:58.559+0800: 7712.796: [GC (Allocation Failure) [PSYoungGen: 1029120K->17536K(1030144K)] 1398594K->387018K(1498112K), 0.0146666 secs] [Times: user=0.03 sys=0.00, real=0.02 secs] 
2024-07-05T13:01:59.862+0800: 7714.099: [GC (Allocation Failure) [PSYoungGen: 1029248K->17472K(1030144K)] 1398730K->386962K(1498112K), 0.0185766 secs] [Times: user=0.04 sys=0.00, real=0.01 secs] 
2024-07-05T13:02:01.210+0800: 7715.447: [GC (Allocation Failure) [PSYoungGen: 1029184K->17488K(1030144K)] 1398674K->386986K(1498112K), 0.0168648 secs] [Times: user=0.04 sys=0.00, real=0.02 secs] 
2024-07-05T13:02:02.516+0800: 7716.753: [GC (Allocation Failure) [PSYoungGen: 1029200K->17472K(1030144K)] 1398698K->386978K(1498112K), 0.0144161 secs] [Times: user=0.02 sys=0.00, real=0.01 secs] 
2024-07-05T13:02:03.798+0800: 7718.035: [GC (Allocation Failure) [PSYoungGen: 1029184K->17440K(1030144K)] 1398690K->386954K(1498112K), 0.0153866 secs] [Times: user=0.03 sys=0.00, real=0.02 secs] 
2024-07-05T13:02:05.070+0800: 7719.307: [GC (Allocation Failure) [PSYoungGen: 1029152K->17440K(1030144K)] 1398666K->386962K(1498112K), 0.0188719 secs] [Times: user=0.03 sys=0.00, real=0.02 secs] 
2024-07-05T13:02:06.362+0800: 7720.598: [GC (Allocation Failure) [PSYoungGen: 1029152K->17488K(1029632K)] 1398674K->387018K(1497600K), 0.0156887 secs] [Times: user=0.03 sys=0.00, real=0.01 secs] 
2024-07-05T13:02:07.647+0800: 7721.884: [GC (Allocation Failure) [PSYoungGen: 1029200K->17456K(1029632K)] 1398730K->386994K(1497600K), 0.0164361 secs] [Times: user=0.03 sys=0.00, real=0.02 secs] 
2024-07-05T13:02:08.910+0800: 7723.147: [GC (Allocation Failure) [PSYoungGen: 1029168K->17488K(1029632K)] 1398706K->387034K(1497600K), 0.0165795 secs] [Times: user=0.03 sys=0.00, real=0.02 secs] 
2024-07-05T13:02:10.237+0800: 7724.474: [GC (Allocation Failure) [PSYoungGen: 1029200K->17280K(1030656K)] 1398746K->386834K(1498624K), 0.0163547 secs] [Times: user=0.03 sys=0.00, real=0.02 secs] 
2024-07-05T13:02:11.524+0800: 7725.761: [GC (Allocation Failure) [PSYoungGen: 1030016K->17440K(1030656K)] 1399570K->387002K(1498624K), 0.0147223 secs] [Times: user=0.02 sys=0.00, real=0.01 secs] 
2024-07-05T13:02:12.800+0800: 7727.037: [GC (Allocation Failure) [PSYoungGen: 1030176K->17440K(1030656K)] 1399738K->387010K(1498624K), 0.0160501 secs] [Times: user=0.03 sys=0.00, real=0.02 secs] 
2024-07-05T13:02:14.087+0800: 7728.323: [GC (Allocation Failure) [PSYoungGen: 1030176K->17024K(1030656K)] 1399746K->386602K(1498624K), 0.0145634 secs] [Times: user=0.03 sys=0.00, real=0.02 secs] 
2024-07-05T13:02:15.374+0800: 7729.611: [GC (Allocation Failure) [PSYoungGen: 1029760K->17440K(1030656K)] 1399338K->387026K(1498624K), 0.0146159 secs] [Times: user=0.03 sys=0.00, real=0.01 secs] 
2024-07-05T13:02:16.702+0800: 7730.938: [GC (Allocation Failure) [PSYoungGen: 1030176K->17472K(1030656K)] 1399762K->387066K(1498624K), 0.0150053 secs] [Times: user=0.02 sys=0.00, real=0.01 secs] 
2024-07-05T13:02:17.968+0800: 7732.205: [GC (Allocation Failure) [PSYoungGen: 1030208K->17424K(1030656K)] 1399802K->387026K(1498624K), 0.0150523 secs] [Times: user=0.03 sys=0.00, real=0.02 secs] 
2024-07-05T13:02:19.223+0800: 7733.460: [GC (Allocation Failure) [PSYoungGen: 1030160K->17904K(1030656K)] 1399762K->388434K(1498624K), 0.0165793 secs] [Times: user=0.03 sys=0.00, real=0.01 secs] 
2024-07-05T13:02:20.511+0800: 7734.748: [GC (Allocation Failure) [PSYoungGen: 1030640K->17904K(1020416K)] 1401170K->400552K(1488384K), 0.0234665 secs] [Times: user=0.04 sys=0.00, real=0.03 secs] 
2024-07-05T13:02:21.838+0800: 7736.075: [GC (Allocation Failure) [PSYoungGen: 1020400K->15024K(1017856K)] 1403048K->402696K(1485824K), 0.0180762 secs] [Times: user=0.03 sys=0.00, real=0.02 secs] 
2024-07-05T13:02:23.118+0800: 7737.355: [GC (Allocation Failure) [PSYoungGen: 1017520K->17456K(1025536K)] 1405192K->405136K(1493504K), 0.0155602 secs] [Times: user=0.03 sys=0.00, real=0.02 secs] 
2024-07-05T13:02:24.366+0800: 7738.603: [GC (Allocation Failure) [PSYoungGen: 1019440K->18496K(1020928K)] 1407120K->406184K(1488896K), 0.0152858 secs] [Times: user=0.03 sys=0.00, real=0.01 secs] 
2024-07-05T13:02:25.598+0800: 7739.835: [GC (Allocation Failure) [PSYoungGen: 1020480K->17424K(1024512K)] 1408168K->405120K(1492480K), 0.0153972 secs] [Times: user=0.03 sys=0.00, real=0.02 secs] 
2024-07-05T13:02:26.878+0800: 7741.115: [GC (Allocation Failure) [PSYoungGen: 1019408K->17488K(1024512K)] 1407104K->405192K(1492480K), 0.0157401 secs] [Times: user=0.03 sys=0.00, real=0.02 secs] 
2024-07-05T13:02:28.158+0800: 7742.395: [GC (Allocation Failure) [PSYoungGen: 1019472K->17456K(1025536K)] 1407176K->405168K(1493504K), 0.0167946 secs] [Times: user=0.03 sys=0.00, real=0.02 secs] 
2024-07-05T13:02:29.410+0800: 7743.647: [GC (Allocation Failure) [PSYoungGen: 1020976K->17440K(1025536K)] 1408688K->405160K(1493504K), 0.0183037 secs] [Times: user=0.04 sys=0.00, real=0.02 secs] 
2024-07-05T13:02:30.772+0800: 7745.008: [GC (Allocation Failure) [PSYoungGen: 1020960K->17456K(1026048K)] 1408680K->405184K(1494016K), 0.0155209 secs] [Times: user=0.03 sys=0.00, real=0.02 secs] 
2024-07-05T13:02:32.059+0800: 7746.296: [GC (Allocation Failure) [PSYoungGen: 1022000K->17488K(1026048K)] 1409728K->405224K(1494016K), 0.0153779 secs] [Times: user=0.03 sys=0.00, real=0.02 secs] 
2024-07-05T13:02:33.364+0800: 7747.601: [GC (Allocation Failure) [PSYoungGen: 1022032K->17104K(1026560K)] 1409768K->404848K(1494528K), 0.0147794 secs] [Times: user=0.03 sys=0.00, real=0.01 secs] 
2024-07-05T13:02:34.673+0800: 7748.910: [GC (Allocation Failure) [PSYoungGen: 1022672K->16912K(1026560K)] 1410416K->404664K(1494528K), 0.0165314 secs] [Times: user=0.04 sys=0.00, real=0.01 secs] 
2024-07-05T13:02:35.938+0800: 7750.175: [GC (Allocation Failure) [PSYoungGen: 1022480K->17456K(1026560K)] 1410232K->405216K(1494528K), 0.0154357 secs] [Times: user=0.03 sys=0.00, real=0.02 secs] 
2024-07-05T13:02:37.813+0800: 7752.050: [GC (Allocation Failure) [PSYoungGen: 1024045K->20469K(1027072K)] 1411806K->423403K(1495040K), 0.0418959 secs] [Times: user=0.08 sys=0.00, real=0.04 secs] 
2024-07-05T13:02:39.140+0800: 7753.377: [GC (Allocation Failure) [PSYoungGen: 1027061K->6781K(1012736K)] 1429995K->430279K(1480704K), 0.0254056 secs] [Times: user=0.05 sys=0.00, real=0.03 secs] 
2024-07-05T13:02:39.956+0800: 7754.193: [GC (Allocation Failure) [PSYoungGen: 998013K->5949K(997376K)] 1421511K->433615K(1465344K), 0.0102913 secs] [Times: user=0.01 sys=0.00, real=0.01 secs] 
Heap
 PSYoungGen      total 997376K, used 261558K [0x0000000780000000, 0x00000007c0000000, 0x00000007c0000000)
  eden space 991232K, 25% used [0x0000000780000000,0x000000078f99e4f0,0x00000007bc800000)
  from space 6144K, 96% used [0x00000007bc800000,0x00000007bcdcf590,0x00000007bce00000)
  to   space 29696K, 0% used [0x00000007be300000,0x00000007be300000,0x00000007c0000000)
 ParOldGen       total 467968K, used 427666K [0x0000000700000000, 0x000000071c900000, 0x0000000780000000)
  object space 467968K, 91% used [0x0000000700000000,0x000000071a1a4890,0x000000071c900000)
 Metaspace       used 41172K, capacity 41932K, committed 42112K, reserved 1087488K
  class space    used 4032K, capacity 4183K, committed 4224K, reserved 1048576K
