OpenJDK 64-Bit Server VM (25.412-b08) for linux-amd64 JRE (1.8.0_412-8u412-ga-1~22.04.1-b08), built on May 30 2024 06:02:10 by "buildd" with gcc 11.4.0
Memory: 4k page, physical 3644704k(1429068k free), swap 4194300k(4194300k free)
CommandLine flags: -XX:InitialHeapSize=58315264 -XX:MaxHeapSize=3221225472 -XX:+PrintGC -XX:+PrintGCDateStamps -XX:+PrintGCDetails -XX:+PrintGCTimeStamps -XX:+UseCompressedClassPointers -XX:+UseCompressedOops -XX:+UseG1GC 
2024-07-06T11:24:05.936+0800: 0.102: [GC pause (G1 Evacuation Pause) (young), 0.0021489 secs]
   [Parallel Time: 1.8 ms, GC Workers: 2]
      [GC Worker Start (ms): Min: 101.8, Avg: 102.5, Max: 103.2, Diff: 1.5]
      [Ext Root Scanning (ms): Min: 0.0, Avg: 0.4, Max: 0.8, Diff: 0.8, Sum: 0.8]
      [Update RS (ms): Min: 0.0, Avg: 0.0, Max: 0.0, Diff: 0.0, Sum: 0.0]
         [Processed Buffers: Min: 0, Avg: 0.0, Max: 0, Diff: 0, Sum: 0]
      [Scan RS (ms): Min: 0.0, Avg: 0.0, Max: 0.0, Diff: 0.0, Sum: 0.0]
      [Code Root Scanning (ms): Min: 0.0, Avg: 0.0, Max: 0.0, Diff: 0.0, Sum: 0.0]
      [Object Copy (ms): Min: 0.3, Avg: 0.6, Max: 0.9, Diff: 0.6, Sum: 1.2]
      [Termination (ms): Min: 0.0, Avg: 0.0, Max: 0.0, Diff: 0.0, Sum: 0.0]
         [Termination Attempts: Min: 1, Avg: 1.0, Max: 1, Diff: 0, Sum: 2]
      [GC Worker Other (ms): Min: 0.0, Avg: 0.0, Max: 0.0, Diff: 0.0, Sum: 0.0]
      [GC Worker Total (ms): Min: 0.3, Avg: 1.0, Max: 1.8, Diff: 1.5, Sum: 2.1]
      [GC Worker End (ms): Min: 103.5, Avg: 103.5, Max: 103.5, Diff: 0.0]
   [Code Root Fixup: 0.0 ms]
   [Code Root Purge: 0.0 ms]
   [Clear CT: 0.1 ms]
   [Other: 0.3 ms]
      [Choose CSet: 0.0 ms]
      [Ref Proc: 0.2 ms]
      [Ref Enq: 0.0 ms]
      [Redirty Cards: 0.0 ms]
      [Humongous Register: 0.0 ms]
      [Humongous Reclaim: 0.0 ms]
      [Free CSet: 0.0 ms]
   [Eden: 7168.0K(7168.0K)->0.0B(11264.0K) Survivors: 0.0B->1024.0K Heap: 7168.0K(57344.0K)->694.6K(57344.0K)]
 [Times: user=0.01 sys=0.00, real=0.00 secs] 
2024-07-06T11:25:02.120+0800: 56.286: [GC pause (G1 Evacuation Pause) (young), 0.0041503 secs]
   [Parallel Time: 3.5 ms, GC Workers: 2]
      [GC Worker Start (ms): Min: 56286.5, Avg: 56286.5, Max: 56286.5, Diff: 0.0]
      [Ext Root Scanning (ms): Min: 0.8, Avg: 0.8, Max: 0.8, Diff: 0.1, Sum: 1.6]
      [Update RS (ms): Min: 0.0, Avg: 0.0, Max: 0.0, Diff: 0.0, Sum: 0.0]
         [Processed Buffers: Min: 0, Avg: 0.0, Max: 0, Diff: 0, Sum: 0]
      [Scan RS (ms): Min: 0.0, Avg: 0.0, Max: 0.0, Diff: 0.0, Sum: 0.0]
      [Code Root Scanning (ms): Min: 0.0, Avg: 0.1, Max: 0.2, Diff: 0.2, Sum: 0.2]
      [Object Copy (ms): Min: 2.4, Avg: 2.5, Max: 2.7, Diff: 0.3, Sum: 5.1]
      [Termination (ms): Min: 0.0, Avg: 0.0, Max: 0.0, Diff: 0.0, Sum: 0.0]
         [Termination Attempts: Min: 1, Avg: 1.0, Max: 1, Diff: 0, Sum: 2]
      [GC Worker Other (ms): Min: 0.0, Avg: 0.0, Max: 0.0, Diff: 0.0, Sum: 0.0]
      [GC Worker Total (ms): Min: 3.5, Avg: 3.5, Max: 3.5, Diff: 0.0, Sum: 6.9]
      [GC Worker End (ms): Min: 56290.0, Avg: 56290.0, Max: 56290.0, Diff: 0.0]
   [Code Root Fixup: 0.0 ms]
   [Code Root Purge: 0.0 ms]
   [Clear CT: 0.1 ms]
   [Other: 0.5 ms]
      [Choose CSet: 0.0 ms]
      [Ref Proc: 0.4 ms]
      [Ref Enq: 0.0 ms]
      [Redirty Cards: 0.0 ms]
      [Humongous Register: 0.0 ms]
      [Humongous Reclaim: 0.0 ms]
      [Free CSet: 0.0 ms]
   [Eden: 11264.0K(11264.0K)->0.0B(17408.0K) Survivors: 1024.0K->2048.0K Heap: 11958.6K(57344.0K)->2534.5K(57344.0K)]
 [Times: user=0.01 sys=0.00, real=0.00 secs] 
2024-07-06T11:25:02.307+0800: 56.473: [GC pause (G1 Evacuation Pause) (young), 0.0070787 secs]
   [Parallel Time: 4.2 ms, GC Workers: 2]
      [GC Worker Start (ms): Min: 56473.1, Avg: 56473.1, Max: 56473.1, Diff: 0.0]
      [Ext Root Scanning (ms): Min: 0.4, Avg: 0.5, Max: 0.6, Diff: 0.2, Sum: 1.0]
      [Update RS (ms): Min: 0.0, Avg: 0.1, Max: 0.1, Diff: 0.1, Sum: 0.1]
         [Processed Buffers: Min: 1, Avg: 1.5, Max: 2, Diff: 1, Sum: 3]
      [Scan RS (ms): Min: 0.0, Avg: 0.0, Max: 0.0, Diff: 0.0, Sum: 0.0]
      [Code Root Scanning (ms): Min: 0.1, Avg: 0.2, Max: 0.3, Diff: 0.3, Sum: 0.4]
      [Object Copy (ms): Min: 3.0, Avg: 3.3, Max: 3.6, Diff: 0.6, Sum: 6.7]
      [Termination (ms): Min: 0.0, Avg: 0.0, Max: 0.0, Diff: 0.0, Sum: 0.0]
         [Termination Attempts: Min: 1, Avg: 1.0, Max: 1, Diff: 0, Sum: 2]
      [GC Worker Other (ms): Min: 0.0, Avg: 0.0, Max: 0.0, Diff: 0.0, Sum: 0.0]
      [GC Worker Total (ms): Min: 4.1, Avg: 4.1, Max: 4.1, Diff: 0.0, Sum: 8.2]
      [GC Worker End (ms): Min: 56477.3, Avg: 56477.3, Max: 56477.3, Diff: 0.0]
   [Code Root Fixup: 0.0 ms]
   [Code Root Purge: 0.0 ms]
   [Clear CT: 0.1 ms]
   [Other: 2.8 ms]
      [Choose CSet: 0.0 ms]
      [Ref Proc: 2.7 ms]
      [Ref Enq: 0.0 ms]
      [Redirty Cards: 0.0 ms]
      [Humongous Register: 0.0 ms]
      [Humongous Reclaim: 0.0 ms]
      [Free CSet: 0.0 ms]
   [Eden: 17408.0K(17408.0K)->0.0B(26624.0K) Survivors: 2048.0K->3072.0K Heap: 19942.5K(57344.0K)->7229.0K(57344.0K)]
 [Times: user=0.01 sys=0.00, real=0.01 secs] 
2024-07-06T11:25:02.401+0800: 56.567: [GC pause (G1 Evacuation Pause) (young), 0.0092705 secs]
   [Parallel Time: 4.0 ms, GC Workers: 2]
      [GC Worker Start (ms): Min: 56567.3, Avg: 56567.3, Max: 56567.3, Diff: 0.0]
      [Ext Root Scanning (ms): Min: 0.4, Avg: 0.4, Max: 0.5, Diff: 0.1, Sum: 0.9]
      [Update RS (ms): Min: 0.2, Avg: 0.2, Max: 0.2, Diff: 0.0, Sum: 0.4]
         [Processed Buffers: Min: 2, Avg: 3.5, Max: 5, Diff: 3, Sum: 7]
      [Scan RS (ms): Min: 0.2, Avg: 0.2, Max: 0.2, Diff: 0.0, Sum: 0.4]
      [Code Root Scanning (ms): Min: 0.0, Avg: 0.1, Max: 0.1, Diff: 0.1, Sum: 0.1]
      [Object Copy (ms): Min: 3.0, Avg: 3.0, Max: 3.0, Diff: 0.0, Sum: 6.1]
      [Termination (ms): Min: 0.0, Avg: 0.0, Max: 0.0, Diff: 0.0, Sum: 0.0]
         [Termination Attempts: Min: 1, Avg: 1.5, Max: 2, Diff: 1, Sum: 3]
      [GC Worker Other (ms): Min: 0.0, Avg: 0.0, Max: 0.0, Diff: 0.0, Sum: 0.0]
      [GC Worker Total (ms): Min: 3.9, Avg: 3.9, Max: 4.0, Diff: 0.0, Sum: 7.9]
      [GC Worker End (ms): Min: 56571.2, Avg: 56571.2, Max: 56571.2, Diff: 0.0]
   [Code Root Fixup: 0.0 ms]
   [Code Root Purge: 0.0 ms]
   [Clear CT: 0.1 ms]
   [Other: 5.2 ms]
      [Choose CSet: 0.0 ms]
      [Ref Proc: 5.1 ms]
      [Ref Enq: 0.0 ms]
      [Redirty Cards: 0.0 ms]
      [Humongous Register: 0.0 ms]
      [Humongous Reclaim: 0.0 ms]
      [Free CSet: 0.0 ms]
   [Eden: 26624.0K(26624.0K)->0.0B(29696.0K) Survivors: 3072.0K->4096.0K Heap: 33853.0K(57344.0K)->14336.0K(57344.0K)]
 [Times: user=0.00 sys=0.00, real=0.01 secs] 
2024-07-06T11:25:02.485+0800: 56.651: [GC pause (G1 Evacuation Pause) (young), 0.0071564 secs]
   [Parallel Time: 3.2 ms, GC Workers: 2]
      [GC Worker Start (ms): Min: 56651.0, Avg: 56651.0, Max: 56651.1, Diff: 0.0]
      [Ext Root Scanning (ms): Min: 0.4, Avg: 0.4, Max: 0.5, Diff: 0.1, Sum: 0.9]
      [Update RS (ms): Min: 0.3, Avg: 0.3, Max: 0.3, Diff: 0.0, Sum: 0.6]
         [Processed Buffers: Min: 2, Avg: 3.5, Max: 5, Diff: 3, Sum: 7]
      [Scan RS (ms): Min: 0.3, Avg: 0.4, Max: 0.4, Diff: 0.0, Sum: 0.7]
      [Code Root Scanning (ms): Min: 0.0, Avg: 0.0, Max: 0.1, Diff: 0.1, Sum: 0.1]
      [Object Copy (ms): Min: 2.1, Avg: 2.1, Max: 2.1, Diff: 0.0, Sum: 4.1]
      [Termination (ms): Min: 0.0, Avg: 0.0, Max: 0.0, Diff: 0.0, Sum: 0.0]
         [Termination Attempts: Min: 1, Avg: 1.0, Max: 1, Diff: 0, Sum: 2]
      [GC Worker Other (ms): Min: 0.0, Avg: 0.0, Max: 0.0, Diff: 0.0, Sum: 0.0]
      [GC Worker Total (ms): Min: 3.2, Avg: 3.2, Max: 3.2, Diff: 0.0, Sum: 6.3]
      [GC Worker End (ms): Min: 56654.2, Avg: 56654.2, Max: 56654.2, Diff: 0.0]
   [Code Root Fixup: 0.0 ms]
   [Code Root Purge: 0.0 ms]
   [Clear CT: 0.1 ms]
   [Other: 3.8 ms]
      [Choose CSet: 0.0 ms]
      [Ref Proc: 3.7 ms]
      [Ref Enq: 0.0 ms]
      [Redirty Cards: 0.1 ms]
      [Humongous Register: 0.0 ms]
      [Humongous Reclaim: 0.0 ms]
      [Free CSet: 0.0 ms]
   [Eden: 29696.0K(29696.0K)->0.0B(28672.0K) Survivors: 4096.0K->5120.0K Heap: 44032.0K(57344.0K)->16384.0K(57344.0K)]
 [Times: user=0.01 sys=0.00, real=0.01 secs] 
2024-07-06T11:25:02.806+0800: 56.973: [GC pause (G1 Evacuation Pause) (young), 0.0185154 secs]
   [Parallel Time: 15.7 ms, GC Workers: 2]
      [GC Worker Start (ms): Min: 56973.0, Avg: 56973.0, Max: 56973.0, Diff: 0.0]
      [Ext Root Scanning (ms): Min: 1.1, Avg: 1.1, Max: 1.2, Diff: 0.0, Sum: 2.3]
      [Update RS (ms): Min: 0.3, Avg: 0.3, Max: 0.3, Diff: 0.0, Sum: 0.6]
         [Processed Buffers: Min: 4, Avg: 5.0, Max: 6, Diff: 2, Sum: 10]
      [Scan RS (ms): Min: 0.5, Avg: 0.5, Max: 0.6, Diff: 0.0, Sum: 1.1]
      [Code Root Scanning (ms): Min: 0.1, Avg: 0.1, Max: 0.2, Diff: 0.1, Sum: 0.2]
      [Object Copy (ms): Min: 8.0, Avg: 10.8, Max: 13.5, Diff: 5.5, Sum: 21.5]
      [Termination (ms): Min: 0.0, Avg: 2.7, Max: 5.5, Diff: 5.5, Sum: 5.5]
         [Termination Attempts: Min: 2, Avg: 3.5, Max: 5, Diff: 3, Sum: 7]
      [GC Worker Other (ms): Min: 0.0, Avg: 0.0, Max: 0.0, Diff: 0.0, Sum: 0.0]
      [GC Worker Total (ms): Min: 15.6, Avg: 15.6, Max: 15.6, Diff: 0.0, Sum: 31.2]
      [GC Worker End (ms): Min: 56988.6, Avg: 56988.6, Max: 56988.6, Diff: 0.0]
   [Code Root Fixup: 0.0 ms]
   [Code Root Purge: 0.0 ms]
   [Clear CT: 0.0 ms]
   [Other: 2.8 ms]
      [Choose CSet: 0.0 ms]
      [Ref Proc: 1.9 ms]
      [Ref Enq: 0.0 ms]
      [Redirty Cards: 0.0 ms]
      [Humongous Register: 0.0 ms]
      [Humongous Reclaim: 0.0 ms]
      [Free CSet: 0.0 ms]
   [Eden: 28672.0K(28672.0K)->0.0B(22528.0K) Survivors: 5120.0K->5120.0K Heap: 45056.0K(57344.0K)->24186.0K(58368.0K)]
 [Times: user=0.04 sys=0.00, real=0.02 secs] 
2024-07-06T11:25:03.121+0800: 57.287: [GC pause (G1 Evacuation Pause) (young), 0.0142033 secs]
   [Parallel Time: 13.9 ms, GC Workers: 2]
      [GC Worker Start (ms): Min: 57287.5, Avg: 57287.5, Max: 57287.5, Diff: 0.0]
      [Ext Root Scanning (ms): Min: 0.4, Avg: 0.4, Max: 0.5, Diff: 0.1, Sum: 0.8]
      [Update RS (ms): Min: 0.5, Avg: 0.5, Max: 0.6, Diff: 0.1, Sum: 1.1]
         [Processed Buffers: Min: 3, Avg: 5.0, Max: 7, Diff: 4, Sum: 10]
      [Scan RS (ms): Min: 1.2, Avg: 1.2, Max: 1.2, Diff: 0.0, Sum: 2.5]
      [Code Root Scanning (ms): Min: 0.0, Avg: 0.2, Max: 0.4, Diff: 0.4, Sum: 0.4]
      [Object Copy (ms): Min: 11.3, Avg: 11.4, Max: 11.5, Diff: 0.2, Sum: 22.8]
      [Termination (ms): Min: 0.0, Avg: 0.0, Max: 0.0, Diff: 0.0, Sum: 0.0]
         [Termination Attempts: Min: 3, Avg: 3.0, Max: 3, Diff: 0, Sum: 6]
      [GC Worker Other (ms): Min: 0.0, Avg: 0.0, Max: 0.0, Diff: 0.0, Sum: 0.0]
      [GC Worker Total (ms): Min: 13.8, Avg: 13.8, Max: 13.8, Diff: 0.0, Sum: 27.6]
      [GC Worker End (ms): Min: 57301.3, Avg: 57301.3, Max: 57301.3, Diff: 0.0]
   [Code Root Fixup: 0.0 ms]
   [Code Root Purge: 0.0 ms]
   [Clear CT: 0.0 ms]
   [Other: 0.3 ms]
      [Choose CSet: 0.0 ms]
      [Ref Proc: 0.1 ms]
      [Ref Enq: 0.0 ms]
      [Redirty Cards: 0.1 ms]
      [Humongous Register: 0.0 ms]
      [Humongous Reclaim: 0.0 ms]
      [Free CSet: 0.0 ms]
   [Eden: 22528.0K(22528.0K)->0.0B(16384.0K) Survivors: 5120.0K->4096.0K Heap: 46714.0K(58368.0K)->32256.0K(60416.0K)]
 [Times: user=0.03 sys=0.00, real=0.02 secs] 
2024-07-06T11:25:03.268+0800: 57.435: [GC pause (G1 Humongous Allocation) (young) (initial-mark), 0.0150505 secs]
   [Parallel Time: 12.0 ms, GC Workers: 2]
      [GC Worker Start (ms): Min: 57434.6, Avg: 57434.6, Max: 57434.6, Diff: 0.0]
      [Ext Root Scanning (ms): Min: 0.6, Avg: 0.6, Max: 0.6, Diff: 0.0, Sum: 1.2]
      [Update RS (ms): Min: 1.1, Avg: 1.2, Max: 1.3, Diff: 0.1, Sum: 2.4]
         [Processed Buffers: Min: 4, Avg: 5.0, Max: 6, Diff: 2, Sum: 10]
      [Scan RS (ms): Min: 1.4, Avg: 1.5, Max: 1.6, Diff: 0.1, Sum: 3.0]
      [Code Root Scanning (ms): Min: 0.0, Avg: 0.0, Max: 0.0, Diff: 0.0, Sum: 0.0]
      [Object Copy (ms): Min: 8.6, Avg: 8.6, Max: 8.7, Diff: 0.0, Sum: 17.3]
      [Termination (ms): Min: 0.0, Avg: 0.0, Max: 0.0, Diff: 0.0, Sum: 0.0]
         [Termination Attempts: Min: 1, Avg: 1.5, Max: 2, Diff: 1, Sum: 3]
      [GC Worker Other (ms): Min: 0.0, Avg: 0.0, Max: 0.0, Diff: 0.0, Sum: 0.0]
      [GC Worker Total (ms): Min: 12.0, Avg: 12.0, Max: 12.0, Diff: 0.0, Sum: 24.0]
      [GC Worker End (ms): Min: 57446.6, Avg: 57446.6, Max: 57446.6, Diff: 0.0]
   [Code Root Fixup: 0.0 ms]
   [Code Root Purge: 0.0 ms]
   [Clear CT: 0.1 ms]
   [Other: 2.9 ms]
      [Choose CSet: 0.0 ms]
      [Ref Proc: 2.7 ms]
      [Ref Enq: 0.0 ms]
      [Redirty Cards: 0.1 ms]
      [Humongous Register: 0.0 ms]
      [Humongous Reclaim: 0.0 ms]
      [Free CSet: 0.0 ms]
   [Eden: 15360.0K(16384.0K)->0.0B(11264.0K) Survivors: 4096.0K->3072.0K Heap: 46887.0K(60416.0K)->38400.0K(60416.0K)]
 [Times: user=0.03 sys=0.00, real=0.01 secs] 
2024-07-06T11:25:03.284+0800: 57.450: [GC concurrent-root-region-scan-start]
2024-07-06T11:25:03.289+0800: 57.455: [GC concurrent-root-region-scan-end, 0.0049110 secs]
2024-07-06T11:25:03.289+0800: 57.455: [GC concurrent-mark-start]
2024-07-06T11:25:03.375+0800: 57.541: [GC concurrent-mark-end, 0.0865646 secs]
2024-07-06T11:25:03.375+0800: 57.542: [GC remark 2024-07-06T11:25:03.375+0800: 57.542: [Finalize Marking, 0.0001419 secs] 2024-07-06T11:25:03.375+0800: 57.542: [GC ref-proc, 0.0001375 secs] 2024-07-06T11:25:03.376+0800: 57.542: [Unloading, 0.0031186 secs], 0.0036779 secs]
 [Times: user=0.01 sys=0.00, real=0.00 secs] 
2024-07-06T11:25:03.379+0800: 57.545: [GC cleanup 49606K->40390K(60416K), 0.0002433 secs]
 [Times: user=0.00 sys=0.00, real=0.00 secs] 
2024-07-06T11:25:03.379+0800: 57.546: [GC concurrent-cleanup-start]
2024-07-06T11:25:03.379+0800: 57.546: [GC concurrent-cleanup-end, 0.0000118 secs]
2024-07-06T11:25:03.391+0800: 57.557: [GC pause (G1 Evacuation Pause) (young), 0.0158299 secs]
   [Parallel Time: 8.8 ms, GC Workers: 2]
      [GC Worker Start (ms): Min: 57557.1, Avg: 57557.1, Max: 57557.1, Diff: 0.0]
      [Ext Root Scanning (ms): Min: 0.5, Avg: 0.5, Max: 0.5, Diff: 0.0, Sum: 1.0]
      [Update RS (ms): Min: 0.9, Avg: 0.9, Max: 0.9, Diff: 0.0, Sum: 1.9]
         [Processed Buffers: Min: 6, Avg: 7.5, Max: 9, Diff: 3, Sum: 15]
      [Scan RS (ms): Min: 0.2, Avg: 0.2, Max: 0.3, Diff: 0.0, Sum: 0.5]
      [Code Root Scanning (ms): Min: 0.0, Avg: 0.0, Max: 0.0, Diff: 0.0, Sum: 0.0]
      [Object Copy (ms): Min: 7.0, Avg: 7.0, Max: 7.1, Diff: 0.1, Sum: 14.1]
      [Termination (ms): Min: 0.0, Avg: 0.0, Max: 0.0, Diff: 0.0, Sum: 0.0]
         [Termination Attempts: Min: 1, Avg: 2.0, Max: 3, Diff: 2, Sum: 4]
      [GC Worker Other (ms): Min: 0.0, Avg: 0.0, Max: 0.0, Diff: 0.0, Sum: 0.0]
      [GC Worker Total (ms): Min: 8.7, Avg: 8.7, Max: 8.7, Diff: 0.0, Sum: 17.5]
      [GC Worker End (ms): Min: 57565.9, Avg: 57565.9, Max: 57565.9, Diff: 0.0]
   [Code Root Fixup: 0.0 ms]
   [Code Root Purge: 0.0 ms]
   [Clear CT: 0.0 ms]
   [Other: 7.0 ms]
      [Choose CSet: 0.0 ms]
      [Ref Proc: 6.9 ms]
      [Ref Enq: 0.0 ms]
      [Redirty Cards: 0.1 ms]
      [Humongous Register: 0.0 ms]
      [Humongous Reclaim: 0.0 ms]
      [Free CSet: 0.0 ms]
   [Eden: 11264.0K(11264.0K)->0.0B(1024.0K) Survivors: 3072.0K->2048.0K Heap: 41959.9K(60416.0K)->34816.0K(60416.0K)]
 [Times: user=0.02 sys=0.00, real=0.01 secs] 
2024-07-06T11:25:03.419+0800: 57.585: [GC pause (G1 Evacuation Pause) (mixed), 0.0086466 secs]
   [Parallel Time: 7.8 ms, GC Workers: 2]
      [GC Worker Start (ms): Min: 57585.1, Avg: 57585.1, Max: 57585.1, Diff: 0.0]
      [Ext Root Scanning (ms): Min: 0.4, Avg: 0.4, Max: 0.4, Diff: 0.0, Sum: 0.8]
      [Update RS (ms): Min: 1.0, Avg: 3.5, Max: 6.0, Diff: 5.0, Sum: 7.0]
         [Processed Buffers: Min: 3, Avg: 6.5, Max: 10, Diff: 7, Sum: 13]
      [Scan RS (ms): Min: 0.0, Avg: 1.6, Max: 3.1, Diff: 3.1, Sum: 3.1]
      [Code Root Scanning (ms): Min: 0.0, Avg: 0.0, Max: 0.0, Diff: 0.0, Sum: 0.0]
      [Object Copy (ms): Min: 1.3, Avg: 2.2, Max: 3.2, Diff: 1.9, Sum: 4.5]
      [Termination (ms): Min: 0.0, Avg: 0.0, Max: 0.0, Diff: 0.0, Sum: 0.0]
         [Termination Attempts: Min: 1, Avg: 1.0, Max: 1, Diff: 0, Sum: 2]
      [GC Worker Other (ms): Min: 0.0, Avg: 0.0, Max: 0.0, Diff: 0.0, Sum: 0.0]
      [GC Worker Total (ms): Min: 7.7, Avg: 7.7, Max: 7.7, Diff: 0.0, Sum: 15.5]
      [GC Worker End (ms): Min: 57592.9, Avg: 57592.9, Max: 57592.9, Diff: 0.0]
   [Code Root Fixup: 0.0 ms]
   [Code Root Purge: 0.0 ms]
   [Clear CT: 0.0 ms]
   [Other: 0.8 ms]
      [Choose CSet: 0.0 ms]
      [Ref Proc: 0.7 ms]
      [Ref Enq: 0.0 ms]
      [Redirty Cards: 0.1 ms]
      [Humongous Register: 0.0 ms]
      [Humongous Reclaim: 0.0 ms]
      [Free CSet: 0.0 ms]
   [Eden: 1024.0K(1024.0K)->0.0B(13312.0K) Survivors: 2048.0K->1024.0K Heap: 35840.0K(60416.0K)->34304.0K(60416.0K)]
 [Times: user=0.02 sys=0.00, real=0.01 secs] 
2024-07-06T11:25:03.551+0800: 57.717: [GC pause (G1 Evacuation Pause) (young), 0.0081885 secs]
   [Parallel Time: 7.9 ms, GC Workers: 2]
      [GC Worker Start (ms): Min: 57717.6, Avg: 57717.8, Max: 57718.1, Diff: 0.6]
      [Ext Root Scanning (ms): Min: 1.8, Avg: 2.3, Max: 2.7, Diff: 0.9, Sum: 4.5]
      [Update RS (ms): Min: 1.5, Avg: 2.4, Max: 3.3, Diff: 1.8, Sum: 4.8]
         [Processed Buffers: Min: 7, Avg: 8.0, Max: 9, Diff: 2, Sum: 16]
      [Scan RS (ms): Min: 0.0, Avg: 0.1, Max: 0.1, Diff: 0.1, Sum: 0.1]
      [Code Root Scanning (ms): Min: 0.0, Avg: 0.0, Max: 0.1, Diff: 0.1, Sum: 0.1]
      [Object Copy (ms): Min: 2.6, Avg: 2.8, Max: 2.9, Diff: 0.3, Sum: 5.5]
      [Termination (ms): Min: 0.0, Avg: 0.0, Max: 0.0, Diff: 0.0, Sum: 0.0]
         [Termination Attempts: Min: 1, Avg: 1.0, Max: 1, Diff: 0, Sum: 2]
      [GC Worker Other (ms): Min: 0.0, Avg: 0.0, Max: 0.0, Diff: 0.0, Sum: 0.0]
      [GC Worker Total (ms): Min: 7.3, Avg: 7.5, Max: 7.8, Diff: 0.6, Sum: 15.1]
      [GC Worker End (ms): Min: 57725.4, Avg: 57725.4, Max: 57725.4, Diff: 0.0]
   [Code Root Fixup: 0.0 ms]
   [Code Root Purge: 0.0 ms]
   [Clear CT: 0.0 ms]
   [Other: 0.3 ms]
      [Choose CSet: 0.0 ms]
      [Ref Proc: 0.2 ms]
      [Ref Enq: 0.0 ms]
      [Redirty Cards: 0.0 ms]
      [Humongous Register: 0.0 ms]
      [Humongous Reclaim: 0.0 ms]
      [Free CSet: 0.0 ms]
   [Eden: 13312.0K(13312.0K)->0.0B(11264.0K) Survivors: 1024.0K->2048.0K Heap: 47616.0K(60416.0K)->38912.0K(60416.0K)]
 [Times: user=0.02 sys=0.00, real=0.01 secs] 
2024-07-06T11:25:03.684+0800: 57.850: [GC pause (G1 Evacuation Pause) (young) (initial-mark), 0.0161784 secs]
   [Parallel Time: 15.7 ms, GC Workers: 2]
      [GC Worker Start (ms): Min: 57850.3, Avg: 57850.7, Max: 57851.1, Diff: 0.8]
      [Ext Root Scanning (ms): Min: 0.0, Avg: 2.5, Max: 4.9, Diff: 4.9, Sum: 4.9]
      [Update RS (ms): Min: 0.5, Avg: 2.6, Max: 4.6, Diff: 4.0, Sum: 5.1]
         [Processed Buffers: Min: 2, Avg: 9.0, Max: 16, Diff: 14, Sum: 18]
      [Scan RS (ms): Min: 2.0, Avg: 2.1, Max: 2.1, Diff: 0.1, Sum: 4.1]
      [Code Root Scanning (ms): Min: 0.1, Avg: 0.1, Max: 0.1, Diff: 0.0, Sum: 0.1]
      [Object Copy (ms): Min: 8.1, Avg: 8.1, Max: 8.1, Diff: 0.0, Sum: 16.2]
      [Termination (ms): Min: 0.0, Avg: 0.0, Max: 0.0, Diff: 0.0, Sum: 0.0]
         [Termination Attempts: Min: 1, Avg: 1.0, Max: 1, Diff: 0, Sum: 2]
      [GC Worker Other (ms): Min: 0.0, Avg: 0.0, Max: 0.0, Diff: 0.0, Sum: 0.0]
      [GC Worker Total (ms): Min: 14.9, Avg: 15.3, Max: 15.7, Diff: 0.8, Sum: 30.5]
      [GC Worker End (ms): Min: 57865.9, Avg: 57865.9, Max: 57865.9, Diff: 0.0]
   [Code Root Fixup: 0.0 ms]
   [Code Root Purge: 0.0 ms]
   [Clear CT: 0.1 ms]
   [Other: 0.3 ms]
      [Choose CSet: 0.0 ms]
      [Ref Proc: 0.1 ms]
      [Ref Enq: 0.0 ms]
      [Redirty Cards: 0.1 ms]
      [Humongous Register: 0.0 ms]
      [Humongous Reclaim: 0.0 ms]
      [Free CSet: 0.0 ms]
   [Eden: 11264.0K(11264.0K)->0.0B(7168.0K) Survivors: 2048.0K->2048.0K Heap: 50176.0K(60416.0K)->44032.0K(60416.0K)]
 [Times: user=0.03 sys=0.00, real=0.02 secs] 
2024-07-06T11:25:03.701+0800: 57.867: [GC concurrent-root-region-scan-start]
2024-07-06T11:25:03.708+0800: 57.875: [GC concurrent-root-region-scan-end, 0.0078137 secs]
2024-07-06T11:25:03.708+0800: 57.875: [GC concurrent-mark-start]
2024-07-06T11:25:03.759+0800: 57.925: [GC pause (G1 Evacuation Pause) (young), 0.0123734 secs]
   [Parallel Time: 12.0 ms, GC Workers: 2]
      [GC Worker Start (ms): Min: 57925.3, Avg: 57925.3, Max: 57925.3, Diff: 0.0]
      [Ext Root Scanning (ms): Min: 0.5, Avg: 0.5, Max: 0.5, Diff: 0.0, Sum: 1.0]
      [Update RS (ms): Min: 2.7, Avg: 2.8, Max: 2.8, Diff: 0.1, Sum: 5.6]
         [Processed Buffers: Min: 7, Avg: 9.5, Max: 12, Diff: 5, Sum: 19]
      [Scan RS (ms): Min: 1.4, Avg: 1.4, Max: 1.5, Diff: 0.0, Sum: 2.9]
      [Code Root Scanning (ms): Min: 0.0, Avg: 0.0, Max: 0.1, Diff: 0.1, Sum: 0.1]
      [Object Copy (ms): Min: 4.1, Avg: 4.1, Max: 4.1, Diff: 0.0, Sum: 8.3]
      [Termination (ms): Min: 0.0, Avg: 0.0, Max: 0.0, Diff: 0.0, Sum: 0.0]
         [Termination Attempts: Min: 1, Avg: 1.0, Max: 1, Diff: 0, Sum: 2]
      [GC Worker Other (ms): Min: 0.0, Avg: 0.0, Max: 0.0, Diff: 0.0, Sum: 0.0]
      [GC Worker Total (ms): Min: 8.9, Avg: 8.9, Max: 8.9, Diff: 0.0, Sum: 17.8]
      [GC Worker End (ms): Min: 57934.3, Avg: 57934.3, Max: 57934.3, Diff: 0.0]
   [Code Root Fixup: 0.0 ms]
   [Code Root Purge: 0.0 ms]
   [Clear CT: 0.0 ms]
   [Other: 0.3 ms]
      [Choose CSet: 0.0 ms]
      [Ref Proc: 0.1 ms]
      [Ref Enq: 0.0 ms]
      [Redirty Cards: 0.0 ms]
      [Humongous Register: 0.0 ms]
      [Humongous Reclaim: 0.0 ms]
      [Free CSet: 0.0 ms]
   [Eden: 7168.0K(7168.0K)->0.0B(5120.0K) Survivors: 2048.0K->2048.0K Heap: 51200.0K(60416.0K)->46592.0K(60416.0K)]
 [Times: user=0.02 sys=0.01, real=0.01 secs] 
2024-07-06T11:25:03.804+0800: 57.970: [GC concurrent-mark-end, 0.0959419 secs]
2024-07-06T11:25:03.807+0800: 57.974: [GC remark 2024-07-06T11:25:03.807+0800: 57.974: [Finalize Marking, 0.0002884 secs] 2024-07-06T11:25:03.808+0800: 57.974: [GC ref-proc, 0.0001675 secs] 2024-07-06T11:25:03.808+0800: 57.974: [Unloading, 0.0046055 secs], 0.0053928 secs]
 [Times: user=0.01 sys=0.00, real=0.00 secs] 
2024-07-06T11:25:03.813+0800: 57.979: [GC cleanup 48052K->46004K(60416K), 0.0004293 secs]
 [Times: user=0.00 sys=0.00, real=0.00 secs] 
2024-07-06T11:25:03.813+0800: 57.980: [GC concurrent-cleanup-start]
2024-07-06T11:25:03.813+0800: 57.980: [GC concurrent-cleanup-end, 0.0000143 secs]
2024-07-06T11:25:03.966+0800: 58.132: [GC pause (G1 Evacuation Pause) (young), 0.0089583 secs]
   [Parallel Time: 8.6 ms, GC Workers: 2]
      [GC Worker Start (ms): Min: 58132.2, Avg: 58132.2, Max: 58132.2, Diff: 0.0]
      [Ext Root Scanning (ms): Min: 0.6, Avg: 0.6, Max: 0.6, Diff: 0.0, Sum: 1.2]
      [Update RS (ms): Min: 3.3, Avg: 3.3, Max: 3.3, Diff: 0.0, Sum: 6.6]
         [Processed Buffers: Min: 9, Avg: 10.0, Max: 11, Diff: 2, Sum: 20]
      [Scan RS (ms): Min: 0.7, Avg: 0.8, Max: 0.8, Diff: 0.1, Sum: 1.5]
      [Code Root Scanning (ms): Min: 0.0, Avg: 0.1, Max: 0.1, Diff: 0.0, Sum: 0.1]
      [Object Copy (ms): Min: 3.8, Avg: 3.8, Max: 3.9, Diff: 0.0, Sum: 7.7]
      [Termination (ms): Min: 0.0, Avg: 0.0, Max: 0.0, Diff: 0.0, Sum: 0.0]
         [Termination Attempts: Min: 1, Avg: 1.0, Max: 1, Diff: 0, Sum: 2]
      [GC Worker Other (ms): Min: 0.0, Avg: 0.0, Max: 0.0, Diff: 0.0, Sum: 0.0]
      [GC Worker Total (ms): Min: 8.6, Avg: 8.6, Max: 8.6, Diff: 0.0, Sum: 17.1]
      [GC Worker End (ms): Min: 58140.8, Avg: 58140.8, Max: 58140.8, Diff: 0.0]
   [Code Root Fixup: 0.0 ms]
   [Code Root Purge: 0.0 ms]
   [Clear CT: 0.0 ms]
   [Other: 0.3 ms]
      [Choose CSet: 0.0 ms]
      [Ref Proc: 0.2 ms]
      [Ref Enq: 0.0 ms]
      [Redirty Cards: 0.1 ms]
      [Humongous Register: 0.0 ms]
      [Humongous Reclaim: 0.0 ms]
      [Free CSet: 0.0 ms]
   [Eden: 5120.0K(5120.0K)->0.0B(1024.0K) Survivors: 2048.0K->1024.0K Heap: 50176.0K(60416.0K)->47104.0K(60416.0K)]
 [Times: user=0.02 sys=0.00, real=0.01 secs] 
2024-07-06T11:25:04.019+0800: 58.185: [GC pause (G1 Evacuation Pause) (mixed), 0.0175092 secs]
   [Parallel Time: 17.2 ms, GC Workers: 2]
      [GC Worker Start (ms): Min: 58185.0, Avg: 58185.2, Max: 58185.3, Diff: 0.2]
      [Ext Root Scanning (ms): Min: 0.4, Avg: 1.4, Max: 2.5, Diff: 2.1, Sum: 2.9]
      [Update RS (ms): Min: 4.0, Avg: 4.7, Max: 5.5, Diff: 1.6, Sum: 9.5]
         [Processed Buffers: Min: 6, Avg: 10.0, Max: 14, Diff: 8, Sum: 20]
      [Scan RS (ms): Min: 3.9, Avg: 4.1, Max: 4.3, Diff: 0.4, Sum: 8.3]
      [Code Root Scanning (ms): Min: 0.1, Avg: 0.1, Max: 0.1, Diff: 0.0, Sum: 0.2]
      [Object Copy (ms): Min: 6.5, Avg: 6.6, Max: 6.6, Diff: 0.1, Sum: 13.1]
      [Termination (ms): Min: 0.0, Avg: 0.0, Max: 0.1, Diff: 0.1, Sum: 0.1]
         [Termination Attempts: Min: 1, Avg: 1.0, Max: 1, Diff: 0, Sum: 2]
      [GC Worker Other (ms): Min: 0.0, Avg: 0.0, Max: 0.0, Diff: 0.0, Sum: 0.0]
      [GC Worker Total (ms): Min: 16.9, Avg: 17.0, Max: 17.2, Diff: 0.3, Sum: 34.1]
      [GC Worker End (ms): Min: 58202.2, Avg: 58202.2, Max: 58202.2, Diff: 0.0]
   [Code Root Fixup: 0.0 ms]
   [Code Root Purge: 0.0 ms]
   [Clear CT: 0.0 ms]
   [Other: 0.3 ms]
      [Choose CSet: 0.0 ms]
      [Ref Proc: 0.1 ms]
      [Ref Enq: 0.0 ms]
      [Redirty Cards: 0.1 ms]
      [Humongous Register: 0.0 ms]
      [Humongous Reclaim: 0.0 ms]
      [Free CSet: 0.0 ms]
   [Eden: 1024.0K(1024.0K)->0.0B(1024.0K) Survivors: 1024.0K->1024.0K Heap: 48128.0K(60416.0K)->44544.0K(60416.0K)]
 [Times: user=0.03 sys=0.00, real=0.02 secs] 
2024-07-06T11:25:04.062+0800: 58.228: [GC pause (G1 Evacuation Pause) (mixed), 0.0139458 secs]
   [Parallel Time: 13.7 ms, GC Workers: 2]
      [GC Worker Start (ms): Min: 58228.2, Avg: 58228.2, Max: 58228.3, Diff: 0.1]
      [Ext Root Scanning (ms): Min: 0.8, Avg: 1.3, Max: 1.8, Diff: 1.0, Sum: 2.6]
      [Update RS (ms): Min: 4.3, Avg: 4.6, Max: 5.0, Diff: 0.7, Sum: 9.3]
         [Processed Buffers: Min: 6, Avg: 11.0, Max: 16, Diff: 10, Sum: 22]
      [Scan RS (ms): Min: 3.9, Avg: 4.0, Max: 4.2, Diff: 0.3, Sum: 8.1]
      [Code Root Scanning (ms): Min: 0.0, Avg: 0.0, Max: 0.0, Diff: 0.0, Sum: 0.0]
      [Object Copy (ms): Min: 2.8, Avg: 3.5, Max: 4.3, Diff: 1.5, Sum: 7.1]
      [Termination (ms): Min: 0.0, Avg: 0.0, Max: 0.1, Diff: 0.1, Sum: 0.1]
         [Termination Attempts: Min: 1, Avg: 1.0, Max: 1, Diff: 0, Sum: 2]
      [GC Worker Other (ms): Min: 0.0, Avg: 0.0, Max: 0.0, Diff: 0.0, Sum: 0.0]
      [GC Worker Total (ms): Min: 13.6, Avg: 13.6, Max: 13.6, Diff: 0.1, Sum: 27.2]
      [GC Worker End (ms): Min: 58241.8, Avg: 58241.8, Max: 58241.8, Diff: 0.0]
   [Code Root Fixup: 0.0 ms]
   [Code Root Purge: 0.0 ms]
   [Clear CT: 0.0 ms]
   [Other: 0.3 ms]
      [Choose CSet: 0.0 ms]
      [Ref Proc: 0.1 ms]
      [Ref Enq: 0.0 ms]
      [Redirty Cards: 0.0 ms]
      [Humongous Register: 0.0 ms]
      [Humongous Reclaim: 0.0 ms]
      [Free CSet: 0.0 ms]
   [Eden: 1024.0K(1024.0K)->0.0B(6144.0K) Survivors: 1024.0K->1024.0K Heap: 45568.0K(60416.0K)->43496.5K(60416.0K)]
 [Times: user=0.03 sys=0.00, real=0.02 secs] 
2024-07-06T11:25:04.234+0800: 58.400: [GC pause (G1 Evacuation Pause) (young), 0.0087681 secs]
   [Parallel Time: 7.8 ms, GC Workers: 2]
      [GC Worker Start (ms): Min: 58400.4, Avg: 58401.3, Max: 58402.3, Diff: 1.9]
      [Ext Root Scanning (ms): Min: 0.0, Avg: 0.4, Max: 0.8, Diff: 0.7, Sum: 0.8]
      [Update RS (ms): Min: 4.8, Avg: 5.4, Max: 6.0, Diff: 1.2, Sum: 10.8]
         [Processed Buffers: Min: 8, Avg: 10.5, Max: 13, Diff: 5, Sum: 21]
      [Scan RS (ms): Min: 0.0, Avg: 0.1, Max: 0.1, Diff: 0.1, Sum: 0.1]
      [Code Root Scanning (ms): Min: 0.0, Avg: 0.0, Max: 0.1, Diff: 0.1, Sum: 0.1]
      [Object Copy (ms): Min: 1.0, Avg: 1.0, Max: 1.0, Diff: 0.1, Sum: 2.0]
      [Termination (ms): Min: 0.0, Avg: 0.0, Max: 0.0, Diff: 0.0, Sum: 0.0]
         [Termination Attempts: Min: 1, Avg: 1.0, Max: 1, Diff: 0, Sum: 2]
      [GC Worker Other (ms): Min: 0.0, Avg: 0.0, Max: 0.0, Diff: 0.0, Sum: 0.0]
      [GC Worker Total (ms): Min: 5.9, Avg: 6.9, Max: 7.8, Diff: 1.9, Sum: 13.7]
      [GC Worker End (ms): Min: 58408.2, Avg: 58408.2, Max: 58408.2, Diff: 0.0]
   [Code Root Fixup: 0.0 ms]
   [Code Root Purge: 0.0 ms]
   [Clear CT: 0.0 ms]
   [Other: 0.9 ms]
      [Choose CSet: 0.0 ms]
      [Ref Proc: 0.1 ms]
      [Ref Enq: 0.0 ms]
      [Redirty Cards: 0.1 ms]
      [Humongous Register: 0.0 ms]
      [Humongous Reclaim: 0.0 ms]
      [Free CSet: 0.0 ms]
   [Eden: 6144.0K(6144.0K)->0.0B(44032.0K) Survivors: 1024.0K->1024.0K Heap: 49640.5K(60416.0K)->43582.4K(118.0M)]
 [Times: user=0.01 sys=0.00, real=0.01 secs] 
2024-07-06T11:25:04.812+0800: 58.979: [GC pause (G1 Evacuation Pause) (young), 0.0215113 secs]
   [Parallel Time: 19.9 ms, GC Workers: 2]
      [GC Worker Start (ms): Min: 58978.6, Avg: 58978.6, Max: 58978.6, Diff: 0.0]
      [Ext Root Scanning (ms): Min: 0.6, Avg: 0.6, Max: 0.6, Diff: 0.0, Sum: 1.1]
      [Update RS (ms): Min: 5.2, Avg: 5.3, Max: 5.5, Diff: 0.3, Sum: 10.6]
         [Processed Buffers: Min: 12, Avg: 13.5, Max: 15, Diff: 3, Sum: 27]
      [Scan RS (ms): Min: 5.6, Avg: 5.8, Max: 6.0, Diff: 0.3, Sum: 11.6]
      [Code Root Scanning (ms): Min: 0.1, Avg: 0.1, Max: 0.2, Diff: 0.1, Sum: 0.2]
      [Object Copy (ms): Min: 8.0, Avg: 8.1, Max: 8.1, Diff: 0.1, Sum: 16.1]
      [Termination (ms): Min: 0.0, Avg: 0.0, Max: 0.0, Diff: 0.0, Sum: 0.0]
         [Termination Attempts: Min: 8, Avg: 8.5, Max: 9, Diff: 1, Sum: 17]
      [GC Worker Other (ms): Min: 0.0, Avg: 0.0, Max: 0.0, Diff: 0.0, Sum: 0.0]
      [GC Worker Total (ms): Min: 19.8, Avg: 19.8, Max: 19.9, Diff: 0.0, Sum: 39.7]
      [GC Worker End (ms): Min: 58998.4, Avg: 58998.4, Max: 58998.4, Diff: 0.0]
   [Code Root Fixup: 0.0 ms]
   [Code Root Purge: 0.0 ms]
   [Clear CT: 0.0 ms]
   [Other: 1.5 ms]
      [Choose CSet: 0.0 ms]
      [Ref Proc: 0.1 ms]
      [Ref Enq: 0.0 ms]
      [Redirty Cards: 0.1 ms]
      [Humongous Register: 0.0 ms]
      [Humongous Reclaim: 0.0 ms]
      [Free CSet: 0.1 ms]
   [Eden: 44032.0K(44032.0K)->0.0B(134.0M) Survivors: 1024.0K->5120.0K Heap: 87614.4K(118.0M)->47486.0K(236.0M)]
 [Times: user=0.04 sys=0.00, real=0.02 secs] 
2024-07-06T11:25:05.519+0800: 59.686: [GC pause (G1 Evacuation Pause) (young), 0.0648783 secs]
   [Parallel Time: 64.3 ms, GC Workers: 2]
      [GC Worker Start (ms): Min: 59685.6, Avg: 59685.6, Max: 59685.6, Diff: 0.0]
      [Ext Root Scanning (ms): Min: 0.9, Avg: 3.2, Max: 5.4, Diff: 4.6, Sum: 6.3]
      [Update RS (ms): Min: 3.1, Avg: 5.4, Max: 7.7, Diff: 4.6, Sum: 10.7]
         [Processed Buffers: Min: 10, Avg: 16.0, Max: 22, Diff: 12, Sum: 32]
      [Scan RS (ms): Min: 7.8, Avg: 7.8, Max: 7.9, Diff: 0.1, Sum: 15.7]
      [Code Root Scanning (ms): Min: 0.2, Avg: 0.2, Max: 0.2, Diff: 0.1, Sum: 0.4]
      [Object Copy (ms): Min: 47.5, Avg: 47.6, Max: 47.7, Diff: 0.2, Sum: 95.3]
      [Termination (ms): Min: 0.0, Avg: 0.0, Max: 0.0, Diff: 0.0, Sum: 0.0]
         [Termination Attempts: Min: 1, Avg: 1.0, Max: 1, Diff: 0, Sum: 2]
      [GC Worker Other (ms): Min: 0.0, Avg: 0.0, Max: 0.0, Diff: 0.0, Sum: 0.0]
      [GC Worker Total (ms): Min: 64.2, Avg: 64.2, Max: 64.2, Diff: 0.0, Sum: 128.4]
      [GC Worker End (ms): Min: 59749.8, Avg: 59749.8, Max: 59749.8, Diff: 0.0]
   [Code Root Fixup: 0.0 ms]
   [Code Root Purge: 0.0 ms]
   [Clear CT: 0.1 ms]
   [Other: 0.5 ms]
      [Choose CSet: 0.0 ms]
      [Ref Proc: 0.1 ms]
      [Ref Enq: 0.0 ms]
      [Redirty Cards: 0.1 ms]
      [Humongous Register: 0.0 ms]
      [Humongous Reclaim: 0.0 ms]
      [Free CSet: 0.1 ms]
   [Eden: 134.0M(134.0M)->0.0B(93184.0K) Survivors: 5120.0K->18432.0K Heap: 181.9M(236.0M)->81234.0K(236.0M)]
 [Times: user=0.12 sys=0.00, real=0.06 secs] 
2024-07-06T11:25:05.890+0800: 60.056: [GC pause (G1 Evacuation Pause) (young), 0.0951867 secs]
   [Parallel Time: 94.6 ms, GC Workers: 2]
      [GC Worker Start (ms): Min: 60056.3, Avg: 60056.3, Max: 60056.3, Diff: 0.0]
      [Ext Root Scanning (ms): Min: 0.5, Avg: 0.5, Max: 0.5, Diff: 0.0, Sum: 1.0]
      [Update RS (ms): Min: 4.2, Avg: 4.2, Max: 4.3, Diff: 0.1, Sum: 8.4]
         [Processed Buffers: Min: 11, Avg: 12.5, Max: 14, Diff: 3, Sum: 25]
      [Scan RS (ms): Min: 25.5, Avg: 25.6, Max: 25.6, Diff: 0.2, Sum: 51.1]
      [Code Root Scanning (ms): Min: 0.0, Avg: 0.2, Max: 0.3, Diff: 0.3, Sum: 0.3]
      [Object Copy (ms): Min: 63.9, Avg: 64.0, Max: 64.2, Diff: 0.3, Sum: 128.1]
      [Termination (ms): Min: 0.0, Avg: 0.0, Max: 0.0, Diff: 0.0, Sum: 0.0]
         [Termination Attempts: Min: 1, Avg: 1.0, Max: 1, Diff: 0, Sum: 2]
      [GC Worker Other (ms): Min: 0.0, Avg: 0.0, Max: 0.0, Diff: 0.0, Sum: 0.0]
      [GC Worker Total (ms): Min: 94.5, Avg: 94.5, Max: 94.5, Diff: 0.0, Sum: 189.0]
      [GC Worker End (ms): Min: 60150.8, Avg: 60150.8, Max: 60150.8, Diff: 0.0]
   [Code Root Fixup: 0.0 ms]
   [Code Root Purge: 0.0 ms]
   [Clear CT: 0.0 ms]
   [Other: 0.6 ms]
      [Choose CSet: 0.0 ms]
      [Ref Proc: 0.1 ms]
      [Ref Enq: 0.0 ms]
      [Redirty Cards: 0.2 ms]
      [Humongous Register: 0.0 ms]
      [Humongous Reclaim: 0.0 ms]
      [Free CSet: 0.1 ms]
   [Eden: 25600.0K(25600.0K)->0.0B(99328.0K) Survivors: 18432.0K->3072.0K Heap: 104.3M(236.0M)->83456.0K(236.0M)]
 [Times: user=0.19 sys=0.00, real=0.09 secs] 
2024-07-06T11:25:06.739+0800: 60.906: [GC pause (G1 Evacuation Pause) (young), 0.0435315 secs]
   [Parallel Time: 40.6 ms, GC Workers: 2]
      [GC Worker Start (ms): Min: 60905.6, Avg: 60905.6, Max: 60905.6, Diff: 0.0]
      [Ext Root Scanning (ms): Min: 0.5, Avg: 0.5, Max: 0.5, Diff: 0.0, Sum: 1.0]
      [Update RS (ms): Min: 9.2, Avg: 9.2, Max: 9.3, Diff: 0.1, Sum: 18.5]
         [Processed Buffers: Min: 12, Avg: 17.0, Max: 22, Diff: 10, Sum: 34]
      [Scan RS (ms): Min: 14.1, Avg: 14.2, Max: 14.2, Diff: 0.1, Sum: 28.4]
      [Code Root Scanning (ms): Min: 0.0, Avg: 0.0, Max: 0.0, Diff: 0.0, Sum: 0.0]
      [Object Copy (ms): Min: 16.6, Avg: 16.6, Max: 16.6, Diff: 0.0, Sum: 33.2]
      [Termination (ms): Min: 0.0, Avg: 0.0, Max: 0.0, Diff: 0.0, Sum: 0.0]
         [Termination Attempts: Min: 1, Avg: 1.0, Max: 1, Diff: 0, Sum: 2]
      [GC Worker Other (ms): Min: 0.0, Avg: 0.0, Max: 0.0, Diff: 0.0, Sum: 0.0]
      [GC Worker Total (ms): Min: 40.5, Avg: 40.5, Max: 40.5, Diff: 0.0, Sum: 81.1]
      [GC Worker End (ms): Min: 60946.2, Avg: 60946.2, Max: 60946.2, Diff: 0.0]
   [Code Root Fixup: 0.0 ms]
   [Code Root Purge: 0.0 ms]
   [Clear CT: 0.1 ms]
   [Other: 2.9 ms]
      [Choose CSet: 0.0 ms]
      [Ref Proc: 0.1 ms]
      [Ref Enq: 0.0 ms]
      [Redirty Cards: 0.1 ms]
      [Humongous Register: 0.0 ms]
      [Humongous Reclaim: 0.0 ms]
      [Free CSet: 0.1 ms]
   [Eden: 99328.0K(99328.0K)->0.0B(221.0M) Survivors: 3072.0K->12288.0K Heap: 179.5M(236.0M)->93184.5K(472.0M)]
 [Times: user=0.08 sys=0.00, real=0.04 secs] 
2024-07-06T11:25:07.831+0800: 61.998: [GC pause (G1 Evacuation Pause) (young), 0.0886563 secs]
   [Parallel Time: 88.0 ms, GC Workers: 2]
      [GC Worker Start (ms): Min: 61997.8, Avg: 61998.0, Max: 61998.1, Diff: 0.3]
      [Ext Root Scanning (ms): Min: 0.4, Avg: 0.6, Max: 0.9, Diff: 0.5, Sum: 1.2]
      [Update RS (ms): Min: 7.3, Avg: 8.0, Max: 8.8, Diff: 1.5, Sum: 16.1]
         [Processed Buffers: Min: 13, Avg: 13.5, Max: 14, Diff: 1, Sum: 27]
      [Scan RS (ms): Min: 12.9, Avg: 13.5, Max: 14.0, Diff: 1.1, Sum: 27.0]
      [Code Root Scanning (ms): Min: 0.0, Avg: 0.0, Max: 0.0, Diff: 0.0, Sum: 0.0]
      [Object Copy (ms): Min: 65.5, Avg: 65.6, Max: 65.7, Diff: 0.2, Sum: 131.2]
      [Termination (ms): Min: 0.0, Avg: 0.0, Max: 0.0, Diff: 0.0, Sum: 0.0]
         [Termination Attempts: Min: 1, Avg: 1.0, Max: 1, Diff: 0, Sum: 2]
      [GC Worker Other (ms): Min: 0.0, Avg: 0.0, Max: 0.0, Diff: 0.0, Sum: 0.0]
      [GC Worker Total (ms): Min: 87.6, Avg: 87.8, Max: 88.0, Diff: 0.3, Sum: 175.6]
      [GC Worker End (ms): Min: 62085.8, Avg: 62085.8, Max: 62085.8, Diff: 0.0]
   [Code Root Fixup: 0.0 ms]
   [Code Root Purge: 0.0 ms]
   [Clear CT: 0.1 ms]
   [Other: 0.5 ms]
      [Choose CSet: 0.0 ms]
      [Ref Proc: 0.1 ms]
      [Ref Enq: 0.0 ms]
      [Redirty Cards: 0.1 ms]
      [Humongous Register: 0.0 ms]
      [Humongous Reclaim: 0.0 ms]
      [Free CSet: 0.1 ms]
   [Eden: 221.0M(221.0M)->0.0B(260.0M) Survivors: 12288.0K->23552.0K Heap: 312.0M(472.0M)->102.5M(472.0M)]
 [Times: user=0.09 sys=0.02, real=0.09 secs] 
2024-07-06T11:25:09.005+0800: 63.171: [GC pause (G1 Evacuation Pause) (young), 0.0436670 secs]
   [Parallel Time: 43.0 ms, GC Workers: 2]
      [GC Worker Start (ms): Min: 63171.1, Avg: 63171.1, Max: 63171.1, Diff: 0.0]
      [Ext Root Scanning (ms): Min: 0.6, Avg: 0.6, Max: 0.6, Diff: 0.0, Sum: 1.2]
      [Update RS (ms): Min: 4.8, Avg: 4.8, Max: 4.8, Diff: 0.1, Sum: 9.6]
         [Processed Buffers: Min: 14, Avg: 14.5, Max: 15, Diff: 1, Sum: 29]
      [Scan RS (ms): Min: 11.1, Avg: 11.1, Max: 11.2, Diff: 0.1, Sum: 22.3]
      [Code Root Scanning (ms): Min: 0.0, Avg: 0.0, Max: 0.0, Diff: 0.0, Sum: 0.0]
      [Object Copy (ms): Min: 26.3, Avg: 26.3, Max: 26.4, Diff: 0.1, Sum: 52.7]
      [Termination (ms): Min: 0.0, Avg: 0.0, Max: 0.0, Diff: 0.0, Sum: 0.0]
         [Termination Attempts: Min: 1, Avg: 1.0, Max: 1, Diff: 0, Sum: 2]
      [GC Worker Other (ms): Min: 0.0, Avg: 0.0, Max: 0.0, Diff: 0.0, Sum: 0.0]
      [GC Worker Total (ms): Min: 42.9, Avg: 42.9, Max: 42.9, Diff: 0.0, Sum: 85.8]
      [GC Worker End (ms): Min: 63214.1, Avg: 63214.1, Max: 63214.1, Diff: 0.0]
   [Code Root Fixup: 0.0 ms]
   [Code Root Purge: 0.0 ms]
   [Clear CT: 0.1 ms]
   [Other: 0.6 ms]
      [Choose CSet: 0.0 ms]
      [Ref Proc: 0.1 ms]
      [Ref Enq: 0.0 ms]
      [Redirty Cards: 0.1 ms]
      [Humongous Register: 0.0 ms]
      [Humongous Reclaim: 0.0 ms]
      [Free CSet: 0.2 ms]
   [Eden: 260.0M(260.0M)->0.0B(269.0M) Survivors: 23552.0K->14336.0K Heap: 362.5M(472.0M)->101.5M(472.0M)]
 [Times: user=0.09 sys=0.00, real=0.05 secs] 
2024-07-06T11:25:10.185+0800: 64.351: [GC pause (G1 Evacuation Pause) (young), 0.0337494 secs]
   [Parallel Time: 33.2 ms, GC Workers: 2]
      [GC Worker Start (ms): Min: 64351.0, Avg: 64351.0, Max: 64351.0, Diff: 0.0]
      [Ext Root Scanning (ms): Min: 0.5, Avg: 0.5, Max: 0.5, Diff: 0.0, Sum: 1.0]
      [Update RS (ms): Min: 5.2, Avg: 5.2, Max: 5.3, Diff: 0.1, Sum: 10.5]
         [Processed Buffers: Min: 12, Avg: 15.5, Max: 19, Diff: 7, Sum: 31]
      [Scan RS (ms): Min: 0.2, Avg: 0.3, Max: 0.3, Diff: 0.1, Sum: 0.5]
      [Code Root Scanning (ms): Min: 0.0, Avg: 0.0, Max: 0.0, Diff: 0.0, Sum: 0.0]
      [Object Copy (ms): Min: 27.2, Avg: 27.2, Max: 27.2, Diff: 0.0, Sum: 54.3]
      [Termination (ms): Min: 0.0, Avg: 0.0, Max: 0.0, Diff: 0.0, Sum: 0.0]
         [Termination Attempts: Min: 1, Avg: 1.0, Max: 1, Diff: 0, Sum: 2]
      [GC Worker Other (ms): Min: 0.0, Avg: 0.0, Max: 0.0, Diff: 0.0, Sum: 0.0]
      [GC Worker Total (ms): Min: 33.2, Avg: 33.2, Max: 33.2, Diff: 0.0, Sum: 66.4]
      [GC Worker End (ms): Min: 64384.2, Avg: 64384.2, Max: 64384.2, Diff: 0.0]
   [Code Root Fixup: 0.0 ms]
   [Code Root Purge: 0.0 ms]
   [Clear CT: 0.1 ms]
   [Other: 0.4 ms]
      [Choose CSet: 0.0 ms]
      [Ref Proc: 0.1 ms]
      [Ref Enq: 0.0 ms]
      [Redirty Cards: 0.0 ms]
      [Humongous Register: 0.0 ms]
      [Humongous Reclaim: 0.0 ms]
      [Free CSet: 0.1 ms]
   [Eden: 269.0M(269.0M)->0.0B(259.0M) Survivors: 14336.0K->24576.0K Heap: 370.5M(472.0M)->111.5M(472.0M)]
 [Times: user=0.07 sys=0.00, real=0.04 secs] 
2024-07-06T11:25:11.187+0800: 65.353: [GC pause (G1 Evacuation Pause) (young), 0.0282700 secs]
   [Parallel Time: 27.7 ms, GC Workers: 2]
      [GC Worker Start (ms): Min: 65353.6, Avg: 65354.4, Max: 65355.2, Diff: 1.7]
      [Ext Root Scanning (ms): Min: 0.0, Avg: 0.3, Max: 0.7, Diff: 0.7, Sum: 0.7]
      [Update RS (ms): Min: 0.0, Avg: 1.6, Max: 3.1, Diff: 3.1, Sum: 3.2]
         [Processed Buffers: Min: 3, Avg: 5.0, Max: 7, Diff: 4, Sum: 10]
      [Scan RS (ms): Min: 0.0, Avg: 0.1, Max: 0.1, Diff: 0.1, Sum: 0.2]
      [Code Root Scanning (ms): Min: 0.0, Avg: 0.0, Max: 0.0, Diff: 0.0, Sum: 0.0]
      [Object Copy (ms): Min: 23.8, Avg: 24.8, Max: 25.8, Diff: 1.9, Sum: 49.6]
      [Termination (ms): Min: 0.0, Avg: 0.0, Max: 0.0, Diff: 0.0, Sum: 0.0]
         [Termination Attempts: Min: 1, Avg: 1.5, Max: 2, Diff: 1, Sum: 3]
      [GC Worker Other (ms): Min: 0.0, Avg: 0.0, Max: 0.0, Diff: 0.0, Sum: 0.0]
      [GC Worker Total (ms): Min: 26.0, Avg: 26.8, Max: 27.7, Diff: 1.7, Sum: 53.6]
      [GC Worker End (ms): Min: 65381.2, Avg: 65381.2, Max: 65381.2, Diff: 0.0]
   [Code Root Fixup: 0.0 ms]
   [Code Root Purge: 0.0 ms]
   [Clear CT: 0.1 ms]
   [Other: 0.4 ms]
      [Choose CSet: 0.0 ms]
      [Ref Proc: 0.1 ms]
      [Ref Enq: 0.0 ms]
      [Redirty Cards: 0.1 ms]
      [Humongous Register: 0.0 ms]
      [Humongous Reclaim: 0.0 ms]
      [Free CSet: 0.1 ms]
   [Eden: 259.0M(259.0M)->0.0B(264.0M) Survivors: 24576.0K->19456.0K Heap: 370.5M(472.0M)->108.0M(472.0M)]
 [Times: user=0.05 sys=0.00, real=0.03 secs] 
2024-07-06T11:25:12.295+0800: 66.461: [GC pause (G1 Evacuation Pause) (young), 0.0193387 secs]
   [Parallel Time: 18.8 ms, GC Workers: 2]
      [GC Worker Start (ms): Min: 66461.6, Avg: 66461.6, Max: 66461.6, Diff: 0.0]
      [Ext Root Scanning (ms): Min: 0.5, Avg: 0.5, Max: 0.5, Diff: 0.0, Sum: 1.0]
      [Update RS (ms): Min: 0.8, Avg: 0.8, Max: 0.8, Diff: 0.1, Sum: 1.6]
         [Processed Buffers: Min: 2, Avg: 5.0, Max: 8, Diff: 6, Sum: 10]
      [Scan RS (ms): Min: 0.1, Avg: 0.1, Max: 0.1, Diff: 0.0, Sum: 0.2]
      [Code Root Scanning (ms): Min: 0.0, Avg: 0.0, Max: 0.0, Diff: 0.0, Sum: 0.0]
      [Object Copy (ms): Min: 17.3, Avg: 17.3, Max: 17.3, Diff: 0.0, Sum: 34.6]
      [Termination (ms): Min: 0.0, Avg: 0.0, Max: 0.0, Diff: 0.0, Sum: 0.0]
         [Termination Attempts: Min: 1, Avg: 1.5, Max: 2, Diff: 1, Sum: 3]
      [GC Worker Other (ms): Min: 0.0, Avg: 0.0, Max: 0.0, Diff: 0.0, Sum: 0.0]
      [GC Worker Total (ms): Min: 18.7, Avg: 18.7, Max: 18.7, Diff: 0.0, Sum: 37.5]
      [GC Worker End (ms): Min: 66480.3, Avg: 66480.3, Max: 66480.3, Diff: 0.0]
   [Code Root Fixup: 0.0 ms]
   [Code Root Purge: 0.0 ms]
   [Clear CT: 0.1 ms]
   [Other: 0.4 ms]
      [Choose CSet: 0.0 ms]
      [Ref Proc: 0.1 ms]
      [Ref Enq: 0.0 ms]
      [Redirty Cards: 0.0 ms]
      [Humongous Register: 0.0 ms]
      [Humongous Reclaim: 0.0 ms]
      [Free CSet: 0.2 ms]
   [Eden: 264.0M(264.0M)->0.0B(267.0M) Survivors: 19456.0K->16384.0K Heap: 372.0M(472.0M)->105.0M(472.0M)]
 [Times: user=0.04 sys=0.00, real=0.01 secs] 
2024-07-06T11:25:13.235+0800: 67.402: [GC pause (G1 Evacuation Pause) (young), 0.0306001 secs]
   [Parallel Time: 30.0 ms, GC Workers: 2]
      [GC Worker Start (ms): Min: 67401.7, Avg: 67401.7, Max: 67401.7, Diff: 0.0]
      [Ext Root Scanning (ms): Min: 0.6, Avg: 0.6, Max: 0.6, Diff: 0.0, Sum: 1.2]
      [Update RS (ms): Min: 0.0, Avg: 0.0, Max: 0.1, Diff: 0.1, Sum: 0.1]
         [Processed Buffers: Min: 2, Avg: 3.5, Max: 5, Diff: 3, Sum: 7]
      [Scan RS (ms): Min: 0.1, Avg: 0.1, Max: 0.1, Diff: 0.0, Sum: 0.2]
      [Code Root Scanning (ms): Min: 0.0, Avg: 0.0, Max: 0.0, Diff: 0.0, Sum: 0.0]
      [Object Copy (ms): Min: 29.2, Avg: 29.2, Max: 29.3, Diff: 0.1, Sum: 58.4]
      [Termination (ms): Min: 0.0, Avg: 0.0, Max: 0.0, Diff: 0.0, Sum: 0.0]
         [Termination Attempts: Min: 1, Avg: 1.0, Max: 1, Diff: 0, Sum: 2]
      [GC Worker Other (ms): Min: 0.0, Avg: 0.0, Max: 0.0, Diff: 0.0, Sum: 0.0]
      [GC Worker Total (ms): Min: 30.0, Avg: 30.0, Max: 30.0, Diff: 0.0, Sum: 59.9]
      [GC Worker End (ms): Min: 67431.6, Avg: 67431.6, Max: 67431.6, Diff: 0.0]
   [Code Root Fixup: 0.0 ms]
   [Code Root Purge: 0.0 ms]
   [Clear CT: 0.1 ms]
   [Other: 0.5 ms]
      [Choose CSet: 0.0 ms]
      [Ref Proc: 0.1 ms]
      [Ref Enq: 0.0 ms]
      [Redirty Cards: 0.0 ms]
      [Humongous Register: 0.0 ms]
      [Humongous Reclaim: 0.0 ms]
      [Free CSet: 0.2 ms]
   [Eden: 267.0M(267.0M)->0.0B(258.0M) Survivors: 16384.0K->25600.0K Heap: 372.0M(472.0M)->114.0M(472.0M)]
 [Times: user=0.06 sys=0.00, real=0.02 secs] 
2024-07-06T11:25:14.258+0800: 68.424: [GC pause (G1 Evacuation Pause) (young), 0.0214175 secs]
   [Parallel Time: 20.8 ms, GC Workers: 2]
      [GC Worker Start (ms): Min: 68424.1, Avg: 68424.1, Max: 68424.2, Diff: 0.0]
      [Ext Root Scanning (ms): Min: 0.5, Avg: 0.5, Max: 0.5, Diff: 0.0, Sum: 1.1]
      [Update RS (ms): Min: 0.0, Avg: 0.0, Max: 0.1, Diff: 0.0, Sum: 0.1]
         [Processed Buffers: Min: 1, Avg: 3.5, Max: 6, Diff: 5, Sum: 7]
      [Scan RS (ms): Min: 0.1, Avg: 0.1, Max: 0.1, Diff: 0.0, Sum: 0.2]
      [Code Root Scanning (ms): Min: 0.0, Avg: 0.0, Max: 0.0, Diff: 0.0, Sum: 0.0]
      [Object Copy (ms): Min: 20.1, Avg: 20.1, Max: 20.1, Diff: 0.0, Sum: 40.2]
      [Termination (ms): Min: 0.0, Avg: 0.0, Max: 0.0, Diff: 0.0, Sum: 0.0]
         [Termination Attempts: Min: 1, Avg: 1.0, Max: 1, Diff: 0, Sum: 2]
      [GC Worker Other (ms): Min: 0.0, Avg: 0.0, Max: 0.0, Diff: 0.0, Sum: 0.0]
      [GC Worker Total (ms): Min: 20.8, Avg: 20.8, Max: 20.8, Diff: 0.0, Sum: 41.5]
      [GC Worker End (ms): Min: 68444.9, Avg: 68444.9, Max: 68444.9, Diff: 0.0]
   [Code Root Fixup: 0.0 ms]
   [Code Root Purge: 0.0 ms]
   [Clear CT: 0.1 ms]
   [Other: 0.5 ms]
      [Choose CSet: 0.0 ms]
      [Ref Proc: 0.1 ms]
      [Ref Enq: 0.0 ms]
      [Redirty Cards: 0.1 ms]
      [Humongous Register: 0.0 ms]
      [Humongous Reclaim: 0.0 ms]
      [Free CSet: 0.2 ms]
   [Eden: 258.0M(258.0M)->0.0B(264.0M) Survivors: 25600.0K->19456.0K Heap: 372.0M(472.0M)->107.5M(472.0M)]
 [Times: user=0.05 sys=0.00, real=0.02 secs] 
2024-07-06T11:25:15.083+0800: 69.249: [GC pause (G1 Evacuation Pause) (young), 0.0292906 secs]
   [Parallel Time: 28.7 ms, GC Workers: 2]
      [GC Worker Start (ms): Min: 69249.5, Avg: 69249.5, Max: 69249.5, Diff: 0.0]
      [Ext Root Scanning (ms): Min: 0.5, Avg: 0.5, Max: 0.5, Diff: 0.0, Sum: 1.0]
      [Update RS (ms): Min: 0.0, Avg: 0.0, Max: 0.1, Diff: 0.0, Sum: 0.1]
         [Processed Buffers: Min: 1, Avg: 4.5, Max: 8, Diff: 7, Sum: 9]
      [Scan RS (ms): Min: 0.1, Avg: 0.1, Max: 0.1, Diff: 0.0, Sum: 0.2]
      [Code Root Scanning (ms): Min: 0.0, Avg: 0.0, Max: 0.0, Diff: 0.0, Sum: 0.0]
      [Object Copy (ms): Min: 28.0, Avg: 28.0, Max: 28.0, Diff: 0.0, Sum: 56.0]
      [Termination (ms): Min: 0.0, Avg: 0.0, Max: 0.0, Diff: 0.0, Sum: 0.0]
         [Termination Attempts: Min: 1, Avg: 1.0, Max: 1, Diff: 0, Sum: 2]
      [GC Worker Other (ms): Min: 0.0, Avg: 0.0, Max: 0.0, Diff: 0.0, Sum: 0.0]
      [GC Worker Total (ms): Min: 28.7, Avg: 28.7, Max: 28.7, Diff: 0.0, Sum: 57.3]
      [GC Worker End (ms): Min: 69278.1, Avg: 69278.1, Max: 69278.1, Diff: 0.0]
   [Code Root Fixup: 0.0 ms]
   [Code Root Purge: 0.0 ms]
   [Clear CT: 0.1 ms]
   [Other: 0.4 ms]
      [Choose CSet: 0.0 ms]
      [Ref Proc: 0.1 ms]
      [Ref Enq: 0.0 ms]
      [Redirty Cards: 0.0 ms]
      [Humongous Register: 0.0 ms]
      [Humongous Reclaim: 0.0 ms]
      [Free CSet: 0.1 ms]
   [Eden: 264.0M(264.0M)->0.0B(254.0M) Survivors: 19456.0K->29696.0K Heap: 371.5M(472.0M)->117.5M(472.0M)]
 [Times: user=0.05 sys=0.00, real=0.03 secs] 
2024-07-06T11:25:16.010+0800: 70.176: [GC pause (G1 Evacuation Pause) (young), 0.0465371 secs]
   [Parallel Time: 46.0 ms, GC Workers: 2]
      [GC Worker Start (ms): Min: 70176.5, Avg: 70176.5, Max: 70176.6, Diff: 0.0]
      [Ext Root Scanning (ms): Min: 0.5, Avg: 0.5, Max: 0.5, Diff: 0.0, Sum: 0.9]
      [Update RS (ms): Min: 0.0, Avg: 0.0, Max: 0.1, Diff: 0.0, Sum: 0.1]
         [Processed Buffers: Min: 3, Avg: 3.5, Max: 4, Diff: 1, Sum: 7]
      [Scan RS (ms): Min: 0.1, Avg: 0.1, Max: 0.1, Diff: 0.0, Sum: 0.2]
      [Code Root Scanning (ms): Min: 0.0, Avg: 0.0, Max: 0.0, Diff: 0.0, Sum: 0.0]
      [Object Copy (ms): Min: 45.3, Avg: 45.3, Max: 45.3, Diff: 0.0, Sum: 90.6]
      [Termination (ms): Min: 0.0, Avg: 0.0, Max: 0.0, Diff: 0.0, Sum: 0.0]
         [Termination Attempts: Min: 1, Avg: 1.0, Max: 1, Diff: 0, Sum: 2]
      [GC Worker Other (ms): Min: 0.0, Avg: 0.0, Max: 0.0, Diff: 0.0, Sum: 0.0]
      [GC Worker Total (ms): Min: 45.9, Avg: 45.9, Max: 45.9, Diff: 0.0, Sum: 91.9]
      [GC Worker End (ms): Min: 70222.5, Avg: 70222.5, Max: 70222.5, Diff: 0.0]
   [Code Root Fixup: 0.0 ms]
   [Code Root Purge: 0.0 ms]
   [Clear CT: 0.1 ms]
   [Other: 0.4 ms]
      [Choose CSet: 0.0 ms]
      [Ref Proc: 0.1 ms]
      [Ref Enq: 0.0 ms]
      [Redirty Cards: 0.0 ms]
      [Humongous Register: 0.0 ms]
      [Humongous Reclaim: 0.0 ms]
      [Free CSet: 0.1 ms]
   [Eden: 254.0M(254.0M)->0.0B(251.0M) Survivors: 29696.0K->32768.0K Heap: 371.5M(472.0M)->121.0M(472.0M)]
 [Times: user=0.09 sys=0.00, real=0.05 secs] 
2024-07-06T11:25:16.887+0800: 71.053: [GC pause (G1 Evacuation Pause) (young), 0.0352739 secs]
   [Parallel Time: 34.8 ms, GC Workers: 2]
      [GC Worker Start (ms): Min: 71053.6, Avg: 71053.6, Max: 71053.6, Diff: 0.0]
      [Ext Root Scanning (ms): Min: 0.5, Avg: 0.5, Max: 0.5, Diff: 0.0, Sum: 1.0]
      [Update RS (ms): Min: 0.0, Avg: 0.0, Max: 0.1, Diff: 0.0, Sum: 0.1]
         [Processed Buffers: Min: 1, Avg: 3.5, Max: 6, Diff: 5, Sum: 7]
      [Scan RS (ms): Min: 0.1, Avg: 0.1, Max: 0.1, Diff: 0.0, Sum: 0.2]
      [Code Root Scanning (ms): Min: 0.0, Avg: 0.0, Max: 0.0, Diff: 0.0, Sum: 0.0]
      [Object Copy (ms): Min: 34.0, Avg: 34.1, Max: 34.1, Diff: 0.0, Sum: 68.1]
      [Termination (ms): Min: 0.0, Avg: 0.0, Max: 0.0, Diff: 0.0, Sum: 0.0]
         [Termination Attempts: Min: 1, Avg: 1.0, Max: 1, Diff: 0, Sum: 2]
      [GC Worker Other (ms): Min: 0.0, Avg: 0.0, Max: 0.0, Diff: 0.0, Sum: 0.0]
      [GC Worker Total (ms): Min: 34.7, Avg: 34.7, Max: 34.7, Diff: 0.0, Sum: 69.4]
      [GC Worker End (ms): Min: 71088.3, Avg: 71088.3, Max: 71088.3, Diff: 0.0]
   [Code Root Fixup: 0.0 ms]
   [Code Root Purge: 0.0 ms]
   [Clear CT: 0.1 ms]
   [Other: 0.4 ms]
      [Choose CSet: 0.0 ms]
      [Ref Proc: 0.1 ms]
      [Ref Enq: 0.0 ms]
      [Redirty Cards: 0.0 ms]
      [Humongous Register: 0.0 ms]
      [Humongous Reclaim: 0.0 ms]
      [Free CSet: 0.1 ms]
   [Eden: 251.0M(251.0M)->0.0B(253.0M) Survivors: 32768.0K->30720.0K Heap: 372.0M(472.0M)->118.5M(472.0M)]
 [Times: user=0.07 sys=0.00, real=0.03 secs] 
2024-07-06T11:25:17.908+0800: 72.074: [GC pause (G1 Evacuation Pause) (young), 0.0311679 secs]
   [Parallel Time: 30.6 ms, GC Workers: 2]
      [GC Worker Start (ms): Min: 72074.6, Avg: 72074.6, Max: 72074.6, Diff: 0.0]
      [Ext Root Scanning (ms): Min: 0.5, Avg: 0.5, Max: 0.5, Diff: 0.0, Sum: 1.0]
      [Update RS (ms): Min: 0.0, Avg: 0.0, Max: 0.0, Diff: 0.0, Sum: 0.1]
         [Processed Buffers: Min: 3, Avg: 3.5, Max: 4, Diff: 1, Sum: 7]
      [Scan RS (ms): Min: 0.1, Avg: 0.1, Max: 0.1, Diff: 0.0, Sum: 0.2]
      [Code Root Scanning (ms): Min: 0.0, Avg: 0.0, Max: 0.0, Diff: 0.0, Sum: 0.0]
      [Object Copy (ms): Min: 29.9, Avg: 29.9, Max: 30.0, Diff: 0.0, Sum: 59.9]
      [Termination (ms): Min: 0.0, Avg: 0.0, Max: 0.0, Diff: 0.0, Sum: 0.0]
         [Termination Attempts: Min: 1, Avg: 1.0, Max: 1, Diff: 0, Sum: 2]
      [GC Worker Other (ms): Min: 0.0, Avg: 0.0, Max: 0.0, Diff: 0.0, Sum: 0.1]
      [GC Worker Total (ms): Min: 30.6, Avg: 30.6, Max: 30.6, Diff: 0.0, Sum: 61.2]
      [GC Worker End (ms): Min: 72105.1, Avg: 72105.2, Max: 72105.2, Diff: 0.0]
   [Code Root Fixup: 0.0 ms]
   [Code Root Purge: 0.0 ms]
   [Clear CT: 0.1 ms]
   [Other: 0.4 ms]
      [Choose CSet: 0.0 ms]
      [Ref Proc: 0.1 ms]
      [Ref Enq: 0.0 ms]
      [Redirty Cards: 0.1 ms]
      [Humongous Register: 0.0 ms]
      [Humongous Reclaim: 0.0 ms]
      [Free CSet: 0.1 ms]
   [Eden: 253.0M(253.0M)->0.0B(257.0M) Survivors: 30720.0K->26624.0K Heap: 371.5M(472.0M)->114.5M(472.0M)]
 [Times: user=0.06 sys=0.00, real=0.03 secs] 
2024-07-06T11:25:18.972+0800: 73.138: [GC pause (G1 Evacuation Pause) (young), 0.0301890 secs]
   [Parallel Time: 29.5 ms, GC Workers: 2]
      [GC Worker Start (ms): Min: 73138.0, Avg: 73138.0, Max: 73138.0, Diff: 0.0]
      [Ext Root Scanning (ms): Min: 0.5, Avg: 0.5, Max: 0.5, Diff: 0.0, Sum: 1.0]
      [Update RS (ms): Min: 0.0, Avg: 0.0, Max: 0.1, Diff: 0.0, Sum: 0.1]
         [Processed Buffers: Min: 4, Avg: 4.0, Max: 4, Diff: 0, Sum: 8]
      [Scan RS (ms): Min: 0.1, Avg: 0.1, Max: 0.1, Diff: 0.0, Sum: 0.2]
      [Code Root Scanning (ms): Min: 0.0, Avg: 0.0, Max: 0.0, Diff: 0.0, Sum: 0.0]
      [Object Copy (ms): Min: 28.8, Avg: 28.8, Max: 28.9, Diff: 0.0, Sum: 57.7]
      [Termination (ms): Min: 0.0, Avg: 0.0, Max: 0.0, Diff: 0.0, Sum: 0.0]
         [Termination Attempts: Min: 1, Avg: 1.0, Max: 1, Diff: 0, Sum: 2]
      [GC Worker Other (ms): Min: 0.0, Avg: 0.0, Max: 0.0, Diff: 0.0, Sum: 0.0]
      [GC Worker Total (ms): Min: 29.5, Avg: 29.5, Max: 29.5, Diff: 0.0, Sum: 59.0]
      [GC Worker End (ms): Min: 73167.4, Avg: 73167.5, Max: 73167.5, Diff: 0.0]
   [Code Root Fixup: 0.0 ms]
   [Code Root Purge: 0.0 ms]
   [Clear CT: 0.1 ms]
   [Other: 0.5 ms]
      [Choose CSet: 0.0 ms]
      [Ref Proc: 0.1 ms]
      [Ref Enq: 0.0 ms]
      [Redirty Cards: 0.1 ms]
      [Humongous Register: 0.0 ms]
      [Humongous Reclaim: 0.0 ms]
      [Free CSet: 0.2 ms]
   [Eden: 257.0M(257.0M)->0.0B(260.0M) Survivors: 26624.0K->23552.0K Heap: 371.5M(472.0M)->111.5M(472.0M)]
 [Times: user=0.06 sys=0.00, real=0.03 secs] 
2024-07-06T11:25:19.739+0800: 73.906: [GC pause (G1 Evacuation Pause) (young), 0.0237598 secs]
   [Parallel Time: 23.2 ms, GC Workers: 2]
      [GC Worker Start (ms): Min: 73905.6, Avg: 73906.0, Max: 73906.4, Diff: 0.8]
      [Ext Root Scanning (ms): Min: 0.0, Avg: 0.3, Max: 0.7, Diff: 0.7, Sum: 0.7]
      [Update RS (ms): Min: 0.0, Avg: 1.6, Max: 3.1, Diff: 3.1, Sum: 3.2]
         [Processed Buffers: Min: 1, Avg: 3.5, Max: 6, Diff: 5, Sum: 7]
      [Scan RS (ms): Min: 0.0, Avg: 0.1, Max: 0.1, Diff: 0.1, Sum: 0.2]
      [Code Root Scanning (ms): Min: 0.0, Avg: 0.0, Max: 0.0, Diff: 0.0, Sum: 0.0]
      [Object Copy (ms): Min: 19.3, Avg: 20.7, Max: 22.2, Diff: 2.8, Sum: 41.5]
      [Termination (ms): Min: 0.0, Avg: 0.0, Max: 0.0, Diff: 0.0, Sum: 0.0]
         [Termination Attempts: Min: 1, Avg: 1.0, Max: 1, Diff: 0, Sum: 2]
      [GC Worker Other (ms): Min: 0.0, Avg: 0.0, Max: 0.0, Diff: 0.0, Sum: 0.1]
      [GC Worker Total (ms): Min: 22.4, Avg: 22.8, Max: 23.2, Diff: 0.8, Sum: 45.5]
      [GC Worker End (ms): Min: 73928.8, Avg: 73928.8, Max: 73928.8, Diff: 0.0]
   [Code Root Fixup: 0.0 ms]
   [Code Root Purge: 0.0 ms]
   [Clear CT: 0.1 ms]
   [Other: 0.4 ms]
      [Choose CSet: 0.0 ms]
      [Ref Proc: 0.1 ms]
      [Ref Enq: 0.0 ms]
      [Redirty Cards: 0.0 ms]
      [Humongous Register: 0.0 ms]
      [Humongous Reclaim: 0.0 ms]
      [Free CSet: 0.1 ms]
   [Eden: 260.0M(260.0M)->0.0B(264.0M) Survivors: 23552.0K->19456.0K Heap: 371.5M(472.0M)->107.5M(472.0M)]
 [Times: user=0.04 sys=0.00, real=0.02 secs] 
2024-07-06T11:25:20.615+0800: 74.781: [GC pause (G1 Evacuation Pause) (young), 0.0430734 secs]
   [Parallel Time: 42.6 ms, GC Workers: 2]
      [GC Worker Start (ms): Min: 74781.5, Avg: 74781.5, Max: 74781.6, Diff: 0.0]
      [Ext Root Scanning (ms): Min: 0.5, Avg: 0.5, Max: 0.5, Diff: 0.0, Sum: 1.0]
      [Update RS (ms): Min: 0.0, Avg: 0.0, Max: 0.1, Diff: 0.0, Sum: 0.1]
         [Processed Buffers: Min: 3, Avg: 3.5, Max: 4, Diff: 1, Sum: 7]
      [Scan RS (ms): Min: 0.1, Avg: 0.1, Max: 0.1, Diff: 0.0, Sum: 0.2]
      [Code Root Scanning (ms): Min: 0.0, Avg: 0.0, Max: 0.0, Diff: 0.0, Sum: 0.0]
      [Object Copy (ms): Min: 41.9, Avg: 41.9, Max: 41.9, Diff: 0.0, Sum: 83.8]
      [Termination (ms): Min: 0.0, Avg: 0.0, Max: 0.0, Diff: 0.0, Sum: 0.0]
         [Termination Attempts: Min: 1, Avg: 1.0, Max: 1, Diff: 0, Sum: 2]
      [GC Worker Other (ms): Min: 0.0, Avg: 0.0, Max: 0.0, Diff: 0.0, Sum: 0.0]
      [GC Worker Total (ms): Min: 42.5, Avg: 42.5, Max: 42.5, Diff: 0.0, Sum: 85.0]
      [GC Worker End (ms): Min: 74824.1, Avg: 74824.1, Max: 74824.1, Diff: 0.0]
   [Code Root Fixup: 0.0 ms]
   [Code Root Purge: 0.0 ms]
   [Clear CT: 0.1 ms]
   [Other: 0.4 ms]
      [Choose CSet: 0.0 ms]
      [Ref Proc: 0.1 ms]
      [Ref Enq: 0.0 ms]
      [Redirty Cards: 0.0 ms]
      [Humongous Register: 0.0 ms]
      [Humongous Reclaim: 0.0 ms]
      [Free CSet: 0.1 ms]
   [Eden: 264.0M(264.0M)->0.0B(254.0M) Survivors: 19456.0K->29696.0K Heap: 371.5M(472.0M)->118.0M(472.0M)]
 [Times: user=0.09 sys=0.00, real=0.04 secs] 
2024-07-06T11:25:21.438+0800: 75.604: [GC pause (G1 Evacuation Pause) (young), 0.0404253 secs]
   [Parallel Time: 39.9 ms, GC Workers: 2]
      [GC Worker Start (ms): Min: 75603.9, Avg: 75604.0, Max: 75604.0, Diff: 0.1]
      [Ext Root Scanning (ms): Min: 0.5, Avg: 0.6, Max: 0.6, Diff: 0.1, Sum: 1.1]
      [Update RS (ms): Min: 0.0, Avg: 0.0, Max: 0.0, Diff: 0.0, Sum: 0.1]
         [Processed Buffers: Min: 2, Avg: 3.0, Max: 4, Diff: 2, Sum: 6]
      [Scan RS (ms): Min: 0.1, Avg: 0.1, Max: 0.1, Diff: 0.0, Sum: 0.2]
      [Code Root Scanning (ms): Min: 0.0, Avg: 0.0, Max: 0.0, Diff: 0.0, Sum: 0.0]
      [Object Copy (ms): Min: 39.1, Avg: 39.1, Max: 39.1, Diff: 0.0, Sum: 78.2]
      [Termination (ms): Min: 0.0, Avg: 0.0, Max: 0.0, Diff: 0.0, Sum: 0.0]
         [Termination Attempts: Min: 1, Avg: 1.0, Max: 1, Diff: 0, Sum: 2]
      [GC Worker Other (ms): Min: 0.0, Avg: 0.0, Max: 0.0, Diff: 0.0, Sum: 0.0]
      [GC Worker Total (ms): Min: 39.8, Avg: 39.8, Max: 39.8, Diff: 0.1, Sum: 79.6]
      [GC Worker End (ms): Min: 75643.7, Avg: 75643.7, Max: 75643.8, Diff: 0.0]
   [Code Root Fixup: 0.0 ms]
   [Code Root Purge: 0.0 ms]
   [Clear CT: 0.1 ms]
   [Other: 0.4 ms]
      [Choose CSet: 0.0 ms]
      [Ref Proc: 0.1 ms]
      [Ref Enq: 0.0 ms]
      [Redirty Cards: 0.0 ms]
      [Humongous Register: 0.0 ms]
      [Humongous Reclaim: 0.0 ms]
      [Free CSet: 0.1 ms]
   [Eden: 254.0M(254.0M)->0.0B(256.0M) Survivors: 29696.0K->27648.0K Heap: 372.0M(472.0M)->116.0M(472.0M)]
 [Times: user=0.08 sys=0.00, real=0.04 secs] 
2024-07-06T11:25:22.203+0800: 76.370: [GC pause (G1 Evacuation Pause) (young), 0.0405274 secs]
   [Parallel Time: 39.9 ms, GC Workers: 2]
      [GC Worker Start (ms): Min: 76369.7, Avg: 76369.7, Max: 76369.7, Diff: 0.0]
      [Ext Root Scanning (ms): Min: 0.6, Avg: 0.6, Max: 0.6, Diff: 0.0, Sum: 1.2]
      [Update RS (ms): Min: 0.0, Avg: 0.0, Max: 0.1, Diff: 0.0, Sum: 0.1]
         [Processed Buffers: Min: 3, Avg: 3.0, Max: 3, Diff: 0, Sum: 6]
      [Scan RS (ms): Min: 0.1, Avg: 0.1, Max: 0.1, Diff: 0.0, Sum: 0.2]
      [Code Root Scanning (ms): Min: 0.0, Avg: 0.0, Max: 0.0, Diff: 0.0, Sum: 0.0]
      [Object Copy (ms): Min: 39.1, Avg: 39.1, Max: 39.1, Diff: 0.0, Sum: 78.3]
      [Termination (ms): Min: 0.0, Avg: 0.0, Max: 0.0, Diff: 0.0, Sum: 0.0]
         [Termination Attempts: Min: 1, Avg: 1.0, Max: 1, Diff: 0, Sum: 2]
      [GC Worker Other (ms): Min: 0.0, Avg: 0.0, Max: 0.0, Diff: 0.0, Sum: 0.0]
      [GC Worker Total (ms): Min: 39.9, Avg: 39.9, Max: 39.9, Diff: 0.0, Sum: 79.7]
      [GC Worker End (ms): Min: 76409.5, Avg: 76409.5, Max: 76409.5, Diff: 0.0]
   [Code Root Fixup: 0.0 ms]
   [Code Root Purge: 0.0 ms]
   [Clear CT: 0.2 ms]
   [Other: 0.5 ms]
      [Choose CSet: 0.0 ms]
      [Ref Proc: 0.1 ms]
      [Ref Enq: 0.0 ms]
      [Redirty Cards: 0.0 ms]
      [Humongous Register: 0.0 ms]
      [Humongous Reclaim: 0.0 ms]
      [Free CSet: 0.1 ms]
   [Eden: 256.0M(256.0M)->0.0B(259.0M) Survivors: 27648.0K->24576.0K Heap: 372.0M(472.0M)->112.6M(472.0M)]
 [Times: user=0.08 sys=0.00, real=0.04 secs] 
2024-07-06T11:25:23.187+0800: 77.353: [GC pause (G1 Evacuation Pause) (young), 0.0271093 secs]
   [Parallel Time: 26.5 ms, GC Workers: 2]
      [GC Worker Start (ms): Min: 77353.3, Avg: 77353.5, Max: 77353.7, Diff: 0.3]
      [Ext Root Scanning (ms): Min: 0.3, Avg: 0.5, Max: 0.7, Diff: 0.3, Sum: 1.0]
      [Update RS (ms): Min: 0.0, Avg: 0.0, Max: 0.0, Diff: 0.0, Sum: 0.1]
         [Processed Buffers: Min: 2, Avg: 3.0, Max: 4, Diff: 2, Sum: 6]
      [Scan RS (ms): Min: 0.1, Avg: 0.1, Max: 0.1, Diff: 0.0, Sum: 0.2]
      [Code Root Scanning (ms): Min: 0.0, Avg: 0.0, Max: 0.0, Diff: 0.0, Sum: 0.0]
      [Object Copy (ms): Min: 25.7, Avg: 25.7, Max: 25.7, Diff: 0.0, Sum: 51.4]
      [Termination (ms): Min: 0.0, Avg: 0.0, Max: 0.0, Diff: 0.0, Sum: 0.0]
         [Termination Attempts: Min: 1, Avg: 1.0, Max: 1, Diff: 0, Sum: 2]
      [GC Worker Other (ms): Min: 0.0, Avg: 0.0, Max: 0.0, Diff: 0.0, Sum: 0.0]
      [GC Worker Total (ms): Min: 26.2, Avg: 26.3, Max: 26.5, Diff: 0.3, Sum: 52.6]
      [GC Worker End (ms): Min: 77379.8, Avg: 77379.8, Max: 77379.8, Diff: 0.0]
   [Code Root Fixup: 0.0 ms]
   [Code Root Purge: 0.0 ms]
   [Clear CT: 0.2 ms]
   [Other: 0.4 ms]
      [Choose CSet: 0.0 ms]
      [Ref Proc: 0.1 ms]
      [Ref Enq: 0.0 ms]
      [Redirty Cards: 0.0 ms]
      [Humongous Register: 0.0 ms]
      [Humongous Reclaim: 0.0 ms]
      [Free CSet: 0.1 ms]
   [Eden: 259.0M(259.0M)->0.0B(262.0M) Survivors: 24576.0K->21504.0K Heap: 371.6M(472.0M)->109.6M(472.0M)]
 [Times: user=0.05 sys=0.00, real=0.03 secs] 
2024-07-06T11:25:24.117+0800: 78.283: [GC pause (G1 Evacuation Pause) (young), 0.0125219 secs]
   [Parallel Time: 11.9 ms, GC Workers: 2]
      [GC Worker Start (ms): Min: 78282.9, Avg: 78282.9, Max: 78282.9, Diff: 0.0]
      [Ext Root Scanning (ms): Min: 0.5, Avg: 0.5, Max: 0.6, Diff: 0.0, Sum: 1.1]
      [Update RS (ms): Min: 0.0, Avg: 0.0, Max: 0.0, Diff: 0.0, Sum: 0.1]
         [Processed Buffers: Min: 3, Avg: 4.0, Max: 5, Diff: 2, Sum: 8]
      [Scan RS (ms): Min: 0.1, Avg: 0.1, Max: 0.1, Diff: 0.1, Sum: 0.2]
      [Code Root Scanning (ms): Min: 0.0, Avg: 0.0, Max: 0.0, Diff: 0.0, Sum: 0.0]
      [Object Copy (ms): Min: 11.2, Avg: 11.2, Max: 11.2, Diff: 0.0, Sum: 22.4]
      [Termination (ms): Min: 0.0, Avg: 0.0, Max: 0.0, Diff: 0.0, Sum: 0.0]
         [Termination Attempts: Min: 1, Avg: 1.0, Max: 1, Diff: 0, Sum: 2]
      [GC Worker Other (ms): Min: 0.0, Avg: 0.0, Max: 0.0, Diff: 0.0, Sum: 0.0]
      [GC Worker Total (ms): Min: 11.9, Avg: 11.9, Max: 11.9, Diff: 0.0, Sum: 23.8]
      [GC Worker End (ms): Min: 78294.8, Avg: 78294.8, Max: 78294.8, Diff: 0.0]
   [Code Root Fixup: 0.0 ms]
   [Code Root Purge: 0.0 ms]
   [Clear CT: 0.2 ms]
   [Other: 0.4 ms]
      [Choose CSet: 0.0 ms]
      [Ref Proc: 0.1 ms]
      [Ref Enq: 0.0 ms]
      [Redirty Cards: 0.0 ms]
      [Humongous Register: 0.0 ms]
      [Humongous Reclaim: 0.0 ms]
      [Free CSet: 0.2 ms]
   [Eden: 262.0M(262.0M)->0.0B(273.0M) Survivors: 21504.0K->10240.0K Heap: 371.6M(472.0M)->101436.5K(472.0M)]
 [Times: user=0.03 sys=0.01, real=0.01 secs] 
2024-07-06T11:25:24.826+0800: 78.992: [GC pause (G1 Evacuation Pause) (young), 0.0359603 secs]
   [Parallel Time: 35.4 ms, GC Workers: 2]
      [GC Worker Start (ms): Min: 78992.5, Avg: 78992.5, Max: 78992.6, Diff: 0.1]
      [Ext Root Scanning (ms): Min: 0.6, Avg: 0.8, Max: 1.0, Diff: 0.4, Sum: 1.6]
      [Update RS (ms): Min: 0.0, Avg: 0.5, Max: 1.1, Diff: 1.1, Sum: 1.1]
         [Processed Buffers: Min: 3, Avg: 3.5, Max: 4, Diff: 1, Sum: 7]
      [Scan RS (ms): Min: 0.0, Avg: 0.1, Max: 0.1, Diff: 0.1, Sum: 0.1]
      [Code Root Scanning (ms): Min: 0.0, Avg: 0.0, Max: 0.0, Diff: 0.0, Sum: 0.0]
      [Object Copy (ms): Min: 33.6, Avg: 33.9, Max: 34.2, Diff: 0.7, Sum: 67.8]
      [Termination (ms): Min: 0.0, Avg: 0.0, Max: 0.0, Diff: 0.0, Sum: 0.0]
         [Termination Attempts: Min: 1, Avg: 1.0, Max: 1, Diff: 0, Sum: 2]
      [GC Worker Other (ms): Min: 0.0, Avg: 0.0, Max: 0.0, Diff: 0.0, Sum: 0.0]
      [GC Worker Total (ms): Min: 35.3, Avg: 35.3, Max: 35.4, Diff: 0.1, Sum: 70.6]
      [GC Worker End (ms): Min: 79027.8, Avg: 79027.8, Max: 79027.8, Diff: 0.0]
   [Code Root Fixup: 0.0 ms]
   [Code Root Purge: 0.0 ms]
   [Clear CT: 0.1 ms]
   [Other: 0.4 ms]
      [Choose CSet: 0.0 ms]
      [Ref Proc: 0.1 ms]
      [Ref Enq: 0.0 ms]
      [Redirty Cards: 0.0 ms]
      [Humongous Register: 0.0 ms]
      [Humongous Reclaim: 0.0 ms]
      [Free CSet: 0.2 ms]
   [Eden: 273.0M(273.0M)->0.0B(265.0M) Survivors: 10240.0K->18432.0K Heap: 372.1M(472.0M)->107.1M(472.0M)]
 [Times: user=0.07 sys=0.00, real=0.04 secs] 
2024-07-06T11:25:25.567+0800: 79.733: [GC pause (G1 Evacuation Pause) (young), 0.0324742 secs]
   [Parallel Time: 32.0 ms, GC Workers: 2]
      [GC Worker Start (ms): Min: 79733.0, Avg: 79735.2, Max: 79737.3, Diff: 4.3]
      [Ext Root Scanning (ms): Min: 0.0, Avg: 0.3, Max: 0.7, Diff: 0.7, Sum: 0.7]
      [Update RS (ms): Min: 0.0, Avg: 0.0, Max: 0.1, Diff: 0.1, Sum: 0.1]
         [Processed Buffers: Min: 0, Avg: 2.5, Max: 5, Diff: 5, Sum: 5]
      [Scan RS (ms): Min: 0.0, Avg: 0.1, Max: 0.1, Diff: 0.1, Sum: 0.2]
      [Code Root Scanning (ms): Min: 0.0, Avg: 0.0, Max: 0.0, Diff: 0.0, Sum: 0.0]
      [Object Copy (ms): Min: 27.5, Avg: 29.2, Max: 31.0, Diff: 3.5, Sum: 58.5]
      [Termination (ms): Min: 0.0, Avg: 0.0, Max: 0.0, Diff: 0.0, Sum: 0.0]
         [Termination Attempts: Min: 1, Avg: 1.0, Max: 1, Diff: 0, Sum: 2]
      [GC Worker Other (ms): Min: 0.0, Avg: 0.0, Max: 0.0, Diff: 0.0, Sum: 0.0]
      [GC Worker Total (ms): Min: 27.6, Avg: 29.7, Max: 31.9, Diff: 4.3, Sum: 59.5]
      [GC Worker End (ms): Min: 79764.9, Avg: 79764.9, Max: 79764.9, Diff: 0.0]
   [Code Root Fixup: 0.0 ms]
   [Code Root Purge: 0.0 ms]
   [Clear CT: 0.1 ms]
   [Other: 0.4 ms]
      [Choose CSet: 0.0 ms]
      [Ref Proc: 0.1 ms]
      [Ref Enq: 0.0 ms]
      [Redirty Cards: 0.0 ms]
      [Humongous Register: 0.0 ms]
      [Humongous Reclaim: 0.0 ms]
      [Free CSet: 0.2 ms]
   [Eden: 265.0M(265.0M)->0.0B(259.0M) Survivors: 18432.0K->24576.0K Heap: 372.1M(472.0M)->113.1M(472.0M)]
 [Times: user=0.06 sys=0.00, real=0.04 secs] 
2024-07-06T11:25:26.323+0800: 80.490: [GC pause (G1 Evacuation Pause) (young), 0.0417662 secs]
   [Parallel Time: 41.2 ms, GC Workers: 2]
      [GC Worker Start (ms): Min: 80489.6, Avg: 80489.6, Max: 80489.7, Diff: 0.0]
      [Ext Root Scanning (ms): Min: 0.5, Avg: 0.5, Max: 0.5, Diff: 0.0, Sum: 1.0]
      [Update RS (ms): Min: 0.0, Avg: 0.0, Max: 0.1, Diff: 0.0, Sum: 0.1]
         [Processed Buffers: Min: 2, Avg: 3.0, Max: 4, Diff: 2, Sum: 6]
      [Scan RS (ms): Min: 0.1, Avg: 0.1, Max: 0.1, Diff: 0.0, Sum: 0.2]
      [Code Root Scanning (ms): Min: 0.0, Avg: 0.0, Max: 0.0, Diff: 0.0, Sum: 0.0]
      [Object Copy (ms): Min: 40.5, Avg: 40.5, Max: 40.5, Diff: 0.0, Sum: 81.0]
      [Termination (ms): Min: 0.0, Avg: 0.0, Max: 0.0, Diff: 0.0, Sum: 0.0]
         [Termination Attempts: Min: 1, Avg: 1.0, Max: 1, Diff: 0, Sum: 2]
      [GC Worker Other (ms): Min: 0.0, Avg: 0.0, Max: 0.0, Diff: 0.0, Sum: 0.0]
      [GC Worker Total (ms): Min: 41.1, Avg: 41.1, Max: 41.2, Diff: 0.0, Sum: 82.3]
      [GC Worker End (ms): Min: 80530.8, Avg: 80530.8, Max: 80530.8, Diff: 0.0]
   [Code Root Fixup: 0.0 ms]
   [Code Root Purge: 0.0 ms]
   [Clear CT: 0.1 ms]
   [Other: 0.4 ms]
      [Choose CSet: 0.0 ms]
      [Ref Proc: 0.1 ms]
      [Ref Enq: 0.0 ms]
      [Redirty Cards: 0.0 ms]
      [Humongous Register: 0.0 ms]
      [Humongous Reclaim: 0.0 ms]
      [Free CSet: 0.2 ms]
   [Eden: 259.0M(259.0M)->0.0B(251.0M) Survivors: 24576.0K->32768.0K Heap: 372.1M(472.0M)->121.1M(472.0M)]
 [Times: user=0.08 sys=0.00, real=0.04 secs] 
2024-07-06T11:25:27.220+0800: 81.386: [GC pause (G1 Evacuation Pause) (young), 0.0560632 secs]
   [Parallel Time: 55.4 ms, GC Workers: 2]
      [GC Worker Start (ms): Min: 81386.1, Avg: 81386.8, Max: 81387.6, Diff: 1.5]
      [Ext Root Scanning (ms): Min: 0.0, Avg: 0.4, Max: 0.8, Diff: 0.8, Sum: 0.8]
      [Update RS (ms): Min: 0.0, Avg: 0.0, Max: 0.1, Diff: 0.1, Sum: 0.1]
         [Processed Buffers: Min: 0, Avg: 3.0, Max: 6, Diff: 6, Sum: 6]
      [Scan RS (ms): Min: 0.0, Avg: 0.1, Max: 0.1, Diff: 0.1, Sum: 0.1]
      [Code Root Scanning (ms): Min: 0.0, Avg: 0.0, Max: 0.0, Diff: 0.0, Sum: 0.0]
      [Object Copy (ms): Min: 53.9, Avg: 54.1, Max: 54.4, Diff: 0.6, Sum: 108.3]
      [Termination (ms): Min: 0.0, Avg: 0.0, Max: 0.0, Diff: 0.0, Sum: 0.0]
         [Termination Attempts: Min: 1, Avg: 1.0, Max: 1, Diff: 0, Sum: 2]
      [GC Worker Other (ms): Min: 0.0, Avg: 0.0, Max: 0.0, Diff: 0.0, Sum: 0.0]
      [GC Worker Total (ms): Min: 53.9, Avg: 54.6, Max: 55.4, Diff: 1.5, Sum: 109.3]
      [GC Worker End (ms): Min: 81441.5, Avg: 81441.5, Max: 81441.5, Diff: 0.0]
   [Code Root Fixup: 0.0 ms]
   [Code Root Purge: 0.0 ms]
   [Clear CT: 0.1 ms]
   [Other: 0.5 ms]
      [Choose CSet: 0.0 ms]
      [Ref Proc: 0.1 ms]
      [Ref Enq: 0.0 ms]
      [Redirty Cards: 0.0 ms]
      [Humongous Register: 0.0 ms]
      [Humongous Reclaim: 0.0 ms]
      [Free CSet: 0.1 ms]
   [Eden: 251.0M(251.0M)->0.0B(254.0M) Survivors: 32768.0K->29696.0K Heap: 372.1M(472.0M)->118.1M(472.0M)]
 [Times: user=0.11 sys=0.00, real=0.06 secs] 
2024-07-06T11:25:28.049+0800: 82.215: [GC pause (G1 Evacuation Pause) (young), 0.0304838 secs]
   [Parallel Time: 29.9 ms, GC Workers: 2]
      [GC Worker Start (ms): Min: 82215.4, Avg: 82216.8, Max: 82218.2, Diff: 2.8]
      [Ext Root Scanning (ms): Min: 0.0, Avg: 0.4, Max: 0.7, Diff: 0.7, Sum: 0.7]
      [Update RS (ms): Min: 0.0, Avg: 0.0, Max: 0.1, Diff: 0.0, Sum: 0.1]
         [Processed Buffers: Min: 0, Avg: 3.0, Max: 6, Diff: 6, Sum: 6]
      [Scan RS (ms): Min: 0.0, Avg: 0.1, Max: 0.1, Diff: 0.1, Sum: 0.2]
      [Code Root Scanning (ms): Min: 0.0, Avg: 0.0, Max: 0.0, Diff: 0.0, Sum: 0.0]
      [Object Copy (ms): Min: 27.0, Avg: 28.0, Max: 28.9, Diff: 1.9, Sum: 55.9]
      [Termination (ms): Min: 0.0, Avg: 0.0, Max: 0.0, Diff: 0.0, Sum: 0.0]
         [Termination Attempts: Min: 1, Avg: 1.0, Max: 1, Diff: 0, Sum: 2]
      [GC Worker Other (ms): Min: 0.0, Avg: 0.0, Max: 0.0, Diff: 0.0, Sum: 0.0]
      [GC Worker Total (ms): Min: 27.0, Avg: 28.4, Max: 29.8, Diff: 2.8, Sum: 56.9]
      [GC Worker End (ms): Min: 82245.2, Avg: 82245.2, Max: 82245.2, Diff: 0.0]
   [Code Root Fixup: 0.0 ms]
   [Code Root Purge: 0.0 ms]
   [Clear CT: 0.1 ms]
   [Other: 0.5 ms]
      [Choose CSet: 0.0 ms]
      [Ref Proc: 0.2 ms]
      [Ref Enq: 0.0 ms]
      [Redirty Cards: 0.0 ms]
      [Humongous Register: 0.0 ms]
      [Humongous Reclaim: 0.0 ms]
      [Free CSet: 0.2 ms]
   [Eden: 254.0M(254.0M)->0.0B(258.0M) Survivors: 29696.0K->25600.0K Heap: 372.1M(472.0M)->113.6M(472.0M)]
 [Times: user=0.06 sys=0.00, real=0.03 secs] 
2024-07-06T11:25:28.867+0800: 83.033: [GC pause (G1 Evacuation Pause) (young), 0.0363605 secs]
   [Parallel Time: 35.4 ms, GC Workers: 2]
      [GC Worker Start (ms): Min: 83033.5, Avg: 83033.8, Max: 83034.1, Diff: 0.6]
      [Ext Root Scanning (ms): Min: 0.6, Avg: 2.3, Max: 3.9, Diff: 3.3, Sum: 4.6]
      [Update RS (ms): Min: 0.0, Avg: 0.1, Max: 0.1, Diff: 0.1, Sum: 0.1]
         [Processed Buffers: Min: 0, Avg: 3.0, Max: 6, Diff: 6, Sum: 6]
      [Scan RS (ms): Min: 0.1, Avg: 0.2, Max: 0.3, Diff: 0.2, Sum: 0.3]
      [Code Root Scanning (ms): Min: 0.0, Avg: 0.0, Max: 0.0, Diff: 0.0, Sum: 0.0]
      [Object Copy (ms): Min: 31.4, Avg: 32.5, Max: 33.7, Diff: 2.4, Sum: 65.1]
      [Termination (ms): Min: 0.0, Avg: 0.0, Max: 0.0, Diff: 0.0, Sum: 0.0]
         [Termination Attempts: Min: 1, Avg: 1.0, Max: 1, Diff: 0, Sum: 2]
      [GC Worker Other (ms): Min: 0.0, Avg: 0.0, Max: 0.0, Diff: 0.0, Sum: 0.0]
      [GC Worker Total (ms): Min: 34.8, Avg: 35.1, Max: 35.4, Diff: 0.6, Sum: 70.2]
      [GC Worker End (ms): Min: 83068.9, Avg: 83068.9, Max: 83068.9, Diff: 0.0]
   [Code Root Fixup: 0.0 ms]
   [Code Root Purge: 0.0 ms]
   [Clear CT: 0.3 ms]
   [Other: 0.7 ms]
      [Choose CSet: 0.0 ms]
      [Ref Proc: 0.1 ms]
      [Ref Enq: 0.0 ms]
      [Redirty Cards: 0.0 ms]
      [Humongous Register: 0.1 ms]
      [Humongous Reclaim: 0.0 ms]
      [Free CSet: 0.3 ms]
   [Eden: 258.0M(258.0M)->0.0B(266.0M) Survivors: 25600.0K->17408.0K Heap: 371.6M(472.0M)->105.6M(472.0M)]
 [Times: user=0.07 sys=0.00, real=0.04 secs] 
2024-07-06T11:25:29.588+0800: 83.754: [GC pause (G1 Evacuation Pause) (young), 0.0229580 secs]
   [Parallel Time: 22.3 ms, GC Workers: 2]
      [GC Worker Start (ms): Min: 83753.9, Avg: 83755.5, Max: 83757.2, Diff: 3.4]
      [Ext Root Scanning (ms): Min: 0.0, Avg: 0.3, Max: 0.7, Diff: 0.7, Sum: 0.7]
      [Update RS (ms): Min: 0.0, Avg: 0.0, Max: 0.1, Diff: 0.1, Sum: 0.1]
         [Processed Buffers: Min: 0, Avg: 3.0, Max: 6, Diff: 6, Sum: 6]
      [Scan RS (ms): Min: 0.0, Avg: 0.1, Max: 0.1, Diff: 0.1, Sum: 0.1]
      [Code Root Scanning (ms): Min: 0.0, Avg: 0.0, Max: 0.0, Diff: 0.0, Sum: 0.0]
      [Object Copy (ms): Min: 18.9, Avg: 20.2, Max: 21.4, Diff: 2.5, Sum: 40.4]
      [Termination (ms): Min: 0.0, Avg: 0.0, Max: 0.0, Diff: 0.0, Sum: 0.0]
         [Termination Attempts: Min: 1, Avg: 1.0, Max: 1, Diff: 0, Sum: 2]
      [GC Worker Other (ms): Min: 0.0, Avg: 0.0, Max: 0.0, Diff: 0.0, Sum: 0.0]
      [GC Worker Total (ms): Min: 18.9, Avg: 20.6, Max: 22.3, Diff: 3.4, Sum: 41.3]
      [GC Worker End (ms): Min: 83776.2, Avg: 83776.2, Max: 83776.2, Diff: 0.0]
   [Code Root Fixup: 0.0 ms]
   [Code Root Purge: 0.0 ms]
   [Clear CT: 0.2 ms]
   [Other: 0.4 ms]
      [Choose CSet: 0.0 ms]
      [Ref Proc: 0.1 ms]
      [Ref Enq: 0.0 ms]
      [Redirty Cards: 0.1 ms]
      [Humongous Register: 0.0 ms]
      [Humongous Reclaim: 0.0 ms]
      [Free CSet: 0.2 ms]
   [Eden: 266.0M(266.0M)->0.0B(265.0M) Survivors: 17408.0K->18432.0K Heap: 371.6M(472.0M)->107.1M(472.0M)]
 [Times: user=0.04 sys=0.00, real=0.02 secs] 
2024-07-06T11:25:30.247+0800: 84.414: [GC pause (G1 Evacuation Pause) (young), 0.0349939 secs]
   [Parallel Time: 34.5 ms, GC Workers: 2]
      [GC Worker Start (ms): Min: 84413.7, Avg: 84414.5, Max: 84415.3, Diff: 1.6]
      [Ext Root Scanning (ms): Min: 0.0, Avg: 0.4, Max: 0.7, Diff: 0.7, Sum: 0.7]
      [Update RS (ms): Min: 0.0, Avg: 0.0, Max: 0.1, Diff: 0.1, Sum: 0.1]
         [Processed Buffers: Min: 0, Avg: 2.5, Max: 5, Diff: 5, Sum: 5]
      [Scan RS (ms): Min: 0.0, Avg: 0.1, Max: 0.1, Diff: 0.1, Sum: 0.1]
      [Code Root Scanning (ms): Min: 0.0, Avg: 0.0, Max: 0.0, Diff: 0.0, Sum: 0.0]
      [Object Copy (ms): Min: 32.8, Avg: 33.2, Max: 33.5, Diff: 0.7, Sum: 66.4]
      [Termination (ms): Min: 0.0, Avg: 0.0, Max: 0.0, Diff: 0.0, Sum: 0.0]
         [Termination Attempts: Min: 1, Avg: 1.0, Max: 1, Diff: 0, Sum: 2]
      [GC Worker Other (ms): Min: 0.0, Avg: 0.0, Max: 0.0, Diff: 0.0, Sum: 0.0]
      [GC Worker Total (ms): Min: 32.9, Avg: 33.7, Max: 34.5, Diff: 1.6, Sum: 67.4]
      [GC Worker End (ms): Min: 84448.2, Avg: 84448.2, Max: 84448.2, Diff: 0.0]
   [Code Root Fixup: 0.0 ms]
   [Code Root Purge: 0.0 ms]
   [Clear CT: 0.1 ms]
   [Other: 0.4 ms]
      [Choose CSet: 0.0 ms]
      [Ref Proc: 0.1 ms]
      [Ref Enq: 0.0 ms]
      [Redirty Cards: 0.0 ms]
      [Humongous Register: 0.0 ms]
      [Humongous Reclaim: 0.0 ms]
      [Free CSet: 0.1 ms]
   [Eden: 265.0M(265.0M)->0.0B(254.0M) Survivors: 18432.0K->29696.0K Heap: 372.1M(472.0M)->118.1M(472.0M)]
 [Times: user=0.06 sys=0.00, real=0.03 secs] 
2024-07-06T11:25:30.980+0800: 85.146: [GC pause (G1 Evacuation Pause) (young), 0.0761273 secs]
   [Parallel Time: 70.1 ms, GC Workers: 2]
      [GC Worker Start (ms): Min: 85146.0, Avg: 85146.3, Max: 85146.6, Diff: 0.6]
      [Ext Root Scanning (ms): Min: 0.1, Avg: 1.9, Max: 3.6, Diff: 3.5, Sum: 3.7]
      [Update RS (ms): Min: 0.0, Avg: 0.0, Max: 0.1, Diff: 0.1, Sum: 0.1]
         [Processed Buffers: Min: 0, Avg: 3.0, Max: 6, Diff: 6, Sum: 6]
      [Scan RS (ms): Min: 0.0, Avg: 0.1, Max: 0.1, Diff: 0.1, Sum: 0.2]
      [Code Root Scanning (ms): Min: 0.0, Avg: 0.0, Max: 0.0, Diff: 0.0, Sum: 0.0]
      [Object Copy (ms): Min: 66.4, Avg: 66.5, Max: 66.5, Diff: 0.1, Sum: 132.9]
      [Termination (ms): Min: 0.0, Avg: 1.3, Max: 2.6, Diff: 2.6, Sum: 2.6]
         [Termination Attempts: Min: 1, Avg: 1.0, Max: 1, Diff: 0, Sum: 2]
      [GC Worker Other (ms): Min: 0.0, Avg: 0.0, Max: 0.0, Diff: 0.0, Sum: 0.0]
      [GC Worker Total (ms): Min: 69.5, Avg: 69.8, Max: 70.0, Diff: 0.5, Sum: 139.5]
      [GC Worker End (ms): Min: 85216.0, Avg: 85216.0, Max: 85216.1, Diff: 0.0]
   [Code Root Fixup: 0.0 ms]
   [Code Root Purge: 0.0 ms]
   [Clear CT: 0.5 ms]
   [Other: 5.5 ms]
      [Choose CSet: 0.0 ms]
      [Ref Proc: 5.0 ms]
      [Ref Enq: 0.0 ms]
      [Redirty Cards: 0.1 ms]
      [Humongous Register: 0.0 ms]
      [Humongous Reclaim: 0.0 ms]
      [Free CSet: 0.2 ms]
   [Eden: 254.0M(254.0M)->0.0B(257.0M) Survivors: 29696.0K->26624.0K Heap: 372.1M(472.0M)->114.6M(472.0M)]
 [Times: user=0.08 sys=0.00, real=0.08 secs] 
2024-07-06T11:25:31.831+0800: 85.997: [GC pause (G1 Evacuation Pause) (young), 0.0199805 secs]
   [Parallel Time: 19.5 ms, GC Workers: 2]
      [GC Worker Start (ms): Min: 85997.0, Avg: 85997.2, Max: 85997.3, Diff: 0.4]
      [Ext Root Scanning (ms): Min: 0.4, Avg: 0.6, Max: 0.8, Diff: 0.4, Sum: 1.1]
      [Update RS (ms): Min: 0.0, Avg: 0.0, Max: 0.1, Diff: 0.0, Sum: 0.1]
         [Processed Buffers: Min: 2, Avg: 3.5, Max: 5, Diff: 3, Sum: 7]
      [Scan RS (ms): Min: 0.1, Avg: 0.1, Max: 0.1, Diff: 0.0, Sum: 0.2]
      [Code Root Scanning (ms): Min: 0.0, Avg: 0.0, Max: 0.0, Diff: 0.0, Sum: 0.0]
      [Object Copy (ms): Min: 18.5, Avg: 18.5, Max: 18.5, Diff: 0.0, Sum: 37.1]
      [Termination (ms): Min: 0.0, Avg: 0.0, Max: 0.0, Diff: 0.0, Sum: 0.0]
         [Termination Attempts: Min: 1, Avg: 1.0, Max: 1, Diff: 0, Sum: 2]
      [GC Worker Other (ms): Min: 0.0, Avg: 0.0, Max: 0.0, Diff: 0.0, Sum: 0.0]
      [GC Worker Total (ms): Min: 19.0, Avg: 19.2, Max: 19.4, Diff: 0.4, Sum: 38.4]
      [GC Worker End (ms): Min: 86016.4, Avg: 86016.4, Max: 86016.4, Diff: 0.0]
   [Code Root Fixup: 0.0 ms]
   [Code Root Purge: 0.0 ms]
   [Clear CT: 0.1 ms]
   [Other: 0.4 ms]
      [Choose CSet: 0.0 ms]
      [Ref Proc: 0.1 ms]
      [Ref Enq: 0.0 ms]
      [Redirty Cards: 0.0 ms]
      [Humongous Register: 0.0 ms]
      [Humongous Reclaim: 0.0 ms]
      [Free CSet: 0.1 ms]
   [Eden: 257.0M(257.0M)->0.0B(267.0M) Survivors: 26624.0K->16384.0K Heap: 371.6M(472.0M)->105.1M(472.0M)]
 [Times: user=0.04 sys=0.00, real=0.02 secs] 
2024-07-06T11:25:32.495+0800: 86.662: [GC pause (G1 Evacuation Pause) (young), 0.0279634 secs]
   [Parallel Time: 27.3 ms, GC Workers: 2]
      [GC Worker Start (ms): Min: 86661.7, Avg: 86661.7, Max: 86661.7, Diff: 0.0]
      [Ext Root Scanning (ms): Min: 0.6, Avg: 0.6, Max: 0.6, Diff: 0.0, Sum: 1.2]
      [Update RS (ms): Min: 0.0, Avg: 0.0, Max: 0.1, Diff: 0.0, Sum: 0.1]
         [Processed Buffers: Min: 2, Avg: 3.5, Max: 5, Diff: 3, Sum: 7]
      [Scan RS (ms): Min: 0.1, Avg: 0.1, Max: 0.1, Diff: 0.0, Sum: 0.2]
      [Code Root Scanning (ms): Min: 0.0, Avg: 0.0, Max: 0.0, Diff: 0.0, Sum: 0.0]
      [Object Copy (ms): Min: 26.5, Avg: 26.5, Max: 26.5, Diff: 0.0, Sum: 53.0]
      [Termination (ms): Min: 0.0, Avg: 0.0, Max: 0.0, Diff: 0.0, Sum: 0.0]
         [Termination Attempts: Min: 1, Avg: 1.0, Max: 1, Diff: 0, Sum: 2]
      [GC Worker Other (ms): Min: 0.0, Avg: 0.0, Max: 0.0, Diff: 0.0, Sum: 0.0]
      [GC Worker Total (ms): Min: 27.2, Avg: 27.2, Max: 27.3, Diff: 0.0, Sum: 54.5]
      [GC Worker End (ms): Min: 86688.9, Avg: 86688.9, Max: 86688.9, Diff: 0.0]
   [Code Root Fixup: 0.0 ms]
   [Code Root Purge: 0.0 ms]
   [Clear CT: 0.1 ms]
   [Other: 0.5 ms]
      [Choose CSet: 0.0 ms]
      [Ref Proc: 0.1 ms]
      [Ref Enq: 0.0 ms]
      [Redirty Cards: 0.0 ms]
      [Humongous Register: 0.0 ms]
      [Humongous Reclaim: 0.0 ms]
      [Free CSet: 0.2 ms]
   [Eden: 267.0M(267.0M)->0.0B(260.0M) Survivors: 16384.0K->23552.0K Heap: 372.1M(472.0M)->111.6M(472.0M)]
 [Times: user=0.06 sys=0.00, real=0.02 secs] 
2024-07-06T11:25:33.182+0800: 87.348: [GC pause (G1 Evacuation Pause) (young), 0.0608432 secs]
   [Parallel Time: 60.1 ms, GC Workers: 2]
      [GC Worker Start (ms): Min: 87348.4, Avg: 87348.4, Max: 87348.4, Diff: 0.0]
      [Ext Root Scanning (ms): Min: 0.5, Avg: 0.5, Max: 0.5, Diff: 0.0, Sum: 0.9]
      [Update RS (ms): Min: 0.0, Avg: 0.0, Max: 0.1, Diff: 0.0, Sum: 0.1]
         [Processed Buffers: Min: 3, Avg: 3.5, Max: 4, Diff: 1, Sum: 7]
      [Scan RS (ms): Min: 0.1, Avg: 0.1, Max: 0.1, Diff: 0.0, Sum: 0.2]
      [Code Root Scanning (ms): Min: 0.0, Avg: 0.0, Max: 0.0, Diff: 0.0, Sum: 0.0]
      [Object Copy (ms): Min: 59.4, Avg: 59.4, Max: 59.4, Diff: 0.0, Sum: 118.9]
      [Termination (ms): Min: 0.0, Avg: 0.0, Max: 0.0, Diff: 0.0, Sum: 0.0]
         [Termination Attempts: Min: 1, Avg: 1.0, Max: 1, Diff: 0, Sum: 2]
      [GC Worker Other (ms): Min: 0.0, Avg: 0.0, Max: 0.0, Diff: 0.0, Sum: 0.0]
      [GC Worker Total (ms): Min: 60.0, Avg: 60.0, Max: 60.1, Diff: 0.0, Sum: 120.1]
      [GC Worker End (ms): Min: 87408.4, Avg: 87408.4, Max: 87408.4, Diff: 0.0]
   [Code Root Fixup: 0.0 ms]
   [Code Root Purge: 0.0 ms]
   [Clear CT: 0.1 ms]
   [Other: 0.6 ms]
      [Choose CSet: 0.0 ms]
      [Ref Proc: 0.3 ms]
      [Ref Enq: 0.0 ms]
      [Redirty Cards: 0.0 ms]
      [Humongous Register: 0.0 ms]
      [Humongous Reclaim: 0.0 ms]
      [Free CSet: 0.2 ms]
   [Eden: 260.0M(260.0M)->0.0B(255.0M) Survivors: 23552.0K->28672.0K Heap: 371.6M(472.0M)->117.1M(472.0M)]
 [Times: user=0.10 sys=0.00, real=0.06 secs] 
2024-07-06T11:25:34.013+0800: 88.179: [GC pause (G1 Evacuation Pause) (young), 0.0341329 secs]
   [Parallel Time: 33.5 ms, GC Workers: 2]
      [GC Worker Start (ms): Min: 88179.5, Avg: 88179.6, Max: 88179.7, Diff: 0.2]
      [Ext Root Scanning (ms): Min: 0.5, Avg: 0.8, Max: 1.2, Diff: 0.6, Sum: 1.7]
      [Update RS (ms): Min: 0.0, Avg: 0.0, Max: 0.1, Diff: 0.1, Sum: 0.1]
         [Processed Buffers: Min: 0, Avg: 3.5, Max: 7, Diff: 7, Sum: 7]
      [Scan RS (ms): Min: 0.0, Avg: 0.1, Max: 0.1, Diff: 0.1, Sum: 0.1]
      [Code Root Scanning (ms): Min: 0.0, Avg: 0.0, Max: 0.0, Diff: 0.0, Sum: 0.0]
      [Object Copy (ms): Min: 32.2, Avg: 32.4, Max: 32.5, Diff: 0.2, Sum: 64.7]
      [Termination (ms): Min: 0.0, Avg: 0.0, Max: 0.0, Diff: 0.0, Sum: 0.0]
         [Termination Attempts: Min: 1, Avg: 1.0, Max: 1, Diff: 0, Sum: 2]
      [GC Worker Other (ms): Min: 0.0, Avg: 0.0, Max: 0.0, Diff: 0.0, Sum: 0.0]
      [GC Worker Total (ms): Min: 33.2, Avg: 33.3, Max: 33.4, Diff: 0.2, Sum: 66.7]
      [GC Worker End (ms): Min: 88212.9, Avg: 88212.9, Max: 88212.9, Diff: 0.0]
   [Code Root Fixup: 0.0 ms]
   [Code Root Purge: 0.0 ms]
   [Clear CT: 0.2 ms]
   [Other: 0.5 ms]
      [Choose CSet: 0.0 ms]
      [Ref Proc: 0.1 ms]
      [Ref Enq: 0.0 ms]
      [Redirty Cards: 0.1 ms]
      [Humongous Register: 0.0 ms]
      [Humongous Reclaim: 0.0 ms]
      [Free CSet: 0.1 ms]
   [Eden: 255.0M(255.0M)->0.0B(258.0M) Survivors: 28672.0K->25600.0K Heap: 372.1M(472.0M)->114.1M(472.0M)]
 [Times: user=0.06 sys=0.01, real=0.04 secs] 
2024-07-06T11:25:34.698+0800: 88.864: [GC pause (G1 Evacuation Pause) (young), 0.0268324 secs]
   [Parallel Time: 26.2 ms, GC Workers: 2]
      [GC Worker Start (ms): Min: 88863.9, Avg: 88864.3, Max: 88864.7, Diff: 0.9]
      [Ext Root Scanning (ms): Min: 0.0, Avg: 0.4, Max: 0.8, Diff: 0.8, Sum: 0.8]
      [Update RS (ms): Min: 0.0, Avg: 0.1, Max: 0.2, Diff: 0.1, Sum: 0.2]
         [Processed Buffers: Min: 1, Avg: 2.5, Max: 4, Diff: 3, Sum: 5]
      [Scan RS (ms): Min: 0.1, Avg: 0.1, Max: 0.1, Diff: 0.1, Sum: 0.2]
      [Code Root Scanning (ms): Min: 0.0, Avg: 0.0, Max: 0.0, Diff: 0.0, Sum: 0.0]
      [Object Copy (ms): Min: 25.1, Avg: 25.1, Max: 25.2, Diff: 0.1, Sum: 50.3]
      [Termination (ms): Min: 0.0, Avg: 0.0, Max: 0.0, Diff: 0.0, Sum: 0.0]
         [Termination Attempts: Min: 1, Avg: 1.0, Max: 1, Diff: 0, Sum: 2]
      [GC Worker Other (ms): Min: 0.0, Avg: 0.0, Max: 0.0, Diff: 0.0, Sum: 0.0]
      [GC Worker Total (ms): Min: 25.3, Avg: 25.7, Max: 26.2, Diff: 0.9, Sum: 51.4]
      [GC Worker End (ms): Min: 88890.0, Avg: 88890.0, Max: 88890.0, Diff: 0.0]
   [Code Root Fixup: 0.0 ms]
   [Code Root Purge: 0.0 ms]
   [Clear CT: 0.2 ms]
   [Other: 0.4 ms]
      [Choose CSet: 0.0 ms]
      [Ref Proc: 0.1 ms]
      [Ref Enq: 0.0 ms]
      [Redirty Cards: 0.0 ms]
      [Humongous Register: 0.0 ms]
      [Humongous Reclaim: 0.0 ms]
      [Free CSet: 0.1 ms]
   [Eden: 258.0M(258.0M)->0.0B(261.0M) Survivors: 25600.0K->22528.0K Heap: 372.1M(472.0M)->110.6M(472.0M)]
 [Times: user=0.05 sys=0.00, real=0.02 secs] 
2024-07-06T11:25:35.334+0800: 89.500: [GC pause (G1 Evacuation Pause) (young), 0.0155833 secs]
   [Parallel Time: 15.1 ms, GC Workers: 2]
      [GC Worker Start (ms): Min: 89500.1, Avg: 89500.4, Max: 89500.7, Diff: 0.6]
      [Ext Root Scanning (ms): Min: 0.2, Avg: 0.5, Max: 0.7, Diff: 0.6, Sum: 0.9]
      [Update RS (ms): Min: 0.0, Avg: 0.0, Max: 0.0, Diff: 0.0, Sum: 0.1]
         [Processed Buffers: Min: 3, Avg: 3.0, Max: 3, Diff: 0, Sum: 6]
      [Scan RS (ms): Min: 0.1, Avg: 0.1, Max: 0.1, Diff: 0.0, Sum: 0.2]
      [Code Root Scanning (ms): Min: 0.0, Avg: 0.0, Max: 0.0, Diff: 0.0, Sum: 0.0]
      [Object Copy (ms): Min: 14.1, Avg: 14.1, Max: 14.1, Diff: 0.0, Sum: 28.2]
      [Termination (ms): Min: 0.0, Avg: 0.0, Max: 0.0, Diff: 0.0, Sum: 0.0]
         [Termination Attempts: Min: 1, Avg: 1.5, Max: 2, Diff: 1, Sum: 3]
      [GC Worker Other (ms): Min: 0.0, Avg: 0.0, Max: 0.0, Diff: 0.0, Sum: 0.0]
      [GC Worker Total (ms): Min: 14.4, Avg: 14.7, Max: 15.0, Diff: 0.6, Sum: 29.4]
      [GC Worker End (ms): Min: 89515.1, Avg: 89515.1, Max: 89515.1, Diff: 0.0]
   [Code Root Fixup: 0.0 ms]
   [Code Root Purge: 0.0 ms]
   [Clear CT: 0.1 ms]
   [Other: 0.4 ms]
      [Choose CSet: 0.0 ms]
      [Ref Proc: 0.1 ms]
      [Ref Enq: 0.0 ms]
      [Redirty Cards: 0.0 ms]
      [Humongous Register: 0.0 ms]
      [Humongous Reclaim: 0.0 ms]
      [Free CSet: 0.2 ms]
   [Eden: 261.0M(261.0M)->0.0B(271.0M) Survivors: 22528.0K->12288.0K Heap: 371.6M(472.0M)->100.6M(472.0M)]
 [Times: user=0.03 sys=0.00, real=0.02 secs] 
2024-07-06T11:25:35.863+0800: 90.029: [GC pause (G1 Evacuation Pause) (young), 0.0355977 secs]
   [Parallel Time: 35.0 ms, GC Workers: 2]
      [GC Worker Start (ms): Min: 90029.4, Avg: 90029.4, Max: 90029.4, Diff: 0.0]
      [Ext Root Scanning (ms): Min: 0.5, Avg: 0.5, Max: 0.5, Diff: 0.0, Sum: 1.0]
      [Update RS (ms): Min: 0.0, Avg: 0.0, Max: 0.0, Diff: 0.0, Sum: 0.1]
         [Processed Buffers: Min: 2, Avg: 3.5, Max: 5, Diff: 3, Sum: 7]
      [Scan RS (ms): Min: 0.1, Avg: 0.1, Max: 0.1, Diff: 0.0, Sum: 0.2]
      [Code Root Scanning (ms): Min: 0.0, Avg: 0.0, Max: 0.0, Diff: 0.0, Sum: 0.0]
      [Object Copy (ms): Min: 34.2, Avg: 34.3, Max: 34.3, Diff: 0.0, Sum: 68.5]
      [Termination (ms): Min: 0.0, Avg: 0.0, Max: 0.0, Diff: 0.0, Sum: 0.0]
         [Termination Attempts: Min: 1, Avg: 1.0, Max: 1, Diff: 0, Sum: 2]
      [GC Worker Other (ms): Min: 0.0, Avg: 0.0, Max: 0.0, Diff: 0.0, Sum: 0.0]
      [GC Worker Total (ms): Min: 34.9, Avg: 34.9, Max: 34.9, Diff: 0.0, Sum: 69.8]
      [GC Worker End (ms): Min: 90064.3, Avg: 90064.3, Max: 90064.3, Diff: 0.0]
   [Code Root Fixup: 0.0 ms]
   [Code Root Purge: 0.0 ms]
   [Clear CT: 0.1 ms]
   [Other: 0.5 ms]
      [Choose CSet: 0.0 ms]
      [Ref Proc: 0.1 ms]
      [Ref Enq: 0.0 ms]
      [Redirty Cards: 0.1 ms]
      [Humongous Register: 0.0 ms]
      [Humongous Reclaim: 0.0 ms]
      [Free CSet: 0.1 ms]
   [Eden: 271.0M(271.0M)->0.0B(255.0M) Survivors: 12288.0K->28672.0K Heap: 371.6M(472.0M)->117.1M(472.0M)]
 [Times: user=0.07 sys=0.00, real=0.04 secs] 
2024-07-06T11:25:36.394+0800: 90.561: [GC pause (G1 Evacuation Pause) (young), 0.0272280 secs]
   [Parallel Time: 26.7 ms, GC Workers: 2]
      [GC Worker Start (ms): Min: 90560.8, Avg: 90560.8, Max: 90560.8, Diff: 0.0]
      [Ext Root Scanning (ms): Min: 0.4, Avg: 0.5, Max: 0.5, Diff: 0.0, Sum: 0.9]
      [Update RS (ms): Min: 0.0, Avg: 0.0, Max: 0.1, Diff: 0.0, Sum: 0.1]
         [Processed Buffers: Min: 3, Avg: 3.5, Max: 4, Diff: 1, Sum: 7]
      [Scan RS (ms): Min: 0.1, Avg: 0.1, Max: 0.1, Diff: 0.0, Sum: 0.2]
      [Code Root Scanning (ms): Min: 0.0, Avg: 0.0, Max: 0.0, Diff: 0.0, Sum: 0.0]
      [Object Copy (ms): Min: 26.1, Avg: 26.1, Max: 26.1, Diff: 0.0, Sum: 52.1]
      [Termination (ms): Min: 0.0, Avg: 0.0, Max: 0.0, Diff: 0.0, Sum: 0.0]
         [Termination Attempts: Min: 1, Avg: 1.0, Max: 1, Diff: 0, Sum: 2]
      [GC Worker Other (ms): Min: 0.0, Avg: 0.0, Max: 0.0, Diff: 0.0, Sum: 0.0]
      [GC Worker Total (ms): Min: 26.7, Avg: 26.7, Max: 26.7, Diff: 0.0, Sum: 53.3]
      [GC Worker End (ms): Min: 90587.4, Avg: 90587.4, Max: 90587.4, Diff: 0.0]
   [Code Root Fixup: 0.0 ms]
   [Code Root Purge: 0.0 ms]
   [Clear CT: 0.1 ms]
   [Other: 0.4 ms]
      [Choose CSet: 0.0 ms]
      [Ref Proc: 0.1 ms]
      [Ref Enq: 0.0 ms]
      [Redirty Cards: 0.0 ms]
      [Humongous Register: 0.0 ms]
      [Humongous Reclaim: 0.0 ms]
      [Free CSet: 0.1 ms]
   [Eden: 255.0M(255.0M)->0.0B(260.0M) Survivors: 28672.0K->23552.0K Heap: 372.1M(472.0M)->111.6M(472.0M)]
 [Times: user=0.05 sys=0.00, real=0.03 secs] 
2024-07-06T11:25:36.893+0800: 91.059: [GC pause (G1 Evacuation Pause) (young), 0.0285611 secs]
   [Parallel Time: 28.0 ms, GC Workers: 2]
      [GC Worker Start (ms): Min: 91059.1, Avg: 91059.1, Max: 91059.1, Diff: 0.0]
      [Ext Root Scanning (ms): Min: 0.5, Avg: 0.5, Max: 0.5, Diff: 0.0, Sum: 1.0]
      [Update RS (ms): Min: 0.0, Avg: 0.0, Max: 0.0, Diff: 0.0, Sum: 0.1]
         [Processed Buffers: Min: 3, Avg: 3.5, Max: 4, Diff: 1, Sum: 7]
      [Scan RS (ms): Min: 0.1, Avg: 0.1, Max: 0.1, Diff: 0.0, Sum: 0.2]
      [Code Root Scanning (ms): Min: 0.0, Avg: 0.0, Max: 0.0, Diff: 0.0, Sum: 0.0]
      [Object Copy (ms): Min: 27.3, Avg: 27.3, Max: 27.3, Diff: 0.0, Sum: 54.6]
      [Termination (ms): Min: 0.0, Avg: 0.0, Max: 0.0, Diff: 0.0, Sum: 0.0]
         [Termination Attempts: Min: 1, Avg: 1.0, Max: 1, Diff: 0, Sum: 2]
      [GC Worker Other (ms): Min: 0.0, Avg: 0.0, Max: 0.0, Diff: 0.0, Sum: 0.0]
      [GC Worker Total (ms): Min: 27.9, Avg: 27.9, Max: 27.9, Diff: 0.0, Sum: 55.8]
      [GC Worker End (ms): Min: 91087.0, Avg: 91087.0, Max: 91087.0, Diff: 0.0]
   [Code Root Fixup: 0.0 ms]
   [Code Root Purge: 0.0 ms]
   [Clear CT: 0.1 ms]
   [Other: 0.5 ms]
      [Choose CSet: 0.0 ms]
      [Ref Proc: 0.2 ms]
      [Ref Enq: 0.0 ms]
      [Redirty Cards: 0.1 ms]
      [Humongous Register: 0.0 ms]
      [Humongous Reclaim: 0.0 ms]
      [Free CSet: 0.1 ms]
   [Eden: 260.0M(260.0M)->0.0B(256.0M) Survivors: 23552.0K->27648.0K Heap: 371.6M(472.0M)->115.6M(472.0M)]
 [Times: user=0.05 sys=0.00, real=0.03 secs] 
2024-07-06T11:25:37.434+0800: 91.600: [GC pause (G1 Evacuation Pause) (young), 0.0370265 secs]
   [Parallel Time: 36.5 ms, GC Workers: 2]
      [GC Worker Start (ms): Min: 91600.0, Avg: 91600.0, Max: 91600.0, Diff: 0.0]
      [Ext Root Scanning (ms): Min: 0.4, Avg: 0.5, Max: 0.5, Diff: 0.0, Sum: 0.9]
      [Update RS (ms): Min: 0.0, Avg: 0.0, Max: 0.0, Diff: 0.0, Sum: 0.1]
         [Processed Buffers: Min: 2, Avg: 3.0, Max: 4, Diff: 2, Sum: 6]
      [Scan RS (ms): Min: 0.1, Avg: 0.1, Max: 0.1, Diff: 0.0, Sum: 0.2]
      [Code Root Scanning (ms): Min: 0.0, Avg: 0.0, Max: 0.0, Diff: 0.0, Sum: 0.0]
      [Object Copy (ms): Min: 35.9, Avg: 35.9, Max: 35.9, Diff: 0.0, Sum: 71.8]
      [Termination (ms): Min: 0.0, Avg: 0.0, Max: 0.0, Diff: 0.0, Sum: 0.0]
         [Termination Attempts: Min: 9, Avg: 9.0, Max: 9, Diff: 0, Sum: 18]
      [GC Worker Other (ms): Min: 0.0, Avg: 0.0, Max: 0.0, Diff: 0.0, Sum: 0.0]
      [GC Worker Total (ms): Min: 36.5, Avg: 36.5, Max: 36.5, Diff: 0.0, Sum: 73.0]
      [GC Worker End (ms): Min: 91636.5, Avg: 91636.5, Max: 91636.5, Diff: 0.0]
   [Code Root Fixup: 0.0 ms]
   [Code Root Purge: 0.0 ms]
   [Clear CT: 0.1 ms]
   [Other: 0.4 ms]
      [Choose CSet: 0.0 ms]
      [Ref Proc: 0.1 ms]
      [Ref Enq: 0.0 ms]
      [Redirty Cards: 0.0 ms]
      [Humongous Register: 0.0 ms]
      [Humongous Reclaim: 0.0 ms]
      [Free CSet: 0.1 ms]
   [Eden: 256.0M(256.0M)->0.0B(251.0M) Survivors: 27648.0K->32768.0K Heap: 371.6M(472.0M)->121.1M(472.0M)]
 [Times: user=0.07 sys=0.00, real=0.04 secs] 
2024-07-06T11:25:37.943+0800: 92.109: [GC pause (G1 Evacuation Pause) (young), 0.0339459 secs]
   [Parallel Time: 33.3 ms, GC Workers: 2]
      [GC Worker Start (ms): Min: 92109.5, Avg: 92109.5, Max: 92109.5, Diff: 0.0]
      [Ext Root Scanning (ms): Min: 0.5, Avg: 0.5, Max: 0.5, Diff: 0.0, Sum: 1.0]
      [Update RS (ms): Min: 0.0, Avg: 0.0, Max: 0.0, Diff: 0.0, Sum: 0.1]
         [Processed Buffers: Min: 3, Avg: 3.0, Max: 3, Diff: 0, Sum: 6]
      [Scan RS (ms): Min: 0.1, Avg: 0.1, Max: 0.1, Diff: 0.0, Sum: 0.2]
      [Code Root Scanning (ms): Min: 0.0, Avg: 0.0, Max: 0.0, Diff: 0.0, Sum: 0.0]
      [Object Copy (ms): Min: 32.7, Avg: 32.7, Max: 32.7, Diff: 0.0, Sum: 65.3]
      [Termination (ms): Min: 0.0, Avg: 0.0, Max: 0.0, Diff: 0.0, Sum: 0.0]
         [Termination Attempts: Min: 1, Avg: 1.0, Max: 1, Diff: 0, Sum: 2]
      [GC Worker Other (ms): Min: 0.0, Avg: 0.0, Max: 0.0, Diff: 0.0, Sum: 0.0]
      [GC Worker Total (ms): Min: 33.3, Avg: 33.3, Max: 33.3, Diff: 0.0, Sum: 66.5]
      [GC Worker End (ms): Min: 92142.8, Avg: 92142.8, Max: 92142.8, Diff: 0.0]
   [Code Root Fixup: 0.0 ms]
   [Code Root Purge: 0.0 ms]
   [Clear CT: 0.1 ms]
   [Other: 0.5 ms]
      [Choose CSet: 0.0 ms]
      [Ref Proc: 0.2 ms]
      [Ref Enq: 0.0 ms]
      [Redirty Cards: 0.1 ms]
      [Humongous Register: 0.0 ms]
      [Humongous Reclaim: 0.0 ms]
      [Free CSet: 0.2 ms]
   [Eden: 251.0M(251.0M)->0.0B(254.0M) Survivors: 32768.0K->29696.0K Heap: 372.1M(472.0M)->118.1M(472.0M)]
 [Times: user=0.07 sys=0.00, real=0.04 secs] 
2024-07-06T11:25:38.506+0800: 92.672: [GC pause (G1 Evacuation Pause) (young), 0.0397110 secs]
   [Parallel Time: 39.1 ms, GC Workers: 2]
      [GC Worker Start (ms): Min: 92672.0, Avg: 92672.8, Max: 92673.6, Diff: 1.6]
      [Ext Root Scanning (ms): Min: 0.0, Avg: 0.4, Max: 0.8, Diff: 0.8, Sum: 0.8]
      [Update RS (ms): Min: 0.0, Avg: 0.0, Max: 0.1, Diff: 0.1, Sum: 0.1]
         [Processed Buffers: Min: 0, Avg: 3.0, Max: 6, Diff: 6, Sum: 6]
      [Scan RS (ms): Min: 0.0, Avg: 0.1, Max: 0.1, Diff: 0.1, Sum: 0.1]
      [Code Root Scanning (ms): Min: 0.0, Avg: 0.0, Max: 0.0, Diff: 0.0, Sum: 0.0]
      [Object Copy (ms): Min: 37.4, Avg: 37.7, Max: 38.0, Diff: 0.6, Sum: 75.4]
      [Termination (ms): Min: 0.0, Avg: 0.0, Max: 0.0, Diff: 0.0, Sum: 0.0]
         [Termination Attempts: Min: 1, Avg: 1.0, Max: 1, Diff: 0, Sum: 2]
      [GC Worker Other (ms): Min: 0.0, Avg: 0.0, Max: 0.0, Diff: 0.0, Sum: 0.0]
      [GC Worker Total (ms): Min: 37.4, Avg: 38.2, Max: 39.0, Diff: 1.6, Sum: 76.4]
      [GC Worker End (ms): Min: 92711.0, Avg: 92711.0, Max: 92711.0, Diff: 0.0]
   [Code Root Fixup: 0.0 ms]
   [Code Root Purge: 0.0 ms]
   [Clear CT: 0.2 ms]
   [Other: 0.5 ms]
      [Choose CSet: 0.0 ms]
      [Ref Proc: 0.1 ms]
      [Ref Enq: 0.0 ms]
      [Redirty Cards: 0.0 ms]
      [Humongous Register: 0.0 ms]
      [Humongous Reclaim: 0.0 ms]
      [Free CSet: 0.2 ms]
   [Eden: 254.0M(254.0M)->0.0B(257.0M) Survivors: 29696.0K->26624.0K Heap: 372.1M(472.0M)->114.6M(472.0M)]
 [Times: user=0.07 sys=0.00, real=0.04 secs] 
2024-07-06T11:25:39.228+0800: 93.394: [GC pause (G1 Evacuation Pause) (young), 0.0311734 secs]
   [Parallel Time: 30.6 ms, GC Workers: 2]
      [GC Worker Start (ms): Min: 93394.5, Avg: 93394.5, Max: 93394.5, Diff: 0.0]
      [Ext Root Scanning (ms): Min: 0.5, Avg: 0.5, Max: 0.6, Diff: 0.0, Sum: 1.1]
      [Update RS (ms): Min: 0.0, Avg: 0.0, Max: 0.1, Diff: 0.0, Sum: 0.1]
         [Processed Buffers: Min: 1, Avg: 2.5, Max: 4, Diff: 3, Sum: 5]
      [Scan RS (ms): Min: 0.1, Avg: 0.1, Max: 0.1, Diff: 0.0, Sum: 0.2]
      [Code Root Scanning (ms): Min: 0.0, Avg: 0.0, Max: 0.0, Diff: 0.0, Sum: 0.0]
      [Object Copy (ms): Min: 29.9, Avg: 29.9, Max: 29.9, Diff: 0.1, Sum: 59.8]
      [Termination (ms): Min: 0.0, Avg: 0.0, Max: 0.0, Diff: 0.0, Sum: 0.0]
         [Termination Attempts: Min: 2, Avg: 9.0, Max: 16, Diff: 14, Sum: 18]
      [GC Worker Other (ms): Min: 0.0, Avg: 0.0, Max: 0.0, Diff: 0.0, Sum: 0.0]
      [GC Worker Total (ms): Min: 30.6, Avg: 30.6, Max: 30.6, Diff: 0.0, Sum: 61.2]
      [GC Worker End (ms): Min: 93425.1, Avg: 93425.1, Max: 93425.1, Diff: 0.0]
   [Code Root Fixup: 0.0 ms]
   [Code Root Purge: 0.0 ms]
   [Clear CT: 0.1 ms]
   [Other: 0.4 ms]
      [Choose CSet: 0.0 ms]
      [Ref Proc: 0.1 ms]
      [Ref Enq: 0.0 ms]
      [Redirty Cards: 0.0 ms]
      [Humongous Register: 0.0 ms]
      [Humongous Reclaim: 0.0 ms]
      [Free CSet: 0.2 ms]
   [Eden: 257.0M(257.0M)->0.0B(261.0M) Survivors: 26624.0K->22528.0K Heap: 371.6M(472.0M)->111.1M(472.0M)]
 [Times: user=0.06 sys=0.00, real=0.03 secs] 
2024-07-06T11:25:39.828+0800: 93.994: [GC pause (G1 Evacuation Pause) (young), 0.0193925 secs]
   [Parallel Time: 18.9 ms, GC Workers: 2]
      [GC Worker Start (ms): Min: 93994.0, Avg: 93994.0, Max: 93994.0, Diff: 0.0]
      [Ext Root Scanning (ms): Min: 0.4, Avg: 0.4, Max: 0.4, Diff: 0.0, Sum: 0.9]
      [Update RS (ms): Min: 0.0, Avg: 0.0, Max: 0.0, Diff: 0.0, Sum: 0.1]
         [Processed Buffers: Min: 1, Avg: 3.0, Max: 5, Diff: 4, Sum: 6]
      [Scan RS (ms): Min: 0.1, Avg: 0.1, Max: 0.1, Diff: 0.0, Sum: 0.2]
      [Code Root Scanning (ms): Min: 0.0, Avg: 0.0, Max: 0.0, Diff: 0.0, Sum: 0.0]
      [Object Copy (ms): Min: 18.3, Avg: 18.3, Max: 18.3, Diff: 0.0, Sum: 36.6]
      [Termination (ms): Min: 0.0, Avg: 0.0, Max: 0.0, Diff: 0.0, Sum: 0.0]
         [Termination Attempts: Min: 1, Avg: 1.5, Max: 2, Diff: 1, Sum: 3]
      [GC Worker Other (ms): Min: 0.0, Avg: 0.0, Max: 0.0, Diff: 0.0, Sum: 0.0]
      [GC Worker Total (ms): Min: 18.8, Avg: 18.9, Max: 18.9, Diff: 0.0, Sum: 37.7]
      [GC Worker End (ms): Min: 94012.9, Avg: 94012.9, Max: 94012.9, Diff: 0.0]
   [Code Root Fixup: 0.0 ms]
   [Code Root Purge: 0.0 ms]
   [Clear CT: 0.1 ms]
   [Other: 0.4 ms]
      [Choose CSet: 0.0 ms]
      [Ref Proc: 0.1 ms]
      [Ref Enq: 0.0 ms]
      [Redirty Cards: 0.0 ms]
      [Humongous Register: 0.0 ms]
      [Humongous Reclaim: 0.0 ms]
      [Free CSet: 0.1 ms]
   [Eden: 261.0M(261.0M)->0.0B(267.0M) Survivors: 22528.0K->16384.0K Heap: 372.1M(472.0M)->104.6M(472.0M)]
 [Times: user=0.04 sys=0.00, real=0.02 secs] 
2024-07-06T11:25:40.342+0800: 94.508: [GC pause (G1 Evacuation Pause) (young), 0.0418216 secs]
   [Parallel Time: 41.2 ms, GC Workers: 2]
      [GC Worker Start (ms): Min: 94507.9, Avg: 94508.0, Max: 94508.1, Diff: 0.2]
      [Ext Root Scanning (ms): Min: 0.4, Avg: 0.7, Max: 1.0, Diff: 0.5, Sum: 1.4]
      [Update RS (ms): Min: 0.0, Avg: 0.0, Max: 0.1, Diff: 0.1, Sum: 0.1]
         [Processed Buffers: Min: 0, Avg: 3.5, Max: 7, Diff: 7, Sum: 7]
      [Scan RS (ms): Min: 0.0, Avg: 0.1, Max: 0.1, Diff: 0.1, Sum: 0.1]
      [Code Root Scanning (ms): Min: 0.0, Avg: 0.0, Max: 0.0, Diff: 0.0, Sum: 0.0]
      [Object Copy (ms): Min: 40.1, Avg: 40.2, Max: 40.3, Diff: 0.3, Sum: 80.4]
      [Termination (ms): Min: 0.0, Avg: 0.0, Max: 0.1, Diff: 0.1, Sum: 0.1]
         [Termination Attempts: Min: 1, Avg: 1.0, Max: 1, Diff: 0, Sum: 2]
      [GC Worker Other (ms): Min: 0.0, Avg: 0.0, Max: 0.0, Diff: 0.0, Sum: 0.0]
      [GC Worker Total (ms): Min: 41.0, Avg: 41.1, Max: 41.2, Diff: 0.2, Sum: 82.2]
      [GC Worker End (ms): Min: 94549.1, Avg: 94549.1, Max: 94549.1, Diff: 0.0]
   [Code Root Fixup: 0.0 ms]
   [Code Root Purge: 0.0 ms]
   [Clear CT: 0.2 ms]
   [Other: 0.4 ms]
      [Choose CSet: 0.0 ms]
      [Ref Proc: 0.1 ms]
      [Ref Enq: 0.0 ms]
      [Redirty Cards: 0.0 ms]
      [Humongous Register: 0.0 ms]
      [Humongous Reclaim: 0.0 ms]
      [Free CSet: 0.2 ms]
   [Eden: 267.0M(267.0M)->0.0B(264.0M) Survivors: 16384.0K->19456.0K Heap: 371.6M(472.0M)->108.1M(472.0M)]
 [Times: user=0.08 sys=0.00, real=0.04 secs] 
2024-07-06T11:25:40.891+0800: 95.057: [GC pause (G1 Evacuation Pause) (young), 0.0245953 secs]
   [Parallel Time: 24.1 ms, GC Workers: 2]
      [GC Worker Start (ms): Min: 95057.5, Avg: 95057.6, Max: 95057.6, Diff: 0.1]
      [Ext Root Scanning (ms): Min: 0.5, Avg: 0.5, Max: 0.6, Diff: 0.1, Sum: 1.0]
      [Update RS (ms): Min: 0.0, Avg: 0.0, Max: 0.1, Diff: 0.0, Sum: 0.1]
         [Processed Buffers: Min: 2, Avg: 3.0, Max: 4, Diff: 2, Sum: 6]
      [Scan RS (ms): Min: 0.1, Avg: 0.1, Max: 0.1, Diff: 0.0, Sum: 0.2]
      [Code Root Scanning (ms): Min: 0.0, Avg: 0.0, Max: 0.0, Diff: 0.0, Sum: 0.0]
      [Object Copy (ms): Min: 23.3, Avg: 23.3, Max: 23.3, Diff: 0.1, Sum: 46.6]
      [Termination (ms): Min: 0.0, Avg: 0.0, Max: 0.0, Diff: 0.0, Sum: 0.0]
         [Termination Attempts: Min: 21, Avg: 23.0, Max: 25, Diff: 4, Sum: 46]
      [GC Worker Other (ms): Min: 0.0, Avg: 0.0, Max: 0.0, Diff: 0.0, Sum: 0.0]
      [GC Worker Total (ms): Min: 24.0, Avg: 24.0, Max: 24.1, Diff: 0.1, Sum: 48.0]
      [GC Worker End (ms): Min: 95081.6, Avg: 95081.6, Max: 95081.6, Diff: 0.0]
   [Code Root Fixup: 0.0 ms]
   [Code Root Purge: 0.0 ms]
   [Clear CT: 0.1 ms]
   [Other: 0.4 ms]
      [Choose CSet: 0.0 ms]
      [Ref Proc: 0.1 ms]
      [Ref Enq: 0.0 ms]
      [Redirty Cards: 0.0 ms]
      [Humongous Register: 0.0 ms]
      [Humongous Reclaim: 0.0 ms]
      [Free CSet: 0.2 ms]
   [Eden: 264.0M(264.0M)->0.0B(259.0M) Survivors: 19456.0K->24576.0K Heap: 372.1M(472.0M)->112.6M(472.0M)]
 [Times: user=0.04 sys=0.00, real=0.03 secs] 
2024-07-06T11:25:41.382+0800: 95.548: [GC pause (G1 Evacuation Pause) (young), 0.0410077 secs]
   [Parallel Time: 40.5 ms, GC Workers: 2]
      [GC Worker Start (ms): Min: 95548.0, Avg: 95548.0, Max: 95548.0, Diff: 0.0]
      [Ext Root Scanning (ms): Min: 0.5, Avg: 0.5, Max: 0.5, Diff: 0.0, Sum: 1.1]
      [Update RS (ms): Min: 0.0, Avg: 0.0, Max: 0.1, Diff: 0.0, Sum: 0.1]
         [Processed Buffers: Min: 1, Avg: 2.5, Max: 4, Diff: 3, Sum: 5]
      [Scan RS (ms): Min: 0.1, Avg: 0.1, Max: 0.1, Diff: 0.0, Sum: 0.2]
      [Code Root Scanning (ms): Min: 0.0, Avg: 0.0, Max: 0.0, Diff: 0.0, Sum: 0.0]
      [Object Copy (ms): Min: 39.8, Avg: 39.8, Max: 39.8, Diff: 0.0, Sum: 79.6]
      [Termination (ms): Min: 0.0, Avg: 0.0, Max: 0.0, Diff: 0.0, Sum: 0.0]
         [Termination Attempts: Min: 1, Avg: 1.0, Max: 1, Diff: 0, Sum: 2]
      [GC Worker Other (ms): Min: 0.0, Avg: 0.0, Max: 0.0, Diff: 0.0, Sum: 0.0]
      [GC Worker Total (ms): Min: 40.5, Avg: 40.5, Max: 40.5, Diff: 0.0, Sum: 80.9]
      [GC Worker End (ms): Min: 95588.5, Avg: 95588.5, Max: 95588.5, Diff: 0.0]
   [Code Root Fixup: 0.0 ms]
   [Code Root Purge: 0.0 ms]
   [Clear CT: 0.1 ms]
   [Other: 0.4 ms]
      [Choose CSet: 0.0 ms]
      [Ref Proc: 0.1 ms]
      [Ref Enq: 0.0 ms]
      [Redirty Cards: 0.0 ms]
      [Humongous Register: 0.0 ms]
      [Humongous Reclaim: 0.0 ms]
      [Free CSet: 0.1 ms]
   [Eden: 259.0M(259.0M)->0.0B(249.0M) Survivors: 24576.0K->34816.0K Heap: 371.6M(472.0M)->122.6M(472.0M)]
 [Times: user=0.08 sys=0.00, real=0.04 secs] 
2024-07-06T11:25:41.899+0800: 96.065: [GC pause (G1 Evacuation Pause) (young), 0.0373519 secs]
   [Parallel Time: 36.9 ms, GC Workers: 2]
      [GC Worker Start (ms): Min: 96065.5, Avg: 96065.5, Max: 96065.5, Diff: 0.0]
      [Ext Root Scanning (ms): Min: 0.5, Avg: 0.5, Max: 0.5, Diff: 0.0, Sum: 1.1]
      [Update RS (ms): Min: 0.0, Avg: 0.0, Max: 0.0, Diff: 0.0, Sum: 0.1]
         [Processed Buffers: Min: 3, Avg: 3.5, Max: 4, Diff: 1, Sum: 7]
      [Scan RS (ms): Min: 0.1, Avg: 0.1, Max: 0.1, Diff: 0.0, Sum: 0.2]
      [Code Root Scanning (ms): Min: 0.0, Avg: 0.0, Max: 0.0, Diff: 0.0, Sum: 0.0]
      [Object Copy (ms): Min: 36.1, Avg: 36.1, Max: 36.2, Diff: 0.1, Sum: 72.3]
      [Termination (ms): Min: 0.0, Avg: 0.0, Max: 0.0, Diff: 0.0, Sum: 0.0]
         [Termination Attempts: Min: 17, Avg: 35.0, Max: 53, Diff: 36, Sum: 70]
      [GC Worker Other (ms): Min: 0.0, Avg: 0.0, Max: 0.0, Diff: 0.0, Sum: 0.0]
      [GC Worker Total (ms): Min: 36.8, Avg: 36.8, Max: 36.8, Diff: 0.0, Sum: 73.7]
      [GC Worker End (ms): Min: 96102.4, Avg: 96102.4, Max: 96102.4, Diff: 0.0]
   [Code Root Fixup: 0.0 ms]
   [Code Root Purge: 0.0 ms]
   [Clear CT: 0.1 ms]
   [Other: 0.4 ms]
      [Choose CSet: 0.0 ms]
      [Ref Proc: 0.1 ms]
      [Ref Enq: 0.0 ms]
      [Redirty Cards: 0.0 ms]
      [Humongous Register: 0.0 ms]
      [Humongous Reclaim: 0.0 ms]
      [Free CSet: 0.1 ms]
   [Eden: 249.0M(249.0M)->0.0B(252.0M) Survivors: 34816.0K->31744.0K Heap: 371.6M(472.0M)->119.6M(472.0M)]
 [Times: user=0.07 sys=0.00, real=0.04 secs] 
2024-07-06T11:25:42.483+0800: 96.649: [GC pause (G1 Evacuation Pause) (young), 0.0377457 secs]
   [Parallel Time: 37.2 ms, GC Workers: 2]
      [GC Worker Start (ms): Min: 96649.6, Avg: 96649.6, Max: 96649.6, Diff: 0.0]
      [Ext Root Scanning (ms): Min: 0.6, Avg: 0.6, Max: 0.6, Diff: 0.0, Sum: 1.1]
      [Update RS (ms): Min: 0.0, Avg: 0.0, Max: 0.0, Diff: 0.0, Sum: 0.1]
         [Processed Buffers: Min: 2, Avg: 3.0, Max: 4, Diff: 2, Sum: 6]
      [Scan RS (ms): Min: 0.1, Avg: 0.1, Max: 0.1, Diff: 0.0, Sum: 0.2]
      [Code Root Scanning (ms): Min: 0.0, Avg: 0.0, Max: 0.0, Diff: 0.0, Sum: 0.0]
      [Object Copy (ms): Min: 36.4, Avg: 36.4, Max: 36.4, Diff: 0.0, Sum: 72.8]
      [Termination (ms): Min: 0.0, Avg: 0.0, Max: 0.0, Diff: 0.0, Sum: 0.0]
         [Termination Attempts: Min: 1, Avg: 1.0, Max: 1, Diff: 0, Sum: 2]
      [GC Worker Other (ms): Min: 0.0, Avg: 0.0, Max: 0.0, Diff: 0.0, Sum: 0.0]
      [GC Worker Total (ms): Min: 37.1, Avg: 37.1, Max: 37.1, Diff: 0.0, Sum: 74.3]
      [GC Worker End (ms): Min: 96686.7, Avg: 96686.7, Max: 96686.7, Diff: 0.0]
   [Code Root Fixup: 0.0 ms]
   [Code Root Purge: 0.0 ms]
   [Clear CT: 0.1 ms]
   [Other: 0.4 ms]
      [Choose CSet: 0.0 ms]
      [Ref Proc: 0.1 ms]
      [Ref Enq: 0.0 ms]
      [Redirty Cards: 0.0 ms]
      [Humongous Register: 0.0 ms]
      [Humongous Reclaim: 0.0 ms]
      [Free CSet: 0.1 ms]
   [Eden: 252.0M(252.0M)->0.0B(254.0M) Survivors: 31744.0K->29696.0K Heap: 371.6M(472.0M)->117.6M(472.0M)]
 [Times: user=0.08 sys=0.00, real=0.04 secs] 
2024-07-06T11:25:43.063+0800: 97.229: [GC pause (G1 Evacuation Pause) (young), 0.0329143 secs]
   [Parallel Time: 32.3 ms, GC Workers: 2]
      [GC Worker Start (ms): Min: 97229.6, Avg: 97229.6, Max: 97229.6, Diff: 0.0]
      [Ext Root Scanning (ms): Min: 0.6, Avg: 0.6, Max: 0.6, Diff: 0.0, Sum: 1.1]
      [Update RS (ms): Min: 0.0, Avg: 0.0, Max: 0.0, Diff: 0.0, Sum: 0.1]
         [Processed Buffers: Min: 1, Avg: 2.5, Max: 4, Diff: 3, Sum: 5]
      [Scan RS (ms): Min: 0.1, Avg: 0.1, Max: 0.1, Diff: 0.0, Sum: 0.2]
      [Code Root Scanning (ms): Min: 0.0, Avg: 0.0, Max: 0.0, Diff: 0.0, Sum: 0.0]
      [Object Copy (ms): Min: 31.6, Avg: 31.6, Max: 31.6, Diff: 0.0, Sum: 63.1]
      [Termination (ms): Min: 0.0, Avg: 0.0, Max: 0.0, Diff: 0.0, Sum: 0.0]
         [Termination Attempts: Min: 1, Avg: 1.0, Max: 1, Diff: 0, Sum: 2]
      [GC Worker Other (ms): Min: 0.0, Avg: 0.0, Max: 0.0, Diff: 0.0, Sum: 0.0]
      [GC Worker Total (ms): Min: 32.3, Avg: 32.3, Max: 32.3, Diff: 0.0, Sum: 64.6]
      [GC Worker End (ms): Min: 97261.9, Avg: 97261.9, Max: 97261.9, Diff: 0.0]
   [Code Root Fixup: 0.0 ms]
   [Code Root Purge: 0.0 ms]
   [Clear CT: 0.1 ms]
   [Other: 0.5 ms]
      [Choose CSet: 0.0 ms]
      [Ref Proc: 0.1 ms]
      [Ref Enq: 0.0 ms]
      [Redirty Cards: 0.0 ms]
      [Humongous Register: 0.0 ms]
      [Humongous Reclaim: 0.0 ms]
      [Free CSet: 0.2 ms]
   [Eden: 254.0M(254.0M)->0.0B(258.0M) Survivors: 29696.0K->25600.0K Heap: 371.6M(472.0M)->113.6M(472.0M)]
 [Times: user=0.07 sys=0.00, real=0.04 secs] 
2024-07-06T11:25:43.656+0800: 97.822: [GC pause (G1 Evacuation Pause) (young), 0.0283600 secs]
   [Parallel Time: 27.8 ms, GC Workers: 2]
      [GC Worker Start (ms): Min: 97821.8, Avg: 97821.8, Max: 97821.8, Diff: 0.0]
      [Ext Root Scanning (ms): Min: 0.5, Avg: 0.5, Max: 0.5, Diff: 0.0, Sum: 1.1]
      [Update RS (ms): Min: 0.0, Avg: 0.0, Max: 0.0, Diff: 0.0, Sum: 0.1]
         [Processed Buffers: Min: 2, Avg: 2.5, Max: 3, Diff: 1, Sum: 5]
      [Scan RS (ms): Min: 0.1, Avg: 0.1, Max: 0.1, Diff: 0.0, Sum: 0.2]
      [Code Root Scanning (ms): Min: 0.0, Avg: 0.0, Max: 0.0, Diff: 0.0, Sum: 0.0]
      [Object Copy (ms): Min: 27.1, Avg: 27.1, Max: 27.1, Diff: 0.0, Sum: 54.2]
      [Termination (ms): Min: 0.0, Avg: 0.0, Max: 0.0, Diff: 0.0, Sum: 0.0]
         [Termination Attempts: Min: 1, Avg: 1.0, Max: 1, Diff: 0, Sum: 2]
      [GC Worker Other (ms): Min: 0.0, Avg: 0.0, Max: 0.0, Diff: 0.0, Sum: 0.0]
      [GC Worker Total (ms): Min: 27.7, Avg: 27.7, Max: 27.7, Diff: 0.0, Sum: 55.5]
      [GC Worker End (ms): Min: 97849.6, Avg: 97849.6, Max: 97849.6, Diff: 0.0]
   [Code Root Fixup: 0.0 ms]
   [Code Root Purge: 0.0 ms]
   [Clear CT: 0.1 ms]
   [Other: 0.5 ms]
      [Choose CSet: 0.0 ms]
      [Ref Proc: 0.1 ms]
      [Ref Enq: 0.0 ms]
      [Redirty Cards: 0.1 ms]
      [Humongous Register: 0.0 ms]
      [Humongous Reclaim: 0.0 ms]
      [Free CSet: 0.2 ms]
   [Eden: 258.0M(258.0M)->0.0B(260.0M) Survivors: 25600.0K->23552.0K Heap: 371.6M(472.0M)->111.6M(472.0M)]
 [Times: user=0.05 sys=0.00, real=0.02 secs] 
2024-07-06T11:25:44.203+0800: 98.369: [GC pause (G1 Evacuation Pause) (young), 0.0140310 secs]
   [Parallel Time: 13.6 ms, GC Workers: 2]
      [GC Worker Start (ms): Min: 98369.5, Avg: 98369.5, Max: 98369.5, Diff: 0.0]
      [Ext Root Scanning (ms): Min: 0.5, Avg: 0.5, Max: 0.5, Diff: 0.0, Sum: 1.0]
      [Update RS (ms): Min: 0.0, Avg: 0.0, Max: 0.0, Diff: 0.0, Sum: 0.0]
         [Processed Buffers: Min: 2, Avg: 2.5, Max: 3, Diff: 1, Sum: 5]
      [Scan RS (ms): Min: 0.1, Avg: 0.1, Max: 0.1, Diff: 0.0, Sum: 0.2]
      [Code Root Scanning (ms): Min: 0.0, Avg: 0.0, Max: 0.0, Diff: 0.0, Sum: 0.0]
      [Object Copy (ms): Min: 12.9, Avg: 12.9, Max: 12.9, Diff: 0.0, Sum: 25.8]
      [Termination (ms): Min: 0.0, Avg: 0.0, Max: 0.0, Diff: 0.0, Sum: 0.0]
         [Termination Attempts: Min: 1, Avg: 1.0, Max: 1, Diff: 0, Sum: 2]
      [GC Worker Other (ms): Min: 0.0, Avg: 0.0, Max: 0.0, Diff: 0.0, Sum: 0.0]
      [GC Worker Total (ms): Min: 13.5, Avg: 13.5, Max: 13.5, Diff: 0.0, Sum: 27.0]
      [GC Worker End (ms): Min: 98383.0, Avg: 98383.0, Max: 98383.0, Diff: 0.0]
   [Code Root Fixup: 0.0 ms]
   [Code Root Purge: 0.0 ms]
   [Clear CT: 0.1 ms]
   [Other: 0.4 ms]
      [Choose CSet: 0.0 ms]
      [Ref Proc: 0.1 ms]
      [Ref Enq: 0.0 ms]
      [Redirty Cards: 0.0 ms]
      [Humongous Register: 0.0 ms]
      [Humongous Reclaim: 0.0 ms]
      [Free CSet: 0.1 ms]
   [Eden: 260.0M(260.0M)->0.0B(270.0M) Survivors: 23552.0K->13312.0K Heap: 371.6M(472.0M)->101.6M(472.0M)]
 [Times: user=0.03 sys=0.00, real=0.02 secs] 
2024-07-06T11:25:44.639+0800: 98.805: [GC pause (G1 Evacuation Pause) (young), 0.0179543 secs]
   [Parallel Time: 17.5 ms, GC Workers: 2]
      [GC Worker Start (ms): Min: 98805.6, Avg: 98805.6, Max: 98805.6, Diff: 0.0]
      [Ext Root Scanning (ms): Min: 0.5, Avg: 0.5, Max: 0.5, Diff: 0.0, Sum: 1.0]
      [Update RS (ms): Min: 0.0, Avg: 0.0, Max: 0.0, Diff: 0.0, Sum: 0.1]
         [Processed Buffers: Min: 2, Avg: 2.5, Max: 3, Diff: 1, Sum: 5]
      [Scan RS (ms): Min: 0.1, Avg: 0.1, Max: 0.1, Diff: 0.0, Sum: 0.2]
      [Code Root Scanning (ms): Min: 0.0, Avg: 0.0, Max: 0.0, Diff: 0.0, Sum: 0.0]
      [Object Copy (ms): Min: 16.8, Avg: 16.8, Max: 16.8, Diff: 0.0, Sum: 33.6]
      [Termination (ms): Min: 0.0, Avg: 0.0, Max: 0.0, Diff: 0.0, Sum: 0.0]
         [Termination Attempts: Min: 2, Avg: 3.5, Max: 5, Diff: 3, Sum: 7]
      [GC Worker Other (ms): Min: 0.0, Avg: 0.0, Max: 0.0, Diff: 0.0, Sum: 0.0]
      [GC Worker Total (ms): Min: 17.4, Avg: 17.4, Max: 17.4, Diff: 0.0, Sum: 34.9]
      [GC Worker End (ms): Min: 98823.0, Avg: 98823.0, Max: 98823.0, Diff: 0.0]
   [Code Root Fixup: 0.0 ms]
   [Code Root Purge: 0.0 ms]
   [Clear CT: 0.1 ms]
   [Other: 0.4 ms]
      [Choose CSet: 0.0 ms]
      [Ref Proc: 0.1 ms]
      [Ref Enq: 0.0 ms]
      [Redirty Cards: 0.0 ms]
      [Humongous Register: 0.0 ms]
      [Humongous Reclaim: 0.0 ms]
      [Free CSet: 0.1 ms]
   [Eden: 270.0M(270.0M)->0.0B(265.0M) Survivors: 13312.0K->18432.0K Heap: 371.6M(472.0M)->106.6M(472.0M)]
 [Times: user=0.03 sys=0.00, real=0.02 secs] 
2024-07-06T11:25:45.135+0800: 99.301: [GC pause (G1 Evacuation Pause) (young), 0.0234685 secs]
   [Parallel Time: 22.9 ms, GC Workers: 2]
      [GC Worker Start (ms): Min: 99301.5, Avg: 99301.5, Max: 99301.6, Diff: 0.0]
      [Ext Root Scanning (ms): Min: 0.5, Avg: 0.5, Max: 0.5, Diff: 0.0, Sum: 1.1]
      [Update RS (ms): Min: 0.0, Avg: 0.0, Max: 0.1, Diff: 0.1, Sum: 0.1]
         [Processed Buffers: Min: 0, Avg: 3.0, Max: 6, Diff: 6, Sum: 6]
      [Scan RS (ms): Min: 0.1, Avg: 0.1, Max: 0.1, Diff: 0.0, Sum: 0.2]
      [Code Root Scanning (ms): Min: 0.0, Avg: 0.0, Max: 0.0, Diff: 0.0, Sum: 0.0]
      [Object Copy (ms): Min: 22.2, Avg: 22.2, Max: 22.3, Diff: 0.1, Sum: 44.4]
      [Termination (ms): Min: 0.0, Avg: 0.0, Max: 0.0, Diff: 0.0, Sum: 0.0]
         [Termination Attempts: Min: 1, Avg: 1.0, Max: 1, Diff: 0, Sum: 2]
      [GC Worker Other (ms): Min: 0.0, Avg: 0.0, Max: 0.0, Diff: 0.0, Sum: 0.0]
      [GC Worker Total (ms): Min: 22.9, Avg: 22.9, Max: 22.9, Diff: 0.0, Sum: 45.8]
      [GC Worker End (ms): Min: 99324.4, Avg: 99324.4, Max: 99324.4, Diff: 0.0]
   [Code Root Fixup: 0.0 ms]
   [Code Root Purge: 0.0 ms]
   [Clear CT: 0.1 ms]
   [Other: 0.4 ms]
      [Choose CSet: 0.0 ms]
      [Ref Proc: 0.1 ms]
      [Ref Enq: 0.0 ms]
      [Redirty Cards: 0.0 ms]
      [Humongous Register: 0.0 ms]
      [Humongous Reclaim: 0.0 ms]
      [Free CSet: 0.1 ms]
   [Eden: 265.0M(265.0M)->0.0B(262.0M) Survivors: 18432.0K->21504.0K Heap: 371.6M(472.0M)->110.1M(472.0M)]
 [Times: user=0.05 sys=0.00, real=0.02 secs] 
2024-07-06T11:25:45.591+0800: 99.758: [GC pause (G1 Evacuation Pause) (young), 0.0288864 secs]
   [Parallel Time: 28.4 ms, GC Workers: 2]
      [GC Worker Start (ms): Min: 99757.6, Avg: 99757.6, Max: 99757.6, Diff: 0.0]
      [Ext Root Scanning (ms): Min: 0.6, Avg: 0.6, Max: 0.6, Diff: 0.0, Sum: 1.1]
      [Update RS (ms): Min: 0.0, Avg: 0.0, Max: 0.0, Diff: 0.0, Sum: 0.1]
         [Processed Buffers: Min: 1, Avg: 2.5, Max: 4, Diff: 3, Sum: 5]
      [Scan RS (ms): Min: 0.1, Avg: 0.1, Max: 0.1, Diff: 0.0, Sum: 0.1]
      [Code Root Scanning (ms): Min: 0.0, Avg: 0.0, Max: 0.0, Diff: 0.0, Sum: 0.0]
      [Object Copy (ms): Min: 27.6, Avg: 27.6, Max: 27.6, Diff: 0.0, Sum: 55.3]
      [Termination (ms): Min: 0.0, Avg: 0.0, Max: 0.0, Diff: 0.0, Sum: 0.0]
         [Termination Attempts: Min: 1, Avg: 1.5, Max: 2, Diff: 1, Sum: 3]
      [GC Worker Other (ms): Min: 0.0, Avg: 0.0, Max: 0.0, Diff: 0.0, Sum: 0.0]
      [GC Worker Total (ms): Min: 28.3, Avg: 28.3, Max: 28.3, Diff: 0.0, Sum: 56.7]
      [GC Worker End (ms): Min: 99785.9, Avg: 99785.9, Max: 99785.9, Diff: 0.0]
   [Code Root Fixup: 0.0 ms]
   [Code Root Purge: 0.0 ms]
   [Clear CT: 0.1 ms]
   [Other: 0.4 ms]
      [Choose CSet: 0.0 ms]
      [Ref Proc: 0.1 ms]
      [Ref Enq: 0.0 ms]
      [Redirty Cards: 0.0 ms]
      [Humongous Register: 0.0 ms]
      [Humongous Reclaim: 0.0 ms]
      [Free CSet: 0.1 ms]
   [Eden: 262.0M(262.0M)->0.0B(257.0M) Survivors: 21504.0K->26624.0K Heap: 372.1M(472.0M)->115.1M(472.0M)]
 [Times: user=0.06 sys=0.00, real=0.03 secs] 
2024-07-06T11:25:46.103+0800: 100.270: [GC pause (G1 Evacuation Pause) (young), 0.0364651 secs]
   [Parallel Time: 35.8 ms, GC Workers: 2]
      [GC Worker Start (ms): Min: 100269.6, Avg: 100269.6, Max: 100269.6, Diff: 0.0]
      [Ext Root Scanning (ms): Min: 0.5, Avg: 0.5, Max: 0.5, Diff: 0.0, Sum: 1.0]
      [Update RS (ms): Min: 0.0, Avg: 0.0, Max: 0.0, Diff: 0.0, Sum: 0.1]
         [Processed Buffers: Min: 1, Avg: 2.5, Max: 4, Diff: 3, Sum: 5]
      [Scan RS (ms): Min: 0.1, Avg: 0.1, Max: 0.1, Diff: 0.0, Sum: 0.2]
      [Code Root Scanning (ms): Min: 0.0, Avg: 0.0, Max: 0.0, Diff: 0.0, Sum: 0.0]
      [Object Copy (ms): Min: 35.1, Avg: 35.1, Max: 35.1, Diff: 0.1, Sum: 70.2]
      [Termination (ms): Min: 0.0, Avg: 0.0, Max: 0.0, Diff: 0.0, Sum: 0.0]
         [Termination Attempts: Min: 1, Avg: 1.0, Max: 1, Diff: 0, Sum: 2]
      [GC Worker Other (ms): Min: 0.0, Avg: 0.0, Max: 0.0, Diff: 0.0, Sum: 0.0]
      [GC Worker Total (ms): Min: 35.8, Avg: 35.8, Max: 35.8, Diff: 0.0, Sum: 71.5]
      [GC Worker End (ms): Min: 100305.4, Avg: 100305.4, Max: 100305.4, Diff: 0.0]
   [Code Root Fixup: 0.0 ms]
   [Code Root Purge: 0.0 ms]
   [Clear CT: 0.1 ms]
   [Other: 0.5 ms]
      [Choose CSet: 0.0 ms]
      [Ref Proc: 0.1 ms]
      [Ref Enq: 0.0 ms]
      [Redirty Cards: 0.0 ms]
      [Humongous Register: 0.1 ms]
      [Humongous Reclaim: 0.0 ms]
      [Free CSet: 0.2 ms]
   [Eden: 257.0M(257.0M)->0.0B(253.0M) Survivors: 26624.0K->30720.0K Heap: 372.1M(472.0M)->119.1M(472.0M)]
 [Times: user=0.07 sys=0.00, real=0.04 secs] 
2024-07-06T11:25:46.586+0800: 100.752: [GC pause (G1 Evacuation Pause) (young), 0.0333988 secs]
   [Parallel Time: 32.9 ms, GC Workers: 2]
      [GC Worker Start (ms): Min: 100752.5, Avg: 100752.5, Max: 100752.6, Diff: 0.0]
      [Ext Root Scanning (ms): Min: 0.5, Avg: 0.5, Max: 0.6, Diff: 0.0, Sum: 1.1]
      [Update RS (ms): Min: 0.0, Avg: 0.0, Max: 0.0, Diff: 0.0, Sum: 0.1]
         [Processed Buffers: Min: 1, Avg: 2.5, Max: 4, Diff: 3, Sum: 5]
      [Scan RS (ms): Min: 0.1, Avg: 0.1, Max: 0.1, Diff: 0.0, Sum: 0.2]
      [Code Root Scanning (ms): Min: 0.0, Avg: 0.0, Max: 0.0, Diff: 0.0, Sum: 0.0]
      [Object Copy (ms): Min: 32.2, Avg: 32.2, Max: 32.2, Diff: 0.0, Sum: 64.4]
      [Termination (ms): Min: 0.0, Avg: 0.0, Max: 0.0, Diff: 0.0, Sum: 0.0]
         [Termination Attempts: Min: 1, Avg: 1.0, Max: 1, Diff: 0, Sum: 2]
      [GC Worker Other (ms): Min: 0.0, Avg: 0.0, Max: 0.0, Diff: 0.0, Sum: 0.0]
      [GC Worker Total (ms): Min: 32.9, Avg: 32.9, Max: 32.9, Diff: 0.0, Sum: 65.7]
      [GC Worker End (ms): Min: 100785.4, Avg: 100785.4, Max: 100785.4, Diff: 0.0]
   [Code Root Fixup: 0.0 ms]
   [Code Root Purge: 0.0 ms]
   [Clear CT: 0.1 ms]
   [Other: 0.4 ms]
      [Choose CSet: 0.0 ms]
      [Ref Proc: 0.1 ms]
      [Ref Enq: 0.0 ms]
      [Redirty Cards: 0.0 ms]
      [Humongous Register: 0.0 ms]
      [Humongous Reclaim: 0.0 ms]
      [Free CSet: 0.2 ms]
   [Eden: 253.0M(253.0M)->0.0B(256.0M) Survivors: 30720.0K->27648.0K Heap: 372.1M(472.0M)->115.7M(472.0M)]
 [Times: user=0.07 sys=0.00, real=0.04 secs] 
2024-07-06T11:25:47.099+0800: 101.265: [GC pause (G1 Evacuation Pause) (young), 0.0326601 secs]
   [Parallel Time: 32.1 ms, GC Workers: 2]
      [GC Worker Start (ms): Min: 101265.6, Avg: 101265.6, Max: 101265.6, Diff: 0.0]
      [Ext Root Scanning (ms): Min: 0.6, Avg: 0.6, Max: 0.6, Diff: 0.0, Sum: 1.2]
      [Update RS (ms): Min: 0.0, Avg: 0.0, Max: 0.0, Diff: 0.0, Sum: 0.1]
         [Processed Buffers: Min: 2, Avg: 3.0, Max: 4, Diff: 2, Sum: 6]
      [Scan RS (ms): Min: 0.1, Avg: 0.1, Max: 0.1, Diff: 0.0, Sum: 0.2]
      [Code Root Scanning (ms): Min: 0.0, Avg: 0.0, Max: 0.0, Diff: 0.0, Sum: 0.0]
      [Object Copy (ms): Min: 31.2, Avg: 31.2, Max: 31.2, Diff: 0.0, Sum: 62.5]
      [Termination (ms): Min: 0.0, Avg: 0.0, Max: 0.0, Diff: 0.0, Sum: 0.0]
         [Termination Attempts: Min: 1, Avg: 1.0, Max: 1, Diff: 0, Sum: 2]
      [GC Worker Other (ms): Min: 0.0, Avg: 0.0, Max: 0.0, Diff: 0.0, Sum: 0.0]
      [GC Worker Total (ms): Min: 32.0, Avg: 32.0, Max: 32.0, Diff: 0.0, Sum: 63.9]
      [GC Worker End (ms): Min: 101297.6, Avg: 101297.6, Max: 101297.6, Diff: 0.0]
   [Code Root Fixup: 0.0 ms]
   [Code Root Purge: 0.0 ms]
   [Clear CT: 0.1 ms]
   [Other: 0.5 ms]
      [Choose CSet: 0.0 ms]
      [Ref Proc: 0.2 ms]
      [Ref Enq: 0.0 ms]
      [Redirty Cards: 0.0 ms]
      [Humongous Register: 0.0 ms]
      [Humongous Reclaim: 0.0 ms]
      [Free CSet: 0.2 ms]
   [Eden: 256.0M(256.0M)->0.0B(259.0M) Survivors: 27648.0K->24576.0K Heap: 371.7M(472.0M)->112.7M(472.0M)]
 [Times: user=0.06 sys=0.00, real=0.03 secs] 
2024-07-06T11:25:47.583+0800: 101.749: [GC pause (G1 Evacuation Pause) (young), 0.0242717 secs]
   [Parallel Time: 23.7 ms, GC Workers: 2]
      [GC Worker Start (ms): Min: 101749.5, Avg: 101749.5, Max: 101749.5, Diff: 0.0]
      [Ext Root Scanning (ms): Min: 0.5, Avg: 0.5, Max: 0.5, Diff: 0.0, Sum: 1.0]
      [Update RS (ms): Min: 0.0, Avg: 0.0, Max: 0.0, Diff: 0.0, Sum: 0.1]
         [Processed Buffers: Min: 2, Avg: 2.5, Max: 3, Diff: 1, Sum: 5]
      [Scan RS (ms): Min: 0.1, Avg: 0.1, Max: 0.1, Diff: 0.0, Sum: 0.2]
      [Code Root Scanning (ms): Min: 0.0, Avg: 0.0, Max: 0.0, Diff: 0.0, Sum: 0.0]
      [Object Copy (ms): Min: 23.0, Avg: 23.0, Max: 23.0, Diff: 0.0, Sum: 46.0]
      [Termination (ms): Min: 0.0, Avg: 0.0, Max: 0.0, Diff: 0.0, Sum: 0.0]
         [Termination Attempts: Min: 1, Avg: 1.0, Max: 1, Diff: 0, Sum: 2]
      [GC Worker Other (ms): Min: 0.0, Avg: 0.0, Max: 0.0, Diff: 0.0, Sum: 0.0]
      [GC Worker Total (ms): Min: 23.6, Avg: 23.6, Max: 23.6, Diff: 0.0, Sum: 47.2]
      [GC Worker End (ms): Min: 101773.1, Avg: 101773.1, Max: 101773.1, Diff: 0.0]
   [Code Root Fixup: 0.0 ms]
   [Code Root Purge: 0.0 ms]
   [Clear CT: 0.1 ms]
   [Other: 0.5 ms]
      [Choose CSet: 0.0 ms]
      [Ref Proc: 0.1 ms]
      [Ref Enq: 0.0 ms]
      [Redirty Cards: 0.1 ms]
      [Humongous Register: 0.0 ms]
      [Humongous Reclaim: 0.0 ms]
      [Free CSet: 0.2 ms]
   [Eden: 259.0M(259.0M)->0.0B(264.0M) Survivors: 24576.0K->19456.0K Heap: 371.7M(472.0M)->107.7M(472.0M)]
 [Times: user=0.04 sys=0.00, real=0.03 secs] 
2024-07-06T11:25:48.055+0800: 102.221: [GC pause (G1 Evacuation Pause) (young), 0.0216540 secs]
   [Parallel Time: 21.1 ms, GC Workers: 2]
      [GC Worker Start (ms): Min: 102220.8, Avg: 102220.9, Max: 102220.9, Diff: 0.0]
      [Ext Root Scanning (ms): Min: 0.5, Avg: 0.5, Max: 0.5, Diff: 0.0, Sum: 1.1]
      [Update RS (ms): Min: 0.0, Avg: 0.0, Max: 0.1, Diff: 0.1, Sum: 0.1]
         [Processed Buffers: Min: 0, Avg: 3.0, Max: 6, Diff: 6, Sum: 6]
      [Scan RS (ms): Min: 0.1, Avg: 0.1, Max: 0.1, Diff: 0.0, Sum: 0.2]
      [Code Root Scanning (ms): Min: 0.0, Avg: 0.0, Max: 0.0, Diff: 0.0, Sum: 0.0]
      [Object Copy (ms): Min: 20.3, Avg: 20.4, Max: 20.4, Diff: 0.0, Sum: 40.7]
      [Termination (ms): Min: 0.0, Avg: 0.0, Max: 0.0, Diff: 0.0, Sum: 0.0]
         [Termination Attempts: Min: 1, Avg: 1.0, Max: 1, Diff: 0, Sum: 2]
      [GC Worker Other (ms): Min: 0.0, Avg: 0.0, Max: 0.0, Diff: 0.0, Sum: 0.0]
      [GC Worker Total (ms): Min: 21.0, Avg: 21.0, Max: 21.0, Diff: 0.0, Sum: 42.0]
      [GC Worker End (ms): Min: 102241.9, Avg: 102241.9, Max: 102241.9, Diff: 0.0]
   [Code Root Fixup: 0.0 ms]
   [Code Root Purge: 0.0 ms]
   [Clear CT: 0.2 ms]
   [Other: 0.4 ms]
      [Choose CSet: 0.0 ms]
      [Ref Proc: 0.1 ms]
      [Ref Enq: 0.0 ms]
      [Redirty Cards: 0.0 ms]
      [Humongous Register: 0.0 ms]
      [Humongous Reclaim: 0.0 ms]
      [Free CSet: 0.1 ms]
   [Eden: 264.0M(264.0M)->0.0B(263.0M) Survivors: 19456.0K->20480.0K Heap: 371.7M(472.0M)->109.2M(472.0M)]
 [Times: user=0.04 sys=0.00, real=0.03 secs] 
2024-07-06T11:25:48.517+0800: 102.684: [GC pause (G1 Evacuation Pause) (young), 0.0300803 secs]
   [Parallel Time: 29.6 ms, GC Workers: 2]
      [GC Worker Start (ms): Min: 102683.6, Avg: 102684.2, Max: 102684.7, Diff: 1.1]
      [Ext Root Scanning (ms): Min: 0.0, Avg: 0.4, Max: 0.8, Diff: 0.8, Sum: 0.8]
      [Update RS (ms): Min: 0.0, Avg: 0.0, Max: 0.0, Diff: 0.0, Sum: 0.0]
         [Processed Buffers: Min: 0, Avg: 2.5, Max: 5, Diff: 5, Sum: 5]
      [Scan RS (ms): Min: 0.0, Avg: 0.1, Max: 0.1, Diff: 0.1, Sum: 0.1]
      [Code Root Scanning (ms): Min: 0.0, Avg: 0.0, Max: 0.0, Diff: 0.0, Sum: 0.0]
      [Object Copy (ms): Min: 28.4, Avg: 28.5, Max: 28.6, Diff: 0.2, Sum: 57.0]
      [Termination (ms): Min: 0.0, Avg: 0.0, Max: 0.0, Diff: 0.0, Sum: 0.0]
         [Termination Attempts: Min: 1, Avg: 1.0, Max: 1, Diff: 0, Sum: 2]
      [GC Worker Other (ms): Min: 0.0, Avg: 0.0, Max: 0.0, Diff: 0.0, Sum: 0.0]
      [GC Worker Total (ms): Min: 28.4, Avg: 29.0, Max: 29.5, Diff: 1.1, Sum: 58.0]
      [GC Worker End (ms): Min: 102713.2, Avg: 102713.2, Max: 102713.2, Diff: 0.0]
   [Code Root Fixup: 0.0 ms]
   [Code Root Purge: 0.0 ms]
   [Clear CT: 0.1 ms]
   [Other: 0.4 ms]
      [Choose CSet: 0.0 ms]
      [Ref Proc: 0.1 ms]
      [Ref Enq: 0.0 ms]
      [Redirty Cards: 0.0 ms]
      [Humongous Register: 0.0 ms]
      [Humongous Reclaim: 0.0 ms]
      [Free CSet: 0.2 ms]
   [Eden: 263.0M(263.0M)->0.0B(258.0M) Survivors: 20480.0K->25600.0K Heap: 372.2M(472.0M)->113.7M(472.0M)]
 [Times: user=0.06 sys=0.00, real=0.03 secs] 
2024-07-06T11:25:48.991+0800: 103.157: [GC pause (G1 Evacuation Pause) (young), 0.0289686 secs]
   [Parallel Time: 28.3 ms, GC Workers: 2]
      [GC Worker Start (ms): Min: 103157.6, Avg: 103157.6, Max: 103157.6, Diff: 0.0]
      [Ext Root Scanning (ms): Min: 0.6, Avg: 0.6, Max: 0.6, Diff: 0.0, Sum: 1.1]
      [Update RS (ms): Min: 0.0, Avg: 0.0, Max: 0.1, Diff: 0.0, Sum: 0.1]
         [Processed Buffers: Min: 1, Avg: 2.5, Max: 4, Diff: 3, Sum: 5]
      [Scan RS (ms): Min: 0.1, Avg: 0.1, Max: 0.1, Diff: 0.0, Sum: 0.2]
      [Code Root Scanning (ms): Min: 0.0, Avg: 0.0, Max: 0.0, Diff: 0.0, Sum: 0.0]
      [Object Copy (ms): Min: 27.6, Avg: 27.6, Max: 27.6, Diff: 0.0, Sum: 55.2]
      [Termination (ms): Min: 0.0, Avg: 0.0, Max: 0.0, Diff: 0.0, Sum: 0.0]
         [Termination Attempts: Min: 1, Avg: 1.0, Max: 1, Diff: 0, Sum: 2]
      [GC Worker Other (ms): Min: 0.0, Avg: 0.0, Max: 0.0, Diff: 0.0, Sum: 0.0]
      [GC Worker Total (ms): Min: 28.3, Avg: 28.3, Max: 28.3, Diff: 0.0, Sum: 56.5]
      [GC Worker End (ms): Min: 103185.8, Avg: 103185.8, Max: 103185.8, Diff: 0.0]
   [Code Root Fixup: 0.0 ms]
   [Code Root Purge: 0.0 ms]
   [Clear CT: 0.2 ms]
   [Other: 0.5 ms]
      [Choose CSet: 0.0 ms]
      [Ref Proc: 0.1 ms]
      [Ref Enq: 0.0 ms]
      [Redirty Cards: 0.0 ms]
      [Humongous Register: 0.0 ms]
      [Humongous Reclaim: 0.0 ms]
      [Free CSet: 0.2 ms]
   [Eden: 258.0M(258.0M)->0.0B(258.0M) Survivors: 25600.0K->25600.0K Heap: 371.7M(472.0M)->113.7M(472.0M)]
 [Times: user=0.05 sys=0.00, real=0.03 secs] 
2024-07-06T11:25:49.464+0800: 103.631: [GC pause (G1 Evacuation Pause) (young), 0.0320776 secs]
   [Parallel Time: 31.6 ms, GC Workers: 2]
      [GC Worker Start (ms): Min: 103630.8, Avg: 103630.8, Max: 103630.8, Diff: 0.0]
      [Ext Root Scanning (ms): Min: 0.5, Avg: 0.5, Max: 0.5, Diff: 0.0, Sum: 1.0]
      [Update RS (ms): Min: 0.0, Avg: 0.0, Max: 0.0, Diff: 0.0, Sum: 0.1]
         [Processed Buffers: Min: 2, Avg: 2.5, Max: 3, Diff: 1, Sum: 5]
      [Scan RS (ms): Min: 0.1, Avg: 0.1, Max: 0.1, Diff: 0.0, Sum: 0.2]
      [Code Root Scanning (ms): Min: 0.0, Avg: 0.0, Max: 0.0, Diff: 0.0, Sum: 0.0]
      [Object Copy (ms): Min: 30.9, Avg: 30.9, Max: 30.9, Diff: 0.0, Sum: 61.7]
      [Termination (ms): Min: 0.0, Avg: 0.0, Max: 0.0, Diff: 0.0, Sum: 0.0]
         [Termination Attempts: Min: 1, Avg: 1.0, Max: 1, Diff: 0, Sum: 2]
      [GC Worker Other (ms): Min: 0.0, Avg: 0.0, Max: 0.0, Diff: 0.0, Sum: 0.0]
      [GC Worker Total (ms): Min: 31.5, Avg: 31.5, Max: 31.5, Diff: 0.0, Sum: 63.0]
      [GC Worker End (ms): Min: 103662.3, Avg: 103662.3, Max: 103662.3, Diff: 0.0]
   [Code Root Fixup: 0.0 ms]
   [Code Root Purge: 0.0 ms]
   [Clear CT: 0.1 ms]
   [Other: 0.4 ms]
      [Choose CSet: 0.0 ms]
      [Ref Proc: 0.1 ms]
      [Ref Enq: 0.0 ms]
      [Redirty Cards: 0.0 ms]
      [Humongous Register: 0.0 ms]
      [Humongous Reclaim: 0.0 ms]
      [Free CSet: 0.2 ms]
   [Eden: 258.0M(258.0M)->0.0B(256.0M) Survivors: 25600.0K->27648.0K Heap: 371.7M(472.0M)->115.7M(472.0M)]
 [Times: user=0.06 sys=0.00, real=0.04 secs] 
2024-07-06T11:25:50.007+0800: 104.173: [GC pause (G1 Evacuation Pause) (young), 0.0367442 secs]
   [Parallel Time: 36.1 ms, GC Workers: 2]
      [GC Worker Start (ms): Min: 104173.5, Avg: 104176.9, Max: 104180.2, Diff: 6.7]
      [Ext Root Scanning (ms): Min: 0.0, Avg: 0.4, Max: 0.7, Diff: 0.7, Sum: 0.8]
      [Update RS (ms): Min: 0.0, Avg: 0.0, Max: 0.0, Diff: 0.0, Sum: 0.0]
         [Processed Buffers: Min: 0, Avg: 3.0, Max: 6, Diff: 6, Sum: 6]
      [Scan RS (ms): Min: 0.0, Avg: 0.1, Max: 0.1, Diff: 0.1, Sum: 0.2]
      [Code Root Scanning (ms): Min: 0.0, Avg: 0.0, Max: 0.0, Diff: 0.0, Sum: 0.0]
      [Object Copy (ms): Min: 29.3, Avg: 32.2, Max: 35.1, Diff: 5.8, Sum: 64.4]
      [Termination (ms): Min: 0.0, Avg: 0.0, Max: 0.0, Diff: 0.0, Sum: 0.0]
         [Termination Attempts: Min: 1, Avg: 1.0, Max: 1, Diff: 0, Sum: 2]
      [GC Worker Other (ms): Min: 0.0, Avg: 0.0, Max: 0.0, Diff: 0.0, Sum: 0.0]
      [GC Worker Total (ms): Min: 29.4, Avg: 32.7, Max: 36.0, Diff: 6.7, Sum: 65.4]
      [GC Worker End (ms): Min: 104209.6, Avg: 104209.6, Max: 104209.6, Diff: 0.0]
   [Code Root Fixup: 0.0 ms]
   [Code Root Purge: 0.0 ms]
   [Clear CT: 0.1 ms]
   [Other: 0.5 ms]
      [Choose CSet: 0.0 ms]
      [Ref Proc: 0.1 ms]
      [Ref Enq: 0.0 ms]
      [Redirty Cards: 0.0 ms]
      [Humongous Register: 0.0 ms]
      [Humongous Reclaim: 0.0 ms]
      [Free CSet: 0.2 ms]
   [Eden: 256.0M(256.0M)->0.0B(255.0M) Survivors: 27648.0K->28672.0K Heap: 371.7M(472.0M)->116.7M(472.0M)]
 [Times: user=0.07 sys=0.00, real=0.03 secs] 
2024-07-06T11:25:50.475+0800: 104.641: [GC pause (G1 Evacuation Pause) (young), 0.0314685 secs]
   [Parallel Time: 30.9 ms, GC Workers: 2]
      [GC Worker Start (ms): Min: 104641.5, Avg: 104641.6, Max: 104641.6, Diff: 0.0]
      [Ext Root Scanning (ms): Min: 0.5, Avg: 0.5, Max: 0.5, Diff: 0.0, Sum: 1.0]
      [Update RS (ms): Min: 0.0, Avg: 0.0, Max: 0.0, Diff: 0.0, Sum: 0.1]
         [Processed Buffers: Min: 1, Avg: 2.5, Max: 4, Diff: 3, Sum: 5]
      [Scan RS (ms): Min: 0.1, Avg: 0.1, Max: 0.1, Diff: 0.0, Sum: 0.2]
      [Code Root Scanning (ms): Min: 0.0, Avg: 0.0, Max: 0.0, Diff: 0.0, Sum: 0.0]
      [Object Copy (ms): Min: 30.2, Avg: 30.2, Max: 30.3, Diff: 0.0, Sum: 60.5]
      [Termination (ms): Min: 0.0, Avg: 0.0, Max: 0.0, Diff: 0.0, Sum: 0.0]
         [Termination Attempts: Min: 1, Avg: 1.0, Max: 1, Diff: 0, Sum: 2]
      [GC Worker Other (ms): Min: 0.0, Avg: 0.0, Max: 0.0, Diff: 0.0, Sum: 0.0]
      [GC Worker Total (ms): Min: 30.9, Avg: 30.9, Max: 30.9, Diff: 0.0, Sum: 61.8]
      [GC Worker End (ms): Min: 104672.4, Avg: 104672.4, Max: 104672.4, Diff: 0.0]
   [Code Root Fixup: 0.0 ms]
   [Code Root Purge: 0.0 ms]
   [Clear CT: 0.1 ms]
   [Other: 0.4 ms]
      [Choose CSet: 0.0 ms]
      [Ref Proc: 0.1 ms]
      [Ref Enq: 0.0 ms]
      [Redirty Cards: 0.0 ms]
      [Humongous Register: 0.0 ms]
      [Humongous Reclaim: 0.0 ms]
      [Free CSet: 0.2 ms]
   [Eden: 255.0M(255.0M)->0.0B(257.0M) Survivors: 28672.0K->26624.0K Heap: 371.7M(472.0M)->115.2M(472.0M)]
 [Times: user=0.06 sys=0.00, real=0.02 secs] 
2024-07-06T11:25:50.929+0800: 105.095: [GC pause (G1 Evacuation Pause) (young), 0.0270897 secs]
   [Parallel Time: 26.4 ms, GC Workers: 2]
      [GC Worker Start (ms): Min: 105095.2, Avg: 105095.2, Max: 105095.2, Diff: 0.0]
      [Ext Root Scanning (ms): Min: 0.5, Avg: 0.5, Max: 0.5, Diff: 0.0, Sum: 1.0]
      [Update RS (ms): Min: 0.0, Avg: 0.0, Max: 0.0, Diff: 0.0, Sum: 0.1]
         [Processed Buffers: Min: 1, Avg: 2.5, Max: 4, Diff: 3, Sum: 5]
      [Scan RS (ms): Min: 0.1, Avg: 0.1, Max: 0.1, Diff: 0.0, Sum: 0.2]
      [Code Root Scanning (ms): Min: 0.0, Avg: 0.0, Max: 0.0, Diff: 0.0, Sum: 0.0]
      [Object Copy (ms): Min: 25.7, Avg: 25.7, Max: 25.7, Diff: 0.0, Sum: 51.5]
      [Termination (ms): Min: 0.0, Avg: 0.0, Max: 0.0, Diff: 0.0, Sum: 0.0]
         [Termination Attempts: Min: 1, Avg: 1.0, Max: 1, Diff: 0, Sum: 2]
      [GC Worker Other (ms): Min: 0.0, Avg: 0.0, Max: 0.0, Diff: 0.0, Sum: 0.0]
      [GC Worker Total (ms): Min: 26.3, Avg: 26.4, Max: 26.4, Diff: 0.0, Sum: 52.7]
      [GC Worker End (ms): Min: 105121.5, Avg: 105121.5, Max: 105121.5, Diff: 0.0]
   [Code Root Fixup: 0.0 ms]
   [Code Root Purge: 0.0 ms]
   [Clear CT: 0.1 ms]
   [Other: 0.6 ms]
      [Choose CSet: 0.0 ms]
      [Ref Proc: 0.1 ms]
      [Ref Enq: 0.0 ms]
      [Redirty Cards: 0.1 ms]
      [Humongous Register: 0.0 ms]
      [Humongous Reclaim: 0.0 ms]
      [Free CSet: 0.2 ms]
   [Eden: 257.0M(257.0M)->0.0B(262.0M) Survivors: 26624.0K->21504.0K Heap: 372.2M(472.0M)->110.2M(472.0M)]
 [Times: user=0.05 sys=0.00, real=0.03 secs] 
2024-07-06T11:25:51.421+0800: 105.587: [GC pause (G1 Evacuation Pause) (young), 0.0254416 secs]
   [Parallel Time: 24.8 ms, GC Workers: 2]
      [GC Worker Start (ms): Min: 105587.5, Avg: 105587.5, Max: 105587.5, Diff: 0.0]
      [Ext Root Scanning (ms): Min: 0.5, Avg: 0.5, Max: 0.5, Diff: 0.0, Sum: 1.1]
      [Update RS (ms): Min: 0.0, Avg: 0.0, Max: 0.0, Diff: 0.0, Sum: 0.0]
         [Processed Buffers: Min: 0, Avg: 3.0, Max: 6, Diff: 6, Sum: 6]
      [Scan RS (ms): Min: 0.1, Avg: 0.1, Max: 0.1, Diff: 0.0, Sum: 0.2]
      [Code Root Scanning (ms): Min: 0.0, Avg: 0.0, Max: 0.0, Diff: 0.0, Sum: 0.0]
      [Object Copy (ms): Min: 24.1, Avg: 24.1, Max: 24.1, Diff: 0.0, Sum: 48.2]
      [Termination (ms): Min: 0.0, Avg: 0.0, Max: 0.0, Diff: 0.0, Sum: 0.0]
         [Termination Attempts: Min: 1, Avg: 1.0, Max: 1, Diff: 0, Sum: 2]
      [GC Worker Other (ms): Min: 0.0, Avg: 0.0, Max: 0.0, Diff: 0.0, Sum: 0.0]
      [GC Worker Total (ms): Min: 24.7, Avg: 24.8, Max: 24.8, Diff: 0.0, Sum: 49.5]
      [GC Worker End (ms): Min: 105612.2, Avg: 105612.2, Max: 105612.2, Diff: 0.0]
   [Code Root Fixup: 0.0 ms]
   [Code Root Purge: 0.0 ms]
   [Clear CT: 0.1 ms]
   [Other: 0.5 ms]
      [Choose CSet: 0.0 ms]
      [Ref Proc: 0.1 ms]
      [Ref Enq: 0.0 ms]
      [Redirty Cards: 0.1 ms]
      [Humongous Register: 0.0 ms]
      [Humongous Reclaim: 0.0 ms]
      [Free CSet: 0.2 ms]
   [Eden: 262.0M(262.0M)->0.0B(262.0M) Survivors: 21504.0K->21504.0K Heap: 372.2M(472.0M)->109.7M(472.0M)]
 [Times: user=0.05 sys=0.00, real=0.02 secs] 
2024-07-06T11:25:51.887+0800: 106.053: [GC pause (G1 Evacuation Pause) (young), 0.0380079 secs]
   [Parallel Time: 37.4 ms, GC Workers: 2]
      [GC Worker Start (ms): Min: 106053.6, Avg: 106053.6, Max: 106053.6, Diff: 0.0]
      [Ext Root Scanning (ms): Min: 0.5, Avg: 0.6, Max: 0.6, Diff: 0.1, Sum: 1.1]
      [Update RS (ms): Min: 0.0, Avg: 0.0, Max: 0.0, Diff: 0.0, Sum: 0.1]
         [Processed Buffers: Min: 1, Avg: 2.5, Max: 4, Diff: 3, Sum: 5]
      [Scan RS (ms): Min: 0.1, Avg: 0.1, Max: 0.1, Diff: 0.0, Sum: 0.2]
      [Code Root Scanning (ms): Min: 0.0, Avg: 0.0, Max: 0.0, Diff: 0.0, Sum: 0.0]
      [Object Copy (ms): Min: 36.6, Avg: 36.6, Max: 36.6, Diff: 0.0, Sum: 73.2]
      [Termination (ms): Min: 0.0, Avg: 0.0, Max: 0.0, Diff: 0.0, Sum: 0.0]
         [Termination Attempts: Min: 1, Avg: 1.0, Max: 1, Diff: 0, Sum: 2]
      [GC Worker Other (ms): Min: 0.0, Avg: 0.0, Max: 0.0, Diff: 0.0, Sum: 0.0]
      [GC Worker Total (ms): Min: 37.3, Avg: 37.3, Max: 37.3, Diff: 0.0, Sum: 74.6]
      [GC Worker End (ms): Min: 106090.9, Avg: 106090.9, Max: 106090.9, Diff: 0.0]
   [Code Root Fixup: 0.0 ms]
   [Code Root Purge: 0.0 ms]
   [Clear CT: 0.1 ms]
   [Other: 0.5 ms]
      [Choose CSet: 0.0 ms]
      [Ref Proc: 0.2 ms]
      [Ref Enq: 0.0 ms]
      [Redirty Cards: 0.0 ms]
      [Humongous Register: 0.0 ms]
      [Humongous Reclaim: 0.0 ms]
      [Free CSet: 0.2 ms]
   [Eden: 262.0M(262.0M)->0.0B(254.0M) Survivors: 21504.0K->29696.0K Heap: 371.7M(472.0M)->117.7M(472.0M)]
 [Times: user=0.07 sys=0.00, real=0.03 secs] 
2024-07-06T11:25:52.411+0800: 106.578: [GC pause (G1 Evacuation Pause) (young), 0.0314252 secs]
   [Parallel Time: 30.8 ms, GC Workers: 2]
      [GC Worker Start (ms): Min: 106577.7, Avg: 106577.9, Max: 106578.2, Diff: 0.4]
      [Ext Root Scanning (ms): Min: 0.4, Avg: 0.6, Max: 0.8, Diff: 0.4, Sum: 1.1]
      [Update RS (ms): Min: 0.0, Avg: 0.0, Max: 0.0, Diff: 0.0, Sum: 0.1]
         [Processed Buffers: Min: 3, Avg: 3.0, Max: 3, Diff: 0, Sum: 6]
      [Scan RS (ms): Min: 0.1, Avg: 0.1, Max: 0.1, Diff: 0.0, Sum: 0.2]
      [Code Root Scanning (ms): Min: 0.0, Avg: 0.0, Max: 0.0, Diff: 0.0, Sum: 0.0]
      [Object Copy (ms): Min: 29.8, Avg: 29.9, Max: 29.9, Diff: 0.0, Sum: 59.7]
      [Termination (ms): Min: 0.0, Avg: 0.0, Max: 0.0, Diff: 0.0, Sum: 0.0]
         [Termination Attempts: Min: 1, Avg: 1.0, Max: 1, Diff: 0, Sum: 2]
      [GC Worker Other (ms): Min: 0.0, Avg: 0.0, Max: 0.0, Diff: 0.0, Sum: 0.0]
      [GC Worker Total (ms): Min: 30.3, Avg: 30.5, Max: 30.8, Diff: 0.4, Sum: 61.1]
      [GC Worker End (ms): Min: 106608.5, Avg: 106608.5, Max: 106608.5, Diff: 0.0]
   [Code Root Fixup: 0.0 ms]
   [Code Root Purge: 0.0 ms]
   [Clear CT: 0.1 ms]
   [Other: 0.5 ms]
      [Choose CSet: 0.0 ms]
      [Ref Proc: 0.1 ms]
      [Ref Enq: 0.0 ms]
      [Redirty Cards: 0.1 ms]
      [Humongous Register: 0.0 ms]
      [Humongous Reclaim: 0.0 ms]
      [Free CSet: 0.2 ms]
   [Eden: 254.0M(254.0M)->0.0B(258.0M) Survivors: 29696.0K->25600.0K Heap: 371.7M(472.0M)->114.2M(472.0M)]
 [Times: user=0.06 sys=0.00, real=0.03 secs] 
2024-07-06T11:25:52.876+0800: 107.043: [GC pause (G1 Evacuation Pause) (young), 0.0299361 secs]
   [Parallel Time: 29.5 ms, GC Workers: 2]
      [GC Worker Start (ms): Min: 107042.6, Avg: 107042.6, Max: 107042.6, Diff: 0.0]
      [Ext Root Scanning (ms): Min: 0.5, Avg: 0.5, Max: 0.5, Diff: 0.0, Sum: 1.0]
      [Update RS (ms): Min: 0.0, Avg: 0.0, Max: 0.0, Diff: 0.0, Sum: 0.1]
         [Processed Buffers: Min: 2, Avg: 3.0, Max: 4, Diff: 2, Sum: 6]
      [Scan RS (ms): Min: 0.1, Avg: 0.1, Max: 0.1, Diff: 0.0, Sum: 0.2]
      [Code Root Scanning (ms): Min: 0.0, Avg: 0.0, Max: 0.0, Diff: 0.0, Sum: 0.0]
      [Object Copy (ms): Min: 28.7, Avg: 28.8, Max: 28.8, Diff: 0.0, Sum: 57.5]
      [Termination (ms): Min: 0.0, Avg: 0.0, Max: 0.0, Diff: 0.0, Sum: 0.0]
         [Termination Attempts: Min: 1, Avg: 1.0, Max: 1, Diff: 0, Sum: 2]
      [GC Worker Other (ms): Min: 0.0, Avg: 0.0, Max: 0.0, Diff: 0.0, Sum: 0.0]
      [GC Worker Total (ms): Min: 29.4, Avg: 29.4, Max: 29.4, Diff: 0.0, Sum: 58.8]
      [GC Worker End (ms): Min: 107072.0, Avg: 107072.0, Max: 107072.0, Diff: 0.0]
   [Code Root Fixup: 0.0 ms]
   [Code Root Purge: 0.0 ms]
   [Clear CT: 0.1 ms]
   [Other: 0.4 ms]
      [Choose CSet: 0.0 ms]
      [Ref Proc: 0.1 ms]
      [Ref Enq: 0.0 ms]
      [Redirty Cards: 0.0 ms]
      [Humongous Register: 0.0 ms]
      [Humongous Reclaim: 0.0 ms]
      [Free CSet: 0.2 ms]
   [Eden: 258.0M(258.0M)->0.0B(261.0M) Survivors: 25600.0K->22528.0K Heap: 372.2M(472.0M)->111.2M(472.0M)]
 [Times: user=0.06 sys=0.00, real=0.02 secs] 
2024-07-06T11:25:53.326+0800: 107.492: [GC pause (G1 Evacuation Pause) (young), 0.0119530 secs]
   [Parallel Time: 11.4 ms, GC Workers: 2]
      [GC Worker Start (ms): Min: 107492.4, Avg: 107492.6, Max: 107492.8, Diff: 0.4]
      [Ext Root Scanning (ms): Min: 0.4, Avg: 0.6, Max: 0.9, Diff: 0.6, Sum: 1.3]
      [Update RS (ms): Min: 0.0, Avg: 0.0, Max: 0.0, Diff: 0.0, Sum: 0.0]
         [Processed Buffers: Min: 0, Avg: 2.5, Max: 5, Diff: 5, Sum: 5]
      [Scan RS (ms): Min: 0.0, Avg: 0.1, Max: 0.1, Diff: 0.1, Sum: 0.2]
      [Code Root Scanning (ms): Min: 0.0, Avg: 0.0, Max: 0.0, Diff: 0.0, Sum: 0.0]
      [Object Copy (ms): Min: 10.4, Avg: 10.4, Max: 10.4, Diff: 0.0, Sum: 20.9]
      [Termination (ms): Min: 0.0, Avg: 0.0, Max: 0.0, Diff: 0.0, Sum: 0.0]
         [Termination Attempts: Min: 1, Avg: 1.0, Max: 1, Diff: 0, Sum: 2]
      [GC Worker Other (ms): Min: 0.0, Avg: 0.0, Max: 0.0, Diff: 0.0, Sum: 0.0]
      [GC Worker Total (ms): Min: 11.0, Avg: 11.2, Max: 11.4, Diff: 0.4, Sum: 22.4]
      [GC Worker End (ms): Min: 107503.8, Avg: 107503.8, Max: 107503.8, Diff: 0.0]
   [Code Root Fixup: 0.0 ms]
   [Code Root Purge: 0.0 ms]
   [Clear CT: 0.1 ms]
   [Other: 0.4 ms]
      [Choose CSet: 0.0 ms]
      [Ref Proc: 0.1 ms]
      [Ref Enq: 0.0 ms]
      [Redirty Cards: 0.0 ms]
      [Humongous Register: 0.0 ms]
      [Humongous Reclaim: 0.0 ms]
      [Free CSet: 0.1 ms]
   [Eden: 261.0M(261.0M)->0.0B(273.0M) Survivors: 22528.0K->10240.0K Heap: 372.2M(472.0M)->101052.5K(472.0M)]
 [Times: user=0.02 sys=0.00, real=0.02 secs] 
2024-07-06T11:25:53.778+0800: 107.944: [GC pause (G1 Evacuation Pause) (young), 0.0126850 secs]
   [Parallel Time: 12.2 ms, GC Workers: 2]
      [GC Worker Start (ms): Min: 107944.1, Avg: 107944.1, Max: 107944.1, Diff: 0.0]
      [Ext Root Scanning (ms): Min: 0.5, Avg: 0.5, Max: 0.5, Diff: 0.0, Sum: 0.9]
      [Update RS (ms): Min: 0.0, Avg: 0.0, Max: 0.0, Diff: 0.0, Sum: 0.1]
         [Processed Buffers: Min: 2, Avg: 3.0, Max: 4, Diff: 2, Sum: 6]
      [Scan RS (ms): Min: 0.1, Avg: 0.1, Max: 0.1, Diff: 0.0, Sum: 0.2]
      [Code Root Scanning (ms): Min: 0.0, Avg: 0.0, Max: 0.0, Diff: 0.0, Sum: 0.0]
      [Object Copy (ms): Min: 11.5, Avg: 11.5, Max: 11.5, Diff: 0.0, Sum: 23.1]
      [Termination (ms): Min: 0.0, Avg: 0.0, Max: 0.0, Diff: 0.0, Sum: 0.0]
         [Termination Attempts: Min: 1, Avg: 2.0, Max: 3, Diff: 2, Sum: 4]
      [GC Worker Other (ms): Min: 0.0, Avg: 0.0, Max: 0.0, Diff: 0.0, Sum: 0.0]
      [GC Worker Total (ms): Min: 12.1, Avg: 12.1, Max: 12.1, Diff: 0.0, Sum: 24.2]
      [GC Worker End (ms): Min: 107956.3, Avg: 107956.3, Max: 107956.3, Diff: 0.0]
   [Code Root Fixup: 0.0 ms]
   [Code Root Purge: 0.0 ms]
   [Clear CT: 0.1 ms]
   [Other: 0.4 ms]
      [Choose CSet: 0.0 ms]
      [Ref Proc: 0.1 ms]
      [Ref Enq: 0.0 ms]
      [Redirty Cards: 0.0 ms]
      [Humongous Register: 0.0 ms]
      [Humongous Reclaim: 0.0 ms]
      [Free CSet: 0.1 ms]
   [Eden: 273.0M(273.0M)->0.0B(269.0M) Survivors: 10240.0K->14336.0K Heap: 371.7M(472.0M)->103.2M(472.0M)]
 [Times: user=0.03 sys=0.00, real=0.01 secs] 
2024-07-06T11:25:54.331+0800: 108.497: [GC pause (G1 Evacuation Pause) (young), 0.0264133 secs]
   [Parallel Time: 25.9 ms, GC Workers: 2]
      [GC Worker Start (ms): Min: 108497.5, Avg: 108497.5, Max: 108497.5, Diff: 0.0]
      [Ext Root Scanning (ms): Min: 0.5, Avg: 0.5, Max: 0.6, Diff: 0.0, Sum: 1.1]
      [Update RS (ms): Min: 0.0, Avg: 0.0, Max: 0.0, Diff: 0.0, Sum: 0.1]
         [Processed Buffers: Min: 1, Avg: 2.5, Max: 4, Diff: 3, Sum: 5]
      [Scan RS (ms): Min: 0.1, Avg: 0.1, Max: 0.1, Diff: 0.0, Sum: 0.2]
      [Code Root Scanning (ms): Min: 0.0, Avg: 0.0, Max: 0.0, Diff: 0.0, Sum: 0.0]
      [Object Copy (ms): Min: 25.2, Avg: 25.2, Max: 25.2, Diff: 0.0, Sum: 50.4]
      [Termination (ms): Min: 0.0, Avg: 0.0, Max: 0.0, Diff: 0.0, Sum: 0.0]
         [Termination Attempts: Min: 1, Avg: 1.0, Max: 1, Diff: 0, Sum: 2]
      [GC Worker Other (ms): Min: 0.0, Avg: 0.0, Max: 0.0, Diff: 0.0, Sum: 0.0]
      [GC Worker Total (ms): Min: 25.9, Avg: 25.9, Max: 25.9, Diff: 0.0, Sum: 51.7]
      [GC Worker End (ms): Min: 108523.4, Avg: 108523.4, Max: 108523.4, Diff: 0.0]
   [Code Root Fixup: 0.0 ms]
   [Code Root Purge: 0.0 ms]
   [Clear CT: 0.1 ms]
   [Other: 0.4 ms]
      [Choose CSet: 0.0 ms]
      [Ref Proc: 0.1 ms]
      [Ref Enq: 0.0 ms]
      [Redirty Cards: 0.0 ms]
      [Humongous Register: 0.0 ms]
      [Humongous Reclaim: 0.0 ms]
      [Free CSet: 0.1 ms]
   [Eden: 269.0M(269.0M)->0.0B(258.0M) Survivors: 14336.0K->25600.0K Heap: 372.2M(472.0M)->114.2M(472.0M)]
 [Times: user=0.05 sys=0.00, real=0.03 secs] 
2024-07-06T11:25:54.741+0800: 108.907: [GC pause (G1 Evacuation Pause) (young), 0.0362344 secs]
   [Parallel Time: 35.6 ms, GC Workers: 2]
      [GC Worker Start (ms): Min: 108907.2, Avg: 108907.2, Max: 108907.2, Diff: 0.0]
      [Ext Root Scanning (ms): Min: 0.5, Avg: 0.5, Max: 0.5, Diff: 0.0, Sum: 1.0]
      [Update RS (ms): Min: 0.0, Avg: 0.0, Max: 0.0, Diff: 0.0, Sum: 0.1]
         [Processed Buffers: Min: 1, Avg: 2.5, Max: 4, Diff: 3, Sum: 5]
      [Scan RS (ms): Min: 0.1, Avg: 0.1, Max: 0.1, Diff: 0.0, Sum: 0.2]
      [Code Root Scanning (ms): Min: 0.0, Avg: 0.0, Max: 0.0, Diff: 0.0, Sum: 0.0]
      [Object Copy (ms): Min: 34.9, Avg: 34.9, Max: 34.9, Diff: 0.0, Sum: 69.8]
      [Termination (ms): Min: 0.0, Avg: 0.0, Max: 0.0, Diff: 0.0, Sum: 0.0]
         [Termination Attempts: Min: 1, Avg: 1.0, Max: 1, Diff: 0, Sum: 2]
      [GC Worker Other (ms): Min: 0.0, Avg: 0.0, Max: 0.0, Diff: 0.0, Sum: 0.0]
      [GC Worker Total (ms): Min: 35.6, Avg: 35.6, Max: 35.6, Diff: 0.0, Sum: 71.2]
      [GC Worker End (ms): Min: 108942.8, Avg: 108942.8, Max: 108942.8, Diff: 0.0]
   [Code Root Fixup: 0.0 ms]
   [Code Root Purge: 0.0 ms]
   [Clear CT: 0.2 ms]
   [Other: 0.4 ms]
      [Choose CSet: 0.0 ms]
      [Ref Proc: 0.1 ms]
      [Ref Enq: 0.0 ms]
      [Redirty Cards: 0.0 ms]
      [Humongous Register: 0.0 ms]
      [Humongous Reclaim: 0.0 ms]
      [Free CSet: 0.1 ms]
   [Eden: 258.0M(258.0M)->0.0B(253.0M) Survivors: 25600.0K->30720.0K Heap: 372.2M(472.0M)->119.2M(472.0M)]
 [Times: user=0.07 sys=0.00, real=0.04 secs] 
2024-07-06T11:25:55.210+0800: 109.376: [GC pause (G1 Evacuation Pause) (young), 0.0344896 secs]
   [Parallel Time: 34.0 ms, GC Workers: 2]
      [GC Worker Start (ms): Min: 109376.2, Avg: 109376.4, Max: 109376.7, Diff: 0.4]
      [Ext Root Scanning (ms): Min: 0.3, Avg: 0.6, Max: 0.8, Diff: 0.4, Sum: 1.1]
      [Update RS (ms): Min: 0.0, Avg: 0.0, Max: 0.0, Diff: 0.0, Sum: 0.1]
         [Processed Buffers: Min: 2, Avg: 2.5, Max: 3, Diff: 1, Sum: 5]
      [Scan RS (ms): Min: 0.1, Avg: 0.1, Max: 0.1, Diff: 0.0, Sum: 0.2]
      [Code Root Scanning (ms): Min: 0.0, Avg: 0.0, Max: 0.0, Diff: 0.0, Sum: 0.0]
      [Object Copy (ms): Min: 33.0, Avg: 33.0, Max: 33.0, Diff: 0.0, Sum: 66.0]
      [Termination (ms): Min: 0.0, Avg: 0.0, Max: 0.0, Diff: 0.0, Sum: 0.0]
         [Termination Attempts: Min: 1, Avg: 1.0, Max: 1, Diff: 0, Sum: 2]
      [GC Worker Other (ms): Min: 0.0, Avg: 0.0, Max: 0.0, Diff: 0.0, Sum: 0.0]
      [GC Worker Total (ms): Min: 33.5, Avg: 33.7, Max: 33.9, Diff: 0.4, Sum: 67.4]
      [GC Worker End (ms): Min: 109410.1, Avg: 109410.1, Max: 109410.1, Diff: 0.0]
   [Code Root Fixup: 0.0 ms]
   [Code Root Purge: 0.0 ms]
   [Clear CT: 0.1 ms]
   [Other: 0.4 ms]
      [Choose CSet: 0.0 ms]
      [Ref Proc: 0.1 ms]
      [Ref Enq: 0.0 ms]
      [Redirty Cards: 0.0 ms]
      [Humongous Register: 0.0 ms]
      [Humongous Reclaim: 0.0 ms]
      [Free CSet: 0.1 ms]
   [Eden: 253.0M(253.0M)->0.0B(254.0M) Survivors: 30720.0K->29696.0K Heap: 372.2M(472.0M)->117.7M(472.0M)]
 [Times: user=0.07 sys=0.00, real=0.03 secs] 
2024-07-06T11:25:55.684+0800: 109.850: [GC pause (G1 Evacuation Pause) (young), 0.0318758 secs]
   [Parallel Time: 31.2 ms, GC Workers: 2]
      [GC Worker Start (ms): Min: 109849.9, Avg: 109849.9, Max: 109849.9, Diff: 0.0]
      [Ext Root Scanning (ms): Min: 0.6, Avg: 0.6, Max: 0.6, Diff: 0.0, Sum: 1.1]
      [Update RS (ms): Min: 0.0, Avg: 0.0, Max: 0.0, Diff: 0.0, Sum: 0.1]
         [Processed Buffers: Min: 1, Avg: 3.0, Max: 5, Diff: 4, Sum: 6]
      [Scan RS (ms): Min: 0.1, Avg: 0.1, Max: 0.1, Diff: 0.0, Sum: 0.2]
      [Code Root Scanning (ms): Min: 0.0, Avg: 0.0, Max: 0.0, Diff: 0.0, Sum: 0.0]
      [Object Copy (ms): Min: 30.4, Avg: 30.4, Max: 30.4, Diff: 0.0, Sum: 60.8]
      [Termination (ms): Min: 0.0, Avg: 0.0, Max: 0.0, Diff: 0.0, Sum: 0.0]
         [Termination Attempts: Min: 1, Avg: 1.0, Max: 1, Diff: 0, Sum: 2]
      [GC Worker Other (ms): Min: 0.0, Avg: 0.0, Max: 0.0, Diff: 0.0, Sum: 0.0]
      [GC Worker Total (ms): Min: 31.1, Avg: 31.1, Max: 31.1, Diff: 0.0, Sum: 62.2]
      [GC Worker End (ms): Min: 109881.0, Avg: 109881.0, Max: 109881.0, Diff: 0.0]
   [Code Root Fixup: 0.0 ms]
   [Code Root Purge: 0.0 ms]
   [Clear CT: 0.2 ms]
   [Other: 0.5 ms]
      [Choose CSet: 0.0 ms]
      [Ref Proc: 0.1 ms]
      [Ref Enq: 0.0 ms]
      [Redirty Cards: 0.1 ms]
      [Humongous Register: 0.0 ms]
      [Humongous Reclaim: 0.0 ms]
      [Free CSet: 0.2 ms]
   [Eden: 254.0M(254.0M)->0.0B(258.0M) Survivors: 29696.0K->25600.0K Heap: 371.7M(472.0M)->114.2M(472.0M)]
 [Times: user=0.06 sys=0.00, real=0.04 secs] 
2024-07-06T11:25:56.187+0800: 110.353: [GC pause (G1 Evacuation Pause) (young), 0.0305223 secs]
   [Parallel Time: 30.0 ms, GC Workers: 2]
      [GC Worker Start (ms): Min: 110353.6, Avg: 110353.6, Max: 110353.6, Diff: 0.0]
      [Ext Root Scanning (ms): Min: 0.6, Avg: 0.6, Max: 0.6, Diff: 0.0, Sum: 1.2]
      [Update RS (ms): Min: 0.0, Avg: 0.0, Max: 0.0, Diff: 0.0, Sum: 0.1]
         [Processed Buffers: Min: 2, Avg: 3.0, Max: 4, Diff: 2, Sum: 6]
      [Scan RS (ms): Min: 0.1, Avg: 0.1, Max: 0.1, Diff: 0.0, Sum: 0.2]
      [Code Root Scanning (ms): Min: 0.0, Avg: 0.0, Max: 0.0, Diff: 0.0, Sum: 0.0]
      [Object Copy (ms): Min: 29.2, Avg: 29.3, Max: 29.3, Diff: 0.0, Sum: 58.5]
      [Termination (ms): Min: 0.0, Avg: 0.0, Max: 0.0, Diff: 0.0, Sum: 0.0]
         [Termination Attempts: Min: 1, Avg: 1.0, Max: 1, Diff: 0, Sum: 2]
      [GC Worker Other (ms): Min: 0.0, Avg: 0.0, Max: 0.0, Diff: 0.0, Sum: 0.0]
      [GC Worker Total (ms): Min: 30.0, Avg: 30.0, Max: 30.0, Diff: 0.0, Sum: 60.0]
      [GC Worker End (ms): Min: 110383.5, Avg: 110383.5, Max: 110383.5, Diff: 0.0]
   [Code Root Fixup: 0.0 ms]
   [Code Root Purge: 0.0 ms]
   [Clear CT: 0.1 ms]
   [Other: 0.4 ms]
      [Choose CSet: 0.0 ms]
      [Ref Proc: 0.1 ms]
      [Ref Enq: 0.0 ms]
      [Redirty Cards: 0.0 ms]
      [Humongous Register: 0.0 ms]
      [Humongous Reclaim: 0.0 ms]
      [Free CSet: 0.2 ms]
   [Eden: 258.0M(258.0M)->0.0B(260.0M) Survivors: 25600.0K->23552.0K Heap: 372.2M(472.0M)->111.7M(472.0M)]
 [Times: user=0.06 sys=0.00, real=0.03 secs] 
2024-07-06T11:25:56.699+0800: 110.865: [GC pause (G1 Evacuation Pause) (young), 0.0140030 secs]
   [Parallel Time: 13.5 ms, GC Workers: 2]
      [GC Worker Start (ms): Min: 110865.5, Avg: 110865.5, Max: 110865.5, Diff: 0.0]
      [Ext Root Scanning (ms): Min: 0.6, Avg: 0.6, Max: 0.6, Diff: 0.0, Sum: 1.2]
      [Update RS (ms): Min: 0.0, Avg: 0.0, Max: 0.0, Diff: 0.0, Sum: 0.1]
         [Processed Buffers: Min: 1, Avg: 2.5, Max: 4, Diff: 3, Sum: 5]
      [Scan RS (ms): Min: 0.1, Avg: 0.1, Max: 0.1, Diff: 0.0, Sum: 0.2]
      [Code Root Scanning (ms): Min: 0.0, Avg: 0.0, Max: 0.0, Diff: 0.0, Sum: 0.0]
      [Object Copy (ms): Min: 12.7, Avg: 12.7, Max: 12.7, Diff: 0.0, Sum: 25.4]
      [Termination (ms): Min: 0.0, Avg: 0.0, Max: 0.0, Diff: 0.0, Sum: 0.0]
         [Termination Attempts: Min: 1, Avg: 1.0, Max: 1, Diff: 0, Sum: 2]
      [GC Worker Other (ms): Min: 0.0, Avg: 0.0, Max: 0.0, Diff: 0.0, Sum: 0.0]
      [GC Worker Total (ms): Min: 13.4, Avg: 13.4, Max: 13.4, Diff: 0.0, Sum: 26.8]
      [GC Worker End (ms): Min: 110879.0, Avg: 110879.0, Max: 110879.0, Diff: 0.0]
   [Code Root Fixup: 0.0 ms]
   [Code Root Purge: 0.0 ms]
   [Clear CT: 0.1 ms]
   [Other: 0.4 ms]
      [Choose CSet: 0.0 ms]
      [Ref Proc: 0.1 ms]
      [Ref Enq: 0.0 ms]
      [Redirty Cards: 0.1 ms]
      [Humongous Register: 0.0 ms]
      [Humongous Reclaim: 0.0 ms]
      [Free CSet: 0.2 ms]
   [Eden: 260.0M(260.0M)->0.0B(272.0M) Survivors: 23552.0K->11264.0K Heap: 371.7M(472.0M)->102095.0K(472.0M)]
 [Times: user=0.03 sys=0.00, real=0.01 secs] 
2024-07-06T11:25:57.115+0800: 111.281: [GC pause (G1 Evacuation Pause) (young), 0.0108246 secs]
   [Parallel Time: 10.3 ms, GC Workers: 2]
      [GC Worker Start (ms): Min: 111280.9, Avg: 111280.9, Max: 111280.9, Diff: 0.0]
      [Ext Root Scanning (ms): Min: 0.5, Avg: 0.5, Max: 0.5, Diff: 0.0, Sum: 1.0]
      [Update RS (ms): Min: 0.0, Avg: 0.0, Max: 0.0, Diff: 0.0, Sum: 0.1]
         [Processed Buffers: Min: 1, Avg: 2.5, Max: 4, Diff: 3, Sum: 5]
      [Scan RS (ms): Min: 0.1, Avg: 0.1, Max: 0.1, Diff: 0.0, Sum: 0.2]
      [Code Root Scanning (ms): Min: 0.0, Avg: 0.0, Max: 0.0, Diff: 0.0, Sum: 0.0]
      [Object Copy (ms): Min: 9.6, Avg: 9.6, Max: 9.6, Diff: 0.0, Sum: 19.2]
      [Termination (ms): Min: 0.0, Avg: 0.0, Max: 0.0, Diff: 0.0, Sum: 0.0]
         [Termination Attempts: Min: 1, Avg: 1.0, Max: 1, Diff: 0, Sum: 2]
      [GC Worker Other (ms): Min: 0.0, Avg: 0.0, Max: 0.0, Diff: 0.0, Sum: 0.0]
      [GC Worker Total (ms): Min: 10.2, Avg: 10.2, Max: 10.2, Diff: 0.0, Sum: 20.5]
      [GC Worker End (ms): Min: 111291.1, Avg: 111291.1, Max: 111291.1, Diff: 0.0]
   [Code Root Fixup: 0.0 ms]
   [Code Root Purge: 0.0 ms]
   [Clear CT: 0.1 ms]
   [Other: 0.4 ms]
      [Choose CSet: 0.0 ms]
      [Ref Proc: 0.1 ms]
      [Ref Enq: 0.0 ms]
      [Redirty Cards: 0.1 ms]
      [Humongous Register: 0.0 ms]
      [Humongous Reclaim: 0.0 ms]
      [Free CSet: 0.2 ms]
   [Eden: 272.0M(272.0M)->0.0B(271.0M) Survivors: 11264.0K->12288.0K Heap: 371.7M(472.0M)->100.7M(472.0M)]
 [Times: user=0.03 sys=0.00, real=0.01 secs] 
2024-07-06T11:25:57.559+0800: 111.725: [GC pause (G1 Evacuation Pause) (young), 0.0299489 secs]
   [Parallel Time: 28.8 ms, GC Workers: 2]
      [GC Worker Start (ms): Min: 111725.5, Avg: 111725.5, Max: 111725.5, Diff: 0.0]
      [Ext Root Scanning (ms): Min: 0.5, Avg: 0.5, Max: 0.5, Diff: 0.0, Sum: 1.0]
      [Update RS (ms): Min: 0.0, Avg: 0.0, Max: 0.1, Diff: 0.1, Sum: 0.1]
         [Processed Buffers: Min: 0, Avg: 2.5, Max: 5, Diff: 5, Sum: 5]
      [Scan RS (ms): Min: 0.1, Avg: 0.1, Max: 0.1, Diff: 0.0, Sum: 0.2]
      [Code Root Scanning (ms): Min: 0.0, Avg: 0.0, Max: 0.0, Diff: 0.0, Sum: 0.0]
      [Object Copy (ms): Min: 28.1, Avg: 28.1, Max: 28.1, Diff: 0.0, Sum: 56.2]
      [Termination (ms): Min: 0.0, Avg: 0.0, Max: 0.0, Diff: 0.0, Sum: 0.0]
         [Termination Attempts: Min: 1, Avg: 1.0, Max: 1, Diff: 0, Sum: 2]
      [GC Worker Other (ms): Min: 0.0, Avg: 0.0, Max: 0.0, Diff: 0.0, Sum: 0.0]
      [GC Worker Total (ms): Min: 28.7, Avg: 28.7, Max: 28.7, Diff: 0.0, Sum: 57.4]
      [GC Worker End (ms): Min: 111754.2, Avg: 111754.2, Max: 111754.2, Diff: 0.0]
   [Code Root Fixup: 0.0 ms]
   [Code Root Purge: 0.0 ms]
   [Clear CT: 0.1 ms]
   [Other: 1.1 ms]
      [Choose CSet: 0.0 ms]
      [Ref Proc: 0.1 ms]
      [Ref Enq: 0.0 ms]
      [Redirty Cards: 0.7 ms]
      [Humongous Register: 0.0 ms]
      [Humongous Reclaim: 0.0 ms]
      [Free CSet: 0.2 ms]
   [Eden: 271.0M(271.0M)->0.0B(257.0M) Survivors: 12288.0K->26624.0K Heap: 371.7M(472.0M)->114.7M(472.0M)]
 [Times: user=0.06 sys=0.00, real=0.03 secs] 
2024-07-06T11:25:58.041+0800: 112.207: [GC pause (G1 Evacuation Pause) (young), 0.0283260 secs]
   [Parallel Time: 27.8 ms, GC Workers: 2]
      [GC Worker Start (ms): Min: 112207.6, Avg: 112207.6, Max: 112207.6, Diff: 0.0]
      [Ext Root Scanning (ms): Min: 0.5, Avg: 0.5, Max: 0.5, Diff: 0.0, Sum: 1.0]
      [Update RS (ms): Min: 0.0, Avg: 0.0, Max: 0.0, Diff: 0.0, Sum: 0.1]
         [Processed Buffers: Min: 2, Avg: 2.5, Max: 3, Diff: 1, Sum: 5]
      [Scan RS (ms): Min: 0.1, Avg: 0.1, Max: 0.1, Diff: 0.0, Sum: 0.2]
      [Code Root Scanning (ms): Min: 0.0, Avg: 0.0, Max: 0.0, Diff: 0.0, Sum: 0.0]
      [Object Copy (ms): Min: 27.1, Avg: 27.1, Max: 27.1, Diff: 0.0, Sum: 54.2]
      [Termination (ms): Min: 0.0, Avg: 0.0, Max: 0.0, Diff: 0.0, Sum: 0.0]
         [Termination Attempts: Min: 1, Avg: 1.0, Max: 1, Diff: 0, Sum: 2]
      [GC Worker Other (ms): Min: 0.0, Avg: 0.0, Max: 0.0, Diff: 0.0, Sum: 0.0]
      [GC Worker Total (ms): Min: 27.7, Avg: 27.7, Max: 27.7, Diff: 0.0, Sum: 55.5]
      [GC Worker End (ms): Min: 112235.3, Avg: 112235.3, Max: 112235.3, Diff: 0.0]
   [Code Root Fixup: 0.0 ms]
   [Code Root Purge: 0.0 ms]
   [Clear CT: 0.1 ms]
   [Other: 0.4 ms]
      [Choose CSet: 0.0 ms]
      [Ref Proc: 0.1 ms]
      [Ref Enq: 0.0 ms]
      [Redirty Cards: 0.1 ms]
      [Humongous Register: 0.0 ms]
      [Humongous Reclaim: 0.0 ms]
      [Free CSet: 0.2 ms]
   [Eden: 257.0M(257.0M)->0.0B(258.0M) Survivors: 26624.0K->25600.0K Heap: 371.7M(472.0M)->114.2M(472.0M)]
 [Times: user=0.06 sys=0.00, real=0.03 secs] 
2024-07-06T11:25:58.581+0800: 112.747: [GC pause (G1 Evacuation Pause) (young), 0.0258209 secs]
   [Parallel Time: 25.1 ms, GC Workers: 2]
      [GC Worker Start (ms): Min: 112746.9, Avg: 112746.9, Max: 112746.9, Diff: 0.0]
      [Ext Root Scanning (ms): Min: 0.6, Avg: 0.6, Max: 0.6, Diff: 0.0, Sum: 1.2]
      [Update RS (ms): Min: 0.0, Avg: 0.0, Max: 0.0, Diff: 0.0, Sum: 0.1]
         [Processed Buffers: Min: 3, Avg: 3.0, Max: 3, Diff: 0, Sum: 6]
      [Scan RS (ms): Min: 0.1, Avg: 0.1, Max: 0.1, Diff: 0.0, Sum: 0.2]
      [Code Root Scanning (ms): Min: 0.0, Avg: 0.0, Max: 0.0, Diff: 0.0, Sum: 0.0]
      [Object Copy (ms): Min: 24.3, Avg: 24.3, Max: 24.3, Diff: 0.0, Sum: 48.6]
      [Termination (ms): Min: 0.0, Avg: 0.0, Max: 0.0, Diff: 0.0, Sum: 0.0]
         [Termination Attempts: Min: 1, Avg: 1.0, Max: 1, Diff: 0, Sum: 2]
      [GC Worker Other (ms): Min: 0.0, Avg: 0.0, Max: 0.0, Diff: 0.0, Sum: 0.0]
      [GC Worker Total (ms): Min: 25.1, Avg: 25.1, Max: 25.1, Diff: 0.0, Sum: 50.1]
      [GC Worker End (ms): Min: 112772.0, Avg: 112772.0, Max: 112772.0, Diff: 0.0]
   [Code Root Fixup: 0.0 ms]
   [Code Root Purge: 0.0 ms]
   [Clear CT: 0.2 ms]
   [Other: 0.5 ms]
      [Choose CSet: 0.0 ms]
      [Ref Proc: 0.1 ms]
      [Ref Enq: 0.0 ms]
      [Redirty Cards: 0.1 ms]
      [Humongous Register: 0.0 ms]
      [Humongous Reclaim: 0.0 ms]
      [Free CSet: 0.2 ms]
   [Eden: 258.0M(258.0M)->0.0B(262.0M) Survivors: 25600.0K->21504.0K Heap: 372.2M(472.0M)->109.7M(472.0M)]
 [Times: user=0.05 sys=0.00, real=0.02 secs] 
2024-07-06T11:25:59.130+0800: 113.296: [GC pause (G1 Evacuation Pause) (young), 0.0311128 secs]
   [Parallel Time: 30.5 ms, GC Workers: 2]
      [GC Worker Start (ms): Min: 113296.1, Avg: 113296.1, Max: 113296.1, Diff: 0.0]
      [Ext Root Scanning (ms): Min: 0.5, Avg: 0.5, Max: 0.5, Diff: 0.0, Sum: 1.0]
      [Update RS (ms): Min: 0.0, Avg: 0.0, Max: 0.0, Diff: 0.0, Sum: 0.1]
         [Processed Buffers: Min: 3, Avg: 3.0, Max: 3, Diff: 0, Sum: 6]
      [Scan RS (ms): Min: 0.1, Avg: 0.1, Max: 0.1, Diff: 0.0, Sum: 0.2]
      [Code Root Scanning (ms): Min: 0.0, Avg: 0.0, Max: 0.0, Diff: 0.0, Sum: 0.0]
      [Object Copy (ms): Min: 29.7, Avg: 29.7, Max: 29.7, Diff: 0.0, Sum: 59.5]
      [Termination (ms): Min: 0.0, Avg: 0.0, Max: 0.0, Diff: 0.0, Sum: 0.0]
         [Termination Attempts: Min: 1, Avg: 1.0, Max: 1, Diff: 0, Sum: 2]
      [GC Worker Other (ms): Min: 0.0, Avg: 0.0, Max: 0.0, Diff: 0.0, Sum: 0.0]
      [GC Worker Total (ms): Min: 30.4, Avg: 30.4, Max: 30.4, Diff: 0.0, Sum: 60.8]
      [GC Worker End (ms): Min: 113326.5, Avg: 113326.5, Max: 113326.5, Diff: 0.0]
   [Code Root Fixup: 0.0 ms]
   [Code Root Purge: 0.0 ms]
   [Clear CT: 0.1 ms]
   [Other: 0.5 ms]
      [Choose CSet: 0.0 ms]
      [Ref Proc: 0.1 ms]
      [Ref Enq: 0.0 ms]
      [Redirty Cards: 0.1 ms]
      [Humongous Register: 0.0 ms]
      [Humongous Reclaim: 0.0 ms]
      [Free CSet: 0.2 ms]
   [Eden: 262.0M(262.0M)->0.0B(260.0M) Survivors: 21504.0K->23552.0K Heap: 371.7M(472.0M)->112.2M(472.0M)]
 [Times: user=0.06 sys=0.00, real=0.03 secs] 
2024-07-06T11:25:59.646+0800: 113.812: [GC pause (G1 Evacuation Pause) (young), 0.0265001 secs]
   [Parallel Time: 25.9 ms, GC Workers: 2]
      [GC Worker Start (ms): Min: 113811.9, Avg: 113811.9, Max: 113811.9, Diff: 0.0]
      [Ext Root Scanning (ms): Min: 0.5, Avg: 0.5, Max: 0.5, Diff: 0.0, Sum: 1.1]
      [Update RS (ms): Min: 0.0, Avg: 0.0, Max: 0.0, Diff: 0.0, Sum: 0.1]
         [Processed Buffers: Min: 1, Avg: 3.0, Max: 5, Diff: 4, Sum: 6]
      [Scan RS (ms): Min: 0.1, Avg: 0.1, Max: 0.1, Diff: 0.0, Sum: 0.2]
      [Code Root Scanning (ms): Min: 0.0, Avg: 0.0, Max: 0.0, Diff: 0.0, Sum: 0.0]
      [Object Copy (ms): Min: 25.2, Avg: 25.2, Max: 25.2, Diff: 0.0, Sum: 50.4]
      [Termination (ms): Min: 0.0, Avg: 0.0, Max: 0.0, Diff: 0.0, Sum: 0.0]
         [Termination Attempts: Min: 1, Avg: 1.0, Max: 1, Diff: 0, Sum: 2]
      [GC Worker Other (ms): Min: 0.0, Avg: 0.0, Max: 0.0, Diff: 0.0, Sum: 0.0]
      [GC Worker Total (ms): Min: 25.8, Avg: 25.9, Max: 25.9, Diff: 0.0, Sum: 51.7]
      [GC Worker End (ms): Min: 113837.7, Avg: 113837.7, Max: 113837.7, Diff: 0.0]
   [Code Root Fixup: 0.0 ms]
   [Code Root Purge: 0.0 ms]
   [Clear CT: 0.1 ms]
   [Other: 0.5 ms]
      [Choose CSet: 0.0 ms]
      [Ref Proc: 0.1 ms]
      [Ref Enq: 0.0 ms]
      [Redirty Cards: 0.1 ms]
      [Humongous Register: 0.0 ms]
      [Humongous Reclaim: 0.0 ms]
      [Free CSet: 0.2 ms]
   [Eden: 260.0M(260.0M)->0.0B(260.0M) Survivors: 23552.0K->23552.0K Heap: 372.2M(472.0M)->112.2M(472.0M)]
 [Times: user=0.05 sys=0.00, real=0.03 secs] 
2024-07-06T11:26:00.060+0800: 114.226: [GC pause (G1 Evacuation Pause) (young), 0.0384247 secs]
   [Parallel Time: 37.8 ms, GC Workers: 2]
      [GC Worker Start (ms): Min: 114225.8, Avg: 114225.8, Max: 114225.8, Diff: 0.0]
      [Ext Root Scanning (ms): Min: 0.6, Avg: 0.6, Max: 0.6, Diff: 0.0, Sum: 1.1]
      [Update RS (ms): Min: 0.0, Avg: 0.0, Max: 0.0, Diff: 0.0, Sum: 0.1]
         [Processed Buffers: Min: 2, Avg: 2.5, Max: 3, Diff: 1, Sum: 5]
      [Scan RS (ms): Min: 0.1, Avg: 0.1, Max: 0.1, Diff: 0.0, Sum: 0.2]
      [Code Root Scanning (ms): Min: 0.0, Avg: 0.0, Max: 0.0, Diff: 0.0, Sum: 0.0]
      [Object Copy (ms): Min: 37.0, Avg: 37.0, Max: 37.1, Diff: 0.0, Sum: 74.1]
      [Termination (ms): Min: 0.0, Avg: 0.0, Max: 0.0, Diff: 0.0, Sum: 0.0]
         [Termination Attempts: Min: 1, Avg: 1.0, Max: 1, Diff: 0, Sum: 2]
      [GC Worker Other (ms): Min: 0.0, Avg: 0.0, Max: 0.0, Diff: 0.0, Sum: 0.0]
      [GC Worker Total (ms): Min: 37.7, Avg: 37.7, Max: 37.7, Diff: 0.0, Sum: 75.5]
      [GC Worker End (ms): Min: 114263.6, Avg: 114263.6, Max: 114263.6, Diff: 0.0]
   [Code Root Fixup: 0.0 ms]
   [Code Root Purge: 0.0 ms]
   [Clear CT: 0.1 ms]
   [Other: 0.5 ms]
      [Choose CSet: 0.0 ms]
      [Ref Proc: 0.1 ms]
      [Ref Enq: 0.0 ms]
      [Redirty Cards: 0.1 ms]
      [Humongous Register: 0.0 ms]
      [Humongous Reclaim: 0.0 ms]
      [Free CSet: 0.2 ms]
   [Eden: 260.0M(260.0M)->0.0B(251.0M) Survivors: 23552.0K->32768.0K Heap: 372.2M(472.0M)->120.7M(472.0M)]
 [Times: user=0.07 sys=0.00, real=0.04 secs] 
2024-07-06T11:26:00.579+0800: 114.745: [GC pause (G1 Evacuation Pause) (young), 0.0365248 secs]
   [Parallel Time: 35.8 ms, GC Workers: 2]
      [GC Worker Start (ms): Min: 114744.9, Avg: 114745.0, Max: 114745.0, Diff: 0.1]
      [Ext Root Scanning (ms): Min: 0.6, Avg: 0.6, Max: 0.6, Diff: 0.0, Sum: 1.2]
      [Update RS (ms): Min: 0.0, Avg: 0.0, Max: 0.0, Diff: 0.0, Sum: 0.1]
         [Processed Buffers: Min: 1, Avg: 2.5, Max: 4, Diff: 3, Sum: 5]
      [Scan RS (ms): Min: 0.1, Avg: 0.1, Max: 0.1, Diff: 0.0, Sum: 0.2]
      [Code Root Scanning (ms): Min: 0.0, Avg: 0.0, Max: 0.0, Diff: 0.0, Sum: 0.0]
      [Object Copy (ms): Min: 35.0, Avg: 35.0, Max: 35.0, Diff: 0.0, Sum: 70.0]
      [Termination (ms): Min: 0.0, Avg: 0.0, Max: 0.0, Diff: 0.0, Sum: 0.0]
         [Termination Attempts: Min: 1, Avg: 1.0, Max: 1, Diff: 0, Sum: 2]
      [GC Worker Other (ms): Min: 0.0, Avg: 0.0, Max: 0.0, Diff: 0.0, Sum: 0.0]
      [GC Worker Total (ms): Min: 35.7, Avg: 35.7, Max: 35.8, Diff: 0.1, Sum: 71.5]
      [GC Worker End (ms): Min: 114780.7, Avg: 114780.7, Max: 114780.7, Diff: 0.0]
   [Code Root Fixup: 0.0 ms]
   [Code Root Purge: 0.0 ms]
   [Clear CT: 0.1 ms]
   [Other: 0.5 ms]
      [Choose CSet: 0.0 ms]
      [Ref Proc: 0.1 ms]
      [Ref Enq: 0.0 ms]
      [Redirty Cards: 0.1 ms]
      [Humongous Register: 0.0 ms]
      [Humongous Reclaim: 0.0 ms]
      [Free CSet: 0.2 ms]
   [Eden: 251.0M(251.0M)->0.0B(254.0M) Survivors: 32768.0K->29696.0K Heap: 371.7M(472.0M)->117.7M(472.0M)]
 [Times: user=0.07 sys=0.00, real=0.04 secs] 
2024-07-06T11:26:01.069+0800: 115.236: [GC pause (G1 Evacuation Pause) (young), 0.0335502 secs]
   [Parallel Time: 33.0 ms, GC Workers: 2]
      [GC Worker Start (ms): Min: 115235.6, Avg: 115235.7, Max: 115235.7, Diff: 0.0]
      [Ext Root Scanning (ms): Min: 0.5, Avg: 0.5, Max: 0.5, Diff: 0.0, Sum: 1.1]
      [Update RS (ms): Min: 0.0, Avg: 0.0, Max: 0.0, Diff: 0.0, Sum: 0.1]
         [Processed Buffers: Min: 1, Avg: 2.5, Max: 4, Diff: 3, Sum: 5]
      [Scan RS (ms): Min: 0.1, Avg: 0.1, Max: 0.1, Diff: 0.0, Sum: 0.2]
      [Code Root Scanning (ms): Min: 0.0, Avg: 0.0, Max: 0.0, Diff: 0.0, Sum: 0.0]
      [Object Copy (ms): Min: 32.2, Avg: 32.2, Max: 32.2, Diff: 0.0, Sum: 64.5]
      [Termination (ms): Min: 0.0, Avg: 0.0, Max: 0.0, Diff: 0.0, Sum: 0.0]
         [Termination Attempts: Min: 1, Avg: 1.0, Max: 1, Diff: 0, Sum: 2]
      [GC Worker Other (ms): Min: 0.0, Avg: 0.0, Max: 0.0, Diff: 0.0, Sum: 0.0]
      [GC Worker Total (ms): Min: 32.9, Avg: 32.9, Max: 32.9, Diff: 0.0, Sum: 65.8]
      [GC Worker End (ms): Min: 115268.6, Avg: 115268.6, Max: 115268.6, Diff: 0.0]
   [Code Root Fixup: 0.0 ms]
   [Code Root Purge: 0.0 ms]
   [Clear CT: 0.1 ms]
   [Other: 0.5 ms]
      [Choose CSet: 0.0 ms]
      [Ref Proc: 0.1 ms]
      [Ref Enq: 0.0 ms]
      [Redirty Cards: 0.1 ms]
      [Humongous Register: 0.0 ms]
      [Humongous Reclaim: 0.0 ms]
      [Free CSet: 0.2 ms]
   [Eden: 254.0M(254.0M)->0.0B(258.0M) Survivors: 29696.0K->25600.0K Heap: 371.7M(472.0M)->114.2M(472.0M)]
 [Times: user=0.07 sys=0.00, real=0.03 secs] 
2024-07-06T11:26:01.519+0800: 115.685: [GC pause (G1 Evacuation Pause) (young), 0.0195635 secs]
   [Parallel Time: 19.0 ms, GC Workers: 2]
      [GC Worker Start (ms): Min: 115685.6, Avg: 115685.6, Max: 115685.6, Diff: 0.0]
      [Ext Root Scanning (ms): Min: 0.5, Avg: 0.6, Max: 0.6, Diff: 0.0, Sum: 1.1]
      [Update RS (ms): Min: 0.0, Avg: 0.0, Max: 0.0, Diff: 0.0, Sum: 0.1]
         [Processed Buffers: Min: 2, Avg: 2.5, Max: 3, Diff: 1, Sum: 5]
      [Scan RS (ms): Min: 0.1, Avg: 0.1, Max: 0.1, Diff: 0.0, Sum: 0.2]
      [Code Root Scanning (ms): Min: 0.0, Avg: 0.0, Max: 0.0, Diff: 0.0, Sum: 0.0]
      [Object Copy (ms): Min: 18.2, Avg: 18.2, Max: 18.2, Diff: 0.0, Sum: 36.4]
      [Termination (ms): Min: 0.0, Avg: 0.0, Max: 0.0, Diff: 0.0, Sum: 0.0]
         [Termination Attempts: Min: 1, Avg: 1.0, Max: 1, Diff: 0, Sum: 2]
      [GC Worker Other (ms): Min: 0.0, Avg: 0.0, Max: 0.0, Diff: 0.0, Sum: 0.0]
      [GC Worker Total (ms): Min: 18.9, Avg: 18.9, Max: 18.9, Diff: 0.0, Sum: 37.8]
      [GC Worker End (ms): Min: 115704.5, Avg: 115704.5, Max: 115704.5, Diff: 0.0]
   [Code Root Fixup: 0.0 ms]
   [Code Root Purge: 0.0 ms]
   [Clear CT: 0.1 ms]
   [Other: 0.5 ms]
      [Choose CSet: 0.0 ms]
      [Ref Proc: 0.1 ms]
      [Ref Enq: 0.0 ms]
      [Redirty Cards: 0.0 ms]
      [Humongous Register: 0.0 ms]
      [Humongous Reclaim: 0.0 ms]
      [Free CSet: 0.2 ms]
   [Eden: 258.0M(258.0M)->0.0B(265.0M) Survivors: 25600.0K->18432.0K Heap: 372.2M(472.0M)->107.2M(472.0M)]
 [Times: user=0.04 sys=0.00, real=0.02 secs] 
2024-07-06T11:26:02.021+0800: 116.187: [GC pause (G1 Evacuation Pause) (young), 0.0222553 secs]
   [Parallel Time: 21.4 ms, GC Workers: 2]
      [GC Worker Start (ms): Min: 116187.6, Avg: 116187.6, Max: 116187.6, Diff: 0.0]
      [Ext Root Scanning (ms): Min: 1.0, Avg: 1.0, Max: 1.0, Diff: 0.0, Sum: 2.0]
      [Update RS (ms): Min: 0.0, Avg: 0.0, Max: 0.0, Diff: 0.0, Sum: 0.1]
         [Processed Buffers: Min: 2, Avg: 2.5, Max: 3, Diff: 1, Sum: 5]
      [Scan RS (ms): Min: 0.1, Avg: 0.1, Max: 0.1, Diff: 0.0, Sum: 0.2]
      [Code Root Scanning (ms): Min: 0.0, Avg: 0.0, Max: 0.0, Diff: 0.0, Sum: 0.0]
      [Object Copy (ms): Min: 20.1, Avg: 20.1, Max: 20.1, Diff: 0.0, Sum: 40.3]
      [Termination (ms): Min: 0.0, Avg: 0.0, Max: 0.0, Diff: 0.0, Sum: 0.0]
         [Termination Attempts: Min: 1, Avg: 1.0, Max: 1, Diff: 0, Sum: 2]
      [GC Worker Other (ms): Min: 0.0, Avg: 0.0, Max: 0.0, Diff: 0.0, Sum: 0.0]
      [GC Worker Total (ms): Min: 21.3, Avg: 21.3, Max: 21.3, Diff: 0.0, Sum: 42.6]
      [GC Worker End (ms): Min: 116208.9, Avg: 116208.9, Max: 116208.9, Diff: 0.0]
   [Code Root Fixup: 0.0 ms]
   [Code Root Purge: 0.0 ms]
   [Clear CT: 0.3 ms]
   [Other: 0.6 ms]
      [Choose CSet: 0.0 ms]
      [Ref Proc: 0.1 ms]
      [Ref Enq: 0.0 ms]
      [Redirty Cards: 0.1 ms]
      [Humongous Register: 0.1 ms]
      [Humongous Reclaim: 0.0 ms]
      [Free CSet: 0.2 ms]
   [Eden: 265.0M(265.0M)->0.0B(267.0M) Survivors: 18432.0K->16384.0K Heap: 372.2M(472.0M)->104.7M(472.0M)]
 [Times: user=0.05 sys=0.00, real=0.02 secs] 
2024-07-06T11:26:02.582+0800: 116.749: [GC pause (G1 Evacuation Pause) (young), 0.0125835 secs]
   [Parallel Time: 12.0 ms, GC Workers: 2]
      [GC Worker Start (ms): Min: 116748.8, Avg: 116748.8, Max: 116748.8, Diff: 0.0]
      [Ext Root Scanning (ms): Min: 0.6, Avg: 0.6, Max: 0.6, Diff: 0.0, Sum: 1.2]
      [Update RS (ms): Min: 0.0, Avg: 0.0, Max: 0.1, Diff: 0.0, Sum: 0.1]
         [Processed Buffers: Min: 3, Avg: 3.0, Max: 3, Diff: 0, Sum: 6]
      [Scan RS (ms): Min: 0.1, Avg: 0.1, Max: 0.1, Diff: 0.0, Sum: 0.2]
      [Code Root Scanning (ms): Min: 0.0, Avg: 0.0, Max: 0.0, Diff: 0.0, Sum: 0.0]
      [Object Copy (ms): Min: 11.1, Avg: 11.2, Max: 11.2, Diff: 0.0, Sum: 22.3]
      [Termination (ms): Min: 0.0, Avg: 0.0, Max: 0.0, Diff: 0.0, Sum: 0.0]
         [Termination Attempts: Min: 13, Avg: 14.5, Max: 16, Diff: 3, Sum: 29]
      [GC Worker Other (ms): Min: 0.0, Avg: 0.0, Max: 0.0, Diff: 0.0, Sum: 0.0]
      [GC Worker Total (ms): Min: 11.9, Avg: 11.9, Max: 11.9, Diff: 0.0, Sum: 23.8]
      [GC Worker End (ms): Min: 116760.7, Avg: 116760.7, Max: 116760.7, Diff: 0.0]
   [Code Root Fixup: 0.0 ms]
   [Code Root Purge: 0.0 ms]
   [Clear CT: 0.1 ms]
   [Other: 0.4 ms]
      [Choose CSet: 0.0 ms]
      [Ref Proc: 0.1 ms]
      [Ref Enq: 0.0 ms]
      [Redirty Cards: 0.0 ms]
      [Humongous Register: 0.0 ms]
      [Humongous Reclaim: 0.0 ms]
      [Free CSet: 0.2 ms]
   [Eden: 267.0M(267.0M)->0.0B(270.0M) Survivors: 16384.0K->13312.0K Heap: 371.7M(472.0M)->101.7M(472.0M)]
 [Times: user=0.02 sys=0.00, real=0.02 secs] 
2024-07-06T11:26:03.027+0800: 117.193: [GC pause (G1 Evacuation Pause) (young), 0.0268226 secs]
   [Parallel Time: 26.2 ms, GC Workers: 2]
      [GC Worker Start (ms): Min: 117193.5, Avg: 117193.8, Max: 117194.1, Diff: 0.6]
      [Ext Root Scanning (ms): Min: 0.3, Avg: 1.0, Max: 1.7, Diff: 1.4, Sum: 2.0]
      [Update RS (ms): Min: 0.0, Avg: 0.0, Max: 0.0, Diff: 0.0, Sum: 0.0]
         [Processed Buffers: Min: 0, Avg: 2.5, Max: 5, Diff: 5, Sum: 5]
      [Scan RS (ms): Min: 0.0, Avg: 0.1, Max: 0.1, Diff: 0.1, Sum: 0.2]
      [Code Root Scanning (ms): Min: 0.0, Avg: 0.0, Max: 0.0, Diff: 0.0, Sum: 0.0]
      [Object Copy (ms): Min: 24.4, Avg: 24.8, Max: 25.1, Diff: 0.7, Sum: 49.6]
      [Termination (ms): Min: 0.0, Avg: 0.0, Max: 0.0, Diff: 0.0, Sum: 0.0]
         [Termination Attempts: Min: 1, Avg: 1.0, Max: 1, Diff: 0, Sum: 2]
      [GC Worker Other (ms): Min: 0.0, Avg: 0.0, Max: 0.0, Diff: 0.0, Sum: 0.0]
      [GC Worker Total (ms): Min: 25.6, Avg: 25.9, Max: 26.2, Diff: 0.6, Sum: 51.9]
      [GC Worker End (ms): Min: 117219.7, Avg: 117219.7, Max: 117219.7, Diff: 0.0]
   [Code Root Fixup: 0.0 ms]
   [Code Root Purge: 0.0 ms]
   [Clear CT: 0.1 ms]
   [Other: 0.4 ms]
      [Choose CSet: 0.0 ms]
      [Ref Proc: 0.1 ms]
      [Ref Enq: 0.0 ms]
      [Redirty Cards: 0.0 ms]
      [Humongous Register: 0.0 ms]
      [Humongous Reclaim: 0.0 ms]
      [Free CSet: 0.2 ms]
   [Eden: 270.0M(270.0M)->0.0B(261.0M) Survivors: 13312.0K->22528.0K Heap: 371.7M(472.0M)->110.7M(472.0M)]
 [Times: user=0.05 sys=0.00, real=0.02 secs] 
2024-07-06T11:26:03.483+0800: 117.649: [GC pause (G1 Evacuation Pause) (young), 0.0283548 secs]
   [Parallel Time: 27.8 ms, GC Workers: 2]
      [GC Worker Start (ms): Min: 117649.5, Avg: 117649.5, Max: 117649.6, Diff: 0.0]
      [Ext Root Scanning (ms): Min: 0.6, Avg: 0.6, Max: 0.6, Diff: 0.0, Sum: 1.1]
      [Update RS (ms): Min: 0.0, Avg: 0.0, Max: 0.0, Diff: 0.0, Sum: 0.1]
         [Processed Buffers: Min: 1, Avg: 2.5, Max: 4, Diff: 3, Sum: 5]
      [Scan RS (ms): Min: 0.1, Avg: 0.1, Max: 0.1, Diff: 0.0, Sum: 0.2]
      [Code Root Scanning (ms): Min: 0.0, Avg: 0.0, Max: 0.0, Diff: 0.0, Sum: 0.0]
      [Object Copy (ms): Min: 27.0, Avg: 27.1, Max: 27.1, Diff: 0.0, Sum: 54.1]
      [Termination (ms): Min: 0.0, Avg: 0.0, Max: 0.0, Diff: 0.0, Sum: 0.0]
         [Termination Attempts: Min: 1, Avg: 1.0, Max: 1, Diff: 0, Sum: 2]
      [GC Worker Other (ms): Min: 0.0, Avg: 0.0, Max: 0.0, Diff: 0.0, Sum: 0.0]
      [GC Worker Total (ms): Min: 27.7, Avg: 27.7, Max: 27.7, Diff: 0.0, Sum: 55.5]
      [GC Worker End (ms): Min: 117677.3, Avg: 117677.3, Max: 117677.3, Diff: 0.0]
   [Code Root Fixup: 0.0 ms]
   [Code Root Purge: 0.0 ms]
   [Clear CT: 0.1 ms]
   [Other: 0.4 ms]
      [Choose CSet: 0.0 ms]
      [Ref Proc: 0.1 ms]
      [Ref Enq: 0.0 ms]
      [Redirty Cards: 0.1 ms]
      [Humongous Register: 0.0 ms]
      [Humongous Reclaim: 0.0 ms]
      [Free CSet: 0.1 ms]
   [Eden: 261.0M(261.0M)->0.0B(258.0M) Survivors: 22528.0K->25600.0K Heap: 371.7M(472.0M)->114.2M(472.0M)]
 [Times: user=0.06 sys=0.00, real=0.03 secs] 
2024-07-06T11:26:03.926+0800: 118.092: [GC pause (G1 Evacuation Pause) (young), 0.0352770 secs]
   [Parallel Time: 34.7 ms, GC Workers: 2]
      [GC Worker Start (ms): Min: 118092.0, Avg: 118092.0, Max: 118092.0, Diff: 0.0]
      [Ext Root Scanning (ms): Min: 0.5, Avg: 0.5, Max: 0.5, Diff: 0.0, Sum: 1.1]
      [Update RS (ms): Min: 0.0, Avg: 0.0, Max: 0.0, Diff: 0.0, Sum: 0.1]
         [Processed Buffers: Min: 1, Avg: 2.5, Max: 4, Diff: 3, Sum: 5]
      [Scan RS (ms): Min: 0.1, Avg: 0.1, Max: 0.1, Diff: 0.0, Sum: 0.2]
      [Code Root Scanning (ms): Min: 0.0, Avg: 0.0, Max: 0.0, Diff: 0.0, Sum: 0.0]
      [Object Copy (ms): Min: 33.9, Avg: 33.9, Max: 33.9, Diff: 0.0, Sum: 67.8]
      [Termination (ms): Min: 0.0, Avg: 0.0, Max: 0.0, Diff: 0.0, Sum: 0.0]
         [Termination Attempts: Min: 1, Avg: 1.0, Max: 1, Diff: 0, Sum: 2]
      [GC Worker Other (ms): Min: 0.0, Avg: 0.0, Max: 0.0, Diff: 0.0, Sum: 0.0]
      [GC Worker Total (ms): Min: 34.6, Avg: 34.6, Max: 34.6, Diff: 0.0, Sum: 69.1]
      [GC Worker End (ms): Min: 118126.6, Avg: 118126.6, Max: 118126.6, Diff: 0.0]
   [Code Root Fixup: 0.0 ms]
   [Code Root Purge: 0.0 ms]
   [Clear CT: 0.1 ms]
   [Other: 0.4 ms]
      [Choose CSet: 0.0 ms]
      [Ref Proc: 0.1 ms]
      [Ref Enq: 0.0 ms]
      [Redirty Cards: 0.0 ms]
      [Humongous Register: 0.0 ms]
      [Humongous Reclaim: 0.0 ms]
      [Free CSet: 0.2 ms]
   [Eden: 258.0M(258.0M)->0.0B(254.0M) Survivors: 25600.0K->29696.0K Heap: 372.2M(472.0M)->118.2M(472.0M)]
 [Times: user=0.07 sys=0.00, real=0.04 secs] 
2024-07-06T11:26:04.372+0800: 118.538: [GC pause (G1 Evacuation Pause) (young), 0.0317075 secs]
   [Parallel Time: 31.2 ms, GC Workers: 2]
      [GC Worker Start (ms): Min: 118538.4, Avg: 118538.4, Max: 118538.4, Diff: 0.0]
      [Ext Root Scanning (ms): Min: 0.5, Avg: 0.5, Max: 0.5, Diff: 0.0, Sum: 1.0]
      [Update RS (ms): Min: 0.0, Avg: 0.0, Max: 0.1, Diff: 0.0, Sum: 0.1]
         [Processed Buffers: Min: 1, Avg: 2.5, Max: 4, Diff: 3, Sum: 5]
      [Scan RS (ms): Min: 0.1, Avg: 0.1, Max: 0.1, Diff: 0.0, Sum: 0.2]
      [Code Root Scanning (ms): Min: 0.0, Avg: 0.0, Max: 0.0, Diff: 0.0, Sum: 0.0]
      [Object Copy (ms): Min: 30.4, Avg: 30.4, Max: 30.5, Diff: 0.1, Sum: 60.9]
      [Termination (ms): Min: 0.0, Avg: 0.0, Max: 0.0, Diff: 0.0, Sum: 0.0]
         [Termination Attempts: Min: 3, Avg: 4.0, Max: 5, Diff: 2, Sum: 8]
      [GC Worker Other (ms): Min: 0.0, Avg: 0.0, Max: 0.0, Diff: 0.0, Sum: 0.0]
      [GC Worker Total (ms): Min: 31.1, Avg: 31.1, Max: 31.1, Diff: 0.0, Sum: 62.2]
      [GC Worker End (ms): Min: 118569.5, Avg: 118569.5, Max: 118569.5, Diff: 0.0]
   [Code Root Fixup: 0.0 ms]
   [Code Root Purge: 0.0 ms]
   [Clear CT: 0.1 ms]
   [Other: 0.4 ms]
      [Choose CSet: 0.0 ms]
      [Ref Proc: 0.1 ms]
      [Ref Enq: 0.0 ms]
      [Redirty Cards: 0.0 ms]
      [Humongous Register: 0.0 ms]
      [Humongous Reclaim: 0.0 ms]
      [Free CSet: 0.2 ms]
   [Eden: 254.0M(254.0M)->0.0B(258.0M) Survivors: 29696.0K->25600.0K Heap: 372.2M(472.0M)->114.2M(472.0M)]
 [Times: user=0.06 sys=0.00, real=0.03 secs] 
2024-07-06T11:26:04.881+0800: 119.047: [GC pause (G1 Evacuation Pause) (young), 0.0295386 secs]
   [Parallel Time: 29.0 ms, GC Workers: 2]
      [GC Worker Start (ms): Min: 119047.5, Avg: 119047.5, Max: 119047.5, Diff: 0.0]
      [Ext Root Scanning (ms): Min: 0.5, Avg: 0.5, Max: 0.5, Diff: 0.0, Sum: 1.1]
      [Update RS (ms): Min: 0.0, Avg: 0.0, Max: 0.1, Diff: 0.0, Sum: 0.1]
         [Processed Buffers: Min: 1, Avg: 2.5, Max: 4, Diff: 3, Sum: 5]
      [Scan RS (ms): Min: 0.1, Avg: 0.1, Max: 0.1, Diff: 0.0, Sum: 0.2]
      [Code Root Scanning (ms): Min: 0.0, Avg: 0.0, Max: 0.0, Diff: 0.0, Sum: 0.0]
      [Object Copy (ms): Min: 28.3, Avg: 28.3, Max: 28.3, Diff: 0.0, Sum: 56.6]
      [Termination (ms): Min: 0.0, Avg: 0.0, Max: 0.0, Diff: 0.0, Sum: 0.0]
         [Termination Attempts: Min: 1, Avg: 1.0, Max: 1, Diff: 0, Sum: 2]
      [GC Worker Other (ms): Min: 0.0, Avg: 0.0, Max: 0.0, Diff: 0.0, Sum: 0.0]
      [GC Worker Total (ms): Min: 29.0, Avg: 29.0, Max: 29.0, Diff: 0.0, Sum: 58.0]
      [GC Worker End (ms): Min: 119076.5, Avg: 119076.5, Max: 119076.5, Diff: 0.0]
   [Code Root Fixup: 0.0 ms]
   [Code Root Purge: 0.0 ms]
   [Clear CT: 0.1 ms]
   [Other: 0.4 ms]
      [Choose CSet: 0.0 ms]
      [Ref Proc: 0.1 ms]
      [Ref Enq: 0.0 ms]
      [Redirty Cards: 0.0 ms]
      [Humongous Register: 0.0 ms]
      [Humongous Reclaim: 0.0 ms]
      [Free CSet: 0.1 ms]
   [Eden: 258.0M(258.0M)->0.0B(262.0M) Survivors: 25600.0K->21504.0K Heap: 372.2M(472.0M)->110.2M(472.0M)]
 [Times: user=0.05 sys=0.01, real=0.03 secs] 
2024-07-06T11:26:05.375+0800: 119.541: [GC pause (G1 Evacuation Pause) (young), 0.0113739 secs]
   [Parallel Time: 10.9 ms, GC Workers: 2]
      [GC Worker Start (ms): Min: 119541.6, Avg: 119541.6, Max: 119541.6, Diff: 0.0]
      [Ext Root Scanning (ms): Min: 0.5, Avg: 0.5, Max: 0.6, Diff: 0.0, Sum: 1.1]
      [Update RS (ms): Min: 0.0, Avg: 0.0, Max: 0.0, Diff: 0.0, Sum: 0.1]
         [Processed Buffers: Min: 2, Avg: 2.5, Max: 3, Diff: 1, Sum: 5]
      [Scan RS (ms): Min: 0.1, Avg: 0.1, Max: 0.1, Diff: 0.0, Sum: 0.2]
      [Code Root Scanning (ms): Min: 0.0, Avg: 0.0, Max: 0.0, Diff: 0.0, Sum: 0.0]
      [Object Copy (ms): Min: 10.2, Avg: 10.2, Max: 10.2, Diff: 0.0, Sum: 20.4]
      [Termination (ms): Min: 0.0, Avg: 0.0, Max: 0.0, Diff: 0.0, Sum: 0.0]
         [Termination Attempts: Min: 1, Avg: 1.0, Max: 1, Diff: 0, Sum: 2]
      [GC Worker Other (ms): Min: 0.0, Avg: 0.0, Max: 0.0, Diff: 0.0, Sum: 0.0]
      [GC Worker Total (ms): Min: 10.8, Avg: 10.8, Max: 10.9, Diff: 0.0, Sum: 21.7]
      [GC Worker End (ms): Min: 119552.4, Avg: 119552.4, Max: 119552.4, Diff: 0.0]
   [Code Root Fixup: 0.0 ms]
   [Code Root Purge: 0.0 ms]
   [Clear CT: 0.1 ms]
   [Other: 0.4 ms]
      [Choose CSet: 0.0 ms]
      [Ref Proc: 0.1 ms]
      [Ref Enq: 0.0 ms]
      [Redirty Cards: 0.0 ms]
      [Humongous Register: 0.0 ms]
      [Humongous Reclaim: 0.0 ms]
      [Free CSet: 0.1 ms]
   [Eden: 262.0M(262.0M)->0.0B(274.0M) Survivors: 21504.0K->9216.0K Heap: 372.2M(472.0M)->100593.5K(472.0M)]
 [Times: user=0.02 sys=0.00, real=0.00 secs] 
2024-07-06T11:26:05.896+0800: 120.063: [GC pause (G1 Evacuation Pause) (young), 0.0153910 secs]
   [Parallel Time: 14.7 ms, GC Workers: 2]
      [GC Worker Start (ms): Min: 120062.7, Avg: 120062.7, Max: 120062.7, Diff: 0.0]
      [Ext Root Scanning (ms): Min: 0.6, Avg: 0.6, Max: 0.6, Diff: 0.0, Sum: 1.2]
      [Update RS (ms): Min: 0.0, Avg: 0.0, Max: 0.0, Diff: 0.0, Sum: 0.1]
         [Processed Buffers: Min: 1, Avg: 2.5, Max: 4, Diff: 3, Sum: 5]
      [Scan RS (ms): Min: 0.1, Avg: 0.1, Max: 0.1, Diff: 0.0, Sum: 0.2]
      [Code Root Scanning (ms): Min: 0.0, Avg: 0.0, Max: 0.0, Diff: 0.0, Sum: 0.0]
      [Object Copy (ms): Min: 13.9, Avg: 13.9, Max: 13.9, Diff: 0.0, Sum: 27.8]
      [Termination (ms): Min: 0.0, Avg: 0.0, Max: 0.0, Diff: 0.0, Sum: 0.0]
         [Termination Attempts: Min: 1, Avg: 1.0, Max: 1, Diff: 0, Sum: 2]
      [GC Worker Other (ms): Min: 0.0, Avg: 0.0, Max: 0.0, Diff: 0.0, Sum: 0.0]
      [GC Worker Total (ms): Min: 14.6, Avg: 14.6, Max: 14.6, Diff: 0.0, Sum: 29.2]
      [GC Worker End (ms): Min: 120077.3, Avg: 120077.3, Max: 120077.3, Diff: 0.0]
   [Code Root Fixup: 0.0 ms]
   [Code Root Purge: 0.0 ms]
   [Clear CT: 0.1 ms]
   [Other: 0.6 ms]
      [Choose CSet: 0.0 ms]
      [Ref Proc: 0.2 ms]
      [Ref Enq: 0.0 ms]
      [Redirty Cards: 0.0 ms]
      [Humongous Register: 0.1 ms]
      [Humongous Reclaim: 0.0 ms]
      [Free CSet: 0.2 ms]
   [Eden: 274.0M(274.0M)->0.0B(269.0M) Survivors: 9216.0K->14336.0K Heap: 372.2M(472.0M)->103.2M(472.0M)]
 [Times: user=0.02 sys=0.01, real=0.01 secs] 
2024-07-06T11:26:06.339+0800: 120.505: [GC pause (G1 Evacuation Pause) (young), 0.0253718 secs]
   [Parallel Time: 24.8 ms, GC Workers: 2]
      [GC Worker Start (ms): Min: 120505.2, Avg: 120505.2, Max: 120505.3, Diff: 0.0]
      [Ext Root Scanning (ms): Min: 0.5, Avg: 0.5, Max: 0.5, Diff: 0.0, Sum: 0.9]
      [Update RS (ms): Min: 0.0, Avg: 0.0, Max: 0.0, Diff: 0.0, Sum: 0.1]
         [Processed Buffers: Min: 1, Avg: 2.5, Max: 4, Diff: 3, Sum: 5]
      [Scan RS (ms): Min: 0.1, Avg: 0.1, Max: 0.1, Diff: 0.0, Sum: 0.1]
      [Code Root Scanning (ms): Min: 0.0, Avg: 0.0, Max: 0.0, Diff: 0.0, Sum: 0.0]
      [Object Copy (ms): Min: 24.1, Avg: 24.2, Max: 24.2, Diff: 0.0, Sum: 48.3]
      [Termination (ms): Min: 0.0, Avg: 0.0, Max: 0.0, Diff: 0.0, Sum: 0.0]
         [Termination Attempts: Min: 1, Avg: 1.0, Max: 1, Diff: 0, Sum: 2]
      [GC Worker Other (ms): Min: 0.0, Avg: 0.0, Max: 0.0, Diff: 0.0, Sum: 0.0]
      [GC Worker Total (ms): Min: 24.7, Avg: 24.8, Max: 24.8, Diff: 0.0, Sum: 49.5]
      [GC Worker End (ms): Min: 120530.0, Avg: 120530.0, Max: 120530.0, Diff: 0.0]
   [Code Root Fixup: 0.0 ms]
   [Code Root Purge: 0.0 ms]
   [Clear CT: 0.1 ms]
   [Other: 0.4 ms]
      [Choose CSet: 0.0 ms]
      [Ref Proc: 0.1 ms]
      [Ref Enq: 0.0 ms]
      [Redirty Cards: 0.1 ms]
      [Humongous Register: 0.0 ms]
      [Humongous Reclaim: 0.0 ms]
      [Free CSet: 0.2 ms]
   [Eden: 269.0M(269.0M)->0.0B(260.0M) Survivors: 14336.0K->23552.0K Heap: 372.2M(472.0M)->112.2M(472.0M)]
 [Times: user=0.05 sys=0.00, real=0.02 secs] 
2024-07-06T11:26:06.803+0800: 120.969: [GC pause (G1 Evacuation Pause) (young), 0.0269635 secs]
   [Parallel Time: 26.3 ms, GC Workers: 2]
      [GC Worker Start (ms): Min: 120969.3, Avg: 120969.3, Max: 120969.3, Diff: 0.0]
      [Ext Root Scanning (ms): Min: 0.5, Avg: 0.5, Max: 0.6, Diff: 0.0, Sum: 1.1]
      [Update RS (ms): Min: 0.0, Avg: 0.0, Max: 0.0, Diff: 0.0, Sum: 0.1]
         [Processed Buffers: Min: 1, Avg: 2.5, Max: 4, Diff: 3, Sum: 5]
      [Scan RS (ms): Min: 0.1, Avg: 0.1, Max: 0.1, Diff: 0.0, Sum: 0.2]
      [Code Root Scanning (ms): Min: 0.0, Avg: 0.0, Max: 0.0, Diff: 0.0, Sum: 0.0]
      [Object Copy (ms): Min: 25.5, Avg: 25.5, Max: 25.5, Diff: 0.0, Sum: 51.0]
      [Termination (ms): Min: 0.0, Avg: 0.0, Max: 0.0, Diff: 0.0, Sum: 0.0]
         [Termination Attempts: Min: 1, Avg: 1.0, Max: 1, Diff: 0, Sum: 2]
      [GC Worker Other (ms): Min: 0.0, Avg: 0.0, Max: 0.0, Diff: 0.0, Sum: 0.0]
      [GC Worker Total (ms): Min: 26.2, Avg: 26.2, Max: 26.2, Diff: 0.0, Sum: 52.4]
      [GC Worker End (ms): Min: 120995.5, Avg: 120995.5, Max: 120995.5, Diff: 0.0]
   [Code Root Fixup: 0.0 ms]
   [Code Root Purge: 0.0 ms]
   [Clear CT: 0.2 ms]
   [Other: 0.5 ms]
      [Choose CSet: 0.0 ms]
      [Ref Proc: 0.1 ms]
      [Ref Enq: 0.0 ms]
      [Redirty Cards: 0.1 ms]
      [Humongous Register: 0.0 ms]
      [Humongous Reclaim: 0.0 ms]
      [Free CSet: 0.2 ms]
   [Eden: 260.0M(260.0M)->0.0B(259.0M) Survivors: 23552.0K->24576.0K Heap: 372.2M(472.0M)->113.2M(472.0M)]
 [Times: user=0.05 sys=0.01, real=0.03 secs] 
2024-07-06T11:26:07.295+0800: 121.461: [GC pause (G1 Evacuation Pause) (young), 0.0295573 secs]
   [Parallel Time: 29.0 ms, GC Workers: 2]
      [GC Worker Start (ms): Min: 121461.6, Avg: 121461.7, Max: 121461.8, Diff: 0.2]
      [Ext Root Scanning (ms): Min: 0.6, Avg: 0.8, Max: 1.1, Diff: 0.6, Sum: 1.7]
      [Update RS (ms): Min: 0.0, Avg: 0.0, Max: 0.0, Diff: 0.0, Sum: 0.0]
         [Processed Buffers: Min: 0, Avg: 2.5, Max: 5, Diff: 5, Sum: 5]
      [Scan RS (ms): Min: 0.0, Avg: 2.2, Max: 4.4, Diff: 4.4, Sum: 4.4]
      [Code Root Scanning (ms): Min: 0.0, Avg: 0.0, Max: 0.0, Diff: 0.0, Sum: 0.0]
      [Object Copy (ms): Min: 23.6, Avg: 25.7, Max: 27.8, Diff: 4.1, Sum: 51.4]
      [Termination (ms): Min: 0.0, Avg: 0.0, Max: 0.0, Diff: 0.0, Sum: 0.0]
         [Termination Attempts: Min: 1, Avg: 1.0, Max: 1, Diff: 0, Sum: 2]
      [GC Worker Other (ms): Min: 0.0, Avg: 0.0, Max: 0.0, Diff: 0.0, Sum: 0.1]
      [GC Worker Total (ms): Min: 28.7, Avg: 28.8, Max: 28.9, Diff: 0.2, Sum: 57.6]
      [GC Worker End (ms): Min: 121490.5, Avg: 121490.5, Max: 121490.5, Diff: 0.0]
   [Code Root Fixup: 0.0 ms]
   [Code Root Purge: 0.0 ms]
   [Clear CT: 0.1 ms]
   [Other: 0.5 ms]
      [Choose CSet: 0.0 ms]
      [Ref Proc: 0.1 ms]
      [Ref Enq: 0.0 ms]
      [Redirty Cards: 0.0 ms]
      [Humongous Register: 0.0 ms]
      [Humongous Reclaim: 0.0 ms]
      [Free CSet: 0.2 ms]
   [Eden: 259.0M(259.0M)->0.0B(260.0M) Survivors: 24576.0K->23552.0K Heap: 372.2M(472.0M)->111.9M(472.0M)]
 [Times: user=0.04 sys=0.00, real=0.02 secs] 
2024-07-06T11:26:07.803+0800: 121.969: [GC pause (G1 Evacuation Pause) (young), 0.0227276 secs]
   [Parallel Time: 22.3 ms, GC Workers: 2]
      [GC Worker Start (ms): Min: 121969.5, Avg: 121969.5, Max: 121969.5, Diff: 0.0]
      [Ext Root Scanning (ms): Min: 0.5, Avg: 0.5, Max: 0.5, Diff: 0.0, Sum: 1.0]
      [Update RS (ms): Min: 0.0, Avg: 0.0, Max: 0.0, Diff: 0.0, Sum: 0.0]
         [Processed Buffers: Min: 0, Avg: 2.5, Max: 5, Diff: 5, Sum: 5]
      [Scan RS (ms): Min: 0.1, Avg: 0.1, Max: 0.1, Diff: 0.0, Sum: 0.2]
      [Code Root Scanning (ms): Min: 0.0, Avg: 0.0, Max: 0.0, Diff: 0.0, Sum: 0.0]
      [Object Copy (ms): Min: 21.5, Avg: 21.5, Max: 21.6, Diff: 0.1, Sum: 43.1]
      [Termination (ms): Min: 0.0, Avg: 0.0, Max: 0.1, Diff: 0.1, Sum: 0.1]
         [Termination Attempts: Min: 1, Avg: 1.0, Max: 1, Diff: 0, Sum: 2]
      [GC Worker Other (ms): Min: 0.0, Avg: 0.0, Max: 0.0, Diff: 0.0, Sum: 0.0]
      [GC Worker Total (ms): Min: 22.2, Avg: 22.2, Max: 22.2, Diff: 0.0, Sum: 44.4]
      [GC Worker End (ms): Min: 121991.7, Avg: 121991.8, Max: 121991.8, Diff: 0.0]
   [Code Root Fixup: 0.0 ms]
   [Code Root Purge: 0.0 ms]
   [Clear CT: 0.1 ms]
   [Other: 0.3 ms]
      [Choose CSet: 0.0 ms]
      [Ref Proc: 0.1 ms]
      [Ref Enq: 0.0 ms]
      [Redirty Cards: 0.0 ms]
      [Humongous Register: 0.0 ms]
      [Humongous Reclaim: 0.0 ms]
      [Free CSet: 0.1 ms]
   [Eden: 260.0M(260.0M)->0.0B(261.0M) Survivors: 23552.0K->22528.0K Heap: 371.9M(472.0M)->110.7M(472.0M)]
 [Times: user=0.05 sys=0.00, real=0.02 secs] 
2024-07-06T11:26:08.219+0800: 122.385: [GC pause (G1 Evacuation Pause) (young), 0.0292603 secs]
   [Parallel Time: 28.8 ms, GC Workers: 2]
      [GC Worker Start (ms): Min: 122385.6, Avg: 122385.6, Max: 122385.6, Diff: 0.0]
      [Ext Root Scanning (ms): Min: 0.5, Avg: 0.5, Max: 0.5, Diff: 0.0, Sum: 1.0]
      [Update RS (ms): Min: 0.0, Avg: 0.0, Max: 0.0, Diff: 0.0, Sum: 0.1]
         [Processed Buffers: Min: 2, Avg: 2.5, Max: 3, Diff: 1, Sum: 5]
      [Scan RS (ms): Min: 0.1, Avg: 0.1, Max: 0.1, Diff: 0.0, Sum: 0.2]
      [Code Root Scanning (ms): Min: 0.0, Avg: 0.0, Max: 0.0, Diff: 0.0, Sum: 0.0]
      [Object Copy (ms): Min: 28.1, Avg: 28.1, Max: 28.1, Diff: 0.0, Sum: 56.2]
      [Termination (ms): Min: 0.0, Avg: 0.0, Max: 0.0, Diff: 0.0, Sum: 0.0]
         [Termination Attempts: Min: 1, Avg: 1.0, Max: 1, Diff: 0, Sum: 2]
      [GC Worker Other (ms): Min: 0.0, Avg: 0.0, Max: 0.0, Diff: 0.0, Sum: 0.0]
      [GC Worker Total (ms): Min: 28.7, Avg: 28.7, Max: 28.7, Diff: 0.0, Sum: 57.4]
      [GC Worker End (ms): Min: 122414.3, Avg: 122414.3, Max: 122414.3, Diff: 0.0]
   [Code Root Fixup: 0.0 ms]
   [Code Root Purge: 0.0 ms]
   [Clear CT: 0.1 ms]
   [Other: 0.4 ms]
      [Choose CSet: 0.0 ms]
      [Ref Proc: 0.1 ms]
      [Ref Enq: 0.0 ms]
      [Redirty Cards: 0.0 ms]
      [Humongous Register: 0.0 ms]
      [Humongous Reclaim: 0.0 ms]
      [Free CSet: 0.1 ms]
   [Eden: 261.0M(261.0M)->0.0B(255.0M) Survivors: 22528.0K->28672.0K Heap: 371.7M(472.0M)->116.7M(472.0M)]
 [Times: user=0.06 sys=0.00, real=0.03 secs] 
2024-07-06T11:26:08.731+0800: 122.897: [GC pause (G1 Evacuation Pause) (young), 0.0408544 secs]
   [Parallel Time: 40.2 ms, GC Workers: 2]
      [GC Worker Start (ms): Min: 122897.6, Avg: 122897.6, Max: 122897.6, Diff: 0.0]
      [Ext Root Scanning (ms): Min: 0.5, Avg: 0.5, Max: 0.6, Diff: 0.0, Sum: 1.1]
      [Update RS (ms): Min: 0.0, Avg: 0.0, Max: 0.0, Diff: 0.0, Sum: 0.1]
         [Processed Buffers: Min: 2, Avg: 2.5, Max: 3, Diff: 1, Sum: 5]
      [Scan RS (ms): Min: 0.1, Avg: 0.1, Max: 0.1, Diff: 0.0, Sum: 0.2]
      [Code Root Scanning (ms): Min: 0.0, Avg: 0.0, Max: 0.0, Diff: 0.0, Sum: 0.0]
      [Object Copy (ms): Min: 39.4, Avg: 39.4, Max: 39.5, Diff: 0.0, Sum: 78.9]
      [Termination (ms): Min: 0.0, Avg: 0.0, Max: 0.0, Diff: 0.0, Sum: 0.0]
         [Termination Attempts: Min: 1, Avg: 1.0, Max: 1, Diff: 0, Sum: 2]
      [GC Worker Other (ms): Min: 0.0, Avg: 0.0, Max: 0.0, Diff: 0.0, Sum: 0.0]
      [GC Worker Total (ms): Min: 40.1, Avg: 40.1, Max: 40.1, Diff: 0.0, Sum: 80.3]
      [GC Worker End (ms): Min: 122937.7, Avg: 122937.7, Max: 122937.7, Diff: 0.0]
   [Code Root Fixup: 0.0 ms]
   [Code Root Purge: 0.0 ms]
   [Clear CT: 0.1 ms]
   [Other: 0.5 ms]
      [Choose CSet: 0.0 ms]
      [Ref Proc: 0.1 ms]
      [Ref Enq: 0.0 ms]
      [Redirty Cards: 0.0 ms]
      [Humongous Register: 0.0 ms]
      [Humongous Reclaim: 0.0 ms]
      [Free CSet: 0.2 ms]
   [Eden: 255.0M(255.0M)->0.0B(251.0M) Survivors: 28672.0K->32768.0K Heap: 371.7M(472.0M)->120.7M(472.0M)]
 [Times: user=0.08 sys=0.00, real=0.04 secs] 
2024-07-06T11:26:09.199+0800: 123.365: [GC pause (G1 Evacuation Pause) (young), 0.0413209 secs]
   [Parallel Time: 40.7 ms, GC Workers: 2]
      [GC Worker Start (ms): Min: 123365.4, Avg: 123365.4, Max: 123365.4, Diff: 0.0]
      [Ext Root Scanning (ms): Min: 0.7, Avg: 0.7, Max: 0.7, Diff: 0.0, Sum: 1.3]
      [Update RS (ms): Min: 0.0, Avg: 0.0, Max: 0.0, Diff: 0.0, Sum: 0.1]
         [Processed Buffers: Min: 2, Avg: 2.5, Max: 3, Diff: 1, Sum: 5]
      [Scan RS (ms): Min: 0.1, Avg: 0.1, Max: 0.1, Diff: 0.0, Sum: 0.2]
      [Code Root Scanning (ms): Min: 0.0, Avg: 0.0, Max: 0.0, Diff: 0.0, Sum: 0.0]
      [Object Copy (ms): Min: 39.8, Avg: 39.8, Max: 39.8, Diff: 0.0, Sum: 79.7]
      [Termination (ms): Min: 0.0, Avg: 0.0, Max: 0.0, Diff: 0.0, Sum: 0.0]
         [Termination Attempts: Min: 1, Avg: 1.0, Max: 1, Diff: 0, Sum: 2]
      [GC Worker Other (ms): Min: 0.0, Avg: 0.0, Max: 0.0, Diff: 0.0, Sum: 0.0]
      [GC Worker Total (ms): Min: 40.7, Avg: 40.7, Max: 40.7, Diff: 0.0, Sum: 81.3]
      [GC Worker End (ms): Min: 123406.1, Avg: 123406.1, Max: 123406.1, Diff: 0.0]
   [Code Root Fixup: 0.0 ms]
   [Code Root Purge: 0.0 ms]
   [Clear CT: 0.1 ms]
   [Other: 0.5 ms]
      [Choose CSet: 0.0 ms]
      [Ref Proc: 0.1 ms]
      [Ref Enq: 0.0 ms]
      [Redirty Cards: 0.0 ms]
      [Humongous Register: 0.1 ms]
      [Humongous Reclaim: 0.0 ms]
      [Free CSet: 0.2 ms]
   [Eden: 251.0M(251.0M)->0.0B(254.0M) Survivors: 32768.0K->29696.0K Heap: 371.7M(472.0M)->117.8M(472.0M)]
 [Times: user=0.08 sys=0.00, real=0.04 secs] 
2024-07-06T11:26:09.691+0800: 123.857: [GC pause (G1 Evacuation Pause) (young), 0.0309011 secs]
   [Parallel Time: 30.3 ms, GC Workers: 2]
      [GC Worker Start (ms): Min: 123857.6, Avg: 123857.6, Max: 123857.6, Diff: 0.0]
      [Ext Root Scanning (ms): Min: 0.5, Avg: 0.5, Max: 0.5, Diff: 0.0, Sum: 1.0]
      [Update RS (ms): Min: 0.0, Avg: 0.0, Max: 0.0, Diff: 0.0, Sum: 0.0]
         [Processed Buffers: Min: 1, Avg: 2.5, Max: 4, Diff: 3, Sum: 5]
      [Scan RS (ms): Min: 0.1, Avg: 0.1, Max: 0.1, Diff: 0.0, Sum: 0.2]
      [Code Root Scanning (ms): Min: 0.0, Avg: 0.0, Max: 0.0, Diff: 0.0, Sum: 0.0]
      [Object Copy (ms): Min: 29.6, Avg: 29.6, Max: 29.6, Diff: 0.1, Sum: 59.2]
      [Termination (ms): Min: 0.0, Avg: 0.0, Max: 0.0, Diff: 0.0, Sum: 0.0]
         [Termination Attempts: Min: 2, Avg: 3.5, Max: 5, Diff: 3, Sum: 7]
      [GC Worker Other (ms): Min: 0.0, Avg: 0.0, Max: 0.0, Diff: 0.0, Sum: 0.0]
      [GC Worker Total (ms): Min: 30.2, Avg: 30.2, Max: 30.2, Diff: 0.0, Sum: 60.4]
      [GC Worker End (ms): Min: 123887.8, Avg: 123887.8, Max: 123887.8, Diff: 0.0]
   [Code Root Fixup: 0.0 ms]
   [Code Root Purge: 0.0 ms]
   [Clear CT: 0.2 ms]
   [Other: 0.4 ms]
      [Choose CSet: 0.0 ms]
      [Ref Proc: 0.1 ms]
      [Ref Enq: 0.0 ms]
      [Redirty Cards: 0.1 ms]
      [Humongous Register: 0.0 ms]
      [Humongous Reclaim: 0.0 ms]
      [Free CSet: 0.1 ms]
   [Eden: 254.0M(254.0M)->0.0B(257.0M) Survivors: 29696.0K->26624.0K Heap: 371.8M(472.0M)->114.8M(472.0M)]
 [Times: user=0.06 sys=0.00, real=0.03 secs] 
2024-07-06T11:26:10.123+0800: 124.289: [GC pause (G1 Evacuation Pause) (young), 0.0274422 secs]
   [Parallel Time: 26.9 ms, GC Workers: 2]
      [GC Worker Start (ms): Min: 124289.0, Avg: 124289.1, Max: 124289.1, Diff: 0.1]
      [Ext Root Scanning (ms): Min: 0.6, Avg: 0.6, Max: 0.7, Diff: 0.1, Sum: 1.2]
      [Update RS (ms): Min: 0.0, Avg: 0.0, Max: 0.0, Diff: 0.0, Sum: 0.0]
         [Processed Buffers: Min: 0, Avg: 2.5, Max: 5, Diff: 5, Sum: 5]
      [Scan RS (ms): Min: 0.1, Avg: 0.1, Max: 0.1, Diff: 0.0, Sum: 0.2]
      [Code Root Scanning (ms): Min: 0.0, Avg: 0.0, Max: 0.0, Diff: 0.0, Sum: 0.0]
      [Object Copy (ms): Min: 26.0, Avg: 26.0, Max: 26.1, Diff: 0.1, Sum: 52.1]
      [Termination (ms): Min: 0.0, Avg: 0.0, Max: 0.0, Diff: 0.0, Sum: 0.0]
         [Termination Attempts: Min: 1, Avg: 1.0, Max: 1, Diff: 0, Sum: 2]
      [GC Worker Other (ms): Min: 0.0, Avg: 0.0, Max: 0.0, Diff: 0.0, Sum: 0.0]
      [GC Worker Total (ms): Min: 26.7, Avg: 26.8, Max: 26.8, Diff: 0.1, Sum: 53.6]
      [GC Worker End (ms): Min: 124315.9, Avg: 124315.9, Max: 124315.9, Diff: 0.0]
   [Code Root Fixup: 0.0 ms]
   [Code Root Purge: 0.0 ms]
   [Clear CT: 0.1 ms]
   [Other: 0.4 ms]
      [Choose CSet: 0.0 ms]
      [Ref Proc: 0.1 ms]
      [Ref Enq: 0.0 ms]
      [Redirty Cards: 0.0 ms]
      [Humongous Register: 0.0 ms]
      [Humongous Reclaim: 0.0 ms]
      [Free CSet: 0.1 ms]
   [Eden: 257.0M(257.0M)->0.0B(262.0M) Survivors: 26624.0K->21504.0K Heap: 371.8M(472.0M)->110.3M(472.0M)]
 [Times: user=0.06 sys=0.00, real=0.03 secs] 
2024-07-06T11:26:10.626+0800: 124.793: [GC pause (G1 Evacuation Pause) (young), 0.0126226 secs]
   [Parallel Time: 12.1 ms, GC Workers: 2]
      [GC Worker Start (ms): Min: 124792.8, Avg: 124792.8, Max: 124792.8, Diff: 0.0]
      [Ext Root Scanning (ms): Min: 0.5, Avg: 0.5, Max: 0.5, Diff: 0.0, Sum: 1.1]
      [Update RS (ms): Min: 0.0, Avg: 0.0, Max: 0.0, Diff: 0.0, Sum: 0.1]
         [Processed Buffers: Min: 2, Avg: 2.5, Max: 3, Diff: 1, Sum: 5]
      [Scan RS (ms): Min: 0.1, Avg: 0.1, Max: 0.1, Diff: 0.0, Sum: 0.2]
      [Code Root Scanning (ms): Min: 0.0, Avg: 0.0, Max: 0.0, Diff: 0.0, Sum: 0.0]
      [Object Copy (ms): Min: 11.4, Avg: 11.4, Max: 11.4, Diff: 0.0, Sum: 22.8]
      [Termination (ms): Min: 0.0, Avg: 0.0, Max: 0.0, Diff: 0.0, Sum: 0.0]
         [Termination Attempts: Min: 1, Avg: 1.0, Max: 1, Diff: 0, Sum: 2]
      [GC Worker Other (ms): Min: 0.0, Avg: 0.0, Max: 0.0, Diff: 0.0, Sum: 0.0]
      [GC Worker Total (ms): Min: 12.0, Avg: 12.0, Max: 12.1, Diff: 0.0, Sum: 24.1]
      [GC Worker End (ms): Min: 124804.8, Avg: 124804.8, Max: 124804.8, Diff: 0.0]
   [Code Root Fixup: 0.0 ms]
   [Code Root Purge: 0.0 ms]
   [Clear CT: 0.1 ms]
   [Other: 0.4 ms]
      [Choose CSet: 0.0 ms]
      [Ref Proc: 0.1 ms]
      [Ref Enq: 0.0 ms]
      [Redirty Cards: 0.0 ms]
      [Humongous Register: 0.0 ms]
      [Humongous Reclaim: 0.0 ms]
      [Free CSet: 0.2 ms]
   [Eden: 262.0M(262.0M)->0.0B(272.0M) Survivors: 21504.0K->11264.0K Heap: 372.3M(472.0M)->102152.0K(472.0M)]
 [Times: user=0.02 sys=0.00, real=0.02 secs] 
2024-07-06T11:26:11.055+0800: 125.221: [GC pause (G1 Evacuation Pause) (young), 0.0125704 secs]
   [Parallel Time: 11.9 ms, GC Workers: 2]
      [GC Worker Start (ms): Min: 125221.5, Avg: 125221.5, Max: 125221.5, Diff: 0.0]
      [Ext Root Scanning (ms): Min: 0.5, Avg: 0.6, Max: 0.6, Diff: 0.0, Sum: 1.1]
      [Update RS (ms): Min: 0.0, Avg: 0.0, Max: 0.0, Diff: 0.0, Sum: 0.1]
         [Processed Buffers: Min: 1, Avg: 3.0, Max: 5, Diff: 4, Sum: 6]
      [Scan RS (ms): Min: 0.1, Avg: 0.1, Max: 0.1, Diff: 0.0, Sum: 0.2]
      [Code Root Scanning (ms): Min: 0.0, Avg: 0.0, Max: 0.0, Diff: 0.0, Sum: 0.0]
      [Object Copy (ms): Min: 11.2, Avg: 11.2, Max: 11.2, Diff: 0.0, Sum: 22.3]
      [Termination (ms): Min: 0.0, Avg: 0.0, Max: 0.0, Diff: 0.0, Sum: 0.0]
         [Termination Attempts: Min: 1, Avg: 1.5, Max: 2, Diff: 1, Sum: 3]
      [GC Worker Other (ms): Min: 0.0, Avg: 0.0, Max: 0.0, Diff: 0.0, Sum: 0.0]
      [GC Worker Total (ms): Min: 11.8, Avg: 11.8, Max: 11.8, Diff: 0.0, Sum: 23.7]
      [GC Worker End (ms): Min: 125233.4, Avg: 125233.4, Max: 125233.4, Diff: 0.0]
   [Code Root Fixup: 0.0 ms]
   [Code Root Purge: 0.0 ms]
   [Clear CT: 0.2 ms]
   [Other: 0.5 ms]
      [Choose CSet: 0.0 ms]
      [Ref Proc: 0.1 ms]
      [Ref Enq: 0.0 ms]
      [Redirty Cards: 0.0 ms]
      [Humongous Register: 0.0 ms]
      [Humongous Reclaim: 0.0 ms]
      [Free CSet: 0.2 ms]
   [Eden: 272.0M(272.0M)->0.0B(269.0M) Survivors: 11264.0K->14336.0K Heap: 371.8M(472.0M)->103.3M(472.0M)]
 [Times: user=0.03 sys=0.00, real=0.01 secs] 
2024-07-06T11:26:11.516+0800: 125.682: [GC pause (G1 Evacuation Pause) (young), 0.0293908 secs]
   [Parallel Time: 28.9 ms, GC Workers: 2]
      [GC Worker Start (ms): Min: 125682.4, Avg: 125682.5, Max: 125682.5, Diff: 0.0]
      [Ext Root Scanning (ms): Min: 0.6, Avg: 0.6, Max: 0.6, Diff: 0.0, Sum: 1.2]
      [Update RS (ms): Min: 0.0, Avg: 0.0, Max: 0.0, Diff: 0.0, Sum: 0.1]
         [Processed Buffers: Min: 1, Avg: 3.0, Max: 5, Diff: 4, Sum: 6]
      [Scan RS (ms): Min: 0.1, Avg: 0.1, Max: 0.1, Diff: 0.0, Sum: 0.2]
      [Code Root Scanning (ms): Min: 0.0, Avg: 0.0, Max: 0.0, Diff: 0.0, Sum: 0.0]
      [Object Copy (ms): Min: 28.0, Avg: 28.0, Max: 28.0, Diff: 0.0, Sum: 56.1]
      [Termination (ms): Min: 0.0, Avg: 0.0, Max: 0.0, Diff: 0.0, Sum: 0.0]
         [Termination Attempts: Min: 1, Avg: 1.0, Max: 1, Diff: 0, Sum: 2]
      [GC Worker Other (ms): Min: 0.0, Avg: 0.0, Max: 0.0, Diff: 0.0, Sum: 0.0]
      [GC Worker Total (ms): Min: 28.8, Avg: 28.8, Max: 28.8, Diff: 0.0, Sum: 57.6]
      [GC Worker End (ms): Min: 125711.2, Avg: 125711.2, Max: 125711.2, Diff: 0.0]
   [Code Root Fixup: 0.0 ms]
   [Code Root Purge: 0.0 ms]
   [Clear CT: 0.1 ms]
   [Other: 0.4 ms]
      [Choose CSet: 0.0 ms]
      [Ref Proc: 0.1 ms]
      [Ref Enq: 0.0 ms]
      [Redirty Cards: 0.0 ms]
      [Humongous Register: 0.0 ms]
      [Humongous Reclaim: 0.0 ms]
      [Free CSet: 0.1 ms]
   [Eden: 269.0M(269.0M)->0.0B(258.0M) Survivors: 14336.0K->25600.0K Heap: 372.3M(472.0M)->113.8M(472.0M)]
 [Times: user=0.06 sys=0.00, real=0.02 secs] 
2024-07-06T11:26:11.923+0800: 126.089: [GC pause (G1 Evacuation Pause) (young), 0.0355505 secs]
   [Parallel Time: 34.7 ms, GC Workers: 2]
      [GC Worker Start (ms): Min: 126089.6, Avg: 126089.6, Max: 126089.6, Diff: 0.0]
      [Ext Root Scanning (ms): Min: 0.6, Avg: 0.6, Max: 0.6, Diff: 0.0, Sum: 1.1]
      [Update RS (ms): Min: 0.0, Avg: 0.0, Max: 0.0, Diff: 0.0, Sum: 0.1]
         [Processed Buffers: Min: 1, Avg: 3.0, Max: 5, Diff: 4, Sum: 6]
      [Scan RS (ms): Min: 0.1, Avg: 0.1, Max: 0.1, Diff: 0.0, Sum: 0.2]
      [Code Root Scanning (ms): Min: 0.0, Avg: 0.0, Max: 0.0, Diff: 0.0, Sum: 0.0]
      [Object Copy (ms): Min: 34.0, Avg: 34.0, Max: 34.0, Diff: 0.0, Sum: 68.0]
      [Termination (ms): Min: 0.0, Avg: 0.0, Max: 0.0, Diff: 0.0, Sum: 0.0]
         [Termination Attempts: Min: 1, Avg: 1.0, Max: 1, Diff: 0, Sum: 2]
      [GC Worker Other (ms): Min: 0.0, Avg: 0.0, Max: 0.0, Diff: 0.0, Sum: 0.0]
      [GC Worker Total (ms): Min: 34.7, Avg: 34.7, Max: 34.7, Diff: 0.0, Sum: 69.3]
      [GC Worker End (ms): Min: 126124.3, Avg: 126124.3, Max: 126124.3, Diff: 0.0]
   [Code Root Fixup: 0.0 ms]
   [Code Root Purge: 0.0 ms]
   [Clear CT: 0.2 ms]
   [Other: 0.6 ms]
      [Choose CSet: 0.0 ms]
      [Ref Proc: 0.1 ms]
      [Ref Enq: 0.0 ms]
      [Redirty Cards: 0.1 ms]
      [Humongous Register: 0.0 ms]
      [Humongous Reclaim: 0.0 ms]
      [Free CSet: 0.2 ms]
   [Eden: 258.0M(258.0M)->0.0B(252.0M) Survivors: 25600.0K->31744.0K Heap: 371.8M(472.0M)->119.8M(472.0M)]
 [Times: user=0.07 sys=0.00, real=0.04 secs] 
2024-07-06T11:26:12.431+0800: 126.597: [GC pause (G1 Evacuation Pause) (young), 0.0355415 secs]
   [Parallel Time: 35.0 ms, GC Workers: 2]
      [GC Worker Start (ms): Min: 126597.6, Avg: 126597.9, Max: 126598.3, Diff: 0.7]
      [Ext Root Scanning (ms): Min: 0.2, Avg: 1.1, Max: 2.0, Diff: 1.8, Sum: 2.2]
      [Update RS (ms): Min: 0.0, Avg: 0.0, Max: 0.1, Diff: 0.1, Sum: 0.1]
         [Processed Buffers: Min: 0, Avg: 2.5, Max: 5, Diff: 5, Sum: 5]
      [Scan RS (ms): Min: 0.0, Avg: 0.1, Max: 0.1, Diff: 0.1, Sum: 0.2]
      [Code Root Scanning (ms): Min: 0.0, Avg: 0.0, Max: 0.0, Diff: 0.0, Sum: 0.0]
      [Object Copy (ms): Min: 32.9, Avg: 33.3, Max: 33.8, Diff: 0.9, Sum: 66.6]
      [Termination (ms): Min: 0.0, Avg: 0.0, Max: 0.0, Diff: 0.0, Sum: 0.0]
         [Termination Attempts: Min: 1, Avg: 1.0, Max: 1, Diff: 0, Sum: 2]
      [GC Worker Other (ms): Min: 0.0, Avg: 0.0, Max: 0.0, Diff: 0.0, Sum: 0.0]
      [GC Worker Total (ms): Min: 34.2, Avg: 34.6, Max: 34.9, Diff: 0.7, Sum: 69.1]
      [GC Worker End (ms): Min: 126632.5, Avg: 126632.5, Max: 126632.5, Diff: 0.0]
   [Code Root Fixup: 0.0 ms]
   [Code Root Purge: 0.0 ms]
   [Clear CT: 0.1 ms]
   [Other: 0.4 ms]
      [Choose CSet: 0.0 ms]
      [Ref Proc: 0.1 ms]
      [Ref Enq: 0.0 ms]
      [Redirty Cards: 0.1 ms]
      [Humongous Register: 0.0 ms]
      [Humongous Reclaim: 0.0 ms]
      [Free CSet: 0.1 ms]
   [Eden: 252.0M(252.0M)->0.0B(256.0M) Survivors: 31744.0K->27648.0K Heap: 371.8M(472.0M)->116.3M(472.0M)]
 [Times: user=0.06 sys=0.00, real=0.03 secs] 
2024-07-06T11:26:12.911+0800: 127.077: [GC pause (G1 Evacuation Pause) (young), 0.0310856 secs]
   [Parallel Time: 30.5 ms, GC Workers: 2]
      [GC Worker Start (ms): Min: 127077.6, Avg: 127077.6, Max: 127077.6, Diff: 0.0]
      [Ext Root Scanning (ms): Min: 0.5, Avg: 0.5, Max: 0.5, Diff: 0.0, Sum: 1.0]
      [Update RS (ms): Min: 0.0, Avg: 0.0, Max: 0.0, Diff: 0.0, Sum: 0.0]
         [Processed Buffers: Min: 1, Avg: 2.5, Max: 4, Diff: 3, Sum: 5]
      [Scan RS (ms): Min: 0.1, Avg: 0.1, Max: 0.1, Diff: 0.0, Sum: 0.2]
      [Code Root Scanning (ms): Min: 0.0, Avg: 0.0, Max: 0.0, Diff: 0.0, Sum: 0.0]
      [Object Copy (ms): Min: 29.8, Avg: 29.8, Max: 29.9, Diff: 0.0, Sum: 59.7]
      [Termination (ms): Min: 0.0, Avg: 0.0, Max: 0.0, Diff: 0.0, Sum: 0.0]
         [Termination Attempts: Min: 1, Avg: 1.0, Max: 1, Diff: 0, Sum: 2]
      [GC Worker Other (ms): Min: 0.0, Avg: 0.0, Max: 0.0, Diff: 0.0, Sum: 0.0]
      [GC Worker Total (ms): Min: 30.5, Avg: 30.5, Max: 30.5, Diff: 0.0, Sum: 61.0]
      [GC Worker End (ms): Min: 127108.1, Avg: 127108.1, Max: 127108.1, Diff: 0.0]
   [Code Root Fixup: 0.0 ms]
   [Code Root Purge: 0.0 ms]
   [Clear CT: 0.1 ms]
   [Other: 0.4 ms]
      [Choose CSet: 0.0 ms]
      [Ref Proc: 0.1 ms]
      [Ref Enq: 0.0 ms]
      [Redirty Cards: 0.0 ms]
      [Humongous Register: 0.0 ms]
      [Humongous Reclaim: 0.0 ms]
      [Free CSet: 0.1 ms]
   [Eden: 256.0M(256.0M)->0.0B(256.0M) Survivors: 27648.0K->27648.0K Heap: 372.3M(472.0M)->115.8M(472.0M)]
 [Times: user=0.06 sys=0.00, real=0.03 secs] 
2024-07-06T11:26:13.503+0800: 127.669: [GC pause (G1 Evacuation Pause) (young), 0.0305990 secs]
   [Parallel Time: 29.9 ms, GC Workers: 2]
      [GC Worker Start (ms): Min: 127669.6, Avg: 127669.6, Max: 127669.6, Diff: 0.0]
      [Ext Root Scanning (ms): Min: 0.5, Avg: 0.5, Max: 0.5, Diff: 0.0, Sum: 1.1]
      [Update RS (ms): Min: 0.0, Avg: 0.0, Max: 0.0, Diff: 0.0, Sum: 0.1]
         [Processed Buffers: Min: 2, Avg: 2.5, Max: 3, Diff: 1, Sum: 5]
      [Scan RS (ms): Min: 0.1, Avg: 0.1, Max: 0.1, Diff: 0.0, Sum: 0.2]
      [Code Root Scanning (ms): Min: 0.0, Avg: 0.0, Max: 0.0, Diff: 0.0, Sum: 0.0]
      [Object Copy (ms): Min: 29.2, Avg: 29.2, Max: 29.2, Diff: 0.0, Sum: 58.5]
      [Termination (ms): Min: 0.0, Avg: 0.0, Max: 0.0, Diff: 0.0, Sum: 0.0]
         [Termination Attempts: Min: 1, Avg: 1.0, Max: 1, Diff: 0, Sum: 2]
      [GC Worker Other (ms): Min: 0.0, Avg: 0.0, Max: 0.0, Diff: 0.0, Sum: 0.0]
      [GC Worker Total (ms): Min: 29.9, Avg: 29.9, Max: 29.9, Diff: 0.0, Sum: 59.8]
      [GC Worker End (ms): Min: 127699.5, Avg: 127699.5, Max: 127699.5, Diff: 0.0]
   [Code Root Fixup: 0.0 ms]
   [Code Root Purge: 0.0 ms]
   [Clear CT: 0.1 ms]
   [Other: 0.5 ms]
      [Choose CSet: 0.0 ms]
      [Ref Proc: 0.2 ms]
      [Ref Enq: 0.0 ms]
      [Redirty Cards: 0.0 ms]
      [Humongous Register: 0.0 ms]
      [Humongous Reclaim: 0.0 ms]
      [Free CSet: 0.2 ms]
   [Eden: 256.0M(256.0M)->0.0B(260.0M) Survivors: 27648.0K->23552.0K Heap: 371.8M(472.0M)->112.3M(472.0M)]
 [Times: user=0.06 sys=0.00, real=0.03 secs] 
2024-07-06T11:26:13.984+0800: 128.150: [GC pause (G1 Evacuation Pause) (young), 0.0152596 secs]
   [Parallel Time: 14.6 ms, GC Workers: 2]
      [GC Worker Start (ms): Min: 128150.2, Avg: 128150.2, Max: 128150.2, Diff: 0.0]
      [Ext Root Scanning (ms): Min: 0.5, Avg: 0.5, Max: 0.5, Diff: 0.0, Sum: 1.0]
      [Update RS (ms): Min: 0.0, Avg: 0.0, Max: 0.0, Diff: 0.0, Sum: 0.1]
         [Processed Buffers: Min: 2, Avg: 2.5, Max: 3, Diff: 1, Sum: 5]
      [Scan RS (ms): Min: 0.1, Avg: 0.1, Max: 0.1, Diff: 0.0, Sum: 0.2]
      [Code Root Scanning (ms): Min: 0.0, Avg: 0.0, Max: 0.0, Diff: 0.0, Sum: 0.0]
      [Object Copy (ms): Min: 13.9, Avg: 13.9, Max: 13.9, Diff: 0.0, Sum: 27.8]
      [Termination (ms): Min: 0.0, Avg: 0.0, Max: 0.0, Diff: 0.0, Sum: 0.0]
         [Termination Attempts: Min: 1, Avg: 1.0, Max: 1, Diff: 0, Sum: 2]
      [GC Worker Other (ms): Min: 0.0, Avg: 0.0, Max: 0.0, Diff: 0.0, Sum: 0.0]
      [GC Worker Total (ms): Min: 14.5, Avg: 14.5, Max: 14.6, Diff: 0.0, Sum: 29.1]
      [GC Worker End (ms): Min: 128164.7, Avg: 128164.7, Max: 128164.7, Diff: 0.0]
   [Code Root Fixup: 0.0 ms]
   [Code Root Purge: 0.0 ms]
   [Clear CT: 0.2 ms]
   [Other: 0.5 ms]
      [Choose CSet: 0.0 ms]
      [Ref Proc: 0.1 ms]
      [Ref Enq: 0.0 ms]
      [Redirty Cards: 0.1 ms]
      [Humongous Register: 0.0 ms]
      [Humongous Reclaim: 0.0 ms]
      [Free CSet: 0.1 ms]
   [Eden: 260.0M(260.0M)->0.0B(271.0M) Survivors: 23552.0K->12288.0K Heap: 372.3M(472.0M)->100.8M(472.0M)]
 [Times: user=0.03 sys=0.00, real=0.02 secs] 
2024-07-06T11:26:14.457+0800: 128.623: [GC pause (G1 Evacuation Pause) (young), 0.0358170 secs]
   [Parallel Time: 35.2 ms, GC Workers: 2]
      [GC Worker Start (ms): Min: 128623.1, Avg: 128623.1, Max: 128623.1, Diff: 0.0]
      [Ext Root Scanning (ms): Min: 0.6, Avg: 0.6, Max: 0.6, Diff: 0.0, Sum: 1.2]
      [Update RS (ms): Min: 0.0, Avg: 0.0, Max: 0.0, Diff: 0.0, Sum: 0.1]
         [Processed Buffers: Min: 2, Avg: 3.0, Max: 4, Diff: 2, Sum: 6]
      [Scan RS (ms): Min: 0.1, Avg: 0.1, Max: 0.1, Diff: 0.0, Sum: 0.2]
      [Code Root Scanning (ms): Min: 0.0, Avg: 0.0, Max: 0.0, Diff: 0.0, Sum: 0.0]
      [Object Copy (ms): Min: 34.4, Avg: 34.4, Max: 34.4, Diff: 0.0, Sum: 68.8]
      [Termination (ms): Min: 0.0, Avg: 0.0, Max: 0.0, Diff: 0.0, Sum: 0.0]
         [Termination Attempts: Min: 1, Avg: 1.0, Max: 1, Diff: 0, Sum: 2]
      [GC Worker Other (ms): Min: 0.0, Avg: 0.0, Max: 0.0, Diff: 0.0, Sum: 0.0]
      [GC Worker Total (ms): Min: 35.1, Avg: 35.1, Max: 35.2, Diff: 0.0, Sum: 70.3]
      [GC Worker End (ms): Min: 128658.2, Avg: 128658.2, Max: 128658.2, Diff: 0.0]
   [Code Root Fixup: 0.0 ms]
   [Code Root Purge: 0.0 ms]
   [Clear CT: 0.1 ms]
   [Other: 0.5 ms]
      [Choose CSet: 0.0 ms]
      [Ref Proc: 0.1 ms]
      [Ref Enq: 0.0 ms]
      [Redirty Cards: 0.1 ms]
      [Humongous Register: 0.0 ms]
      [Humongous Reclaim: 0.0 ms]
      [Free CSet: 0.1 ms]
   [Eden: 271.0M(271.0M)->0.0B(257.0M) Survivors: 12288.0K->26624.0K Heap: 371.8M(472.0M)->115.3M(472.0M)]
 [Times: user=0.07 sys=0.00, real=0.03 secs] 
2024-07-06T11:26:14.938+0800: 129.104: [GC pause (G1 Evacuation Pause) (young), 0.0214809 secs]
   [Parallel Time: 20.9 ms, GC Workers: 2]
      [GC Worker Start (ms): Min: 129104.1, Avg: 129104.1, Max: 129104.1, Diff: 0.0]
      [Ext Root Scanning (ms): Min: 0.6, Avg: 0.6, Max: 0.6, Diff: 0.0, Sum: 1.1]
      [Update RS (ms): Min: 0.0, Avg: 0.0, Max: 0.0, Diff: 0.0, Sum: 0.1]
         [Processed Buffers: Min: 2, Avg: 3.0, Max: 4, Diff: 2, Sum: 6]
      [Scan RS (ms): Min: 0.1, Avg: 0.1, Max: 0.1, Diff: 0.0, Sum: 0.2]
      [Code Root Scanning (ms): Min: 0.0, Avg: 0.0, Max: 0.0, Diff: 0.0, Sum: 0.0]
      [Object Copy (ms): Min: 20.1, Avg: 20.1, Max: 20.1, Diff: 0.0, Sum: 40.2]
      [Termination (ms): Min: 0.0, Avg: 0.0, Max: 0.0, Diff: 0.0, Sum: 0.0]
         [Termination Attempts: Min: 1, Avg: 1.0, Max: 1, Diff: 0, Sum: 2]
      [GC Worker Other (ms): Min: 0.0, Avg: 0.0, Max: 0.0, Diff: 0.0, Sum: 0.0]
      [GC Worker Total (ms): Min: 20.8, Avg: 20.8, Max: 20.8, Diff: 0.0, Sum: 41.6]
      [GC Worker End (ms): Min: 129124.9, Avg: 129124.9, Max: 129124.9, Diff: 0.0]
   [Code Root Fixup: 0.0 ms]
   [Code Root Purge: 0.0 ms]
   [Clear CT: 0.1 ms]
   [Other: 0.5 ms]
      [Choose CSet: 0.0 ms]
      [Ref Proc: 0.2 ms]
      [Ref Enq: 0.0 ms]
      [Redirty Cards: 0.0 ms]
      [Humongous Register: 0.0 ms]
      [Humongous Reclaim: 0.0 ms]
      [Free CSet: 0.2 ms]
   [Eden: 257.0M(257.0M)->0.0B(264.0M) Survivors: 26624.0K->19456.0K Heap: 372.3M(472.0M)->108.3M(472.0M)]
 [Times: user=0.05 sys=0.00, real=0.02 secs] 
2024-07-06T11:26:15.347+0800: 129.513: [GC pause (G1 Evacuation Pause) (young), 0.0324394 secs]
   [Parallel Time: 31.8 ms, GC Workers: 2]
      [GC Worker Start (ms): Min: 129513.6, Avg: 129513.6, Max: 129513.7, Diff: 0.1]
      [Ext Root Scanning (ms): Min: 0.5, Avg: 0.5, Max: 0.6, Diff: 0.1, Sum: 1.1]
      [Update RS (ms): Min: 0.0, Avg: 0.0, Max: 0.0, Diff: 0.0, Sum: 0.1]
         [Processed Buffers: Min: 2, Avg: 3.5, Max: 5, Diff: 3, Sum: 7]
      [Scan RS (ms): Min: 0.1, Avg: 0.1, Max: 0.1, Diff: 0.0, Sum: 0.2]
      [Code Root Scanning (ms): Min: 0.0, Avg: 0.0, Max: 0.0, Diff: 0.0, Sum: 0.0]
      [Object Copy (ms): Min: 31.0, Avg: 31.0, Max: 31.0, Diff: 0.0, Sum: 62.0]
      [Termination (ms): Min: 0.0, Avg: 0.0, Max: 0.0, Diff: 0.0, Sum: 0.0]
         [Termination Attempts: Min: 1, Avg: 1.0, Max: 1, Diff: 0, Sum: 2]
      [GC Worker Other (ms): Min: 0.0, Avg: 0.0, Max: 0.0, Diff: 0.0, Sum: 0.0]
      [GC Worker Total (ms): Min: 31.7, Avg: 31.7, Max: 31.7, Diff: 0.1, Sum: 63.4]
      [GC Worker End (ms): Min: 129545.3, Avg: 129545.3, Max: 129545.3, Diff: 0.0]
   [Code Root Fixup: 0.0 ms]
   [Code Root Purge: 0.0 ms]
   [Clear CT: 0.1 ms]
   [Other: 0.5 ms]
      [Choose CSet: 0.0 ms]
      [Ref Proc: 0.1 ms]
      [Ref Enq: 0.0 ms]
      [Redirty Cards: 0.1 ms]
      [Humongous Register: 0.0 ms]
      [Humongous Reclaim: 0.0 ms]
      [Free CSet: 0.2 ms]
   [Eden: 264.0M(264.0M)->0.0B(256.0M) Survivors: 19456.0K->27648.0K Heap: 372.3M(472.0M)->115.8M(472.0M)]
 [Times: user=0.06 sys=0.00, real=0.03 secs] 
2024-07-06T11:26:15.827+0800: 129.993: [GC pause (G1 Evacuation Pause) (young), 0.0388348 secs]
   [Parallel Time: 38.2 ms, GC Workers: 2]
      [GC Worker Start (ms): Min: 129993.5, Avg: 129993.7, Max: 129993.8, Diff: 0.3]
      [Ext Root Scanning (ms): Min: 0.4, Avg: 1.9, Max: 3.4, Diff: 3.0, Sum: 3.9]
      [Update RS (ms): Min: 0.0, Avg: 0.0, Max: 0.1, Diff: 0.1, Sum: 0.1]
         [Processed Buffers: Min: 0, Avg: 3.5, Max: 7, Diff: 7, Sum: 7]
      [Scan RS (ms): Min: 0.0, Avg: 0.1, Max: 0.1, Diff: 0.1, Sum: 0.2]
      [Code Root Scanning (ms): Min: 0.0, Avg: 0.0, Max: 0.0, Diff: 0.0, Sum: 0.0]
      [Object Copy (ms): Min: 34.7, Avg: 36.0, Max: 37.3, Diff: 2.5, Sum: 72.0]
      [Termination (ms): Min: 0.0, Avg: 0.0, Max: 0.0, Diff: 0.0, Sum: 0.0]
         [Termination Attempts: Min: 1, Avg: 1.0, Max: 1, Diff: 0, Sum: 2]
      [GC Worker Other (ms): Min: 0.0, Avg: 0.0, Max: 0.0, Diff: 0.0, Sum: 0.0]
      [GC Worker Total (ms): Min: 37.9, Avg: 38.1, Max: 38.2, Diff: 0.3, Sum: 76.1]
      [GC Worker End (ms): Min: 130031.7, Avg: 130031.7, Max: 130031.7, Diff: 0.0]
   [Code Root Fixup: 0.0 ms]
   [Code Root Purge: 0.0 ms]
   [Clear CT: 0.2 ms]
   [Other: 0.4 ms]
      [Choose CSet: 0.0 ms]
      [Ref Proc: 0.1 ms]
      [Ref Enq: 0.0 ms]
      [Redirty Cards: 0.1 ms]
      [Humongous Register: 0.0 ms]
      [Humongous Reclaim: 0.0 ms]
      [Free CSet: 0.2 ms]
   [Eden: 256.0M(256.0M)->0.0B(252.0M) Survivors: 27648.0K->31744.0K Heap: 371.8M(472.0M)->120.3M(472.0M)]
 [Times: user=0.07 sys=0.00, real=0.03 secs] 
2024-07-06T11:26:16.267+0800: 130.434: [GC pause (G1 Evacuation Pause) (young), 0.0332738 secs]
   [Parallel Time: 32.8 ms, GC Workers: 2]
      [GC Worker Start (ms): Min: 130433.7, Avg: 130433.7, Max: 130433.7, Diff: 0.0]
      [Ext Root Scanning (ms): Min: 0.5, Avg: 0.5, Max: 0.5, Diff: 0.0, Sum: 1.0]
      [Update RS (ms): Min: 0.0, Avg: 0.0, Max: 0.0, Diff: 0.0, Sum: 0.1]
         [Processed Buffers: Min: 3, Avg: 3.5, Max: 4, Diff: 1, Sum: 7]
      [Scan RS (ms): Min: 0.1, Avg: 0.1, Max: 0.1, Diff: 0.0, Sum: 0.2]
      [Code Root Scanning (ms): Min: 0.0, Avg: 0.0, Max: 0.0, Diff: 0.0, Sum: 0.0]
      [Object Copy (ms): Min: 32.1, Avg: 32.1, Max: 32.1, Diff: 0.0, Sum: 64.2]
      [Termination (ms): Min: 0.0, Avg: 0.0, Max: 0.0, Diff: 0.0, Sum: 0.0]
         [Termination Attempts: Min: 1, Avg: 1.0, Max: 1, Diff: 0, Sum: 2]
      [GC Worker Other (ms): Min: 0.0, Avg: 0.0, Max: 0.0, Diff: 0.0, Sum: 0.0]
      [GC Worker Total (ms): Min: 32.7, Avg: 32.7, Max: 32.7, Diff: 0.0, Sum: 65.4]
      [GC Worker End (ms): Min: 130466.5, Avg: 130466.5, Max: 130466.5, Diff: 0.0]
   [Code Root Fixup: 0.0 ms]
   [Code Root Purge: 0.0 ms]
   [Clear CT: 0.1 ms]
   [Other: 0.4 ms]
      [Choose CSet: 0.0 ms]
      [Ref Proc: 0.1 ms]
      [Ref Enq: 0.0 ms]
      [Redirty Cards: 0.0 ms]
      [Humongous Register: 0.0 ms]
      [Humongous Reclaim: 0.0 ms]
      [Free CSet: 0.1 ms]
   [Eden: 252.0M(252.0M)->0.0B(255.0M) Survivors: 31744.0K->28672.0K Heap: 372.3M(472.0M)->117.3M(472.0M)]
 [Times: user=0.06 sys=0.00, real=0.03 secs] 
2024-07-06T11:26:16.717+0800: 130.883: [GC pause (G1 Evacuation Pause) (young), 0.0317081 secs]
   [Parallel Time: 31.2 ms, GC Workers: 2]
      [GC Worker Start (ms): Min: 130883.5, Avg: 130883.5, Max: 130883.5, Diff: 0.0]
      [Ext Root Scanning (ms): Min: 0.5, Avg: 0.5, Max: 0.5, Diff: 0.0, Sum: 1.1]
      [Update RS (ms): Min: 0.0, Avg: 0.0, Max: 0.1, Diff: 0.1, Sum: 0.1]
         [Processed Buffers: Min: 0, Avg: 3.5, Max: 7, Diff: 7, Sum: 7]
      [Scan RS (ms): Min: 0.1, Avg: 0.1, Max: 0.1, Diff: 0.0, Sum: 0.2]
      [Code Root Scanning (ms): Min: 0.0, Avg: 0.0, Max: 0.0, Diff: 0.0, Sum: 0.0]
      [Object Copy (ms): Min: 30.4, Avg: 30.4, Max: 30.4, Diff: 0.0, Sum: 60.9]
      [Termination (ms): Min: 0.0, Avg: 0.0, Max: 0.0, Diff: 0.0, Sum: 0.0]
         [Termination Attempts: Min: 1, Avg: 1.0, Max: 1, Diff: 0, Sum: 2]
      [GC Worker Other (ms): Min: 0.0, Avg: 0.0, Max: 0.0, Diff: 0.0, Sum: 0.0]
      [GC Worker Total (ms): Min: 31.1, Avg: 31.1, Max: 31.1, Diff: 0.0, Sum: 62.2]
      [GC Worker End (ms): Min: 130914.6, Avg: 130914.6, Max: 130914.6, Diff: 0.0]
   [Code Root Fixup: 0.0 ms]
   [Code Root Purge: 0.0 ms]
   [Clear CT: 0.1 ms]
   [Other: 0.4 ms]
      [Choose CSet: 0.0 ms]
      [Ref Proc: 0.1 ms]
      [Ref Enq: 0.0 ms]
      [Redirty Cards: 0.0 ms]
      [Humongous Register: 0.1 ms]
      [Humongous Reclaim: 0.0 ms]
      [Free CSet: 0.2 ms]
   [Eden: 255.0M(255.0M)->0.0B(258.0M) Survivors: 28672.0K->25600.0K Heap: 372.3M(472.0M)->113.8M(472.0M)]
 [Times: user=0.06 sys=0.00, real=0.03 secs] 
2024-07-06T11:26:17.225+0800: 131.392: [GC pause (G1 Evacuation Pause) (young), 0.0288237 secs]
   [Parallel Time: 28.3 ms, GC Workers: 2]
      [GC Worker Start (ms): Min: 131391.7, Avg: 131391.7, Max: 131391.7, Diff: 0.0]
      [Ext Root Scanning (ms): Min: 0.6, Avg: 0.6, Max: 0.6, Diff: 0.0, Sum: 1.3]
      [Update RS (ms): Min: 0.0, Avg: 0.0, Max: 0.0, Diff: 0.0, Sum: 0.1]
         [Processed Buffers: Min: 2, Avg: 3.5, Max: 5, Diff: 3, Sum: 7]
      [Scan RS (ms): Min: 0.1, Avg: 0.1, Max: 0.1, Diff: 0.0, Sum: 0.2]
      [Code Root Scanning (ms): Min: 0.0, Avg: 0.0, Max: 0.0, Diff: 0.0, Sum: 0.0]
      [Object Copy (ms): Min: 27.4, Avg: 27.4, Max: 27.4, Diff: 0.0, Sum: 54.8]
      [Termination (ms): Min: 0.0, Avg: 0.0, Max: 0.0, Diff: 0.0, Sum: 0.0]
         [Termination Attempts: Min: 1, Avg: 1.0, Max: 1, Diff: 0, Sum: 2]
      [GC Worker Other (ms): Min: 0.0, Avg: 0.0, Max: 0.0, Diff: 0.0, Sum: 0.0]
      [GC Worker Total (ms): Min: 28.2, Avg: 28.2, Max: 28.2, Diff: 0.0, Sum: 56.4]
      [GC Worker End (ms): Min: 131419.9, Avg: 131419.9, Max: 131419.9, Diff: 0.0]
   [Code Root Fixup: 0.0 ms]
   [Code Root Purge: 0.0 ms]
   [Clear CT: 0.1 ms]
   [Other: 0.4 ms]
      [Choose CSet: 0.0 ms]
      [Ref Proc: 0.1 ms]
      [Ref Enq: 0.0 ms]
      [Redirty Cards: 0.0 ms]
      [Humongous Register: 0.0 ms]
      [Humongous Reclaim: 0.0 ms]
      [Free CSet: 0.2 ms]
   [Eden: 258.0M(258.0M)->0.0B(262.0M) Survivors: 25600.0K->21504.0K Heap: 371.8M(472.0M)->109.8M(472.0M)]
 [Times: user=0.06 sys=0.00, real=0.03 secs] 
2024-07-06T11:26:17.733+0800: 131.899: [GC pause (G1 Evacuation Pause) (young), 0.0129807 secs]
   [Parallel Time: 12.4 ms, GC Workers: 2]
      [GC Worker Start (ms): Min: 131899.3, Avg: 131899.3, Max: 131899.3, Diff: 0.0]
      [Ext Root Scanning (ms): Min: 0.6, Avg: 0.6, Max: 0.6, Diff: 0.0, Sum: 1.2]
      [Update RS (ms): Min: 0.1, Avg: 0.1, Max: 0.1, Diff: 0.0, Sum: 0.1]
         [Processed Buffers: Min: 2, Avg: 3.0, Max: 4, Diff: 2, Sum: 6]
      [Scan RS (ms): Min: 0.1, Avg: 0.1, Max: 0.1, Diff: 0.0, Sum: 0.2]
      [Code Root Scanning (ms): Min: 0.0, Avg: 0.0, Max: 0.0, Diff: 0.0, Sum: 0.0]
      [Object Copy (ms): Min: 11.6, Avg: 11.6, Max: 11.6, Diff: 0.0, Sum: 23.3]
      [Termination (ms): Min: 0.0, Avg: 0.0, Max: 0.0, Diff: 0.0, Sum: 0.0]
         [Termination Attempts: Min: 1, Avg: 1.5, Max: 2, Diff: 1, Sum: 3]
      [GC Worker Other (ms): Min: 0.0, Avg: 0.0, Max: 0.0, Diff: 0.0, Sum: 0.0]
      [GC Worker Total (ms): Min: 12.4, Avg: 12.4, Max: 12.4, Diff: 0.0, Sum: 24.7]
      [GC Worker End (ms): Min: 131911.7, Avg: 131911.7, Max: 131911.7, Diff: 0.0]
   [Code Root Fixup: 0.0 ms]
   [Code Root Purge: 0.0 ms]
   [Clear CT: 0.1 ms]
   [Other: 0.4 ms]
      [Choose CSet: 0.0 ms]
      [Ref Proc: 0.1 ms]
      [Ref Enq: 0.0 ms]
      [Redirty Cards: 0.1 ms]
      [Humongous Register: 0.0 ms]
      [Humongous Reclaim: 0.0 ms]
      [Free CSet: 0.2 ms]
   [Eden: 262.0M(262.0M)->0.0B(273.0M) Survivors: 21504.0K->10240.0K Heap: 371.8M(472.0M)->101676.0K(472.0M)]
 [Times: user=0.02 sys=0.00, real=0.01 secs] 
2024-07-06T11:26:18.187+0800: 132.353: [GC pause (G1 Evacuation Pause) (young), 0.0151714 secs]
   [Parallel Time: 14.5 ms, GC Workers: 2]
      [GC Worker Start (ms): Min: 132353.1, Avg: 132353.1, Max: 132353.2, Diff: 0.0]
      [Ext Root Scanning (ms): Min: 0.5, Avg: 0.5, Max: 0.5, Diff: 0.0, Sum: 1.0]
      [Update RS (ms): Min: 0.0, Avg: 0.0, Max: 0.0, Diff: 0.0, Sum: 0.1]
         [Processed Buffers: Min: 2, Avg: 2.5, Max: 3, Diff: 1, Sum: 5]
      [Scan RS (ms): Min: 0.1, Avg: 0.1, Max: 0.1, Diff: 0.0, Sum: 0.2]
      [Code Root Scanning (ms): Min: 0.0, Avg: 0.0, Max: 0.0, Diff: 0.0, Sum: 0.0]
      [Object Copy (ms): Min: 13.8, Avg: 13.8, Max: 13.8, Diff: 0.0, Sum: 27.7]
      [Termination (ms): Min: 0.0, Avg: 0.0, Max: 0.0, Diff: 0.0, Sum: 0.0]
         [Termination Attempts: Min: 1, Avg: 1.0, Max: 1, Diff: 0, Sum: 2]
      [GC Worker Other (ms): Min: 0.0, Avg: 0.0, Max: 0.0, Diff: 0.0, Sum: 0.0]
      [GC Worker Total (ms): Min: 14.5, Avg: 14.5, Max: 14.5, Diff: 0.0, Sum: 29.0]
      [GC Worker End (ms): Min: 132367.6, Avg: 132367.6, Max: 132367.6, Diff: 0.0]
   [Code Root Fixup: 0.0 ms]
   [Code Root Purge: 0.0 ms]
   [Clear CT: 0.1 ms]
   [Other: 0.5 ms]
      [Choose CSet: 0.0 ms]
      [Ref Proc: 0.1 ms]
      [Ref Enq: 0.0 ms]
      [Redirty Cards: 0.0 ms]
      [Humongous Register: 0.0 ms]
      [Humongous Reclaim: 0.0 ms]
      [Free CSet: 0.2 ms]
   [Eden: 273.0M(273.0M)->0.0B(267.0M) Survivors: 10240.0K->16384.0K Heap: 372.3M(472.0M)->104.8M(472.0M)]
 [Times: user=0.03 sys=0.00, real=0.02 secs] 
2024-07-06T11:26:18.661+0800: 132.827: [GC pause (G1 Evacuation Pause) (young), 0.0323009 secs]
   [Parallel Time: 31.7 ms, GC Workers: 2]
      [GC Worker Start (ms): Min: 132826.9, Avg: 132826.9, Max: 132826.9, Diff: 0.0]
      [Ext Root Scanning (ms): Min: 0.7, Avg: 0.7, Max: 0.7, Diff: 0.0, Sum: 1.4]
      [Update RS (ms): Min: 0.0, Avg: 0.0, Max: 0.1, Diff: 0.0, Sum: 0.1]
         [Processed Buffers: Min: 2, Avg: 2.5, Max: 3, Diff: 1, Sum: 5]
      [Scan RS (ms): Min: 0.1, Avg: 0.1, Max: 0.1, Diff: 0.0, Sum: 0.2]
      [Code Root Scanning (ms): Min: 0.0, Avg: 0.0, Max: 0.0, Diff: 0.0, Sum: 0.0]
      [Object Copy (ms): Min: 30.7, Avg: 30.7, Max: 30.8, Diff: 0.0, Sum: 61.5]
      [Termination (ms): Min: 0.0, Avg: 0.0, Max: 0.0, Diff: 0.0, Sum: 0.0]
         [Termination Attempts: Min: 1, Avg: 1.0, Max: 1, Diff: 0, Sum: 2]
      [GC Worker Other (ms): Min: 0.0, Avg: 0.0, Max: 0.0, Diff: 0.0, Sum: 0.0]
      [GC Worker Total (ms): Min: 31.6, Avg: 31.6, Max: 31.6, Diff: 0.0, Sum: 63.2]
      [GC Worker End (ms): Min: 132858.5, Avg: 132858.5, Max: 132858.5, Diff: 0.0]
   [Code Root Fixup: 0.0 ms]
   [Code Root Purge: 0.0 ms]
   [Clear CT: 0.1 ms]
   [Other: 0.5 ms]
      [Choose CSet: 0.0 ms]
      [Ref Proc: 0.1 ms]
      [Ref Enq: 0.0 ms]
      [Redirty Cards: 0.1 ms]
      [Humongous Register: 0.0 ms]
      [Humongous Reclaim: 0.0 ms]
      [Free CSet: 0.2 ms]
   [Eden: 267.0M(267.0M)->0.0B(255.0M) Survivors: 16384.0K->28672.0K Heap: 371.8M(472.0M)->116.8M(472.0M)]
 [Times: user=0.06 sys=0.00, real=0.03 secs] 
2024-07-06T11:26:19.174+0800: 133.340: [GC pause (G1 Evacuation Pause) (young), 0.0384278 secs]
   [Parallel Time: 37.9 ms, GC Workers: 2]
      [GC Worker Start (ms): Min: 133340.2, Avg: 133340.2, Max: 133340.2, Diff: 0.0]
      [Ext Root Scanning (ms): Min: 0.5, Avg: 0.5, Max: 0.5, Diff: 0.0, Sum: 1.1]
      [Update RS (ms): Min: 0.0, Avg: 0.0, Max: 0.0, Diff: 0.0, Sum: 0.1]
         [Processed Buffers: Min: 1, Avg: 2.5, Max: 4, Diff: 3, Sum: 5]
      [Scan RS (ms): Min: 0.1, Avg: 0.1, Max: 0.1, Diff: 0.0, Sum: 0.2]
      [Code Root Scanning (ms): Min: 0.0, Avg: 0.0, Max: 0.0, Diff: 0.0, Sum: 0.0]
      [Object Copy (ms): Min: 37.2, Avg: 37.2, Max: 37.2, Diff: 0.0, Sum: 74.3]
      [Termination (ms): Min: 0.0, Avg: 0.0, Max: 0.0, Diff: 0.0, Sum: 0.0]
         [Termination Attempts: Min: 23, Avg: 24.5, Max: 26, Diff: 3, Sum: 49]
      [GC Worker Other (ms): Min: 0.0, Avg: 0.0, Max: 0.0, Diff: 0.0, Sum: 0.0]
      [GC Worker Total (ms): Min: 37.8, Avg: 37.8, Max: 37.9, Diff: 0.0, Sum: 75.7]
      [GC Worker End (ms): Min: 133378.0, Avg: 133378.0, Max: 133378.0, Diff: 0.0]
   [Code Root Fixup: 0.0 ms]
   [Code Root Purge: 0.0 ms]
   [Clear CT: 0.1 ms]
   [Other: 0.4 ms]
      [Choose CSet: 0.0 ms]
      [Ref Proc: 0.1 ms]
      [Ref Enq: 0.0 ms]
      [Redirty Cards: 0.0 ms]
      [Humongous Register: 0.0 ms]
      [Humongous Reclaim: 0.0 ms]
      [Free CSet: 0.1 ms]
   [Eden: 255.0M(255.0M)->0.0B(249.0M) Survivors: 28672.0K->34816.0K Heap: 371.8M(472.0M)->122.8M(472.0M)]
 [Times: user=0.08 sys=0.00, real=0.04 secs] 
2024-07-06T11:26:19.622+0800: 133.788: [GC pause (G1 Evacuation Pause) (young), 0.0384678 secs]
   [Parallel Time: 38.0 ms, GC Workers: 2]
      [GC Worker Start (ms): Min: 133788.4, Avg: 133788.4, Max: 133788.4, Diff: 0.0]
      [Ext Root Scanning (ms): Min: 0.5, Avg: 0.5, Max: 0.5, Diff: 0.0, Sum: 1.0]
      [Update RS (ms): Min: 0.0, Avg: 0.0, Max: 0.0, Diff: 0.0, Sum: 0.1]
         [Processed Buffers: Min: 1, Avg: 2.5, Max: 4, Diff: 3, Sum: 5]
      [Scan RS (ms): Min: 0.1, Avg: 0.1, Max: 0.1, Diff: 0.0, Sum: 0.3]
      [Code Root Scanning (ms): Min: 0.0, Avg: 0.0, Max: 0.0, Diff: 0.0, Sum: 0.0]
      [Object Copy (ms): Min: 37.2, Avg: 37.2, Max: 37.2, Diff: 0.0, Sum: 74.3]
      [Termination (ms): Min: 0.0, Avg: 0.0, Max: 0.0, Diff: 0.0, Sum: 0.0]
         [Termination Attempts: Min: 1, Avg: 1.0, Max: 1, Diff: 0, Sum: 2]
      [GC Worker Other (ms): Min: 0.0, Avg: 0.0, Max: 0.0, Diff: 0.0, Sum: 0.0]
      [GC Worker Total (ms): Min: 37.9, Avg: 37.9, Max: 37.9, Diff: 0.0, Sum: 75.8]
      [GC Worker End (ms): Min: 133826.2, Avg: 133826.2, Max: 133826.3, Diff: 0.0]
   [Code Root Fixup: 0.0 ms]
   [Code Root Purge: 0.0 ms]
   [Clear CT: 0.1 ms]
   [Other: 0.4 ms]
      [Choose CSet: 0.0 ms]
      [Ref Proc: 0.1 ms]
      [Ref Enq: 0.0 ms]
      [Redirty Cards: 0.0 ms]
      [Humongous Register: 0.0 ms]
      [Humongous Reclaim: 0.0 ms]
      [Free CSet: 0.2 ms]
   [Eden: 249.0M(249.0M)->0.0B(253.0M) Survivors: 34816.0K->30720.0K Heap: 371.8M(472.0M)->119.3M(472.0M)]
 [Times: user=0.07 sys=0.00, real=0.04 secs] 
2024-07-06T11:26:20.065+0800: 134.231: [GC pause (G1 Evacuation Pause) (young), 0.0395356 secs]
   [Parallel Time: 38.7 ms, GC Workers: 2]
      [GC Worker Start (ms): Min: 134231.6, Avg: 134231.6, Max: 134231.6, Diff: 0.0]
      [Ext Root Scanning (ms): Min: 0.6, Avg: 0.6, Max: 0.6, Diff: 0.0, Sum: 1.2]
      [Update RS (ms): Min: 0.0, Avg: 0.0, Max: 0.0, Diff: 0.0, Sum: 0.0]
         [Processed Buffers: Min: 0, Avg: 2.5, Max: 5, Diff: 5, Sum: 5]
      [Scan RS (ms): Min: 0.0, Avg: 0.6, Max: 1.1, Diff: 1.1, Sum: 1.1]
      [Code Root Scanning (ms): Min: 0.0, Avg: 0.0, Max: 0.0, Diff: 0.0, Sum: 0.0]
      [Object Copy (ms): Min: 36.9, Avg: 37.5, Max: 38.1, Diff: 1.2, Sum: 74.9]
      [Termination (ms): Min: 0.0, Avg: 0.0, Max: 0.0, Diff: 0.0, Sum: 0.0]
         [Termination Attempts: Min: 1, Avg: 1.0, Max: 1, Diff: 0, Sum: 2]
      [GC Worker Other (ms): Min: 0.0, Avg: 0.0, Max: 0.0, Diff: 0.0, Sum: 0.0]
      [GC Worker Total (ms): Min: 38.7, Avg: 38.7, Max: 38.7, Diff: 0.0, Sum: 77.3]
      [GC Worker End (ms): Min: 134270.2, Avg: 134270.2, Max: 134270.2, Diff: 0.0]
   [Code Root Fixup: 0.0 ms]
   [Code Root Purge: 0.0 ms]
   [Clear CT: 0.1 ms]
   [Other: 0.7 ms]
      [Choose CSet: 0.0 ms]
      [Ref Proc: 0.2 ms]
      [Ref Enq: 0.0 ms]
      [Redirty Cards: 0.1 ms]
      [Humongous Register: 0.0 ms]
      [Humongous Reclaim: 0.0 ms]
      [Free CSet: 0.2 ms]
   [Eden: 253.0M(253.0M)->0.0B(256.0M) Survivors: 30720.0K->27648.0K Heap: 372.3M(472.0M)->116.3M(472.0M)]
 [Times: user=0.08 sys=0.00, real=0.04 secs] 
2024-07-06T11:26:20.545+0800: 134.712: [GC pause (G1 Evacuation Pause) (young), 0.0291502 secs]
   [Parallel Time: 28.6 ms, GC Workers: 2]
      [GC Worker Start (ms): Min: 134711.8, Avg: 134711.8, Max: 134711.8, Diff: 0.0]
      [Ext Root Scanning (ms): Min: 0.5, Avg: 0.5, Max: 0.5, Diff: 0.0, Sum: 1.0]
      [Update RS (ms): Min: 0.0, Avg: 0.0, Max: 0.0, Diff: 0.0, Sum: 0.1]
         [Processed Buffers: Min: 2, Avg: 2.5, Max: 3, Diff: 1, Sum: 5]
      [Scan RS (ms): Min: 0.1, Avg: 0.1, Max: 0.1, Diff: 0.0, Sum: 0.2]
      [Code Root Scanning (ms): Min: 0.0, Avg: 0.0, Max: 0.0, Diff: 0.0, Sum: 0.0]
      [Object Copy (ms): Min: 27.9, Avg: 27.9, Max: 27.9, Diff: 0.0, Sum: 55.8]
      [Termination (ms): Min: 0.0, Avg: 0.0, Max: 0.0, Diff: 0.0, Sum: 0.0]
         [Termination Attempts: Min: 1, Avg: 1.0, Max: 1, Diff: 0, Sum: 2]
      [GC Worker Other (ms): Min: 0.0, Avg: 0.0, Max: 0.0, Diff: 0.0, Sum: 0.0]
      [GC Worker Total (ms): Min: 28.5, Avg: 28.6, Max: 28.6, Diff: 0.0, Sum: 57.1]
      [GC Worker End (ms): Min: 134740.3, Avg: 134740.3, Max: 134740.3, Diff: 0.0]
   [Code Root Fixup: 0.0 ms]
   [Code Root Purge: 0.0 ms]
   [Clear CT: 0.1 ms]
   [Other: 0.4 ms]
      [Choose CSet: 0.0 ms]
      [Ref Proc: 0.1 ms]
      [Ref Enq: 0.0 ms]
      [Redirty Cards: 0.0 ms]
      [Humongous Register: 0.0 ms]
      [Humongous Reclaim: 0.0 ms]
      [Free CSet: 0.2 ms]
   [Eden: 256.0M(256.0M)->0.0B(259.0M) Survivors: 27648.0K->24576.0K Heap: 372.3M(472.0M)->112.8M(472.0M)]
 [Times: user=0.05 sys=0.00, real=0.03 secs] 
2024-07-06T11:26:21.031+0800: 135.197: [GC pause (G1 Evacuation Pause) (young), 0.0231504 secs]
   [Parallel Time: 22.6 ms, GC Workers: 2]
      [GC Worker Start (ms): Min: 135197.5, Avg: 135197.6, Max: 135197.6, Diff: 0.0]
      [Ext Root Scanning (ms): Min: 0.5, Avg: 0.6, Max: 0.6, Diff: 0.0, Sum: 1.1]
      [Update RS (ms): Min: 0.0, Avg: 0.0, Max: 0.0, Diff: 0.0, Sum: 0.1]
         [Processed Buffers: Min: 2, Avg: 2.5, Max: 3, Diff: 1, Sum: 5]
      [Scan RS (ms): Min: 0.1, Avg: 0.1, Max: 0.1, Diff: 0.0, Sum: 0.2]
      [Code Root Scanning (ms): Min: 0.0, Avg: 0.0, Max: 0.0, Diff: 0.0, Sum: 0.0]
      [Object Copy (ms): Min: 21.9, Avg: 21.9, Max: 21.9, Diff: 0.1, Sum: 43.8]
      [Termination (ms): Min: 0.0, Avg: 0.0, Max: 0.0, Diff: 0.0, Sum: 0.0]
         [Termination Attempts: Min: 1, Avg: 1.0, Max: 1, Diff: 0, Sum: 2]
      [GC Worker Other (ms): Min: 0.0, Avg: 0.0, Max: 0.0, Diff: 0.0, Sum: 0.0]
      [GC Worker Total (ms): Min: 22.6, Avg: 22.6, Max: 22.6, Diff: 0.0, Sum: 45.1]
      [GC Worker End (ms): Min: 135220.1, Avg: 135220.1, Max: 135220.1, Diff: 0.0]
   [Code Root Fixup: 0.0 ms]
   [Code Root Purge: 0.0 ms]
   [Clear CT: 0.1 ms]
   [Other: 0.4 ms]
      [Choose CSet: 0.0 ms]
      [Ref Proc: 0.1 ms]
      [Ref Enq: 0.0 ms]
      [Redirty Cards: 0.0 ms]
      [Humongous Register: 0.0 ms]
      [Humongous Reclaim: 0.0 ms]
      [Free CSet: 0.1 ms]
   [Eden: 259.0M(259.0M)->0.0B(264.0M) Survivors: 24576.0K->19456.0K Heap: 371.8M(472.0M)->107.8M(472.0M)]
 [Times: user=0.05 sys=0.00, real=0.02 secs] 
2024-07-06T11:26:21.501+0800: 135.667: [GC pause (G1 Evacuation Pause) (young), 0.0147365 secs]
   [Parallel Time: 14.2 ms, GC Workers: 2]
      [GC Worker Start (ms): Min: 135667.2, Avg: 135667.2, Max: 135667.2, Diff: 0.0]
      [Ext Root Scanning (ms): Min: 0.5, Avg: 0.5, Max: 0.5, Diff: 0.0, Sum: 1.0]
      [Update RS (ms): Min: 0.0, Avg: 0.0, Max: 0.0, Diff: 0.0, Sum: 0.1]
         [Processed Buffers: Min: 1, Avg: 2.5, Max: 4, Diff: 3, Sum: 5]
      [Scan RS (ms): Min: 0.1, Avg: 0.1, Max: 0.1, Diff: 0.0, Sum: 0.2]
      [Code Root Scanning (ms): Min: 0.0, Avg: 0.0, Max: 0.0, Diff: 0.0, Sum: 0.0]
      [Object Copy (ms): Min: 13.5, Avg: 13.5, Max: 13.5, Diff: 0.0, Sum: 27.0]
      [Termination (ms): Min: 0.0, Avg: 0.0, Max: 0.0, Diff: 0.0, Sum: 0.0]
         [Termination Attempts: Min: 1, Avg: 1.5, Max: 2, Diff: 1, Sum: 3]
      [GC Worker Other (ms): Min: 0.0, Avg: 0.0, Max: 0.0, Diff: 0.0, Sum: 0.0]
      [GC Worker Total (ms): Min: 14.1, Avg: 14.1, Max: 14.1, Diff: 0.0, Sum: 28.2]
      [GC Worker End (ms): Min: 135681.3, Avg: 135681.3, Max: 135681.3, Diff: 0.0]
   [Code Root Fixup: 0.0 ms]
   [Code Root Purge: 0.0 ms]
   [Clear CT: 0.1 ms]
   [Other: 0.4 ms]
      [Choose CSet: 0.0 ms]
      [Ref Proc: 0.1 ms]
      [Ref Enq: 0.0 ms]
      [Redirty Cards: 0.0 ms]
      [Humongous Register: 0.0 ms]
      [Humongous Reclaim: 0.0 ms]
      [Free CSet: 0.1 ms]
   [Eden: 264.0M(264.0M)->0.0B(270.0M) Survivors: 19456.0K->13312.0K Heap: 371.8M(472.0M)->102.3M(472.0M)]
 [Times: user=0.03 sys=0.00, real=0.02 secs] 
2024-07-06T11:26:21.933+0800: 136.099: [GC pause (G1 Evacuation Pause) (young), 0.0207302 secs]
   [Parallel Time: 20.0 ms, GC Workers: 2]
      [GC Worker Start (ms): Min: 136099.0, Avg: 136099.3, Max: 136099.6, Diff: 0.6]
      [Ext Root Scanning (ms): Min: 0.1, Avg: 0.8, Max: 1.5, Diff: 1.4, Sum: 1.7]
      [Update RS (ms): Min: 0.0, Avg: 0.0, Max: 0.1, Diff: 0.1, Sum: 0.1]
         [Processed Buffers: Min: 0, Avg: 3.0, Max: 6, Diff: 6, Sum: 6]
      [Scan RS (ms): Min: 0.0, Avg: 0.1, Max: 0.1, Diff: 0.1, Sum: 0.1]
      [Code Root Scanning (ms): Min: 0.0, Avg: 0.0, Max: 0.0, Diff: 0.0, Sum: 0.0]
      [Object Copy (ms): Min: 18.3, Avg: 18.6, Max: 18.9, Diff: 0.6, Sum: 37.3]
      [Termination (ms): Min: 0.0, Avg: 0.0, Max: 0.0, Diff: 0.0, Sum: 0.0]
         [Termination Attempts: Min: 1, Avg: 1.0, Max: 1, Diff: 0, Sum: 2]
      [GC Worker Other (ms): Min: 0.0, Avg: 0.0, Max: 0.0, Diff: 0.0, Sum: 0.0]
      [GC Worker Total (ms): Min: 19.3, Avg: 19.6, Max: 19.9, Diff: 0.6, Sum: 39.2]
      [GC Worker End (ms): Min: 136118.9, Avg: 136118.9, Max: 136118.9, Diff: 0.0]
   [Code Root Fixup: 0.0 ms]
   [Code Root Purge: 0.0 ms]
   [Clear CT: 0.2 ms]
   [Other: 0.6 ms]
      [Choose CSet: 0.0 ms]
      [Ref Proc: 0.3 ms]
      [Ref Enq: 0.0 ms]
      [Redirty Cards: 0.1 ms]
      [Humongous Register: 0.0 ms]
      [Humongous Reclaim: 0.0 ms]
      [Free CSet: 0.2 ms]
   [Eden: 270.0M(270.0M)->0.0B(264.0M) Survivors: 13312.0K->19456.0K Heap: 372.3M(472.0M)->108.3M(472.0M)]
 [Times: user=0.03 sys=0.00, real=0.02 secs] 
2024-07-06T11:26:22.395+0800: 136.561: [GC pause (G1 Evacuation Pause) (young), 0.0343500 secs]
   [Parallel Time: 33.7 ms, GC Workers: 2]
      [GC Worker Start (ms): Min: 136560.8, Avg: 136561.1, Max: 136561.3, Diff: 0.6]
      [Ext Root Scanning (ms): Min: 0.3, Avg: 0.6, Max: 0.9, Diff: 0.5, Sum: 1.2]
      [Update RS (ms): Min: 0.0, Avg: 0.0, Max: 0.0, Diff: 0.0, Sum: 0.1]
         [Processed Buffers: Min: 2, Avg: 2.5, Max: 3, Diff: 1, Sum: 5]
      [Scan RS (ms): Min: 0.1, Avg: 0.1, Max: 0.1, Diff: 0.0, Sum: 0.2]
      [Code Root Scanning (ms): Min: 0.0, Avg: 0.0, Max: 0.0, Diff: 0.0, Sum: 0.0]
      [Object Copy (ms): Min: 32.6, Avg: 32.7, Max: 32.7, Diff: 0.0, Sum: 65.3]
      [Termination (ms): Min: 0.0, Avg: 0.0, Max: 0.0, Diff: 0.0, Sum: 0.0]
         [Termination Attempts: Min: 1, Avg: 1.0, Max: 1, Diff: 0, Sum: 2]
      [GC Worker Other (ms): Min: 0.0, Avg: 0.0, Max: 0.0, Diff: 0.0, Sum: 0.0]
      [GC Worker Total (ms): Min: 33.1, Avg: 33.4, Max: 33.7, Diff: 0.6, Sum: 66.8]
      [GC Worker End (ms): Min: 136594.5, Avg: 136594.5, Max: 136594.5, Diff: 0.0]
   [Code Root Fixup: 0.0 ms]
   [Code Root Purge: 0.0 ms]
   [Clear CT: 0.1 ms]
   [Other: 0.5 ms]
      [Choose CSet: 0.0 ms]
      [Ref Proc: 0.1 ms]
      [Ref Enq: 0.0 ms]
      [Redirty Cards: 0.1 ms]
      [Humongous Register: 0.0 ms]
      [Humongous Reclaim: 0.0 ms]
      [Free CSet: 0.2 ms]
   [Eden: 264.0M(264.0M)->0.0B(254.0M) Survivors: 19456.0K->29696.0K Heap: 372.3M(472.0M)->117.8M(472.0M)]
 [Times: user=0.06 sys=0.00, real=0.04 secs] 
2024-07-06T11:26:22.821+0800: 136.987: [GC pause (G1 Evacuation Pause) (young), 0.0386464 secs]
   [Parallel Time: 38.1 ms, GC Workers: 2]
      [GC Worker Start (ms): Min: 136987.6, Avg: 136987.6, Max: 136987.6, Diff: 0.0]
      [Ext Root Scanning (ms): Min: 0.5, Avg: 0.5, Max: 0.5, Diff: 0.0, Sum: 1.0]
      [Update RS (ms): Min: 0.0, Avg: 0.0, Max: 0.0, Diff: 0.0, Sum: 0.1]
         [Processed Buffers: Min: 2, Avg: 3.0, Max: 4, Diff: 2, Sum: 6]
      [Scan RS (ms): Min: 0.1, Avg: 0.1, Max: 0.1, Diff: 0.0, Sum: 0.2]
      [Code Root Scanning (ms): Min: 0.0, Avg: 0.0, Max: 0.0, Diff: 0.0, Sum: 0.0]
      [Object Copy (ms): Min: 37.3, Avg: 37.4, Max: 37.4, Diff: 0.0, Sum: 74.7]
      [Termination (ms): Min: 0.0, Avg: 0.0, Max: 0.0, Diff: 0.0, Sum: 0.0]
         [Termination Attempts: Min: 1, Avg: 1.0, Max: 1, Diff: 0, Sum: 2]
      [GC Worker Other (ms): Min: 0.0, Avg: 0.0, Max: 0.0, Diff: 0.0, Sum: 0.0]
      [GC Worker Total (ms): Min: 38.0, Avg: 38.0, Max: 38.0, Diff: 0.0, Sum: 76.0]
      [GC Worker End (ms): Min: 137025.6, Avg: 137025.6, Max: 137025.6, Diff: 0.0]
   [Code Root Fixup: 0.0 ms]
   [Code Root Purge: 0.0 ms]
   [Clear CT: 0.1 ms]
   [Other: 0.4 ms]
      [Choose CSet: 0.0 ms]
      [Ref Proc: 0.1 ms]
      [Ref Enq: 0.0 ms]
      [Redirty Cards: 0.0 ms]
      [Humongous Register: 0.0 ms]
      [Humongous Reclaim: 0.0 ms]
      [Free CSet: 0.2 ms]
   [Eden: 254.0M(254.0M)->0.0B(250.0M) Survivors: 29696.0K->33792.0K Heap: 371.8M(472.0M)->121.8M(472.0M)]
 [Times: user=0.08 sys=0.00, real=0.04 secs] 
2024-07-06T11:26:23.296+0800: 137.462: [GC pause (G1 Evacuation Pause) (young), 0.0446013 secs]
   [Parallel Time: 44.1 ms, GC Workers: 2]
      [GC Worker Start (ms): Min: 137462.0, Avg: 137462.0, Max: 137462.0, Diff: 0.0]
      [Ext Root Scanning (ms): Min: 0.6, Avg: 0.6, Max: 0.6, Diff: 0.0, Sum: 1.1]
      [Update RS (ms): Min: 0.0, Avg: 0.0, Max: 0.1, Diff: 0.1, Sum: 0.1]
         [Processed Buffers: Min: 0, Avg: 2.5, Max: 5, Diff: 5, Sum: 5]
      [Scan RS (ms): Min: 0.0, Avg: 0.1, Max: 0.1, Diff: 0.1, Sum: 0.2]
      [Code Root Scanning (ms): Min: 0.0, Avg: 0.0, Max: 0.0, Diff: 0.0, Sum: 0.0]
      [Object Copy (ms): Min: 43.3, Avg: 43.3, Max: 43.4, Diff: 0.2, Sum: 86.7]
      [Termination (ms): Min: 0.0, Avg: 0.0, Max: 0.0, Diff: 0.0, Sum: 0.0]
         [Termination Attempts: Min: 1, Avg: 1.0, Max: 1, Diff: 0, Sum: 2]
      [GC Worker Other (ms): Min: 0.0, Avg: 0.0, Max: 0.0, Diff: 0.0, Sum: 0.0]
      [GC Worker Total (ms): Min: 44.0, Avg: 44.0, Max: 44.0, Diff: 0.0, Sum: 88.0]
      [GC Worker End (ms): Min: 137506.1, Avg: 137506.1, Max: 137506.1, Diff: 0.0]
   [Code Root Fixup: 0.0 ms]
   [Code Root Purge: 0.0 ms]
   [Clear CT: 0.1 ms]
   [Other: 0.4 ms]
      [Choose CSet: 0.0 ms]
      [Ref Proc: 0.1 ms]
      [Ref Enq: 0.0 ms]
      [Redirty Cards: 0.0 ms]
      [Humongous Register: 0.0 ms]
      [Humongous Reclaim: 0.0 ms]
      [Free CSet: 0.1 ms]
   [Eden: 250.0M(250.0M)->0.0B(254.0M) Survivors: 33792.0K->29696.0K Heap: 371.8M(472.0M)->117.8M(472.0M)]
 [Times: user=0.07 sys=0.00, real=0.04 secs] 
2024-07-06T11:26:23.747+0800: 137.913: [GC pause (G1 Evacuation Pause) (young), 0.0304065 secs]
   [Parallel Time: 29.9 ms, GC Workers: 2]
      [GC Worker Start (ms): Min: 137912.9, Avg: 137912.9, Max: 137912.9, Diff: 0.0]
      [Ext Root Scanning (ms): Min: 0.5, Avg: 0.5, Max: 0.6, Diff: 0.0, Sum: 1.1]
      [Update RS (ms): Min: 0.0, Avg: 0.0, Max: 0.0, Diff: 0.0, Sum: 0.1]
         [Processed Buffers: Min: 3, Avg: 3.0, Max: 3, Diff: 0, Sum: 6]
      [Scan RS (ms): Min: 0.1, Avg: 0.1, Max: 0.1, Diff: 0.0, Sum: 0.2]
      [Code Root Scanning (ms): Min: 0.0, Avg: 0.0, Max: 0.0, Diff: 0.0, Sum: 0.0]
      [Object Copy (ms): Min: 29.1, Avg: 29.1, Max: 29.2, Diff: 0.0, Sum: 58.3]
      [Termination (ms): Min: 0.0, Avg: 0.0, Max: 0.0, Diff: 0.0, Sum: 0.0]
         [Termination Attempts: Min: 1, Avg: 1.0, Max: 1, Diff: 0, Sum: 2]
      [GC Worker Other (ms): Min: 0.0, Avg: 0.0, Max: 0.0, Diff: 0.0, Sum: 0.0]
      [GC Worker Total (ms): Min: 29.8, Avg: 29.8, Max: 29.8, Diff: 0.0, Sum: 59.6]
      [GC Worker End (ms): Min: 137942.7, Avg: 137942.7, Max: 137942.7, Diff: 0.0]
   [Code Root Fixup: 0.0 ms]
   [Code Root Purge: 0.0 ms]
   [Clear CT: 0.1 ms]
   [Other: 0.4 ms]
      [Choose CSet: 0.0 ms]
      [Ref Proc: 0.1 ms]
      [Ref Enq: 0.0 ms]
      [Redirty Cards: 0.0 ms]
      [Humongous Register: 0.0 ms]
      [Humongous Reclaim: 0.0 ms]
      [Free CSet: 0.1 ms]
   [Eden: 254.0M(254.0M)->0.0B(257.0M) Survivors: 29696.0K->26624.0K Heap: 371.8M(472.0M)->114.8M(472.0M)]
 [Times: user=0.06 sys=0.00, real=0.04 secs] 
2024-07-06T11:26:24.178+0800: 138.344: [GC pause (G1 Evacuation Pause) (young), 0.0275193 secs]
   [Parallel Time: 27.0 ms, GC Workers: 2]
      [GC Worker Start (ms): Min: 138344.1, Avg: 138344.1, Max: 138344.1, Diff: 0.0]
      [Ext Root Scanning (ms): Min: 0.5, Avg: 0.5, Max: 0.5, Diff: 0.0, Sum: 1.1]
      [Update RS (ms): Min: 0.0, Avg: 0.0, Max: 0.0, Diff: 0.0, Sum: 0.1]
         [Processed Buffers: Min: 3, Avg: 3.0, Max: 3, Diff: 0, Sum: 6]
      [Scan RS (ms): Min: 0.1, Avg: 0.1, Max: 0.1, Diff: 0.0, Sum: 0.2]
      [Code Root Scanning (ms): Min: 0.0, Avg: 0.0, Max: 0.0, Diff: 0.0, Sum: 0.0]
      [Object Copy (ms): Min: 26.3, Avg: 26.3, Max: 26.3, Diff: 0.0, Sum: 52.6]
      [Termination (ms): Min: 0.0, Avg: 0.0, Max: 0.0, Diff: 0.0, Sum: 0.0]
         [Termination Attempts: Min: 1, Avg: 1.0, Max: 1, Diff: 0, Sum: 2]
      [GC Worker Other (ms): Min: 0.0, Avg: 0.0, Max: 0.0, Diff: 0.0, Sum: 0.0]
      [GC Worker Total (ms): Min: 27.0, Avg: 27.0, Max: 27.0, Diff: 0.0, Sum: 53.9]
      [GC Worker End (ms): Min: 138371.0, Avg: 138371.0, Max: 138371.0, Diff: 0.0]
   [Code Root Fixup: 0.0 ms]
   [Code Root Purge: 0.0 ms]
   [Clear CT: 0.1 ms]
   [Other: 0.4 ms]
      [Choose CSet: 0.0 ms]
      [Ref Proc: 0.1 ms]
      [Ref Enq: 0.0 ms]
      [Redirty Cards: 0.0 ms]
      [Humongous Register: 0.0 ms]
      [Humongous Reclaim: 0.0 ms]
      [Free CSet: 0.1 ms]
   [Eden: 257.0M(257.0M)->0.0B(261.0M) Survivors: 26624.0K->22528.0K Heap: 371.8M(472.0M)->110.8M(472.0M)]
 [Times: user=0.05 sys=0.00, real=0.02 secs] 
2024-07-06T11:26:24.610+0800: 138.776: [GC pause (G1 Evacuation Pause) (young), 0.0158518 secs]
   [Parallel Time: 15.4 ms, GC Workers: 2]
      [GC Worker Start (ms): Min: 138776.1, Avg: 138776.1, Max: 138776.1, Diff: 0.0]
      [Ext Root Scanning (ms): Min: 0.5, Avg: 0.5, Max: 0.5, Diff: 0.0, Sum: 1.0]
      [Update RS (ms): Min: 0.0, Avg: 0.0, Max: 0.1, Diff: 0.1, Sum: 0.1]
         [Processed Buffers: Min: 0, Avg: 3.5, Max: 7, Diff: 7, Sum: 7]
      [Scan RS (ms): Min: 0.1, Avg: 0.1, Max: 0.1, Diff: 0.0, Sum: 0.2]
      [Code Root Scanning (ms): Min: 0.0, Avg: 0.0, Max: 0.0, Diff: 0.0, Sum: 0.0]
      [Object Copy (ms): Min: 14.6, Avg: 14.6, Max: 14.6, Diff: 0.0, Sum: 29.2]
      [Termination (ms): Min: 0.0, Avg: 0.0, Max: 0.0, Diff: 0.0, Sum: 0.0]
         [Termination Attempts: Min: 1, Avg: 1.0, Max: 1, Diff: 0, Sum: 2]
      [GC Worker Other (ms): Min: 0.0, Avg: 0.0, Max: 0.0, Diff: 0.0, Sum: 0.0]
      [GC Worker Total (ms): Min: 15.2, Avg: 15.2, Max: 15.3, Diff: 0.0, Sum: 30.5]
      [GC Worker End (ms): Min: 138791.3, Avg: 138791.3, Max: 138791.3, Diff: 0.0]
   [Code Root Fixup: 0.0 ms]
   [Code Root Purge: 0.0 ms]
   [Clear CT: 0.1 ms]
   [Other: 0.4 ms]
      [Choose CSet: 0.0 ms]
      [Ref Proc: 0.1 ms]
      [Ref Enq: 0.0 ms]
      [Redirty Cards: 0.0 ms]
      [Humongous Register: 0.0 ms]
      [Humongous Reclaim: 0.0 ms]
      [Free CSet: 0.2 ms]
   [Eden: 261.0M(261.0M)->0.0B(269.0M) Survivors: 22528.0K->14336.0K Heap: 371.8M(472.0M)->103.3M(472.0M)]
 [Times: user=0.04 sys=0.00, real=0.01 secs] 
2024-07-06T11:26:25.016+0800: 139.182: [GC pause (G1 Evacuation Pause) (young), 0.0265959 secs]
   [Parallel Time: 26.1 ms, GC Workers: 2]
      [GC Worker Start (ms): Min: 139182.2, Avg: 139182.3, Max: 139182.4, Diff: 0.2]
      [Ext Root Scanning (ms): Min: 0.6, Avg: 0.9, Max: 1.3, Diff: 0.7, Sum: 1.8]
      [Update RS (ms): Min: 0.0, Avg: 0.0, Max: 0.0, Diff: 0.0, Sum: 0.0]
         [Processed Buffers: Min: 0, Avg: 2.5, Max: 5, Diff: 5, Sum: 5]
      [Scan RS (ms): Min: 0.0, Avg: 0.1, Max: 0.1, Diff: 0.1, Sum: 0.1]
      [Code Root Scanning (ms): Min: 0.0, Avg: 0.0, Max: 0.0, Diff: 0.0, Sum: 0.0]
      [Object Copy (ms): Min: 24.8, Avg: 25.0, Max: 25.2, Diff: 0.4, Sum: 49.9]
      [Termination (ms): Min: 0.0, Avg: 0.0, Max: 0.0, Diff: 0.0, Sum: 0.0]
         [Termination Attempts: Min: 1, Avg: 1.0, Max: 1, Diff: 0, Sum: 2]
      [GC Worker Other (ms): Min: 0.0, Avg: 0.0, Max: 0.0, Diff: 0.0, Sum: 0.0]
      [GC Worker Total (ms): Min: 25.9, Avg: 26.0, Max: 26.1, Diff: 0.1, Sum: 52.0]
      [GC Worker End (ms): Min: 139208.3, Avg: 139208.3, Max: 139208.3, Diff: 0.0]
   [Code Root Fixup: 0.0 ms]
   [Code Root Purge: 0.0 ms]
   [Clear CT: 0.1 ms]
   [Other: 0.4 ms]
      [Choose CSet: 0.0 ms]
      [Ref Proc: 0.1 ms]
      [Ref Enq: 0.0 ms]
      [Redirty Cards: 0.0 ms]
      [Humongous Register: 0.0 ms]
      [Humongous Reclaim: 0.0 ms]
      [Free CSet: 0.1 ms]
   [Eden: 269.0M(269.0M)->0.0B(262.0M) Survivors: 14336.0K->21504.0K Heap: 372.3M(472.0M)->110.3M(472.0M)]
 [Times: user=0.04 sys=0.00, real=0.02 secs] 
2024-07-06T11:26:25.489+0800: 139.655: [GC pause (G1 Evacuation Pause) (young), 0.0201806 secs]
   [Parallel Time: 19.6 ms, GC Workers: 2]
      [GC Worker Start (ms): Min: 139655.0, Avg: 139655.0, Max: 139655.0, Diff: 0.0]
      [Ext Root Scanning (ms): Min: 0.5, Avg: 0.5, Max: 0.5, Diff: 0.0, Sum: 0.9]
      [Update RS (ms): Min: 0.0, Avg: 0.0, Max: 0.0, Diff: 0.0, Sum: 0.1]
         [Processed Buffers: Min: 1, Avg: 2.5, Max: 4, Diff: 3, Sum: 5]
      [Scan RS (ms): Min: 0.1, Avg: 0.1, Max: 0.1, Diff: 0.0, Sum: 0.2]
      [Code Root Scanning (ms): Min: 0.0, Avg: 0.0, Max: 0.0, Diff: 0.0, Sum: 0.0]
      [Object Copy (ms): Min: 18.9, Avg: 18.9, Max: 18.9, Diff: 0.0, Sum: 37.9]
      [Termination (ms): Min: 0.0, Avg: 0.0, Max: 0.0, Diff: 0.0, Sum: 0.0]
         [Termination Attempts: Min: 1, Avg: 1.0, Max: 1, Diff: 0, Sum: 2]
      [GC Worker Other (ms): Min: 0.0, Avg: 0.0, Max: 0.0, Diff: 0.0, Sum: 0.0]
      [GC Worker Total (ms): Min: 19.5, Avg: 19.5, Max: 19.5, Diff: 0.0, Sum: 39.1]
      [GC Worker End (ms): Min: 139674.5, Avg: 139674.5, Max: 139674.5, Diff: 0.0]
   [Code Root Fixup: 0.0 ms]
   [Code Root Purge: 0.0 ms]
   [Clear CT: 0.1 ms]
   [Other: 0.4 ms]
      [Choose CSet: 0.0 ms]
      [Ref Proc: 0.1 ms]
      [Ref Enq: 0.0 ms]
      [Redirty Cards: 0.0 ms]
      [Humongous Register: 0.0 ms]
      [Humongous Reclaim: 0.0 ms]
      [Free CSet: 0.2 ms]
   [Eden: 262.0M(262.0M)->0.0B(265.0M) Survivors: 21504.0K->18432.0K Heap: 372.3M(472.0M)->106.8M(472.0M)]
 [Times: user=0.04 sys=0.00, real=0.02 secs] 
2024-07-06T11:26:25.925+0800: 140.092: [GC pause (G1 Evacuation Pause) (young), 0.0235338 secs]
   [Parallel Time: 23.0 ms, GC Workers: 2]
      [GC Worker Start (ms): Min: 140091.8, Avg: 140091.8, Max: 140091.8, Diff: 0.0]
      [Ext Root Scanning (ms): Min: 0.5, Avg: 0.5, Max: 0.6, Diff: 0.0, Sum: 1.1]
      [Update RS (ms): Min: 0.0, Avg: 0.0, Max: 0.0, Diff: 0.0, Sum: 0.1]
         [Processed Buffers: Min: 1, Avg: 3.0, Max: 5, Diff: 4, Sum: 6]
      [Scan RS (ms): Min: 0.1, Avg: 0.1, Max: 0.1, Diff: 0.0, Sum: 0.2]
      [Code Root Scanning (ms): Min: 0.0, Avg: 0.0, Max: 0.0, Diff: 0.0, Sum: 0.0]
      [Object Copy (ms): Min: 22.1, Avg: 22.2, Max: 22.2, Diff: 0.0, Sum: 44.3]
      [Termination (ms): Min: 0.0, Avg: 0.0, Max: 0.0, Diff: 0.0, Sum: 0.0]
         [Termination Attempts: Min: 2, Avg: 3.5, Max: 5, Diff: 3, Sum: 7]
      [GC Worker Other (ms): Min: 0.0, Avg: 0.0, Max: 0.0, Diff: 0.0, Sum: 0.0]
      [GC Worker Total (ms): Min: 22.8, Avg: 22.8, Max: 22.9, Diff: 0.0, Sum: 45.7]
      [GC Worker End (ms): Min: 140114.7, Avg: 140114.7, Max: 140114.7, Diff: 0.0]
   [Code Root Fixup: 0.0 ms]
   [Code Root Purge: 0.0 ms]
   [Clear CT: 0.1 ms]
   [Other: 0.5 ms]
      [Choose CSet: 0.0 ms]
      [Ref Proc: 0.1 ms]
      [Ref Enq: 0.0 ms]
      [Redirty Cards: 0.0 ms]
      [Humongous Register: 0.0 ms]
      [Humongous Reclaim: 0.0 ms]
      [Free CSet: 0.2 ms]
   [Eden: 265.0M(265.0M)->0.0B(261.0M) Survivors: 18432.0K->22528.0K Heap: 371.8M(472.0M)->110.8M(472.0M)]
 [Times: user=0.04 sys=0.00, real=0.03 secs] 
2024-07-06T11:26:26.355+0800: 140.521: [GC pause (G1 Evacuation Pause) (young), 0.0284834 secs]
   [Parallel Time: 27.9 ms, GC Workers: 2]
      [GC Worker Start (ms): Min: 140520.9, Avg: 140520.9, Max: 140520.9, Diff: 0.0]
      [Ext Root Scanning (ms): Min: 0.5, Avg: 0.5, Max: 0.6, Diff: 0.0, Sum: 1.1]
      [Update RS (ms): Min: 0.0, Avg: 0.0, Max: 0.0, Diff: 0.0, Sum: 0.1]
         [Processed Buffers: Min: 3, Avg: 3.0, Max: 3, Diff: 0, Sum: 6]
      [Scan RS (ms): Min: 0.1, Avg: 0.1, Max: 0.1, Diff: 0.0, Sum: 0.1]
      [Code Root Scanning (ms): Min: 0.0, Avg: 0.0, Max: 0.0, Diff: 0.0, Sum: 0.0]
      [Object Copy (ms): Min: 27.1, Avg: 27.1, Max: 27.1, Diff: 0.0, Sum: 54.3]
      [Termination (ms): Min: 0.0, Avg: 0.0, Max: 0.0, Diff: 0.0, Sum: 0.0]
         [Termination Attempts: Min: 1, Avg: 1.0, Max: 1, Diff: 0, Sum: 2]
      [GC Worker Other (ms): Min: 0.0, Avg: 0.0, Max: 0.0, Diff: 0.0, Sum: 0.0]
      [GC Worker Total (ms): Min: 27.8, Avg: 27.8, Max: 27.8, Diff: 0.0, Sum: 55.6]
      [GC Worker End (ms): Min: 140548.7, Avg: 140548.7, Max: 140548.7, Diff: 0.0]
   [Code Root Fixup: 0.0 ms]
   [Code Root Purge: 0.0 ms]
   [Clear CT: 0.2 ms]
   [Other: 0.4 ms]
      [Choose CSet: 0.0 ms]
      [Ref Proc: 0.1 ms]
      [Ref Enq: 0.0 ms]
      [Redirty Cards: 0.1 ms]
      [Humongous Register: 0.0 ms]
      [Humongous Reclaim: 0.0 ms]
      [Free CSet: 0.2 ms]
   [Eden: 261.0M(261.0M)->0.0B(258.0M) Survivors: 22528.0K->25600.0K Heap: 371.8M(472.0M)->113.8M(472.0M)]
 [Times: user=0.05 sys=0.00, real=0.03 secs] 
2024-07-06T11:26:26.815+0800: 140.981: [GC pause (G1 Evacuation Pause) (young), 0.0299887 secs]
   [Parallel Time: 29.4 ms, GC Workers: 2]
      [GC Worker Start (ms): Min: 140981.2, Avg: 140981.3, Max: 140981.3, Diff: 0.0]
      [Ext Root Scanning (ms): Min: 0.5, Avg: 0.5, Max: 0.5, Diff: 0.0, Sum: 1.1]
      [Update RS (ms): Min: 0.0, Avg: 0.0, Max: 0.0, Diff: 0.0, Sum: 0.1]
         [Processed Buffers: Min: 2, Avg: 3.0, Max: 4, Diff: 2, Sum: 6]
      [Scan RS (ms): Min: 0.1, Avg: 0.1, Max: 0.1, Diff: 0.0, Sum: 0.2]
      [Code Root Scanning (ms): Min: 0.0, Avg: 0.0, Max: 0.0, Diff: 0.0, Sum: 0.0]
      [Object Copy (ms): Min: 28.7, Avg: 28.7, Max: 28.7, Diff: 0.0, Sum: 57.3]
      [Termination (ms): Min: 0.0, Avg: 0.0, Max: 0.0, Diff: 0.0, Sum: 0.0]
         [Termination Attempts: Min: 1, Avg: 1.5, Max: 2, Diff: 1, Sum: 3]
      [GC Worker Other (ms): Min: 0.0, Avg: 0.0, Max: 0.0, Diff: 0.0, Sum: 0.0]
      [GC Worker Total (ms): Min: 29.3, Avg: 29.4, Max: 29.4, Diff: 0.0, Sum: 58.7]
      [GC Worker End (ms): Min: 141010.6, Avg: 141010.6, Max: 141010.6, Diff: 0.0]
   [Code Root Fixup: 0.0 ms]
   [Code Root Purge: 0.0 ms]
   [Clear CT: 0.1 ms]
   [Other: 0.4 ms]
      [Choose CSet: 0.0 ms]
      [Ref Proc: 0.1 ms]
      [Ref Enq: 0.0 ms]
      [Redirty Cards: 0.0 ms]
      [Humongous Register: 0.0 ms]
      [Humongous Reclaim: 0.0 ms]
      [Free CSet: 0.2 ms]
   [Eden: 258.0M(258.0M)->0.0B(259.0M) Survivors: 25600.0K->24576.0K Heap: 371.8M(472.0M)->113.3M(472.0M)]
 [Times: user=0.06 sys=0.00, real=0.03 secs] 
2024-07-06T11:26:27.291+0800: 141.457: [GC pause (G1 Evacuation Pause) (young), 0.0230556 secs]
   [Parallel Time: 22.4 ms, GC Workers: 2]
      [GC Worker Start (ms): Min: 141457.6, Avg: 141457.6, Max: 141457.6, Diff: 0.0]
      [Ext Root Scanning (ms): Min: 0.5, Avg: 0.5, Max: 0.5, Diff: 0.0, Sum: 1.1]
      [Update RS (ms): Min: 0.0, Avg: 0.0, Max: 0.1, Diff: 0.1, Sum: 0.1]
         [Processed Buffers: Min: 0, Avg: 3.0, Max: 6, Diff: 6, Sum: 6]
      [Scan RS (ms): Min: 0.1, Avg: 0.1, Max: 0.1, Diff: 0.0, Sum: 0.2]
      [Code Root Scanning (ms): Min: 0.0, Avg: 0.0, Max: 0.0, Diff: 0.0, Sum: 0.0]
      [Object Copy (ms): Min: 21.6, Avg: 21.6, Max: 21.7, Diff: 0.1, Sum: 43.3]
      [Termination (ms): Min: 0.0, Avg: 0.0, Max: 0.0, Diff: 0.0, Sum: 0.0]
         [Termination Attempts: Min: 1, Avg: 1.0, Max: 1, Diff: 0, Sum: 2]
      [GC Worker Other (ms): Min: 0.0, Avg: 0.0, Max: 0.0, Diff: 0.0, Sum: 0.0]
      [GC Worker Total (ms): Min: 22.3, Avg: 22.3, Max: 22.3, Diff: 0.0, Sum: 44.6]
      [GC Worker End (ms): Min: 141479.9, Avg: 141479.9, Max: 141479.9, Diff: 0.0]
   [Code Root Fixup: 0.0 ms]
   [Code Root Purge: 0.0 ms]
   [Clear CT: 0.2 ms]
   [Other: 0.5 ms]
      [Choose CSet: 0.0 ms]
      [Ref Proc: 0.2 ms]
      [Ref Enq: 0.0 ms]
      [Redirty Cards: 0.0 ms]
      [Humongous Register: 0.0 ms]
      [Humongous Reclaim: 0.0 ms]
      [Free CSet: 0.2 ms]
   [Eden: 259.0M(259.0M)->0.0B(263.0M) Survivors: 24576.0K->20480.0K Heap: 372.3M(472.0M)->108.8M(472.0M)]
 [Times: user=0.05 sys=0.00, real=0.02 secs] 
2024-07-06T11:26:27.783+0800: 141.949: [GC pause (G1 Evacuation Pause) (young), 0.0349113 secs]
   [Parallel Time: 34.3 ms, GC Workers: 2]
      [GC Worker Start (ms): Min: 141949.1, Avg: 141949.1, Max: 141949.1, Diff: 0.0]
      [Ext Root Scanning (ms): Min: 0.6, Avg: 0.6, Max: 0.6, Diff: 0.0, Sum: 1.3]
      [Update RS (ms): Min: 0.0, Avg: 0.0, Max: 0.1, Diff: 0.1, Sum: 0.1]
         [Processed Buffers: Min: 1, Avg: 2.5, Max: 4, Diff: 3, Sum: 5]
      [Scan RS (ms): Min: 0.1, Avg: 0.1, Max: 0.1, Diff: 0.0, Sum: 0.2]
      [Code Root Scanning (ms): Min: 0.0, Avg: 0.0, Max: 0.0, Diff: 0.0, Sum: 0.0]
      [Object Copy (ms): Min: 33.4, Avg: 33.4, Max: 33.5, Diff: 0.0, Sum: 66.9]
      [Termination (ms): Min: 0.0, Avg: 0.0, Max: 0.0, Diff: 0.0, Sum: 0.0]
         [Termination Attempts: Min: 1, Avg: 1.0, Max: 1, Diff: 0, Sum: 2]
      [GC Worker Other (ms): Min: 0.0, Avg: 0.0, Max: 0.0, Diff: 0.0, Sum: 0.0]
      [GC Worker Total (ms): Min: 34.2, Avg: 34.2, Max: 34.2, Diff: 0.0, Sum: 68.5]
      [GC Worker End (ms): Min: 141983.3, Avg: 141983.3, Max: 141983.3, Diff: 0.0]
   [Code Root Fixup: 0.0 ms]
   [Code Root Purge: 0.0 ms]
   [Clear CT: 0.1 ms]
   [Other: 0.5 ms]
      [Choose CSet: 0.0 ms]
      [Ref Proc: 0.1 ms]
      [Ref Enq: 0.0 ms]
      [Redirty Cards: 0.0 ms]
      [Humongous Register: 0.0 ms]
      [Humongous Reclaim: 0.0 ms]
      [Free CSet: 0.2 ms]
   [Eden: 263.0M(263.0M)->0.0B(255.0M) Survivors: 20480.0K->28672.0K Heap: 371.8M(472.0M)->116.8M(472.0M)]
 [Times: user=0.07 sys=0.00, real=0.04 secs] 
2024-07-06T11:26:28.234+0800: 142.400: [GC pause (G1 Evacuation Pause) (young), 0.0335142 secs]
   [Parallel Time: 33.0 ms, GC Workers: 2]
      [GC Worker Start (ms): Min: 142400.4, Avg: 142400.4, Max: 142400.4, Diff: 0.0]
      [Ext Root Scanning (ms): Min: 0.5, Avg: 0.5, Max: 0.5, Diff: 0.0, Sum: 1.0]
      [Update RS (ms): Min: 0.0, Avg: 0.0, Max: 0.1, Diff: 0.0, Sum: 0.1]
         [Processed Buffers: Min: 2, Avg: 3.0, Max: 4, Diff: 2, Sum: 6]
      [Scan RS (ms): Min: 0.1, Avg: 0.1, Max: 0.1, Diff: 0.0, Sum: 0.2]
      [Code Root Scanning (ms): Min: 0.0, Avg: 0.0, Max: 0.0, Diff: 0.0, Sum: 0.0]
      [Object Copy (ms): Min: 32.3, Avg: 32.3, Max: 32.3, Diff: 0.0, Sum: 64.6]
      [Termination (ms): Min: 0.0, Avg: 0.0, Max: 0.0, Diff: 0.0, Sum: 0.0]
         [Termination Attempts: Min: 1, Avg: 1.0, Max: 1, Diff: 0, Sum: 2]
      [GC Worker Other (ms): Min: 0.0, Avg: 0.0, Max: 0.0, Diff: 0.0, Sum: 0.0]
      [GC Worker Total (ms): Min: 32.9, Avg: 32.9, Max: 32.9, Diff: 0.0, Sum: 65.9]
      [GC Worker End (ms): Min: 142433.3, Avg: 142433.3, Max: 142433.3, Diff: 0.0]
   [Code Root Fixup: 0.0 ms]
   [Code Root Purge: 0.0 ms]
   [Clear CT: 0.1 ms]
   [Other: 0.4 ms]
      [Choose CSet: 0.0 ms]
      [Ref Proc: 0.1 ms]
      [Ref Enq: 0.0 ms]
      [Redirty Cards: 0.0 ms]
      [Humongous Register: 0.0 ms]
      [Humongous Reclaim: 0.0 ms]
      [Free CSet: 0.1 ms]
   [Eden: 255.0M(255.0M)->0.0B(254.0M) Survivors: 28672.0K->29696.0K Heap: 371.8M(472.0M)->117.8M(472.0M)]
 [Times: user=0.06 sys=0.00, real=0.04 secs] 
2024-07-06T11:26:28.715+0800: 142.881: [GC pause (G1 Evacuation Pause) (young), 0.0327453 secs]
   [Parallel Time: 32.2 ms, GC Workers: 2]
      [GC Worker Start (ms): Min: 142881.5, Avg: 142881.5, Max: 142881.6, Diff: 0.0]
      [Ext Root Scanning (ms): Min: 0.5, Avg: 0.5, Max: 0.5, Diff: 0.0, Sum: 1.1]
      [Update RS (ms): Min: 0.0, Avg: 0.0, Max: 0.0, Diff: 0.0, Sum: 0.1]
         [Processed Buffers: Min: 3, Avg: 3.0, Max: 3, Diff: 0, Sum: 6]
      [Scan RS (ms): Min: 0.1, Avg: 0.1, Max: 0.1, Diff: 0.0, Sum: 0.2]
      [Code Root Scanning (ms): Min: 0.0, Avg: 0.0, Max: 0.0, Diff: 0.0, Sum: 0.0]
      [Object Copy (ms): Min: 31.4, Avg: 31.5, Max: 31.5, Diff: 0.0, Sum: 62.9]
      [Termination (ms): Min: 0.0, Avg: 0.0, Max: 0.0, Diff: 0.0, Sum: 0.0]
         [Termination Attempts: Min: 1, Avg: 1.0, Max: 1, Diff: 0, Sum: 2]
      [GC Worker Other (ms): Min: 0.0, Avg: 0.0, Max: 0.0, Diff: 0.0, Sum: 0.0]
      [GC Worker Total (ms): Min: 32.1, Avg: 32.1, Max: 32.1, Diff: 0.0, Sum: 64.2]
      [GC Worker End (ms): Min: 142913.6, Avg: 142913.7, Max: 142913.7, Diff: 0.0]
   [Code Root Fixup: 0.0 ms]
   [Code Root Purge: 0.0 ms]
   [Clear CT: 0.1 ms]
   [Other: 0.5 ms]
      [Choose CSet: 0.0 ms]
      [Ref Proc: 0.1 ms]
      [Ref Enq: 0.0 ms]
      [Redirty Cards: 0.1 ms]
      [Humongous Register: 0.0 ms]
      [Humongous Reclaim: 0.0 ms]
      [Free CSet: 0.2 ms]
   [Eden: 254.0M(254.0M)->0.0B(258.0M) Survivors: 29696.0K->25600.0K Heap: 371.8M(472.0M)->114.3M(472.0M)]
 [Times: user=0.07 sys=0.00, real=0.03 secs] 
2024-07-06T11:26:29.215+0800: 143.381: [GC pause (G1 Evacuation Pause) (young), 0.0299619 secs]
   [Parallel Time: 29.4 ms, GC Workers: 2]
      [GC Worker Start (ms): Min: 143381.6, Avg: 143381.6, Max: 143381.6, Diff: 0.0]
      [Ext Root Scanning (ms): Min: 0.5, Avg: 0.5, Max: 0.5, Diff: 0.0, Sum: 1.0]
      [Update RS (ms): Min: 0.0, Avg: 0.0, Max: 0.0, Diff: 0.0, Sum: 0.1]
         [Processed Buffers: Min: 1, Avg: 2.5, Max: 4, Diff: 3, Sum: 5]
      [Scan RS (ms): Min: 0.1, Avg: 0.1, Max: 0.1, Diff: 0.0, Sum: 0.2]
      [Code Root Scanning (ms): Min: 0.0, Avg: 0.0, Max: 0.0, Diff: 0.0, Sum: 0.0]
      [Object Copy (ms): Min: 28.7, Avg: 28.7, Max: 28.7, Diff: 0.0, Sum: 57.4]
      [Termination (ms): Min: 0.0, Avg: 0.0, Max: 0.0, Diff: 0.0, Sum: 0.0]
         [Termination Attempts: Min: 1, Avg: 1.0, Max: 1, Diff: 0, Sum: 2]
      [GC Worker Other (ms): Min: 0.0, Avg: 0.0, Max: 0.0, Diff: 0.0, Sum: 0.0]
      [GC Worker Total (ms): Min: 29.4, Avg: 29.4, Max: 29.4, Diff: 0.0, Sum: 58.7]
      [GC Worker End (ms): Min: 143410.9, Avg: 143410.9, Max: 143410.9, Diff: 0.0]
   [Code Root Fixup: 0.0 ms]
   [Code Root Purge: 0.0 ms]
   [Clear CT: 0.1 ms]
   [Other: 0.4 ms]
      [Choose CSet: 0.0 ms]
      [Ref Proc: 0.1 ms]
      [Ref Enq: 0.0 ms]
      [Redirty Cards: 0.0 ms]
      [Humongous Register: 0.0 ms]
      [Humongous Reclaim: 0.0 ms]
      [Free CSet: 0.1 ms]
   [Eden: 258.0M(258.0M)->0.0B(261.0M) Survivors: 25600.0K->22528.0K Heap: 372.3M(472.0M)->110.8M(472.0M)]
 [Times: user=0.06 sys=0.00, real=0.02 secs] 
2024-07-06T11:26:29.729+0800: 143.895: [GC pause (G1 Evacuation Pause) (young), 0.0134926 secs]
   [Parallel Time: 13.0 ms, GC Workers: 2]
      [GC Worker Start (ms): Min: 143894.9, Avg: 143894.9, Max: 143894.9, Diff: 0.0]
      [Ext Root Scanning (ms): Min: 0.5, Avg: 0.5, Max: 0.5, Diff: 0.0, Sum: 1.1]
      [Update RS (ms): Min: 0.0, Avg: 0.0, Max: 0.0, Diff: 0.0, Sum: 0.1]
         [Processed Buffers: Min: 2, Avg: 2.5, Max: 3, Diff: 1, Sum: 5]
      [Scan RS (ms): Min: 0.1, Avg: 0.1, Max: 0.1, Diff: 0.0, Sum: 0.2]
      [Code Root Scanning (ms): Min: 0.0, Avg: 0.0, Max: 0.0, Diff: 0.0, Sum: 0.0]
      [Object Copy (ms): Min: 12.2, Avg: 12.2, Max: 12.3, Diff: 0.0, Sum: 24.5]
      [Termination (ms): Min: 0.0, Avg: 0.0, Max: 0.0, Diff: 0.0, Sum: 0.0]
         [Termination Attempts: Min: 1, Avg: 1.0, Max: 1, Diff: 0, Sum: 2]
      [GC Worker Other (ms): Min: 0.0, Avg: 0.0, Max: 0.0, Diff: 0.0, Sum: 0.0]
      [GC Worker Total (ms): Min: 12.9, Avg: 12.9, Max: 12.9, Diff: 0.0, Sum: 25.8]
      [GC Worker End (ms): Min: 143907.8, Avg: 143907.8, Max: 143907.8, Diff: 0.0]
   [Code Root Fixup: 0.0 ms]
   [Code Root Purge: 0.0 ms]
   [Clear CT: 0.1 ms]
   [Other: 0.4 ms]
      [Choose CSet: 0.0 ms]
      [Ref Proc: 0.1 ms]
      [Ref Enq: 0.0 ms]
      [Redirty Cards: 0.1 ms]
      [Humongous Register: 0.0 ms]
      [Humongous Reclaim: 0.0 ms]
      [Free CSet: 0.1 ms]
   [Eden: 261.0M(261.0M)->0.0B(272.0M) Survivors: 22528.0K->11264.0K Heap: 371.8M(472.0M)->100.3M(472.0M)]
 [Times: user=0.02 sys=0.00, real=0.01 secs] 
2024-07-06T11:26:30.153+0800: 144.319: [GC pause (G1 Evacuation Pause) (young), 0.0124834 secs]
   [Parallel Time: 11.9 ms, GC Workers: 2]
      [GC Worker Start (ms): Min: 144318.8, Avg: 144318.9, Max: 144318.9, Diff: 0.0]
      [Ext Root Scanning (ms): Min: 0.5, Avg: 0.5, Max: 0.5, Diff: 0.0, Sum: 0.9]
      [Update RS (ms): Min: 0.0, Avg: 0.0, Max: 0.0, Diff: 0.0, Sum: 0.1]
         [Processed Buffers: Min: 1, Avg: 3.0, Max: 5, Diff: 4, Sum: 6]
      [Scan RS (ms): Min: 0.1, Avg: 0.1, Max: 0.1, Diff: 0.0, Sum: 0.2]
      [Code Root Scanning (ms): Min: 0.0, Avg: 0.0, Max: 0.0, Diff: 0.0, Sum: 0.0]
      [Object Copy (ms): Min: 11.3, Avg: 11.3, Max: 11.3, Diff: 0.0, Sum: 22.6]
      [Termination (ms): Min: 0.0, Avg: 0.0, Max: 0.0, Diff: 0.0, Sum: 0.0]
         [Termination Attempts: Min: 1, Avg: 2.0, Max: 3, Diff: 2, Sum: 4]
      [GC Worker Other (ms): Min: 0.0, Avg: 0.0, Max: 0.0, Diff: 0.0, Sum: 0.0]
      [GC Worker Total (ms): Min: 11.9, Avg: 11.9, Max: 11.9, Diff: 0.0, Sum: 23.8]
      [GC Worker End (ms): Min: 144330.7, Avg: 144330.7, Max: 144330.8, Diff: 0.0]
   [Code Root Fixup: 0.0 ms]
   [Code Root Purge: 0.0 ms]
   [Clear CT: 0.1 ms]
   [Other: 0.4 ms]
      [Choose CSet: 0.0 ms]
      [Ref Proc: 0.1 ms]
      [Ref Enq: 0.0 ms]
      [Redirty Cards: 0.0 ms]
      [Humongous Register: 0.0 ms]
      [Humongous Reclaim: 0.0 ms]
      [Free CSet: 0.1 ms]
   [Eden: 272.0M(272.0M)->0.0B(270.0M) Survivors: 11264.0K->13312.0K Heap: 372.3M(472.0M)->102.3M(472.0M)]
 [Times: user=0.02 sys=0.00, real=0.01 secs] 
2024-07-06T11:26:30.569+0800: 144.735: [GC pause (G1 Evacuation Pause) (young), 0.0305846 secs]
   [Parallel Time: 30.0 ms, GC Workers: 2]
      [GC Worker Start (ms): Min: 144735.5, Avg: 144735.6, Max: 144735.6, Diff: 0.0]
      [Ext Root Scanning (ms): Min: 0.6, Avg: 0.6, Max: 0.6, Diff: 0.0, Sum: 1.1]
      [Update RS (ms): Min: 0.0, Avg: 0.0, Max: 0.0, Diff: 0.0, Sum: 0.1]
         [Processed Buffers: Min: 2, Avg: 2.5, Max: 3, Diff: 1, Sum: 5]
      [Scan RS (ms): Min: 0.1, Avg: 0.1, Max: 0.1, Diff: 0.0, Sum: 0.2]
      [Code Root Scanning (ms): Min: 0.0, Avg: 0.0, Max: 0.0, Diff: 0.0, Sum: 0.0]
      [Object Copy (ms): Min: 29.3, Avg: 29.3, Max: 29.3, Diff: 0.0, Sum: 58.5]
      [Termination (ms): Min: 0.0, Avg: 0.0, Max: 0.0, Diff: 0.0, Sum: 0.0]
         [Termination Attempts: Min: 1, Avg: 2.5, Max: 4, Diff: 3, Sum: 5]
      [GC Worker Other (ms): Min: 0.0, Avg: 0.0, Max: 0.0, Diff: 0.0, Sum: 0.0]
      [GC Worker Total (ms): Min: 30.0, Avg: 30.0, Max: 30.0, Diff: 0.0, Sum: 59.9]
      [GC Worker End (ms): Min: 144765.5, Avg: 144765.5, Max: 144765.5, Diff: 0.0]
   [Code Root Fixup: 0.0 ms]
   [Code Root Purge: 0.0 ms]
   [Clear CT: 0.1 ms]
   [Other: 0.4 ms]
      [Choose CSet: 0.0 ms]
      [Ref Proc: 0.1 ms]
      [Ref Enq: 0.0 ms]
      [Redirty Cards: 0.0 ms]
      [Humongous Register: 0.0 ms]
      [Humongous Reclaim: 0.0 ms]
      [Free CSet: 0.1 ms]
   [Eden: 270.0M(270.0M)->0.0B(255.0M) Survivors: 13312.0K->28672.0K Heap: 372.3M(472.0M)->117.3M(472.0M)]
 [Times: user=0.06 sys=0.00, real=0.03 secs] 
2024-07-06T11:26:30.999+0800: 145.165: [GC pause (G1 Evacuation Pause) (young), 0.0369516 secs]
   [Parallel Time: 36.2 ms, GC Workers: 2]
      [GC Worker Start (ms): Min: 145165.2, Avg: 145165.3, Max: 145165.3, Diff: 0.0]
      [Ext Root Scanning (ms): Min: 0.6, Avg: 0.6, Max: 0.6, Diff: 0.0, Sum: 1.1]
      [Update RS (ms): Min: 0.0, Avg: 0.0, Max: 0.0, Diff: 0.0, Sum: 0.1]
         [Processed Buffers: Min: 1, Avg: 2.5, Max: 4, Diff: 3, Sum: 5]
      [Scan RS (ms): Min: 0.1, Avg: 0.1, Max: 0.1, Diff: 0.0, Sum: 0.2]
      [Code Root Scanning (ms): Min: 0.0, Avg: 0.0, Max: 0.0, Diff: 0.0, Sum: 0.0]
      [Object Copy (ms): Min: 35.4, Avg: 35.4, Max: 35.4, Diff: 0.0, Sum: 70.9]
      [Termination (ms): Min: 0.0, Avg: 0.0, Max: 0.0, Diff: 0.0, Sum: 0.0]
         [Termination Attempts: Min: 1, Avg: 1.0, Max: 1, Diff: 0, Sum: 2]
      [GC Worker Other (ms): Min: 0.0, Avg: 0.0, Max: 0.0, Diff: 0.0, Sum: 0.0]
      [GC Worker Total (ms): Min: 36.2, Avg: 36.2, Max: 36.2, Diff: 0.0, Sum: 72.4]
      [GC Worker End (ms): Min: 145201.4, Avg: 145201.4, Max: 145201.4, Diff: 0.0]
   [Code Root Fixup: 0.0 ms]
   [Code Root Purge: 0.0 ms]
   [Clear CT: 0.1 ms]
   [Other: 0.6 ms]
      [Choose CSet: 0.0 ms]
      [Ref Proc: 0.2 ms]
      [Ref Enq: 0.0 ms]
      [Redirty Cards: 0.1 ms]
      [Humongous Register: 0.0 ms]
      [Humongous Reclaim: 0.0 ms]
      [Free CSet: 0.2 ms]
   [Eden: 255.0M(255.0M)->0.0B(253.0M) Survivors: 28672.0K->30720.0K Heap: 372.3M(472.0M)->118.8M(472.0M)]
 [Times: user=0.07 sys=0.00, real=0.04 secs] 
2024-07-06T11:26:31.449+0800: 145.616: [GC pause (G1 Evacuation Pause) (young), 0.0363184 secs]
   [Parallel Time: 35.8 ms, GC Workers: 2]
      [GC Worker Start (ms): Min: 145615.7, Avg: 145615.7, Max: 145615.7, Diff: 0.0]
      [Ext Root Scanning (ms): Min: 0.5, Avg: 0.5, Max: 0.5, Diff: 0.0, Sum: 1.0]
      [Update RS (ms): Min: 0.0, Avg: 0.0, Max: 0.0, Diff: 0.0, Sum: 0.1]
         [Processed Buffers: Min: 3, Avg: 3.0, Max: 3, Diff: 0, Sum: 6]
      [Scan RS (ms): Min: 0.1, Avg: 0.1, Max: 0.1, Diff: 0.0, Sum: 0.2]
      [Code Root Scanning (ms): Min: 0.0, Avg: 0.0, Max: 0.0, Diff: 0.0, Sum: 0.0]
      [Object Copy (ms): Min: 35.1, Avg: 35.1, Max: 35.1, Diff: 0.0, Sum: 70.2]
      [Termination (ms): Min: 0.0, Avg: 0.0, Max: 0.0, Diff: 0.0, Sum: 0.0]
         [Termination Attempts: Min: 1, Avg: 1.0, Max: 1, Diff: 0, Sum: 2]
      [GC Worker Other (ms): Min: 0.0, Avg: 0.0, Max: 0.0, Diff: 0.0, Sum: 0.0]
      [GC Worker Total (ms): Min: 35.7, Avg: 35.7, Max: 35.8, Diff: 0.0, Sum: 71.5]
      [GC Worker End (ms): Min: 145651.5, Avg: 145651.5, Max: 145651.5, Diff: 0.0]
   [Code Root Fixup: 0.0 ms]
   [Code Root Purge: 0.0 ms]
   [Clear CT: 0.1 ms]
   [Other: 0.4 ms]
      [Choose CSet: 0.0 ms]
      [Ref Proc: 0.1 ms]
      [Ref Enq: 0.0 ms]
      [Redirty Cards: 0.0 ms]
      [Humongous Register: 0.0 ms]
      [Humongous Reclaim: 0.0 ms]
      [Free CSet: 0.1 ms]
   [Eden: 253.0M(253.0M)->0.0B(254.0M) Survivors: 30720.0K->29696.0K Heap: 371.8M(472.0M)->118.3M(472.0M)]
 [Times: user=0.07 sys=0.01, real=0.03 secs] 
2024-07-06T11:26:31.937+0800: 146.103: [GC pause (G1 Evacuation Pause) (young), 0.0319843 secs]
   [Parallel Time: 31.5 ms, GC Workers: 2]
      [GC Worker Start (ms): Min: 146103.6, Avg: 146103.6, Max: 146103.6, Diff: 0.0]
      [Ext Root Scanning (ms): Min: 0.5, Avg: 0.5, Max: 0.5, Diff: 0.0, Sum: 1.0]
      [Update RS (ms): Min: 0.0, Avg: 0.0, Max: 0.0, Diff: 0.0, Sum: 0.1]
         [Processed Buffers: Min: 1, Avg: 2.5, Max: 4, Diff: 3, Sum: 5]
      [Scan RS (ms): Min: 0.1, Avg: 0.1, Max: 0.1, Diff: 0.0, Sum: 0.1]
      [Code Root Scanning (ms): Min: 0.0, Avg: 0.0, Max: 0.0, Diff: 0.0, Sum: 0.0]
      [Object Copy (ms): Min: 30.8, Avg: 30.8, Max: 30.8, Diff: 0.0, Sum: 61.6]
      [Termination (ms): Min: 0.0, Avg: 0.0, Max: 0.0, Diff: 0.0, Sum: 0.0]
         [Termination Attempts: Min: 1, Avg: 1.0, Max: 1, Diff: 0, Sum: 2]
      [GC Worker Other (ms): Min: 0.0, Avg: 0.0, Max: 0.0, Diff: 0.0, Sum: 0.0]
      [GC Worker Total (ms): Min: 31.4, Avg: 31.4, Max: 31.4, Diff: 0.0, Sum: 62.8]
      [GC Worker End (ms): Min: 146135.0, Avg: 146135.0, Max: 146135.0, Diff: 0.0]
   [Code Root Fixup: 0.0 ms]
   [Code Root Purge: 0.0 ms]
   [Clear CT: 0.1 ms]
   [Other: 0.4 ms]
      [Choose CSet: 0.0 ms]
      [Ref Proc: 0.1 ms]
      [Ref Enq: 0.0 ms]
      [Redirty Cards: 0.0 ms]
      [Humongous Register: 0.0 ms]
      [Humongous Reclaim: 0.0 ms]
      [Free CSet: 0.1 ms]
   [Eden: 254.0M(254.0M)->0.0B(256.0M) Survivors: 29696.0K->27648.0K Heap: 372.3M(472.0M)->115.8M(472.0M)]
 [Times: user=0.07 sys=0.00, real=0.03 secs] 
2024-07-06T11:26:32.416+0800: 146.582: [GC pause (G1 Evacuation Pause) (young), 0.0287170 secs]
   [Parallel Time: 28.2 ms, GC Workers: 2]
      [GC Worker Start (ms): Min: 146582.1, Avg: 146582.1, Max: 146582.1, Diff: 0.0]
      [Ext Root Scanning (ms): Min: 0.5, Avg: 0.5, Max: 0.5, Diff: 0.0, Sum: 1.0]
      [Update RS (ms): Min: 0.0, Avg: 0.0, Max: 0.0, Diff: 0.0, Sum: 0.1]
         [Processed Buffers: Min: 2, Avg: 2.5, Max: 3, Diff: 1, Sum: 5]
      [Scan RS (ms): Min: 0.1, Avg: 0.1, Max: 0.1, Diff: 0.0, Sum: 0.2]
      [Code Root Scanning (ms): Min: 0.0, Avg: 0.0, Max: 0.0, Diff: 0.0, Sum: 0.0]
      [Object Copy (ms): Min: 27.5, Avg: 27.5, Max: 27.5, Diff: 0.0, Sum: 54.9]
      [Termination (ms): Min: 0.0, Avg: 0.0, Max: 0.0, Diff: 0.0, Sum: 0.0]
         [Termination Attempts: Min: 1, Avg: 1.0, Max: 1, Diff: 0, Sum: 2]
      [GC Worker Other (ms): Min: 0.0, Avg: 0.0, Max: 0.0, Diff: 0.0, Sum: 0.0]
      [GC Worker Total (ms): Min: 28.1, Avg: 28.1, Max: 28.1, Diff: 0.0, Sum: 56.2]
      [GC Worker End (ms): Min: 146610.2, Avg: 146610.2, Max: 146610.2, Diff: 0.0]
   [Code Root Fixup: 0.0 ms]
   [Code Root Purge: 0.0 ms]
   [Clear CT: 0.1 ms]
   [Other: 0.4 ms]
      [Choose CSet: 0.0 ms]
      [Ref Proc: 0.1 ms]
      [Ref Enq: 0.0 ms]
      [Redirty Cards: 0.0 ms]
      [Humongous Register: 0.0 ms]
      [Humongous Reclaim: 0.0 ms]
      [Free CSet: 0.2 ms]
   [Eden: 256.0M(256.0M)->0.0B(260.0M) Survivors: 27648.0K->23552.0K Heap: 371.8M(472.0M)->112.3M(472.0M)]
 [Times: user=0.05 sys=0.00, real=0.02 secs] 
2024-07-06T11:26:32.896+0800: 147.063: [GC pause (G1 Evacuation Pause) (young), 0.0290842 secs]
   [Parallel Time: 28.5 ms, GC Workers: 2]
      [GC Worker Start (ms): Min: 147062.7, Avg: 147062.7, Max: 147062.7, Diff: 0.0]
      [Ext Root Scanning (ms): Min: 0.5, Avg: 0.5, Max: 0.5, Diff: 0.0, Sum: 1.1]
      [Update RS (ms): Min: 0.0, Avg: 0.0, Max: 0.0, Diff: 0.0, Sum: 0.1]
         [Processed Buffers: Min: 2, Avg: 2.5, Max: 3, Diff: 1, Sum: 5]
      [Scan RS (ms): Min: 0.1, Avg: 0.1, Max: 0.1, Diff: 0.0, Sum: 0.2]
      [Code Root Scanning (ms): Min: 0.0, Avg: 0.0, Max: 0.0, Diff: 0.0, Sum: 0.0]
      [Object Copy (ms): Min: 27.6, Avg: 27.6, Max: 27.6, Diff: 0.0, Sum: 55.3]
      [Termination (ms): Min: 0.0, Avg: 0.0, Max: 0.0, Diff: 0.0, Sum: 0.0]
         [Termination Attempts: Min: 1, Avg: 1.0, Max: 1, Diff: 0, Sum: 2]
      [GC Worker Other (ms): Min: 0.0, Avg: 0.0, Max: 0.0, Diff: 0.0, Sum: 0.1]
      [GC Worker Total (ms): Min: 28.4, Avg: 28.4, Max: 28.4, Diff: 0.0, Sum: 56.7]
      [GC Worker End (ms): Min: 147091.0, Avg: 147091.0, Max: 147091.0, Diff: 0.0]
   [Code Root Fixup: 0.0 ms]
   [Code Root Purge: 0.0 ms]
   [Clear CT: 0.1 ms]
   [Other: 0.5 ms]
      [Choose CSet: 0.0 ms]
      [Ref Proc: 0.1 ms]
      [Ref Enq: 0.0 ms]
      [Redirty Cards: 0.0 ms]
      [Humongous Register: 0.0 ms]
      [Humongous Reclaim: 0.0 ms]
      [Free CSet: 0.2 ms]
   [Eden: 260.0M(260.0M)->0.0B(264.0M) Survivors: 23552.0K->19456.0K Heap: 372.3M(472.0M)->107.9M(472.0M)]
 [Times: user=0.06 sys=0.00, real=0.02 secs] 
2024-07-06T11:26:33.339+0800: 147.505: [GC pause (G1 Evacuation Pause) (young), 0.0162841 secs]
   [Parallel Time: 15.7 ms, GC Workers: 2]
      [GC Worker Start (ms): Min: 147505.5, Avg: 147505.5, Max: 147505.5, Diff: 0.0]
      [Ext Root Scanning (ms): Min: 0.5, Avg: 0.6, Max: 0.6, Diff: 0.0, Sum: 1.1]
      [Update RS (ms): Min: 0.0, Avg: 0.0, Max: 0.0, Diff: 0.0, Sum: 0.1]
         [Processed Buffers: Min: 1, Avg: 2.5, Max: 4, Diff: 3, Sum: 5]
      [Scan RS (ms): Min: 0.1, Avg: 0.1, Max: 0.1, Diff: 0.0, Sum: 0.2]
      [Code Root Scanning (ms): Min: 0.0, Avg: 0.0, Max: 0.0, Diff: 0.0, Sum: 0.0]
      [Object Copy (ms): Min: 15.0, Avg: 15.0, Max: 15.0, Diff: 0.0, Sum: 30.0]
      [Termination (ms): Min: 0.0, Avg: 0.0, Max: 0.0, Diff: 0.0, Sum: 0.0]
         [Termination Attempts: Min: 1, Avg: 1.0, Max: 1, Diff: 0, Sum: 2]
      [GC Worker Other (ms): Min: 0.0, Avg: 0.0, Max: 0.0, Diff: 0.0, Sum: 0.0]
      [GC Worker Total (ms): Min: 15.7, Avg: 15.7, Max: 15.7, Diff: 0.0, Sum: 31.3]
      [GC Worker End (ms): Min: 147521.2, Avg: 147521.2, Max: 147521.2, Diff: 0.0]
   [Code Root Fixup: 0.0 ms]
   [Code Root Purge: 0.0 ms]
   [Clear CT: 0.1 ms]
   [Other: 0.5 ms]
      [Choose CSet: 0.0 ms]
      [Ref Proc: 0.1 ms]
      [Ref Enq: 0.0 ms]
      [Redirty Cards: 0.0 ms]
      [Humongous Register: 0.0 ms]
      [Humongous Reclaim: 0.0 ms]
      [Free CSet: 0.2 ms]
   [Eden: 264.0M(264.0M)->0.0B(268.0M) Survivors: 19456.0K->15360.0K Heap: 371.9M(472.0M)->103.9M(472.0M)]
 [Times: user=0.03 sys=0.00, real=0.02 secs] 
2024-07-06T11:26:33.795+0800: 147.961: [GC pause (G1 Evacuation Pause) (young), 0.0209728 secs]
   [Parallel Time: 20.4 ms, GC Workers: 2]
      [GC Worker Start (ms): Min: 147961.4, Avg: 147961.4, Max: 147961.4, Diff: 0.0]
      [Ext Root Scanning (ms): Min: 0.5, Avg: 0.5, Max: 0.6, Diff: 0.0, Sum: 1.1]
      [Update RS (ms): Min: 0.0, Avg: 0.0, Max: 0.0, Diff: 0.0, Sum: 0.1]
         [Processed Buffers: Min: 2, Avg: 3.0, Max: 4, Diff: 2, Sum: 6]
      [Scan RS (ms): Min: 0.1, Avg: 0.1, Max: 0.1, Diff: 0.0, Sum: 0.2]
      [Code Root Scanning (ms): Min: 0.0, Avg: 0.0, Max: 0.0, Diff: 0.0, Sum: 0.0]
      [Object Copy (ms): Min: 19.7, Avg: 19.7, Max: 19.7, Diff: 0.0, Sum: 39.3]
      [Termination (ms): Min: 0.0, Avg: 0.0, Max: 0.0, Diff: 0.0, Sum: 0.0]
         [Termination Attempts: Min: 1, Avg: 1.0, Max: 1, Diff: 0, Sum: 2]
      [GC Worker Other (ms): Min: 0.0, Avg: 0.0, Max: 0.0, Diff: 0.0, Sum: 0.0]
      [GC Worker Total (ms): Min: 20.3, Avg: 20.3, Max: 20.3, Diff: 0.0, Sum: 40.7]
      [GC Worker End (ms): Min: 147981.8, Avg: 147981.8, Max: 147981.8, Diff: 0.0]
   [Code Root Fixup: 0.0 ms]
   [Code Root Purge: 0.0 ms]
   [Clear CT: 0.1 ms]
   [Other: 0.4 ms]
      [Choose CSet: 0.0 ms]
      [Ref Proc: 0.1 ms]
      [Ref Enq: 0.0 ms]
      [Redirty Cards: 0.0 ms]
      [Humongous Register: 0.0 ms]
      [Humongous Reclaim: 0.0 ms]
      [Free CSet: 0.2 ms]
   [Eden: 268.0M(268.0M)->0.0B(264.0M) Survivors: 15360.0K->19456.0K Heap: 371.9M(472.0M)->108.4M(472.0M)]
 [Times: user=0.04 sys=0.00, real=0.03 secs] 
2024-07-06T11:26:34.219+0800: 148.385: [GC pause (G1 Evacuation Pause) (young), 0.0249124 secs]
   [Parallel Time: 24.4 ms, GC Workers: 2]
      [GC Worker Start (ms): Min: 148384.8, Avg: 148384.8, Max: 148384.8, Diff: 0.0]
      [Ext Root Scanning (ms): Min: 0.5, Avg: 0.5, Max: 0.5, Diff: 0.0, Sum: 1.1]
      [Update RS (ms): Min: 0.0, Avg: 0.0, Max: 0.1, Diff: 0.0, Sum: 0.1]
         [Processed Buffers: Min: 0, Avg: 2.5, Max: 5, Diff: 5, Sum: 5]
      [Scan RS (ms): Min: 0.1, Avg: 0.1, Max: 0.1, Diff: 0.0, Sum: 0.2]
      [Code Root Scanning (ms): Min: 0.0, Avg: 0.0, Max: 0.0, Diff: 0.0, Sum: 0.0]
      [Object Copy (ms): Min: 23.6, Avg: 23.7, Max: 23.7, Diff: 0.1, Sum: 47.4]
      [Termination (ms): Min: 0.0, Avg: 0.0, Max: 0.0, Diff: 0.0, Sum: 0.0]
         [Termination Attempts: Min: 1, Avg: 1.0, Max: 1, Diff: 0, Sum: 2]
      [GC Worker Other (ms): Min: 0.0, Avg: 0.0, Max: 0.0, Diff: 0.0, Sum: 0.0]
      [GC Worker Total (ms): Min: 24.3, Avg: 24.4, Max: 24.4, Diff: 0.0, Sum: 48.7]
      [GC Worker End (ms): Min: 148409.2, Avg: 148409.2, Max: 148409.2, Diff: 0.0]
   [Code Root Fixup: 0.0 ms]
   [Code Root Purge: 0.0 ms]
   [Clear CT: 0.1 ms]
   [Other: 0.4 ms]
      [Choose CSet: 0.0 ms]
      [Ref Proc: 0.1 ms]
      [Ref Enq: 0.0 ms]
      [Redirty Cards: 0.0 ms]
      [Humongous Register: 0.0 ms]
      [Humongous Reclaim: 0.0 ms]
      [Free CSet: 0.1 ms]
   [Eden: 264.0M(264.0M)->0.0B(259.0M) Survivors: 19456.0K->24576.0K Heap: 372.4M(472.0M)->112.9M(472.0M)]
 [Times: user=0.04 sys=0.00, real=0.02 secs] 
2024-07-06T11:26:34.646+0800: 148.812: [GC pause (G1 Evacuation Pause) (young), 0.0363951 secs]
   [Parallel Time: 35.9 ms, GC Workers: 2]
      [GC Worker Start (ms): Min: 148812.5, Avg: 148812.5, Max: 148812.5, Diff: 0.0]
      [Ext Root Scanning (ms): Min: 0.5, Avg: 0.5, Max: 0.5, Diff: 0.0, Sum: 1.1]
      [Update RS (ms): Min: 0.0, Avg: 0.0, Max: 0.1, Diff: 0.1, Sum: 0.1]
         [Processed Buffers: Min: 0, Avg: 3.0, Max: 6, Diff: 6, Sum: 6]
      [Scan RS (ms): Min: 0.1, Avg: 0.1, Max: 0.1, Diff: 0.0, Sum: 0.2]
      [Code Root Scanning (ms): Min: 0.0, Avg: 0.0, Max: 0.0, Diff: 0.0, Sum: 0.0]
      [Object Copy (ms): Min: 35.1, Avg: 35.2, Max: 35.2, Diff: 0.1, Sum: 70.3]
      [Termination (ms): Min: 0.0, Avg: 0.0, Max: 0.0, Diff: 0.0, Sum: 0.0]
         [Termination Attempts: Min: 1, Avg: 1.0, Max: 1, Diff: 0, Sum: 2]
      [GC Worker Other (ms): Min: 0.0, Avg: 0.0, Max: 0.0, Diff: 0.0, Sum: 0.0]
      [GC Worker Total (ms): Min: 35.8, Avg: 35.8, Max: 35.9, Diff: 0.0, Sum: 71.7]
      [GC Worker End (ms): Min: 148848.3, Avg: 148848.3, Max: 148848.3, Diff: 0.0]
   [Code Root Fixup: 0.0 ms]
   [Code Root Purge: 0.0 ms]
   [Clear CT: 0.1 ms]
   [Other: 0.4 ms]
      [Choose CSet: 0.0 ms]
      [Ref Proc: 0.1 ms]
      [Ref Enq: 0.0 ms]
      [Redirty Cards: 0.0 ms]
      [Humongous Register: 0.0 ms]
      [Humongous Reclaim: 0.0 ms]
      [Free CSet: 0.1 ms]
   [Eden: 259.0M(259.0M)->0.0B(253.0M) Survivors: 24576.0K->30720.0K Heap: 371.9M(472.0M)->119.4M(472.0M)]
 [Times: user=0.07 sys=0.01, real=0.04 secs] 
2024-07-06T11:26:35.147+0800: 149.313: [GC pause (G1 Evacuation Pause) (young), 0.0356549 secs]
   [Parallel Time: 35.1 ms, GC Workers: 2]
      [GC Worker Start (ms): Min: 149313.3, Avg: 149313.4, Max: 149313.4, Diff: 0.1]
      [Ext Root Scanning (ms): Min: 0.5, Avg: 0.5, Max: 0.6, Diff: 0.1, Sum: 1.1]
      [Update RS (ms): Min: 0.1, Avg: 0.1, Max: 0.1, Diff: 0.0, Sum: 0.1]
         [Processed Buffers: Min: 1, Avg: 2.5, Max: 4, Diff: 3, Sum: 5]
      [Scan RS (ms): Min: 0.1, Avg: 0.1, Max: 0.1, Diff: 0.0, Sum: 0.2]
      [Code Root Scanning (ms): Min: 0.0, Avg: 0.0, Max: 0.0, Diff: 0.0, Sum: 0.0]
      [Object Copy (ms): Min: 34.3, Avg: 34.3, Max: 34.3, Diff: 0.0, Sum: 68.6]
      [Termination (ms): Min: 0.0, Avg: 0.0, Max: 0.0, Diff: 0.0, Sum: 0.0]
         [Termination Attempts: Min: 1, Avg: 1.0, Max: 1, Diff: 0, Sum: 2]
      [GC Worker Other (ms): Min: 0.0, Avg: 0.0, Max: 0.0, Diff: 0.0, Sum: 0.0]
      [GC Worker Total (ms): Min: 35.0, Avg: 35.0, Max: 35.0, Diff: 0.1, Sum: 70.0]
      [GC Worker End (ms): Min: 149348.4, Avg: 149348.4, Max: 149348.4, Diff: 0.0]
   [Code Root Fixup: 0.0 ms]
   [Code Root Purge: 0.0 ms]
   [Clear CT: 0.1 ms]
   [Other: 0.4 ms]
      [Choose CSet: 0.0 ms]
      [Ref Proc: 0.1 ms]
      [Ref Enq: 0.0 ms]
      [Redirty Cards: 0.0 ms]
      [Humongous Register: 0.0 ms]
      [Humongous Reclaim: 0.0 ms]
      [Free CSet: 0.2 ms]
   [Eden: 253.0M(253.0M)->0.0B(255.0M) Survivors: 30720.0K->28672.0K Heap: 372.4M(472.0M)->117.4M(472.0M)]
 [Times: user=0.06 sys=0.01, real=0.04 secs] 
2024-07-06T11:26:35.598+0800: 149.764: [GC pause (G1 Evacuation Pause) (young), 0.0328681 secs]
   [Parallel Time: 32.3 ms, GC Workers: 2]
      [GC Worker Start (ms): Min: 149764.4, Avg: 149764.4, Max: 149764.4, Diff: 0.0]
      [Ext Root Scanning (ms): Min: 0.6, Avg: 0.6, Max: 0.6, Diff: 0.0, Sum: 1.1]
      [Update RS (ms): Min: 0.0, Avg: 0.0, Max: 0.0, Diff: 0.0, Sum: 0.1]
         [Processed Buffers: Min: 2, Avg: 3.0, Max: 4, Diff: 2, Sum: 6]
      [Scan RS (ms): Min: 0.1, Avg: 0.1, Max: 0.1, Diff: 0.0, Sum: 0.2]
      [Code Root Scanning (ms): Min: 0.0, Avg: 0.0, Max: 0.0, Diff: 0.0, Sum: 0.0]
      [Object Copy (ms): Min: 31.5, Avg: 31.5, Max: 31.5, Diff: 0.0, Sum: 63.1]
      [Termination (ms): Min: 0.0, Avg: 0.0, Max: 0.0, Diff: 0.0, Sum: 0.0]
         [Termination Attempts: Min: 1, Avg: 1.0, Max: 1, Diff: 0, Sum: 2]
      [GC Worker Other (ms): Min: 0.0, Avg: 0.0, Max: 0.0, Diff: 0.0, Sum: 0.0]
      [GC Worker Total (ms): Min: 32.2, Avg: 32.2, Max: 32.2, Diff: 0.0, Sum: 64.5]
      [GC Worker End (ms): Min: 149796.7, Avg: 149796.7, Max: 149796.7, Diff: 0.0]
   [Code Root Fixup: 0.0 ms]
   [Code Root Purge: 0.0 ms]
   [Clear CT: 0.1 ms]
   [Other: 0.4 ms]
      [Choose CSet: 0.0 ms]
      [Ref Proc: 0.1 ms]
      [Ref Enq: 0.0 ms]
      [Redirty Cards: 0.1 ms]
      [Humongous Register: 0.0 ms]
      [Humongous Reclaim: 0.0 ms]
      [Free CSet: 0.2 ms]
   [Eden: 255.0M(255.0M)->0.0B(258.0M) Survivors: 28672.0K->25600.0K Heap: 372.4M(472.0M)->113.9M(472.0M)]
 [Times: user=0.06 sys=0.00, real=0.03 secs] 
2024-07-06T11:26:36.105+0800: 150.271: [GC pause (G1 Evacuation Pause) (young), 0.0162204 secs]
   [Parallel Time: 15.7 ms, GC Workers: 2]
      [GC Worker Start (ms): Min: 150271.1, Avg: 150271.1, Max: 150271.1, Diff: 0.0]
      [Ext Root Scanning (ms): Min: 0.5, Avg: 0.5, Max: 0.5, Diff: 0.0, Sum: 1.0]
      [Update RS (ms): Min: 0.0, Avg: 0.0, Max: 0.0, Diff: 0.0, Sum: 0.1]
         [Processed Buffers: Min: 3, Avg: 3.0, Max: 3, Diff: 0, Sum: 6]
      [Scan RS (ms): Min: 0.1, Avg: 0.1, Max: 0.1, Diff: 0.0, Sum: 0.2]
      [Code Root Scanning (ms): Min: 0.0, Avg: 0.0, Max: 0.0, Diff: 0.0, Sum: 0.0]
      [Object Copy (ms): Min: 14.9, Avg: 15.0, Max: 15.0, Diff: 0.0, Sum: 29.9]
      [Termination (ms): Min: 0.0, Avg: 0.0, Max: 0.0, Diff: 0.0, Sum: 0.0]
         [Termination Attempts: Min: 1, Avg: 2.0, Max: 3, Diff: 2, Sum: 4]
      [GC Worker Other (ms): Min: 0.0, Avg: 0.0, Max: 0.0, Diff: 0.0, Sum: 0.0]
      [GC Worker Total (ms): Min: 15.6, Avg: 15.6, Max: 15.6, Diff: 0.0, Sum: 31.2]
      [GC Worker End (ms): Min: 150286.7, Avg: 150286.7, Max: 150286.7, Diff: 0.0]
   [Code Root Fixup: 0.0 ms]
   [Code Root Purge: 0.0 ms]
   [Clear CT: 0.1 ms]
   [Other: 0.4 ms]
      [Choose CSet: 0.0 ms]
      [Ref Proc: 0.1 ms]
      [Ref Enq: 0.0 ms]
      [Redirty Cards: 0.0 ms]
      [Humongous Register: 0.0 ms]
      [Humongous Reclaim: 0.0 ms]
      [Free CSet: 0.2 ms]
   [Eden: 258.0M(258.0M)->0.0B(270.0M) Survivors: 25600.0K->13312.0K Heap: 371.9M(472.0M)->102.4M(472.0M)]
 [Times: user=0.03 sys=0.00, real=0.02 secs] 
2024-07-06T11:26:36.524+0800: 150.690: [GC pause (G1 Evacuation Pause) (young), 0.0247163 secs]
   [Parallel Time: 24.2 ms, GC Workers: 2]
      [GC Worker Start (ms): Min: 150690.1, Avg: 150690.1, Max: 150690.1, Diff: 0.0]
      [Ext Root Scanning (ms): Min: 0.5, Avg: 0.5, Max: 0.5, Diff: 0.0, Sum: 1.0]
      [Update RS (ms): Min: 0.0, Avg: 0.0, Max: 0.0, Diff: 0.0, Sum: 0.1]
         [Processed Buffers: Min: 3, Avg: 3.5, Max: 4, Diff: 1, Sum: 7]
      [Scan RS (ms): Min: 0.1, Avg: 0.1, Max: 0.1, Diff: 0.0, Sum: 0.2]
      [Code Root Scanning (ms): Min: 0.0, Avg: 0.0, Max: 0.0, Diff: 0.0, Sum: 0.0]
      [Object Copy (ms): Min: 23.5, Avg: 23.5, Max: 23.5, Diff: 0.0, Sum: 47.0]
      [Termination (ms): Min: 0.0, Avg: 0.0, Max: 0.0, Diff: 0.0, Sum: 0.0]
         [Termination Attempts: Min: 1, Avg: 1.0, Max: 1, Diff: 0, Sum: 2]
      [GC Worker Other (ms): Min: 0.0, Avg: 0.0, Max: 0.0, Diff: 0.0, Sum: 0.0]
      [GC Worker Total (ms): Min: 24.1, Avg: 24.1, Max: 24.1, Diff: 0.0, Sum: 48.2]
      [GC Worker End (ms): Min: 150714.2, Avg: 150714.2, Max: 150714.2, Diff: 0.0]
   [Code Root Fixup: 0.0 ms]
   [Code Root Purge: 0.0 ms]
   [Clear CT: 0.1 ms]
   [Other: 0.4 ms]
      [Choose CSet: 0.0 ms]
      [Ref Proc: 0.1 ms]
      [Ref Enq: 0.0 ms]
      [Redirty Cards: 0.0 ms]
      [Humongous Register: 0.0 ms]
      [Humongous Reclaim: 0.0 ms]
      [Free CSet: 0.1 ms]
   [Eden: 270.0M(270.0M)->0.0B(260.0M) Survivors: 13312.0K->23552.0K Heap: 372.4M(472.0M)->111.9M(472.0M)]
 [Times: user=0.05 sys=0.00, real=0.03 secs] 
2024-07-06T11:26:36.960+0800: 151.126: [GC pause (G1 Evacuation Pause) (young), 0.0312911 secs]
   [Parallel Time: 30.7 ms, GC Workers: 2]
      [GC Worker Start (ms): Min: 151126.2, Avg: 151126.2, Max: 151126.2, Diff: 0.0]
      [Ext Root Scanning (ms): Min: 0.5, Avg: 0.5, Max: 0.5, Diff: 0.0, Sum: 0.9]
      [Update RS (ms): Min: 0.0, Avg: 0.0, Max: 0.0, Diff: 0.0, Sum: 0.1]
         [Processed Buffers: Min: 3, Avg: 3.5, Max: 4, Diff: 1, Sum: 7]
      [Scan RS (ms): Min: 0.1, Avg: 0.1, Max: 0.1, Diff: 0.0, Sum: 0.2]
      [Code Root Scanning (ms): Min: 0.0, Avg: 0.0, Max: 0.0, Diff: 0.0, Sum: 0.0]
      [Object Copy (ms): Min: 30.1, Avg: 30.1, Max: 30.1, Diff: 0.0, Sum: 60.2]
      [Termination (ms): Min: 0.0, Avg: 0.0, Max: 0.0, Diff: 0.0, Sum: 0.0]
         [Termination Attempts: Min: 1, Avg: 1.0, Max: 1, Diff: 0, Sum: 2]
      [GC Worker Other (ms): Min: 0.0, Avg: 0.0, Max: 0.0, Diff: 0.0, Sum: 0.0]
      [GC Worker Total (ms): Min: 30.7, Avg: 30.7, Max: 30.7, Diff: 0.0, Sum: 61.4]
      [GC Worker End (ms): Min: 151156.9, Avg: 151156.9, Max: 151156.9, Diff: 0.0]
   [Code Root Fixup: 0.0 ms]
   [Code Root Purge: 0.0 ms]
   [Clear CT: 0.1 ms]
   [Other: 0.4 ms]
      [Choose CSet: 0.0 ms]
      [Ref Proc: 0.1 ms]
      [Ref Enq: 0.0 ms]
      [Redirty Cards: 0.0 ms]
      [Humongous Register: 0.0 ms]
      [Humongous Reclaim: 0.0 ms]
      [Free CSet: 0.1 ms]
   [Eden: 260.0M(260.0M)->0.0B(257.0M) Survivors: 23552.0K->26624.0K Heap: 371.9M(472.0M)->114.9M(472.0M)]
 [Times: user=0.07 sys=0.00, real=0.03 secs] 
2024-07-06T11:26:37.451+0800: 151.617: [GC pause (G1 Evacuation Pause) (young), 0.0220104 secs]
   [Parallel Time: 21.5 ms, GC Workers: 2]
      [GC Worker Start (ms): Min: 151617.5, Avg: 151618.0, Max: 151618.4, Diff: 0.8]
      [Ext Root Scanning (ms): Min: 0.1, Avg: 1.2, Max: 2.3, Diff: 2.2, Sum: 2.4]
      [Update RS (ms): Min: 0.0, Avg: 0.0, Max: 0.1, Diff: 0.0, Sum: 0.1]
         [Processed Buffers: Min: 0, Avg: 3.0, Max: 6, Diff: 6, Sum: 6]
      [Scan RS (ms): Min: 0.2, Avg: 0.4, Max: 0.7, Diff: 0.6, Sum: 0.9]
      [Code Root Scanning (ms): Min: 0.0, Avg: 0.0, Max: 0.0, Diff: 0.0, Sum: 0.0]
      [Object Copy (ms): Min: 18.4, Avg: 19.4, Max: 20.3, Diff: 1.9, Sum: 38.7]
      [Termination (ms): Min: 0.0, Avg: 0.0, Max: 0.0, Diff: 0.0, Sum: 0.0]
         [Termination Attempts: Min: 1, Avg: 1.0, Max: 1, Diff: 0, Sum: 2]
      [GC Worker Other (ms): Min: 0.0, Avg: 0.0, Max: 0.0, Diff: 0.0, Sum: 0.0]
      [GC Worker Total (ms): Min: 20.6, Avg: 21.0, Max: 21.4, Diff: 0.8, Sum: 42.1]
      [GC Worker End (ms): Min: 151639.0, Avg: 151639.0, Max: 151639.0, Diff: 0.0]
   [Code Root Fixup: 0.0 ms]
   [Code Root Purge: 0.0 ms]
   [Clear CT: 0.1 ms]
   [Other: 0.4 ms]
      [Choose CSet: 0.0 ms]
      [Ref Proc: 0.1 ms]
      [Ref Enq: 0.0 ms]
      [Redirty Cards: 0.0 ms]
      [Humongous Register: 0.0 ms]
      [Humongous Reclaim: 0.0 ms]
      [Free CSet: 0.1 ms]
   [Eden: 257.0M(257.0M)->0.0B(268.0M) Survivors: 26624.0K->15360.0K Heap: 371.9M(472.0M)->104.4M(472.0M)]
 [Times: user=0.04 sys=0.00, real=0.02 secs] 
2024-07-06T11:26:37.943+0800: 152.110: [GC pause (G1 Evacuation Pause) (young), 0.0286418 secs]
   [Parallel Time: 28.0 ms, GC Workers: 2]
      [GC Worker Start (ms): Min: 152109.7, Avg: 152109.7, Max: 152109.7, Diff: 0.0]
      [Ext Root Scanning (ms): Min: 0.5, Avg: 0.6, Max: 0.6, Diff: 0.0, Sum: 1.1]
      [Update RS (ms): Min: 0.0, Avg: 0.0, Max: 0.0, Diff: 0.0, Sum: 0.1]
         [Processed Buffers: Min: 3, Avg: 3.0, Max: 3, Diff: 0, Sum: 6]
      [Scan RS (ms): Min: 0.1, Avg: 0.1, Max: 0.1, Diff: 0.0, Sum: 0.2]
      [Code Root Scanning (ms): Min: 0.0, Avg: 0.0, Max: 0.0, Diff: 0.0, Sum: 0.0]
      [Object Copy (ms): Min: 27.3, Avg: 27.3, Max: 27.3, Diff: 0.0, Sum: 54.6]
      [Termination (ms): Min: 0.0, Avg: 0.0, Max: 0.0, Diff: 0.0, Sum: 0.0]
         [Termination Attempts: Min: 1, Avg: 1.0, Max: 1, Diff: 0, Sum: 2]
      [GC Worker Other (ms): Min: 0.0, Avg: 0.0, Max: 0.0, Diff: 0.0, Sum: 0.0]
      [GC Worker Total (ms): Min: 28.0, Avg: 28.0, Max: 28.0, Diff: 0.0, Sum: 55.9]
      [GC Worker End (ms): Min: 152137.7, Avg: 152137.7, Max: 152137.7, Diff: 0.0]
   [Code Root Fixup: 0.0 ms]
   [Code Root Purge: 0.0 ms]
   [Clear CT: 0.1 ms]
   [Other: 0.5 ms]
      [Choose CSet: 0.0 ms]
      [Ref Proc: 0.1 ms]
      [Ref Enq: 0.0 ms]
      [Redirty Cards: 0.1 ms]
      [Humongous Register: 0.0 ms]
      [Humongous Reclaim: 0.0 ms]
      [Free CSet: 0.1 ms]
   [Eden: 268.0M(268.0M)->0.0B(258.0M) Survivors: 15360.0K->25600.0K Heap: 372.4M(472.0M)->114.4M(472.0M)]
 [Times: user=0.05 sys=0.00, real=0.03 secs] 
2024-07-06T11:26:38.403+0800: 152.569: [GC pause (G1 Evacuation Pause) (young), 0.0343195 secs]
   [Parallel Time: 33.8 ms, GC Workers: 2]
      [GC Worker Start (ms): Min: 152568.9, Avg: 152568.9, Max: 152569.0, Diff: 0.0]
      [Ext Root Scanning (ms): Min: 0.5, Avg: 0.5, Max: 0.5, Diff: 0.0, Sum: 1.1]
      [Update RS (ms): Min: 0.0, Avg: 0.0, Max: 0.0, Diff: 0.0, Sum: 0.1]
         [Processed Buffers: Min: 2, Avg: 2.5, Max: 3, Diff: 1, Sum: 5]
      [Scan RS (ms): Min: 0.1, Avg: 0.1, Max: 0.1, Diff: 0.0, Sum: 0.2]
      [Code Root Scanning (ms): Min: 0.0, Avg: 0.0, Max: 0.0, Diff: 0.0, Sum: 0.0]
      [Object Copy (ms): Min: 33.0, Avg: 33.0, Max: 33.0, Diff: 0.0, Sum: 66.0]
      [Termination (ms): Min: 0.0, Avg: 0.0, Max: 0.0, Diff: 0.0, Sum: 0.0]
         [Termination Attempts: Min: 1, Avg: 1.0, Max: 1, Diff: 0, Sum: 2]
      [GC Worker Other (ms): Min: 0.0, Avg: 0.0, Max: 0.0, Diff: 0.0, Sum: 0.0]
      [GC Worker Total (ms): Min: 33.7, Avg: 33.7, Max: 33.7, Diff: 0.0, Sum: 67.4]
      [GC Worker End (ms): Min: 152602.6, Avg: 152602.6, Max: 152602.6, Diff: 0.0]
   [Code Root Fixup: 0.0 ms]
   [Code Root Purge: 0.0 ms]
   [Clear CT: 0.1 ms]
   [Other: 0.4 ms]
      [Choose CSet: 0.0 ms]
      [Ref Proc: 0.1 ms]
      [Ref Enq: 0.0 ms]
      [Redirty Cards: 0.0 ms]
      [Humongous Register: 0.0 ms]
      [Humongous Reclaim: 0.0 ms]
      [Free CSet: 0.2 ms]
   [Eden: 258.0M(258.0M)->0.0B(255.0M) Survivors: 25600.0K->28672.0K Heap: 372.4M(472.0M)->117.4M(472.0M)]
 [Times: user=0.07 sys=0.00, real=0.04 secs] 
2024-07-06T11:26:38.883+0800: 153.049: [GC pause (G1 Evacuation Pause) (young), 0.0353310 secs]
   [Parallel Time: 34.7 ms, GC Workers: 2]
      [GC Worker Start (ms): Min: 153049.6, Avg: 153049.6, Max: 153049.6, Diff: 0.0]
      [Ext Root Scanning (ms): Min: 0.5, Avg: 0.5, Max: 0.5, Diff: 0.0, Sum: 1.1]
      [Update RS (ms): Min: 0.0, Avg: 0.0, Max: 0.0, Diff: 0.0, Sum: 0.1]
         [Processed Buffers: Min: 3, Avg: 3.0, Max: 3, Diff: 0, Sum: 6]
      [Scan RS (ms): Min: 0.1, Avg: 0.1, Max: 0.1, Diff: 0.0, Sum: 0.2]
      [Code Root Scanning (ms): Min: 0.0, Avg: 0.0, Max: 0.0, Diff: 0.0, Sum: 0.0]
      [Object Copy (ms): Min: 34.0, Avg: 34.0, Max: 34.0, Diff: 0.0, Sum: 68.0]
      [Termination (ms): Min: 0.0, Avg: 0.0, Max: 0.0, Diff: 0.0, Sum: 0.0]
         [Termination Attempts: Min: 1, Avg: 1.0, Max: 1, Diff: 0, Sum: 2]
      [GC Worker Other (ms): Min: 0.0, Avg: 0.0, Max: 0.0, Diff: 0.0, Sum: 0.0]
      [GC Worker Total (ms): Min: 34.6, Avg: 34.7, Max: 34.7, Diff: 0.0, Sum: 69.3]
      [GC Worker End (ms): Min: 153084.2, Avg: 153084.2, Max: 153084.2, Diff: 0.0]
   [Code Root Fixup: 0.0 ms]
   [Code Root Purge: 0.0 ms]
   [Clear CT: 0.2 ms]
   [Other: 0.4 ms]
      [Choose CSet: 0.0 ms]
      [Ref Proc: 0.1 ms]
      [Ref Enq: 0.0 ms]
      [Redirty Cards: 0.1 ms]
      [Humongous Register: 0.0 ms]
      [Humongous Reclaim: 0.0 ms]
      [Free CSet: 0.2 ms]
   [Eden: 255.0M(255.0M)->0.0B(258.0M) Survivors: 28672.0K->25600.0K Heap: 372.4M(472.0M)->114.4M(472.0M)]
 [Times: user=0.07 sys=0.00, real=0.04 secs] 
2024-07-06T11:26:39.379+0800: 153.545: [GC pause (G1 Evacuation Pause) (young), 0.0227465 secs]
   [Parallel Time: 22.2 ms, GC Workers: 2]
      [GC Worker Start (ms): Min: 153545.6, Avg: 153545.6, Max: 153545.6, Diff: 0.0]
      [Ext Root Scanning (ms): Min: 0.6, Avg: 0.6, Max: 0.6, Diff: 0.0, Sum: 1.1]
      [Update RS (ms): Min: 0.0, Avg: 0.0, Max: 0.0, Diff: 0.0, Sum: 0.1]
         [Processed Buffers: Min: 2, Avg: 2.5, Max: 3, Diff: 1, Sum: 5]
      [Scan RS (ms): Min: 0.1, Avg: 0.1, Max: 0.1, Diff: 0.0, Sum: 0.2]
      [Code Root Scanning (ms): Min: 0.0, Avg: 0.0, Max: 0.0, Diff: 0.0, Sum: 0.0]
      [Object Copy (ms): Min: 21.4, Avg: 21.4, Max: 21.4, Diff: 0.0, Sum: 42.8]
      [Termination (ms): Min: 0.0, Avg: 0.0, Max: 0.0, Diff: 0.0, Sum: 0.0]
         [Termination Attempts: Min: 1, Avg: 1.0, Max: 1, Diff: 0, Sum: 2]
      [GC Worker Other (ms): Min: 0.0, Avg: 0.0, Max: 0.0, Diff: 0.0, Sum: 0.0]
      [GC Worker Total (ms): Min: 22.1, Avg: 22.1, Max: 22.1, Diff: 0.0, Sum: 44.2]
      [GC Worker End (ms): Min: 153567.7, Avg: 153567.7, Max: 153567.7, Diff: 0.0]
   [Code Root Fixup: 0.0 ms]
   [Code Root Purge: 0.0 ms]
   [Clear CT: 0.1 ms]
   [Other: 0.5 ms]
      [Choose CSet: 0.0 ms]
      [Ref Proc: 0.1 ms]
      [Ref Enq: 0.0 ms]
      [Redirty Cards: 0.1 ms]
      [Humongous Register: 0.0 ms]
      [Humongous Reclaim: 0.0 ms]
      [Free CSet: 0.2 ms]
   [Eden: 258.0M(258.0M)->0.0B(265.0M) Survivors: 25600.0K->18432.0K Heap: 372.4M(472.0M)->107.4M(472.0M)]
 [Times: user=0.04 sys=0.00, real=0.02 secs] 
2024-07-06T11:26:39.803+0800: 153.969: [GC pause (G1 Evacuation Pause) (young), 0.0242864 secs]
   [Parallel Time: 23.7 ms, GC Workers: 2]
      [GC Worker Start (ms): Min: 153969.5, Avg: 153969.6, Max: 153969.6, Diff: 0.0]
      [Ext Root Scanning (ms): Min: 0.5, Avg: 0.5, Max: 0.6, Diff: 0.0, Sum: 1.1]
      [Update RS (ms): Min: 0.0, Avg: 0.0, Max: 0.0, Diff: 0.0, Sum: 0.1]
         [Processed Buffers: Min: 1, Avg: 2.5, Max: 4, Diff: 3, Sum: 5]
      [Scan RS (ms): Min: 0.1, Avg: 0.1, Max: 0.1, Diff: 0.0, Sum: 0.2]
      [Code Root Scanning (ms): Min: 0.0, Avg: 0.0, Max: 0.0, Diff: 0.0, Sum: 0.0]
      [Object Copy (ms): Min: 23.0, Avg: 23.0, Max: 23.0, Diff: 0.0, Sum: 45.9]
      [Termination (ms): Min: 0.0, Avg: 0.0, Max: 0.0, Diff: 0.0, Sum: 0.0]
         [Termination Attempts: Min: 21, Avg: 21.0, Max: 21, Diff: 0, Sum: 42]
      [GC Worker Other (ms): Min: 0.0, Avg: 0.0, Max: 0.0, Diff: 0.0, Sum: 0.0]
      [GC Worker Total (ms): Min: 23.7, Avg: 23.7, Max: 23.7, Diff: 0.0, Sum: 47.3]
      [GC Worker End (ms): Min: 153993.2, Avg: 153993.2, Max: 153993.2, Diff: 0.0]
   [Code Root Fixup: 0.0 ms]
   [Code Root Purge: 0.0 ms]
   [Clear CT: 0.1 ms]
   [Other: 0.4 ms]
      [Choose CSet: 0.0 ms]
      [Ref Proc: 0.1 ms]
      [Ref Enq: 0.0 ms]
      [Redirty Cards: 0.1 ms]
      [Humongous Register: 0.0 ms]
      [Humongous Reclaim: 0.0 ms]
      [Free CSet: 0.2 ms]
   [Eden: 265.0M(265.0M)->0.0B(262.0M) Survivors: 18432.0K->21504.0K Heap: 372.4M(472.0M)->110.4M(472.0M)]
 [Times: user=0.05 sys=0.01, real=0.03 secs] 
2024-07-06T11:26:40.283+0800: 154.449: [GC pause (G1 Evacuation Pause) (young), 0.0303207 secs]
   [Parallel Time: 29.8 ms, GC Workers: 2]
      [GC Worker Start (ms): Min: 154449.3, Avg: 154449.3, Max: 154449.3, Diff: 0.0]
      [Ext Root Scanning (ms): Min: 0.5, Avg: 0.5, Max: 0.5, Diff: 0.0, Sum: 1.0]
      [Update RS (ms): Min: 0.0, Avg: 0.0, Max: 0.0, Diff: 0.0, Sum: 0.1]
         [Processed Buffers: Min: 3, Avg: 3.0, Max: 3, Diff: 0, Sum: 6]
      [Scan RS (ms): Min: 0.1, Avg: 0.1, Max: 0.1, Diff: 0.0, Sum: 0.2]
      [Code Root Scanning (ms): Min: 0.0, Avg: 0.0, Max: 0.0, Diff: 0.0, Sum: 0.0]
      [Object Copy (ms): Min: 29.1, Avg: 29.1, Max: 29.1, Diff: 0.0, Sum: 58.1]
      [Termination (ms): Min: 0.0, Avg: 0.0, Max: 0.0, Diff: 0.0, Sum: 0.0]
         [Termination Attempts: Min: 1, Avg: 1.0, Max: 1, Diff: 0, Sum: 2]
      [GC Worker Other (ms): Min: 0.0, Avg: 0.0, Max: 0.0, Diff: 0.0, Sum: 0.0]
      [GC Worker Total (ms): Min: 29.7, Avg: 29.7, Max: 29.7, Diff: 0.0, Sum: 59.4]
      [GC Worker End (ms): Min: 154479.0, Avg: 154479.0, Max: 154479.0, Diff: 0.0]
   [Code Root Fixup: 0.0 ms]
   [Code Root Purge: 0.0 ms]
   [Clear CT: 0.2 ms]
   [Other: 0.4 ms]
      [Choose CSet: 0.0 ms]
      [Ref Proc: 0.1 ms]
      [Ref Enq: 0.0 ms]
      [Redirty Cards: 0.0 ms]
      [Humongous Register: 0.0 ms]
      [Humongous Reclaim: 0.0 ms]
      [Free CSet: 0.1 ms]
   [Eden: 262.0M(262.0M)->0.0B(257.0M) Survivors: 21504.0K->26624.0K Heap: 372.4M(472.0M)->115.4M(472.0M)]
 [Times: user=0.06 sys=0.00, real=0.03 secs] 
2024-07-06T11:26:40.727+0800: 154.894: [GC pause (G1 Evacuation Pause) (young), 0.0205120 secs]
   [Parallel Time: 19.8 ms, GC Workers: 2]
      [GC Worker Start (ms): Min: 154893.6, Avg: 154893.6, Max: 154893.7, Diff: 0.0]
      [Ext Root Scanning (ms): Min: 0.6, Avg: 0.6, Max: 0.6, Diff: 0.0, Sum: 1.1]
      [Update RS (ms): Min: 0.0, Avg: 0.0, Max: 0.0, Diff: 0.0, Sum: 0.1]
         [Processed Buffers: Min: 3, Avg: 4.0, Max: 5, Diff: 2, Sum: 8]
      [Scan RS (ms): Min: 0.1, Avg: 0.1, Max: 0.1, Diff: 0.0, Sum: 0.2]
      [Code Root Scanning (ms): Min: 0.0, Avg: 0.0, Max: 0.0, Diff: 0.0, Sum: 0.0]
      [Object Copy (ms): Min: 19.0, Avg: 19.0, Max: 19.0, Diff: 0.0, Sum: 38.1]
      [Termination (ms): Min: 0.0, Avg: 0.0, Max: 0.0, Diff: 0.0, Sum: 0.0]
         [Termination Attempts: Min: 1, Avg: 1.0, Max: 1, Diff: 0, Sum: 2]
      [GC Worker Other (ms): Min: 0.0, Avg: 0.0, Max: 0.0, Diff: 0.0, Sum: 0.0]
      [GC Worker Total (ms): Min: 19.7, Avg: 19.7, Max: 19.7, Diff: 0.0, Sum: 39.5]
      [GC Worker End (ms): Min: 154913.4, Avg: 154913.4, Max: 154913.4, Diff: 0.0]
   [Code Root Fixup: 0.0 ms]
   [Code Root Purge: 0.0 ms]
   [Clear CT: 0.2 ms]
   [Other: 0.5 ms]
      [Choose CSet: 0.0 ms]
      [Ref Proc: 0.1 ms]
      [Ref Enq: 0.0 ms]
      [Redirty Cards: 0.0 ms]
      [Humongous Register: 0.0 ms]
      [Humongous Reclaim: 0.0 ms]
      [Free CSet: 0.2 ms]
   [Eden: 257.0M(257.0M)->0.0B(265.0M) Survivors: 26624.0K->18432.0K Heap: 372.4M(472.0M)->107.4M(472.0M)]
 [Times: user=0.04 sys=0.00, real=0.02 secs] 
2024-07-06T11:26:41.167+0800: 155.333: [GC pause (G1 Evacuation Pause) (young), 0.0322972 secs]
   [Parallel Time: 31.6 ms, GC Workers: 2]
      [GC Worker Start (ms): Min: 155333.6, Avg: 155334.2, Max: 155334.9, Diff: 1.3]
      [Ext Root Scanning (ms): Min: 0.0, Avg: 0.4, Max: 0.8, Diff: 0.8, Sum: 0.8]
      [Update RS (ms): Min: 0.0, Avg: 0.0, Max: 0.1, Diff: 0.1, Sum: 0.1]
         [Processed Buffers: Min: 0, Avg: 2.5, Max: 5, Diff: 5, Sum: 5]
      [Scan RS (ms): Min: 0.0, Avg: 0.1, Max: 0.2, Diff: 0.2, Sum: 0.2]
      [Code Root Scanning (ms): Min: 0.0, Avg: 0.0, Max: 0.0, Diff: 0.0, Sum: 0.0]
      [Object Copy (ms): Min: 30.3, Avg: 30.4, Max: 30.5, Diff: 0.2, Sum: 60.7]
      [Termination (ms): Min: 0.0, Avg: 0.0, Max: 0.0, Diff: 0.0, Sum: 0.0]
         [Termination Attempts: Min: 1, Avg: 1.0, Max: 1, Diff: 0, Sum: 2]
      [GC Worker Other (ms): Min: 0.0, Avg: 0.0, Max: 0.0, Diff: 0.0, Sum: 0.0]
      [GC Worker Total (ms): Min: 30.3, Avg: 30.9, Max: 31.6, Diff: 1.3, Sum: 61.9]
      [GC Worker End (ms): Min: 155365.2, Avg: 155365.2, Max: 155365.2, Diff: 0.0]
   [Code Root Fixup: 0.0 ms]
   [Code Root Purge: 0.0 ms]
   [Clear CT: 0.1 ms]
   [Other: 0.5 ms]
      [Choose CSet: 0.0 ms]
      [Ref Proc: 0.1 ms]
      [Ref Enq: 0.0 ms]
      [Redirty Cards: 0.1 ms]
      [Humongous Register: 0.1 ms]
      [Humongous Reclaim: 0.0 ms]
      [Free CSet: 0.2 ms]
   [Eden: 265.0M(265.0M)->0.0B(258.0M) Survivors: 18432.0K->25600.0K Heap: 372.4M(472.0M)->113.9M(472.0M)]
 [Times: user=0.06 sys=0.00, real=0.03 secs] 
2024-07-06T11:26:41.599+0800: 155.765: [GC pause (G1 Evacuation Pause) (young), 0.0333146 secs]
   [Parallel Time: 32.8 ms, GC Workers: 2]
      [GC Worker Start (ms): Min: 155765.6, Avg: 155765.6, Max: 155765.6, Diff: 0.0]
      [Ext Root Scanning (ms): Min: 0.5, Avg: 0.5, Max: 0.6, Diff: 0.0, Sum: 1.1]
      [Update RS (ms): Min: 0.0, Avg: 0.0, Max: 0.0, Diff: 0.0, Sum: 0.1]
         [Processed Buffers: Min: 2, Avg: 2.5, Max: 3, Diff: 1, Sum: 5]
      [Scan RS (ms): Min: 0.1, Avg: 0.1, Max: 0.1, Diff: 0.0, Sum: 0.2]
      [Code Root Scanning (ms): Min: 0.0, Avg: 0.0, Max: 0.0, Diff: 0.0, Sum: 0.0]
      [Object Copy (ms): Min: 32.0, Avg: 32.0, Max: 32.0, Diff: 0.0, Sum: 64.1]
      [Termination (ms): Min: 0.0, Avg: 0.0, Max: 0.0, Diff: 0.0, Sum: 0.0]
         [Termination Attempts: Min: 1, Avg: 2.0, Max: 3, Diff: 2, Sum: 4]
      [GC Worker Other (ms): Min: 0.0, Avg: 0.0, Max: 0.0, Diff: 0.0, Sum: 0.1]
      [GC Worker Total (ms): Min: 32.7, Avg: 32.7, Max: 32.7, Diff: 0.0, Sum: 65.5]
      [GC Worker End (ms): Min: 155798.3, Avg: 155798.3, Max: 155798.3, Diff: 0.0]
   [Code Root Fixup: 0.0 ms]
   [Code Root Purge: 0.0 ms]
   [Clear CT: 0.1 ms]
   [Other: 0.4 ms]
      [Choose CSet: 0.0 ms]
      [Ref Proc: 0.1 ms]
      [Ref Enq: 0.0 ms]
      [Redirty Cards: 0.0 ms]
      [Humongous Register: 0.0 ms]
      [Humongous Reclaim: 0.0 ms]
      [Free CSet: 0.1 ms]
   [Eden: 258.0M(258.0M)->0.0B(254.0M) Survivors: 25600.0K->29696.0K Heap: 371.9M(472.0M)->118.4M(472.0M)]
 [Times: user=0.06 sys=0.00, real=0.03 secs] 
2024-07-06T11:26:42.055+0800: 156.221: [GC pause (G1 Evacuation Pause) (young), 0.0425576 secs]
   [Parallel Time: 42.0 ms, GC Workers: 2]
      [GC Worker Start (ms): Min: 156220.9, Avg: 156221.0, Max: 156221.0, Diff: 0.0]
      [Ext Root Scanning (ms): Min: 0.6, Avg: 0.6, Max: 0.6, Diff: 0.0, Sum: 1.2]
      [Update RS (ms): Min: 0.0, Avg: 0.0, Max: 0.0, Diff: 0.0, Sum: 0.1]
         [Processed Buffers: Min: 2, Avg: 2.5, Max: 3, Diff: 1, Sum: 5]
      [Scan RS (ms): Min: 0.1, Avg: 0.1, Max: 0.1, Diff: 0.0, Sum: 0.2]
      [Code Root Scanning (ms): Min: 0.0, Avg: 0.0, Max: 0.0, Diff: 0.0, Sum: 0.0]
      [Object Copy (ms): Min: 41.2, Avg: 41.2, Max: 41.3, Diff: 0.0, Sum: 82.5]
      [Termination (ms): Min: 0.0, Avg: 0.0, Max: 0.0, Diff: 0.0, Sum: 0.0]
         [Termination Attempts: Min: 1, Avg: 1.0, Max: 1, Diff: 0, Sum: 2]
      [GC Worker Other (ms): Min: 0.0, Avg: 0.0, Max: 0.0, Diff: 0.0, Sum: 0.0]
      [GC Worker Total (ms): Min: 41.9, Avg: 42.0, Max: 42.0, Diff: 0.0, Sum: 83.9]
      [GC Worker End (ms): Min: 156262.9, Avg: 156262.9, Max: 156262.9, Diff: 0.0]
   [Code Root Fixup: 0.0 ms]
   [Code Root Purge: 0.0 ms]
   [Clear CT: 0.1 ms]
   [Other: 0.4 ms]
      [Choose CSet: 0.0 ms]
      [Ref Proc: 0.1 ms]
      [Ref Enq: 0.0 ms]
      [Redirty Cards: 0.0 ms]
      [Humongous Register: 0.0 ms]
      [Humongous Reclaim: 0.0 ms]
      [Free CSet: 0.2 ms]
   [Eden: 254.0M(254.0M)->0.0B(256.0M) Survivors: 29696.0K->27648.0K Heap: 372.4M(472.0M)->115.9M(472.0M)]
 [Times: user=0.06 sys=0.00, real=0.05 secs] 
2024-07-06T11:26:42.567+0800: 156.734: [GC pause (G1 Evacuation Pause) (young), 0.0288413 secs]
   [Parallel Time: 28.2 ms, GC Workers: 2]
      [GC Worker Start (ms): Min: 156733.6, Avg: 156733.6, Max: 156733.6, Diff: 0.0]
      [Ext Root Scanning (ms): Min: 0.5, Avg: 0.6, Max: 0.6, Diff: 0.0, Sum: 1.1]
      [Update RS (ms): Min: 0.0, Avg: 0.0, Max: 0.0, Diff: 0.0, Sum: 0.1]
         [Processed Buffers: Min: 1, Avg: 2.5, Max: 4, Diff: 3, Sum: 5]
      [Scan RS (ms): Min: 0.1, Avg: 0.1, Max: 0.1, Diff: 0.0, Sum: 0.2]
      [Code Root Scanning (ms): Min: 0.0, Avg: 0.0, Max: 0.0, Diff: 0.0, Sum: 0.0]
      [Object Copy (ms): Min: 27.4, Avg: 27.4, Max: 27.4, Diff: 0.0, Sum: 54.8]
      [Termination (ms): Min: 0.0, Avg: 0.0, Max: 0.0, Diff: 0.0, Sum: 0.0]
         [Termination Attempts: Min: 1, Avg: 1.0, Max: 1, Diff: 0, Sum: 2]
      [GC Worker Other (ms): Min: 0.0, Avg: 0.0, Max: 0.0, Diff: 0.0, Sum: 0.1]
      [GC Worker Total (ms): Min: 28.1, Avg: 28.1, Max: 28.1, Diff: 0.0, Sum: 56.2]
      [GC Worker End (ms): Min: 156761.7, Avg: 156761.7, Max: 156761.7, Diff: 0.0]
   [Code Root Fixup: 0.0 ms]
   [Code Root Purge: 0.0 ms]
   [Clear CT: 0.1 ms]
   [Other: 0.5 ms]
      [Choose CSet: 0.0 ms]
      [Ref Proc: 0.1 ms]
      [Ref Enq: 0.0 ms]
      [Redirty Cards: 0.1 ms]
      [Humongous Register: 0.0 ms]
      [Humongous Reclaim: 0.0 ms]
      [Free CSet: 0.2 ms]
   [Eden: 256.0M(256.0M)->0.0B(261.0M) Survivors: 27648.0K->22528.0K Heap: 371.9M(472.0M)->111.4M(472.0M)]
 [Times: user=0.05 sys=0.00, real=0.03 secs] 
2024-07-06T11:26:42.983+0800: 157.149: [GC pause (G1 Evacuation Pause) (young), 0.0221209 secs]
   [Parallel Time: 21.6 ms, GC Workers: 2]
      [GC Worker Start (ms): Min: 157149.5, Avg: 157149.5, Max: 157149.5, Diff: 0.0]
      [Ext Root Scanning (ms): Min: 0.5, Avg: 0.5, Max: 0.5, Diff: 0.0, Sum: 1.0]
      [Update RS (ms): Min: 0.0, Avg: 0.0, Max: 0.0, Diff: 0.0, Sum: 0.1]
         [Processed Buffers: Min: 1, Avg: 3.0, Max: 5, Diff: 4, Sum: 6]
      [Scan RS (ms): Min: 0.1, Avg: 0.1, Max: 0.1, Diff: 0.0, Sum: 0.2]
      [Code Root Scanning (ms): Min: 0.0, Avg: 0.0, Max: 0.0, Diff: 0.0, Sum: 0.0]
      [Object Copy (ms): Min: 20.9, Avg: 21.0, Max: 21.0, Diff: 0.0, Sum: 41.9]
      [Termination (ms): Min: 0.0, Avg: 0.0, Max: 0.0, Diff: 0.0, Sum: 0.0]
         [Termination Attempts: Min: 1, Avg: 1.0, Max: 1, Diff: 0, Sum: 2]
      [GC Worker Other (ms): Min: 0.0, Avg: 0.0, Max: 0.0, Diff: 0.0, Sum: 0.0]
      [GC Worker Total (ms): Min: 21.5, Avg: 21.6, Max: 21.6, Diff: 0.0, Sum: 43.1]
      [GC Worker End (ms): Min: 157171.1, Avg: 157171.1, Max: 157171.1, Diff: 0.0]
   [Code Root Fixup: 0.0 ms]
   [Code Root Purge: 0.0 ms]
   [Clear CT: 0.1 ms]
   [Other: 0.4 ms]
      [Choose CSet: 0.0 ms]
      [Ref Proc: 0.1 ms]
      [Ref Enq: 0.0 ms]
      [Redirty Cards: 0.0 ms]
      [Humongous Register: 0.0 ms]
      [Humongous Reclaim: 0.0 ms]
      [Free CSet: 0.2 ms]
   [Eden: 261.0M(261.0M)->0.0B(263.0M) Survivors: 22528.0K->20480.0K Heap: 372.4M(472.0M)->108.9M(472.0M)]
 [Times: user=0.05 sys=0.00, real=0.02 secs] 
2024-07-06T11:26:43.435+0800: 157.602: [GC pause (G1 Evacuation Pause) (young), 0.0389934 secs]
   [Parallel Time: 38.4 ms, GC Workers: 2]
      [GC Worker Start (ms): Min: 157601.6, Avg: 157601.6, Max: 157601.7, Diff: 0.0]
      [Ext Root Scanning (ms): Min: 0.6, Avg: 0.6, Max: 0.6, Diff: 0.0, Sum: 1.1]
      [Update RS (ms): Min: 0.0, Avg: 0.0, Max: 0.0, Diff: 0.0, Sum: 0.1]
         [Processed Buffers: Min: 2, Avg: 3.0, Max: 4, Diff: 2, Sum: 6]
      [Scan RS (ms): Min: 0.1, Avg: 0.1, Max: 0.1, Diff: 0.0, Sum: 0.2]
      [Code Root Scanning (ms): Min: 0.0, Avg: 0.0, Max: 0.0, Diff: 0.0, Sum: 0.0]
      [Object Copy (ms): Min: 37.6, Avg: 37.6, Max: 37.6, Diff: 0.0, Sum: 75.1]
      [Termination (ms): Min: 0.0, Avg: 0.0, Max: 0.0, Diff: 0.0, Sum: 0.0]
         [Termination Attempts: Min: 1, Avg: 1.0, Max: 1, Diff: 0, Sum: 2]
      [GC Worker Other (ms): Min: 0.0, Avg: 0.0, Max: 0.0, Diff: 0.0, Sum: 0.0]
      [GC Worker Total (ms): Min: 38.3, Avg: 38.3, Max: 38.3, Diff: 0.0, Sum: 76.6]
      [GC Worker End (ms): Min: 157639.9, Avg: 157639.9, Max: 157639.9, Diff: 0.0]
   [Code Root Fixup: 0.0 ms]
   [Code Root Purge: 0.0 ms]
   [Clear CT: 0.1 ms]
   [Other: 0.5 ms]
      [Choose CSet: 0.0 ms]
      [Ref Proc: 0.1 ms]
      [Ref Enq: 0.0 ms]
      [Redirty Cards: 0.0 ms]
      [Humongous Register: 0.0 ms]
      [Humongous Reclaim: 0.0 ms]
      [Free CSet: 0.2 ms]
   [Eden: 263.0M(263.0M)->0.0B(254.0M) Survivors: 20480.0K->29696.0K Heap: 371.9M(472.0M)->117.9M(472.0M)]
 [Times: user=0.07 sys=0.00, real=0.03 secs] 
2024-07-06T11:26:43.888+0800: 158.054: [GC pause (G1 Evacuation Pause) (young), 0.0343825 secs]
   [Parallel Time: 33.8 ms, GC Workers: 2]
      [GC Worker Start (ms): Min: 158054.0, Avg: 158054.0, Max: 158054.1, Diff: 0.0]
      [Ext Root Scanning (ms): Min: 0.5, Avg: 0.5, Max: 0.5, Diff: 0.0, Sum: 1.1]
      [Update RS (ms): Min: 0.0, Avg: 0.0, Max: 0.0, Diff: 0.0, Sum: 0.1]
         [Processed Buffers: Min: 2, Avg: 3.5, Max: 5, Diff: 3, Sum: 7]
      [Scan RS (ms): Min: 0.1, Avg: 0.1, Max: 0.1, Diff: 0.0, Sum: 0.2]
      [Code Root Scanning (ms): Min: 0.0, Avg: 0.0, Max: 0.0, Diff: 0.0, Sum: 0.0]
      [Object Copy (ms): Min: 32.9, Avg: 32.9, Max: 32.9, Diff: 0.0, Sum: 65.8]
      [Termination (ms): Min: 0.0, Avg: 0.0, Max: 0.0, Diff: 0.0, Sum: 0.0]
         [Termination Attempts: Min: 1, Avg: 1.0, Max: 1, Diff: 0, Sum: 2]
      [GC Worker Other (ms): Min: 0.0, Avg: 0.0, Max: 0.0, Diff: 0.0, Sum: 0.1]
      [GC Worker Total (ms): Min: 33.6, Avg: 33.6, Max: 33.6, Diff: 0.0, Sum: 67.2]
      [GC Worker End (ms): Min: 158087.6, Avg: 158087.6, Max: 158087.7, Diff: 0.0]
   [Code Root Fixup: 0.0 ms]
   [Code Root Purge: 0.0 ms]
   [Clear CT: 0.1 ms]
   [Other: 0.4 ms]
      [Choose CSet: 0.0 ms]
      [Ref Proc: 0.1 ms]
      [Ref Enq: 0.0 ms]
      [Redirty Cards: 0.1 ms]
      [Humongous Register: 0.0 ms]
      [Humongous Reclaim: 0.0 ms]
      [Free CSet: 0.2 ms]
   [Eden: 254.0M(254.0M)->0.0B(257.0M) Survivors: 29696.0K->26624.0K Heap: 371.9M(472.0M)->114.9M(472.0M)]
 [Times: user=0.07 sys=0.00, real=0.03 secs] 
2024-07-06T11:26:44.374+0800: 158.540: [GC pause (G1 Evacuation Pause) (young), 0.0293307 secs]
   [Parallel Time: 28.6 ms, GC Workers: 2]
      [GC Worker Start (ms): Min: 158539.9, Avg: 158539.9, Max: 158539.9, Diff: 0.0]
      [Ext Root Scanning (ms): Min: 0.6, Avg: 0.6, Max: 0.6, Diff: 0.0, Sum: 1.1]
      [Update RS (ms): Min: 0.0, Avg: 0.0, Max: 0.0, Diff: 0.0, Sum: 0.1]
         [Processed Buffers: Min: 3, Avg: 3.5, Max: 4, Diff: 1, Sum: 7]
      [Scan RS (ms): Min: 0.1, Avg: 0.1, Max: 0.1, Diff: 0.0, Sum: 0.2]
      [Code Root Scanning (ms): Min: 0.0, Avg: 0.0, Max: 0.0, Diff: 0.0, Sum: 0.0]
      [Object Copy (ms): Min: 27.8, Avg: 27.8, Max: 27.8, Diff: 0.0, Sum: 55.6]
      [Termination (ms): Min: 0.0, Avg: 0.0, Max: 0.0, Diff: 0.0, Sum: 0.0]
         [Termination Attempts: Min: 1, Avg: 1.0, Max: 1, Diff: 0, Sum: 2]
      [GC Worker Other (ms): Min: 0.0, Avg: 0.0, Max: 0.0, Diff: 0.0, Sum: 0.0]
      [GC Worker Total (ms): Min: 28.5, Avg: 28.5, Max: 28.5, Diff: 0.0, Sum: 57.0]
      [GC Worker End (ms): Min: 158568.4, Avg: 158568.4, Max: 158568.4, Diff: 0.0]
   [Code Root Fixup: 0.0 ms]
   [Code Root Purge: 0.0 ms]
   [Clear CT: 0.1 ms]
   [Other: 0.6 ms]
      [Choose CSet: 0.0 ms]
      [Ref Proc: 0.1 ms]
      [Ref Enq: 0.0 ms]
      [Redirty Cards: 0.1 ms]
      [Humongous Register: 0.0 ms]
      [Humongous Reclaim: 0.0 ms]
      [Free CSet: 0.2 ms]
   [Eden: 257.0M(257.0M)->0.0B(262.0M) Survivors: 26624.0K->21504.0K Heap: 371.9M(472.0M)->110.4M(472.0M)]
 [Times: user=0.06 sys=0.00, real=0.03 secs] 
2024-07-06T11:26:44.863+0800: 159.029: [GC pause (G1 Evacuation Pause) (young), 0.0213746 secs]
   [Parallel Time: 20.9 ms, GC Workers: 2]
      [GC Worker Start (ms): Min: 159029.5, Avg: 159029.6, Max: 159029.6, Diff: 0.0]
      [Ext Root Scanning (ms): Min: 0.6, Avg: 0.6, Max: 0.6, Diff: 0.0, Sum: 1.2]
      [Update RS (ms): Min: 0.0, Avg: 0.0, Max: 0.1, Diff: 0.0, Sum: 0.1]
         [Processed Buffers: Min: 0, Avg: 3.5, Max: 7, Diff: 7, Sum: 7]
      [Scan RS (ms): Min: 0.1, Avg: 0.1, Max: 0.1, Diff: 0.0, Sum: 0.2]
      [Code Root Scanning (ms): Min: 0.0, Avg: 0.0, Max: 0.0, Diff: 0.0, Sum: 0.0]
      [Object Copy (ms): Min: 20.0, Avg: 20.0, Max: 20.1, Diff: 0.1, Sum: 40.1]
      [Termination (ms): Min: 0.0, Avg: 0.0, Max: 0.0, Diff: 0.0, Sum: 0.0]
         [Termination Attempts: Min: 1, Avg: 1.0, Max: 1, Diff: 0, Sum: 2]
      [GC Worker Other (ms): Min: 0.0, Avg: 0.0, Max: 0.0, Diff: 0.0, Sum: 0.0]
      [GC Worker Total (ms): Min: 20.8, Avg: 20.8, Max: 20.8, Diff: 0.0, Sum: 41.6]
      [GC Worker End (ms): Min: 159050.3, Avg: 159050.3, Max: 159050.3, Diff: 0.0]
   [Code Root Fixup: 0.0 ms]
   [Code Root Purge: 0.0 ms]
   [Clear CT: 0.1 ms]
   [Other: 0.4 ms]
      [Choose CSet: 0.0 ms]
      [Ref Proc: 0.1 ms]
      [Ref Enq: 0.0 ms]
      [Redirty Cards: 0.0 ms]
      [Humongous Register: 0.0 ms]
      [Humongous Reclaim: 0.0 ms]
      [Free CSet: 0.1 ms]
   [Eden: 262.0M(262.0M)->0.0B(265.0M) Survivors: 21504.0K->18432.0K Heap: 372.4M(472.0M)->106.9M(472.0M)]
 [Times: user=0.04 sys=0.00, real=0.02 secs] 
2024-07-06T11:26:45.339+0800: 159.505: [GC pause (G1 Evacuation Pause) (young), 0.0298419 secs]
   [Parallel Time: 29.3 ms, GC Workers: 2]
      [GC Worker Start (ms): Min: 159505.6, Avg: 159505.6, Max: 159505.6, Diff: 0.0]
      [Ext Root Scanning (ms): Min: 0.5, Avg: 0.5, Max: 0.5, Diff: 0.0, Sum: 1.0]
      [Update RS (ms): Min: 0.0, Avg: 0.0, Max: 0.0, Diff: 0.0, Sum: 0.1]
         [Processed Buffers: Min: 1, Avg: 2.5, Max: 4, Diff: 3, Sum: 5]
      [Scan RS (ms): Min: 0.1, Avg: 0.1, Max: 0.1, Diff: 0.0, Sum: 0.1]
      [Code Root Scanning (ms): Min: 0.0, Avg: 0.0, Max: 0.0, Diff: 0.0, Sum: 0.0]
      [Object Copy (ms): Min: 28.6, Avg: 28.6, Max: 28.6, Diff: 0.0, Sum: 57.2]
      [Termination (ms): Min: 0.0, Avg: 0.0, Max: 0.0, Diff: 0.0, Sum: 0.0]
         [Termination Attempts: Min: 1, Avg: 1.0, Max: 1, Diff: 0, Sum: 2]
      [GC Worker Other (ms): Min: 0.0, Avg: 0.0, Max: 0.0, Diff: 0.0, Sum: 0.0]
      [GC Worker Total (ms): Min: 29.2, Avg: 29.2, Max: 29.2, Diff: 0.0, Sum: 58.5]
      [GC Worker End (ms): Min: 159534.8, Avg: 159534.8, Max: 159534.8, Diff: 0.0]
   [Code Root Fixup: 0.0 ms]
   [Code Root Purge: 0.0 ms]
   [Clear CT: 0.1 ms]
   [Other: 0.4 ms]
      [Choose CSet: 0.0 ms]
      [Ref Proc: 0.1 ms]
      [Ref Enq: 0.0 ms]
      [Redirty Cards: 0.0 ms]
      [Humongous Register: 0.0 ms]
      [Humongous Reclaim: 0.0 ms]
      [Free CSet: 0.2 ms]
   [Eden: 265.0M(265.0M)->0.0B(258.0M) Survivors: 18432.0K->25600.0K Heap: 371.9M(472.0M)->113.9M(472.0M)]
 [Times: user=0.05 sys=0.00, real=0.03 secs] 
2024-07-06T11:26:45.823+0800: 159.990: [GC pause (G1 Evacuation Pause) (young), 0.0326916 secs]
   [Parallel Time: 32.1 ms, GC Workers: 2]
      [GC Worker Start (ms): Min: 159989.6, Avg: 159989.6, Max: 159989.6, Diff: 0.0]
      [Ext Root Scanning (ms): Min: 0.5, Avg: 0.5, Max: 0.5, Diff: 0.0, Sum: 1.1]
      [Update RS (ms): Min: 0.0, Avg: 0.0, Max: 0.0, Diff: 0.0, Sum: 0.1]
         [Processed Buffers: Min: 2, Avg: 2.5, Max: 3, Diff: 1, Sum: 5]
      [Scan RS (ms): Min: 0.1, Avg: 0.1, Max: 0.1, Diff: 0.0, Sum: 0.1]
      [Code Root Scanning (ms): Min: 0.0, Avg: 0.0, Max: 0.0, Diff: 0.0, Sum: 0.0]
      [Object Copy (ms): Min: 31.3, Avg: 31.3, Max: 31.3, Diff: 0.0, Sum: 62.5]
      [Termination (ms): Min: 0.0, Avg: 0.0, Max: 0.0, Diff: 0.0, Sum: 0.0]
         [Termination Attempts: Min: 1, Avg: 1.0, Max: 1, Diff: 0, Sum: 2]
      [GC Worker Other (ms): Min: 0.0, Avg: 0.0, Max: 0.0, Diff: 0.0, Sum: 0.0]
      [GC Worker Total (ms): Min: 31.9, Avg: 31.9, Max: 31.9, Diff: 0.0, Sum: 63.8]
      [GC Worker End (ms): Min: 160021.5, Avg: 160021.5, Max: 160021.5, Diff: 0.0]
   [Code Root Fixup: 0.0 ms]
   [Code Root Purge: 0.0 ms]
   [Clear CT: 0.1 ms]
   [Other: 0.5 ms]
      [Choose CSet: 0.0 ms]
      [Ref Proc: 0.1 ms]
      [Ref Enq: 0.0 ms]
      [Redirty Cards: 0.0 ms]
      [Humongous Register: 0.0 ms]
      [Humongous Reclaim: 0.0 ms]
      [Free CSet: 0.2 ms]
   [Eden: 258.0M(258.0M)->0.0B(258.0M) Survivors: 25600.0K->25600.0K Heap: 371.9M(472.0M)->113.9M(472.0M)]
 [Times: user=0.06 sys=0.00, real=0.04 secs] 
2024-07-06T11:26:46.273+0800: 160.439: [GC pause (G1 Evacuation Pause) (young), 0.0180764 secs]
   [Parallel Time: 17.6 ms, GC Workers: 2]
      [GC Worker Start (ms): Min: 160438.9, Avg: 160438.9, Max: 160438.9, Diff: 0.0]
      [Ext Root Scanning (ms): Min: 0.6, Avg: 0.6, Max: 0.6, Diff: 0.0, Sum: 1.2]
      [Update RS (ms): Min: 0.0, Avg: 0.0, Max: 0.0, Diff: 0.0, Sum: 0.1]
         [Processed Buffers: Min: 2, Avg: 3.0, Max: 4, Diff: 2, Sum: 6]
      [Scan RS (ms): Min: 0.1, Avg: 0.1, Max: 0.1, Diff: 0.0, Sum: 0.2]
      [Code Root Scanning (ms): Min: 0.0, Avg: 0.0, Max: 0.0, Diff: 0.0, Sum: 0.0]
      [Object Copy (ms): Min: 16.8, Avg: 16.8, Max: 16.8, Diff: 0.0, Sum: 33.6]
      [Termination (ms): Min: 0.0, Avg: 0.0, Max: 0.0, Diff: 0.0, Sum: 0.0]
         [Termination Attempts: Min: 1, Avg: 1.0, Max: 1, Diff: 0, Sum: 2]
      [GC Worker Other (ms): Min: 0.0, Avg: 0.0, Max: 0.0, Diff: 0.0, Sum: 0.0]
      [GC Worker Total (ms): Min: 17.5, Avg: 17.5, Max: 17.5, Diff: 0.0, Sum: 35.0]
      [GC Worker End (ms): Min: 160456.4, Avg: 160456.4, Max: 160456.4, Diff: 0.0]
   [Code Root Fixup: 0.0 ms]
   [Code Root Purge: 0.0 ms]
   [Clear CT: 0.1 ms]
   [Other: 0.4 ms]
      [Choose CSet: 0.0 ms]
      [Ref Proc: 0.1 ms]
      [Ref Enq: 0.0 ms]
      [Redirty Cards: 0.0 ms]
      [Humongous Register: 0.0 ms]
      [Humongous Reclaim: 0.0 ms]
      [Free CSet: 0.1 ms]
   [Eden: 258.0M(258.0M)->0.0B(267.0M) Survivors: 25600.0K->16384.0K Heap: 371.9M(472.0M)->105.4M(472.0M)]
 [Times: user=0.04 sys=0.00, real=0.02 secs] 
2024-07-06T11:26:46.667+0800: 160.834: [GC pause (G1 Evacuation Pause) (young), 0.0265236 secs]
   [Parallel Time: 25.9 ms, GC Workers: 2]
      [GC Worker Start (ms): Min: 160833.7, Avg: 160833.7, Max: 160833.7, Diff: 0.0]
      [Ext Root Scanning (ms): Min: 0.5, Avg: 0.5, Max: 0.5, Diff: 0.1, Sum: 1.0]
      [Update RS (ms): Min: 0.0, Avg: 0.0, Max: 0.0, Diff: 0.0, Sum: 0.1]
         [Processed Buffers: Min: 3, Avg: 3.5, Max: 4, Diff: 1, Sum: 7]
      [Scan RS (ms): Min: 0.1, Avg: 0.1, Max: 0.1, Diff: 0.0, Sum: 0.1]
      [Code Root Scanning (ms): Min: 0.0, Avg: 0.0, Max: 0.0, Diff: 0.0, Sum: 0.0]
      [Object Copy (ms): Min: 25.2, Avg: 25.2, Max: 25.2, Diff: 0.0, Sum: 50.4]
      [Termination (ms): Min: 0.0, Avg: 0.0, Max: 0.0, Diff: 0.0, Sum: 0.0]
         [Termination Attempts: Min: 1, Avg: 1.0, Max: 1, Diff: 0, Sum: 2]
      [GC Worker Other (ms): Min: 0.0, Avg: 0.0, Max: 0.0, Diff: 0.0, Sum: 0.0]
      [GC Worker Total (ms): Min: 25.8, Avg: 25.8, Max: 25.9, Diff: 0.0, Sum: 51.7]
      [GC Worker End (ms): Min: 160859.5, Avg: 160859.5, Max: 160859.5, Diff: 0.0]
   [Code Root Fixup: 0.0 ms]
   [Code Root Purge: 0.0 ms]
   [Clear CT: 0.1 ms]
   [Other: 0.5 ms]
      [Choose CSet: 0.0 ms]
      [Ref Proc: 0.1 ms]
      [Ref Enq: 0.0 ms]
      [Redirty Cards: 0.0 ms]
      [Humongous Register: 0.0 ms]
      [Humongous Reclaim: 0.0 ms]
      [Free CSet: 0.2 ms]
   [Eden: 267.0M(267.0M)->0.0B(259.0M) Survivors: 16384.0K->24576.0K Heap: 372.4M(472.0M)->112.9M(472.0M)]
 [Times: user=0.05 sys=0.00, real=0.02 secs] 
2024-07-06T11:26:47.131+0800: 161.297: [GC pause (G1 Evacuation Pause) (young), 0.0337744 secs]
   [Parallel Time: 33.1 ms, GC Workers: 2]
      [GC Worker Start (ms): Min: 161297.5, Avg: 161297.6, Max: 161297.6, Diff: 0.0]
      [Ext Root Scanning (ms): Min: 0.5, Avg: 0.5, Max: 0.5, Diff: 0.0, Sum: 1.0]
      [Update RS (ms): Min: 0.0, Avg: 0.0, Max: 0.0, Diff: 0.0, Sum: 0.1]
         [Processed Buffers: Min: 2, Avg: 3.5, Max: 5, Diff: 3, Sum: 7]
      [Scan RS (ms): Min: 0.1, Avg: 0.1, Max: 0.1, Diff: 0.0, Sum: 0.2]
      [Code Root Scanning (ms): Min: 0.0, Avg: 0.0, Max: 0.0, Diff: 0.0, Sum: 0.0]
      [Object Copy (ms): Min: 32.4, Avg: 32.4, Max: 32.4, Diff: 0.0, Sum: 64.7]
      [Termination (ms): Min: 0.0, Avg: 0.0, Max: 0.0, Diff: 0.0, Sum: 0.0]
         [Termination Attempts: Min: 1, Avg: 1.0, Max: 1, Diff: 0, Sum: 2]
      [GC Worker Other (ms): Min: 0.0, Avg: 0.0, Max: 0.0, Diff: 0.0, Sum: 0.0]
      [GC Worker Total (ms): Min: 33.0, Avg: 33.0, Max: 33.0, Diff: 0.0, Sum: 66.0]
      [GC Worker End (ms): Min: 161330.6, Avg: 161330.6, Max: 161330.6, Diff: 0.0]
   [Code Root Fixup: 0.0 ms]
   [Code Root Purge: 0.0 ms]
   [Clear CT: 0.2 ms]
   [Other: 0.5 ms]
      [Choose CSet: 0.0 ms]
      [Ref Proc: 0.1 ms]
      [Ref Enq: 0.0 ms]
      [Redirty Cards: 0.1 ms]
      [Humongous Register: 0.0 ms]
      [Humongous Reclaim: 0.0 ms]
      [Free CSet: 0.2 ms]
   [Eden: 259.0M(259.0M)->0.0B(255.0M) Survivors: 24576.0K->28672.0K Heap: 371.9M(472.0M)->116.9M(472.0M)]
 [Times: user=0.07 sys=0.00, real=0.03 secs] 
2024-07-06T11:26:47.553+0800: 161.719: [GC pause (G1 Evacuation Pause) (young), 0.0284527 secs]
   [Parallel Time: 28.0 ms, GC Workers: 2]
      [GC Worker Start (ms): Min: 161719.3, Avg: 161719.6, Max: 161719.8, Diff: 0.5]
      [Ext Root Scanning (ms): Min: 0.3, Avg: 0.6, Max: 0.8, Diff: 0.5, Sum: 1.2]
      [Update RS (ms): Min: 0.0, Avg: 0.0, Max: 0.0, Diff: 0.0, Sum: 0.1]
         [Processed Buffers: Min: 2, Avg: 3.0, Max: 4, Diff: 2, Sum: 6]
      [Scan RS (ms): Min: 0.1, Avg: 0.1, Max: 0.1, Diff: 0.0, Sum: 0.2]
      [Code Root Scanning (ms): Min: 0.0, Avg: 0.0, Max: 0.0, Diff: 0.0, Sum: 0.0]
      [Object Copy (ms): Min: 26.9, Avg: 27.0, Max: 27.0, Diff: 0.0, Sum: 53.9]
      [Termination (ms): Min: 0.0, Avg: 0.0, Max: 0.0, Diff: 0.0, Sum: 0.0]
         [Termination Attempts: Min: 1, Avg: 1.0, Max: 1, Diff: 0, Sum: 2]
      [GC Worker Other (ms): Min: 0.0, Avg: 0.0, Max: 0.0, Diff: 0.0, Sum: 0.0]
      [GC Worker Total (ms): Min: 27.4, Avg: 27.7, Max: 27.9, Diff: 0.5, Sum: 55.3]
      [GC Worker End (ms): Min: 161747.2, Avg: 161747.2, Max: 161747.2, Diff: 0.0]
   [Code Root Fixup: 0.0 ms]
   [Code Root Purge: 0.0 ms]
   [Clear CT: 0.1 ms]
   [Other: 0.4 ms]
      [Choose CSet: 0.0 ms]
      [Ref Proc: 0.1 ms]
      [Ref Enq: 0.0 ms]
      [Redirty Cards: 0.0 ms]
      [Humongous Register: 0.0 ms]
      [Humongous Reclaim: 0.0 ms]
      [Free CSet: 0.1 ms]
   [Eden: 255.0M(255.0M)->0.0B(259.0M) Survivors: 28672.0K->24576.0K Heap: 371.9M(472.0M)->112.9M(472.0M)]
 [Times: user=0.05 sys=0.00, real=0.03 secs] 
2024-07-06T11:26:47.987+0800: 162.153: [GC pause (G1 Evacuation Pause) (young), 0.0226255 secs]
   [Parallel Time: 22.1 ms, GC Workers: 2]
      [GC Worker Start (ms): Min: 162153.6, Avg: 162153.6, Max: 162153.6, Diff: 0.0]
      [Ext Root Scanning (ms): Min: 0.5, Avg: 0.5, Max: 0.5, Diff: 0.0, Sum: 1.0]
      [Update RS (ms): Min: 0.0, Avg: 0.0, Max: 0.0, Diff: 0.0, Sum: 0.1]
         [Processed Buffers: Min: 3, Avg: 3.5, Max: 4, Diff: 1, Sum: 7]
      [Scan RS (ms): Min: 0.1, Avg: 0.1, Max: 0.1, Diff: 0.0, Sum: 0.2]
      [Code Root Scanning (ms): Min: 0.0, Avg: 0.0, Max: 0.0, Diff: 0.0, Sum: 0.0]
      [Object Copy (ms): Min: 21.4, Avg: 21.4, Max: 21.4, Diff: 0.0, Sum: 42.8]
      [Termination (ms): Min: 0.0, Avg: 0.0, Max: 0.0, Diff: 0.0, Sum: 0.0]
         [Termination Attempts: Min: 1, Avg: 1.0, Max: 1, Diff: 0, Sum: 2]
      [GC Worker Other (ms): Min: 0.0, Avg: 0.0, Max: 0.0, Diff: 0.0, Sum: 0.1]
      [GC Worker Total (ms): Min: 22.1, Avg: 22.1, Max: 22.1, Diff: 0.0, Sum: 44.1]
      [GC Worker End (ms): Min: 162175.6, Avg: 162175.6, Max: 162175.6, Diff: 0.0]
   [Code Root Fixup: 0.0 ms]
   [Code Root Purge: 0.0 ms]
   [Clear CT: 0.1 ms]
   [Other: 0.4 ms]
      [Choose CSet: 0.0 ms]
      [Ref Proc: 0.1 ms]
      [Ref Enq: 0.0 ms]
      [Redirty Cards: 0.1 ms]
      [Humongous Register: 0.0 ms]
      [Humongous Reclaim: 0.0 ms]
      [Free CSet: 0.2 ms]
   [Eden: 259.0M(259.0M)->0.0B(265.0M) Survivors: 24576.0K->18432.0K Heap: 371.9M(472.0M)->106.9M(472.0M)]
 [Times: user=0.05 sys=0.00, real=0.02 secs] 
2024-07-06T11:26:48.414+0800: 162.580: [GC pause (G1 Evacuation Pause) (young), 0.0220376 secs]
   [Parallel Time: 21.6 ms, GC Workers: 2]
      [GC Worker Start (ms): Min: 162580.0, Avg: 162580.0, Max: 162580.0, Diff: 0.0]
      [Ext Root Scanning (ms): Min: 0.5, Avg: 0.5, Max: 0.5, Diff: 0.0, Sum: 1.0]
      [Update RS (ms): Min: 0.0, Avg: 0.0, Max: 0.0, Diff: 0.0, Sum: 0.1]
         [Processed Buffers: Min: 2, Avg: 3.5, Max: 5, Diff: 3, Sum: 7]
      [Scan RS (ms): Min: 0.1, Avg: 0.1, Max: 0.1, Diff: 0.0, Sum: 0.2]
      [Code Root Scanning (ms): Min: 0.0, Avg: 0.0, Max: 0.0, Diff: 0.0, Sum: 0.0]
      [Object Copy (ms): Min: 20.9, Avg: 20.9, Max: 20.9, Diff: 0.0, Sum: 41.8]
      [Termination (ms): Min: 0.0, Avg: 0.0, Max: 0.0, Diff: 0.0, Sum: 0.0]
         [Termination Attempts: Min: 1, Avg: 2.0, Max: 3, Diff: 2, Sum: 4]
      [GC Worker Other (ms): Min: 0.0, Avg: 0.0, Max: 0.0, Diff: 0.0, Sum: 0.0]
      [GC Worker Total (ms): Min: 21.5, Avg: 21.5, Max: 21.5, Diff: 0.0, Sum: 43.0]
      [GC Worker End (ms): Min: 162601.5, Avg: 162601.5, Max: 162601.5, Diff: 0.0]
   [Code Root Fixup: 0.0 ms]
   [Code Root Purge: 0.0 ms]
   [Clear CT: 0.1 ms]
   [Other: 0.4 ms]
      [Choose CSet: 0.0 ms]
      [Ref Proc: 0.1 ms]
      [Ref Enq: 0.0 ms]
      [Redirty Cards: 0.0 ms]
      [Humongous Register: 0.0 ms]
      [Humongous Reclaim: 0.0 ms]
      [Free CSet: 0.1 ms]
   [Eden: 265.0M(265.0M)->0.0B(263.0M) Survivors: 18432.0K->20480.0K Heap: 371.9M(472.0M)->109.4M(472.0M)]
 [Times: user=0.04 sys=0.00, real=0.03 secs] 
2024-07-06T11:26:48.839+0800: 163.005: [GC pause (G1 Evacuation Pause) (young), 0.0355331 secs]
   [Parallel Time: 35.1 ms, GC Workers: 2]
      [GC Worker Start (ms): Min: 163005.5, Avg: 163005.5, Max: 163005.5, Diff: 0.0]
      [Ext Root Scanning (ms): Min: 0.5, Avg: 0.5, Max: 0.5, Diff: 0.0, Sum: 1.1]
      [Update RS (ms): Min: 0.0, Avg: 0.0, Max: 0.0, Diff: 0.0, Sum: 0.1]
         [Processed Buffers: Min: 3, Avg: 3.0, Max: 3, Diff: 0, Sum: 6]
      [Scan RS (ms): Min: 0.1, Avg: 0.1, Max: 0.1, Diff: 0.0, Sum: 0.2]
      [Code Root Scanning (ms): Min: 0.0, Avg: 0.0, Max: 0.0, Diff: 0.0, Sum: 0.0]
      [Object Copy (ms): Min: 34.3, Avg: 34.3, Max: 34.3, Diff: 0.0, Sum: 68.7]
      [Termination (ms): Min: 0.0, Avg: 0.0, Max: 0.0, Diff: 0.0, Sum: 0.0]
         [Termination Attempts: Min: 1, Avg: 1.0, Max: 1, Diff: 0, Sum: 2]
      [GC Worker Other (ms): Min: 0.0, Avg: 0.0, Max: 0.0, Diff: 0.0, Sum: 0.0]
      [GC Worker Total (ms): Min: 35.0, Avg: 35.0, Max: 35.0, Diff: 0.0, Sum: 70.0]
      [GC Worker End (ms): Min: 163040.5, Avg: 163040.5, Max: 163040.5, Diff: 0.0]
   [Code Root Fixup: 0.0 ms]
   [Code Root Purge: 0.0 ms]
   [Clear CT: 0.1 ms]
   [Other: 0.4 ms]
      [Choose CSet: 0.0 ms]
      [Ref Proc: 0.1 ms]
      [Ref Enq: 0.0 ms]
      [Redirty Cards: 0.0 ms]
      [Humongous Register: 0.0 ms]
      [Humongous Reclaim: 0.0 ms]
      [Free CSet: 0.1 ms]
   [Eden: 263.0M(263.0M)->0.0B(260.0M) Survivors: 20480.0K->23552.0K Heap: 372.4M(472.0M)->112.4M(472.0M)]
 [Times: user=0.07 sys=0.00, real=0.03 secs] 
2024-07-06T11:26:49.253+0800: 163.419: [GC pause (G1 Evacuation Pause) (young), 0.0243462 secs]
   [Parallel Time: 23.9 ms, GC Workers: 2]
      [GC Worker Start (ms): Min: 163419.5, Avg: 163419.5, Max: 163419.5, Diff: 0.0]
      [Ext Root Scanning (ms): Min: 0.4, Avg: 0.5, Max: 0.5, Diff: 0.0, Sum: 0.9]
      [Update RS (ms): Min: 0.0, Avg: 0.0, Max: 0.0, Diff: 0.0, Sum: 0.1]
         [Processed Buffers: Min: 2, Avg: 3.0, Max: 4, Diff: 2, Sum: 6]
      [Scan RS (ms): Min: 0.1, Avg: 0.1, Max: 0.1, Diff: 0.0, Sum: 0.2]
      [Code Root Scanning (ms): Min: 0.0, Avg: 0.0, Max: 0.0, Diff: 0.0, Sum: 0.0]
      [Object Copy (ms): Min: 23.2, Avg: 23.2, Max: 23.2, Diff: 0.0, Sum: 46.5]
      [Termination (ms): Min: 0.0, Avg: 0.0, Max: 0.0, Diff: 0.0, Sum: 0.0]
         [Termination Attempts: Min: 1, Avg: 1.0, Max: 1, Diff: 0, Sum: 2]
      [GC Worker Other (ms): Min: 0.0, Avg: 0.0, Max: 0.0, Diff: 0.0, Sum: 0.0]
      [GC Worker Total (ms): Min: 23.8, Avg: 23.8, Max: 23.8, Diff: 0.0, Sum: 47.6]
      [GC Worker End (ms): Min: 163443.3, Avg: 163443.3, Max: 163443.3, Diff: 0.0]
   [Code Root Fixup: 0.0 ms]
   [Code Root Purge: 0.0 ms]
   [Clear CT: 0.1 ms]
   [Other: 0.4 ms]
      [Choose CSet: 0.0 ms]
      [Ref Proc: 0.1 ms]
      [Ref Enq: 0.0 ms]
      [Redirty Cards: 0.0 ms]
      [Humongous Register: 0.0 ms]
      [Humongous Reclaim: 0.0 ms]
      [Free CSet: 0.1 ms]
   [Eden: 260.0M(260.0M)->0.0B(259.0M) Survivors: 23552.0K->24576.0K Heap: 372.4M(472.0M)->112.9M(472.0M)]
 [Times: user=0.04 sys=0.00, real=0.03 secs] 
2024-07-06T11:26:49.650+0800: 163.816: [GC pause (G1 Evacuation Pause) (young), 0.0301989 secs]
   [Parallel Time: 29.6 ms, GC Workers: 2]
      [GC Worker Start (ms): Min: 163816.3, Avg: 163816.3, Max: 163816.3, Diff: 0.0]
      [Ext Root Scanning (ms): Min: 0.5, Avg: 0.5, Max: 0.5, Diff: 0.0, Sum: 1.0]
      [Update RS (ms): Min: 0.0, Avg: 0.0, Max: 0.0, Diff: 0.0, Sum: 0.1]
         [Processed Buffers: Min: 3, Avg: 3.5, Max: 4, Diff: 1, Sum: 7]
      [Scan RS (ms): Min: 0.1, Avg: 0.1, Max: 0.1, Diff: 0.0, Sum: 0.2]
      [Code Root Scanning (ms): Min: 0.0, Avg: 0.0, Max: 0.0, Diff: 0.0, Sum: 0.0]
      [Object Copy (ms): Min: 29.0, Avg: 29.0, Max: 29.0, Diff: 0.0, Sum: 57.9]
      [Termination (ms): Min: 0.0, Avg: 0.0, Max: 0.0, Diff: 0.0, Sum: 0.0]
         [Termination Attempts: Min: 1, Avg: 1.0, Max: 1, Diff: 0, Sum: 2]
      [GC Worker Other (ms): Min: 0.0, Avg: 0.0, Max: 0.0, Diff: 0.0, Sum: 0.0]
      [GC Worker Total (ms): Min: 29.6, Avg: 29.6, Max: 29.6, Diff: 0.0, Sum: 59.2]
      [GC Worker End (ms): Min: 163845.8, Avg: 163845.8, Max: 163845.8, Diff: 0.0]
   [Code Root Fixup: 0.0 ms]
   [Code Root Purge: 0.0 ms]
   [Clear CT: 0.1 ms]
   [Other: 0.4 ms]
      [Choose CSet: 0.0 ms]
      [Ref Proc: 0.1 ms]
      [Ref Enq: 0.0 ms]
      [Redirty Cards: 0.0 ms]
      [Humongous Register: 0.0 ms]
      [Humongous Reclaim: 0.0 ms]
      [Free CSet: 0.1 ms]
   [Eden: 259.0M(259.0M)->0.0B(255.0M) Survivors: 24576.0K->28672.0K Heap: 371.9M(472.0M)->116.9M(472.0M)]
 [Times: user=0.06 sys=0.00, real=0.03 secs] 
2024-07-06T11:26:50.063+0800: 164.229: [GC pause (G1 Evacuation Pause) (young), 0.0327896 secs]
   [Parallel Time: 32.3 ms, GC Workers: 2]
      [GC Worker Start (ms): Min: 164229.6, Avg: 164229.6, Max: 164229.6, Diff: 0.0]
      [Ext Root Scanning (ms): Min: 0.5, Avg: 0.5, Max: 0.5, Diff: 0.0, Sum: 1.0]
      [Update RS (ms): Min: 0.0, Avg: 0.0, Max: 0.0, Diff: 0.0, Sum: 0.1]
         [Processed Buffers: Min: 3, Avg: 3.0, Max: 3, Diff: 0, Sum: 6]
      [Scan RS (ms): Min: 0.1, Avg: 0.1, Max: 0.1, Diff: 0.0, Sum: 0.2]
      [Code Root Scanning (ms): Min: 0.0, Avg: 0.0, Max: 0.0, Diff: 0.0, Sum: 0.0]
      [Object Copy (ms): Min: 31.6, Avg: 31.6, Max: 31.6, Diff: 0.0, Sum: 63.1]
      [Termination (ms): Min: 0.0, Avg: 0.0, Max: 0.0, Diff: 0.0, Sum: 0.0]
         [Termination Attempts: Min: 1, Avg: 1.0, Max: 1, Diff: 0, Sum: 2]
      [GC Worker Other (ms): Min: 0.0, Avg: 0.0, Max: 0.0, Diff: 0.0, Sum: 0.0]
      [GC Worker Total (ms): Min: 32.2, Avg: 32.2, Max: 32.2, Diff: 0.0, Sum: 64.4]
      [GC Worker End (ms): Min: 164261.8, Avg: 164261.8, Max: 164261.8, Diff: 0.0]
   [Code Root Fixup: 0.0 ms]
   [Code Root Purge: 0.0 ms]
   [Clear CT: 0.1 ms]
   [Other: 0.4 ms]
      [Choose CSet: 0.0 ms]
      [Ref Proc: 0.1 ms]
      [Ref Enq: 0.0 ms]
      [Redirty Cards: 0.0 ms]
      [Humongous Register: 0.0 ms]
      [Humongous Reclaim: 0.0 ms]
      [Free CSet: 0.1 ms]
   [Eden: 255.0M(255.0M)->0.0B(254.0M) Survivors: 28672.0K->29696.0K Heap: 371.9M(472.0M)->118.4M(472.0M)]
 [Times: user=0.06 sys=0.00, real=0.04 secs] 
2024-07-06T11:26:50.551+0800: 164.717: [GC pause (G1 Evacuation Pause) (young), 0.0320639 secs]
   [Parallel Time: 31.5 ms, GC Workers: 2]
      [GC Worker Start (ms): Min: 164717.5, Avg: 164717.5, Max: 164717.6, Diff: 0.0]
      [Ext Root Scanning (ms): Min: 0.5, Avg: 0.5, Max: 0.5, Diff: 0.0, Sum: 1.0]
      [Update RS (ms): Min: 0.0, Avg: 0.0, Max: 0.0, Diff: 0.0, Sum: 0.1]
         [Processed Buffers: Min: 2, Avg: 3.0, Max: 4, Diff: 2, Sum: 6]
      [Scan RS (ms): Min: 0.1, Avg: 0.1, Max: 0.1, Diff: 0.0, Sum: 0.2]
      [Code Root Scanning (ms): Min: 0.0, Avg: 0.0, Max: 0.0, Diff: 0.0, Sum: 0.0]
      [Object Copy (ms): Min: 30.8, Avg: 30.8, Max: 30.9, Diff: 0.0, Sum: 61.7]
      [Termination (ms): Min: 0.0, Avg: 0.0, Max: 0.0, Diff: 0.0, Sum: 0.0]
         [Termination Attempts: Min: 1, Avg: 1.0, Max: 1, Diff: 0, Sum: 2]
      [GC Worker Other (ms): Min: 0.0, Avg: 0.0, Max: 0.0, Diff: 0.0, Sum: 0.0]
      [GC Worker Total (ms): Min: 31.5, Avg: 31.5, Max: 31.5, Diff: 0.0, Sum: 63.0]
      [GC Worker End (ms): Min: 164749.0, Avg: 164749.0, Max: 164749.0, Diff: 0.0]
   [Code Root Fixup: 0.0 ms]
   [Code Root Purge: 0.0 ms]
   [Clear CT: 0.1 ms]
   [Other: 0.4 ms]
      [Choose CSet: 0.0 ms]
      [Ref Proc: 0.1 ms]
      [Ref Enq: 0.0 ms]
      [Redirty Cards: 0.0 ms]
      [Humongous Register: 0.0 ms]
      [Humongous Reclaim: 0.0 ms]
      [Free CSet: 0.2 ms]
   [Eden: 254.0M(254.0M)->0.0B(258.0M) Survivors: 29696.0K->25600.0K Heap: 372.4M(472.0M)->114.4M(472.0M)]
 [Times: user=0.06 sys=0.00, real=0.03 secs] 
2024-07-06T11:26:51.033+0800: 165.199: [GC pause (G1 Evacuation Pause) (young), 0.0275723 secs]
   [Parallel Time: 26.9 ms, GC Workers: 2]
      [GC Worker Start (ms): Min: 165199.3, Avg: 165199.3, Max: 165199.3, Diff: 0.0]
      [Ext Root Scanning (ms): Min: 0.6, Avg: 0.6, Max: 0.6, Diff: 0.0, Sum: 1.1]
      [Update RS (ms): Min: 0.0, Avg: 0.0, Max: 0.1, Diff: 0.1, Sum: 0.1]
         [Processed Buffers: Min: 3, Avg: 3.5, Max: 4, Diff: 1, Sum: 7]
      [Scan RS (ms): Min: 0.1, Avg: 0.1, Max: 0.1, Diff: 0.0, Sum: 0.2]
      [Code Root Scanning (ms): Min: 0.0, Avg: 0.0, Max: 0.0, Diff: 0.0, Sum: 0.0]
      [Object Copy (ms): Min: 26.1, Avg: 26.1, Max: 26.1, Diff: 0.0, Sum: 52.2]
      [Termination (ms): Min: 0.0, Avg: 0.0, Max: 0.0, Diff: 0.0, Sum: 0.0]
         [Termination Attempts: Min: 1, Avg: 1.0, Max: 1, Diff: 0, Sum: 2]
      [GC Worker Other (ms): Min: 0.0, Avg: 0.0, Max: 0.0, Diff: 0.0, Sum: 0.0]
      [GC Worker Total (ms): Min: 26.8, Avg: 26.8, Max: 26.9, Diff: 0.0, Sum: 53.7]
      [GC Worker End (ms): Min: 165226.2, Avg: 165226.2, Max: 165226.2, Diff: 0.0]
   [Code Root Fixup: 0.0 ms]
   [Code Root Purge: 0.0 ms]
   [Clear CT: 0.2 ms]
   [Other: 0.5 ms]
      [Choose CSet: 0.0 ms]
      [Ref Proc: 0.2 ms]
      [Ref Enq: 0.0 ms]
      [Redirty Cards: 0.1 ms]
      [Humongous Register: 0.0 ms]
      [Humongous Reclaim: 0.0 ms]
      [Free CSet: 0.1 ms]
   [Eden: 258.0M(258.0M)->0.0B(258.0M) Survivors: 25600.0K->25600.0K Heap: 372.4M(472.0M)->114.4M(472.0M)]
 [Times: user=0.05 sys=0.00, real=0.03 secs] 
2024-07-06T11:26:51.441+0800: 165.607: [GC pause (G1 Evacuation Pause) (young), 0.0343346 secs]
   [Parallel Time: 33.7 ms, GC Workers: 2]
      [GC Worker Start (ms): Min: 165607.3, Avg: 165607.3, Max: 165607.3, Diff: 0.0]
      [Ext Root Scanning (ms): Min: 0.5, Avg: 0.5, Max: 0.5, Diff: 0.0, Sum: 1.0]
      [Update RS (ms): Min: 0.0, Avg: 0.0, Max: 0.0, Diff: 0.0, Sum: 0.1]
         [Processed Buffers: Min: 2, Avg: 2.5, Max: 3, Diff: 1, Sum: 5]
      [Scan RS (ms): Min: 0.1, Avg: 0.1, Max: 0.1, Diff: 0.0, Sum: 0.1]
      [Code Root Scanning (ms): Min: 0.0, Avg: 0.0, Max: 0.0, Diff: 0.0, Sum: 0.0]
      [Object Copy (ms): Min: 33.0, Avg: 33.0, Max: 33.0, Diff: 0.0, Sum: 66.0]
      [Termination (ms): Min: 0.0, Avg: 0.0, Max: 0.0, Diff: 0.0, Sum: 0.0]
         [Termination Attempts: Min: 1, Avg: 1.0, Max: 1, Diff: 0, Sum: 2]
      [GC Worker Other (ms): Min: 0.0, Avg: 0.0, Max: 0.0, Diff: 0.0, Sum: 0.0]
      [GC Worker Total (ms): Min: 33.6, Avg: 33.6, Max: 33.6, Diff: 0.0, Sum: 67.2]
      [GC Worker End (ms): Min: 165640.9, Avg: 165640.9, Max: 165640.9, Diff: 0.0]
   [Code Root Fixup: 0.0 ms]
   [Code Root Purge: 0.0 ms]
   [Clear CT: 0.1 ms]
   [Other: 0.5 ms]
      [Choose CSet: 0.0 ms]
      [Ref Proc: 0.0 ms]
      [Ref Enq: 0.0 ms]
      [Redirty Cards: 0.1 ms]
      [Humongous Register: 0.0 ms]
      [Humongous Reclaim: 0.0 ms]
      [Free CSet: 0.2 ms]
   [Eden: 258.0M(258.0M)->0.0B(253.0M) Survivors: 25600.0K->30720.0K Heap: 372.4M(472.0M)->118.9M(472.0M)]
 [Times: user=0.07 sys=0.00, real=0.04 secs] 
2024-07-06T11:26:51.887+0800: 166.054: [GC pause (G1 Evacuation Pause) (young), 0.0356718 secs]
   [Parallel Time: 35.0 ms, GC Workers: 2]
      [GC Worker Start (ms): Min: 166053.6, Avg: 166053.6, Max: 166053.6, Diff: 0.0]
      [Ext Root Scanning (ms): Min: 0.5, Avg: 0.5, Max: 0.6, Diff: 0.0, Sum: 1.1]
      [Update RS (ms): Min: 0.0, Avg: 0.0, Max: 0.0, Diff: 0.0, Sum: 0.1]
         [Processed Buffers: Min: 2, Avg: 2.5, Max: 3, Diff: 1, Sum: 5]
      [Scan RS (ms): Min: 0.1, Avg: 0.1, Max: 0.1, Diff: 0.0, Sum: 0.2]
      [Code Root Scanning (ms): Min: 0.0, Avg: 0.0, Max: 0.0, Diff: 0.0, Sum: 0.0]
      [Object Copy (ms): Min: 34.3, Avg: 34.3, Max: 34.3, Diff: 0.0, Sum: 68.5]
      [Termination (ms): Min: 0.0, Avg: 0.0, Max: 0.0, Diff: 0.0, Sum: 0.0]
         [Termination Attempts: Min: 1, Avg: 1.0, Max: 1, Diff: 0, Sum: 2]
      [GC Worker Other (ms): Min: 0.0, Avg: 0.0, Max: 0.0, Diff: 0.0, Sum: 0.0]
      [GC Worker Total (ms): Min: 34.9, Avg: 34.9, Max: 34.9, Diff: 0.0, Sum: 69.9]
      [GC Worker End (ms): Min: 166088.5, Avg: 166088.5, Max: 166088.5, Diff: 0.0]
   [Code Root Fixup: 0.0 ms]
   [Code Root Purge: 0.0 ms]
   [Clear CT: 0.1 ms]
   [Other: 0.5 ms]
      [Choose CSet: 0.0 ms]
      [Ref Proc: 0.1 ms]
      [Ref Enq: 0.0 ms]
      [Redirty Cards: 0.1 ms]
      [Humongous Register: 0.0 ms]
      [Humongous Reclaim: 0.0 ms]
      [Free CSet: 0.2 ms]
   [Eden: 253.0M(253.0M)->0.0B(254.0M) Survivors: 30720.0K->29696.0K Heap: 371.9M(472.0M)->118.4M(472.0M)]
 [Times: user=0.07 sys=0.00, real=0.03 secs] 
2024-07-06T11:26:52.369+0800: 166.535: [GC pause (G1 Evacuation Pause) (young), 0.0338213 secs]
   [Parallel Time: 33.3 ms, GC Workers: 2]
      [GC Worker Start (ms): Min: 166534.8, Avg: 166534.8, Max: 166534.8, Diff: 0.0]
      [Ext Root Scanning (ms): Min: 0.5, Avg: 0.6, Max: 0.6, Diff: 0.0, Sum: 1.1]
      [Update RS (ms): Min: 0.0, Avg: 0.0, Max: 0.0, Diff: 0.0, Sum: 0.1]
         [Processed Buffers: Min: 2, Avg: 2.5, Max: 3, Diff: 1, Sum: 5]
      [Scan RS (ms): Min: 0.1, Avg: 0.1, Max: 0.1, Diff: 0.0, Sum: 0.2]
      [Code Root Scanning (ms): Min: 0.0, Avg: 0.0, Max: 0.0, Diff: 0.0, Sum: 0.0]
      [Object Copy (ms): Min: 32.5, Avg: 32.5, Max: 32.6, Diff: 0.0, Sum: 65.1]
      [Termination (ms): Min: 0.0, Avg: 0.0, Max: 0.0, Diff: 0.0, Sum: 0.0]
         [Termination Attempts: Min: 1, Avg: 1.5, Max: 2, Diff: 1, Sum: 3]
      [GC Worker Other (ms): Min: 0.0, Avg: 0.0, Max: 0.0, Diff: 0.0, Sum: 0.0]
      [GC Worker Total (ms): Min: 33.2, Avg: 33.2, Max: 33.2, Diff: 0.0, Sum: 66.5]
      [GC Worker End (ms): Min: 166568.1, Avg: 166568.1, Max: 166568.1, Diff: 0.0]
   [Code Root Fixup: 0.0 ms]
   [Code Root Purge: 0.0 ms]
   [Clear CT: 0.1 ms]
   [Other: 0.4 ms]
      [Choose CSet: 0.0 ms]
      [Ref Proc: 0.1 ms]
      [Ref Enq: 0.0 ms]
      [Redirty Cards: 0.0 ms]
      [Humongous Register: 0.0 ms]
      [Humongous Reclaim: 0.0 ms]
      [Free CSet: 0.2 ms]
   [Eden: 254.0M(254.0M)->0.0B(255.0M) Survivors: 29696.0K->28672.0K Heap: 372.4M(472.0M)->116.9M(472.0M)]
 [Times: user=0.06 sys=0.00, real=0.03 secs] 
2024-07-06T11:26:52.875+0800: 167.041: [GC pause (G1 Evacuation Pause) (young), 0.0316537 secs]
   [Parallel Time: 31.1 ms, GC Workers: 2]
      [GC Worker Start (ms): Min: 167041.6, Avg: 167041.6, Max: 167041.6, Diff: 0.0]
      [Ext Root Scanning (ms): Min: 0.6, Avg: 0.6, Max: 0.6, Diff: 0.0, Sum: 1.2]
      [Update RS (ms): Min: 0.0, Avg: 0.0, Max: 0.0, Diff: 0.0, Sum: 0.1]
         [Processed Buffers: Min: 2, Avg: 2.5, Max: 3, Diff: 1, Sum: 5]
      [Scan RS (ms): Min: 0.1, Avg: 0.1, Max: 0.1, Diff: 0.0, Sum: 0.2]
      [Code Root Scanning (ms): Min: 0.0, Avg: 0.0, Max: 0.0, Diff: 0.0, Sum: 0.0]
      [Object Copy (ms): Min: 30.3, Avg: 30.3, Max: 30.3, Diff: 0.0, Sum: 60.5]
      [Termination (ms): Min: 0.0, Avg: 0.0, Max: 0.0, Diff: 0.0, Sum: 0.0]
         [Termination Attempts: Min: 1, Avg: 1.0, Max: 1, Diff: 0, Sum: 2]
      [GC Worker Other (ms): Min: 0.0, Avg: 0.0, Max: 0.0, Diff: 0.0, Sum: 0.0]
      [GC Worker Total (ms): Min: 31.0, Avg: 31.0, Max: 31.0, Diff: 0.0, Sum: 62.1]
      [GC Worker End (ms): Min: 167072.6, Avg: 167072.6, Max: 167072.6, Diff: 0.0]
   [Code Root Fixup: 0.0 ms]
   [Code Root Purge: 0.0 ms]
   [Clear CT: 0.1 ms]
   [Other: 0.4 ms]
      [Choose CSet: 0.0 ms]
      [Ref Proc: 0.1 ms]
      [Ref Enq: 0.0 ms]
      [Redirty Cards: 0.0 ms]
      [Humongous Register: 0.0 ms]
      [Humongous Reclaim: 0.0 ms]
      [Free CSet: 0.2 ms]
   [Eden: 255.0M(255.0M)->0.0B(260.0M) Survivors: 28672.0K->23552.0K Heap: 371.9M(472.0M)->111.9M(472.0M)]
 [Times: user=0.06 sys=0.00, real=0.02 secs] 
2024-07-06T11:26:53.412+0800: 167.578: [GC pause (G1 Evacuation Pause) (young), 0.0189622 secs]
   [Parallel Time: 18.2 ms, GC Workers: 2]
      [GC Worker Start (ms): Min: 167578.1, Avg: 167578.1, Max: 167578.1, Diff: 0.0]
      [Ext Root Scanning (ms): Min: 0.5, Avg: 0.5, Max: 0.5, Diff: 0.0, Sum: 1.0]
      [Update RS (ms): Min: 0.0, Avg: 0.0, Max: 0.1, Diff: 0.0, Sum: 0.1]
         [Processed Buffers: Min: 3, Avg: 3.0, Max: 3, Diff: 0, Sum: 6]
      [Scan RS (ms): Min: 0.1, Avg: 0.1, Max: 0.1, Diff: 0.0, Sum: 0.2]
      [Code Root Scanning (ms): Min: 0.0, Avg: 0.0, Max: 0.0, Diff: 0.0, Sum: 0.0]
      [Object Copy (ms): Min: 17.4, Avg: 17.4, Max: 17.5, Diff: 0.0, Sum: 34.9]
      [Termination (ms): Min: 0.0, Avg: 0.0, Max: 0.0, Diff: 0.0, Sum: 0.0]
         [Termination Attempts: Min: 1, Avg: 1.0, Max: 1, Diff: 0, Sum: 2]
      [GC Worker Other (ms): Min: 0.0, Avg: 0.0, Max: 0.0, Diff: 0.0, Sum: 0.0]
      [GC Worker Total (ms): Min: 18.1, Avg: 18.1, Max: 18.1, Diff: 0.0, Sum: 36.2]
      [GC Worker End (ms): Min: 167596.2, Avg: 167596.2, Max: 167596.2, Diff: 0.0]
   [Code Root Fixup: 0.0 ms]
   [Code Root Purge: 0.0 ms]
   [Clear CT: 0.2 ms]
   [Other: 0.6 ms]
      [Choose CSet: 0.0 ms]
      [Ref Proc: 0.2 ms]
      [Ref Enq: 0.0 ms]
      [Redirty Cards: 0.1 ms]
      [Humongous Register: 0.0 ms]
      [Humongous Reclaim: 0.0 ms]
      [Free CSet: 0.2 ms]
   [Eden: 260.0M(260.0M)->0.0B(270.0M) Survivors: 23552.0K->13312.0K Heap: 371.9M(472.0M)->102.4M(472.0M)]
 [Times: user=0.04 sys=0.00, real=0.02 secs] 
2024-07-06T11:26:53.915+0800: 168.081: [GC pause (G1 Evacuation Pause) (young), 0.0462750 secs]
   [Parallel Time: 45.7 ms, GC Workers: 2]
      [GC Worker Start (ms): Min: 168081.6, Avg: 168082.3, Max: 168083.1, Diff: 1.5]
      [Ext Root Scanning (ms): Min: 0.0, Avg: 0.5, Max: 1.0, Diff: 1.0, Sum: 1.0]
      [Update RS (ms): Min: 0.0, Avg: 0.0, Max: 0.1, Diff: 0.1, Sum: 0.1]
         [Processed Buffers: Min: 0, Avg: 3.0, Max: 6, Diff: 6, Sum: 6]
      [Scan RS (ms): Min: 0.0, Avg: 0.1, Max: 0.2, Diff: 0.1, Sum: 0.2]
      [Code Root Scanning (ms): Min: 0.0, Avg: 0.0, Max: 0.0, Diff: 0.0, Sum: 0.0]
      [Object Copy (ms): Min: 44.1, Avg: 44.3, Max: 44.5, Diff: 0.3, Sum: 88.6]
      [Termination (ms): Min: 0.0, Avg: 0.0, Max: 0.0, Diff: 0.0, Sum: 0.0]
         [Termination Attempts: Min: 1, Avg: 1.0, Max: 1, Diff: 0, Sum: 2]
      [GC Worker Other (ms): Min: 0.0, Avg: 0.0, Max: 0.0, Diff: 0.0, Sum: 0.0]
      [GC Worker Total (ms): Min: 44.2, Avg: 44.9, Max: 45.7, Diff: 1.5, Sum: 89.9]
      [GC Worker End (ms): Min: 168127.3, Avg: 168127.3, Max: 168127.3, Diff: 0.0]
   [Code Root Fixup: 0.0 ms]
   [Code Root Purge: 0.0 ms]
   [Clear CT: 0.1 ms]
   [Other: 0.4 ms]
      [Choose CSet: 0.0 ms]
      [Ref Proc: 0.1 ms]
      [Ref Enq: 0.0 ms]
      [Redirty Cards: 0.1 ms]
      [Humongous Register: 0.0 ms]
      [Humongous Reclaim: 0.0 ms]
      [Free CSet: 0.1 ms]
   [Eden: 270.0M(270.0M)->0.0B(254.0M) Survivors: 13312.0K->29696.0K Heap: 372.4M(472.0M)->117.9M(472.0M)]
 [Times: user=0.08 sys=0.00, real=0.04 secs] 
2024-07-06T11:26:54.465+0800: 168.631: [GC pause (G1 Evacuation Pause) (young), 0.0385064 secs]
   [Parallel Time: 37.9 ms, GC Workers: 2]
      [GC Worker Start (ms): Min: 168630.9, Avg: 168630.9, Max: 168630.9, Diff: 0.0]
      [Ext Root Scanning (ms): Min: 0.6, Avg: 0.6, Max: 0.6, Diff: 0.0, Sum: 1.1]
      [Update RS (ms): Min: 0.0, Avg: 0.0, Max: 0.1, Diff: 0.1, Sum: 0.1]
         [Processed Buffers: Min: 0, Avg: 3.0, Max: 6, Diff: 6, Sum: 6]
      [Scan RS (ms): Min: 0.1, Avg: 0.1, Max: 0.1, Diff: 0.0, Sum: 0.2]
      [Code Root Scanning (ms): Min: 0.0, Avg: 0.0, Max: 0.0, Diff: 0.0, Sum: 0.0]
      [Object Copy (ms): Min: 37.1, Avg: 37.1, Max: 37.1, Diff: 0.0, Sum: 74.2]
      [Termination (ms): Min: 0.0, Avg: 0.0, Max: 0.0, Diff: 0.0, Sum: 0.0]
         [Termination Attempts: Min: 1, Avg: 1.0, Max: 1, Diff: 0, Sum: 2]
      [GC Worker Other (ms): Min: 0.0, Avg: 0.0, Max: 0.0, Diff: 0.0, Sum: 0.0]
      [GC Worker Total (ms): Min: 37.8, Avg: 37.8, Max: 37.8, Diff: 0.0, Sum: 75.7]
      [GC Worker End (ms): Min: 168668.7, Avg: 168668.7, Max: 168668.7, Diff: 0.0]
   [Code Root Fixup: 0.0 ms]
   [Code Root Purge: 0.0 ms]
   [Clear CT: 0.1 ms]
   [Other: 0.5 ms]
      [Choose CSet: 0.0 ms]
      [Ref Proc: 0.1 ms]
      [Ref Enq: 0.0 ms]
      [Redirty Cards: 0.1 ms]
      [Humongous Register: 0.0 ms]
      [Humongous Reclaim: 0.0 ms]
      [Free CSet: 0.2 ms]
   [Eden: 254.0M(254.0M)->0.0B(257.0M) Survivors: 29696.0K->26624.0K Heap: 371.9M(472.0M)->115.4M(472.0M)]
 [Times: user=0.07 sys=0.00, real=0.04 secs] 
2024-07-06T11:26:54.979+0800: 169.145: [GC pause (G1 Evacuation Pause) (young), 0.0254198 secs]
   [Parallel Time: 24.8 ms, GC Workers: 2]
      [GC Worker Start (ms): Min: 169145.5, Avg: 169145.6, Max: 169145.6, Diff: 0.0]
      [Ext Root Scanning (ms): Min: 0.5, Avg: 0.5, Max: 0.5, Diff: 0.0, Sum: 1.1]
      [Update RS (ms): Min: 0.0, Avg: 0.0, Max: 0.0, Diff: 0.0, Sum: 0.1]
         [Processed Buffers: Min: 3, Avg: 3.0, Max: 3, Diff: 0, Sum: 6]
      [Scan RS (ms): Min: 0.1, Avg: 0.1, Max: 0.1, Diff: 0.0, Sum: 0.2]
      [Code Root Scanning (ms): Min: 0.0, Avg: 0.0, Max: 0.0, Diff: 0.0, Sum: 0.0]
      [Object Copy (ms): Min: 24.1, Avg: 24.1, Max: 24.1, Diff: 0.0, Sum: 48.1]
      [Termination (ms): Min: 0.0, Avg: 0.0, Max: 0.0, Diff: 0.0, Sum: 0.0]
         [Termination Attempts: Min: 1, Avg: 1.0, Max: 1, Diff: 0, Sum: 2]
      [GC Worker Other (ms): Min: 0.0, Avg: 0.0, Max: 0.0, Diff: 0.0, Sum: 0.0]
      [GC Worker Total (ms): Min: 24.7, Avg: 24.7, Max: 24.7, Diff: 0.0, Sum: 49.4]
      [GC Worker End (ms): Min: 169170.3, Avg: 169170.3, Max: 169170.3, Diff: 0.0]
   [Code Root Fixup: 0.0 ms]
   [Code Root Purge: 0.0 ms]
   [Clear CT: 0.2 ms]
   [Other: 0.5 ms]
      [Choose CSet: 0.0 ms]
      [Ref Proc: 0.1 ms]
      [Ref Enq: 0.0 ms]
      [Redirty Cards: 0.1 ms]
      [Humongous Register: 0.0 ms]
      [Humongous Reclaim: 0.0 ms]
      [Free CSet: 0.2 ms]
   [Eden: 257.0M(257.0M)->0.0B(263.0M) Survivors: 26624.0K->20480.0K Heap: 372.4M(472.0M)->109.0M(472.0M)]
 [Times: user=0.04 sys=0.01, real=0.02 secs] 
2024-07-06T11:26:55.464+0800: 169.630: [GC pause (G1 Evacuation Pause) (young), 0.0182726 secs]
   [Parallel Time: 17.8 ms, GC Workers: 2]
      [GC Worker Start (ms): Min: 169630.3, Avg: 169630.7, Max: 169631.0, Diff: 0.7]
      [Ext Root Scanning (ms): Min: 0.2, Avg: 0.6, Max: 0.9, Diff: 0.6, Sum: 1.1]
      [Update RS (ms): Min: 0.0, Avg: 0.0, Max: 0.1, Diff: 0.0, Sum: 0.1]
         [Processed Buffers: Min: 1, Avg: 3.0, Max: 5, Diff: 4, Sum: 6]
      [Scan RS (ms): Min: 0.1, Avg: 0.1, Max: 0.1, Diff: 0.0, Sum: 0.2]
      [Code Root Scanning (ms): Min: 0.0, Avg: 0.0, Max: 0.0, Diff: 0.0, Sum: 0.0]
      [Object Copy (ms): Min: 16.7, Avg: 16.7, Max: 16.7, Diff: 0.0, Sum: 33.4]
      [Termination (ms): Min: 0.0, Avg: 0.0, Max: 0.0, Diff: 0.0, Sum: 0.0]
         [Termination Attempts: Min: 1, Avg: 1.0, Max: 1, Diff: 0, Sum: 2]
      [GC Worker Other (ms): Min: 0.0, Avg: 0.0, Max: 0.0, Diff: 0.0, Sum: 0.0]
      [GC Worker Total (ms): Min: 17.1, Avg: 17.4, Max: 17.7, Diff: 0.7, Sum: 34.8]
      [GC Worker End (ms): Min: 169648.1, Avg: 169648.1, Max: 169648.1, Diff: 0.0]
   [Code Root Fixup: 0.0 ms]
   [Code Root Purge: 0.0 ms]
   [Clear CT: 0.1 ms]
   [Other: 0.4 ms]
      [Choose CSet: 0.0 ms]
      [Ref Proc: 0.1 ms]
      [Ref Enq: 0.0 ms]
      [Redirty Cards: 0.0 ms]
      [Humongous Register: 0.0 ms]
      [Humongous Reclaim: 0.0 ms]
      [Free CSet: 0.1 ms]
   [Eden: 263.0M(263.0M)->0.0B(268.0M) Survivors: 20480.0K->15360.0K Heap: 372.0M(472.0M)->104.0M(472.0M)]
 [Times: user=0.03 sys=0.01, real=0.02 secs] 
2024-07-06T11:26:55.883+0800: 170.049: [GC pause (G1 Evacuation Pause) (young), 0.0315371 secs]
   [Parallel Time: 31.0 ms, GC Workers: 2]
      [GC Worker Start (ms): Min: 170049.6, Avg: 170049.6, Max: 170049.6, Diff: 0.0]
      [Ext Root Scanning (ms): Min: 0.5, Avg: 0.5, Max: 0.5, Diff: 0.0, Sum: 1.1]
      [Update RS (ms): Min: 0.0, Avg: 0.0, Max: 0.0, Diff: 0.0, Sum: 0.1]
         [Processed Buffers: Min: 2, Avg: 2.5, Max: 3, Diff: 1, Sum: 5]
      [Scan RS (ms): Min: 0.1, Avg: 0.1, Max: 0.1, Diff: 0.0, Sum: 0.1]
      [Code Root Scanning (ms): Min: 0.0, Avg: 0.0, Max: 0.0, Diff: 0.0, Sum: 0.0]
      [Object Copy (ms): Min: 30.3, Avg: 30.3, Max: 30.3, Diff: 0.0, Sum: 60.5]
      [Termination (ms): Min: 0.0, Avg: 0.0, Max: 0.0, Diff: 0.0, Sum: 0.0]
         [Termination Attempts: Min: 1, Avg: 1.0, Max: 1, Diff: 0, Sum: 2]
      [GC Worker Other (ms): Min: 0.0, Avg: 0.0, Max: 0.0, Diff: 0.0, Sum: 0.0]
      [GC Worker Total (ms): Min: 30.9, Avg: 30.9, Max: 30.9, Diff: 0.0, Sum: 61.8]
      [GC Worker End (ms): Min: 170080.5, Avg: 170080.5, Max: 170080.5, Diff: 0.0]
   [Code Root Fixup: 0.0 ms]
   [Code Root Purge: 0.0 ms]
   [Clear CT: 0.1 ms]
   [Other: 0.5 ms]
      [Choose CSet: 0.0 ms]
      [Ref Proc: 0.1 ms]
      [Ref Enq: 0.0 ms]
      [Redirty Cards: 0.0 ms]
      [Humongous Register: 0.0 ms]
      [Humongous Reclaim: 0.0 ms]
      [Free CSet: 0.1 ms]
   [Eden: 268.0M(268.0M)->0.0B(257.0M) Survivors: 15360.0K->26624.0K Heap: 372.0M(472.0M)->115.5M(472.0M)]
 [Times: user=0.07 sys=0.00, real=0.03 secs] 
2024-07-06T11:26:56.304+0800: 170.470: [GC pause (G1 Evacuation Pause) (young), 0.0204501 secs]
   [Parallel Time: 20.0 ms, GC Workers: 2]
      [GC Worker Start (ms): Min: 170470.1, Avg: 170470.1, Max: 170470.1, Diff: 0.0]
      [Ext Root Scanning (ms): Min: 0.5, Avg: 0.5, Max: 0.5, Diff: 0.0, Sum: 1.0]
      [Update RS (ms): Min: 0.0, Avg: 0.0, Max: 0.0, Diff: 0.0, Sum: 0.1]
         [Processed Buffers: Min: 1, Avg: 2.5, Max: 4, Diff: 3, Sum: 5]
      [Scan RS (ms): Min: 0.1, Avg: 0.1, Max: 0.1, Diff: 0.0, Sum: 0.2]
      [Code Root Scanning (ms): Min: 0.0, Avg: 0.0, Max: 0.0, Diff: 0.0, Sum: 0.0]
      [Object Copy (ms): Min: 19.3, Avg: 19.3, Max: 19.3, Diff: 0.0, Sum: 38.6]
      [Termination (ms): Min: 0.0, Avg: 0.0, Max: 0.0, Diff: 0.0, Sum: 0.0]
         [Termination Attempts: Min: 1, Avg: 1.0, Max: 1, Diff: 0, Sum: 2]
      [GC Worker Other (ms): Min: 0.0, Avg: 0.0, Max: 0.0, Diff: 0.0, Sum: 0.0]
      [GC Worker Total (ms): Min: 19.9, Avg: 19.9, Max: 19.9, Diff: 0.0, Sum: 39.8]
      [GC Worker End (ms): Min: 170490.1, Avg: 170490.1, Max: 170490.1, Diff: 0.0]
   [Code Root Fixup: 0.0 ms]
   [Code Root Purge: 0.0 ms]
   [Clear CT: 0.1 ms]
   [Other: 0.4 ms]
      [Choose CSet: 0.0 ms]
      [Ref Proc: 0.1 ms]
      [Ref Enq: 0.0 ms]
      [Redirty Cards: 0.0 ms]
      [Humongous Register: 0.0 ms]
      [Humongous Reclaim: 0.0 ms]
      [Free CSet: 0.1 ms]
   [Eden: 257.0M(257.0M)->0.0B(264.0M) Survivors: 26624.0K->19456.0K Heap: 372.5M(472.0M)->108.5M(472.0M)]
 [Times: user=0.04 sys=0.00, real=0.02 secs] 
2024-07-06T11:26:56.727+0800: 170.893: [GC pause (G1 Evacuation Pause) (young), 0.0273220 secs]
   [Parallel Time: 26.8 ms, GC Workers: 2]
      [GC Worker Start (ms): Min: 170892.9, Avg: 170892.9, Max: 170892.9, Diff: 0.0]
      [Ext Root Scanning (ms): Min: 0.5, Avg: 0.5, Max: 0.5, Diff: 0.0, Sum: 1.0]
      [Update RS (ms): Min: 0.0, Avg: 0.0, Max: 0.0, Diff: 0.0, Sum: 0.1]
         [Processed Buffers: Min: 3, Avg: 3.5, Max: 4, Diff: 1, Sum: 7]
      [Scan RS (ms): Min: 0.1, Avg: 0.1, Max: 0.1, Diff: 0.0, Sum: 0.2]
      [Code Root Scanning (ms): Min: 0.0, Avg: 0.0, Max: 0.0, Diff: 0.0, Sum: 0.0]
      [Object Copy (ms): Min: 26.1, Avg: 26.1, Max: 26.1, Diff: 0.0, Sum: 52.2]
      [Termination (ms): Min: 0.0, Avg: 0.0, Max: 0.0, Diff: 0.0, Sum: 0.0]
         [Termination Attempts: Min: 1, Avg: 1.0, Max: 1, Diff: 0, Sum: 2]
      [GC Worker Other (ms): Min: 0.0, Avg: 0.0, Max: 0.0, Diff: 0.0, Sum: 0.0]
      [GC Worker Total (ms): Min: 26.7, Avg: 26.7, Max: 26.8, Diff: 0.0, Sum: 53.5]
      [GC Worker End (ms): Min: 170919.7, Avg: 170919.7, Max: 170919.7, Diff: 0.0]
   [Code Root Fixup: 0.0 ms]
   [Code Root Purge: 0.0 ms]
   [Clear CT: 0.1 ms]
   [Other: 0.4 ms]
      [Choose CSet: 0.0 ms]
      [Ref Proc: 0.1 ms]
      [Ref Enq: 0.0 ms]
      [Redirty Cards: 0.0 ms]
      [Humongous Register: 0.0 ms]
      [Humongous Reclaim: 0.0 ms]
      [Free CSet: 0.2 ms]
   [Eden: 264.0M(264.0M)->0.0B(257.0M) Survivors: 19456.0K->26624.0K Heap: 372.5M(472.0M)->115.0M(472.0M)]
 [Times: user=0.05 sys=0.00, real=0.03 secs] 
2024-07-06T11:26:57.147+0800: 171.313: [GC pause (G1 Evacuation Pause) (young), 0.0352976 secs]
   [Parallel Time: 34.8 ms, GC Workers: 2]
      [GC Worker Start (ms): Min: 171313.5, Avg: 171313.6, Max: 171313.6, Diff: 0.0]
      [Ext Root Scanning (ms): Min: 0.5, Avg: 0.5, Max: 0.5, Diff: 0.0, Sum: 1.0]
      [Update RS (ms): Min: 0.0, Avg: 0.0, Max: 0.0, Diff: 0.0, Sum: 0.1]
         [Processed Buffers: Min: 3, Avg: 3.5, Max: 4, Diff: 1, Sum: 7]
      [Scan RS (ms): Min: 0.1, Avg: 0.1, Max: 0.1, Diff: 0.0, Sum: 0.1]
      [Code Root Scanning (ms): Min: 0.0, Avg: 0.0, Max: 0.0, Diff: 0.0, Sum: 0.0]
      [Object Copy (ms): Min: 34.1, Avg: 34.1, Max: 34.1, Diff: 0.0, Sum: 68.2]
      [Termination (ms): Min: 0.0, Avg: 0.0, Max: 0.0, Diff: 0.0, Sum: 0.0]
         [Termination Attempts: Min: 1, Avg: 1.0, Max: 1, Diff: 0, Sum: 2]
      [GC Worker Other (ms): Min: 0.0, Avg: 0.0, Max: 0.0, Diff: 0.0, Sum: 0.0]
      [GC Worker Total (ms): Min: 34.7, Avg: 34.7, Max: 34.8, Diff: 0.0, Sum: 69.5]
      [GC Worker End (ms): Min: 171348.3, Avg: 171348.3, Max: 171348.3, Diff: 0.0]
   [Code Root Fixup: 0.0 ms]
   [Code Root Purge: 0.0 ms]
   [Clear CT: 0.1 ms]
   [Other: 0.4 ms]
      [Choose CSet: 0.0 ms]
      [Ref Proc: 0.1 ms]
      [Ref Enq: 0.0 ms]
      [Redirty Cards: 0.0 ms]
      [Humongous Register: 0.0 ms]
      [Humongous Reclaim: 0.0 ms]
      [Free CSet: 0.1 ms]
   [Eden: 257.0M(257.0M)->0.0B(253.0M) Survivors: 26624.0K->30720.0K Heap: 372.0M(472.0M)->119.5M(472.0M)]
 [Times: user=0.07 sys=0.00, real=0.03 secs] 
2024-07-06T11:26:57.623+0800: 171.789: [GC pause (G1 Evacuation Pause) (young), 0.0325364 secs]
   [Parallel Time: 32.0 ms, GC Workers: 2]
      [GC Worker Start (ms): Min: 171789.1, Avg: 171789.1, Max: 171789.1, Diff: 0.0]
      [Ext Root Scanning (ms): Min: 0.6, Avg: 0.6, Max: 0.6, Diff: 0.0, Sum: 1.1]
      [Update RS (ms): Min: 0.0, Avg: 0.0, Max: 0.0, Diff: 0.0, Sum: 0.1]
         [Processed Buffers: Min: 1, Avg: 3.5, Max: 6, Diff: 5, Sum: 7]
      [Scan RS (ms): Min: 0.1, Avg: 0.1, Max: 0.1, Diff: 0.0, Sum: 0.2]
      [Code Root Scanning (ms): Min: 0.0, Avg: 0.0, Max: 0.0, Diff: 0.0, Sum: 0.0]
      [Object Copy (ms): Min: 31.2, Avg: 31.2, Max: 31.2, Diff: 0.0, Sum: 62.4]
      [Termination (ms): Min: 0.0, Avg: 0.0, Max: 0.0, Diff: 0.0, Sum: 0.0]
         [Termination Attempts: Min: 1, Avg: 1.0, Max: 1, Diff: 0, Sum: 2]
      [GC Worker Other (ms): Min: 0.0, Avg: 0.0, Max: 0.0, Diff: 0.0, Sum: 0.0]
      [GC Worker Total (ms): Min: 31.9, Avg: 31.9, Max: 31.9, Diff: 0.0, Sum: 63.8]
      [GC Worker End (ms): Min: 171821.0, Avg: 171821.0, Max: 171821.0, Diff: 0.0]
   [Code Root Fixup: 0.0 ms]
   [Code Root Purge: 0.0 ms]
   [Clear CT: 0.1 ms]
   [Other: 0.5 ms]
      [Choose CSet: 0.0 ms]
      [Ref Proc: 0.1 ms]
      [Ref Enq: 0.0 ms]
      [Redirty Cards: 0.0 ms]
      [Humongous Register: 0.0 ms]
      [Humongous Reclaim: 0.0 ms]
      [Free CSet: 0.2 ms]
   [Eden: 253.0M(253.0M)->0.0B(256.0M) Survivors: 30720.0K->27648.0K Heap: 372.5M(472.0M)->116.0M(472.0M)]
 [Times: user=0.07 sys=0.00, real=0.04 secs] 
2024-07-06T11:26:58.071+0800: 172.237: [GC pause (G1 Evacuation Pause) (young), 0.0291982 secs]
   [Parallel Time: 28.6 ms, GC Workers: 2]
      [GC Worker Start (ms): Min: 172237.5, Avg: 172237.5, Max: 172237.6, Diff: 0.0]
      [Ext Root Scanning (ms): Min: 0.5, Avg: 0.5, Max: 0.5, Diff: 0.0, Sum: 1.0]
      [Update RS (ms): Min: 0.0, Avg: 0.0, Max: 0.0, Diff: 0.0, Sum: 0.1]
         [Processed Buffers: Min: 3, Avg: 3.5, Max: 4, Diff: 1, Sum: 7]
      [Scan RS (ms): Min: 0.1, Avg: 0.1, Max: 0.1, Diff: 0.0, Sum: 0.1]
      [Code Root Scanning (ms): Min: 0.0, Avg: 0.0, Max: 0.0, Diff: 0.0, Sum: 0.0]
      [Object Copy (ms): Min: 27.9, Avg: 27.9, Max: 27.9, Diff: 0.0, Sum: 55.8]
      [Termination (ms): Min: 0.0, Avg: 0.0, Max: 0.0, Diff: 0.0, Sum: 0.0]
         [Termination Attempts: Min: 1, Avg: 1.0, Max: 1, Diff: 0, Sum: 2]
      [GC Worker Other (ms): Min: 0.0, Avg: 0.0, Max: 0.0, Diff: 0.0, Sum: 0.0]
      [GC Worker Total (ms): Min: 28.5, Avg: 28.5, Max: 28.5, Diff: 0.0, Sum: 57.1]
      [GC Worker End (ms): Min: 172266.1, Avg: 172266.1, Max: 172266.1, Diff: 0.0]
   [Code Root Fixup: 0.0 ms]
   [Code Root Purge: 0.0 ms]
   [Clear CT: 0.1 ms]
   [Other: 0.5 ms]
      [Choose CSet: 0.0 ms]
      [Ref Proc: 0.1 ms]
      [Ref Enq: 0.0 ms]
      [Redirty Cards: 0.0 ms]
      [Humongous Register: 0.0 ms]
      [Humongous Reclaim: 0.0 ms]
      [Free CSet: 0.1 ms]
   [Eden: 256.0M(256.0M)->0.0B(260.0M) Survivors: 27648.0K->23552.0K Heap: 372.0M(472.0M)->112.5M(472.0M)]
 [Times: user=0.06 sys=0.00, real=0.03 secs] 
2024-07-06T11:26:58.559+0800: 172.725: [GC pause (G1 Evacuation Pause) (young), 0.0253428 secs]
   [Parallel Time: 24.7 ms, GC Workers: 2]
      [GC Worker Start (ms): Min: 172725.5, Avg: 172726.4, Max: 172727.3, Diff: 1.7]
      [Ext Root Scanning (ms): Min: 0.0, Avg: 0.4, Max: 0.8, Diff: 0.8, Sum: 0.8]
      [Update RS (ms): Min: 0.0, Avg: 0.0, Max: 0.1, Diff: 0.1, Sum: 0.1]
         [Processed Buffers: Min: 0, Avg: 3.5, Max: 7, Diff: 7, Sum: 7]
      [Scan RS (ms): Min: 0.0, Avg: 0.1, Max: 0.1, Diff: 0.1, Sum: 0.1]
      [Code Root Scanning (ms): Min: 0.0, Avg: 0.0, Max: 0.0, Diff: 0.0, Sum: 0.0]
      [Object Copy (ms): Min: 22.9, Avg: 23.3, Max: 23.7, Diff: 0.8, Sum: 46.5]
      [Termination (ms): Min: 0.0, Avg: 0.0, Max: 0.0, Diff: 0.0, Sum: 0.0]
         [Termination Attempts: Min: 1, Avg: 1.0, Max: 1, Diff: 0, Sum: 2]
      [GC Worker Other (ms): Min: 0.0, Avg: 0.0, Max: 0.0, Diff: 0.0, Sum: 0.0]
      [GC Worker Total (ms): Min: 22.9, Avg: 23.8, Max: 24.6, Diff: 1.7, Sum: 47.5]
      [GC Worker End (ms): Min: 172750.2, Avg: 172750.2, Max: 172750.2, Diff: 0.0]
   [Code Root Fixup: 0.0 ms]
   [Code Root Purge: 0.0 ms]
   [Clear CT: 0.1 ms]
   [Other: 0.5 ms]
      [Choose CSet: 0.0 ms]
      [Ref Proc: 0.1 ms]
      [Ref Enq: 0.0 ms]
      [Redirty Cards: 0.1 ms]
      [Humongous Register: 0.0 ms]
      [Humongous Reclaim: 0.0 ms]
      [Free CSet: 0.2 ms]
   [Eden: 260.0M(260.0M)->0.0B(265.0M) Survivors: 23552.0K->18432.0K Heap: 372.5M(472.0M)->107.5M(472.0M)]
 [Times: user=0.05 sys=0.00, real=0.02 secs] 
2024-07-06T11:26:59.065+0800: 173.232: [GC pause (G1 Evacuation Pause) (young), 0.0171337 secs]
   [Parallel Time: 16.6 ms, GC Workers: 2]
      [GC Worker Start (ms): Min: 173231.7, Avg: 173231.7, Max: 173231.7, Diff: 0.0]
      [Ext Root Scanning (ms): Min: 0.5, Avg: 0.5, Max: 0.5, Diff: 0.0, Sum: 1.0]
      [Update RS (ms): Min: 0.0, Avg: 0.0, Max: 0.0, Diff: 0.0, Sum: 0.1]
         [Processed Buffers: Min: 2, Avg: 3.5, Max: 5, Diff: 3, Sum: 7]
      [Scan RS (ms): Min: 0.1, Avg: 0.1, Max: 0.1, Diff: 0.0, Sum: 0.2]
      [Code Root Scanning (ms): Min: 0.0, Avg: 0.0, Max: 0.0, Diff: 0.0, Sum: 0.0]
      [Object Copy (ms): Min: 15.8, Avg: 15.9, Max: 15.9, Diff: 0.0, Sum: 31.7]
      [Termination (ms): Min: 0.0, Avg: 0.0, Max: 0.0, Diff: 0.0, Sum: 0.0]
         [Termination Attempts: Min: 1, Avg: 1.0, Max: 1, Diff: 0, Sum: 2]
      [GC Worker Other (ms): Min: 0.0, Avg: 0.0, Max: 0.0, Diff: 0.0, Sum: 0.0]
      [GC Worker Total (ms): Min: 16.5, Avg: 16.5, Max: 16.5, Diff: 0.0, Sum: 33.0]
      [GC Worker End (ms): Min: 173248.2, Avg: 173248.2, Max: 173248.2, Diff: 0.0]
   [Code Root Fixup: 0.0 ms]
   [Code Root Purge: 0.0 ms]
   [Clear CT: 0.1 ms]
   [Other: 0.4 ms]
      [Choose CSet: 0.0 ms]
      [Ref Proc: 0.1 ms]
      [Ref Enq: 0.0 ms]
      [Redirty Cards: 0.0 ms]
      [Humongous Register: 0.0 ms]
      [Humongous Reclaim: 0.0 ms]
      [Free CSet: 0.1 ms]
   [Eden: 265.0M(265.0M)->0.0B(268.0M) Survivors: 18432.0K->15360.0K Heap: 372.5M(472.0M)->104.5M(472.0M)]
 [Times: user=0.03 sys=0.00, real=0.02 secs] 
2024-07-06T11:26:59.533+0800: 173.700: [GC pause (G1 Evacuation Pause) (young), 0.0207124 secs]
   [Parallel Time: 20.1 ms, GC Workers: 2]
      [GC Worker Start (ms): Min: 173699.7, Avg: 173699.7, Max: 173699.7, Diff: 0.0]
      [Ext Root Scanning (ms): Min: 0.5, Avg: 0.5, Max: 0.5, Diff: 0.0, Sum: 1.0]
      [Update RS (ms): Min: 0.0, Avg: 0.0, Max: 0.1, Diff: 0.0, Sum: 0.1]
         [Processed Buffers: Min: 2, Avg: 3.5, Max: 5, Diff: 3, Sum: 7]
      [Scan RS (ms): Min: 0.1, Avg: 0.1, Max: 0.1, Diff: 0.0, Sum: 0.2]
      [Code Root Scanning (ms): Min: 0.0, Avg: 0.0, Max: 0.0, Diff: 0.0, Sum: 0.0]
      [Object Copy (ms): Min: 19.4, Avg: 19.4, Max: 19.4, Diff: 0.0, Sum: 38.8]
      [Termination (ms): Min: 0.0, Avg: 0.0, Max: 0.0, Diff: 0.0, Sum: 0.0]
         [Termination Attempts: Min: 1, Avg: 1.0, Max: 1, Diff: 0, Sum: 2]
      [GC Worker Other (ms): Min: 0.0, Avg: 0.0, Max: 0.0, Diff: 0.0, Sum: 0.0]
      [GC Worker Total (ms): Min: 20.1, Avg: 20.1, Max: 20.1, Diff: 0.0, Sum: 40.2]
      [GC Worker End (ms): Min: 173719.8, Avg: 173719.8, Max: 173719.8, Diff: 0.0]
   [Code Root Fixup: 0.0 ms]
   [Code Root Purge: 0.0 ms]
   [Clear CT: 0.1 ms]
   [Other: 0.4 ms]
      [Choose CSet: 0.0 ms]
      [Ref Proc: 0.1 ms]
      [Ref Enq: 0.0 ms]
      [Redirty Cards: 0.0 ms]
      [Humongous Register: 0.0 ms]
      [Humongous Reclaim: 0.0 ms]
      [Free CSet: 0.1 ms]
   [Eden: 268.0M(268.0M)->0.0B(264.0M) Survivors: 15360.0K->19456.0K Heap: 372.5M(472.0M)->108.0M(472.0M)]
 [Times: user=0.04 sys=0.00, real=0.02 secs] 
2024-07-06T11:26:59.992+0800: 174.158: [GC pause (G1 Evacuation Pause) (young), 0.0247108 secs]
   [Parallel Time: 24.1 ms, GC Workers: 2]
      [GC Worker Start (ms): Min: 174157.8, Avg: 174157.8, Max: 174157.8, Diff: 0.0]
      [Ext Root Scanning (ms): Min: 0.5, Avg: 0.5, Max: 0.5, Diff: 0.0, Sum: 1.0]
      [Update RS (ms): Min: 0.0, Avg: 0.0, Max: 0.1, Diff: 0.0, Sum: 0.1]
         [Processed Buffers: Min: 3, Avg: 3.0, Max: 3, Diff: 0, Sum: 6]
      [Scan RS (ms): Min: 0.1, Avg: 0.1, Max: 0.1, Diff: 0.0, Sum: 0.2]
      [Code Root Scanning (ms): Min: 0.0, Avg: 0.0, Max: 0.0, Diff: 0.0, Sum: 0.0]
      [Object Copy (ms): Min: 23.4, Avg: 23.4, Max: 23.4, Diff: 0.0, Sum: 46.8]
      [Termination (ms): Min: 0.0, Avg: 0.0, Max: 0.0, Diff: 0.0, Sum: 0.0]
         [Termination Attempts: Min: 1, Avg: 1.0, Max: 1, Diff: 0, Sum: 2]
      [GC Worker Other (ms): Min: 0.0, Avg: 0.0, Max: 0.0, Diff: 0.0, Sum: 0.0]
      [GC Worker Total (ms): Min: 24.0, Avg: 24.0, Max: 24.1, Diff: 0.0, Sum: 48.1]
      [GC Worker End (ms): Min: 174181.9, Avg: 174181.9, Max: 174181.9, Diff: 0.0]
   [Code Root Fixup: 0.0 ms]
   [Code Root Purge: 0.0 ms]
   [Clear CT: 0.1 ms]
   [Other: 0.5 ms]
      [Choose CSet: 0.0 ms]
      [Ref Proc: 0.1 ms]
      [Ref Enq: 0.0 ms]
      [Redirty Cards: 0.0 ms]
      [Humongous Register: 0.0 ms]
      [Humongous Reclaim: 0.0 ms]
      [Free CSet: 0.2 ms]
   [Eden: 264.0M(264.0M)->0.0B(262.0M) Survivors: 19456.0K->21504.0K Heap: 372.0M(472.0M)->110.0M(472.0M)]
 [Times: user=0.04 sys=0.00, real=0.03 secs] 
2024-07-06T11:27:00.459+0800: 174.626: [GC pause (G1 Evacuation Pause) (young), 0.0301650 secs]
   [Parallel Time: 29.5 ms, GC Workers: 2]
      [GC Worker Start (ms): Min: 174625.6, Avg: 174625.6, Max: 174625.6, Diff: 0.0]
      [Ext Root Scanning (ms): Min: 0.6, Avg: 0.6, Max: 0.6, Diff: 0.0, Sum: 1.2]
      [Update RS (ms): Min: 0.0, Avg: 0.0, Max: 0.0, Diff: 0.0, Sum: 0.1]
         [Processed Buffers: Min: 2, Avg: 3.0, Max: 4, Diff: 2, Sum: 6]
      [Scan RS (ms): Min: 0.1, Avg: 0.1, Max: 0.1, Diff: 0.0, Sum: 0.2]
      [Code Root Scanning (ms): Min: 0.0, Avg: 0.0, Max: 0.0, Diff: 0.0, Sum: 0.0]
      [Object Copy (ms): Min: 28.7, Avg: 28.7, Max: 28.7, Diff: 0.0, Sum: 57.4]
      [Termination (ms): Min: 0.0, Avg: 0.0, Max: 0.0, Diff: 0.0, Sum: 0.0]
         [Termination Attempts: Min: 2, Avg: 2.5, Max: 3, Diff: 1, Sum: 5]
      [GC Worker Other (ms): Min: 0.0, Avg: 0.0, Max: 0.0, Diff: 0.0, Sum: 0.0]
      [GC Worker Total (ms): Min: 29.5, Avg: 29.5, Max: 29.5, Diff: 0.0, Sum: 58.9]
      [GC Worker End (ms): Min: 174655.1, Avg: 174655.1, Max: 174655.1, Diff: 0.0]
   [Code Root Fixup: 0.0 ms]
   [Code Root Purge: 0.0 ms]
   [Clear CT: 0.1 ms]
   [Other: 0.5 ms]
      [Choose CSet: 0.0 ms]
      [Ref Proc: 0.1 ms]
      [Ref Enq: 0.0 ms]
      [Redirty Cards: 0.1 ms]
      [Humongous Register: 0.0 ms]
      [Humongous Reclaim: 0.0 ms]
      [Free CSet: 0.2 ms]
   [Eden: 262.0M(262.0M)->0.0B(260.0M) Survivors: 21504.0K->23552.0K Heap: 372.0M(472.0M)->112.5M(472.0M)]
 [Times: user=0.06 sys=0.00, real=0.03 secs] 
2024-07-06T11:27:00.924+0800: 175.090: [GC pause (G1 Evacuation Pause) (young), 0.0313595 secs]
   [Parallel Time: 30.8 ms, GC Workers: 2]
      [GC Worker Start (ms): Min: 175090.1, Avg: 175090.1, Max: 175090.1, Diff: 0.0]
      [Ext Root Scanning (ms): Min: 0.5, Avg: 0.5, Max: 0.5, Diff: 0.0, Sum: 0.9]
      [Update RS (ms): Min: 0.0, Avg: 0.0, Max: 0.0, Diff: 0.0, Sum: 0.1]
         [Processed Buffers: Min: 1, Avg: 3.0, Max: 5, Diff: 4, Sum: 6]
      [Scan RS (ms): Min: 0.1, Avg: 0.1, Max: 0.1, Diff: 0.0, Sum: 0.2]
      [Code Root Scanning (ms): Min: 0.0, Avg: 0.0, Max: 0.0, Diff: 0.0, Sum: 0.0]
      [Object Copy (ms): Min: 30.1, Avg: 30.1, Max: 30.1, Diff: 0.0, Sum: 60.1]
      [Termination (ms): Min: 0.0, Avg: 0.0, Max: 0.0, Diff: 0.0, Sum: 0.0]
         [Termination Attempts: Min: 1, Avg: 1.0, Max: 1, Diff: 0, Sum: 2]
      [GC Worker Other (ms): Min: 0.0, Avg: 0.0, Max: 0.0, Diff: 0.0, Sum: 0.0]
      [GC Worker Total (ms): Min: 30.7, Avg: 30.7, Max: 30.7, Diff: 0.0, Sum: 61.4]
      [GC Worker End (ms): Min: 175120.8, Avg: 175120.8, Max: 175120.8, Diff: 0.0]
   [Code Root Fixup: 0.0 ms]
   [Code Root Purge: 0.0 ms]
   [Clear CT: 0.2 ms]
   [Other: 0.4 ms]
      [Choose CSet: 0.0 ms]
      [Ref Proc: 0.1 ms]
      [Ref Enq: 0.0 ms]
      [Redirty Cards: 0.0 ms]
      [Humongous Register: 0.0 ms]
      [Humongous Reclaim: 0.0 ms]
      [Free CSet: 0.1 ms]
   [Eden: 260.0M(260.0M)->0.0B(257.0M) Survivors: 23552.0K->26624.0K Heap: 372.5M(472.0M)->115.5M(472.0M)]
 [Times: user=0.07 sys=0.00, real=0.04 secs] 
2024-07-06T11:27:01.364+0800: 175.530: [GC pause (G1 Evacuation Pause) (young), 0.0191321 secs]
   [Parallel Time: 18.6 ms, GC Workers: 2]
      [GC Worker Start (ms): Min: 175530.0, Avg: 175530.4, Max: 175530.8, Diff: 0.8]
      [Ext Root Scanning (ms): Min: 0.0, Avg: 0.4, Max: 0.8, Diff: 0.8, Sum: 0.8]
      [Update RS (ms): Min: 0.0, Avg: 0.0, Max: 0.0, Diff: 0.0, Sum: 0.1]
         [Processed Buffers: Min: 1, Avg: 3.0, Max: 5, Diff: 4, Sum: 6]
      [Scan RS (ms): Min: 0.1, Avg: 0.1, Max: 0.1, Diff: 0.0, Sum: 0.2]
      [Code Root Scanning (ms): Min: 0.0, Avg: 0.0, Max: 0.0, Diff: 0.0, Sum: 0.0]
      [Object Copy (ms): Min: 17.5, Avg: 17.6, Max: 17.6, Diff: 0.1, Sum: 35.2]
      [Termination (ms): Min: 0.0, Avg: 0.0, Max: 0.0, Diff: 0.0, Sum: 0.0]
         [Termination Attempts: Min: 1, Avg: 1.0, Max: 1, Diff: 0, Sum: 2]
      [GC Worker Other (ms): Min: 0.0, Avg: 0.0, Max: 0.0, Diff: 0.0, Sum: 0.1]
      [GC Worker Total (ms): Min: 17.7, Avg: 18.1, Max: 18.5, Diff: 0.9, Sum: 36.2]
      [GC Worker End (ms): Min: 175548.5, Avg: 175548.5, Max: 175548.5, Diff: 0.0]
   [Code Root Fixup: 0.0 ms]
   [Code Root Purge: 0.0 ms]
   [Clear CT: 0.1 ms]
   [Other: 0.4 ms]
      [Choose CSet: 0.0 ms]
      [Ref Proc: 0.1 ms]
      [Ref Enq: 0.0 ms]
      [Redirty Cards: 0.0 ms]
      [Humongous Register: 0.0 ms]
      [Humongous Reclaim: 0.0 ms]
      [Free CSet: 0.1 ms]
   [Eden: 257.0M(257.0M)->0.0B(266.0M) Survivors: 26624.0K->17408.0K Heap: 372.5M(472.0M)->106.0M(472.0M)]
 [Times: user=0.03 sys=0.00, real=0.02 secs] 
2024-07-06T11:27:01.779+0800: 175.945: [GC pause (G1 Evacuation Pause) (young), 0.0258594 secs]
   [Parallel Time: 25.3 ms, GC Workers: 2]
      [GC Worker Start (ms): Min: 175945.5, Avg: 175945.6, Max: 175945.6, Diff: 0.0]
      [Ext Root Scanning (ms): Min: 0.5, Avg: 0.5, Max: 0.5, Diff: 0.0, Sum: 1.1]
      [Update RS (ms): Min: 0.0, Avg: 0.0, Max: 0.0, Diff: 0.0, Sum: 0.1]
         [Processed Buffers: Min: 3, Avg: 3.5, Max: 4, Diff: 1, Sum: 7]
      [Scan RS (ms): Min: 0.1, Avg: 0.1, Max: 0.1, Diff: 0.0, Sum: 0.2]
      [Code Root Scanning (ms): Min: 0.0, Avg: 0.0, Max: 0.0, Diff: 0.0, Sum: 0.0]
      [Object Copy (ms): Min: 24.6, Avg: 24.6, Max: 24.6, Diff: 0.0, Sum: 49.1]
      [Termination (ms): Min: 0.0, Avg: 0.0, Max: 0.0, Diff: 0.0, Sum: 0.0]
         [Termination Attempts: Min: 3, Avg: 3.5, Max: 4, Diff: 1, Sum: 7]
      [GC Worker Other (ms): Min: 0.0, Avg: 0.0, Max: 0.0, Diff: 0.0, Sum: 0.0]
      [GC Worker Total (ms): Min: 25.3, Avg: 25.3, Max: 25.3, Diff: 0.0, Sum: 50.5]
      [GC Worker End (ms): Min: 175970.8, Avg: 175970.8, Max: 175970.8, Diff: 0.0]
   [Code Root Fixup: 0.0 ms]
   [Code Root Purge: 0.0 ms]
   [Clear CT: 0.1 ms]
   [Other: 0.4 ms]
      [Choose CSet: 0.0 ms]
      [Ref Proc: 0.1 ms]
      [Ref Enq: 0.0 ms]
      [Redirty Cards: 0.0 ms]
      [Humongous Register: 0.0 ms]
      [Humongous Reclaim: 0.0 ms]
      [Free CSet: 0.1 ms]
   [Eden: 266.0M(266.0M)->0.0B(260.0M) Survivors: 17408.0K->23552.0K Heap: 372.0M(472.0M)->112.5M(472.0M)]
 [Times: user=0.05 sys=0.00, real=0.02 secs] 
2024-07-06T11:27:02.223+0800: 176.389: [GC pause (G1 Evacuation Pause) (young), 0.0360412 secs]
   [Parallel Time: 35.5 ms, GC Workers: 2]
      [GC Worker Start (ms): Min: 176389.6, Avg: 176389.6, Max: 176389.6, Diff: 0.0]
      [Ext Root Scanning (ms): Min: 0.5, Avg: 0.5, Max: 0.5, Diff: 0.0, Sum: 1.0]
      [Update RS (ms): Min: 0.0, Avg: 0.0, Max: 0.0, Diff: 0.0, Sum: 0.1]
         [Processed Buffers: Min: 3, Avg: 3.5, Max: 4, Diff: 1, Sum: 7]
      [Scan RS (ms): Min: 0.1, Avg: 0.1, Max: 0.1, Diff: 0.0, Sum: 0.2]
      [Code Root Scanning (ms): Min: 0.0, Avg: 0.0, Max: 0.0, Diff: 0.0, Sum: 0.0]
      [Object Copy (ms): Min: 34.8, Avg: 34.8, Max: 34.8, Diff: 0.0, Sum: 69.5]
      [Termination (ms): Min: 0.0, Avg: 0.0, Max: 0.0, Diff: 0.0, Sum: 0.0]
         [Termination Attempts: Min: 1, Avg: 1.0, Max: 1, Diff: 0, Sum: 2]
      [GC Worker Other (ms): Min: 0.0, Avg: 0.0, Max: 0.0, Diff: 0.0, Sum: 0.0]
      [GC Worker Total (ms): Min: 35.4, Avg: 35.4, Max: 35.4, Diff: 0.0, Sum: 70.8]
      [GC Worker End (ms): Min: 176425.0, Avg: 176425.0, Max: 176425.0, Diff: 0.0]
   [Code Root Fixup: 0.0 ms]
   [Code Root Purge: 0.0 ms]
   [Clear CT: 0.1 ms]
   [Other: 0.4 ms]
      [Choose CSet: 0.0 ms]
      [Ref Proc: 0.1 ms]
      [Ref Enq: 0.0 ms]
      [Redirty Cards: 0.0 ms]
      [Humongous Register: 0.0 ms]
      [Humongous Reclaim: 0.0 ms]
      [Free CSet: 0.2 ms]
   [Eden: 260.0M(260.0M)->0.0B(254.0M) Survivors: 23552.0K->29696.0K Heap: 372.5M(472.0M)->118.5M(472.0M)]
 [Times: user=0.07 sys=0.00, real=0.04 secs] 
2024-07-06T11:27:02.668+0800: 176.834: [GC pause (G1 Evacuation Pause) (young), 0.0312770 secs]
   [Parallel Time: 30.7 ms, GC Workers: 2]
      [GC Worker Start (ms): Min: 176834.2, Avg: 176834.9, Max: 176835.5, Diff: 1.4]
      [Ext Root Scanning (ms): Min: 0.0, Avg: 0.4, Max: 0.8, Diff: 0.8, Sum: 0.8]
      [Update RS (ms): Min: 0.0, Avg: 0.0, Max: 0.0, Diff: 0.0, Sum: 0.0]
         [Processed Buffers: Min: 0, Avg: 3.5, Max: 7, Diff: 7, Sum: 7]
      [Scan RS (ms): Min: 0.0, Avg: 0.1, Max: 0.1, Diff: 0.1, Sum: 0.1]
      [Code Root Scanning (ms): Min: 0.0, Avg: 0.0, Max: 0.0, Diff: 0.0, Sum: 0.0]
      [Object Copy (ms): Min: 29.3, Avg: 29.5, Max: 29.7, Diff: 0.4, Sum: 59.0]
      [Termination (ms): Min: 0.0, Avg: 0.0, Max: 0.0, Diff: 0.0, Sum: 0.0]
         [Termination Attempts: Min: 5, Avg: 5.5, Max: 6, Diff: 1, Sum: 11]
      [GC Worker Other (ms): Min: 0.0, Avg: 0.0, Max: 0.0, Diff: 0.0, Sum: 0.0]
      [GC Worker Total (ms): Min: 29.3, Avg: 30.0, Max: 30.7, Diff: 1.4, Sum: 60.0]
      [GC Worker End (ms): Min: 176864.9, Avg: 176864.9, Max: 176864.9, Diff: 0.0]
   [Code Root Fixup: 0.0 ms]
   [Code Root Purge: 0.0 ms]
   [Clear CT: 0.1 ms]
   [Other: 0.4 ms]
      [Choose CSet: 0.0 ms]
      [Ref Proc: 0.1 ms]
      [Ref Enq: 0.0 ms]
      [Redirty Cards: 0.0 ms]
      [Humongous Register: 0.0 ms]
      [Humongous Reclaim: 0.0 ms]
      [Free CSet: 0.1 ms]
   [Eden: 254.0M(254.0M)->0.0B(257.0M) Survivors: 29696.0K->26624.0K Heap: 372.5M(472.0M)->115.0M(472.0M)]
 [Times: user=0.06 sys=0.00, real=0.03 secs] 
2024-07-06T11:27:03.131+0800: 177.297: [GC pause (G1 Evacuation Pause) (young), 0.0212793 secs]
   [Parallel Time: 20.8 ms, GC Workers: 2]
      [GC Worker Start (ms): Min: 177297.6, Avg: 177297.6, Max: 177297.6, Diff: 0.0]
      [Ext Root Scanning (ms): Min: 0.5, Avg: 0.5, Max: 0.5, Diff: 0.0, Sum: 1.1]
      [Update RS (ms): Min: 0.0, Avg: 0.0, Max: 0.0, Diff: 0.0, Sum: 0.1]
         [Processed Buffers: Min: 3, Avg: 3.0, Max: 3, Diff: 0, Sum: 6]
      [Scan RS (ms): Min: 0.1, Avg: 0.1, Max: 0.1, Diff: 0.0, Sum: 0.2]
      [Code Root Scanning (ms): Min: 0.0, Avg: 0.0, Max: 0.0, Diff: 0.0, Sum: 0.0]
      [Object Copy (ms): Min: 20.1, Avg: 20.1, Max: 20.1, Diff: 0.0, Sum: 40.1]
      [Termination (ms): Min: 0.0, Avg: 0.0, Max: 0.0, Diff: 0.0, Sum: 0.0]
         [Termination Attempts: Min: 1, Avg: 1.0, Max: 1, Diff: 0, Sum: 2]
      [GC Worker Other (ms): Min: 0.0, Avg: 0.0, Max: 0.0, Diff: 0.0, Sum: 0.0]
      [GC Worker Total (ms): Min: 20.7, Avg: 20.7, Max: 20.7, Diff: 0.0, Sum: 41.4]
      [GC Worker End (ms): Min: 177318.3, Avg: 177318.3, Max: 177318.3, Diff: 0.0]
   [Code Root Fixup: 0.0 ms]
   [Code Root Purge: 0.0 ms]
   [Clear CT: 0.1 ms]
   [Other: 0.4 ms]
      [Choose CSet: 0.0 ms]
      [Ref Proc: 0.1 ms]
      [Ref Enq: 0.0 ms]
      [Redirty Cards: 0.0 ms]
      [Humongous Register: 0.0 ms]
      [Humongous Reclaim: 0.0 ms]
      [Free CSet: 0.1 ms]
   [Eden: 257.0M(257.0M)->0.0B(263.0M) Survivors: 26624.0K->20480.0K Heap: 372.0M(472.0M)->109.0M(472.0M)]
 [Times: user=0.04 sys=0.00, real=0.02 secs] 
2024-07-06T11:27:03.567+0800: 177.733: [GC pause (G1 Evacuation Pause) (young), 0.0260625 secs]
   [Parallel Time: 25.5 ms, GC Workers: 2]
      [GC Worker Start (ms): Min: 177733.2, Avg: 177733.2, Max: 177733.2, Diff: 0.0]
      [Ext Root Scanning (ms): Min: 0.5, Avg: 0.5, Max: 0.5, Diff: 0.0, Sum: 1.0]
      [Update RS (ms): Min: 0.0, Avg: 0.0, Max: 0.0, Diff: 0.0, Sum: 0.1]
         [Processed Buffers: Min: 2, Avg: 2.5, Max: 3, Diff: 1, Sum: 5]
      [Scan RS (ms): Min: 0.1, Avg: 0.1, Max: 0.1, Diff: 0.0, Sum: 0.1]
      [Code Root Scanning (ms): Min: 0.0, Avg: 0.0, Max: 0.0, Diff: 0.0, Sum: 0.0]
      [Object Copy (ms): Min: 24.8, Avg: 24.8, Max: 24.8, Diff: 0.0, Sum: 49.7]
      [Termination (ms): Min: 0.0, Avg: 0.0, Max: 0.0, Diff: 0.0, Sum: 0.0]
         [Termination Attempts: Min: 1, Avg: 1.0, Max: 1, Diff: 0, Sum: 2]
      [GC Worker Other (ms): Min: 0.0, Avg: 0.0, Max: 0.0, Diff: 0.0, Sum: 0.0]
      [GC Worker Total (ms): Min: 25.4, Avg: 25.4, Max: 25.5, Diff: 0.0, Sum: 50.9]
      [GC Worker End (ms): Min: 177758.7, Avg: 177758.7, Max: 177758.7, Diff: 0.0]
   [Code Root Fixup: 0.0 ms]
   [Code Root Purge: 0.0 ms]
   [Clear CT: 0.1 ms]
   [Other: 0.4 ms]
      [Choose CSet: 0.0 ms]
      [Ref Proc: 0.1 ms]
      [Ref Enq: 0.0 ms]
      [Redirty Cards: 0.0 ms]
      [Humongous Register: 0.0 ms]
      [Humongous Reclaim: 0.0 ms]
      [Free CSet: 0.2 ms]
   [Eden: 263.0M(263.0M)->0.0B(259.0M) Survivors: 20480.0K->24576.0K Heap: 372.0M(472.0M)->113.0M(472.0M)]
 [Times: user=0.05 sys=0.00, real=0.03 secs] 
2024-07-06T11:27:04.061+0800: 178.227: [GC pause (G1 Evacuation Pause) (young), 0.0358735 secs]
   [Parallel Time: 35.2 ms, GC Workers: 2]
      [GC Worker Start (ms): Min: 178227.4, Avg: 178227.5, Max: 178227.5, Diff: 0.0]
      [Ext Root Scanning (ms): Min: 0.5, Avg: 0.5, Max: 0.6, Diff: 0.0, Sum: 1.1]
      [Update RS (ms): Min: 0.0, Avg: 0.0, Max: 0.0, Diff: 0.0, Sum: 0.1]
         [Processed Buffers: Min: 2, Avg: 2.5, Max: 3, Diff: 1, Sum: 5]
      [Scan RS (ms): Min: 0.1, Avg: 0.1, Max: 0.1, Diff: 0.0, Sum: 0.2]
      [Code Root Scanning (ms): Min: 0.0, Avg: 0.0, Max: 0.0, Diff: 0.0, Sum: 0.0]
      [Object Copy (ms): Min: 34.5, Avg: 34.5, Max: 34.5, Diff: 0.0, Sum: 68.9]
      [Termination (ms): Min: 0.0, Avg: 0.0, Max: 0.0, Diff: 0.0, Sum: 0.0]
         [Termination Attempts: Min: 1, Avg: 1.0, Max: 1, Diff: 0, Sum: 2]
      [GC Worker Other (ms): Min: 0.0, Avg: 0.0, Max: 0.0, Diff: 0.0, Sum: 0.0]
      [GC Worker Total (ms): Min: 35.1, Avg: 35.1, Max: 35.1, Diff: 0.0, Sum: 70.3]
      [GC Worker End (ms): Min: 178262.6, Avg: 178262.6, Max: 178262.6, Diff: 0.0]
   [Code Root Fixup: 0.0 ms]
   [Code Root Purge: 0.0 ms]
   [Clear CT: 0.2 ms]
   [Other: 0.5 ms]
      [Choose CSet: 0.0 ms]
      [Ref Proc: 0.1 ms]
      [Ref Enq: 0.0 ms]
      [Redirty Cards: 0.1 ms]
      [Humongous Register: 0.0 ms]
      [Humongous Reclaim: 0.0 ms]
      [Free CSet: 0.2 ms]
   [Eden: 259.0M(259.0M)->0.0B(254.0M) Survivors: 24576.0K->29696.0K Heap: 372.0M(472.0M)->118.0M(472.0M)]
 [Times: user=0.07 sys=0.00, real=0.04 secs] 
2024-07-06T11:27:04.500+0800: 178.666: [GC pause (G1 Evacuation Pause) (young), 0.0334545 secs]
   [Parallel Time: 32.9 ms, GC Workers: 2]
      [GC Worker Start (ms): Min: 178665.9, Avg: 178667.5, Max: 178669.0, Diff: 3.1]
      [Ext Root Scanning (ms): Min: 0.0, Avg: 0.3, Max: 0.7, Diff: 0.7, Sum: 0.7]
      [Update RS (ms): Min: 0.0, Avg: 0.0, Max: 0.0, Diff: 0.0, Sum: 0.0]
         [Processed Buffers: Min: 0, Avg: 2.5, Max: 5, Diff: 5, Sum: 5]
      [Scan RS (ms): Min: 0.0, Avg: 0.1, Max: 0.1, Diff: 0.1, Sum: 0.2]
      [Code Root Scanning (ms): Min: 0.0, Avg: 0.0, Max: 0.0, Diff: 0.0, Sum: 0.0]
      [Object Copy (ms): Min: 29.6, Avg: 30.8, Max: 31.9, Diff: 2.3, Sum: 61.5]
      [Termination (ms): Min: 0.0, Avg: 0.0, Max: 0.0, Diff: 0.0, Sum: 0.0]
         [Termination Attempts: Min: 1, Avg: 1.0, Max: 1, Diff: 0, Sum: 2]
      [GC Worker Other (ms): Min: 0.0, Avg: 0.0, Max: 0.0, Diff: 0.0, Sum: 0.0]
      [GC Worker Total (ms): Min: 29.7, Avg: 31.2, Max: 32.8, Diff: 3.1, Sum: 62.5]
      [GC Worker End (ms): Min: 178698.7, Avg: 178698.7, Max: 178698.7, Diff: 0.0]
   [Code Root Fixup: 0.0 ms]
   [Code Root Purge: 0.0 ms]
   [Clear CT: 0.1 ms]
   [Other: 0.4 ms]
      [Choose CSet: 0.0 ms]
      [Ref Proc: 0.1 ms]
      [Ref Enq: 0.0 ms]
      [Redirty Cards: 0.1 ms]
      [Humongous Register: 0.0 ms]
      [Humongous Reclaim: 0.0 ms]
      [Free CSet: 0.2 ms]
   [Eden: 254.0M(254.0M)->0.0B(259.0M) Survivors: 29696.0K->24576.0K Heap: 372.0M(472.0M)->113.5M(472.0M)]
 [Times: user=0.06 sys=0.00, real=0.03 secs] 
2024-07-06T11:27:04.935+0800: 179.101: [GC pause (G1 Evacuation Pause) (young), 0.0222920 secs]
   [Parallel Time: 21.6 ms, GC Workers: 2]
      [GC Worker Start (ms): Min: 179101.5, Avg: 179101.6, Max: 179101.6, Diff: 0.0]
      [Ext Root Scanning (ms): Min: 0.6, Avg: 0.6, Max: 0.6, Diff: 0.0, Sum: 1.1]
      [Update RS (ms): Min: 0.0, Avg: 0.0, Max: 0.1, Diff: 0.1, Sum: 0.1]
         [Processed Buffers: Min: 0, Avg: 2.5, Max: 5, Diff: 5, Sum: 5]
      [Scan RS (ms): Min: 0.1, Avg: 0.1, Max: 0.1, Diff: 0.0, Sum: 0.2]
      [Code Root Scanning (ms): Min: 0.0, Avg: 0.0, Max: 0.0, Diff: 0.0, Sum: 0.0]
      [Object Copy (ms): Min: 20.8, Avg: 20.8, Max: 20.9, Diff: 0.1, Sum: 41.7]
      [Termination (ms): Min: 0.0, Avg: 0.0, Max: 0.0, Diff: 0.0, Sum: 0.0]
         [Termination Attempts: Min: 1, Avg: 1.0, Max: 1, Diff: 0, Sum: 2]
      [GC Worker Other (ms): Min: 0.0, Avg: 0.0, Max: 0.0, Diff: 0.0, Sum: 0.0]
      [GC Worker Total (ms): Min: 21.5, Avg: 21.5, Max: 21.6, Diff: 0.0, Sum: 43.1]
      [GC Worker End (ms): Min: 179123.1, Avg: 179123.1, Max: 179123.1, Diff: 0.0]
   [Code Root Fixup: 0.0 ms]
   [Code Root Purge: 0.0 ms]
   [Clear CT: 0.2 ms]
   [Other: 0.5 ms]
      [Choose CSet: 0.0 ms]
      [Ref Proc: 0.2 ms]
      [Ref Enq: 0.0 ms]
      [Redirty Cards: 0.0 ms]
      [Humongous Register: 0.0 ms]
      [Humongous Reclaim: 0.0 ms]
      [Free CSet: 0.2 ms]
   [Eden: 259.0M(259.0M)->0.0B(264.0M) Survivors: 24576.0K->19456.0K Heap: 372.5M(472.0M)->108.5M(472.0M)]
 [Times: user=0.04 sys=0.00, real=0.02 secs] 
2024-07-06T11:27:05.576+0800: 179.742: [GC pause (G1 Evacuation Pause) (young), 0.0160174 secs]
   [Parallel Time: 15.5 ms, GC Workers: 2]
      [GC Worker Start (ms): Min: 179742.5, Avg: 179742.5, Max: 179742.5, Diff: 0.0]
      [Ext Root Scanning (ms): Min: 0.5, Avg: 0.5, Max: 0.5, Diff: 0.0, Sum: 1.1]
      [Update RS (ms): Min: 0.0, Avg: 0.0, Max: 0.0, Diff: 0.0, Sum: 0.1]
         [Processed Buffers: Min: 3, Avg: 3.5, Max: 4, Diff: 1, Sum: 7]
      [Scan RS (ms): Min: 0.1, Avg: 0.1, Max: 0.1, Diff: 0.0, Sum: 0.2]
      [Code Root Scanning (ms): Min: 0.0, Avg: 0.0, Max: 0.0, Diff: 0.0, Sum: 0.0]
      [Object Copy (ms): Min: 14.7, Avg: 14.7, Max: 14.7, Diff: 0.0, Sum: 29.5]
      [Termination (ms): Min: 0.0, Avg: 0.0, Max: 0.0, Diff: 0.0, Sum: 0.0]
         [Termination Attempts: Min: 1, Avg: 2.5, Max: 4, Diff: 3, Sum: 5]
      [GC Worker Other (ms): Min: 0.0, Avg: 0.0, Max: 0.0, Diff: 0.0, Sum: 0.0]
      [GC Worker Total (ms): Min: 15.4, Avg: 15.4, Max: 15.4, Diff: 0.0, Sum: 30.8]
      [GC Worker End (ms): Min: 179757.9, Avg: 179757.9, Max: 179757.9, Diff: 0.0]
   [Code Root Fixup: 0.0 ms]
   [Code Root Purge: 0.0 ms]
   [Clear CT: 0.1 ms]
   [Other: 0.4 ms]
      [Choose CSet: 0.0 ms]
      [Ref Proc: 0.1 ms]
      [Ref Enq: 0.0 ms]
      [Redirty Cards: 0.0 ms]
      [Humongous Register: 0.0 ms]
      [Humongous Reclaim: 0.0 ms]
      [Free CSet: 0.1 ms]
   [Eden: 264.0M(264.0M)->0.0B(270.0M) Survivors: 19456.0K->13312.0K Heap: 372.5M(472.0M)->102.0M(472.0M)]
 [Times: user=0.03 sys=0.00, real=0.01 secs] 
2024-07-06T11:27:05.983+0800: 180.149: [GC pause (G1 Evacuation Pause) (young), 0.0270798 secs]
   [Parallel Time: 26.5 ms, GC Workers: 2]
      [GC Worker Start (ms): Min: 180149.6, Avg: 180151.1, Max: 180152.7, Diff: 3.1]
      [Ext Root Scanning (ms): Min: 0.0, Avg: 0.4, Max: 0.7, Diff: 0.7, Sum: 0.7]
      [Update RS (ms): Min: 0.0, Avg: 0.0, Max: 0.0, Diff: 0.0, Sum: 0.0]
         [Processed Buffers: Min: 0, Avg: 2.5, Max: 5, Diff: 5, Sum: 5]
      [Scan RS (ms): Min: 0.0, Avg: 0.1, Max: 0.1, Diff: 0.1, Sum: 0.2]
      [Code Root Scanning (ms): Min: 0.0, Avg: 0.0, Max: 0.0, Diff: 0.0, Sum: 0.0]
      [Object Copy (ms): Min: 23.3, Avg: 24.4, Max: 25.6, Diff: 2.3, Sum: 48.9]
      [Termination (ms): Min: 0.0, Avg: 0.0, Max: 0.0, Diff: 0.0, Sum: 0.0]
         [Termination Attempts: Min: 1, Avg: 1.5, Max: 2, Diff: 1, Sum: 3]
      [GC Worker Other (ms): Min: 0.0, Avg: 0.0, Max: 0.0, Diff: 0.0, Sum: 0.0]
      [GC Worker Total (ms): Min: 23.3, Avg: 24.9, Max: 26.5, Diff: 3.1, Sum: 49.8]
      [GC Worker End (ms): Min: 180176.0, Avg: 180176.0, Max: 180176.0, Diff: 0.0]
   [Code Root Fixup: 0.0 ms]
   [Code Root Purge: 0.0 ms]
   [Clear CT: 0.1 ms]
   [Other: 0.4 ms]
      [Choose CSet: 0.0 ms]
      [Ref Proc: 0.1 ms]
      [Ref Enq: 0.0 ms]
      [Redirty Cards: 0.0 ms]
      [Humongous Register: 0.0 ms]
      [Humongous Reclaim: 0.0 ms]
      [Free CSet: 0.1 ms]
   [Eden: 270.0M(270.0M)->0.0B(257.0M) Survivors: 13312.0K->26624.0K Heap: 372.0M(472.0M)->115.0M(472.0M)]
 [Times: user=0.05 sys=0.00, real=0.03 secs] 
2024-07-06T11:27:06.391+0800: 180.557: [GC pause (G1 Evacuation Pause) (young), 0.0341354 secs]
   [Parallel Time: 33.5 ms, GC Workers: 2]
      [GC Worker Start (ms): Min: 180557.3, Avg: 180557.3, Max: 180557.3, Diff: 0.0]
      [Ext Root Scanning (ms): Min: 0.5, Avg: 0.5, Max: 0.5, Diff: 0.0, Sum: 1.0]
      [Update RS (ms): Min: 0.0, Avg: 0.0, Max: 0.0, Diff: 0.0, Sum: 0.1]
         [Processed Buffers: Min: 1, Avg: 2.5, Max: 4, Diff: 3, Sum: 5]
      [Scan RS (ms): Min: 0.1, Avg: 0.1, Max: 0.1, Diff: 0.0, Sum: 0.1]
      [Code Root Scanning (ms): Min: 0.0, Avg: 0.0, Max: 0.0, Diff: 0.0, Sum: 0.0]
      [Object Copy (ms): Min: 32.8, Avg: 32.8, Max: 32.8, Diff: 0.0, Sum: 65.7]
      [Termination (ms): Min: 0.0, Avg: 0.0, Max: 0.0, Diff: 0.0, Sum: 0.0]
         [Termination Attempts: Min: 1, Avg: 1.0, Max: 1, Diff: 0, Sum: 2]
      [GC Worker Other (ms): Min: 0.0, Avg: 0.0, Max: 0.0, Diff: 0.0, Sum: 0.0]
      [GC Worker Total (ms): Min: 33.5, Avg: 33.5, Max: 33.5, Diff: 0.0, Sum: 67.0]
      [GC Worker End (ms): Min: 180590.8, Avg: 180590.8, Max: 180590.8, Diff: 0.0]
   [Code Root Fixup: 0.0 ms]
   [Code Root Purge: 0.0 ms]
   [Clear CT: 0.1 ms]
   [Other: 0.4 ms]
      [Choose CSet: 0.0 ms]
      [Ref Proc: 0.1 ms]
      [Ref Enq: 0.0 ms]
      [Redirty Cards: 0.1 ms]
      [Humongous Register: 0.0 ms]
      [Humongous Reclaim: 0.0 ms]
      [Free CSet: 0.1 ms]
   [Eden: 257.0M(257.0M)->0.0B(260.0M) Survivors: 26624.0K->23552.0K Heap: 372.0M(472.0M)->123.4M(472.0M)]
 [Times: user=0.07 sys=0.00, real=0.03 secs] 
2024-07-06T11:27:06.831+0800: 180.997: [GC pause (G1 Evacuation Pause) (young), 0.0422975 secs]
   [Parallel Time: 41.8 ms, GC Workers: 2]
      [GC Worker Start (ms): Min: 180997.5, Avg: 180997.6, Max: 180997.6, Diff: 0.0]
      [Ext Root Scanning (ms): Min: 0.5, Avg: 0.5, Max: 0.5, Diff: 0.0, Sum: 1.1]
      [Update RS (ms): Min: 5.0, Avg: 5.0, Max: 5.0, Diff: 0.0, Sum: 10.0]
         [Processed Buffers: Min: 13, Avg: 16.5, Max: 20, Diff: 7, Sum: 33]
      [Scan RS (ms): Min: 0.1, Avg: 0.1, Max: 0.1, Diff: 0.0, Sum: 0.2]
      [Code Root Scanning (ms): Min: 0.0, Avg: 0.0, Max: 0.0, Diff: 0.0, Sum: 0.0]
      [Object Copy (ms): Min: 36.1, Avg: 36.1, Max: 36.1, Diff: 0.0, Sum: 72.3]
      [Termination (ms): Min: 0.0, Avg: 0.0, Max: 0.0, Diff: 0.0, Sum: 0.0]
         [Termination Attempts: Min: 1, Avg: 1.0, Max: 1, Diff: 0, Sum: 2]
      [GC Worker Other (ms): Min: 0.0, Avg: 0.0, Max: 0.0, Diff: 0.0, Sum: 0.0]
      [GC Worker Total (ms): Min: 41.7, Avg: 41.7, Max: 41.8, Diff: 0.0, Sum: 83.5]
      [GC Worker End (ms): Min: 181039.3, Avg: 181039.3, Max: 181039.3, Diff: 0.0]
   [Code Root Fixup: 0.0 ms]
   [Code Root Purge: 0.0 ms]
   [Clear CT: 0.1 ms]
   [Other: 0.4 ms]
      [Choose CSet: 0.0 ms]
      [Ref Proc: 0.1 ms]
      [Ref Enq: 0.0 ms]
      [Redirty Cards: 0.1 ms]
      [Humongous Register: 0.0 ms]
      [Humongous Reclaim: 0.0 ms]
      [Free CSet: 0.1 ms]
   [Eden: 260.0M(260.0M)->0.0B(250.0M) Survivors: 23552.0K->33792.0K Heap: 383.4M(472.0M)->133.9M(472.0M)]
 [Times: user=0.08 sys=0.00, real=0.04 secs] 
2024-07-06T11:27:07.296+0800: 181.462: [GC pause (G1 Evacuation Pause) (young), 0.0376031 secs]
   [Parallel Time: 37.0 ms, GC Workers: 2]
      [GC Worker Start (ms): Min: 181461.8, Avg: 181461.8, Max: 181461.8, Diff: 0.0]
      [Ext Root Scanning (ms): Min: 0.5, Avg: 0.5, Max: 0.5, Diff: 0.0, Sum: 0.9]
      [Update RS (ms): Min: 0.0, Avg: 0.0, Max: 0.0, Diff: 0.0, Sum: 0.0]
         [Processed Buffers: Min: 3, Avg: 3.0, Max: 3, Diff: 0, Sum: 6]
      [Scan RS (ms): Min: 0.1, Avg: 0.1, Max: 0.1, Diff: 0.0, Sum: 0.2]
      [Code Root Scanning (ms): Min: 0.0, Avg: 0.0, Max: 0.0, Diff: 0.0, Sum: 0.0]
      [Object Copy (ms): Min: 36.3, Avg: 36.3, Max: 36.4, Diff: 0.0, Sum: 72.7]
      [Termination (ms): Min: 0.0, Avg: 0.0, Max: 0.0, Diff: 0.0, Sum: 0.0]
         [Termination Attempts: Min: 25, Avg: 26.5, Max: 28, Diff: 3, Sum: 53]
      [GC Worker Other (ms): Min: 0.0, Avg: 0.0, Max: 0.0, Diff: 0.0, Sum: 0.0]
      [GC Worker Total (ms): Min: 36.9, Avg: 37.0, Max: 37.0, Diff: 0.0, Sum: 73.9]
      [GC Worker End (ms): Min: 181498.8, Avg: 181498.8, Max: 181498.8, Diff: 0.0]
   [Code Root Fixup: 0.0 ms]
   [Code Root Purge: 0.0 ms]
   [Clear CT: 0.2 ms]
   [Other: 0.4 ms]
      [Choose CSet: 0.0 ms]
      [Ref Proc: 0.1 ms]
      [Ref Enq: 0.0 ms]
      [Redirty Cards: 0.1 ms]
      [Humongous Register: 0.0 ms]
      [Humongous Reclaim: 0.0 ms]
      [Free CSet: 0.1 ms]
   [Eden: 250.0M(250.0M)->0.0B(252.0M) Survivors: 33792.0K->31744.0K Heap: 383.9M(472.0M)->132.5M(472.0M)]
 [Times: user=0.08 sys=0.00, real=0.03 secs] 
2024-07-06T11:27:07.732+0800: 181.898: [GC pause (G1 Evacuation Pause) (young), 0.0333203 secs]
   [Parallel Time: 32.8 ms, GC Workers: 2]
      [GC Worker Start (ms): Min: 181898.1, Avg: 181898.1, Max: 181898.1, Diff: 0.0]
      [Ext Root Scanning (ms): Min: 0.5, Avg: 0.5, Max: 0.5, Diff: 0.0, Sum: 1.0]
      [Update RS (ms): Min: 0.0, Avg: 0.0, Max: 0.0, Diff: 0.0, Sum: 0.0]
         [Processed Buffers: Min: 1, Avg: 2.5, Max: 4, Diff: 3, Sum: 5]
      [Scan RS (ms): Min: 0.1, Avg: 0.1, Max: 0.1, Diff: 0.0, Sum: 0.2]
      [Code Root Scanning (ms): Min: 0.0, Avg: 0.0, Max: 0.0, Diff: 0.0, Sum: 0.0]
      [Object Copy (ms): Min: 32.1, Avg: 32.1, Max: 32.2, Diff: 0.0, Sum: 64.3]
      [Termination (ms): Min: 0.0, Avg: 0.0, Max: 0.0, Diff: 0.0, Sum: 0.0]
         [Termination Attempts: Min: 1, Avg: 1.0, Max: 1, Diff: 0, Sum: 2]
      [GC Worker Other (ms): Min: 0.0, Avg: 0.0, Max: 0.0, Diff: 0.0, Sum: 0.0]
      [GC Worker Total (ms): Min: 32.8, Avg: 32.8, Max: 32.8, Diff: 0.0, Sum: 65.5]
      [GC Worker End (ms): Min: 181930.9, Avg: 181930.9, Max: 181930.9, Diff: 0.0]
   [Code Root Fixup: 0.0 ms]
   [Code Root Purge: 0.0 ms]
   [Clear CT: 0.1 ms]
   [Other: 0.4 ms]
      [Choose CSet: 0.0 ms]
      [Ref Proc: 0.1 ms]
      [Ref Enq: 0.0 ms]
      [Redirty Cards: 0.0 ms]
      [Humongous Register: 0.0 ms]
      [Humongous Reclaim: 0.0 ms]
      [Free CSet: 0.1 ms]
   [Eden: 252.0M(252.0M)->0.0B(255.0M) Survivors: 31744.0K->28672.0K Heap: 384.5M(472.0M)->129.7M(472.0M)]
 [Times: user=0.07 sys=0.00, real=0.03 secs] 
2024-07-06T11:27:08.167+0800: 182.333: [GC pause (G1 Evacuation Pause) (young), 0.0287210 secs]
   [Parallel Time: 28.2 ms, GC Workers: 2]
      [GC Worker Start (ms): Min: 182332.9, Avg: 182332.9, Max: 182332.9, Diff: 0.0]
      [Ext Root Scanning (ms): Min: 0.5, Avg: 0.5, Max: 0.5, Diff: 0.0, Sum: 1.0]
      [Update RS (ms): Min: 0.0, Avg: 0.0, Max: 0.0, Diff: 0.0, Sum: 0.0]
         [Processed Buffers: Min: 2, Avg: 2.5, Max: 3, Diff: 1, Sum: 5]
      [Scan RS (ms): Min: 0.1, Avg: 0.1, Max: 0.1, Diff: 0.0, Sum: 0.2]
      [Code Root Scanning (ms): Min: 0.0, Avg: 0.0, Max: 0.0, Diff: 0.0, Sum: 0.0]
      [Object Copy (ms): Min: 27.5, Avg: 27.5, Max: 27.5, Diff: 0.0, Sum: 55.0]
      [Termination (ms): Min: 0.0, Avg: 0.0, Max: 0.0, Diff: 0.0, Sum: 0.0]
         [Termination Attempts: Min: 1, Avg: 1.0, Max: 1, Diff: 0, Sum: 2]
      [GC Worker Other (ms): Min: 0.0, Avg: 0.0, Max: 0.0, Diff: 0.0, Sum: 0.0]
      [GC Worker Total (ms): Min: 28.1, Avg: 28.1, Max: 28.1, Diff: 0.0, Sum: 56.3]
      [GC Worker End (ms): Min: 182361.0, Avg: 182361.0, Max: 182361.0, Diff: 0.0]
   [Code Root Fixup: 0.0 ms]
   [Code Root Purge: 0.0 ms]
   [Clear CT: 0.1 ms]
   [Other: 0.4 ms]
      [Choose CSet: 0.0 ms]
      [Ref Proc: 0.1 ms]
      [Ref Enq: 0.0 ms]
      [Redirty Cards: 0.0 ms]
      [Humongous Register: 0.0 ms]
      [Humongous Reclaim: 0.0 ms]
      [Free CSet: 0.2 ms]
   [Eden: 255.0M(255.0M)->0.0B(259.0M) Survivors: 28672.0K->24576.0K Heap: 384.7M(472.0M)->125.8M(472.0M)]
 [Times: user=0.05 sys=0.00, real=0.04 secs] 
2024-07-06T11:27:08.606+0800: 182.773: [GC pause (G1 Evacuation Pause) (young), 0.0279588 secs]
   [Parallel Time: 27.5 ms, GC Workers: 2]
      [GC Worker Start (ms): Min: 182772.7, Avg: 182772.9, Max: 182773.0, Diff: 0.3]
      [Ext Root Scanning (ms): Min: 0.6, Avg: 0.7, Max: 0.9, Diff: 0.3, Sum: 1.5]
      [Update RS (ms): Min: 0.0, Avg: 0.0, Max: 0.0, Diff: 0.0, Sum: 0.1]
         [Processed Buffers: Min: 1, Avg: 2.5, Max: 4, Diff: 3, Sum: 5]
      [Scan RS (ms): Min: 0.1, Avg: 0.1, Max: 0.1, Diff: 0.0, Sum: 0.2]
      [Code Root Scanning (ms): Min: 0.0, Avg: 0.0, Max: 0.0, Diff: 0.0, Sum: 0.0]
      [Object Copy (ms): Min: 26.4, Avg: 26.4, Max: 26.4, Diff: 0.0, Sum: 52.8]
      [Termination (ms): Min: 0.0, Avg: 0.0, Max: 0.0, Diff: 0.0, Sum: 0.0]
         [Termination Attempts: Min: 1, Avg: 1.0, Max: 1, Diff: 0, Sum: 2]
      [GC Worker Other (ms): Min: 0.0, Avg: 0.0, Max: 0.0, Diff: 0.0, Sum: 0.0]
      [GC Worker Total (ms): Min: 27.1, Avg: 27.3, Max: 27.4, Diff: 0.3, Sum: 54.5]
      [GC Worker End (ms): Min: 182800.1, Avg: 182800.1, Max: 182800.1, Diff: 0.0]
   [Code Root Fixup: 0.0 ms]
   [Code Root Purge: 0.0 ms]
   [Clear CT: 0.1 ms]
   [Other: 0.4 ms]
      [Choose CSet: 0.0 ms]
      [Ref Proc: 0.1 ms]
      [Ref Enq: 0.0 ms]
      [Redirty Cards: 0.0 ms]
      [Humongous Register: 0.0 ms]
      [Humongous Reclaim: 0.0 ms]
      [Free CSet: 0.1 ms]
   [Eden: 259.0M(259.0M)->0.0B(262.0M) Survivors: 24576.0K->21504.0K Heap: 384.8M(472.0M)->122.3M(472.0M)]
 [Times: user=0.05 sys=0.00, real=0.03 secs] 
2024-07-06T11:27:09.074+0800: 183.240: [GC pause (G1 Evacuation Pause) (young), 0.0140200 secs]
   [Parallel Time: 13.5 ms, GC Workers: 2]
      [GC Worker Start (ms): Min: 183240.0, Avg: 183240.1, Max: 183240.1, Diff: 0.0]
      [Ext Root Scanning (ms): Min: 0.4, Avg: 0.5, Max: 0.5, Diff: 0.0, Sum: 0.9]
      [Update RS (ms): Min: 0.0, Avg: 0.0, Max: 0.0, Diff: 0.0, Sum: 0.0]
         [Processed Buffers: Min: 0, Avg: 2.5, Max: 5, Diff: 5, Sum: 5]
      [Scan RS (ms): Min: 0.1, Avg: 0.1, Max: 0.1, Diff: 0.0, Sum: 0.2]
      [Code Root Scanning (ms): Min: 0.0, Avg: 0.0, Max: 0.0, Diff: 0.0, Sum: 0.0]
      [Object Copy (ms): Min: 12.9, Avg: 12.9, Max: 12.9, Diff: 0.1, Sum: 25.8]
      [Termination (ms): Min: 0.0, Avg: 0.0, Max: 0.0, Diff: 0.0, Sum: 0.0]
         [Termination Attempts: Min: 1, Avg: 1.0, Max: 1, Diff: 0, Sum: 2]
      [GC Worker Other (ms): Min: 0.0, Avg: 0.0, Max: 0.0, Diff: 0.0, Sum: 0.0]
      [GC Worker Total (ms): Min: 13.5, Avg: 13.5, Max: 13.5, Diff: 0.0, Sum: 26.9]
      [GC Worker End (ms): Min: 183253.5, Avg: 183253.5, Max: 183253.5, Diff: 0.0]
   [Code Root Fixup: 0.0 ms]
   [Code Root Purge: 0.0 ms]
   [Clear CT: 0.1 ms]
   [Other: 0.4 ms]
      [Choose CSet: 0.0 ms]
      [Ref Proc: 0.1 ms]
      [Ref Enq: 0.0 ms]
      [Redirty Cards: 0.0 ms]
      [Humongous Register: 0.0 ms]
      [Humongous Reclaim: 0.0 ms]
      [Free CSet: 0.1 ms]
   [Eden: 262.0M(262.0M)->0.0B(271.0M) Survivors: 21504.0K->12288.0K Heap: 384.3M(472.0M)->113.3M(472.0M)]
 [Times: user=0.02 sys=0.00, real=0.02 secs] 
2024-07-06T11:27:09.522+0800: 183.688: [GC pause (G1 Evacuation Pause) (young), 0.0151812 secs]
   [Parallel Time: 14.6 ms, GC Workers: 2]
      [GC Worker Start (ms): Min: 183688.6, Avg: 183688.6, Max: 183688.6, Diff: 0.0]
      [Ext Root Scanning (ms): Min: 0.6, Avg: 0.6, Max: 0.6, Diff: 0.0, Sum: 1.2]
      [Update RS (ms): Min: 0.0, Avg: 0.0, Max: 0.0, Diff: 0.0, Sum: 0.0]
         [Processed Buffers: Min: 2, Avg: 2.5, Max: 3, Diff: 1, Sum: 5]
      [Scan RS (ms): Min: 0.1, Avg: 0.1, Max: 0.1, Diff: 0.0, Sum: 0.2]
      [Code Root Scanning (ms): Min: 0.0, Avg: 0.0, Max: 0.0, Diff: 0.0, Sum: 0.0]
      [Object Copy (ms): Min: 13.8, Avg: 13.8, Max: 13.8, Diff: 0.0, Sum: 27.6]
      [Termination (ms): Min: 0.0, Avg: 0.0, Max: 0.0, Diff: 0.0, Sum: 0.0]
         [Termination Attempts: Min: 1, Avg: 1.0, Max: 1, Diff: 0, Sum: 2]
      [GC Worker Other (ms): Min: 0.0, Avg: 0.0, Max: 0.0, Diff: 0.0, Sum: 0.0]
      [GC Worker Total (ms): Min: 14.6, Avg: 14.6, Max: 14.6, Diff: 0.0, Sum: 29.1]
      [GC Worker End (ms): Min: 183703.1, Avg: 183703.1, Max: 183703.1, Diff: 0.0]
   [Code Root Fixup: 0.0 ms]
   [Code Root Purge: 0.0 ms]
   [Clear CT: 0.1 ms]
   [Other: 0.4 ms]
      [Choose CSet: 0.0 ms]
      [Ref Proc: 0.1 ms]
      [Ref Enq: 0.0 ms]
      [Redirty Cards: 0.0 ms]
      [Humongous Register: 0.0 ms]
      [Humongous Reclaim: 0.0 ms]
      [Free CSet: 0.2 ms]
   [Eden: 271.0M(271.0M)->0.0B(268.0M) Survivors: 12288.0K->15360.0K Heap: 384.3M(472.0M)->116.8M(472.0M)]
 [Times: user=0.03 sys=0.00, real=0.02 secs] 
2024-07-06T11:27:09.931+0800: 184.097: [GC pause (G1 Evacuation Pause) (young), 0.0286560 secs]
   [Parallel Time: 28.2 ms, GC Workers: 2]
      [GC Worker Start (ms): Min: 184097.6, Avg: 184097.6, Max: 184097.6, Diff: 0.0]
      [Ext Root Scanning (ms): Min: 0.5, Avg: 0.5, Max: 0.5, Diff: 0.0, Sum: 1.0]
      [Update RS (ms): Min: 0.0, Avg: 0.0, Max: 0.0, Diff: 0.0, Sum: 0.0]
         [Processed Buffers: Min: 2, Avg: 2.5, Max: 3, Diff: 1, Sum: 5]
      [Scan RS (ms): Min: 0.1, Avg: 0.1, Max: 0.1, Diff: 0.0, Sum: 0.2]
      [Code Root Scanning (ms): Min: 0.0, Avg: 0.0, Max: 0.0, Diff: 0.0, Sum: 0.0]
      [Object Copy (ms): Min: 27.5, Avg: 27.5, Max: 27.5, Diff: 0.0, Sum: 55.0]
      [Termination (ms): Min: 0.0, Avg: 0.0, Max: 0.0, Diff: 0.0, Sum: 0.0]
         [Termination Attempts: Min: 1, Avg: 1.0, Max: 1, Diff: 0, Sum: 2]
      [GC Worker Other (ms): Min: 0.0, Avg: 0.0, Max: 0.0, Diff: 0.0, Sum: 0.0]
      [GC Worker Total (ms): Min: 28.1, Avg: 28.1, Max: 28.1, Diff: 0.0, Sum: 56.2]
      [GC Worker End (ms): Min: 184125.7, Avg: 184125.7, Max: 184125.7, Diff: 0.0]
   [Code Root Fixup: 0.0 ms]
   [Code Root Purge: 0.0 ms]
   [Clear CT: 0.1 ms]
   [Other: 0.4 ms]
      [Choose CSet: 0.0 ms]
      [Ref Proc: 0.1 ms]
      [Ref Enq: 0.0 ms]
      [Redirty Cards: 0.0 ms]
      [Humongous Register: 0.0 ms]
      [Humongous Reclaim: 0.0 ms]
      [Free CSet: 0.2 ms]
   [Eden: 268.0M(268.0M)->0.0B(256.0M) Survivors: 15360.0K->27648.0K Heap: 384.8M(472.0M)->128.3M(472.0M)]
 [Times: user=0.05 sys=0.00, real=0.03 secs] 
2024-07-06T11:27:10.355+0800: 184.521: [GC pause (G1 Evacuation Pause) (young), 0.0352890 secs]
   [Parallel Time: 34.8 ms, GC Workers: 2]
      [GC Worker Start (ms): Min: 184521.5, Avg: 184521.5, Max: 184521.6, Diff: 0.0]
      [Ext Root Scanning (ms): Min: 0.5, Avg: 0.5, Max: 0.5, Diff: 0.0, Sum: 1.0]
      [Update RS (ms): Min: 0.0, Avg: 0.0, Max: 0.0, Diff: 0.0, Sum: 0.1]
         [Processed Buffers: Min: 2, Avg: 2.5, Max: 3, Diff: 1, Sum: 5]
      [Scan RS (ms): Min: 0.1, Avg: 0.1, Max: 0.1, Diff: 0.0, Sum: 0.1]
      [Code Root Scanning (ms): Min: 0.0, Avg: 0.0, Max: 0.0, Diff: 0.0, Sum: 0.0]
      [Object Copy (ms): Min: 34.1, Avg: 34.1, Max: 34.1, Diff: 0.0, Sum: 68.2]
      [Termination (ms): Min: 0.0, Avg: 0.0, Max: 0.0, Diff: 0.0, Sum: 0.0]
         [Termination Attempts: Min: 1, Avg: 1.0, Max: 1, Diff: 0, Sum: 2]
      [GC Worker Other (ms): Min: 0.0, Avg: 0.0, Max: 0.0, Diff: 0.0, Sum: 0.0]
      [GC Worker Total (ms): Min: 34.7, Avg: 34.7, Max: 34.8, Diff: 0.0, Sum: 69.5]
      [GC Worker End (ms): Min: 184556.3, Avg: 184556.3, Max: 184556.3, Diff: 0.0]
   [Code Root Fixup: 0.0 ms]
   [Code Root Purge: 0.0 ms]
   [Clear CT: 0.1 ms]
   [Other: 0.4 ms]
      [Choose CSet: 0.0 ms]
      [Ref Proc: 0.1 ms]
      [Ref Enq: 0.0 ms]
      [Redirty Cards: 0.0 ms]
      [Humongous Register: 0.0 ms]
      [Humongous Reclaim: 0.0 ms]
      [Free CSet: 0.1 ms]
   [Eden: 256.0M(256.0M)->0.0B(252.0M) Survivors: 27648.0K->31744.0K Heap: 384.3M(472.0M)->132.8M(472.0M)]
 [Times: user=0.07 sys=0.00, real=0.03 secs] 
2024-07-06T11:27:10.824+0800: 184.990: [GC pause (G1 Evacuation Pause) (young), 0.0345290 secs]
   [Parallel Time: 34.0 ms, GC Workers: 2]
      [GC Worker Start (ms): Min: 184990.2, Avg: 184990.2, Max: 184990.2, Diff: 0.0]
      [Ext Root Scanning (ms): Min: 0.4, Avg: 0.4, Max: 0.5, Diff: 0.0, Sum: 0.9]
      [Update RS (ms): Min: 0.0, Avg: 0.0, Max: 0.0, Diff: 0.0, Sum: 0.0]
         [Processed Buffers: Min: 1, Avg: 2.5, Max: 4, Diff: 3, Sum: 5]
      [Scan RS (ms): Min: 0.1, Avg: 0.1, Max: 0.1, Diff: 0.0, Sum: 0.2]
      [Code Root Scanning (ms): Min: 0.0, Avg: 0.0, Max: 0.0, Diff: 0.0, Sum: 0.0]
      [Object Copy (ms): Min: 33.3, Avg: 33.4, Max: 33.4, Diff: 0.0, Sum: 66.7]
      [Termination (ms): Min: 0.0, Avg: 0.0, Max: 0.0, Diff: 0.0, Sum: 0.0]
         [Termination Attempts: Min: 1, Avg: 1.0, Max: 1, Diff: 0, Sum: 2]
      [GC Worker Other (ms): Min: 0.0, Avg: 0.0, Max: 0.0, Diff: 0.0, Sum: 0.0]
      [GC Worker Total (ms): Min: 33.9, Avg: 33.9, Max: 33.9, Diff: 0.0, Sum: 67.8]
      [GC Worker End (ms): Min: 185024.1, Avg: 185024.1, Max: 185024.1, Diff: 0.0]
   [Code Root Fixup: 0.0 ms]
   [Code Root Purge: 0.0 ms]
   [Clear CT: 0.1 ms]
   [Other: 0.4 ms]
      [Choose CSet: 0.0 ms]
      [Ref Proc: 0.1 ms]
      [Ref Enq: 0.0 ms]
      [Redirty Cards: 0.0 ms]
      [Humongous Register: 0.0 ms]
      [Humongous Reclaim: 0.0 ms]
      [Free CSet: 0.2 ms]
   [Eden: 252.0M(252.0M)->0.0B(253.0M) Survivors: 31744.0K->30720.0K Heap: 384.8M(472.0M)->131.3M(472.0M)]
 [Times: user=0.07 sys=0.00, real=0.04 secs] 
2024-07-06T11:27:11.271+0800: 185.438: [GC pause (G1 Evacuation Pause) (young), 0.0489801 secs]
   [Parallel Time: 48.3 ms, GC Workers: 2]
      [GC Worker Start (ms): Min: 185437.7, Avg: 185437.7, Max: 185437.7, Diff: 0.0]
      [Ext Root Scanning (ms): Min: 0.5, Avg: 0.5, Max: 0.6, Diff: 0.0, Sum: 1.1]
      [Update RS (ms): Min: 0.0, Avg: 0.0, Max: 0.0, Diff: 0.0, Sum: 0.1]
         [Processed Buffers: Min: 2, Avg: 2.5, Max: 3, Diff: 1, Sum: 5]
      [Scan RS (ms): Min: 0.1, Avg: 0.1, Max: 0.1, Diff: 0.0, Sum: 0.2]
      [Code Root Scanning (ms): Min: 0.0, Avg: 0.0, Max: 0.0, Diff: 0.0, Sum: 0.0]
      [Object Copy (ms): Min: 47.5, Avg: 47.5, Max: 47.6, Diff: 0.0, Sum: 95.1]
      [Termination (ms): Min: 0.0, Avg: 0.0, Max: 0.0, Diff: 0.0, Sum: 0.0]
         [Termination Attempts: Min: 1, Avg: 1.0, Max: 1, Diff: 0, Sum: 2]
      [GC Worker Other (ms): Min: 0.0, Avg: 0.0, Max: 0.0, Diff: 0.0, Sum: 0.0]
      [GC Worker Total (ms): Min: 48.2, Avg: 48.2, Max: 48.2, Diff: 0.0, Sum: 96.4]
      [GC Worker End (ms): Min: 185485.9, Avg: 185485.9, Max: 185485.9, Diff: 0.0]
   [Code Root Fixup: 0.0 ms]
   [Code Root Purge: 0.0 ms]
   [Clear CT: 0.1 ms]
   [Other: 0.6 ms]
      [Choose CSet: 0.0 ms]
      [Ref Proc: 0.2 ms]
      [Ref Enq: 0.0 ms]
      [Redirty Cards: 0.2 ms]
      [Humongous Register: 0.1 ms]
      [Humongous Reclaim: 0.0 ms]
      [Free CSet: 0.2 ms]
   [Eden: 253.0M(253.0M)->0.0B(257.0M) Survivors: 30720.0K->26624.0K Heap: 384.3M(472.0M)->127.3M(472.0M)]
 [Times: user=0.06 sys=0.00, real=0.05 secs] 
2024-07-06T11:27:11.771+0800: 185.937: [GC pause (G1 Evacuation Pause) (young), 0.0341008 secs]
   [Parallel Time: 33.4 ms, GC Workers: 2]
      [GC Worker Start (ms): Min: 185937.5, Avg: 185937.5, Max: 185937.5, Diff: 0.0]
      [Ext Root Scanning (ms): Min: 0.5, Avg: 0.6, Max: 0.6, Diff: 0.0, Sum: 1.1]
      [Update RS (ms): Min: 0.0, Avg: 0.0, Max: 0.0, Diff: 0.0, Sum: 0.1]
         [Processed Buffers: Min: 1, Avg: 2.5, Max: 4, Diff: 3, Sum: 5]
      [Scan RS (ms): Min: 0.1, Avg: 0.1, Max: 0.1, Diff: 0.0, Sum: 0.2]
      [Code Root Scanning (ms): Min: 0.0, Avg: 0.0, Max: 0.0, Diff: 0.0, Sum: 0.0]
      [Object Copy (ms): Min: 32.7, Avg: 32.7, Max: 32.7, Diff: 0.0, Sum: 65.4]
      [Termination (ms): Min: 0.0, Avg: 0.0, Max: 0.0, Diff: 0.0, Sum: 0.0]
         [Termination Attempts: Min: 1, Avg: 1.0, Max: 1, Diff: 0, Sum: 2]
      [GC Worker Other (ms): Min: 0.0, Avg: 0.0, Max: 0.0, Diff: 0.0, Sum: 0.0]
      [GC Worker Total (ms): Min: 33.4, Avg: 33.4, Max: 33.4, Diff: 0.0, Sum: 66.8]
      [GC Worker End (ms): Min: 185970.9, Avg: 185970.9, Max: 185970.9, Diff: 0.0]
   [Code Root Fixup: 0.0 ms]
   [Code Root Purge: 0.0 ms]
   [Clear CT: 0.1 ms]
   [Other: 0.5 ms]
      [Choose CSet: 0.0 ms]
      [Ref Proc: 0.1 ms]
      [Ref Enq: 0.0 ms]
      [Redirty Cards: 0.1 ms]
      [Humongous Register: 0.0 ms]
      [Humongous Reclaim: 0.0 ms]
      [Free CSet: 0.2 ms]
   [Eden: 257.0M(257.0M)->0.0B(261.0M) Survivors: 26624.0K->22528.0K Heap: 384.3M(472.0M)->123.8M(472.0M)]
 [Times: user=0.07 sys=0.00, real=0.03 secs] 
2024-07-06T11:27:12.235+0800: 186.401: [GC pause (G1 Evacuation Pause) (young), 0.0196643 secs]
   [Parallel Time: 19.1 ms, GC Workers: 2]
      [GC Worker Start (ms): Min: 186401.6, Avg: 186401.6, Max: 186401.6, Diff: 0.0]
      [Ext Root Scanning (ms): Min: 0.5, Avg: 0.5, Max: 0.5, Diff: 0.0, Sum: 1.1]
      [Update RS (ms): Min: 0.0, Avg: 0.0, Max: 0.0, Diff: 0.0, Sum: 0.1]
         [Processed Buffers: Min: 2, Avg: 2.5, Max: 3, Diff: 1, Sum: 5]
      [Scan RS (ms): Min: 0.1, Avg: 0.1, Max: 0.1, Diff: 0.0, Sum: 0.2]
      [Code Root Scanning (ms): Min: 0.0, Avg: 0.0, Max: 0.0, Diff: 0.0, Sum: 0.0]
      [Object Copy (ms): Min: 18.4, Avg: 18.4, Max: 18.4, Diff: 0.0, Sum: 36.7]
      [Termination (ms): Min: 0.0, Avg: 0.0, Max: 0.0, Diff: 0.0, Sum: 0.0]
         [Termination Attempts: Min: 1, Avg: 1.0, Max: 1, Diff: 0, Sum: 2]
      [GC Worker Other (ms): Min: 0.0, Avg: 0.0, Max: 0.0, Diff: 0.0, Sum: 0.0]
      [GC Worker Total (ms): Min: 19.0, Avg: 19.0, Max: 19.1, Diff: 0.0, Sum: 38.1]
      [GC Worker End (ms): Min: 186420.7, Avg: 186420.7, Max: 186420.7, Diff: 0.0]
   [Code Root Fixup: 0.0 ms]
   [Code Root Purge: 0.0 ms]
   [Clear CT: 0.1 ms]
   [Other: 0.4 ms]
      [Choose CSet: 0.0 ms]
      [Ref Proc: 0.1 ms]
      [Ref Enq: 0.0 ms]
      [Redirty Cards: 0.0 ms]
      [Humongous Register: 0.0 ms]
      [Humongous Reclaim: 0.0 ms]
      [Free CSet: 0.2 ms]
   [Eden: 261.0M(261.0M)->0.0B(266.0M) Survivors: 22528.0K->17408.0K Heap: 384.8M(472.0M)->118.8M(472.0M)]
 [Times: user=0.04 sys=0.00, real=0.01 secs] 
2024-07-06T11:27:12.651+0800: 186.817: [GC pause (G1 Evacuation Pause) (young), 0.0252318 secs]
   [Parallel Time: 24.5 ms, GC Workers: 2]
      [GC Worker Start (ms): Min: 186817.5, Avg: 186817.5, Max: 186817.5, Diff: 0.0]
      [Ext Root Scanning (ms): Min: 0.5, Avg: 0.5, Max: 0.5, Diff: 0.0, Sum: 1.0]
      [Update RS (ms): Min: 0.0, Avg: 0.0, Max: 0.0, Diff: 0.0, Sum: 0.0]
         [Processed Buffers: Min: 1, Avg: 2.5, Max: 4, Diff: 3, Sum: 5]
      [Scan RS (ms): Min: 0.1, Avg: 0.1, Max: 0.1, Diff: 0.0, Sum: 0.2]
      [Code Root Scanning (ms): Min: 0.0, Avg: 0.0, Max: 0.0, Diff: 0.0, Sum: 0.0]
      [Object Copy (ms): Min: 23.8, Avg: 23.9, Max: 23.9, Diff: 0.0, Sum: 47.7]
      [Termination (ms): Min: 0.0, Avg: 0.0, Max: 0.0, Diff: 0.0, Sum: 0.0]
         [Termination Attempts: Min: 1, Avg: 1.0, Max: 1, Diff: 0, Sum: 2]
      [GC Worker Other (ms): Min: 0.0, Avg: 0.0, Max: 0.0, Diff: 0.0, Sum: 0.0]
      [GC Worker Total (ms): Min: 24.5, Avg: 24.5, Max: 24.5, Diff: 0.0, Sum: 49.0]
      [GC Worker End (ms): Min: 186842.0, Avg: 186842.0, Max: 186842.0, Diff: 0.0]
   [Code Root Fixup: 0.0 ms]
   [Code Root Purge: 0.0 ms]
   [Clear CT: 0.1 ms]
   [Other: 0.6 ms]
      [Choose CSet: 0.0 ms]
      [Ref Proc: 0.3 ms]
      [Ref Enq: 0.0 ms]
      [Redirty Cards: 0.0 ms]
      [Humongous Register: 0.0 ms]
      [Humongous Reclaim: 0.0 ms]
      [Free CSet: 0.2 ms]
   [Eden: 266.0M(266.0M)->0.0B(260.0M) Survivors: 17408.0K->23552.0K Heap: 384.8M(472.0M)->124.3M(472.0M)]
 [Times: user=0.05 sys=0.00, real=0.03 secs] 
2024-07-06T11:27:13.087+0800: 187.253: [GC pause (G1 Evacuation Pause) (young), 0.0197120 secs]
   [Parallel Time: 19.2 ms, GC Workers: 2]
      [GC Worker Start (ms): Min: 187253.2, Avg: 187253.2, Max: 187253.3, Diff: 0.0]
      [Ext Root Scanning (ms): Min: 0.5, Avg: 0.5, Max: 0.5, Diff: 0.0, Sum: 1.0]
      [Update RS (ms): Min: 0.0, Avg: 0.0, Max: 0.0, Diff: 0.0, Sum: 0.0]
         [Processed Buffers: Min: 1, Avg: 3.0, Max: 5, Diff: 4, Sum: 6]
      [Scan RS (ms): Min: 0.1, Avg: 0.1, Max: 0.1, Diff: 0.0, Sum: 0.2]
      [Code Root Scanning (ms): Min: 0.0, Avg: 0.0, Max: 0.0, Diff: 0.0, Sum: 0.0]
      [Object Copy (ms): Min: 18.5, Avg: 18.5, Max: 18.5, Diff: 0.0, Sum: 37.0]
      [Termination (ms): Min: 0.0, Avg: 0.0, Max: 0.0, Diff: 0.0, Sum: 0.0]
         [Termination Attempts: Min: 1, Avg: 1.0, Max: 1, Diff: 0, Sum: 2]
      [GC Worker Other (ms): Min: 0.0, Avg: 0.0, Max: 0.0, Diff: 0.0, Sum: 0.0]
      [GC Worker Total (ms): Min: 19.1, Avg: 19.1, Max: 19.1, Diff: 0.0, Sum: 38.3]
      [GC Worker End (ms): Min: 187272.4, Avg: 187272.4, Max: 187272.4, Diff: 0.0]
   [Code Root Fixup: 0.0 ms]
   [Code Root Purge: 0.0 ms]
   [Clear CT: 0.1 ms]
   [Other: 0.4 ms]
      [Choose CSet: 0.0 ms]
      [Ref Proc: 0.1 ms]
      [Ref Enq: 0.0 ms]
      [Redirty Cards: 0.0 ms]
      [Humongous Register: 0.0 ms]
      [Humongous Reclaim: 0.0 ms]
      [Free CSet: 0.1 ms]
   [Eden: 260.0M(260.0M)->0.0B(265.0M) Survivors: 23552.0K->18432.0K Heap: 384.3M(472.0M)->119.3M(472.0M)]
 [Times: user=0.04 sys=0.00, real=0.02 secs] 
2024-07-06T11:27:13.537+0800: 187.704: [GC pause (G1 Evacuation Pause) (young), 0.0255417 secs]
   [Parallel Time: 25.0 ms, GC Workers: 2]
      [GC Worker Start (ms): Min: 187703.7, Avg: 187703.7, Max: 187703.7, Diff: 0.0]
      [Ext Root Scanning (ms): Min: 0.5, Avg: 0.5, Max: 0.5, Diff: 0.0, Sum: 1.0]
      [Update RS (ms): Min: 0.0, Avg: 0.0, Max: 0.0, Diff: 0.0, Sum: 0.1]
         [Processed Buffers: Min: 2, Avg: 2.5, Max: 3, Diff: 1, Sum: 5]
      [Scan RS (ms): Min: 0.1, Avg: 0.1, Max: 0.1, Diff: 0.0, Sum: 0.2]
      [Code Root Scanning (ms): Min: 0.0, Avg: 0.0, Max: 0.0, Diff: 0.0, Sum: 0.0]
      [Object Copy (ms): Min: 24.3, Avg: 24.3, Max: 24.3, Diff: 0.0, Sum: 48.7]
      [Termination (ms): Min: 0.0, Avg: 0.0, Max: 0.0, Diff: 0.0, Sum: 0.0]
         [Termination Attempts: Min: 1, Avg: 1.0, Max: 1, Diff: 0, Sum: 2]
      [GC Worker Other (ms): Min: 0.0, Avg: 0.0, Max: 0.0, Diff: 0.0, Sum: 0.0]
      [GC Worker Total (ms): Min: 24.9, Avg: 25.0, Max: 25.0, Diff: 0.0, Sum: 49.9]
      [GC Worker End (ms): Min: 187728.7, Avg: 187728.7, Max: 187728.7, Diff: 0.0]
   [Code Root Fixup: 0.0 ms]
   [Code Root Purge: 0.0 ms]
   [Clear CT: 0.1 ms]
   [Other: 0.4 ms]
      [Choose CSet: 0.0 ms]
      [Ref Proc: 0.1 ms]
      [Ref Enq: 0.0 ms]
      [Redirty Cards: 0.0 ms]
      [Humongous Register: 0.0 ms]
      [Humongous Reclaim: 0.0 ms]
      [Free CSet: 0.2 ms]
   [Eden: 265.0M(265.0M)->0.0B(260.0M) Survivors: 18432.0K->23552.0K Heap: 384.3M(472.0M)->124.8M(472.0M)]
 [Times: user=0.05 sys=0.00, real=0.02 secs] 
2024-07-06T11:27:13.951+0800: 188.117: [GC pause (G1 Evacuation Pause) (young), 0.0348004 secs]
   [Parallel Time: 34.2 ms, GC Workers: 2]
      [GC Worker Start (ms): Min: 188117.5, Avg: 188117.5, Max: 188117.5, Diff: 0.0]
      [Ext Root Scanning (ms): Min: 0.5, Avg: 0.5, Max: 0.5, Diff: 0.0, Sum: 1.0]
      [Update RS (ms): Min: 0.0, Avg: 0.0, Max: 0.0, Diff: 0.0, Sum: 0.0]
         [Processed Buffers: Min: 2, Avg: 2.5, Max: 3, Diff: 1, Sum: 5]
      [Scan RS (ms): Min: 0.1, Avg: 0.1, Max: 0.1, Diff: 0.0, Sum: 0.2]
      [Code Root Scanning (ms): Min: 0.0, Avg: 0.0, Max: 0.0, Diff: 0.0, Sum: 0.0]
      [Object Copy (ms): Min: 33.6, Avg: 33.6, Max: 33.6, Diff: 0.0, Sum: 67.2]
      [Termination (ms): Min: 0.0, Avg: 0.0, Max: 0.0, Diff: 0.0, Sum: 0.0]
         [Termination Attempts: Min: 1, Avg: 1.0, Max: 1, Diff: 0, Sum: 2]
      [GC Worker Other (ms): Min: 0.0, Avg: 0.0, Max: 0.0, Diff: 0.0, Sum: 0.0]
      [GC Worker Total (ms): Min: 34.2, Avg: 34.2, Max: 34.2, Diff: 0.0, Sum: 68.4]
      [GC Worker End (ms): Min: 188151.7, Avg: 188151.7, Max: 188151.7, Diff: 0.0]
   [Code Root Fixup: 0.0 ms]
   [Code Root Purge: 0.0 ms]
   [Clear CT: 0.1 ms]
   [Other: 0.4 ms]
      [Choose CSet: 0.0 ms]
      [Ref Proc: 0.1 ms]
      [Ref Enq: 0.0 ms]
      [Redirty Cards: 0.0 ms]
      [Humongous Register: 0.0 ms]
      [Humongous Reclaim: 0.0 ms]
      [Free CSet: 0.1 ms]
   [Eden: 260.0M(260.0M)->0.0B(253.0M) Survivors: 23552.0K->30720.0K Heap: 384.8M(472.0M)->131.8M(472.0M)]
 [Times: user=0.07 sys=0.00, real=0.03 secs] 
2024-07-06T11:27:14.379+0800: 188.545: [GC pause (G1 Evacuation Pause) (young), 0.0326859 secs]
   [Parallel Time: 32.1 ms, GC Workers: 2]
      [GC Worker Start (ms): Min: 188545.6, Avg: 188545.6, Max: 188545.6, Diff: 0.0]
      [Ext Root Scanning (ms): Min: 0.5, Avg: 0.5, Max: 0.5, Diff: 0.0, Sum: 1.0]
      [Update RS (ms): Min: 0.0, Avg: 0.0, Max: 0.0, Diff: 0.0, Sum: 0.0]
         [Processed Buffers: Min: 2, Avg: 3.0, Max: 4, Diff: 2, Sum: 6]
      [Scan RS (ms): Min: 0.1, Avg: 0.1, Max: 0.1, Diff: 0.0, Sum: 0.2]
      [Code Root Scanning (ms): Min: 0.0, Avg: 0.0, Max: 0.0, Diff: 0.0, Sum: 0.0]
      [Object Copy (ms): Min: 31.4, Avg: 31.4, Max: 31.4, Diff: 0.0, Sum: 62.9]
      [Termination (ms): Min: 0.0, Avg: 0.0, Max: 0.0, Diff: 0.0, Sum: 0.0]
         [Termination Attempts: Min: 1, Avg: 1.0, Max: 1, Diff: 0, Sum: 2]
      [GC Worker Other (ms): Min: 0.0, Avg: 0.0, Max: 0.0, Diff: 0.0, Sum: 0.0]
      [GC Worker Total (ms): Min: 32.1, Avg: 32.1, Max: 32.1, Diff: 0.0, Sum: 64.2]
      [GC Worker End (ms): Min: 188577.6, Avg: 188577.6, Max: 188577.6, Diff: 0.0]
   [Code Root Fixup: 0.0 ms]
   [Code Root Purge: 0.0 ms]
   [Clear CT: 0.1 ms]
   [Other: 0.4 ms]
      [Choose CSet: 0.0 ms]
      [Ref Proc: 0.1 ms]
      [Ref Enq: 0.0 ms]
      [Redirty Cards: 0.1 ms]
      [Humongous Register: 0.0 ms]
      [Humongous Reclaim: 0.0 ms]
      [Free CSet: 0.2 ms]
   [Eden: 253.0M(253.0M)->0.0B(256.0M) Survivors: 30720.0K->27648.0K Heap: 384.8M(472.0M)->128.8M(472.0M)]
 [Times: user=0.06 sys=0.00, real=0.03 secs] 
2024-07-06T11:27:14.832+0800: 188.998: [GC pause (G1 Evacuation Pause) (young), 0.0278877 secs]
   [Parallel Time: 27.4 ms, GC Workers: 2]
      [GC Worker Start (ms): Min: 188998.1, Avg: 188998.2, Max: 188998.2, Diff: 0.0]
      [Ext Root Scanning (ms): Min: 0.5, Avg: 0.5, Max: 0.5, Diff: 0.0, Sum: 1.1]
      [Update RS (ms): Min: 0.0, Avg: 0.0, Max: 0.0, Diff: 0.0, Sum: 0.1]
         [Processed Buffers: Min: 2, Avg: 2.5, Max: 3, Diff: 1, Sum: 5]
      [Scan RS (ms): Min: 0.1, Avg: 0.1, Max: 0.1, Diff: 0.0, Sum: 0.2]
      [Code Root Scanning (ms): Min: 0.0, Avg: 0.0, Max: 0.0, Diff: 0.0, Sum: 0.0]
      [Object Copy (ms): Min: 26.6, Avg: 26.6, Max: 26.6, Diff: 0.0, Sum: 53.2]
      [Termination (ms): Min: 0.0, Avg: 0.0, Max: 0.0, Diff: 0.0, Sum: 0.0]
         [Termination Attempts: Min: 1, Avg: 1.0, Max: 1, Diff: 0, Sum: 2]
      [GC Worker Other (ms): Min: 0.0, Avg: 0.0, Max: 0.0, Diff: 0.0, Sum: 0.0]
      [GC Worker Total (ms): Min: 27.3, Avg: 27.3, Max: 27.3, Diff: 0.0, Sum: 54.6]
      [GC Worker End (ms): Min: 189025.4, Avg: 189025.4, Max: 189025.4, Diff: 0.0]
   [Code Root Fixup: 0.0 ms]
   [Code Root Purge: 0.0 ms]
   [Clear CT: 0.1 ms]
   [Other: 0.4 ms]
      [Choose CSet: 0.0 ms]
      [Ref Proc: 0.1 ms]
      [Ref Enq: 0.0 ms]
      [Redirty Cards: 0.0 ms]
      [Humongous Register: 0.0 ms]
      [Humongous Reclaim: 0.0 ms]
      [Free CSet: 0.1 ms]
   [Eden: 256.0M(256.0M)->0.0B(260.0M) Survivors: 27648.0K->23552.0K Heap: 384.8M(472.0M)->124.8M(472.0M)]
 [Times: user=0.05 sys=0.00, real=0.03 secs] 
2024-07-06T11:27:15.278+0800: 189.444: [GC pause (G1 Evacuation Pause) (young), 0.0241300 secs]
   [Parallel Time: 23.6 ms, GC Workers: 2]
      [GC Worker Start (ms): Min: 189444.5, Avg: 189444.6, Max: 189444.6, Diff: 0.0]
      [Ext Root Scanning (ms): Min: 0.5, Avg: 0.5, Max: 0.5, Diff: 0.0, Sum: 1.0]
      [Update RS (ms): Min: 0.0, Avg: 0.0, Max: 0.0, Diff: 0.0, Sum: 0.1]
         [Processed Buffers: Min: 2, Avg: 2.5, Max: 3, Diff: 1, Sum: 5]
      [Scan RS (ms): Min: 0.1, Avg: 0.1, Max: 0.1, Diff: 0.0, Sum: 0.2]
      [Code Root Scanning (ms): Min: 0.0, Avg: 0.0, Max: 0.0, Diff: 0.0, Sum: 0.0]
      [Object Copy (ms): Min: 22.9, Avg: 22.9, Max: 22.9, Diff: 0.0, Sum: 45.8]
      [Termination (ms): Min: 0.0, Avg: 0.0, Max: 0.0, Diff: 0.0, Sum: 0.0]
         [Termination Attempts: Min: 1, Avg: 1.0, Max: 1, Diff: 0, Sum: 2]
      [GC Worker Other (ms): Min: 0.0, Avg: 0.0, Max: 0.0, Diff: 0.0, Sum: 0.0]
      [GC Worker Total (ms): Min: 23.5, Avg: 23.5, Max: 23.6, Diff: 0.0, Sum: 47.1]
      [GC Worker End (ms): Min: 189468.1, Avg: 189468.1, Max: 189468.1, Diff: 0.0]
   [Code Root Fixup: 0.0 ms]
   [Code Root Purge: 0.0 ms]
   [Clear CT: 0.1 ms]
   [Other: 0.4 ms]
      [Choose CSet: 0.0 ms]
      [Ref Proc: 0.1 ms]
      [Ref Enq: 0.0 ms]
      [Redirty Cards: 0.1 ms]
      [Humongous Register: 0.0 ms]
      [Humongous Reclaim: 0.0 ms]
      [Free CSet: 0.1 ms]
   [Eden: 260.0M(260.0M)->0.0B(263.0M) Survivors: 23552.0K->20480.0K Heap: 384.8M(472.0M)->121.3M(472.0M)]
 [Times: user=0.05 sys=0.00, real=0.02 secs] 
2024-07-06T11:27:15.753+0800: 189.919: [GC pause (G1 Evacuation Pause) (young), 0.0045126 secs]
   [Parallel Time: 4.0 ms, GC Workers: 2]
      [GC Worker Start (ms): Min: 189919.0, Avg: 189919.0, Max: 189919.1, Diff: 0.0]
      [Ext Root Scanning (ms): Min: 0.5, Avg: 0.5, Max: 0.5, Diff: 0.0, Sum: 0.9]
      [Update RS (ms): Min: 0.0, Avg: 0.0, Max: 0.0, Diff: 0.0, Sum: 0.0]
         [Processed Buffers: Min: 2, Avg: 2.5, Max: 3, Diff: 1, Sum: 5]
      [Scan RS (ms): Min: 0.1, Avg: 0.1, Max: 0.1, Diff: 0.0, Sum: 0.2]
      [Code Root Scanning (ms): Min: 0.0, Avg: 0.0, Max: 0.0, Diff: 0.0, Sum: 0.0]
      [Object Copy (ms): Min: 3.4, Avg: 3.4, Max: 3.4, Diff: 0.0, Sum: 6.7]
      [Termination (ms): Min: 0.0, Avg: 0.0, Max: 0.0, Diff: 0.0, Sum: 0.0]
         [Termination Attempts: Min: 1, Avg: 1.0, Max: 1, Diff: 0, Sum: 2]
      [GC Worker Other (ms): Min: 0.0, Avg: 0.0, Max: 0.0, Diff: 0.0, Sum: 0.0]
      [GC Worker Total (ms): Min: 4.0, Avg: 4.0, Max: 4.0, Diff: 0.0, Sum: 7.9]
      [GC Worker End (ms): Min: 189923.0, Avg: 189923.0, Max: 189923.0, Diff: 0.0]
   [Code Root Fixup: 0.0 ms]
   [Code Root Purge: 0.0 ms]
   [Clear CT: 0.1 ms]
   [Other: 0.4 ms]
      [Choose CSet: 0.0 ms]
      [Ref Proc: 0.1 ms]
      [Ref Enq: 0.0 ms]
      [Redirty Cards: 0.0 ms]
      [Humongous Register: 0.1 ms]
      [Humongous Reclaim: 0.0 ms]
      [Free CSet: 0.1 ms]
   [Eden: 263.0M(263.0M)->0.0B(277.0M) Survivors: 20480.0K->6144.0K Heap: 384.3M(472.0M)->107.3M(472.0M)]
 [Times: user=0.01 sys=0.00, real=0.01 secs] 
2024-07-06T11:27:16.175+0800: 190.342: [GC pause (G1 Evacuation Pause) (young), 0.0268374 secs]
   [Parallel Time: 26.2 ms, GC Workers: 2]
      [GC Worker Start (ms): Min: 190341.8, Avg: 190341.8, Max: 190341.8, Diff: 0.0]
      [Ext Root Scanning (ms): Min: 0.6, Avg: 0.7, Max: 0.7, Diff: 0.1, Sum: 1.4]
      [Update RS (ms): Min: 0.0, Avg: 0.0, Max: 0.1, Diff: 0.1, Sum: 0.1]
         [Processed Buffers: Min: 0, Avg: 2.5, Max: 5, Diff: 5, Sum: 5]
      [Scan RS (ms): Min: 0.1, Avg: 0.1, Max: 0.1, Diff: 0.0, Sum: 0.2]
      [Code Root Scanning (ms): Min: 0.0, Avg: 0.0, Max: 0.0, Diff: 0.0, Sum: 0.0]
      [Object Copy (ms): Min: 25.2, Avg: 25.3, Max: 25.3, Diff: 0.1, Sum: 50.5]
      [Termination (ms): Min: 0.0, Avg: 0.0, Max: 0.0, Diff: 0.0, Sum: 0.0]
         [Termination Attempts: Min: 1, Avg: 1.0, Max: 1, Diff: 0, Sum: 2]
      [GC Worker Other (ms): Min: 0.0, Avg: 0.0, Max: 0.0, Diff: 0.0, Sum: 0.0]
      [GC Worker Total (ms): Min: 26.1, Avg: 26.1, Max: 26.1, Diff: 0.0, Sum: 52.2]
      [GC Worker End (ms): Min: 190367.9, Avg: 190367.9, Max: 190367.9, Diff: 0.0]
   [Code Root Fixup: 0.0 ms]
   [Code Root Purge: 0.0 ms]
   [Clear CT: 0.1 ms]
   [Other: 0.6 ms]
      [Choose CSet: 0.0 ms]
      [Ref Proc: 0.1 ms]
      [Ref Enq: 0.0 ms]
      [Redirty Cards: 0.1 ms]
      [Humongous Register: 0.0 ms]
      [Humongous Reclaim: 0.0 ms]
      [Free CSet: 0.2 ms]
   [Eden: 277.0M(277.0M)->0.0B(260.0M) Survivors: 6144.0K->23552.0K Heap: 384.3M(472.0M)->124.3M(472.0M)]
 [Times: user=0.05 sys=0.00, real=0.02 secs] 
2024-07-06T11:27:16.679+0800: 190.845: [GC pause (G1 Evacuation Pause) (young), 0.0224119 secs]
   [Parallel Time: 21.8 ms, GC Workers: 2]
      [GC Worker Start (ms): Min: 190845.0, Avg: 190845.0, Max: 190845.0, Diff: 0.0]
      [Ext Root Scanning (ms): Min: 0.6, Avg: 0.6, Max: 0.6, Diff: 0.0, Sum: 1.1]
      [Update RS (ms): Min: 0.0, Avg: 0.0, Max: 0.1, Diff: 0.0, Sum: 0.1]
         [Processed Buffers: Min: 1, Avg: 2.5, Max: 4, Diff: 3, Sum: 5]
      [Scan RS (ms): Min: 0.1, Avg: 0.1, Max: 0.1, Diff: 0.0, Sum: 0.2]
      [Code Root Scanning (ms): Min: 0.0, Avg: 0.0, Max: 0.0, Diff: 0.0, Sum: 0.0]
      [Object Copy (ms): Min: 20.9, Avg: 21.0, Max: 21.0, Diff: 0.1, Sum: 41.9]
      [Termination (ms): Min: 0.0, Avg: 0.0, Max: 0.0, Diff: 0.0, Sum: 0.0]
         [Termination Attempts: Min: 2, Avg: 2.5, Max: 3, Diff: 1, Sum: 5]
      [GC Worker Other (ms): Min: 0.0, Avg: 0.0, Max: 0.0, Diff: 0.0, Sum: 0.0]
      [GC Worker Total (ms): Min: 21.7, Avg: 21.7, Max: 21.7, Diff: 0.0, Sum: 43.4]
      [GC Worker End (ms): Min: 190866.7, Avg: 190866.7, Max: 190866.7, Diff: 0.0]
   [Code Root Fixup: 0.0 ms]
   [Code Root Purge: 0.0 ms]
   [Clear CT: 0.2 ms]
   [Other: 0.5 ms]
      [Choose CSet: 0.0 ms]
      [Ref Proc: 0.1 ms]
      [Ref Enq: 0.0 ms]
      [Redirty Cards: 0.1 ms]
      [Humongous Register: 0.1 ms]
      [Humongous Reclaim: 0.0 ms]
      [Free CSet: 0.1 ms]
   [Eden: 260.0M(260.0M)->0.0B(264.0M) Survivors: 23552.0K->19456.0K Heap: 384.3M(472.0M)->120.3M(472.0M)]
 [Times: user=0.04 sys=0.00, real=0.02 secs] 
2024-07-06T11:27:17.131+0800: 191.297: [GC pause (G1 Evacuation Pause) (young), 0.0246767 secs]
   [Parallel Time: 24.1 ms, GC Workers: 2]
      [GC Worker Start (ms): Min: 191297.6, Avg: 191297.6, Max: 191297.6, Diff: 0.0]
      [Ext Root Scanning (ms): Min: 0.5, Avg: 0.5, Max: 0.5, Diff: 0.0, Sum: 1.1]
      [Update RS (ms): Min: 0.0, Avg: 0.0, Max: 0.0, Diff: 0.0, Sum: 0.1]
         [Processed Buffers: Min: 1, Avg: 2.5, Max: 4, Diff: 3, Sum: 5]
      [Scan RS (ms): Min: 0.1, Avg: 0.1, Max: 0.1, Diff: 0.0, Sum: 0.2]
      [Code Root Scanning (ms): Min: 0.0, Avg: 0.0, Max: 0.0, Diff: 0.0, Sum: 0.0]
      [Object Copy (ms): Min: 23.4, Avg: 23.4, Max: 23.4, Diff: 0.0, Sum: 46.8]
      [Termination (ms): Min: 0.0, Avg: 0.0, Max: 0.0, Diff: 0.0, Sum: 0.0]
         [Termination Attempts: Min: 3, Avg: 3.5, Max: 4, Diff: 1, Sum: 7]
      [GC Worker Other (ms): Min: 0.0, Avg: 0.0, Max: 0.0, Diff: 0.0, Sum: 0.0]
      [GC Worker Total (ms): Min: 24.0, Avg: 24.1, Max: 24.1, Diff: 0.0, Sum: 48.1]
      [GC Worker End (ms): Min: 191321.6, Avg: 191321.6, Max: 191321.6, Diff: 0.0]
   [Code Root Fixup: 0.0 ms]
   [Code Root Purge: 0.0 ms]
   [Clear CT: 0.1 ms]
   [Other: 0.4 ms]
      [Choose CSet: 0.0 ms]
      [Ref Proc: 0.1 ms]
      [Ref Enq: 0.0 ms]
      [Redirty Cards: 0.0 ms]
      [Humongous Register: 0.0 ms]
      [Humongous Reclaim: 0.0 ms]
      [Free CSet: 0.2 ms]
   [Eden: 264.0M(264.0M)->0.0B(261.0M) Survivors: 19456.0K->22528.0K Heap: 384.3M(472.0M)->123.8M(472.0M)]
 [Times: user=0.05 sys=0.00, real=0.03 secs] 
2024-07-06T11:27:17.643+0800: 191.809: [GC pause (G1 Evacuation Pause) (young), 0.0290565 secs]
   [Parallel Time: 28.5 ms, GC Workers: 2]
      [GC Worker Start (ms): Min: 191809.6, Avg: 191809.6, Max: 191809.6, Diff: 0.0]
      [Ext Root Scanning (ms): Min: 0.6, Avg: 0.6, Max: 0.6, Diff: 0.0, Sum: 1.1]
      [Update RS (ms): Min: 0.0, Avg: 0.0, Max: 0.0, Diff: 0.0, Sum: 0.1]
         [Processed Buffers: Min: 2, Avg: 2.5, Max: 3, Diff: 1, Sum: 5]
      [Scan RS (ms): Min: 0.1, Avg: 0.1, Max: 0.1, Diff: 0.0, Sum: 0.2]
      [Code Root Scanning (ms): Min: 0.0, Avg: 0.0, Max: 0.0, Diff: 0.0, Sum: 0.0]
      [Object Copy (ms): Min: 27.7, Avg: 27.7, Max: 27.7, Diff: 0.0, Sum: 55.4]
      [Termination (ms): Min: 0.0, Avg: 0.0, Max: 0.0, Diff: 0.0, Sum: 0.0]
         [Termination Attempts: Min: 1, Avg: 1.0, Max: 1, Diff: 0, Sum: 2]
      [GC Worker Other (ms): Min: 0.0, Avg: 0.0, Max: 0.0, Diff: 0.0, Sum: 0.0]
      [GC Worker Total (ms): Min: 28.4, Avg: 28.4, Max: 28.4, Diff: 0.0, Sum: 56.8]
      [GC Worker End (ms): Min: 191838.0, Avg: 191838.0, Max: 191838.0, Diff: 0.0]
   [Code Root Fixup: 0.0 ms]
   [Code Root Purge: 0.0 ms]
   [Clear CT: 0.1 ms]
   [Other: 0.4 ms]
      [Choose CSet: 0.0 ms]
      [Ref Proc: 0.1 ms]
      [Ref Enq: 0.0 ms]
      [Redirty Cards: 0.0 ms]
      [Humongous Register: 0.0 ms]
      [Humongous Reclaim: 0.0 ms]
      [Free CSet: 0.2 ms]
   [Eden: 261.0M(261.0M)->0.0B(260.0M) Survivors: 22528.0K->23552.0K Heap: 384.8M(472.0M)->124.8M(472.0M)]
 [Times: user=0.05 sys=0.00, real=0.03 secs] 
2024-07-06T11:27:18.096+0800: 192.262: [GC pause (G1 Evacuation Pause) (young), 0.0205048 secs]
   [Parallel Time: 20.0 ms, GC Workers: 2]
      [GC Worker Start (ms): Min: 192262.3, Avg: 192262.3, Max: 192262.3, Diff: 0.0]
      [Ext Root Scanning (ms): Min: 0.5, Avg: 0.5, Max: 0.5, Diff: 0.0, Sum: 1.0]
      [Update RS (ms): Min: 0.0, Avg: 0.0, Max: 0.0, Diff: 0.0, Sum: 0.0]
         [Processed Buffers: Min: 2, Avg: 2.5, Max: 3, Diff: 1, Sum: 5]
      [Scan RS (ms): Min: 0.1, Avg: 0.1, Max: 0.1, Diff: 0.0, Sum: 0.2]
      [Code Root Scanning (ms): Min: 0.0, Avg: 0.0, Max: 0.0, Diff: 0.0, Sum: 0.0]
      [Object Copy (ms): Min: 19.3, Avg: 19.3, Max: 19.3, Diff: 0.0, Sum: 38.6]
      [Termination (ms): Min: 0.0, Avg: 0.0, Max: 0.0, Diff: 0.0, Sum: 0.0]
         [Termination Attempts: Min: 1, Avg: 1.0, Max: 1, Diff: 0, Sum: 2]
      [GC Worker Other (ms): Min: 0.0, Avg: 0.0, Max: 0.0, Diff: 0.0, Sum: 0.0]
      [GC Worker Total (ms): Min: 19.9, Avg: 19.9, Max: 19.9, Diff: 0.0, Sum: 39.9]
      [GC Worker End (ms): Min: 192282.2, Avg: 192282.2, Max: 192282.2, Diff: 0.0]
   [Code Root Fixup: 0.0 ms]
   [Code Root Purge: 0.0 ms]
   [Clear CT: 0.1 ms]
   [Other: 0.4 ms]
      [Choose CSet: 0.0 ms]
      [Ref Proc: 0.1 ms]
      [Ref Enq: 0.0 ms]
      [Redirty Cards: 0.0 ms]
      [Humongous Register: 0.0 ms]
      [Humongous Reclaim: 0.0 ms]
      [Free CSet: 0.1 ms]
   [Eden: 260.0M(260.0M)->0.0B(264.0M) Survivors: 23552.0K->19456.0K Heap: 384.8M(472.0M)->120.3M(472.0M)]
 [Times: user=0.04 sys=0.00, real=0.02 secs] 
2024-07-06T11:27:18.504+0800: 192.670: [GC pause (G1 Evacuation Pause) (young), 0.0264910 secs]
   [Parallel Time: 26.0 ms, GC Workers: 2]
      [GC Worker Start (ms): Min: 192669.9, Avg: 192669.9, Max: 192669.9, Diff: 0.0]
      [Ext Root Scanning (ms): Min: 0.5, Avg: 0.5, Max: 0.5, Diff: 0.0, Sum: 1.1]
      [Update RS (ms): Min: 0.0, Avg: 0.0, Max: 0.0, Diff: 0.0, Sum: 0.1]
         [Processed Buffers: Min: 2, Avg: 2.5, Max: 3, Diff: 1, Sum: 5]
      [Scan RS (ms): Min: 0.1, Avg: 0.1, Max: 0.1, Diff: 0.0, Sum: 0.2]
      [Code Root Scanning (ms): Min: 0.0, Avg: 0.0, Max: 0.0, Diff: 0.0, Sum: 0.0]
      [Object Copy (ms): Min: 25.3, Avg: 25.3, Max: 25.3, Diff: 0.0, Sum: 50.5]
      [Termination (ms): Min: 0.0, Avg: 0.0, Max: 0.0, Diff: 0.0, Sum: 0.0]
         [Termination Attempts: Min: 1, Avg: 2.5, Max: 4, Diff: 3, Sum: 5]
      [GC Worker Other (ms): Min: 0.0, Avg: 0.0, Max: 0.0, Diff: 0.0, Sum: 0.0]
      [GC Worker Total (ms): Min: 25.9, Avg: 25.9, Max: 25.9, Diff: 0.0, Sum: 51.9]
      [GC Worker End (ms): Min: 192695.9, Avg: 192695.9, Max: 192695.9, Diff: 0.0]
   [Code Root Fixup: 0.0 ms]
   [Code Root Purge: 0.0 ms]
   [Clear CT: 0.1 ms]
   [Other: 0.3 ms]
      [Choose CSet: 0.0 ms]
      [Ref Proc: 0.1 ms]
      [Ref Enq: 0.0 ms]
      [Redirty Cards: 0.0 ms]
      [Humongous Register: 0.0 ms]
      [Humongous Reclaim: 0.0 ms]
      [Free CSet: 0.1 ms]
   [Eden: 264.0M(264.0M)->0.0B(258.0M) Survivors: 19456.0K->25600.0K Heap: 384.3M(472.0M)->126.3M(472.0M)]
 [Times: user=0.05 sys=0.00, real=0.03 secs] 
2024-07-06T11:27:18.977+0800: 193.143: [GC pause (G1 Evacuation Pause) (young), 0.0312072 secs]
   [Parallel Time: 30.6 ms, GC Workers: 2]
      [GC Worker Start (ms): Min: 193143.0, Avg: 193143.0, Max: 193143.0, Diff: 0.0]
      [Ext Root Scanning (ms): Min: 0.5, Avg: 0.5, Max: 0.5, Diff: 0.0, Sum: 1.0]
      [Update RS (ms): Min: 0.0, Avg: 0.0, Max: 0.0, Diff: 0.0, Sum: 0.0]
         [Processed Buffers: Min: 2, Avg: 2.5, Max: 3, Diff: 1, Sum: 5]
      [Scan RS (ms): Min: 0.1, Avg: 0.1, Max: 0.1, Diff: 0.0, Sum: 0.2]
      [Code Root Scanning (ms): Min: 0.0, Avg: 0.0, Max: 0.0, Diff: 0.0, Sum: 0.0]
      [Object Copy (ms): Min: 30.0, Avg: 30.0, Max: 30.0, Diff: 0.0, Sum: 59.9]
      [Termination (ms): Min: 0.0, Avg: 0.0, Max: 0.0, Diff: 0.0, Sum: 0.0]
         [Termination Attempts: Min: 1, Avg: 1.0, Max: 1, Diff: 0, Sum: 2]
      [GC Worker Other (ms): Min: 0.0, Avg: 0.0, Max: 0.0, Diff: 0.0, Sum: 0.0]
      [GC Worker Total (ms): Min: 30.6, Avg: 30.6, Max: 30.6, Diff: 0.0, Sum: 61.2]
      [GC Worker End (ms): Min: 193173.6, Avg: 193173.6, Max: 193173.6, Diff: 0.0]
   [Code Root Fixup: 0.0 ms]
   [Code Root Purge: 0.0 ms]
   [Clear CT: 0.1 ms]
   [Other: 0.5 ms]
      [Choose CSet: 0.0 ms]
      [Ref Proc: 0.1 ms]
      [Ref Enq: 0.0 ms]
      [Redirty Cards: 0.0 ms]
      [Humongous Register: 0.0 ms]
      [Humongous Reclaim: 0.0 ms]
      [Free CSet: 0.2 ms]
   [Eden: 258.0M(258.0M)->0.0B(257.0M) Survivors: 25600.0K->26624.0K Heap: 384.3M(472.0M)->127.8M(472.0M)]
 [Times: user=0.06 sys=0.00, real=0.03 secs] 
2024-07-06T11:27:19.408+0800: 193.575: [GC pause (G1 Evacuation Pause) (young), 0.0273129 secs]
   [Parallel Time: 26.9 ms, GC Workers: 2]
      [GC Worker Start (ms): Min: 193574.6, Avg: 193574.6, Max: 193574.6, Diff: 0.0]
      [Ext Root Scanning (ms): Min: 0.5, Avg: 0.5, Max: 0.5, Diff: 0.0, Sum: 1.0]
      [Update RS (ms): Min: 0.0, Avg: 0.0, Max: 0.0, Diff: 0.0, Sum: 0.0]
         [Processed Buffers: Min: 1, Avg: 2.5, Max: 4, Diff: 3, Sum: 5]
      [Scan RS (ms): Min: 0.1, Avg: 0.1, Max: 0.1, Diff: 0.0, Sum: 0.1]
      [Code Root Scanning (ms): Min: 0.0, Avg: 0.0, Max: 0.0, Diff: 0.0, Sum: 0.0]
      [Object Copy (ms): Min: 26.2, Avg: 26.2, Max: 26.2, Diff: 0.0, Sum: 52.4]
      [Termination (ms): Min: 0.0, Avg: 0.0, Max: 0.0, Diff: 0.0, Sum: 0.0]
         [Termination Attempts: Min: 1, Avg: 1.0, Max: 1, Diff: 0, Sum: 2]
      [GC Worker Other (ms): Min: 0.0, Avg: 0.0, Max: 0.0, Diff: 0.0, Sum: 0.0]
      [GC Worker Total (ms): Min: 26.8, Avg: 26.8, Max: 26.8, Diff: 0.0, Sum: 53.6]
      [GC Worker End (ms): Min: 193601.4, Avg: 193601.4, Max: 193601.4, Diff: 0.0]
   [Code Root Fixup: 0.0 ms]
   [Code Root Purge: 0.0 ms]
   [Clear CT: 0.1 ms]
   [Other: 0.3 ms]
      [Choose CSet: 0.0 ms]
      [Ref Proc: 0.1 ms]
      [Ref Enq: 0.0 ms]
      [Redirty Cards: 0.0 ms]
      [Humongous Register: 0.0 ms]
      [Humongous Reclaim: 0.0 ms]
      [Free CSet: 0.1 ms]
   [Eden: 257.0M(257.0M)->0.0B(260.0M) Survivors: 26624.0K->23552.0K Heap: 384.8M(472.0M)->124.8M(472.0M)]
 [Times: user=0.05 sys=0.00, real=0.03 secs] 
2024-07-06T11:27:19.845+0800: 194.011: [GC pause (G1 Evacuation Pause) (young), 0.0208609 secs]
   [Parallel Time: 20.3 ms, GC Workers: 2]
      [GC Worker Start (ms): Min: 194011.3, Avg: 194011.3, Max: 194011.3, Diff: 0.0]
      [Ext Root Scanning (ms): Min: 0.5, Avg: 0.5, Max: 0.5, Diff: 0.0, Sum: 0.9]
      [Update RS (ms): Min: 0.0, Avg: 0.0, Max: 0.0, Diff: 0.0, Sum: 0.0]
         [Processed Buffers: Min: 1, Avg: 2.5, Max: 4, Diff: 3, Sum: 5]
      [Scan RS (ms): Min: 0.1, Avg: 0.1, Max: 0.1, Diff: 0.0, Sum: 0.1]
      [Code Root Scanning (ms): Min: 0.0, Avg: 0.0, Max: 0.0, Diff: 0.0, Sum: 0.0]
      [Object Copy (ms): Min: 19.7, Avg: 19.7, Max: 19.7, Diff: 0.0, Sum: 39.4]
      [Termination (ms): Min: 0.0, Avg: 0.0, Max: 0.0, Diff: 0.0, Sum: 0.0]
         [Termination Attempts: Min: 1, Avg: 1.0, Max: 1, Diff: 0, Sum: 2]
      [GC Worker Other (ms): Min: 0.0, Avg: 0.0, Max: 0.0, Diff: 0.0, Sum: 0.0]
      [GC Worker Total (ms): Min: 20.3, Avg: 20.3, Max: 20.3, Diff: 0.0, Sum: 40.6]
      [GC Worker End (ms): Min: 194031.6, Avg: 194031.6, Max: 194031.6, Diff: 0.0]
   [Code Root Fixup: 0.0 ms]
   [Code Root Purge: 0.0 ms]
   [Clear CT: 0.1 ms]
   [Other: 0.4 ms]
      [Choose CSet: 0.0 ms]
      [Ref Proc: 0.1 ms]
      [Ref Enq: 0.0 ms]
      [Redirty Cards: 0.0 ms]
      [Humongous Register: 0.0 ms]
      [Humongous Reclaim: 0.0 ms]
      [Free CSet: 0.2 ms]
   [Eden: 260.0M(260.0M)->0.0B(263.0M) Survivors: 23552.0K->20480.0K Heap: 384.8M(472.0M)->121.3M(472.0M)]
 [Times: user=0.04 sys=0.00, real=0.02 secs] 
2024-07-06T11:27:20.255+0800: 194.421: [GC pause (G1 Evacuation Pause) (young), 0.0319872 secs]
   [Parallel Time: 31.4 ms, GC Workers: 2]
      [GC Worker Start (ms): Min: 194421.5, Avg: 194421.5, Max: 194421.6, Diff: 0.0]
      [Ext Root Scanning (ms): Min: 0.5, Avg: 0.5, Max: 0.6, Diff: 0.0, Sum: 1.1]
      [Update RS (ms): Min: 0.0, Avg: 0.0, Max: 0.1, Diff: 0.0, Sum: 0.1]
         [Processed Buffers: Min: 2, Avg: 2.5, Max: 3, Diff: 1, Sum: 5]
      [Scan RS (ms): Min: 0.1, Avg: 0.1, Max: 0.1, Diff: 0.0, Sum: 0.2]
      [Code Root Scanning (ms): Min: 0.0, Avg: 0.0, Max: 0.0, Diff: 0.0, Sum: 0.0]
      [Object Copy (ms): Min: 30.7, Avg: 30.7, Max: 30.7, Diff: 0.0, Sum: 61.4]
      [Termination (ms): Min: 0.0, Avg: 0.0, Max: 0.0, Diff: 0.0, Sum: 0.0]
         [Termination Attempts: Min: 1, Avg: 1.0, Max: 1, Diff: 0, Sum: 2]
      [GC Worker Other (ms): Min: 0.0, Avg: 0.0, Max: 0.0, Diff: 0.0, Sum: 0.0]
      [GC Worker Total (ms): Min: 31.4, Avg: 31.4, Max: 31.4, Diff: 0.0, Sum: 62.8]
      [GC Worker End (ms): Min: 194452.9, Avg: 194452.9, Max: 194452.9, Diff: 0.0]
   [Code Root Fixup: 0.0 ms]
   [Code Root Purge: 0.0 ms]
   [Clear CT: 0.1 ms]
   [Other: 0.4 ms]
      [Choose CSet: 0.0 ms]
      [Ref Proc: 0.1 ms]
      [Ref Enq: 0.0 ms]
      [Redirty Cards: 0.1 ms]
      [Humongous Register: 0.0 ms]
      [Humongous Reclaim: 0.0 ms]
      [Free CSet: 0.2 ms]
   [Eden: 263.0M(263.0M)->0.0B(255.0M) Survivors: 20480.0K->28672.0K Heap: 384.3M(472.0M)->129.9M(472.0M)]
 [Times: user=0.07 sys=0.00, real=0.03 secs] 
2024-07-06T11:27:20.688+0800: 194.855: [GC pause (G1 Evacuation Pause) (young), 0.0333391 secs]
   [Parallel Time: 32.8 ms, GC Workers: 2]
      [GC Worker Start (ms): Min: 194854.8, Avg: 194854.8, Max: 194854.8, Diff: 0.0]
      [Ext Root Scanning (ms): Min: 0.6, Avg: 0.6, Max: 0.6, Diff: 0.0, Sum: 1.1]
      [Update RS (ms): Min: 0.0, Avg: 0.0, Max: 0.0, Diff: 0.0, Sum: 0.1]
         [Processed Buffers: Min: 1, Avg: 2.5, Max: 4, Diff: 3, Sum: 5]
      [Scan RS (ms): Min: 0.1, Avg: 0.1, Max: 0.1, Diff: 0.0, Sum: 0.2]
      [Code Root Scanning (ms): Min: 0.0, Avg: 0.0, Max: 0.0, Diff: 0.0, Sum: 0.0]
      [Object Copy (ms): Min: 32.0, Avg: 32.1, Max: 32.1, Diff: 0.0, Sum: 64.1]
      [Termination (ms): Min: 0.0, Avg: 0.0, Max: 0.0, Diff: 0.0, Sum: 0.0]
         [Termination Attempts: Min: 1, Avg: 1.0, Max: 1, Diff: 0, Sum: 2]
      [GC Worker Other (ms): Min: 0.0, Avg: 0.0, Max: 0.0, Diff: 0.0, Sum: 0.0]
      [GC Worker Total (ms): Min: 32.7, Avg: 32.7, Max: 32.8, Diff: 0.0, Sum: 65.5]
      [GC Worker End (ms): Min: 194887.5, Avg: 194887.5, Max: 194887.5, Diff: 0.0]
   [Code Root Fixup: 0.0 ms]
   [Code Root Purge: 0.0 ms]
   [Clear CT: 0.1 ms]
   [Other: 0.4 ms]
      [Choose CSet: 0.0 ms]
      [Ref Proc: 0.1 ms]
      [Ref Enq: 0.0 ms]
      [Redirty Cards: 0.1 ms]
      [Humongous Register: 0.0 ms]
      [Humongous Reclaim: 0.0 ms]
      [Free CSet: 0.1 ms]
   [Eden: 255.0M(255.0M)->0.0B(255.0M) Survivors: 28672.0K->28672.0K Heap: 384.9M(472.0M)->129.9M(472.0M)]
 [Times: user=0.07 sys=0.00, real=0.03 secs] 
2024-07-06T11:27:21.123+0800: 195.289: [GC pause (G1 Evacuation Pause) (young), 0.0293215 secs]
   [Parallel Time: 28.8 ms, GC Workers: 2]
      [GC Worker Start (ms): Min: 195289.5, Avg: 195289.5, Max: 195289.5, Diff: 0.0]
      [Ext Root Scanning (ms): Min: 0.5, Avg: 0.5, Max: 0.5, Diff: 0.0, Sum: 1.0]
      [Update RS (ms): Min: 0.0, Avg: 0.0, Max: 0.0, Diff: 0.0, Sum: 0.0]
         [Processed Buffers: Min: 2, Avg: 2.5, Max: 3, Diff: 1, Sum: 5]
      [Scan RS (ms): Min: 0.1, Avg: 0.1, Max: 0.1, Diff: 0.0, Sum: 0.1]
      [Code Root Scanning (ms): Min: 0.0, Avg: 0.0, Max: 0.0, Diff: 0.0, Sum: 0.0]
      [Object Copy (ms): Min: 28.2, Avg: 28.2, Max: 28.2, Diff: 0.0, Sum: 56.4]
      [Termination (ms): Min: 0.0, Avg: 0.0, Max: 0.0, Diff: 0.0, Sum: 0.0]
         [Termination Attempts: Min: 1, Avg: 1.0, Max: 1, Diff: 0, Sum: 2]
      [GC Worker Other (ms): Min: 0.0, Avg: 0.0, Max: 0.0, Diff: 0.0, Sum: 0.0]
      [GC Worker Total (ms): Min: 28.8, Avg: 28.8, Max: 28.8, Diff: 0.0, Sum: 57.6]
      [GC Worker End (ms): Min: 195318.3, Avg: 195318.3, Max: 195318.3, Diff: 0.0]
   [Code Root Fixup: 0.0 ms]
   [Code Root Purge: 0.0 ms]
   [Clear CT: 0.1 ms]
   [Other: 0.4 ms]
      [Choose CSet: 0.0 ms]
      [Ref Proc: 0.1 ms]
      [Ref Enq: 0.0 ms]
      [Redirty Cards: 0.0 ms]
      [Humongous Register: 0.0 ms]
      [Humongous Reclaim: 0.0 ms]
      [Free CSet: 0.1 ms]
   [Eden: 255.0M(255.0M)->0.0B(259.0M) Survivors: 28672.0K->24576.0K Heap: 384.9M(472.0M)->125.9M(472.0M)]
 [Times: user=0.06 sys=0.00, real=0.03 secs] 
2024-07-06T11:27:21.575+0800: 195.741: [GC pause (G1 Evacuation Pause) (young), 0.0249714 secs]
   [Parallel Time: 24.4 ms, GC Workers: 2]
      [GC Worker Start (ms): Min: 195741.6, Avg: 195741.6, Max: 195741.6, Diff: 0.0]
      [Ext Root Scanning (ms): Min: 0.5, Avg: 0.5, Max: 0.5, Diff: 0.0, Sum: 1.0]
      [Update RS (ms): Min: 0.0, Avg: 0.0, Max: 0.0, Diff: 0.0, Sum: 0.0]
         [Processed Buffers: Min: 1, Avg: 2.5, Max: 4, Diff: 3, Sum: 5]
      [Scan RS (ms): Min: 0.1, Avg: 0.1, Max: 0.1, Diff: 0.0, Sum: 0.2]
      [Code Root Scanning (ms): Min: 0.0, Avg: 0.0, Max: 0.0, Diff: 0.0, Sum: 0.0]
      [Object Copy (ms): Min: 23.7, Avg: 23.8, Max: 23.8, Diff: 0.0, Sum: 47.5]
      [Termination (ms): Min: 0.0, Avg: 0.0, Max: 0.0, Diff: 0.0, Sum: 0.0]
         [Termination Attempts: Min: 1, Avg: 1.0, Max: 1, Diff: 0, Sum: 2]
      [GC Worker Other (ms): Min: 0.0, Avg: 0.0, Max: 0.0, Diff: 0.0, Sum: 0.0]
      [GC Worker Total (ms): Min: 24.4, Avg: 24.4, Max: 24.4, Diff: 0.0, Sum: 48.7]
      [GC Worker End (ms): Min: 195765.9, Avg: 195765.9, Max: 195765.9, Diff: 0.0]
   [Code Root Fixup: 0.0 ms]
   [Code Root Purge: 0.0 ms]
   [Clear CT: 0.1 ms]
   [Other: 0.4 ms]
      [Choose CSet: 0.0 ms]
      [Ref Proc: 0.1 ms]
      [Ref Enq: 0.0 ms]
      [Redirty Cards: 0.0 ms]
      [Humongous Register: 0.0 ms]
      [Humongous Reclaim: 0.0 ms]
      [Free CSet: 0.1 ms]
   [Eden: 259.0M(259.0M)->0.0B(263.0M) Survivors: 24576.0K->20480.0K Heap: 384.9M(472.0M)->121.4M(472.0M)]
 [Times: user=0.05 sys=0.00, real=0.02 secs] 
2024-07-06T11:27:22.055+0800: 196.221: [GC pause (G1 Evacuation Pause) (young), 0.0158980 secs]
   [Parallel Time: 15.4 ms, GC Workers: 2]
      [GC Worker Start (ms): Min: 196220.8, Avg: 196220.8, Max: 196220.8, Diff: 0.0]
      [Ext Root Scanning (ms): Min: 0.6, Avg: 0.6, Max: 0.6, Diff: 0.0, Sum: 1.2]
      [Update RS (ms): Min: 0.0, Avg: 0.0, Max: 0.1, Diff: 0.1, Sum: 0.1]
         [Processed Buffers: Min: 1, Avg: 2.5, Max: 4, Diff: 3, Sum: 5]
      [Scan RS (ms): Min: 0.1, Avg: 0.1, Max: 0.1, Diff: 0.0, Sum: 0.2]
      [Code Root Scanning (ms): Min: 0.0, Avg: 0.0, Max: 0.0, Diff: 0.0, Sum: 0.0]
      [Object Copy (ms): Min: 14.6, Avg: 14.6, Max: 14.7, Diff: 0.1, Sum: 29.2]
      [Termination (ms): Min: 0.0, Avg: 0.0, Max: 0.0, Diff: 0.0, Sum: 0.0]
         [Termination Attempts: Min: 1, Avg: 1.0, Max: 1, Diff: 0, Sum: 2]
      [GC Worker Other (ms): Min: 0.0, Avg: 0.0, Max: 0.0, Diff: 0.0, Sum: 0.0]
      [GC Worker Total (ms): Min: 15.4, Avg: 15.4, Max: 15.4, Diff: 0.0, Sum: 30.7]
      [GC Worker End (ms): Min: 196236.2, Avg: 196236.2, Max: 196236.2, Diff: 0.0]
   [Code Root Fixup: 0.0 ms]
   [Code Root Purge: 0.0 ms]
   [Clear CT: 0.1 ms]
   [Other: 0.4 ms]
      [Choose CSet: 0.0 ms]
      [Ref Proc: 0.1 ms]
      [Ref Enq: 0.0 ms]
      [Redirty Cards: 0.0 ms]
      [Humongous Register: 0.0 ms]
      [Humongous Reclaim: 0.0 ms]
      [Free CSet: 0.1 ms]
   [Eden: 263.0M(263.0M)->0.0B(269.0M) Survivors: 20480.0K->14336.0K Heap: 384.4M(472.0M)->115.4M(472.0M)]
 [Times: user=0.03 sys=0.00, real=0.02 secs] 
2024-07-06T11:27:22.480+0800: 196.646: [GC pause (G1 Evacuation Pause) (young), 0.0266800 secs]
   [Parallel Time: 26.1 ms, GC Workers: 2]
      [GC Worker Start (ms): Min: 196646.1, Avg: 196646.1, Max: 196646.1, Diff: 0.0]
      [Ext Root Scanning (ms): Min: 0.5, Avg: 0.5, Max: 0.5, Diff: 0.0, Sum: 1.0]
      [Update RS (ms): Min: 0.0, Avg: 0.0, Max: 0.0, Diff: 0.0, Sum: 0.0]
         [Processed Buffers: Min: 2, Avg: 2.5, Max: 3, Diff: 1, Sum: 5]
      [Scan RS (ms): Min: 0.1, Avg: 0.1, Max: 0.1, Diff: 0.0, Sum: 0.2]
      [Code Root Scanning (ms): Min: 0.0, Avg: 0.0, Max: 0.0, Diff: 0.0, Sum: 0.0]
      [Object Copy (ms): Min: 25.5, Avg: 25.5, Max: 25.5, Diff: 0.0, Sum: 51.0]
      [Termination (ms): Min: 0.0, Avg: 0.0, Max: 0.0, Diff: 0.0, Sum: 0.0]
         [Termination Attempts: Min: 1, Avg: 1.0, Max: 1, Diff: 0, Sum: 2]
      [GC Worker Other (ms): Min: 0.0, Avg: 0.0, Max: 0.0, Diff: 0.0, Sum: 0.0]
      [GC Worker Total (ms): Min: 26.1, Avg: 26.1, Max: 26.1, Diff: 0.0, Sum: 52.2]
      [GC Worker End (ms): Min: 196672.2, Avg: 196672.2, Max: 196672.2, Diff: 0.0]
   [Code Root Fixup: 0.0 ms]
   [Code Root Purge: 0.0 ms]
   [Clear CT: 0.1 ms]
   [Other: 0.4 ms]
      [Choose CSet: 0.0 ms]
      [Ref Proc: 0.1 ms]
      [Ref Enq: 0.0 ms]
      [Redirty Cards: 0.0 ms]
      [Humongous Register: 0.0 ms]
      [Humongous Reclaim: 0.0 ms]
      [Free CSet: 0.1 ms]
   [Eden: 269.0M(269.0M)->0.0B(260.0M) Survivors: 14336.0K->23552.0K Heap: 384.4M(472.0M)->124.9M(472.0M)]
 [Times: user=0.06 sys=0.00, real=0.02 secs] 
2024-07-06T11:27:22.881+0800: 197.047: [GC pause (G1 Evacuation Pause) (young), 0.0253007 secs]
   [Parallel Time: 24.7 ms, GC Workers: 2]
      [GC Worker Start (ms): Min: 197047.0, Avg: 197047.0, Max: 197047.0, Diff: 0.0]
      [Ext Root Scanning (ms): Min: 0.5, Avg: 0.5, Max: 0.5, Diff: 0.0, Sum: 1.0]
      [Update RS (ms): Min: 0.0, Avg: 0.0, Max: 0.0, Diff: 0.0, Sum: 0.0]
         [Processed Buffers: Min: 2, Avg: 2.5, Max: 3, Diff: 1, Sum: 5]
      [Scan RS (ms): Min: 0.1, Avg: 0.1, Max: 0.1, Diff: 0.0, Sum: 0.1]
      [Code Root Scanning (ms): Min: 0.0, Avg: 0.0, Max: 0.0, Diff: 0.0, Sum: 0.0]
      [Object Copy (ms): Min: 24.1, Avg: 24.1, Max: 24.1, Diff: 0.0, Sum: 48.2]
      [Termination (ms): Min: 0.0, Avg: 0.0, Max: 0.0, Diff: 0.0, Sum: 0.0]
         [Termination Attempts: Min: 1, Avg: 1.0, Max: 1, Diff: 0, Sum: 2]
      [GC Worker Other (ms): Min: 0.0, Avg: 0.0, Max: 0.0, Diff: 0.0, Sum: 0.0]
      [GC Worker Total (ms): Min: 24.7, Avg: 24.7, Max: 24.7, Diff: 0.0, Sum: 49.4]
      [GC Worker End (ms): Min: 197071.7, Avg: 197071.7, Max: 197071.7, Diff: 0.0]
   [Code Root Fixup: 0.0 ms]
   [Code Root Purge: 0.0 ms]
   [Clear CT: 0.1 ms]
   [Other: 0.4 ms]
      [Choose CSet: 0.0 ms]
      [Ref Proc: 0.1 ms]
      [Ref Enq: 0.0 ms]
      [Redirty Cards: 0.0 ms]
      [Humongous Register: 0.0 ms]
      [Humongous Reclaim: 0.0 ms]
      [Free CSet: 0.1 ms]
   [Eden: 260.0M(260.0M)->0.0B(259.0M) Survivors: 23552.0K->24576.0K Heap: 384.9M(472.0M)->125.4M(472.0M)]
 [Times: user=0.05 sys=0.00, real=0.02 secs] 
2024-07-06T11:27:23.297+0800: 197.464: [GC pause (G1 Evacuation Pause) (young), 0.0276308 secs]
   [Parallel Time: 27.2 ms, GC Workers: 2]
      [GC Worker Start (ms): Min: 197463.8, Avg: 197463.8, Max: 197463.8, Diff: 0.0]
      [Ext Root Scanning (ms): Min: 0.5, Avg: 0.5, Max: 0.5, Diff: 0.0, Sum: 1.0]
      [Update RS (ms): Min: 0.0, Avg: 0.0, Max: 0.0, Diff: 0.0, Sum: 0.0]
         [Processed Buffers: Min: 2, Avg: 2.5, Max: 3, Diff: 1, Sum: 5]
      [Scan RS (ms): Min: 0.1, Avg: 0.1, Max: 0.1, Diff: 0.0, Sum: 0.1]
      [Code Root Scanning (ms): Min: 0.0, Avg: 0.0, Max: 0.0, Diff: 0.0, Sum: 0.0]
      [Object Copy (ms): Min: 26.5, Avg: 26.5, Max: 26.5, Diff: 0.0, Sum: 53.0]
      [Termination (ms): Min: 0.0, Avg: 0.0, Max: 0.0, Diff: 0.0, Sum: 0.0]
         [Termination Attempts: Min: 1, Avg: 1.0, Max: 1, Diff: 0, Sum: 2]
      [GC Worker Other (ms): Min: 0.0, Avg: 0.0, Max: 0.0, Diff: 0.0, Sum: 0.0]
      [GC Worker Total (ms): Min: 27.1, Avg: 27.1, Max: 27.1, Diff: 0.0, Sum: 54.2]
      [GC Worker End (ms): Min: 197490.9, Avg: 197490.9, Max: 197490.9, Diff: 0.0]
   [Code Root Fixup: 0.0 ms]
   [Code Root Purge: 0.0 ms]
   [Clear CT: 0.1 ms]
   [Other: 0.4 ms]
      [Choose CSet: 0.0 ms]
      [Ref Proc: 0.1 ms]
      [Ref Enq: 0.0 ms]
      [Redirty Cards: 0.0 ms]
      [Humongous Register: 0.0 ms]
      [Humongous Reclaim: 0.0 ms]
      [Free CSet: 0.2 ms]
   [Eden: 259.0M(259.0M)->0.0B(257.0M) Survivors: 24576.0K->26624.0K Heap: 384.4M(472.0M)->127.9M(472.0M)]
 [Times: user=0.06 sys=0.00, real=0.02 secs] 
2024-07-06T11:27:23.717+0800: 197.883: [GC pause (G1 Evacuation Pause) (young), 0.0346776 secs]
   [Parallel Time: 34.1 ms, GC Workers: 2]
      [GC Worker Start (ms): Min: 197883.6, Avg: 197883.6, Max: 197883.6, Diff: 0.0]
      [Ext Root Scanning (ms): Min: 0.5, Avg: 0.5, Max: 0.5, Diff: 0.0, Sum: 1.1]
      [Update RS (ms): Min: 0.0, Avg: 0.0, Max: 0.0, Diff: 0.0, Sum: 0.0]
         [Processed Buffers: Min: 1, Avg: 2.5, Max: 4, Diff: 3, Sum: 5]
      [Scan RS (ms): Min: 0.1, Avg: 0.1, Max: 0.1, Diff: 0.0, Sum: 0.2]
      [Code Root Scanning (ms): Min: 0.0, Avg: 0.0, Max: 0.0, Diff: 0.0, Sum: 0.0]
      [Object Copy (ms): Min: 33.4, Avg: 33.4, Max: 33.4, Diff: 0.0, Sum: 66.9]
      [Termination (ms): Min: 0.0, Avg: 0.0, Max: 0.0, Diff: 0.0, Sum: 0.0]
         [Termination Attempts: Min: 1, Avg: 1.0, Max: 1, Diff: 0, Sum: 2]
      [GC Worker Other (ms): Min: 0.0, Avg: 0.0, Max: 0.0, Diff: 0.0, Sum: 0.0]
      [GC Worker Total (ms): Min: 34.1, Avg: 34.1, Max: 34.1, Diff: 0.0, Sum: 68.2]
      [GC Worker End (ms): Min: 197917.7, Avg: 197917.7, Max: 197917.7, Diff: 0.0]
   [Code Root Fixup: 0.0 ms]
   [Code Root Purge: 0.0 ms]
   [Clear CT: 0.2 ms]
   [Other: 0.4 ms]
      [Choose CSet: 0.0 ms]
      [Ref Proc: 0.1 ms]
      [Ref Enq: 0.0 ms]
      [Redirty Cards: 0.0 ms]
      [Humongous Register: 0.0 ms]
      [Humongous Reclaim: 0.0 ms]
      [Free CSet: 0.2 ms]
   [Eden: 257.0M(257.0M)->0.0B(255.0M) Survivors: 26624.0K->28672.0K Heap: 384.9M(472.0M)->129.9M(472.0M)]
 [Times: user=0.06 sys=0.00, real=0.03 secs] 
2024-07-06T11:27:24.158+0800: 198.324: [GC pause (G1 Evacuation Pause) (young), 0.0330898 secs]
   [Parallel Time: 32.4 ms, GC Workers: 2]
      [GC Worker Start (ms): Min: 198324.5, Avg: 198324.8, Max: 198325.1, Diff: 0.6]
      [Ext Root Scanning (ms): Min: 0.3, Avg: 0.9, Max: 1.6, Diff: 1.4, Sum: 1.9]
      [Update RS (ms): Min: 0.0, Avg: 0.0, Max: 0.0, Diff: 0.0, Sum: 0.0]
         [Processed Buffers: Min: 0, Avg: 3.0, Max: 6, Diff: 6, Sum: 6]
      [Scan RS (ms): Min: 0.0, Avg: 0.1, Max: 0.1, Diff: 0.1, Sum: 0.1]
      [Code Root Scanning (ms): Min: 0.0, Avg: 0.0, Max: 0.0, Diff: 0.0, Sum: 0.0]
      [Object Copy (ms): Min: 30.7, Avg: 31.0, Max: 31.3, Diff: 0.6, Sum: 62.0]
      [Termination (ms): Min: 0.0, Avg: 0.0, Max: 0.0, Diff: 0.0, Sum: 0.0]
         [Termination Attempts: Min: 1, Avg: 1.0, Max: 1, Diff: 0, Sum: 2]
      [GC Worker Other (ms): Min: 0.0, Avg: 0.0, Max: 0.0, Diff: 0.0, Sum: 0.0]
      [GC Worker Total (ms): Min: 31.8, Avg: 32.1, Max: 32.3, Diff: 0.6, Sum: 64.1]
      [GC Worker End (ms): Min: 198356.9, Avg: 198356.9, Max: 198356.9, Diff: 0.0]
   [Code Root Fixup: 0.0 ms]
   [Code Root Purge: 0.0 ms]
   [Clear CT: 0.2 ms]
   [Other: 0.5 ms]
      [Choose CSet: 0.0 ms]
      [Ref Proc: 0.2 ms]
      [Ref Enq: 0.0 ms]
      [Redirty Cards: 0.1 ms]
      [Humongous Register: 0.0 ms]
      [Humongous Reclaim: 0.0 ms]
      [Free CSet: 0.2 ms]
   [Eden: 255.0M(255.0M)->0.0B(257.0M) Survivors: 28672.0K->26624.0K Heap: 384.9M(472.0M)->127.9M(472.0M)]
 [Times: user=0.06 sys=0.00, real=0.03 secs] 
2024-07-06T11:27:24.580+0800: 198.747: [GC pause (G1 Evacuation Pause) (young), 0.0255070 secs]
   [Parallel Time: 25.0 ms, GC Workers: 2]
      [GC Worker Start (ms): Min: 198746.8, Avg: 198747.0, Max: 198747.2, Diff: 0.4]
      [Ext Root Scanning (ms): Min: 0.3, Avg: 0.8, Max: 1.4, Diff: 1.1, Sum: 1.7]
      [Update RS (ms): Min: 0.0, Avg: 0.0, Max: 0.0, Diff: 0.0, Sum: 0.0]
         [Processed Buffers: Min: 0, Avg: 2.5, Max: 5, Diff: 5, Sum: 5]
      [Scan RS (ms): Min: 0.0, Avg: 0.1, Max: 0.1, Diff: 0.1, Sum: 0.1]
      [Code Root Scanning (ms): Min: 0.0, Avg: 0.0, Max: 0.0, Diff: 0.0, Sum: 0.0]
      [Object Copy (ms): Min: 23.5, Avg: 23.8, Max: 24.0, Diff: 0.5, Sum: 47.6]
      [Termination (ms): Min: 0.0, Avg: 0.0, Max: 0.0, Diff: 0.0, Sum: 0.0]
         [Termination Attempts: Min: 1, Avg: 1.0, Max: 1, Diff: 0, Sum: 2]
      [GC Worker Other (ms): Min: 0.0, Avg: 0.0, Max: 0.0, Diff: 0.0, Sum: 0.0]
      [GC Worker Total (ms): Min: 24.5, Avg: 24.7, Max: 24.9, Diff: 0.4, Sum: 49.5]
      [GC Worker End (ms): Min: 198771.7, Avg: 198771.7, Max: 198771.7, Diff: 0.0]
   [Code Root Fixup: 0.0 ms]
   [Code Root Purge: 0.0 ms]
   [Clear CT: 0.1 ms]
   [Other: 0.4 ms]
      [Choose CSet: 0.0 ms]
      [Ref Proc: 0.1 ms]
      [Ref Enq: 0.0 ms]
      [Redirty Cards: 0.1 ms]
      [Humongous Register: 0.0 ms]
      [Humongous Reclaim: 0.0 ms]
      [Free CSet: 0.1 ms]
   [Eden: 257.0M(257.0M)->0.0B(262.0M) Survivors: 26624.0K->21504.0K Heap: 384.9M(472.0M)->122.4M(472.0M)]
 [Times: user=0.04 sys=0.00, real=0.02 secs] 
2024-07-06T11:27:24.983+0800: 199.149: [GC pause (G1 Evacuation Pause) (young), 0.0201914 secs]
   [Parallel Time: 19.6 ms, GC Workers: 2]
      [GC Worker Start (ms): Min: 199149.5, Avg: 199149.5, Max: 199149.5, Diff: 0.0]
      [Ext Root Scanning (ms): Min: 0.5, Avg: 0.5, Max: 0.5, Diff: 0.0, Sum: 1.0]
      [Update RS (ms): Min: 0.0, Avg: 0.0, Max: 0.0, Diff: 0.0, Sum: 0.0]
         [Processed Buffers: Min: 1, Avg: 2.5, Max: 4, Diff: 3, Sum: 5]
      [Scan RS (ms): Min: 0.1, Avg: 0.1, Max: 0.1, Diff: 0.0, Sum: 0.2]
      [Code Root Scanning (ms): Min: 0.0, Avg: 0.0, Max: 0.0, Diff: 0.0, Sum: 0.0]
      [Object Copy (ms): Min: 18.9, Avg: 18.9, Max: 18.9, Diff: 0.0, Sum: 37.9]
      [Termination (ms): Min: 0.0, Avg: 0.0, Max: 0.0, Diff: 0.0, Sum: 0.0]
         [Termination Attempts: Min: 2, Avg: 4.5, Max: 7, Diff: 5, Sum: 9]
      [GC Worker Other (ms): Min: 0.0, Avg: 0.0, Max: 0.0, Diff: 0.0, Sum: 0.0]
      [GC Worker Total (ms): Min: 19.6, Avg: 19.6, Max: 19.6, Diff: 0.0, Sum: 39.1]
      [GC Worker End (ms): Min: 199169.1, Avg: 199169.1, Max: 199169.1, Diff: 0.0]
   [Code Root Fixup: 0.0 ms]
   [Code Root Purge: 0.0 ms]
   [Clear CT: 0.2 ms]
   [Other: 0.4 ms]
      [Choose CSet: 0.0 ms]
      [Ref Proc: 0.1 ms]
      [Ref Enq: 0.0 ms]
      [Redirty Cards: 0.0 ms]
      [Humongous Register: 0.0 ms]
      [Humongous Reclaim: 0.0 ms]
      [Free CSet: 0.1 ms]
   [Eden: 262.0M(262.0M)->0.0B(265.0M) Survivors: 21504.0K->18432.0K Heap: 384.4M(472.0M)->119.9M(472.0M)]
 [Times: user=0.04 sys=0.00, real=0.02 secs] 
2024-07-06T11:27:25.386+0800: 199.552: [GC pause (G1 Evacuation Pause) (young), 0.0264391 secs]
   [Parallel Time: 25.9 ms, GC Workers: 2]
      [GC Worker Start (ms): Min: 199551.8, Avg: 199551.9, Max: 199552.1, Diff: 0.3]
      [Ext Root Scanning (ms): Min: 0.4, Avg: 0.5, Max: 0.7, Diff: 0.3, Sum: 1.1]
      [Update RS (ms): Min: 0.0, Avg: 0.0, Max: 0.0, Diff: 0.0, Sum: 0.0]
         [Processed Buffers: Min: 2, Avg: 2.5, Max: 3, Diff: 1, Sum: 5]
      [Scan RS (ms): Min: 0.1, Avg: 0.1, Max: 0.1, Diff: 0.0, Sum: 0.2]
      [Code Root Scanning (ms): Min: 0.0, Avg: 0.0, Max: 0.0, Diff: 0.0, Sum: 0.0]
      [Object Copy (ms): Min: 25.1, Avg: 25.1, Max: 25.1, Diff: 0.0, Sum: 50.2]
      [Termination (ms): Min: 0.0, Avg: 0.0, Max: 0.0, Diff: 0.0, Sum: 0.0]
         [Termination Attempts: Min: 1, Avg: 1.5, Max: 2, Diff: 1, Sum: 3]
      [GC Worker Other (ms): Min: 0.0, Avg: 0.0, Max: 0.0, Diff: 0.0, Sum: 0.0]
      [GC Worker Total (ms): Min: 25.6, Avg: 25.7, Max: 25.9, Diff: 0.3, Sum: 51.5]
      [GC Worker End (ms): Min: 199577.7, Avg: 199577.7, Max: 199577.7, Diff: 0.0]
   [Code Root Fixup: 0.0 ms]
   [Code Root Purge: 0.0 ms]
   [Clear CT: 0.1 ms]
   [Other: 0.4 ms]
      [Choose CSet: 0.0 ms]
      [Ref Proc: 0.1 ms]
      [Ref Enq: 0.0 ms]
      [Redirty Cards: 0.1 ms]
      [Humongous Register: 0.0 ms]
      [Humongous Reclaim: 0.0 ms]
      [Free CSet: 0.1 ms]
   [Eden: 265.0M(265.0M)->0.0B(259.0M) Survivors: 18432.0K->24576.0K Heap: 384.9M(472.0M)->125.4M(472.0M)]
 [Times: user=0.05 sys=0.00, real=0.03 secs] 
2024-07-06T11:27:25.792+0800: 199.958: [GC pause (G1 Evacuation Pause) (young), 0.0213988 secs]
   [Parallel Time: 20.9 ms, GC Workers: 2]
      [GC Worker Start (ms): Min: 199957.9, Avg: 199957.9, Max: 199957.9, Diff: 0.0]
      [Ext Root Scanning (ms): Min: 0.6, Avg: 0.6, Max: 0.6, Diff: 0.0, Sum: 1.1]
      [Update RS (ms): Min: 0.0, Avg: 0.0, Max: 0.0, Diff: 0.0, Sum: 0.0]
         [Processed Buffers: Min: 2, Avg: 2.5, Max: 3, Diff: 1, Sum: 5]
      [Scan RS (ms): Min: 0.1, Avg: 0.1, Max: 0.1, Diff: 0.0, Sum: 0.2]
      [Code Root Scanning (ms): Min: 0.0, Avg: 0.0, Max: 0.0, Diff: 0.0, Sum: 0.0]
      [Object Copy (ms): Min: 20.2, Avg: 20.2, Max: 20.2, Diff: 0.0, Sum: 40.4]
      [Termination (ms): Min: 0.0, Avg: 0.0, Max: 0.0, Diff: 0.0, Sum: 0.0]
         [Termination Attempts: Min: 1, Avg: 1.0, Max: 1, Diff: 0, Sum: 2]
      [GC Worker Other (ms): Min: 0.0, Avg: 0.0, Max: 0.0, Diff: 0.0, Sum: 0.0]
      [GC Worker Total (ms): Min: 20.9, Avg: 20.9, Max: 20.9, Diff: 0.0, Sum: 41.7]
      [GC Worker End (ms): Min: 199978.8, Avg: 199978.8, Max: 199978.8, Diff: 0.0]
   [Code Root Fixup: 0.0 ms]
   [Code Root Purge: 0.0 ms]
   [Clear CT: 0.1 ms]
   [Other: 0.4 ms]
      [Choose CSet: 0.0 ms]
      [Ref Proc: 0.1 ms]
      [Ref Enq: 0.0 ms]
      [Redirty Cards: 0.0 ms]
      [Humongous Register: 0.0 ms]
      [Humongous Reclaim: 0.0 ms]
      [Free CSet: 0.1 ms]
   [Eden: 259.0M(259.0M)->0.0B(263.0M) Survivors: 24576.0K->20480.0K Heap: 384.4M(472.0M)->121.9M(472.0M)]
 [Times: user=0.05 sys=0.00, real=0.02 secs] 
2024-07-06T11:27:26.217+0800: 200.384: [GC pause (G1 Evacuation Pause) (young), 0.0283285 secs]
   [Parallel Time: 27.8 ms, GC Workers: 2]
      [GC Worker Start (ms): Min: 200383.6, Avg: 200383.6, Max: 200383.7, Diff: 0.0]
      [Ext Root Scanning (ms): Min: 0.5, Avg: 0.5, Max: 0.5, Diff: 0.0, Sum: 1.0]
      [Update RS (ms): Min: 0.0, Avg: 0.0, Max: 0.0, Diff: 0.0, Sum: 0.0]
         [Processed Buffers: Min: 2, Avg: 2.5, Max: 3, Diff: 1, Sum: 5]
      [Scan RS (ms): Min: 0.1, Avg: 0.1, Max: 0.1, Diff: 0.0, Sum: 0.2]
      [Code Root Scanning (ms): Min: 0.0, Avg: 0.0, Max: 0.0, Diff: 0.0, Sum: 0.0]
      [Object Copy (ms): Min: 27.1, Avg: 27.1, Max: 27.1, Diff: 0.0, Sum: 54.2]
      [Termination (ms): Min: 0.0, Avg: 0.0, Max: 0.0, Diff: 0.0, Sum: 0.0]
         [Termination Attempts: Min: 2, Avg: 2.5, Max: 3, Diff: 1, Sum: 5]
      [GC Worker Other (ms): Min: 0.0, Avg: 0.0, Max: 0.0, Diff: 0.0, Sum: 0.0]
      [GC Worker Total (ms): Min: 27.7, Avg: 27.8, Max: 27.8, Diff: 0.0, Sum: 55.5]
      [GC Worker End (ms): Min: 200411.4, Avg: 200411.4, Max: 200411.4, Diff: 0.0]
   [Code Root Fixup: 0.0 ms]
   [Code Root Purge: 0.0 ms]
   [Clear CT: 0.1 ms]
   [Other: 0.4 ms]
      [Choose CSet: 0.0 ms]
      [Ref Proc: 0.1 ms]
      [Ref Enq: 0.0 ms]
      [Redirty Cards: 0.0 ms]
      [Humongous Register: 0.0 ms]
      [Humongous Reclaim: 0.0 ms]
      [Free CSet: 0.1 ms]
   [Eden: 263.0M(263.0M)->0.0B(255.0M) Survivors: 20480.0K->28672.0K Heap: 384.9M(472.0M)->129.4M(472.0M)]
 [Times: user=0.06 sys=0.00, real=0.02 secs] 
2024-07-06T11:27:26.627+0800: 200.793: [GC pause (G1 Evacuation Pause) (young), 0.0348561 secs]
   [Parallel Time: 34.3 ms, GC Workers: 2]
      [GC Worker Start (ms): Min: 200793.6, Avg: 200793.6, Max: 200793.6, Diff: 0.0]
      [Ext Root Scanning (ms): Min: 0.5, Avg: 0.5, Max: 0.5, Diff: 0.0, Sum: 1.0]
      [Update RS (ms): Min: 0.0, Avg: 0.0, Max: 0.0, Diff: 0.0, Sum: 0.0]
         [Processed Buffers: Min: 2, Avg: 2.5, Max: 3, Diff: 1, Sum: 5]
      [Scan RS (ms): Min: 0.1, Avg: 0.1, Max: 0.1, Diff: 0.0, Sum: 0.2]
      [Code Root Scanning (ms): Min: 0.0, Avg: 0.0, Max: 0.0, Diff: 0.0, Sum: 0.0]
      [Object Copy (ms): Min: 33.6, Avg: 33.6, Max: 33.7, Diff: 0.0, Sum: 67.3]
      [Termination (ms): Min: 0.0, Avg: 0.0, Max: 0.0, Diff: 0.0, Sum: 0.0]
         [Termination Attempts: Min: 1, Avg: 1.0, Max: 1, Diff: 0, Sum: 2]
      [GC Worker Other (ms): Min: 0.0, Avg: 0.0, Max: 0.0, Diff: 0.0, Sum: 0.0]
      [GC Worker Total (ms): Min: 34.3, Avg: 34.3, Max: 34.3, Diff: 0.0, Sum: 68.6]
      [GC Worker End (ms): Min: 200827.9, Avg: 200827.9, Max: 200827.9, Diff: 0.0]
   [Code Root Fixup: 0.0 ms]
   [Code Root Purge: 0.0 ms]
   [Clear CT: 0.1 ms]
   [Other: 0.4 ms]
      [Choose CSet: 0.0 ms]
      [Ref Proc: 0.1 ms]
      [Ref Enq: 0.0 ms]
      [Redirty Cards: 0.0 ms]
      [Humongous Register: 0.0 ms]
      [Humongous Reclaim: 0.0 ms]
      [Free CSet: 0.1 ms]
   [Eden: 255.0M(255.0M)->0.0B(251.0M) Survivors: 28672.0K->32768.0K Heap: 384.4M(472.0M)->133.4M(472.0M)]
 [Times: user=0.07 sys=0.00, real=0.03 secs] 
2024-07-06T11:27:27.037+0800: 201.203: [GC pause (G1 Evacuation Pause) (young), 0.0323867 secs]
   [Parallel Time: 31.9 ms, GC Workers: 2]
      [GC Worker Start (ms): Min: 201203.3, Avg: 201203.3, Max: 201203.3, Diff: 0.0]
      [Ext Root Scanning (ms): Min: 0.5, Avg: 0.5, Max: 0.5, Diff: 0.0, Sum: 1.0]
      [Update RS (ms): Min: 0.0, Avg: 0.0, Max: 0.0, Diff: 0.0, Sum: 0.0]
         [Processed Buffers: Min: 2, Avg: 2.5, Max: 3, Diff: 1, Sum: 5]
      [Scan RS (ms): Min: 0.1, Avg: 0.1, Max: 0.1, Diff: 0.0, Sum: 0.1]
      [Code Root Scanning (ms): Min: 0.0, Avg: 0.0, Max: 0.0, Diff: 0.0, Sum: 0.0]
      [Object Copy (ms): Min: 31.3, Avg: 31.3, Max: 31.3, Diff: 0.0, Sum: 62.5]
      [Termination (ms): Min: 0.0, Avg: 0.0, Max: 0.0, Diff: 0.0, Sum: 0.0]
         [Termination Attempts: Min: 1, Avg: 1.0, Max: 1, Diff: 0, Sum: 2]
      [GC Worker Other (ms): Min: 0.0, Avg: 0.0, Max: 0.0, Diff: 0.0, Sum: 0.0]
      [GC Worker Total (ms): Min: 31.9, Avg: 31.9, Max: 31.9, Diff: 0.0, Sum: 63.7]
      [GC Worker End (ms): Min: 201235.2, Avg: 201235.2, Max: 201235.2, Diff: 0.0]
   [Code Root Fixup: 0.0 ms]
   [Code Root Purge: 0.0 ms]
   [Clear CT: 0.1 ms]
   [Other: 0.4 ms]
      [Choose CSet: 0.0 ms]
      [Ref Proc: 0.1 ms]
      [Ref Enq: 0.0 ms]
      [Redirty Cards: 0.0 ms]
      [Humongous Register: 0.0 ms]
      [Humongous Reclaim: 0.0 ms]
      [Free CSet: 0.1 ms]
   [Eden: 251.0M(251.0M)->0.0B(254.0M) Survivors: 32768.0K->29696.0K Heap: 384.4M(472.0M)->130.4M(472.0M)]
 [Times: user=0.06 sys=0.00, real=0.03 secs] 
2024-07-06T11:27:27.455+0800: 201.621: [GC pause (G1 Evacuation Pause) (young), 0.0286121 secs]
   [Parallel Time: 28.1 ms, GC Workers: 2]
      [GC Worker Start (ms): Min: 201621.3, Avg: 201621.3, Max: 201621.3, Diff: 0.0]
      [Ext Root Scanning (ms): Min: 0.5, Avg: 0.5, Max: 0.5, Diff: 0.0, Sum: 1.1]
      [Update RS (ms): Min: 0.0, Avg: 0.0, Max: 0.0, Diff: 0.0, Sum: 0.0]
         [Processed Buffers: Min: 2, Avg: 2.5, Max: 3, Diff: 1, Sum: 5]
      [Scan RS (ms): Min: 0.1, Avg: 0.1, Max: 0.1, Diff: 0.0, Sum: 0.2]
      [Code Root Scanning (ms): Min: 0.0, Avg: 0.0, Max: 0.0, Diff: 0.0, Sum: 0.0]
      [Object Copy (ms): Min: 27.3, Avg: 27.4, Max: 27.4, Diff: 0.0, Sum: 54.7]
      [Termination (ms): Min: 0.0, Avg: 0.0, Max: 0.0, Diff: 0.0, Sum: 0.0]
         [Termination Attempts: Min: 1, Avg: 1.0, Max: 1, Diff: 0, Sum: 2]
      [GC Worker Other (ms): Min: 0.0, Avg: 0.0, Max: 0.0, Diff: 0.0, Sum: 0.0]
      [GC Worker Total (ms): Min: 28.0, Avg: 28.0, Max: 28.1, Diff: 0.0, Sum: 56.1]
      [GC Worker End (ms): Min: 201649.3, Avg: 201649.3, Max: 201649.3, Diff: 0.0]
   [Code Root Fixup: 0.0 ms]
   [Code Root Purge: 0.0 ms]
   [Clear CT: 0.1 ms]
   [Other: 0.4 ms]
      [Choose CSet: 0.0 ms]
      [Ref Proc: 0.1 ms]
      [Ref Enq: 0.0 ms]
      [Redirty Cards: 0.0 ms]
      [Humongous Register: 0.0 ms]
      [Humongous Reclaim: 0.0 ms]
      [Free CSet: 0.1 ms]
   [Eden: 254.0M(254.0M)->0.0B(258.0M) Survivors: 29696.0K->25600.0K Heap: 384.4M(472.0M)->126.4M(472.0M)]
 [Times: user=0.06 sys=0.00, real=0.03 secs] 
2024-07-06T11:27:27.895+0800: 202.061: [GC pause (G1 Evacuation Pause) (young), 0.0326159 secs]
   [Parallel Time: 32.0 ms, GC Workers: 2]
      [GC Worker Start (ms): Min: 202061.5, Avg: 202061.6, Max: 202061.6, Diff: 0.0]
      [Ext Root Scanning (ms): Min: 0.5, Avg: 0.5, Max: 0.5, Diff: 0.0, Sum: 1.0]
      [Update RS (ms): Min: 0.0, Avg: 0.0, Max: 0.0, Diff: 0.0, Sum: 0.0]
         [Processed Buffers: Min: 1, Avg: 2.5, Max: 4, Diff: 3, Sum: 5]
      [Scan RS (ms): Min: 0.1, Avg: 0.1, Max: 0.1, Diff: 0.0, Sum: 0.2]
      [Code Root Scanning (ms): Min: 0.0, Avg: 0.0, Max: 0.0, Diff: 0.0, Sum: 0.0]
      [Object Copy (ms): Min: 30.3, Avg: 30.8, Max: 31.3, Diff: 1.0, Sum: 61.6]
      [Termination (ms): Min: 0.0, Avg: 0.5, Max: 1.0, Diff: 1.0, Sum: 1.0]
         [Termination Attempts: Min: 1, Avg: 1.0, Max: 1, Diff: 0, Sum: 2]
      [GC Worker Other (ms): Min: 0.0, Avg: 0.0, Max: 0.0, Diff: 0.0, Sum: 0.0]
      [GC Worker Total (ms): Min: 32.0, Avg: 32.0, Max: 32.0, Diff: 0.0, Sum: 64.0]
      [GC Worker End (ms): Min: 202093.5, Avg: 202093.5, Max: 202093.5, Diff: 0.0]
   [Code Root Fixup: 0.0 ms]
   [Code Root Purge: 0.0 ms]
   [Clear CT: 0.1 ms]
   [Other: 0.4 ms]
      [Choose CSet: 0.0 ms]
      [Ref Proc: 0.1 ms]
      [Ref Enq: 0.0 ms]
      [Redirty Cards: 0.0 ms]
      [Humongous Register: 0.0 ms]
      [Humongous Reclaim: 0.0 ms]
      [Free CSet: 0.1 ms]
   [Eden: 258.0M(258.0M)->0.0B(261.0M) Survivors: 25600.0K->22528.0K Heap: 384.4M(472.0M)->123.4M(472.0M)]
 [Times: user=0.05 sys=0.00, real=0.03 secs] 
2024-07-06T11:27:28.339+0800: 202.505: [GC pause (G1 Evacuation Pause) (young), 0.0152862 secs]
   [Parallel Time: 14.6 ms, GC Workers: 2]
      [GC Worker Start (ms): Min: 202505.3, Avg: 202506.2, Max: 202507.1, Diff: 1.8]
      [Ext Root Scanning (ms): Min: 0.0, Avg: 0.3, Max: 0.7, Diff: 0.7, Sum: 0.7]
      [Update RS (ms): Min: 0.0, Avg: 0.0, Max: 0.0, Diff: 0.0, Sum: 0.0]
         [Processed Buffers: Min: 0, Avg: 3.0, Max: 6, Diff: 6, Sum: 6]
      [Scan RS (ms): Min: 0.0, Avg: 0.1, Max: 0.1, Diff: 0.1, Sum: 0.1]
      [Code Root Scanning (ms): Min: 0.0, Avg: 0.0, Max: 0.0, Diff: 0.0, Sum: 0.0]
      [Object Copy (ms): Min: 12.7, Avg: 13.2, Max: 13.8, Diff: 1.0, Sum: 26.5]
      [Termination (ms): Min: 0.0, Avg: 0.0, Max: 0.0, Diff: 0.0, Sum: 0.0]
         [Termination Attempts: Min: 1, Avg: 1.0, Max: 1, Diff: 0, Sum: 2]
      [GC Worker Other (ms): Min: 0.0, Avg: 0.0, Max: 0.0, Diff: 0.0, Sum: 0.0]
      [GC Worker Total (ms): Min: 12.8, Avg: 13.7, Max: 14.6, Diff: 1.8, Sum: 27.4]
      [GC Worker End (ms): Min: 202519.9, Avg: 202519.9, Max: 202519.9, Diff: 0.0]
   [Code Root Fixup: 0.0 ms]
   [Code Root Purge: 0.0 ms]
   [Clear CT: 0.2 ms]
   [Other: 0.5 ms]
      [Choose CSet: 0.0 ms]
      [Ref Proc: 0.2 ms]
      [Ref Enq: 0.0 ms]
      [Redirty Cards: 0.0 ms]
      [Humongous Register: 0.0 ms]
      [Humongous Reclaim: 0.0 ms]
      [Free CSet: 0.1 ms]
   [Eden: 261.0M(261.0M)->0.0B(270.0M) Survivors: 22528.0K->13312.0K Heap: 384.4M(472.0M)->114.9M(472.0M)]
 [Times: user=0.02 sys=0.00, real=0.01 secs] 
2024-07-06T11:27:28.749+0800: 202.916: [GC pause (G1 Evacuation Pause) (young), 0.0137209 secs]
   [Parallel Time: 12.9 ms, GC Workers: 2]
      [GC Worker Start (ms): Min: 202915.6, Avg: 202915.7, Max: 202915.7, Diff: 0.0]
      [Ext Root Scanning (ms): Min: 0.5, Avg: 0.5, Max: 0.5, Diff: 0.0, Sum: 1.1]
      [Update RS (ms): Min: 0.0, Avg: 0.0, Max: 0.0, Diff: 0.0, Sum: 0.0]
         [Processed Buffers: Min: 2, Avg: 3.0, Max: 4, Diff: 2, Sum: 6]
      [Scan RS (ms): Min: 0.1, Avg: 0.1, Max: 0.1, Diff: 0.0, Sum: 0.2]
      [Code Root Scanning (ms): Min: 0.0, Avg: 0.0, Max: 0.0, Diff: 0.0, Sum: 0.0]
      [Object Copy (ms): Min: 12.2, Avg: 12.2, Max: 12.2, Diff: 0.0, Sum: 24.4]
      [Termination (ms): Min: 0.0, Avg: 0.0, Max: 0.0, Diff: 0.0, Sum: 0.0]
         [Termination Attempts: Min: 1, Avg: 1.5, Max: 2, Diff: 1, Sum: 3]
      [GC Worker Other (ms): Min: 0.0, Avg: 0.0, Max: 0.0, Diff: 0.0, Sum: 0.0]
      [GC Worker Total (ms): Min: 12.8, Avg: 12.8, Max: 12.8, Diff: 0.0, Sum: 25.7]
      [GC Worker End (ms): Min: 202928.5, Avg: 202928.5, Max: 202928.5, Diff: 0.0]
   [Code Root Fixup: 0.0 ms]
   [Code Root Purge: 0.0 ms]
   [Clear CT: 0.3 ms]
   [Other: 0.5 ms]
      [Choose CSet: 0.0 ms]
      [Ref Proc: 0.1 ms]
      [Ref Enq: 0.0 ms]
      [Redirty Cards: 0.1 ms]
      [Humongous Register: 0.0 ms]
      [Humongous Reclaim: 0.0 ms]
      [Free CSet: 0.2 ms]
   [Eden: 270.0M(270.0M)->0.0B(268.0M) Survivors: 13312.0K->15360.0K Heap: 384.9M(472.0M)->116.9M(472.0M)]
 [Times: user=0.02 sys=0.00, real=0.01 secs] 
2024-07-06T11:27:29.185+0800: 203.351: [GC pause (G1 Evacuation Pause) (young), 0.0268124 secs]
   [Parallel Time: 26.3 ms, GC Workers: 2]
      [GC Worker Start (ms): Min: 203351.2, Avg: 203351.2, Max: 203351.2, Diff: 0.0]
      [Ext Root Scanning (ms): Min: 0.5, Avg: 0.5, Max: 0.5, Diff: 0.0, Sum: 1.0]
      [Update RS (ms): Min: 0.0, Avg: 0.0, Max: 0.0, Diff: 0.0, Sum: 0.0]
         [Processed Buffers: Min: 3, Avg: 3.0, Max: 3, Diff: 0, Sum: 6]
      [Scan RS (ms): Min: 0.1, Avg: 0.1, Max: 0.1, Diff: 0.0, Sum: 0.1]
      [Code Root Scanning (ms): Min: 0.0, Avg: 0.0, Max: 0.0, Diff: 0.0, Sum: 0.0]
      [Object Copy (ms): Min: 25.6, Avg: 25.6, Max: 25.6, Diff: 0.0, Sum: 51.2]
      [Termination (ms): Min: 0.0, Avg: 0.0, Max: 0.0, Diff: 0.0, Sum: 0.0]
         [Termination Attempts: Min: 1, Avg: 1.0, Max: 1, Diff: 0, Sum: 2]
      [GC Worker Other (ms): Min: 0.0, Avg: 0.0, Max: 0.0, Diff: 0.0, Sum: 0.0]
      [GC Worker Total (ms): Min: 26.2, Avg: 26.2, Max: 26.2, Diff: 0.0, Sum: 52.4]
      [GC Worker End (ms): Min: 203377.4, Avg: 203377.4, Max: 203377.4, Diff: 0.0]
   [Code Root Fixup: 0.0 ms]
   [Code Root Purge: 0.0 ms]
   [Clear CT: 0.1 ms]
   [Other: 0.4 ms]
      [Choose CSet: 0.0 ms]
      [Ref Proc: 0.1 ms]
      [Ref Enq: 0.0 ms]
      [Redirty Cards: 0.1 ms]
      [Humongous Register: 0.0 ms]
      [Humongous Reclaim: 0.0 ms]
      [Free CSet: 0.1 ms]
   [Eden: 268.0M(268.0M)->0.0B(258.0M) Survivors: 15360.0K->25600.0K Heap: 384.9M(472.0M)->126.9M(472.0M)]
 [Times: user=0.05 sys=0.00, real=0.03 secs] 
2024-07-06T11:27:29.603+0800: 203.769: [GC pause (G1 Evacuation Pause) (young), 0.0285441 secs]
   [Parallel Time: 28.0 ms, GC Workers: 2]
      [GC Worker Start (ms): Min: 203769.6, Avg: 203769.6, Max: 203769.6, Diff: 0.0]
      [Ext Root Scanning (ms): Min: 0.5, Avg: 0.5, Max: 0.5, Diff: 0.0, Sum: 1.1]
      [Update RS (ms): Min: 0.0, Avg: 0.0, Max: 0.0, Diff: 0.0, Sum: 0.0]
         [Processed Buffers: Min: 1, Avg: 3.0, Max: 5, Diff: 4, Sum: 6]
      [Scan RS (ms): Min: 0.1, Avg: 0.1, Max: 0.1, Diff: 0.0, Sum: 0.2]
      [Code Root Scanning (ms): Min: 0.0, Avg: 0.0, Max: 0.0, Diff: 0.0, Sum: 0.0]
      [Object Copy (ms): Min: 27.2, Avg: 27.2, Max: 27.2, Diff: 0.0, Sum: 54.5]
      [Termination (ms): Min: 0.0, Avg: 0.0, Max: 0.0, Diff: 0.0, Sum: 0.0]
         [Termination Attempts: Min: 1, Avg: 1.0, Max: 1, Diff: 0, Sum: 2]
      [GC Worker Other (ms): Min: 0.0, Avg: 0.0, Max: 0.0, Diff: 0.0, Sum: 0.0]
      [GC Worker Total (ms): Min: 27.9, Avg: 27.9, Max: 27.9, Diff: 0.0, Sum: 55.8]
      [GC Worker End (ms): Min: 203797.5, Avg: 203797.5, Max: 203797.5, Diff: 0.0]
   [Code Root Fixup: 0.0 ms]
   [Code Root Purge: 0.0 ms]
   [Clear CT: 0.1 ms]
   [Other: 0.5 ms]
      [Choose CSet: 0.0 ms]
      [Ref Proc: 0.1 ms]
      [Ref Enq: 0.0 ms]
      [Redirty Cards: 0.1 ms]
      [Humongous Register: 0.0 ms]
      [Humongous Reclaim: 0.0 ms]
      [Free CSet: 0.2 ms]
   [Eden: 258.0M(258.0M)->0.0B(256.0M) Survivors: 25600.0K->27648.0K Heap: 384.9M(472.0M)->128.4M(472.0M)]
 [Times: user=0.05 sys=0.00, real=0.03 secs] 
2024-07-06T11:27:30.049+0800: 204.215: [GC pause (G1 Evacuation Pause) (young), 0.0408033 secs]
   [Parallel Time: 40.3 ms, GC Workers: 2]
      [GC Worker Start (ms): Min: 204215.4, Avg: 204215.4, Max: 204215.5, Diff: 0.1]
      [Ext Root Scanning (ms): Min: 0.4, Avg: 0.5, Max: 0.6, Diff: 0.2, Sum: 1.0]
      [Update RS (ms): Min: 0.0, Avg: 0.0, Max: 0.1, Diff: 0.0, Sum: 0.1]
         [Processed Buffers: Min: 0, Avg: 2.5, Max: 5, Diff: 5, Sum: 5]
      [Scan RS (ms): Min: 0.1, Avg: 0.1, Max: 0.1, Diff: 0.0, Sum: 0.1]
      [Code Root Scanning (ms): Min: 0.0, Avg: 0.0, Max: 0.0, Diff: 0.0, Sum: 0.0]
      [Object Copy (ms): Min: 39.5, Avg: 39.5, Max: 39.5, Diff: 0.0, Sum: 79.1]
      [Termination (ms): Min: 0.0, Avg: 0.0, Max: 0.0, Diff: 0.0, Sum: 0.0]
         [Termination Attempts: Min: 1, Avg: 1.0, Max: 1, Diff: 0, Sum: 2]
      [GC Worker Other (ms): Min: 0.0, Avg: 0.0, Max: 0.0, Diff: 0.0, Sum: 0.0]
      [GC Worker Total (ms): Min: 40.1, Avg: 40.2, Max: 40.2, Diff: 0.1, Sum: 80.3]
      [GC Worker End (ms): Min: 204255.6, Avg: 204255.6, Max: 204255.6, Diff: 0.0]
   [Code Root Fixup: 0.0 ms]
   [Code Root Purge: 0.0 ms]
   [Clear CT: 0.1 ms]
   [Other: 0.4 ms]
      [Choose CSet: 0.0 ms]
      [Ref Proc: 0.1 ms]
      [Ref Enq: 0.0 ms]
      [Redirty Cards: 0.0 ms]
      [Humongous Register: 0.0 ms]
      [Humongous Reclaim: 0.0 ms]
      [Free CSet: 0.2 ms]
   [Eden: 256.0M(256.0M)->0.0B(254.0M) Survivors: 27648.0K->29696.0K Heap: 384.4M(472.0M)->130.4M(472.0M)]
 [Times: user=0.06 sys=0.00, real=0.04 secs] 
2024-07-06T11:27:30.479+0800: 204.645: [GC pause (G1 Evacuation Pause) (young), 0.0317255 secs]
   [Parallel Time: 31.2 ms, GC Workers: 2]
      [GC Worker Start (ms): Min: 204645.5, Avg: 204645.6, Max: 204645.6, Diff: 0.0]
      [Ext Root Scanning (ms): Min: 0.6, Avg: 0.6, Max: 0.6, Diff: 0.0, Sum: 1.2]
      [Update RS (ms): Min: 0.0, Avg: 0.0, Max: 0.0, Diff: 0.0, Sum: 0.1]
         [Processed Buffers: Min: 2, Avg: 2.5, Max: 3, Diff: 1, Sum: 5]
      [Scan RS (ms): Min: 0.1, Avg: 0.1, Max: 0.1, Diff: 0.0, Sum: 0.2]
      [Code Root Scanning (ms): Min: 0.0, Avg: 0.0, Max: 0.0, Diff: 0.0, Sum: 0.0]
      [Object Copy (ms): Min: 30.5, Avg: 30.5, Max: 30.5, Diff: 0.0, Sum: 60.9]
      [Termination (ms): Min: 0.0, Avg: 0.0, Max: 0.0, Diff: 0.0, Sum: 0.0]
         [Termination Attempts: Min: 1, Avg: 1.0, Max: 1, Diff: 0, Sum: 2]
      [GC Worker Other (ms): Min: 0.0, Avg: 0.0, Max: 0.0, Diff: 0.0, Sum: 0.0]
      [GC Worker Total (ms): Min: 31.2, Avg: 31.2, Max: 31.2, Diff: 0.0, Sum: 62.4]
      [GC Worker End (ms): Min: 204676.7, Avg: 204676.7, Max: 204676.7, Diff: 0.0]
   [Code Root Fixup: 0.0 ms]
   [Code Root Purge: 0.0 ms]
   [Clear CT: 0.1 ms]
   [Other: 0.4 ms]
      [Choose CSet: 0.0 ms]
      [Ref Proc: 0.1 ms]
      [Ref Enq: 0.0 ms]
      [Redirty Cards: 0.0 ms]
      [Humongous Register: 0.0 ms]
      [Humongous Reclaim: 0.0 ms]
      [Free CSet: 0.1 ms]
   [Eden: 254.0M(254.0M)->0.0B(257.0M) Survivors: 29696.0K->26624.0K Heap: 384.4M(472.0M)->127.4M(472.0M)]
 [Times: user=0.06 sys=0.00, real=0.03 secs] 
2024-07-06T11:27:30.923+0800: 205.089: [GC pause (G1 Evacuation Pause) (young), 0.0246520 secs]
   [Parallel Time: 24.2 ms, GC Workers: 2]
      [GC Worker Start (ms): Min: 205089.5, Avg: 205089.6, Max: 205089.6, Diff: 0.0]
      [Ext Root Scanning (ms): Min: 0.5, Avg: 0.5, Max: 0.5, Diff: 0.0, Sum: 1.0]
      [Update RS (ms): Min: 0.0, Avg: 0.0, Max: 0.0, Diff: 0.0, Sum: 0.0]
         [Processed Buffers: Min: 1, Avg: 2.5, Max: 4, Diff: 3, Sum: 5]
      [Scan RS (ms): Min: 0.1, Avg: 0.1, Max: 0.1, Diff: 0.0, Sum: 0.2]
      [Code Root Scanning (ms): Min: 0.0, Avg: 0.0, Max: 0.0, Diff: 0.0, Sum: 0.0]
      [Object Copy (ms): Min: 23.5, Avg: 23.5, Max: 23.5, Diff: 0.0, Sum: 47.0]
      [Termination (ms): Min: 0.0, Avg: 0.0, Max: 0.0, Diff: 0.0, Sum: 0.0]
         [Termination Attempts: Min: 1, Avg: 1.0, Max: 1, Diff: 0, Sum: 2]
      [GC Worker Other (ms): Min: 0.0, Avg: 0.0, Max: 0.0, Diff: 0.0, Sum: 0.0]
      [GC Worker Total (ms): Min: 24.1, Avg: 24.1, Max: 24.1, Diff: 0.0, Sum: 48.2]
      [GC Worker End (ms): Min: 205113.7, Avg: 205113.7, Max: 205113.7, Diff: 0.0]
   [Code Root Fixup: 0.0 ms]
   [Code Root Purge: 0.0 ms]
   [Clear CT: 0.1 ms]
   [Other: 0.4 ms]
      [Choose CSet: 0.0 ms]
      [Ref Proc: 0.1 ms]
      [Ref Enq: 0.0 ms]
      [Redirty Cards: 0.0 ms]
      [Humongous Register: 0.0 ms]
      [Humongous Reclaim: 0.0 ms]
      [Free CSet: 0.1 ms]
   [Eden: 257.0M(257.0M)->0.0B(262.0M) Survivors: 26624.0K->21504.0K Heap: 384.4M(472.0M)->122.4M(472.0M)]
 [Times: user=0.04 sys=0.00, real=0.03 secs] 
2024-07-06T11:27:31.343+0800: 205.510: [GC pause (G1 Evacuation Pause) (young), 0.0206487 secs]
   [Parallel Time: 20.1 ms, GC Workers: 2]
      [GC Worker Start (ms): Min: 205509.6, Avg: 205509.6, Max: 205509.6, Diff: 0.0]
      [Ext Root Scanning (ms): Min: 0.7, Avg: 0.7, Max: 0.7, Diff: 0.0, Sum: 1.4]
      [Update RS (ms): Min: 0.0, Avg: 0.0, Max: 0.1, Diff: 0.0, Sum: 0.1]
         [Processed Buffers: Min: 1, Avg: 2.5, Max: 4, Diff: 3, Sum: 5]
      [Scan RS (ms): Min: 0.1, Avg: 0.1, Max: 0.2, Diff: 0.0, Sum: 0.3]
      [Code Root Scanning (ms): Min: 0.0, Avg: 0.0, Max: 0.0, Diff: 0.0, Sum: 0.0]
      [Object Copy (ms): Min: 19.1, Avg: 19.1, Max: 19.1, Diff: 0.0, Sum: 38.2]
      [Termination (ms): Min: 0.0, Avg: 0.0, Max: 0.0, Diff: 0.0, Sum: 0.0]
         [Termination Attempts: Min: 1, Avg: 1.0, Max: 1, Diff: 0, Sum: 2]
      [GC Worker Other (ms): Min: 0.0, Avg: 0.0, Max: 0.0, Diff: 0.0, Sum: 0.0]
      [GC Worker Total (ms): Min: 20.0, Avg: 20.0, Max: 20.0, Diff: 0.0, Sum: 40.0]
      [GC Worker End (ms): Min: 205529.6, Avg: 205529.6, Max: 205529.6, Diff: 0.0]
   [Code Root Fixup: 0.0 ms]
   [Code Root Purge: 0.0 ms]
   [Clear CT: 0.1 ms]
   [Other: 0.5 ms]
      [Choose CSet: 0.0 ms]
      [Ref Proc: 0.1 ms]
      [Ref Enq: 0.0 ms]
      [Redirty Cards: 0.0 ms]
      [Humongous Register: 0.0 ms]
      [Humongous Reclaim: 0.0 ms]
      [Free CSet: 0.2 ms]
   [Eden: 262.0M(262.0M)->0.0B(265.0M) Survivors: 21504.0K->18432.0K Heap: 384.4M(472.0M)->119.4M(472.0M)]
 [Times: user=0.04 sys=0.00, real=0.02 secs] 
2024-07-06T11:27:31.745+0800: 205.911: [GC pause (G1 Evacuation Pause) (young), 0.0286847 secs]
   [Parallel Time: 28.2 ms, GC Workers: 2]
      [GC Worker Start (ms): Min: 205911.3, Avg: 205911.3, Max: 205911.3, Diff: 0.0]
      [Ext Root Scanning (ms): Min: 0.5, Avg: 0.5, Max: 0.6, Diff: 0.0, Sum: 1.1]
      [Update RS (ms): Min: 0.0, Avg: 0.0, Max: 0.0, Diff: 0.0, Sum: 0.0]
         [Processed Buffers: Min: 2, Avg: 2.5, Max: 3, Diff: 1, Sum: 5]
      [Scan RS (ms): Min: 0.1, Avg: 0.1, Max: 0.1, Diff: 0.0, Sum: 0.2]
      [Code Root Scanning (ms): Min: 0.0, Avg: 0.0, Max: 0.0, Diff: 0.0, Sum: 0.0]
      [Object Copy (ms): Min: 27.5, Avg: 27.5, Max: 27.5, Diff: 0.0, Sum: 55.0]
      [Termination (ms): Min: 0.0, Avg: 0.0, Max: 0.0, Diff: 0.0, Sum: 0.0]
         [Termination Attempts: Min: 1, Avg: 1.5, Max: 2, Diff: 1, Sum: 3]
      [GC Worker Other (ms): Min: 0.0, Avg: 0.0, Max: 0.0, Diff: 0.0, Sum: 0.0]
      [GC Worker Total (ms): Min: 28.2, Avg: 28.2, Max: 28.2, Diff: 0.0, Sum: 56.3]
      [GC Worker End (ms): Min: 205939.4, Avg: 205939.4, Max: 205939.4, Diff: 0.0]
   [Code Root Fixup: 0.0 ms]
   [Code Root Purge: 0.0 ms]
   [Clear CT: 0.1 ms]
   [Other: 0.4 ms]
      [Choose CSet: 0.0 ms]
      [Ref Proc: 0.1 ms]
      [Ref Enq: 0.0 ms]
      [Redirty Cards: 0.0 ms]
      [Humongous Register: 0.0 ms]
      [Humongous Reclaim: 0.0 ms]
      [Free CSet: 0.1 ms]
   [Eden: 265.0M(265.0M)->0.0B(259.0M) Survivors: 18432.0K->24576.0K Heap: 384.4M(472.0M)->125.4M(472.0M)]
 [Times: user=0.06 sys=0.00, real=0.03 secs] 
2024-07-06T11:27:32.211+0800: 206.377: [GC pause (G1 Evacuation Pause) (young), 0.0266070 secs]
   [Parallel Time: 26.1 ms, GC Workers: 2]
      [GC Worker Start (ms): Min: 206377.6, Avg: 206377.6, Max: 206377.6, Diff: 0.0]
      [Ext Root Scanning (ms): Min: 0.5, Avg: 0.5, Max: 0.5, Diff: 0.0, Sum: 1.1]
      [Update RS (ms): Min: 0.0, Avg: 0.0, Max: 0.0, Diff: 0.0, Sum: 0.1]
         [Processed Buffers: Min: 1, Avg: 2.5, Max: 4, Diff: 3, Sum: 5]
      [Scan RS (ms): Min: 0.1, Avg: 0.1, Max: 0.1, Diff: 0.0, Sum: 0.2]
      [Code Root Scanning (ms): Min: 0.0, Avg: 0.0, Max: 0.0, Diff: 0.0, Sum: 0.0]
      [Object Copy (ms): Min: 25.3, Avg: 25.3, Max: 25.3, Diff: 0.0, Sum: 50.6]
      [Termination (ms): Min: 0.0, Avg: 0.0, Max: 0.0, Diff: 0.0, Sum: 0.0]
         [Termination Attempts: Min: 1, Avg: 1.0, Max: 1, Diff: 0, Sum: 2]
      [GC Worker Other (ms): Min: 0.0, Avg: 0.0, Max: 0.0, Diff: 0.0, Sum: 0.1]
      [GC Worker Total (ms): Min: 26.0, Avg: 26.0, Max: 26.0, Diff: 0.0, Sum: 52.0]
      [GC Worker End (ms): Min: 206403.6, Avg: 206403.6, Max: 206403.6, Diff: 0.0]
   [Code Root Fixup: 0.0 ms]
   [Code Root Purge: 0.0 ms]
   [Clear CT: 0.1 ms]
   [Other: 0.4 ms]
      [Choose CSet: 0.0 ms]
      [Ref Proc: 0.1 ms]
      [Ref Enq: 0.0 ms]
      [Redirty Cards: 0.0 ms]
      [Humongous Register: 0.0 ms]
      [Humongous Reclaim: 0.0 ms]
      [Free CSet: 0.2 ms]
   [Eden: 259.0M(259.0M)->0.0B(260.0M) Survivors: 24576.0K->23552.0K Heap: 384.4M(472.0M)->124.9M(472.0M)]
 [Times: user=0.05 sys=0.00, real=0.03 secs] 
2024-07-06T11:27:32.674+0800: 206.841: [GC pause (G1 Evacuation Pause) (young), 0.0181258 secs]
   [Parallel Time: 17.7 ms, GC Workers: 2]
      [GC Worker Start (ms): Min: 206840.7, Avg: 206840.7, Max: 206840.7, Diff: 0.0]
      [Ext Root Scanning (ms): Min: 0.5, Avg: 0.5, Max: 0.5, Diff: 0.0, Sum: 1.0]
      [Update RS (ms): Min: 0.0, Avg: 0.0, Max: 0.0, Diff: 0.0, Sum: 0.0]
         [Processed Buffers: Min: 0, Avg: 2.5, Max: 5, Diff: 5, Sum: 5]
      [Scan RS (ms): Min: 0.1, Avg: 0.1, Max: 0.1, Diff: 0.0, Sum: 0.2]
      [Code Root Scanning (ms): Min: 0.0, Avg: 0.0, Max: 0.0, Diff: 0.0, Sum: 0.0]
      [Object Copy (ms): Min: 16.9, Avg: 17.0, Max: 17.0, Diff: 0.1, Sum: 33.9]
      [Termination (ms): Min: 0.0, Avg: 0.0, Max: 0.0, Diff: 0.0, Sum: 0.0]
         [Termination Attempts: Min: 1, Avg: 1.0, Max: 1, Diff: 0, Sum: 2]
      [GC Worker Other (ms): Min: 0.0, Avg: 0.0, Max: 0.0, Diff: 0.0, Sum: 0.0]
      [GC Worker Total (ms): Min: 17.6, Avg: 17.6, Max: 17.6, Diff: 0.0, Sum: 35.2]
      [GC Worker End (ms): Min: 206858.3, Avg: 206858.3, Max: 206858.3, Diff: 0.0]
   [Code Root Fixup: 0.0 ms]
   [Code Root Purge: 0.0 ms]
   [Clear CT: 0.1 ms]
   [Other: 0.4 ms]
      [Choose CSet: 0.0 ms]
      [Ref Proc: 0.1 ms]
      [Ref Enq: 0.0 ms]
      [Redirty Cards: 0.0 ms]
      [Humongous Register: 0.0 ms]
      [Humongous Reclaim: 0.0 ms]
      [Free CSet: 0.1 ms]
   [Eden: 260.0M(260.0M)->0.0B(266.0M) Survivors: 23552.0K->17408.0K Heap: 384.9M(472.0M)->118.4M(472.0M)]
 [Times: user=0.03 sys=0.00, real=0.02 secs] 
2024-07-06T11:27:33.106+0800: 207.272: [GC pause (G1 Evacuation Pause) (young), 0.0223748 secs]
   [Parallel Time: 21.8 ms, GC Workers: 2]
      [GC Worker Start (ms): Min: 207272.4, Avg: 207272.4, Max: 207272.4, Diff: 0.0]
      [Ext Root Scanning (ms): Min: 0.4, Avg: 0.4, Max: 0.5, Diff: 0.2, Sum: 0.9]
      [Update RS (ms): Min: 0.0, Avg: 0.0, Max: 0.1, Diff: 0.0, Sum: 0.1]
         [Processed Buffers: Min: 1, Avg: 2.5, Max: 4, Diff: 3, Sum: 5]
      [Scan RS (ms): Min: 0.1, Avg: 0.1, Max: 0.1, Diff: 0.0, Sum: 0.1]
      [Code Root Scanning (ms): Min: 0.0, Avg: 0.0, Max: 0.0, Diff: 0.0, Sum: 0.0]
      [Object Copy (ms): Min: 21.2, Avg: 21.2, Max: 21.3, Diff: 0.1, Sum: 42.5]
      [Termination (ms): Min: 0.0, Avg: 0.0, Max: 0.0, Diff: 0.0, Sum: 0.0]
         [Termination Attempts: Min: 1, Avg: 1.0, Max: 1, Diff: 0, Sum: 2]
      [GC Worker Other (ms): Min: 0.0, Avg: 0.0, Max: 0.0, Diff: 0.0, Sum: 0.0]
      [GC Worker Total (ms): Min: 21.8, Avg: 21.8, Max: 21.8, Diff: 0.0, Sum: 43.6]
      [GC Worker End (ms): Min: 207294.2, Avg: 207294.2, Max: 207294.2, Diff: 0.0]
   [Code Root Fixup: 0.0 ms]
   [Code Root Purge: 0.0 ms]
   [Clear CT: 0.1 ms]
   [Other: 0.4 ms]
      [Choose CSet: 0.0 ms]
      [Ref Proc: 0.1 ms]
      [Ref Enq: 0.0 ms]
      [Redirty Cards: 0.0 ms]
      [Humongous Register: 0.0 ms]
      [Humongous Reclaim: 0.0 ms]
      [Free CSet: 0.2 ms]
   [Eden: 266.0M(266.0M)->0.0B(262.0M) Survivors: 17408.0K->21504.0K Heap: 384.4M(472.0M)->122.9M(472.0M)]
 [Times: user=0.05 sys=0.00, real=0.03 secs] 
2024-07-06T11:27:33.555+0800: 207.721: [GC pause (G1 Evacuation Pause) (young), 0.0277179 secs]
   [Parallel Time: 27.2 ms, GC Workers: 2]
      [GC Worker Start (ms): Min: 207721.6, Avg: 207721.6, Max: 207721.6, Diff: 0.0]
      [Ext Root Scanning (ms): Min: 0.5, Avg: 0.5, Max: 0.5, Diff: 0.0, Sum: 1.0]
      [Update RS (ms): Min: 0.0, Avg: 0.0, Max: 0.0, Diff: 0.0, Sum: 0.0]
         [Processed Buffers: Min: 1, Avg: 2.5, Max: 4, Diff: 3, Sum: 5]
      [Scan RS (ms): Min: 0.1, Avg: 0.1, Max: 0.1, Diff: 0.0, Sum: 0.2]
      [Code Root Scanning (ms): Min: 0.0, Avg: 0.0, Max: 0.0, Diff: 0.0, Sum: 0.0]
      [Object Copy (ms): Min: 26.5, Avg: 26.5, Max: 26.5, Diff: 0.0, Sum: 52.9]
      [Termination (ms): Min: 0.0, Avg: 0.0, Max: 0.0, Diff: 0.0, Sum: 0.0]
         [Termination Attempts: Min: 1, Avg: 1.0, Max: 1, Diff: 0, Sum: 2]
      [GC Worker Other (ms): Min: 0.0, Avg: 0.0, Max: 0.0, Diff: 0.0, Sum: 0.0]
      [GC Worker Total (ms): Min: 27.1, Avg: 27.1, Max: 27.1, Diff: 0.0, Sum: 54.2]
      [GC Worker End (ms): Min: 207748.7, Avg: 207748.7, Max: 207748.7, Diff: 0.0]
   [Code Root Fixup: 0.0 ms]
   [Code Root Purge: 0.0 ms]
   [Clear CT: 0.1 ms]
   [Other: 0.4 ms]
      [Choose CSet: 0.0 ms]
      [Ref Proc: 0.1 ms]
      [Ref Enq: 0.0 ms]
      [Redirty Cards: 0.0 ms]
      [Humongous Register: 0.0 ms]
      [Humongous Reclaim: 0.0 ms]
      [Free CSet: 0.2 ms]
   [Eden: 262.0M(262.0M)->0.0B(259.0M) Survivors: 21504.0K->24576.0K Heap: 384.9M(472.0M)->125.4M(472.0M)]
 [Times: user=0.06 sys=0.00, real=0.02 secs] 
2024-07-06T11:27:33.980+0800: 208.146: [GC pause (G1 Evacuation Pause) (young), 0.0221372 secs]
   [Parallel Time: 21.6 ms, GC Workers: 2]
      [GC Worker Start (ms): Min: 208145.9, Avg: 208145.9, Max: 208145.9, Diff: 0.0]
      [Ext Root Scanning (ms): Min: 0.5, Avg: 0.6, Max: 0.6, Diff: 0.0, Sum: 1.1]
      [Update RS (ms): Min: 0.0, Avg: 0.0, Max: 0.0, Diff: 0.0, Sum: 0.0]
         [Processed Buffers: Min: 2, Avg: 2.5, Max: 3, Diff: 1, Sum: 5]
      [Scan RS (ms): Min: 0.1, Avg: 0.1, Max: 0.1, Diff: 0.0, Sum: 0.2]
      [Code Root Scanning (ms): Min: 0.0, Avg: 0.0, Max: 0.0, Diff: 0.0, Sum: 0.0]
      [Object Copy (ms): Min: 20.9, Avg: 20.9, Max: 20.9, Diff: 0.0, Sum: 41.7]
      [Termination (ms): Min: 0.0, Avg: 0.0, Max: 0.0, Diff: 0.0, Sum: 0.0]
         [Termination Attempts: Min: 2, Avg: 2.5, Max: 3, Diff: 1, Sum: 5]
      [GC Worker Other (ms): Min: 0.0, Avg: 0.0, Max: 0.0, Diff: 0.0, Sum: 0.0]
      [GC Worker Total (ms): Min: 21.5, Avg: 21.5, Max: 21.5, Diff: 0.0, Sum: 43.1]
      [GC Worker End (ms): Min: 208167.4, Avg: 208167.4, Max: 208167.4, Diff: 0.0]
   [Code Root Fixup: 0.0 ms]
   [Code Root Purge: 0.0 ms]
   [Clear CT: 0.1 ms]
   [Other: 0.4 ms]
      [Choose CSet: 0.0 ms]
      [Ref Proc: 0.1 ms]
      [Ref Enq: 0.0 ms]
      [Redirty Cards: 0.0 ms]
      [Humongous Register: 0.0 ms]
      [Humongous Reclaim: 0.0 ms]
      [Free CSet: 0.1 ms]
   [Eden: 259.0M(259.0M)->0.0B(264.0M) Survivors: 24576.0K->19456.0K Heap: 384.4M(472.0M)->120.9M(472.0M)]
 [Times: user=0.05 sys=0.00, real=0.02 secs] 
2024-07-06T11:27:34.427+0800: 208.593: [GC pause (G1 Evacuation Pause) (young), 0.0264768 secs]
   [Parallel Time: 26.0 ms, GC Workers: 2]
      [GC Worker Start (ms): Min: 208593.5, Avg: 208593.5, Max: 208593.5, Diff: 0.0]
      [Ext Root Scanning (ms): Min: 0.5, Avg: 0.5, Max: 0.5, Diff: 0.0, Sum: 1.0]
      [Update RS (ms): Min: 0.0, Avg: 0.0, Max: 0.0, Diff: 0.0, Sum: 0.0]
         [Processed Buffers: Min: 2, Avg: 2.5, Max: 3, Diff: 1, Sum: 5]
      [Scan RS (ms): Min: 0.1, Avg: 0.1, Max: 0.1, Diff: 0.0, Sum: 0.1]
      [Code Root Scanning (ms): Min: 0.0, Avg: 0.0, Max: 0.0, Diff: 0.0, Sum: 0.0]
      [Object Copy (ms): Min: 25.3, Avg: 25.3, Max: 25.3, Diff: 0.0, Sum: 50.5]
      [Termination (ms): Min: 0.0, Avg: 0.0, Max: 0.0, Diff: 0.0, Sum: 0.0]
         [Termination Attempts: Min: 1, Avg: 1.0, Max: 1, Diff: 0, Sum: 2]
      [GC Worker Other (ms): Min: 0.0, Avg: 0.0, Max: 0.0, Diff: 0.0, Sum: 0.0]
      [GC Worker Total (ms): Min: 25.9, Avg: 25.9, Max: 25.9, Diff: 0.0, Sum: 51.8]
      [GC Worker End (ms): Min: 208619.4, Avg: 208619.4, Max: 208619.4, Diff: 0.0]
   [Code Root Fixup: 0.0 ms]
   [Code Root Purge: 0.0 ms]
   [Clear CT: 0.1 ms]
   [Other: 0.4 ms]
      [Choose CSet: 0.0 ms]
      [Ref Proc: 0.1 ms]
      [Ref Enq: 0.0 ms]
      [Redirty Cards: 0.0 ms]
      [Humongous Register: 0.0 ms]
      [Humongous Reclaim: 0.0 ms]
      [Free CSet: 0.1 ms]
   [Eden: 264.0M(264.0M)->0.0B(258.0M) Survivors: 19456.0K->25600.0K Heap: 384.9M(472.0M)->126.4M(472.0M)]
 [Times: user=0.06 sys=0.00, real=0.02 secs] 
2024-07-06T11:27:34.847+0800: 209.013: [GC pause (G1 Evacuation Pause) (young), 0.0351110 secs]
   [Parallel Time: 34.6 ms, GC Workers: 2]
      [GC Worker Start (ms): Min: 209013.5, Avg: 209013.5, Max: 209013.5, Diff: 0.0]
      [Ext Root Scanning (ms): Min: 0.5, Avg: 0.5, Max: 0.5, Diff: 0.0, Sum: 1.0]
      [Update RS (ms): Min: 0.0, Avg: 0.0, Max: 0.0, Diff: 0.0, Sum: 0.0]
         [Processed Buffers: Min: 2, Avg: 2.5, Max: 3, Diff: 1, Sum: 5]
      [Scan RS (ms): Min: 0.1, Avg: 0.1, Max: 0.1, Diff: 0.0, Sum: 0.2]
      [Code Root Scanning (ms): Min: 0.0, Avg: 0.0, Max: 0.0, Diff: 0.0, Sum: 0.0]
      [Object Copy (ms): Min: 33.9, Avg: 33.9, Max: 33.9, Diff: 0.0, Sum: 67.8]
      [Termination (ms): Min: 0.0, Avg: 0.0, Max: 0.0, Diff: 0.0, Sum: 0.0]
         [Termination Attempts: Min: 1, Avg: 1.0, Max: 1, Diff: 0, Sum: 2]
      [GC Worker Other (ms): Min: 0.0, Avg: 0.0, Max: 0.0, Diff: 0.0, Sum: 0.0]
      [GC Worker Total (ms): Min: 34.6, Avg: 34.6, Max: 34.6, Diff: 0.0, Sum: 69.1]
      [GC Worker End (ms): Min: 209048.1, Avg: 209048.1, Max: 209048.1, Diff: 0.0]
   [Code Root Fixup: 0.0 ms]
   [Code Root Purge: 0.0 ms]
   [Clear CT: 0.1 ms]
   [Other: 0.4 ms]
      [Choose CSet: 0.0 ms]
      [Ref Proc: 0.1 ms]
      [Ref Enq: 0.0 ms]
      [Redirty Cards: 0.0 ms]
      [Humongous Register: 0.0 ms]
      [Humongous Reclaim: 0.0 ms]
      [Free CSet: 0.1 ms]
   [Eden: 258.0M(258.0M)->0.0B(254.0M) Survivors: 25600.0K->29696.0K Heap: 384.4M(472.0M)->130.4M(472.0M)]
 [Times: user=0.07 sys=0.00, real=0.03 secs] 
2024-07-06T11:27:35.283+0800: 209.449: [GC pause (G1 Evacuation Pause) (young), 0.0302577 secs]
   [Parallel Time: 29.7 ms, GC Workers: 2]
      [GC Worker Start (ms): Min: 209448.9, Avg: 209448.9, Max: 209448.9, Diff: 0.0]
      [Ext Root Scanning (ms): Min: 0.5, Avg: 0.5, Max: 0.5, Diff: 0.0, Sum: 1.1]
      [Update RS (ms): Min: 0.0, Avg: 0.0, Max: 0.0, Diff: 0.0, Sum: 0.0]
         [Processed Buffers: Min: 2, Avg: 3.0, Max: 4, Diff: 2, Sum: 6]
      [Scan RS (ms): Min: 0.1, Avg: 0.1, Max: 0.1, Diff: 0.0, Sum: 0.2]
      [Code Root Scanning (ms): Min: 0.0, Avg: 0.0, Max: 0.0, Diff: 0.0, Sum: 0.0]
      [Object Copy (ms): Min: 29.0, Avg: 29.0, Max: 29.0, Diff: 0.0, Sum: 57.9]
      [Termination (ms): Min: 0.0, Avg: 0.0, Max: 0.0, Diff: 0.0, Sum: 0.0]
         [Termination Attempts: Min: 1, Avg: 1.0, Max: 1, Diff: 0, Sum: 2]
      [GC Worker Other (ms): Min: 0.0, Avg: 0.0, Max: 0.0, Diff: 0.0, Sum: 0.0]
      [GC Worker Total (ms): Min: 29.6, Avg: 29.6, Max: 29.6, Diff: 0.0, Sum: 59.2]
      [GC Worker End (ms): Min: 209478.5, Avg: 209478.5, Max: 209478.5, Diff: 0.0]
   [Code Root Fixup: 0.0 ms]
   [Code Root Purge: 0.0 ms]
   [Clear CT: 0.1 ms]
   [Other: 0.5 ms]
      [Choose CSet: 0.0 ms]
      [Ref Proc: 0.1 ms]
      [Ref Enq: 0.0 ms]
      [Redirty Cards: 0.0 ms]
      [Humongous Register: 0.0 ms]
      [Humongous Reclaim: 0.0 ms]
      [Free CSet: 0.2 ms]
   [Eden: 254.0M(254.0M)->0.0B(258.0M) Survivors: 29696.0K->25600.0K Heap: 384.4M(472.0M)->126.9M(472.0M)]
 [Times: user=0.06 sys=0.00, real=0.03 secs] 
2024-07-06T11:27:35.726+0800: 209.892: [GC pause (G1 Evacuation Pause) (young), 0.0244343 secs]
   [Parallel Time: 24.0 ms, GC Workers: 2]
      [GC Worker Start (ms): Min: 209892.3, Avg: 209892.3, Max: 209892.3, Diff: 0.0]
      [Ext Root Scanning (ms): Min: 0.5, Avg: 0.6, Max: 0.6, Diff: 0.0, Sum: 1.1]
      [Update RS (ms): Min: 0.0, Avg: 0.0, Max: 0.0, Diff: 0.0, Sum: 0.0]
         [Processed Buffers: Min: 1, Avg: 2.5, Max: 4, Diff: 3, Sum: 5]
      [Scan RS (ms): Min: 0.1, Avg: 0.1, Max: 0.1, Diff: 0.0, Sum: 0.2]
      [Code Root Scanning (ms): Min: 0.0, Avg: 0.0, Max: 0.0, Diff: 0.0, Sum: 0.0]
      [Object Copy (ms): Min: 23.2, Avg: 23.2, Max: 23.2, Diff: 0.0, Sum: 46.4]
      [Termination (ms): Min: 0.0, Avg: 0.0, Max: 0.0, Diff: 0.0, Sum: 0.0]
         [Termination Attempts: Min: 1, Avg: 1.0, Max: 1, Diff: 0, Sum: 2]
      [GC Worker Other (ms): Min: 0.0, Avg: 0.0, Max: 0.0, Diff: 0.0, Sum: 0.0]
      [GC Worker Total (ms): Min: 23.9, Avg: 23.9, Max: 23.9, Diff: 0.0, Sum: 47.8]
      [GC Worker End (ms): Min: 209916.2, Avg: 209916.2, Max: 209916.2, Diff: 0.0]
   [Code Root Fixup: 0.0 ms]
   [Code Root Purge: 0.0 ms]
   [Clear CT: 0.1 ms]
   [Other: 0.4 ms]
      [Choose CSet: 0.0 ms]
      [Ref Proc: 0.1 ms]
      [Ref Enq: 0.0 ms]
      [Redirty Cards: 0.0 ms]
      [Humongous Register: 0.0 ms]
      [Humongous Reclaim: 0.0 ms]
      [Free CSet: 0.1 ms]
   [Eden: 258.0M(258.0M)->0.0B(264.0M) Survivors: 25600.0K->19456.0K Heap: 384.9M(472.0M)->120.9M(472.0M)]
 [Times: user=0.05 sys=0.00, real=0.03 secs] 
2024-07-06T11:27:36.164+0800: 210.330: [GC pause (G1 Evacuation Pause) (young), 0.0280607 secs]
   [Parallel Time: 27.6 ms, GC Workers: 2]
      [GC Worker Start (ms): Min: 210330.3, Avg: 210330.3, Max: 210330.3, Diff: 0.0]
      [Ext Root Scanning (ms): Min: 0.5, Avg: 0.5, Max: 0.5, Diff: 0.0, Sum: 1.0]
      [Update RS (ms): Min: 0.0, Avg: 0.0, Max: 0.0, Diff: 0.0, Sum: 0.1]
         [Processed Buffers: Min: 2, Avg: 2.5, Max: 3, Diff: 1, Sum: 5]
      [Scan RS (ms): Min: 0.1, Avg: 0.1, Max: 0.1, Diff: 0.0, Sum: 0.2]
      [Code Root Scanning (ms): Min: 0.0, Avg: 0.0, Max: 0.0, Diff: 0.0, Sum: 0.0]
      [Object Copy (ms): Min: 26.8, Avg: 26.8, Max: 26.8, Diff: 0.0, Sum: 53.6]
      [Termination (ms): Min: 0.0, Avg: 0.0, Max: 0.0, Diff: 0.0, Sum: 0.0]
         [Termination Attempts: Min: 1, Avg: 1.0, Max: 1, Diff: 0, Sum: 2]
      [GC Worker Other (ms): Min: 0.0, Avg: 0.0, Max: 0.0, Diff: 0.0, Sum: 0.0]
      [GC Worker Total (ms): Min: 27.5, Avg: 27.5, Max: 27.5, Diff: 0.0, Sum: 55.0]
      [GC Worker End (ms): Min: 210357.8, Avg: 210357.8, Max: 210357.8, Diff: 0.0]
   [Code Root Fixup: 0.0 ms]
   [Code Root Purge: 0.0 ms]
   [Clear CT: 0.1 ms]
   [Other: 0.3 ms]
      [Choose CSet: 0.0 ms]
      [Ref Proc: 0.1 ms]
      [Ref Enq: 0.0 ms]
      [Redirty Cards: 0.0 ms]
      [Humongous Register: 0.0 ms]
      [Humongous Reclaim: 0.0 ms]
      [Free CSet: 0.1 ms]
   [Eden: 264.0M(264.0M)->0.0B(260.0M) Survivors: 19456.0K->23552.0K Heap: 384.9M(472.0M)->124.9M(472.0M)]
 [Times: user=0.05 sys=0.00, real=0.03 secs] 
2024-07-06T11:27:36.643+0800: 210.809: [GC pause (G1 Evacuation Pause) (young), 0.0318545 secs]
   [Parallel Time: 31.3 ms, GC Workers: 2]
      [GC Worker Start (ms): Min: 210809.2, Avg: 210809.2, Max: 210809.2, Diff: 0.0]
      [Ext Root Scanning (ms): Min: 0.5, Avg: 0.5, Max: 0.5, Diff: 0.0, Sum: 1.1]
      [Update RS (ms): Min: 0.0, Avg: 0.0, Max: 0.0, Diff: 0.0, Sum: 0.0]
         [Processed Buffers: Min: 1, Avg: 2.5, Max: 4, Diff: 3, Sum: 5]
      [Scan RS (ms): Min: 0.1, Avg: 0.1, Max: 0.1, Diff: 0.0, Sum: 0.1]
      [Code Root Scanning (ms): Min: 0.0, Avg: 0.0, Max: 0.0, Diff: 0.0, Sum: 0.0]
      [Object Copy (ms): Min: 30.6, Avg: 30.6, Max: 30.7, Diff: 0.0, Sum: 61.3]
      [Termination (ms): Min: 0.0, Avg: 0.0, Max: 0.0, Diff: 0.0, Sum: 0.0]
         [Termination Attempts: Min: 1, Avg: 1.0, Max: 1, Diff: 0, Sum: 2]
      [GC Worker Other (ms): Min: 0.0, Avg: 0.0, Max: 0.0, Diff: 0.0, Sum: 0.0]
      [GC Worker Total (ms): Min: 31.3, Avg: 31.3, Max: 31.3, Diff: 0.0, Sum: 62.6]
      [GC Worker End (ms): Min: 210840.5, Avg: 210840.5, Max: 210840.5, Diff: 0.0]
   [Code Root Fixup: 0.0 ms]
   [Code Root Purge: 0.0 ms]
   [Clear CT: 0.1 ms]
   [Other: 0.4 ms]
      [Choose CSet: 0.0 ms]
      [Ref Proc: 0.1 ms]
      [Ref Enq: 0.0 ms]
      [Redirty Cards: 0.0 ms]
      [Humongous Register: 0.0 ms]
      [Humongous Reclaim: 0.0 ms]
      [Free CSet: 0.1 ms]
   [Eden: 260.0M(260.0M)->0.0B(255.0M) Survivors: 23552.0K->28672.0K Heap: 384.9M(472.0M)->129.4M(472.0M)]
 [Times: user=0.06 sys=0.00, real=0.03 secs] 
2024-07-06T11:27:37.111+0800: 211.278: [GC pause (G1 Evacuation Pause) (young), 0.0377040 secs]
   [Parallel Time: 37.0 ms, GC Workers: 2]
      [GC Worker Start (ms): Min: 211277.6, Avg: 211277.6, Max: 211277.6, Diff: 0.0]
      [Ext Root Scanning (ms): Min: 0.7, Avg: 0.7, Max: 0.7, Diff: 0.0, Sum: 1.3]
      [Update RS (ms): Min: 0.0, Avg: 0.0, Max: 0.0, Diff: 0.0, Sum: 0.1]
         [Processed Buffers: Min: 1, Avg: 2.5, Max: 4, Diff: 3, Sum: 5]
      [Scan RS (ms): Min: 0.1, Avg: 0.1, Max: 0.1, Diff: 0.0, Sum: 0.2]
      [Code Root Scanning (ms): Min: 0.0, Avg: 0.0, Max: 0.0, Diff: 0.0, Sum: 0.0]
      [Object Copy (ms): Min: 36.2, Avg: 36.2, Max: 36.2, Diff: 0.0, Sum: 72.3]
      [Termination (ms): Min: 0.0, Avg: 0.0, Max: 0.0, Diff: 0.0, Sum: 0.0]
         [Termination Attempts: Min: 1, Avg: 1.0, Max: 1, Diff: 0, Sum: 2]
      [GC Worker Other (ms): Min: 0.0, Avg: 0.0, Max: 0.0, Diff: 0.0, Sum: 0.0]
      [GC Worker Total (ms): Min: 37.0, Avg: 37.0, Max: 37.0, Diff: 0.0, Sum: 73.9]
      [GC Worker End (ms): Min: 211314.6, Avg: 211314.6, Max: 211314.6, Diff: 0.0]
   [Code Root Fixup: 0.0 ms]
   [Code Root Purge: 0.0 ms]
   [Clear CT: 0.1 ms]
   [Other: 0.5 ms]
      [Choose CSet: 0.0 ms]
      [Ref Proc: 0.1 ms]
      [Ref Enq: 0.0 ms]
      [Redirty Cards: 0.0 ms]
      [Humongous Register: 0.0 ms]
      [Humongous Reclaim: 0.0 ms]
      [Free CSet: 0.2 ms]
   [Eden: 255.0M(255.0M)->0.0B(259.0M) Survivors: 28672.0K->24576.0K Heap: 384.4M(472.0M)->125.9M(472.0M)]
 [Times: user=0.07 sys=0.00, real=0.04 secs] 
2024-07-06T11:27:37.602+0800: 211.768: [GC pause (G1 Evacuation Pause) (young), 0.0208050 secs]
   [Parallel Time: 20.3 ms, GC Workers: 2]
      [GC Worker Start (ms): Min: 211768.5, Avg: 211768.5, Max: 211768.5, Diff: 0.0]
      [Ext Root Scanning (ms): Min: 0.6, Avg: 0.6, Max: 0.6, Diff: 0.0, Sum: 1.1]
      [Update RS (ms): Min: 0.0, Avg: 0.0, Max: 0.0, Diff: 0.0, Sum: 0.0]
         [Processed Buffers: Min: 2, Avg: 2.5, Max: 3, Diff: 1, Sum: 5]
      [Scan RS (ms): Min: 0.1, Avg: 0.1, Max: 0.1, Diff: 0.0, Sum: 0.2]
      [Code Root Scanning (ms): Min: 0.0, Avg: 0.0, Max: 0.0, Diff: 0.0, Sum: 0.0]
      [Object Copy (ms): Min: 19.6, Avg: 19.6, Max: 19.6, Diff: 0.0, Sum: 39.1]
      [Termination (ms): Min: 0.0, Avg: 0.0, Max: 0.0, Diff: 0.0, Sum: 0.0]
         [Termination Attempts: Min: 1, Avg: 1.0, Max: 1, Diff: 0, Sum: 2]
      [GC Worker Other (ms): Min: 0.0, Avg: 0.0, Max: 0.0, Diff: 0.0, Sum: 0.0]
      [GC Worker Total (ms): Min: 20.2, Avg: 20.2, Max: 20.3, Diff: 0.0, Sum: 40.5]
      [GC Worker End (ms): Min: 211788.8, Avg: 211788.8, Max: 211788.8, Diff: 0.0]
   [Code Root Fixup: 0.0 ms]
   [Code Root Purge: 0.0 ms]
   [Clear CT: 0.1 ms]
   [Other: 0.4 ms]
      [Choose CSet: 0.0 ms]
      [Ref Proc: 0.1 ms]
      [Ref Enq: 0.0 ms]
      [Redirty Cards: 0.0 ms]
      [Humongous Register: 0.0 ms]
      [Humongous Reclaim: 0.0 ms]
      [Free CSet: 0.1 ms]
   [Eden: 259.0M(259.0M)->0.0B(265.0M) Survivors: 24576.0K->18432.0K Heap: 384.9M(472.0M)->119.4M(472.0M)]
 [Times: user=0.04 sys=0.00, real=0.02 secs] 
2024-07-06T11:27:38.066+0800: 212.232: [GC pause (G1 Evacuation Pause) (young), 0.0297725 secs]
   [Parallel Time: 29.3 ms, GC Workers: 2]
      [GC Worker Start (ms): Min: 212232.0, Avg: 212232.5, Max: 212233.0, Diff: 1.0]
      [Ext Root Scanning (ms): Min: 0.0, Avg: 0.4, Max: 0.8, Diff: 0.8, Sum: 0.8]
      [Update RS (ms): Min: 0.0, Avg: 0.0, Max: 0.0, Diff: 0.0, Sum: 0.0]
         [Processed Buffers: Min: 0, Avg: 3.0, Max: 6, Diff: 6, Sum: 6]
      [Scan RS (ms): Min: 0.1, Avg: 0.1, Max: 0.2, Diff: 0.1, Sum: 0.3]
      [Code Root Scanning (ms): Min: 0.0, Avg: 0.0, Max: 0.0, Diff: 0.0, Sum: 0.0]
      [Object Copy (ms): Min: 28.1, Avg: 28.1, Max: 28.1, Diff: 0.1, Sum: 56.2]
      [Termination (ms): Min: 0.0, Avg: 0.0, Max: 0.0, Diff: 0.0, Sum: 0.0]
         [Termination Attempts: Min: 1, Avg: 1.0, Max: 1, Diff: 0, Sum: 2]
      [GC Worker Other (ms): Min: 0.0, Avg: 0.0, Max: 0.0, Diff: 0.0, Sum: 0.0]
      [GC Worker Total (ms): Min: 28.2, Avg: 28.7, Max: 29.2, Diff: 1.0, Sum: 57.4]
      [GC Worker End (ms): Min: 212261.2, Avg: 212261.2, Max: 212261.2, Diff: 0.0]
   [Code Root Fixup: 0.0 ms]
   [Code Root Purge: 0.0 ms]
   [Clear CT: 0.1 ms]
   [Other: 0.4 ms]
      [Choose CSet: 0.0 ms]
      [Ref Proc: 0.1 ms]
      [Ref Enq: 0.0 ms]
      [Redirty Cards: 0.0 ms]
      [Humongous Register: 0.0 ms]
      [Humongous Reclaim: 0.0 ms]
      [Free CSet: 0.1 ms]
   [Eden: 265.0M(265.0M)->0.0B(259.0M) Survivors: 18432.0K->24576.0K Heap: 384.4M(472.0M)->125.4M(472.0M)]
 [Times: user=0.05 sys=0.00, real=0.04 secs] 
2024-07-06T11:27:38.585+0800: 212.751: [GC pause (G1 Evacuation Pause) (young), 0.0416239 secs]
   [Parallel Time: 41.1 ms, GC Workers: 2]
      [GC Worker Start (ms): Min: 212751.3, Avg: 212751.3, Max: 212751.3, Diff: 0.0]
      [Ext Root Scanning (ms): Min: 0.6, Avg: 0.6, Max: 0.6, Diff: 0.0, Sum: 1.1]
      [Update RS (ms): Min: 0.0, Avg: 0.0, Max: 0.0, Diff: 0.0, Sum: 0.0]
         [Processed Buffers: Min: 1, Avg: 3.0, Max: 5, Diff: 4, Sum: 6]
      [Scan RS (ms): Min: 0.1, Avg: 0.1, Max: 0.1, Diff: 0.0, Sum: 0.2]
      [Code Root Scanning (ms): Min: 0.0, Avg: 0.0, Max: 0.0, Diff: 0.0, Sum: 0.0]
      [Object Copy (ms): Min: 40.3, Avg: 40.4, Max: 40.4, Diff: 0.0, Sum: 80.7]
      [Termination (ms): Min: 0.0, Avg: 0.0, Max: 0.0, Diff: 0.0, Sum: 0.0]
         [Termination Attempts: Min: 1, Avg: 1.0, Max: 1, Diff: 0, Sum: 2]
      [GC Worker Other (ms): Min: 0.0, Avg: 0.0, Max: 0.0, Diff: 0.0, Sum: 0.0]
      [GC Worker Total (ms): Min: 41.0, Avg: 41.0, Max: 41.0, Diff: 0.0, Sum: 82.1]
      [GC Worker End (ms): Min: 212792.4, Avg: 212792.4, Max: 212792.4, Diff: 0.0]
   [Code Root Fixup: 0.0 ms]
   [Code Root Purge: 0.0 ms]
   [Clear CT: 0.1 ms]
   [Other: 0.4 ms]
      [Choose CSet: 0.0 ms]
      [Ref Proc: 0.1 ms]
      [Ref Enq: 0.0 ms]
      [Redirty Cards: 0.0 ms]
      [Humongous Register: 0.0 ms]
      [Humongous Reclaim: 0.0 ms]
      [Free CSet: 0.2 ms]
   [Eden: 259.0M(259.0M)->0.0B(257.0M) Survivors: 24576.0K->26624.0K Heap: 384.4M(472.0M)->127.4M(472.0M)]
 [Times: user=0.08 sys=0.00, real=0.04 secs] 
2024-07-06T11:27:39.069+0800: 213.235: [GC pause (G1 Evacuation Pause) (young), 0.0264407 secs]
   [Parallel Time: 25.8 ms, GC Workers: 2]
      [GC Worker Start (ms): Min: 213234.9, Avg: 213234.9, Max: 213235.0, Diff: 0.0]
      [Ext Root Scanning (ms): Min: 0.5, Avg: 0.5, Max: 0.5, Diff: 0.0, Sum: 1.0]
      [Update RS (ms): Min: 0.0, Avg: 0.0, Max: 0.0, Diff: 0.0, Sum: 0.0]
         [Processed Buffers: Min: 2, Avg: 2.5, Max: 3, Diff: 1, Sum: 5]
      [Scan RS (ms): Min: 0.1, Avg: 0.1, Max: 0.1, Diff: 0.0, Sum: 0.2]
      [Code Root Scanning (ms): Min: 0.0, Avg: 0.0, Max: 0.0, Diff: 0.0, Sum: 0.0]
      [Object Copy (ms): Min: 25.2, Avg: 25.2, Max: 25.2, Diff: 0.0, Sum: 50.3]
      [Termination (ms): Min: 0.0, Avg: 0.0, Max: 0.0, Diff: 0.0, Sum: 0.0]
         [Termination Attempts: Min: 1, Avg: 1.0, Max: 1, Diff: 0, Sum: 2]
      [GC Worker Other (ms): Min: 0.0, Avg: 0.0, Max: 0.0, Diff: 0.0, Sum: 0.0]
      [GC Worker Total (ms): Min: 25.8, Avg: 25.8, Max: 25.8, Diff: 0.0, Sum: 51.6]
      [GC Worker End (ms): Min: 213260.7, Avg: 213260.7, Max: 213260.7, Diff: 0.0]
   [Code Root Fixup: 0.0 ms]
   [Code Root Purge: 0.0 ms]
   [Clear CT: 0.1 ms]
   [Other: 0.5 ms]
      [Choose CSet: 0.0 ms]
      [Ref Proc: 0.1 ms]
      [Ref Enq: 0.0 ms]
      [Redirty Cards: 0.1 ms]
      [Humongous Register: 0.0 ms]
      [Humongous Reclaim: 0.0 ms]
      [Free CSet: 0.1 ms]
   [Eden: 257.0M(257.0M)->0.0B(261.0M) Survivors: 26624.0K->22528.0K Heap: 384.4M(472.0M)->123.4M(472.0M)]
 [Times: user=0.05 sys=0.00, real=0.03 secs] 
2024-07-06T11:27:39.483+0800: 213.649: [GC pause (G1 Evacuation Pause) (young), 0.0217414 secs]
   [Parallel Time: 21.2 ms, GC Workers: 2]
      [GC Worker Start (ms): Min: 213649.3, Avg: 213649.3, Max: 213649.3, Diff: 0.0]
      [Ext Root Scanning (ms): Min: 0.6, Avg: 0.6, Max: 0.6, Diff: 0.0, Sum: 1.2]
      [Update RS (ms): Min: 0.0, Avg: 0.0, Max: 0.1, Diff: 0.0, Sum: 0.1]
         [Processed Buffers: Min: 1, Avg: 2.5, Max: 4, Diff: 3, Sum: 5]
      [Scan RS (ms): Min: 0.1, Avg: 0.1, Max: 0.1, Diff: 0.0, Sum: 0.2]
      [Code Root Scanning (ms): Min: 0.0, Avg: 0.0, Max: 0.0, Diff: 0.0, Sum: 0.0]
      [Object Copy (ms): Min: 20.4, Avg: 20.4, Max: 20.4, Diff: 0.0, Sum: 40.7]
      [Termination (ms): Min: 0.0, Avg: 0.0, Max: 0.0, Diff: 0.0, Sum: 0.0]
         [Termination Attempts: Min: 10, Avg: 12.0, Max: 14, Diff: 4, Sum: 24]
      [GC Worker Other (ms): Min: 0.0, Avg: 0.0, Max: 0.0, Diff: 0.0, Sum: 0.0]
      [GC Worker Total (ms): Min: 21.1, Avg: 21.1, Max: 21.2, Diff: 0.0, Sum: 42.3]
      [GC Worker End (ms): Min: 213670.4, Avg: 213670.4, Max: 213670.4, Diff: 0.0]
   [Code Root Fixup: 0.0 ms]
   [Code Root Purge: 0.0 ms]
   [Clear CT: 0.1 ms]
   [Other: 0.4 ms]
      [Choose CSet: 0.0 ms]
      [Ref Proc: 0.1 ms]
      [Ref Enq: 0.0 ms]
      [Redirty Cards: 0.0 ms]
      [Humongous Register: 0.0 ms]
      [Humongous Reclaim: 0.0 ms]
      [Free CSet: 0.1 ms]
   [Eden: 261.0M(261.0M)->0.0B(264.0M) Survivors: 22528.0K->19456.0K Heap: 384.4M(472.0M)->120.9M(472.0M)]
 [Times: user=0.04 sys=0.00, real=0.02 secs] 
2024-07-06T11:27:39.891+0800: 214.057: [GC pause (G1 Evacuation Pause) (young), 0.0347984 secs]
   [Parallel Time: 34.2 ms, GC Workers: 2]
      [GC Worker Start (ms): Min: 214057.5, Avg: 214057.5, Max: 214057.6, Diff: 0.0]
      [Ext Root Scanning (ms): Min: 0.5, Avg: 0.5, Max: 0.5, Diff: 0.0, Sum: 1.1]
      [Update RS (ms): Min: 0.0, Avg: 0.0, Max: 0.0, Diff: 0.0, Sum: 0.0]
         [Processed Buffers: Min: 2, Avg: 2.5, Max: 3, Diff: 1, Sum: 5]
      [Scan RS (ms): Min: 0.1, Avg: 0.1, Max: 0.1, Diff: 0.0, Sum: 0.2]
      [Code Root Scanning (ms): Min: 0.0, Avg: 0.0, Max: 0.0, Diff: 0.0, Sum: 0.0]
      [Object Copy (ms): Min: 33.5, Avg: 33.5, Max: 33.5, Diff: 0.0, Sum: 67.0]
      [Termination (ms): Min: 0.0, Avg: 0.0, Max: 0.0, Diff: 0.0, Sum: 0.0]
         [Termination Attempts: Min: 1, Avg: 1.0, Max: 1, Diff: 0, Sum: 2]
      [GC Worker Other (ms): Min: 0.0, Avg: 0.0, Max: 0.0, Diff: 0.0, Sum: 0.0]
      [GC Worker Total (ms): Min: 34.1, Avg: 34.1, Max: 34.1, Diff: 0.0, Sum: 68.3]
      [GC Worker End (ms): Min: 214091.7, Avg: 214091.7, Max: 214091.7, Diff: 0.0]
   [Code Root Fixup: 0.0 ms]
   [Code Root Purge: 0.0 ms]
   [Clear CT: 0.2 ms]
   [Other: 0.4 ms]
      [Choose CSet: 0.0 ms]
      [Ref Proc: 0.1 ms]
      [Ref Enq: 0.0 ms]
      [Redirty Cards: 0.0 ms]
      [Humongous Register: 0.0 ms]
      [Humongous Reclaim: 0.0 ms]
      [Free CSet: 0.2 ms]
   [Eden: 264.0M(264.0M)->0.0B(256.0M) Survivors: 19456.0K->27648.0K Heap: 384.9M(472.0M)->128.4M(472.0M)]
 [Times: user=0.06 sys=0.00, real=0.03 secs] 
2024-07-06T11:27:40.327+0800: 214.493: [GC pause (G1 Evacuation Pause) (young), 0.0310658 secs]
   [Parallel Time: 30.5 ms, GC Workers: 2]
      [GC Worker Start (ms): Min: 214492.9, Avg: 214493.0, Max: 214493.0, Diff: 0.0]
      [Ext Root Scanning (ms): Min: 0.5, Avg: 0.5, Max: 0.5, Diff: 0.0, Sum: 1.0]
      [Update RS (ms): Min: 0.0, Avg: 0.0, Max: 0.0, Diff: 0.0, Sum: 0.0]
         [Processed Buffers: Min: 2, Avg: 2.5, Max: 3, Diff: 1, Sum: 5]
      [Scan RS (ms): Min: 0.1, Avg: 0.1, Max: 0.1, Diff: 0.0, Sum: 0.2]
      [Code Root Scanning (ms): Min: 0.0, Avg: 0.0, Max: 0.0, Diff: 0.0, Sum: 0.0]
      [Object Copy (ms): Min: 29.8, Avg: 29.9, Max: 29.9, Diff: 0.0, Sum: 59.7]
      [Termination (ms): Min: 0.0, Avg: 0.0, Max: 0.0, Diff: 0.0, Sum: 0.0]
         [Termination Attempts: Min: 1, Avg: 1.0, Max: 1, Diff: 0, Sum: 2]
      [GC Worker Other (ms): Min: 0.0, Avg: 0.0, Max: 0.0, Diff: 0.0, Sum: 0.0]
      [GC Worker Total (ms): Min: 30.5, Avg: 30.5, Max: 30.5, Diff: 0.0, Sum: 61.0]
      [GC Worker End (ms): Min: 214523.4, Avg: 214523.4, Max: 214523.4, Diff: 0.0]
   [Code Root Fixup: 0.0 ms]
   [Code Root Purge: 0.0 ms]
   [Clear CT: 0.1 ms]
   [Other: 0.4 ms]
      [Choose CSet: 0.0 ms]
      [Ref Proc: 0.1 ms]
      [Ref Enq: 0.0 ms]
      [Redirty Cards: 0.0 ms]
      [Humongous Register: 0.0 ms]
      [Humongous Reclaim: 0.0 ms]
      [Free CSet: 0.2 ms]
   [Eden: 256.0M(256.0M)->0.0B(257.0M) Survivors: 27648.0K->26624.0K Heap: 384.4M(472.0M)->127.4M(472.0M)]
 [Times: user=0.06 sys=0.00, real=0.04 secs] 
2024-07-06T11:27:40.789+0800: 214.956: [GC pause (G1 Evacuation Pause) (young), 0.0234897 secs]
   [Parallel Time: 23.0 ms, GC Workers: 2]
      [GC Worker Start (ms): Min: 214955.8, Avg: 214955.8, Max: 214955.8, Diff: 0.0]
      [Ext Root Scanning (ms): Min: 0.5, Avg: 0.5, Max: 0.5, Diff: 0.0, Sum: 1.1]
      [Update RS (ms): Min: 0.0, Avg: 0.0, Max: 0.0, Diff: 0.0, Sum: 0.1]
         [Processed Buffers: Min: 2, Avg: 3.0, Max: 4, Diff: 2, Sum: 6]
      [Scan RS (ms): Min: 0.1, Avg: 0.1, Max: 0.1, Diff: 0.0, Sum: 0.2]
      [Code Root Scanning (ms): Min: 0.0, Avg: 0.0, Max: 0.0, Diff: 0.0, Sum: 0.0]
      [Object Copy (ms): Min: 22.3, Avg: 22.3, Max: 22.3, Diff: 0.0, Sum: 44.5]
      [Termination (ms): Min: 0.0, Avg: 0.0, Max: 0.0, Diff: 0.0, Sum: 0.0]
         [Termination Attempts: Min: 1, Avg: 1.5, Max: 2, Diff: 1, Sum: 3]
      [GC Worker Other (ms): Min: 0.0, Avg: 0.0, Max: 0.0, Diff: 0.0, Sum: 0.0]
      [GC Worker Total (ms): Min: 22.9, Avg: 22.9, Max: 22.9, Diff: 0.0, Sum: 45.9]
      [GC Worker End (ms): Min: 214978.7, Avg: 214978.7, Max: 214978.7, Diff: 0.0]
   [Code Root Fixup: 0.0 ms]
   [Code Root Purge: 0.0 ms]
   [Clear CT: 0.1 ms]
   [Other: 0.4 ms]
      [Choose CSet: 0.0 ms]
      [Ref Proc: 0.1 ms]
      [Ref Enq: 0.0 ms]
      [Redirty Cards: 0.0 ms]
      [Humongous Register: 0.0 ms]
      [Humongous Reclaim: 0.0 ms]
      [Free CSet: 0.2 ms]
   [Eden: 257.0M(257.0M)->0.0B(264.0M) Survivors: 26624.0K->19456.0K Heap: 384.4M(472.0M)->120.4M(472.0M)]
 [Times: user=0.04 sys=0.00, real=0.02 secs] 
2024-07-06T11:27:41.199+0800: 215.365: [GC pause (G1 Evacuation Pause) (young), 0.0242710 secs]
   [Parallel Time: 23.8 ms, GC Workers: 2]
      [GC Worker Start (ms): Min: 215365.5, Avg: 215365.5, Max: 215365.5, Diff: 0.0]
      [Ext Root Scanning (ms): Min: 0.5, Avg: 0.5, Max: 0.5, Diff: 0.0, Sum: 1.1]
      [Update RS (ms): Min: 0.0, Avg: 0.0, Max: 0.0, Diff: 0.0, Sum: 0.0]
         [Processed Buffers: Min: 2, Avg: 2.5, Max: 3, Diff: 1, Sum: 5]
      [Scan RS (ms): Min: 0.1, Avg: 0.1, Max: 0.1, Diff: 0.0, Sum: 0.2]
      [Code Root Scanning (ms): Min: 0.0, Avg: 0.0, Max: 0.0, Diff: 0.0, Sum: 0.0]
      [Object Copy (ms): Min: 23.1, Avg: 23.1, Max: 23.1, Diff: 0.0, Sum: 46.1]
      [Termination (ms): Min: 0.0, Avg: 0.0, Max: 0.0, Diff: 0.0, Sum: 0.0]
         [Termination Attempts: Min: 1, Avg: 1.5, Max: 2, Diff: 1, Sum: 3]
      [GC Worker Other (ms): Min: 0.0, Avg: 0.0, Max: 0.0, Diff: 0.0, Sum: 0.0]
      [GC Worker Total (ms): Min: 23.7, Avg: 23.7, Max: 23.7, Diff: 0.0, Sum: 47.4]
      [GC Worker End (ms): Min: 215389.2, Avg: 215389.2, Max: 215389.2, Diff: 0.0]
   [Code Root Fixup: 0.0 ms]
   [Code Root Purge: 0.0 ms]
   [Clear CT: 0.1 ms]
   [Other: 0.4 ms]
      [Choose CSet: 0.0 ms]
      [Ref Proc: 0.1 ms]
      [Ref Enq: 0.0 ms]
      [Redirty Cards: 0.0 ms]
      [Humongous Register: 0.0 ms]
      [Humongous Reclaim: 0.0 ms]
      [Free CSet: 0.1 ms]
   [Eden: 264.0M(264.0M)->0.0B(261.0M) Survivors: 19456.0K->22528.0K Heap: 384.4M(472.0M)->123.9M(472.0M)]
 [Times: user=0.04 sys=0.00, real=0.02 secs] 
2024-07-06T11:27:41.627+0800: 215.793: [GC pause (G1 Evacuation Pause) (young), 0.0339487 secs]
   [Parallel Time: 33.4 ms, GC Workers: 2]
      [GC Worker Start (ms): Min: 215793.6, Avg: 215794.6, Max: 215795.7, Diff: 2.1]
      [Ext Root Scanning (ms): Min: 0.0, Avg: 0.4, Max: 0.8, Diff: 0.7, Sum: 0.8]
      [Update RS (ms): Min: 0.0, Avg: 0.0, Max: 0.0, Diff: 0.0, Sum: 0.0]
         [Processed Buffers: Min: 0, Avg: 2.5, Max: 5, Diff: 5, Sum: 5]
      [Scan RS (ms): Min: 0.0, Avg: 0.1, Max: 0.1, Diff: 0.1, Sum: 0.2]
      [Code Root Scanning (ms): Min: 0.0, Avg: 0.0, Max: 0.0, Diff: 0.0, Sum: 0.0]
      [Object Copy (ms): Min: 31.2, Avg: 31.8, Max: 32.5, Diff: 1.2, Sum: 63.7]
      [Termination (ms): Min: 0.0, Avg: 0.0, Max: 0.0, Diff: 0.0, Sum: 0.0]
         [Termination Attempts: Min: 1, Avg: 1.0, Max: 1, Diff: 0, Sum: 2]
      [GC Worker Other (ms): Min: 0.0, Avg: 0.0, Max: 0.0, Diff: 0.0, Sum: 0.0]
      [GC Worker Total (ms): Min: 31.3, Avg: 32.3, Max: 33.4, Diff: 2.1, Sum: 64.6]
      [GC Worker End (ms): Min: 215827.0, Avg: 215827.0, Max: 215827.0, Diff: 0.0]
   [Code Root Fixup: 0.0 ms]
   [Code Root Purge: 0.0 ms]
   [Clear CT: 0.1 ms]
   [Other: 0.4 ms]
      [Choose CSet: 0.0 ms]
      [Ref Proc: 0.1 ms]
      [Ref Enq: 0.0 ms]
      [Redirty Cards: 0.0 ms]
      [Humongous Register: 0.0 ms]
      [Humongous Reclaim: 0.0 ms]
      [Free CSet: 0.1 ms]
   [Eden: 261.0M(261.0M)->0.0B(255.0M) Survivors: 22528.0K->28672.0K Heap: 384.9M(472.0M)->129.4M(472.0M)]
 [Times: user=0.07 sys=0.00, real=0.03 secs] 
2024-07-06T11:27:42.127+0800: 216.293: [GC pause (G1 Evacuation Pause) (young), 0.0349339 secs]
   [Parallel Time: 34.3 ms, GC Workers: 2]
      [GC Worker Start (ms): Min: 216293.6, Avg: 216293.6, Max: 216293.6, Diff: 0.0]
      [Ext Root Scanning (ms): Min: 0.6, Avg: 0.6, Max: 0.6, Diff: 0.0, Sum: 1.2]
      [Update RS (ms): Min: 0.0, Avg: 0.0, Max: 0.0, Diff: 0.0, Sum: 0.1]
         [Processed Buffers: Min: 2, Avg: 2.5, Max: 3, Diff: 1, Sum: 5]
      [Scan RS (ms): Min: 0.1, Avg: 0.1, Max: 0.1, Diff: 0.0, Sum: 0.2]
      [Code Root Scanning (ms): Min: 0.0, Avg: 0.0, Max: 0.0, Diff: 0.0, Sum: 0.0]
      [Object Copy (ms): Min: 33.5, Avg: 33.5, Max: 33.5, Diff: 0.0, Sum: 67.1]
      [Termination (ms): Min: 0.0, Avg: 0.0, Max: 0.0, Diff: 0.0, Sum: 0.0]
         [Termination Attempts: Min: 1, Avg: 1.0, Max: 1, Diff: 0, Sum: 2]
      [GC Worker Other (ms): Min: 0.0, Avg: 0.0, Max: 0.0, Diff: 0.0, Sum: 0.0]
      [GC Worker Total (ms): Min: 34.2, Avg: 34.3, Max: 34.3, Diff: 0.0, Sum: 68.5]
      [GC Worker End (ms): Min: 216327.9, Avg: 216327.9, Max: 216327.9, Diff: 0.0]
   [Code Root Fixup: 0.0 ms]
   [Code Root Purge: 0.0 ms]
   [Clear CT: 0.1 ms]
   [Other: 0.5 ms]
      [Choose CSet: 0.0 ms]
      [Ref Proc: 0.1 ms]
      [Ref Enq: 0.0 ms]
      [Redirty Cards: 0.0 ms]
      [Humongous Register: 0.0 ms]
      [Humongous Reclaim: 0.0 ms]
      [Free CSet: 0.2 ms]
   [Eden: 255.0M(255.0M)->0.0B(259.0M) Survivors: 28672.0K->24576.0K Heap: 384.4M(472.0M)->125.9M(472.0M)]
 [Times: user=0.07 sys=0.00, real=0.03 secs] 
2024-07-06T11:27:42.656+0800: 216.822: [GC pause (G1 Evacuation Pause) (young), 0.0352926 secs]
   [Parallel Time: 34.6 ms, GC Workers: 2]
      [GC Worker Start (ms): Min: 216822.3, Avg: 216822.3, Max: 216822.3, Diff: 0.0]
      [Ext Root Scanning (ms): Min: 0.5, Avg: 0.5, Max: 0.5, Diff: 0.0, Sum: 1.1]
      [Update RS (ms): Min: 0.0, Avg: 0.1, Max: 0.1, Diff: 0.1, Sum: 0.1]
         [Processed Buffers: Min: 2, Avg: 2.5, Max: 3, Diff: 1, Sum: 5]
      [Scan RS (ms): Min: 0.1, Avg: 0.1, Max: 0.1, Diff: 0.0, Sum: 0.2]
      [Code Root Scanning (ms): Min: 0.0, Avg: 0.0, Max: 0.0, Diff: 0.0, Sum: 0.0]
      [Object Copy (ms): Min: 33.7, Avg: 33.8, Max: 33.8, Diff: 0.0, Sum: 67.5]
      [Termination (ms): Min: 0.0, Avg: 0.0, Max: 0.0, Diff: 0.0, Sum: 0.0]
         [Termination Attempts: Min: 1, Avg: 1.0, Max: 1, Diff: 0, Sum: 2]
      [GC Worker Other (ms): Min: 0.0, Avg: 0.0, Max: 0.0, Diff: 0.0, Sum: 0.0]
      [GC Worker Total (ms): Min: 34.5, Avg: 34.5, Max: 34.5, Diff: 0.0, Sum: 69.0]
      [GC Worker End (ms): Min: 216856.8, Avg: 216856.8, Max: 216856.8, Diff: 0.0]
   [Code Root Fixup: 0.0 ms]
   [Code Root Purge: 0.0 ms]
   [Clear CT: 0.1 ms]
   [Other: 0.6 ms]
      [Choose CSet: 0.0 ms]
      [Ref Proc: 0.2 ms]
      [Ref Enq: 0.0 ms]
      [Redirty Cards: 0.0 ms]
      [Humongous Register: 0.0 ms]
      [Humongous Reclaim: 0.0 ms]
      [Free CSet: 0.3 ms]
   [Eden: 259.0M(259.0M)->0.0B(263.0M) Survivors: 24576.0K->20480.0K Heap: 384.9M(472.0M)->122.0M(472.0M)]
 [Times: user=0.07 sys=0.00, real=0.03 secs] 
2024-07-06T11:27:43.164+0800: 217.330: [GC pause (G1 Evacuation Pause) (young), 0.0288680 secs]
   [Parallel Time: 28.4 ms, GC Workers: 2]
      [GC Worker Start (ms): Min: 217330.0, Avg: 217330.0, Max: 217330.0, Diff: 0.0]
      [Ext Root Scanning (ms): Min: 0.5, Avg: 0.5, Max: 0.5, Diff: 0.0, Sum: 1.1]
      [Update RS (ms): Min: 0.0, Avg: 0.0, Max: 0.0, Diff: 0.0, Sum: 0.1]
         [Processed Buffers: Min: 2, Avg: 2.5, Max: 3, Diff: 1, Sum: 5]
      [Scan RS (ms): Min: 0.1, Avg: 0.1, Max: 0.1, Diff: 0.0, Sum: 0.2]
      [Code Root Scanning (ms): Min: 0.0, Avg: 0.0, Max: 0.0, Diff: 0.0, Sum: 0.0]
      [Object Copy (ms): Min: 27.6, Avg: 27.6, Max: 27.6, Diff: 0.0, Sum: 55.2]
      [Termination (ms): Min: 0.0, Avg: 0.0, Max: 0.0, Diff: 0.0, Sum: 0.0]
         [Termination Attempts: Min: 1, Avg: 1.0, Max: 1, Diff: 0, Sum: 2]
      [GC Worker Other (ms): Min: 0.0, Avg: 0.0, Max: 0.0, Diff: 0.0, Sum: 0.0]
      [GC Worker Total (ms): Min: 28.3, Avg: 28.3, Max: 28.3, Diff: 0.0, Sum: 56.6]
      [GC Worker End (ms): Min: 217358.3, Avg: 217358.3, Max: 217358.3, Diff: 0.0]
   [Code Root Fixup: 0.0 ms]
   [Code Root Purge: 0.0 ms]
   [Clear CT: 0.1 ms]
   [Other: 0.4 ms]
      [Choose CSet: 0.0 ms]
      [Ref Proc: 0.1 ms]
      [Ref Enq: 0.0 ms]
      [Redirty Cards: 0.0 ms]
      [Humongous Register: 0.0 ms]
      [Humongous Reclaim: 0.0 ms]
      [Free CSet: 0.1 ms]
   [Eden: 263.0M(263.0M)->0.0B(259.0M) Survivors: 20480.0K->24576.0K Heap: 385.0M(472.0M)->125.5M(472.0M)]
 [Times: user=0.05 sys=0.00, real=0.03 secs] 
2024-07-06T11:27:43.676+0800: 217.842: [GC pause (G1 Evacuation Pause) (young), 0.0140884 secs]
   [Parallel Time: 13.5 ms, GC Workers: 2]
      [GC Worker Start (ms): Min: 217842.3, Avg: 217842.3, Max: 217842.3, Diff: 0.0]
      [Ext Root Scanning (ms): Min: 0.5, Avg: 0.5, Max: 0.5, Diff: 0.0, Sum: 1.1]
      [Update RS (ms): Min: 0.0, Avg: 0.0, Max: 0.0, Diff: 0.0, Sum: 0.1]
         [Processed Buffers: Min: 2, Avg: 2.5, Max: 3, Diff: 1, Sum: 5]
      [Scan RS (ms): Min: 0.1, Avg: 0.1, Max: 0.1, Diff: 0.0, Sum: 0.2]
      [Code Root Scanning (ms): Min: 0.0, Avg: 0.0, Max: 0.0, Diff: 0.0, Sum: 0.0]
      [Object Copy (ms): Min: 12.7, Avg: 12.8, Max: 12.8, Diff: 0.0, Sum: 25.5]
      [Termination (ms): Min: 0.0, Avg: 0.0, Max: 0.0, Diff: 0.0, Sum: 0.0]
         [Termination Attempts: Min: 1, Avg: 1.0, Max: 1, Diff: 0, Sum: 2]
      [GC Worker Other (ms): Min: 0.0, Avg: 0.0, Max: 0.0, Diff: 0.0, Sum: 0.0]
      [GC Worker Total (ms): Min: 13.5, Avg: 13.5, Max: 13.5, Diff: 0.0, Sum: 26.9]
      [GC Worker End (ms): Min: 217855.8, Avg: 217855.8, Max: 217855.8, Diff: 0.0]
   [Code Root Fixup: 0.0 ms]
   [Code Root Purge: 0.0 ms]
   [Clear CT: 0.1 ms]
   [Other: 0.4 ms]
      [Choose CSet: 0.0 ms]
      [Ref Proc: 0.1 ms]
      [Ref Enq: 0.0 ms]
      [Redirty Cards: 0.0 ms]
      [Humongous Register: 0.0 ms]
      [Humongous Reclaim: 0.0 ms]
      [Free CSet: 0.2 ms]
   [Eden: 259.0M(259.0M)->0.0B(269.0M) Survivors: 24576.0K->14336.0K Heap: 384.5M(472.0M)->115.5M(472.0M)]
 [Times: user=0.03 sys=0.00, real=0.01 secs] 
2024-07-06T11:27:44.181+0800: 218.348: [GC pause (G1 Evacuation Pause) (young), 0.0214890 secs]
   [Parallel Time: 20.8 ms, GC Workers: 2]
      [GC Worker Start (ms): Min: 218347.8, Avg: 218347.8, Max: 218347.8, Diff: 0.0]
      [Ext Root Scanning (ms): Min: 0.5, Avg: 0.5, Max: 0.6, Diff: 0.0, Sum: 1.1]
      [Update RS (ms): Min: 0.0, Avg: 0.0, Max: 0.0, Diff: 0.0, Sum: 0.1]
         [Processed Buffers: Min: 2, Avg: 3.0, Max: 4, Diff: 2, Sum: 6]
      [Scan RS (ms): Min: 0.1, Avg: 0.1, Max: 0.1, Diff: 0.0, Sum: 0.2]
      [Code Root Scanning (ms): Min: 0.0, Avg: 0.0, Max: 0.0, Diff: 0.0, Sum: 0.0]
      [Object Copy (ms): Min: 20.1, Avg: 20.1, Max: 20.1, Diff: 0.0, Sum: 40.2]
      [Termination (ms): Min: 0.0, Avg: 0.0, Max: 0.0, Diff: 0.0, Sum: 0.0]
         [Termination Attempts: Min: 1, Avg: 1.0, Max: 1, Diff: 0, Sum: 2]
      [GC Worker Other (ms): Min: 0.0, Avg: 0.0, Max: 0.0, Diff: 0.0, Sum: 0.0]
      [GC Worker Total (ms): Min: 20.8, Avg: 20.8, Max: 20.8, Diff: 0.0, Sum: 41.6]
      [GC Worker End (ms): Min: 218368.5, Avg: 218368.6, Max: 218368.6, Diff: 0.0]
   [Code Root Fixup: 0.0 ms]
   [Code Root Purge: 0.0 ms]
   [Clear CT: 0.1 ms]
   [Other: 0.5 ms]
      [Choose CSet: 0.0 ms]
      [Ref Proc: 0.1 ms]
      [Ref Enq: 0.0 ms]
      [Redirty Cards: 0.0 ms]
      [Humongous Register: 0.0 ms]
      [Humongous Reclaim: 0.0 ms]
      [Free CSet: 0.2 ms]
   [Eden: 269.0M(269.0M)->0.0B(267.0M) Survivors: 14336.0K->16384.0K Heap: 384.5M(472.0M)->118.0M(472.0M)]
 [Times: user=0.04 sys=0.00, real=0.02 secs] 
2024-07-06T11:27:44.740+0800: 218.906: [GC pause (G1 Evacuation Pause) (young), 0.0118588 secs]
   [Parallel Time: 11.3 ms, GC Workers: 2]
      [GC Worker Start (ms): Min: 218906.2, Avg: 218906.2, Max: 218906.2, Diff: 0.0]
      [Ext Root Scanning (ms): Min: 0.5, Avg: 0.5, Max: 0.5, Diff: 0.0, Sum: 1.0]
      [Update RS (ms): Min: 0.0, Avg: 0.0, Max: 0.0, Diff: 0.0, Sum: 0.1]
         [Processed Buffers: Min: 2, Avg: 3.0, Max: 4, Diff: 2, Sum: 6]
      [Scan RS (ms): Min: 0.1, Avg: 0.1, Max: 0.1, Diff: 0.0, Sum: 0.2]
      [Code Root Scanning (ms): Min: 0.0, Avg: 0.0, Max: 0.0, Diff: 0.0, Sum: 0.0]
      [Object Copy (ms): Min: 10.6, Avg: 10.6, Max: 10.6, Diff: 0.0, Sum: 21.2]
      [Termination (ms): Min: 0.0, Avg: 0.0, Max: 0.0, Diff: 0.0, Sum: 0.0]
         [Termination Attempts: Min: 1, Avg: 1.0, Max: 1, Diff: 0, Sum: 2]
      [GC Worker Other (ms): Min: 0.0, Avg: 0.0, Max: 0.0, Diff: 0.0, Sum: 0.0]
      [GC Worker Total (ms): Min: 11.3, Avg: 11.3, Max: 11.3, Diff: 0.0, Sum: 22.5]
      [GC Worker End (ms): Min: 218917.5, Avg: 218917.5, Max: 218917.5, Diff: 0.0]
   [Code Root Fixup: 0.0 ms]
   [Code Root Purge: 0.0 ms]
   [Clear CT: 0.1 ms]
   [Other: 0.4 ms]
      [Choose CSet: 0.0 ms]
      [Ref Proc: 0.1 ms]
      [Ref Enq: 0.0 ms]
      [Redirty Cards: 0.0 ms]
      [Humongous Register: 0.0 ms]
      [Humongous Reclaim: 0.0 ms]
      [Free CSet: 0.2 ms]
   [Eden: 267.0M(267.0M)->0.0B(274.0M) Survivors: 16384.0K->9216.0K Heap: 385.0M(472.0M)->111.0M(472.0M)]
 [Times: user=0.02 sys=0.00, real=0.01 secs] 
2024-07-06T11:27:45.226+0800: 219.392: [GC pause (G1 Evacuation Pause) (young), 0.0342874 secs]
   [Parallel Time: 33.8 ms, GC Workers: 2]
      [GC Worker Start (ms): Min: 219392.4, Avg: 219392.4, Max: 219392.4, Diff: 0.0]
      [Ext Root Scanning (ms): Min: 0.5, Avg: 0.5, Max: 0.5, Diff: 0.0, Sum: 1.0]
      [Update RS (ms): Min: 0.0, Avg: 0.0, Max: 0.0, Diff: 0.0, Sum: 0.1]
         [Processed Buffers: Min: 3, Avg: 3.0, Max: 3, Diff: 0, Sum: 6]
      [Scan RS (ms): Min: 0.1, Avg: 0.1, Max: 0.1, Diff: 0.0, Sum: 0.2]
      [Code Root Scanning (ms): Min: 0.0, Avg: 0.0, Max: 0.0, Diff: 0.0, Sum: 0.0]
      [Object Copy (ms): Min: 33.0, Avg: 33.0, Max: 33.0, Diff: 0.0, Sum: 66.1]
      [Termination (ms): Min: 0.0, Avg: 0.0, Max: 0.0, Diff: 0.0, Sum: 0.0]
         [Termination Attempts: Min: 1, Avg: 1.0, Max: 1, Diff: 0, Sum: 2]
      [GC Worker Other (ms): Min: 0.0, Avg: 0.0, Max: 0.0, Diff: 0.0, Sum: 0.0]
      [GC Worker Total (ms): Min: 33.7, Avg: 33.7, Max: 33.7, Diff: 0.0, Sum: 67.4]
      [GC Worker End (ms): Min: 219426.1, Avg: 219426.1, Max: 219426.1, Diff: 0.0]
   [Code Root Fixup: 0.0 ms]
   [Code Root Purge: 0.0 ms]
   [Clear CT: 0.1 ms]
   [Other: 0.4 ms]
      [Choose CSet: 0.0 ms]
      [Ref Proc: 0.1 ms]
      [Ref Enq: 0.0 ms]
      [Redirty Cards: 0.0 ms]
      [Humongous Register: 0.0 ms]
      [Humongous Reclaim: 0.0 ms]
      [Free CSet: 0.1 ms]
   [Eden: 274.0M(274.0M)->0.0B(258.0M) Survivors: 9216.0K->25600.0K Heap: 385.0M(472.0M)->127.0M(472.0M)]
 [Times: user=0.06 sys=0.00, real=0.04 secs] 
2024-07-06T11:27:45.743+0800: 219.909: [GC pause (G1 Evacuation Pause) (young), 0.0328461 secs]
   [Parallel Time: 32.3 ms, GC Workers: 2]
      [GC Worker Start (ms): Min: 219909.5, Avg: 219909.5, Max: 219909.6, Diff: 0.0]
      [Ext Root Scanning (ms): Min: 0.5, Avg: 0.5, Max: 0.5, Diff: 0.0, Sum: 1.1]
      [Update RS (ms): Min: 0.0, Avg: 0.0, Max: 0.0, Diff: 0.0, Sum: 0.1]
         [Processed Buffers: Min: 2, Avg: 3.0, Max: 4, Diff: 2, Sum: 6]
      [Scan RS (ms): Min: 0.1, Avg: 0.1, Max: 0.1, Diff: 0.0, Sum: 0.2]
      [Code Root Scanning (ms): Min: 0.0, Avg: 0.0, Max: 0.0, Diff: 0.0, Sum: 0.0]
      [Object Copy (ms): Min: 31.6, Avg: 31.6, Max: 31.6, Diff: 0.0, Sum: 63.2]
      [Termination (ms): Min: 0.0, Avg: 0.0, Max: 0.0, Diff: 0.0, Sum: 0.0]
         [Termination Attempts: Min: 1, Avg: 1.0, Max: 1, Diff: 0, Sum: 2]
      [GC Worker Other (ms): Min: 0.0, Avg: 0.0, Max: 0.0, Diff: 0.0, Sum: 0.0]
      [GC Worker Total (ms): Min: 32.3, Avg: 32.3, Max: 32.3, Diff: 0.0, Sum: 64.6]
      [GC Worker End (ms): Min: 219941.8, Avg: 219941.8, Max: 219941.8, Diff: 0.0]
   [Code Root Fixup: 0.0 ms]
   [Code Root Purge: 0.0 ms]
   [Clear CT: 0.1 ms]
   [Other: 0.4 ms]
      [Choose CSet: 0.0 ms]
      [Ref Proc: 0.1 ms]
      [Ref Enq: 0.0 ms]
      [Redirty Cards: 0.0 ms]
      [Humongous Register: 0.0 ms]
      [Humongous Reclaim: 0.0 ms]
      [Free CSet: 0.1 ms]
   [Eden: 258.0M(258.0M)->0.0B(260.0M) Survivors: 25600.0K->23552.0K Heap: 385.0M(472.0M)->124.5M(472.0M)]
 [Times: user=0.06 sys=0.00, real=0.04 secs] 
2024-07-06T11:27:46.245+0800: 220.411: [GC pause (G1 Evacuation Pause) (young), 0.0190154 secs]
   [Parallel Time: 18.5 ms, GC Workers: 2]
      [GC Worker Start (ms): Min: 220411.4, Avg: 220411.4, Max: 220411.4, Diff: 0.0]
      [Ext Root Scanning (ms): Min: 0.5, Avg: 0.5, Max: 0.5, Diff: 0.0, Sum: 1.1]
      [Update RS (ms): Min: 0.0, Avg: 0.1, Max: 0.1, Diff: 0.0, Sum: 0.1]
         [Processed Buffers: Min: 1, Avg: 2.5, Max: 4, Diff: 3, Sum: 5]
      [Scan RS (ms): Min: 0.1, Avg: 0.1, Max: 0.1, Diff: 0.0, Sum: 0.2]
      [Code Root Scanning (ms): Min: 0.0, Avg: 0.0, Max: 0.0, Diff: 0.0, Sum: 0.0]
      [Object Copy (ms): Min: 17.7, Avg: 17.7, Max: 17.7, Diff: 0.0, Sum: 35.5]
      [Termination (ms): Min: 0.0, Avg: 0.0, Max: 0.0, Diff: 0.0, Sum: 0.0]
         [Termination Attempts: Min: 1, Avg: 1.0, Max: 1, Diff: 0, Sum: 2]
      [GC Worker Other (ms): Min: 0.0, Avg: 0.0, Max: 0.0, Diff: 0.0, Sum: 0.0]
      [GC Worker Total (ms): Min: 18.4, Avg: 18.4, Max: 18.4, Diff: 0.0, Sum: 36.8]
      [GC Worker End (ms): Min: 220429.8, Avg: 220429.8, Max: 220429.8, Diff: 0.0]
   [Code Root Fixup: 0.0 ms]
   [Code Root Purge: 0.0 ms]
   [Clear CT: 0.1 ms]
   [Other: 0.4 ms]
      [Choose CSet: 0.0 ms]
      [Ref Proc: 0.1 ms]
      [Ref Enq: 0.0 ms]
      [Redirty Cards: 0.0 ms]
      [Humongous Register: 0.0 ms]
      [Humongous Reclaim: 0.0 ms]
      [Free CSet: 0.1 ms]
   [Eden: 260.0M(260.0M)->0.0B(268.0M) Survivors: 23552.0K->15360.0K Heap: 384.5M(472.0M)->117.0M(472.0M)]
 [Times: user=0.04 sys=0.00, real=0.02 secs] 
2024-07-06T11:27:46.731+0800: 220.898: [GC pause (G1 Evacuation Pause) (young), 0.0494755 secs]
   [Parallel Time: 49.0 ms, GC Workers: 2]
      [GC Worker Start (ms): Min: 220897.6, Avg: 220897.6, Max: 220897.6, Diff: 0.0]
      [Ext Root Scanning (ms): Min: 0.5, Avg: 0.5, Max: 0.5, Diff: 0.0, Sum: 1.1]
      [Update RS (ms): Min: 0.0, Avg: 0.0, Max: 0.0, Diff: 0.0, Sum: 0.1]
         [Processed Buffers: Min: 2, Avg: 2.5, Max: 3, Diff: 1, Sum: 5]
      [Scan RS (ms): Min: 0.1, Avg: 0.1, Max: 0.1, Diff: 0.0, Sum: 0.2]
      [Code Root Scanning (ms): Min: 0.0, Avg: 0.0, Max: 0.0, Diff: 0.0, Sum: 0.0]
      [Object Copy (ms): Min: 48.3, Avg: 48.3, Max: 48.3, Diff: 0.0, Sum: 96.5]
      [Termination (ms): Min: 0.0, Avg: 0.0, Max: 0.0, Diff: 0.0, Sum: 0.0]
         [Termination Attempts: Min: 1, Avg: 1.0, Max: 1, Diff: 0, Sum: 2]
      [GC Worker Other (ms): Min: 0.0, Avg: 0.0, Max: 0.0, Diff: 0.0, Sum: 0.0]
      [GC Worker Total (ms): Min: 48.9, Avg: 48.9, Max: 48.9, Diff: 0.0, Sum: 97.9]
      [GC Worker End (ms): Min: 220946.5, Avg: 220946.5, Max: 220946.5, Diff: 0.0]
   [Code Root Fixup: 0.0 ms]
   [Code Root Purge: 0.0 ms]
   [Clear CT: 0.1 ms]
   [Other: 0.3 ms]
      [Choose CSet: 0.0 ms]
      [Ref Proc: 0.0 ms]
      [Ref Enq: 0.0 ms]
      [Redirty Cards: 0.0 ms]
      [Humongous Register: 0.0 ms]
      [Humongous Reclaim: 0.0 ms]
      [Free CSet: 0.2 ms]
   [Eden: 268.0M(268.0M)->0.0B(255.0M) Survivors: 15360.0K->28672.0K Heap: 385.0M(472.0M)->129.5M(472.0M)]
 [Times: user=0.07 sys=0.00, real=0.05 secs] 
2024-07-06T11:27:47.262+0800: 221.428: [GC pause (G1 Evacuation Pause) (young), 0.0298522 secs]
   [Parallel Time: 29.3 ms, GC Workers: 2]
      [GC Worker Start (ms): Min: 221428.4, Avg: 221428.4, Max: 221428.4, Diff: 0.0]
      [Ext Root Scanning (ms): Min: 0.5, Avg: 0.6, Max: 0.6, Diff: 0.0, Sum: 1.1]
      [Update RS (ms): Min: 0.0, Avg: 0.0, Max: 0.0, Diff: 0.0, Sum: 0.1]
         [Processed Buffers: Min: 2, Avg: 3.0, Max: 4, Diff: 2, Sum: 6]
      [Scan RS (ms): Min: 0.1, Avg: 0.1, Max: 0.1, Diff: 0.0, Sum: 0.2]
      [Code Root Scanning (ms): Min: 0.0, Avg: 0.0, Max: 0.0, Diff: 0.0, Sum: 0.0]
      [Object Copy (ms): Min: 28.5, Avg: 28.5, Max: 28.6, Diff: 0.0, Sum: 57.1]
      [Termination (ms): Min: 0.0, Avg: 0.0, Max: 0.0, Diff: 0.0, Sum: 0.0]
         [Termination Attempts: Min: 1, Avg: 1.0, Max: 1, Diff: 0, Sum: 2]
      [GC Worker Other (ms): Min: 0.0, Avg: 0.0, Max: 0.0, Diff: 0.0, Sum: 0.0]
      [GC Worker Total (ms): Min: 29.2, Avg: 29.2, Max: 29.3, Diff: 0.0, Sum: 58.5]
      [GC Worker End (ms): Min: 221457.7, Avg: 221457.7, Max: 221457.7, Diff: 0.0]
   [Code Root Fixup: 0.0 ms]
   [Code Root Purge: 0.0 ms]
   [Clear CT: 0.1 ms]
   [Other: 0.4 ms]
      [Choose CSet: 0.0 ms]
      [Ref Proc: 0.1 ms]
      [Ref Enq: 0.0 ms]
      [Redirty Cards: 0.1 ms]
      [Humongous Register: 0.0 ms]
      [Humongous Reclaim: 0.0 ms]
      [Free CSet: 0.1 ms]
   [Eden: 255.0M(255.0M)->0.0B(261.0M) Survivors: 28672.0K->22528.0K Heap: 384.5M(472.0M)->123.5M(472.0M)]
 [Times: user=0.05 sys=0.00, real=0.03 secs] 
2024-07-06T11:27:47.699+0800: 221.865: [GC pause (G1 Evacuation Pause) (young), 0.0309210 secs]
   [Parallel Time: 30.4 ms, GC Workers: 2]
      [GC Worker Start (ms): Min: 221865.0, Avg: 221865.0, Max: 221865.0, Diff: 0.0]
      [Ext Root Scanning (ms): Min: 0.5, Avg: 0.5, Max: 0.5, Diff: 0.0, Sum: 1.0]
      [Update RS (ms): Min: 0.0, Avg: 0.0, Max: 0.0, Diff: 0.0, Sum: 0.0]
         [Processed Buffers: Min: 2, Avg: 2.5, Max: 3, Diff: 1, Sum: 5]
      [Scan RS (ms): Min: 0.1, Avg: 0.1, Max: 0.1, Diff: 0.0, Sum: 0.2]
      [Code Root Scanning (ms): Min: 0.0, Avg: 0.0, Max: 0.0, Diff: 0.0, Sum: 0.0]
      [Object Copy (ms): Min: 29.7, Avg: 29.7, Max: 29.7, Diff: 0.0, Sum: 59.4]
      [Termination (ms): Min: 0.0, Avg: 0.0, Max: 0.0, Diff: 0.0, Sum: 0.0]
         [Termination Attempts: Min: 1, Avg: 1.0, Max: 1, Diff: 0, Sum: 2]
      [GC Worker Other (ms): Min: 0.0, Avg: 0.0, Max: 0.0, Diff: 0.0, Sum: 0.0]
      [GC Worker Total (ms): Min: 30.3, Avg: 30.4, Max: 30.4, Diff: 0.0, Sum: 60.7]
      [GC Worker End (ms): Min: 221895.3, Avg: 221895.3, Max: 221895.3, Diff: 0.0]
   [Code Root Fixup: 0.0 ms]
   [Code Root Purge: 0.0 ms]
   [Clear CT: 0.1 ms]
   [Other: 0.4 ms]
      [Choose CSet: 0.0 ms]
      [Ref Proc: 0.1 ms]
      [Ref Enq: 0.0 ms]
      [Redirty Cards: 0.0 ms]
      [Humongous Register: 0.0 ms]
      [Humongous Reclaim: 0.0 ms]
      [Free CSet: 0.1 ms]
   [Eden: 261.0M(261.0M)->0.0B(254.0M) Survivors: 22528.0K->29696.0K Heap: 384.5M(472.0M)->131.0M(472.0M)]
 [Times: user=0.06 sys=0.00, real=0.03 secs] 
2024-07-06T11:27:48.139+0800: 222.305: [GC pause (G1 Evacuation Pause) (young), 0.0369713 secs]
   [Parallel Time: 36.4 ms, GC Workers: 2]
      [GC Worker Start (ms): Min: 222305.7, Avg: 222305.7, Max: 222305.7, Diff: 0.0]
      [Ext Root Scanning (ms): Min: 0.5, Avg: 0.5, Max: 0.5, Diff: 0.0, Sum: 1.1]
      [Update RS (ms): Min: 0.0, Avg: 0.0, Max: 0.0, Diff: 0.0, Sum: 0.0]
         [Processed Buffers: Min: 1, Avg: 2.5, Max: 4, Diff: 3, Sum: 5]
      [Scan RS (ms): Min: 0.1, Avg: 0.1, Max: 0.1, Diff: 0.0, Sum: 0.2]
      [Code Root Scanning (ms): Min: 0.0, Avg: 0.0, Max: 0.0, Diff: 0.0, Sum: 0.0]
      [Object Copy (ms): Min: 35.6, Avg: 35.6, Max: 35.6, Diff: 0.0, Sum: 71.2]
      [Termination (ms): Min: 0.0, Avg: 0.0, Max: 0.0, Diff: 0.0, Sum: 0.0]
         [Termination Attempts: Min: 1, Avg: 1.0, Max: 1, Diff: 0, Sum: 2]
      [GC Worker Other (ms): Min: 0.0, Avg: 0.0, Max: 0.0, Diff: 0.0, Sum: 0.0]
      [GC Worker Total (ms): Min: 36.3, Avg: 36.3, Max: 36.3, Diff: 0.0, Sum: 72.5]
      [GC Worker End (ms): Min: 222341.9, Avg: 222341.9, Max: 222341.9, Diff: 0.0]
   [Code Root Fixup: 0.0 ms]
   [Code Root Purge: 0.0 ms]
   [Clear CT: 0.1 ms]
   [Other: 0.5 ms]
      [Choose CSet: 0.0 ms]
      [Ref Proc: 0.1 ms]
      [Ref Enq: 0.0 ms]
      [Redirty Cards: 0.0 ms]
      [Humongous Register: 0.0 ms]
      [Humongous Reclaim: 0.0 ms]
      [Free CSet: 0.2 ms]
   [Eden: 254.0M(254.0M)->0.0B(251.0M) Survivors: 29696.0K->32768.0K Heap: 385.0M(472.0M)->134.0M(472.0M)]
 [Times: user=0.07 sys=0.00, real=0.04 secs] 
2024-07-06T11:27:48.590+0800: 222.757: [GC pause (G1 Evacuation Pause) (young), 0.0354651 secs]
   [Parallel Time: 34.9 ms, GC Workers: 2]
      [GC Worker Start (ms): Min: 222756.8, Avg: 222756.8, Max: 222756.8, Diff: 0.0]
      [Ext Root Scanning (ms): Min: 0.5, Avg: 0.5, Max: 0.5, Diff: 0.0, Sum: 1.1]
      [Update RS (ms): Min: 0.0, Avg: 0.0, Max: 0.0, Diff: 0.0, Sum: 0.0]
         [Processed Buffers: Min: 2, Avg: 2.5, Max: 3, Diff: 1, Sum: 5]
      [Scan RS (ms): Min: 0.1, Avg: 0.1, Max: 0.1, Diff: 0.0, Sum: 0.2]
      [Code Root Scanning (ms): Min: 0.0, Avg: 0.0, Max: 0.0, Diff: 0.0, Sum: 0.0]
      [Object Copy (ms): Min: 34.2, Avg: 34.2, Max: 34.2, Diff: 0.0, Sum: 68.4]
      [Termination (ms): Min: 0.0, Avg: 0.0, Max: 0.0, Diff: 0.0, Sum: 0.0]
         [Termination Attempts: Min: 1, Avg: 1.0, Max: 1, Diff: 0, Sum: 2]
      [GC Worker Other (ms): Min: 0.0, Avg: 0.0, Max: 0.0, Diff: 0.0, Sum: 0.0]
      [GC Worker Total (ms): Min: 34.9, Avg: 34.9, Max: 34.9, Diff: 0.0, Sum: 69.7]
      [GC Worker End (ms): Min: 222791.6, Avg: 222791.6, Max: 222791.6, Diff: 0.0]
   [Code Root Fixup: 0.0 ms]
   [Code Root Purge: 0.0 ms]
   [Clear CT: 0.1 ms]
   [Other: 0.4 ms]
      [Choose CSet: 0.0 ms]
      [Ref Proc: 0.1 ms]
      [Ref Enq: 0.0 ms]
      [Redirty Cards: 0.1 ms]
      [Humongous Register: 0.0 ms]
      [Humongous Reclaim: 0.0 ms]
      [Free CSet: 0.2 ms]
   [Eden: 251.0M(251.0M)->0.0B(254.0M) Survivors: 32768.0K->29696.0K Heap: 385.0M(472.0M)->131.0M(472.0M)]
 [Times: user=0.07 sys=0.00, real=0.03 secs] 
2024-07-06T11:27:49.135+0800: 223.302: [GC pause (G1 Evacuation Pause) (young), 0.0327020 secs]
   [Parallel Time: 32.1 ms, GC Workers: 2]
      [GC Worker Start (ms): Min: 223301.6, Avg: 223301.6, Max: 223301.7, Diff: 0.0]
      [Ext Root Scanning (ms): Min: 0.5, Avg: 0.5, Max: 0.5, Diff: 0.0, Sum: 1.0]
      [Update RS (ms): Min: 0.0, Avg: 0.0, Max: 0.0, Diff: 0.0, Sum: 0.0]
         [Processed Buffers: Min: 2, Avg: 2.5, Max: 3, Diff: 1, Sum: 5]
      [Scan RS (ms): Min: 0.1, Avg: 0.1, Max: 0.1, Diff: 0.0, Sum: 0.2]
      [Code Root Scanning (ms): Min: 0.0, Avg: 0.0, Max: 0.0, Diff: 0.0, Sum: 0.0]
      [Object Copy (ms): Min: 31.4, Avg: 31.4, Max: 31.4, Diff: 0.0, Sum: 62.8]
      [Termination (ms): Min: 0.0, Avg: 0.0, Max: 0.0, Diff: 0.0, Sum: 0.0]
         [Termination Attempts: Min: 1, Avg: 1.0, Max: 1, Diff: 0, Sum: 2]
      [GC Worker Other (ms): Min: 0.0, Avg: 0.0, Max: 0.0, Diff: 0.0, Sum: 0.0]
      [GC Worker Total (ms): Min: 32.0, Avg: 32.0, Max: 32.0, Diff: 0.0, Sum: 64.0]
      [GC Worker End (ms): Min: 223333.7, Avg: 223333.7, Max: 223333.7, Diff: 0.0]
   [Code Root Fixup: 0.0 ms]
   [Code Root Purge: 0.0 ms]
   [Clear CT: 0.1 ms]
   [Other: 0.5 ms]
      [Choose CSet: 0.0 ms]
      [Ref Proc: 0.1 ms]
      [Ref Enq: 0.0 ms]
      [Redirty Cards: 0.1 ms]
      [Humongous Register: 0.0 ms]
      [Humongous Reclaim: 0.0 ms]
      [Free CSet: 0.2 ms]
   [Eden: 254.0M(254.0M)->0.0B(258.0M) Survivors: 29696.0K->25600.0K Heap: 385.0M(472.0M)->127.0M(472.0M)]
 [Times: user=0.06 sys=0.00, real=0.03 secs] 
2024-07-06T11:27:49.581+0800: 223.747: [GC pause (G1 Evacuation Pause) (young), 0.0281103 secs]
   [Parallel Time: 27.6 ms, GC Workers: 2]
      [GC Worker Start (ms): Min: 223747.4, Avg: 223747.4, Max: 223747.4, Diff: 0.0]
      [Ext Root Scanning (ms): Min: 0.5, Avg: 0.5, Max: 0.5, Diff: 0.0, Sum: 1.0]
      [Update RS (ms): Min: 0.0, Avg: 0.1, Max: 0.2, Diff: 0.2, Sum: 0.2]
         [Processed Buffers: Min: 1, Avg: 2.5, Max: 4, Diff: 3, Sum: 5]
      [Scan RS (ms): Min: 0.0, Avg: 0.1, Max: 0.1, Diff: 0.1, Sum: 0.2]
      [Code Root Scanning (ms): Min: 0.0, Avg: 0.0, Max: 0.0, Diff: 0.0, Sum: 0.0]
      [Object Copy (ms): Min: 26.8, Avg: 26.8, Max: 26.9, Diff: 0.1, Sum: 53.7]
      [Termination (ms): Min: 0.0, Avg: 0.0, Max: 0.0, Diff: 0.0, Sum: 0.0]
         [Termination Attempts: Min: 1, Avg: 1.0, Max: 1, Diff: 0, Sum: 2]
      [GC Worker Other (ms): Min: 0.0, Avg: 0.0, Max: 0.0, Diff: 0.0, Sum: 0.0]
      [GC Worker Total (ms): Min: 27.5, Avg: 27.5, Max: 27.5, Diff: 0.0, Sum: 55.1]
      [GC Worker End (ms): Min: 223774.9, Avg: 223774.9, Max: 223774.9, Diff: 0.0]
   [Code Root Fixup: 0.0 ms]
   [Code Root Purge: 0.0 ms]
   [Clear CT: 0.1 ms]
   [Other: 0.4 ms]
      [Choose CSet: 0.0 ms]
      [Ref Proc: 0.1 ms]
      [Ref Enq: 0.0 ms]
      [Redirty Cards: 0.0 ms]
      [Humongous Register: 0.0 ms]
      [Humongous Reclaim: 0.0 ms]
      [Free CSet: 0.1 ms]
   [Eden: 258.0M(258.0M)->0.0B(260.0M) Survivors: 25600.0K->23552.0K Heap: 385.0M(472.0M)->124.5M(472.0M)]
 [Times: user=0.06 sys=0.00, real=0.03 secs] 
2024-07-06T11:27:50.055+0800: 224.221: [GC pause (G1 Evacuation Pause) (young), 0.0189500 secs]
   [Parallel Time: 18.4 ms, GC Workers: 2]
      [GC Worker Start (ms): Min: 224221.2, Avg: 224221.2, Max: 224221.2, Diff: 0.0]
      [Ext Root Scanning (ms): Min: 0.5, Avg: 0.5, Max: 0.5, Diff: 0.0, Sum: 1.0]
      [Update RS (ms): Min: 0.0, Avg: 0.0, Max: 0.0, Diff: 0.0, Sum: 0.0]
         [Processed Buffers: Min: 1, Avg: 2.5, Max: 4, Diff: 3, Sum: 5]
      [Scan RS (ms): Min: 0.1, Avg: 0.1, Max: 0.1, Diff: 0.0, Sum: 0.2]
      [Code Root Scanning (ms): Min: 0.0, Avg: 0.0, Max: 0.0, Diff: 0.0, Sum: 0.0]
      [Object Copy (ms): Min: 17.7, Avg: 17.8, Max: 17.8, Diff: 0.0, Sum: 35.5]
      [Termination (ms): Min: 0.0, Avg: 0.0, Max: 0.0, Diff: 0.0, Sum: 0.0]
         [Termination Attempts: Min: 1, Avg: 1.0, Max: 1, Diff: 0, Sum: 2]
      [GC Worker Other (ms): Min: 0.0, Avg: 0.0, Max: 0.0, Diff: 0.0, Sum: 0.1]
      [GC Worker Total (ms): Min: 18.4, Avg: 18.4, Max: 18.4, Diff: 0.0, Sum: 36.8]
      [GC Worker End (ms): Min: 224239.6, Avg: 224239.6, Max: 224239.6, Diff: 0.0]
   [Code Root Fixup: 0.0 ms]
   [Code Root Purge: 0.0 ms]
   [Clear CT: 0.1 ms]
   [Other: 0.4 ms]
      [Choose CSet: 0.0 ms]
      [Ref Proc: 0.1 ms]
      [Ref Enq: 0.0 ms]
      [Redirty Cards: 0.0 ms]
      [Humongous Register: 0.0 ms]
      [Humongous Reclaim: 0.0 ms]
      [Free CSet: 0.2 ms]
   [Eden: 260.0M(260.0M)->0.0B(268.0M) Survivors: 23552.0K->15360.0K Heap: 384.5M(472.0M)->116.5M(472.0M)]
 [Times: user=0.04 sys=0.00, real=0.02 secs] 
2024-07-06T11:27:50.471+0800: 224.637: [GC pause (G1 Evacuation Pause) (young), 0.0105031 secs]
   [Parallel Time: 10.0 ms, GC Workers: 2]
      [GC Worker Start (ms): Min: 224637.5, Avg: 224637.5, Max: 224637.5, Diff: 0.0]
      [Ext Root Scanning (ms): Min: 0.5, Avg: 0.5, Max: 0.6, Diff: 0.0, Sum: 1.1]
      [Update RS (ms): Min: 0.0, Avg: 0.0, Max: 0.0, Diff: 0.0, Sum: 0.0]
         [Processed Buffers: Min: 1, Avg: 2.5, Max: 4, Diff: 3, Sum: 5]
      [Scan RS (ms): Min: 0.1, Avg: 0.1, Max: 0.1, Diff: 0.0, Sum: 0.1]
      [Code Root Scanning (ms): Min: 0.0, Avg: 0.0, Max: 0.0, Diff: 0.0, Sum: 0.0]
      [Object Copy (ms): Min: 9.3, Avg: 9.3, Max: 9.3, Diff: 0.0, Sum: 18.6]
      [Termination (ms): Min: 0.0, Avg: 0.0, Max: 0.0, Diff: 0.0, Sum: 0.0]
         [Termination Attempts: Min: 1, Avg: 1.0, Max: 1, Diff: 0, Sum: 2]
      [GC Worker Other (ms): Min: 0.0, Avg: 0.0, Max: 0.0, Diff: 0.0, Sum: 0.0]
      [GC Worker Total (ms): Min: 9.9, Avg: 10.0, Max: 10.0, Diff: 0.0, Sum: 19.9]
      [GC Worker End (ms): Min: 224647.5, Avg: 224647.5, Max: 224647.5, Diff: 0.0]
   [Code Root Fixup: 0.0 ms]
   [Code Root Purge: 0.0 ms]
   [Clear CT: 0.1 ms]
   [Other: 0.4 ms]
      [Choose CSet: 0.0 ms]
      [Ref Proc: 0.1 ms]
      [Ref Enq: 0.0 ms]
      [Redirty Cards: 0.0 ms]
      [Humongous Register: 0.0 ms]
      [Humongous Reclaim: 0.0 ms]
      [Free CSet: 0.2 ms]
   [Eden: 268.0M(268.0M)->0.0B(270.0M) Survivors: 15360.0K->13312.0K Heap: 384.5M(472.0M)->114.5M(472.0M)]
 [Times: user=0.02 sys=0.00, real=0.01 secs] 
2024-07-06T11:27:50.873+0800: 225.039: [GC pause (G1 Evacuation Pause) (young), 0.0324550 secs]
   [Parallel Time: 31.9 ms, GC Workers: 2]
      [GC Worker Start (ms): Min: 225039.4, Avg: 225039.5, Max: 225039.5, Diff: 0.0]
      [Ext Root Scanning (ms): Min: 0.5, Avg: 0.5, Max: 0.5, Diff: 0.0, Sum: 0.9]
      [Update RS (ms): Min: 0.0, Avg: 0.0, Max: 0.1, Diff: 0.0, Sum: 0.1]
         [Processed Buffers: Min: 1, Avg: 2.5, Max: 4, Diff: 3, Sum: 5]
      [Scan RS (ms): Min: 0.1, Avg: 0.1, Max: 0.1, Diff: 0.0, Sum: 0.2]
      [Code Root Scanning (ms): Min: 0.0, Avg: 0.0, Max: 0.0, Diff: 0.0, Sum: 0.0]
      [Object Copy (ms): Min: 31.1, Avg: 31.2, Max: 31.2, Diff: 0.1, Sum: 62.3]
      [Termination (ms): Min: 0.0, Avg: 0.1, Max: 0.1, Diff: 0.1, Sum: 0.1]
         [Termination Attempts: Min: 1, Avg: 1.0, Max: 1, Diff: 0, Sum: 2]
      [GC Worker Other (ms): Min: 0.0, Avg: 0.0, Max: 0.0, Diff: 0.0, Sum: 0.0]
      [GC Worker Total (ms): Min: 31.8, Avg: 31.8, Max: 31.8, Diff: 0.1, Sum: 63.6]
      [GC Worker End (ms): Min: 225071.2, Avg: 225071.3, Max: 225071.3, Diff: 0.0]
   [Code Root Fixup: 0.0 ms]
   [Code Root Purge: 0.0 ms]
   [Clear CT: 0.2 ms]
   [Other: 0.4 ms]
      [Choose CSet: 0.0 ms]
      [Ref Proc: 0.1 ms]
      [Ref Enq: 0.0 ms]
      [Redirty Cards: 0.0 ms]
      [Humongous Register: 0.0 ms]
      [Humongous Reclaim: 0.0 ms]
      [Free CSet: 0.1 ms]
   [Eden: 270.0M(270.0M)->0.0B(258.0M) Survivors: 13312.0K->25600.0K Heap: 384.5M(472.0M)->127.0M(472.0M)]
 [Times: user=0.04 sys=0.00, real=0.03 secs] 
2024-07-06T11:27:51.315+0800: 225.481: [GC pause (G1 Evacuation Pause) (young), 0.0383703 secs]
   [Parallel Time: 37.8 ms, GC Workers: 2]
      [GC Worker Start (ms): Min: 225481.5, Avg: 225481.6, Max: 225481.7, Diff: 0.2]
      [Ext Root Scanning (ms): Min: 0.5, Avg: 0.7, Max: 0.8, Diff: 0.3, Sum: 1.3]
      [Update RS (ms): Min: 0.0, Avg: 0.0, Max: 0.0, Diff: 0.0, Sum: 0.0]
         [Processed Buffers: Min: 2, Avg: 2.5, Max: 3, Diff: 1, Sum: 5]
      [Scan RS (ms): Min: 0.1, Avg: 0.1, Max: 0.1, Diff: 0.0, Sum: 0.2]
      [Code Root Scanning (ms): Min: 0.0, Avg: 0.0, Max: 0.0, Diff: 0.0, Sum: 0.0]
      [Object Copy (ms): Min: 36.8, Avg: 36.8, Max: 36.9, Diff: 0.1, Sum: 73.7]
      [Termination (ms): Min: 0.0, Avg: 0.0, Max: 0.0, Diff: 0.0, Sum: 0.0]
         [Termination Attempts: Min: 1, Avg: 1.0, Max: 1, Diff: 0, Sum: 2]
      [GC Worker Other (ms): Min: 0.0, Avg: 0.0, Max: 0.0, Diff: 0.0, Sum: 0.0]
      [GC Worker Total (ms): Min: 37.5, Avg: 37.6, Max: 37.7, Diff: 0.2, Sum: 75.2]
      [GC Worker End (ms): Min: 225519.2, Avg: 225519.2, Max: 225519.2, Diff: 0.0]
   [Code Root Fixup: 0.0 ms]
   [Code Root Purge: 0.0 ms]
   [Clear CT: 0.2 ms]
   [Other: 0.5 ms]
      [Choose CSet: 0.0 ms]
      [Ref Proc: 0.1 ms]
      [Ref Enq: 0.0 ms]
      [Redirty Cards: 0.0 ms]
      [Humongous Register: 0.0 ms]
      [Humongous Reclaim: 0.0 ms]
      [Free CSet: 0.1 ms]
   [Eden: 258.0M(258.0M)->0.0B(249.0M) Survivors: 25600.0K->34816.0K Heap: 385.0M(472.0M)->135.5M(472.0M)]
 [Times: user=0.07 sys=0.00, real=0.03 secs] 
2024-07-06T11:27:51.735+0800: 225.901: [GC pause (G1 Evacuation Pause) (young), 0.0382666 secs]
   [Parallel Time: 37.6 ms, GC Workers: 2]
      [GC Worker Start (ms): Min: 225901.5, Avg: 225901.5, Max: 225901.5, Diff: 0.0]
      [Ext Root Scanning (ms): Min: 0.0, Avg: 0.4, Max: 0.8, Diff: 0.8, Sum: 0.8]
      [Update RS (ms): Min: 0.0, Avg: 0.0, Max: 0.0, Diff: 0.0, Sum: 0.0]
         [Processed Buffers: Min: 0, Avg: 2.5, Max: 5, Diff: 5, Sum: 5]
      [Scan RS (ms): Min: 0.0, Avg: 0.1, Max: 0.1, Diff: 0.1, Sum: 0.2]
      [Code Root Scanning (ms): Min: 0.0, Avg: 0.0, Max: 0.0, Diff: 0.0, Sum: 0.0]
      [Object Copy (ms): Min: 35.5, Avg: 36.0, Max: 36.6, Diff: 1.1, Sum: 72.1]
      [Termination (ms): Min: 0.0, Avg: 0.0, Max: 0.0, Diff: 0.0, Sum: 0.0]
         [Termination Attempts: Min: 1, Avg: 1.0, Max: 1, Diff: 0, Sum: 2]
      [GC Worker Other (ms): Min: 0.0, Avg: 1.1, Max: 2.1, Diff: 2.1, Sum: 2.1]
      [GC Worker Total (ms): Min: 37.6, Avg: 37.6, Max: 37.6, Diff: 0.0, Sum: 75.2]
      [GC Worker End (ms): Min: 225939.1, Avg: 225939.1, Max: 225939.1, Diff: 0.0]
   [Code Root Fixup: 0.0 ms]
   [Code Root Purge: 0.0 ms]
   [Clear CT: 0.1 ms]
   [Other: 0.5 ms]
      [Choose CSet: 0.0 ms]
      [Ref Proc: 0.1 ms]
      [Ref Enq: 0.0 ms]
      [Redirty Cards: 0.1 ms]
      [Humongous Register: 0.0 ms]
      [Humongous Reclaim: 0.0 ms]
      [Free CSet: 0.2 ms]
   [Eden: 249.0M(249.0M)->0.0B(252.0M) Survivors: 34816.0K->31744.0K Heap: 384.5M(472.0M)->132.5M(472.0M)]
 [Times: user=0.07 sys=0.00, real=0.03 secs] 
2024-07-06T11:27:52.239+0800: 226.405: [GC pause (G1 Evacuation Pause) (young), 0.0377023 secs]
   [Parallel Time: 37.1 ms, GC Workers: 2]
      [GC Worker Start (ms): Min: 226405.3, Avg: 226405.3, Max: 226405.3, Diff: 0.0]
      [Ext Root Scanning (ms): Min: 0.5, Avg: 0.5, Max: 0.5, Diff: 0.0, Sum: 1.1]
      [Update RS (ms): Min: 0.0, Avg: 0.0, Max: 0.0, Diff: 0.0, Sum: 0.0]
         [Processed Buffers: Min: 1, Avg: 2.5, Max: 4, Diff: 3, Sum: 5]
      [Scan RS (ms): Min: 0.1, Avg: 0.1, Max: 0.1, Diff: 0.0, Sum: 0.2]
      [Code Root Scanning (ms): Min: 0.0, Avg: 0.0, Max: 0.0, Diff: 0.0, Sum: 0.0]
      [Object Copy (ms): Min: 36.3, Avg: 36.3, Max: 36.3, Diff: 0.0, Sum: 72.6]
      [Termination (ms): Min: 0.0, Avg: 0.0, Max: 0.0, Diff: 0.0, Sum: 0.0]
         [Termination Attempts: Min: 1, Avg: 1.0, Max: 1, Diff: 0, Sum: 2]
      [GC Worker Other (ms): Min: 0.0, Avg: 0.0, Max: 0.0, Diff: 0.0, Sum: 0.0]
      [GC Worker Total (ms): Min: 37.0, Avg: 37.0, Max: 37.0, Diff: 0.0, Sum: 74.0]
      [GC Worker End (ms): Min: 226442.3, Avg: 226442.3, Max: 226442.3, Diff: 0.0]
   [Code Root Fixup: 0.0 ms]
   [Code Root Purge: 0.0 ms]
   [Clear CT: 0.1 ms]
   [Other: 0.5 ms]
      [Choose CSet: 0.0 ms]
      [Ref Proc: 0.1 ms]
      [Ref Enq: 0.0 ms]
      [Redirty Cards: 0.1 ms]
      [Humongous Register: 0.0 ms]
      [Humongous Reclaim: 0.0 ms]
      [Free CSet: 0.2 ms]
   [Eden: 252.0M(252.0M)->0.0B(255.0M) Survivors: 31744.0K->28672.0K Heap: 384.5M(472.0M)->129.5M(472.0M)]
 [Times: user=0.08 sys=0.00, real=0.04 secs] 
2024-07-06T11:27:52.714+0800: 226.880: [GC pause (G1 Evacuation Pause) (young), 0.0211611 secs]
   [Parallel Time: 20.5 ms, GC Workers: 2]
      [GC Worker Start (ms): Min: 226879.9, Avg: 226879.9, Max: 226879.9, Diff: 0.0]
      [Ext Root Scanning (ms): Min: 0.6, Avg: 0.6, Max: 0.6, Diff: 0.0, Sum: 1.2]
      [Update RS (ms): Min: 0.0, Avg: 0.0, Max: 0.0, Diff: 0.0, Sum: 0.0]
         [Processed Buffers: Min: 1, Avg: 2.5, Max: 4, Diff: 3, Sum: 5]
      [Scan RS (ms): Min: 0.1, Avg: 0.1, Max: 0.1, Diff: 0.0, Sum: 0.2]
      [Code Root Scanning (ms): Min: 0.0, Avg: 0.0, Max: 0.0, Diff: 0.0, Sum: 0.0]
      [Object Copy (ms): Min: 19.7, Avg: 19.7, Max: 19.7, Diff: 0.0, Sum: 39.5]
      [Termination (ms): Min: 0.0, Avg: 0.0, Max: 0.0, Diff: 0.0, Sum: 0.0]
         [Termination Attempts: Min: 1, Avg: 1.0, Max: 1, Diff: 0, Sum: 2]
      [GC Worker Other (ms): Min: 0.0, Avg: 0.0, Max: 0.0, Diff: 0.0, Sum: 0.0]
      [GC Worker Total (ms): Min: 20.4, Avg: 20.5, Max: 20.5, Diff: 0.0, Sum: 40.9]
      [GC Worker End (ms): Min: 226900.4, Avg: 226900.4, Max: 226900.4, Diff: 0.0]
   [Code Root Fixup: 0.0 ms]
   [Code Root Purge: 0.0 ms]
   [Clear CT: 0.1 ms]
   [Other: 0.5 ms]
      [Choose CSet: 0.0 ms]
      [Ref Proc: 0.1 ms]
      [Ref Enq: 0.0 ms]
      [Redirty Cards: 0.0 ms]
      [Humongous Register: 0.0 ms]
      [Humongous Reclaim: 0.0 ms]
      [Free CSet: 0.2 ms]
   [Eden: 255.0M(255.0M)->0.0B(263.0M) Survivors: 28672.0K->20480.0K Heap: 384.5M(472.0M)->121.5M(472.0M)]
 [Times: user=0.04 sys=0.00, real=0.02 secs] 
2024-07-06T11:27:53.253+0800: 227.420: [GC pause (G1 Evacuation Pause) (young), 0.0291769 secs]
   [Parallel Time: 28.4 ms, GC Workers: 2]
      [GC Worker Start (ms): Min: 227419.7, Avg: 227419.7, Max: 227419.7, Diff: 0.0]
      [Ext Root Scanning (ms): Min: 0.5, Avg: 0.6, Max: 0.6, Diff: 0.0, Sum: 1.1]
      [Update RS (ms): Min: 0.0, Avg: 0.0, Max: 0.0, Diff: 0.0, Sum: 0.0]
         [Processed Buffers: Min: 0, Avg: 2.5, Max: 5, Diff: 5, Sum: 5]
      [Scan RS (ms): Min: 0.1, Avg: 0.1, Max: 0.1, Diff: 0.0, Sum: 0.2]
      [Code Root Scanning (ms): Min: 0.0, Avg: 0.0, Max: 0.0, Diff: 0.0, Sum: 0.0]
      [Object Copy (ms): Min: 27.6, Avg: 27.7, Max: 27.7, Diff: 0.0, Sum: 55.3]
      [Termination (ms): Min: 0.0, Avg: 0.0, Max: 0.0, Diff: 0.0, Sum: 0.0]
         [Termination Attempts: Min: 16, Avg: 18.5, Max: 21, Diff: 5, Sum: 37]
      [GC Worker Other (ms): Min: 0.0, Avg: 0.0, Max: 0.0, Diff: 0.0, Sum: 0.0]
      [GC Worker Total (ms): Min: 28.4, Avg: 28.4, Max: 28.4, Diff: 0.0, Sum: 56.7]
      [GC Worker End (ms): Min: 227448.1, Avg: 227448.1, Max: 227448.1, Diff: 0.0]
   [Code Root Fixup: 0.0 ms]
   [Code Root Purge: 0.0 ms]
   [Clear CT: 0.2 ms]
   [Other: 0.5 ms]
      [Choose CSet: 0.0 ms]
      [Ref Proc: 0.2 ms]
      [Ref Enq: 0.0 ms]
      [Redirty Cards: 0.0 ms]
      [Humongous Register: 0.0 ms]
      [Humongous Reclaim: 0.0 ms]
      [Free CSet: 0.2 ms]
   [Eden: 263.0M(263.0M)->0.0B(259.0M) Survivors: 20480.0K->24576.0K Heap: 384.5M(472.0M)->126.0M(472.0M)]
 [Times: user=0.05 sys=0.00, real=0.03 secs] 
2024-07-06T11:27:53.778+0800: 227.944: [GC pause (G1 Evacuation Pause) (young), 0.0200088 secs]
   [Parallel Time: 19.4 ms, GC Workers: 2]
      [GC Worker Start (ms): Min: 227944.5, Avg: 227944.9, Max: 227945.4, Diff: 0.9]
      [Ext Root Scanning (ms): Min: 0.0, Avg: 0.3, Max: 0.7, Diff: 0.7, Sum: 0.7]
      [Update RS (ms): Min: 0.0, Avg: 0.0, Max: 0.0, Diff: 0.0, Sum: 0.0]
         [Processed Buffers: Min: 0, Avg: 2.5, Max: 5, Diff: 5, Sum: 5]
      [Scan RS (ms): Min: 0.0, Avg: 0.1, Max: 0.1, Diff: 0.1, Sum: 0.2]
      [Code Root Scanning (ms): Min: 0.0, Avg: 0.0, Max: 0.0, Diff: 0.0, Sum: 0.0]
      [Object Copy (ms): Min: 18.3, Avg: 18.4, Max: 18.4, Diff: 0.1, Sum: 36.8]
      [Termination (ms): Min: 0.0, Avg: 0.0, Max: 0.0, Diff: 0.0, Sum: 0.0]
         [Termination Attempts: Min: 1, Avg: 1.0, Max: 1, Diff: 0, Sum: 2]
      [GC Worker Other (ms): Min: 0.0, Avg: 0.0, Max: 0.0, Diff: 0.0, Sum: 0.0]
      [GC Worker Total (ms): Min: 18.4, Avg: 18.9, Max: 19.3, Diff: 0.9, Sum: 37.7]
      [GC Worker End (ms): Min: 227963.8, Avg: 227963.8, Max: 227963.8, Diff: 0.0]
   [Code Root Fixup: 0.0 ms]
   [Code Root Purge: 0.0 ms]
   [Clear CT: 0.1 ms]
   [Other: 0.5 ms]
      [Choose CSet: 0.0 ms]
      [Ref Proc: 0.1 ms]
      [Ref Enq: 0.0 ms]
      [Redirty Cards: 0.0 ms]
      [Humongous Register: 0.0 ms]
      [Humongous Reclaim: 0.0 ms]
      [Free CSet: 0.2 ms]
   [Eden: 259.0M(259.0M)->0.0B(268.0M) Survivors: 24576.0K->15360.0K Heap: 385.0M(472.0M)->117.0M(472.0M)]
 [Times: user=0.04 sys=0.00, real=0.02 secs] 
2024-07-06T11:27:54.249+0800: 228.415: [GC pause (G1 Evacuation Pause) (young), 0.0339659 secs]
   [Parallel Time: 33.3 ms, GC Workers: 2]
      [GC Worker Start (ms): Min: 228415.4, Avg: 228415.4, Max: 228415.4, Diff: 0.0]
      [Ext Root Scanning (ms): Min: 0.6, Avg: 0.6, Max: 0.6, Diff: 0.0, Sum: 1.2]
      [Update RS (ms): Min: 0.0, Avg: 0.0, Max: 0.0, Diff: 0.0, Sum: 0.0]
         [Processed Buffers: Min: 1, Avg: 3.0, Max: 5, Diff: 4, Sum: 6]
      [Scan RS (ms): Min: 0.1, Avg: 0.1, Max: 0.1, Diff: 0.0, Sum: 0.2]
      [Code Root Scanning (ms): Min: 0.0, Avg: 0.0, Max: 0.0, Diff: 0.0, Sum: 0.0]
      [Object Copy (ms): Min: 32.5, Avg: 32.5, Max: 32.5, Diff: 0.0, Sum: 65.0]
      [Termination (ms): Min: 0.0, Avg: 0.0, Max: 0.0, Diff: 0.0, Sum: 0.0]
         [Termination Attempts: Min: 1, Avg: 1.0, Max: 1, Diff: 0, Sum: 2]
      [GC Worker Other (ms): Min: 0.0, Avg: 0.0, Max: 0.0, Diff: 0.0, Sum: 0.0]
      [GC Worker Total (ms): Min: 33.2, Avg: 33.2, Max: 33.2, Diff: 0.0, Sum: 66.4]
      [GC Worker End (ms): Min: 228448.6, Avg: 228448.6, Max: 228448.6, Diff: 0.0]
   [Code Root Fixup: 0.0 ms]
   [Code Root Purge: 0.0 ms]
   [Clear CT: 0.1 ms]
   [Other: 0.6 ms]
      [Choose CSet: 0.0 ms]
      [Ref Proc: 0.1 ms]
      [Ref Enq: 0.0 ms]
      [Redirty Cards: 0.1 ms]
      [Humongous Register: 0.0 ms]
      [Humongous Reclaim: 0.0 ms]
      [Free CSet: 0.2 ms]
   [Eden: 268.0M(268.0M)->0.0B(258.0M) Survivors: 15360.0K->25600.0K Heap: 385.0M(472.0M)->127.0M(472.0M)]
 [Times: user=0.06 sys=0.01, real=0.03 secs] 
2024-07-06T11:27:54.751+0800: 228.918: [GC pause (G1 Evacuation Pause) (young), 0.0326661 secs]
   [Parallel Time: 31.9 ms, GC Workers: 2]
      [GC Worker Start (ms): Min: 228917.6, Avg: 228917.6, Max: 228917.6, Diff: 0.0]
      [Ext Root Scanning (ms): Min: 0.6, Avg: 0.6, Max: 0.6, Diff: 0.0, Sum: 1.1]
      [Update RS (ms): Min: 0.0, Avg: 0.0, Max: 0.0, Diff: 0.0, Sum: 0.1]
         [Processed Buffers: Min: 1, Avg: 2.5, Max: 4, Diff: 3, Sum: 5]
      [Scan RS (ms): Min: 0.1, Avg: 0.1, Max: 0.1, Diff: 0.0, Sum: 0.2]
      [Code Root Scanning (ms): Min: 0.0, Avg: 0.0, Max: 0.0, Diff: 0.0, Sum: 0.0]
      [Object Copy (ms): Min: 31.1, Avg: 31.1, Max: 31.2, Diff: 0.0, Sum: 62.3]
      [Termination (ms): Min: 0.0, Avg: 0.0, Max: 0.0, Diff: 0.0, Sum: 0.0]
         [Termination Attempts: Min: 1, Avg: 1.0, Max: 1, Diff: 0, Sum: 2]
      [GC Worker Other (ms): Min: 0.0, Avg: 0.0, Max: 0.0, Diff: 0.0, Sum: 0.0]
      [GC Worker Total (ms): Min: 31.8, Avg: 31.9, Max: 31.9, Diff: 0.0, Sum: 63.7]
      [GC Worker End (ms): Min: 228949.5, Avg: 228949.5, Max: 228949.5, Diff: 0.0]
   [Code Root Fixup: 0.0 ms]
   [Code Root Purge: 0.0 ms]
   [Clear CT: 0.1 ms]
   [Other: 0.6 ms]
      [Choose CSet: 0.0 ms]
      [Ref Proc: 0.2 ms]
      [Ref Enq: 0.0 ms]
      [Redirty Cards: 0.1 ms]
      [Humongous Register: 0.0 ms]
      [Humongous Reclaim: 0.0 ms]
      [Free CSet: 0.2 ms]
   [Eden: 258.0M(258.0M)->0.0B(261.0M) Survivors: 25600.0K->22528.0K Heap: 385.0M(472.0M)->124.0M(472.0M)]
 [Times: user=0.07 sys=0.00, real=0.03 secs] 
2024-07-06T11:27:55.213+0800: 229.380: [GC pause (G1 Evacuation Pause) (young), 0.0212578 secs]
   [Parallel Time: 20.8 ms, GC Workers: 2]
      [GC Worker Start (ms): Min: 229379.8, Avg: 229379.8, Max: 229379.8, Diff: 0.0]
      [Ext Root Scanning (ms): Min: 0.5, Avg: 0.5, Max: 0.5, Diff: 0.0, Sum: 1.0]
      [Update RS (ms): Min: 0.0, Avg: 0.0, Max: 0.0, Diff: 0.0, Sum: 0.0]
         [Processed Buffers: Min: 1, Avg: 2.5, Max: 4, Diff: 3, Sum: 5]
      [Scan RS (ms): Min: 0.1, Avg: 0.1, Max: 0.1, Diff: 0.0, Sum: 0.2]
      [Code Root Scanning (ms): Min: 0.0, Avg: 0.0, Max: 0.0, Diff: 0.0, Sum: 0.0]
      [Object Copy (ms): Min: 20.1, Avg: 20.1, Max: 20.1, Diff: 0.0, Sum: 40.2]
      [Termination (ms): Min: 0.0, Avg: 0.0, Max: 0.0, Diff: 0.0, Sum: 0.0]
         [Termination Attempts: Min: 1, Avg: 1.0, Max: 1, Diff: 0, Sum: 2]
      [GC Worker Other (ms): Min: 0.0, Avg: 0.0, Max: 0.0, Diff: 0.0, Sum: 0.0]
      [GC Worker Total (ms): Min: 20.7, Avg: 20.7, Max: 20.7, Diff: 0.0, Sum: 41.4]
      [GC Worker End (ms): Min: 229400.5, Avg: 229400.5, Max: 229400.5, Diff: 0.0]
   [Code Root Fixup: 0.0 ms]
   [Code Root Purge: 0.0 ms]
   [Clear CT: 0.1 ms]
   [Other: 0.4 ms]
      [Choose CSet: 0.0 ms]
      [Ref Proc: 0.1 ms]
      [Ref Enq: 0.0 ms]
      [Redirty Cards: 0.0 ms]
      [Humongous Register: 0.0 ms]
      [Humongous Reclaim: 0.0 ms]
      [Free CSet: 0.1 ms]
   [Eden: 261.0M(261.0M)->0.0B(263.0M) Survivors: 22528.0K->20480.0K Heap: 385.0M(472.0M)->121.5M(472.0M)]
 [Times: user=0.04 sys=0.00, real=0.02 secs] 
2024-07-06T11:27:55.615+0800: 229.781: [GC pause (G1 Evacuation Pause) (young), 0.0297336 secs]
   [Parallel Time: 29.3 ms, GC Workers: 2]
      [GC Worker Start (ms): Min: 229780.8, Avg: 229780.8, Max: 229780.8, Diff: 0.0]
      [Ext Root Scanning (ms): Min: 0.6, Avg: 0.6, Max: 0.6, Diff: 0.0, Sum: 1.2]
      [Update RS (ms): Min: 0.0, Avg: 0.0, Max: 0.1, Diff: 0.0, Sum: 0.1]
         [Processed Buffers: Min: 2, Avg: 2.5, Max: 3, Diff: 1, Sum: 5]
      [Scan RS (ms): Min: 0.1, Avg: 0.1, Max: 0.1, Diff: 0.0, Sum: 0.2]
      [Code Root Scanning (ms): Min: 0.0, Avg: 0.0, Max: 0.0, Diff: 0.0, Sum: 0.0]
      [Object Copy (ms): Min: 28.4, Avg: 28.4, Max: 28.5, Diff: 0.0, Sum: 56.9]
      [Termination (ms): Min: 0.0, Avg: 0.0, Max: 0.0, Diff: 0.0, Sum: 0.0]
         [Termination Attempts: Min: 1, Avg: 1.0, Max: 1, Diff: 0, Sum: 2]
      [GC Worker Other (ms): Min: 0.0, Avg: 0.0, Max: 0.0, Diff: 0.0, Sum: 0.0]
      [GC Worker Total (ms): Min: 29.2, Avg: 29.2, Max: 29.2, Diff: 0.0, Sum: 58.4]
      [GC Worker End (ms): Min: 229810.0, Avg: 229810.0, Max: 229810.0, Diff: 0.0]
   [Code Root Fixup: 0.0 ms]
   [Code Root Purge: 0.0 ms]
   [Clear CT: 0.1 ms]
   [Other: 0.4 ms]
      [Choose CSet: 0.0 ms]
      [Ref Proc: 0.1 ms]
      [Ref Enq: 0.0 ms]
      [Redirty Cards: 0.0 ms]
      [Humongous Register: 0.0 ms]
      [Humongous Reclaim: 0.0 ms]
      [Free CSet: 0.1 ms]
   [Eden: 263.0M(263.0M)->0.0B(256.0M) Survivors: 20480.0K->27648.0K Heap: 384.5M(472.0M)->128.5M(472.0M)]
 [Times: user=0.06 sys=0.00, real=0.03 secs] 
2024-07-06T11:27:56.031+0800: 230.197: [GC pause (G1 Evacuation Pause) (young), 0.0274024 secs]
   [Parallel Time: 26.9 ms, GC Workers: 2]
      [GC Worker Start (ms): Min: 230196.8, Avg: 230196.8, Max: 230196.8, Diff: 0.0]
      [Ext Root Scanning (ms): Min: 0.5, Avg: 0.5, Max: 0.6, Diff: 0.1, Sum: 1.1]
      [Update RS (ms): Min: 0.0, Avg: 0.0, Max: 0.0, Diff: 0.0, Sum: 0.0]
         [Processed Buffers: Min: 2, Avg: 2.5, Max: 3, Diff: 1, Sum: 5]
      [Scan RS (ms): Min: 0.1, Avg: 0.1, Max: 0.1, Diff: 0.0, Sum: 0.2]
      [Code Root Scanning (ms): Min: 0.0, Avg: 0.0, Max: 0.0, Diff: 0.0, Sum: 0.0]
      [Object Copy (ms): Min: 26.1, Avg: 26.1, Max: 26.2, Diff: 0.0, Sum: 52.3]
      [Termination (ms): Min: 0.0, Avg: 0.0, Max: 0.0, Diff: 0.0, Sum: 0.0]
         [Termination Attempts: Min: 1, Avg: 1.0, Max: 1, Diff: 0, Sum: 2]
      [GC Worker Other (ms): Min: 0.0, Avg: 0.0, Max: 0.0, Diff: 0.0, Sum: 0.0]
      [GC Worker Total (ms): Min: 26.8, Avg: 26.8, Max: 26.8, Diff: 0.0, Sum: 53.6]
      [GC Worker End (ms): Min: 230223.6, Avg: 230223.6, Max: 230223.6, Diff: 0.0]
   [Code Root Fixup: 0.0 ms]
   [Code Root Purge: 0.0 ms]
   [Clear CT: 0.1 ms]
   [Other: 0.4 ms]
      [Choose CSet: 0.0 ms]
      [Ref Proc: 0.1 ms]
      [Ref Enq: 0.0 ms]
      [Redirty Cards: 0.0 ms]
      [Humongous Register: 0.0 ms]
      [Humongous Reclaim: 0.0 ms]
      [Free CSet: 0.2 ms]
   [Eden: 256.0M(256.0M)->0.0B(259.0M) Survivors: 27648.0K->24576.0K Heap: 384.5M(472.0M)->125.5M(472.0M)]
 [Times: user=0.06 sys=0.00, real=0.03 secs] 
2024-07-06T11:27:56.434+0800: 230.600: [GC pause (G1 Evacuation Pause) (young), 0.0206513 secs]
   [Parallel Time: 20.1 ms, GC Workers: 2]
      [GC Worker Start (ms): Min: 230600.0, Avg: 230600.0, Max: 230600.1, Diff: 0.0]
      [Ext Root Scanning (ms): Min: 0.5, Avg: 0.5, Max: 0.5, Diff: 0.0, Sum: 1.0]
      [Update RS (ms): Min: 0.0, Avg: 0.0, Max: 0.0, Diff: 0.0, Sum: 0.0]
         [Processed Buffers: Min: 1, Avg: 2.5, Max: 4, Diff: 3, Sum: 5]
      [Scan RS (ms): Min: 0.1, Avg: 0.1, Max: 0.1, Diff: 0.0, Sum: 0.2]
      [Code Root Scanning (ms): Min: 0.0, Avg: 0.0, Max: 0.0, Diff: 0.0, Sum: 0.0]
      [Object Copy (ms): Min: 19.5, Avg: 19.5, Max: 19.5, Diff: 0.0, Sum: 39.0]
      [Termination (ms): Min: 0.0, Avg: 0.0, Max: 0.0, Diff: 0.0, Sum: 0.0]
         [Termination Attempts: Min: 1, Avg: 1.0, Max: 1, Diff: 0, Sum: 2]
      [GC Worker Other (ms): Min: 0.0, Avg: 0.0, Max: 0.0, Diff: 0.0, Sum: 0.0]
      [GC Worker Total (ms): Min: 20.1, Avg: 20.1, Max: 20.1, Diff: 0.0, Sum: 40.2]
      [GC Worker End (ms): Min: 230620.1, Avg: 230620.1, Max: 230620.1, Diff: 0.0]
   [Code Root Fixup: 0.0 ms]
   [Code Root Purge: 0.0 ms]
   [Clear CT: 0.1 ms]
   [Other: 0.4 ms]
      [Choose CSet: 0.0 ms]
      [Ref Proc: 0.1 ms]
      [Ref Enq: 0.0 ms]
      [Redirty Cards: 0.0 ms]
      [Humongous Register: 0.0 ms]
      [Humongous Reclaim: 0.0 ms]
      [Free CSet: 0.1 ms]
   [Eden: 259.0M(259.0M)->0.0B(264.0M) Survivors: 24576.0K->19456.0K Heap: 384.5M(472.0M)->121.0M(472.0M)]
 [Times: user=0.04 sys=0.00, real=0.02 secs] 
2024-07-06T11:27:56.828+0800: 230.994: [GC pause (G1 Evacuation Pause) (young), 0.0252219 secs]
   [Parallel Time: 24.7 ms, GC Workers: 2]
      [GC Worker Start (ms): Min: 230994.4, Avg: 230994.4, Max: 230994.5, Diff: 0.0]
      [Ext Root Scanning (ms): Min: 0.5, Avg: 0.5, Max: 0.5, Diff: 0.0, Sum: 1.0]
      [Update RS (ms): Min: 0.0, Avg: 0.0, Max: 0.0, Diff: 0.0, Sum: 0.0]
         [Processed Buffers: Min: 2, Avg: 2.5, Max: 3, Diff: 1, Sum: 5]
      [Scan RS (ms): Min: 0.1, Avg: 0.1, Max: 0.1, Diff: 0.0, Sum: 0.2]
      [Code Root Scanning (ms): Min: 0.0, Avg: 0.0, Max: 0.0, Diff: 0.0, Sum: 0.0]
      [Object Copy (ms): Min: 24.0, Avg: 24.0, Max: 24.0, Diff: 0.0, Sum: 48.1]
      [Termination (ms): Min: 0.0, Avg: 0.0, Max: 0.0, Diff: 0.0, Sum: 0.0]
         [Termination Attempts: Min: 1, Avg: 1.0, Max: 1, Diff: 0, Sum: 2]
      [GC Worker Other (ms): Min: 0.0, Avg: 0.0, Max: 0.0, Diff: 0.0, Sum: 0.0]
      [GC Worker Total (ms): Min: 24.6, Avg: 24.6, Max: 24.7, Diff: 0.0, Sum: 49.3]
      [GC Worker End (ms): Min: 231019.1, Avg: 231019.1, Max: 231019.1, Diff: 0.0]
   [Code Root Fixup: 0.0 ms]
   [Code Root Purge: 0.0 ms]
   [Clear CT: 0.1 ms]
   [Other: 0.4 ms]
      [Choose CSet: 0.0 ms]
      [Ref Proc: 0.1 ms]
      [Ref Enq: 0.0 ms]
      [Redirty Cards: 0.0 ms]
      [Humongous Register: 0.0 ms]
      [Humongous Reclaim: 0.0 ms]
      [Free CSet: 0.1 ms]
   [Eden: 264.0M(264.0M)->0.0B(259.0M) Survivors: 19456.0K->24576.0K Heap: 385.0M(472.0M)->125.5M(472.0M)]
 [Times: user=0.05 sys=0.00, real=0.02 secs] 
2024-07-06T11:27:57.352+0800: 231.519: [GC pause (G1 Evacuation Pause) (young), 0.0357314 secs]
   [Parallel Time: 35.1 ms, GC Workers: 2]
      [GC Worker Start (ms): Min: 231518.7, Avg: 231518.7, Max: 231518.7, Diff: 0.0]
      [Ext Root Scanning (ms): Min: 0.5, Avg: 0.5, Max: 0.5, Diff: 0.0, Sum: 1.0]
      [Update RS (ms): Min: 0.0, Avg: 0.0, Max: 0.0, Diff: 0.0, Sum: 0.1]
         [Processed Buffers: Min: 2, Avg: 3.0, Max: 4, Diff: 2, Sum: 6]
      [Scan RS (ms): Min: 0.1, Avg: 0.1, Max: 0.1, Diff: 0.0, Sum: 0.2]
      [Code Root Scanning (ms): Min: 0.0, Avg: 0.0, Max: 0.0, Diff: 0.0, Sum: 0.0]
      [Object Copy (ms): Min: 34.4, Avg: 34.4, Max: 34.4, Diff: 0.1, Sum: 68.8]
      [Termination (ms): Min: 0.0, Avg: 0.0, Max: 0.0, Diff: 0.0, Sum: 0.0]
         [Termination Attempts: Min: 1, Avg: 1.0, Max: 1, Diff: 0, Sum: 2]
      [GC Worker Other (ms): Min: 0.0, Avg: 0.0, Max: 0.0, Diff: 0.0, Sum: 0.0]
      [GC Worker Total (ms): Min: 35.0, Avg: 35.0, Max: 35.1, Diff: 0.0, Sum: 70.1]
      [GC Worker End (ms): Min: 231553.7, Avg: 231553.7, Max: 231553.7, Diff: 0.0]
   [Code Root Fixup: 0.0 ms]
   [Code Root Purge: 0.0 ms]
   [Clear CT: 0.1 ms]
   [Other: 0.5 ms]
      [Choose CSet: 0.0 ms]
      [Ref Proc: 0.1 ms]
      [Ref Enq: 0.0 ms]
      [Redirty Cards: 0.0 ms]
      [Humongous Register: 0.0 ms]
      [Humongous Reclaim: 0.0 ms]
      [Free CSet: 0.2 ms]
   [Eden: 259.0M(259.0M)->0.0B(255.0M) Survivors: 24576.0K->28672.0K Heap: 384.5M(472.0M)->130.0M(472.0M)]
 [Times: user=0.07 sys=0.00, real=0.04 secs] 
2024-07-06T11:27:57.823+0800: 231.989: [GC pause (G1 Evacuation Pause) (young), 0.0269292 secs]
   [Parallel Time: 26.2 ms, GC Workers: 2]
      [GC Worker Start (ms): Min: 231989.5, Avg: 231989.5, Max: 231989.5, Diff: 0.0]
      [Ext Root Scanning (ms): Min: 0.5, Avg: 0.5, Max: 0.5, Diff: 0.0, Sum: 1.0]
      [Update RS (ms): Min: 0.0, Avg: 0.0, Max: 0.0, Diff: 0.0, Sum: 0.0]
         [Processed Buffers: Min: 2, Avg: 2.5, Max: 3, Diff: 1, Sum: 5]
      [Scan RS (ms): Min: 0.1, Avg: 0.1, Max: 0.1, Diff: 0.0, Sum: 0.2]
      [Code Root Scanning (ms): Min: 0.0, Avg: 0.0, Max: 0.0, Diff: 0.0, Sum: 0.0]
      [Object Copy (ms): Min: 25.5, Avg: 25.5, Max: 25.5, Diff: 0.0, Sum: 51.0]
      [Termination (ms): Min: 0.0, Avg: 0.0, Max: 0.0, Diff: 0.0, Sum: 0.0]
         [Termination Attempts: Min: 1, Avg: 1.5, Max: 2, Diff: 1, Sum: 3]
      [GC Worker Other (ms): Min: 0.0, Avg: 0.0, Max: 0.0, Diff: 0.0, Sum: 0.0]
      [GC Worker Total (ms): Min: 26.1, Avg: 26.1, Max: 26.2, Diff: 0.0, Sum: 52.3]
      [GC Worker End (ms): Min: 232015.7, Avg: 232015.7, Max: 232015.7, Diff: 0.0]
   [Code Root Fixup: 0.0 ms]
   [Code Root Purge: 0.0 ms]
   [Clear CT: 0.2 ms]
   [Other: 0.5 ms]
      [Choose CSet: 0.0 ms]
      [Ref Proc: 0.2 ms]
      [Ref Enq: 0.0 ms]
      [Redirty Cards: 0.0 ms]
      [Humongous Register: 0.0 ms]
      [Humongous Reclaim: 0.0 ms]
      [Free CSet: 0.1 ms]
   [Eden: 255.0M(255.0M)->0.0B(261.0M) Survivors: 28672.0K->22528.0K Heap: 385.0M(472.0M)->123.5M(472.0M)]
 [Times: user=0.05 sys=0.00, real=0.03 secs] 
2024-07-06T11:27:58.302+0800: 232.468: [GC pause (G1 Evacuation Pause) (young), 0.0323786 secs]
   [Parallel Time: 31.8 ms, GC Workers: 2]
      [GC Worker Start (ms): Min: 232468.6, Avg: 232468.9, Max: 232469.2, Diff: 0.6]
      [Ext Root Scanning (ms): Min: 0.4, Avg: 0.7, Max: 1.0, Diff: 0.6, Sum: 1.4]
      [Update RS (ms): Min: 0.0, Avg: 0.0, Max: 0.0, Diff: 0.0, Sum: 0.1]
         [Processed Buffers: Min: 2, Avg: 2.5, Max: 3, Diff: 1, Sum: 5]
      [Scan RS (ms): Min: 0.1, Avg: 0.1, Max: 0.1, Diff: 0.0, Sum: 0.2]
      [Code Root Scanning (ms): Min: 0.0, Avg: 0.0, Max: 0.0, Diff: 0.0, Sum: 0.0]
      [Object Copy (ms): Min: 30.6, Avg: 30.6, Max: 30.6, Diff: 0.0, Sum: 61.2]
      [Termination (ms): Min: 0.0, Avg: 0.0, Max: 0.0, Diff: 0.0, Sum: 0.0]
         [Termination Attempts: Min: 1, Avg: 1.5, Max: 2, Diff: 1, Sum: 3]
      [GC Worker Other (ms): Min: 0.0, Avg: 0.0, Max: 0.0, Diff: 0.0, Sum: 0.0]
      [GC Worker Total (ms): Min: 31.2, Avg: 31.5, Max: 31.8, Diff: 0.6, Sum: 63.0]
      [GC Worker End (ms): Min: 232500.4, Avg: 232500.4, Max: 232500.4, Diff: 0.0]
   [Code Root Fixup: 0.0 ms]
   [Code Root Purge: 0.0 ms]
   [Clear CT: 0.1 ms]
   [Other: 0.4 ms]
      [Choose CSet: 0.0 ms]
      [Ref Proc: 0.1 ms]
      [Ref Enq: 0.0 ms]
      [Redirty Cards: 0.0 ms]
      [Humongous Register: 0.0 ms]
      [Humongous Reclaim: 0.0 ms]
      [Free CSet: 0.2 ms]
   [Eden: 261.0M(261.0M)->0.0B(257.0M) Survivors: 22528.0K->26624.0K Heap: 384.5M(472.0M)->127.5M(472.0M)]
 [Times: user=0.06 sys=0.00, real=0.03 secs] 
2024-07-06T11:27:58.865+0800: 233.031: [GC pause (G1 Evacuation Pause) (young), 0.0519380 secs]
   [Parallel Time: 51.2 ms, GC Workers: 2]
      [GC Worker Start (ms): Min: 233031.4, Avg: 233031.4, Max: 233031.4, Diff: 0.0]
      [Ext Root Scanning (ms): Min: 0.7, Avg: 0.7, Max: 0.7, Diff: 0.0, Sum: 1.5]
      [Update RS (ms): Min: 0.0, Avg: 0.0, Max: 0.1, Diff: 0.1, Sum: 0.1]
         [Processed Buffers: Min: 0, Avg: 2.5, Max: 5, Diff: 5, Sum: 5]
      [Scan RS (ms): Min: 0.0, Avg: 0.1, Max: 0.2, Diff: 0.2, Sum: 0.2]
      [Code Root Scanning (ms): Min: 0.0, Avg: 0.0, Max: 0.0, Diff: 0.0, Sum: 0.0]
      [Object Copy (ms): Min: 50.1, Avg: 50.2, Max: 50.3, Diff: 0.2, Sum: 100.5]
      [Termination (ms): Min: 0.0, Avg: 0.0, Max: 0.0, Diff: 0.0, Sum: 0.0]
         [Termination Attempts: Min: 1, Avg: 1.0, Max: 1, Diff: 0, Sum: 2]
      [GC Worker Other (ms): Min: 0.0, Avg: 0.0, Max: 0.0, Diff: 0.0, Sum: 0.0]
      [GC Worker Total (ms): Min: 51.1, Avg: 51.1, Max: 51.1, Diff: 0.0, Sum: 102.2]
      [GC Worker End (ms): Min: 233082.5, Avg: 233082.5, Max: 233082.5, Diff: 0.0]
   [Code Root Fixup: 0.0 ms]
   [Code Root Purge: 0.0 ms]
   [Clear CT: 0.1 ms]
   [Other: 0.6 ms]
      [Choose CSet: 0.0 ms]
      [Ref Proc: 0.2 ms]
      [Ref Enq: 0.0 ms]
      [Redirty Cards: 0.0 ms]
      [Humongous Register: 0.0 ms]
      [Humongous Reclaim: 0.0 ms]
      [Free CSet: 0.2 ms]
   [Eden: 257.0M(257.0M)->0.0B(252.0M) Survivors: 26624.0K->31744.0K Heap: 384.5M(472.0M)->133.0M(472.0M)]
 [Times: user=0.10 sys=0.00, real=0.06 secs] 
2024-07-06T11:27:59.419+0800: 233.585: [GC pause (G1 Evacuation Pause) (young), 0.0326560 secs]
   [Parallel Time: 32.1 ms, GC Workers: 2]
      [GC Worker Start (ms): Min: 233585.6, Avg: 233585.6, Max: 233585.6, Diff: 0.0]
      [Ext Root Scanning (ms): Min: 0.5, Avg: 0.5, Max: 0.5, Diff: 0.0, Sum: 1.1]
      [Update RS (ms): Min: 0.0, Avg: 0.0, Max: 0.0, Diff: 0.0, Sum: 0.0]
         [Processed Buffers: Min: 1, Avg: 2.5, Max: 4, Diff: 3, Sum: 5]
      [Scan RS (ms): Min: 0.1, Avg: 0.1, Max: 0.1, Diff: 0.0, Sum: 0.2]
      [Code Root Scanning (ms): Min: 0.0, Avg: 0.0, Max: 0.0, Diff: 0.0, Sum: 0.0]
      [Object Copy (ms): Min: 31.4, Avg: 31.4, Max: 31.4, Diff: 0.0, Sum: 62.8]
      [Termination (ms): Min: 0.0, Avg: 0.0, Max: 0.0, Diff: 0.0, Sum: 0.0]
         [Termination Attempts: Min: 1, Avg: 1.0, Max: 1, Diff: 0, Sum: 2]
      [GC Worker Other (ms): Min: 0.0, Avg: 0.0, Max: 0.0, Diff: 0.0, Sum: 0.0]
      [GC Worker Total (ms): Min: 32.0, Avg: 32.0, Max: 32.1, Diff: 0.0, Sum: 64.1]
      [GC Worker End (ms): Min: 233617.6, Avg: 233617.6, Max: 233617.6, Diff: 0.0]
   [Code Root Fixup: 0.0 ms]
   [Code Root Purge: 0.0 ms]
   [Clear CT: 0.1 ms]
   [Other: 0.4 ms]
      [Choose CSet: 0.0 ms]
      [Ref Proc: 0.1 ms]
      [Ref Enq: 0.0 ms]
      [Redirty Cards: 0.0 ms]
      [Humongous Register: 0.0 ms]
      [Humongous Reclaim: 0.0 ms]
      [Free CSet: 0.2 ms]
   [Eden: 252.0M(252.0M)->0.0B(255.0M) Survivors: 31744.0K->28672.0K Heap: 385.0M(472.0M)->129.5M(472.0M)]
 [Times: user=0.07 sys=0.00, real=0.03 secs] 
2024-07-06T11:27:59.854+0800: 234.020: [GC pause (G1 Evacuation Pause) (young), 0.0290741 secs]
   [Parallel Time: 28.5 ms, GC Workers: 2]
      [GC Worker Start (ms): Min: 234020.6, Avg: 234020.6, Max: 234020.6, Diff: 0.0]
      [Ext Root Scanning (ms): Min: 0.5, Avg: 0.5, Max: 0.5, Diff: 0.0, Sum: 1.1]
      [Update RS (ms): Min: 0.0, Avg: 0.0, Max: 0.0, Diff: 0.0, Sum: 0.0]
         [Processed Buffers: Min: 1, Avg: 2.5, Max: 4, Diff: 3, Sum: 5]
      [Scan RS (ms): Min: 0.1, Avg: 0.1, Max: 0.1, Diff: 0.0, Sum: 0.2]
      [Code Root Scanning (ms): Min: 0.0, Avg: 0.0, Max: 0.0, Diff: 0.0, Sum: 0.0]
      [Object Copy (ms): Min: 27.8, Avg: 27.8, Max: 27.8, Diff: 0.0, Sum: 55.6]
      [Termination (ms): Min: 0.0, Avg: 0.0, Max: 0.0, Diff: 0.0, Sum: 0.0]
         [Termination Attempts: Min: 1, Avg: 1.0, Max: 1, Diff: 0, Sum: 2]
      [GC Worker Other (ms): Min: 0.0, Avg: 0.0, Max: 0.0, Diff: 0.0, Sum: 0.0]
      [GC Worker Total (ms): Min: 28.5, Avg: 28.5, Max: 28.5, Diff: 0.0, Sum: 56.9]
      [GC Worker End (ms): Min: 234049.0, Avg: 234049.0, Max: 234049.0, Diff: 0.0]
   [Code Root Fixup: 0.0 ms]
   [Code Root Purge: 0.0 ms]
   [Clear CT: 0.1 ms]
   [Other: 0.4 ms]
      [Choose CSet: 0.0 ms]
      [Ref Proc: 0.1 ms]
      [Ref Enq: 0.0 ms]
      [Redirty Cards: 0.1 ms]
      [Humongous Register: 0.0 ms]
      [Humongous Reclaim: 0.0 ms]
      [Free CSet: 0.1 ms]
   [Eden: 255.0M(255.0M)->0.0B(258.0M) Survivors: 28672.0K->25600.0K Heap: 384.5M(472.0M)->126.5M(472.0M)]
 [Times: user=0.05 sys=0.00, real=0.03 secs] 
2024-07-06T11:28:00.302+0800: 234.469: [GC pause (G1 Evacuation Pause) (young), 0.0244782 secs]
   [Parallel Time: 23.9 ms, GC Workers: 2]
      [GC Worker Start (ms): Min: 234468.7, Avg: 234468.7, Max: 234468.7, Diff: 0.0]
      [Ext Root Scanning (ms): Min: 0.5, Avg: 0.5, Max: 0.5, Diff: 0.0, Sum: 1.0]
      [Update RS (ms): Min: 0.0, Avg: 0.0, Max: 0.0, Diff: 0.0, Sum: 0.0]
         [Processed Buffers: Min: 2, Avg: 2.5, Max: 3, Diff: 1, Sum: 5]
      [Scan RS (ms): Min: 0.1, Avg: 0.1, Max: 0.1, Diff: 0.0, Sum: 0.2]
      [Code Root Scanning (ms): Min: 0.0, Avg: 0.0, Max: 0.0, Diff: 0.0, Sum: 0.0]
      [Object Copy (ms): Min: 23.2, Avg: 23.2, Max: 23.2, Diff: 0.0, Sum: 46.5]
      [Termination (ms): Min: 0.0, Avg: 0.0, Max: 0.0, Diff: 0.0, Sum: 0.0]
         [Termination Attempts: Min: 1, Avg: 1.0, Max: 1, Diff: 0, Sum: 2]
      [GC Worker Other (ms): Min: 0.0, Avg: 0.0, Max: 0.0, Diff: 0.0, Sum: 0.0]
      [GC Worker Total (ms): Min: 23.9, Avg: 23.9, Max: 23.9, Diff: 0.0, Sum: 47.7]
      [GC Worker End (ms): Min: 234492.6, Avg: 234492.6, Max: 234492.6, Diff: 0.0]
   [Code Root Fixup: 0.0 ms]
   [Code Root Purge: 0.0 ms]
   [Clear CT: 0.1 ms]
   [Other: 0.4 ms]
      [Choose CSet: 0.0 ms]
      [Ref Proc: 0.1 ms]
      [Ref Enq: 0.0 ms]
      [Redirty Cards: 0.0 ms]
      [Humongous Register: 0.0 ms]
      [Humongous Reclaim: 0.0 ms]
      [Free CSet: 0.2 ms]
   [Eden: 258.0M(258.0M)->0.0B(263.0M) Survivors: 25600.0K->20480.0K Heap: 384.5M(472.0M)->121.5M(472.0M)]
 [Times: user=0.04 sys=0.00, real=0.02 secs] 
2024-07-06T11:28:00.706+0800: 234.873: [GC pause (G1 Evacuation Pause) (young), 0.0209497 secs]
   [Parallel Time: 20.4 ms, GC Workers: 2]
      [GC Worker Start (ms): Min: 234872.6, Avg: 234872.6, Max: 234872.6, Diff: 0.0]
      [Ext Root Scanning (ms): Min: 0.6, Avg: 0.6, Max: 0.6, Diff: 0.0, Sum: 1.1]
      [Update RS (ms): Min: 0.0, Avg: 0.0, Max: 0.0, Diff: 0.0, Sum: 0.1]
         [Processed Buffers: Min: 2, Avg: 2.5, Max: 3, Diff: 1, Sum: 5]
      [Scan RS (ms): Min: 0.1, Avg: 0.1, Max: 0.1, Diff: 0.0, Sum: 0.2]
      [Code Root Scanning (ms): Min: 0.0, Avg: 0.0, Max: 0.0, Diff: 0.0, Sum: 0.0]
      [Object Copy (ms): Min: 19.7, Avg: 19.7, Max: 19.7, Diff: 0.0, Sum: 39.3]
      [Termination (ms): Min: 0.0, Avg: 0.0, Max: 0.0, Diff: 0.0, Sum: 0.0]
         [Termination Attempts: Min: 1, Avg: 1.0, Max: 1, Diff: 0, Sum: 2]
      [GC Worker Other (ms): Min: 0.0, Avg: 0.0, Max: 0.0, Diff: 0.0, Sum: 0.0]
      [GC Worker Total (ms): Min: 20.4, Avg: 20.4, Max: 20.4, Diff: 0.0, Sum: 40.8]
      [GC Worker End (ms): Min: 234893.0, Avg: 234893.0, Max: 234893.0, Diff: 0.0]
   [Code Root Fixup: 0.0 ms]
   [Code Root Purge: 0.0 ms]
   [Clear CT: 0.1 ms]
   [Other: 0.4 ms]
      [Choose CSet: 0.0 ms]
      [Ref Proc: 0.1 ms]
      [Ref Enq: 0.0 ms]
      [Redirty Cards: 0.0 ms]
      [Humongous Register: 0.0 ms]
      [Humongous Reclaim: 0.0 ms]
      [Free CSet: 0.2 ms]
   [Eden: 263.0M(263.0M)->0.0B(263.0M) Survivors: 20480.0K->20480.0K Heap: 384.5M(472.0M)->121.5M(472.0M)]
 [Times: user=0.04 sys=0.00, real=0.03 secs] 
2024-07-06T11:28:01.129+0800: 235.296: [GC pause (G1 Evacuation Pause) (young), 0.0346828 secs]
   [Parallel Time: 34.2 ms, GC Workers: 2]
      [GC Worker Start (ms): Min: 235295.7, Avg: 235296.5, Max: 235297.3, Diff: 1.6]
      [Ext Root Scanning (ms): Min: 0.0, Avg: 0.4, Max: 0.8, Diff: 0.8, Sum: 0.8]
      [Update RS (ms): Min: 0.0, Avg: 0.0, Max: 0.0, Diff: 0.0, Sum: 0.0]
         [Processed Buffers: Min: 0, Avg: 2.5, Max: 5, Diff: 5, Sum: 5]
      [Scan RS (ms): Min: 0.0, Avg: 0.1, Max: 0.1, Diff: 0.1, Sum: 0.1]
      [Code Root Scanning (ms): Min: 0.0, Avg: 0.0, Max: 0.0, Diff: 0.0, Sum: 0.0]
      [Object Copy (ms): Min: 32.5, Avg: 32.8, Max: 33.2, Diff: 0.7, Sum: 65.6]
      [Termination (ms): Min: 0.0, Avg: 0.0, Max: 0.0, Diff: 0.0, Sum: 0.0]
         [Termination Attempts: Min: 1, Avg: 1.0, Max: 1, Diff: 0, Sum: 2]
      [GC Worker Other (ms): Min: 0.0, Avg: 0.0, Max: 0.0, Diff: 0.0, Sum: 0.0]
      [GC Worker Total (ms): Min: 32.5, Avg: 33.3, Max: 34.1, Diff: 1.6, Sum: 66.6]
      [GC Worker End (ms): Min: 235329.8, Avg: 235329.8, Max: 235329.8, Diff: 0.0]
   [Code Root Fixup: 0.0 ms]
   [Code Root Purge: 0.0 ms]
   [Clear CT: 0.1 ms]
   [Other: 0.4 ms]
      [Choose CSet: 0.0 ms]
      [Ref Proc: 0.1 ms]
      [Ref Enq: 0.0 ms]
      [Redirty Cards: 0.0 ms]
      [Humongous Register: 0.0 ms]
      [Humongous Reclaim: 0.0 ms]
      [Free CSet: 0.1 ms]
   [Eden: 263.0M(263.0M)->0.0B(256.0M) Survivors: 20480.0K->27648.0K Heap: 384.5M(472.0M)->128.5M(472.0M)]
 [Times: user=0.06 sys=0.01, real=0.03 secs] 
2024-07-06T11:28:01.601+0800: 235.767: [GC pause (G1 Evacuation Pause) (young), 0.0321897 secs]
   [Parallel Time: 31.7 ms, GC Workers: 2]
      [GC Worker Start (ms): Min: 235767.3, Avg: 235767.3, Max: 235767.3, Diff: 0.0]
      [Ext Root Scanning (ms): Min: 0.6, Avg: 0.6, Max: 0.6, Diff: 0.0, Sum: 1.1]
      [Update RS (ms): Min: 0.0, Avg: 0.0, Max: 0.0, Diff: 0.0, Sum: 0.1]
         [Processed Buffers: Min: 1, Avg: 2.5, Max: 4, Diff: 3, Sum: 5]
      [Scan RS (ms): Min: 0.1, Avg: 0.1, Max: 0.1, Diff: 0.0, Sum: 0.2]
      [Code Root Scanning (ms): Min: 0.0, Avg: 0.0, Max: 0.0, Diff: 0.0, Sum: 0.0]
      [Object Copy (ms): Min: 30.8, Avg: 30.9, Max: 30.9, Diff: 0.0, Sum: 61.7]
      [Termination (ms): Min: 0.0, Avg: 0.0, Max: 0.0, Diff: 0.0, Sum: 0.0]
         [Termination Attempts: Min: 1, Avg: 1.0, Max: 1, Diff: 0, Sum: 2]
      [GC Worker Other (ms): Min: 0.0, Avg: 0.0, Max: 0.0, Diff: 0.0, Sum: 0.0]
      [GC Worker Total (ms): Min: 31.6, Avg: 31.6, Max: 31.6, Diff: 0.0, Sum: 63.2]
      [GC Worker End (ms): Min: 235798.9, Avg: 235798.9, Max: 235798.9, Diff: 0.0]
   [Code Root Fixup: 0.0 ms]
   [Code Root Purge: 0.0 ms]
   [Clear CT: 0.1 ms]
   [Other: 0.4 ms]
      [Choose CSet: 0.0 ms]
      [Ref Proc: 0.1 ms]
      [Ref Enq: 0.0 ms]
      [Redirty Cards: 0.0 ms]
      [Humongous Register: 0.0 ms]
      [Humongous Reclaim: 0.0 ms]
      [Free CSet: 0.1 ms]
   [Eden: 256.0M(256.0M)->0.0B(260.0M) Survivors: 27648.0K->23552.0K Heap: 384.5M(472.0M)->125.0M(472.0M)]
 [Times: user=0.06 sys=0.00, real=0.03 secs] 
2024-07-06T11:28:02.056+0800: 236.222: [GC pause (G1 Evacuation Pause) (young), 0.0230715 secs]
   [Parallel Time: 22.5 ms, GC Workers: 2]
      [GC Worker Start (ms): Min: 236222.5, Avg: 236222.5, Max: 236222.5, Diff: 0.0]
      [Ext Root Scanning (ms): Min: 0.5, Avg: 0.5, Max: 0.5, Diff: 0.0, Sum: 1.1]
      [Update RS (ms): Min: 0.0, Avg: 0.0, Max: 0.0, Diff: 0.0, Sum: 0.1]
         [Processed Buffers: Min: 2, Avg: 2.5, Max: 3, Diff: 1, Sum: 5]
      [Scan RS (ms): Min: 0.1, Avg: 0.1, Max: 0.1, Diff: 0.0, Sum: 0.2]
      [Code Root Scanning (ms): Min: 0.0, Avg: 0.0, Max: 0.0, Diff: 0.0, Sum: 0.0]
      [Object Copy (ms): Min: 21.7, Avg: 21.7, Max: 21.7, Diff: 0.0, Sum: 43.5]
      [Termination (ms): Min: 0.0, Avg: 0.0, Max: 0.0, Diff: 0.0, Sum: 0.0]
         [Termination Attempts: Min: 1, Avg: 1.0, Max: 1, Diff: 0, Sum: 2]
      [GC Worker Other (ms): Min: 0.0, Avg: 0.0, Max: 0.0, Diff: 0.0, Sum: 0.0]
      [GC Worker Total (ms): Min: 22.4, Avg: 22.4, Max: 22.4, Diff: 0.0, Sum: 44.8]
      [GC Worker End (ms): Min: 236244.9, Avg: 236244.9, Max: 236244.9, Diff: 0.0]
   [Code Root Fixup: 0.0 ms]
   [Code Root Purge: 0.0 ms]
   [Clear CT: 0.1 ms]
   [Other: 0.5 ms]
      [Choose CSet: 0.0 ms]
      [Ref Proc: 0.1 ms]
      [Ref Enq: 0.0 ms]
      [Redirty Cards: 0.0 ms]
      [Humongous Register: 0.0 ms]
      [Humongous Reclaim: 0.0 ms]
      [Free CSet: 0.2 ms]
   [Eden: 260.0M(260.0M)->0.0B(265.0M) Survivors: 23552.0K->18432.0K Heap: 385.0M(472.0M)->119.5M(472.0M)]
 [Times: user=0.04 sys=0.00, real=0.02 secs] 
2024-07-06T11:28:02.463+0800: 236.629: [GC pause (G1 Evacuation Pause) (young), 0.0177172 secs]
   [Parallel Time: 17.1 ms, GC Workers: 2]
      [GC Worker Start (ms): Min: 236629.5, Avg: 236629.5, Max: 236629.6, Diff: 0.0]
      [Ext Root Scanning (ms): Min: 0.5, Avg: 0.5, Max: 0.5, Diff: 0.0, Sum: 1.0]
      [Update RS (ms): Min: 0.0, Avg: 0.0, Max: 0.0, Diff: 0.0, Sum: 0.1]
         [Processed Buffers: Min: 2, Avg: 2.5, Max: 3, Diff: 1, Sum: 5]
      [Scan RS (ms): Min: 0.1, Avg: 0.1, Max: 0.1, Diff: 0.0, Sum: 0.2]
      [Code Root Scanning (ms): Min: 0.0, Avg: 0.0, Max: 0.0, Diff: 0.0, Sum: 0.0]
      [Object Copy (ms): Min: 16.4, Avg: 16.4, Max: 16.4, Diff: 0.1, Sum: 32.8]
      [Termination (ms): Min: 0.0, Avg: 0.0, Max: 0.0, Diff: 0.0, Sum: 0.0]
         [Termination Attempts: Min: 1, Avg: 1.0, Max: 1, Diff: 0, Sum: 2]
      [GC Worker Other (ms): Min: 0.0, Avg: 0.0, Max: 0.0, Diff: 0.0, Sum: 0.0]
      [GC Worker Total (ms): Min: 17.0, Avg: 17.0, Max: 17.1, Diff: 0.0, Sum: 34.1]
      [GC Worker End (ms): Min: 236646.6, Avg: 236646.6, Max: 236646.6, Diff: 0.0]
   [Code Root Fixup: 0.0 ms]
   [Code Root Purge: 0.0 ms]
   [Clear CT: 0.2 ms]
   [Other: 0.4 ms]
      [Choose CSet: 0.0 ms]
      [Ref Proc: 0.1 ms]
      [Ref Enq: 0.0 ms]
      [Redirty Cards: 0.1 ms]
      [Humongous Register: 0.0 ms]
      [Humongous Reclaim: 0.0 ms]
      [Free CSet: 0.2 ms]
   [Eden: 265.0M(265.0M)->0.0B(267.0M) Survivors: 18432.0K->16384.0K Heap: 384.5M(472.0M)->117.5M(472.0M)]
 [Times: user=0.03 sys=0.00, real=0.02 secs] 
2024-07-06T11:28:02.910+0800: 237.076: [GC pause (G1 Evacuation Pause) (young), 0.0248610 secs]
   [Parallel Time: 24.3 ms, GC Workers: 2]
      [GC Worker Start (ms): Min: 237076.5, Avg: 237076.5, Max: 237076.5, Diff: 0.0]
      [Ext Root Scanning (ms): Min: 0.6, Avg: 0.6, Max: 0.6, Diff: 0.0, Sum: 1.3]
      [Update RS (ms): Min: 0.0, Avg: 0.0, Max: 0.0, Diff: 0.0, Sum: 0.1]
         [Processed Buffers: Min: 1, Avg: 2.5, Max: 4, Diff: 3, Sum: 5]
      [Scan RS (ms): Min: 0.1, Avg: 0.1, Max: 0.1, Diff: 0.0, Sum: 0.3]
      [Code Root Scanning (ms): Min: 0.0, Avg: 0.0, Max: 0.0, Diff: 0.0, Sum: 0.0]
      [Object Copy (ms): Min: 23.4, Avg: 23.4, Max: 23.5, Diff: 0.0, Sum: 46.9]
      [Termination (ms): Min: 0.0, Avg: 0.0, Max: 0.0, Diff: 0.0, Sum: 0.0]
         [Termination Attempts: Min: 1, Avg: 1.0, Max: 1, Diff: 0, Sum: 2]
      [GC Worker Other (ms): Min: 0.0, Avg: 0.0, Max: 0.0, Diff: 0.0, Sum: 0.0]
      [GC Worker Total (ms): Min: 24.2, Avg: 24.2, Max: 24.3, Diff: 0.0, Sum: 48.5]
      [GC Worker End (ms): Min: 237100.8, Avg: 237100.8, Max: 237100.8, Diff: 0.0]
   [Code Root Fixup: 0.0 ms]
   [Code Root Purge: 0.0 ms]
   [Clear CT: 0.1 ms]
   [Other: 0.4 ms]
      [Choose CSet: 0.0 ms]
      [Ref Proc: 0.1 ms]
      [Ref Enq: 0.0 ms]
      [Redirty Cards: 0.0 ms]
      [Humongous Register: 0.0 ms]
      [Humongous Reclaim: 0.0 ms]
      [Free CSet: 0.1 ms]
   [Eden: 267.0M(267.0M)->0.0B(263.0M) Survivors: 16384.0K->20480.0K Heap: 384.5M(472.0M)->122.0M(472.0M)]
 [Times: user=0.04 sys=0.00, real=0.03 secs] 
2024-07-06T11:28:03.319+0800: 237.485: [GC pause (G1 Evacuation Pause) (young), 0.0314822 secs]
   [Parallel Time: 30.8 ms, GC Workers: 2]
      [GC Worker Start (ms): Min: 237485.5, Avg: 237487.0, Max: 237488.6, Diff: 3.0]
      [Ext Root Scanning (ms): Min: 0.0, Avg: 0.3, Max: 0.7, Diff: 0.7, Sum: 0.7]
      [Update RS (ms): Min: 0.0, Avg: 0.0, Max: 0.0, Diff: 0.0, Sum: 0.0]
         [Processed Buffers: Min: 0, Avg: 2.5, Max: 5, Diff: 5, Sum: 5]
      [Scan RS (ms): Min: 0.0, Avg: 0.1, Max: 0.1, Diff: 0.1, Sum: 0.2]
      [Code Root Scanning (ms): Min: 0.0, Avg: 0.0, Max: 0.0, Diff: 0.0, Sum: 0.0]
      [Object Copy (ms): Min: 27.7, Avg: 28.8, Max: 29.9, Diff: 2.3, Sum: 57.6]
      [Termination (ms): Min: 0.0, Avg: 0.0, Max: 0.0, Diff: 0.0, Sum: 0.0]
         [Termination Attempts: Min: 1, Avg: 1.5, Max: 2, Diff: 1, Sum: 3]
      [GC Worker Other (ms): Min: 0.0, Avg: 0.0, Max: 0.0, Diff: 0.0, Sum: 0.0]
      [GC Worker Total (ms): Min: 27.7, Avg: 29.3, Max: 30.8, Diff: 3.0, Sum: 58.5]
      [GC Worker End (ms): Min: 237516.3, Avg: 237516.3, Max: 237516.3, Diff: 0.0]
   [Code Root Fixup: 0.0 ms]
   [Code Root Purge: 0.0 ms]
   [Clear CT: 0.2 ms]
   [Other: 0.5 ms]
      [Choose CSet: 0.0 ms]
      [Ref Proc: 0.2 ms]
      [Ref Enq: 0.0 ms]
      [Redirty Cards: 0.0 ms]
      [Humongous Register: 0.0 ms]
      [Humongous Reclaim: 0.0 ms]
      [Free CSet: 0.2 ms]
   [Eden: 263.0M(263.0M)->0.0B(256.0M) Survivors: 20480.0K->27648.0K Heap: 385.0M(472.0M)->128.5M(472.0M)]
 [Times: user=0.06 sys=0.00, real=0.03 secs] 
2024-07-06T11:28:03.822+0800: 237.988: [GC pause (G1 Evacuation Pause) (young), 0.0327901 secs]
   [Parallel Time: 32.2 ms, GC Workers: 2]
      [GC Worker Start (ms): Min: 237988.2, Avg: 237988.8, Max: 237989.4, Diff: 1.1]
      [Ext Root Scanning (ms): Min: 0.0, Avg: 0.4, Max: 0.7, Diff: 0.7, Sum: 0.8]
      [Update RS (ms): Min: 0.0, Avg: 0.0, Max: 0.0, Diff: 0.0, Sum: 0.0]
         [Processed Buffers: Min: 0, Avg: 2.5, Max: 5, Diff: 5, Sum: 5]
      [Scan RS (ms): Min: 0.0, Avg: 0.1, Max: 0.1, Diff: 0.1, Sum: 0.1]
      [Code Root Scanning (ms): Min: 0.0, Avg: 0.0, Max: 0.0, Diff: 0.0, Sum: 0.0]
      [Object Copy (ms): Min: 31.0, Avg: 31.1, Max: 31.2, Diff: 0.2, Sum: 62.2]
      [Termination (ms): Min: 0.0, Avg: 0.0, Max: 0.0, Diff: 0.0, Sum: 0.0]
         [Termination Attempts: Min: 1, Avg: 1.0, Max: 1, Diff: 0, Sum: 2]
      [GC Worker Other (ms): Min: 0.0, Avg: 0.0, Max: 0.0, Diff: 0.0, Sum: 0.0]
      [GC Worker Total (ms): Min: 31.0, Avg: 31.6, Max: 32.2, Diff: 1.1, Sum: 63.2]
      [GC Worker End (ms): Min: 238020.4, Avg: 238020.4, Max: 238020.4, Diff: 0.0]
   [Code Root Fixup: 0.0 ms]
   [Code Root Purge: 0.0 ms]
   [Clear CT: 0.1 ms]
   [Other: 0.5 ms]
      [Choose CSet: 0.0 ms]
      [Ref Proc: 0.1 ms]
      [Ref Enq: 0.0 ms]
      [Redirty Cards: 0.0 ms]
      [Humongous Register: 0.0 ms]
      [Humongous Reclaim: 0.0 ms]
      [Free CSet: 0.2 ms]
   [Eden: 256.0M(256.0M)->0.0B(256.0M) Survivors: 27648.0K->27648.0K Heap: 384.5M(472.0M)->129.0M(472.0M)]
 [Times: user=0.06 sys=0.00, real=0.03 secs] 
2024-07-06T11:28:04.274+0800: 238.440: [GC pause (G1 Evacuation Pause) (young), 0.0334430 secs]
   [Parallel Time: 32.9 ms, GC Workers: 2]
      [GC Worker Start (ms): Min: 238440.2, Avg: 238440.3, Max: 238440.3, Diff: 0.0]
      [Ext Root Scanning (ms): Min: 0.5, Avg: 0.5, Max: 0.5, Diff: 0.0, Sum: 1.0]
      [Update RS (ms): Min: 0.0, Avg: 0.0, Max: 0.0, Diff: 0.0, Sum: 0.0]
         [Processed Buffers: Min: 2, Avg: 2.5, Max: 3, Diff: 1, Sum: 5]
      [Scan RS (ms): Min: 0.1, Avg: 0.1, Max: 0.1, Diff: 0.0, Sum: 0.1]
      [Code Root Scanning (ms): Min: 0.0, Avg: 0.0, Max: 0.0, Diff: 0.0, Sum: 0.0]
      [Object Copy (ms): Min: 32.2, Avg: 32.2, Max: 32.2, Diff: 0.0, Sum: 64.5]
      [Termination (ms): Min: 0.0, Avg: 0.0, Max: 0.0, Diff: 0.0, Sum: 0.0]
         [Termination Attempts: Min: 1, Avg: 1.0, Max: 1, Diff: 0, Sum: 2]
      [GC Worker Other (ms): Min: 0.0, Avg: 0.0, Max: 0.0, Diff: 0.0, Sum: 0.0]
      [GC Worker Total (ms): Min: 32.8, Avg: 32.8, Max: 32.8, Diff: 0.0, Sum: 65.7]
      [GC Worker End (ms): Min: 238473.1, Avg: 238473.1, Max: 238473.1, Diff: 0.0]
   [Code Root Fixup: 0.0 ms]
   [Code Root Purge: 0.0 ms]
   [Clear CT: 0.1 ms]
   [Other: 0.4 ms]
      [Choose CSet: 0.0 ms]
      [Ref Proc: 0.1 ms]
      [Ref Enq: 0.0 ms]
      [Redirty Cards: 0.0 ms]
      [Humongous Register: 0.0 ms]
      [Humongous Reclaim: 0.0 ms]
      [Free CSet: 0.2 ms]
   [Eden: 256.0M(256.0M)->0.0B(255.0M) Survivors: 27648.0K->28672.0K Heap: 385.0M(472.0M)->129.5M(472.0M)]
 [Times: user=0.07 sys=0.00, real=0.04 secs] 
2024-07-06T11:28:04.739+0800: 238.905: [GC pause (G1 Evacuation Pause) (young), 0.0309003 secs]
   [Parallel Time: 30.4 ms, GC Workers: 2]
      [GC Worker Start (ms): Min: 238905.6, Avg: 238905.6, Max: 238905.6, Diff: 0.0]
      [Ext Root Scanning (ms): Min: 0.6, Avg: 0.6, Max: 0.6, Diff: 0.0, Sum: 1.1]
      [Update RS (ms): Min: 0.0, Avg: 0.0, Max: 0.0, Diff: 0.0, Sum: 0.0]
         [Processed Buffers: Min: 1, Avg: 2.5, Max: 4, Diff: 3, Sum: 5]
      [Scan RS (ms): Min: 0.1, Avg: 0.1, Max: 0.1, Diff: 0.0, Sum: 0.2]
      [Code Root Scanning (ms): Min: 0.0, Avg: 0.0, Max: 0.0, Diff: 0.0, Sum: 0.0]
      [Object Copy (ms): Min: 29.6, Avg: 29.6, Max: 29.6, Diff: 0.0, Sum: 59.1]
      [Termination (ms): Min: 0.0, Avg: 0.0, Max: 0.0, Diff: 0.0, Sum: 0.0]
         [Termination Attempts: Min: 1, Avg: 1.0, Max: 1, Diff: 0, Sum: 2]
      [GC Worker Other (ms): Min: 0.0, Avg: 0.0, Max: 0.0, Diff: 0.0, Sum: 0.0]
      [GC Worker Total (ms): Min: 30.3, Avg: 30.3, Max: 30.3, Diff: 0.0, Sum: 60.5]
      [GC Worker End (ms): Min: 238935.8, Avg: 238935.8, Max: 238935.8, Diff: 0.0]
   [Code Root Fixup: 0.0 ms]
   [Code Root Purge: 0.0 ms]
   [Clear CT: 0.1 ms]
   [Other: 0.4 ms]
      [Choose CSet: 0.0 ms]
      [Ref Proc: 0.1 ms]
      [Ref Enq: 0.0 ms]
      [Redirty Cards: 0.1 ms]
      [Humongous Register: 0.0 ms]
      [Humongous Reclaim: 0.0 ms]
      [Free CSet: 0.1 ms]
   [Eden: 255.0M(255.0M)->0.0B(258.0M) Survivors: 28672.0K->25600.0K Heap: 384.5M(472.0M)->126.5M(472.0M)]
 [Times: user=0.07 sys=0.00, real=0.03 secs] 
2024-07-06T11:28:05.165+0800: 239.331: [GC pause (G1 Evacuation Pause) (young), 0.0235501 secs]
   [Parallel Time: 23.0 ms, GC Workers: 2]
      [GC Worker Start (ms): Min: 239331.6, Avg: 239331.6, Max: 239331.6, Diff: 0.0]
      [Ext Root Scanning (ms): Min: 0.5, Avg: 0.5, Max: 0.5, Diff: 0.0, Sum: 1.1]
      [Update RS (ms): Min: 0.0, Avg: 0.0, Max: 0.0, Diff: 0.0, Sum: 0.1]
         [Processed Buffers: Min: 2, Avg: 2.5, Max: 3, Diff: 1, Sum: 5]
      [Scan RS (ms): Min: 0.1, Avg: 0.1, Max: 0.1, Diff: 0.0, Sum: 0.2]
      [Code Root Scanning (ms): Min: 0.0, Avg: 0.0, Max: 0.0, Diff: 0.0, Sum: 0.0]
      [Object Copy (ms): Min: 22.3, Avg: 22.3, Max: 22.3, Diff: 0.0, Sum: 44.5]
      [Termination (ms): Min: 0.0, Avg: 0.0, Max: 0.0, Diff: 0.0, Sum: 0.0]
         [Termination Attempts: Min: 8, Avg: 11.0, Max: 14, Diff: 6, Sum: 22]
      [GC Worker Other (ms): Min: 0.0, Avg: 0.0, Max: 0.0, Diff: 0.0, Sum: 0.0]
      [GC Worker Total (ms): Min: 22.9, Avg: 22.9, Max: 22.9, Diff: 0.0, Sum: 45.8]
      [GC Worker End (ms): Min: 239354.5, Avg: 239354.5, Max: 239354.5, Diff: 0.0]
   [Code Root Fixup: 0.0 ms]
   [Code Root Purge: 0.0 ms]
   [Clear CT: 0.1 ms]
   [Other: 0.5 ms]
      [Choose CSet: 0.0 ms]
      [Ref Proc: 0.1 ms]
      [Ref Enq: 0.0 ms]
      [Redirty Cards: 0.0 ms]
      [Humongous Register: 0.0 ms]
      [Humongous Reclaim: 0.0 ms]
      [Free CSet: 0.2 ms]
   [Eden: 258.0M(258.0M)->0.0B(261.0M) Survivors: 25600.0K->22528.0K Heap: 384.5M(472.0M)->124.0M(472.0M)]
 [Times: user=0.05 sys=0.00, real=0.03 secs] 
2024-07-06T11:28:05.607+0800: 239.774: [GC pause (G1 Evacuation Pause) (young), 0.0304031 secs]
   [Parallel Time: 29.9 ms, GC Workers: 2]
      [GC Worker Start (ms): Min: 239773.6, Avg: 239773.6, Max: 239773.6, Diff: 0.0]
      [Ext Root Scanning (ms): Min: 0.5, Avg: 0.5, Max: 0.5, Diff: 0.0, Sum: 1.0]
      [Update RS (ms): Min: 0.0, Avg: 0.0, Max: 0.0, Diff: 0.0, Sum: 0.0]
         [Processed Buffers: Min: 2, Avg: 2.5, Max: 3, Diff: 1, Sum: 5]
      [Scan RS (ms): Min: 0.1, Avg: 0.1, Max: 0.1, Diff: 0.0, Sum: 0.2]
      [Code Root Scanning (ms): Min: 0.0, Avg: 0.0, Max: 0.0, Diff: 0.0, Sum: 0.0]
      [Object Copy (ms): Min: 29.2, Avg: 29.2, Max: 29.2, Diff: 0.0, Sum: 58.4]
      [Termination (ms): Min: 0.0, Avg: 0.0, Max: 0.0, Diff: 0.0, Sum: 0.0]
         [Termination Attempts: Min: 1, Avg: 1.0, Max: 1, Diff: 0, Sum: 2]
      [GC Worker Other (ms): Min: 0.0, Avg: 0.0, Max: 0.0, Diff: 0.0, Sum: 0.0]
      [GC Worker Total (ms): Min: 29.8, Avg: 29.8, Max: 29.8, Diff: 0.0, Sum: 59.7]
      [GC Worker End (ms): Min: 239803.4, Avg: 239803.4, Max: 239803.4, Diff: 0.0]
   [Code Root Fixup: 0.0 ms]
   [Code Root Purge: 0.0 ms]
   [Clear CT: 0.1 ms]
   [Other: 0.4 ms]
      [Choose CSet: 0.0 ms]
      [Ref Proc: 0.1 ms]
      [Ref Enq: 0.0 ms]
      [Redirty Cards: 0.1 ms]
      [Humongous Register: 0.0 ms]
      [Humongous Reclaim: 0.0 ms]
      [Free CSet: 0.1 ms]
   [Eden: 261.0M(261.0M)->0.0B(256.0M) Survivors: 22528.0K->27648.0K Heap: 385.0M(472.0M)->128.5M(472.0M)]
 [Times: user=0.06 sys=0.00, real=0.03 secs] 
2024-07-06T11:28:06.067+0800: 240.234: [GC pause (G1 Evacuation Pause) (young), 0.0346792 secs]
   [Parallel Time: 34.1 ms, GC Workers: 2]
      [GC Worker Start (ms): Min: 240233.6, Avg: 240233.6, Max: 240233.6, Diff: 0.0]
      [Ext Root Scanning (ms): Min: 0.6, Avg: 0.6, Max: 0.6, Diff: 0.0, Sum: 1.2]
      [Update RS (ms): Min: 0.0, Avg: 0.0, Max: 0.0, Diff: 0.0, Sum: 0.1]
         [Processed Buffers: Min: 2, Avg: 2.5, Max: 3, Diff: 1, Sum: 5]
      [Scan RS (ms): Min: 0.1, Avg: 0.1, Max: 0.1, Diff: 0.0, Sum: 0.2]
      [Code Root Scanning (ms): Min: 0.0, Avg: 0.0, Max: 0.0, Diff: 0.0, Sum: 0.0]
      [Object Copy (ms): Min: 33.3, Avg: 33.3, Max: 33.3, Diff: 0.0, Sum: 66.7]
      [Termination (ms): Min: 0.0, Avg: 0.0, Max: 0.0, Diff: 0.0, Sum: 0.0]
         [Termination Attempts: Min: 1, Avg: 1.0, Max: 1, Diff: 0, Sum: 2]
      [GC Worker Other (ms): Min: 0.0, Avg: 0.0, Max: 0.0, Diff: 0.0, Sum: 0.0]
      [GC Worker Total (ms): Min: 34.1, Avg: 34.1, Max: 34.1, Diff: 0.0, Sum: 68.1]
      [GC Worker End (ms): Min: 240267.7, Avg: 240267.7, Max: 240267.7, Diff: 0.0]
   [Code Root Fixup: 0.0 ms]
   [Code Root Purge: 0.0 ms]
   [Clear CT: 0.1 ms]
   [Other: 0.4 ms]
      [Choose CSet: 0.0 ms]
      [Ref Proc: 0.1 ms]
      [Ref Enq: 0.0 ms]
      [Redirty Cards: 0.0 ms]
      [Humongous Register: 0.0 ms]
      [Humongous Reclaim: 0.0 ms]
      [Free CSet: 0.1 ms]
   [Eden: 256.0M(256.0M)->0.0B(255.0M) Survivors: 27648.0K->28672.0K Heap: 384.5M(472.0M)->129.5M(472.0M)]
 [Times: user=0.07 sys=0.00, real=0.03 secs] 
2024-07-06T11:28:06.519+0800: 240.685: [GC pause (G1 Evacuation Pause) (young), 0.0289550 secs]
   [Parallel Time: 28.4 ms, GC Workers: 2]
      [GC Worker Start (ms): Min: 240685.5, Avg: 240685.6, Max: 240685.6, Diff: 0.0]
      [Ext Root Scanning (ms): Min: 0.5, Avg: 0.5, Max: 0.5, Diff: 0.0, Sum: 1.1]
      [Update RS (ms): Min: 0.0, Avg: 0.0, Max: 0.0, Diff: 0.0, Sum: 0.0]
         [Processed Buffers: Min: 1, Avg: 2.5, Max: 4, Diff: 3, Sum: 5]
      [Scan RS (ms): Min: 0.1, Avg: 0.1, Max: 0.1, Diff: 0.0, Sum: 0.2]
      [Code Root Scanning (ms): Min: 0.0, Avg: 0.0, Max: 0.0, Diff: 0.0, Sum: 0.0]
      [Object Copy (ms): Min: 27.7, Avg: 27.7, Max: 27.7, Diff: 0.0, Sum: 55.4]
      [Termination (ms): Min: 0.0, Avg: 0.0, Max: 0.0, Diff: 0.0, Sum: 0.0]
         [Termination Attempts: Min: 1, Avg: 2.0, Max: 3, Diff: 2, Sum: 4]
      [GC Worker Other (ms): Min: 0.0, Avg: 0.0, Max: 0.0, Diff: 0.0, Sum: 0.0]
      [GC Worker Total (ms): Min: 28.4, Avg: 28.4, Max: 28.4, Diff: 0.0, Sum: 56.7]
      [GC Worker End (ms): Min: 240713.9, Avg: 240713.9, Max: 240713.9, Diff: 0.0]
   [Code Root Fixup: 0.0 ms]
   [Code Root Purge: 0.0 ms]
   [Clear CT: 0.1 ms]
   [Other: 0.4 ms]
      [Choose CSet: 0.0 ms]
      [Ref Proc: 0.1 ms]
      [Ref Enq: 0.0 ms]
      [Redirty Cards: 0.1 ms]
      [Humongous Register: 0.0 ms]
      [Humongous Reclaim: 0.0 ms]
      [Free CSet: 0.1 ms]
   [Eden: 255.0M(255.0M)->0.0B(260.0M) Survivors: 28672.0K->23552.0K Heap: 384.5M(472.0M)->125.1M(472.0M)]
 [Times: user=0.05 sys=0.00, real=0.03 secs] 
2024-07-06T11:28:06.999+0800: 241.166: [GC pause (G1 Evacuation Pause) (young), 0.0255042 secs]
   [Parallel Time: 24.9 ms, GC Workers: 2]
      [GC Worker Start (ms): Min: 241165.6, Avg: 241165.6, Max: 241165.6, Diff: 0.0]
      [Ext Root Scanning (ms): Min: 0.5, Avg: 0.5, Max: 0.5, Diff: 0.0, Sum: 1.1]
      [Update RS (ms): Min: 0.0, Avg: 0.0, Max: 0.0, Diff: 0.0, Sum: 0.0]
         [Processed Buffers: Min: 0, Avg: 2.5, Max: 5, Diff: 5, Sum: 5]
      [Scan RS (ms): Min: 0.1, Avg: 0.1, Max: 0.1, Diff: 0.0, Sum: 0.2]
      [Code Root Scanning (ms): Min: 0.0, Avg: 0.0, Max: 0.0, Diff: 0.0, Sum: 0.0]
      [Object Copy (ms): Min: 24.1, Avg: 24.2, Max: 24.2, Diff: 0.0, Sum: 48.3]
      [Termination (ms): Min: 0.0, Avg: 0.0, Max: 0.0, Diff: 0.0, Sum: 0.0]
         [Termination Attempts: Min: 1, Avg: 1.5, Max: 2, Diff: 1, Sum: 3]
      [GC Worker Other (ms): Min: 0.0, Avg: 0.0, Max: 0.0, Diff: 0.0, Sum: 0.1]
      [GC Worker Total (ms): Min: 24.8, Avg: 24.8, Max: 24.8, Diff: 0.0, Sum: 49.7]
      [GC Worker End (ms): Min: 241190.4, Avg: 241190.4, Max: 241190.4, Diff: 0.0]
   [Code Root Fixup: 0.0 ms]
   [Code Root Purge: 0.0 ms]
   [Clear CT: 0.1 ms]
   [Other: 0.5 ms]
      [Choose CSet: 0.0 ms]
      [Ref Proc: 0.1 ms]
      [Ref Enq: 0.0 ms]
      [Redirty Cards: 0.1 ms]
      [Humongous Register: 0.0 ms]
      [Humongous Reclaim: 0.0 ms]
      [Free CSet: 0.1 ms]
   [Eden: 260.0M(260.0M)->0.0B(263.0M) Survivors: 23552.0K->20480.0K Heap: 385.1M(472.0M)->121.6M(472.0M)]
 [Times: user=0.05 sys=0.00, real=0.02 secs] 
2024-07-06T11:28:07.457+0800: 241.623: [GC pause (G1 Evacuation Pause) (young), 0.0267945 secs]
   [Parallel Time: 26.3 ms, GC Workers: 2]
      [GC Worker Start (ms): Min: 241623.3, Avg: 241623.3, Max: 241623.3, Diff: 0.0]
      [Ext Root Scanning (ms): Min: 0.5, Avg: 0.5, Max: 0.5, Diff: 0.0, Sum: 1.0]
      [Update RS (ms): Min: 0.0, Avg: 0.0, Max: 0.0, Diff: 0.0, Sum: 0.0]
         [Processed Buffers: Min: 2, Avg: 2.5, Max: 3, Diff: 1, Sum: 5]
      [Scan RS (ms): Min: 0.1, Avg: 0.1, Max: 0.1, Diff: 0.0, Sum: 0.2]
      [Code Root Scanning (ms): Min: 0.0, Avg: 0.0, Max: 0.0, Diff: 0.0, Sum: 0.0]
      [Object Copy (ms): Min: 25.6, Avg: 25.6, Max: 25.6, Diff: 0.0, Sum: 51.2]
      [Termination (ms): Min: 0.0, Avg: 0.0, Max: 0.0, Diff: 0.0, Sum: 0.0]
         [Termination Attempts: Min: 1, Avg: 1.0, Max: 1, Diff: 0, Sum: 2]
      [GC Worker Other (ms): Min: 0.0, Avg: 0.0, Max: 0.0, Diff: 0.0, Sum: 0.0]
      [GC Worker Total (ms): Min: 26.2, Avg: 26.2, Max: 26.2, Diff: 0.0, Sum: 52.4]
      [GC Worker End (ms): Min: 241649.5, Avg: 241649.5, Max: 241649.5, Diff: 0.0]
   [Code Root Fixup: 0.0 ms]
   [Code Root Purge: 0.0 ms]
   [Clear CT: 0.1 ms]
   [Other: 0.4 ms]
      [Choose CSet: 0.0 ms]
      [Ref Proc: 0.1 ms]
      [Ref Enq: 0.0 ms]
      [Redirty Cards: 0.0 ms]
      [Humongous Register: 0.0 ms]
      [Humongous Reclaim: 0.0 ms]
      [Free CSet: 0.2 ms]
   [Eden: 263.0M(263.0M)->0.0B(260.0M) Survivors: 20480.0K->23552.0K Heap: 384.6M(472.0M)->125.1M(472.0M)]
 [Times: user=0.05 sys=0.00, real=0.02 secs] 
2024-07-06T11:28:08.018+0800: 242.184: [GC pause (G1 Evacuation Pause) (young), 0.0240179 secs]
   [Parallel Time: 23.3 ms, GC Workers: 2]
      [GC Worker Start (ms): Min: 242184.5, Avg: 242184.5, Max: 242184.5, Diff: 0.0]
      [Ext Root Scanning (ms): Min: 0.6, Avg: 0.6, Max: 0.6, Diff: 0.0, Sum: 1.1]
      [Update RS (ms): Min: 0.0, Avg: 0.0, Max: 0.0, Diff: 0.0, Sum: 0.0]
         [Processed Buffers: Min: 1, Avg: 2.5, Max: 4, Diff: 3, Sum: 5]
      [Scan RS (ms): Min: 0.1, Avg: 0.1, Max: 0.1, Diff: 0.0, Sum: 0.2]
      [Code Root Scanning (ms): Min: 0.0, Avg: 0.0, Max: 0.0, Diff: 0.0, Sum: 0.0]
      [Object Copy (ms): Min: 22.5, Avg: 22.5, Max: 22.5, Diff: 0.0, Sum: 45.0]
      [Termination (ms): Min: 0.0, Avg: 0.0, Max: 0.0, Diff: 0.0, Sum: 0.0]
         [Termination Attempts: Min: 1, Avg: 1.0, Max: 1, Diff: 0, Sum: 2]
      [GC Worker Other (ms): Min: 0.0, Avg: 0.0, Max: 0.0, Diff: 0.0, Sum: 0.1]
      [GC Worker Total (ms): Min: 23.2, Avg: 23.2, Max: 23.2, Diff: 0.0, Sum: 46.4]
      [GC Worker End (ms): Min: 242207.7, Avg: 242207.7, Max: 242207.7, Diff: 0.0]
   [Code Root Fixup: 0.0 ms]
   [Code Root Purge: 0.0 ms]
   [Clear CT: 0.1 ms]
   [Other: 0.6 ms]
      [Choose CSet: 0.0 ms]
      [Ref Proc: 0.1 ms]
      [Ref Enq: 0.0 ms]
      [Redirty Cards: 0.3 ms]
      [Humongous Register: 0.0 ms]
      [Humongous Reclaim: 0.0 ms]
      [Free CSet: 0.2 ms]
   [Eden: 260.0M(260.0M)->0.0B(263.0M) Survivors: 23552.0K->20480.0K Heap: 385.1M(472.0M)->121.6M(472.0M)]
 [Times: user=0.05 sys=0.00, real=0.02 secs] 
2024-07-06T11:28:08.450+0800: 242.616: [GC pause (G1 Evacuation Pause) (young), 0.0280038 secs]
   [Parallel Time: 27.4 ms, GC Workers: 2]
      [GC Worker Start (ms): Min: 242615.9, Avg: 242615.9, Max: 242615.9, Diff: 0.0]
      [Ext Root Scanning (ms): Min: 0.5, Avg: 0.5, Max: 0.5, Diff: 0.0, Sum: 1.1]
      [Update RS (ms): Min: 0.0, Avg: 0.0, Max: 0.0, Diff: 0.0, Sum: 0.0]
         [Processed Buffers: Min: 0, Avg: 2.5, Max: 5, Diff: 5, Sum: 5]
      [Scan RS (ms): Min: 0.1, Avg: 0.1, Max: 0.1, Diff: 0.0, Sum: 0.2]
      [Code Root Scanning (ms): Min: 0.0, Avg: 0.0, Max: 0.0, Diff: 0.0, Sum: 0.0]
      [Object Copy (ms): Min: 26.6, Avg: 26.6, Max: 26.7, Diff: 0.0, Sum: 53.3]
      [Termination (ms): Min: 0.0, Avg: 0.0, Max: 0.0, Diff: 0.0, Sum: 0.0]
         [Termination Attempts: Min: 1, Avg: 1.0, Max: 1, Diff: 0, Sum: 2]
      [GC Worker Other (ms): Min: 0.0, Avg: 0.0, Max: 0.0, Diff: 0.0, Sum: 0.0]
      [GC Worker Total (ms): Min: 27.3, Avg: 27.3, Max: 27.3, Diff: 0.0, Sum: 54.6]
      [GC Worker End (ms): Min: 242643.2, Avg: 242643.2, Max: 242643.2, Diff: 0.0]
   [Code Root Fixup: 0.0 ms]
   [Code Root Purge: 0.0 ms]
   [Clear CT: 0.1 ms]
   [Other: 0.5 ms]
      [Choose CSet: 0.0 ms]
      [Ref Proc: 0.2 ms]
      [Ref Enq: 0.0 ms]
      [Redirty Cards: 0.0 ms]
      [Humongous Register: 0.0 ms]
      [Humongous Reclaim: 0.0 ms]
      [Free CSet: 0.2 ms]
   [Eden: 263.0M(263.0M)->0.0B(256.0M) Survivors: 20480.0K->27648.0K Heap: 384.6M(472.0M)->128.6M(472.0M)]
 [Times: user=0.06 sys=0.00, real=0.03 secs] 
2024-07-06T11:28:08.942+0800: 243.108: [GC pause (G1 Evacuation Pause) (young), 0.0273500 secs]
   [Parallel Time: 26.7 ms, GC Workers: 2]
      [GC Worker Start (ms): Min: 243108.5, Avg: 243108.6, Max: 243108.6, Diff: 0.0]
      [Ext Root Scanning (ms): Min: 0.6, Avg: 0.6, Max: 0.6, Diff: 0.0, Sum: 1.2]
      [Update RS (ms): Min: 0.0, Avg: 0.0, Max: 0.0, Diff: 0.0, Sum: 0.1]
         [Processed Buffers: Min: 2, Avg: 2.5, Max: 3, Diff: 1, Sum: 5]
      [Scan RS (ms): Min: 0.1, Avg: 0.1, Max: 0.2, Diff: 0.1, Sum: 0.2]
      [Code Root Scanning (ms): Min: 0.0, Avg: 0.0, Max: 0.0, Diff: 0.0, Sum: 0.0]
      [Object Copy (ms): Min: 25.8, Avg: 25.9, Max: 25.9, Diff: 0.1, Sum: 51.7]
      [Termination (ms): Min: 0.0, Avg: 0.0, Max: 0.0, Diff: 0.0, Sum: 0.0]
         [Termination Attempts: Min: 1, Avg: 1.0, Max: 1, Diff: 0, Sum: 2]
      [GC Worker Other (ms): Min: 0.0, Avg: 0.0, Max: 0.0, Diff: 0.0, Sum: 0.0]
      [GC Worker Total (ms): Min: 26.6, Avg: 26.6, Max: 26.6, Diff: 0.0, Sum: 53.2]
      [GC Worker End (ms): Min: 243135.2, Avg: 243135.2, Max: 243135.2, Diff: 0.0]
   [Code Root Fixup: 0.0 ms]
   [Code Root Purge: 0.0 ms]
   [Clear CT: 0.1 ms]
   [Other: 0.5 ms]
      [Choose CSet: 0.0 ms]
      [Ref Proc: 0.1 ms]
      [Ref Enq: 0.0 ms]
      [Redirty Cards: 0.1 ms]
      [Humongous Register: 0.0 ms]
      [Humongous Reclaim: 0.0 ms]
      [Free CSet: 0.2 ms]
   [Eden: 256.0M(256.0M)->0.0B(259.0M) Survivors: 27648.0K->24576.0K Heap: 384.6M(472.0M)->125.6M(472.0M)]
 [Times: user=0.06 sys=0.00, real=0.03 secs] 
2024-07-06T11:28:09.428+0800: 243.594: [GC pause (G1 Evacuation Pause) (young), 0.0303654 secs]
   [Parallel Time: 29.8 ms, GC Workers: 2]
      [GC Worker Start (ms): Min: 243594.3, Avg: 243594.3, Max: 243594.3, Diff: 0.0]
      [Ext Root Scanning (ms): Min: 0.5, Avg: 0.5, Max: 0.5, Diff: 0.0, Sum: 1.0]
      [Update RS (ms): Min: 0.0, Avg: 0.0, Max: 0.0, Diff: 0.0, Sum: 0.0]
         [Processed Buffers: Min: 1, Avg: 2.5, Max: 4, Diff: 3, Sum: 5]
      [Scan RS (ms): Min: 0.1, Avg: 0.1, Max: 0.1, Diff: 0.0, Sum: 0.2]
      [Code Root Scanning (ms): Min: 0.0, Avg: 0.0, Max: 0.0, Diff: 0.0, Sum: 0.0]
      [Object Copy (ms): Min: 29.1, Avg: 29.1, Max: 29.1, Diff: 0.0, Sum: 58.1]
      [Termination (ms): Min: 0.0, Avg: 0.0, Max: 0.0, Diff: 0.0, Sum: 0.0]
         [Termination Attempts: Min: 1, Avg: 1.0, Max: 1, Diff: 0, Sum: 2]
      [GC Worker Other (ms): Min: 0.0, Avg: 0.0, Max: 0.0, Diff: 0.0, Sum: 0.0]
      [GC Worker Total (ms): Min: 29.7, Avg: 29.7, Max: 29.8, Diff: 0.0, Sum: 59.5]
      [GC Worker End (ms): Min: 243624.1, Avg: 243624.1, Max: 243624.1, Diff: 0.0]
   [Code Root Fixup: 0.0 ms]
   [Code Root Purge: 0.0 ms]
   [Clear CT: 0.1 ms]
   [Other: 0.4 ms]
      [Choose CSet: 0.0 ms]
      [Ref Proc: 0.1 ms]
      [Ref Enq: 0.0 ms]
      [Redirty Cards: 0.1 ms]
      [Humongous Register: 0.0 ms]
      [Humongous Reclaim: 0.0 ms]
      [Free CSet: 0.2 ms]
   [Eden: 259.0M(259.0M)->0.0B(256.0M) Survivors: 24576.0K->27648.0K Heap: 384.6M(472.0M)->128.6M(472.0M)]
 [Times: user=0.06 sys=0.00, real=0.03 secs] 
2024-07-06T11:28:09.931+0800: 244.097: [GC pause (G1 Evacuation Pause) (young), 0.0344402 secs]
   [Parallel Time: 33.8 ms, GC Workers: 2]
      [GC Worker Start (ms): Min: 244097.3, Avg: 244097.3, Max: 244097.3, Diff: 0.0]
      [Ext Root Scanning (ms): Min: 0.6, Avg: 0.6, Max: 0.6, Diff: 0.0, Sum: 1.2]
      [Update RS (ms): Min: 0.0, Avg: 0.0, Max: 0.0, Diff: 0.0, Sum: 0.1]
         [Processed Buffers: Min: 2, Avg: 2.5, Max: 3, Diff: 1, Sum: 5]
      [Scan RS (ms): Min: 0.1, Avg: 0.1, Max: 0.1, Diff: 0.0, Sum: 0.2]
      [Code Root Scanning (ms): Min: 0.0, Avg: 0.0, Max: 0.0, Diff: 0.0, Sum: 0.0]
      [Object Copy (ms): Min: 33.0, Avg: 33.0, Max: 33.0, Diff: 0.0, Sum: 66.0]
      [Termination (ms): Min: 0.0, Avg: 0.0, Max: 0.0, Diff: 0.0, Sum: 0.0]
         [Termination Attempts: Min: 1, Avg: 1.0, Max: 1, Diff: 0, Sum: 2]
      [GC Worker Other (ms): Min: 0.0, Avg: 0.0, Max: 0.0, Diff: 0.0, Sum: 0.1]
      [GC Worker Total (ms): Min: 33.8, Avg: 33.8, Max: 33.8, Diff: 0.0, Sum: 67.5]
      [GC Worker End (ms): Min: 244131.1, Avg: 244131.1, Max: 244131.1, Diff: 0.0]
   [Code Root Fixup: 0.0 ms]
   [Code Root Purge: 0.0 ms]
   [Clear CT: 0.1 ms]
   [Other: 0.5 ms]
      [Choose CSet: 0.0 ms]
      [Ref Proc: 0.1 ms]
      [Ref Enq: 0.0 ms]
      [Redirty Cards: 0.1 ms]
      [Humongous Register: 0.0 ms]
      [Humongous Reclaim: 0.0 ms]
      [Free CSet: 0.2 ms]
   [Eden: 256.0M(256.0M)->0.0B(256.0M) Survivors: 27648.0K->27648.0K Heap: 384.6M(472.0M)->128.6M(472.0M)]
 [Times: user=0.06 sys=0.00, real=0.03 secs] 
2024-07-06T11:28:10.420+0800: 244.586: [GC pause (G1 Evacuation Pause) (young), 0.0192806 secs]
   [Parallel Time: 18.8 ms, GC Workers: 2]
      [GC Worker Start (ms): Min: 244586.5, Avg: 244586.5, Max: 244586.5, Diff: 0.0]
      [Ext Root Scanning (ms): Min: 0.5, Avg: 0.5, Max: 0.5, Diff: 0.0, Sum: 1.0]
      [Update RS (ms): Min: 0.0, Avg: 0.0, Max: 0.0, Diff: 0.0, Sum: 0.1]
         [Processed Buffers: Min: 3, Avg: 3.0, Max: 3, Diff: 0, Sum: 6]
      [Scan RS (ms): Min: 0.1, Avg: 0.1, Max: 0.1, Diff: 0.0, Sum: 0.2]
      [Code Root Scanning (ms): Min: 0.0, Avg: 0.0, Max: 0.0, Diff: 0.0, Sum: 0.0]
      [Object Copy (ms): Min: 18.1, Avg: 18.1, Max: 18.1, Diff: 0.0, Sum: 36.1]
      [Termination (ms): Min: 0.0, Avg: 0.0, Max: 0.0, Diff: 0.0, Sum: 0.0]
         [Termination Attempts: Min: 1, Avg: 1.0, Max: 1, Diff: 0, Sum: 2]
      [GC Worker Other (ms): Min: 0.0, Avg: 0.0, Max: 0.0, Diff: 0.0, Sum: 0.0]
      [GC Worker Total (ms): Min: 18.7, Avg: 18.7, Max: 18.7, Diff: 0.0, Sum: 37.4]
      [GC Worker End (ms): Min: 244605.2, Avg: 244605.2, Max: 244605.2, Diff: 0.0]
   [Code Root Fixup: 0.0 ms]
   [Code Root Purge: 0.0 ms]
   [Clear CT: 0.1 ms]
   [Other: 0.4 ms]
      [Choose CSet: 0.0 ms]
      [Ref Proc: 0.1 ms]
      [Ref Enq: 0.0 ms]
      [Redirty Cards: 0.0 ms]
      [Humongous Register: 0.0 ms]
      [Humongous Reclaim: 0.0 ms]
      [Free CSet: 0.2 ms]
   [Eden: 256.0M(256.0M)->0.0B(267.0M) Survivors: 27648.0K->16384.0K Heap: 384.6M(472.0M)->118.1M(472.0M)]
 [Times: user=0.04 sys=0.00, real=0.02 secs] 
2024-07-06T11:28:10.851+0800: 245.017: [GC pause (G1 Evacuation Pause) (young), 0.0234274 secs]
   [Parallel Time: 22.9 ms, GC Workers: 2]
      [GC Worker Start (ms): Min: 245017.5, Avg: 245017.5, Max: 245017.6, Diff: 0.0]
      [Ext Root Scanning (ms): Min: 0.5, Avg: 0.5, Max: 0.5, Diff: 0.0, Sum: 1.0]
      [Update RS (ms): Min: 0.0, Avg: 0.0, Max: 0.0, Diff: 0.0, Sum: 0.1]
         [Processed Buffers: Min: 3, Avg: 3.0, Max: 3, Diff: 0, Sum: 6]
      [Scan RS (ms): Min: 0.1, Avg: 0.1, Max: 0.1, Diff: 0.0, Sum: 0.2]
      [Code Root Scanning (ms): Min: 0.0, Avg: 0.0, Max: 0.0, Diff: 0.0, Sum: 0.0]
      [Object Copy (ms): Min: 22.2, Avg: 22.2, Max: 22.2, Diff: 0.0, Sum: 44.5]
      [Termination (ms): Min: 0.0, Avg: 0.0, Max: 0.0, Diff: 0.0, Sum: 0.0]
         [Termination Attempts: Min: 1, Avg: 1.0, Max: 1, Diff: 0, Sum: 2]
      [GC Worker Other (ms): Min: 0.0, Avg: 0.0, Max: 0.0, Diff: 0.0, Sum: 0.0]
      [GC Worker Total (ms): Min: 22.8, Avg: 22.9, Max: 22.9, Diff: 0.0, Sum: 45.7]
      [GC Worker End (ms): Min: 245040.4, Avg: 245040.4, Max: 245040.4, Diff: 0.0]
   [Code Root Fixup: 0.0 ms]
   [Code Root Purge: 0.0 ms]
   [Clear CT: 0.1 ms]
   [Other: 0.4 ms]
      [Choose CSet: 0.0 ms]
      [Ref Proc: 0.1 ms]
      [Ref Enq: 0.0 ms]
      [Redirty Cards: 0.0 ms]
      [Humongous Register: 0.0 ms]
      [Humongous Reclaim: 0.0 ms]
      [Free CSet: 0.1 ms]
   [Eden: 267.0M(267.0M)->0.0B(262.0M) Survivors: 16384.0K->21504.0K Heap: 385.1M(472.0M)->122.6M(472.0M)]
 [Times: user=0.05 sys=0.00, real=0.02 secs] 
2024-07-06T11:28:11.307+0800: 245.473: [GC pause (G1 Evacuation Pause) (young), 0.0317150 secs]
   [Parallel Time: 31.1 ms, GC Workers: 2]
      [GC Worker Start (ms): Min: 245473.6, Avg: 245473.6, Max: 245473.6, Diff: 0.0]
      [Ext Root Scanning (ms): Min: 0.5, Avg: 0.5, Max: 0.5, Diff: 0.0, Sum: 1.1]
      [Update RS (ms): Min: 0.0, Avg: 0.0, Max: 0.0, Diff: 0.0, Sum: 0.1]
         [Processed Buffers: Min: 2, Avg: 3.0, Max: 4, Diff: 2, Sum: 6]
      [Scan RS (ms): Min: 0.1, Avg: 0.1, Max: 0.1, Diff: 0.0, Sum: 0.2]
      [Code Root Scanning (ms): Min: 0.0, Avg: 0.0, Max: 0.0, Diff: 0.0, Sum: 0.0]
      [Object Copy (ms): Min: 30.3, Avg: 30.3, Max: 30.3, Diff: 0.0, Sum: 60.6]
      [Termination (ms): Min: 0.0, Avg: 0.0, Max: 0.0, Diff: 0.0, Sum: 0.0]
         [Termination Attempts: Min: 1, Avg: 1.5, Max: 2, Diff: 1, Sum: 3]
      [GC Worker Other (ms): Min: 0.0, Avg: 0.0, Max: 0.0, Diff: 0.0, Sum: 0.0]
      [GC Worker Total (ms): Min: 31.0, Avg: 31.0, Max: 31.0, Diff: 0.0, Sum: 62.0]
      [GC Worker End (ms): Min: 245504.6, Avg: 245504.6, Max: 245504.6, Diff: 0.0]
   [Code Root Fixup: 0.0 ms]
   [Code Root Purge: 0.0 ms]
   [Clear CT: 0.1 ms]
   [Other: 0.5 ms]
      [Choose CSet: 0.0 ms]
      [Ref Proc: 0.1 ms]
      [Ref Enq: 0.0 ms]
      [Redirty Cards: 0.1 ms]
      [Humongous Register: 0.0 ms]
      [Humongous Reclaim: 0.0 ms]
      [Free CSet: 0.2 ms]
   [Eden: 262.0M(262.0M)->0.0B(257.0M) Survivors: 21504.0K->26624.0K Heap: 384.6M(472.0M)->127.6M(472.0M)]
 [Times: user=0.06 sys=0.00, real=0.03 secs] 
2024-07-06T11:28:11.799+0800: 245.965: [GC pause (G1 Evacuation Pause) (young), 0.0516135 secs]
   [Parallel Time: 50.8 ms, GC Workers: 2]
      [GC Worker Start (ms): Min: 245965.5, Avg: 245965.5, Max: 245965.5, Diff: 0.0]
      [Ext Root Scanning (ms): Min: 0.5, Avg: 0.5, Max: 0.5, Diff: 0.0, Sum: 1.1]
      [Update RS (ms): Min: 0.0, Avg: 0.0, Max: 0.0, Diff: 0.0, Sum: 0.1]
         [Processed Buffers: Min: 2, Avg: 2.5, Max: 3, Diff: 1, Sum: 5]
      [Scan RS (ms): Min: 0.1, Avg: 0.1, Max: 0.1, Diff: 0.0, Sum: 0.2]
      [Code Root Scanning (ms): Min: 0.0, Avg: 0.0, Max: 0.0, Diff: 0.0, Sum: 0.0]
      [Object Copy (ms): Min: 50.1, Avg: 50.1, Max: 50.2, Diff: 0.0, Sum: 100.3]
      [Termination (ms): Min: 0.0, Avg: 0.0, Max: 0.0, Diff: 0.0, Sum: 0.0]
         [Termination Attempts: Min: 1, Avg: 1.0, Max: 1, Diff: 0, Sum: 2]
      [GC Worker Other (ms): Min: 0.0, Avg: 0.0, Max: 0.0, Diff: 0.0, Sum: 0.0]
      [GC Worker Total (ms): Min: 50.8, Avg: 50.8, Max: 50.8, Diff: 0.0, Sum: 101.6]
      [GC Worker End (ms): Min: 246016.3, Avg: 246016.3, Max: 246016.3, Diff: 0.0]
   [Code Root Fixup: 0.0 ms]
   [Code Root Purge: 0.0 ms]
   [Clear CT: 0.2 ms]
   [Other: 0.6 ms]
      [Choose CSet: 0.0 ms]
      [Ref Proc: 0.2 ms]
      [Ref Enq: 0.0 ms]
      [Redirty Cards: 0.1 ms]
      [Humongous Register: 0.0 ms]
      [Humongous Reclaim: 0.0 ms]
      [Free CSet: 0.2 ms]
   [Eden: 257.0M(257.0M)->0.0B(257.0M) Survivors: 26624.0K->26624.0K Heap: 384.6M(472.0M)->127.6M(472.0M)]
 [Times: user=0.07 sys=0.00, real=0.05 secs] 
2024-07-06T11:28:12.338+0800: 246.505: [GC pause (G1 Evacuation Pause) (young), 0.0229735 secs]
   [Parallel Time: 22.5 ms, GC Workers: 2]
      [GC Worker Start (ms): Min: 246504.6, Avg: 246505.0, Max: 246505.3, Diff: 0.7]
      [Ext Root Scanning (ms): Min: 0.1, Avg: 0.5, Max: 0.8, Diff: 0.7, Sum: 0.9]
      [Update RS (ms): Min: 0.0, Avg: 0.0, Max: 0.0, Diff: 0.0, Sum: 0.0]
         [Processed Buffers: Min: 0, Avg: 2.5, Max: 5, Diff: 5, Sum: 5]
      [Scan RS (ms): Min: 0.1, Avg: 0.1, Max: 0.1, Diff: 0.0, Sum: 0.2]
      [Code Root Scanning (ms): Min: 0.0, Avg: 0.0, Max: 0.0, Diff: 0.0, Sum: 0.0]
      [Object Copy (ms): Min: 21.4, Avg: 21.5, Max: 21.5, Diff: 0.1, Sum: 43.0]
      [Termination (ms): Min: 0.0, Avg: 0.0, Max: 0.0, Diff: 0.0, Sum: 0.0]
         [Termination Attempts: Min: 1, Avg: 1.0, Max: 1, Diff: 0, Sum: 2]
      [GC Worker Other (ms): Min: 0.0, Avg: 0.0, Max: 0.0, Diff: 0.0, Sum: 0.0]
      [GC Worker Total (ms): Min: 21.7, Avg: 22.1, Max: 22.4, Diff: 0.7, Sum: 44.1]
      [GC Worker End (ms): Min: 246527.1, Avg: 246527.1, Max: 246527.1, Diff: 0.0]
   [Code Root Fixup: 0.0 ms]
   [Code Root Purge: 0.0 ms]
   [Clear CT: 0.1 ms]
   [Other: 0.4 ms]
      [Choose CSet: 0.0 ms]
      [Ref Proc: 0.1 ms]
      [Ref Enq: 0.0 ms]
      [Redirty Cards: 0.0 ms]
      [Humongous Register: 0.0 ms]
      [Humongous Reclaim: 0.0 ms]
      [Free CSet: 0.1 ms]
   [Eden: 257.0M(257.0M)->0.0B(263.0M) Survivors: 26624.0K->20480.0K Heap: 384.6M(472.0M)->122.1M(472.0M)]
 [Times: user=0.04 sys=0.00, real=0.02 secs] 
2024-07-06T11:28:12.787+0800: 246.954: [GC pause (G1 Evacuation Pause) (young), 0.0247435 secs]
   [Parallel Time: 24.2 ms, GC Workers: 2]
      [GC Worker Start (ms): Min: 246953.8, Avg: 246953.8, Max: 246953.8, Diff: 0.0]
      [Ext Root Scanning (ms): Min: 0.5, Avg: 0.5, Max: 0.5, Diff: 0.0, Sum: 1.1]
      [Update RS (ms): Min: 0.0, Avg: 0.0, Max: 0.0, Diff: 0.0, Sum: 0.0]
         [Processed Buffers: Min: 1, Avg: 2.5, Max: 4, Diff: 3, Sum: 5]
      [Scan RS (ms): Min: 0.1, Avg: 0.1, Max: 0.1, Diff: 0.0, Sum: 0.2]
      [Code Root Scanning (ms): Min: 0.0, Avg: 0.0, Max: 0.0, Diff: 0.0, Sum: 0.0]
      [Object Copy (ms): Min: 23.4, Avg: 23.4, Max: 23.4, Diff: 0.0, Sum: 46.9]
      [Termination (ms): Min: 0.0, Avg: 0.0, Max: 0.0, Diff: 0.0, Sum: 0.0]
         [Termination Attempts: Min: 1, Avg: 1.0, Max: 1, Diff: 0, Sum: 2]
      [GC Worker Other (ms): Min: 0.0, Avg: 0.0, Max: 0.0, Diff: 0.0, Sum: 0.0]
      [GC Worker Total (ms): Min: 24.1, Avg: 24.1, Max: 24.1, Diff: 0.0, Sum: 48.2]
      [GC Worker End (ms): Min: 246977.9, Avg: 246977.9, Max: 246977.9, Diff: 0.0]
   [Code Root Fixup: 0.0 ms]
   [Code Root Purge: 0.0 ms]
   [Clear CT: 0.1 ms]
   [Other: 0.4 ms]
      [Choose CSet: 0.0 ms]
      [Ref Proc: 0.1 ms]
      [Ref Enq: 0.0 ms]
      [Redirty Cards: 0.0 ms]
      [Humongous Register: 0.0 ms]
      [Humongous Reclaim: 0.0 ms]
      [Free CSet: 0.2 ms]
   [Eden: 263.0M(263.0M)->0.0B(262.0M) Survivors: 20480.0K->21504.0K Heap: 385.1M(472.0M)->123.1M(472.0M)]
 [Times: user=0.04 sys=0.00, real=0.02 secs] 
2024-07-06T11:28:13.200+0800: 247.367: [GC pause (G1 Evacuation Pause) (young), 0.0345124 secs]
   [Parallel Time: 34.0 ms, GC Workers: 2]
      [GC Worker Start (ms): Min: 247366.8, Avg: 247366.8, Max: 247366.8, Diff: 0.1]
      [Ext Root Scanning (ms): Min: 0.5, Avg: 0.5, Max: 0.6, Diff: 0.1, Sum: 1.1]
      [Update RS (ms): Min: 0.0, Avg: 0.0, Max: 0.0, Diff: 0.0, Sum: 0.1]
         [Processed Buffers: Min: 2, Avg: 2.5, Max: 3, Diff: 1, Sum: 5]
      [Scan RS (ms): Min: 0.1, Avg: 0.1, Max: 0.1, Diff: 0.0, Sum: 0.2]
      [Code Root Scanning (ms): Min: 0.0, Avg: 0.0, Max: 0.0, Diff: 0.0, Sum: 0.0]
      [Object Copy (ms): Min: 33.2, Avg: 33.2, Max: 33.2, Diff: 0.0, Sum: 66.5]
      [Termination (ms): Min: 0.0, Avg: 0.0, Max: 0.0, Diff: 0.0, Sum: 0.0]
         [Termination Attempts: Min: 1, Avg: 1.0, Max: 1, Diff: 0, Sum: 2]
      [GC Worker Other (ms): Min: 0.0, Avg: 0.0, Max: 0.0, Diff: 0.0, Sum: 0.0]
      [GC Worker Total (ms): Min: 33.9, Avg: 33.9, Max: 33.9, Diff: 0.1, Sum: 67.8]
      [GC Worker End (ms): Min: 247400.7, Avg: 247400.7, Max: 247400.7, Diff: 0.0]
   [Code Root Fixup: 0.0 ms]
   [Code Root Purge: 0.0 ms]
   [Clear CT: 0.1 ms]
   [Other: 0.4 ms]
      [Choose CSet: 0.0 ms]
      [Ref Proc: 0.1 ms]
      [Ref Enq: 0.0 ms]
      [Redirty Cards: 0.1 ms]
      [Humongous Register: 0.0 ms]
      [Humongous Reclaim: 0.0 ms]
      [Free CSet: 0.1 ms]
   [Eden: 262.0M(262.0M)->0.0B(256.0M) Survivors: 21504.0K->27648.0K Heap: 385.1M(472.0M)->129.1M(472.0M)]
 [Times: user=0.07 sys=0.00, real=0.03 secs] 
2024-07-06T11:28:13.674+0800: 247.840: [GC pause (G1 Evacuation Pause) (young), 0.0209900 secs]
   [Parallel Time: 20.4 ms, GC Workers: 2]
      [GC Worker Start (ms): Min: 247840.1, Avg: 247840.1, Max: 247840.2, Diff: 0.0]
      [Ext Root Scanning (ms): Min: 0.5, Avg: 0.5, Max: 0.5, Diff: 0.0, Sum: 1.0]
      [Update RS (ms): Min: 0.0, Avg: 0.0, Max: 0.0, Diff: 0.0, Sum: 0.1]
         [Processed Buffers: Min: 1, Avg: 2.5, Max: 4, Diff: 3, Sum: 5]
      [Scan RS (ms): Min: 0.1, Avg: 0.1, Max: 0.1, Diff: 0.0, Sum: 0.2]
      [Code Root Scanning (ms): Min: 0.0, Avg: 0.0, Max: 0.0, Diff: 0.0, Sum: 0.0]
      [Object Copy (ms): Min: 19.7, Avg: 19.7, Max: 19.8, Diff: 0.0, Sum: 39.5]
      [Termination (ms): Min: 0.0, Avg: 0.0, Max: 0.0, Diff: 0.0, Sum: 0.0]
         [Termination Attempts: Min: 1, Avg: 1.0, Max: 1, Diff: 0, Sum: 2]
      [GC Worker Other (ms): Min: 0.0, Avg: 0.0, Max: 0.0, Diff: 0.0, Sum: 0.0]
      [GC Worker Total (ms): Min: 20.4, Avg: 20.4, Max: 20.4, Diff: 0.0, Sum: 40.7]
      [GC Worker End (ms): Min: 247860.5, Avg: 247860.5, Max: 247860.5, Diff: 0.0]
   [Code Root Fixup: 0.0 ms]
   [Code Root Purge: 0.0 ms]
   [Clear CT: 0.1 ms]
   [Other: 0.4 ms]
      [Choose CSet: 0.0 ms]
      [Ref Proc: 0.1 ms]
      [Ref Enq: 0.0 ms]
      [Redirty Cards: 0.1 ms]
      [Humongous Register: 0.0 ms]
      [Humongous Reclaim: 0.0 ms]
      [Free CSet: 0.2 ms]
   [Eden: 256.0M(256.0M)->0.0B(265.0M) Survivors: 27648.0K->18432.0K Heap: 385.1M(472.0M)->120.1M(472.0M)]
 [Times: user=0.04 sys=0.00, real=0.02 secs] 
2024-07-06T11:28:14.115+0800: 248.281: [GC pause (G1 Evacuation Pause) (young), 0.0288010 secs]
   [Parallel Time: 28.2 ms, GC Workers: 2]
      [GC Worker Start (ms): Min: 248281.5, Avg: 248281.6, Max: 248281.6, Diff: 0.0]
      [Ext Root Scanning (ms): Min: 0.6, Avg: 0.6, Max: 0.6, Diff: 0.1, Sum: 1.2]
      [Update RS (ms): Min: 0.0, Avg: 0.0, Max: 0.1, Diff: 0.1, Sum: 0.1]
         [Processed Buffers: Min: 0, Avg: 2.5, Max: 5, Diff: 5, Sum: 5]
      [Scan RS (ms): Min: 0.0, Avg: 0.1, Max: 0.1, Diff: 0.1, Sum: 0.2]
      [Code Root Scanning (ms): Min: 0.0, Avg: 0.0, Max: 0.0, Diff: 0.0, Sum: 0.0]
      [Object Copy (ms): Min: 27.4, Avg: 27.4, Max: 27.4, Diff: 0.0, Sum: 54.9]
      [Termination (ms): Min: 0.0, Avg: 0.0, Max: 0.0, Diff: 0.0, Sum: 0.0]
         [Termination Attempts: Min: 1, Avg: 1.0, Max: 1, Diff: 0, Sum: 2]
      [GC Worker Other (ms): Min: 0.0, Avg: 0.0, Max: 0.0, Diff: 0.0, Sum: 0.0]
      [GC Worker Total (ms): Min: 28.2, Avg: 28.2, Max: 28.2, Diff: 0.0, Sum: 56.3]
      [GC Worker End (ms): Min: 248309.7, Avg: 248309.7, Max: 248309.7, Diff: 0.0]
   [Code Root Fixup: 0.0 ms]
   [Code Root Purge: 0.0 ms]
   [Clear CT: 0.2 ms]
   [Other: 0.4 ms]
      [Choose CSet: 0.0 ms]
      [Ref Proc: 0.1 ms]
      [Ref Enq: 0.0 ms]
      [Redirty Cards: 0.0 ms]
      [Humongous Register: 0.0 ms]
      [Humongous Reclaim: 0.0 ms]
      [Free CSet: 0.1 ms]
   [Eden: 265.0M(265.0M)->0.0B(257.0M) Survivors: 18432.0K->26624.0K Heap: 385.1M(472.0M)->128.1M(472.0M)]
 [Times: user=0.06 sys=0.00, real=0.02 secs] 
2024-07-06T11:28:14.547+0800: 248.714: [GC pause (G1 Evacuation Pause) (young), 0.0358299 secs]
   [Parallel Time: 34.9 ms, GC Workers: 2]
      [GC Worker Start (ms): Min: 248713.7, Avg: 248713.7, Max: 248713.7, Diff: 0.0]
      [Ext Root Scanning (ms): Min: 0.5, Avg: 0.5, Max: 0.5, Diff: 0.0, Sum: 0.9]
      [Update RS (ms): Min: 0.0, Avg: 0.0, Max: 0.0, Diff: 0.0, Sum: 0.0]
         [Processed Buffers: Min: 2, Avg: 2.5, Max: 3, Diff: 1, Sum: 5]
      [Scan RS (ms): Min: 0.1, Avg: 0.1, Max: 0.1, Diff: 0.0, Sum: 0.2]
      [Code Root Scanning (ms): Min: 0.0, Avg: 0.0, Max: 0.0, Diff: 0.0, Sum: 0.0]
      [Object Copy (ms): Min: 34.2, Avg: 34.2, Max: 34.2, Diff: 0.0, Sum: 68.5]
      [Termination (ms): Min: 0.0, Avg: 0.0, Max: 0.0, Diff: 0.0, Sum: 0.0]
         [Termination Attempts: Min: 1, Avg: 1.0, Max: 1, Diff: 0, Sum: 2]
      [GC Worker Other (ms): Min: 0.0, Avg: 0.0, Max: 0.0, Diff: 0.0, Sum: 0.0]
      [GC Worker Total (ms): Min: 34.8, Avg: 34.8, Max: 34.8, Diff: 0.0, Sum: 69.6]
      [GC Worker End (ms): Min: 248748.5, Avg: 248748.5, Max: 248748.5, Diff: 0.0]
   [Code Root Fixup: 0.0 ms]
   [Code Root Purge: 0.0 ms]
   [Clear CT: 0.1 ms]
   [Other: 0.8 ms]
      [Choose CSet: 0.0 ms]
      [Ref Proc: 0.1 ms]
      [Ref Enq: 0.0 ms]
      [Redirty Cards: 0.4 ms]
      [Humongous Register: 0.0 ms]
      [Humongous Reclaim: 0.0 ms]
      [Free CSet: 0.2 ms]
   [Eden: 257.0M(257.0M)->0.0B(252.0M) Survivors: 26624.0K->31744.0K Heap: 385.1M(472.0M)->132.6M(472.0M)]
 [Times: user=0.07 sys=0.00, real=0.03 secs] 
2024-07-06T11:28:15.012+0800: 249.178: [GC pause (G1 Evacuation Pause) (young), 0.0369793 secs]
   [Parallel Time: 36.4 ms, GC Workers: 2]
      [GC Worker Start (ms): Min: 249178.3, Avg: 249178.3, Max: 249178.3, Diff: 0.0]
      [Ext Root Scanning (ms): Min: 0.7, Avg: 0.7, Max: 0.7, Diff: 0.0, Sum: 1.3]
      [Update RS (ms): Min: 0.0, Avg: 0.0, Max: 0.0, Diff: 0.0, Sum: 0.1]
         [Processed Buffers: Min: 3, Avg: 3.0, Max: 3, Diff: 0, Sum: 6]
      [Scan RS (ms): Min: 0.1, Avg: 0.1, Max: 0.1, Diff: 0.0, Sum: 0.2]
      [Code Root Scanning (ms): Min: 0.0, Avg: 0.0, Max: 0.0, Diff: 0.0, Sum: 0.0]
      [Object Copy (ms): Min: 35.4, Avg: 35.4, Max: 35.4, Diff: 0.0, Sum: 70.9]
      [Termination (ms): Min: 0.0, Avg: 0.0, Max: 0.0, Diff: 0.0, Sum: 0.0]
         [Termination Attempts: Min: 1, Avg: 1.0, Max: 1, Diff: 0, Sum: 2]
      [GC Worker Other (ms): Min: 0.0, Avg: 0.0, Max: 0.0, Diff: 0.0, Sum: 0.0]
      [GC Worker Total (ms): Min: 36.2, Avg: 36.2, Max: 36.3, Diff: 0.0, Sum: 72.5]
      [GC Worker End (ms): Min: 249214.6, Avg: 249214.6, Max: 249214.6, Diff: 0.0]
   [Code Root Fixup: 0.0 ms]
   [Code Root Purge: 0.0 ms]
   [Clear CT: 0.1 ms]
   [Other: 0.5 ms]
      [Choose CSet: 0.0 ms]
      [Ref Proc: 0.1 ms]
      [Ref Enq: 0.0 ms]
      [Redirty Cards: 0.1 ms]
      [Humongous Register: 0.0 ms]
      [Humongous Reclaim: 0.0 ms]
      [Free CSet: 0.2 ms]
   [Eden: 252.0M(252.0M)->0.0B(256.0M) Survivors: 31744.0K->27648.0K Heap: 384.6M(472.0M)->129.1M(472.0M)]
 [Times: user=0.07 sys=0.00, real=0.04 secs] 
2024-07-06T11:28:15.499+0800: 249.665: [GC pause (G1 Evacuation Pause) (young), 0.0316387 secs]
   [Parallel Time: 31.1 ms, GC Workers: 2]
      [GC Worker Start (ms): Min: 249665.6, Avg: 249665.6, Max: 249665.6, Diff: 0.0]
      [Ext Root Scanning (ms): Min: 0.6, Avg: 0.6, Max: 0.6, Diff: 0.0, Sum: 1.1]
      [Update RS (ms): Min: 0.0, Avg: 0.0, Max: 0.0, Diff: 0.0, Sum: 0.0]
         [Processed Buffers: Min: 3, Avg: 3.0, Max: 3, Diff: 0, Sum: 6]
      [Scan RS (ms): Min: 0.1, Avg: 0.1, Max: 0.1, Diff: 0.0, Sum: 0.2]
      [Code Root Scanning (ms): Min: 0.0, Avg: 0.0, Max: 0.0, Diff: 0.0, Sum: 0.0]
      [Object Copy (ms): Min: 30.3, Avg: 30.3, Max: 30.3, Diff: 0.0, Sum: 60.6]
      [Termination (ms): Min: 0.0, Avg: 0.0, Max: 0.0, Diff: 0.0, Sum: 0.0]
         [Termination Attempts: Min: 1, Avg: 1.0, Max: 1, Diff: 0, Sum: 2]
      [GC Worker Other (ms): Min: 0.0, Avg: 0.0, Max: 0.0, Diff: 0.0, Sum: 0.0]
      [GC Worker Total (ms): Min: 31.0, Avg: 31.0, Max: 31.0, Diff: 0.0, Sum: 62.0]
      [GC Worker End (ms): Min: 249696.6, Avg: 249696.6, Max: 249696.6, Diff: 0.0]
   [Code Root Fixup: 0.0 ms]
   [Code Root Purge: 0.0 ms]
   [Clear CT: 0.1 ms]
   [Other: 0.5 ms]
      [Choose CSet: 0.0 ms]
      [Ref Proc: 0.1 ms]
      [Ref Enq: 0.0 ms]
      [Redirty Cards: 0.0 ms]
      [Humongous Register: 0.0 ms]
      [Humongous Reclaim: 0.0 ms]
      [Free CSet: 0.2 ms]
   [Eden: 256.0M(256.0M)->0.0B(259.0M) Survivors: 27648.0K->24576.0K Heap: 385.1M(472.0M)->125.6M(472.0M)]
 [Times: user=0.05 sys=0.00, real=0.03 secs] 
2024-07-06T11:28:15.974+0800: 250.140: [GC pause (G1 Evacuation Pause) (young), 0.0371646 secs]
   [Parallel Time: 36.5 ms, GC Workers: 2]
      [GC Worker Start (ms): Min: 250140.2, Avg: 250140.2, Max: 250140.2, Diff: 0.0]
      [Ext Root Scanning (ms): Min: 0.5, Avg: 0.5, Max: 0.5, Diff: 0.0, Sum: 1.0]
      [Update RS (ms): Min: 0.0, Avg: 0.0, Max: 0.0, Diff: 0.0, Sum: 0.1]
         [Processed Buffers: Min: 2, Avg: 3.0, Max: 4, Diff: 2, Sum: 6]
      [Scan RS (ms): Min: 0.1, Avg: 0.1, Max: 0.1, Diff: 0.0, Sum: 0.2]
      [Code Root Scanning (ms): Min: 0.0, Avg: 0.0, Max: 0.0, Diff: 0.0, Sum: 0.0]
      [Object Copy (ms): Min: 33.6, Avg: 34.7, Max: 35.8, Diff: 2.2, Sum: 69.5]
      [Termination (ms): Min: 0.0, Avg: 1.1, Max: 2.2, Diff: 2.2, Sum: 2.2]
         [Termination Attempts: Min: 1, Avg: 1.0, Max: 1, Diff: 0, Sum: 2]
      [GC Worker Other (ms): Min: 0.0, Avg: 0.0, Max: 0.0, Diff: 0.0, Sum: 0.0]
      [GC Worker Total (ms): Min: 36.5, Avg: 36.5, Max: 36.5, Diff: 0.0, Sum: 72.9]
      [GC Worker End (ms): Min: 250176.7, Avg: 250176.7, Max: 250176.7, Diff: 0.0]
   [Code Root Fixup: 0.0 ms]
   [Code Root Purge: 0.0 ms]
   [Clear CT: 0.2 ms]
   [Other: 0.4 ms]
      [Choose CSet: 0.0 ms]
      [Ref Proc: 0.1 ms]
      [Ref Enq: 0.0 ms]
      [Redirty Cards: 0.0 ms]
      [Humongous Register: 0.0 ms]
      [Humongous Reclaim: 0.0 ms]
      [Free CSet: 0.1 ms]
   [Eden: 259.0M(259.0M)->0.0B(265.0M) Survivors: 24576.0K->18432.0K Heap: 384.6M(472.0M)->120.1M(472.0M)]
 [Times: user=0.05 sys=0.00, real=0.04 secs] 
2024-07-06T11:28:16.443+0800: 250.610: [GC pause (G1 Evacuation Pause) (young), 0.0200327 secs]
   [Parallel Time: 19.5 ms, GC Workers: 2]
      [GC Worker Start (ms): Min: 250609.6, Avg: 250609.6, Max: 250609.6, Diff: 0.0]
      [Ext Root Scanning (ms): Min: 0.5, Avg: 0.6, Max: 0.6, Diff: 0.0, Sum: 1.1]
      [Update RS (ms): Min: 0.0, Avg: 0.0, Max: 0.0, Diff: 0.0, Sum: 0.0]
         [Processed Buffers: Min: 2, Avg: 2.5, Max: 3, Diff: 1, Sum: 5]
      [Scan RS (ms): Min: 0.1, Avg: 0.1, Max: 0.1, Diff: 0.0, Sum: 0.2]
      [Code Root Scanning (ms): Min: 0.0, Avg: 0.0, Max: 0.0, Diff: 0.0, Sum: 0.0]
      [Object Copy (ms): Min: 18.7, Avg: 18.7, Max: 18.7, Diff: 0.0, Sum: 37.4]
      [Termination (ms): Min: 0.0, Avg: 0.0, Max: 0.0, Diff: 0.0, Sum: 0.0]
         [Termination Attempts: Min: 1, Avg: 1.0, Max: 1, Diff: 0, Sum: 2]
      [GC Worker Other (ms): Min: 0.0, Avg: 0.0, Max: 0.0, Diff: 0.0, Sum: 0.0]
      [GC Worker Total (ms): Min: 19.4, Avg: 19.4, Max: 19.4, Diff: 0.0, Sum: 38.7]
      [GC Worker End (ms): Min: 250629.0, Avg: 250629.0, Max: 250629.0, Diff: 0.0]
   [Code Root Fixup: 0.0 ms]
   [Code Root Purge: 0.0 ms]
   [Clear CT: 0.1 ms]
   [Other: 0.4 ms]
      [Choose CSet: 0.0 ms]
      [Ref Proc: 0.1 ms]
      [Ref Enq: 0.0 ms]
      [Redirty Cards: 0.1 ms]
      [Humongous Register: 0.0 ms]
      [Humongous Reclaim: 0.0 ms]
      [Free CSet: 0.1 ms]
   [Eden: 265.0M(265.0M)->0.0B(265.0M) Survivors: 18432.0K->18432.0K Heap: 385.1M(472.0M)->119.6M(472.0M)]
 [Times: user=0.04 sys=0.00, real=0.02 secs] 
2024-07-06T11:28:16.843+0800: 251.009: [GC pause (G1 Evacuation Pause) (young), 0.0332239 secs]
   [Parallel Time: 32.8 ms, GC Workers: 2]
      [GC Worker Start (ms): Min: 251009.6, Avg: 251009.7, Max: 251009.8, Diff: 0.2]
      [Ext Root Scanning (ms): Min: 1.0, Avg: 1.0, Max: 1.0, Diff: 0.1, Sum: 2.0]
      [Update RS (ms): Min: 0.0, Avg: 0.0, Max: 0.1, Diff: 0.1, Sum: 0.1]
         [Processed Buffers: Min: 0, Avg: 2.5, Max: 5, Diff: 5, Sum: 5]
      [Scan RS (ms): Min: 0.0, Avg: 0.1, Max: 0.1, Diff: 0.1, Sum: 0.1]
      [Code Root Scanning (ms): Min: 0.0, Avg: 0.0, Max: 0.0, Diff: 0.0, Sum: 0.0]
      [Object Copy (ms): Min: 31.4, Avg: 31.5, Max: 31.5, Diff: 0.1, Sum: 63.0]
      [Termination (ms): Min: 0.0, Avg: 0.0, Max: 0.0, Diff: 0.0, Sum: 0.0]
         [Termination Attempts: Min: 1, Avg: 1.0, Max: 1, Diff: 0, Sum: 2]
      [GC Worker Other (ms): Min: 0.0, Avg: 0.0, Max: 0.0, Diff: 0.0, Sum: 0.1]
      [GC Worker Total (ms): Min: 32.5, Avg: 32.6, Max: 32.7, Diff: 0.2, Sum: 65.2]
      [GC Worker End (ms): Min: 251042.3, Avg: 251042.3, Max: 251042.3, Diff: 0.0]
   [Code Root Fixup: 0.0 ms]
   [Code Root Purge: 0.0 ms]
   [Clear CT: 0.1 ms]
   [Other: 0.3 ms]
      [Choose CSet: 0.0 ms]
      [Ref Proc: 0.1 ms]
      [Ref Enq: 0.0 ms]
      [Redirty Cards: 0.0 ms]
      [Humongous Register: 0.0 ms]
      [Humongous Reclaim: 0.0 ms]
      [Free CSet: 0.1 ms]
   [Eden: 265.0M(265.0M)->0.0B(260.0M) Survivors: 18432.0K->23552.0K Heap: 384.6M(472.0M)->124.6M(472.0M)]
 [Times: user=0.05 sys=0.00, real=0.04 secs] 
2024-07-06T11:28:17.331+0800: 251.497: [GC pause (G1 Evacuation Pause) (young), 0.0258859 secs]
   [Parallel Time: 25.3 ms, GC Workers: 2]
      [GC Worker Start (ms): Min: 251497.6, Avg: 251497.6, Max: 251497.6, Diff: 0.0]
      [Ext Root Scanning (ms): Min: 0.5, Avg: 0.5, Max: 0.5, Diff: 0.0, Sum: 1.1]
      [Update RS (ms): Min: 0.0, Avg: 0.0, Max: 0.0, Diff: 0.0, Sum: 0.0]
         [Processed Buffers: Min: 2, Avg: 2.5, Max: 3, Diff: 1, Sum: 5]
      [Scan RS (ms): Min: 0.1, Avg: 0.1, Max: 0.1, Diff: 0.0, Sum: 0.2]
      [Code Root Scanning (ms): Min: 0.0, Avg: 0.0, Max: 0.0, Diff: 0.0, Sum: 0.0]
      [Object Copy (ms): Min: 24.5, Avg: 24.5, Max: 24.6, Diff: 0.0, Sum: 49.1]
      [Termination (ms): Min: 0.0, Avg: 0.0, Max: 0.0, Diff: 0.0, Sum: 0.0]
         [Termination Attempts: Min: 1, Avg: 1.0, Max: 1, Diff: 0, Sum: 2]
      [GC Worker Other (ms): Min: 0.0, Avg: 0.0, Max: 0.0, Diff: 0.0, Sum: 0.0]
      [GC Worker Total (ms): Min: 25.2, Avg: 25.2, Max: 25.2, Diff: 0.0, Sum: 50.4]
      [GC Worker End (ms): Min: 251522.8, Avg: 251522.8, Max: 251522.8, Diff: 0.0]
   [Code Root Fixup: 0.0 ms]
   [Code Root Purge: 0.0 ms]
   [Clear CT: 0.2 ms]
   [Other: 0.4 ms]
      [Choose CSet: 0.0 ms]
      [Ref Proc: 0.1 ms]
      [Ref Enq: 0.0 ms]
      [Redirty Cards: 0.1 ms]
      [Humongous Register: 0.0 ms]
      [Humongous Reclaim: 0.0 ms]
      [Free CSet: 0.2 ms]
   [Eden: 260.0M(260.0M)->0.0B(263.0M) Survivors: 23552.0K->20480.0K Heap: 384.6M(472.0M)->122.1M(472.0M)]
 [Times: user=0.05 sys=0.00, real=0.03 secs] 
2024-07-06T11:28:17.777+0800: 251.943: [GC pause (G1 Evacuation Pause) (young), 0.0304691 secs]
   [Parallel Time: 30.0 ms, GC Workers: 2]
      [GC Worker Start (ms): Min: 251943.3, Avg: 251943.6, Max: 251943.9, Diff: 0.6]
      [Ext Root Scanning (ms): Min: 0.3, Avg: 0.6, Max: 0.9, Diff: 0.6, Sum: 1.2]
      [Update RS (ms): Min: 0.0, Avg: 0.0, Max: 0.0, Diff: 0.0, Sum: 0.1]
         [Processed Buffers: Min: 2, Avg: 2.5, Max: 3, Diff: 1, Sum: 5]
      [Scan RS (ms): Min: 0.1, Avg: 0.1, Max: 0.1, Diff: 0.0, Sum: 0.2]
      [Code Root Scanning (ms): Min: 0.0, Avg: 0.0, Max: 0.0, Diff: 0.0, Sum: 0.0]
      [Object Copy (ms): Min: 28.8, Avg: 28.8, Max: 28.8, Diff: 0.0, Sum: 57.7]
      [Termination (ms): Min: 0.0, Avg: 0.0, Max: 0.0, Diff: 0.0, Sum: 0.0]
         [Termination Attempts: Min: 1, Avg: 1.0, Max: 1, Diff: 0, Sum: 2]
      [GC Worker Other (ms): Min: 0.0, Avg: 0.0, Max: 0.0, Diff: 0.0, Sum: 0.0]
      [GC Worker Total (ms): Min: 29.3, Avg: 29.6, Max: 29.9, Diff: 0.6, Sum: 59.2]
      [GC Worker End (ms): Min: 251973.2, Avg: 251973.2, Max: 251973.2, Diff: 0.0]
   [Code Root Fixup: 0.0 ms]
   [Code Root Purge: 0.0 ms]
   [Clear CT: 0.1 ms]
   [Other: 0.4 ms]
      [Choose CSet: 0.0 ms]
      [Ref Proc: 0.1 ms]
      [Ref Enq: 0.0 ms]
      [Redirty Cards: 0.0 ms]
      [Humongous Register: 0.0 ms]
      [Humongous Reclaim: 0.0 ms]
      [Free CSet: 0.1 ms]
   [Eden: 263.0M(263.0M)->0.0B(257.0M) Survivors: 20480.0K->26624.0K Heap: 385.1M(472.0M)->127.6M(472.0M)]
 [Times: user=0.06 sys=0.00, real=0.03 secs] 
2024-07-06T11:28:18.298+0800: 252.465: [GC pause (G1 Evacuation Pause) (young), 0.0359804 secs]
   [Parallel Time: 35.5 ms, GC Workers: 2]
      [GC Worker Start (ms): Min: 252464.6, Avg: 252464.6, Max: 252464.6, Diff: 0.0]
      [Ext Root Scanning (ms): Min: 0.6, Avg: 0.6, Max: 0.6, Diff: 0.0, Sum: 1.1]
      [Update RS (ms): Min: 0.0, Avg: 0.0, Max: 0.0, Diff: 0.0, Sum: 0.0]
         [Processed Buffers: Min: 1, Avg: 2.5, Max: 4, Diff: 3, Sum: 5]
      [Scan RS (ms): Min: 0.1, Avg: 0.1, Max: 0.1, Diff: 0.0, Sum: 0.3]
      [Code Root Scanning (ms): Min: 0.0, Avg: 0.0, Max: 0.0, Diff: 0.0, Sum: 0.0]
      [Object Copy (ms): Min: 34.7, Avg: 34.7, Max: 34.7, Diff: 0.0, Sum: 69.3]
      [Termination (ms): Min: 0.0, Avg: 0.0, Max: 0.0, Diff: 0.0, Sum: 0.0]
         [Termination Attempts: Min: 2, Avg: 2.0, Max: 2, Diff: 0, Sum: 4]
      [GC Worker Other (ms): Min: 0.0, Avg: 0.0, Max: 0.0, Diff: 0.0, Sum: 0.0]
      [GC Worker Total (ms): Min: 35.4, Avg: 35.4, Max: 35.4, Diff: 0.0, Sum: 70.8]
      [GC Worker End (ms): Min: 252500.0, Avg: 252500.0, Max: 252500.0, Diff: 0.0]
   [Code Root Fixup: 0.0 ms]
   [Code Root Purge: 0.0 ms]
   [Clear CT: 0.1 ms]
   [Other: 0.4 ms]
      [Choose CSet: 0.0 ms]
      [Ref Proc: 0.1 ms]
      [Ref Enq: 0.0 ms]
      [Redirty Cards: 0.0 ms]
      [Humongous Register: 0.0 ms]
      [Humongous Reclaim: 0.0 ms]
      [Free CSet: 0.1 ms]
   [Eden: 257.0M(257.0M)->0.0B(254.0M) Survivors: 26624.0K->29696.0K Heap: 384.6M(472.0M)->131.1M(472.0M)]
 [Times: user=0.07 sys=0.00, real=0.03 secs] 
2024-07-06T11:28:18.784+0800: 252.950: [GC pause (G1 Evacuation Pause) (young), 0.0321823 secs]
   [Parallel Time: 31.7 ms, GC Workers: 2]
      [GC Worker Start (ms): Min: 252950.5, Avg: 252950.5, Max: 252950.5, Diff: 0.0]
      [Ext Root Scanning (ms): Min: 0.6, Avg: 0.6, Max: 0.6, Diff: 0.0, Sum: 1.1]
      [Update RS (ms): Min: 0.0, Avg: 0.0, Max: 0.0, Diff: 0.0, Sum: 0.1]
         [Processed Buffers: Min: 1, Avg: 2.5, Max: 4, Diff: 3, Sum: 5]
      [Scan RS (ms): Min: 0.1, Avg: 0.1, Max: 0.1, Diff: 0.0, Sum: 0.2]
      [Code Root Scanning (ms): Min: 0.0, Avg: 0.0, Max: 0.0, Diff: 0.0, Sum: 0.0]
      [Object Copy (ms): Min: 30.9, Avg: 30.9, Max: 30.9, Diff: 0.0, Sum: 61.8]
      [Termination (ms): Min: 0.0, Avg: 0.0, Max: 0.0, Diff: 0.0, Sum: 0.0]
         [Termination Attempts: Min: 1, Avg: 1.0, Max: 1, Diff: 0, Sum: 2]
      [GC Worker Other (ms): Min: 0.0, Avg: 0.0, Max: 0.0, Diff: 0.0, Sum: 0.0]
      [GC Worker Total (ms): Min: 31.6, Avg: 31.6, Max: 31.6, Diff: 0.0, Sum: 63.2]
      [GC Worker End (ms): Min: 252982.1, Avg: 252982.1, Max: 252982.1, Diff: 0.0]
   [Code Root Fixup: 0.0 ms]
   [Code Root Purge: 0.0 ms]
   [Clear CT: 0.1 ms]
   [Other: 0.4 ms]
      [Choose CSet: 0.0 ms]
      [Ref Proc: 0.1 ms]
      [Ref Enq: 0.0 ms]
      [Redirty Cards: 0.0 ms]
      [Humongous Register: 0.0 ms]
      [Humongous Reclaim: 0.0 ms]
      [Free CSet: 0.1 ms]
   [Eden: 254.0M(254.0M)->0.0B(258.0M) Survivors: 29696.0K->25600.0K Heap: 385.1M(472.0M)->126.6M(472.0M)]
 [Times: user=0.07 sys=0.00, real=0.04 secs] 
2024-07-06T11:28:19.264+0800: 253.430: [GC pause (G1 Evacuation Pause) (young), 0.0237711 secs]
   [Parallel Time: 23.2 ms, GC Workers: 2]
      [GC Worker Start (ms): Min: 253430.1, Avg: 253430.1, Max: 253430.1, Diff: 0.0]
      [Ext Root Scanning (ms): Min: 0.5, Avg: 0.5, Max: 0.5, Diff: 0.0, Sum: 0.9]
      [Update RS (ms): Min: 0.0, Avg: 0.0, Max: 0.0, Diff: 0.0, Sum: 0.1]
         [Processed Buffers: Min: 2, Avg: 2.5, Max: 3, Diff: 1, Sum: 5]
      [Scan RS (ms): Min: 0.1, Avg: 0.1, Max: 0.1, Diff: 0.0, Sum: 0.2]
      [Code Root Scanning (ms): Min: 0.0, Avg: 0.0, Max: 0.0, Diff: 0.0, Sum: 0.0]
      [Object Copy (ms): Min: 22.6, Avg: 22.6, Max: 22.6, Diff: 0.0, Sum: 45.1]
      [Termination (ms): Min: 0.0, Avg: 0.0, Max: 0.0, Diff: 0.0, Sum: 0.0]
         [Termination Attempts: Min: 1, Avg: 1.0, Max: 1, Diff: 0, Sum: 2]
      [GC Worker Other (ms): Min: 0.0, Avg: 0.0, Max: 0.0, Diff: 0.0, Sum: 0.0]
      [GC Worker Total (ms): Min: 23.2, Avg: 23.2, Max: 23.2, Diff: 0.0, Sum: 46.3]
      [GC Worker End (ms): Min: 253453.3, Avg: 253453.3, Max: 253453.3, Diff: 0.0]
   [Code Root Fixup: 0.0 ms]
   [Code Root Purge: 0.0 ms]
   [Clear CT: 0.1 ms]
   [Other: 0.4 ms]
      [Choose CSet: 0.0 ms]
      [Ref Proc: 0.1 ms]
      [Ref Enq: 0.0 ms]
      [Redirty Cards: 0.0 ms]
      [Humongous Register: 0.0 ms]
      [Humongous Reclaim: 0.0 ms]
      [Free CSet: 0.1 ms]
   [Eden: 258.0M(258.0M)->0.0B(263.0M) Survivors: 25600.0K->20480.0K Heap: 384.6M(472.0M)->122.1M(472.0M)]
 [Times: user=0.04 sys=0.01, real=0.03 secs] 
2024-07-06T11:28:19.691+0800: 253.857: [GC pause (G1 Evacuation Pause) (young), 0.0377729 secs]
   [Parallel Time: 37.3 ms, GC Workers: 2]
      [GC Worker Start (ms): Min: 253857.5, Avg: 253857.5, Max: 253857.6, Diff: 0.0]
      [Ext Root Scanning (ms): Min: 0.5, Avg: 0.5, Max: 0.5, Diff: 0.0, Sum: 1.1]
      [Update RS (ms): Min: 0.0, Avg: 0.0, Max: 0.0, Diff: 0.0, Sum: 0.1]
         [Processed Buffers: Min: 2, Avg: 2.5, Max: 3, Diff: 1, Sum: 5]
      [Scan RS (ms): Min: 0.1, Avg: 0.1, Max: 0.1, Diff: 0.0, Sum: 0.2]
      [Code Root Scanning (ms): Min: 0.0, Avg: 0.0, Max: 0.0, Diff: 0.0, Sum: 0.0]
      [Object Copy (ms): Min: 36.5, Avg: 36.5, Max: 36.5, Diff: 0.0, Sum: 73.1]
      [Termination (ms): Min: 0.0, Avg: 0.0, Max: 0.0, Diff: 0.0, Sum: 0.0]
         [Termination Attempts: Min: 1, Avg: 1.0, Max: 1, Diff: 0, Sum: 2]
      [GC Worker Other (ms): Min: 0.0, Avg: 0.0, Max: 0.0, Diff: 0.0, Sum: 0.0]
      [GC Worker Total (ms): Min: 37.2, Avg: 37.2, Max: 37.2, Diff: 0.0, Sum: 74.4]
      [GC Worker End (ms): Min: 253894.7, Avg: 253894.7, Max: 253894.7, Diff: 0.0]
   [Code Root Fixup: 0.0 ms]
   [Code Root Purge: 0.0 ms]
   [Clear CT: 0.1 ms]
   [Other: 0.4 ms]
      [Choose CSet: 0.0 ms]
      [Ref Proc: 0.1 ms]
      [Ref Enq: 0.0 ms]
      [Redirty Cards: 0.0 ms]
      [Humongous Register: 0.0 ms]
      [Humongous Reclaim: 0.0 ms]
      [Free CSet: 0.1 ms]
   [Eden: 263.0M(263.0M)->0.0B(251.0M) Survivors: 20480.0K->32768.0K Heap: 385.1M(472.0M)->133.6M(472.0M)]
 [Times: user=0.08 sys=0.00, real=0.04 secs] 
2024-07-06T11:28:20.143+0800: 254.309: [GC pause (G1 Evacuation Pause) (young), 0.0566456 secs]
   [Parallel Time: 53.4 ms, GC Workers: 2]
      [GC Worker Start (ms): Min: 254309.6, Avg: 254309.6, Max: 254309.6, Diff: 0.1]
      [Ext Root Scanning (ms): Min: 0.5, Avg: 0.6, Max: 0.6, Diff: 0.1, Sum: 1.1]
      [Update RS (ms): Min: 0.0, Avg: 0.0, Max: 0.0, Diff: 0.0, Sum: 0.1]
         [Processed Buffers: Min: 2, Avg: 2.5, Max: 3, Diff: 1, Sum: 5]
      [Scan RS (ms): Min: 0.1, Avg: 0.1, Max: 0.1, Diff: 0.0, Sum: 0.2]
      [Code Root Scanning (ms): Min: 0.0, Avg: 0.0, Max: 0.0, Diff: 0.0, Sum: 0.0]
      [Object Copy (ms): Min: 52.5, Avg: 52.6, Max: 52.6, Diff: 0.0, Sum: 105.1]
      [Termination (ms): Min: 0.0, Avg: 0.0, Max: 0.0, Diff: 0.0, Sum: 0.0]
         [Termination Attempts: Min: 1, Avg: 1.0, Max: 1, Diff: 0, Sum: 2]
      [GC Worker Other (ms): Min: 0.0, Avg: 0.0, Max: 0.0, Diff: 0.0, Sum: 0.0]
      [GC Worker Total (ms): Min: 53.2, Avg: 53.3, Max: 53.3, Diff: 0.1, Sum: 106.5]
      [GC Worker End (ms): Min: 254362.9, Avg: 254362.9, Max: 254362.9, Diff: 0.0]
   [Code Root Fixup: 0.0 ms]
   [Code Root Purge: 0.0 ms]
   [Clear CT: 0.1 ms]
   [Other: 3.1 ms]
      [Choose CSet: 0.0 ms]
      [Ref Proc: 2.8 ms]
      [Ref Enq: 0.0 ms]
      [Redirty Cards: 0.0 ms]
      [Humongous Register: 0.0 ms]
      [Humongous Reclaim: 0.0 ms]
      [Free CSet: 0.1 ms]
   [Eden: 251.0M(251.0M)->0.0B(254.0M) Survivors: 32768.0K->29696.0K Heap: 384.6M(472.0M)->131.1M(472.0M)]
 [Times: user=0.07 sys=0.00, real=0.06 secs] 
2024-07-06T11:28:20.626+0800: 254.793: [GC pause (G1 Evacuation Pause) (young), 0.0294489 secs]
   [Parallel Time: 28.9 ms, GC Workers: 2]
      [GC Worker Start (ms): Min: 254792.7, Avg: 254792.7, Max: 254792.7, Diff: 0.0]
      [Ext Root Scanning (ms): Min: 0.5, Avg: 0.5, Max: 0.5, Diff: 0.0, Sum: 1.1]
      [Update RS (ms): Min: 0.0, Avg: 0.0, Max: 0.1, Diff: 0.0, Sum: 0.1]
         [Processed Buffers: Min: 1, Avg: 3.0, Max: 5, Diff: 4, Sum: 6]
      [Scan RS (ms): Min: 0.1, Avg: 0.1, Max: 0.1, Diff: 0.0, Sum: 0.2]
      [Code Root Scanning (ms): Min: 0.0, Avg: 0.0, Max: 0.0, Diff: 0.0, Sum: 0.0]
      [Object Copy (ms): Min: 28.2, Avg: 28.2, Max: 28.2, Diff: 0.0, Sum: 56.4]
      [Termination (ms): Min: 0.0, Avg: 0.0, Max: 0.0, Diff: 0.0, Sum: 0.0]
         [Termination Attempts: Min: 1, Avg: 1.0, Max: 1, Diff: 0, Sum: 2]
      [GC Worker Other (ms): Min: 0.0, Avg: 0.0, Max: 0.0, Diff: 0.0, Sum: 0.0]
      [GC Worker Total (ms): Min: 28.9, Avg: 28.9, Max: 28.9, Diff: 0.0, Sum: 57.7]
      [GC Worker End (ms): Min: 254821.6, Avg: 254821.6, Max: 254821.6, Diff: 0.0]
   [Code Root Fixup: 0.0 ms]
   [Code Root Purge: 0.0 ms]
   [Clear CT: 0.1 ms]
   [Other: 0.4 ms]
      [Choose CSet: 0.0 ms]
      [Ref Proc: 0.1 ms]
      [Ref Enq: 0.0 ms]
      [Redirty Cards: 0.1 ms]
      [Humongous Register: 0.0 ms]
      [Humongous Reclaim: 0.0 ms]
      [Free CSet: 0.2 ms]
   [Eden: 254.0M(254.0M)->0.0B(259.0M) Survivors: 29696.0K->24576.0K Heap: 385.1M(472.0M)->125.6M(472.0M)]
 [Times: user=0.05 sys=0.01, real=0.04 secs] 
2024-07-06T11:28:21.094+0800: 255.260: [GC pause (G1 Evacuation Pause) (young), 0.0236176 secs]
   [Parallel Time: 23.1 ms, GC Workers: 2]
      [GC Worker Start (ms): Min: 255260.1, Avg: 255260.1, Max: 255260.1, Diff: 0.0]
      [Ext Root Scanning (ms): Min: 0.5, Avg: 0.5, Max: 0.5, Diff: 0.0, Sum: 1.0]
      [Update RS (ms): Min: 0.0, Avg: 0.0, Max: 0.0, Diff: 0.0, Sum: 0.1]
         [Processed Buffers: Min: 2, Avg: 2.5, Max: 3, Diff: 1, Sum: 5]
      [Scan RS (ms): Min: 0.1, Avg: 0.1, Max: 0.1, Diff: 0.0, Sum: 0.2]
      [Code Root Scanning (ms): Min: 0.0, Avg: 0.0, Max: 0.0, Diff: 0.0, Sum: 0.0]
      [Object Copy (ms): Min: 22.4, Avg: 22.4, Max: 22.5, Diff: 0.0, Sum: 44.9]
      [Termination (ms): Min: 0.0, Avg: 0.0, Max: 0.0, Diff: 0.0, Sum: 0.0]
         [Termination Attempts: Min: 1, Avg: 1.0, Max: 1, Diff: 0, Sum: 2]
      [GC Worker Other (ms): Min: 0.0, Avg: 0.0, Max: 0.0, Diff: 0.0, Sum: 0.0]
      [GC Worker Total (ms): Min: 23.1, Avg: 23.1, Max: 23.1, Diff: 0.0, Sum: 46.1]
      [GC Worker End (ms): Min: 255283.2, Avg: 255283.2, Max: 255283.2, Diff: 0.0]
   [Code Root Fixup: 0.0 ms]
   [Code Root Purge: 0.0 ms]
   [Clear CT: 0.1 ms]
   [Other: 0.4 ms]
      [Choose CSet: 0.0 ms]
      [Ref Proc: 0.1 ms]
      [Ref Enq: 0.0 ms]
      [Redirty Cards: 0.0 ms]
      [Humongous Register: 0.0 ms]
      [Humongous Reclaim: 0.0 ms]
      [Free CSet: 0.1 ms]
   [Eden: 259.0M(259.0M)->0.0B(264.0M) Survivors: 24576.0K->19456.0K Heap: 384.6M(472.0M)->120.6M(472.0M)]
 [Times: user=0.05 sys=0.00, real=0.03 secs] 
2024-07-06T11:28:21.563+0800: 255.729: [GC pause (G1 Evacuation Pause) (young), 0.0123843 secs]
   [Parallel Time: 11.9 ms, GC Workers: 2]
      [GC Worker Start (ms): Min: 255729.5, Avg: 255729.6, Max: 255729.6, Diff: 0.0]
      [Ext Root Scanning (ms): Min: 0.5, Avg: 0.5, Max: 0.5, Diff: 0.0, Sum: 1.0]
      [Update RS (ms): Min: 0.0, Avg: 0.0, Max: 0.0, Diff: 0.0, Sum: 0.1]
         [Processed Buffers: Min: 2, Avg: 3.0, Max: 4, Diff: 2, Sum: 6]
      [Scan RS (ms): Min: 0.1, Avg: 0.1, Max: 0.1, Diff: 0.0, Sum: 0.2]
      [Code Root Scanning (ms): Min: 0.0, Avg: 0.0, Max: 0.0, Diff: 0.0, Sum: 0.0]
      [Object Copy (ms): Min: 11.2, Avg: 11.2, Max: 11.2, Diff: 0.0, Sum: 22.5]
      [Termination (ms): Min: 0.0, Avg: 0.0, Max: 0.0, Diff: 0.0, Sum: 0.0]
         [Termination Attempts: Min: 1, Avg: 1.5, Max: 2, Diff: 1, Sum: 3]
      [GC Worker Other (ms): Min: 0.0, Avg: 0.0, Max: 0.0, Diff: 0.0, Sum: 0.0]
      [GC Worker Total (ms): Min: 11.8, Avg: 11.8, Max: 11.9, Diff: 0.0, Sum: 23.7]
      [GC Worker End (ms): Min: 255741.4, Avg: 255741.4, Max: 255741.4, Diff: 0.0]
   [Code Root Fixup: 0.0 ms]
   [Code Root Purge: 0.0 ms]
   [Clear CT: 0.1 ms]
   [Other: 0.4 ms]
      [Choose CSet: 0.0 ms]
      [Ref Proc: 0.1 ms]
      [Ref Enq: 0.0 ms]
      [Redirty Cards: 0.0 ms]
      [Humongous Register: 0.0 ms]
      [Humongous Reclaim: 0.0 ms]
      [Free CSet: 0.1 ms]
   [Eden: 264.0M(264.0M)->0.0B(272.0M) Survivors: 19456.0K->11264.0K Heap: 384.6M(472.0M)->112.6M(472.0M)]
 [Times: user=0.03 sys=0.00, real=0.02 secs] 
2024-07-06T11:28:21.973+0800: 256.139: [GC pause (G1 Evacuation Pause) (young), 0.0280518 secs]
   [Parallel Time: 27.5 ms, GC Workers: 2]
      [GC Worker Start (ms): Min: 256139.5, Avg: 256139.6, Max: 256139.6, Diff: 0.0]
      [Ext Root Scanning (ms): Min: 0.5, Avg: 0.5, Max: 0.5, Diff: 0.0, Sum: 1.1]
      [Update RS (ms): Min: 0.0, Avg: 0.0, Max: 0.0, Diff: 0.0, Sum: 0.0]
         [Processed Buffers: Min: 1, Avg: 2.5, Max: 4, Diff: 3, Sum: 5]
      [Scan RS (ms): Min: 0.1, Avg: 0.1, Max: 0.1, Diff: 0.0, Sum: 0.2]
      [Code Root Scanning (ms): Min: 0.0, Avg: 0.0, Max: 0.0, Diff: 0.0, Sum: 0.0]
      [Object Copy (ms): Min: 26.8, Avg: 26.8, Max: 26.8, Diff: 0.0, Sum: 53.6]
      [Termination (ms): Min: 0.0, Avg: 0.0, Max: 0.0, Diff: 0.0, Sum: 0.0]
         [Termination Attempts: Min: 1, Avg: 1.0, Max: 1, Diff: 0, Sum: 2]
      [GC Worker Other (ms): Min: 0.0, Avg: 0.0, Max: 0.0, Diff: 0.0, Sum: 0.0]
      [GC Worker Total (ms): Min: 27.5, Avg: 27.5, Max: 27.5, Diff: 0.0, Sum: 54.9]
      [GC Worker End (ms): Min: 256167.0, Avg: 256167.0, Max: 256167.0, Diff: 0.0]
   [Code Root Fixup: 0.0 ms]
   [Code Root Purge: 0.0 ms]
   [Clear CT: 0.1 ms]
   [Other: 0.4 ms]
      [Choose CSet: 0.0 ms]
      [Ref Proc: 0.1 ms]
      [Ref Enq: 0.0 ms]
      [Redirty Cards: 0.0 ms]
      [Humongous Register: 0.0 ms]
      [Humongous Reclaim: 0.0 ms]
      [Free CSet: 0.1 ms]
   [Eden: 272.0M(272.0M)->0.0B(261.0M) Survivors: 11264.0K->22528.0K Heap: 384.6M(472.0M)->123.6M(472.0M)]
 [Times: user=0.05 sys=0.00, real=0.03 secs] 
2024-07-06T11:28:22.507+0800: 256.673: [GC pause (G1 Evacuation Pause) (young), 0.0231881 secs]
   [Parallel Time: 22.7 ms, GC Workers: 2]
      [GC Worker Start (ms): Min: 256673.0, Avg: 256673.0, Max: 256673.1, Diff: 0.0]
      [Ext Root Scanning (ms): Min: 0.6, Avg: 0.6, Max: 0.6, Diff: 0.0, Sum: 1.1]
      [Update RS (ms): Min: 0.0, Avg: 0.0, Max: 0.1, Diff: 0.1, Sum: 0.1]
         [Processed Buffers: Min: 0, Avg: 2.5, Max: 5, Diff: 5, Sum: 5]
      [Scan RS (ms): Min: 0.1, Avg: 0.1, Max: 0.1, Diff: 0.0, Sum: 0.2]
      [Code Root Scanning (ms): Min: 0.0, Avg: 0.0, Max: 0.0, Diff: 0.0, Sum: 0.0]
      [Object Copy (ms): Min: 21.9, Avg: 21.9, Max: 22.0, Diff: 0.0, Sum: 43.9]
      [Termination (ms): Min: 0.0, Avg: 0.0, Max: 0.0, Diff: 0.0, Sum: 0.0]
         [Termination Attempts: Min: 1, Avg: 1.0, Max: 1, Diff: 0, Sum: 2]
      [GC Worker Other (ms): Min: 0.0, Avg: 0.0, Max: 0.0, Diff: 0.0, Sum: 0.0]
      [GC Worker Total (ms): Min: 22.6, Avg: 22.6, Max: 22.6, Diff: 0.0, Sum: 45.3]
      [GC Worker End (ms): Min: 256695.7, Avg: 256695.7, Max: 256695.7, Diff: 0.0]
   [Code Root Fixup: 0.0 ms]
   [Code Root Purge: 0.0 ms]
   [Clear CT: 0.1 ms]
   [Other: 0.4 ms]
      [Choose CSet: 0.0 ms]
      [Ref Proc: 0.1 ms]
      [Ref Enq: 0.0 ms]
      [Redirty Cards: 0.0 ms]
      [Humongous Register: 0.0 ms]
      [Humongous Reclaim: 0.0 ms]
      [Free CSet: 0.1 ms]
   [Eden: 261.0M(261.0M)->0.0B(264.0M) Survivors: 22528.0K->19456.0K Heap: 384.6M(472.0M)->120.6M(472.0M)]
 [Times: user=0.05 sys=0.00, real=0.03 secs] 
2024-07-06T11:28:22.971+0800: 257.137: [GC pause (G1 Evacuation Pause) (young), 0.0219970 secs]
   [Parallel Time: 21.4 ms, GC Workers: 2]
      [GC Worker Start (ms): Min: 257137.3, Avg: 257137.3, Max: 257137.3, Diff: 0.0]
      [Ext Root Scanning (ms): Min: 0.5, Avg: 0.6, Max: 0.6, Diff: 0.0, Sum: 1.1]
      [Update RS (ms): Min: 0.0, Avg: 0.0, Max: 0.0, Diff: 0.0, Sum: 0.1]
         [Processed Buffers: Min: 2, Avg: 2.5, Max: 3, Diff: 1, Sum: 5]
      [Scan RS (ms): Min: 0.1, Avg: 0.1, Max: 0.1, Diff: 0.0, Sum: 0.2]
      [Code Root Scanning (ms): Min: 0.0, Avg: 0.0, Max: 0.0, Diff: 0.0, Sum: 0.0]
      [Object Copy (ms): Min: 20.6, Avg: 20.6, Max: 20.7, Diff: 0.1, Sum: 41.3]
      [Termination (ms): Min: 0.0, Avg: 0.0, Max: 0.0, Diff: 0.0, Sum: 0.0]
         [Termination Attempts: Min: 1, Avg: 1.0, Max: 1, Diff: 0, Sum: 2]
      [GC Worker Other (ms): Min: 0.0, Avg: 0.0, Max: 0.0, Diff: 0.0, Sum: 0.1]
      [GC Worker Total (ms): Min: 21.4, Avg: 21.4, Max: 21.4, Diff: 0.0, Sum: 42.7]
      [GC Worker End (ms): Min: 257158.7, Avg: 257158.7, Max: 257158.7, Diff: 0.0]
   [Code Root Fixup: 0.0 ms]
   [Code Root Purge: 0.0 ms]
   [Clear CT: 0.1 ms]
   [Other: 0.5 ms]
      [Choose CSet: 0.0 ms]
      [Ref Proc: 0.1 ms]
      [Ref Enq: 0.0 ms]
      [Redirty Cards: 0.0 ms]
      [Humongous Register: 0.0 ms]
      [Humongous Reclaim: 0.0 ms]
      [Free CSet: 0.2 ms]
   [Eden: 264.0M(264.0M)->0.0B(265.0M) Survivors: 19456.0K->18432.0K Heap: 384.6M(472.0M)->120.1M(472.0M)]
 [Times: user=0.04 sys=0.00, real=0.02 secs] 
2024-07-06T11:28:23.468+0800: 257.634: [GC pause (G1 Evacuation Pause) (young), 0.0111854 secs]
   [Parallel Time: 10.6 ms, GC Workers: 2]
      [GC Worker Start (ms): Min: 257634.2, Avg: 257634.2, Max: 257634.3, Diff: 0.0]
      [Ext Root Scanning (ms): Min: 0.5, Avg: 0.6, Max: 0.6, Diff: 0.0, Sum: 1.1]
      [Update RS (ms): Min: 0.0, Avg: 0.0, Max: 0.0, Diff: 0.0, Sum: 0.1]
         [Processed Buffers: Min: 2, Avg: 2.5, Max: 3, Diff: 1, Sum: 5]
      [Scan RS (ms): Min: 0.1, Avg: 0.1, Max: 0.1, Diff: 0.0, Sum: 0.2]
      [Code Root Scanning (ms): Min: 0.0, Avg: 0.0, Max: 0.0, Diff: 0.0, Sum: 0.0]
      [Object Copy (ms): Min: 9.7, Avg: 9.7, Max: 9.7, Diff: 0.0, Sum: 19.5]
      [Termination (ms): Min: 0.0, Avg: 0.0, Max: 0.0, Diff: 0.0, Sum: 0.0]
         [Termination Attempts: Min: 1, Avg: 2.5, Max: 4, Diff: 3, Sum: 5]
      [GC Worker Other (ms): Min: 0.0, Avg: 0.0, Max: 0.0, Diff: 0.0, Sum: 0.0]
      [GC Worker Total (ms): Min: 10.4, Avg: 10.5, Max: 10.5, Diff: 0.0, Sum: 20.9]
      [GC Worker End (ms): Min: 257644.7, Avg: 257644.7, Max: 257644.7, Diff: 0.0]
   [Code Root Fixup: 0.0 ms]
   [Code Root Purge: 0.0 ms]
   [Clear CT: 0.1 ms]
   [Other: 0.5 ms]
      [Choose CSet: 0.0 ms]
      [Ref Proc: 0.1 ms]
      [Ref Enq: 0.0 ms]
      [Redirty Cards: 0.1 ms]
      [Humongous Register: 0.0 ms]
      [Humongous Reclaim: 0.0 ms]
      [Free CSet: 0.2 ms]
   [Eden: 265.0M(265.0M)->0.0B(271.0M) Survivors: 18432.0K->12288.0K Heap: 385.1M(472.0M)->113.6M(472.0M)]
 [Times: user=0.02 sys=0.00, real=0.01 secs] 
2024-07-06T11:28:23.859+0800: 258.025: [GC pause (G1 Evacuation Pause) (young), 0.0275925 secs]
   [Parallel Time: 27.1 ms, GC Workers: 2]
      [GC Worker Start (ms): Min: 258025.5, Avg: 258025.5, Max: 258025.5, Diff: 0.0]
      [Ext Root Scanning (ms): Min: 0.5, Avg: 0.5, Max: 0.6, Diff: 0.0, Sum: 1.1]
      [Update RS (ms): Min: 0.0, Avg: 0.0, Max: 0.0, Diff: 0.0, Sum: 0.1]
         [Processed Buffers: Min: 2, Avg: 3.0, Max: 4, Diff: 2, Sum: 6]
      [Scan RS (ms): Min: 0.1, Avg: 0.1, Max: 0.1, Diff: 0.0, Sum: 0.2]
      [Code Root Scanning (ms): Min: 0.0, Avg: 0.0, Max: 0.0, Diff: 0.0, Sum: 0.0]
      [Object Copy (ms): Min: 26.3, Avg: 26.3, Max: 26.3, Diff: 0.0, Sum: 52.7]
      [Termination (ms): Min: 0.0, Avg: 0.0, Max: 0.0, Diff: 0.0, Sum: 0.0]
         [Termination Attempts: Min: 1, Avg: 1.0, Max: 1, Diff: 0, Sum: 2]
      [GC Worker Other (ms): Min: 0.0, Avg: 0.0, Max: 0.0, Diff: 0.0, Sum: 0.0]
      [GC Worker Total (ms): Min: 27.0, Avg: 27.0, Max: 27.0, Diff: 0.0, Sum: 54.0]
      [GC Worker End (ms): Min: 258052.6, Avg: 258052.6, Max: 258052.6, Diff: 0.0]
   [Code Root Fixup: 0.0 ms]
   [Code Root Purge: 0.0 ms]
   [Clear CT: 0.1 ms]
   [Other: 0.4 ms]
      [Choose CSet: 0.0 ms]
      [Ref Proc: 0.1 ms]
      [Ref Enq: 0.0 ms]
      [Redirty Cards: 0.0 ms]
      [Humongous Register: 0.0 ms]
      [Humongous Reclaim: 0.0 ms]
      [Free CSet: 0.1 ms]
   [Eden: 271.0M(271.0M)->0.0B(257.0M) Survivors: 12288.0K->26624.0K Heap: 384.6M(472.0M)->127.6M(472.0M)]
 [Times: user=0.05 sys=0.00, real=0.02 secs] 
2024-07-06T11:28:24.295+0800: 258.461: [GC pause (G1 Evacuation Pause) (young), 0.0462175 secs]
   [Parallel Time: 45.7 ms, GC Workers: 2]
      [GC Worker Start (ms): Min: 258461.5, Avg: 258461.6, Max: 258461.6, Diff: 0.0]
      [Ext Root Scanning (ms): Min: 0.5, Avg: 0.5, Max: 0.5, Diff: 0.0, Sum: 1.0]
      [Update RS (ms): Min: 0.0, Avg: 0.0, Max: 0.0, Diff: 0.0, Sum: 0.1]
         [Processed Buffers: Min: 3, Avg: 3.0, Max: 3, Diff: 0, Sum: 6]
      [Scan RS (ms): Min: 0.1, Avg: 0.1, Max: 0.1, Diff: 0.0, Sum: 0.2]
      [Code Root Scanning (ms): Min: 0.0, Avg: 0.0, Max: 0.0, Diff: 0.0, Sum: 0.0]
      [Object Copy (ms): Min: 43.9, Avg: 44.0, Max: 44.2, Diff: 0.3, Sum: 88.1]
      [Termination (ms): Min: 0.0, Avg: 0.6, Max: 1.1, Diff: 1.1, Sum: 1.1]
         [Termination Attempts: Min: 1, Avg: 1.0, Max: 1, Diff: 0, Sum: 2]
      [GC Worker Other (ms): Min: 0.0, Avg: 0.0, Max: 0.0, Diff: 0.0, Sum: 0.0]
      [GC Worker Total (ms): Min: 44.8, Avg: 45.2, Max: 45.6, Diff: 0.9, Sum: 90.4]
      [GC Worker End (ms): Min: 258506.4, Avg: 258506.8, Max: 258507.2, Diff: 0.8]
   [Code Root Fixup: 0.0 ms]
   [Code Root Purge: 0.0 ms]
   [Clear CT: 0.1 ms]
   [Other: 0.4 ms]
      [Choose CSet: 0.0 ms]
      [Ref Proc: 0.1 ms]
      [Ref Enq: 0.0 ms]
      [Redirty Cards: 0.0 ms]
      [Humongous Register: 0.0 ms]
      [Humongous Reclaim: 0.0 ms]
      [Free CSet: 0.2 ms]
   [Eden: 257.0M(257.0M)->0.0B(249.0M) Survivors: 26624.0K->34816.0K Heap: 384.6M(472.0M)->135.6M(472.0M)]
 [Times: user=0.09 sys=0.00, real=0.04 secs] 
2024-07-06T11:28:24.807+0800: 258.973: [GC pause (G1 Evacuation Pause) (young), 0.0386369 secs]
   [Parallel Time: 38.1 ms, GC Workers: 2]
      [GC Worker Start (ms): Min: 258973.3, Avg: 258973.3, Max: 258973.3, Diff: 0.0]
      [Ext Root Scanning (ms): Min: 0.5, Avg: 0.5, Max: 0.5, Diff: 0.0, Sum: 1.1]
      [Update RS (ms): Min: 0.0, Avg: 0.0, Max: 0.1, Diff: 0.0, Sum: 0.1]
         [Processed Buffers: Min: 1, Avg: 3.0, Max: 5, Diff: 4, Sum: 6]
      [Scan RS (ms): Min: 0.1, Avg: 0.1, Max: 0.1, Diff: 0.0, Sum: 0.2]
      [Code Root Scanning (ms): Min: 0.0, Avg: 0.0, Max: 0.0, Diff: 0.0, Sum: 0.0]
      [Object Copy (ms): Min: 37.3, Avg: 37.3, Max: 37.3, Diff: 0.0, Sum: 74.6]
      [Termination (ms): Min: 0.0, Avg: 0.0, Max: 0.0, Diff: 0.0, Sum: 0.0]
         [Termination Attempts: Min: 1, Avg: 1.0, Max: 1, Diff: 0, Sum: 2]
      [GC Worker Other (ms): Min: 0.0, Avg: 0.0, Max: 0.0, Diff: 0.0, Sum: 0.0]
      [GC Worker Total (ms): Min: 38.0, Avg: 38.0, Max: 38.0, Diff: 0.0, Sum: 76.0]
      [GC Worker End (ms): Min: 259011.4, Avg: 259011.4, Max: 259011.4, Diff: 0.0]
   [Code Root Fixup: 0.0 ms]
   [Code Root Purge: 0.0 ms]
   [Clear CT: 0.1 ms]
   [Other: 0.4 ms]
      [Choose CSet: 0.0 ms]
      [Ref Proc: 0.1 ms]
      [Ref Enq: 0.0 ms]
      [Redirty Cards: 0.0 ms]
      [Humongous Register: 0.0 ms]
      [Humongous Reclaim: 0.0 ms]
      [Free CSet: 0.2 ms]
   [Eden: 249.0M(249.0M)->0.0B(252.0M) Survivors: 34816.0K->31744.0K Heap: 384.6M(472.0M)->132.6M(472.0M)]
 [Times: user=0.07 sys=0.00, real=0.04 secs] 
2024-07-06T11:28:25.303+0800: 259.469: [GC pause (G1 Evacuation Pause) (young), 0.0361179 secs]
   [Parallel Time: 35.6 ms, GC Workers: 2]
      [GC Worker Start (ms): Min: 259469.6, Avg: 259469.6, Max: 259469.6, Diff: 0.0]
      [Ext Root Scanning (ms): Min: 0.6, Avg: 0.6, Max: 0.6, Diff: 0.0, Sum: 1.2]
      [Update RS (ms): Min: 0.0, Avg: 0.0, Max: 0.0, Diff: 0.0, Sum: 0.0]
         [Processed Buffers: Min: 1, Avg: 2.5, Max: 4, Diff: 3, Sum: 5]
      [Scan RS (ms): Min: 0.1, Avg: 0.1, Max: 0.1, Diff: 0.0, Sum: 0.2]
      [Code Root Scanning (ms): Min: 0.0, Avg: 0.0, Max: 0.0, Diff: 0.0, Sum: 0.0]
      [Object Copy (ms): Min: 34.8, Avg: 34.8, Max: 34.8, Diff: 0.0, Sum: 69.6]
      [Termination (ms): Min: 0.0, Avg: 0.0, Max: 0.0, Diff: 0.0, Sum: 0.0]
         [Termination Attempts: Min: 1, Avg: 1.0, Max: 1, Diff: 0, Sum: 2]
      [GC Worker Other (ms): Min: 0.0, Avg: 0.0, Max: 0.0, Diff: 0.0, Sum: 0.0]
      [GC Worker Total (ms): Min: 35.5, Avg: 35.5, Max: 35.5, Diff: 0.0, Sum: 71.0]
      [GC Worker End (ms): Min: 259505.1, Avg: 259505.1, Max: 259505.1, Diff: 0.0]
   [Code Root Fixup: 0.0 ms]
   [Code Root Purge: 0.0 ms]
   [Clear CT: 0.1 ms]
   [Other: 0.4 ms]
      [Choose CSet: 0.0 ms]
      [Ref Proc: 0.1 ms]
      [Ref Enq: 0.0 ms]
      [Redirty Cards: 0.0 ms]
      [Humongous Register: 0.0 ms]
      [Humongous Reclaim: 0.0 ms]
      [Free CSet: 0.2 ms]
   [Eden: 252.0M(252.0M)->0.0B(256.0M) Survivors: 31744.0K->27648.0K Heap: 384.6M(472.0M)->129.1M(472.0M)]
 [Times: user=0.07 sys=0.00, real=0.04 secs] 
2024-07-06T11:28:25.771+0800: 259.937: [GC pause (G1 Evacuation Pause) (young), 0.0293597 secs]
   [Parallel Time: 28.9 ms, GC Workers: 2]
      [GC Worker Start (ms): Min: 259937.0, Avg: 259937.0, Max: 259937.0, Diff: 0.0]
      [Ext Root Scanning (ms): Min: 0.5, Avg: 0.5, Max: 0.5, Diff: 0.0, Sum: 1.1]
      [Update RS (ms): Min: 0.0, Avg: 0.0, Max: 0.0, Diff: 0.0, Sum: 0.0]
         [Processed Buffers: Min: 2, Avg: 2.5, Max: 3, Diff: 1, Sum: 5]
      [Scan RS (ms): Min: 0.1, Avg: 0.1, Max: 0.1, Diff: 0.0, Sum: 0.2]
      [Code Root Scanning (ms): Min: 0.0, Avg: 0.0, Max: 0.0, Diff: 0.0, Sum: 0.0]
      [Object Copy (ms): Min: 28.1, Avg: 28.1, Max: 28.2, Diff: 0.0, Sum: 56.3]
      [Termination (ms): Min: 0.0, Avg: 0.0, Max: 0.0, Diff: 0.0, Sum: 0.0]
         [Termination Attempts: Min: 1, Avg: 1.0, Max: 1, Diff: 0, Sum: 2]
      [GC Worker Other (ms): Min: 0.0, Avg: 0.0, Max: 0.0, Diff: 0.0, Sum: 0.0]
      [GC Worker Total (ms): Min: 28.8, Avg: 28.8, Max: 28.8, Diff: 0.0, Sum: 57.6]
      [GC Worker End (ms): Min: 259965.8, Avg: 259965.8, Max: 259965.8, Diff: 0.0]
   [Code Root Fixup: 0.0 ms]
   [Code Root Purge: 0.0 ms]
   [Clear CT: 0.1 ms]
   [Other: 0.3 ms]
      [Choose CSet: 0.0 ms]
      [Ref Proc: 0.0 ms]
      [Ref Enq: 0.0 ms]
      [Redirty Cards: 0.0 ms]
      [Humongous Register: 0.0 ms]
      [Humongous Reclaim: 0.0 ms]
      [Free CSet: 0.1 ms]
   [Eden: 256.0M(256.0M)->0.0B(258.0M) Survivors: 27648.0K->25600.0K Heap: 385.1M(472.0M)->126.6M(472.0M)]
 [Times: user=0.06 sys=0.00, real=0.03 secs] 
2024-07-06T11:28:26.177+0800: 260.344: [GC pause (G1 Evacuation Pause) (young), 0.0196631 secs]
   [Parallel Time: 19.1 ms, GC Workers: 2]
      [GC Worker Start (ms): Min: 260343.6, Avg: 260343.6, Max: 260343.6, Diff: 0.0]
      [Ext Root Scanning (ms): Min: 0.5, Avg: 0.5, Max: 0.5, Diff: 0.0, Sum: 0.9]
      [Update RS (ms): Min: 0.0, Avg: 0.0, Max: 0.0, Diff: 0.0, Sum: 0.0]
         [Processed Buffers: Min: 0, Avg: 2.5, Max: 5, Diff: 5, Sum: 5]
      [Scan RS (ms): Min: 0.1, Avg: 0.1, Max: 0.1, Diff: 0.0, Sum: 0.2]
      [Code Root Scanning (ms): Min: 0.0, Avg: 0.0, Max: 0.0, Diff: 0.0, Sum: 0.0]
      [Object Copy (ms): Min: 18.4, Avg: 18.5, Max: 18.5, Diff: 0.1, Sum: 36.9]
      [Termination (ms): Min: 0.0, Avg: 0.0, Max: 0.0, Diff: 0.0, Sum: 0.0]
         [Termination Attempts: Min: 1, Avg: 1.0, Max: 1, Diff: 0, Sum: 2]
      [GC Worker Other (ms): Min: 0.0, Avg: 0.0, Max: 0.0, Diff: 0.0, Sum: 0.0]
      [GC Worker Total (ms): Min: 19.0, Avg: 19.1, Max: 19.1, Diff: 0.0, Sum: 38.1]
      [GC Worker End (ms): Min: 260362.7, Avg: 260362.7, Max: 260362.7, Diff: 0.0]
   [Code Root Fixup: 0.0 ms]
   [Code Root Purge: 0.0 ms]
   [Clear CT: 0.1 ms]
   [Other: 0.4 ms]
      [Choose CSet: 0.0 ms]
      [Ref Proc: 0.1 ms]
      [Ref Enq: 0.0 ms]
      [Redirty Cards: 0.0 ms]
      [Humongous Register: 0.0 ms]
      [Humongous Reclaim: 0.0 ms]
      [Free CSet: 0.2 ms]
   [Eden: 258.0M(258.0M)->0.0B(265.0M) Survivors: 25600.0K->18432.0K Heap: 384.6M(472.0M)->120.1M(472.0M)]
 [Times: user=0.03 sys=0.00, real=0.02 secs] 
2024-07-06T11:28:26.602+0800: 260.768: [GC pause (G1 Evacuation Pause) (young), 0.0330908 secs]
   [Parallel Time: 32.5 ms, GC Workers: 2]
      [GC Worker Start (ms): Min: 260768.3, Avg: 260768.3, Max: 260768.3, Diff: 0.0]
      [Ext Root Scanning (ms): Min: 0.5, Avg: 0.5, Max: 0.5, Diff: 0.0, Sum: 1.0]
      [Update RS (ms): Min: 0.0, Avg: 0.0, Max: 0.0, Diff: 0.0, Sum: 0.1]
         [Processed Buffers: Min: 3, Avg: 3.0, Max: 3, Diff: 0, Sum: 6]
      [Scan RS (ms): Min: 0.1, Avg: 0.1, Max: 0.1, Diff: 0.0, Sum: 0.2]
      [Code Root Scanning (ms): Min: 0.0, Avg: 0.0, Max: 0.0, Diff: 0.0, Sum: 0.0]
      [Object Copy (ms): Min: 31.8, Avg: 31.8, Max: 31.8, Diff: 0.0, Sum: 63.6]
      [Termination (ms): Min: 0.0, Avg: 0.0, Max: 0.0, Diff: 0.0, Sum: 0.0]
         [Termination Attempts: Min: 1, Avg: 1.0, Max: 1, Diff: 0, Sum: 2]
      [GC Worker Other (ms): Min: 0.0, Avg: 0.0, Max: 0.0, Diff: 0.0, Sum: 0.0]
      [GC Worker Total (ms): Min: 32.4, Avg: 32.4, Max: 32.4, Diff: 0.0, Sum: 64.9]
      [GC Worker End (ms): Min: 260800.7, Avg: 260800.7, Max: 260800.7, Diff: 0.0]
   [Code Root Fixup: 0.0 ms]
   [Code Root Purge: 0.0 ms]
   [Clear CT: 0.1 ms]
   [Other: 0.5 ms]
      [Choose CSet: 0.0 ms]
      [Ref Proc: 0.1 ms]
      [Ref Enq: 0.0 ms]
      [Redirty Cards: 0.2 ms]
      [Humongous Register: 0.0 ms]
      [Humongous Reclaim: 0.0 ms]
      [Free CSet: 0.1 ms]
   [Eden: 265.0M(265.0M)->0.0B(254.0M) Survivors: 18432.0K->29696.0K Heap: 385.1M(472.0M)->131.1M(472.0M)]
 [Times: user=0.06 sys=0.00, real=0.04 secs] 
2024-07-06T11:28:27.017+0800: 261.183: [GC pause (G1 Evacuation Pause) (young), 0.0325800 secs]
   [Parallel Time: 32.0 ms, GC Workers: 2]
      [GC Worker Start (ms): Min: 261183.1, Avg: 261183.1, Max: 261183.1, Diff: 0.0]
      [Ext Root Scanning (ms): Min: 0.5, Avg: 0.5, Max: 0.5, Diff: 0.0, Sum: 0.9]
      [Update RS (ms): Min: 0.0, Avg: 0.0, Max: 0.0, Diff: 0.0, Sum: 0.0]
         [Processed Buffers: Min: 2, Avg: 3.0, Max: 4, Diff: 2, Sum: 6]
      [Scan RS (ms): Min: 0.1, Avg: 0.1, Max: 0.1, Diff: 0.0, Sum: 0.2]
      [Code Root Scanning (ms): Min: 0.0, Avg: 0.0, Max: 0.0, Diff: 0.0, Sum: 0.0]
      [Object Copy (ms): Min: 31.4, Avg: 31.4, Max: 31.4, Diff: 0.0, Sum: 62.7]
      [Termination (ms): Min: 0.0, Avg: 0.0, Max: 0.0, Diff: 0.0, Sum: 0.0]
         [Termination Attempts: Min: 1, Avg: 1.0, Max: 1, Diff: 0, Sum: 2]
      [GC Worker Other (ms): Min: 0.0, Avg: 0.0, Max: 0.0, Diff: 0.0, Sum: 0.0]
      [GC Worker Total (ms): Min: 32.0, Avg: 32.0, Max: 32.0, Diff: 0.0, Sum: 63.9]
      [GC Worker End (ms): Min: 261215.1, Avg: 261215.1, Max: 261215.1, Diff: 0.0]
   [Code Root Fixup: 0.0 ms]
   [Code Root Purge: 0.0 ms]
   [Clear CT: 0.1 ms]
   [Other: 0.4 ms]
      [Choose CSet: 0.0 ms]
      [Ref Proc: 0.1 ms]
      [Ref Enq: 0.0 ms]
      [Redirty Cards: 0.1 ms]
      [Humongous Register: 0.0 ms]
      [Humongous Reclaim: 0.0 ms]
      [Free CSet: 0.2 ms]
   [Eden: 254.0M(254.0M)->0.0B(255.0M) Survivors: 29696.0K->28672.0K Heap: 385.1M(472.0M)->129.6M(472.0M)]
 [Times: user=0.06 sys=0.00, real=0.03 secs] 
2024-07-06T11:28:27.438+0800: 261.604: [GC pause (G1 Evacuation Pause) (young), 0.0283413 secs]
   [Parallel Time: 27.9 ms, GC Workers: 2]
      [GC Worker Start (ms): Min: 261604.4, Avg: 261604.4, Max: 261604.4, Diff: 0.0]
      [Ext Root Scanning (ms): Min: 0.4, Avg: 0.5, Max: 0.5, Diff: 0.0, Sum: 0.9]
      [Update RS (ms): Min: 0.0, Avg: 0.0, Max: 0.0, Diff: 0.0, Sum: 0.0]
         [Processed Buffers: Min: 2, Avg: 2.5, Max: 3, Diff: 1, Sum: 5]
      [Scan RS (ms): Min: 0.1, Avg: 0.1, Max: 0.1, Diff: 0.0, Sum: 0.2]
      [Code Root Scanning (ms): Min: 0.0, Avg: 0.0, Max: 0.0, Diff: 0.0, Sum: 0.0]
      [Object Copy (ms): Min: 27.2, Avg: 27.2, Max: 27.2, Diff: 0.0, Sum: 54.4]
      [Termination (ms): Min: 0.0, Avg: 0.0, Max: 0.0, Diff: 0.0, Sum: 0.0]
         [Termination Attempts: Min: 1, Avg: 4.5, Max: 8, Diff: 7, Sum: 9]
      [GC Worker Other (ms): Min: 0.0, Avg: 0.0, Max: 0.0, Diff: 0.0, Sum: 0.0]
      [GC Worker Total (ms): Min: 27.8, Avg: 27.8, Max: 27.8, Diff: 0.0, Sum: 55.6]
      [GC Worker End (ms): Min: 261632.2, Avg: 261632.2, Max: 261632.2, Diff: 0.0]
   [Code Root Fixup: 0.0 ms]
   [Code Root Purge: 0.0 ms]
   [Clear CT: 0.1 ms]
   [Other: 0.4 ms]
      [Choose CSet: 0.0 ms]
      [Ref Proc: 0.1 ms]
      [Ref Enq: 0.0 ms]
      [Redirty Cards: 0.0 ms]
      [Humongous Register: 0.0 ms]
      [Humongous Reclaim: 0.0 ms]
      [Free CSet: 0.2 ms]
   [Eden: 255.0M(255.0M)->0.0B(260.0M) Survivors: 28672.0K->23552.0K Heap: 384.6M(472.0M)->125.1M(472.0M)]
 [Times: user=0.05 sys=0.00, real=0.02 secs] 
2024-07-06T11:28:27.871+0800: 262.038: [GC pause (G1 Evacuation Pause) (young), 0.0269052 secs]
   [Parallel Time: 26.4 ms, GC Workers: 2]
      [GC Worker Start (ms): Min: 262037.6, Avg: 262037.6, Max: 262037.6, Diff: 0.0]
      [Ext Root Scanning (ms): Min: 0.6, Avg: 0.6, Max: 0.6, Diff: 0.0, Sum: 1.2]
      [Update RS (ms): Min: 0.0, Avg: 0.0, Max: 0.1, Diff: 0.0, Sum: 0.1]
         [Processed Buffers: Min: 1, Avg: 2.5, Max: 4, Diff: 3, Sum: 5]
      [Scan RS (ms): Min: 0.1, Avg: 0.1, Max: 0.1, Diff: 0.0, Sum: 0.2]
      [Code Root Scanning (ms): Min: 0.0, Avg: 0.0, Max: 0.0, Diff: 0.0, Sum: 0.0]
      [Object Copy (ms): Min: 25.5, Avg: 25.5, Max: 25.6, Diff: 0.0, Sum: 51.1]
      [Termination (ms): Min: 0.0, Avg: 0.0, Max: 0.0, Diff: 0.0, Sum: 0.0]
         [Termination Attempts: Min: 1, Avg: 1.0, Max: 1, Diff: 0, Sum: 2]
      [GC Worker Other (ms): Min: 0.0, Avg: 0.0, Max: 0.0, Diff: 0.0, Sum: 0.0]
      [GC Worker Total (ms): Min: 26.3, Avg: 26.3, Max: 26.3, Diff: 0.0, Sum: 52.6]
      [GC Worker End (ms): Min: 262063.9, Avg: 262063.9, Max: 262063.9, Diff: 0.0]
   [Code Root Fixup: 0.0 ms]
   [Code Root Purge: 0.0 ms]
   [Clear CT: 0.1 ms]
   [Other: 0.4 ms]
      [Choose CSet: 0.0 ms]
      [Ref Proc: 0.1 ms]
      [Ref Enq: 0.0 ms]
      [Redirty Cards: 0.0 ms]
      [Humongous Register: 0.0 ms]
      [Humongous Reclaim: 0.0 ms]
      [Free CSet: 0.1 ms]
   [Eden: 260.0M(260.0M)->0.0B(264.0M) Survivors: 23552.0K->19456.0K Heap: 385.1M(472.0M)->121.1M(472.0M)]
 [Times: user=0.05 sys=0.00, real=0.03 secs] 
2024-07-06T11:28:28.303+0800: 262.469: [GC pause (G1 Evacuation Pause) (young), 0.0261513 secs]
   [Parallel Time: 25.6 ms, GC Workers: 2]
      [GC Worker Start (ms): Min: 262469.4, Avg: 262469.4, Max: 262469.4, Diff: 0.0]
      [Ext Root Scanning (ms): Min: 0.5, Avg: 0.5, Max: 0.5, Diff: 0.0, Sum: 1.1]
      [Update RS (ms): Min: 0.0, Avg: 0.0, Max: 0.0, Diff: 0.0, Sum: 0.0]
         [Processed Buffers: Min: 1, Avg: 2.5, Max: 4, Diff: 3, Sum: 5]
      [Scan RS (ms): Min: 0.1, Avg: 0.1, Max: 0.1, Diff: 0.0, Sum: 0.2]
      [Code Root Scanning (ms): Min: 0.0, Avg: 0.0, Max: 0.0, Diff: 0.0, Sum: 0.0]
      [Object Copy (ms): Min: 24.9, Avg: 24.9, Max: 24.9, Diff: 0.0, Sum: 49.7]
      [Termination (ms): Min: 0.0, Avg: 0.0, Max: 0.0, Diff: 0.0, Sum: 0.0]
         [Termination Attempts: Min: 1, Avg: 1.0, Max: 1, Diff: 0, Sum: 2]
      [GC Worker Other (ms): Min: 0.0, Avg: 0.0, Max: 0.0, Diff: 0.0, Sum: 0.0]
      [GC Worker Total (ms): Min: 25.5, Avg: 25.5, Max: 25.5, Diff: 0.0, Sum: 51.0]
      [GC Worker End (ms): Min: 262494.9, Avg: 262494.9, Max: 262494.9, Diff: 0.0]
   [Code Root Fixup: 0.0 ms]
   [Code Root Purge: 0.0 ms]
   [Clear CT: 0.1 ms]
   [Other: 0.4 ms]
      [Choose CSet: 0.0 ms]
      [Ref Proc: 0.1 ms]
      [Ref Enq: 0.0 ms]
      [Redirty Cards: 0.1 ms]
      [Humongous Register: 0.0 ms]
      [Humongous Reclaim: 0.0 ms]
      [Free CSet: 0.1 ms]
   [Eden: 264.0M(264.0M)->0.0B(260.0M) Survivors: 19456.0K->23552.0K Heap: 385.1M(472.0M)->125.1M(472.0M)]
 [Times: user=0.05 sys=0.01, real=0.03 secs] 
2024-07-06T11:28:28.875+0800: 263.042: [GC pause (G1 Evacuation Pause) (young), 0.0353719 secs]
   [Parallel Time: 34.8 ms, GC Workers: 2]
      [GC Worker Start (ms): Min: 263041.7, Avg: 263041.7, Max: 263041.7, Diff: 0.0]
      [Ext Root Scanning (ms): Min: 0.7, Avg: 0.7, Max: 0.7, Diff: 0.0, Sum: 1.3]
      [Update RS (ms): Min: 0.0, Avg: 0.0, Max: 0.0, Diff: 0.0, Sum: 0.1]
         [Processed Buffers: Min: 2, Avg: 2.5, Max: 3, Diff: 1, Sum: 5]
      [Scan RS (ms): Min: 0.1, Avg: 0.1, Max: 0.1, Diff: 0.0, Sum: 0.2]
      [Code Root Scanning (ms): Min: 0.0, Avg: 0.0, Max: 0.0, Diff: 0.0, Sum: 0.0]
      [Object Copy (ms): Min: 33.9, Avg: 33.9, Max: 33.9, Diff: 0.0, Sum: 67.8]
      [Termination (ms): Min: 0.0, Avg: 0.0, Max: 0.0, Diff: 0.0, Sum: 0.0]
         [Termination Attempts: Min: 1, Avg: 1.0, Max: 1, Diff: 0, Sum: 2]
      [GC Worker Other (ms): Min: 0.0, Avg: 0.0, Max: 0.0, Diff: 0.0, Sum: 0.0]
      [GC Worker Total (ms): Min: 34.7, Avg: 34.7, Max: 34.7, Diff: 0.0, Sum: 69.4]
      [GC Worker End (ms): Min: 263076.4, Avg: 263076.4, Max: 263076.4, Diff: 0.0]
   [Code Root Fixup: 0.0 ms]
   [Code Root Purge: 0.0 ms]
   [Clear CT: 0.1 ms]
   [Other: 0.4 ms]
      [Choose CSet: 0.0 ms]
      [Ref Proc: 0.1 ms]
      [Ref Enq: 0.0 ms]
      [Redirty Cards: 0.0 ms]
      [Humongous Register: 0.0 ms]
      [Humongous Reclaim: 0.0 ms]
      [Free CSet: 0.2 ms]
   [Eden: 260.0M(260.0M)->0.0B(258.0M) Survivors: 23552.0K->25600.0K Heap: 385.1M(472.0M)->127.1M(472.0M)]
 [Times: user=0.07 sys=0.00, real=0.03 secs] 
2024-07-06T11:28:29.335+0800: 263.501: [GC pause (G1 Evacuation Pause) (young), 0.0262773 secs]
   [Parallel Time: 25.7 ms, GC Workers: 2]
      [GC Worker Start (ms): Min: 263501.4, Avg: 263501.4, Max: 263501.4, Diff: 0.0]
      [Ext Root Scanning (ms): Min: 0.5, Avg: 0.5, Max: 0.5, Diff: 0.0, Sum: 1.1]
      [Update RS (ms): Min: 0.0, Avg: 0.0, Max: 0.0, Diff: 0.0, Sum: 0.0]
         [Processed Buffers: Min: 0, Avg: 2.5, Max: 5, Diff: 5, Sum: 5]
      [Scan RS (ms): Min: 0.1, Avg: 0.1, Max: 0.1, Diff: 0.1, Sum: 0.2]
      [Code Root Scanning (ms): Min: 0.0, Avg: 0.0, Max: 0.0, Diff: 0.0, Sum: 0.0]
      [Object Copy (ms): Min: 24.9, Avg: 24.9, Max: 25.0, Diff: 0.1, Sum: 49.9]
      [Termination (ms): Min: 0.0, Avg: 0.0, Max: 0.0, Diff: 0.0, Sum: 0.0]
         [Termination Attempts: Min: 3, Avg: 3.5, Max: 4, Diff: 1, Sum: 7]
      [GC Worker Other (ms): Min: 0.0, Avg: 0.0, Max: 0.0, Diff: 0.0, Sum: 0.0]
      [GC Worker Total (ms): Min: 25.6, Avg: 25.6, Max: 25.6, Diff: 0.0, Sum: 51.2]
      [GC Worker End (ms): Min: 263527.0, Avg: 263527.0, Max: 263527.0, Diff: 0.0]
   [Code Root Fixup: 0.0 ms]
   [Code Root Purge: 0.0 ms]
   [Clear CT: 0.1 ms]
   [Other: 0.5 ms]
      [Choose CSet: 0.0 ms]
      [Ref Proc: 0.1 ms]
      [Ref Enq: 0.0 ms]
      [Redirty Cards: 0.1 ms]
      [Humongous Register: 0.0 ms]
      [Humongous Reclaim: 0.0 ms]
      [Free CSet: 0.2 ms]
   [Eden: 258.0M(258.0M)->0.0B(263.0M) Survivors: 25600.0K->20480.0K Heap: 385.1M(472.0M)->122.1M(472.0M)]
 [Times: user=0.04 sys=0.00, real=0.03 secs] 
2024-07-06T11:28:29.759+0800: 263.925: [GC pause (G1 Evacuation Pause) (young), 0.0277265 secs]
   [Parallel Time: 27.2 ms, GC Workers: 2]
      [GC Worker Start (ms): Min: 263925.6, Avg: 263925.6, Max: 263925.6, Diff: 0.0]
      [Ext Root Scanning (ms): Min: 0.5, Avg: 0.5, Max: 0.5, Diff: 0.0, Sum: 1.0]
      [Update RS (ms): Min: 0.0, Avg: 0.0, Max: 0.0, Diff: 0.0, Sum: 0.0]
         [Processed Buffers: Min: 1, Avg: 2.5, Max: 4, Diff: 3, Sum: 5]
      [Scan RS (ms): Min: 0.1, Avg: 0.1, Max: 0.1, Diff: 0.0, Sum: 0.2]
      [Code Root Scanning (ms): Min: 0.0, Avg: 0.0, Max: 0.0, Diff: 0.0, Sum: 0.0]
      [Object Copy (ms): Min: 26.5, Avg: 26.5, Max: 26.5, Diff: 0.0, Sum: 53.1]
      [Termination (ms): Min: 0.0, Avg: 0.0, Max: 0.0, Diff: 0.0, Sum: 0.0]
         [Termination Attempts: Min: 1, Avg: 1.0, Max: 1, Diff: 0, Sum: 2]
      [GC Worker Other (ms): Min: 0.0, Avg: 0.0, Max: 0.0, Diff: 0.0, Sum: 0.0]
      [GC Worker Total (ms): Min: 27.2, Avg: 27.2, Max: 27.2, Diff: 0.0, Sum: 54.3]
      [GC Worker End (ms): Min: 263952.7, Avg: 263952.7, Max: 263952.7, Diff: 0.0]
   [Code Root Fixup: 0.0 ms]
   [Code Root Purge: 0.0 ms]
   [Clear CT: 0.1 ms]
   [Other: 0.4 ms]
      [Choose CSet: 0.0 ms]
      [Ref Proc: 0.1 ms]
      [Ref Enq: 0.0 ms]
      [Redirty Cards: 0.0 ms]
      [Humongous Register: 0.0 ms]
      [Humongous Reclaim: 0.0 ms]
      [Free CSet: 0.1 ms]
   [Eden: 263.0M(263.0M)->0.0B(259.0M) Survivors: 20480.0K->24576.0K Heap: 385.1M(472.0M)->125.6M(472.0M)]
 [Times: user=0.05 sys=0.01, real=0.03 secs] 
2024-07-06T11:28:30.237+0800: 264.403: [GC pause (G1 Evacuation Pause) (young), 0.0353265 secs]
   [Parallel Time: 34.7 ms, GC Workers: 2]
      [GC Worker Start (ms): Min: 264403.5, Avg: 264403.5, Max: 264403.5, Diff: 0.0]
      [Ext Root Scanning (ms): Min: 0.6, Avg: 0.6, Max: 0.6, Diff: 0.0, Sum: 1.1]
      [Update RS (ms): Min: 0.0, Avg: 0.0, Max: 0.0, Diff: 0.0, Sum: 0.1]
         [Processed Buffers: Min: 1, Avg: 2.5, Max: 4, Diff: 3, Sum: 5]
      [Scan RS (ms): Min: 0.1, Avg: 0.1, Max: 0.1, Diff: 0.0, Sum: 0.2]
      [Code Root Scanning (ms): Min: 0.0, Avg: 0.0, Max: 0.0, Diff: 0.0, Sum: 0.0]
      [Object Copy (ms): Min: 33.9, Avg: 33.9, Max: 33.9, Diff: 0.0, Sum: 67.9]
      [Termination (ms): Min: 0.0, Avg: 0.0, Max: 0.0, Diff: 0.0, Sum: 0.0]
         [Termination Attempts: Min: 1, Avg: 1.0, Max: 1, Diff: 0, Sum: 2]
      [GC Worker Other (ms): Min: 0.0, Avg: 0.0, Max: 0.0, Diff: 0.0, Sum: 0.1]
      [GC Worker Total (ms): Min: 34.6, Avg: 34.7, Max: 34.7, Diff: 0.0, Sum: 69.3]
      [GC Worker End (ms): Min: 264438.1, Avg: 264438.1, Max: 264438.1, Diff: 0.0]
   [Code Root Fixup: 0.0 ms]
   [Code Root Purge: 0.0 ms]
   [Clear CT: 0.1 ms]
   [Other: 0.5 ms]
      [Choose CSet: 0.0 ms]
      [Ref Proc: 0.1 ms]
      [Ref Enq: 0.0 ms]
      [Redirty Cards: 0.1 ms]
      [Humongous Register: 0.0 ms]
      [Humongous Reclaim: 0.0 ms]
      [Free CSet: 0.2 ms]
   [Eden: 259.0M(259.0M)->0.0B(254.0M) Survivors: 24576.0K->29696.0K Heap: 384.6M(472.0M)->131.1M(472.0M)]
 [Times: user=0.07 sys=0.00, real=0.03 secs] 
2024-07-06T11:28:30.723+0800: 264.890: [GC pause (G1 Evacuation Pause) (young), 0.0328453 secs]
   [Parallel Time: 32.2 ms, GC Workers: 2]
      [GC Worker Start (ms): Min: 264889.6, Avg: 264889.6, Max: 264889.6, Diff: 0.0]
      [Ext Root Scanning (ms): Min: 0.6, Avg: 0.6, Max: 0.6, Diff: 0.0, Sum: 1.1]
      [Update RS (ms): Min: 0.0, Avg: 0.0, Max: 0.0, Diff: 0.0, Sum: 0.0]
         [Processed Buffers: Min: 2, Avg: 2.5, Max: 3, Diff: 1, Sum: 5]
      [Scan RS (ms): Min: 0.1, Avg: 0.1, Max: 0.1, Diff: 0.0, Sum: 0.2]
      [Code Root Scanning (ms): Min: 0.0, Avg: 0.0, Max: 0.0, Diff: 0.0, Sum: 0.0]
      [Object Copy (ms): Min: 31.5, Avg: 31.5, Max: 31.5, Diff: 0.0, Sum: 63.0]
      [Termination (ms): Min: 0.0, Avg: 0.0, Max: 0.0, Diff: 0.0, Sum: 0.0]
         [Termination Attempts: Min: 1, Avg: 1.0, Max: 1, Diff: 0, Sum: 2]
      [GC Worker Other (ms): Min: 0.0, Avg: 0.0, Max: 0.0, Diff: 0.0, Sum: 0.0]
      [GC Worker Total (ms): Min: 32.2, Avg: 32.2, Max: 32.2, Diff: 0.0, Sum: 64.3]
      [GC Worker End (ms): Min: 264921.8, Avg: 264921.8, Max: 264921.8, Diff: 0.0]
   [Code Root Fixup: 0.0 ms]
   [Code Root Purge: 0.0 ms]
   [Clear CT: 0.2 ms]
   [Other: 0.4 ms]
      [Choose CSet: 0.0 ms]
      [Ref Proc: 0.1 ms]
      [Ref Enq: 0.0 ms]
      [Redirty Cards: 0.0 ms]
      [Humongous Register: 0.0 ms]
      [Humongous Reclaim: 0.0 ms]
      [Free CSet: 0.1 ms]
   [Eden: 254.0M(254.0M)->0.0B(256.0M) Survivors: 29696.0K->27648.0K Heap: 385.1M(472.0M)->128.7M(472.0M)]
 [Times: user=0.06 sys=0.01, real=0.04 secs] 
2024-07-06T11:28:31.179+0800: 265.345: [GC pause (G1 Evacuation Pause) (young), 0.0247574 secs]
   [Parallel Time: 24.3 ms, GC Workers: 2]
      [GC Worker Start (ms): Min: 265345.5, Avg: 265345.6, Max: 265345.6, Diff: 0.0]
      [Ext Root Scanning (ms): Min: 0.6, Avg: 0.6, Max: 0.6, Diff: 0.0, Sum: 1.2]
      [Update RS (ms): Min: 0.0, Avg: 0.0, Max: 0.0, Diff: 0.0, Sum: 0.0]
         [Processed Buffers: Min: 1, Avg: 2.5, Max: 4, Diff: 3, Sum: 5]
      [Scan RS (ms): Min: 0.1, Avg: 0.1, Max: 0.1, Diff: 0.0, Sum: 0.1]
      [Code Root Scanning (ms): Min: 0.0, Avg: 0.0, Max: 0.0, Diff: 0.0, Sum: 0.0]
      [Object Copy (ms): Min: 23.5, Avg: 23.5, Max: 23.5, Diff: 0.0, Sum: 47.0]
      [Termination (ms): Min: 0.0, Avg: 0.0, Max: 0.0, Diff: 0.0, Sum: 0.0]
         [Termination Attempts: Min: 1, Avg: 1.0, Max: 1, Diff: 0, Sum: 2]
      [GC Worker Other (ms): Min: 0.0, Avg: 0.0, Max: 0.0, Diff: 0.0, Sum: 0.0]
      [GC Worker Total (ms): Min: 24.2, Avg: 24.2, Max: 24.2, Diff: 0.0, Sum: 48.4]
      [GC Worker End (ms): Min: 265369.7, Avg: 265369.7, Max: 265369.7, Diff: 0.0]
   [Code Root Fixup: 0.0 ms]
   [Code Root Purge: 0.0 ms]
   [Clear CT: 0.1 ms]
   [Other: 0.4 ms]
      [Choose CSet: 0.0 ms]
      [Ref Proc: 0.1 ms]
      [Ref Enq: 0.0 ms]
      [Redirty Cards: 0.0 ms]
      [Humongous Register: 0.0 ms]
      [Humongous Reclaim: 0.0 ms]
      [Free CSet: 0.1 ms]
   [Eden: 256.0M(256.0M)->0.0B(263.0M) Survivors: 27648.0K->20480.0K Heap: 384.7M(472.0M)->121.7M(472.0M)]
 [Times: user=0.05 sys=0.00, real=0.02 secs] 
2024-07-06T11:28:31.597+0800: 265.763: [GC pause (G1 Evacuation Pause) (young), 0.0306949 secs]
   [Parallel Time: 30.2 ms, GC Workers: 2]
      [GC Worker Start (ms): Min: 265763.0, Avg: 265763.0, Max: 265763.0, Diff: 0.0]
      [Ext Root Scanning (ms): Min: 0.5, Avg: 0.5, Max: 0.6, Diff: 0.0, Sum: 1.1]
      [Update RS (ms): Min: 0.0, Avg: 0.0, Max: 0.0, Diff: 0.0, Sum: 0.1]
         [Processed Buffers: Min: 2, Avg: 2.5, Max: 3, Diff: 1, Sum: 5]
      [Scan RS (ms): Min: 0.1, Avg: 0.1, Max: 0.1, Diff: 0.0, Sum: 0.2]
      [Code Root Scanning (ms): Min: 0.0, Avg: 0.0, Max: 0.0, Diff: 0.0, Sum: 0.0]
      [Object Copy (ms): Min: 29.4, Avg: 29.4, Max: 29.4, Diff: 0.0, Sum: 58.8]
      [Termination (ms): Min: 0.0, Avg: 0.0, Max: 0.0, Diff: 0.0, Sum: 0.0]
         [Termination Attempts: Min: 1, Avg: 1.0, Max: 1, Diff: 0, Sum: 2]
      [GC Worker Other (ms): Min: 0.0, Avg: 0.0, Max: 0.0, Diff: 0.0, Sum: 0.0]
      [GC Worker Total (ms): Min: 30.1, Avg: 30.1, Max: 30.1, Diff: 0.0, Sum: 60.1]
      [GC Worker End (ms): Min: 265793.1, Avg: 265793.1, Max: 265793.1, Diff: 0.0]
   [Code Root Fixup: 0.0 ms]
   [Code Root Purge: 0.0 ms]
   [Clear CT: 0.1 ms]
   [Other: 0.4 ms]
      [Choose CSet: 0.0 ms]
      [Ref Proc: 0.1 ms]
      [Ref Enq: 0.0 ms]
      [Redirty Cards: 0.1 ms]
      [Humongous Register: 0.0 ms]
      [Humongous Reclaim: 0.0 ms]
      [Free CSet: 0.1 ms]
   [Eden: 263.0M(263.0M)->0.0B(256.0M) Survivors: 20480.0K->27648.0K Heap: 384.7M(472.0M)->128.7M(472.0M)]
 [Times: user=0.05 sys=0.01, real=0.03 secs] 
2024-07-06T11:28:32.051+0800: 266.218: [GC pause (G1 Evacuation Pause) (young), 0.0410819 secs]
   [Parallel Time: 40.5 ms, GC Workers: 2]
      [GC Worker Start (ms): Min: 266217.6, Avg: 266217.6, Max: 266217.7, Diff: 0.0]
      [Ext Root Scanning (ms): Min: 0.6, Avg: 0.6, Max: 0.6, Diff: 0.0, Sum: 1.2]
      [Update RS (ms): Min: 0.0, Avg: 0.0, Max: 0.0, Diff: 0.0, Sum: 0.1]
         [Processed Buffers: Min: 2, Avg: 2.5, Max: 3, Diff: 1, Sum: 5]
      [Scan RS (ms): Min: 0.1, Avg: 0.1, Max: 0.1, Diff: 0.0, Sum: 0.2]
      [Code Root Scanning (ms): Min: 0.0, Avg: 0.0, Max: 0.0, Diff: 0.0, Sum: 0.0]
      [Object Copy (ms): Min: 39.6, Avg: 39.6, Max: 39.7, Diff: 0.0, Sum: 79.3]
      [Termination (ms): Min: 0.0, Avg: 0.0, Max: 0.0, Diff: 0.0, Sum: 0.0]
         [Termination Attempts: Min: 1, Avg: 1.0, Max: 1, Diff: 0, Sum: 2]
      [GC Worker Other (ms): Min: 0.0, Avg: 0.0, Max: 0.0, Diff: 0.0, Sum: 0.0]
      [GC Worker Total (ms): Min: 40.4, Avg: 40.4, Max: 40.4, Diff: 0.0, Sum: 80.8]
      [GC Worker End (ms): Min: 266258.1, Avg: 266258.1, Max: 266258.1, Diff: 0.0]
   [Code Root Fixup: 0.0 ms]
   [Code Root Purge: 0.0 ms]
   [Clear CT: 0.1 ms]
   [Other: 0.5 ms]
      [Choose CSet: 0.0 ms]
      [Ref Proc: 0.1 ms]
      [Ref Enq: 0.0 ms]
      [Redirty Cards: 0.1 ms]
      [Humongous Register: 0.0 ms]
      [Humongous Reclaim: 0.0 ms]
      [Free CSet: 0.2 ms]
   [Eden: 256.0M(256.0M)->0.0B(253.0M) Survivors: 27648.0K->30720.0K Heap: 384.7M(472.0M)->131.7M(472.0M)]
 [Times: user=0.08 sys=0.00, real=0.04 secs] 
2024-07-06T11:28:32.716+0800: 266.882: [GC pause (G1 Evacuation Pause) (young), 0.0635160 secs]
   [Parallel Time: 60.4 ms, GC Workers: 2]
      [GC Worker Start (ms): Min: 266882.0, Avg: 266882.0, Max: 266882.0, Diff: 0.0]
      [Ext Root Scanning (ms): Min: 0.5, Avg: 0.5, Max: 0.5, Diff: 0.0, Sum: 0.9]
      [Update RS (ms): Min: 0.0, Avg: 0.0, Max: 0.0, Diff: 0.0, Sum: 0.1]
         [Processed Buffers: Min: 1, Avg: 2.5, Max: 4, Diff: 3, Sum: 5]
      [Scan RS (ms): Min: 0.1, Avg: 0.1, Max: 0.1, Diff: 0.0, Sum: 0.2]
      [Code Root Scanning (ms): Min: 0.0, Avg: 0.0, Max: 0.0, Diff: 0.0, Sum: 0.0]
      [Object Copy (ms): Min: 59.8, Avg: 59.8, Max: 59.8, Diff: 0.0, Sum: 119.6]
      [Termination (ms): Min: 0.0, Avg: 0.0, Max: 0.0, Diff: 0.0, Sum: 0.0]
         [Termination Attempts: Min: 1, Avg: 1.0, Max: 1, Diff: 0, Sum: 2]
      [GC Worker Other (ms): Min: 0.0, Avg: 0.0, Max: 0.0, Diff: 0.0, Sum: 0.0]
      [GC Worker Total (ms): Min: 60.4, Avg: 60.4, Max: 60.4, Diff: 0.0, Sum: 120.8]
      [GC Worker End (ms): Min: 266942.4, Avg: 266942.4, Max: 266942.4, Diff: 0.0]
   [Code Root Fixup: 0.0 ms]
   [Code Root Purge: 0.0 ms]
   [Clear CT: 0.1 ms]
   [Other: 2.9 ms]
      [Choose CSet: 0.0 ms]
      [Ref Proc: 2.5 ms]
      [Ref Enq: 0.0 ms]
      [Redirty Cards: 0.1 ms]
      [Humongous Register: 0.0 ms]
      [Humongous Reclaim: 0.0 ms]
      [Free CSet: 0.2 ms]
   [Eden: 253.0M(253.0M)->0.0B(257.0M) Survivors: 30720.0K->26624.0K Heap: 384.7M(472.0M)->127.7M(472.0M)]
 [Times: user=0.09 sys=0.00, real=0.06 secs] 
2024-07-06T11:28:33.406+0800: 267.573: [GC pause (G1 Evacuation Pause) (young), 0.0388722 secs]
   [Parallel Time: 38.4 ms, GC Workers: 2]
      [GC Worker Start (ms): Min: 267572.6, Avg: 267572.6, Max: 267572.6, Diff: 0.0]
      [Ext Root Scanning (ms): Min: 0.5, Avg: 0.5, Max: 0.5, Diff: 0.0, Sum: 1.1]
      [Update RS (ms): Min: 0.0, Avg: 0.0, Max: 0.0, Diff: 0.0, Sum: 0.1]
         [Processed Buffers: Min: 2, Avg: 2.5, Max: 3, Diff: 1, Sum: 5]
      [Scan RS (ms): Min: 0.1, Avg: 0.1, Max: 0.1, Diff: 0.0, Sum: 0.3]
      [Code Root Scanning (ms): Min: 0.0, Avg: 0.0, Max: 0.0, Diff: 0.0, Sum: 0.0]
      [Object Copy (ms): Min: 37.6, Avg: 37.6, Max: 37.6, Diff: 0.0, Sum: 75.1]
      [Termination (ms): Min: 0.0, Avg: 0.0, Max: 0.0, Diff: 0.0, Sum: 0.0]
         [Termination Attempts: Min: 1, Avg: 1.0, Max: 1, Diff: 0, Sum: 2]
      [GC Worker Other (ms): Min: 0.0, Avg: 0.0, Max: 0.0, Diff: 0.0, Sum: 0.0]
      [GC Worker Total (ms): Min: 38.3, Avg: 38.3, Max: 38.3, Diff: 0.0, Sum: 76.5]
      [GC Worker End (ms): Min: 267610.9, Avg: 267610.9, Max: 267610.9, Diff: 0.0]
   [Code Root Fixup: 0.0 ms]
   [Code Root Purge: 0.0 ms]
   [Clear CT: 0.1 ms]
   [Other: 0.4 ms]
      [Choose CSet: 0.0 ms]
      [Ref Proc: 0.1 ms]
      [Ref Enq: 0.0 ms]
      [Redirty Cards: 0.0 ms]
      [Humongous Register: 0.0 ms]
      [Humongous Reclaim: 0.0 ms]
      [Free CSet: 0.1 ms]
   [Eden: 257.0M(257.0M)->0.0B(261.0M) Survivors: 26624.0K->22528.0K Heap: 384.7M(472.0M)->124.2M(472.0M)]
 [Times: user=0.08 sys=0.00, real=0.04 secs] 
2024-07-06T11:28:34.091+0800: 268.257: [GC pause (G1 Evacuation Pause) (young), 0.0172606 secs]
   [Parallel Time: 16.8 ms, GC Workers: 2]
      [GC Worker Start (ms): Min: 268257.5, Avg: 268257.5, Max: 268257.5, Diff: 0.0]
      [Ext Root Scanning (ms): Min: 0.4, Avg: 0.4, Max: 0.4, Diff: 0.0, Sum: 0.9]
      [Update RS (ms): Min: 0.1, Avg: 0.1, Max: 0.1, Diff: 0.0, Sum: 0.1]
         [Processed Buffers: Min: 1, Avg: 2.5, Max: 4, Diff: 3, Sum: 5]
      [Scan RS (ms): Min: 0.1, Avg: 0.1, Max: 0.1, Diff: 0.0, Sum: 0.2]
      [Code Root Scanning (ms): Min: 0.0, Avg: 0.0, Max: 0.0, Diff: 0.0, Sum: 0.0]
      [Object Copy (ms): Min: 16.1, Avg: 16.1, Max: 16.1, Diff: 0.0, Sum: 32.2]
      [Termination (ms): Min: 0.0, Avg: 0.0, Max: 0.0, Diff: 0.0, Sum: 0.0]
         [Termination Attempts: Min: 1, Avg: 1.0, Max: 1, Diff: 0, Sum: 2]
      [GC Worker Other (ms): Min: 0.0, Avg: 0.0, Max: 0.0, Diff: 0.0, Sum: 0.0]
      [GC Worker Total (ms): Min: 16.7, Avg: 16.7, Max: 16.7, Diff: 0.0, Sum: 33.4]
      [GC Worker End (ms): Min: 268274.2, Avg: 268274.2, Max: 268274.2, Diff: 0.0]
   [Code Root Fixup: 0.0 ms]
   [Code Root Purge: 0.0 ms]
   [Clear CT: 0.1 ms]
   [Other: 0.3 ms]
      [Choose CSet: 0.0 ms]
      [Ref Proc: 0.1 ms]
      [Ref Enq: 0.0 ms]
      [Redirty Cards: 0.0 ms]
      [Humongous Register: 0.0 ms]
      [Humongous Reclaim: 0.0 ms]
      [Free CSet: 0.1 ms]
   [Eden: 261.0M(261.0M)->0.0B(272.0M) Survivors: 22528.0K->11264.0K Heap: 385.2M(472.0M)->112.7M(472.0M)]
 [Times: user=0.04 sys=0.00, real=0.02 secs] 
2024-07-06T11:28:34.711+0800: 268.877: [GC pause (G1 Evacuation Pause) (young), 0.0159516 secs]
   [Parallel Time: 15.4 ms, GC Workers: 2]
      [GC Worker Start (ms): Min: 268877.5, Avg: 268877.5, Max: 268877.5, Diff: 0.0]
      [Ext Root Scanning (ms): Min: 0.5, Avg: 0.5, Max: 0.5, Diff: 0.0, Sum: 0.9]
      [Update RS (ms): Min: 0.0, Avg: 0.0, Max: 0.0, Diff: 0.0, Sum: 0.0]
         [Processed Buffers: Min: 2, Avg: 2.5, Max: 3, Diff: 1, Sum: 5]
      [Scan RS (ms): Min: 0.1, Avg: 0.1, Max: 0.1, Diff: 0.0, Sum: 0.2]
      [Code Root Scanning (ms): Min: 0.0, Avg: 0.0, Max: 0.0, Diff: 0.0, Sum: 0.0]
      [Object Copy (ms): Min: 14.8, Avg: 14.8, Max: 14.8, Diff: 0.0, Sum: 29.5]
      [Termination (ms): Min: 0.0, Avg: 0.0, Max: 0.0, Diff: 0.0, Sum: 0.0]
         [Termination Attempts: Min: 1, Avg: 1.0, Max: 1, Diff: 0, Sum: 2]
      [GC Worker Other (ms): Min: 0.0, Avg: 0.0, Max: 0.0, Diff: 0.0, Sum: 0.0]
      [GC Worker Total (ms): Min: 15.4, Avg: 15.4, Max: 15.4, Diff: 0.0, Sum: 30.7]
      [GC Worker End (ms): Min: 268892.9, Avg: 268892.9, Max: 268892.9, Diff: 0.0]
   [Code Root Fixup: 0.0 ms]
   [Code Root Purge: 0.0 ms]
   [Clear CT: 0.1 ms]
   [Other: 0.4 ms]
      [Choose CSet: 0.0 ms]
      [Ref Proc: 0.1 ms]
      [Ref Enq: 0.0 ms]
      [Redirty Cards: 0.0 ms]
      [Humongous Register: 0.0 ms]
      [Humongous Reclaim: 0.0 ms]
      [Free CSet: 0.2 ms]
   [Eden: 272.0M(272.0M)->0.0B(270.0M) Survivors: 11264.0K->13312.0K Heap: 384.7M(472.0M)->115.2M(472.0M)]
 [Times: user=0.03 sys=0.00, real=0.02 secs] 
2024-07-06T11:28:35.187+0800: 269.353: [GC pause (G1 Evacuation Pause) (young), 0.0275037 secs]
   [Parallel Time: 26.9 ms, GC Workers: 2]
      [GC Worker Start (ms): Min: 269353.5, Avg: 269353.5, Max: 269353.6, Diff: 0.0]
      [Ext Root Scanning (ms): Min: 0.5, Avg: 0.5, Max: 0.5, Diff: 0.0, Sum: 1.1]
      [Update RS (ms): Min: 0.0, Avg: 0.0, Max: 0.0, Diff: 0.0, Sum: 0.1]
         [Processed Buffers: Min: 2, Avg: 2.5, Max: 3, Diff: 1, Sum: 5]
      [Scan RS (ms): Min: 0.1, Avg: 0.1, Max: 0.1, Diff: 0.0, Sum: 0.2]
      [Code Root Scanning (ms): Min: 0.0, Avg: 0.0, Max: 0.0, Diff: 0.0, Sum: 0.0]
      [Object Copy (ms): Min: 26.2, Avg: 26.2, Max: 26.2, Diff: 0.0, Sum: 52.4]
      [Termination (ms): Min: 0.0, Avg: 0.0, Max: 0.0, Diff: 0.0, Sum: 0.0]
         [Termination Attempts: Min: 1, Avg: 2.5, Max: 4, Diff: 3, Sum: 5]
      [GC Worker Other (ms): Min: 0.0, Avg: 0.0, Max: 0.0, Diff: 0.0, Sum: 0.0]
      [GC Worker Total (ms): Min: 26.9, Avg: 26.9, Max: 26.9, Diff: 0.0, Sum: 53.7]
      [GC Worker End (ms): Min: 269380.4, Avg: 269380.4, Max: 269380.4, Diff: 0.0]
   [Code Root Fixup: 0.0 ms]
   [Code Root Purge: 0.0 ms]
   [Clear CT: 0.2 ms]
   [Other: 0.4 ms]
      [Choose CSet: 0.0 ms]
      [Ref Proc: 0.1 ms]
      [Ref Enq: 0.0 ms]
      [Redirty Cards: 0.0 ms]
      [Humongous Register: 0.0 ms]
      [Humongous Reclaim: 0.0 ms]
      [Free CSet: 0.2 ms]
   [Eden: 270.0M(270.0M)->0.0B(258.0M) Survivors: 13312.0K->25600.0K Heap: 385.2M(472.0M)->126.7M(472.0M)]
 [Times: user=0.05 sys=0.00, real=0.02 secs] 
2024-07-06T11:28:35.583+0800: 269.749: [GC pause (G1 Evacuation Pause) (young), 0.0362519 secs]
   [Parallel Time: 35.7 ms, GC Workers: 2]
      [GC Worker Start (ms): Min: 269749.5, Avg: 269749.8, Max: 269750.0, Diff: 0.5]
      [Ext Root Scanning (ms): Min: 0.4, Avg: 1.4, Max: 2.5, Diff: 2.2, Sum: 2.9]
      [Update RS (ms): Min: 0.0, Avg: 0.0, Max: 0.0, Diff: 0.0, Sum: 0.0]
         [Processed Buffers: Min: 0, Avg: 2.5, Max: 5, Diff: 5, Sum: 5]
      [Scan RS (ms): Min: 0.0, Avg: 0.1, Max: 0.1, Diff: 0.1, Sum: 0.2]
      [Code Root Scanning (ms): Min: 0.0, Avg: 0.0, Max: 0.0, Diff: 0.0, Sum: 0.0]
      [Object Copy (ms): Min: 33.1, Avg: 33.9, Max: 34.6, Diff: 1.6, Sum: 67.7]
      [Termination (ms): Min: 0.0, Avg: 0.0, Max: 0.0, Diff: 0.0, Sum: 0.0]
         [Termination Attempts: Min: 1, Avg: 1.0, Max: 1, Diff: 0, Sum: 2]
      [GC Worker Other (ms): Min: 0.0, Avg: 0.0, Max: 0.0, Diff: 0.0, Sum: 0.0]
      [GC Worker Total (ms): Min: 35.2, Avg: 35.4, Max: 35.7, Diff: 0.5, Sum: 70.9]
      [GC Worker End (ms): Min: 269785.2, Avg: 269785.2, Max: 269785.2, Diff: 0.0]
   [Code Root Fixup: 0.0 ms]
   [Code Root Purge: 0.0 ms]
   [Clear CT: 0.1 ms]
   [Other: 0.4 ms]
      [Choose CSet: 0.0 ms]
      [Ref Proc: 0.1 ms]
      [Ref Enq: 0.0 ms]
      [Redirty Cards: 0.0 ms]
      [Humongous Register: 0.0 ms]
      [Humongous Reclaim: 0.0 ms]
      [Free CSet: 0.1 ms]
   [Eden: 258.0M(258.0M)->0.0B(252.0M) Survivors: 25600.0K->31744.0K Heap: 384.7M(472.0M)->132.7M(472.0M)]
 [Times: user=0.07 sys=0.01, real=0.04 secs] 
2024-07-06T11:28:36.037+0800: 270.203: [GC pause (G1 Evacuation Pause) (young), 0.0363375 secs]
   [Parallel Time: 35.8 ms, GC Workers: 2]
      [GC Worker Start (ms): Min: 270203.2, Avg: 270203.3, Max: 270203.3, Diff: 0.0]
      [Ext Root Scanning (ms): Min: 0.5, Avg: 0.5, Max: 0.5, Diff: 0.0, Sum: 1.0]
      [Update RS (ms): Min: 0.0, Avg: 0.0, Max: 0.0, Diff: 0.0, Sum: 0.0]
         [Processed Buffers: Min: 2, Avg: 2.5, Max: 3, Diff: 1, Sum: 5]
      [Scan RS (ms): Min: 0.1, Avg: 0.1, Max: 0.1, Diff: 0.0, Sum: 0.1]
      [Code Root Scanning (ms): Min: 0.0, Avg: 0.0, Max: 0.0, Diff: 0.0, Sum: 0.0]
      [Object Copy (ms): Min: 35.1, Avg: 35.1, Max: 35.1, Diff: 0.0, Sum: 70.2]
      [Termination (ms): Min: 0.0, Avg: 0.0, Max: 0.0, Diff: 0.0, Sum: 0.0]
         [Termination Attempts: Min: 1, Avg: 1.0, Max: 1, Diff: 0, Sum: 2]
      [GC Worker Other (ms): Min: 0.0, Avg: 0.0, Max: 0.0, Diff: 0.0, Sum: 0.0]
      [GC Worker Total (ms): Min: 35.7, Avg: 35.7, Max: 35.7, Diff: 0.0, Sum: 71.5]
      [GC Worker End (ms): Min: 270239.0, Avg: 270239.0, Max: 270239.0, Diff: 0.0]
   [Code Root Fixup: 0.0 ms]
   [Code Root Purge: 0.0 ms]
   [Clear CT: 0.1 ms]
   [Other: 0.4 ms]
      [Choose CSet: 0.0 ms]
      [Ref Proc: 0.1 ms]
      [Ref Enq: 0.0 ms]
      [Redirty Cards: 0.0 ms]
      [Humongous Register: 0.0 ms]
      [Humongous Reclaim: 0.0 ms]
      [Free CSet: 0.1 ms]
   [Eden: 252.0M(252.0M)->0.0B(255.0M) Survivors: 31744.0K->28672.0K Heap: 384.7M(472.0M)->130.2M(472.0M)]
 [Times: user=0.06 sys=0.00, real=0.03 secs] 
2024-07-06T11:28:36.503+0800: 270.669: [GC pause (G1 Evacuation Pause) (young), 0.0346776 secs]
   [Parallel Time: 34.0 ms, GC Workers: 2]
      [GC Worker Start (ms): Min: 270669.6, Avg: 270669.6, Max: 270669.6, Diff: 0.0]
      [Ext Root Scanning (ms): Min: 0.5, Avg: 0.5, Max: 0.5, Diff: 0.0, Sum: 1.0]
      [Update RS (ms): Min: 0.0, Avg: 0.0, Max: 0.0, Diff: 0.0, Sum: 0.1]
         [Processed Buffers: Min: 2, Avg: 2.5, Max: 3, Diff: 1, Sum: 5]
      [Scan RS (ms): Min: 0.1, Avg: 0.1, Max: 0.1, Diff: 0.0, Sum: 0.2]
      [Code Root Scanning (ms): Min: 0.0, Avg: 0.0, Max: 0.0, Diff: 0.0, Sum: 0.0]
      [Object Copy (ms): Min: 33.3, Avg: 33.3, Max: 33.3, Diff: 0.0, Sum: 66.6]
      [Termination (ms): Min: 0.0, Avg: 0.0, Max: 0.0, Diff: 0.0, Sum: 0.0]
         [Termination Attempts: Min: 1, Avg: 1.0, Max: 1, Diff: 0, Sum: 2]
      [GC Worker Other (ms): Min: 0.0, Avg: 0.0, Max: 0.0, Diff: 0.0, Sum: 0.0]
      [GC Worker Total (ms): Min: 33.9, Avg: 33.9, Max: 34.0, Diff: 0.0, Sum: 67.9]
      [GC Worker End (ms): Min: 270703.5, Avg: 270703.5, Max: 270703.5, Diff: 0.0]
   [Code Root Fixup: 0.0 ms]
   [Code Root Purge: 0.0 ms]
   [Clear CT: 0.1 ms]
   [Other: 0.5 ms]
      [Choose CSet: 0.0 ms]
      [Ref Proc: 0.2 ms]
      [Ref Enq: 0.0 ms]
      [Redirty Cards: 0.1 ms]
      [Humongous Register: 0.0 ms]
      [Humongous Reclaim: 0.0 ms]
      [Free CSet: 0.2 ms]
   [Eden: 255.0M(255.0M)->0.0B(256.0M) Survivors: 28672.0K->27648.0K Heap: 385.2M(472.0M)->128.7M(472.0M)]
 [Times: user=0.06 sys=0.00, real=0.04 secs] 
2024-07-06T11:28:37.032+0800: 271.198: [GC pause (G1 Evacuation Pause) (young), 0.0214658 secs]
   [Parallel Time: 20.8 ms, GC Workers: 2]
      [GC Worker Start (ms): Min: 271198.0, Avg: 271198.0, Max: 271198.0, Diff: 0.0]
      [Ext Root Scanning (ms): Min: 0.5, Avg: 0.5, Max: 0.5, Diff: 0.0, Sum: 1.0]
      [Update RS (ms): Min: 0.0, Avg: 0.0, Max: 0.0, Diff: 0.0, Sum: 0.0]
         [Processed Buffers: Min: 2, Avg: 2.5, Max: 3, Diff: 1, Sum: 5]
      [Scan RS (ms): Min: 0.1, Avg: 0.1, Max: 0.1, Diff: 0.0, Sum: 0.1]
      [Code Root Scanning (ms): Min: 0.0, Avg: 0.0, Max: 0.0, Diff: 0.0, Sum: 0.0]
      [Object Copy (ms): Min: 20.1, Avg: 20.1, Max: 20.1, Diff: 0.0, Sum: 40.2]
      [Termination (ms): Min: 0.0, Avg: 0.0, Max: 0.0, Diff: 0.0, Sum: 0.0]
         [Termination Attempts: Min: 1, Avg: 1.0, Max: 1, Diff: 0, Sum: 2]
      [GC Worker Other (ms): Min: 0.0, Avg: 0.0, Max: 0.0, Diff: 0.0, Sum: 0.0]
      [GC Worker Total (ms): Min: 20.7, Avg: 20.7, Max: 20.7, Diff: 0.0, Sum: 41.5]
      [GC Worker End (ms): Min: 271218.7, Avg: 271218.7, Max: 271218.7, Diff: 0.0]
   [Code Root Fixup: 0.0 ms]
   [Code Root Purge: 0.0 ms]
   [Clear CT: 0.1 ms]
   [Other: 0.5 ms]
      [Choose CSet: 0.0 ms]
      [Ref Proc: 0.1 ms]
      [Ref Enq: 0.0 ms]
      [Redirty Cards: 0.0 ms]
      [Humongous Register: 0.0 ms]
      [Humongous Reclaim: 0.0 ms]
      [Free CSet: 0.2 ms]
   [Eden: 256.0M(256.0M)->0.0B(266.0M) Survivors: 27648.0K->17408.0K Heap: 384.7M(472.0M)->118.7M(472.0M)]
 [Times: user=0.05 sys=0.00, real=0.02 secs] 
2024-07-06T11:28:37.555+0800: 271.721: [GC pause (G1 Evacuation Pause) (young), 0.0304081 secs]
   [Parallel Time: 29.9 ms, GC Workers: 2]
      [GC Worker Start (ms): Min: 271720.9, Avg: 271720.9, Max: 271720.9, Diff: 0.0]
      [Ext Root Scanning (ms): Min: 0.6, Avg: 0.6, Max: 0.6, Diff: 0.0, Sum: 1.3]
      [Update RS (ms): Min: 0.0, Avg: 0.0, Max: 0.1, Diff: 0.1, Sum: 0.1]
         [Processed Buffers: Min: 0, Avg: 3.0, Max: 6, Diff: 6, Sum: 6]
      [Scan RS (ms): Min: 0.0, Avg: 0.1, Max: 0.1, Diff: 0.1, Sum: 0.2]
      [Code Root Scanning (ms): Min: 0.0, Avg: 0.0, Max: 0.0, Diff: 0.0, Sum: 0.0]
      [Object Copy (ms): Min: 29.0, Avg: 29.1, Max: 29.1, Diff: 0.2, Sum: 58.1]
      [Termination (ms): Min: 0.0, Avg: 0.0, Max: 0.0, Diff: 0.0, Sum: 0.0]
         [Termination Attempts: Min: 1, Avg: 1.0, Max: 1, Diff: 0, Sum: 2]
      [GC Worker Other (ms): Min: 0.0, Avg: 0.0, Max: 0.0, Diff: 0.0, Sum: 0.0]
      [GC Worker Total (ms): Min: 29.8, Avg: 29.8, Max: 29.8, Diff: 0.0, Sum: 59.7]
      [GC Worker End (ms): Min: 271750.7, Avg: 271750.7, Max: 271750.7, Diff: 0.0]
   [Code Root Fixup: 0.0 ms]
   [Code Root Purge: 0.0 ms]
   [Clear CT: 0.1 ms]
   [Other: 0.4 ms]
      [Choose CSet: 0.0 ms]
      [Ref Proc: 0.1 ms]
      [Ref Enq: 0.0 ms]
      [Redirty Cards: 0.1 ms]
      [Humongous Register: 0.0 ms]
      [Humongous Reclaim: 0.0 ms]
      [Free CSet: 0.1 ms]
   [Eden: 266.0M(266.0M)->0.0B(258.0M) Survivors: 17408.0K->25600.0K Heap: 384.7M(472.0M)->126.7M(472.0M)]
 [Times: user=0.05 sys=0.00, real=0.03 secs] 
2024-07-06T11:28:38.039+0800: 272.205: [GC pause (G1 Evacuation Pause) (young), 0.0419868 secs]
   [Parallel Time: 41.4 ms, GC Workers: 2]
      [GC Worker Start (ms): Min: 272205.2, Avg: 272205.2, Max: 272205.2, Diff: 0.0]
      [Ext Root Scanning (ms): Min: 0.6, Avg: 0.6, Max: 0.6, Diff: 0.0, Sum: 1.2]
      [Update RS (ms): Min: 0.0, Avg: 0.0, Max: 0.0, Diff: 0.0, Sum: 0.1]
         [Processed Buffers: Min: 3, Avg: 3.0, Max: 3, Diff: 0, Sum: 6]
      [Scan RS (ms): Min: 0.1, Avg: 0.1, Max: 0.1, Diff: 0.0, Sum: 0.3]
      [Code Root Scanning (ms): Min: 0.0, Avg: 0.0, Max: 0.0, Diff: 0.0, Sum: 0.0]
      [Object Copy (ms): Min: 40.6, Avg: 40.6, Max: 40.6, Diff: 0.0, Sum: 81.2]
      [Termination (ms): Min: 0.0, Avg: 0.0, Max: 0.0, Diff: 0.0, Sum: 0.0]
         [Termination Attempts: Min: 1, Avg: 1.0, Max: 1, Diff: 0, Sum: 2]
      [GC Worker Other (ms): Min: 0.0, Avg: 0.0, Max: 0.0, Diff: 0.0, Sum: 0.0]
      [GC Worker Total (ms): Min: 41.3, Avg: 41.4, Max: 41.4, Diff: 0.0, Sum: 82.7]
      [GC Worker End (ms): Min: 272246.6, Avg: 272246.6, Max: 272246.6, Diff: 0.0]
   [Code Root Fixup: 0.0 ms]
   [Code Root Purge: 0.0 ms]
   [Clear CT: 0.1 ms]
   [Other: 0.4 ms]
      [Choose CSet: 0.0 ms]
      [Ref Proc: 0.1 ms]
      [Ref Enq: 0.0 ms]
      [Redirty Cards: 0.0 ms]
      [Humongous Register: 0.0 ms]
      [Humongous Reclaim: 0.0 ms]
      [Free CSet: 0.2 ms]
   [Eden: 258.0M(258.0M)->0.0B(253.0M) Survivors: 25600.0K->30720.0K Heap: 384.7M(472.0M)->131.7M(472.0M)]
 [Times: user=0.08 sys=0.00, real=0.04 secs] 
2024-07-06T11:28:38.523+0800: 272.689: [GC pause (G1 Evacuation Pause) (young), 0.0332705 secs]
   [Parallel Time: 32.7 ms, GC Workers: 2]
      [GC Worker Start (ms): Min: 272689.2, Avg: 272689.2, Max: 272689.2, Diff: 0.0]
      [Ext Root Scanning (ms): Min: 0.5, Avg: 0.5, Max: 0.5, Diff: 0.0, Sum: 1.0]
      [Update RS (ms): Min: 0.0, Avg: 0.0, Max: 0.0, Diff: 0.0, Sum: 0.1]
         [Processed Buffers: Min: 2, Avg: 2.5, Max: 3, Diff: 1, Sum: 5]
      [Scan RS (ms): Min: 0.1, Avg: 0.1, Max: 0.1, Diff: 0.0, Sum: 0.2]
      [Code Root Scanning (ms): Min: 0.0, Avg: 0.0, Max: 0.0, Diff: 0.0, Sum: 0.0]
      [Object Copy (ms): Min: 32.0, Avg: 32.0, Max: 32.1, Diff: 0.1, Sum: 64.1]
      [Termination (ms): Min: 0.0, Avg: 0.0, Max: 0.0, Diff: 0.0, Sum: 0.0]
         [Termination Attempts: Min: 1, Avg: 1.0, Max: 1, Diff: 0, Sum: 2]
      [GC Worker Other (ms): Min: 0.0, Avg: 0.0, Max: 0.0, Diff: 0.0, Sum: 0.0]
      [GC Worker Total (ms): Min: 32.7, Avg: 32.7, Max: 32.7, Diff: 0.0, Sum: 65.4]
      [GC Worker End (ms): Min: 272721.9, Avg: 272721.9, Max: 272721.9, Diff: 0.0]
   [Code Root Fixup: 0.0 ms]
   [Code Root Purge: 0.0 ms]
   [Clear CT: 0.1 ms]
   [Other: 0.4 ms]
      [Choose CSet: 0.0 ms]
      [Ref Proc: 0.1 ms]
      [Ref Enq: 0.0 ms]
      [Redirty Cards: 0.0 ms]
      [Humongous Register: 0.0 ms]
      [Humongous Reclaim: 0.0 ms]
      [Free CSet: 0.1 ms]
   [Eden: 253.0M(253.0M)->0.0B(256.0M) Survivors: 30720.0K->27648.0K Heap: 384.7M(472.0M)->128.7M(472.0M)]
 [Times: user=0.07 sys=0.00, real=0.04 secs] 
2024-07-06T11:28:39.079+0800: 273.245: [GC pause (G1 Evacuation Pause) (young), 0.0296687 secs]
   [Parallel Time: 29.1 ms, GC Workers: 2]
      [GC Worker Start (ms): Min: 273245.1, Avg: 273245.1, Max: 273245.1, Diff: 0.0]
      [Ext Root Scanning (ms): Min: 0.6, Avg: 0.6, Max: 0.7, Diff: 0.0, Sum: 1.3]
      [Update RS (ms): Min: 0.0, Avg: 0.0, Max: 0.0, Diff: 0.0, Sum: 0.0]
         [Processed Buffers: Min: 1, Avg: 2.5, Max: 4, Diff: 3, Sum: 5]
      [Scan RS (ms): Min: 0.1, Avg: 0.1, Max: 0.1, Diff: 0.0, Sum: 0.2]
      [Code Root Scanning (ms): Min: 0.0, Avg: 0.0, Max: 0.0, Diff: 0.0, Sum: 0.0]
      [Object Copy (ms): Min: 28.3, Avg: 28.3, Max: 28.3, Diff: 0.0, Sum: 56.5]
      [Termination (ms): Min: 0.0, Avg: 0.0, Max: 0.0, Diff: 0.0, Sum: 0.0]
         [Termination Attempts: Min: 1, Avg: 1.0, Max: 1, Diff: 0, Sum: 2]
      [GC Worker Other (ms): Min: 0.0, Avg: 0.0, Max: 0.0, Diff: 0.0, Sum: 0.0]
      [GC Worker Total (ms): Min: 29.1, Avg: 29.1, Max: 29.1, Diff: 0.0, Sum: 58.1]
      [GC Worker End (ms): Min: 273274.2, Avg: 273274.2, Max: 273274.2, Diff: 0.0]
   [Code Root Fixup: 0.0 ms]
   [Code Root Purge: 0.0 ms]
   [Clear CT: 0.1 ms]
   [Other: 0.4 ms]
      [Choose CSet: 0.0 ms]
      [Ref Proc: 0.1 ms]
      [Ref Enq: 0.0 ms]
      [Redirty Cards: 0.0 ms]
      [Humongous Register: 0.0 ms]
      [Humongous Reclaim: 0.0 ms]
      [Free CSet: 0.2 ms]
   [Eden: 256.0M(256.0M)->0.0B(261.0M) Survivors: 27648.0K->22528.0K Heap: 384.7M(472.0M)->123.7M(472.0M)]
 [Times: user=0.05 sys=0.01, real=0.03 secs] 
2024-07-06T11:28:39.582+0800: 273.748: [GC pause (G1 Evacuation Pause) (young), 0.0173625 secs]
   [Parallel Time: 16.8 ms, GC Workers: 2]
      [GC Worker Start (ms): Min: 273748.1, Avg: 273748.2, Max: 273748.2, Diff: 0.0]
      [Ext Root Scanning (ms): Min: 0.6, Avg: 0.6, Max: 0.6, Diff: 0.0, Sum: 1.2]
      [Update RS (ms): Min: 0.0, Avg: 0.0, Max: 0.1, Diff: 0.0, Sum: 0.1]
         [Processed Buffers: Min: 1, Avg: 2.5, Max: 4, Diff: 3, Sum: 5]
      [Scan RS (ms): Min: 0.1, Avg: 0.1, Max: 0.2, Diff: 0.0, Sum: 0.3]
      [Code Root Scanning (ms): Min: 0.0, Avg: 0.0, Max: 0.0, Diff: 0.0, Sum: 0.0]
      [Object Copy (ms): Min: 15.9, Avg: 15.9, Max: 15.9, Diff: 0.0, Sum: 31.8]
      [Termination (ms): Min: 0.0, Avg: 0.0, Max: 0.0, Diff: 0.0, Sum: 0.0]
         [Termination Attempts: Min: 1, Avg: 1.0, Max: 1, Diff: 0, Sum: 2]
      [GC Worker Other (ms): Min: 0.0, Avg: 0.0, Max: 0.0, Diff: 0.0, Sum: 0.0]
      [GC Worker Total (ms): Min: 16.7, Avg: 16.7, Max: 16.7, Diff: 0.0, Sum: 33.4]
      [GC Worker End (ms): Min: 273764.8, Avg: 273764.8, Max: 273764.8, Diff: 0.0]
   [Code Root Fixup: 0.0 ms]
   [Code Root Purge: 0.0 ms]
   [Clear CT: 0.1 ms]
   [Other: 0.5 ms]
      [Choose CSet: 0.0 ms]
      [Ref Proc: 0.1 ms]
      [Ref Enq: 0.0 ms]
      [Redirty Cards: 0.0 ms]
      [Humongous Register: 0.0 ms]
      [Humongous Reclaim: 0.0 ms]
      [Free CSet: 0.2 ms]
   [Eden: 261.0M(261.0M)->0.0B(270.0M) Survivors: 22528.0K->13312.0K Heap: 384.7M(472.0M)->115.2M(472.0M)]
 [Times: user=0.03 sys=0.00, real=0.02 secs] 
2024-07-06T11:28:40.052+0800: 274.219: [GC pause (G1 Evacuation Pause) (young), 0.0249955 secs]
   [Parallel Time: 24.5 ms, GC Workers: 2]
      [GC Worker Start (ms): Min: 274218.7, Avg: 274219.0, Max: 274219.4, Diff: 0.7]
      [Ext Root Scanning (ms): Min: 0.5, Avg: 1.1, Max: 1.6, Diff: 1.2, Sum: 2.1]
      [Update RS (ms): Min: 0.0, Avg: 0.0, Max: 0.1, Diff: 0.1, Sum: 0.1]
         [Processed Buffers: Min: 0, Avg: 2.5, Max: 5, Diff: 5, Sum: 5]
      [Scan RS (ms): Min: 0.0, Avg: 0.1, Max: 0.2, Diff: 0.1, Sum: 0.2]
      [Code Root Scanning (ms): Min: 0.0, Avg: 0.0, Max: 0.0, Diff: 0.0, Sum: 0.0]
      [Object Copy (ms): Min: 22.8, Avg: 22.9, Max: 23.0, Diff: 0.2, Sum: 45.9]
      [Termination (ms): Min: 0.0, Avg: 0.0, Max: 0.0, Diff: 0.0, Sum: 0.0]
         [Termination Attempts: Min: 1, Avg: 1.0, Max: 1, Diff: 0, Sum: 2]
      [GC Worker Other (ms): Min: 0.0, Avg: 0.0, Max: 0.0, Diff: 0.0, Sum: 0.0]
      [GC Worker Total (ms): Min: 23.8, Avg: 24.1, Max: 24.5, Diff: 0.7, Sum: 48.2]
      [GC Worker End (ms): Min: 274243.1, Avg: 274243.1, Max: 274243.1, Diff: 0.0]
   [Code Root Fixup: 0.0 ms]
   [Code Root Purge: 0.0 ms]
   [Clear CT: 0.1 ms]
   [Other: 0.4 ms]
      [Choose CSet: 0.0 ms]
      [Ref Proc: 0.1 ms]
      [Ref Enq: 0.0 ms]
      [Redirty Cards: 0.0 ms]
      [Humongous Register: 0.0 ms]
      [Humongous Reclaim: 0.0 ms]
      [Free CSet: 0.1 ms]
   [Eden: 270.0M(270.0M)->0.0B(265.0M) Survivors: 13312.0K->18432.0K Heap: 385.2M(472.0M)->120.2M(472.0M)]
 [Times: user=0.04 sys=0.00, real=0.03 secs] 
2024-07-06T11:28:40.482+0800: 274.648: [GC pause (G1 Evacuation Pause) (young), 0.0220850 secs]
   [Parallel Time: 21.6 ms, GC Workers: 2]
      [GC Worker Start (ms): Min: 274647.8, Avg: 274647.8, Max: 274647.8, Diff: 0.0]
      [Ext Root Scanning (ms): Min: 0.6, Avg: 0.6, Max: 0.6, Diff: 0.0, Sum: 1.2]
      [Update RS (ms): Min: 0.0, Avg: 0.0, Max: 0.0, Diff: 0.0, Sum: 0.1]
         [Processed Buffers: Min: 1, Avg: 2.5, Max: 4, Diff: 3, Sum: 5]
      [Scan RS (ms): Min: 0.1, Avg: 0.1, Max: 0.1, Diff: 0.0, Sum: 0.2]
      [Code Root Scanning (ms): Min: 0.0, Avg: 0.0, Max: 0.0, Diff: 0.0, Sum: 0.0]
      [Object Copy (ms): Min: 20.8, Avg: 20.8, Max: 20.8, Diff: 0.0, Sum: 41.6]
      [Termination (ms): Min: 0.0, Avg: 0.0, Max: 0.0, Diff: 0.0, Sum: 0.0]
         [Termination Attempts: Min: 1, Avg: 1.0, Max: 1, Diff: 0, Sum: 2]
      [GC Worker Other (ms): Min: 0.0, Avg: 0.0, Max: 0.0, Diff: 0.0, Sum: 0.0]
      [GC Worker Total (ms): Min: 21.5, Avg: 21.5, Max: 21.6, Diff: 0.0, Sum: 43.1]
      [GC Worker End (ms): Min: 274669.4, Avg: 274669.4, Max: 274669.4, Diff: 0.0]
   [Code Root Fixup: 0.0 ms]
   [Code Root Purge: 0.0 ms]
   [Clear CT: 0.1 ms]
   [Other: 0.4 ms]
      [Choose CSet: 0.0 ms]
      [Ref Proc: 0.1 ms]
      [Ref Enq: 0.0 ms]
      [Redirty Cards: 0.0 ms]
      [Humongous Register: 0.0 ms]
      [Humongous Reclaim: 0.0 ms]
      [Free CSet: 0.1 ms]
   [Eden: 265.0M(265.0M)->0.0B(260.0M) Survivors: 18432.0K->23552.0K Heap: 385.2M(472.0M)->125.2M(472.0M)]
 [Times: user=0.05 sys=0.00, real=0.02 secs] 
2024-07-06T11:28:40.878+0800: 275.045: [GC pause (G1 Evacuation Pause) (young), 0.0379491 secs]
   [Parallel Time: 37.3 ms, GC Workers: 2]
      [GC Worker Start (ms): Min: 275044.8, Avg: 275044.8, Max: 275044.8, Diff: 0.0]
      [Ext Root Scanning (ms): Min: 0.6, Avg: 0.6, Max: 0.6, Diff: 0.0, Sum: 1.2]
      [Update RS (ms): Min: 0.0, Avg: 0.0, Max: 0.0, Diff: 0.0, Sum: 0.1]
         [Processed Buffers: Min: 1, Avg: 2.5, Max: 4, Diff: 3, Sum: 5]
      [Scan RS (ms): Min: 0.1, Avg: 0.1, Max: 0.1, Diff: 0.0, Sum: 0.2]
      [Code Root Scanning (ms): Min: 0.0, Avg: 0.0, Max: 0.0, Diff: 0.0, Sum: 0.0]
      [Object Copy (ms): Min: 36.5, Avg: 36.5, Max: 36.5, Diff: 0.0, Sum: 73.0]
      [Termination (ms): Min: 0.0, Avg: 0.0, Max: 0.0, Diff: 0.0, Sum: 0.0]
         [Termination Attempts: Min: 1, Avg: 1.0, Max: 1, Diff: 0, Sum: 2]
      [GC Worker Other (ms): Min: 0.0, Avg: 0.0, Max: 0.0, Diff: 0.0, Sum: 0.0]
      [GC Worker Total (ms): Min: 37.3, Avg: 37.3, Max: 37.3, Diff: 0.0, Sum: 74.5]
      [GC Worker End (ms): Min: 275082.1, Avg: 275082.1, Max: 275082.1, Diff: 0.0]
   [Code Root Fixup: 0.0 ms]
   [Code Root Purge: 0.0 ms]
   [Clear CT: 0.1 ms]
   [Other: 0.5 ms]
      [Choose CSet: 0.0 ms]
      [Ref Proc: 0.1 ms]
      [Ref Enq: 0.0 ms]
      [Redirty Cards: 0.1 ms]
      [Humongous Register: 0.0 ms]
      [Humongous Reclaim: 0.0 ms]
      [Free CSet: 0.1 ms]
   [Eden: 260.0M(260.0M)->0.0B(251.0M) Survivors: 23552.0K->32768.0K Heap: 385.2M(472.0M)->133.7M(472.0M)]
 [Times: user=0.07 sys=0.00, real=0.04 secs] 
2024-07-06T11:28:41.335+0800: 275.501: [GC pause (G1 Evacuation Pause) (young), 0.0365095 secs]
   [Parallel Time: 36.0 ms, GC Workers: 2]
      [GC Worker Start (ms): Min: 275501.6, Avg: 275501.6, Max: 275501.6, Diff: 0.0]
      [Ext Root Scanning (ms): Min: 0.5, Avg: 0.5, Max: 0.6, Diff: 0.0, Sum: 1.1]
      [Update RS (ms): Min: 0.0, Avg: 0.0, Max: 0.0, Diff: 0.0, Sum: 0.0]
         [Processed Buffers: Min: 2, Avg: 2.5, Max: 3, Diff: 1, Sum: 5]
      [Scan RS (ms): Min: 0.1, Avg: 0.1, Max: 0.1, Diff: 0.0, Sum: 0.2]
      [Code Root Scanning (ms): Min: 0.0, Avg: 0.0, Max: 0.0, Diff: 0.0, Sum: 0.0]
      [Object Copy (ms): Min: 35.2, Avg: 35.3, Max: 35.3, Diff: 0.0, Sum: 70.5]
      [Termination (ms): Min: 0.0, Avg: 0.0, Max: 0.0, Diff: 0.0, Sum: 0.0]
         [Termination Attempts: Min: 1, Avg: 1.0, Max: 1, Diff: 0, Sum: 2]
      [GC Worker Other (ms): Min: 0.0, Avg: 0.0, Max: 0.0, Diff: 0.0, Sum: 0.0]
      [GC Worker Total (ms): Min: 35.9, Avg: 35.9, Max: 35.9, Diff: 0.0, Sum: 71.8]
      [GC Worker End (ms): Min: 275537.5, Avg: 275537.5, Max: 275537.5, Diff: 0.0]
   [Code Root Fixup: 0.0 ms]
   [Code Root Purge: 0.0 ms]
   [Clear CT: 0.1 ms]
   [Other: 0.4 ms]
      [Choose CSet: 0.0 ms]
      [Ref Proc: 0.1 ms]
      [Ref Enq: 0.0 ms]
      [Redirty Cards: 0.0 ms]
      [Humongous Register: 0.0 ms]
      [Humongous Reclaim: 0.0 ms]
      [Free CSet: 0.1 ms]
   [Eden: 251.0M(251.0M)->0.0B(251.0M) Survivors: 32768.0K->32768.0K Heap: 384.7M(472.0M)->134.2M(472.0M)]
 [Times: user=0.07 sys=0.00, real=0.03 secs] 
2024-07-06T11:28:41.755+0800: 275.921: [GC pause (G1 Evacuation Pause) (young), 0.0352661 secs]
   [Parallel Time: 34.7 ms, GC Workers: 2]
      [GC Worker Start (ms): Min: 275921.6, Avg: 275921.6, Max: 275921.6, Diff: 0.0]
      [Ext Root Scanning (ms): Min: 0.5, Avg: 0.5, Max: 0.5, Diff: 0.0, Sum: 1.0]
      [Update RS (ms): Min: 0.0, Avg: 0.0, Max: 0.0, Diff: 0.0, Sum: 0.1]
         [Processed Buffers: Min: 2, Avg: 2.5, Max: 3, Diff: 1, Sum: 5]
      [Scan RS (ms): Min: 0.1, Avg: 0.1, Max: 0.1, Diff: 0.0, Sum: 0.2]
      [Code Root Scanning (ms): Min: 0.0, Avg: 0.0, Max: 0.0, Diff: 0.0, Sum: 0.0]
      [Object Copy (ms): Min: 34.1, Avg: 34.1, Max: 34.1, Diff: 0.0, Sum: 68.1]
      [Termination (ms): Min: 0.0, Avg: 0.0, Max: 0.0, Diff: 0.0, Sum: 0.0]
         [Termination Attempts: Min: 1, Avg: 1.0, Max: 1, Diff: 0, Sum: 2]
      [GC Worker Other (ms): Min: 0.0, Avg: 0.0, Max: 0.0, Diff: 0.0, Sum: 0.0]
      [GC Worker Total (ms): Min: 34.7, Avg: 34.7, Max: 34.7, Diff: 0.0, Sum: 69.4]
      [GC Worker End (ms): Min: 275956.2, Avg: 275956.2, Max: 275956.2, Diff: 0.0]
   [Code Root Fixup: 0.0 ms]
   [Code Root Purge: 0.0 ms]
   [Clear CT: 0.1 ms]
   [Other: 0.4 ms]
      [Choose CSet: 0.0 ms]
      [Ref Proc: 0.1 ms]
      [Ref Enq: 0.0 ms]
      [Redirty Cards: 0.1 ms]
      [Humongous Register: 0.0 ms]
      [Humongous Reclaim: 0.0 ms]
      [Free CSet: 0.1 ms]
   [Eden: 251.0M(251.0M)->0.0B(254.0M) Survivors: 32768.0K->29696.0K Heap: 385.2M(472.0M)->130.7M(472.0M)]
 [Times: user=0.07 sys=0.00, real=0.03 secs] 
2024-07-06T11:28:42.195+0800: 276.362: [GC pause (G1 Evacuation Pause) (young), 0.0324771 secs]
   [Parallel Time: 31.9 ms, GC Workers: 2]
      [GC Worker Start (ms): Min: 276361.6, Avg: 276361.6, Max: 276361.6, Diff: 0.0]
      [Ext Root Scanning (ms): Min: 0.6, Avg: 0.6, Max: 0.6, Diff: 0.0, Sum: 1.1]
      [Update RS (ms): Min: 0.0, Avg: 0.0, Max: 0.0, Diff: 0.0, Sum: 0.1]
         [Processed Buffers: Min: 2, Avg: 2.5, Max: 3, Diff: 1, Sum: 5]
      [Scan RS (ms): Min: 0.1, Avg: 0.1, Max: 0.1, Diff: 0.0, Sum: 0.2]
      [Code Root Scanning (ms): Min: 0.0, Avg: 0.0, Max: 0.0, Diff: 0.0, Sum: 0.0]
      [Object Copy (ms): Min: 31.1, Avg: 31.2, Max: 31.2, Diff: 0.0, Sum: 62.3]
      [Termination (ms): Min: 0.0, Avg: 0.0, Max: 0.0, Diff: 0.0, Sum: 0.0]
         [Termination Attempts: Min: 1, Avg: 1.0, Max: 1, Diff: 0, Sum: 2]
      [GC Worker Other (ms): Min: 0.0, Avg: 0.0, Max: 0.0, Diff: 0.0, Sum: 0.0]
      [GC Worker Total (ms): Min: 31.8, Avg: 31.9, Max: 31.9, Diff: 0.0, Sum: 63.7]
      [GC Worker End (ms): Min: 276393.5, Avg: 276393.5, Max: 276393.5, Diff: 0.0]
   [Code Root Fixup: 0.0 ms]
   [Code Root Purge: 0.0 ms]
   [Clear CT: 0.1 ms]
   [Other: 0.4 ms]
      [Choose CSet: 0.0 ms]
      [Ref Proc: 0.1 ms]
      [Ref Enq: 0.0 ms]
      [Redirty Cards: 0.0 ms]
      [Humongous Register: 0.0 ms]
      [Humongous Reclaim: 0.0 ms]
      [Free CSet: 0.1 ms]
   [Eden: 254.0M(254.0M)->0.0B(258.0M) Survivors: 29696.0K->25600.0K Heap: 384.7M(472.0M)->127.2M(472.0M)]
 [Times: user=0.06 sys=0.00, real=0.03 secs] 
2024-07-06T11:28:42.647+0800: 276.813: [GC pause (G1 Evacuation Pause) (young), 0.0294813 secs]
   [Parallel Time: 28.9 ms, GC Workers: 2]
      [GC Worker Start (ms): Min: 276813.6, Avg: 276813.6, Max: 276813.6, Diff: 0.0]
      [Ext Root Scanning (ms): Min: 0.5, Avg: 0.5, Max: 0.5, Diff: 0.0, Sum: 1.1]
      [Update RS (ms): Min: 0.0, Avg: 0.0, Max: 0.0, Diff: 0.0, Sum: 0.0]
         [Processed Buffers: Min: 2, Avg: 2.5, Max: 3, Diff: 1, Sum: 5]
      [Scan RS (ms): Min: 0.1, Avg: 0.1, Max: 0.1, Diff: 0.0, Sum: 0.2]
      [Code Root Scanning (ms): Min: 0.0, Avg: 0.0, Max: 0.0, Diff: 0.0, Sum: 0.0]
      [Object Copy (ms): Min: 28.2, Avg: 28.2, Max: 28.2, Diff: 0.0, Sum: 56.3]
      [Termination (ms): Min: 0.0, Avg: 0.0, Max: 0.0, Diff: 0.0, Sum: 0.0]
         [Termination Attempts: Min: 1, Avg: 1.0, Max: 1, Diff: 0, Sum: 2]
      [GC Worker Other (ms): Min: 0.0, Avg: 0.0, Max: 0.0, Diff: 0.0, Sum: 0.0]
      [GC Worker Total (ms): Min: 28.8, Avg: 28.8, Max: 28.8, Diff: 0.0, Sum: 57.6]
      [GC Worker End (ms): Min: 276842.4, Avg: 276842.4, Max: 276842.4, Diff: 0.0]
   [Code Root Fixup: 0.0 ms]
   [Code Root Purge: 0.0 ms]
   [Clear CT: 0.1 ms]
   [Other: 0.4 ms]
      [Choose CSet: 0.0 ms]
      [Ref Proc: 0.1 ms]
      [Ref Enq: 0.0 ms]
      [Redirty Cards: 0.1 ms]
      [Humongous Register: 0.0 ms]
      [Humongous Reclaim: 0.0 ms]
      [Free CSet: 0.1 ms]
   [Eden: 258.0M(258.0M)->0.0B(262.0M) Survivors: 25600.0K->21504.0K Heap: 385.2M(472.0M)->122.7M(472.0M)]
 [Times: user=0.06 sys=0.00, real=0.03 secs] 
2024-07-06T11:28:43.152+0800: 277.318: [GC pause (G1 Evacuation Pause) (young), 0.0211724 secs]
   [Parallel Time: 20.5 ms, GC Workers: 2]
      [GC Worker Start (ms): Min: 277318.3, Avg: 277318.4, Max: 277318.4, Diff: 0.0]
      [Ext Root Scanning (ms): Min: 0.5, Avg: 0.5, Max: 0.5, Diff: 0.0, Sum: 1.0]
      [Update RS (ms): Min: 0.0, Avg: 0.0, Max: 0.0, Diff: 0.0, Sum: 0.1]
         [Processed Buffers: Min: 2, Avg: 2.5, Max: 3, Diff: 1, Sum: 5]
      [Scan RS (ms): Min: 0.1, Avg: 0.1, Max: 0.1, Diff: 0.0, Sum: 0.2]
      [Code Root Scanning (ms): Min: 0.0, Avg: 0.0, Max: 0.0, Diff: 0.0, Sum: 0.0]
      [Object Copy (ms): Min: 18.1, Avg: 19.0, Max: 19.8, Diff: 1.7, Sum: 37.9]
      [Termination (ms): Min: 0.0, Avg: 0.9, Max: 1.8, Diff: 1.8, Sum: 1.8]
         [Termination Attempts: Min: 1, Avg: 1.0, Max: 1, Diff: 0, Sum: 2]
      [GC Worker Other (ms): Min: 0.0, Avg: 0.0, Max: 0.0, Diff: 0.0, Sum: 0.0]
      [GC Worker Total (ms): Min: 20.5, Avg: 20.5, Max: 20.5, Diff: 0.0, Sum: 41.0]
      [GC Worker End (ms): Min: 277338.8, Avg: 277338.8, Max: 277338.9, Diff: 0.0]
   [Code Root Fixup: 0.0 ms]
   [Code Root Purge: 0.0 ms]
   [Clear CT: 0.2 ms]
   [Other: 0.5 ms]
      [Choose CSet: 0.0 ms]
      [Ref Proc: 0.1 ms]
      [Ref Enq: 0.0 ms]
      [Redirty Cards: 0.0 ms]
      [Humongous Register: 0.0 ms]
      [Humongous Reclaim: 0.0 ms]
      [Free CSet: 0.2 ms]
   [Eden: 262.0M(262.0M)->0.0B(269.0M) Survivors: 21504.0K->14336.0K Heap: 384.7M(472.0M)->116.2M(472.0M)]
 [Times: user=0.04 sys=0.00, real=0.02 secs] 
2024-07-06T11:28:43.652+0800: 277.818: [GC pause (G1 Evacuation Pause) (young), 0.0263983 secs]
   [Parallel Time: 25.7 ms, GC Workers: 2]
      [GC Worker Start (ms): Min: 277818.4, Avg: 277818.9, Max: 277819.4, Diff: 1.1]
      [Ext Root Scanning (ms): Min: 0.0, Avg: 0.4, Max: 0.8, Diff: 0.8, Sum: 0.8]
      [Update RS (ms): Min: 0.0, Avg: 0.0, Max: 0.0, Diff: 0.0, Sum: 0.0]
         [Processed Buffers: Min: 0, Avg: 2.5, Max: 5, Diff: 5, Sum: 5]
      [Scan RS (ms): Min: 0.0, Avg: 0.1, Max: 0.1, Diff: 0.1, Sum: 0.1]
      [Code Root Scanning (ms): Min: 0.0, Avg: 0.0, Max: 0.0, Diff: 0.0, Sum: 0.0]
      [Object Copy (ms): Min: 24.5, Avg: 24.6, Max: 24.7, Diff: 0.2, Sum: 49.2]
      [Termination (ms): Min: 0.0, Avg: 0.1, Max: 0.1, Diff: 0.1, Sum: 0.1]
         [Termination Attempts: Min: 1, Avg: 1.0, Max: 1, Diff: 0, Sum: 2]
      [GC Worker Other (ms): Min: 0.0, Avg: 0.0, Max: 0.0, Diff: 0.0, Sum: 0.0]
      [GC Worker Total (ms): Min: 24.6, Avg: 25.2, Max: 25.7, Diff: 1.0, Sum: 50.3]
      [GC Worker End (ms): Min: 277844.0, Avg: 277844.0, Max: 277844.1, Diff: 0.0]
   [Code Root Fixup: 0.0 ms]
   [Code Root Purge: 0.0 ms]
   [Clear CT: 0.2 ms]
   [Other: 0.5 ms]
      [Choose CSet: 0.0 ms]
      [Ref Proc: 0.1 ms]
      [Ref Enq: 0.0 ms]
      [Redirty Cards: 0.0 ms]
      [Humongous Register: 0.0 ms]
      [Humongous Reclaim: 0.0 ms]
      [Free CSet: 0.2 ms]
   [Eden: 269.0M(269.0M)->0.0B(263.0M) Survivors: 14336.0K->20480.0K Heap: 385.2M(472.0M)->122.2M(472.0M)]
 [Times: user=0.05 sys=0.00, real=0.03 secs] 
2024-07-06T11:28:44.059+0800: 278.225: [GC pause (G1 Evacuation Pause) (young), 0.0272941 secs]
   [Parallel Time: 26.7 ms, GC Workers: 2]
      [GC Worker Start (ms): Min: 278225.6, Avg: 278225.6, Max: 278225.6, Diff: 0.0]
      [Ext Root Scanning (ms): Min: 0.5, Avg: 0.5, Max: 0.5, Diff: 0.0, Sum: 1.1]
      [Update RS (ms): Min: 0.0, Avg: 0.0, Max: 0.0, Diff: 0.0, Sum: 0.0]
         [Processed Buffers: Min: 2, Avg: 2.5, Max: 3, Diff: 1, Sum: 5]
      [Scan RS (ms): Min: 0.1, Avg: 0.1, Max: 0.1, Diff: 0.0, Sum: 0.2]
      [Code Root Scanning (ms): Min: 0.0, Avg: 0.0, Max: 0.0, Diff: 0.0, Sum: 0.0]
      [Object Copy (ms): Min: 26.0, Avg: 26.0, Max: 26.0, Diff: 0.0, Sum: 52.0]
      [Termination (ms): Min: 0.0, Avg: 0.0, Max: 0.0, Diff: 0.0, Sum: 0.0]
         [Termination Attempts: Min: 1, Avg: 1.5, Max: 2, Diff: 1, Sum: 3]
      [GC Worker Other (ms): Min: 0.0, Avg: 0.0, Max: 0.0, Diff: 0.0, Sum: 0.0]
      [GC Worker Total (ms): Min: 26.7, Avg: 26.7, Max: 26.7, Diff: 0.0, Sum: 53.3]
      [GC Worker End (ms): Min: 278252.2, Avg: 278252.2, Max: 278252.2, Diff: 0.0]
   [Code Root Fixup: 0.0 ms]
   [Code Root Purge: 0.0 ms]
   [Clear CT: 0.1 ms]
   [Other: 0.4 ms]
      [Choose CSet: 0.0 ms]
      [Ref Proc: 0.1 ms]
      [Ref Enq: 0.0 ms]
      [Redirty Cards: 0.0 ms]
      [Humongous Register: 0.0 ms]
      [Humongous Reclaim: 0.0 ms]
      [Free CSet: 0.1 ms]
   [Eden: 263.0M(263.0M)->0.0B(257.0M) Survivors: 20480.0K->26624.0K Heap: 385.2M(472.0M)->128.2M(472.0M)]
 [Times: user=0.05 sys=0.00, real=0.02 secs] 
2024-07-06T11:28:44.471+0800: 278.637: [GC pause (G1 Evacuation Pause) (young), 0.0434998 secs]
   [Parallel Time: 43.0 ms, GC Workers: 2]
      [GC Worker Start (ms): Min: 278637.5, Avg: 278637.6, Max: 278637.6, Diff: 0.1]
      [Ext Root Scanning (ms): Min: 0.6, Avg: 0.9, Max: 1.3, Diff: 0.7, Sum: 1.8]
      [Update RS (ms): Min: 0.0, Avg: 0.0, Max: 0.0, Diff: 0.0, Sum: 0.0]
         [Processed Buffers: Min: 0, Avg: 2.5, Max: 5, Diff: 5, Sum: 5]
      [Scan RS (ms): Min: 0.0, Avg: 0.1, Max: 0.1, Diff: 0.1, Sum: 0.1]
      [Code Root Scanning (ms): Min: 0.0, Avg: 0.0, Max: 0.0, Diff: 0.0, Sum: 0.0]
      [Object Copy (ms): Min: 41.6, Avg: 41.9, Max: 42.1, Diff: 0.5, Sum: 83.8]
      [Termination (ms): Min: 0.0, Avg: 0.0, Max: 0.0, Diff: 0.0, Sum: 0.0]
         [Termination Attempts: Min: 1, Avg: 1.0, Max: 1, Diff: 0, Sum: 2]
      [GC Worker Other (ms): Min: 0.0, Avg: 0.0, Max: 0.0, Diff: 0.0, Sum: 0.0]
      [GC Worker Total (ms): Min: 42.9, Avg: 42.9, Max: 42.9, Diff: 0.1, Sum: 85.8]
      [GC Worker End (ms): Min: 278680.5, Avg: 278680.5, Max: 278680.5, Diff: 0.0]
   [Code Root Fixup: 0.0 ms]
   [Code Root Purge: 0.0 ms]
   [Clear CT: 0.1 ms]
   [Other: 0.4 ms]
      [Choose CSet: 0.0 ms]
      [Ref Proc: 0.1 ms]
      [Ref Enq: 0.0 ms]
      [Redirty Cards: 0.0 ms]
      [Humongous Register: 0.0 ms]
      [Humongous Reclaim: 0.0 ms]
      [Free CSet: 0.2 ms]
   [Eden: 257.0M(257.0M)->0.0B(249.0M) Survivors: 26624.0K->34816.0K Heap: 385.2M(472.0M)->135.7M(472.0M)]
 [Times: user=0.08 sys=0.00, real=0.04 secs] 
2024-07-06T11:28:44.913+0800: 279.079: [GC pause (G1 Evacuation Pause) (young), 0.0394932 secs]
   [Parallel Time: 39.0 ms, GC Workers: 2]
      [GC Worker Start (ms): Min: 279078.9, Avg: 279078.9, Max: 279078.9, Diff: 0.0]
      [Ext Root Scanning (ms): Min: 0.6, Avg: 0.6, Max: 0.6, Diff: 0.0, Sum: 1.1]
      [Update RS (ms): Min: 0.0, Avg: 0.1, Max: 0.1, Diff: 0.0, Sum: 0.1]
         [Processed Buffers: Min: 3, Avg: 3.0, Max: 3, Diff: 0, Sum: 6]
      [Scan RS (ms): Min: 0.1, Avg: 0.1, Max: 0.1, Diff: 0.0, Sum: 0.2]
      [Code Root Scanning (ms): Min: 0.0, Avg: 0.0, Max: 0.0, Diff: 0.0, Sum: 0.0]
      [Object Copy (ms): Min: 38.2, Avg: 38.2, Max: 38.2, Diff: 0.0, Sum: 76.4]
      [Termination (ms): Min: 0.0, Avg: 0.0, Max: 0.0, Diff: 0.0, Sum: 0.0]
         [Termination Attempts: Min: 1, Avg: 1.0, Max: 1, Diff: 0, Sum: 2]
      [GC Worker Other (ms): Min: 0.0, Avg: 0.0, Max: 0.0, Diff: 0.0, Sum: 0.1]
      [GC Worker Total (ms): Min: 38.9, Avg: 38.9, Max: 38.9, Diff: 0.0, Sum: 77.8]
      [GC Worker End (ms): Min: 279117.8, Avg: 279117.8, Max: 279117.8, Diff: 0.0]
   [Code Root Fixup: 0.0 ms]
   [Code Root Purge: 0.0 ms]
   [Clear CT: 0.1 ms]
   [Other: 0.4 ms]
      [Choose CSet: 0.0 ms]
      [Ref Proc: 0.1 ms]
      [Ref Enq: 0.0 ms]
      [Redirty Cards: 0.0 ms]
      [Humongous Register: 0.0 ms]
      [Humongous Reclaim: 0.0 ms]
      [Free CSet: 0.1 ms]
   [Eden: 249.0M(249.0M)->0.0B(252.0M) Survivors: 34816.0K->31744.0K Heap: 384.7M(472.0M)->132.7M(472.0M)]
 [Times: user=0.07 sys=0.00, real=0.04 secs] 
2024-07-06T11:28:45.444+0800: 279.610: [GC pause (G1 Evacuation Pause) (young), 0.0354482 secs]
   [Parallel Time: 34.8 ms, GC Workers: 2]
      [GC Worker Start (ms): Min: 279610.4, Avg: 279610.4, Max: 279610.4, Diff: 0.0]
      [Ext Root Scanning (ms): Min: 0.5, Avg: 0.5, Max: 0.5, Diff: 0.0, Sum: 0.9]
      [Update RS (ms): Min: 0.0, Avg: 0.0, Max: 0.0, Diff: 0.0, Sum: 0.1]
         [Processed Buffers: Min: 2, Avg: 2.5, Max: 3, Diff: 1, Sum: 5]
      [Scan RS (ms): Min: 0.1, Avg: 0.1, Max: 0.1, Diff: 0.0, Sum: 0.2]
      [Code Root Scanning (ms): Min: 0.0, Avg: 0.0, Max: 0.0, Diff: 0.0, Sum: 0.0]
      [Object Copy (ms): Min: 34.1, Avg: 34.1, Max: 34.1, Diff: 0.0, Sum: 68.2]
      [Termination (ms): Min: 0.0, Avg: 0.0, Max: 0.0, Diff: 0.0, Sum: 0.0]
         [Termination Attempts: Min: 1, Avg: 1.0, Max: 1, Diff: 0, Sum: 2]
      [GC Worker Other (ms): Min: 0.0, Avg: 0.0, Max: 0.0, Diff: 0.0, Sum: 0.0]
      [GC Worker Total (ms): Min: 34.7, Avg: 34.7, Max: 34.8, Diff: 0.0, Sum: 69.5]
      [GC Worker End (ms): Min: 279645.1, Avg: 279645.1, Max: 279645.1, Diff: 0.0]
   [Code Root Fixup: 0.0 ms]
   [Code Root Purge: 0.0 ms]
   [Clear CT: 0.1 ms]
   [Other: 0.5 ms]
      [Choose CSet: 0.0 ms]
      [Ref Proc: 0.1 ms]
      [Ref Enq: 0.0 ms]
      [Redirty Cards: 0.1 ms]
      [Humongous Register: 0.0 ms]
      [Humongous Reclaim: 0.0 ms]
      [Free CSet: 0.2 ms]
   [Eden: 252.0M(252.0M)->0.0B(253.0M) Survivors: 31744.0K->29696.0K Heap: 384.7M(472.0M)->130.7M(472.0M)]
 [Times: user=0.07 sys=0.00, real=0.04 secs] 
2024-07-06T11:28:45.907+0800: 280.074: [GC pause (G1 Evacuation Pause) (young), 0.0331391 secs]
   [Parallel Time: 32.3 ms, GC Workers: 2]
      [GC Worker Start (ms): Min: 280073.6, Avg: 280073.6, Max: 280073.6, Diff: 0.0]
      [Ext Root Scanning (ms): Min: 0.6, Avg: 0.6, Max: 0.6, Diff: 0.0, Sum: 1.2]
      [Update RS (ms): Min: 0.0, Avg: 0.0, Max: 0.0, Diff: 0.0, Sum: 0.1]
         [Processed Buffers: Min: 2, Avg: 2.5, Max: 3, Diff: 1, Sum: 5]
      [Scan RS (ms): Min: 0.1, Avg: 0.1, Max: 0.1, Diff: 0.0, Sum: 0.2]
      [Code Root Scanning (ms): Min: 0.0, Avg: 0.0, Max: 0.0, Diff: 0.0, Sum: 0.0]
      [Object Copy (ms): Min: 31.5, Avg: 31.5, Max: 31.5, Diff: 0.0, Sum: 63.0]
      [Termination (ms): Min: 0.0, Avg: 0.0, Max: 0.0, Diff: 0.0, Sum: 0.0]
         [Termination Attempts: Min: 1, Avg: 1.0, Max: 1, Diff: 0, Sum: 2]
      [GC Worker Other (ms): Min: 0.0, Avg: 0.0, Max: 0.0, Diff: 0.0, Sum: 0.0]
      [GC Worker Total (ms): Min: 32.3, Avg: 32.3, Max: 32.3, Diff: 0.0, Sum: 64.5]
      [GC Worker End (ms): Min: 280105.9, Avg: 280105.9, Max: 280105.9, Diff: 0.0]
   [Code Root Fixup: 0.0 ms]
   [Code Root Purge: 0.0 ms]
   [Clear CT: 0.2 ms]
   [Other: 0.6 ms]
      [Choose CSet: 0.0 ms]
      [Ref Proc: 0.2 ms]
      [Ref Enq: 0.0 ms]
      [Redirty Cards: 0.1 ms]
      [Humongous Register: 0.0 ms]
      [Humongous Reclaim: 0.0 ms]
      [Free CSet: 0.2 ms]
   [Eden: 253.0M(253.0M)->0.0B(259.0M) Survivors: 29696.0K->24576.0K Heap: 383.7M(472.0M)->126.2M(472.0M)]
 [Times: user=0.06 sys=0.00, real=0.03 secs] 
2024-07-06T11:28:46.563+0800: 280.730: [GC pause (G1 Evacuation Pause) (young), 0.0378049 secs]
   [Parallel Time: 37.3 ms, GC Workers: 2]
      [GC Worker Start (ms): Min: 280729.6, Avg: 280729.7, Max: 280729.7, Diff: 0.1]
      [Ext Root Scanning (ms): Min: 0.4, Avg: 0.5, Max: 0.5, Diff: 0.1, Sum: 1.0]
      [Update RS (ms): Min: 0.0, Avg: 0.0, Max: 0.0, Diff: 0.0, Sum: 0.1]
         [Processed Buffers: Min: 1, Avg: 2.5, Max: 4, Diff: 3, Sum: 5]
      [Scan RS (ms): Min: 0.1, Avg: 0.1, Max: 0.1, Diff: 0.0, Sum: 0.2]
      [Code Root Scanning (ms): Min: 0.0, Avg: 0.0, Max: 0.0, Diff: 0.0, Sum: 0.0]
      [Object Copy (ms): Min: 36.6, Avg: 36.6, Max: 36.6, Diff: 0.0, Sum: 73.2]
      [Termination (ms): Min: 0.0, Avg: 0.0, Max: 0.0, Diff: 0.0, Sum: 0.0]
         [Termination Attempts: Min: 1, Avg: 1.0, Max: 1, Diff: 0, Sum: 2]
      [GC Worker Other (ms): Min: 0.0, Avg: 0.0, Max: 0.0, Diff: 0.0, Sum: 0.0]
      [GC Worker Total (ms): Min: 37.1, Avg: 37.2, Max: 37.3, Diff: 0.1, Sum: 74.4]
      [GC Worker End (ms): Min: 280766.9, Avg: 280766.9, Max: 280766.9, Diff: 0.0]
   [Code Root Fixup: 0.0 ms]
   [Code Root Purge: 0.0 ms]
   [Clear CT: 0.1 ms]
   [Other: 0.4 ms]
      [Choose CSet: 0.0 ms]
      [Ref Proc: 0.1 ms]
      [Ref Enq: 0.0 ms]
      [Redirty Cards: 0.0 ms]
      [Humongous Register: 0.0 ms]
      [Humongous Reclaim: 0.0 ms]
      [Free CSet: 0.1 ms]
   [Eden: 259.0M(259.0M)->0.0B(261.0M) Survivors: 24576.0K->22528.0K Heap: 385.2M(472.0M)->123.7M(472.0M)]
 [Times: user=0.08 sys=0.00, real=0.04 secs] 
2024-07-06T11:28:47.231+0800: 281.397: [GC pause (G1 Evacuation Pause) (young), 0.0144465 secs]
   [Parallel Time: 13.9 ms, GC Workers: 2]
      [GC Worker Start (ms): Min: 281397.4, Avg: 281397.4, Max: 281397.4, Diff: 0.0]
      [Ext Root Scanning (ms): Min: 0.5, Avg: 0.5, Max: 0.6, Diff: 0.0, Sum: 1.1]
      [Update RS (ms): Min: 0.0, Avg: 0.0, Max: 0.0, Diff: 0.0, Sum: 0.1]
         [Processed Buffers: Min: 1, Avg: 2.5, Max: 4, Diff: 3, Sum: 5]
      [Scan RS (ms): Min: 0.1, Avg: 0.1, Max: 0.1, Diff: 0.0, Sum: 0.2]
      [Code Root Scanning (ms): Min: 0.0, Avg: 0.0, Max: 0.0, Diff: 0.0, Sum: 0.0]
      [Object Copy (ms): Min: 13.2, Avg: 13.2, Max: 13.2, Diff: 0.0, Sum: 26.4]
      [Termination (ms): Min: 0.0, Avg: 0.0, Max: 0.0, Diff: 0.0, Sum: 0.0]
         [Termination Attempts: Min: 1, Avg: 1.0, Max: 1, Diff: 0, Sum: 2]
      [GC Worker Other (ms): Min: 0.0, Avg: 0.0, Max: 0.0, Diff: 0.0, Sum: 0.0]
      [GC Worker Total (ms): Min: 13.9, Avg: 13.9, Max: 13.9, Diff: 0.0, Sum: 27.8]
      [GC Worker End (ms): Min: 281411.3, Avg: 281411.3, Max: 281411.3, Diff: 0.0]
   [Code Root Fixup: 0.0 ms]
   [Code Root Purge: 0.0 ms]
   [Clear CT: 0.1 ms]
   [Other: 0.4 ms]
      [Choose CSet: 0.0 ms]
      [Ref Proc: 0.1 ms]
      [Ref Enq: 0.0 ms]
      [Redirty Cards: 0.0 ms]
      [Humongous Register: 0.0 ms]
      [Humongous Reclaim: 0.0 ms]
      [Free CSet: 0.1 ms]
   [Eden: 261.0M(261.0M)->0.0B(274.0M) Survivors: 22528.0K->9216.0K Heap: 384.7M(472.0M)->111.2M(472.0M)]
 [Times: user=0.03 sys=0.00, real=0.01 secs] 
2024-07-06T11:28:47.899+0800: 282.065: [GC pause (G1 Evacuation Pause) (young), 0.0368332 secs]
   [Parallel Time: 36.3 ms, GC Workers: 2]
      [GC Worker Start (ms): Min: 282065.5, Avg: 282065.5, Max: 282065.6, Diff: 0.0]
      [Ext Root Scanning (ms): Min: 0.5, Avg: 0.5, Max: 0.5, Diff: 0.0, Sum: 0.9]
      [Update RS (ms): Min: 0.0, Avg: 0.0, Max: 0.0, Diff: 0.0, Sum: 0.1]
         [Processed Buffers: Min: 1, Avg: 2.5, Max: 4, Diff: 3, Sum: 5]
      [Scan RS (ms): Min: 0.1, Avg: 0.1, Max: 0.1, Diff: 0.0, Sum: 0.2]
      [Code Root Scanning (ms): Min: 0.0, Avg: 0.0, Max: 0.0, Diff: 0.0, Sum: 0.0]
      [Object Copy (ms): Min: 35.6, Avg: 35.6, Max: 35.6, Diff: 0.0, Sum: 71.3]
      [Termination (ms): Min: 0.0, Avg: 0.0, Max: 0.0, Diff: 0.0, Sum: 0.0]
         [Termination Attempts: Min: 1, Avg: 1.0, Max: 1, Diff: 0, Sum: 2]
      [GC Worker Other (ms): Min: 0.0, Avg: 0.0, Max: 0.0, Diff: 0.0, Sum: 0.0]
      [GC Worker Total (ms): Min: 36.2, Avg: 36.2, Max: 36.3, Diff: 0.0, Sum: 72.5]
      [GC Worker End (ms): Min: 282101.8, Avg: 282101.8, Max: 282101.8, Diff: 0.0]
   [Code Root Fixup: 0.0 ms]
   [Code Root Purge: 0.0 ms]
   [Clear CT: 0.1 ms]
   [Other: 0.4 ms]
      [Choose CSet: 0.0 ms]
      [Ref Proc: 0.1 ms]
      [Ref Enq: 0.0 ms]
      [Redirty Cards: 0.0 ms]
      [Humongous Register: 0.0 ms]
      [Humongous Reclaim: 0.0 ms]
      [Free CSet: 0.1 ms]
   [Eden: 274.0M(274.0M)->0.0B(260.0M) Survivors: 9216.0K->23552.0K Heap: 385.2M(472.0M)->125.2M(472.0M)]
 [Times: user=0.07 sys=0.00, real=0.04 secs] 
2024-07-06T11:28:48.539+0800: 282.705: [GC pause (G1 Evacuation Pause) (young), 0.0397111 secs]
   [Parallel Time: 39.0 ms, GC Workers: 2]
      [GC Worker Start (ms): Min: 282705.5, Avg: 282705.6, Max: 282705.6, Diff: 0.0]
      [Ext Root Scanning (ms): Min: 0.5, Avg: 0.5, Max: 0.5, Diff: 0.0, Sum: 1.0]
      [Update RS (ms): Min: 0.0, Avg: 0.0, Max: 0.1, Diff: 0.1, Sum: 0.1]
         [Processed Buffers: Min: 0, Avg: 2.0, Max: 4, Diff: 4, Sum: 4]
      [Scan RS (ms): Min: 0.1, Avg: 0.1, Max: 0.1, Diff: 0.0, Sum: 0.2]
      [Code Root Scanning (ms): Min: 0.0, Avg: 0.0, Max: 0.0, Diff: 0.0, Sum: 0.0]
      [Object Copy (ms): Min: 32.9, Avg: 35.5, Max: 38.2, Diff: 5.4, Sum: 71.1]
      [Termination (ms): Min: 0.0, Avg: 2.7, Max: 5.5, Diff: 5.5, Sum: 5.5]
         [Termination Attempts: Min: 1, Avg: 1.0, Max: 1, Diff: 0, Sum: 2]
      [GC Worker Other (ms): Min: 0.0, Avg: 0.0, Max: 0.0, Diff: 0.0, Sum: 0.0]
      [GC Worker Total (ms): Min: 38.9, Avg: 38.9, Max: 38.9, Diff: 0.0, Sum: 77.8]
      [GC Worker End (ms): Min: 282744.5, Avg: 282744.5, Max: 282744.5, Diff: 0.0]
   [Code Root Fixup: 0.0 ms]
   [Code Root Purge: 0.0 ms]
   [Clear CT: 0.2 ms]
   [Other: 0.6 ms]
      [Choose CSet: 0.0 ms]
      [Ref Proc: 0.2 ms]
      [Ref Enq: 0.0 ms]
      [Redirty Cards: 0.1 ms]
      [Humongous Register: 0.0 ms]
      [Humongous Reclaim: 0.0 ms]
      [Free CSet: 0.2 ms]
   [Eden: 260.0M(260.0M)->0.0B(260.0M) Survivors: 23552.0K->23552.0K Heap: 385.2M(472.0M)->124.7M(472.0M)]
 [Times: user=0.07 sys=0.00, real=0.04 secs] 
2024-07-06T11:28:49.211+0800: 283.377: [GC pause (G1 Evacuation Pause) (young), 0.0382436 secs]
   [Parallel Time: 37.7 ms, GC Workers: 2]
      [GC Worker Start (ms): Min: 283377.5, Avg: 283379.2, Max: 283380.9, Diff: 3.3]
      [Ext Root Scanning (ms): Min: 0.0, Avg: 0.3, Max: 0.7, Diff: 0.7, Sum: 0.7]
      [Update RS (ms): Min: 0.0, Avg: 0.0, Max: 0.0, Diff: 0.0, Sum: 0.0]
         [Processed Buffers: Min: 0, Avg: 2.5, Max: 5, Diff: 5, Sum: 5]
      [Scan RS (ms): Min: 0.1, Avg: 0.1, Max: 0.1, Diff: 0.1, Sum: 0.2]
      [Code Root Scanning (ms): Min: 0.0, Avg: 0.0, Max: 0.0, Diff: 0.0, Sum: 0.0]
      [Object Copy (ms): Min: 34.3, Avg: 35.6, Max: 36.9, Diff: 2.6, Sum: 71.1]
      [Termination (ms): Min: 0.0, Avg: 0.0, Max: 0.0, Diff: 0.0, Sum: 0.0]
         [Termination Attempts: Min: 1, Avg: 1.0, Max: 1, Diff: 0, Sum: 2]
      [GC Worker Other (ms): Min: 0.0, Avg: 0.0, Max: 0.0, Diff: 0.0, Sum: 0.0]
      [GC Worker Total (ms): Min: 34.4, Avg: 36.0, Max: 37.7, Diff: 3.3, Sum: 72.1]
      [GC Worker End (ms): Min: 283415.2, Avg: 283415.2, Max: 283415.2, Diff: 0.0]
   [Code Root Fixup: 0.0 ms]
   [Code Root Purge: 0.0 ms]
   [Clear CT: 0.1 ms]
   [Other: 0.4 ms]
      [Choose CSet: 0.0 ms]
      [Ref Proc: 0.1 ms]
      [Ref Enq: 0.0 ms]
      [Redirty Cards: 0.0 ms]
      [Humongous Register: 0.0 ms]
      [Humongous Reclaim: 0.0 ms]
      [Free CSet: 0.1 ms]
   [Eden: 260.0M(260.0M)->0.0B(258.0M) Survivors: 23552.0K->25600.0K Heap: 384.7M(472.0M)->127.2M(472.0M)]
 [Times: user=0.07 sys=0.00, real=0.04 secs] 
2024-07-06T11:28:49.903+0800: 284.069: [GC pause (G1 Evacuation Pause) (young), 0.0445359 secs]
   [Parallel Time: 44.0 ms, GC Workers: 2]
      [GC Worker Start (ms): Min: 284068.8, Avg: 284068.9, Max: 284068.9, Diff: 0.0]
      [Ext Root Scanning (ms): Min: 0.5, Avg: 0.6, Max: 0.6, Diff: 0.0, Sum: 1.1]
      [Update RS (ms): Min: 0.0, Avg: 0.0, Max: 0.0, Diff: 0.0, Sum: 0.1]
         [Processed Buffers: Min: 2, Avg: 3.0, Max: 4, Diff: 2, Sum: 6]
      [Scan RS (ms): Min: 0.1, Avg: 0.1, Max: 0.1, Diff: 0.0, Sum: 0.2]
      [Code Root Scanning (ms): Min: 0.0, Avg: 0.0, Max: 0.0, Diff: 0.0, Sum: 0.0]
      [Object Copy (ms): Min: 43.2, Avg: 43.2, Max: 43.2, Diff: 0.1, Sum: 86.4]
      [Termination (ms): Min: 0.0, Avg: 0.0, Max: 0.0, Diff: 0.0, Sum: 0.0]
         [Termination Attempts: Min: 1, Avg: 1.0, Max: 1, Diff: 0, Sum: 2]
      [GC Worker Other (ms): Min: 0.0, Avg: 0.0, Max: 0.0, Diff: 0.0, Sum: 0.0]
      [GC Worker Total (ms): Min: 43.9, Avg: 43.9, Max: 43.9, Diff: 0.0, Sum: 87.8]
      [GC Worker End (ms): Min: 284112.8, Avg: 284112.8, Max: 284112.8, Diff: 0.0]
   [Code Root Fixup: 0.0 ms]
   [Code Root Purge: 0.0 ms]
   [Clear CT: 0.1 ms]
   [Other: 0.4 ms]
      [Choose CSet: 0.0 ms]
      [Ref Proc: 0.1 ms]
      [Ref Enq: 0.0 ms]
      [Redirty Cards: 0.0 ms]
      [Humongous Register: 0.0 ms]
      [Humongous Reclaim: 0.0 ms]
      [Free CSet: 0.2 ms]
   [Eden: 258.0M(258.0M)->0.0B(256.0M) Survivors: 25600.0K->27648.0K Heap: 385.2M(472.0M)->129.2M(472.0M)]
 [Times: user=0.09 sys=0.00, real=0.05 secs] 
2024-07-06T11:28:50.565+0800: 284.731: [GC pause (G1 Evacuation Pause) (young), 0.0445263 secs]
   [Parallel Time: 43.9 ms, GC Workers: 2]
      [GC Worker Start (ms): Min: 284730.8, Avg: 284730.9, Max: 284730.9, Diff: 0.0]
      [Ext Root Scanning (ms): Min: 0.5, Avg: 0.5, Max: 0.5, Diff: 0.0, Sum: 1.0]
      [Update RS (ms): Min: 0.0, Avg: 0.0, Max: 0.0, Diff: 0.0, Sum: 0.1]
         [Processed Buffers: Min: 1, Avg: 2.5, Max: 4, Diff: 3, Sum: 5]
      [Scan RS (ms): Min: 0.1, Avg: 0.1, Max: 0.1, Diff: 0.0, Sum: 0.2]
      [Code Root Scanning (ms): Min: 0.0, Avg: 0.0, Max: 0.0, Diff: 0.0, Sum: 0.0]
      [Object Copy (ms): Min: 43.2, Avg: 43.3, Max: 43.3, Diff: 0.0, Sum: 86.5]
      [Termination (ms): Min: 0.0, Avg: 0.0, Max: 0.0, Diff: 0.0, Sum: 0.0]
         [Termination Attempts: Min: 1, Avg: 1.0, Max: 1, Diff: 0, Sum: 2]
      [GC Worker Other (ms): Min: 0.0, Avg: 0.0, Max: 0.0, Diff: 0.0, Sum: 0.0]
      [GC Worker Total (ms): Min: 43.9, Avg: 43.9, Max: 43.9, Diff: 0.0, Sum: 87.7]
      [GC Worker End (ms): Min: 284774.7, Avg: 284774.7, Max: 284774.7, Diff: 0.0]
   [Code Root Fixup: 0.0 ms]
   [Code Root Purge: 0.0 ms]
   [Clear CT: 0.2 ms]
   [Other: 0.4 ms]
      [Choose CSet: 0.0 ms]
      [Ref Proc: 0.1 ms]
      [Ref Enq: 0.0 ms]
      [Redirty Cards: 0.0 ms]
      [Humongous Register: 0.0 ms]
      [Humongous Reclaim: 0.0 ms]
      [Free CSet: 0.1 ms]
   [Eden: 256.0M(256.0M)->0.0B(257.0M) Survivors: 27648.0K->26624.0K Heap: 385.2M(472.0M)->128.2M(472.0M)]
 [Times: user=0.09 sys=0.00, real=0.05 secs] 
2024-07-06T11:28:51.233+0800: 285.399: [GC pause (G1 Evacuation Pause) (young), 0.0263086 secs]
   [Parallel Time: 25.7 ms, GC Workers: 2]
      [GC Worker Start (ms): Min: 285399.2, Avg: 285399.2, Max: 285399.2, Diff: 0.0]
      [Ext Root Scanning (ms): Min: 0.5, Avg: 0.5, Max: 0.5, Diff: 0.0, Sum: 1.0]
      [Update RS (ms): Min: 0.0, Avg: 0.0, Max: 0.0, Diff: 0.0, Sum: 0.0]
         [Processed Buffers: Min: 2, Avg: 2.5, Max: 3, Diff: 1, Sum: 5]
      [Scan RS (ms): Min: 0.1, Avg: 0.1, Max: 0.1, Diff: 0.0, Sum: 0.2]
      [Code Root Scanning (ms): Min: 0.0, Avg: 0.0, Max: 0.0, Diff: 0.0, Sum: 0.0]
      [Object Copy (ms): Min: 25.0, Avg: 25.0, Max: 25.0, Diff: 0.0, Sum: 49.9]
      [Termination (ms): Min: 0.0, Avg: 0.0, Max: 0.0, Diff: 0.0, Sum: 0.0]
         [Termination Attempts: Min: 1, Avg: 1.0, Max: 1, Diff: 0, Sum: 2]
      [GC Worker Other (ms): Min: 0.0, Avg: 0.0, Max: 0.0, Diff: 0.0, Sum: 0.0]
      [GC Worker Total (ms): Min: 25.6, Avg: 25.6, Max: 25.6, Diff: 0.0, Sum: 51.2]
      [GC Worker End (ms): Min: 285424.8, Avg: 285424.8, Max: 285424.8, Diff: 0.0]
   [Code Root Fixup: 0.0 ms]
   [Code Root Purge: 0.0 ms]
   [Clear CT: 0.1 ms]
   [Other: 0.4 ms]
      [Choose CSet: 0.0 ms]
      [Ref Proc: 0.1 ms]
      [Ref Enq: 0.0 ms]
      [Redirty Cards: 0.0 ms]
      [Humongous Register: 0.0 ms]
      [Humongous Reclaim: 0.0 ms]
      [Free CSet: 0.2 ms]
   [Eden: 257.0M(257.0M)->0.0B(266.0M) Survivors: 26624.0K->17408.0K Heap: 385.2M(472.0M)->119.2M(472.0M)]
 [Times: user=0.05 sys=0.00, real=0.03 secs] 
2024-07-06T11:28:51.900+0800: 286.066: [GC pause (G1 Evacuation Pause) (young), 0.0375151 secs]
   [Parallel Time: 37.0 ms, GC Workers: 2]
      [GC Worker Start (ms): Min: 286066.4, Avg: 286066.4, Max: 286066.4, Diff: 0.0]
      [Ext Root Scanning (ms): Min: 0.5, Avg: 0.5, Max: 0.5, Diff: 0.0, Sum: 0.9]
      [Update RS (ms): Min: 0.0, Avg: 0.0, Max: 0.0, Diff: 0.0, Sum: 0.0]
         [Processed Buffers: Min: 2, Avg: 2.5, Max: 3, Diff: 1, Sum: 5]
      [Scan RS (ms): Min: 0.1, Avg: 0.1, Max: 0.1, Diff: 0.0, Sum: 0.2]
      [Code Root Scanning (ms): Min: 0.0, Avg: 0.0, Max: 0.0, Diff: 0.0, Sum: 0.0]
      [Object Copy (ms): Min: 36.3, Avg: 36.3, Max: 36.3, Diff: 0.0, Sum: 72.6]
      [Termination (ms): Min: 0.0, Avg: 0.0, Max: 0.0, Diff: 0.0, Sum: 0.0]
         [Termination Attempts: Min: 1, Avg: 1.0, Max: 1, Diff: 0, Sum: 2]
      [GC Worker Other (ms): Min: 0.0, Avg: 0.0, Max: 0.0, Diff: 0.0, Sum: 0.0]
      [GC Worker Total (ms): Min: 36.9, Avg: 36.9, Max: 36.9, Diff: 0.0, Sum: 73.8]
      [GC Worker End (ms): Min: 286103.3, Avg: 286103.3, Max: 286103.3, Diff: 0.0]
   [Code Root Fixup: 0.0 ms]
   [Code Root Purge: 0.0 ms]
   [Clear CT: 0.1 ms]
   [Other: 0.4 ms]
      [Choose CSet: 0.0 ms]
      [Ref Proc: 0.1 ms]
      [Ref Enq: 0.0 ms]
      [Redirty Cards: 0.1 ms]
      [Humongous Register: 0.0 ms]
      [Humongous Reclaim: 0.0 ms]
      [Free CSet: 0.1 ms]
   [Eden: 266.0M(266.0M)->0.0B(258.0M) Survivors: 17408.0K->25600.0K Heap: 385.2M(472.0M)->126.7M(472.0M)]
 [Times: user=0.08 sys=0.00, real=0.04 secs] 
2024-07-06T11:28:52.599+0800: 286.765: [GC pause (G1 Evacuation Pause) (young), 0.0457970 secs]
   [Parallel Time: 45.3 ms, GC Workers: 2]
      [GC Worker Start (ms): Min: 286765.6, Avg: 286765.6, Max: 286765.6, Diff: 0.0]
      [Ext Root Scanning (ms): Min: 0.5, Avg: 0.5, Max: 0.5, Diff: 0.0, Sum: 1.0]
      [Update RS (ms): Min: 0.0, Avg: 0.0, Max: 0.0, Diff: 0.0, Sum: 0.1]
         [Processed Buffers: Min: 1, Avg: 2.5, Max: 4, Diff: 3, Sum: 5]
      [Scan RS (ms): Min: 0.1, Avg: 0.1, Max: 0.1, Diff: 0.0, Sum: 0.2]
      [Code Root Scanning (ms): Min: 0.0, Avg: 0.0, Max: 0.0, Diff: 0.0, Sum: 0.0]
      [Object Copy (ms): Min: 44.5, Avg: 44.5, Max: 44.5, Diff: 0.0, Sum: 89.1]
      [Termination (ms): Min: 0.0, Avg: 0.0, Max: 0.0, Diff: 0.0, Sum: 0.0]
         [Termination Attempts: Min: 1, Avg: 1.0, Max: 1, Diff: 0, Sum: 2]
      [GC Worker Other (ms): Min: 0.0, Avg: 0.0, Max: 0.0, Diff: 0.0, Sum: 0.0]
      [GC Worker Total (ms): Min: 45.2, Avg: 45.2, Max: 45.2, Diff: 0.0, Sum: 90.3]
      [GC Worker End (ms): Min: 286810.7, Avg: 286810.7, Max: 286810.7, Diff: 0.0]
   [Code Root Fixup: 0.0 ms]
   [Code Root Purge: 0.0 ms]
   [Clear CT: 0.1 ms]
   [Other: 0.4 ms]
      [Choose CSet: 0.0 ms]
      [Ref Proc: 0.1 ms]
      [Ref Enq: 0.0 ms]
      [Redirty Cards: 0.1 ms]
      [Humongous Register: 0.0 ms]
      [Humongous Reclaim: 0.0 ms]
      [Free CSet: 0.1 ms]
   [Eden: 258.0M(258.0M)->0.0B(255.0M) Survivors: 25600.0K->28672.0K Heap: 384.7M(472.0M)->129.7M(472.0M)]
 [Times: user=0.09 sys=0.00, real=0.04 secs] 
2024-07-06T11:28:53.271+0800: 287.437: [GC pause (G1 Evacuation Pause) (young), 0.0417089 secs]
   [Parallel Time: 41.1 ms, GC Workers: 2]
      [GC Worker Start (ms): Min: 287437.6, Avg: 287437.6, Max: 287437.6, Diff: 0.0]
      [Ext Root Scanning (ms): Min: 0.5, Avg: 0.5, Max: 0.5, Diff: 0.0, Sum: 1.0]
      [Update RS (ms): Min: 0.0, Avg: 0.0, Max: 0.0, Diff: 0.0, Sum: 0.1]
         [Processed Buffers: Min: 2, Avg: 2.5, Max: 3, Diff: 1, Sum: 5]
      [Scan RS (ms): Min: 0.1, Avg: 0.1, Max: 0.1, Diff: 0.0, Sum: 0.2]
      [Code Root Scanning (ms): Min: 0.0, Avg: 0.0, Max: 0.0, Diff: 0.0, Sum: 0.0]
      [Object Copy (ms): Min: 40.3, Avg: 40.4, Max: 40.4, Diff: 0.0, Sum: 80.7]
      [Termination (ms): Min: 0.0, Avg: 0.0, Max: 0.0, Diff: 0.0, Sum: 0.0]
         [Termination Attempts: Min: 1, Avg: 1.0, Max: 1, Diff: 0, Sum: 2]
      [GC Worker Other (ms): Min: 0.0, Avg: 0.0, Max: 0.0, Diff: 0.0, Sum: 0.0]
      [GC Worker Total (ms): Min: 41.0, Avg: 41.0, Max: 41.0, Diff: 0.0, Sum: 81.9]
      [GC Worker End (ms): Min: 287478.6, Avg: 287478.6, Max: 287478.6, Diff: 0.0]
   [Code Root Fixup: 0.0 ms]
   [Code Root Purge: 0.0 ms]
   [Clear CT: 0.2 ms]
   [Other: 0.5 ms]
      [Choose CSet: 0.0 ms]
      [Ref Proc: 0.1 ms]
      [Ref Enq: 0.0 ms]
      [Redirty Cards: 0.0 ms]
      [Humongous Register: 0.0 ms]
      [Humongous Reclaim: 0.0 ms]
      [Free CSet: 0.2 ms]
   [Eden: 255.0M(255.0M)->0.0B(259.0M) Survivors: 28672.0K->24576.0K Heap: 384.7M(472.0M)->126.2M(472.0M)]
 [Times: user=0.08 sys=0.00, real=0.04 secs] 
2024-07-06T11:28:53.991+0800: 288.157: [GC pause (G1 Evacuation Pause) (young), 0.0342553 secs]
   [Parallel Time: 33.6 ms, GC Workers: 2]
      [GC Worker Start (ms): Min: 288157.2, Avg: 288157.2, Max: 288157.2, Diff: 0.0]
      [Ext Root Scanning (ms): Min: 0.5, Avg: 0.5, Max: 0.6, Diff: 0.0, Sum: 1.1]
      [Update RS (ms): Min: 0.0, Avg: 0.0, Max: 0.0, Diff: 0.0, Sum: 0.1]
         [Processed Buffers: Min: 2, Avg: 2.5, Max: 3, Diff: 1, Sum: 5]
      [Scan RS (ms): Min: 0.1, Avg: 0.1, Max: 0.1, Diff: 0.0, Sum: 0.2]
      [Code Root Scanning (ms): Min: 0.0, Avg: 0.0, Max: 0.0, Diff: 0.0, Sum: 0.0]
      [Object Copy (ms): Min: 32.8, Avg: 32.8, Max: 32.8, Diff: 0.0, Sum: 65.6]
      [Termination (ms): Min: 0.0, Avg: 0.0, Max: 0.0, Diff: 0.0, Sum: 0.0]
         [Termination Attempts: Min: 1, Avg: 1.0, Max: 1, Diff: 0, Sum: 2]
      [GC Worker Other (ms): Min: 0.0, Avg: 0.0, Max: 0.0, Diff: 0.0, Sum: 0.0]
      [GC Worker Total (ms): Min: 33.5, Avg: 33.5, Max: 33.5, Diff: 0.0, Sum: 67.0]
      [GC Worker End (ms): Min: 288190.7, Avg: 288190.7, Max: 288190.7, Diff: 0.0]
   [Code Root Fixup: 0.0 ms]
   [Code Root Purge: 0.0 ms]
   [Clear CT: 0.2 ms]
   [Other: 0.5 ms]
      [Choose CSet: 0.0 ms]
      [Ref Proc: 0.1 ms]
      [Ref Enq: 0.0 ms]
      [Redirty Cards: 0.0 ms]
      [Humongous Register: 0.0 ms]
      [Humongous Reclaim: 0.0 ms]
      [Free CSet: 0.1 ms]
   [Eden: 259.0M(259.0M)->0.0B(263.0M) Survivors: 24576.0K->20480.0K Heap: 385.2M(472.0M)->121.7M(472.0M)]
 [Times: user=0.06 sys=0.00, real=0.03 secs] 
2024-07-06T11:28:54.643+0800: 288.809: [GC pause (G1 Evacuation Pause) (young), 0.0234422 secs]
   [Parallel Time: 22.9 ms, GC Workers: 2]
      [GC Worker Start (ms): Min: 288808.8, Avg: 288809.1, Max: 288809.4, Diff: 0.5]
      [Ext Root Scanning (ms): Min: 0.2, Avg: 0.4, Max: 0.7, Diff: 0.5, Sum: 0.8]
      [Update RS (ms): Min: 0.0, Avg: 0.0, Max: 0.1, Diff: 0.1, Sum: 0.1]
         [Processed Buffers: Min: 0, Avg: 2.5, Max: 5, Diff: 5, Sum: 5]
      [Scan RS (ms): Min: 0.1, Avg: 0.1, Max: 0.1, Diff: 0.0, Sum: 0.2]
      [Code Root Scanning (ms): Min: 0.0, Avg: 0.0, Max: 0.0, Diff: 0.0, Sum: 0.0]
      [Object Copy (ms): Min: 22.0, Avg: 22.0, Max: 22.0, Diff: 0.1, Sum: 44.0]
      [Termination (ms): Min: 0.0, Avg: 0.0, Max: 0.0, Diff: 0.0, Sum: 0.0]
         [Termination Attempts: Min: 1, Avg: 1.0, Max: 1, Diff: 0, Sum: 2]
      [GC Worker Other (ms): Min: 0.0, Avg: 0.0, Max: 0.0, Diff: 0.0, Sum: 0.0]
      [GC Worker Total (ms): Min: 22.3, Avg: 22.6, Max: 22.8, Diff: 0.5, Sum: 45.2]
      [GC Worker End (ms): Min: 288831.7, Avg: 288831.7, Max: 288831.7, Diff: 0.0]
   [Code Root Fixup: 0.0 ms]
   [Code Root Purge: 0.0 ms]
   [Clear CT: 0.1 ms]
   [Other: 0.4 ms]
      [Choose CSet: 0.0 ms]
      [Ref Proc: 0.1 ms]
      [Ref Enq: 0.0 ms]
      [Redirty Cards: 0.1 ms]
      [Humongous Register: 0.0 ms]
      [Humongous Reclaim: 0.0 ms]
      [Free CSet: 0.1 ms]
   [Eden: 263.0M(263.0M)->0.0B(268.0M) Survivors: 20480.0K->15360.0K Heap: 384.7M(472.0M)->116.7M(472.0M)]
 [Times: user=0.05 sys=0.00, real=0.02 secs] 
2024-07-06T11:28:55.279+0800: 289.446: [GC pause (G1 Evacuation Pause) (young), 0.0385391 secs]
   [Parallel Time: 38.0 ms, GC Workers: 2]
      [GC Worker Start (ms): Min: 289445.6, Avg: 289445.6, Max: 289445.6, Diff: 0.0]
      [Ext Root Scanning (ms): Min: 0.5, Avg: 0.5, Max: 0.5, Diff: 0.0, Sum: 1.1]
      [Update RS (ms): Min: 0.0, Avg: 0.0, Max: 0.0, Diff: 0.0, Sum: 0.1]
         [Processed Buffers: Min: 2, Avg: 2.5, Max: 3, Diff: 1, Sum: 5]
      [Scan RS (ms): Min: 0.1, Avg: 0.1, Max: 0.1, Diff: 0.0, Sum: 0.2]
      [Code Root Scanning (ms): Min: 0.0, Avg: 0.0, Max: 0.0, Diff: 0.0, Sum: 0.0]
      [Object Copy (ms): Min: 37.3, Avg: 37.3, Max: 37.3, Diff: 0.0, Sum: 74.5]
      [Termination (ms): Min: 0.0, Avg: 0.0, Max: 0.0, Diff: 0.0, Sum: 0.0]
         [Termination Attempts: Min: 1, Avg: 1.0, Max: 1, Diff: 0, Sum: 2]
      [GC Worker Other (ms): Min: 0.0, Avg: 0.0, Max: 0.0, Diff: 0.0, Sum: 0.0]
      [GC Worker Total (ms): Min: 37.9, Avg: 38.0, Max: 38.0, Diff: 0.0, Sum: 75.9]
      [GC Worker End (ms): Min: 289483.5, Avg: 289483.5, Max: 289483.5, Diff: 0.0]
   [Code Root Fixup: 0.0 ms]
   [Code Root Purge: 0.0 ms]
   [Clear CT: 0.1 ms]
   [Other: 0.4 ms]
      [Choose CSet: 0.0 ms]
      [Ref Proc: 0.1 ms]
      [Ref Enq: 0.0 ms]
      [Redirty Cards: 0.0 ms]
      [Humongous Register: 0.0 ms]
      [Humongous Reclaim: 0.0 ms]
      [Free CSet: 0.2 ms]
   [Eden: 268.0M(268.0M)->0.0B(259.0M) Survivors: 15360.0K->24576.0K Heap: 384.7M(472.0M)->125.7M(472.0M)]
 [Times: user=0.07 sys=0.00, real=0.04 secs] 
2024-07-06T11:28:55.954+0800: 290.120: [GC pause (G1 Evacuation Pause) (young), 0.0337270 secs]
   [Parallel Time: 33.2 ms, GC Workers: 2]
      [GC Worker Start (ms): Min: 290120.0, Avg: 290120.0, Max: 290120.0, Diff: 0.0]
      [Ext Root Scanning (ms): Min: 0.4, Avg: 0.4, Max: 0.5, Diff: 0.0, Sum: 0.9]
      [Update RS (ms): Min: 0.0, Avg: 0.0, Max: 0.1, Diff: 0.0, Sum: 0.1]
         [Processed Buffers: Min: 2, Avg: 2.5, Max: 3, Diff: 1, Sum: 5]
      [Scan RS (ms): Min: 0.1, Avg: 0.1, Max: 0.1, Diff: 0.0, Sum: 0.2]
      [Code Root Scanning (ms): Min: 0.0, Avg: 0.0, Max: 0.0, Diff: 0.0, Sum: 0.0]
      [Object Copy (ms): Min: 32.4, Avg: 32.5, Max: 32.5, Diff: 0.1, Sum: 64.9]
      [Termination (ms): Min: 0.0, Avg: 0.0, Max: 0.0, Diff: 0.0, Sum: 0.0]
         [Termination Attempts: Min: 1, Avg: 1.0, Max: 1, Diff: 0, Sum: 2]
      [GC Worker Other (ms): Min: 0.0, Avg: 0.0, Max: 0.0, Diff: 0.0, Sum: 0.1]
      [GC Worker Total (ms): Min: 33.0, Avg: 33.0, Max: 33.0, Diff: 0.0, Sum: 66.1]
      [GC Worker End (ms): Min: 290153.0, Avg: 290153.0, Max: 290153.1, Diff: 0.0]
   [Code Root Fixup: 0.0 ms]
   [Code Root Purge: 0.0 ms]
   [Clear CT: 0.1 ms]
   [Other: 0.4 ms]
      [Choose CSet: 0.0 ms]
      [Ref Proc: 0.1 ms]
      [Ref Enq: 0.0 ms]
      [Redirty Cards: 0.0 ms]
      [Humongous Register: 0.0 ms]
      [Humongous Reclaim: 0.0 ms]
      [Free CSet: 0.1 ms]
   [Eden: 259.0M(259.0M)->0.0B(261.0M) Survivors: 24576.0K->22528.0K Heap: 384.7M(472.0M)->124.2M(472.0M)]
 [Times: user=0.07 sys=0.00, real=0.04 secs] 
2024-07-06T11:28:56.585+0800: 290.751: [GC pause (G1 Evacuation Pause) (young), 0.0390846 secs]
   [Parallel Time: 38.6 ms, GC Workers: 2]
      [GC Worker Start (ms): Min: 290751.6, Avg: 290751.6, Max: 290751.6, Diff: 0.0]
      [Ext Root Scanning (ms): Min: 0.5, Avg: 0.5, Max: 0.5, Diff: 0.0, Sum: 1.0]
      [Update RS (ms): Min: 0.0, Avg: 0.2, Max: 0.3, Diff: 0.3, Sum: 0.4]
         [Processed Buffers: Min: 1, Avg: 2.5, Max: 4, Diff: 3, Sum: 5]
      [Scan RS (ms): Min: 0.0, Avg: 0.1, Max: 0.2, Diff: 0.1, Sum: 0.2]
      [Code Root Scanning (ms): Min: 0.0, Avg: 0.0, Max: 0.0, Diff: 0.0, Sum: 0.0]
      [Object Copy (ms): Min: 37.6, Avg: 37.7, Max: 37.8, Diff: 0.1, Sum: 75.4]
      [Termination (ms): Min: 0.0, Avg: 0.0, Max: 0.0, Diff: 0.0, Sum: 0.0]
         [Termination Attempts: Min: 1, Avg: 1.0, Max: 1, Diff: 0, Sum: 2]
      [GC Worker Other (ms): Min: 0.0, Avg: 0.0, Max: 0.0, Diff: 0.0, Sum: 0.1]
      [GC Worker Total (ms): Min: 38.5, Avg: 38.5, Max: 38.5, Diff: 0.0, Sum: 77.0]
      [GC Worker End (ms): Min: 290790.1, Avg: 290790.1, Max: 290790.1, Diff: 0.0]
   [Code Root Fixup: 0.0 ms]
   [Code Root Purge: 0.0 ms]
   [Clear CT: 0.1 ms]
   [Other: 0.4 ms]
      [Choose CSet: 0.0 ms]
      [Ref Proc: 0.1 ms]
      [Ref Enq: 0.0 ms]
      [Redirty Cards: 0.0 ms]
      [Humongous Register: 0.0 ms]
      [Humongous Reclaim: 0.0 ms]
      [Free CSet: 0.1 ms]
   [Eden: 261.0M(261.0M)->0.0B(257.0M) Survivors: 22528.0K->26624.0K Heap: 385.2M(472.0M)->127.7M(472.0M)]
 [Times: user=0.08 sys=0.00, real=0.04 secs] 
2024-07-06T11:28:57.243+0800: 291.410: [GC pause (G1 Evacuation Pause) (young), 0.0472290 secs]
   [Parallel Time: 46.4 ms, GC Workers: 2]
      [GC Worker Start (ms): Min: 291409.6, Avg: 291409.6, Max: 291409.6, Diff: 0.0]
      [Ext Root Scanning (ms): Min: 0.5, Avg: 0.5, Max: 0.5, Diff: 0.0, Sum: 1.0]
      [Update RS (ms): Min: 0.0, Avg: 0.0, Max: 0.0, Diff: 0.0, Sum: 0.1]
         [Processed Buffers: Min: 2, Avg: 2.5, Max: 3, Diff: 1, Sum: 5]
      [Scan RS (ms): Min: 0.1, Avg: 0.1, Max: 0.1, Diff: 0.0, Sum: 0.2]
      [Code Root Scanning (ms): Min: 0.0, Avg: 0.0, Max: 0.0, Diff: 0.0, Sum: 0.0]
      [Object Copy (ms): Min: 45.7, Avg: 45.7, Max: 45.7, Diff: 0.0, Sum: 91.4]
      [Termination (ms): Min: 0.0, Avg: 0.0, Max: 0.0, Diff: 0.0, Sum: 0.0]
         [Termination Attempts: Min: 1, Avg: 1.0, Max: 1, Diff: 0, Sum: 2]
      [GC Worker Other (ms): Min: 0.0, Avg: 0.0, Max: 0.0, Diff: 0.0, Sum: 0.0]
      [GC Worker Total (ms): Min: 46.3, Avg: 46.3, Max: 46.3, Diff: 0.0, Sum: 92.7]
      [GC Worker End (ms): Min: 291456.0, Avg: 291456.0, Max: 291456.0, Diff: 0.0]
   [Code Root Fixup: 0.0 ms]
   [Code Root Purge: 0.0 ms]
   [Clear CT: 0.2 ms]
   [Other: 0.6 ms]
      [Choose CSet: 0.0 ms]
      [Ref Proc: 0.1 ms]
      [Ref Enq: 0.0 ms]
      [Redirty Cards: 0.2 ms]
      [Humongous Register: 0.0 ms]
      [Humongous Reclaim: 0.0 ms]
      [Free CSet: 0.2 ms]
   [Eden: 257.0M(257.0M)->0.0B(254.0M) Survivors: 26624.0K->29696.0K Heap: 384.7M(472.0M)->130.7M(472.0M)]
 [Times: user=0.10 sys=0.00, real=0.05 secs] 
2024-07-06T11:28:57.914+0800: 292.080: [GC pause (G1 Evacuation Pause) (young), 0.0701440 secs]
   [Parallel Time: 68.0 ms, GC Workers: 2]
      [GC Worker Start (ms): Min: 292080.2, Avg: 292080.2, Max: 292080.2, Diff: 0.0]
      [Ext Root Scanning (ms): Min: 0.4, Avg: 0.5, Max: 0.5, Diff: 0.0, Sum: 0.9]
      [Update RS (ms): Min: 0.0, Avg: 0.0, Max: 0.0, Diff: 0.0, Sum: 0.1]
         [Processed Buffers: Min: 2, Avg: 2.5, Max: 3, Diff: 1, Sum: 5]
      [Scan RS (ms): Min: 0.1, Avg: 0.1, Max: 0.1, Diff: 0.0, Sum: 0.2]
      [Code Root Scanning (ms): Min: 0.0, Avg: 0.0, Max: 0.0, Diff: 0.0, Sum: 0.0]
      [Object Copy (ms): Min: 67.3, Avg: 67.3, Max: 67.4, Diff: 0.0, Sum: 134.7]
      [Termination (ms): Min: 0.0, Avg: 0.0, Max: 0.0, Diff: 0.0, Sum: 0.0]
         [Termination Attempts: Min: 1, Avg: 1.0, Max: 1, Diff: 0, Sum: 2]
      [GC Worker Other (ms): Min: 0.0, Avg: 0.0, Max: 0.0, Diff: 0.0, Sum: 0.0]
      [GC Worker Total (ms): Min: 67.9, Avg: 67.9, Max: 68.0, Diff: 0.0, Sum: 135.9]
      [GC Worker End (ms): Min: 292148.2, Avg: 292148.2, Max: 292148.2, Diff: 0.0]
   [Code Root Fixup: 0.0 ms]
   [Code Root Purge: 0.0 ms]
   [Clear CT: 0.3 ms]
   [Other: 1.9 ms]
      [Choose CSet: 0.0 ms]
      [Ref Proc: 1.4 ms]
      [Ref Enq: 0.0 ms]
      [Redirty Cards: 0.1 ms]
      [Humongous Register: 0.0 ms]
      [Humongous Reclaim: 0.0 ms]
      [Free CSet: 0.2 ms]
   [Eden: 254.0M(254.0M)->0.0B(257.0M) Survivors: 29696.0K->26624.0K Heap: 384.7M(472.0M)->128.2M(472.0M)]
 [Times: user=0.09 sys=0.00, real=0.07 secs] 
2024-07-06T11:28:58.622+0800: 292.789: [GC pause (G1 Evacuation Pause) (young), 0.0381982 secs]
   [Parallel Time: 37.7 ms, GC Workers: 2]
      [GC Worker Start (ms): Min: 292788.6, Avg: 292788.6, Max: 292788.7, Diff: 0.0]
      [Ext Root Scanning (ms): Min: 0.5, Avg: 0.5, Max: 0.5, Diff: 0.0, Sum: 0.9]
      [Update RS (ms): Min: 0.0, Avg: 0.0, Max: 0.0, Diff: 0.0, Sum: 0.1]
         [Processed Buffers: Min: 2, Avg: 2.5, Max: 3, Diff: 1, Sum: 5]
      [Scan RS (ms): Min: 0.1, Avg: 0.1, Max: 0.1, Diff: 0.0, Sum: 0.2]
      [Code Root Scanning (ms): Min: 0.0, Avg: 0.0, Max: 0.0, Diff: 0.0, Sum: 0.0]
      [Object Copy (ms): Min: 36.9, Avg: 36.9, Max: 36.9, Diff: 0.0, Sum: 73.9]
      [Termination (ms): Min: 0.0, Avg: 0.0, Max: 0.0, Diff: 0.0, Sum: 0.0]
         [Termination Attempts: Min: 1, Avg: 1.0, Max: 1, Diff: 0, Sum: 2]
      [GC Worker Other (ms): Min: 0.0, Avg: 0.0, Max: 0.0, Diff: 0.0, Sum: 0.0]
      [GC Worker Total (ms): Min: 37.5, Avg: 37.5, Max: 37.6, Diff: 0.0, Sum: 75.1]
      [GC Worker End (ms): Min: 292826.2, Avg: 292826.2, Max: 292826.2, Diff: 0.0]
   [Code Root Fixup: 0.0 ms]
   [Code Root Purge: 0.0 ms]
   [Clear CT: 0.1 ms]
   [Other: 0.4 ms]
      [Choose CSet: 0.0 ms]
      [Ref Proc: 0.1 ms]
      [Ref Enq: 0.0 ms]
      [Redirty Cards: 0.0 ms]
      [Humongous Register: 0.0 ms]
      [Humongous Reclaim: 0.0 ms]
      [Free CSet: 0.2 ms]
   [Eden: 257.0M(257.0M)->0.0B(262.0M) Survivors: 26624.0K->21504.0K Heap: 385.2M(472.0M)->123.3M(472.0M)]
 [Times: user=0.07 sys=0.00, real=0.04 secs] 
2024-07-06T11:28:59.103+0800: 293.269: [GC pause (G1 Evacuation Pause) (young), 0.0154556 secs]
   [Parallel Time: 14.9 ms, GC Workers: 2]
      [GC Worker Start (ms): Min: 293269.4, Avg: 293269.4, Max: 293269.4, Diff: 0.0]
      [Ext Root Scanning (ms): Min: 0.5, Avg: 0.5, Max: 0.5, Diff: 0.0, Sum: 1.0]
      [Update RS (ms): Min: 0.0, Avg: 0.0, Max: 0.0, Diff: 0.0, Sum: 0.0]
         [Processed Buffers: Min: 1, Avg: 2.5, Max: 4, Diff: 3, Sum: 5]
      [Scan RS (ms): Min: 0.1, Avg: 0.1, Max: 0.1, Diff: 0.0, Sum: 0.2]
      [Code Root Scanning (ms): Min: 0.0, Avg: 0.0, Max: 0.0, Diff: 0.0, Sum: 0.0]
      [Object Copy (ms): Min: 14.2, Avg: 14.3, Max: 14.3, Diff: 0.0, Sum: 28.5]
      [Termination (ms): Min: 0.0, Avg: 0.0, Max: 0.0, Diff: 0.0, Sum: 0.0]
         [Termination Attempts: Min: 1, Avg: 1.0, Max: 1, Diff: 0, Sum: 2]
      [GC Worker Other (ms): Min: 0.0, Avg: 0.0, Max: 0.0, Diff: 0.0, Sum: 0.0]
      [GC Worker Total (ms): Min: 14.9, Avg: 14.9, Max: 14.9, Diff: 0.0, Sum: 29.8]
      [GC Worker End (ms): Min: 293284.3, Avg: 293284.3, Max: 293284.3, Diff: 0.0]
   [Code Root Fixup: 0.0 ms]
   [Code Root Purge: 0.0 ms]
   [Clear CT: 0.1 ms]
   [Other: 0.4 ms]
      [Choose CSet: 0.0 ms]
      [Ref Proc: 0.1 ms]
      [Ref Enq: 0.0 ms]
      [Redirty Cards: 0.0 ms]
      [Humongous Register: 0.1 ms]
      [Humongous Reclaim: 0.0 ms]
      [Free CSet: 0.1 ms]
   [Eden: 262.0M(262.0M)->0.0B(270.0M) Survivors: 21504.0K->13312.0K Heap: 385.3M(472.0M)->114.8M(472.0M)]
 [Times: user=0.03 sys=0.00, real=0.02 secs] 
2024-07-06T11:28:59.507+0800: 293.673: [GC pause (G1 Evacuation Pause) (young), 0.0261091 secs]
   [Parallel Time: 25.6 ms, GC Workers: 2]
      [GC Worker Start (ms): Min: 293673.5, Avg: 293673.5, Max: 293673.5, Diff: 0.0]
      [Ext Root Scanning (ms): Min: 0.5, Avg: 0.5, Max: 0.5, Diff: 0.0, Sum: 1.0]
      [Update RS (ms): Min: 0.0, Avg: 0.0, Max: 0.0, Diff: 0.0, Sum: 0.0]
         [Processed Buffers: Min: 2, Avg: 2.5, Max: 3, Diff: 1, Sum: 5]
      [Scan RS (ms): Min: 0.1, Avg: 0.1, Max: 0.1, Diff: 0.0, Sum: 0.2]
      [Code Root Scanning (ms): Min: 0.0, Avg: 0.0, Max: 0.0, Diff: 0.0, Sum: 0.0]
      [Object Copy (ms): Min: 24.9, Avg: 24.9, Max: 24.9, Diff: 0.0, Sum: 49.8]
      [Termination (ms): Min: 0.0, Avg: 0.0, Max: 0.0, Diff: 0.0, Sum: 0.0]
         [Termination Attempts: Min: 1, Avg: 1.0, Max: 1, Diff: 0, Sum: 2]
      [GC Worker Other (ms): Min: 0.0, Avg: 0.0, Max: 0.0, Diff: 0.0, Sum: 0.0]
      [GC Worker Total (ms): Min: 25.5, Avg: 25.5, Max: 25.5, Diff: 0.0, Sum: 51.1]
      [GC Worker End (ms): Min: 293699.1, Avg: 293699.1, Max: 293699.1, Diff: 0.0]
   [Code Root Fixup: 0.0 ms]
   [Code Root Purge: 0.0 ms]
   [Clear CT: 0.1 ms]
   [Other: 0.4 ms]
      [Choose CSet: 0.0 ms]
      [Ref Proc: 0.1 ms]
      [Ref Enq: 0.0 ms]
      [Redirty Cards: 0.0 ms]
      [Humongous Register: 0.0 ms]
      [Humongous Reclaim: 0.0 ms]
      [Free CSet: 0.1 ms]
   [Eden: 270.0M(270.0M)->0.0B(260.0M) Survivors: 13312.0K->23552.0K Heap: 384.8M(472.0M)->124.8M(472.0M)]
 [Times: user=0.05 sys=0.00, real=0.02 secs] 
2024-07-06T11:28:59.923+0800: 294.089: [GC pause (G1 Evacuation Pause) (young), 0.0225007 secs]
   [Parallel Time: 22.0 ms, GC Workers: 2]
      [GC Worker Start (ms): Min: 294089.6, Avg: 294089.6, Max: 294089.6, Diff: 0.0]
      [Ext Root Scanning (ms): Min: 0.5, Avg: 0.5, Max: 0.5, Diff: 0.0, Sum: 1.0]
      [Update RS (ms): Min: 0.0, Avg: 0.0, Max: 0.0, Diff: 0.0, Sum: 0.0]
         [Processed Buffers: Min: 2, Avg: 2.5, Max: 3, Diff: 1, Sum: 5]
      [Scan RS (ms): Min: 0.1, Avg: 0.1, Max: 0.1, Diff: 0.0, Sum: 0.2]
      [Code Root Scanning (ms): Min: 0.0, Avg: 0.0, Max: 0.0, Diff: 0.0, Sum: 0.0]
      [Object Copy (ms): Min: 21.3, Avg: 21.3, Max: 21.3, Diff: 0.0, Sum: 42.7]
      [Termination (ms): Min: 0.0, Avg: 0.0, Max: 0.0, Diff: 0.0, Sum: 0.0]
         [Termination Attempts: Min: 1, Avg: 1.0, Max: 1, Diff: 0, Sum: 2]
      [GC Worker Other (ms): Min: 0.0, Avg: 0.0, Max: 0.0, Diff: 0.0, Sum: 0.0]
      [GC Worker Total (ms): Min: 21.9, Avg: 21.9, Max: 21.9, Diff: 0.0, Sum: 43.9]
      [GC Worker End (ms): Min: 294111.5, Avg: 294111.5, Max: 294111.5, Diff: 0.0]
   [Code Root Fixup: 0.0 ms]
   [Code Root Purge: 0.0 ms]
   [Clear CT: 0.1 ms]
   [Other: 0.4 ms]
      [Choose CSet: 0.0 ms]
      [Ref Proc: 0.1 ms]
      [Ref Enq: 0.0 ms]
      [Redirty Cards: 0.0 ms]
      [Humongous Register: 0.0 ms]
      [Humongous Reclaim: 0.0 ms]
      [Free CSet: 0.1 ms]
   [Eden: 260.0M(260.0M)->0.0B(262.0M) Survivors: 23552.0K->21504.0K Heap: 384.8M(472.0M)->122.8M(472.0M)]
 [Times: user=0.04 sys=0.00, real=0.02 secs] 
2024-07-06T11:29:00.382+0800: 294.548: [GC pause (G1 Evacuation Pause) (young), 0.0271682 secs]
   [Parallel Time: 26.6 ms, GC Workers: 2]
      [GC Worker Start (ms): Min: 294548.1, Avg: 294548.1, Max: 294548.1, Diff: 0.0]
      [Ext Root Scanning (ms): Min: 0.5, Avg: 0.5, Max: 0.5, Diff: 0.0, Sum: 1.1]
      [Update RS (ms): Min: 0.0, Avg: 0.0, Max: 0.0, Diff: 0.0, Sum: 0.0]
         [Processed Buffers: Min: 0, Avg: 2.5, Max: 5, Diff: 5, Sum: 5]
      [Scan RS (ms): Min: 0.1, Avg: 0.1, Max: 0.1, Diff: 0.0, Sum: 0.2]
      [Code Root Scanning (ms): Min: 0.0, Avg: 0.0, Max: 0.0, Diff: 0.0, Sum: 0.0]
      [Object Copy (ms): Min: 25.8, Avg: 25.8, Max: 25.9, Diff: 0.1, Sum: 51.7]
      [Termination (ms): Min: 0.0, Avg: 0.0, Max: 0.0, Diff: 0.0, Sum: 0.0]
         [Termination Attempts: Min: 1, Avg: 1.0, Max: 1, Diff: 0, Sum: 2]
      [GC Worker Other (ms): Min: 0.0, Avg: 0.0, Max: 0.0, Diff: 0.0, Sum: 0.1]
      [GC Worker Total (ms): Min: 26.5, Avg: 26.5, Max: 26.5, Diff: 0.0, Sum: 53.0]
      [GC Worker End (ms): Min: 294574.6, Avg: 294574.6, Max: 294574.6, Diff: 0.0]
   [Code Root Fixup: 0.0 ms]
   [Code Root Purge: 0.0 ms]
   [Clear CT: 0.1 ms]
   [Other: 0.4 ms]
      [Choose CSet: 0.0 ms]
      [Ref Proc: 0.1 ms]
      [Ref Enq: 0.0 ms]
      [Redirty Cards: 0.0 ms]
      [Humongous Register: 0.0 ms]
      [Humongous Reclaim: 0.0 ms]
      [Free CSet: 0.2 ms]
   [Eden: 262.0M(262.0M)->0.0B(257.0M) Survivors: 21504.0K->26624.0K Heap: 384.8M(472.0M)->127.8M(472.0M)]
 [Times: user=0.05 sys=0.00, real=0.03 secs] 
2024-07-06T11:29:00.809+0800: 294.975: [GC pause (G1 Evacuation Pause) (young), 0.0309041 secs]
   [Parallel Time: 30.4 ms, GC Workers: 2]
      [GC Worker Start (ms): Min: 294975.1, Avg: 294975.1, Max: 294975.1, Diff: 0.0]
      [Ext Root Scanning (ms): Min: 0.5, Avg: 0.5, Max: 0.5, Diff: 0.1, Sum: 1.0]
      [Update RS (ms): Min: 0.0, Avg: 0.0, Max: 0.0, Diff: 0.0, Sum: 0.0]
         [Processed Buffers: Min: 2, Avg: 2.5, Max: 3, Diff: 1, Sum: 5]
      [Scan RS (ms): Min: 0.1, Avg: 0.1, Max: 0.1, Diff: 0.0, Sum: 0.2]
      [Code Root Scanning (ms): Min: 0.0, Avg: 0.0, Max: 0.0, Diff: 0.0, Sum: 0.0]
      [Object Copy (ms): Min: 29.7, Avg: 29.7, Max: 29.7, Diff: 0.0, Sum: 59.4]
      [Termination (ms): Min: 0.0, Avg: 0.0, Max: 0.0, Diff: 0.0, Sum: 0.0]
         [Termination Attempts: Min: 1, Avg: 1.0, Max: 1, Diff: 0, Sum: 2]
      [GC Worker Other (ms): Min: 0.0, Avg: 0.0, Max: 0.0, Diff: 0.0, Sum: 0.0]
      [GC Worker Total (ms): Min: 30.3, Avg: 30.3, Max: 30.3, Diff: 0.0, Sum: 60.7]
      [GC Worker End (ms): Min: 295005.5, Avg: 295005.5, Max: 295005.5, Diff: 0.0]
   [Code Root Fixup: 0.0 ms]
   [Code Root Purge: 0.0 ms]
   [Clear CT: 0.1 ms]
   [Other: 0.4 ms]
      [Choose CSet: 0.0 ms]
      [Ref Proc: 0.1 ms]
      [Ref Enq: 0.0 ms]
      [Redirty Cards: 0.0 ms]
      [Humongous Register: 0.0 ms]
      [Humongous Reclaim: 0.0 ms]
      [Free CSet: 0.1 ms]
   [Eden: 257.0M(257.0M)->0.0B(257.0M) Survivors: 26624.0K->26624.0K Heap: 384.8M(472.0M)->128.3M(472.0M)]
 [Times: user=0.06 sys=0.00, real=0.03 secs] 
2024-07-06T11:29:01.315+0800: 295.481: [GC pause (G1 Evacuation Pause) (young), 0.0390218 secs]
   [Parallel Time: 38.4 ms, GC Workers: 2]
      [GC Worker Start (ms): Min: 295481.6, Avg: 295481.6, Max: 295481.6, Diff: 0.0]
      [Ext Root Scanning (ms): Min: 0.7, Avg: 0.7, Max: 0.7, Diff: 0.0, Sum: 1.3]
      [Update RS (ms): Min: 0.0, Avg: 0.0, Max: 0.0, Diff: 0.0, Sum: 0.1]
         [Processed Buffers: Min: 1, Avg: 2.5, Max: 4, Diff: 3, Sum: 5]
      [Scan RS (ms): Min: 0.1, Avg: 0.1, Max: 0.1, Diff: 0.0, Sum: 0.2]
      [Code Root Scanning (ms): Min: 0.0, Avg: 0.0, Max: 0.0, Diff: 0.0, Sum: 0.0]
      [Object Copy (ms): Min: 37.5, Avg: 37.5, Max: 37.5, Diff: 0.0, Sum: 75.1]
      [Termination (ms): Min: 0.0, Avg: 0.0, Max: 0.0, Diff: 0.0, Sum: 0.0]
         [Termination Attempts: Min: 1, Avg: 1.0, Max: 1, Diff: 0, Sum: 2]
      [GC Worker Other (ms): Min: 0.0, Avg: 0.0, Max: 0.0, Diff: 0.0, Sum: 0.0]
      [GC Worker Total (ms): Min: 38.3, Avg: 38.3, Max: 38.3, Diff: 0.0, Sum: 76.7]
      [GC Worker End (ms): Min: 295519.9, Avg: 295519.9, Max: 295519.9, Diff: 0.0]
   [Code Root Fixup: 0.0 ms]
   [Code Root Purge: 0.0 ms]
   [Clear CT: 0.1 ms]
   [Other: 0.5 ms]
      [Choose CSet: 0.0 ms]
      [Ref Proc: 0.1 ms]
      [Ref Enq: 0.0 ms]
      [Redirty Cards: 0.1 ms]
      [Humongous Register: 0.0 ms]
      [Humongous Reclaim: 0.0 ms]
      [Free CSet: 0.2 ms]
   [Eden: 257.0M(257.0M)->0.0B(256.0M) Survivors: 26624.0K->27648.0K Heap: 385.3M(472.0M)->129.3M(472.0M)]
 [Times: user=0.08 sys=0.00, real=0.03 secs] 
2024-07-06T11:29:01.839+0800: 296.005: [GC pause (G1 Evacuation Pause) (young), 0.0262229 secs]
   [Parallel Time: 25.7 ms, GC Workers: 2]
      [GC Worker Start (ms): Min: 296005.6, Avg: 296005.6, Max: 296005.6, Diff: 0.0]
      [Ext Root Scanning (ms): Min: 0.5, Avg: 0.5, Max: 0.5, Diff: 0.0, Sum: 1.0]
      [Update RS (ms): Min: 0.0, Avg: 0.0, Max: 0.0, Diff: 0.0, Sum: 0.1]
         [Processed Buffers: Min: 2, Avg: 2.5, Max: 3, Diff: 1, Sum: 5]
      [Scan RS (ms): Min: 0.1, Avg: 0.1, Max: 0.1, Diff: 0.0, Sum: 0.2]
      [Code Root Scanning (ms): Min: 0.0, Avg: 0.0, Max: 0.0, Diff: 0.0, Sum: 0.0]
      [Object Copy (ms): Min: 25.0, Avg: 25.0, Max: 25.0, Diff: 0.0, Sum: 50.0]
      [Termination (ms): Min: 0.0, Avg: 0.0, Max: 0.0, Diff: 0.0, Sum: 0.0]
         [Termination Attempts: Min: 1, Avg: 1.0, Max: 1, Diff: 0, Sum: 2]
      [GC Worker Other (ms): Min: 0.0, Avg: 0.0, Max: 0.0, Diff: 0.0, Sum: 0.0]
      [GC Worker Total (ms): Min: 25.6, Avg: 25.7, Max: 25.7, Diff: 0.0, Sum: 51.3]
      [GC Worker End (ms): Min: 296031.2, Avg: 296031.2, Max: 296031.2, Diff: 0.0]
   [Code Root Fixup: 0.0 ms]
   [Code Root Purge: 0.0 ms]
   [Clear CT: 0.1 ms]
   [Other: 0.4 ms]
      [Choose CSet: 0.0 ms]
      [Ref Proc: 0.1 ms]
      [Ref Enq: 0.0 ms]
      [Redirty Cards: 0.0 ms]
      [Humongous Register: 0.0 ms]
      [Humongous Reclaim: 0.0 ms]
      [Free CSet: 0.1 ms]
   [Eden: 256.0M(256.0M)->0.0B(262.0M) Survivors: 27648.0K->21504.0K Heap: 385.3M(472.0M)->123.3M(472.0M)]
 [Times: user=0.05 sys=0.00, real=0.02 secs] 
2024-07-06T11:29:02.375+0800: 296.541: [GC pause (G1 Evacuation Pause) (young), 0.0201806 secs]
   [Parallel Time: 19.6 ms, GC Workers: 2]
      [GC Worker Start (ms): Min: 296541.6, Avg: 296541.6, Max: 296541.6, Diff: 0.0]
      [Ext Root Scanning (ms): Min: 0.5, Avg: 0.5, Max: 0.6, Diff: 0.0, Sum: 1.1]
      [Update RS (ms): Min: 0.0, Avg: 0.0, Max: 0.0, Diff: 0.0, Sum: 0.0]
         [Processed Buffers: Min: 2, Avg: 2.5, Max: 3, Diff: 1, Sum: 5]
      [Scan RS (ms): Min: 0.1, Avg: 0.1, Max: 0.1, Diff: 0.0, Sum: 0.2]
      [Code Root Scanning (ms): Min: 0.0, Avg: 0.0, Max: 0.0, Diff: 0.0, Sum: 0.0]
      [Object Copy (ms): Min: 18.9, Avg: 18.9, Max: 18.9, Diff: 0.0, Sum: 37.8]
      [Termination (ms): Min: 0.0, Avg: 0.0, Max: 0.0, Diff: 0.0, Sum: 0.0]
         [Termination Attempts: Min: 1, Avg: 1.0, Max: 1, Diff: 0, Sum: 2]
      [GC Worker Other (ms): Min: 0.0, Avg: 0.0, Max: 0.0, Diff: 0.0, Sum: 0.0]
      [GC Worker Total (ms): Min: 19.6, Avg: 19.6, Max: 19.6, Diff: 0.0, Sum: 39.2]
      [GC Worker End (ms): Min: 296561.2, Avg: 296561.2, Max: 296561.2, Diff: 0.0]
   [Code Root Fixup: 0.0 ms]
   [Code Root Purge: 0.0 ms]
   [Clear CT: 0.1 ms]
   [Other: 0.4 ms]
      [Choose CSet: 0.0 ms]
      [Ref Proc: 0.1 ms]
      [Ref Enq: 0.0 ms]
      [Redirty Cards: 0.0 ms]
      [Humongous Register: 0.0 ms]
      [Humongous Reclaim: 0.0 ms]
      [Free CSet: 0.2 ms]
   [Eden: 262.0M(262.0M)->0.0B(266.0M) Survivors: 21504.0K->17408.0K Heap: 385.3M(472.0M)->118.8M(472.0M)]
 [Times: user=0.04 sys=0.00, real=0.02 secs] 
2024-07-06T11:29:02.868+0800: 297.034: [GC pause (G1 Evacuation Pause) (young), 0.0320121 secs]
   [Parallel Time: 31.5 ms, GC Workers: 2]
      [GC Worker Start (ms): Min: 297034.5, Avg: 297034.5, Max: 297034.5, Diff: 0.0]
      [Ext Root Scanning (ms): Min: 0.5, Avg: 0.5, Max: 0.5, Diff: 0.0, Sum: 1.1]
      [Update RS (ms): Min: 0.0, Avg: 0.0, Max: 0.0, Diff: 0.0, Sum: 0.0]
         [Processed Buffers: Min: 2, Avg: 2.5, Max: 3, Diff: 1, Sum: 5]
      [Scan RS (ms): Min: 0.1, Avg: 0.1, Max: 0.1, Diff: 0.0, Sum: 0.2]
      [Code Root Scanning (ms): Min: 0.0, Avg: 0.0, Max: 0.0, Diff: 0.0, Sum: 0.0]
      [Object Copy (ms): Min: 30.8, Avg: 30.8, Max: 30.8, Diff: 0.0, Sum: 61.6]
      [Termination (ms): Min: 0.0, Avg: 0.0, Max: 0.0, Diff: 0.0, Sum: 0.0]
         [Termination Attempts: Min: 1, Avg: 1.0, Max: 1, Diff: 0, Sum: 2]
      [GC Worker Other (ms): Min: 0.0, Avg: 0.0, Max: 0.0, Diff: 0.0, Sum: 0.0]
      [GC Worker Total (ms): Min: 31.4, Avg: 31.5, Max: 31.5, Diff: 0.0, Sum: 62.9]
      [GC Worker End (ms): Min: 297065.9, Avg: 297065.9, Max: 297065.9, Diff: 0.0]
   [Code Root Fixup: 0.0 ms]
   [Code Root Purge: 0.0 ms]
   [Clear CT: 0.1 ms]
   [Other: 0.4 ms]
      [Choose CSet: 0.0 ms]
      [Ref Proc: 0.1 ms]
      [Ref Enq: 0.0 ms]
      [Redirty Cards: 0.0 ms]
      [Humongous Register: 0.0 ms]
      [Humongous Reclaim: 0.0 ms]
      [Free CSet: 0.1 ms]
   [Eden: 266.0M(266.0M)->0.0B(257.0M) Survivors: 17408.0K->26624.0K Heap: 384.8M(472.0M)->128.3M(472.0M)]
 [Times: user=0.06 sys=0.00, real=0.03 secs] 
2024-07-06T11:29:03.351+0800: 297.517: [GC pause (G1 Evacuation Pause) (young), 0.0326831 secs]
   [Parallel Time: 32.2 ms, GC Workers: 2]
      [GC Worker Start (ms): Min: 297517.6, Avg: 297517.6, Max: 297517.6, Diff: 0.0]
      [Ext Root Scanning (ms): Min: 0.6, Avg: 0.6, Max: 0.6, Diff: 0.0, Sum: 1.1]
      [Update RS (ms): Min: 0.0, Avg: 0.0, Max: 0.0, Diff: 0.0, Sum: 0.1]
         [Processed Buffers: Min: 1, Avg: 2.5, Max: 4, Diff: 3, Sum: 5]
      [Scan RS (ms): Min: 0.1, Avg: 0.1, Max: 0.1, Diff: 0.0, Sum: 0.2]
      [Code Root Scanning (ms): Min: 0.0, Avg: 0.0, Max: 0.0, Diff: 0.0, Sum: 0.0]
      [Object Copy (ms): Min: 31.4, Avg: 31.4, Max: 31.4, Diff: 0.0, Sum: 62.8]
      [Termination (ms): Min: 0.0, Avg: 0.0, Max: 0.0, Diff: 0.0, Sum: 0.0]
         [Termination Attempts: Min: 1, Avg: 1.0, Max: 1, Diff: 0, Sum: 2]
      [GC Worker Other (ms): Min: 0.0, Avg: 0.0, Max: 0.0, Diff: 0.0, Sum: 0.0]
      [GC Worker Total (ms): Min: 32.1, Avg: 32.1, Max: 32.1, Diff: 0.0, Sum: 64.2]
      [GC Worker End (ms): Min: 297549.7, Avg: 297549.7, Max: 297549.7, Diff: 0.0]
   [Code Root Fixup: 0.0 ms]
   [Code Root Purge: 0.0 ms]
   [Clear CT: 0.1 ms]
   [Other: 0.4 ms]
      [Choose CSet: 0.0 ms]
      [Ref Proc: 0.1 ms]
      [Ref Enq: 0.0 ms]
      [Redirty Cards: 0.0 ms]
      [Humongous Register: 0.0 ms]
      [Humongous Reclaim: 0.0 ms]
      [Free CSet: 0.2 ms]
   [Eden: 257.0M(257.0M)->0.0B(257.0M) Survivors: 26624.0K->26624.0K Heap: 385.3M(472.0M)->128.3M(472.0M)]
 [Times: user=0.06 sys=0.00, real=0.03 secs] 
2024-07-06T11:29:03.839+0800: 298.005: [GC pause (G1 Evacuation Pause) (young), 0.0258548 secs]
   [Parallel Time: 25.3 ms, GC Workers: 2]
      [GC Worker Start (ms): Min: 298005.5, Avg: 298005.5, Max: 298005.5, Diff: 0.0]
      [Ext Root Scanning (ms): Min: 0.5, Avg: 0.5, Max: 0.5, Diff: 0.0, Sum: 1.0]
      [Update RS (ms): Min: 0.0, Avg: 0.0, Max: 0.0, Diff: 0.0, Sum: 0.1]
         [Processed Buffers: Min: 2, Avg: 2.5, Max: 3, Diff: 1, Sum: 5]
      [Scan RS (ms): Min: 0.1, Avg: 0.1, Max: 0.1, Diff: 0.0, Sum: 0.2]
      [Code Root Scanning (ms): Min: 0.0, Avg: 0.0, Max: 0.0, Diff: 0.0, Sum: 0.0]
      [Object Copy (ms): Min: 24.6, Avg: 24.6, Max: 24.6, Diff: 0.0, Sum: 49.2]
      [Termination (ms): Min: 0.0, Avg: 0.0, Max: 0.0, Diff: 0.0, Sum: 0.0]
         [Termination Attempts: Min: 1, Avg: 1.5, Max: 2, Diff: 1, Sum: 3]
      [GC Worker Other (ms): Min: 0.0, Avg: 0.0, Max: 0.0, Diff: 0.0, Sum: 0.0]
      [GC Worker Total (ms): Min: 25.3, Avg: 25.3, Max: 25.3, Diff: 0.0, Sum: 50.5]
      [GC Worker End (ms): Min: 298030.8, Avg: 298030.8, Max: 298030.8, Diff: 0.0]
   [Code Root Fixup: 0.0 ms]
   [Code Root Purge: 0.0 ms]
   [Clear CT: 0.1 ms]
   [Other: 0.4 ms]
      [Choose CSet: 0.0 ms]
      [Ref Proc: 0.1 ms]
      [Ref Enq: 0.0 ms]
      [Redirty Cards: 0.1 ms]
      [Humongous Register: 0.0 ms]
      [Humongous Reclaim: 0.0 ms]
      [Free CSet: 0.1 ms]
   [Eden: 257.0M(257.0M)->0.0B(262.0M) Survivors: 26624.0K->21504.0K Heap: 385.3M(472.0M)->122.8M(472.0M)]
 [Times: user=0.05 sys=0.00, real=0.02 secs] 
2024-07-06T11:29:04.308+0800: 298.475: [GC pause (G1 Evacuation Pause) (young), 0.0229699 secs]
   [Parallel Time: 22.4 ms, GC Workers: 2]
      [GC Worker Start (ms): Min: 298474.8, Avg: 298474.8, Max: 298474.8, Diff: 0.0]
      [Ext Root Scanning (ms): Min: 0.5, Avg: 0.5, Max: 0.5, Diff: 0.0, Sum: 1.1]
      [Update RS (ms): Min: 0.0, Avg: 0.0, Max: 0.0, Diff: 0.0, Sum: 0.0]
         [Processed Buffers: Min: 2, Avg: 2.5, Max: 3, Diff: 1, Sum: 5]
      [Scan RS (ms): Min: 0.1, Avg: 0.1, Max: 0.1, Diff: 0.0, Sum: 0.2]
      [Code Root Scanning (ms): Min: 0.0, Avg: 0.0, Max: 0.0, Diff: 0.0, Sum: 0.0]
      [Object Copy (ms): Min: 21.7, Avg: 21.7, Max: 21.7, Diff: 0.0, Sum: 43.4]
      [Termination (ms): Min: 0.0, Avg: 0.0, Max: 0.0, Diff: 0.0, Sum: 0.0]
         [Termination Attempts: Min: 1, Avg: 1.0, Max: 1, Diff: 0, Sum: 2]
      [GC Worker Other (ms): Min: 0.0, Avg: 0.0, Max: 0.0, Diff: 0.0, Sum: 0.0]
      [GC Worker Total (ms): Min: 22.4, Avg: 22.4, Max: 22.4, Diff: 0.0, Sum: 44.7]
      [GC Worker End (ms): Min: 298497.2, Avg: 298497.2, Max: 298497.2, Diff: 0.0]
   [Code Root Fixup: 0.0 ms]
   [Code Root Purge: 0.0 ms]
   [Clear CT: 0.1 ms]
   [Other: 0.4 ms]
      [Choose CSet: 0.0 ms]
      [Ref Proc: 0.2 ms]
      [Ref Enq: 0.0 ms]
      [Redirty Cards: 0.0 ms]
      [Humongous Register: 0.0 ms]
      [Humongous Reclaim: 0.0 ms]
      [Free CSet: 0.1 ms]
   [Eden: 262.0M(262.0M)->0.0B(262.0M) Survivors: 21504.0K->21504.0K Heap: 384.8M(472.0M)->122.8M(472.0M)]
 [Times: user=0.05 sys=0.00, real=0.02 secs] 
2024-07-06T11:29:04.747+0800: 298.913: [GC pause (G1 Evacuation Pause) (young), 0.0353634 secs]
   [Parallel Time: 34.8 ms, GC Workers: 2]
      [GC Worker Start (ms): Min: 298913.6, Avg: 298913.6, Max: 298913.6, Diff: 0.0]
      [Ext Root Scanning (ms): Min: 0.5, Avg: 0.5, Max: 0.5, Diff: 0.0, Sum: 1.1]
      [Update RS (ms): Min: 0.0, Avg: 0.0, Max: 0.0, Diff: 0.0, Sum: 0.1]
         [Processed Buffers: Min: 1, Avg: 2.5, Max: 4, Diff: 3, Sum: 5]
      [Scan RS (ms): Min: 0.1, Avg: 0.1, Max: 0.1, Diff: 0.0, Sum: 0.2]
      [Code Root Scanning (ms): Min: 0.0, Avg: 0.0, Max: 0.0, Diff: 0.0, Sum: 0.0]
      [Object Copy (ms): Min: 34.1, Avg: 34.1, Max: 34.1, Diff: 0.0, Sum: 68.1]
      [Termination (ms): Min: 0.0, Avg: 0.0, Max: 0.0, Diff: 0.0, Sum: 0.0]
         [Termination Attempts: Min: 1, Avg: 1.0, Max: 1, Diff: 0, Sum: 2]
      [GC Worker Other (ms): Min: 0.0, Avg: 0.0, Max: 0.0, Diff: 0.0, Sum: 0.0]
      [GC Worker Total (ms): Min: 34.7, Avg: 34.7, Max: 34.7, Diff: 0.0, Sum: 69.4]
      [GC Worker End (ms): Min: 298948.3, Avg: 298948.3, Max: 298948.3, Diff: 0.0]
   [Code Root Fixup: 0.0 ms]
   [Code Root Purge: 0.0 ms]
   [Clear CT: 0.1 ms]
   [Other: 0.5 ms]
      [Choose CSet: 0.0 ms]
      [Ref Proc: 0.1 ms]
      [Ref Enq: 0.0 ms]
      [Redirty Cards: 0.1 ms]
      [Humongous Register: 0.0 ms]
      [Humongous Reclaim: 0.0 ms]
      [Free CSet: 0.2 ms]
   [Eden: 262.0M(262.0M)->0.0B(255.0M) Survivors: 21504.0K->28672.0K Heap: 384.8M(472.0M)->129.8M(472.0M)]
 [Times: user=0.07 sys=0.00, real=0.03 secs] 
2024-07-06T11:29:05.222+0800: 299.388: [GC pause (G1 Evacuation Pause) (young), 0.0280426 secs]
   [Parallel Time: 27.5 ms, GC Workers: 2]
      [GC Worker Start (ms): Min: 299388.0, Avg: 299388.0, Max: 299388.0, Diff: 0.0]
      [Ext Root Scanning (ms): Min: 0.5, Avg: 0.5, Max: 0.5, Diff: 0.0, Sum: 1.0]
      [Update RS (ms): Min: 0.0, Avg: 0.0, Max: 0.0, Diff: 0.0, Sum: 0.1]
         [Processed Buffers: Min: 1, Avg: 2.5, Max: 4, Diff: 3, Sum: 5]
      [Scan RS (ms): Min: 0.1, Avg: 0.1, Max: 0.1, Diff: 0.0, Sum: 0.2]
      [Code Root Scanning (ms): Min: 0.0, Avg: 0.0, Max: 0.0, Diff: 0.0, Sum: 0.0]
      [Object Copy (ms): Min: 26.8, Avg: 26.8, Max: 26.8, Diff: 0.0, Sum: 53.6]
      [Termination (ms): Min: 0.0, Avg: 0.0, Max: 0.0, Diff: 0.0, Sum: 0.0]
         [Termination Attempts: Min: 1, Avg: 1.0, Max: 1, Diff: 0, Sum: 2]
      [GC Worker Other (ms): Min: 0.0, Avg: 0.0, Max: 0.0, Diff: 0.0, Sum: 0.0]
      [GC Worker Total (ms): Min: 27.4, Avg: 27.4, Max: 27.4, Diff: 0.0, Sum: 54.8]
      [GC Worker End (ms): Min: 299415.4, Avg: 299415.4, Max: 299415.4, Diff: 0.0]
   [Code Root Fixup: 0.0 ms]
   [Code Root Purge: 0.0 ms]
   [Clear CT: 0.1 ms]
   [Other: 0.4 ms]
      [Choose CSet: 0.0 ms]
      [Ref Proc: 0.1 ms]
      [Ref Enq: 0.0 ms]
      [Redirty Cards: 0.0 ms]
      [Humongous Register: 0.0 ms]
      [Humongous Reclaim: 0.0 ms]
      [Free CSet: 0.2 ms]
   [Eden: 255.0M(255.0M)->0.0B(260.0M) Survivors: 28672.0K->23552.0K Heap: 384.8M(472.0M)->124.8M(472.0M)]
 [Times: user=0.05 sys=0.00, real=0.03 secs] 
2024-07-06T11:29:05.665+0800: 299.831: [GC pause (G1 Evacuation Pause) (young), 0.0297435 secs]
   [Parallel Time: 29.2 ms, GC Workers: 2]
      [GC Worker Start (ms): Min: 299830.8, Avg: 299830.8, Max: 299830.8, Diff: 0.0]
      [Ext Root Scanning (ms): Min: 0.5, Avg: 0.6, Max: 0.7, Diff: 0.2, Sum: 1.2]
      [Update RS (ms): Min: 0.0, Avg: 0.0, Max: 0.1, Diff: 0.1, Sum: 0.1]
         [Processed Buffers: Min: 0, Avg: 2.5, Max: 5, Diff: 5, Sum: 5]
      [Scan RS (ms): Min: 0.1, Avg: 0.1, Max: 0.1, Diff: 0.0, Sum: 0.2]
      [Code Root Scanning (ms): Min: 0.0, Avg: 0.0, Max: 0.0, Diff: 0.0, Sum: 0.0]
      [Object Copy (ms): Min: 28.4, Avg: 28.4, Max: 28.4, Diff: 0.0, Sum: 56.8]
      [Termination (ms): Min: 0.0, Avg: 0.0, Max: 0.0, Diff: 0.0, Sum: 0.0]
         [Termination Attempts: Min: 1, Avg: 1.0, Max: 1, Diff: 0, Sum: 2]
      [GC Worker Other (ms): Min: 0.0, Avg: 0.0, Max: 0.0, Diff: 0.0, Sum: 0.0]
      [GC Worker Total (ms): Min: 29.1, Avg: 29.1, Max: 29.1, Diff: 0.0, Sum: 58.2]
      [GC Worker End (ms): Min: 299859.9, Avg: 299859.9, Max: 299859.9, Diff: 0.0]
   [Code Root Fixup: 0.0 ms]
   [Code Root Purge: 0.0 ms]
   [Clear CT: 0.1 ms]
   [Other: 0.4 ms]
      [Choose CSet: 0.0 ms]
      [Ref Proc: 0.1 ms]
      [Ref Enq: 0.0 ms]
      [Redirty Cards: 0.1 ms]
      [Humongous Register: 0.0 ms]
      [Humongous Reclaim: 0.0 ms]
      [Free CSet: 0.2 ms]
   [Eden: 260.0M(260.0M)->0.0B(258.0M) Survivors: 23552.0K->25600.0K Heap: 384.8M(472.0M)->127.3M(472.0M)]
 [Times: user=0.06 sys=0.00, real=0.03 secs] 
2024-07-06T11:29:06.108+0800: 300.274: [GC pause (G1 Evacuation Pause) (young), 0.0382922 secs]
   [Parallel Time: 37.8 ms, GC Workers: 2]
      [GC Worker Start (ms): Min: 300274.4, Avg: 300274.4, Max: 300274.5, Diff: 0.0]
      [Ext Root Scanning (ms): Min: 0.5, Avg: 0.5, Max: 0.5, Diff: 0.0, Sum: 1.0]
      [Update RS (ms): Min: 0.0, Avg: 0.0, Max: 0.0, Diff: 0.0, Sum: 0.0]
         [Processed Buffers: Min: 0, Avg: 2.5, Max: 5, Diff: 5, Sum: 5]
      [Scan RS (ms): Min: 0.1, Avg: 0.1, Max: 0.1, Diff: 0.0, Sum: 0.2]
      [Code Root Scanning (ms): Min: 0.0, Avg: 0.0, Max: 0.0, Diff: 0.0, Sum: 0.0]
      [Object Copy (ms): Min: 37.1, Avg: 37.1, Max: 37.2, Diff: 0.0, Sum: 74.3]
      [Termination (ms): Min: 0.0, Avg: 0.0, Max: 0.0, Diff: 0.0, Sum: 0.0]
         [Termination Attempts: Min: 1, Avg: 1.0, Max: 1, Diff: 0, Sum: 2]
      [GC Worker Other (ms): Min: 0.0, Avg: 0.0, Max: 0.0, Diff: 0.0, Sum: 0.0]
      [GC Worker Total (ms): Min: 37.7, Avg: 37.7, Max: 37.8, Diff: 0.0, Sum: 75.5]
      [GC Worker End (ms): Min: 300312.2, Avg: 300312.2, Max: 300312.2, Diff: 0.0]
   [Code Root Fixup: 0.0 ms]
   [Code Root Purge: 0.0 ms]
   [Clear CT: 0.1 ms]
   [Other: 0.4 ms]
      [Choose CSet: 0.0 ms]
      [Ref Proc: 0.1 ms]
      [Ref Enq: 0.0 ms]
      [Redirty Cards: 0.0 ms]
      [Humongous Register: 0.0 ms]
      [Humongous Reclaim: 0.0 ms]
      [Free CSet: 0.1 ms]
   [Eden: 258.0M(258.0M)->0.0B(251.0M) Survivors: 25600.0K->32768.0K Heap: 385.3M(472.0M)->133.8M(472.0M)]
 [Times: user=0.08 sys=0.00, real=0.03 secs] 
2024-07-06T11:29:06.585+0800: 300.751: [GC pause (G1 Evacuation Pause) (young), 0.0358314 secs]
   [Parallel Time: 35.3 ms, GC Workers: 2]
      [GC Worker Start (ms): Min: 300750.9, Avg: 300750.9, Max: 300750.9, Diff: 0.0]
      [Ext Root Scanning (ms): Min: 0.5, Avg: 0.5, Max: 0.5, Diff: 0.0, Sum: 1.0]
      [Update RS (ms): Min: 0.0, Avg: 0.0, Max: 0.0, Diff: 0.0, Sum: 0.1]
         [Processed Buffers: Min: 2, Avg: 2.5, Max: 3, Diff: 1, Sum: 5]
      [Scan RS (ms): Min: 0.1, Avg: 0.1, Max: 0.1, Diff: 0.0, Sum: 0.2]
      [Code Root Scanning (ms): Min: 0.0, Avg: 0.0, Max: 0.0, Diff: 0.0, Sum: 0.0]
      [Object Copy (ms): Min: 34.6, Avg: 34.6, Max: 34.6, Diff: 0.0, Sum: 69.2]
      [Termination (ms): Min: 0.0, Avg: 0.0, Max: 0.0, Diff: 0.0, Sum: 0.0]
         [Termination Attempts: Min: 1, Avg: 1.0, Max: 1, Diff: 0, Sum: 2]
      [GC Worker Other (ms): Min: 0.0, Avg: 0.0, Max: 0.0, Diff: 0.0, Sum: 0.0]
      [GC Worker Total (ms): Min: 35.2, Avg: 35.2, Max: 35.2, Diff: 0.0, Sum: 70.5]
      [GC Worker End (ms): Min: 300786.1, Avg: 300786.1, Max: 300786.1, Diff: 0.0]
   [Code Root Fixup: 0.0 ms]
   [Code Root Purge: 0.0 ms]
   [Clear CT: 0.1 ms]
   [Other: 0.4 ms]
      [Choose CSet: 0.0 ms]
      [Ref Proc: 0.1 ms]
      [Ref Enq: 0.0 ms]
      [Redirty Cards: 0.0 ms]
      [Humongous Register: 0.0 ms]
      [Humongous Reclaim: 0.0 ms]
      [Free CSet: 0.1 ms]
   [Eden: 251.0M(251.0M)->0.0B(255.0M) Survivors: 32768.0K->28672.0K Heap: 384.8M(472.0M)->130.3M(472.0M)]
 [Times: user=0.07 sys=0.00, real=0.04 secs] 
2024-07-06T11:29:07.027+0800: 301.193: [GC pause (G1 Evacuation Pause) (young), 0.0303153 secs]
   [Parallel Time: 29.8 ms, GC Workers: 2]
      [GC Worker Start (ms): Min: 301193.0, Avg: 301193.1, Max: 301193.1, Diff: 0.1]
      [Ext Root Scanning (ms): Min: 0.5, Avg: 0.5, Max: 0.6, Diff: 0.1, Sum: 1.0]
      [Update RS (ms): Min: 0.0, Avg: 0.0, Max: 0.0, Diff: 0.0, Sum: 0.0]
         [Processed Buffers: Min: 1, Avg: 2.5, Max: 4, Diff: 3, Sum: 5]
      [Scan RS (ms): Min: 0.1, Avg: 0.1, Max: 0.1, Diff: 0.0, Sum: 0.2]
      [Code Root Scanning (ms): Min: 0.0, Avg: 0.0, Max: 0.0, Diff: 0.0, Sum: 0.0]
      [Object Copy (ms): Min: 29.1, Avg: 29.1, Max: 29.1, Diff: 0.0, Sum: 58.1]
      [Termination (ms): Min: 0.0, Avg: 0.0, Max: 0.0, Diff: 0.0, Sum: 0.0]
         [Termination Attempts: Min: 1, Avg: 1.0, Max: 1, Diff: 0, Sum: 2]
      [GC Worker Other (ms): Min: 0.0, Avg: 0.0, Max: 0.0, Diff: 0.0, Sum: 0.0]
      [GC Worker Total (ms): Min: 29.7, Avg: 29.7, Max: 29.7, Diff: 0.1, Sum: 59.4]
      [GC Worker End (ms): Min: 301222.8, Avg: 301222.8, Max: 301222.8, Diff: 0.0]
   [Code Root Fixup: 0.0 ms]
   [Code Root Purge: 0.0 ms]
   [Clear CT: 0.1 ms]
   [Other: 0.4 ms]
      [Choose CSet: 0.0 ms]
      [Ref Proc: 0.1 ms]
      [Ref Enq: 0.0 ms]
      [Redirty Cards: 0.0 ms]
      [Humongous Register: 0.0 ms]
      [Humongous Reclaim: 0.0 ms]
      [Free CSet: 0.1 ms]
   [Eden: 255.0M(255.0M)->0.0B(258.0M) Survivors: 28672.0K->25600.0K Heap: 385.3M(472.0M)->126.8M(472.0M)]
 [Times: user=0.06 sys=0.00, real=0.04 secs] 
2024-07-06T11:29:07.489+0800: 301.656: [GC pause (G1 Evacuation Pause) (young), 0.0302293 secs]
   [Parallel Time: 29.7 ms, GC Workers: 2]
      [GC Worker Start (ms): Min: 301655.7, Avg: 301655.7, Max: 301655.7, Diff: 0.0]
      [Ext Root Scanning (ms): Min: 0.6, Avg: 0.6, Max: 0.6, Diff: 0.0, Sum: 1.2]
      [Update RS (ms): Min: 0.0, Avg: 0.0, Max: 0.0, Diff: 0.0, Sum: 0.0]
         [Processed Buffers: Min: 1, Avg: 2.5, Max: 4, Diff: 3, Sum: 5]
      [Scan RS (ms): Min: 0.1, Avg: 0.1, Max: 0.1, Diff: 0.0, Sum: 0.2]
      [Code Root Scanning (ms): Min: 0.0, Avg: 0.0, Max: 0.0, Diff: 0.0, Sum: 0.0]
      [Object Copy (ms): Min: 28.8, Avg: 28.8, Max: 28.9, Diff: 0.0, Sum: 57.7]
      [Termination (ms): Min: 0.0, Avg: 0.0, Max: 0.0, Diff: 0.0, Sum: 0.0]
         [Termination Attempts: Min: 1, Avg: 1.0, Max: 1, Diff: 0, Sum: 2]
      [GC Worker Other (ms): Min: 0.0, Avg: 0.0, Max: 0.0, Diff: 0.0, Sum: 0.0]
      [GC Worker Total (ms): Min: 29.6, Avg: 29.6, Max: 29.6, Diff: 0.0, Sum: 59.2]
      [GC Worker End (ms): Min: 301685.3, Avg: 301685.3, Max: 301685.3, Diff: 0.0]
   [Code Root Fixup: 0.0 ms]
   [Code Root Purge: 0.0 ms]
   [Clear CT: 0.1 ms]
   [Other: 0.4 ms]
      [Choose CSet: 0.0 ms]
      [Ref Proc: 0.1 ms]
      [Ref Enq: 0.0 ms]
      [Redirty Cards: 0.0 ms]
      [Humongous Register: 0.0 ms]
      [Humongous Reclaim: 0.0 ms]
      [Free CSet: 0.1 ms]
   [Eden: 258.0M(258.0M)->0.0B(262.0M) Survivors: 25600.0K->21504.0K Heap: 384.8M(472.0M)->123.3M(472.0M)]
 [Times: user=0.06 sys=0.00, real=0.03 secs] 
2024-07-06T11:29:07.920+0800: 302.086: [GC pause (G1 Evacuation Pause) (young), 0.0228424 secs]
   [Parallel Time: 22.2 ms, GC Workers: 2]
      [GC Worker Start (ms): Min: 302086.0, Avg: 302086.0, Max: 302086.0, Diff: 0.0]
      [Ext Root Scanning (ms): Min: 0.5, Avg: 0.5, Max: 0.6, Diff: 0.0, Sum: 1.1]
      [Update RS (ms): Min: 0.0, Avg: 0.0, Max: 0.0, Diff: 0.0, Sum: 0.0]
         [Processed Buffers: Min: 2, Avg: 2.5, Max: 3, Diff: 1, Sum: 5]
      [Scan RS (ms): Min: 0.1, Avg: 0.1, Max: 0.1, Diff: 0.0, Sum: 0.2]
      [Code Root Scanning (ms): Min: 0.0, Avg: 0.0, Max: 0.0, Diff: 0.0, Sum: 0.0]
      [Object Copy (ms): Min: 21.4, Avg: 21.4, Max: 21.4, Diff: 0.0, Sum: 42.9]
      [Termination (ms): Min: 0.0, Avg: 0.0, Max: 0.0, Diff: 0.0, Sum: 0.0]
         [Termination Attempts: Min: 1, Avg: 1.0, Max: 1, Diff: 0, Sum: 2]
      [GC Worker Other (ms): Min: 0.0, Avg: 0.0, Max: 0.0, Diff: 0.0, Sum: 0.0]
      [GC Worker Total (ms): Min: 22.1, Avg: 22.1, Max: 22.1, Diff: 0.0, Sum: 44.2]
      [GC Worker End (ms): Min: 302108.1, Avg: 302108.1, Max: 302108.1, Diff: 0.0]
   [Code Root Fixup: 0.0 ms]
   [Code Root Purge: 0.0 ms]
   [Clear CT: 0.1 ms]
   [Other: 0.5 ms]
      [Choose CSet: 0.0 ms]
      [Ref Proc: 0.2 ms]
      [Ref Enq: 0.0 ms]
      [Redirty Cards: 0.0 ms]
      [Humongous Register: 0.0 ms]
      [Humongous Reclaim: 0.0 ms]
      [Free CSet: 0.2 ms]
   [Eden: 262.0M(262.0M)->0.0B(263.0M) Survivors: 21504.0K->20480.0K Heap: 385.3M(472.0M)->122.3M(472.0M)]
 [Times: user=0.04 sys=0.00, real=0.02 secs] 
2024-07-06T11:29:08.387+0800: 302.553: [GC pause (G1 Evacuation Pause) (young), 0.0459423 secs]
   [Parallel Time: 39.7 ms, GC Workers: 2]
      [GC Worker Start (ms): Min: 302553.2, Avg: 302553.2, Max: 302553.2, Diff: 0.0]
      [Ext Root Scanning (ms): Min: 0.5, Avg: 0.5, Max: 0.5, Diff: 0.0, Sum: 1.0]
      [Update RS (ms): Min: 0.0, Avg: 0.0, Max: 0.0, Diff: 0.0, Sum: 0.0]
         [Processed Buffers: Min: 2, Avg: 2.5, Max: 3, Diff: 1, Sum: 5]
      [Scan RS (ms): Min: 0.1, Avg: 0.1, Max: 0.1, Diff: 0.0, Sum: 0.1]
      [Code Root Scanning (ms): Min: 0.0, Avg: 0.0, Max: 0.0, Diff: 0.0, Sum: 0.0]
      [Object Copy (ms): Min: 39.0, Avg: 39.0, Max: 39.0, Diff: 0.0, Sum: 78.0]
      [Termination (ms): Min: 0.0, Avg: 0.0, Max: 0.0, Diff: 0.0, Sum: 0.0]
         [Termination Attempts: Min: 1, Avg: 1.0, Max: 1, Diff: 0, Sum: 2]
      [GC Worker Other (ms): Min: 0.0, Avg: 0.0, Max: 0.0, Diff: 0.0, Sum: 0.0]
      [GC Worker Total (ms): Min: 39.6, Avg: 39.7, Max: 39.7, Diff: 0.0, Sum: 79.3]
      [GC Worker End (ms): Min: 302592.8, Avg: 302592.8, Max: 302592.8, Diff: 0.0]
   [Code Root Fixup: 0.0 ms]
   [Code Root Purge: 0.0 ms]
   [Clear CT: 5.6 ms]
   [Other: 0.6 ms]
      [Choose CSet: 0.0 ms]
      [Ref Proc: 0.2 ms]
      [Ref Enq: 0.0 ms]
      [Redirty Cards: 0.1 ms]
      [Humongous Register: 0.0 ms]
      [Humongous Reclaim: 0.0 ms]
      [Free CSet: 0.2 ms]
   [Eden: 263.0M(263.0M)->0.0B(258.0M) Survivors: 20480.0K->25600.0K Heap: 385.3M(472.0M)->126.8M(472.0M)]
 [Times: user=0.05 sys=0.00, real=0.05 secs] 
2024-07-06T11:29:08.880+0800: 303.046: [GC pause (G1 Evacuation Pause) (young), 0.0277779 secs]
   [Parallel Time: 27.3 ms, GC Workers: 2]
      [GC Worker Start (ms): Min: 303046.0, Avg: 303046.0, Max: 303046.0, Diff: 0.0]
      [Ext Root Scanning (ms): Min: 0.5, Avg: 0.5, Max: 0.5, Diff: 0.0, Sum: 1.0]
      [Update RS (ms): Min: 0.0, Avg: 0.0, Max: 0.0, Diff: 0.0, Sum: 0.0]
         [Processed Buffers: Min: 2, Avg: 2.5, Max: 3, Diff: 1, Sum: 5]
      [Scan RS (ms): Min: 0.1, Avg: 0.1, Max: 0.1, Diff: 0.0, Sum: 0.2]
      [Code Root Scanning (ms): Min: 0.0, Avg: 0.0, Max: 0.0, Diff: 0.0, Sum: 0.0]
      [Object Copy (ms): Min: 26.5, Avg: 26.5, Max: 26.5, Diff: 0.0, Sum: 53.1]
      [Termination (ms): Min: 0.0, Avg: 0.0, Max: 0.0, Diff: 0.0, Sum: 0.0]
         [Termination Attempts: Min: 1, Avg: 1.0, Max: 1, Diff: 0, Sum: 2]
      [GC Worker Other (ms): Min: 0.0, Avg: 0.0, Max: 0.0, Diff: 0.0, Sum: 0.0]
      [GC Worker Total (ms): Min: 27.2, Avg: 27.2, Max: 27.2, Diff: 0.0, Sum: 54.4]
      [GC Worker End (ms): Min: 303073.2, Avg: 303073.2, Max: 303073.2, Diff: 0.0]
   [Code Root Fixup: 0.0 ms]
   [Code Root Purge: 0.0 ms]
   [Clear CT: 0.1 ms]
   [Other: 0.4 ms]
      [Choose CSet: 0.0 ms]
      [Ref Proc: 0.1 ms]
      [Ref Enq: 0.0 ms]
      [Redirty Cards: 0.0 ms]
      [Humongous Register: 0.0 ms]
      [Humongous Reclaim: 0.0 ms]
      [Free CSet: 0.1 ms]
   [Eden: 258.0M(258.0M)->0.0B(261.0M) Survivors: 25600.0K->22528.0K Heap: 384.8M(472.0M)->123.8M(472.0M)]
 [Times: user=0.05 sys=0.00, real=0.03 secs] 
2024-07-06T11:29:09.339+0800: 303.505: [GC pause (G1 Evacuation Pause) (young), 0.0262305 secs]
   [Parallel Time: 25.7 ms, GC Workers: 2]
      [GC Worker Start (ms): Min: 303505.5, Avg: 303505.6, Max: 303505.6, Diff: 0.0]
      [Ext Root Scanning (ms): Min: 0.6, Avg: 0.6, Max: 0.6, Diff: 0.0, Sum: 1.1]
      [Update RS (ms): Min: 0.0, Avg: 0.0, Max: 0.0, Diff: 0.0, Sum: 0.1]
         [Processed Buffers: Min: 1, Avg: 2.5, Max: 4, Diff: 3, Sum: 5]
      [Scan RS (ms): Min: 0.1, Avg: 0.1, Max: 0.1, Diff: 0.0, Sum: 0.2]
      [Code Root Scanning (ms): Min: 0.0, Avg: 0.0, Max: 0.0, Diff: 0.0, Sum: 0.0]
      [Object Copy (ms): Min: 25.0, Avg: 25.0, Max: 25.0, Diff: 0.0, Sum: 49.9]
      [Termination (ms): Min: 0.0, Avg: 0.0, Max: 0.0, Diff: 0.0, Sum: 0.0]
         [Termination Attempts: Min: 1, Avg: 1.0, Max: 1, Diff: 0, Sum: 2]
      [GC Worker Other (ms): Min: 0.0, Avg: 0.0, Max: 0.0, Diff: 0.0, Sum: 0.0]
      [GC Worker Total (ms): Min: 25.7, Avg: 25.7, Max: 25.7, Diff: 0.0, Sum: 51.4]
      [GC Worker End (ms): Min: 303531.2, Avg: 303531.2, Max: 303531.2, Diff: 0.0]
   [Code Root Fixup: 0.0 ms]
   [Code Root Purge: 0.0 ms]
   [Clear CT: 0.1 ms]
   [Other: 0.4 ms]
      [Choose CSet: 0.0 ms]
      [Ref Proc: 0.1 ms]
      [Ref Enq: 0.0 ms]
      [Redirty Cards: 0.0 ms]
      [Humongous Register: 0.0 ms]
      [Humongous Reclaim: 0.0 ms]
      [Free CSet: 0.1 ms]
   [Eden: 261.0M(261.0M)->0.0B(259.0M) Survivors: 22528.0K->24576.0K Heap: 384.8M(472.0M)->125.8M(472.0M)]
 [Times: user=0.06 sys=0.00, real=0.02 secs] 
2024-07-06T11:29:09.766+0800: 303.932: [GC pause (G1 Evacuation Pause) (young), 0.0324778 secs]
   [Parallel Time: 32.0 ms, GC Workers: 2]
      [GC Worker Start (ms): Min: 303931.8, Avg: 303931.8, Max: 303931.8, Diff: 0.0]
      [Ext Root Scanning (ms): Min: 0.5, Avg: 0.5, Max: 0.5, Diff: 0.0, Sum: 1.0]
      [Update RS (ms): Min: 0.0, Avg: 0.0, Max: 0.0, Diff: 0.0, Sum: 0.1]
         [Processed Buffers: Min: 1, Avg: 2.5, Max: 4, Diff: 3, Sum: 5]
      [Scan RS (ms): Min: 0.1, Avg: 0.1, Max: 0.1, Diff: 0.0, Sum: 0.2]
      [Code Root Scanning (ms): Min: 0.0, Avg: 0.0, Max: 0.0, Diff: 0.0, Sum: 0.0]
      [Object Copy (ms): Min: 31.3, Avg: 31.3, Max: 31.3, Diff: 0.0, Sum: 62.6]
      [Termination (ms): Min: 0.0, Avg: 0.0, Max: 0.0, Diff: 0.0, Sum: 0.0]
         [Termination Attempts: Min: 1, Avg: 1.0, Max: 1, Diff: 0, Sum: 2]
      [GC Worker Other (ms): Min: 0.0, Avg: 0.0, Max: 0.0, Diff: 0.0, Sum: 0.0]
      [GC Worker Total (ms): Min: 31.9, Avg: 31.9, Max: 31.9, Diff: 0.0, Sum: 63.9]
      [GC Worker End (ms): Min: 303963.8, Avg: 303963.8, Max: 303963.8, Diff: 0.0]
   [Code Root Fixup: 0.0 ms]
   [Code Root Purge: 0.0 ms]
   [Clear CT: 0.1 ms]
   [Other: 0.4 ms]
      [Choose CSet: 0.0 ms]
      [Ref Proc: 0.1 ms]
      [Ref Enq: 0.0 ms]
      [Redirty Cards: 0.0 ms]
      [Humongous Register: 0.0 ms]
      [Humongous Reclaim: 0.0 ms]
      [Free CSet: 0.1 ms]
   [Eden: 259.0M(259.0M)->0.0B(255.0M) Survivors: 24576.0K->28672.0K Heap: 384.8M(472.0M)->130.3M(472.0M)]
 [Times: user=0.06 sys=0.00, real=0.04 secs] 
2024-07-06T11:29:10.227+0800: 304.393: [GC pause (G1 Evacuation Pause) (young), 0.0340214 secs]
   [Parallel Time: 33.5 ms, GC Workers: 2]
      [GC Worker Start (ms): Min: 304393.6, Avg: 304393.6, Max: 304393.6, Diff: 0.0]
      [Ext Root Scanning (ms): Min: 0.5, Avg: 0.5, Max: 0.6, Diff: 0.0, Sum: 1.1]
      [Update RS (ms): Min: 0.0, Avg: 0.0, Max: 0.1, Diff: 0.0, Sum: 0.1]
         [Processed Buffers: Min: 1, Avg: 2.5, Max: 4, Diff: 3, Sum: 5]
      [Scan RS (ms): Min: 0.1, Avg: 0.1, Max: 0.1, Diff: 0.0, Sum: 0.2]
      [Code Root Scanning (ms): Min: 0.0, Avg: 0.0, Max: 0.0, Diff: 0.0, Sum: 0.0]
      [Object Copy (ms): Min: 32.8, Avg: 32.8, Max: 32.8, Diff: 0.0, Sum: 65.6]
      [Termination (ms): Min: 0.0, Avg: 0.0, Max: 0.0, Diff: 0.0, Sum: 0.0]
         [Termination Attempts: Min: 1, Avg: 1.5, Max: 2, Diff: 1, Sum: 3]
      [GC Worker Other (ms): Min: 0.0, Avg: 0.0, Max: 0.0, Diff: 0.0, Sum: 0.0]
      [GC Worker Total (ms): Min: 33.5, Avg: 33.5, Max: 33.5, Diff: 0.0, Sum: 67.0]
      [GC Worker End (ms): Min: 304427.1, Avg: 304427.1, Max: 304427.1, Diff: 0.0]
   [Code Root Fixup: 0.0 ms]
   [Code Root Purge: 0.0 ms]
   [Clear CT: 0.1 ms]
   [Other: 0.4 ms]
      [Choose CSet: 0.0 ms]
      [Ref Proc: 0.0 ms]
      [Ref Enq: 0.0 ms]
      [Redirty Cards: 0.0 ms]
      [Humongous Register: 0.0 ms]
      [Humongous Reclaim: 0.0 ms]
      [Free CSet: 0.2 ms]
   [Eden: 255.0M(255.0M)->0.0B(255.0M) Survivors: 28672.0K->28672.0K Heap: 385.3M(472.0M)->130.3M(472.0M)]
 [Times: user=0.07 sys=0.00, real=0.03 secs] 
2024-07-06T11:29:10.703+0800: 304.869: [GC pause (G1 Evacuation Pause) (young), 0.0314005 secs]
   [Parallel Time: 30.8 ms, GC Workers: 2]
      [GC Worker Start (ms): Min: 304869.5, Avg: 304871.6, Max: 304873.7, Diff: 4.1]
      [Ext Root Scanning (ms): Min: 0.0, Avg: 0.4, Max: 0.7, Diff: 0.7, Sum: 0.7]
      [Update RS (ms): Min: 0.0, Avg: 0.0, Max: 0.0, Diff: 0.0, Sum: 0.0]
         [Processed Buffers: Min: 0, Avg: 2.5, Max: 5, Diff: 5, Sum: 5]
      [Scan RS (ms): Min: 0.0, Avg: 0.1, Max: 0.1, Diff: 0.1, Sum: 0.1]
      [Code Root Scanning (ms): Min: 0.0, Avg: 0.0, Max: 0.0, Diff: 0.0, Sum: 0.0]
      [Object Copy (ms): Min: 26.6, Avg: 28.2, Max: 29.9, Diff: 3.3, Sum: 56.4]
      [Termination (ms): Min: 0.0, Avg: 0.0, Max: 0.0, Diff: 0.0, Sum: 0.0]
         [Termination Attempts: Min: 1, Avg: 1.0, Max: 1, Diff: 0, Sum: 2]
      [GC Worker Other (ms): Min: 0.0, Avg: 0.0, Max: 0.0, Diff: 0.0, Sum: 0.0]
      [GC Worker Total (ms): Min: 26.6, Avg: 28.7, Max: 30.8, Diff: 4.1, Sum: 57.4]
      [GC Worker End (ms): Min: 304900.3, Avg: 304900.3, Max: 304900.3, Diff: 0.0]
   [Code Root Fixup: 0.0 ms]
   [Code Root Purge: 0.0 ms]
   [Clear CT: 0.2 ms]
   [Other: 0.4 ms]
      [Choose CSet: 0.0 ms]
      [Ref Proc: 0.1 ms]
      [Ref Enq: 0.0 ms]
      [Redirty Cards: 0.0 ms]
      [Humongous Register: 0.0 ms]
      [Humongous Reclaim: 0.0 ms]
      [Free CSet: 0.1 ms]
   [Eden: 255.0M(255.0M)->0.0B(259.0M) Survivors: 28672.0K->24576.0K Heap: 385.3M(472.0M)->126.3M(472.0M)]
 [Times: user=0.06 sys=0.00, real=0.03 secs] 
2024-07-06T11:29:11.171+0800: 305.337: [GC pause (G1 Evacuation Pause) (young), 0.0158052 secs]
   [Parallel Time: 15.4 ms, GC Workers: 2]
      [GC Worker Start (ms): Min: 305337.5, Avg: 305337.7, Max: 305337.9, Diff: 0.4]
      [Ext Root Scanning (ms): Min: 0.3, Avg: 0.5, Max: 0.7, Diff: 0.4, Sum: 1.0]
      [Update RS (ms): Min: 0.0, Avg: 0.0, Max: 0.0, Diff: 0.0, Sum: 0.0]
         [Processed Buffers: Min: 1, Avg: 2.5, Max: 4, Diff: 3, Sum: 5]
      [Scan RS (ms): Min: 0.1, Avg: 0.1, Max: 0.1, Diff: 0.0, Sum: 0.2]
      [Code Root Scanning (ms): Min: 0.0, Avg: 0.0, Max: 0.0, Diff: 0.0, Sum: 0.0]
      [Object Copy (ms): Min: 14.5, Avg: 14.5, Max: 14.5, Diff: 0.0, Sum: 29.0]
      [Termination (ms): Min: 0.0, Avg: 0.0, Max: 0.0, Diff: 0.0, Sum: 0.0]
         [Termination Attempts: Min: 1, Avg: 1.0, Max: 1, Diff: 0, Sum: 2]
      [GC Worker Other (ms): Min: 0.0, Avg: 0.0, Max: 0.0, Diff: 0.0, Sum: 0.0]
      [GC Worker Total (ms): Min: 15.0, Avg: 15.1, Max: 15.3, Diff: 0.4, Sum: 30.3]
      [GC Worker End (ms): Min: 305352.8, Avg: 305352.8, Max: 305352.8, Diff: 0.0]
   [Code Root Fixup: 0.0 ms]
   [Code Root Purge: 0.0 ms]
   [Clear CT: 0.1 ms]
   [Other: 0.3 ms]
      [Choose CSet: 0.0 ms]
      [Ref Proc: 0.1 ms]
      [Ref Enq: 0.0 ms]
      [Redirty Cards: 0.0 ms]
      [Humongous Register: 0.0 ms]
      [Humongous Reclaim: 0.0 ms]
      [Free CSet: 0.1 ms]
   [Eden: 259.0M(259.0M)->0.0B(270.0M) Survivors: 24576.0K->13312.0K Heap: 385.3M(472.0M)->115.3M(472.0M)]
 [Times: user=0.03 sys=0.01, real=0.02 secs] 
2024-07-06T11:29:11.589+0800: 305.755: [GC pause (G1 Evacuation Pause) (young), 0.0244960 secs]
   [Parallel Time: 23.8 ms, GC Workers: 2]
      [GC Worker Start (ms): Min: 305754.8, Avg: 305754.8, Max: 305754.8, Diff: 0.0]
      [Ext Root Scanning (ms): Min: 0.5, Avg: 0.5, Max: 0.5, Diff: 0.0, Sum: 1.0]
      [Update RS (ms): Min: 0.0, Avg: 0.0, Max: 0.0, Diff: 0.0, Sum: 0.0]
         [Processed Buffers: Min: 2, Avg: 2.5, Max: 3, Diff: 1, Sum: 5]
      [Scan RS (ms): Min: 0.1, Avg: 0.1, Max: 0.1, Diff: 0.0, Sum: 0.2]
      [Code Root Scanning (ms): Min: 0.0, Avg: 0.0, Max: 0.0, Diff: 0.0, Sum: 0.0]
      [Object Copy (ms): Min: 23.2, Avg: 23.2, Max: 23.2, Diff: 0.0, Sum: 46.3]
      [Termination (ms): Min: 0.0, Avg: 0.0, Max: 0.0, Diff: 0.0, Sum: 0.0]
         [Termination Attempts: Min: 1, Avg: 1.0, Max: 1, Diff: 0, Sum: 2]
      [GC Worker Other (ms): Min: 0.0, Avg: 0.0, Max: 0.0, Diff: 0.0, Sum: 0.0]
      [GC Worker Total (ms): Min: 23.8, Avg: 23.8, Max: 23.8, Diff: 0.0, Sum: 47.6]
      [GC Worker End (ms): Min: 305778.6, Avg: 305778.6, Max: 305778.6, Diff: 0.0]
   [Code Root Fixup: 0.0 ms]
   [Code Root Purge: 0.0 ms]
   [Clear CT: 0.2 ms]
   [Other: 0.5 ms]
      [Choose CSet: 0.0 ms]
      [Ref Proc: 0.1 ms]
      [Ref Enq: 0.0 ms]
      [Redirty Cards: 0.1 ms]
      [Humongous Register: 0.0 ms]
      [Humongous Reclaim: 0.0 ms]
      [Free CSet: 0.2 ms]
   [Eden: 270.0M(270.0M)->0.0B(261.0M) Survivors: 13312.0K->22528.0K Heap: 385.3M(472.0M)->123.8M(472.0M)]
 [Times: user=0.05 sys=0.00, real=0.02 secs] 
2024-07-06T11:29:12.033+0800: 306.199: [GC pause (G1 Evacuation Pause) (young), 0.0307473 secs]
   [Parallel Time: 30.2 ms, GC Workers: 2]
      [GC Worker Start (ms): Min: 306199.4, Avg: 306199.6, Max: 306199.9, Diff: 0.5]
      [Ext Root Scanning (ms): Min: 0.3, Avg: 0.5, Max: 0.7, Diff: 0.4, Sum: 1.0]
      [Update RS (ms): Min: 0.0, Avg: 0.0, Max: 0.0, Diff: 0.0, Sum: 0.0]
         [Processed Buffers: Min: 1, Avg: 2.5, Max: 4, Diff: 3, Sum: 5]
      [Scan RS (ms): Min: 0.1, Avg: 0.1, Max: 0.1, Diff: 0.0, Sum: 0.2]
      [Code Root Scanning (ms): Min: 0.0, Avg: 0.0, Max: 0.0, Diff: 0.0, Sum: 0.0]
      [Object Copy (ms): Min: 29.2, Avg: 29.2, Max: 29.3, Diff: 0.1, Sum: 58.5]
      [Termination (ms): Min: 0.0, Avg: 0.0, Max: 0.0, Diff: 0.0, Sum: 0.0]
         [Termination Attempts: Min: 1, Avg: 1.0, Max: 1, Diff: 0, Sum: 2]
      [GC Worker Other (ms): Min: 0.0, Avg: 0.0, Max: 0.0, Diff: 0.0, Sum: 0.1]
      [GC Worker Total (ms): Min: 29.6, Avg: 29.9, Max: 30.1, Diff: 0.5, Sum: 59.7]
      [GC Worker End (ms): Min: 306229.5, Avg: 306229.5, Max: 306229.5, Diff: 0.0]
   [Code Root Fixup: 0.0 ms]
   [Code Root Purge: 0.0 ms]
   [Clear CT: 0.1 ms]
   [Other: 0.5 ms]
      [Choose CSet: 0.0 ms]
      [Ref Proc: 0.1 ms]
      [Ref Enq: 0.0 ms]
      [Redirty Cards: 0.0 ms]
      [Humongous Register: 0.0 ms]
      [Humongous Reclaim: 0.0 ms]
      [Free CSet: 0.2 ms]
   [Eden: 261.0M(261.0M)->0.0B(260.0M) Survivors: 22528.0K->23552.0K Heap: 384.8M(472.0M)->125.3M(472.0M)]
 [Times: user=0.06 sys=0.00, real=0.03 secs] 
2024-07-06T11:29:12.490+0800: 306.656: [GC pause (G1 Evacuation Pause) (young), 0.0257687 secs]
   [Parallel Time: 25.2 ms, GC Workers: 2]
      [GC Worker Start (ms): Min: 306656.0, Avg: 306656.0, Max: 306656.0, Diff: 0.0]
      [Ext Root Scanning (ms): Min: 0.5, Avg: 0.8, Max: 1.0, Diff: 0.6, Sum: 1.5]
      [Update RS (ms): Min: 0.0, Avg: 0.0, Max: 0.0, Diff: 0.0, Sum: 0.0]
         [Processed Buffers: Min: 0, Avg: 2.5, Max: 5, Diff: 5, Sum: 5]
      [Scan RS (ms): Min: 0.0, Avg: 0.1, Max: 0.1, Diff: 0.1, Sum: 0.2]
      [Code Root Scanning (ms): Min: 0.0, Avg: 0.0, Max: 0.0, Diff: 0.0, Sum: 0.0]
      [Object Copy (ms): Min: 24.1, Avg: 24.3, Max: 24.5, Diff: 0.4, Sum: 48.6]
      [Termination (ms): Min: 0.0, Avg: 0.0, Max: 0.0, Diff: 0.0, Sum: 0.0]
         [Termination Attempts: Min: 1, Avg: 1.0, Max: 1, Diff: 0, Sum: 2]
      [GC Worker Other (ms): Min: 0.0, Avg: 0.0, Max: 0.0, Diff: 0.0, Sum: 0.0]
      [GC Worker Total (ms): Min: 25.2, Avg: 25.2, Max: 25.2, Diff: 0.0, Sum: 50.4]
      [GC Worker End (ms): Min: 306681.2, Avg: 306681.2, Max: 306681.2, Diff: 0.0]
   [Code Root Fixup: 0.0 ms]
   [Code Root Purge: 0.0 ms]
   [Clear CT: 0.1 ms]
   [Other: 0.4 ms]
      [Choose CSet: 0.0 ms]
      [Ref Proc: 0.1 ms]
      [Ref Enq: 0.0 ms]
      [Redirty Cards: 0.1 ms]
      [Humongous Register: 0.0 ms]
      [Humongous Reclaim: 0.0 ms]
      [Free CSet: 0.2 ms]
   [Eden: 260.0M(260.0M)->0.0B(260.0M) Survivors: 23552.0K->23552.0K Heap: 385.3M(472.0M)->124.8M(472.0M)]
 [Times: user=0.05 sys=0.00, real=0.03 secs] 
2024-07-06T11:29:12.979+0800: 307.145: [GC pause (G1 Evacuation Pause) (young), 0.0345649 secs]
   [Parallel Time: 34.0 ms, GC Workers: 2]
      [GC Worker Start (ms): Min: 307145.6, Avg: 307145.6, Max: 307145.6, Diff: 0.0]
      [Ext Root Scanning (ms): Min: 0.5, Avg: 0.5, Max: 0.5, Diff: 0.0, Sum: 1.0]
      [Update RS (ms): Min: 0.0, Avg: 0.0, Max: 0.0, Diff: 0.0, Sum: 0.1]
         [Processed Buffers: Min: 2, Avg: 2.5, Max: 3, Diff: 1, Sum: 5]
      [Scan RS (ms): Min: 0.1, Avg: 0.1, Max: 0.1, Diff: 0.0, Sum: 0.2]
      [Code Root Scanning (ms): Min: 0.0, Avg: 0.0, Max: 0.0, Diff: 0.0, Sum: 0.0]
      [Object Copy (ms): Min: 33.3, Avg: 33.3, Max: 33.3, Diff: 0.0, Sum: 66.6]
      [Termination (ms): Min: 0.0, Avg: 0.0, Max: 0.0, Diff: 0.0, Sum: 0.0]
         [Termination Attempts: Min: 1, Avg: 1.0, Max: 1, Diff: 0, Sum: 2]
      [GC Worker Other (ms): Min: 0.0, Avg: 0.0, Max: 0.0, Diff: 0.0, Sum: 0.0]
      [GC Worker Total (ms): Min: 33.9, Avg: 33.9, Max: 33.9, Diff: 0.0, Sum: 67.9]
      [GC Worker End (ms): Min: 307179.5, Avg: 307179.5, Max: 307179.5, Diff: 0.0]
   [Code Root Fixup: 0.0 ms]
   [Code Root Purge: 0.0 ms]
   [Clear CT: 0.1 ms]
   [Other: 0.5 ms]
      [Choose CSet: 0.0 ms]
      [Ref Proc: 0.1 ms]
      [Ref Enq: 0.0 ms]
      [Redirty Cards: 0.0 ms]
      [Humongous Register: 0.0 ms]
      [Humongous Reclaim: 0.0 ms]
      [Free CSet: 0.2 ms]
   [Eden: 260.0M(260.0M)->0.0B(255.0M) Survivors: 23552.0K->28672.0K Heap: 384.8M(472.0M)->130.3M(472.0M)]
 [Times: user=0.06 sys=0.00, real=0.03 secs] 
2024-07-06T11:29:13.419+0800: 307.585: [GC pause (G1 Evacuation Pause) (young), 0.0335419 secs]
   [Parallel Time: 33.0 ms, GC Workers: 2]
      [GC Worker Start (ms): Min: 307585.6, Avg: 307585.6, Max: 307585.6, Diff: 0.0]
      [Ext Root Scanning (ms): Min: 0.5, Avg: 0.5, Max: 0.5, Diff: 0.0, Sum: 1.0]
      [Update RS (ms): Min: 0.0, Avg: 0.0, Max: 0.0, Diff: 0.0, Sum: 0.0]
         [Processed Buffers: Min: 2, Avg: 2.5, Max: 3, Diff: 1, Sum: 5]
      [Scan RS (ms): Min: 0.1, Avg: 0.1, Max: 0.1, Diff: 0.0, Sum: 0.1]
      [Code Root Scanning (ms): Min: 0.0, Avg: 0.0, Max: 0.0, Diff: 0.0, Sum: 0.0]
      [Object Copy (ms): Min: 32.3, Avg: 32.3, Max: 32.3, Diff: 0.0, Sum: 64.6]
      [Termination (ms): Min: 0.0, Avg: 0.0, Max: 0.0, Diff: 0.0, Sum: 0.0]
         [Termination Attempts: Min: 1, Avg: 1.0, Max: 1, Diff: 0, Sum: 2]
      [GC Worker Other (ms): Min: 0.0, Avg: 0.0, Max: 0.0, Diff: 0.0, Sum: 0.0]
      [GC Worker Total (ms): Min: 32.9, Avg: 32.9, Max: 32.9, Diff: 0.0, Sum: 65.9]
      [GC Worker End (ms): Min: 307618.5, Avg: 307618.5, Max: 307618.5, Diff: 0.0]
   [Code Root Fixup: 0.0 ms]
   [Code Root Purge: 0.0 ms]
   [Clear CT: 0.1 ms]
   [Other: 0.4 ms]
      [Choose CSet: 0.0 ms]
      [Ref Proc: 0.1 ms]
      [Ref Enq: 0.0 ms]
      [Redirty Cards: 0.0 ms]
      [Humongous Register: 0.0 ms]
      [Humongous Reclaim: 0.0 ms]
      [Free CSet: 0.1 ms]
   [Eden: 255.0M(255.0M)->0.0B(254.0M) Survivors: 28672.0K->29696.0K Heap: 385.3M(472.0M)->130.8M(472.0M)]
 [Times: user=0.06 sys=0.01, real=0.03 secs] 
2024-07-06T11:29:13.875+0800: 308.041: [GC pause (G1 Evacuation Pause) (young), 0.0317818 secs]
   [Parallel Time: 31.2 ms, GC Workers: 2]
      [GC Worker Start (ms): Min: 308041.6, Avg: 308041.6, Max: 308041.6, Diff: 0.0]
      [Ext Root Scanning (ms): Min: 0.5, Avg: 0.6, Max: 0.6, Diff: 0.0, Sum: 1.1]
      [Update RS (ms): Min: 0.0, Avg: 0.0, Max: 0.0, Diff: 0.0, Sum: 0.1]
         [Processed Buffers: Min: 1, Avg: 2.5, Max: 4, Diff: 3, Sum: 5]
      [Scan RS (ms): Min: 0.1, Avg: 0.1, Max: 0.1, Diff: 0.0, Sum: 0.2]
      [Code Root Scanning (ms): Min: 0.0, Avg: 0.0, Max: 0.0, Diff: 0.0, Sum: 0.0]
      [Object Copy (ms): Min: 30.5, Avg: 30.5, Max: 30.5, Diff: 0.0, Sum: 61.0]
      [Termination (ms): Min: 0.0, Avg: 0.0, Max: 0.0, Diff: 0.0, Sum: 0.0]
         [Termination Attempts: Min: 1, Avg: 1.0, Max: 1, Diff: 0, Sum: 2]
      [GC Worker Other (ms): Min: 0.0, Avg: 0.0, Max: 0.0, Diff: 0.0, Sum: 0.0]
      [GC Worker Total (ms): Min: 31.2, Avg: 31.2, Max: 31.2, Diff: 0.0, Sum: 62.4]
      [GC Worker End (ms): Min: 308072.8, Avg: 308072.8, Max: 308072.8, Diff: 0.0]
   [Code Root Fixup: 0.0 ms]
   [Code Root Purge: 0.0 ms]
   [Clear CT: 0.1 ms]
   [Other: 0.4 ms]
      [Choose CSet: 0.0 ms]
      [Ref Proc: 0.1 ms]
      [Ref Enq: 0.0 ms]
      [Redirty Cards: 0.0 ms]
      [Humongous Register: 0.0 ms]
      [Humongous Reclaim: 0.0 ms]
      [Free CSet: 0.1 ms]
   [Eden: 254.0M(254.0M)->0.0B(258.0M) Survivors: 29696.0K->25600.0K Heap: 384.8M(472.0M)->127.3M(472.0M)]
 [Times: user=0.06 sys=0.00, real=0.03 secs] 
2024-07-06T11:29:14.323+0800: 308.489: [GC pause (G1 Evacuation Pause) (young), 0.0280455 secs]
   [Parallel Time: 27.5 ms, GC Workers: 2]
      [GC Worker Start (ms): Min: 308489.6, Avg: 308489.6, Max: 308489.6, Diff: 0.0]
      [Ext Root Scanning (ms): Min: 0.5, Avg: 0.6, Max: 0.6, Diff: 0.0, Sum: 1.1]
      [Update RS (ms): Min: 0.0, Avg: 0.0, Max: 0.0, Diff: 0.0, Sum: 0.1]
         [Processed Buffers: Min: 2, Avg: 2.5, Max: 3, Diff: 1, Sum: 5]
      [Scan RS (ms): Min: 0.1, Avg: 0.1, Max: 0.1, Diff: 0.0, Sum: 0.2]
      [Code Root Scanning (ms): Min: 0.0, Avg: 0.0, Max: 0.0, Diff: 0.0, Sum: 0.0]
      [Object Copy (ms): Min: 26.7, Avg: 26.7, Max: 26.7, Diff: 0.0, Sum: 53.5]
      [Termination (ms): Min: 0.0, Avg: 0.0, Max: 0.0, Diff: 0.0, Sum: 0.0]
         [Termination Attempts: Min: 1, Avg: 1.0, Max: 1, Diff: 0, Sum: 2]
      [GC Worker Other (ms): Min: 0.0, Avg: 0.0, Max: 0.0, Diff: 0.0, Sum: 0.0]
      [GC Worker Total (ms): Min: 27.4, Avg: 27.4, Max: 27.4, Diff: 0.0, Sum: 54.8]
      [GC Worker End (ms): Min: 308517.0, Avg: 308517.0, Max: 308517.0, Diff: 0.0]
   [Code Root Fixup: 0.0 ms]
   [Code Root Purge: 0.0 ms]
   [Clear CT: 0.2 ms]
   [Other: 0.4 ms]
      [Choose CSet: 0.0 ms]
      [Ref Proc: 0.1 ms]
      [Ref Enq: 0.0 ms]
      [Redirty Cards: 0.0 ms]
      [Humongous Register: 0.0 ms]
      [Humongous Reclaim: 0.0 ms]
      [Free CSet: 0.1 ms]
   [Eden: 258.0M(258.0M)->0.0B(260.0M) Survivors: 25600.0K->23552.0K Heap: 385.3M(472.0M)->124.8M(472.0M)]
 [Times: user=0.06 sys=0.00, real=0.03 secs] 
2024-07-06T11:29:14.801+0800: 308.968: [GC pause (G1 Evacuation Pause) (young), 0.0132976 secs]
   [Parallel Time: 12.7 ms, GC Workers: 2]
      [GC Worker Start (ms): Min: 308967.8, Avg: 308968.6, Max: 308969.4, Diff: 1.6]
      [Ext Root Scanning (ms): Min: 0.0, Avg: 0.3, Max: 0.7, Diff: 0.7, Sum: 0.7]
      [Update RS (ms): Min: 0.0, Avg: 0.0, Max: 0.0, Diff: 0.0, Sum: 0.0]
         [Processed Buffers: Min: 0, Avg: 2.5, Max: 5, Diff: 5, Sum: 5]
      [Scan RS (ms): Min: 0.0, Avg: 0.1, Max: 0.1, Diff: 0.1, Sum: 0.1]
      [Code Root Scanning (ms): Min: 0.0, Avg: 0.0, Max: 0.0, Diff: 0.0, Sum: 0.0]
      [Object Copy (ms): Min: 11.1, Avg: 11.4, Max: 11.8, Diff: 0.7, Sum: 22.9]
      [Termination (ms): Min: 0.0, Avg: 0.0, Max: 0.0, Diff: 0.0, Sum: 0.0]
         [Termination Attempts: Min: 1, Avg: 1.0, Max: 1, Diff: 0, Sum: 2]
      [GC Worker Other (ms): Min: 0.0, Avg: 0.0, Max: 0.0, Diff: 0.0, Sum: 0.0]
      [GC Worker Total (ms): Min: 11.1, Avg: 11.9, Max: 12.7, Diff: 1.6, Sum: 23.8]
      [GC Worker End (ms): Min: 308980.5, Avg: 308980.5, Max: 308980.5, Diff: 0.0]
   [Code Root Fixup: 0.0 ms]
   [Code Root Purge: 0.0 ms]
   [Clear CT: 0.1 ms]
   [Other: 0.4 ms]
      [Choose CSet: 0.0 ms]
      [Ref Proc: 0.1 ms]
      [Ref Enq: 0.0 ms]
      [Redirty Cards: 0.0 ms]
      [Humongous Register: 0.0 ms]
      [Humongous Reclaim: 0.0 ms]
      [Free CSet: 0.1 ms]
   [Eden: 260.0M(260.0M)->0.0B(273.0M) Survivors: 23552.0K->10240.0K Heap: 384.8M(472.0M)->111.8M(472.0M)]
 [Times: user=0.03 sys=0.00, real=0.01 secs] 
2024-07-06T11:29:15.237+0800: 309.403: [GC pause (G1 Evacuation Pause) (young), 0.0135324 secs]
   [Parallel Time: 13.0 ms, GC Workers: 2]
      [GC Worker Start (ms): Min: 309403.2, Avg: 309403.2, Max: 309403.3, Diff: 0.0]
      [Ext Root Scanning (ms): Min: 0.5, Avg: 0.5, Max: 0.6, Diff: 0.0, Sum: 1.1]
      [Update RS (ms): Min: 0.0, Avg: 0.0, Max: 0.0, Diff: 0.0, Sum: 0.1]
         [Processed Buffers: Min: 1, Avg: 3.0, Max: 5, Diff: 4, Sum: 6]
      [Scan RS (ms): Min: 0.1, Avg: 0.1, Max: 0.1, Diff: 0.0, Sum: 0.2]
      [Code Root Scanning (ms): Min: 0.0, Avg: 0.0, Max: 0.0, Diff: 0.0, Sum: 0.0]
      [Object Copy (ms): Min: 12.2, Avg: 12.2, Max: 12.2, Diff: 0.0, Sum: 24.4]
      [Termination (ms): Min: 0.0, Avg: 0.0, Max: 0.0, Diff: 0.0, Sum: 0.0]
         [Termination Attempts: Min: 1, Avg: 2.0, Max: 3, Diff: 2, Sum: 4]
      [GC Worker Other (ms): Min: 0.0, Avg: 0.0, Max: 0.0, Diff: 0.0, Sum: 0.1]
      [GC Worker Total (ms): Min: 12.9, Avg: 12.9, Max: 13.0, Diff: 0.0, Sum: 25.9]
      [GC Worker End (ms): Min: 309416.2, Avg: 309416.2, Max: 309416.2, Diff: 0.0]
   [Code Root Fixup: 0.0 ms]
   [Code Root Purge: 0.0 ms]
   [Clear CT: 0.1 ms]
   [Other: 0.4 ms]
      [Choose CSet: 0.0 ms]
      [Ref Proc: 0.1 ms]
      [Ref Enq: 0.0 ms]
      [Redirty Cards: 0.0 ms]
      [Humongous Register: 0.0 ms]
      [Humongous Reclaim: 0.0 ms]
      [Free CSet: 0.1 ms]
   [Eden: 273.0M(273.0M)->0.0B(269.0M) Survivors: 10240.0K->14336.0K Heap: 384.8M(472.0M)->116.3M(472.0M)]
 [Times: user=0.02 sys=0.00, real=0.01 secs] 
2024-07-06T11:29:15.671+0800: 309.837: [GC pause (G1 Evacuation Pause) (young), 0.0274357 secs]
   [Parallel Time: 26.9 ms, GC Workers: 2]
      [GC Worker Start (ms): Min: 309837.6, Avg: 309837.6, Max: 309837.6, Diff: 0.0]
      [Ext Root Scanning (ms): Min: 0.5, Avg: 0.5, Max: 0.5, Diff: 0.0, Sum: 1.1]
      [Update RS (ms): Min: 0.0, Avg: 0.0, Max: 0.0, Diff: 0.0, Sum: 0.0]
         [Processed Buffers: Min: 1, Avg: 3.0, Max: 5, Diff: 4, Sum: 6]
      [Scan RS (ms): Min: 0.1, Avg: 0.1, Max: 0.1, Diff: 0.0, Sum: 0.2]
      [Code Root Scanning (ms): Min: 0.0, Avg: 0.0, Max: 0.0, Diff: 0.0, Sum: 0.0]
      [Object Copy (ms): Min: 26.2, Avg: 26.2, Max: 26.2, Diff: 0.0, Sum: 52.4]
      [Termination (ms): Min: 0.0, Avg: 0.0, Max: 0.0, Diff: 0.0, Sum: 0.0]
         [Termination Attempts: Min: 1, Avg: 1.0, Max: 1, Diff: 0, Sum: 2]
      [GC Worker Other (ms): Min: 0.0, Avg: 0.0, Max: 0.0, Diff: 0.0, Sum: 0.0]
      [GC Worker Total (ms): Min: 26.9, Avg: 26.9, Max: 26.9, Diff: 0.0, Sum: 53.7]
      [GC Worker End (ms): Min: 309864.4, Avg: 309864.4, Max: 309864.4, Diff: 0.0]
   [Code Root Fixup: 0.0 ms]
   [Code Root Purge: 0.0 ms]
   [Clear CT: 0.1 ms]
   [Other: 0.4 ms]
      [Choose CSet: 0.0 ms]
      [Ref Proc: 0.1 ms]
      [Ref Enq: 0.0 ms]
      [Redirty Cards: 0.0 ms]
      [Humongous Register: 0.0 ms]
      [Humongous Reclaim: 0.0 ms]
      [Free CSet: 0.1 ms]
   [Eden: 269.0M(269.0M)->0.0B(256.0M) Survivors: 14336.0K->27648.0K Heap: 385.3M(472.0M)->128.8M(472.0M)]
 [Times: user=0.05 sys=0.00, real=0.03 secs] 
2024-07-06T11:29:16.118+0800: 310.284: [GC pause (G1 Evacuation Pause) (young), 0.0417592 secs]
   [Parallel Time: 41.1 ms, GC Workers: 2]
      [GC Worker Start (ms): Min: 310283.9, Avg: 310283.9, Max: 310283.9, Diff: 0.0]
      [Ext Root Scanning (ms): Min: 0.6, Avg: 0.6, Max: 0.6, Diff: 0.0, Sum: 1.2]
      [Update RS (ms): Min: 0.0, Avg: 0.0, Max: 0.0, Diff: 0.0, Sum: 0.1]
         [Processed Buffers: Min: 1, Avg: 2.5, Max: 4, Diff: 3, Sum: 5]
      [Scan RS (ms): Min: 0.1, Avg: 0.1, Max: 0.1, Diff: 0.0, Sum: 0.2]
      [Code Root Scanning (ms): Min: 0.0, Avg: 0.0, Max: 0.0, Diff: 0.0, Sum: 0.0]
      [Object Copy (ms): Min: 40.3, Avg: 40.3, Max: 40.4, Diff: 0.1, Sum: 80.6]
      [Termination (ms): Min: 0.0, Avg: 0.0, Max: 0.0, Diff: 0.0, Sum: 0.0]
         [Termination Attempts: Min: 1, Avg: 1.0, Max: 1, Diff: 0, Sum: 2]
      [GC Worker Other (ms): Min: 0.0, Avg: 0.0, Max: 0.0, Diff: 0.0, Sum: 0.0]
      [GC Worker Total (ms): Min: 41.1, Avg: 41.1, Max: 41.1, Diff: 0.0, Sum: 82.1]
      [GC Worker End (ms): Min: 310325.0, Avg: 310325.0, Max: 310325.0, Diff: 0.0]
   [Code Root Fixup: 0.0 ms]
   [Code Root Purge: 0.0 ms]
   [Clear CT: 0.1 ms]
   [Other: 0.5 ms]
      [Choose CSet: 0.0 ms]
      [Ref Proc: 0.1 ms]
      [Ref Enq: 0.0 ms]
      [Redirty Cards: 0.1 ms]
      [Humongous Register: 0.1 ms]
      [Humongous Reclaim: 0.0 ms]
      [Free CSet: 0.2 ms]
   [Eden: 256.0M(256.0M)->0.0B(250.0M) Survivors: 27648.0K->33792.0K Heap: 384.8M(472.0M)->134.8M(472.0M)]
 [Times: user=0.08 sys=0.00, real=0.04 secs] 
2024-07-06T11:29:16.547+0800: 310.713: [GC pause (G1 Evacuation Pause) (young), 0.0353991 secs]
   [Parallel Time: 34.9 ms, GC Workers: 2]
      [GC Worker Start (ms): Min: 310713.5, Avg: 310713.5, Max: 310713.5, Diff: 0.0]
      [Ext Root Scanning (ms): Min: 0.5, Avg: 0.5, Max: 0.5, Diff: 0.0, Sum: 1.0]
      [Update RS (ms): Min: 0.0, Avg: 0.0, Max: 0.0, Diff: 0.0, Sum: 0.0]
         [Processed Buffers: Min: 1, Avg: 2.5, Max: 4, Diff: 3, Sum: 5]
      [Scan RS (ms): Min: 0.1, Avg: 0.1, Max: 0.1, Diff: 0.0, Sum: 0.2]
      [Code Root Scanning (ms): Min: 0.0, Avg: 0.0, Max: 0.0, Diff: 0.0, Sum: 0.0]
      [Object Copy (ms): Min: 34.2, Avg: 34.2, Max: 34.2, Diff: 0.0, Sum: 68.5]
      [Termination (ms): Min: 0.0, Avg: 0.0, Max: 0.0, Diff: 0.0, Sum: 0.0]
         [Termination Attempts: Min: 1, Avg: 1.5, Max: 2, Diff: 1, Sum: 3]
      [GC Worker Other (ms): Min: 0.0, Avg: 0.0, Max: 0.0, Diff: 0.0, Sum: 0.0]
      [GC Worker Total (ms): Min: 34.9, Avg: 34.9, Max: 34.9, Diff: 0.0, Sum: 69.7]
      [GC Worker End (ms): Min: 310748.4, Avg: 310748.4, Max: 310748.4, Diff: 0.0]
   [Code Root Fixup: 0.0 ms]
   [Code Root Purge: 0.0 ms]
   [Clear CT: 0.1 ms]
   [Other: 0.4 ms]
      [Choose CSet: 0.0 ms]
      [Ref Proc: 0.1 ms]
      [Ref Enq: 0.0 ms]
      [Redirty Cards: 0.0 ms]
      [Humongous Register: 0.0 ms]
      [Humongous Reclaim: 0.0 ms]
      [Free CSet: 0.1 ms]
   [Eden: 250.0M(250.0M)->0.0B(253.0M) Survivors: 33792.0K->30720.0K Heap: 384.8M(472.0M)->132.0M(472.0M)]
 [Times: user=0.07 sys=0.00, real=0.03 secs] 
2024-07-06T11:29:17.013+0800: 311.179: [GC pause (G1 Evacuation Pause) (young), 0.0351591 secs]
   [Parallel Time: 34.6 ms, GC Workers: 2]
      [GC Worker Start (ms): Min: 311179.2, Avg: 311179.2, Max: 311179.2, Diff: 0.0]
      [Ext Root Scanning (ms): Min: 0.6, Avg: 0.6, Max: 0.6, Diff: 0.0, Sum: 1.2]
      [Update RS (ms): Min: 0.0, Avg: 0.0, Max: 0.0, Diff: 0.0, Sum: 0.1]
         [Processed Buffers: Min: 1, Avg: 2.5, Max: 4, Diff: 3, Sum: 5]
      [Scan RS (ms): Min: 0.1, Avg: 0.1, Max: 0.1, Diff: 0.0, Sum: 0.2]
      [Code Root Scanning (ms): Min: 0.0, Avg: 0.0, Max: 0.0, Diff: 0.0, Sum: 0.0]
      [Object Copy (ms): Min: 33.7, Avg: 33.7, Max: 33.7, Diff: 0.0, Sum: 67.5]
      [Termination (ms): Min: 0.0, Avg: 0.0, Max: 0.0, Diff: 0.0, Sum: 0.0]
         [Termination Attempts: Min: 1, Avg: 1.0, Max: 1, Diff: 0, Sum: 2]
      [GC Worker Other (ms): Min: 0.0, Avg: 0.0, Max: 0.0, Diff: 0.0, Sum: 0.0]
      [GC Worker Total (ms): Min: 34.5, Avg: 34.5, Max: 34.5, Diff: 0.0, Sum: 68.9]
      [GC Worker End (ms): Min: 311213.7, Avg: 311213.7, Max: 311213.7, Diff: 0.0]
   [Code Root Fixup: 0.0 ms]
   [Code Root Purge: 0.0 ms]
   [Clear CT: 0.1 ms]
   [Other: 0.4 ms]
      [Choose CSet: 0.0 ms]
      [Ref Proc: 0.1 ms]
      [Ref Enq: 0.0 ms]
      [Redirty Cards: 0.1 ms]
      [Humongous Register: 0.0 ms]
      [Humongous Reclaim: 0.0 ms]
      [Free CSet: 0.2 ms]
   [Eden: 253.0M(253.0M)->0.0B(256.0M) Survivors: 30720.0K->27648.0K Heap: 385.0M(472.0M)->129.3M(472.0M)]
 [Times: user=0.06 sys=0.00, real=0.04 secs] 
2024-07-06T11:29:17.495+0800: 311.661: [GC pause (G1 Evacuation Pause) (young), 0.0320520 secs]
   [Parallel Time: 31.5 ms, GC Workers: 2]
      [GC Worker Start (ms): Min: 311661.6, Avg: 311661.6, Max: 311661.6, Diff: 0.0]
      [Ext Root Scanning (ms): Min: 0.5, Avg: 0.5, Max: 0.5, Diff: 0.0, Sum: 1.0]
      [Update RS (ms): Min: 0.0, Avg: 0.0, Max: 0.0, Diff: 0.0, Sum: 0.1]
         [Processed Buffers: Min: 2, Avg: 2.5, Max: 3, Diff: 1, Sum: 5]
      [Scan RS (ms): Min: 0.1, Avg: 0.1, Max: 0.1, Diff: 0.0, Sum: 0.2]
      [Code Root Scanning (ms): Min: 0.0, Avg: 0.0, Max: 0.0, Diff: 0.0, Sum: 0.0]
      [Object Copy (ms): Min: 30.8, Avg: 30.8, Max: 30.8, Diff: 0.0, Sum: 61.5]
      [Termination (ms): Min: 0.0, Avg: 0.0, Max: 0.0, Diff: 0.0, Sum: 0.0]
         [Termination Attempts: Min: 1, Avg: 1.5, Max: 2, Diff: 1, Sum: 3]
      [GC Worker Other (ms): Min: 0.0, Avg: 0.0, Max: 0.0, Diff: 0.0, Sum: 0.0]
      [GC Worker Total (ms): Min: 31.4, Avg: 31.4, Max: 31.4, Diff: 0.0, Sum: 62.8]
      [GC Worker End (ms): Min: 311693.0, Avg: 311693.0, Max: 311693.0, Diff: 0.0]
   [Code Root Fixup: 0.0 ms]
   [Code Root Purge: 0.0 ms]
   [Clear CT: 0.1 ms]
   [Other: 0.5 ms]
      [Choose CSet: 0.0 ms]
      [Ref Proc: 0.1 ms]
      [Ref Enq: 0.0 ms]
      [Redirty Cards: 0.1 ms]
      [Humongous Register: 0.0 ms]
      [Humongous Reclaim: 0.0 ms]
      [Free CSet: 0.2 ms]
   [Eden: 256.0M(256.0M)->0.0B(259.0M) Survivors: 27648.0K->24576.0K Heap: 385.3M(472.0M)->126.3M(472.0M)]
 [Times: user=0.06 sys=0.00, real=0.03 secs] 
2024-07-06T11:29:17.971+0800: 312.137: [GC pause (G1 Evacuation Pause) (young), 0.0229666 secs]
   [Parallel Time: 22.5 ms, GC Workers: 2]
      [GC Worker Start (ms): Min: 312137.5, Avg: 312137.6, Max: 312137.6, Diff: 0.0]
      [Ext Root Scanning (ms): Min: 0.5, Avg: 0.5, Max: 0.5, Diff: 0.0, Sum: 1.0]
      [Update RS (ms): Min: 0.0, Avg: 0.0, Max: 0.0, Diff: 0.0, Sum: 0.0]
         [Processed Buffers: Min: 1, Avg: 2.5, Max: 4, Diff: 3, Sum: 5]
      [Scan RS (ms): Min: 0.1, Avg: 0.1, Max: 0.1, Diff: 0.0, Sum: 0.2]
      [Code Root Scanning (ms): Min: 0.0, Avg: 0.0, Max: 0.0, Diff: 0.0, Sum: 0.0]
      [Object Copy (ms): Min: 21.6, Avg: 21.7, Max: 21.8, Diff: 0.2, Sum: 43.4]
      [Termination (ms): Min: 0.0, Avg: 0.1, Max: 0.2, Diff: 0.2, Sum: 0.2]
         [Termination Attempts: Min: 1, Avg: 2.0, Max: 3, Diff: 2, Sum: 4]
      [GC Worker Other (ms): Min: 0.0, Avg: 0.0, Max: 0.0, Diff: 0.0, Sum: 0.0]
      [GC Worker Total (ms): Min: 22.4, Avg: 22.4, Max: 22.4, Diff: 0.0, Sum: 44.9]
      [GC Worker End (ms): Min: 312160.0, Avg: 312160.0, Max: 312160.0, Diff: 0.0]
   [Code Root Fixup: 0.0 ms]
   [Code Root Purge: 0.0 ms]
   [Clear CT: 0.1 ms]
   [Other: 0.4 ms]
      [Choose CSet: 0.0 ms]
      [Ref Proc: 0.1 ms]
      [Ref Enq: 0.0 ms]
      [Redirty Cards: 0.0 ms]
      [Humongous Register: 0.0 ms]
      [Humongous Reclaim: 0.0 ms]
      [Free CSet: 0.1 ms]
   [Eden: 259.0M(259.0M)->0.0B(265.0M) Survivors: 24576.0K->18432.0K Heap: 385.3M(472.0M)->119.8M(472.0M)]
 [Times: user=0.04 sys=0.00, real=0.02 secs] 
2024-07-06T11:29:18.402+0800: 312.569: [GC pause (G1 Evacuation Pause) (young), 0.0200657 secs]
   [Parallel Time: 19.6 ms, GC Workers: 2]
      [GC Worker Start (ms): Min: 312568.7, Avg: 312568.7, Max: 312568.7, Diff: 0.0]
      [Ext Root Scanning (ms): Min: 0.5, Avg: 0.6, Max: 0.6, Diff: 0.0, Sum: 1.1]
      [Update RS (ms): Min: 0.0, Avg: 0.0, Max: 0.0, Diff: 0.0, Sum: 0.1]
         [Processed Buffers: Min: 2, Avg: 2.5, Max: 3, Diff: 1, Sum: 5]
      [Scan RS (ms): Min: 0.1, Avg: 0.1, Max: 0.1, Diff: 0.0, Sum: 0.2]
      [Code Root Scanning (ms): Min: 0.0, Avg: 0.0, Max: 0.0, Diff: 0.0, Sum: 0.0]
      [Object Copy (ms): Min: 18.8, Avg: 18.8, Max: 18.8, Diff: 0.0, Sum: 37.5]
      [Termination (ms): Min: 0.0, Avg: 0.0, Max: 0.0, Diff: 0.0, Sum: 0.0]
         [Termination Attempts: Min: 1, Avg: 1.0, Max: 1, Diff: 0, Sum: 2]
      [GC Worker Other (ms): Min: 0.0, Avg: 0.0, Max: 0.0, Diff: 0.0, Sum: 0.0]
      [GC Worker Total (ms): Min: 19.4, Avg: 19.5, Max: 19.5, Diff: 0.0, Sum: 38.9]
      [GC Worker End (ms): Min: 312588.2, Avg: 312588.2, Max: 312588.2, Diff: 0.0]
   [Code Root Fixup: 0.0 ms]
   [Code Root Purge: 0.0 ms]
   [Clear CT: 0.1 ms]
   [Other: 0.4 ms]
      [Choose CSet: 0.0 ms]
      [Ref Proc: 0.1 ms]
      [Ref Enq: 0.0 ms]
      [Redirty Cards: 0.0 ms]
      [Humongous Register: 0.0 ms]
      [Humongous Reclaim: 0.0 ms]
      [Free CSet: 0.2 ms]
   [Eden: 265.0M(265.0M)->0.0B(265.0M) Survivors: 18432.0K->18432.0K Heap: 384.8M(472.0M)->120.3M(472.0M)]
 [Times: user=0.04 sys=0.00, real=0.02 secs] 
2024-07-06T11:29:18.895+0800: 313.062: [GC pause (G1 Evacuation Pause) (young), 0.0311548 secs]
   [Parallel Time: 30.6 ms, GC Workers: 2]
      [GC Worker Start (ms): Min: 313061.7, Avg: 313061.7, Max: 313061.7, Diff: 0.0]
      [Ext Root Scanning (ms): Min: 0.9, Avg: 1.0, Max: 1.0, Diff: 0.1, Sum: 1.9]
      [Update RS (ms): Min: 0.0, Avg: 0.0, Max: 0.1, Diff: 0.1, Sum: 0.1]
         [Processed Buffers: Min: 0, Avg: 2.5, Max: 5, Diff: 5, Sum: 5]
      [Scan RS (ms): Min: 0.1, Avg: 0.1, Max: 0.1, Diff: 0.0, Sum: 0.2]
      [Code Root Scanning (ms): Min: 0.0, Avg: 0.0, Max: 0.0, Diff: 0.0, Sum: 0.0]
      [Object Copy (ms): Min: 29.4, Avg: 29.4, Max: 29.5, Diff: 0.1, Sum: 58.9]
      [Termination (ms): Min: 0.0, Avg: 0.0, Max: 0.0, Diff: 0.0, Sum: 0.0]
         [Termination Attempts: Min: 1, Avg: 1.0, Max: 1, Diff: 0, Sum: 2]
      [GC Worker Other (ms): Min: 0.0, Avg: 0.0, Max: 0.0, Diff: 0.0, Sum: 0.0]
      [GC Worker Total (ms): Min: 30.5, Avg: 30.6, Max: 30.6, Diff: 0.0, Sum: 61.1]
      [GC Worker End (ms): Min: 313092.3, Avg: 313092.3, Max: 313092.3, Diff: 0.0]
   [Code Root Fixup: 0.0 ms]
   [Code Root Purge: 0.0 ms]
   [Clear CT: 0.1 ms]
   [Other: 0.4 ms]
      [Choose CSet: 0.0 ms]
      [Ref Proc: 0.1 ms]
      [Ref Enq: 0.0 ms]
      [Redirty Cards: 0.0 ms]
      [Humongous Register: 0.0 ms]
      [Humongous Reclaim: 0.0 ms]
      [Free CSet: 0.2 ms]
   [Eden: 265.0M(265.0M)->0.0B(264.0M) Survivors: 18432.0K->19456.0K Heap: 385.3M(472.0M)->121.3M(472.0M)]
 [Times: user=0.06 sys=0.00, real=0.02 secs] 
2024-07-06T11:29:19.334+0800: 313.500: [GC pause (G1 Evacuation Pause) (young), 0.0279297 secs]
   [Parallel Time: 27.4 ms, GC Workers: 2]
      [GC Worker Start (ms): Min: 313500.3, Avg: 313500.3, Max: 313500.3, Diff: 0.0]
      [Ext Root Scanning (ms): Min: 0.6, Avg: 0.6, Max: 0.6, Diff: 0.0, Sum: 1.2]
      [Update RS (ms): Min: 0.0, Avg: 0.0, Max: 0.0, Diff: 0.0, Sum: 0.1]
         [Processed Buffers: Min: 1, Avg: 2.5, Max: 4, Diff: 3, Sum: 5]
      [Scan RS (ms): Min: 0.1, Avg: 0.1, Max: 0.1, Diff: 0.0, Sum: 0.2]
      [Code Root Scanning (ms): Min: 0.0, Avg: 0.0, Max: 0.0, Diff: 0.0, Sum: 0.0]
      [Object Copy (ms): Min: 26.6, Avg: 26.6, Max: 26.6, Diff: 0.0, Sum: 53.2]
      [Termination (ms): Min: 0.0, Avg: 0.0, Max: 0.0, Diff: 0.0, Sum: 0.0]
         [Termination Attempts: Min: 1, Avg: 1.0, Max: 1, Diff: 0, Sum: 2]
      [GC Worker Other (ms): Min: 0.0, Avg: 0.0, Max: 0.0, Diff: 0.0, Sum: 0.0]
      [GC Worker Total (ms): Min: 27.3, Avg: 27.4, Max: 27.4, Diff: 0.0, Sum: 54.7]
      [GC Worker End (ms): Min: 313527.6, Avg: 313527.6, Max: 313527.6, Diff: 0.0]
   [Code Root Fixup: 0.0 ms]
   [Code Root Purge: 0.0 ms]
   [Clear CT: 0.1 ms]
   [Other: 0.4 ms]
      [Choose CSet: 0.0 ms]
      [Ref Proc: 0.1 ms]
      [Ref Enq: 0.0 ms]
      [Redirty Cards: 0.0 ms]
      [Humongous Register: 0.0 ms]
      [Humongous Reclaim: 0.0 ms]
      [Free CSet: 0.1 ms]
   [Eden: 264.0M(264.0M)->0.0B(257.0M) Survivors: 19456.0K->26624.0K Heap: 385.3M(472.0M)->127.8M(472.0M)]
 [Times: user=0.05 sys=0.00, real=0.03 secs] 
2024-07-06T11:29:19.759+0800: 313.925: [GC pause (G1 Evacuation Pause) (young), 0.0340849 secs]
   [Parallel Time: 33.6 ms, GC Workers: 2]
      [GC Worker Start (ms): Min: 313925.6, Avg: 313925.6, Max: 313925.6, Diff: 0.0]
      [Ext Root Scanning (ms): Min: 0.5, Avg: 0.6, Max: 0.6, Diff: 0.0, Sum: 1.1]
      [Update RS (ms): Min: 0.0, Avg: 0.0, Max: 0.0, Diff: 0.0, Sum: 0.0]
         [Processed Buffers: Min: 1, Avg: 2.5, Max: 4, Diff: 3, Sum: 5]
      [Scan RS (ms): Min: 0.1, Avg: 0.1, Max: 0.1, Diff: 0.0, Sum: 0.2]
      [Code Root Scanning (ms): Min: 0.0, Avg: 0.0, Max: 0.0, Diff: 0.0, Sum: 0.0]
      [Object Copy (ms): Min: 32.9, Avg: 32.9, Max: 32.9, Diff: 0.0, Sum: 65.7]
      [Termination (ms): Min: 0.0, Avg: 0.0, Max: 0.0, Diff: 0.0, Sum: 0.0]
         [Termination Attempts: Min: 1, Avg: 1.5, Max: 2, Diff: 1, Sum: 3]
      [GC Worker Other (ms): Min: 0.0, Avg: 0.0, Max: 0.0, Diff: 0.0, Sum: 0.0]
      [GC Worker Total (ms): Min: 33.5, Avg: 33.5, Max: 33.5, Diff: 0.0, Sum: 67.1]
      [GC Worker End (ms): Min: 313959.1, Avg: 313959.1, Max: 313959.1, Diff: 0.0]
   [Code Root Fixup: 0.0 ms]
   [Code Root Purge: 0.0 ms]
   [Clear CT: 0.1 ms]
   [Other: 0.4 ms]
      [Choose CSet: 0.0 ms]
      [Ref Proc: 0.1 ms]
      [Ref Enq: 0.0 ms]
      [Redirty Cards: 0.0 ms]
      [Humongous Register: 0.0 ms]
      [Humongous Reclaim: 0.0 ms]
      [Free CSet: 0.2 ms]
   [Eden: 257.0M(257.0M)->0.0B(253.0M) Survivors: 26624.0K->30720.0K Heap: 384.8M(472.0M)->132.3M(472.0M)]
 [Times: user=0.07 sys=0.00, real=0.03 secs] 
2024-07-06T11:29:20.221+0800: 314.387: [GC pause (G1 Evacuation Pause) (young), 0.0348071 secs]
   [Parallel Time: 34.3 ms, GC Workers: 2]
      [GC Worker Start (ms): Min: 314387.6, Avg: 314387.6, Max: 314387.6, Diff: 0.0]
      [Ext Root Scanning (ms): Min: 0.5, Avg: 0.6, Max: 0.6, Diff: 0.0, Sum: 1.1]
      [Update RS (ms): Min: 0.0, Avg: 0.0, Max: 0.0, Diff: 0.0, Sum: 0.0]
         [Processed Buffers: Min: 2, Avg: 2.5, Max: 3, Diff: 1, Sum: 5]
      [Scan RS (ms): Min: 0.1, Avg: 0.1, Max: 0.1, Diff: 0.0, Sum: 0.2]
      [Code Root Scanning (ms): Min: 0.0, Avg: 0.0, Max: 0.0, Diff: 0.0, Sum: 0.0]
      [Object Copy (ms): Min: 33.5, Avg: 33.5, Max: 33.5, Diff: 0.0, Sum: 67.0]
      [Termination (ms): Min: 0.0, Avg: 0.0, Max: 0.0, Diff: 0.0, Sum: 0.0]
         [Termination Attempts: Min: 1, Avg: 1.0, Max: 1, Diff: 0, Sum: 2]
      [GC Worker Other (ms): Min: 0.0, Avg: 0.0, Max: 0.0, Diff: 0.0, Sum: 0.0]
      [GC Worker Total (ms): Min: 34.2, Avg: 34.2, Max: 34.2, Diff: 0.0, Sum: 68.4]
      [GC Worker End (ms): Min: 314421.8, Avg: 314421.8, Max: 314421.8, Diff: 0.0]
   [Code Root Fixup: 0.0 ms]
   [Code Root Purge: 0.0 ms]
   [Clear CT: 0.1 ms]
   [Other: 0.4 ms]
      [Choose CSet: 0.0 ms]
      [Ref Proc: 0.1 ms]
      [Ref Enq: 0.0 ms]
      [Redirty Cards: 0.0 ms]
      [Humongous Register: 0.0 ms]
      [Humongous Reclaim: 0.0 ms]
      [Free CSet: 0.1 ms]
   [Eden: 253.0M(253.0M)->0.0B(254.0M) Survivors: 30720.0K->29696.0K Heap: 385.3M(472.0M)->130.8M(472.0M)]
 [Times: user=0.06 sys=0.00, real=0.04 secs] 
2024-07-06T11:29:20.659+0800: 314.825: [GC pause (G1 Evacuation Pause) (young), 0.0327072 secs]
   [Parallel Time: 32.1 ms, GC Workers: 2]
      [GC Worker Start (ms): Min: 314825.5, Avg: 314825.6, Max: 314825.6, Diff: 0.0]
      [Ext Root Scanning (ms): Min: 0.5, Avg: 0.5, Max: 0.5, Diff: 0.0, Sum: 1.1]
      [Update RS (ms): Min: 0.0, Avg: 0.0, Max: 0.0, Diff: 0.0, Sum: 0.1]
         [Processed Buffers: Min: 2, Avg: 2.5, Max: 3, Diff: 1, Sum: 5]
      [Scan RS (ms): Min: 0.1, Avg: 0.1, Max: 0.1, Diff: 0.0, Sum: 0.2]
      [Code Root Scanning (ms): Min: 0.0, Avg: 0.0, Max: 0.0, Diff: 0.0, Sum: 0.0]
      [Object Copy (ms): Min: 31.4, Avg: 31.4, Max: 31.4, Diff: 0.0, Sum: 62.9]
      [Termination (ms): Min: 0.0, Avg: 0.0, Max: 0.0, Diff: 0.0, Sum: 0.0]
         [Termination Attempts: Min: 1, Avg: 1.0, Max: 1, Diff: 0, Sum: 2]
      [GC Worker Other (ms): Min: 0.0, Avg: 0.0, Max: 0.0, Diff: 0.0, Sum: 0.0]
      [GC Worker Total (ms): Min: 32.1, Avg: 32.1, Max: 32.1, Diff: 0.0, Sum: 64.2]
      [GC Worker End (ms): Min: 314857.6, Avg: 314857.6, Max: 314857.6, Diff: 0.0]
   [Code Root Fixup: 0.0 ms]
   [Code Root Purge: 0.0 ms]
   [Clear CT: 0.1 ms]
   [Other: 0.4 ms]
      [Choose CSet: 0.0 ms]
      [Ref Proc: 0.1 ms]
      [Ref Enq: 0.0 ms]
      [Redirty Cards: 0.0 ms]
      [Humongous Register: 0.0 ms]
      [Humongous Reclaim: 0.0 ms]
      [Free CSet: 0.2 ms]
   [Eden: 254.0M(254.0M)->0.0B(257.0M) Survivors: 29696.0K->26624.0K Heap: 384.8M(472.0M)->127.8M(472.0M)]
 [Times: user=0.06 sys=0.00, real=0.03 secs] 
2024-07-06T11:29:21.151+0800: 315.317: [GC pause (G1 Evacuation Pause) (young), 0.0258349 secs]
   [Parallel Time: 25.3 ms, GC Workers: 2]
      [GC Worker Start (ms): Min: 315317.4, Avg: 315317.4, Max: 315317.4, Diff: 0.0]
      [Ext Root Scanning (ms): Min: 0.5, Avg: 0.5, Max: 0.5, Diff: 0.0, Sum: 0.9]
      [Update RS (ms): Min: 0.0, Avg: 0.0, Max: 0.1, Diff: 0.0, Sum: 0.1]
         [Processed Buffers: Min: 1, Avg: 2.5, Max: 4, Diff: 3, Sum: 5]
      [Scan RS (ms): Min: 0.1, Avg: 0.1, Max: 0.1, Diff: 0.0, Sum: 0.2]
      [Code Root Scanning (ms): Min: 0.0, Avg: 0.0, Max: 0.0, Diff: 0.0, Sum: 0.0]
      [Object Copy (ms): Min: 24.6, Avg: 24.6, Max: 24.6, Diff: 0.0, Sum: 49.2]
      [Termination (ms): Min: 0.0, Avg: 0.0, Max: 0.0, Diff: 0.0, Sum: 0.0]
         [Termination Attempts: Min: 1, Avg: 7.0, Max: 13, Diff: 12, Sum: 14]
      [GC Worker Other (ms): Min: 0.0, Avg: 0.0, Max: 0.0, Diff: 0.0, Sum: 0.0]
      [GC Worker Total (ms): Min: 25.2, Avg: 25.2, Max: 25.2, Diff: 0.0, Sum: 50.4]
      [GC Worker End (ms): Min: 315342.6, Avg: 315342.6, Max: 315342.6, Diff: 0.0]
   [Code Root Fixup: 0.0 ms]
   [Code Root Purge: 0.0 ms]
   [Clear CT: 0.1 ms]
   [Other: 0.5 ms]
      [Choose CSet: 0.0 ms]
      [Ref Proc: 0.1 ms]
      [Ref Enq: 0.0 ms]
      [Redirty Cards: 0.0 ms]
      [Humongous Register: 0.0 ms]
      [Humongous Reclaim: 0.0 ms]
      [Free CSet: 0.2 ms]
   [Eden: 257.0M(257.0M)->0.0B(262.0M) Survivors: 26624.0K->21504.0K Heap: 384.8M(472.0M)->122.9M(472.0M)]
 [Times: user=0.06 sys=0.00, real=0.03 secs] 
2024-07-06T11:29:21.595+0800: 315.761: [GC pause (G1 Evacuation Pause) (young), 0.0202882 secs]
   [Parallel Time: 19.7 ms, GC Workers: 2]
      [GC Worker Start (ms): Min: 315761.6, Avg: 315761.6, Max: 315761.6, Diff: 0.0]
      [Ext Root Scanning (ms): Min: 0.5, Avg: 0.5, Max: 0.5, Diff: 0.0, Sum: 1.0]
      [Update RS (ms): Min: 0.0, Avg: 0.0, Max: 0.0, Diff: 0.0, Sum: 0.0]
         [Processed Buffers: Min: 1, Avg: 2.5, Max: 4, Diff: 3, Sum: 5]
      [Scan RS (ms): Min: 0.1, Avg: 0.1, Max: 0.1, Diff: 0.0, Sum: 0.2]
      [Code Root Scanning (ms): Min: 0.0, Avg: 0.0, Max: 0.0, Diff: 0.0, Sum: 0.0]
      [Object Copy (ms): Min: 19.0, Avg: 19.0, Max: 19.0, Diff: 0.0, Sum: 38.0]
      [Termination (ms): Min: 0.0, Avg: 0.0, Max: 0.0, Diff: 0.0, Sum: 0.0]
         [Termination Attempts: Min: 1, Avg: 1.0, Max: 1, Diff: 0, Sum: 2]
      [GC Worker Other (ms): Min: 0.0, Avg: 0.0, Max: 0.0, Diff: 0.0, Sum: 0.0]
      [GC Worker Total (ms): Min: 19.6, Avg: 19.6, Max: 19.6, Diff: 0.0, Sum: 39.3]
      [GC Worker End (ms): Min: 315781.2, Avg: 315781.2, Max: 315781.2, Diff: 0.0]
   [Code Root Fixup: 0.0 ms]
   [Code Root Purge: 0.0 ms]
   [Clear CT: 0.1 ms]
   [Other: 0.5 ms]
      [Choose CSet: 0.0 ms]
      [Ref Proc: 0.1 ms]
      [Ref Enq: 0.0 ms]
      [Redirty Cards: 0.0 ms]
      [Humongous Register: 0.0 ms]
      [Humongous Reclaim: 0.0 ms]
      [Free CSet: 0.1 ms]
   [Eden: 262.0M(262.0M)->0.0B(266.0M) Survivors: 21504.0K->17408.0K Heap: 384.9M(472.0M)->119.4M(472.0M)]
 [Times: user=0.04 sys=0.00, real=0.02 secs] 
2024-07-06T11:29:22.022+0800: 316.188: [GC pause (G1 Evacuation Pause) (young), 0.0293631 secs]
   [Parallel Time: 28.8 ms, GC Workers: 2]
      [GC Worker Start (ms): Min: 316188.2, Avg: 316188.2, Max: 316188.2, Diff: 0.0]
      [Ext Root Scanning (ms): Min: 0.5, Avg: 0.5, Max: 0.5, Diff: 0.0, Sum: 1.0]
      [Update RS (ms): Min: 0.0, Avg: 0.0, Max: 0.0, Diff: 0.0, Sum: 0.0]
         [Processed Buffers: Min: 2, Avg: 2.5, Max: 3, Diff: 1, Sum: 5]
      [Scan RS (ms): Min: 0.1, Avg: 0.1, Max: 0.1, Diff: 0.0, Sum: 0.2]
      [Code Root Scanning (ms): Min: 0.0, Avg: 0.0, Max: 0.0, Diff: 0.0, Sum: 0.0]
      [Object Copy (ms): Min: 28.1, Avg: 28.1, Max: 28.1, Diff: 0.0, Sum: 56.1]
      [Termination (ms): Min: 0.0, Avg: 0.0, Max: 0.0, Diff: 0.0, Sum: 0.0]
         [Termination Attempts: Min: 1, Avg: 1.0, Max: 1, Diff: 0, Sum: 2]
      [GC Worker Other (ms): Min: 0.0, Avg: 0.0, Max: 0.0, Diff: 0.0, Sum: 0.0]
      [GC Worker Total (ms): Min: 28.7, Avg: 28.7, Max: 28.7, Diff: 0.0, Sum: 57.4]
      [GC Worker End (ms): Min: 316216.9, Avg: 316216.9, Max: 316216.9, Diff: 0.0]
   [Code Root Fixup: 0.0 ms]
   [Code Root Purge: 0.0 ms]
   [Clear CT: 0.1 ms]
   [Other: 0.5 ms]
      [Choose CSet: 0.0 ms]
      [Ref Proc: 0.1 ms]
      [Ref Enq: 0.0 ms]
      [Redirty Cards: 0.1 ms]
      [Humongous Register: 0.0 ms]
      [Humongous Reclaim: 0.0 ms]
      [Free CSet: 0.2 ms]
   [Eden: 266.0M(266.0M)->0.0B(259.0M) Survivors: 17408.0K->24576.0K Heap: 385.4M(472.0M)->126.4M(472.0M)]
 [Times: user=0.05 sys=0.00, real=0.03 secs] 
2024-07-06T11:29:22.490+0800: 316.656: [GC pause (G1 Evacuation Pause) (young), 0.0266449 secs]
   [Parallel Time: 26.1 ms, GC Workers: 2]
      [GC Worker Start (ms): Min: 316655.9, Avg: 316655.9, Max: 316655.9, Diff: 0.0]
      [Ext Root Scanning (ms): Min: 0.6, Avg: 0.6, Max: 0.6, Diff: 0.0, Sum: 1.2]
      [Update RS (ms): Min: 0.0, Avg: 0.0, Max: 0.0, Diff: 0.0, Sum: 0.1]
         [Processed Buffers: Min: 1, Avg: 2.5, Max: 4, Diff: 3, Sum: 5]
      [Scan RS (ms): Min: 0.1, Avg: 0.1, Max: 0.1, Diff: 0.0, Sum: 0.2]
      [Code Root Scanning (ms): Min: 0.0, Avg: 0.0, Max: 0.0, Diff: 0.0, Sum: 0.0]
      [Object Copy (ms): Min: 25.3, Avg: 25.3, Max: 25.3, Diff: 0.0, Sum: 50.6]
      [Termination (ms): Min: 0.0, Avg: 0.0, Max: 0.0, Diff: 0.0, Sum: 0.0]
         [Termination Attempts: Min: 1, Avg: 1.0, Max: 1, Diff: 0, Sum: 2]
      [GC Worker Other (ms): Min: 0.0, Avg: 0.0, Max: 0.0, Diff: 0.0, Sum: 0.0]
      [GC Worker Total (ms): Min: 26.0, Avg: 26.0, Max: 26.0, Diff: 0.0, Sum: 52.0]
      [GC Worker End (ms): Min: 316681.9, Avg: 316681.9, Max: 316681.9, Diff: 0.0]
   [Code Root Fixup: 0.0 ms]
   [Code Root Purge: 0.0 ms]
   [Clear CT: 0.1 ms]
   [Other: 0.4 ms]
      [Choose CSet: 0.0 ms]
      [Ref Proc: 0.1 ms]
      [Ref Enq: 0.0 ms]
      [Redirty Cards: 0.1 ms]
      [Humongous Register: 0.0 ms]
      [Humongous Reclaim: 0.0 ms]
      [Free CSet: 0.2 ms]
   [Eden: 259.0M(259.0M)->0.0B(263.0M) Survivors: 24576.0K->20480.0K Heap: 385.4M(472.0M)->122.4M(472.0M)]
 [Times: user=0.06 sys=0.00, real=0.03 secs] 
2024-07-06T11:29:22.946+0800: 317.112: [GC pause (G1 Evacuation Pause) (young), 0.0326105 secs]
   [Parallel Time: 31.9 ms, GC Workers: 2]
      [GC Worker Start (ms): Min: 317112.5, Avg: 317112.5, Max: 317112.5, Diff: 0.0]
      [Ext Root Scanning (ms): Min: 0.5, Avg: 0.5, Max: 0.5, Diff: 0.0, Sum: 1.0]
      [Update RS (ms): Min: 0.0, Avg: 0.0, Max: 0.0, Diff: 0.0, Sum: 0.0]
         [Processed Buffers: Min: 0, Avg: 2.5, Max: 5, Diff: 5, Sum: 5]
      [Scan RS (ms): Min: 0.1, Avg: 0.1, Max: 0.1, Diff: 0.0, Sum: 0.2]
      [Code Root Scanning (ms): Min: 0.0, Avg: 0.0, Max: 0.0, Diff: 0.0, Sum: 0.0]
      [Object Copy (ms): Min: 31.2, Avg: 31.3, Max: 31.3, Diff: 0.0, Sum: 62.5]
      [Termination (ms): Min: 0.0, Avg: 0.0, Max: 0.0, Diff: 0.0, Sum: 0.0]
         [Termination Attempts: Min: 1, Avg: 1.0, Max: 1, Diff: 0, Sum: 2]
      [GC Worker Other (ms): Min: 0.0, Avg: 0.0, Max: 0.0, Diff: 0.0, Sum: 0.0]
      [GC Worker Total (ms): Min: 31.9, Avg: 31.9, Max: 31.9, Diff: 0.0, Sum: 63.7]
      [GC Worker End (ms): Min: 317144.4, Avg: 317144.4, Max: 317144.4, Diff: 0.0]
   [Code Root Fixup: 0.0 ms]
   [Code Root Purge: 0.0 ms]
   [Clear CT: 0.1 ms]
   [Other: 0.6 ms]
      [Choose CSet: 0.0 ms]
      [Ref Proc: 0.1 ms]
      [Ref Enq: 0.0 ms]
      [Redirty Cards: 0.2 ms]
      [Humongous Register: 0.0 ms]
      [Humongous Reclaim: 0.0 ms]
      [Free CSet: 0.2 ms]
   [Eden: 263.0M(263.0M)->0.0B(257.0M) Survivors: 20480.0K->26624.0K Heap: 385.4M(472.0M)->127.9M(472.0M)]
 [Times: user=0.05 sys=0.00, real=0.04 secs] 
2024-07-06T11:29:23.410+0800: 317.577: [GC pause (G1 Evacuation Pause) (young), 0.0379078 secs]
   [Parallel Time: 37.4 ms, GC Workers: 2]
      [GC Worker Start (ms): Min: 317576.8, Avg: 317576.8, Max: 317576.8, Diff: 0.0]
      [Ext Root Scanning (ms): Min: 0.5, Avg: 0.5, Max: 0.5, Diff: 0.0, Sum: 1.1]
      [Update RS (ms): Min: 0.0, Avg: 0.0, Max: 0.0, Diff: 0.0, Sum: 0.0]
         [Processed Buffers: Min: 1, Avg: 2.5, Max: 4, Diff: 3, Sum: 5]
      [Scan RS (ms): Min: 0.1, Avg: 0.1, Max: 0.1, Diff: 0.0, Sum: 0.2]
      [Code Root Scanning (ms): Min: 0.0, Avg: 0.0, Max: 0.0, Diff: 0.0, Sum: 0.0]
      [Object Copy (ms): Min: 36.6, Avg: 36.6, Max: 36.7, Diff: 0.0, Sum: 73.3]
      [Termination (ms): Min: 0.0, Avg: 0.0, Max: 0.0, Diff: 0.0, Sum: 0.0]
         [Termination Attempts: Min: 1, Avg: 1.0, Max: 1, Diff: 0, Sum: 2]
      [GC Worker Other (ms): Min: 0.0, Avg: 0.0, Max: 0.0, Diff: 0.0, Sum: 0.0]
      [GC Worker Total (ms): Min: 37.3, Avg: 37.3, Max: 37.3, Diff: 0.0, Sum: 74.6]
      [GC Worker End (ms): Min: 317614.1, Avg: 317614.1, Max: 317614.1, Diff: 0.0]
   [Code Root Fixup: 0.0 ms]
   [Code Root Purge: 0.0 ms]
   [Clear CT: 0.1 ms]
   [Other: 0.4 ms]
      [Choose CSet: 0.0 ms]
      [Ref Proc: 0.1 ms]
      [Ref Enq: 0.0 ms]
      [Redirty Cards: 0.0 ms]
      [Humongous Register: 0.0 ms]
      [Humongous Reclaim: 0.0 ms]
      [Free CSet: 0.1 ms]
   [Eden: 257.0M(257.0M)->0.0B(253.0M) Survivors: 26624.0K->30720.0K Heap: 384.9M(472.0M)->132.4M(472.0M)]
 [Times: user=0.07 sys=0.00, real=0.04 secs] 
2024-07-06T11:29:23.855+0800: 318.021: [GC pause (G1 Evacuation Pause) (young), 0.0350122 secs]
   [Parallel Time: 34.5 ms, GC Workers: 2]
      [GC Worker Start (ms): Min: 318021.6, Avg: 318021.6, Max: 318021.6, Diff: 0.0]
      [Ext Root Scanning (ms): Min: 0.5, Avg: 0.5, Max: 0.5, Diff: 0.0, Sum: 1.1]
      [Update RS (ms): Min: 0.0, Avg: 0.0, Max: 0.0, Diff: 0.0, Sum: 0.0]
         [Processed Buffers: Min: 2, Avg: 2.5, Max: 3, Diff: 1, Sum: 5]
      [Scan RS (ms): Min: 0.1, Avg: 0.1, Max: 0.1, Diff: 0.0, Sum: 0.2]
      [Code Root Scanning (ms): Min: 0.0, Avg: 0.0, Max: 0.0, Diff: 0.0, Sum: 0.0]
      [Object Copy (ms): Min: 33.8, Avg: 33.8, Max: 33.8, Diff: 0.0, Sum: 67.5]
      [Termination (ms): Min: 0.0, Avg: 0.0, Max: 0.0, Diff: 0.0, Sum: 0.0]
         [Termination Attempts: Min: 1, Avg: 1.0, Max: 1, Diff: 0, Sum: 2]
      [GC Worker Other (ms): Min: 0.0, Avg: 0.0, Max: 0.0, Diff: 0.0, Sum: 0.0]
      [GC Worker Total (ms): Min: 34.4, Avg: 34.4, Max: 34.4, Diff: 0.0, Sum: 68.8]
      [GC Worker End (ms): Min: 318056.0, Avg: 318056.0, Max: 318056.0, Diff: 0.0]
   [Code Root Fixup: 0.0 ms]
   [Code Root Purge: 0.0 ms]
   [Clear CT: 0.1 ms]
   [Other: 0.4 ms]
      [Choose CSet: 0.0 ms]
      [Ref Proc: 0.1 ms]
      [Ref Enq: 0.0 ms]
      [Redirty Cards: 0.0 ms]
      [Humongous Register: 0.0 ms]
      [Humongous Reclaim: 0.0 ms]
      [Free CSet: 0.1 ms]
   [Eden: 253.0M(253.0M)->0.0B(255.0M) Survivors: 30720.0K->28672.0K Heap: 385.4M(472.0M)->129.9M(472.0M)]
 [Times: user=0.06 sys=0.00, real=0.03 secs] 
2024-07-06T11:29:24.307+0800: 318.473: [GC pause (G1 Evacuation Pause) (young), 0.0302142 secs]
   [Parallel Time: 29.7 ms, GC Workers: 2]
      [GC Worker Start (ms): Min: 318473.5, Avg: 318473.5, Max: 318473.5, Diff: 0.0]
      [Ext Root Scanning (ms): Min: 0.5, Avg: 0.5, Max: 0.5, Diff: 0.1, Sum: 1.0]
      [Update RS (ms): Min: 0.0, Avg: 0.0, Max: 0.0, Diff: 0.0, Sum: 0.1]
         [Processed Buffers: Min: 2, Avg: 2.5, Max: 3, Diff: 1, Sum: 5]
      [Scan RS (ms): Min: 0.1, Avg: 0.1, Max: 0.1, Diff: 0.0, Sum: 0.2]
      [Code Root Scanning (ms): Min: 0.0, Avg: 0.0, Max: 0.0, Diff: 0.0, Sum: 0.0]
      [Object Copy (ms): Min: 29.0, Avg: 29.0, Max: 29.1, Diff: 0.0, Sum: 58.1]
      [Termination (ms): Min: 0.0, Avg: 0.0, Max: 0.0, Diff: 0.0, Sum: 0.0]
         [Termination Attempts: Min: 1, Avg: 1.0, Max: 1, Diff: 0, Sum: 2]
      [GC Worker Other (ms): Min: 0.0, Avg: 0.0, Max: 0.0, Diff: 0.0, Sum: 0.0]
      [GC Worker Total (ms): Min: 29.7, Avg: 29.7, Max: 29.7, Diff: 0.0, Sum: 59.4]
      [GC Worker End (ms): Min: 318503.2, Avg: 318503.2, Max: 318503.2, Diff: 0.0]
   [Code Root Fixup: 0.0 ms]
   [Code Root Purge: 0.0 ms]
   [Clear CT: 0.1 ms]
   [Other: 0.4 ms]
      [Choose CSet: 0.0 ms]
      [Ref Proc: 0.1 ms]
      [Ref Enq: 0.0 ms]
      [Redirty Cards: 0.0 ms]
      [Humongous Register: 0.0 ms]
      [Humongous Reclaim: 0.0 ms]
      [Free CSet: 0.1 ms]
   [Eden: 255.0M(255.0M)->0.0B(259.0M) Survivors: 28672.0K->24576.0K Heap: 384.9M(472.0M)->125.9M(472.0M)]
 [Times: user=0.06 sys=0.00, real=0.03 secs] 
2024-07-06T11:29:24.764+0800: 318.930: [GC pause (G1 Evacuation Pause) (young), 0.0224917 secs]
   [Parallel Time: 22.0 ms, GC Workers: 2]
      [GC Worker Start (ms): Min: 318930.6, Avg: 318930.6, Max: 318930.6, Diff: 0.0]
      [Ext Root Scanning (ms): Min: 0.5, Avg: 0.5, Max: 0.5, Diff: 0.0, Sum: 1.0]
      [Update RS (ms): Min: 0.0, Avg: 0.0, Max: 0.0, Diff: 0.0, Sum: 0.0]
         [Processed Buffers: Min: 2, Avg: 2.5, Max: 3, Diff: 1, Sum: 5]
      [Scan RS (ms): Min: 0.1, Avg: 0.1, Max: 0.1, Diff: 0.0, Sum: 0.2]
      [Code Root Scanning (ms): Min: 0.0, Avg: 0.0, Max: 0.0, Diff: 0.0, Sum: 0.0]
      [Object Copy (ms): Min: 21.3, Avg: 21.3, Max: 21.3, Diff: 0.1, Sum: 42.6]
      [Termination (ms): Min: 0.0, Avg: 0.0, Max: 0.0, Diff: 0.0, Sum: 0.0]
         [Termination Attempts: Min: 1, Avg: 1.0, Max: 1, Diff: 0, Sum: 2]
      [GC Worker Other (ms): Min: 0.0, Avg: 0.0, Max: 0.0, Diff: 0.0, Sum: 0.0]
      [GC Worker Total (ms): Min: 21.9, Avg: 21.9, Max: 21.9, Diff: 0.0, Sum: 43.9]
      [GC Worker End (ms): Min: 318952.5, Avg: 318952.5, Max: 318952.5, Diff: 0.0]
   [Code Root Fixup: 0.0 ms]
   [Code Root Purge: 0.0 ms]
   [Clear CT: 0.1 ms]
   [Other: 0.4 ms]
      [Choose CSet: 0.0 ms]
      [Ref Proc: 0.1 ms]
      [Ref Enq: 0.0 ms]
      [Redirty Cards: 0.0 ms]
      [Humongous Register: 0.0 ms]
      [Humongous Reclaim: 0.0 ms]
      [Free CSet: 0.1 ms]
   [Eden: 259.0M(259.0M)->0.0B(265.0M) Survivors: 24576.0K->18432.0K Heap: 384.9M(472.0M)->119.9M(472.0M)]
 [Times: user=0.05 sys=0.00, real=0.02 secs] 
2024-07-06T11:29:25.221+0800: 319.387: [GC pause (G1 Evacuation Pause) (young), 0.0221703 secs]
   [Parallel Time: 21.6 ms, GC Workers: 2]
      [GC Worker Start (ms): Min: 319387.0, Avg: 319387.1, Max: 319387.1, Diff: 0.0]
      [Ext Root Scanning (ms): Min: 0.5, Avg: 0.5, Max: 0.5, Diff: 0.0, Sum: 1.0]
      [Update RS (ms): Min: 0.0, Avg: 0.0, Max: 0.0, Diff: 0.0, Sum: 0.0]
         [Processed Buffers: Min: 2, Avg: 2.5, Max: 3, Diff: 1, Sum: 5]
      [Scan RS (ms): Min: 0.1, Avg: 0.1, Max: 0.1, Diff: 0.0, Sum: 0.2]
      [Code Root Scanning (ms): Min: 0.0, Avg: 0.0, Max: 0.0, Diff: 0.0, Sum: 0.0]
      [Object Copy (ms): Min: 20.9, Avg: 20.9, Max: 20.9, Diff: 0.0, Sum: 41.7]
      [Termination (ms): Min: 0.0, Avg: 0.0, Max: 0.0, Diff: 0.0, Sum: 0.0]
         [Termination Attempts: Min: 1, Avg: 1.0, Max: 1, Diff: 0, Sum: 2]
      [GC Worker Other (ms): Min: 0.0, Avg: 0.0, Max: 0.0, Diff: 0.0, Sum: 0.0]
      [GC Worker Total (ms): Min: 21.5, Avg: 21.5, Max: 21.5, Diff: 0.0, Sum: 43.0]
      [GC Worker End (ms): Min: 319408.5, Avg: 319408.5, Max: 319408.5, Diff: 0.0]
   [Code Root Fixup: 0.0 ms]
   [Code Root Purge: 0.0 ms]
   [Clear CT: 0.1 ms]
   [Other: 0.5 ms]
      [Choose CSet: 0.0 ms]
      [Ref Proc: 0.1 ms]
      [Ref Enq: 0.0 ms]
      [Redirty Cards: 0.0 ms]
      [Humongous Register: 0.0 ms]
      [Humongous Reclaim: 0.0 ms]
      [Free CSet: 0.2 ms]
   [Eden: 265.0M(265.0M)->0.0B(263.0M) Survivors: 18432.0K->20480.0K Heap: 384.9M(472.0M)->122.4M(472.0M)]
 [Times: user=0.04 sys=0.00, real=0.02 secs] 
2024-07-06T11:29:25.658+0800: 319.824: [GC pause (G1 Evacuation Pause) (young), 0.0297184 secs]
   [Parallel Time: 29.0 ms, GC Workers: 2]
      [GC Worker Start (ms): Min: 319824.1, Avg: 319824.1, Max: 319824.1, Diff: 0.0]
      [Ext Root Scanning (ms): Min: 0.5, Avg: 0.5, Max: 0.5, Diff: 0.0, Sum: 1.0]
      [Update RS (ms): Min: 0.0, Avg: 0.0, Max: 0.0, Diff: 0.0, Sum: 0.1]
         [Processed Buffers: Min: 2, Avg: 2.5, Max: 3, Diff: 1, Sum: 5]
      [Scan RS (ms): Min: 0.1, Avg: 0.1, Max: 0.1, Diff: 0.0, Sum: 0.2]
      [Code Root Scanning (ms): Min: 0.0, Avg: 0.0, Max: 0.0, Diff: 0.0, Sum: 0.0]
      [Object Copy (ms): Min: 28.2, Avg: 28.2, Max: 28.3, Diff: 0.0, Sum: 56.5]
      [Termination (ms): Min: 0.0, Avg: 0.0, Max: 0.0, Diff: 0.0, Sum: 0.0]
         [Termination Attempts: Min: 1, Avg: 1.0, Max: 1, Diff: 0, Sum: 2]
      [GC Worker Other (ms): Min: 0.0, Avg: 0.0, Max: 0.0, Diff: 0.0, Sum: 0.0]
      [GC Worker Total (ms): Min: 28.9, Avg: 28.9, Max: 28.9, Diff: 0.0, Sum: 57.8]
      [GC Worker End (ms): Min: 319853.0, Avg: 319853.0, Max: 319853.0, Diff: 0.0]
   [Code Root Fixup: 0.0 ms]
   [Code Root Purge: 0.0 ms]
   [Clear CT: 0.2 ms]
   [Other: 0.5 ms]
      [Choose CSet: 0.0 ms]
      [Ref Proc: 0.1 ms]
      [Ref Enq: 0.0 ms]
      [Redirty Cards: 0.0 ms]
      [Humongous Register: 0.0 ms]
      [Humongous Reclaim: 0.0 ms]
      [Free CSet: 0.2 ms]
   [Eden: 263.0M(263.0M)->0.0B(260.0M) Survivors: 20480.0K->23552.0K Heap: 385.4M(472.0M)->125.4M(472.0M)]
 [Times: user=0.06 sys=0.00, real=0.03 secs] 
2024-07-06T11:29:26.099+0800: 320.266: [GC pause (G1 Evacuation Pause) (young), 0.0251639 secs]
   [Parallel Time: 24.6 ms, GC Workers: 2]
      [GC Worker Start (ms): Min: 320265.7, Avg: 320265.7, Max: 320265.7, Diff: 0.0]
      [Ext Root Scanning (ms): Min: 0.6, Avg: 0.6, Max: 0.6, Diff: 0.0, Sum: 1.1]
      [Update RS (ms): Min: 0.0, Avg: 0.0, Max: 0.0, Diff: 0.0, Sum: 0.0]
         [Processed Buffers: Min: 2, Avg: 2.5, Max: 3, Diff: 1, Sum: 5]
      [Scan RS (ms): Min: 0.1, Avg: 0.1, Max: 0.1, Diff: 0.0, Sum: 0.2]
      [Code Root Scanning (ms): Min: 0.0, Avg: 0.0, Max: 0.0, Diff: 0.0, Sum: 0.0]
      [Object Copy (ms): Min: 23.9, Avg: 23.9, Max: 23.9, Diff: 0.0, Sum: 47.7]
      [Termination (ms): Min: 0.0, Avg: 0.0, Max: 0.0, Diff: 0.0, Sum: 0.0]
         [Termination Attempts: Min: 1, Avg: 1.0, Max: 1, Diff: 0, Sum: 2]
      [GC Worker Other (ms): Min: 0.0, Avg: 0.0, Max: 0.0, Diff: 0.0, Sum: 0.0]
      [GC Worker Total (ms): Min: 24.6, Avg: 24.6, Max: 24.6, Diff: 0.0, Sum: 49.1]
      [GC Worker End (ms): Min: 320290.3, Avg: 320290.3, Max: 320290.3, Diff: 0.0]
   [Code Root Fixup: 0.0 ms]
   [Code Root Purge: 0.0 ms]
   [Clear CT: 0.1 ms]
   [Other: 0.4 ms]
      [Choose CSet: 0.0 ms]
      [Ref Proc: 0.1 ms]
      [Ref Enq: 0.0 ms]
      [Redirty Cards: 0.1 ms]
      [Humongous Register: 0.0 ms]
      [Humongous Reclaim: 0.0 ms]
      [Free CSet: 0.1 ms]
   [Eden: 260.0M(260.0M)->0.0B(260.0M) Survivors: 23552.0K->23552.0K Heap: 385.4M(472.0M)->124.9M(472.0M)]
 [Times: user=0.05 sys=0.00, real=0.02 secs] 
2024-07-06T11:29:26.539+0800: 320.705: [GC pause (G1 Evacuation Pause) (young), 0.0305381 secs]
   [Parallel Time: 30.0 ms, GC Workers: 2]
      [GC Worker Start (ms): Min: 320704.8, Avg: 320704.8, Max: 320704.8, Diff: 0.0]
      [Ext Root Scanning (ms): Min: 0.6, Avg: 0.6, Max: 0.6, Diff: 0.0, Sum: 1.1]
      [Update RS (ms): Min: 0.0, Avg: 0.0, Max: 0.0, Diff: 0.0, Sum: 0.1]
         [Processed Buffers: Min: 1, Avg: 2.5, Max: 4, Diff: 3, Sum: 5]
      [Scan RS (ms): Min: 0.1, Avg: 0.1, Max: 0.1, Diff: 0.0, Sum: 0.2]
      [Code Root Scanning (ms): Min: 0.0, Avg: 0.0, Max: 0.0, Diff: 0.0, Sum: 0.0]
      [Object Copy (ms): Min: 29.3, Avg: 29.3, Max: 29.3, Diff: 0.0, Sum: 58.5]
      [Termination (ms): Min: 0.0, Avg: 0.0, Max: 0.0, Diff: 0.0, Sum: 0.0]
         [Termination Attempts: Min: 1, Avg: 1.0, Max: 1, Diff: 0, Sum: 2]
      [GC Worker Other (ms): Min: 0.0, Avg: 0.0, Max: 0.0, Diff: 0.0, Sum: 0.0]
      [GC Worker Total (ms): Min: 30.0, Avg: 30.0, Max: 30.0, Diff: 0.0, Sum: 59.9]
      [GC Worker End (ms): Min: 320734.8, Avg: 320734.8, Max: 320734.8, Diff: 0.0]
   [Code Root Fixup: 0.0 ms]
   [Code Root Purge: 0.0 ms]
   [Clear CT: 0.1 ms]
   [Other: 0.4 ms]
      [Choose CSet: 0.0 ms]
      [Ref Proc: 0.1 ms]
      [Ref Enq: 0.0 ms]
      [Redirty Cards: 0.0 ms]
      [Humongous Register: 0.0 ms]
      [Humongous Reclaim: 0.0 ms]
      [Free CSet: 0.1 ms]
   [Eden: 260.0M(260.0M)->0.0B(256.0M) Survivors: 23552.0K->27648.0K Heap: 384.9M(472.0M)->129.4M(472.0M)]
 [Times: user=0.06 sys=0.00, real=0.03 secs] 
2024-07-06T11:29:26.975+0800: 321.141: [GC pause (G1 Evacuation Pause) (young), 0.0346543 secs]
   [Parallel Time: 34.1 ms, GC Workers: 2]
      [GC Worker Start (ms): Min: 321141.5, Avg: 321141.5, Max: 321141.6, Diff: 0.0]
      [Ext Root Scanning (ms): Min: 0.5, Avg: 0.5, Max: 0.5, Diff: 0.0, Sum: 1.0]
      [Update RS (ms): Min: 0.0, Avg: 0.0, Max: 0.0, Diff: 0.0, Sum: 0.0]
         [Processed Buffers: Min: 2, Avg: 2.5, Max: 3, Diff: 1, Sum: 5]
      [Scan RS (ms): Min: 0.1, Avg: 0.1, Max: 0.1, Diff: 0.0, Sum: 0.2]
      [Code Root Scanning (ms): Min: 0.0, Avg: 0.0, Max: 0.0, Diff: 0.0, Sum: 0.0]
      [Object Copy (ms): Min: 33.4, Avg: 33.4, Max: 33.4, Diff: 0.1, Sum: 66.8]
      [Termination (ms): Min: 0.0, Avg: 0.0, Max: 0.0, Diff: 0.0, Sum: 0.0]
         [Termination Attempts: Min: 1, Avg: 1.0, Max: 1, Diff: 0, Sum: 2]
      [GC Worker Other (ms): Min: 0.0, Avg: 0.0, Max: 0.0, Diff: 0.0, Sum: 0.0]
      [GC Worker Total (ms): Min: 34.1, Avg: 34.1, Max: 34.1, Diff: 0.0, Sum: 68.2]
      [GC Worker End (ms): Min: 321175.6, Avg: 321175.6, Max: 321175.6, Diff: 0.0]
   [Code Root Fixup: 0.0 ms]
   [Code Root Purge: 0.0 ms]
   [Clear CT: 0.1 ms]
   [Other: 0.4 ms]
      [Choose CSet: 0.0 ms]
      [Ref Proc: 0.1 ms]
      [Ref Enq: 0.0 ms]
      [Redirty Cards: 0.0 ms]
      [Humongous Register: 0.0 ms]
      [Humongous Reclaim: 0.0 ms]
      [Free CSet: 0.2 ms]
   [Eden: 256.0M(256.0M)->0.0B(255.0M) Survivors: 27648.0K->28672.0K Heap: 385.4M(472.0M)->129.9M(472.0M)]
 [Times: user=0.06 sys=0.00, real=0.03 secs] 
2024-07-06T11:29:27.472+0800: 321.638: [GC pause (G1 Evacuation Pause) (young), 0.0313435 secs]
   [Parallel Time: 30.8 ms, GC Workers: 2]
      [GC Worker Start (ms): Min: 321638.6, Avg: 321638.6, Max: 321638.6, Diff: 0.0]
      [Ext Root Scanning (ms): Min: 0.6, Avg: 0.6, Max: 0.6, Diff: 0.0, Sum: 1.1]
      [Update RS (ms): Min: 0.0, Avg: 0.0, Max: 0.0, Diff: 0.0, Sum: 0.0]
         [Processed Buffers: Min: 1, Avg: 2.5, Max: 4, Diff: 3, Sum: 5]
      [Scan RS (ms): Min: 0.1, Avg: 0.1, Max: 0.1, Diff: 0.0, Sum: 0.2]
      [Code Root Scanning (ms): Min: 0.0, Avg: 0.0, Max: 0.0, Diff: 0.0, Sum: 0.0]
      [Object Copy (ms): Min: 30.1, Avg: 30.1, Max: 30.1, Diff: 0.0, Sum: 60.2]
      [Termination (ms): Min: 0.0, Avg: 0.0, Max: 0.0, Diff: 0.0, Sum: 0.0]
         [Termination Attempts: Min: 1, Avg: 1.0, Max: 1, Diff: 0, Sum: 2]
      [GC Worker Other (ms): Min: 0.0, Avg: 0.0, Max: 0.0, Diff: 0.0, Sum: 0.0]
      [GC Worker Total (ms): Min: 30.8, Avg: 30.8, Max: 30.8, Diff: 0.0, Sum: 61.6]
      [GC Worker End (ms): Min: 321669.4, Avg: 321669.4, Max: 321669.4, Diff: 0.0]
   [Code Root Fixup: 0.0 ms]
   [Code Root Purge: 0.0 ms]
   [Clear CT: 0.1 ms]
   [Other: 0.4 ms]
      [Choose CSet: 0.0 ms]
      [Ref Proc: 0.1 ms]
      [Ref Enq: 0.0 ms]
      [Redirty Cards: 0.0 ms]
      [Humongous Register: 0.0 ms]
      [Humongous Reclaim: 0.0 ms]
      [Free CSet: 0.1 ms]
   [Eden: 255.0M(255.0M)->0.0B(257.0M) Survivors: 28672.0K->26624.0K Heap: 384.9M(472.0M)->127.9M(472.0M)]
 [Times: user=0.07 sys=0.00, real=0.03 secs] 
2024-07-06T11:29:27.931+0800: 322.097: [GC pause (G1 Evacuation Pause) (young), 0.0240996 secs]
   [Parallel Time: 23.6 ms, GC Workers: 2]
      [GC Worker Start (ms): Min: 322097.5, Avg: 322097.5, Max: 322097.5, Diff: 0.0]
      [Ext Root Scanning (ms): Min: 0.5, Avg: 0.5, Max: 0.5, Diff: 0.0, Sum: 1.0]
      [Update RS (ms): Min: 0.0, Avg: 0.0, Max: 0.0, Diff: 0.0, Sum: 0.1]
         [Processed Buffers: Min: 2, Avg: 3.0, Max: 4, Diff: 2, Sum: 6]
      [Scan RS (ms): Min: 0.1, Avg: 0.1, Max: 0.1, Diff: 0.0, Sum: 0.2]
      [Code Root Scanning (ms): Min: 0.0, Avg: 0.0, Max: 0.0, Diff: 0.0, Sum: 0.0]
      [Object Copy (ms): Min: 23.0, Avg: 23.0, Max: 23.0, Diff: 0.0, Sum: 46.0]
      [Termination (ms): Min: 0.0, Avg: 0.0, Max: 0.0, Diff: 0.0, Sum: 0.0]
         [Termination Attempts: Min: 1, Avg: 1.5, Max: 2, Diff: 1, Sum: 3]
      [GC Worker Other (ms): Min: 0.0, Avg: 0.0, Max: 0.0, Diff: 0.0, Sum: 0.0]
      [GC Worker Total (ms): Min: 23.6, Avg: 23.6, Max: 23.6, Diff: 0.0, Sum: 47.2]
      [GC Worker End (ms): Min: 322121.1, Avg: 322121.1, Max: 322121.1, Diff: 0.0]
   [Code Root Fixup: 0.0 ms]
   [Code Root Purge: 0.0 ms]
   [Clear CT: 0.1 ms]
   [Other: 0.4 ms]
      [Choose CSet: 0.0 ms]
      [Ref Proc: 0.1 ms]
      [Ref Enq: 0.0 ms]
      [Redirty Cards: 0.1 ms]
      [Humongous Register: 0.0 ms]
      [Humongous Reclaim: 0.0 ms]
      [Free CSet: 0.1 ms]
   [Eden: 257.0M(257.0M)->0.0B(263.0M) Survivors: 26624.0K->20480.0K Heap: 384.9M(472.0M)->121.9M(472.0M)]
 [Times: user=0.04 sys=0.00, real=0.03 secs] 
2024-07-06T11:29:28.358+0800: 322.524: [GC pause (G1 Evacuation Pause) (young), 0.0222686 secs]
   [Parallel Time: 21.8 ms, GC Workers: 2]
      [GC Worker Start (ms): Min: 322524.5, Avg: 322524.5, Max: 322524.5, Diff: 0.0]
      [Ext Root Scanning (ms): Min: 0.5, Avg: 0.5, Max: 0.5, Diff: 0.0, Sum: 1.0]
      [Update RS (ms): Min: 0.0, Avg: 0.0, Max: 0.0, Diff: 0.0, Sum: 0.1]
         [Processed Buffers: Min: 1, Avg: 3.0, Max: 5, Diff: 4, Sum: 6]
      [Scan RS (ms): Min: 0.1, Avg: 0.1, Max: 0.1, Diff: 0.0, Sum: 0.1]
      [Code Root Scanning (ms): Min: 0.0, Avg: 0.0, Max: 0.0, Diff: 0.0, Sum: 0.0]
      [Object Copy (ms): Min: 21.1, Avg: 21.1, Max: 21.1, Diff: 0.0, Sum: 42.2]
      [Termination (ms): Min: 0.0, Avg: 0.0, Max: 0.0, Diff: 0.0, Sum: 0.0]
         [Termination Attempts: Min: 1, Avg: 1.0, Max: 1, Diff: 0, Sum: 2]
      [GC Worker Other (ms): Min: 0.0, Avg: 0.0, Max: 0.0, Diff: 0.0, Sum: 0.0]
      [GC Worker Total (ms): Min: 21.7, Avg: 21.7, Max: 21.7, Diff: 0.0, Sum: 43.4]
      [GC Worker End (ms): Min: 322546.2, Avg: 322546.2, Max: 322546.2, Diff: 0.0]
   [Code Root Fixup: 0.0 ms]
   [Code Root Purge: 0.0 ms]
   [Clear CT: 0.1 ms]
   [Other: 0.4 ms]
      [Choose CSet: 0.0 ms]
      [Ref Proc: 0.1 ms]
      [Ref Enq: 0.0 ms]
      [Redirty Cards: 0.0 ms]
      [Humongous Register: 0.0 ms]
      [Humongous Reclaim: 0.0 ms]
      [Free CSet: 0.1 ms]
   [Eden: 263.0M(263.0M)->0.0B(266.0M) Survivors: 20480.0K->17408.0K Heap: 384.9M(472.0M)->119.4M(472.0M)]
 [Times: user=0.05 sys=0.00, real=0.02 secs] 
2024-07-06T11:29:28.826+0800: 322.992: [GC pause (G1 Evacuation Pause) (young), 0.0505649 secs]
   [Parallel Time: 49.5 ms, GC Workers: 2]
      [GC Worker Start (ms): Min: 322992.4, Avg: 322992.5, Max: 322992.5, Diff: 0.0]
      [Ext Root Scanning (ms): Min: 0.5, Avg: 0.5, Max: 0.5, Diff: 0.0, Sum: 1.0]
      [Update RS (ms): Min: 0.0, Avg: 0.0, Max: 0.0, Diff: 0.0, Sum: 0.1]
         [Processed Buffers: Min: 2, Avg: 2.5, Max: 3, Diff: 1, Sum: 5]
      [Scan RS (ms): Min: 0.1, Avg: 0.1, Max: 0.1, Diff: 0.0, Sum: 0.2]
      [Code Root Scanning (ms): Min: 0.0, Avg: 0.0, Max: 0.0, Diff: 0.0, Sum: 0.0]
      [Object Copy (ms): Min: 48.6, Avg: 48.6, Max: 48.6, Diff: 0.0, Sum: 97.3]
      [Termination (ms): Min: 0.0, Avg: 0.0, Max: 0.0, Diff: 0.0, Sum: 0.0]
         [Termination Attempts: Min: 1, Avg: 1.0, Max: 1, Diff: 0, Sum: 2]
      [GC Worker Other (ms): Min: 0.0, Avg: 0.0, Max: 0.0, Diff: 0.0, Sum: 0.0]
      [GC Worker Total (ms): Min: 49.3, Avg: 49.3, Max: 49.3, Diff: 0.0, Sum: 98.6]
      [GC Worker End (ms): Min: 323041.8, Avg: 323041.8, Max: 323041.8, Diff: 0.0]
   [Code Root Fixup: 0.0 ms]
   [Code Root Purge: 0.0 ms]
   [Clear CT: 0.2 ms]
   [Other: 0.9 ms]
      [Choose CSet: 0.0 ms]
      [Ref Proc: 0.4 ms]
      [Ref Enq: 0.0 ms]
      [Redirty Cards: 0.1 ms]
      [Humongous Register: 0.0 ms]
      [Humongous Reclaim: 0.0 ms]
      [Free CSet: 0.3 ms]
   [Eden: 266.0M(266.0M)->0.0B(260.0M) Survivors: 17408.0K->23552.0K Heap: 385.4M(472.0M)->125.4M(472.0M)]
 [Times: user=0.10 sys=0.00, real=0.06 secs] 
2024-07-06T11:29:29.555+0800: 323.721: [GC pause (G1 Evacuation Pause) (young), 0.0230499 secs]
   [Parallel Time: 22.5 ms, GC Workers: 2]
      [GC Worker Start (ms): Min: 323721.3, Avg: 323721.3, Max: 323721.3, Diff: 0.0]
      [Ext Root Scanning (ms): Min: 0.5, Avg: 0.5, Max: 0.5, Diff: 0.0, Sum: 1.0]
      [Update RS (ms): Min: 0.0, Avg: 0.0, Max: 0.0, Diff: 0.0, Sum: 0.0]
         [Processed Buffers: Min: 1, Avg: 2.5, Max: 4, Diff: 3, Sum: 5]
      [Scan RS (ms): Min: 0.1, Avg: 0.1, Max: 0.1, Diff: 0.0, Sum: 0.2]
      [Code Root Scanning (ms): Min: 0.0, Avg: 0.0, Max: 0.0, Diff: 0.0, Sum: 0.0]
      [Object Copy (ms): Min: 21.7, Avg: 21.7, Max: 21.7, Diff: 0.0, Sum: 43.5]
      [Termination (ms): Min: 0.0, Avg: 0.0, Max: 0.0, Diff: 0.0, Sum: 0.0]
         [Termination Attempts: Min: 1, Avg: 1.0, Max: 1, Diff: 0, Sum: 2]
      [GC Worker Other (ms): Min: 0.0, Avg: 0.0, Max: 0.0, Diff: 0.0, Sum: 0.0]
      [GC Worker Total (ms): Min: 22.4, Avg: 22.4, Max: 22.4, Diff: 0.0, Sum: 44.8]
      [GC Worker End (ms): Min: 323743.7, Avg: 323743.7, Max: 323743.7, Diff: 0.0]
   [Code Root Fixup: 0.0 ms]
   [Code Root Purge: 0.0 ms]
   [Clear CT: 0.1 ms]
   [Other: 0.5 ms]
      [Choose CSet: 0.0 ms]
      [Ref Proc: 0.1 ms]
      [Ref Enq: 0.0 ms]
      [Redirty Cards: 0.0 ms]
      [Humongous Register: 0.0 ms]
      [Humongous Reclaim: 0.0 ms]
      [Free CSet: 0.2 ms]
   [Eden: 260.0M(260.0M)->0.0B(263.0M) Survivors: 23552.0K->20480.0K Heap: 385.4M(472.0M)->122.4M(472.0M)]
 [Times: user=0.04 sys=0.00, real=0.03 secs] 
2024-07-06T11:29:29.967+0800: 324.133: [GC pause (G1 Evacuation Pause) (young), 0.0325951 secs]
   [Parallel Time: 32.1 ms, GC Workers: 2]
      [GC Worker Start (ms): Min: 324133.4, Avg: 324133.4, Max: 324133.4, Diff: 0.0]
      [Ext Root Scanning (ms): Min: 0.6, Avg: 0.6, Max: 0.6, Diff: 0.0, Sum: 1.2]
      [Update RS (ms): Min: 0.0, Avg: 0.0, Max: 0.0, Diff: 0.0, Sum: 0.1]
         [Processed Buffers: Min: 2, Avg: 2.5, Max: 3, Diff: 1, Sum: 5]
      [Scan RS (ms): Min: 0.1, Avg: 0.1, Max: 0.1, Diff: 0.0, Sum: 0.2]
      [Code Root Scanning (ms): Min: 0.0, Avg: 0.0, Max: 0.0, Diff: 0.0, Sum: 0.0]
      [Object Copy (ms): Min: 31.0, Avg: 31.1, Max: 31.1, Diff: 0.2, Sum: 62.1]
      [Termination (ms): Min: 0.0, Avg: 0.1, Max: 0.3, Diff: 0.3, Sum: 0.3]
         [Termination Attempts: Min: 1, Avg: 1.0, Max: 1, Diff: 0, Sum: 2]
      [GC Worker Other (ms): Min: 0.0, Avg: 0.0, Max: 0.0, Diff: 0.0, Sum: 0.0]
      [GC Worker Total (ms): Min: 31.9, Avg: 31.9, Max: 32.0, Diff: 0.1, Sum: 63.9]
      [GC Worker End (ms): Min: 324165.3, Avg: 324165.3, Max: 324165.4, Diff: 0.1]
   [Code Root Fixup: 0.0 ms]
   [Code Root Purge: 0.0 ms]
   [Clear CT: 0.1 ms]
   [Other: 0.4 ms]
      [Choose CSet: 0.0 ms]
      [Ref Proc: 0.1 ms]
      [Ref Enq: 0.0 ms]
      [Redirty Cards: 0.0 ms]
      [Humongous Register: 0.0 ms]
      [Humongous Reclaim: 0.0 ms]
      [Free CSet: 0.1 ms]
   [Eden: 263.0M(263.0M)->0.0B(254.0M) Survivors: 20480.0K->29696.0K Heap: 385.4M(472.0M)->130.9M(472.0M)]
 [Times: user=0.06 sys=0.00, real=0.04 secs] 
2024-07-06T11:29:30.445+0800: 324.612: [GC pause (G1 Evacuation Pause) (young), 0.0400906 secs]
   [Parallel Time: 39.6 ms, GC Workers: 2]
      [GC Worker Start (ms): Min: 324611.6, Avg: 324611.7, Max: 324611.7, Diff: 0.0]
      [Ext Root Scanning (ms): Min: 0.5, Avg: 0.5, Max: 0.5, Diff: 0.0, Sum: 1.1]
      [Update RS (ms): Min: 0.0, Avg: 0.0, Max: 0.0, Diff: 0.0, Sum: 0.1]
         [Processed Buffers: Min: 2, Avg: 2.5, Max: 3, Diff: 1, Sum: 5]
      [Scan RS (ms): Min: 0.1, Avg: 0.1, Max: 0.1, Diff: 0.0, Sum: 0.2]
      [Code Root Scanning (ms): Min: 0.0, Avg: 0.0, Max: 0.0, Diff: 0.0, Sum: 0.0]
      [Object Copy (ms): Min: 38.9, Avg: 38.9, Max: 38.9, Diff: 0.0, Sum: 77.8]
      [Termination (ms): Min: 0.0, Avg: 0.0, Max: 0.0, Diff: 0.0, Sum: 0.0]
         [Termination Attempts: Min: 1, Avg: 1.0, Max: 1, Diff: 0, Sum: 2]
      [GC Worker Other (ms): Min: 0.0, Avg: 0.0, Max: 0.0, Diff: 0.0, Sum: 0.0]
      [GC Worker Total (ms): Min: 39.5, Avg: 39.6, Max: 39.6, Diff: 0.0, Sum: 79.1]
      [GC Worker End (ms): Min: 324651.2, Avg: 324651.2, Max: 324651.2, Diff: 0.0]
   [Code Root Fixup: 0.0 ms]
   [Code Root Purge: 0.0 ms]
   [Clear CT: 0.1 ms]
   [Other: 0.4 ms]
      [Choose CSet: 0.0 ms]
      [Ref Proc: 0.1 ms]
      [Ref Enq: 0.0 ms]
      [Redirty Cards: 0.0 ms]
      [Humongous Register: 0.0 ms]
      [Humongous Reclaim: 0.0 ms]
      [Free CSet: 0.1 ms]
   [Eden: 254.0M(254.0M)->0.0B(253.0M) Survivors: 29696.0K->30720.0K Heap: 384.9M(472.0M)->132.4M(472.0M)]
 [Times: user=0.08 sys=0.00, real=0.04 secs] 
2024-07-06T11:29:30.892+0800: 325.059: [GC pause (G1 Evacuation Pause) (young), 0.0340565 secs]
   [Parallel Time: 33.5 ms, GC Workers: 2]
      [GC Worker Start (ms): Min: 325058.6, Avg: 325058.6, Max: 325058.6, Diff: 0.0]
      [Ext Root Scanning (ms): Min: 0.6, Avg: 0.6, Max: 0.6, Diff: 0.0, Sum: 1.1]
      [Update RS (ms): Min: 0.0, Avg: 0.0, Max: 0.0, Diff: 0.0, Sum: 0.1]
         [Processed Buffers: Min: 2, Avg: 2.5, Max: 3, Diff: 1, Sum: 5]
      [Scan RS (ms): Min: 0.1, Avg: 0.1, Max: 0.1, Diff: 0.0, Sum: 0.2]
      [Code Root Scanning (ms): Min: 0.0, Avg: 0.0, Max: 0.0, Diff: 0.0, Sum: 0.0]
      [Object Copy (ms): Min: 32.8, Avg: 32.8, Max: 32.8, Diff: 0.0, Sum: 65.5]
      [Termination (ms): Min: 0.0, Avg: 0.0, Max: 0.0, Diff: 0.0, Sum: 0.0]
         [Termination Attempts: Min: 1, Avg: 1.0, Max: 1, Diff: 0, Sum: 2]
      [GC Worker Other (ms): Min: 0.0, Avg: 0.0, Max: 0.0, Diff: 0.0, Sum: 0.0]
      [GC Worker Total (ms): Min: 33.4, Avg: 33.5, Max: 33.5, Diff: 0.0, Sum: 66.9]
      [GC Worker End (ms): Min: 325092.1, Avg: 325092.1, Max: 325092.1, Diff: 0.0]
   [Code Root Fixup: 0.0 ms]
   [Code Root Purge: 0.0 ms]
   [Clear CT: 0.1 ms]
   [Other: 0.4 ms]
      [Choose CSet: 0.0 ms]
      [Ref Proc: 0.1 ms]
      [Ref Enq: 0.0 ms]
      [Redirty Cards: 0.0 ms]
      [Humongous Register: 0.0 ms]
      [Humongous Reclaim: 0.0 ms]
      [Free CSet: 0.2 ms]
   [Eden: 253.0M(253.0M)->0.0B(255.0M) Survivors: 30720.0K->28672.0K Heap: 385.4M(472.0M)->129.9M(472.0M)]
 [Times: user=0.06 sys=0.00, real=0.03 secs] 
2024-07-06T11:29:31.412+0800: 325.579: [GC pause (G1 Evacuation Pause) (young), 0.0447835 secs]
   [Parallel Time: 44.2 ms, GC Workers: 2]
      [GC Worker Start (ms): Min: 325578.7, Avg: 325578.7, Max: 325578.7, Diff: 0.0]
      [Ext Root Scanning (ms): Min: 0.5, Avg: 0.5, Max: 0.5, Diff: 0.0, Sum: 1.0]
      [Update RS (ms): Min: 0.0, Avg: 0.0, Max: 0.0, Diff: 0.0, Sum: 0.1]
         [Processed Buffers: Min: 2, Avg: 2.5, Max: 3, Diff: 1, Sum: 5]
      [Scan RS (ms): Min: 0.1, Avg: 0.1, Max: 0.1, Diff: 0.0, Sum: 0.2]
      [Code Root Scanning (ms): Min: 0.0, Avg: 0.0, Max: 0.0, Diff: 0.0, Sum: 0.0]
      [Object Copy (ms): Min: 43.5, Avg: 43.5, Max: 43.5, Diff: 0.0, Sum: 87.0]
      [Termination (ms): Min: 0.0, Avg: 0.0, Max: 0.0, Diff: 0.0, Sum: 0.0]
         [Termination Attempts: Min: 1, Avg: 1.0, Max: 1, Diff: 0, Sum: 2]
      [GC Worker Other (ms): Min: 0.0, Avg: 0.0, Max: 0.0, Diff: 0.0, Sum: 0.0]
      [GC Worker Total (ms): Min: 44.1, Avg: 44.1, Max: 44.1, Diff: 0.0, Sum: 88.3]
      [GC Worker End (ms): Min: 325622.9, Avg: 325622.9, Max: 325622.9, Diff: 0.0]
   [Code Root Fixup: 0.0 ms]
   [Code Root Purge: 0.0 ms]
   [Clear CT: 0.1 ms]
   [Other: 0.5 ms]
      [Choose CSet: 0.0 ms]
      [Ref Proc: 0.1 ms]
      [Ref Enq: 0.0 ms]
      [Redirty Cards: 0.0 ms]
      [Humongous Register: 0.0 ms]
      [Humongous Reclaim: 0.0 ms]
      [Free CSet: 0.2 ms]
   [Eden: 255.0M(255.0M)->0.0B(260.0M) Survivors: 28672.0K->23552.0K Heap: 384.9M(472.0M)->124.9M(472.0M)]
 [Times: user=0.06 sys=0.00, real=0.05 secs] 
2024-07-06T11:29:31.898+0800: 326.064: [GC pause (G1 Evacuation Pause) (young), 0.0273231 secs]
   [Parallel Time: 26.8 ms, GC Workers: 2]
      [GC Worker Start (ms): Min: 326064.5, Avg: 326064.5, Max: 326064.6, Diff: 0.0]
      [Ext Root Scanning (ms): Min: 0.5, Avg: 0.5, Max: 0.6, Diff: 0.0, Sum: 1.1]
      [Update RS (ms): Min: 0.0, Avg: 0.0, Max: 0.0, Diff: 0.0, Sum: 0.1]
         [Processed Buffers: Min: 1, Avg: 2.5, Max: 4, Diff: 3, Sum: 5]
      [Scan RS (ms): Min: 0.1, Avg: 0.1, Max: 0.1, Diff: 0.0, Sum: 0.2]
      [Code Root Scanning (ms): Min: 0.0, Avg: 0.0, Max: 0.0, Diff: 0.0, Sum: 0.0]
      [Object Copy (ms): Min: 26.0, Avg: 26.0, Max: 26.0, Diff: 0.0, Sum: 52.0]
      [Termination (ms): Min: 0.0, Avg: 0.0, Max: 0.0, Diff: 0.0, Sum: 0.0]
         [Termination Attempts: Min: 1, Avg: 1.5, Max: 2, Diff: 1, Sum: 3]
      [GC Worker Other (ms): Min: 0.0, Avg: 0.0, Max: 0.0, Diff: 0.0, Sum: 0.0]
      [GC Worker Total (ms): Min: 26.7, Avg: 26.7, Max: 26.7, Diff: 0.0, Sum: 53.4]
      [GC Worker End (ms): Min: 326091.2, Avg: 326091.2, Max: 326091.2, Diff: 0.0]
   [Code Root Fixup: 0.0 ms]
   [Code Root Purge: 0.0 ms]
   [Clear CT: 0.1 ms]
   [Other: 0.4 ms]
      [Choose CSet: 0.0 ms]
      [Ref Proc: 0.1 ms]
      [Ref Enq: 0.0 ms]
      [Redirty Cards: 0.1 ms]
      [Humongous Register: 0.0 ms]
      [Humongous Reclaim: 0.0 ms]
      [Free CSet: 0.1 ms]
   [Eden: 260.0M(260.0M)->0.0B(259.0M) Survivors: 23552.0K->24576.0K Heap: 384.9M(472.0M)->125.9M(472.0M)]
 [Times: user=0.05 sys=0.00, real=0.02 secs] 
2024-07-06T11:29:32.310+0800: 326.476: [GC pause (G1 Evacuation Pause) (young), 0.0334390 secs]
   [Parallel Time: 32.9 ms, GC Workers: 2]
      [GC Worker Start (ms): Min: 326476.5, Avg: 326476.5, Max: 326476.5, Diff: 0.0]
      [Ext Root Scanning (ms): Min: 0.5, Avg: 0.5, Max: 0.5, Diff: 0.0, Sum: 1.1]
      [Update RS (ms): Min: 0.0, Avg: 0.0, Max: 0.0, Diff: 0.0, Sum: 0.0]
         [Processed Buffers: Min: 1, Avg: 2.5, Max: 4, Diff: 3, Sum: 5]
      [Scan RS (ms): Min: 0.1, Avg: 0.1, Max: 0.1, Diff: 0.0, Sum: 0.2]
      [Code Root Scanning (ms): Min: 0.0, Avg: 0.0, Max: 0.0, Diff: 0.0, Sum: 0.0]
      [Object Copy (ms): Min: 32.2, Avg: 32.2, Max: 32.2, Diff: 0.0, Sum: 64.5]
      [Termination (ms): Min: 0.0, Avg: 0.0, Max: 0.0, Diff: 0.0, Sum: 0.0]
         [Termination Attempts: Min: 1, Avg: 1.0, Max: 1, Diff: 0, Sum: 2]
      [GC Worker Other (ms): Min: 0.0, Avg: 0.0, Max: 0.0, Diff: 0.0, Sum: 0.0]
      [GC Worker Total (ms): Min: 32.9, Avg: 32.9, Max: 32.9, Diff: 0.0, Sum: 65.8]
      [GC Worker End (ms): Min: 326509.4, Avg: 326509.4, Max: 326509.4, Diff: 0.0]
   [Code Root Fixup: 0.0 ms]
   [Code Root Purge: 0.0 ms]
   [Clear CT: 0.1 ms]
   [Other: 0.4 ms]
      [Choose CSet: 0.0 ms]
      [Ref Proc: 0.1 ms]
      [Ref Enq: 0.0 ms]
      [Redirty Cards: 0.0 ms]
      [Humongous Register: 0.0 ms]
      [Humongous Reclaim: 0.0 ms]
      [Free CSet: 0.1 ms]
   [Eden: 259.0M(259.0M)->0.0B(253.0M) Survivors: 24576.0K->30720.0K Heap: 384.9M(472.0M)->131.9M(472.0M)]
 [Times: user=0.07 sys=0.00, real=0.03 secs] 
2024-07-06T11:29:32.719+0800: 326.886: [GC pause (G1 Evacuation Pause) (young), 0.0322724 secs]
   [Parallel Time: 31.8 ms, GC Workers: 2]
      [GC Worker Start (ms): Min: 326885.7, Avg: 326885.7, Max: 326885.7, Diff: 0.0]
      [Ext Root Scanning (ms): Min: 0.5, Avg: 0.6, Max: 0.6, Diff: 0.0, Sum: 1.1]
      [Update RS (ms): Min: 0.0, Avg: 0.0, Max: 0.0, Diff: 0.0, Sum: 0.0]
         [Processed Buffers: Min: 1, Avg: 2.5, Max: 4, Diff: 3, Sum: 5]
      [Scan RS (ms): Min: 0.1, Avg: 0.1, Max: 0.1, Diff: 0.0, Sum: 0.2]
      [Code Root Scanning (ms): Min: 0.0, Avg: 0.0, Max: 0.0, Diff: 0.0, Sum: 0.0]
      [Object Copy (ms): Min: 31.0, Avg: 31.0, Max: 31.1, Diff: 0.0, Sum: 62.1]
      [Termination (ms): Min: 0.0, Avg: 0.0, Max: 0.0, Diff: 0.0, Sum: 0.0]
         [Termination Attempts: Min: 1, Avg: 1.0, Max: 1, Diff: 0, Sum: 2]
      [GC Worker Other (ms): Min: 0.0, Avg: 0.0, Max: 0.0, Diff: 0.0, Sum: 0.0]
      [GC Worker Total (ms): Min: 31.7, Avg: 31.7, Max: 31.7, Diff: 0.0, Sum: 63.4]
      [GC Worker End (ms): Min: 326917.4, Avg: 326917.5, Max: 326917.5, Diff: 0.0]
   [Code Root Fixup: 0.0 ms]
   [Code Root Purge: 0.0 ms]
   [Clear CT: 0.1 ms]
   [Other: 0.4 ms]
      [Choose CSet: 0.0 ms]
      [Ref Proc: 0.1 ms]
      [Ref Enq: 0.0 ms]
      [Redirty Cards: 0.0 ms]
      [Humongous Register: 0.0 ms]
      [Humongous Reclaim: 0.0 ms]
      [Free CSet: 0.1 ms]
   [Eden: 253.0M(253.0M)->0.0B(255.0M) Survivors: 30720.0K->28672.0K Heap: 384.9M(472.0M)->129.9M(472.0M)]
 [Times: user=0.07 sys=0.00, real=0.03 secs] 
2024-07-06T11:29:33.135+0800: 327.301: [GC pause (G1 Evacuation Pause) (young), 0.0287406 secs]
   [Parallel Time: 28.2 ms, GC Workers: 2]
      [GC Worker Start (ms): Min: 327301.5, Avg: 327301.6, Max: 327301.6, Diff: 0.0]
      [Ext Root Scanning (ms): Min: 0.5, Avg: 0.5, Max: 0.5, Diff: 0.0, Sum: 1.0]
      [Update RS (ms): Min: 0.0, Avg: 0.0, Max: 0.0, Diff: 0.0, Sum: 0.0]
         [Processed Buffers: Min: 2, Avg: 2.5, Max: 3, Diff: 1, Sum: 5]
      [Scan RS (ms): Min: 0.1, Avg: 0.1, Max: 0.1, Diff: 0.0, Sum: 0.2]
      [Code Root Scanning (ms): Min: 0.0, Avg: 0.0, Max: 0.0, Diff: 0.0, Sum: 0.0]
      [Object Copy (ms): Min: 27.5, Avg: 27.5, Max: 27.5, Diff: 0.0, Sum: 55.1]
      [Termination (ms): Min: 0.0, Avg: 0.0, Max: 0.0, Diff: 0.0, Sum: 0.0]
         [Termination Attempts: Min: 1, Avg: 1.0, Max: 1, Diff: 0, Sum: 2]
      [GC Worker Other (ms): Min: 0.0, Avg: 0.0, Max: 0.0, Diff: 0.0, Sum: 0.0]
      [GC Worker Total (ms): Min: 28.1, Avg: 28.2, Max: 28.2, Diff: 0.0, Sum: 56.3]
      [GC Worker End (ms): Min: 327329.7, Avg: 327329.7, Max: 327329.7, Diff: 0.0]
   [Code Root Fixup: 0.0 ms]
   [Code Root Purge: 0.0 ms]
   [Clear CT: 0.1 ms]
   [Other: 0.4 ms]
      [Choose CSet: 0.0 ms]
      [Ref Proc: 0.1 ms]
      [Ref Enq: 0.0 ms]
      [Redirty Cards: 0.1 ms]
      [Humongous Register: 0.0 ms]
      [Humongous Reclaim: 0.0 ms]
      [Free CSet: 0.1 ms]
   [Eden: 255.0M(255.0M)->0.0B(258.0M) Survivors: 28672.0K->25600.0K Heap: 384.9M(472.0M)->126.9M(472.0M)]
 [Times: user=0.05 sys=0.00, real=0.02 secs] 
2024-07-06T11:29:33.591+0800: 327.757: [GC pause (G1 Evacuation Pause) (young), 0.0230801 secs]
   [Parallel Time: 22.6 ms, GC Workers: 2]
      [GC Worker Start (ms): Min: 327757.2, Avg: 327757.2, Max: 327757.2, Diff: 0.0]
      [Ext Root Scanning (ms): Min: 0.4, Avg: 0.4, Max: 0.5, Diff: 0.0, Sum: 0.9]
      [Update RS (ms): Min: 0.0, Avg: 0.0, Max: 0.0, Diff: 0.0, Sum: 0.0]
         [Processed Buffers: Min: 3, Avg: 3.0, Max: 3, Diff: 0, Sum: 6]
      [Scan RS (ms): Min: 0.1, Avg: 0.1, Max: 0.1, Diff: 0.0, Sum: 0.2]
      [Code Root Scanning (ms): Min: 0.0, Avg: 0.0, Max: 0.0, Diff: 0.0, Sum: 0.0]
      [Object Copy (ms): Min: 22.0, Avg: 22.0, Max: 22.0, Diff: 0.0, Sum: 44.0]
      [Termination (ms): Min: 0.0, Avg: 0.0, Max: 0.0, Diff: 0.0, Sum: 0.0]
         [Termination Attempts: Min: 1, Avg: 1.0, Max: 1, Diff: 0, Sum: 2]
      [GC Worker Other (ms): Min: 0.0, Avg: 0.0, Max: 0.0, Diff: 0.0, Sum: 0.0]
      [GC Worker Total (ms): Min: 22.6, Avg: 22.6, Max: 22.6, Diff: 0.0, Sum: 45.1]
      [GC Worker End (ms): Min: 327779.7, Avg: 327779.7, Max: 327779.7, Diff: 0.0]
   [Code Root Fixup: 0.0 ms]
   [Code Root Purge: 0.0 ms]
   [Clear CT: 0.1 ms]
   [Other: 0.4 ms]
      [Choose CSet: 0.0 ms]
      [Ref Proc: 0.1 ms]
      [Ref Enq: 0.0 ms]
      [Redirty Cards: 0.0 ms]
      [Humongous Register: 0.0 ms]
      [Humongous Reclaim: 0.0 ms]
      [Free CSet: 0.1 ms]
   [Eden: 258.0M(258.0M)->0.0B(264.0M) Survivors: 25600.0K->19456.0K Heap: 384.9M(472.0M)->121.4M(472.0M)]
 [Times: user=0.05 sys=0.00, real=0.02 secs] 
2024-07-06T11:29:34.007+0800: 328.173: [GC pause (G1 Evacuation Pause) (young), 0.0190701 secs]
   [Parallel Time: 18.6 ms, GC Workers: 2]
      [GC Worker Start (ms): Min: 328173.6, Avg: 328173.6, Max: 328173.6, Diff: 0.0]
      [Ext Root Scanning (ms): Min: 0.5, Avg: 0.5, Max: 0.5, Diff: 0.0, Sum: 1.0]
      [Update RS (ms): Min: 0.0, Avg: 0.0, Max: 0.0, Diff: 0.0, Sum: 0.0]
         [Processed Buffers: Min: 2, Avg: 3.0, Max: 4, Diff: 2, Sum: 6]
      [Scan RS (ms): Min: 0.1, Avg: 0.1, Max: 0.1, Diff: 0.0, Sum: 0.1]
      [Code Root Scanning (ms): Min: 0.0, Avg: 0.0, Max: 0.0, Diff: 0.0, Sum: 0.0]
      [Object Copy (ms): Min: 17.9, Avg: 18.0, Max: 18.0, Diff: 0.0, Sum: 35.9]
      [Termination (ms): Min: 0.0, Avg: 0.0, Max: 0.0, Diff: 0.0, Sum: 0.0]
         [Termination Attempts: Min: 1, Avg: 1.0, Max: 1, Diff: 0, Sum: 2]
      [GC Worker Other (ms): Min: 0.0, Avg: 0.0, Max: 0.0, Diff: 0.0, Sum: 0.0]
      [GC Worker Total (ms): Min: 18.6, Avg: 18.6, Max: 18.6, Diff: 0.0, Sum: 37.1]
      [GC Worker End (ms): Min: 328192.1, Avg: 328192.1, Max: 328192.1, Diff: 0.0]
   [Code Root Fixup: 0.0 ms]
   [Code Root Purge: 0.0 ms]
   [Clear CT: 0.1 ms]
   [Other: 0.3 ms]
      [Choose CSet: 0.0 ms]
      [Ref Proc: 0.1 ms]
      [Ref Enq: 0.0 ms]
      [Redirty Cards: 0.0 ms]
      [Humongous Register: 0.0 ms]
      [Humongous Reclaim: 0.0 ms]
      [Free CSet: 0.1 ms]
   [Eden: 264.0M(264.0M)->0.0B(266.0M) Survivors: 19456.0K->17408.0K Heap: 385.4M(472.0M)->118.9M(472.0M)]
 [Times: user=0.04 sys=0.00, real=0.01 secs] 
2024-07-06T11:29:34.440+0800: 328.606: [GC pause (G1 Evacuation Pause) (young), 0.0154441 secs]
   [Parallel Time: 15.0 ms, GC Workers: 2]
      [GC Worker Start (ms): Min: 328605.8, Avg: 328605.8, Max: 328605.8, Diff: 0.0]
      [Ext Root Scanning (ms): Min: 0.5, Avg: 0.5, Max: 0.5, Diff: 0.0, Sum: 1.0]
      [Update RS (ms): Min: 0.0, Avg: 0.0, Max: 0.0, Diff: 0.0, Sum: 0.0]
         [Processed Buffers: Min: 2, Avg: 2.5, Max: 3, Diff: 1, Sum: 5]
      [Scan RS (ms): Min: 0.1, Avg: 0.1, Max: 0.1, Diff: 0.0, Sum: 0.2]
      [Code Root Scanning (ms): Min: 0.0, Avg: 0.0, Max: 0.0, Diff: 0.0, Sum: 0.0]
      [Object Copy (ms): Min: 14.2, Avg: 14.3, Max: 14.3, Diff: 0.0, Sum: 28.5]
      [Termination (ms): Min: 0.0, Avg: 0.0, Max: 0.0, Diff: 0.0, Sum: 0.0]
         [Termination Attempts: Min: 1, Avg: 1.0, Max: 1, Diff: 0, Sum: 2]
      [GC Worker Other (ms): Min: 0.0, Avg: 0.0, Max: 0.0, Diff: 0.0, Sum: 0.0]
      [GC Worker Total (ms): Min: 14.9, Avg: 14.9, Max: 14.9, Diff: 0.0, Sum: 29.8]
      [GC Worker End (ms): Min: 328620.7, Avg: 328620.7, Max: 328620.7, Diff: 0.0]
   [Code Root Fixup: 0.0 ms]
   [Code Root Purge: 0.0 ms]
   [Clear CT: 0.1 ms]
   [Other: 0.4 ms]
      [Choose CSet: 0.0 ms]
      [Ref Proc: 0.1 ms]
      [Ref Enq: 0.0 ms]
      [Redirty Cards: 0.0 ms]
      [Humongous Register: 0.0 ms]
      [Humongous Reclaim: 0.0 ms]
      [Free CSet: 0.1 ms]
   [Eden: 266.0M(266.0M)->0.0B(269.0M) Survivors: 17408.0K->14336.0K Heap: 384.9M(472.0M)->116.4M(472.0M)]
 [Times: user=0.03 sys=0.00, real=0.01 secs] 
2024-07-06T11:29:34.855+0800: 329.021: [GC pause (G1 Evacuation Pause) (young), 0.0302034 secs]
   [Parallel Time: 29.6 ms, GC Workers: 2]
      [GC Worker Start (ms): Min: 329021.5, Avg: 329021.5, Max: 329021.5, Diff: 0.0]
      [Ext Root Scanning (ms): Min: 0.5, Avg: 0.5, Max: 0.5, Diff: 0.0, Sum: 1.0]
      [Update RS (ms): Min: 0.0, Avg: 0.0, Max: 0.0, Diff: 0.0, Sum: 0.0]
         [Processed Buffers: Min: 1, Avg: 2.5, Max: 4, Diff: 3, Sum: 5]
      [Scan RS (ms): Min: 0.1, Avg: 0.1, Max: 0.1, Diff: 0.0, Sum: 0.1]
      [Code Root Scanning (ms): Min: 0.0, Avg: 0.0, Max: 0.0, Diff: 0.0, Sum: 0.0]
      [Object Copy (ms): Min: 28.9, Avg: 28.9, Max: 28.9, Diff: 0.0, Sum: 57.8]
      [Termination (ms): Min: 0.0, Avg: 0.0, Max: 0.0, Diff: 0.0, Sum: 0.0]
         [Termination Attempts: Min: 1, Avg: 1.0, Max: 1, Diff: 0, Sum: 2]
      [GC Worker Other (ms): Min: 0.0, Avg: 0.0, Max: 0.0, Diff: 0.0, Sum: 0.0]
      [GC Worker Total (ms): Min: 29.5, Avg: 29.5, Max: 29.5, Diff: 0.0, Sum: 59.0]
      [GC Worker End (ms): Min: 329051.0, Avg: 329051.0, Max: 329051.0, Diff: 0.0]
   [Code Root Fixup: 0.0 ms]
   [Code Root Purge: 0.0 ms]
   [Clear CT: 0.2 ms]
   [Other: 0.4 ms]
      [Choose CSet: 0.0 ms]
      [Ref Proc: 0.1 ms]
      [Ref Enq: 0.0 ms]
      [Redirty Cards: 0.0 ms]
      [Humongous Register: 0.0 ms]
      [Humongous Reclaim: 0.0 ms]
      [Free CSet: 0.1 ms]
   [Eden: 269.0M(269.0M)->0.0B(254.0M) Survivors: 14336.0K->29696.0K Heap: 385.4M(472.0M)->130.9M(472.0M)]
 [Times: user=0.06 sys=0.00, real=0.02 secs] 
2024-07-06T11:29:35.275+0800: 329.441: [GC pause (G1 Evacuation Pause) (young), 0.0396464 secs]
   [Parallel Time: 39.1 ms, GC Workers: 2]
      [GC Worker Start (ms): Min: 329441.5, Avg: 329442.5, Max: 329443.5, Diff: 2.0]
      [Ext Root Scanning (ms): Min: 0.0, Avg: 0.4, Max: 0.8, Diff: 0.8, Sum: 0.8]
      [Update RS (ms): Min: 0.0, Avg: 0.0, Max: 0.0, Diff: 0.0, Sum: 0.0]
         [Processed Buffers: Min: 0, Avg: 2.5, Max: 5, Diff: 5, Sum: 5]
      [Scan RS (ms): Min: 0.0, Avg: 0.1, Max: 0.2, Diff: 0.1, Sum: 0.2]
      [Code Root Scanning (ms): Min: 0.0, Avg: 0.0, Max: 0.0, Diff: 0.0, Sum: 0.0]
      [Object Copy (ms): Min: 37.1, Avg: 37.5, Max: 38.0, Diff: 1.0, Sum: 75.1]
      [Termination (ms): Min: 0.0, Avg: 0.0, Max: 0.0, Diff: 0.0, Sum: 0.0]
         [Termination Attempts: Min: 1, Avg: 1.0, Max: 1, Diff: 0, Sum: 2]
      [GC Worker Other (ms): Min: 0.0, Avg: 0.0, Max: 0.0, Diff: 0.0, Sum: 0.0]
      [GC Worker Total (ms): Min: 37.1, Avg: 38.1, Max: 39.1, Diff: 2.0, Sum: 76.2]
      [GC Worker End (ms): Min: 329480.6, Avg: 329480.6, Max: 329480.6, Diff: 0.0]
   [Code Root Fixup: 0.0 ms]
   [Code Root Purge: 0.0 ms]
   [Clear CT: 0.1 ms]
   [Other: 0.4 ms]
      [Choose CSet: 0.0 ms]
      [Ref Proc: 0.1 ms]
      [Ref Enq: 0.0 ms]
      [Redirty Cards: 0.0 ms]
      [Humongous Register: 0.0 ms]
      [Humongous Reclaim: 0.0 ms]
      [Free CSet: 0.2 ms]
   [Eden: 254.0M(254.0M)->0.0B(250.0M) Survivors: 29696.0K->33792.0K Heap: 384.9M(472.0M)->134.9M(472.0M)]
 [Times: user=0.07 sys=0.00, real=0.03 secs] 
2024-07-06T11:29:35.736+0800: 329.902: [GC pause (G1 Evacuation Pause) (young), 0.0359284 secs]
   [Parallel Time: 35.4 ms, GC Workers: 2]
      [GC Worker Start (ms): Min: 329902.4, Avg: 329902.4, Max: 329902.4, Diff: 0.0]
      [Ext Root Scanning (ms): Min: 0.5, Avg: 0.5, Max: 0.5, Diff: 0.0, Sum: 1.0]
      [Update RS (ms): Min: 0.0, Avg: 0.0, Max: 0.1, Diff: 0.1, Sum: 0.1]
         [Processed Buffers: Min: 1, Avg: 2.5, Max: 4, Diff: 3, Sum: 5]
      [Scan RS (ms): Min: 0.1, Avg: 0.1, Max: 0.1, Diff: 0.0, Sum: 0.2]
      [Code Root Scanning (ms): Min: 0.0, Avg: 0.0, Max: 0.0, Diff: 0.0, Sum: 0.0]
      [Object Copy (ms): Min: 34.7, Avg: 34.7, Max: 34.8, Diff: 0.1, Sum: 69.5]
      [Termination (ms): Min: 0.0, Avg: 0.0, Max: 0.0, Diff: 0.0, Sum: 0.0]
         [Termination Attempts: Min: 1, Avg: 1.0, Max: 1, Diff: 0, Sum: 2]
      [GC Worker Other (ms): Min: 0.0, Avg: 0.0, Max: 0.0, Diff: 0.0, Sum: 0.0]
      [GC Worker Total (ms): Min: 35.4, Avg: 35.4, Max: 35.4, Diff: 0.0, Sum: 70.8]
      [GC Worker End (ms): Min: 329937.8, Avg: 329937.8, Max: 329937.8, Diff: 0.0]
   [Code Root Fixup: 0.0 ms]
   [Code Root Purge: 0.0 ms]
   [Clear CT: 0.1 ms]
   [Other: 0.4 ms]
      [Choose CSet: 0.0 ms]
      [Ref Proc: 0.1 ms]
      [Ref Enq: 0.0 ms]
      [Redirty Cards: 0.0 ms]
      [Humongous Register: 0.0 ms]
      [Humongous Reclaim: 0.0 ms]
      [Free CSet: 0.2 ms]
   [Eden: 250.0M(250.0M)->0.0B(252.0M) Survivors: 33792.0K->31744.0K Heap: 384.9M(472.0M)->132.9M(472.0M)]
 [Times: user=0.07 sys=0.00, real=0.03 secs] 
2024-07-06T11:29:36.158+0800: 330.324: [GC pause (G1 Evacuation Pause) (young), 0.0321554 secs]
   [Parallel Time: 31.7 ms, GC Workers: 2]
      [GC Worker Start (ms): Min: 330324.2, Avg: 330324.2, Max: 330324.2, Diff: 0.0]
      [Ext Root Scanning (ms): Min: 0.5, Avg: 0.5, Max: 0.5, Diff: 0.0, Sum: 1.0]
      [Update RS (ms): Min: 0.0, Avg: 0.0, Max: 0.0, Diff: 0.0, Sum: 0.0]
         [Processed Buffers: Min: 2, Avg: 2.5, Max: 3, Diff: 1, Sum: 5]
      [Scan RS (ms): Min: 0.1, Avg: 0.1, Max: 0.1, Diff: 0.0, Sum: 0.2]
      [Code Root Scanning (ms): Min: 0.0, Avg: 0.0, Max: 0.0, Diff: 0.0, Sum: 0.0]
      [Object Copy (ms): Min: 31.0, Avg: 31.0, Max: 31.0, Diff: 0.0, Sum: 61.9]
      [Termination (ms): Min: 0.0, Avg: 0.0, Max: 0.0, Diff: 0.0, Sum: 0.0]
         [Termination Attempts: Min: 1, Avg: 1.5, Max: 2, Diff: 1, Sum: 3]
      [GC Worker Other (ms): Min: 0.0, Avg: 0.0, Max: 0.0, Diff: 0.0, Sum: 0.0]
      [GC Worker Total (ms): Min: 31.6, Avg: 31.6, Max: 31.6, Diff: 0.0, Sum: 63.2]
      [GC Worker End (ms): Min: 330355.8, Avg: 330355.8, Max: 330355.8, Diff: 0.0]
   [Code Root Fixup: 0.0 ms]
   [Code Root Purge: 0.0 ms]
   [Clear CT: 0.1 ms]
   [Other: 0.4 ms]
      [Choose CSet: 0.0 ms]
      [Ref Proc: 0.1 ms]
      [Ref Enq: 0.0 ms]
      [Redirty Cards: 0.0 ms]
      [Humongous Register: 0.0 ms]
      [Humongous Reclaim: 0.0 ms]
      [Free CSet: 0.1 ms]
   [Eden: 252.0M(252.0M)->0.0B(257.0M) Survivors: 31744.0K->26624.0K Heap: 384.9M(472.0M)->128.4M(472.0M)]
 [Times: user=0.06 sys=0.00, real=0.03 secs] 
2024-07-06T11:29:36.597+0800: 330.763: [GC pause (G1 Evacuation Pause) (young), 0.0282229 secs]
   [Parallel Time: 27.7 ms, GC Workers: 2]
      [GC Worker Start (ms): Min: 330763.1, Avg: 330763.1, Max: 330763.1, Diff: 0.0]
      [Ext Root Scanning (ms): Min: 0.5, Avg: 0.5, Max: 0.5, Diff: 0.0, Sum: 1.0]
      [Update RS (ms): Min: 0.0, Avg: 0.0, Max: 0.0, Diff: 0.0, Sum: 0.0]
         [Processed Buffers: Min: 1, Avg: 2.5, Max: 4, Diff: 3, Sum: 5]
      [Scan RS (ms): Min: 0.1, Avg: 0.1, Max: 0.1, Diff: 0.0, Sum: 0.2]
      [Code Root Scanning (ms): Min: 0.0, Avg: 0.0, Max: 0.0, Diff: 0.0, Sum: 0.0]
      [Object Copy (ms): Min: 27.0, Avg: 27.0, Max: 27.0, Diff: 0.0, Sum: 54.0]
      [Termination (ms): Min: 0.0, Avg: 0.0, Max: 0.0, Diff: 0.0, Sum: 0.0]
         [Termination Attempts: Min: 1, Avg: 1.0, Max: 1, Diff: 0, Sum: 2]
      [GC Worker Other (ms): Min: 0.0, Avg: 0.0, Max: 0.0, Diff: 0.0, Sum: 0.0]
      [GC Worker Total (ms): Min: 27.6, Avg: 27.6, Max: 27.6, Diff: 0.0, Sum: 55.3]
      [GC Worker End (ms): Min: 330790.8, Avg: 330790.8, Max: 330790.8, Diff: 0.0]
   [Code Root Fixup: 0.0 ms]
   [Code Root Purge: 0.0 ms]
   [Clear CT: 0.1 ms]
   [Other: 0.4 ms]
      [Choose CSet: 0.0 ms]
      [Ref Proc: 0.1 ms]
      [Ref Enq: 0.0 ms]
      [Redirty Cards: 0.0 ms]
      [Humongous Register: 0.0 ms]
      [Humongous Reclaim: 0.0 ms]
      [Free CSet: 0.1 ms]
   [Eden: 257.0M(257.0M)->0.0B(259.0M) Survivors: 26624.0K->24576.0K Heap: 385.4M(472.0M)->125.9M(472.0M)]
 [Times: user=0.05 sys=0.00, real=0.02 secs] 
2024-07-06T11:29:37.023+0800: 331.189: [GC pause (G1 Evacuation Pause) (young), 0.0235429 secs]
   [Parallel Time: 23.0 ms, GC Workers: 2]
      [GC Worker Start (ms): Min: 331189.5, Avg: 331189.5, Max: 331189.6, Diff: 0.0]
      [Ext Root Scanning (ms): Min: 0.5, Avg: 0.5, Max: 0.5, Diff: 0.0, Sum: 1.1]
      [Update RS (ms): Min: 0.0, Avg: 0.0, Max: 0.0, Diff: 0.0, Sum: 0.0]
         [Processed Buffers: Min: 1, Avg: 2.5, Max: 4, Diff: 3, Sum: 5]
      [Scan RS (ms): Min: 0.1, Avg: 0.1, Max: 0.1, Diff: 0.0, Sum: 0.1]
      [Code Root Scanning (ms): Min: 0.0, Avg: 0.0, Max: 0.0, Diff: 0.0, Sum: 0.0]
      [Object Copy (ms): Min: 22.3, Avg: 22.3, Max: 22.3, Diff: 0.0, Sum: 44.7]
      [Termination (ms): Min: 0.0, Avg: 0.0, Max: 0.0, Diff: 0.0, Sum: 0.0]
         [Termination Attempts: Min: 1, Avg: 1.0, Max: 1, Diff: 0, Sum: 2]
      [GC Worker Other (ms): Min: 0.0, Avg: 0.0, Max: 0.0, Diff: 0.0, Sum: 0.0]
      [GC Worker Total (ms): Min: 23.0, Avg: 23.0, Max: 23.0, Diff: 0.0, Sum: 46.0]
      [GC Worker End (ms): Min: 331212.5, Avg: 331212.5, Max: 331212.5, Diff: 0.0]
   [Code Root Fixup: 0.0 ms]
   [Code Root Purge: 0.0 ms]
   [Clear CT: 0.1 ms]
   [Other: 0.4 ms]
      [Choose CSet: 0.0 ms]
      [Ref Proc: 0.1 ms]
      [Ref Enq: 0.0 ms]
      [Redirty Cards: 0.0 ms]
      [Humongous Register: 0.0 ms]
      [Humongous Reclaim: 0.0 ms]
      [Free CSet: 0.1 ms]
   [Eden: 259.0M(259.0M)->0.0B(264.0M) Survivors: 24576.0K->19456.0K Heap: 384.9M(472.0M)->121.4M(472.0M)]
 [Times: user=0.05 sys=0.00, real=0.02 secs] 
2024-07-06T11:29:37.497+0800: 331.663: [GC pause (G1 Evacuation Pause) (young), 0.0059736 secs]
   [Parallel Time: 5.4 ms, GC Workers: 2]
      [GC Worker Start (ms): Min: 331663.4, Avg: 331663.4, Max: 331663.4, Diff: 0.0]
      [Ext Root Scanning (ms): Min: 0.5, Avg: 0.5, Max: 0.5, Diff: 0.0, Sum: 1.0]
      [Update RS (ms): Min: 0.0, Avg: 0.0, Max: 0.0, Diff: 0.0, Sum: 0.1]
         [Processed Buffers: Min: 2, Avg: 2.5, Max: 3, Diff: 1, Sum: 5]
      [Scan RS (ms): Min: 0.1, Avg: 0.1, Max: 0.1, Diff: 0.0, Sum: 0.2]
      [Code Root Scanning (ms): Min: 0.0, Avg: 0.0, Max: 0.0, Diff: 0.0, Sum: 0.0]
      [Object Copy (ms): Min: 4.7, Avg: 4.7, Max: 4.7, Diff: 0.0, Sum: 9.4]
      [Termination (ms): Min: 0.0, Avg: 0.0, Max: 0.0, Diff: 0.0, Sum: 0.0]
         [Termination Attempts: Min: 1, Avg: 1.0, Max: 1, Diff: 0, Sum: 2]
      [GC Worker Other (ms): Min: 0.0, Avg: 0.0, Max: 0.0, Diff: 0.0, Sum: 0.0]
      [GC Worker Total (ms): Min: 5.3, Avg: 5.3, Max: 5.4, Diff: 0.0, Sum: 10.7]
      [GC Worker End (ms): Min: 331668.7, Avg: 331668.7, Max: 331668.7, Diff: 0.0]
   [Code Root Fixup: 0.0 ms]
   [Code Root Purge: 0.0 ms]
   [Clear CT: 0.2 ms]
   [Other: 0.4 ms]
      [Choose CSet: 0.0 ms]
      [Ref Proc: 0.1 ms]
      [Ref Enq: 0.0 ms]
      [Redirty Cards: 0.0 ms]
      [Humongous Register: 0.0 ms]
      [Humongous Reclaim: 0.0 ms]
      [Free CSet: 0.1 ms]
   [Eden: 264.0M(264.0M)->0.0B(276.0M) Survivors: 19456.0K->7168.0K Heap: 385.4M(472.0M)->108.9M(472.0M)]
 [Times: user=0.01 sys=0.00, real=0.00 secs] 
2024-07-06T11:29:37.987+0800: 332.153: [GC pause (G1 Evacuation Pause) (young), 0.0226527 secs]
   [Parallel Time: 21.8 ms, GC Workers: 2]
      [GC Worker Start (ms): Min: 332153.6, Avg: 332153.6, Max: 332153.6, Diff: 0.0]
      [Ext Root Scanning (ms): Min: 0.7, Avg: 0.7, Max: 0.7, Diff: 0.0, Sum: 1.4]
      [Update RS (ms): Min: 0.0, Avg: 0.0, Max: 0.0, Diff: 0.0, Sum: 0.1]
         [Processed Buffers: Min: 1, Avg: 2.5, Max: 4, Diff: 3, Sum: 5]
      [Scan RS (ms): Min: 0.1, Avg: 0.1, Max: 0.1, Diff: 0.0, Sum: 0.2]
      [Code Root Scanning (ms): Min: 0.0, Avg: 0.0, Max: 0.0, Diff: 0.0, Sum: 0.0]
      [Object Copy (ms): Min: 20.9, Avg: 20.9, Max: 20.9, Diff: 0.0, Sum: 41.9]
      [Termination (ms): Min: 0.0, Avg: 0.0, Max: 0.0, Diff: 0.0, Sum: 0.0]
         [Termination Attempts: Min: 1, Avg: 1.0, Max: 1, Diff: 0, Sum: 2]
      [GC Worker Other (ms): Min: 0.0, Avg: 0.0, Max: 0.0, Diff: 0.0, Sum: 0.0]
      [GC Worker Total (ms): Min: 21.8, Avg: 21.8, Max: 21.8, Diff: 0.0, Sum: 43.6]
      [GC Worker End (ms): Min: 332175.4, Avg: 332175.4, Max: 332175.4, Diff: 0.0]
   [Code Root Fixup: 0.0 ms]
   [Code Root Purge: 0.0 ms]
   [Clear CT: 0.2 ms]
   [Other: 0.6 ms]
      [Choose CSet: 0.0 ms]
      [Ref Proc: 0.2 ms]
      [Ref Enq: 0.0 ms]
      [Redirty Cards: 0.1 ms]
      [Humongous Register: 0.0 ms]
      [Humongous Reclaim: 0.0 ms]
      [Free CSet: 0.2 ms]
   [Eden: 276.0M(276.0M)->0.0B(262.0M) Survivors: 7168.0K->21504.0K Heap: 384.9M(472.0M)->123.4M(472.0M)]
 [Times: user=0.04 sys=0.00, real=0.02 secs] 
2024-07-06T11:29:38.398+0800: 332.564: [GC pause (G1 Evacuation Pause) (young), 0.0405947 secs]
   [Parallel Time: 40.0 ms, GC Workers: 2]
      [GC Worker Start (ms): Min: 332564.0, Avg: 332564.4, Max: 332564.8, Diff: 0.7]
      [Ext Root Scanning (ms): Min: 0.0, Avg: 0.3, Max: 0.7, Diff: 0.7, Sum: 0.7]
      [Update RS (ms): Min: 0.0, Avg: 0.0, Max: 0.0, Diff: 0.0, Sum: 0.0]
         [Processed Buffers: Min: 1, Avg: 2.5, Max: 4, Diff: 3, Sum: 5]
      [Scan RS (ms): Min: 0.1, Avg: 0.1, Max: 0.1, Diff: 0.0, Sum: 0.2]
      [Code Root Scanning (ms): Min: 0.0, Avg: 0.0, Max: 0.0, Diff: 0.0, Sum: 0.0]
      [Object Copy (ms): Min: 39.1, Avg: 39.2, Max: 39.2, Diff: 0.1, Sum: 78.3]
      [Termination (ms): Min: 0.0, Avg: 0.0, Max: 0.0, Diff: 0.0, Sum: 0.0]
         [Termination Attempts: Min: 1, Avg: 1.0, Max: 1, Diff: 0, Sum: 2]
      [GC Worker Other (ms): Min: 0.0, Avg: 0.0, Max: 0.0, Diff: 0.0, Sum: 0.0]
      [GC Worker Total (ms): Min: 39.2, Avg: 39.6, Max: 40.0, Diff: 0.8, Sum: 79.2]
      [GC Worker End (ms): Min: 332604.0, Avg: 332604.0, Max: 332604.0, Diff: 0.0]
   [Code Root Fixup: 0.0 ms]
   [Code Root Purge: 0.0 ms]
   [Clear CT: 0.1 ms]
   [Other: 0.4 ms]
      [Choose CSet: 0.0 ms]
      [Ref Proc: 0.1 ms]
      [Ref Enq: 0.0 ms]
      [Redirty Cards: 0.0 ms]
      [Humongous Register: 0.0 ms]
      [Humongous Reclaim: 0.0 ms]
      [Free CSet: 0.1 ms]
   [Eden: 262.0M(262.0M)->0.0B(248.0M) Survivors: 21504.0K->35840.0K Heap: 385.4M(472.0M)->136.9M(472.0M)]
 [Times: user=0.08 sys=0.00, real=0.04 secs] 
2024-07-06T11:29:38.834+0800: 333.000: [GC pause (G1 Evacuation Pause) (young), 0.0381101 secs]
   [Parallel Time: 37.6 ms, GC Workers: 2]
      [GC Worker Start (ms): Min: 333000.0, Avg: 333000.0, Max: 333000.0, Diff: 0.0]
      [Ext Root Scanning (ms): Min: 0.4, Avg: 0.5, Max: 0.5, Diff: 0.0, Sum: 0.9]
      [Update RS (ms): Min: 0.0, Avg: 0.0, Max: 0.0, Diff: 0.0, Sum: 0.1]
         [Processed Buffers: Min: 2, Avg: 2.5, Max: 3, Diff: 1, Sum: 5]
      [Scan RS (ms): Min: 0.1, Avg: 0.1, Max: 0.1, Diff: 0.0, Sum: 0.2]
      [Code Root Scanning (ms): Min: 0.0, Avg: 0.0, Max: 0.0, Diff: 0.0, Sum: 0.0]
      [Object Copy (ms): Min: 36.9, Avg: 36.9, Max: 37.0, Diff: 0.0, Sum: 73.9]
      [Termination (ms): Min: 0.0, Avg: 0.0, Max: 0.0, Diff: 0.0, Sum: 0.0]
         [Termination Attempts: Min: 1, Avg: 1.0, Max: 1, Diff: 0, Sum: 2]
      [GC Worker Other (ms): Min: 0.0, Avg: 0.0, Max: 0.0, Diff: 0.0, Sum: 0.0]
      [GC Worker Total (ms): Min: 37.5, Avg: 37.5, Max: 37.5, Diff: 0.0, Sum: 75.0]
      [GC Worker End (ms): Min: 333037.5, Avg: 333037.5, Max: 333037.5, Diff: 0.0]
   [Code Root Fixup: 0.0 ms]
   [Code Root Purge: 0.0 ms]
   [Clear CT: 0.1 ms]
   [Other: 0.4 ms]
      [Choose CSet: 0.0 ms]
      [Ref Proc: 0.1 ms]
      [Ref Enq: 0.0 ms]
      [Redirty Cards: 0.0 ms]
      [Humongous Register: 0.0 ms]
      [Humongous Reclaim: 0.0 ms]
      [Free CSet: 0.1 ms]
   [Eden: 248.0M(248.0M)->0.0B(250.0M) Survivors: 35840.0K->33792.0K Heap: 384.9M(472.0M)->134.9M(472.0M)]
 [Times: user=0.08 sys=0.00, real=0.04 secs] 
2024-07-06T11:29:39.299+0800: 333.465: [GC pause (G1 Evacuation Pause) (young), 0.0339637 secs]
   [Parallel Time: 33.4 ms, GC Workers: 2]
      [GC Worker Start (ms): Min: 333465.5, Avg: 333465.5, Max: 333465.5, Diff: 0.0]
      [Ext Root Scanning (ms): Min: 0.5, Avg: 0.5, Max: 0.5, Diff: 0.0, Sum: 1.0]
      [Update RS (ms): Min: 0.0, Avg: 0.0, Max: 0.0, Diff: 0.0, Sum: 0.0]
         [Processed Buffers: Min: 2, Avg: 3.0, Max: 4, Diff: 2, Sum: 6]
      [Scan RS (ms): Min: 0.1, Avg: 0.1, Max: 0.1, Diff: 0.0, Sum: 0.1]
      [Code Root Scanning (ms): Min: 0.0, Avg: 0.0, Max: 0.0, Diff: 0.0, Sum: 0.0]
      [Object Copy (ms): Min: 32.8, Avg: 32.8, Max: 32.8, Diff: 0.0, Sum: 65.6]
      [Termination (ms): Min: 0.0, Avg: 0.0, Max: 0.0, Diff: 0.0, Sum: 0.0]
         [Termination Attempts: Min: 1, Avg: 1.0, Max: 1, Diff: 0, Sum: 2]
      [GC Worker Other (ms): Min: 0.0, Avg: 0.0, Max: 0.0, Diff: 0.0, Sum: 0.0]
      [GC Worker Total (ms): Min: 33.4, Avg: 33.4, Max: 33.4, Diff: 0.0, Sum: 66.8]
      [GC Worker End (ms): Min: 333498.9, Avg: 333498.9, Max: 333498.9, Diff: 0.0]
   [Code Root Fixup: 0.0 ms]
   [Code Root Purge: 0.0 ms]
   [Clear CT: 0.1 ms]
   [Other: 0.4 ms]
      [Choose CSet: 0.0 ms]
      [Ref Proc: 0.1 ms]
      [Ref Enq: 0.0 ms]
      [Redirty Cards: 0.0 ms]
      [Humongous Register: 0.0 ms]
      [Humongous Reclaim: 0.0 ms]
      [Free CSet: 0.1 ms]
   [Eden: 250.0M(250.0M)->0.0B(254.0M) Survivors: 33792.0K->29696.0K Heap: 384.9M(472.0M)->130.9M(472.0M)]
 [Times: user=0.06 sys=0.00, real=0.03 secs] 
2024-07-06T11:29:39.734+0800: 333.900: [GC pause (G1 Evacuation Pause) (young), 0.0497089 secs]
   [Parallel Time: 48.9 ms, GC Workers: 2]
      [GC Worker Start (ms): Min: 333900.3, Avg: 333900.3, Max: 333900.3, Diff: 0.0]
      [Ext Root Scanning (ms): Min: 0.5, Avg: 0.5, Max: 0.5, Diff: 0.0, Sum: 1.0]
      [Update RS (ms): Min: 0.0, Avg: 0.0, Max: 0.0, Diff: 0.0, Sum: 0.1]
         [Processed Buffers: Min: 1, Avg: 3.0, Max: 5, Diff: 4, Sum: 6]
      [Scan RS (ms): Min: 0.1, Avg: 0.1, Max: 0.1, Diff: 0.0, Sum: 0.2]
      [Code Root Scanning (ms): Min: 0.0, Avg: 0.0, Max: 0.0, Diff: 0.0, Sum: 0.0]
      [Object Copy (ms): Min: 48.1, Avg: 48.1, Max: 48.1, Diff: 0.0, Sum: 96.2]
      [Termination (ms): Min: 0.0, Avg: 0.0, Max: 0.0, Diff: 0.0, Sum: 0.0]
         [Termination Attempts: Min: 1, Avg: 1.0, Max: 1, Diff: 0, Sum: 2]
      [GC Worker Other (ms): Min: 0.0, Avg: 0.0, Max: 0.0, Diff: 0.0, Sum: 0.0]
      [GC Worker Total (ms): Min: 48.8, Avg: 48.8, Max: 48.8, Diff: 0.0, Sum: 97.5]
      [GC Worker End (ms): Min: 333949.0, Avg: 333949.0, Max: 333949.0, Diff: 0.0]
   [Code Root Fixup: 0.0 ms]
   [Code Root Purge: 0.0 ms]
   [Clear CT: 0.3 ms]
   [Other: 0.5 ms]
      [Choose CSet: 0.0 ms]
      [Ref Proc: 0.2 ms]
      [Ref Enq: 0.0 ms]
      [Redirty Cards: 0.1 ms]
      [Humongous Register: 0.0 ms]
      [Humongous Reclaim: 0.0 ms]
      [Free CSet: 0.2 ms]
   [Eden: 254.0M(254.0M)->0.0B(257.0M) Survivors: 29696.0K->26624.0K Heap: 384.9M(472.0M)->127.9M(472.0M)]
 [Times: user=0.07 sys=0.00, real=0.05 secs] 
2024-07-06T11:29:40.197+0800: 334.363: [GC pause (G1 Evacuation Pause) (young), 0.0303065 secs]
   [Parallel Time: 29.8 ms, GC Workers: 2]
      [GC Worker Start (ms): Min: 334363.5, Avg: 334363.7, Max: 334363.9, Diff: 0.3]
      [Ext Root Scanning (ms): Min: 0.4, Avg: 0.6, Max: 0.8, Diff: 0.3, Sum: 1.2]
      [Update RS (ms): Min: 0.0, Avg: 0.0, Max: 0.0, Diff: 0.0, Sum: 0.1]
         [Processed Buffers: Min: 2, Avg: 2.5, Max: 3, Diff: 1, Sum: 5]
      [Scan RS (ms): Min: 0.1, Avg: 0.1, Max: 0.1, Diff: 0.0, Sum: 0.2]
      [Code Root Scanning (ms): Min: 0.0, Avg: 0.0, Max: 0.0, Diff: 0.0, Sum: 0.0]
      [Object Copy (ms): Min: 28.9, Avg: 28.9, Max: 28.9, Diff: 0.0, Sum: 57.8]
      [Termination (ms): Min: 0.0, Avg: 0.0, Max: 0.0, Diff: 0.0, Sum: 0.0]
         [Termination Attempts: Min: 1, Avg: 1.0, Max: 1, Diff: 0, Sum: 2]
      [GC Worker Other (ms): Min: 0.0, Avg: 0.0, Max: 0.0, Diff: 0.0, Sum: 0.0]
      [GC Worker Total (ms): Min: 29.4, Avg: 29.6, Max: 29.8, Diff: 0.3, Sum: 59.2]
      [GC Worker End (ms): Min: 334393.3, Avg: 334393.3, Max: 334393.3, Diff: 0.0]
   [Code Root Fixup: 0.0 ms]
   [Code Root Purge: 0.0 ms]
   [Clear CT: 0.1 ms]
   [Other: 0.4 ms]
      [Choose CSet: 0.0 ms]
      [Ref Proc: 0.1 ms]
      [Ref Enq: 0.0 ms]
      [Redirty Cards: 0.0 ms]
      [Humongous Register: 0.0 ms]
      [Humongous Reclaim: 0.0 ms]
      [Free CSet: 0.1 ms]
   [Eden: 257.0M(257.0M)->0.0B(261.0M) Survivors: 26624.0K->22528.0K Heap: 384.9M(472.0M)->124.4M(472.0M)]
 [Times: user=0.05 sys=0.01, real=0.03 secs] 
2024-07-06T11:29:40.631+0800: 334.797: [GC pause (G1 Evacuation Pause) (young), 0.0156079 secs]
   [Parallel Time: 15.0 ms, GC Workers: 2]
      [GC Worker Start (ms): Min: 334797.6, Avg: 334797.6, Max: 334797.6, Diff: 0.0]
      [Ext Root Scanning (ms): Min: 0.5, Avg: 0.5, Max: 0.5, Diff: 0.0, Sum: 1.0]
      [Update RS (ms): Min: 0.0, Avg: 0.0, Max: 0.0, Diff: 0.0, Sum: 0.0]
         [Processed Buffers: Min: 0, Avg: 2.5, Max: 5, Diff: 5, Sum: 5]
      [Scan RS (ms): Min: 0.1, Avg: 0.1, Max: 0.1, Diff: 0.0, Sum: 0.2]
      [Code Root Scanning (ms): Min: 0.0, Avg: 0.0, Max: 0.0, Diff: 0.0, Sum: 0.0]
      [Object Copy (ms): Min: 14.3, Avg: 14.3, Max: 14.3, Diff: 0.0, Sum: 28.5]
      [Termination (ms): Min: 0.0, Avg: 0.0, Max: 0.0, Diff: 0.0, Sum: 0.0]
         [Termination Attempts: Min: 1, Avg: 1.0, Max: 1, Diff: 0, Sum: 2]
      [GC Worker Other (ms): Min: 0.0, Avg: 0.0, Max: 0.0, Diff: 0.0, Sum: 0.0]
      [GC Worker Total (ms): Min: 14.9, Avg: 14.9, Max: 14.9, Diff: 0.0, Sum: 29.8]
      [GC Worker End (ms): Min: 334812.5, Avg: 334812.5, Max: 334812.5, Diff: 0.0]
   [Code Root Fixup: 0.0 ms]
   [Code Root Purge: 0.0 ms]
   [Clear CT: 0.1 ms]
   [Other: 0.5 ms]
      [Choose CSet: 0.0 ms]
      [Ref Proc: 0.1 ms]
      [Ref Enq: 0.0 ms]
      [Redirty Cards: 0.0 ms]
      [Humongous Register: 0.0 ms]
      [Humongous Reclaim: 0.0 ms]
      [Free CSet: 0.2 ms]
   [Eden: 261.0M(261.0M)->0.0B(270.0M) Survivors: 22528.0K->13312.0K Heap: 385.4M(472.0M)->114.9M(472.0M)]
 [Times: user=0.03 sys=0.00, real=0.01 secs] 
2024-07-06T11:29:41.064+0800: 335.230: [GC pause (G1 Evacuation Pause) (young), 0.0112347 secs]
   [Parallel Time: 10.7 ms, GC Workers: 2]
      [GC Worker Start (ms): Min: 335229.9, Avg: 335229.9, Max: 335230.0, Diff: 0.0]
      [Ext Root Scanning (ms): Min: 0.5, Avg: 0.5, Max: 0.5, Diff: 0.0, Sum: 1.1]
      [Update RS (ms): Min: 0.0, Avg: 0.0, Max: 0.0, Diff: 0.0, Sum: 0.1]
         [Processed Buffers: Min: 2, Avg: 2.5, Max: 3, Diff: 1, Sum: 5]
      [Scan RS (ms): Min: 0.1, Avg: 0.1, Max: 0.1, Diff: 0.0, Sum: 0.2]
      [Code Root Scanning (ms): Min: 0.0, Avg: 0.0, Max: 0.0, Diff: 0.0, Sum: 0.0]
      [Object Copy (ms): Min: 9.9, Avg: 9.9, Max: 9.9, Diff: 0.0, Sum: 19.8]
      [Termination (ms): Min: 0.0, Avg: 0.0, Max: 0.0, Diff: 0.0, Sum: 0.0]
         [Termination Attempts: Min: 1, Avg: 2.5, Max: 4, Diff: 3, Sum: 5]
      [GC Worker Other (ms): Min: 0.0, Avg: 0.0, Max: 0.1, Diff: 0.0, Sum: 0.1]
      [GC Worker Total (ms): Min: 10.6, Avg: 10.6, Max: 10.6, Diff: 0.0, Sum: 21.2]
      [GC Worker End (ms): Min: 335240.5, Avg: 335240.5, Max: 335240.5, Diff: 0.0]
   [Code Root Fixup: 0.0 ms]
   [Code Root Purge: 0.0 ms]
   [Clear CT: 0.1 ms]
   [Other: 0.4 ms]
      [Choose CSet: 0.0 ms]
      [Ref Proc: 0.1 ms]
      [Ref Enq: 0.0 ms]
      [Redirty Cards: 0.0 ms]
      [Humongous Register: 0.0 ms]
      [Humongous Reclaim: 0.0 ms]
      [Free CSet: 0.2 ms]
   [Eden: 270.0M(270.0M)->0.0B(271.0M) Survivors: 13312.0K->12288.0K Heap: 384.9M(472.0M)->114.4M(472.0M)]
 [Times: user=0.02 sys=0.00, real=0.01 secs] 
2024-07-06T11:29:41.492+0800: 335.658: [GC pause (G1 Evacuation Pause) (young), 0.0266880 secs]
   [Parallel Time: 26.1 ms, GC Workers: 2]
      [GC Worker Start (ms): Min: 335658.5, Avg: 335658.5, Max: 335658.6, Diff: 0.0]
      [Ext Root Scanning (ms): Min: 0.5, Avg: 0.5, Max: 0.5, Diff: 0.0, Sum: 1.1]
      [Update RS (ms): Min: 0.0, Avg: 0.0, Max: 0.0, Diff: 0.0, Sum: 0.0]
         [Processed Buffers: Min: 1, Avg: 2.5, Max: 4, Diff: 3, Sum: 5]
      [Scan RS (ms): Min: 0.1, Avg: 0.1, Max: 0.1, Diff: 0.0, Sum: 0.2]
      [Code Root Scanning (ms): Min: 0.0, Avg: 0.0, Max: 0.0, Diff: 0.0, Sum: 0.0]
      [Object Copy (ms): Min: 25.3, Avg: 25.3, Max: 25.4, Diff: 0.0, Sum: 50.7]
      [Termination (ms): Min: 0.0, Avg: 0.0, Max: 0.0, Diff: 0.0, Sum: 0.0]
         [Termination Attempts: Min: 1, Avg: 1.5, Max: 2, Diff: 1, Sum: 3]
      [GC Worker Other (ms): Min: 0.0, Avg: 0.0, Max: 0.0, Diff: 0.0, Sum: 0.0]
      [GC Worker Total (ms): Min: 26.0, Avg: 26.0, Max: 26.0, Diff: 0.0, Sum: 52.0]
      [GC Worker End (ms): Min: 335684.5, Avg: 335684.6, Max: 335684.6, Diff: 0.0]
   [Code Root Fixup: 0.0 ms]
   [Code Root Purge: 0.0 ms]
   [Clear CT: 0.1 ms]
   [Other: 0.5 ms]
      [Choose CSet: 0.0 ms]
      [Ref Proc: 0.1 ms]
      [Ref Enq: 0.0 ms]
      [Redirty Cards: 0.1 ms]
      [Humongous Register: 0.0 ms]
      [Humongous Reclaim: 0.0 ms]
      [Free CSet: 0.2 ms]
   [Eden: 271.0M(271.0M)->0.0B(259.0M) Survivors: 12288.0K->24576.0K Heap: 385.4M(472.0M)->126.4M(472.0M)]
 [Times: user=0.05 sys=0.00, real=0.03 secs] 
2024-07-06T11:29:41.984+0800: 336.150: [GC pause (G1 Evacuation Pause) (young), 0.0275840 secs]
   [Parallel Time: 26.9 ms, GC Workers: 2]
      [GC Worker Start (ms): Min: 336149.8, Avg: 336149.8, Max: 336149.8, Diff: 0.0]
      [Ext Root Scanning (ms): Min: 0.5, Avg: 0.5, Max: 0.5, Diff: 0.0, Sum: 1.1]
      [Update RS (ms): Min: 0.0, Avg: 0.0, Max: 0.0, Diff: 0.0, Sum: 0.0]
         [Processed Buffers: Min: 1, Avg: 2.5, Max: 4, Diff: 3, Sum: 5]
      [Scan RS (ms): Min: 0.1, Avg: 0.1, Max: 0.1, Diff: 0.0, Sum: 0.2]
      [Code Root Scanning (ms): Min: 0.0, Avg: 0.0, Max: 0.0, Diff: 0.0, Sum: 0.0]
      [Object Copy (ms): Min: 26.1, Avg: 26.1, Max: 26.2, Diff: 0.0, Sum: 52.3]
      [Termination (ms): Min: 0.0, Avg: 0.0, Max: 0.0, Diff: 0.0, Sum: 0.0]
         [Termination Attempts: Min: 1, Avg: 1.5, Max: 2, Diff: 1, Sum: 3]
      [GC Worker Other (ms): Min: 0.0, Avg: 0.0, Max: 0.0, Diff: 0.0, Sum: 0.0]
      [GC Worker Total (ms): Min: 26.8, Avg: 26.8, Max: 26.8, Diff: 0.0, Sum: 53.6]
      [GC Worker End (ms): Min: 336176.6, Avg: 336176.6, Max: 336176.6, Diff: 0.0]
   [Code Root Fixup: 0.0 ms]
   [Code Root Purge: 0.0 ms]
   [Clear CT: 0.1 ms]
   [Other: 0.6 ms]
      [Choose CSet: 0.0 ms]
      [Ref Proc: 0.1 ms]
      [Ref Enq: 0.0 ms]
      [Redirty Cards: 0.1 ms]
      [Humongous Register: 0.0 ms]
      [Humongous Reclaim: 0.0 ms]
      [Free CSet: 0.2 ms]
   [Eden: 259.0M(259.0M)->0.0B(258.0M) Survivors: 24576.0K->25600.0K Heap: 385.4M(472.0M)->126.9M(472.0M)]
 [Times: user=0.05 sys=0.00, real=0.03 secs] 
2024-07-06T11:29:42.465+0800: 336.631: [GC pause (G1 Evacuation Pause) (young), 0.0280946 secs]
   [Parallel Time: 27.4 ms, GC Workers: 2]
      [GC Worker Start (ms): Min: 336631.0, Avg: 336631.0, Max: 336631.0, Diff: 0.0]
      [Ext Root Scanning (ms): Min: 0.5, Avg: 0.6, Max: 0.6, Diff: 0.0, Sum: 1.1]
      [Update RS (ms): Min: 0.0, Avg: 0.0, Max: 0.0, Diff: 0.0, Sum: 0.1]
         [Processed Buffers: Min: 1, Avg: 2.5, Max: 4, Diff: 3, Sum: 5]
      [Scan RS (ms): Min: 0.1, Avg: 0.1, Max: 0.1, Diff: 0.0, Sum: 0.2]
      [Code Root Scanning (ms): Min: 0.0, Avg: 0.0, Max: 0.0, Diff: 0.0, Sum: 0.0]
      [Object Copy (ms): Min: 26.6, Avg: 26.6, Max: 26.7, Diff: 0.0, Sum: 53.3]
      [Termination (ms): Min: 0.0, Avg: 0.0, Max: 0.0, Diff: 0.0, Sum: 0.0]
         [Termination Attempts: Min: 1, Avg: 1.0, Max: 1, Diff: 0, Sum: 2]
      [GC Worker Other (ms): Min: 0.0, Avg: 0.0, Max: 0.0, Diff: 0.0, Sum: 0.0]
      [GC Worker Total (ms): Min: 27.3, Avg: 27.3, Max: 27.3, Diff: 0.0, Sum: 54.7]
      [GC Worker End (ms): Min: 336658.4, Avg: 336658.4, Max: 336658.4, Diff: 0.0]
   [Code Root Fixup: 0.0 ms]
   [Code Root Purge: 0.0 ms]
   [Clear CT: 0.1 ms]
   [Other: 0.6 ms]
      [Choose CSet: 0.0 ms]
      [Ref Proc: 0.1 ms]
      [Ref Enq: 0.0 ms]
      [Redirty Cards: 0.1 ms]
      [Humongous Register: 0.0 ms]
      [Humongous Reclaim: 0.0 ms]
      [Free CSet: 0.2 ms]
   [Eden: 258.0M(258.0M)->0.0B(262.0M) Survivors: 25600.0K->21504.0K Heap: 384.9M(472.0M)->123.4M(472.0M)]
 [Times: user=0.06 sys=0.00, real=0.03 secs] 
2024-07-06T11:29:42.968+0800: 337.134: [GC pause (G1 Evacuation Pause) (young), 0.0239334 secs]
   [Parallel Time: 23.4 ms, GC Workers: 2]
      [GC Worker Start (ms): Min: 337134.1, Avg: 337134.2, Max: 337134.2, Diff: 0.0]
      [Ext Root Scanning (ms): Min: 0.6, Avg: 0.6, Max: 0.6, Diff: 0.0, Sum: 1.2]
      [Update RS (ms): Min: 0.0, Avg: 0.0, Max: 0.0, Diff: 0.0, Sum: 0.0]
         [Processed Buffers: Min: 2, Avg: 2.5, Max: 3, Diff: 1, Sum: 5]
      [Scan RS (ms): Min: 0.1, Avg: 0.1, Max: 0.1, Diff: 0.0, Sum: 0.2]
      [Code Root Scanning (ms): Min: 0.0, Avg: 0.0, Max: 0.0, Diff: 0.0, Sum: 0.0]
      [Object Copy (ms): Min: 22.5, Avg: 22.5, Max: 22.6, Diff: 0.0, Sum: 45.1]
      [Termination (ms): Min: 0.0, Avg: 0.0, Max: 0.0, Diff: 0.0, Sum: 0.0]
         [Termination Attempts: Min: 1, Avg: 1.5, Max: 2, Diff: 1, Sum: 3]
      [GC Worker Other (ms): Min: 0.0, Avg: 0.0, Max: 0.0, Diff: 0.0, Sum: 0.0]
      [GC Worker Total (ms): Min: 23.3, Avg: 23.3, Max: 23.3, Diff: 0.0, Sum: 46.5]
      [GC Worker End (ms): Min: 337157.4, Avg: 337157.4, Max: 337157.4, Diff: 0.0]
   [Code Root Fixup: 0.0 ms]
   [Code Root Purge: 0.0 ms]
   [Clear CT: 0.1 ms]
   [Other: 0.4 ms]
      [Choose CSet: 0.0 ms]
      [Ref Proc: 0.1 ms]
      [Ref Enq: 0.0 ms]
      [Redirty Cards: 0.1 ms]
      [Humongous Register: 0.0 ms]
      [Humongous Reclaim: 0.0 ms]
      [Free CSet: 0.2 ms]
   [Eden: 262.0M(262.0M)->0.0B(264.0M) Survivors: 21504.0K->19456.0K Heap: 385.4M(472.0M)->121.4M(472.0M)]
 [Times: user=0.05 sys=0.00, real=0.02 secs] 
2024-07-06T11:29:43.409+0800: 337.575: [GC pause (G1 Evacuation Pause) (young), 0.0322217 secs]
   [Parallel Time: 31.6 ms, GC Workers: 2]
      [GC Worker Start (ms): Min: 337574.9, Avg: 337575.0, Max: 337575.0, Diff: 0.0]
      [Ext Root Scanning (ms): Min: 0.5, Avg: 0.5, Max: 0.6, Diff: 0.0, Sum: 1.1]
      [Update RS (ms): Min: 0.0, Avg: 0.0, Max: 0.0, Diff: 0.0, Sum: 0.1]
         [Processed Buffers: Min: 2, Avg: 2.5, Max: 3, Diff: 1, Sum: 5]
      [Scan RS (ms): Min: 0.1, Avg: 0.1, Max: 0.1, Diff: 0.0, Sum: 0.2]
      [Code Root Scanning (ms): Min: 0.0, Avg: 0.0, Max: 0.0, Diff: 0.0, Sum: 0.0]
      [Object Copy (ms): Min: 30.8, Avg: 30.8, Max: 30.8, Diff: 0.0, Sum: 61.6]
      [Termination (ms): Min: 0.0, Avg: 0.0, Max: 0.0, Diff: 0.0, Sum: 0.0]
         [Termination Attempts: Min: 1, Avg: 1.0, Max: 1, Diff: 0, Sum: 2]
      [GC Worker Other (ms): Min: 0.0, Avg: 0.0, Max: 0.0, Diff: 0.0, Sum: 0.0]
      [GC Worker Total (ms): Min: 31.5, Avg: 31.5, Max: 31.5, Diff: 0.0, Sum: 63.0]
      [GC Worker End (ms): Min: 337606.5, Avg: 337606.5, Max: 337606.5, Diff: 0.0]
   [Code Root Fixup: 0.0 ms]
   [Code Root Purge: 0.0 ms]
   [Clear CT: 0.1 ms]
   [Other: 0.5 ms]
      [Choose CSet: 0.0 ms]
      [Ref Proc: 0.1 ms]
      [Ref Enq: 0.0 ms]
      [Redirty Cards: 0.0 ms]
      [Humongous Register: 0.0 ms]
      [Humongous Reclaim: 0.0 ms]
      [Free CSet: 0.2 ms]
   [Eden: 264.0M(264.0M)->0.0B(255.0M) Survivors: 19456.0K->28672.0K Heap: 385.4M(472.0M)->130.4M(472.0M)]
 [Times: user=0.07 sys=0.00, real=0.03 secs] 
2024-07-06T11:29:43.860+0800: 338.026: [GC pause (G1 Evacuation Pause) (young), 0.0436969 secs]
   [Parallel Time: 41.6 ms, GC Workers: 2]
      [GC Worker Start (ms): Min: 338026.1, Avg: 338026.1, Max: 338026.2, Diff: 0.0]
      [Ext Root Scanning (ms): Min: 0.5, Avg: 0.5, Max: 0.5, Diff: 0.0, Sum: 1.0]
      [Update RS (ms): Min: 0.0, Avg: 0.0, Max: 0.0, Diff: 0.0, Sum: 0.0]
         [Processed Buffers: Min: 1, Avg: 2.5, Max: 4, Diff: 3, Sum: 5]
      [Scan RS (ms): Min: 0.1, Avg: 0.1, Max: 0.1, Diff: 0.0, Sum: 0.2]
      [Code Root Scanning (ms): Min: 0.0, Avg: 0.0, Max: 0.0, Diff: 0.0, Sum: 0.0]
      [Object Copy (ms): Min: 40.9, Avg: 40.9, Max: 40.9, Diff: 0.0, Sum: 81.8]
      [Termination (ms): Min: 0.0, Avg: 0.0, Max: 0.0, Diff: 0.0, Sum: 0.0]
         [Termination Attempts: Min: 1, Avg: 1.0, Max: 1, Diff: 0, Sum: 2]
      [GC Worker Other (ms): Min: 0.0, Avg: 0.0, Max: 0.0, Diff: 0.0, Sum: 0.0]
      [GC Worker Total (ms): Min: 41.5, Avg: 41.5, Max: 41.5, Diff: 0.0, Sum: 83.0]
      [GC Worker End (ms): Min: 338067.7, Avg: 338067.7, Max: 338067.7, Diff: 0.0]
   [Code Root Fixup: 0.0 ms]
   [Code Root Purge: 0.0 ms]
   [Clear CT: 0.1 ms]
   [Other: 2.0 ms]
      [Choose CSet: 0.0 ms]
      [Ref Proc: 1.7 ms]
      [Ref Enq: 0.0 ms]
      [Redirty Cards: 0.0 ms]
      [Humongous Register: 0.0 ms]
      [Humongous Reclaim: 0.0 ms]
      [Free CSet: 0.1 ms]
   [Eden: 255.0M(255.0M)->0.0B(251.0M) Survivors: 28672.0K->32768.0K Heap: 385.4M(472.0M)->134.4M(472.0M)]
 [Times: user=0.07 sys=0.01, real=0.04 secs] 
2024-07-06T11:29:44.339+0800: 338.506: [GC pause (G1 Evacuation Pause) (young), 0.0390454 secs]
   [Parallel Time: 38.3 ms, GC Workers: 2]
      [GC Worker Start (ms): Min: 338505.6, Avg: 338506.3, Max: 338507.0, Diff: 1.4]
      [Ext Root Scanning (ms): Min: 0.0, Avg: 0.4, Max: 0.8, Diff: 0.8, Sum: 0.8]
      [Update RS (ms): Min: 0.0, Avg: 0.0, Max: 0.0, Diff: 0.0, Sum: 0.0]
         [Processed Buffers: Min: 0, Avg: 2.5, Max: 5, Diff: 5, Sum: 5]
      [Scan RS (ms): Min: 0.0, Avg: 0.1, Max: 0.1, Diff: 0.1, Sum: 0.1]
      [Code Root Scanning (ms): Min: 0.0, Avg: 0.0, Max: 0.0, Diff: 0.0, Sum: 0.0]
      [Object Copy (ms): Min: 36.8, Avg: 37.0, Max: 37.3, Diff: 0.4, Sum: 74.1]
      [Termination (ms): Min: 0.0, Avg: 0.0, Max: 0.0, Diff: 0.0, Sum: 0.0]
         [Termination Attempts: Min: 1, Avg: 1.0, Max: 1, Diff: 0, Sum: 2]
      [GC Worker Other (ms): Min: 0.0, Avg: 0.0, Max: 0.0, Diff: 0.0, Sum: 0.0]
      [GC Worker Total (ms): Min: 36.9, Avg: 37.6, Max: 38.3, Diff: 1.4, Sum: 75.1]
      [GC Worker End (ms): Min: 338543.8, Avg: 338543.8, Max: 338543.8, Diff: 0.0]
   [Code Root Fixup: 0.0 ms]
   [Code Root Purge: 0.0 ms]
   [Clear CT: 0.2 ms]
   [Other: 0.6 ms]
      [Choose CSet: 0.0 ms]
      [Ref Proc: 0.2 ms]
      [Ref Enq: 0.0 ms]
      [Redirty Cards: 0.1 ms]
      [Humongous Register: 0.0 ms]
      [Humongous Reclaim: 0.0 ms]
      [Free CSet: 0.2 ms]
   [Eden: 251.0M(251.0M)->0.0B(254.0M) Survivors: 32768.0K->29696.0K Heap: 385.4M(472.0M)->130.9M(472.0M)]
 [Times: user=0.06 sys=0.01, real=0.04 secs] 
2024-07-06T11:29:44.855+0800: 339.021: [GC pause (G1 Evacuation Pause) (young), 0.0340453 secs]
   [Parallel Time: 33.5 ms, GC Workers: 2]
      [GC Worker Start (ms): Min: 339021.4, Avg: 339022.7, Max: 339024.0, Diff: 2.6]
      [Ext Root Scanning (ms): Min: 0.0, Avg: 0.4, Max: 0.8, Diff: 0.8, Sum: 0.8]
      [Update RS (ms): Min: 0.0, Avg: 0.0, Max: 0.0, Diff: 0.0, Sum: 0.0]
         [Processed Buffers: Min: 0, Avg: 2.5, Max: 5, Diff: 5, Sum: 5]
      [Scan RS (ms): Min: 0.0, Avg: 0.1, Max: 0.1, Diff: 0.1, Sum: 0.2]
      [Code Root Scanning (ms): Min: 0.0, Avg: 0.0, Max: 0.0, Diff: 0.0, Sum: 0.0]
      [Object Copy (ms): Min: 30.8, Avg: 31.6, Max: 32.5, Diff: 1.6, Sum: 63.3]
      [Termination (ms): Min: 0.0, Avg: 0.0, Max: 0.0, Diff: 0.0, Sum: 0.0]
         [Termination Attempts: Min: 1, Avg: 1.0, Max: 1, Diff: 0, Sum: 2]
      [GC Worker Other (ms): Min: 0.0, Avg: 0.0, Max: 0.0, Diff: 0.0, Sum: 0.1]
      [GC Worker Total (ms): Min: 30.9, Avg: 32.2, Max: 33.5, Diff: 2.6, Sum: 64.4]
      [GC Worker End (ms): Min: 339054.9, Avg: 339054.9, Max: 339054.9, Diff: 0.0]
   [Code Root Fixup: 0.0 ms]
   [Code Root Purge: 0.0 ms]
   [Clear CT: 0.1 ms]
   [Other: 0.4 ms]
      [Choose CSet: 0.0 ms]
      [Ref Proc: 0.1 ms]
      [Ref Enq: 0.0 ms]
      [Redirty Cards: 0.0 ms]
      [Humongous Register: 0.0 ms]
      [Humongous Reclaim: 0.0 ms]
      [Free CSet: 0.1 ms]
   [Eden: 254.0M(254.0M)->0.0B(257.0M) Survivors: 29696.0K->26624.0K Heap: 384.9M(472.0M)->128.0M(472.0M)]
 [Times: user=0.06 sys=0.00, real=0.04 secs] 
2024-07-06T11:29:45.383+0800: 339.549: [GC pause (G1 Evacuation Pause) (young), 0.0304765 secs]
   [Parallel Time: 29.7 ms, GC Workers: 2]
      [GC Worker Start (ms): Min: 339549.6, Avg: 339549.6, Max: 339549.6, Diff: 0.0]
      [Ext Root Scanning (ms): Min: 0.6, Avg: 0.6, Max: 0.6, Diff: 0.0, Sum: 1.2]
      [Update RS (ms): Min: 0.0, Avg: 0.0, Max: 0.0, Diff: 0.0, Sum: 0.0]
         [Processed Buffers: Min: 1, Avg: 2.5, Max: 4, Diff: 3, Sum: 5]
      [Scan RS (ms): Min: 0.1, Avg: 0.1, Max: 0.1, Diff: 0.0, Sum: 0.2]
      [Code Root Scanning (ms): Min: 0.0, Avg: 0.0, Max: 0.0, Diff: 0.0, Sum: 0.0]
      [Object Copy (ms): Min: 28.9, Avg: 28.9, Max: 29.0, Diff: 0.0, Sum: 57.9]
      [Termination (ms): Min: 0.0, Avg: 0.0, Max: 0.0, Diff: 0.0, Sum: 0.0]
         [Termination Attempts: Min: 1, Avg: 1.0, Max: 1, Diff: 0, Sum: 2]
      [GC Worker Other (ms): Min: 0.0, Avg: 0.0, Max: 0.0, Diff: 0.0, Sum: 0.0]
      [GC Worker Total (ms): Min: 29.6, Avg: 29.7, Max: 29.7, Diff: 0.0, Sum: 59.3]
      [GC Worker End (ms): Min: 339579.2, Avg: 339579.2, Max: 339579.2, Diff: 0.0]
   [Code Root Fixup: 0.0 ms]
   [Code Root Purge: 0.0 ms]
   [Clear CT: 0.2 ms]
   [Other: 0.6 ms]
      [Choose CSet: 0.0 ms]
      [Ref Proc: 0.2 ms]
      [Ref Enq: 0.0 ms]
      [Redirty Cards: 0.0 ms]
      [Humongous Register: 0.0 ms]
      [Humongous Reclaim: 0.0 ms]
      [Free CSet: 0.2 ms]
   [Eden: 257.0M(257.0M)->0.0B(261.0M) Survivors: 26624.0K->22528.0K Heap: 385.0M(472.0M)->124.0M(472.0M)]
 [Times: user=0.05 sys=0.01, real=0.03 secs] 
2024-07-06T11:29:45.849+0800: 340.015: [GC pause (G1 Evacuation Pause) (young), 0.0261567 secs]
   [Parallel Time: 25.6 ms, GC Workers: 2]
      [GC Worker Start (ms): Min: 340015.0, Avg: 340016.2, Max: 340017.3, Diff: 2.3]
      [Ext Root Scanning (ms): Min: 0.0, Avg: 0.5, Max: 1.0, Diff: 0.9, Sum: 1.0]
      [Update RS (ms): Min: 0.0, Avg: 0.0, Max: 0.1, Diff: 0.1, Sum: 0.1]
         [Processed Buffers: Min: 0, Avg: 2.5, Max: 5, Diff: 5, Sum: 5]
      [Scan RS (ms): Min: 0.0, Avg: 0.1, Max: 0.2, Diff: 0.1, Sum: 0.2]
      [Code Root Scanning (ms): Min: 0.0, Avg: 0.0, Max: 0.0, Diff: 0.0, Sum: 0.0]
      [Object Copy (ms): Min: 23.2, Avg: 23.8, Max: 24.3, Diff: 1.2, Sum: 47.5]
      [Termination (ms): Min: 0.0, Avg: 0.0, Max: 0.0, Diff: 0.0, Sum: 0.0]
         [Termination Attempts: Min: 1, Avg: 1.0, Max: 1, Diff: 0, Sum: 2]
      [GC Worker Other (ms): Min: 0.0, Avg: 0.0, Max: 0.0, Diff: 0.0, Sum: 0.0]
      [GC Worker Total (ms): Min: 23.2, Avg: 24.4, Max: 25.5, Diff: 2.3, Sum: 48.8]
      [GC Worker End (ms): Min: 340040.6, Avg: 340040.6, Max: 340040.6, Diff: 0.0]
   [Code Root Fixup: 0.0 ms]
   [Code Root Purge: 0.0 ms]
   [Clear CT: 0.1 ms]
   [Other: 0.4 ms]
      [Choose CSet: 0.0 ms]
      [Ref Proc: 0.1 ms]
      [Ref Enq: 0.0 ms]
      [Redirty Cards: 0.0 ms]
      [Humongous Register: 0.0 ms]
      [Humongous Reclaim: 0.0 ms]
      [Free CSet: 0.2 ms]
   [Eden: 261.0M(261.0M)->0.0B(264.0M) Survivors: 22528.0K->19456.0K Heap: 385.0M(472.0M)->121.5M(472.0M)]
 [Times: user=0.05 sys=0.00, real=0.02 secs] 
2024-07-06T11:29:46.353+0800: 340.519: [GC pause (G1 Evacuation Pause) (young), 0.0358616 secs]
   [Parallel Time: 35.3 ms, GC Workers: 2]
      [GC Worker Start (ms): Min: 340519.5, Avg: 340519.5, Max: 340519.5, Diff: 0.0]
      [Ext Root Scanning (ms): Min: 0.6, Avg: 0.6, Max: 0.6, Diff: 0.0, Sum: 1.1]
      [Update RS (ms): Min: 0.0, Avg: 0.0, Max: 0.0, Diff: 0.0, Sum: 0.1]
         [Processed Buffers: Min: 2, Avg: 2.5, Max: 3, Diff: 1, Sum: 5]
      [Scan RS (ms): Min: 0.1, Avg: 0.1, Max: 0.1, Diff: 0.0, Sum: 0.2]
      [Code Root Scanning (ms): Min: 0.0, Avg: 0.0, Max: 0.0, Diff: 0.0, Sum: 0.0]
      [Object Copy (ms): Min: 34.6, Avg: 34.6, Max: 34.6, Diff: 0.0, Sum: 69.1]
      [Termination (ms): Min: 0.0, Avg: 0.0, Max: 0.0, Diff: 0.0, Sum: 0.0]
         [Termination Attempts: Min: 1, Avg: 1.0, Max: 1, Diff: 0, Sum: 2]
      [GC Worker Other (ms): Min: 0.0, Avg: 0.0, Max: 0.0, Diff: 0.0, Sum: 0.0]
      [GC Worker Total (ms): Min: 35.2, Avg: 35.3, Max: 35.3, Diff: 0.0, Sum: 70.5]
      [GC Worker End (ms): Min: 340554.8, Avg: 340554.8, Max: 340554.8, Diff: 0.0]
   [Code Root Fixup: 0.0 ms]
   [Code Root Purge: 0.0 ms]
   [Clear CT: 0.1 ms]
   [Other: 0.4 ms]
      [Choose CSet: 0.0 ms]
      [Ref Proc: 0.1 ms]
      [Ref Enq: 0.0 ms]
      [Redirty Cards: 0.0 ms]
      [Humongous Register: 0.0 ms]
      [Humongous Reclaim: 0.0 ms]
      [Free CSet: 0.1 ms]
   [Eden: 264.0M(264.0M)->0.0B(255.0M) Survivors: 19456.0K->28672.0K Heap: 385.5M(472.0M)->130.5M(472.0M)]
 [Times: user=0.07 sys=0.00, real=0.04 secs] 
2024-07-06T11:29:46.815+0800: 340.981: [GC pause (G1 Evacuation Pause) (young), 0.0306847 secs]
   [Parallel Time: 30.1 ms, GC Workers: 2]
      [GC Worker Start (ms): Min: 340981.4, Avg: 340981.4, Max: 340981.4, Diff: 0.0]
      [Ext Root Scanning (ms): Min: 0.5, Avg: 0.5, Max: 0.5, Diff: 0.0, Sum: 1.0]
      [Update RS (ms): Min: 0.0, Avg: 0.1, Max: 0.1, Diff: 0.0, Sum: 0.1]
         [Processed Buffers: Min: 2, Avg: 2.5, Max: 3, Diff: 1, Sum: 5]
      [Scan RS (ms): Min: 0.1, Avg: 0.1, Max: 0.1, Diff: 0.0, Sum: 0.2]
      [Code Root Scanning (ms): Min: 0.0, Avg: 0.0, Max: 0.0, Diff: 0.0, Sum: 0.0]
      [Object Copy (ms): Min: 29.4, Avg: 29.4, Max: 29.4, Diff: 0.0, Sum: 58.9]
      [Termination (ms): Min: 0.0, Avg: 0.0, Max: 0.0, Diff: 0.0, Sum: 0.0]
         [Termination Attempts: Min: 1, Avg: 1.0, Max: 1, Diff: 0, Sum: 2]
      [GC Worker Other (ms): Min: 0.0, Avg: 0.0, Max: 0.0, Diff: 0.0, Sum: 0.0]
      [GC Worker Total (ms): Min: 30.1, Avg: 30.1, Max: 30.1, Diff: 0.0, Sum: 60.1]
      [GC Worker End (ms): Min: 341011.5, Avg: 341011.5, Max: 341011.5, Diff: 0.0]
   [Code Root Fixup: 0.0 ms]
   [Code Root Purge: 0.0 ms]
   [Clear CT: 0.1 ms]
   [Other: 0.4 ms]
      [Choose CSet: 0.0 ms]
      [Ref Proc: 0.1 ms]
      [Ref Enq: 0.0 ms]
      [Redirty Cards: 0.0 ms]
      [Humongous Register: 0.0 ms]
      [Humongous Reclaim: 0.0 ms]
      [Free CSet: 0.2 ms]
   [Eden: 255.0M(255.0M)->0.0B(259.0M) Survivors: 28672.0K->24576.0K Heap: 385.5M(472.0M)->126.5M(472.0M)]
 [Times: user=0.06 sys=0.00, real=0.03 secs] 
2024-07-06T11:29:47.264+0800: 341.430: [GC pause (G1 Evacuation Pause) (young), 0.0267819 secs]
   [Parallel Time: 26.3 ms, GC Workers: 2]
      [GC Worker Start (ms): Min: 341430.2, Avg: 341430.2, Max: 341430.2, Diff: 0.0]
      [Ext Root Scanning (ms): Min: 0.5, Avg: 0.5, Max: 0.5, Diff: 0.0, Sum: 1.0]
      [Update RS (ms): Min: 0.0, Avg: 0.0, Max: 0.0, Diff: 0.0, Sum: 0.1]
         [Processed Buffers: Min: 2, Avg: 2.5, Max: 3, Diff: 1, Sum: 5]
      [Scan RS (ms): Min: 0.1, Avg: 0.1, Max: 0.1, Diff: 0.0, Sum: 0.2]
      [Code Root Scanning (ms): Min: 0.0, Avg: 0.0, Max: 0.0, Diff: 0.0, Sum: 0.0]
      [Object Copy (ms): Min: 25.6, Avg: 25.6, Max: 25.6, Diff: 0.0, Sum: 51.2]
      [Termination (ms): Min: 0.0, Avg: 0.0, Max: 0.0, Diff: 0.0, Sum: 0.0]
         [Termination Attempts: Min: 1, Avg: 1.0, Max: 1, Diff: 0, Sum: 2]
      [GC Worker Other (ms): Min: 0.0, Avg: 0.0, Max: 0.0, Diff: 0.0, Sum: 0.0]
      [GC Worker Total (ms): Min: 26.2, Avg: 26.2, Max: 26.2, Diff: 0.0, Sum: 52.4]
      [GC Worker End (ms): Min: 341456.4, Avg: 341456.4, Max: 341456.4, Diff: 0.0]
   [Code Root Fixup: 0.0 ms]
   [Code Root Purge: 0.0 ms]
   [Clear CT: 0.1 ms]
   [Other: 0.4 ms]
      [Choose CSet: 0.0 ms]
      [Ref Proc: 0.1 ms]
      [Ref Enq: 0.0 ms]
      [Redirty Cards: 0.0 ms]
      [Humongous Register: 0.0 ms]
      [Humongous Reclaim: 0.0 ms]
      [Free CSet: 0.1 ms]
   [Eden: 259.0M(259.0M)->0.0B(260.0M) Survivors: 24576.0K->23552.0K Heap: 385.5M(472.0M)->125.5M(472.0M)]
 [Times: user=0.06 sys=0.00, real=0.03 secs] 
2024-07-06T11:29:47.763+0800: 341.930: [GC pause (G1 Evacuation Pause) (young), 0.0358443 secs]
   [Parallel Time: 35.2 ms, GC Workers: 2]
      [GC Worker Start (ms): Min: 341929.6, Avg: 341929.6, Max: 341929.6, Diff: 0.0]
      [Ext Root Scanning (ms): Min: 0.5, Avg: 0.5, Max: 0.5, Diff: 0.0, Sum: 1.0]
      [Update RS (ms): Min: 0.0, Avg: 0.0, Max: 0.0, Diff: 0.0, Sum: 0.0]
         [Processed Buffers: Min: 2, Avg: 2.5, Max: 3, Diff: 1, Sum: 5]
      [Scan RS (ms): Min: 0.1, Avg: 0.1, Max: 0.1, Diff: 0.0, Sum: 0.2]
      [Code Root Scanning (ms): Min: 0.0, Avg: 0.0, Max: 0.0, Diff: 0.0, Sum: 0.0]
      [Object Copy (ms): Min: 34.5, Avg: 34.5, Max: 34.5, Diff: 0.0, Sum: 68.9]
      [Termination (ms): Min: 0.0, Avg: 0.0, Max: 0.0, Diff: 0.0, Sum: 0.0]
         [Termination Attempts: Min: 1, Avg: 1.0, Max: 1, Diff: 0, Sum: 2]
      [GC Worker Other (ms): Min: 0.0, Avg: 0.0, Max: 0.0, Diff: 0.0, Sum: 0.0]
      [GC Worker Total (ms): Min: 35.1, Avg: 35.1, Max: 35.1, Diff: 0.0, Sum: 70.2]
      [GC Worker End (ms): Min: 341964.8, Avg: 341964.8, Max: 341964.8, Diff: 0.0]
   [Code Root Fixup: 0.0 ms]
   [Code Root Purge: 0.0 ms]
   [Clear CT: 0.1 ms]
   [Other: 0.5 ms]
      [Choose CSet: 0.0 ms]
      [Ref Proc: 0.1 ms]
      [Ref Enq: 0.0 ms]
      [Redirty Cards: 0.1 ms]
      [Humongous Register: 0.0 ms]
      [Humongous Reclaim: 0.0 ms]
      [Free CSet: 0.1 ms]
   [Eden: 260.0M(260.0M)->0.0B(254.0M) Survivors: 23552.0K->29696.0K Heap: 385.5M(472.0M)->131.5M(472.0M)]
 [Times: user=0.08 sys=0.00, real=0.04 secs] 
2024-07-06T11:29:48.307+0800: 342.473: [GC pause (G1 Evacuation Pause) (young), 0.0372998 secs]
   [Parallel Time: 36.7 ms, GC Workers: 2]
      [GC Worker Start (ms): Min: 342473.6, Avg: 342473.6, Max: 342473.6, Diff: 0.0]
      [Ext Root Scanning (ms): Min: 0.5, Avg: 0.5, Max: 0.5, Diff: 0.0, Sum: 1.0]
      [Update RS (ms): Min: 0.0, Avg: 0.0, Max: 0.1, Diff: 0.0, Sum: 0.1]
         [Processed Buffers: Min: 1, Avg: 2.5, Max: 4, Diff: 3, Sum: 5]
      [Scan RS (ms): Min: 0.1, Avg: 0.1, Max: 0.1, Diff: 0.0, Sum: 0.2]
      [Code Root Scanning (ms): Min: 0.0, Avg: 0.0, Max: 0.0, Diff: 0.0, Sum: 0.0]
      [Object Copy (ms): Min: 35.9, Avg: 35.9, Max: 35.9, Diff: 0.0, Sum: 71.8]
      [Termination (ms): Min: 0.0, Avg: 0.0, Max: 0.0, Diff: 0.0, Sum: 0.0]
         [Termination Attempts: Min: 1, Avg: 1.0, Max: 1, Diff: 0, Sum: 2]
      [GC Worker Other (ms): Min: 0.0, Avg: 0.0, Max: 0.0, Diff: 0.0, Sum: 0.0]
      [GC Worker Total (ms): Min: 36.5, Avg: 36.5, Max: 36.6, Diff: 0.0, Sum: 73.1]
      [GC Worker End (ms): Min: 342510.1, Avg: 342510.1, Max: 342510.1, Diff: 0.0]
   [Code Root Fixup: 0.0 ms]
   [Code Root Purge: 0.0 ms]
   [Clear CT: 0.2 ms]
   [Other: 0.5 ms]
      [Choose CSet: 0.0 ms]
      [Ref Proc: 0.1 ms]
      [Ref Enq: 0.0 ms]
      [Redirty Cards: 0.0 ms]
      [Humongous Register: 0.0 ms]
      [Humongous Reclaim: 0.0 ms]
      [Free CSet: 0.2 ms]
   [Eden: 254.0M(254.0M)->0.0B(254.0M) Survivors: 29696.0K->29696.0K Heap: 385.5M(472.0M)->131.0M(472.0M)]
 [Times: user=0.08 sys=0.00, real=0.03 secs] 
2024-07-06T11:29:48.836+0800: 343.003: [GC pause (G1 Evacuation Pause) (young), 0.0318583 secs]
   [Parallel Time: 31.3 ms, GC Workers: 2]
      [GC Worker Start (ms): Min: 343002.7, Avg: 343002.8, Max: 343002.8, Diff: 0.0]
      [Ext Root Scanning (ms): Min: 0.5, Avg: 0.5, Max: 0.5, Diff: 0.0, Sum: 1.1]
      [Update RS (ms): Min: 0.0, Avg: 0.0, Max: 0.0, Diff: 0.0, Sum: 0.1]
         [Processed Buffers: Min: 1, Avg: 2.5, Max: 4, Diff: 3, Sum: 5]
      [Scan RS (ms): Min: 0.1, Avg: 0.1, Max: 0.1, Diff: 0.0, Sum: 0.2]
      [Code Root Scanning (ms): Min: 0.0, Avg: 0.0, Max: 0.0, Diff: 0.0, Sum: 0.0]
      [Object Copy (ms): Min: 30.6, Avg: 30.6, Max: 30.6, Diff: 0.0, Sum: 61.1]
      [Termination (ms): Min: 0.0, Avg: 0.0, Max: 0.0, Diff: 0.0, Sum: 0.0]
         [Termination Attempts: Min: 1, Avg: 1.5, Max: 2, Diff: 1, Sum: 3]
      [GC Worker Other (ms): Min: 0.0, Avg: 0.0, Max: 0.0, Diff: 0.0, Sum: 0.0]
      [GC Worker Total (ms): Min: 31.2, Avg: 31.2, Max: 31.2, Diff: 0.0, Sum: 62.5]
      [GC Worker End (ms): Min: 343034.0, Avg: 343034.0, Max: 343034.0, Diff: 0.0]
   [Code Root Fixup: 0.0 ms]
   [Code Root Purge: 0.0 ms]
   [Clear CT: 0.1 ms]
   [Other: 0.4 ms]
      [Choose CSet: 0.0 ms]
      [Ref Proc: 0.1 ms]
      [Ref Enq: 0.0 ms]
      [Redirty Cards: 0.1 ms]
      [Humongous Register: 0.0 ms]
      [Humongous Reclaim: 0.0 ms]
      [Free CSet: 0.1 ms]
   [Eden: 254.0M(254.0M)->0.0B(257.0M) Survivors: 29696.0K->26624.0K Heap: 385.0M(472.0M)->128.0M(472.0M)]
 [Times: user=0.06 sys=0.00, real=0.03 secs] 
2024-07-06T11:29:49.299+0800: 343.465: [GC pause (G1 Evacuation Pause) (young), 0.0316116 secs]
   [Parallel Time: 31.0 ms, GC Workers: 2]
      [GC Worker Start (ms): Min: 343465.5, Avg: 343465.5, Max: 343465.6, Diff: 0.0]
      [Ext Root Scanning (ms): Min: 0.5, Avg: 0.5, Max: 0.5, Diff: 0.0, Sum: 1.0]
      [Update RS (ms): Min: 0.0, Avg: 0.0, Max: 0.0, Diff: 0.0, Sum: 0.0]
         [Processed Buffers: Min: 1, Avg: 2.5, Max: 4, Diff: 3, Sum: 5]
      [Scan RS (ms): Min: 0.1, Avg: 0.1, Max: 0.1, Diff: 0.0, Sum: 0.2]
      [Code Root Scanning (ms): Min: 0.0, Avg: 0.0, Max: 0.0, Diff: 0.0, Sum: 0.0]
      [Object Copy (ms): Min: 30.3, Avg: 30.3, Max: 30.3, Diff: 0.0, Sum: 60.6]
      [Termination (ms): Min: 0.0, Avg: 0.0, Max: 0.0, Diff: 0.0, Sum: 0.0]
         [Termination Attempts: Min: 1, Avg: 1.0, Max: 1, Diff: 0, Sum: 2]
      [GC Worker Other (ms): Min: 0.0, Avg: 0.0, Max: 0.0, Diff: 0.0, Sum: 0.0]
      [GC Worker Total (ms): Min: 31.0, Avg: 31.0, Max: 31.0, Diff: 0.0, Sum: 61.9]
      [GC Worker End (ms): Min: 343496.5, Avg: 343496.5, Max: 343496.5, Diff: 0.0]
   [Code Root Fixup: 0.0 ms]
   [Code Root Purge: 0.0 ms]
   [Clear CT: 0.1 ms]
   [Other: 0.4 ms]
      [Choose CSet: 0.0 ms]
      [Ref Proc: 0.1 ms]
      [Ref Enq: 0.0 ms]
      [Redirty Cards: 0.1 ms]
      [Humongous Register: 0.0 ms]
      [Humongous Reclaim: 0.0 ms]
      [Free CSet: 0.2 ms]
   [Eden: 257.0M(257.0M)->0.0B(261.0M) Survivors: 26624.0K->22528.0K Heap: 385.0M(472.0M)->124.5M(472.0M)]
 [Times: user=0.06 sys=0.00, real=0.03 secs] 
2024-07-06T11:29:49.759+0800: 343.925: [GC pause (G1 Evacuation Pause) (young), 0.0251338 secs]
   [Parallel Time: 24.4 ms, GC Workers: 2]
      [GC Worker Start (ms): Min: 343925.6, Avg: 343925.6, Max: 343925.6, Diff: 0.0]
      [Ext Root Scanning (ms): Min: 0.6, Avg: 0.6, Max: 0.6, Diff: 0.0, Sum: 1.2]
      [Update RS (ms): Min: 0.0, Avg: 0.0, Max: 0.0, Diff: 0.0, Sum: 0.0]
         [Processed Buffers: Min: 0, Avg: 2.5, Max: 5, Diff: 5, Sum: 5]
      [Scan RS (ms): Min: 0.1, Avg: 0.1, Max: 0.1, Diff: 0.0, Sum: 0.2]
      [Code Root Scanning (ms): Min: 0.0, Avg: 0.0, Max: 0.0, Diff: 0.0, Sum: 0.0]
      [Object Copy (ms): Min: 23.6, Avg: 23.7, Max: 23.7, Diff: 0.1, Sum: 47.3]
      [Termination (ms): Min: 0.0, Avg: 0.0, Max: 0.0, Diff: 0.0, Sum: 0.0]
         [Termination Attempts: Min: 1, Avg: 1.0, Max: 1, Diff: 0, Sum: 2]
      [GC Worker Other (ms): Min: 0.0, Avg: 0.0, Max: 0.0, Diff: 0.0, Sum: 0.0]
      [GC Worker Total (ms): Min: 24.4, Avg: 24.4, Max: 24.4, Diff: 0.0, Sum: 48.7]
      [GC Worker End (ms): Min: 343950.0, Avg: 343950.0, Max: 343950.0, Diff: 0.0]
   [Code Root Fixup: 0.0 ms]
   [Code Root Purge: 0.0 ms]
   [Clear CT: 0.1 ms]
   [Other: 0.6 ms]
      [Choose CSet: 0.0 ms]
      [Ref Proc: 0.1 ms]
      [Ref Enq: 0.0 ms]
      [Redirty Cards: 0.0 ms]
      [Humongous Register: 0.0 ms]
      [Humongous Reclaim: 0.1 ms]
      [Free CSet: 0.2 ms]
   [Eden: 261.0M(261.0M)->0.0B(263.0M) Survivors: 22528.0K->20480.0K Heap: 385.5M(472.0M)->122.0M(472.0M)]
 [Times: user=0.05 sys=0.00, real=0.02 secs] 
2024-07-06T11:29:50.271+0800: 344.437: [GC pause (G1 Evacuation Pause) (young), 0.0371147 secs]
   [Parallel Time: 36.5 ms, GC Workers: 2]
      [GC Worker Start (ms): Min: 344437.6, Avg: 344437.6, Max: 344437.6, Diff: 0.0]
      [Ext Root Scanning (ms): Min: 0.5, Avg: 0.5, Max: 0.5, Diff: 0.0, Sum: 1.0]
      [Update RS (ms): Min: 0.0, Avg: 0.0, Max: 0.0, Diff: 0.0, Sum: 0.1]
         [Processed Buffers: Min: 2, Avg: 2.5, Max: 3, Diff: 1, Sum: 5]
      [Scan RS (ms): Min: 0.1, Avg: 0.1, Max: 0.1, Diff: 0.0, Sum: 0.2]
      [Code Root Scanning (ms): Min: 0.0, Avg: 0.0, Max: 0.0, Diff: 0.0, Sum: 0.0]
      [Object Copy (ms): Min: 35.8, Avg: 35.8, Max: 35.8, Diff: 0.0, Sum: 71.6]
      [Termination (ms): Min: 0.0, Avg: 0.0, Max: 0.0, Diff: 0.0, Sum: 0.0]
         [Termination Attempts: Min: 1, Avg: 1.0, Max: 1, Diff: 0, Sum: 2]
      [GC Worker Other (ms): Min: 0.0, Avg: 0.0, Max: 0.0, Diff: 0.0, Sum: 0.0]
      [GC Worker Total (ms): Min: 36.4, Avg: 36.4, Max: 36.4, Diff: 0.0, Sum: 72.9]
      [GC Worker End (ms): Min: 344474.0, Avg: 344474.0, Max: 344474.0, Diff: 0.0]
   [Code Root Fixup: 0.0 ms]
   [Code Root Purge: 0.0 ms]
   [Clear CT: 0.1 ms]
   [Other: 0.5 ms]
      [Choose CSet: 0.0 ms]
      [Ref Proc: 0.1 ms]
      [Ref Enq: 0.0 ms]
      [Redirty Cards: 0.1 ms]
      [Humongous Register: 0.0 ms]
      [Humongous Reclaim: 0.0 ms]
      [Free CSet: 0.2 ms]
   [Eden: 263.0M(263.0M)->0.0B(255.0M) Survivors: 20480.0K->28672.0K Heap: 385.0M(472.0M)->130.0M(472.0M)]
 [Times: user=0.07 sys=0.00, real=0.04 secs] 
2024-07-06T11:29:50.727+0800: 344.894: [GC pause (G1 Evacuation Pause) (young), 0.0303841 secs]
   [Parallel Time: 29.8 ms, GC Workers: 2]
      [GC Worker Start (ms): Min: 344893.6, Avg: 344893.6, Max: 344893.6, Diff: 0.0]
      [Ext Root Scanning (ms): Min: 0.6, Avg: 0.6, Max: 0.6, Diff: 0.0, Sum: 1.1]
      [Update RS (ms): Min: 0.0, Avg: 0.0, Max: 0.0, Diff: 0.0, Sum: 0.1]
         [Processed Buffers: Min: 1, Avg: 2.5, Max: 4, Diff: 3, Sum: 5]
      [Scan RS (ms): Min: 0.1, Avg: 0.1, Max: 0.1, Diff: 0.0, Sum: 0.2]
      [Code Root Scanning (ms): Min: 0.0, Avg: 0.0, Max: 0.0, Diff: 0.0, Sum: 0.0]
      [Object Copy (ms): Min: 29.1, Avg: 29.1, Max: 29.1, Diff: 0.0, Sum: 58.1]
      [Termination (ms): Min: 0.0, Avg: 0.0, Max: 0.0, Diff: 0.0, Sum: 0.0]
         [Termination Attempts: Min: 1, Avg: 1.0, Max: 1, Diff: 0, Sum: 2]
      [GC Worker Other (ms): Min: 0.0, Avg: 0.0, Max: 0.0, Diff: 0.0, Sum: 0.0]
      [GC Worker Total (ms): Min: 29.8, Avg: 29.8, Max: 29.8, Diff: 0.0, Sum: 59.5]
      [GC Worker End (ms): Min: 344923.4, Avg: 344923.4, Max: 344923.4, Diff: 0.0]
   [Code Root Fixup: 0.0 ms]
   [Code Root Purge: 0.0 ms]
   [Clear CT: 0.1 ms]
   [Other: 0.4 ms]
      [Choose CSet: 0.0 ms]
      [Ref Proc: 0.1 ms]
      [Ref Enq: 0.0 ms]
      [Redirty Cards: 0.0 ms]
      [Humongous Register: 0.0 ms]
      [Humongous Reclaim: 0.0 ms]
      [Free CSet: 0.2 ms]
   [Eden: 255.0M(255.0M)->0.0B(259.0M) Survivors: 28672.0K->24576.0K Heap: 385.0M(472.0M)->126.5M(472.0M)]
 [Times: user=0.06 sys=0.00, real=0.03 secs] 
2024-07-06T11:29:51.203+0800: 345.369: [GC pause (G1 Evacuation Pause) (young), 0.0275711 secs]
   [Parallel Time: 27.1 ms, GC Workers: 2]
      [GC Worker Start (ms): Min: 345369.5, Avg: 345369.6, Max: 345369.6, Diff: 0.0]
      [Ext Root Scanning (ms): Min: 0.5, Avg: 0.5, Max: 0.5, Diff: 0.0, Sum: 1.0]
      [Update RS (ms): Min: 0.0, Avg: 0.0, Max: 0.0, Diff: 0.0, Sum: 0.0]
         [Processed Buffers: Min: 2, Avg: 2.5, Max: 3, Diff: 1, Sum: 5]
      [Scan RS (ms): Min: 0.1, Avg: 0.1, Max: 0.1, Diff: 0.0, Sum: 0.2]
      [Code Root Scanning (ms): Min: 0.0, Avg: 0.0, Max: 0.0, Diff: 0.0, Sum: 0.0]
      [Object Copy (ms): Min: 26.4, Avg: 26.4, Max: 26.4, Diff: 0.0, Sum: 52.7]
      [Termination (ms): Min: 0.0, Avg: 0.0, Max: 0.0, Diff: 0.0, Sum: 0.0]
         [Termination Attempts: Min: 1, Avg: 1.0, Max: 1, Diff: 0, Sum: 2]
      [GC Worker Other (ms): Min: 0.0, Avg: 0.0, Max: 0.0, Diff: 0.0, Sum: 0.0]
      [GC Worker Total (ms): Min: 27.0, Avg: 27.0, Max: 27.0, Diff: 0.0, Sum: 54.0]
      [GC Worker End (ms): Min: 345396.6, Avg: 345396.6, Max: 345396.6, Diff: 0.0]
   [Code Root Fixup: 0.0 ms]
   [Code Root Purge: 0.0 ms]
   [Clear CT: 0.1 ms]
   [Other: 0.4 ms]
      [Choose CSet: 0.0 ms]
      [Ref Proc: 0.1 ms]
      [Ref Enq: 0.0 ms]
      [Redirty Cards: 0.0 ms]
      [Humongous Register: 0.0 ms]
      [Humongous Reclaim: 0.0 ms]
      [Free CSet: 0.2 ms]
   [Eden: 259.0M(259.0M)->0.0B(262.0M) Survivors: 24576.0K->21504.0K Heap: 385.5M(472.0M)->123.5M(472.0M)]
 [Times: user=0.06 sys=0.00, real=0.03 secs] 
2024-07-06T11:29:51.619+0800: 345.786: [GC pause (G1 Evacuation Pause) (young), 0.0179493 secs]
   [Parallel Time: 17.5 ms, GC Workers: 2]
      [GC Worker Start (ms): Min: 345785.6, Avg: 345785.6, Max: 345785.6, Diff: 0.0]
      [Ext Root Scanning (ms): Min: 0.5, Avg: 0.5, Max: 0.5, Diff: 0.0, Sum: 1.0]
      [Update RS (ms): Min: 0.0, Avg: 0.0, Max: 0.0, Diff: 0.0, Sum: 0.0]
         [Processed Buffers: Min: 1, Avg: 2.5, Max: 4, Diff: 3, Sum: 5]
      [Scan RS (ms): Min: 0.1, Avg: 0.1, Max: 0.1, Diff: 0.0, Sum: 0.2]
      [Code Root Scanning (ms): Min: 0.0, Avg: 0.0, Max: 0.0, Diff: 0.0, Sum: 0.0]
      [Object Copy (ms): Min: 16.8, Avg: 16.8, Max: 16.8, Diff: 0.0, Sum: 33.6]
      [Termination (ms): Min: 0.0, Avg: 0.0, Max: 0.0, Diff: 0.0, Sum: 0.0]
         [Termination Attempts: Min: 1, Avg: 1.0, Max: 1, Diff: 0, Sum: 2]
      [GC Worker Other (ms): Min: 0.0, Avg: 0.0, Max: 0.0, Diff: 0.0, Sum: 0.0]
      [GC Worker Total (ms): Min: 17.4, Avg: 17.4, Max: 17.4, Diff: 0.0, Sum: 34.8]
      [GC Worker End (ms): Min: 345803.0, Avg: 345803.0, Max: 345803.0, Diff: 0.0]
   [Code Root Fixup: 0.0 ms]
   [Code Root Purge: 0.0 ms]
   [Clear CT: 0.1 ms]
   [Other: 0.4 ms]
      [Choose CSet: 0.0 ms]
      [Ref Proc: 0.1 ms]
      [Ref Enq: 0.0 ms]
      [Redirty Cards: 0.0 ms]
      [Humongous Register: 0.0 ms]
      [Humongous Reclaim: 0.0 ms]
      [Free CSet: 0.1 ms]
   [Eden: 262.0M(262.0M)->0.0B(267.0M) Survivors: 21504.0K->16384.0K Heap: 385.5M(472.0M)->118.5M(472.0M)]
 [Times: user=0.04 sys=0.00, real=0.02 secs] 
2024-07-06T11:29:52.023+0800: 346.189: [GC pause (G1 Evacuation Pause) (young), 0.0293655 secs]
   [Parallel Time: 28.8 ms, GC Workers: 2]
      [GC Worker Start (ms): Min: 346189.5, Avg: 346189.6, Max: 346189.6, Diff: 0.0]
      [Ext Root Scanning (ms): Min: 0.6, Avg: 0.6, Max: 0.6, Diff: 0.0, Sum: 1.1]
      [Update RS (ms): Min: 0.0, Avg: 0.0, Max: 0.0, Diff: 0.0, Sum: 0.1]
         [Processed Buffers: Min: 1, Avg: 2.5, Max: 4, Diff: 3, Sum: 5]
      [Scan RS (ms): Min: 0.1, Avg: 0.1, Max: 0.1, Diff: 0.0, Sum: 0.2]
      [Code Root Scanning (ms): Min: 0.0, Avg: 0.0, Max: 0.0, Diff: 0.0, Sum: 0.0]
      [Object Copy (ms): Min: 28.1, Avg: 28.1, Max: 28.1, Diff: 0.0, Sum: 56.2]
      [Termination (ms): Min: 0.0, Avg: 0.0, Max: 0.0, Diff: 0.0, Sum: 0.0]
         [Termination Attempts: Min: 1, Avg: 1.0, Max: 1, Diff: 0, Sum: 2]
      [GC Worker Other (ms): Min: 0.0, Avg: 0.0, Max: 0.0, Diff: 0.0, Sum: 0.0]
      [GC Worker Total (ms): Min: 28.8, Avg: 28.8, Max: 28.8, Diff: 0.0, Sum: 57.6]
      [GC Worker End (ms): Min: 346218.3, Avg: 346218.3, Max: 346218.3, Diff: 0.0]
   [Code Root Fixup: 0.0 ms]
   [Code Root Purge: 0.0 ms]
   [Clear CT: 0.1 ms]
   [Other: 0.4 ms]
      [Choose CSet: 0.0 ms]
      [Ref Proc: 0.1 ms]
      [Ref Enq: 0.0 ms]
      [Redirty Cards: 0.0 ms]
      [Humongous Register: 0.0 ms]
      [Humongous Reclaim: 0.0 ms]
      [Free CSet: 0.1 ms]
   [Eden: 267.0M(267.0M)->0.0B(258.0M) Survivors: 16384.0K->25600.0K Heap: 385.5M(472.0M)->127.0M(472.0M)]
 [Times: user=0.06 sys=0.00, real=0.03 secs] 
2024-07-06T11:29:52.544+0800: 346.710: [GC pause (G1 Evacuation Pause) (young), 0.0309167 secs]
   [Parallel Time: 30.3 ms, GC Workers: 2]
      [GC Worker Start (ms): Min: 346710.2, Avg: 346710.2, Max: 346710.2, Diff: 0.0]
      [Ext Root Scanning (ms): Min: 0.6, Avg: 0.6, Max: 0.6, Diff: 0.0, Sum: 1.1]
      [Update RS (ms): Min: 0.0, Avg: 0.0, Max: 0.0, Diff: 0.0, Sum: 0.1]
         [Processed Buffers: Min: 1, Avg: 2.5, Max: 4, Diff: 3, Sum: 5]
      [Scan RS (ms): Min: 0.1, Avg: 0.1, Max: 0.1, Diff: 0.0, Sum: 0.2]
      [Code Root Scanning (ms): Min: 0.0, Avg: 0.0, Max: 0.0, Diff: 0.0, Sum: 0.0]
      [Object Copy (ms): Min: 29.6, Avg: 29.6, Max: 29.6, Diff: 0.0, Sum: 59.2]
      [Termination (ms): Min: 0.0, Avg: 0.0, Max: 0.0, Diff: 0.0, Sum: 0.0]
         [Termination Attempts: Min: 1, Avg: 1.0, Max: 1, Diff: 0, Sum: 2]
      [GC Worker Other (ms): Min: 0.0, Avg: 0.0, Max: 0.0, Diff: 0.0, Sum: 0.0]
      [GC Worker Total (ms): Min: 30.3, Avg: 30.3, Max: 30.3, Diff: 0.0, Sum: 60.6]
      [GC Worker End (ms): Min: 346740.5, Avg: 346740.5, Max: 346740.5, Diff: 0.0]
   [Code Root Fixup: 0.0 ms]
   [Code Root Purge: 0.0 ms]
   [Clear CT: 0.1 ms]
   [Other: 0.5 ms]
      [Choose CSet: 0.0 ms]
      [Ref Proc: 0.1 ms]
      [Ref Enq: 0.0 ms]
      [Redirty Cards: 0.0 ms]
      [Humongous Register: 0.0 ms]
      [Humongous Reclaim: 0.0 ms]
      [Free CSet: 0.1 ms]
   [Eden: 258.0M(258.0M)->0.0B(260.0M) Survivors: 25600.0K->23552.0K Heap: 385.0M(472.0M)->125.0M(472.0M)]
 [Times: user=0.06 sys=0.00, real=0.03 secs] 
2024-07-06T11:29:53.016+0800: 347.182: [GC pause (G1 Evacuation Pause) (young), 0.0241736 secs]
   [Parallel Time: 23.7 ms, GC Workers: 2]
      [GC Worker Start (ms): Min: 347182.1, Avg: 347182.2, Max: 347182.2, Diff: 0.0]
      [Ext Root Scanning (ms): Min: 0.5, Avg: 0.5, Max: 0.5, Diff: 0.0, Sum: 1.0]
      [Update RS (ms): Min: 0.0, Avg: 0.0, Max: 0.0, Diff: 0.0, Sum: 0.0]
         [Processed Buffers: Min: 1, Avg: 2.5, Max: 4, Diff: 3, Sum: 5]
      [Scan RS (ms): Min: 0.1, Avg: 0.1, Max: 0.1, Diff: 0.0, Sum: 0.2]
      [Code Root Scanning (ms): Min: 0.0, Avg: 0.0, Max: 0.0, Diff: 0.0, Sum: 0.0]
      [Object Copy (ms): Min: 23.0, Avg: 23.0, Max: 23.0, Diff: 0.0, Sum: 46.0]
      [Termination (ms): Min: 0.0, Avg: 0.0, Max: 0.0, Diff: 0.0, Sum: 0.0]
         [Termination Attempts: Min: 1, Avg: 1.0, Max: 1, Diff: 0, Sum: 2]
      [GC Worker Other (ms): Min: 0.0, Avg: 0.0, Max: 0.0, Diff: 0.0, Sum: 0.0]
      [GC Worker Total (ms): Min: 23.6, Avg: 23.6, Max: 23.6, Diff: 0.0, Sum: 47.2]
      [GC Worker End (ms): Min: 347205.8, Avg: 347205.8, Max: 347205.8, Diff: 0.0]
   [Code Root Fixup: 0.0 ms]
   [Code Root Purge: 0.0 ms]
   [Clear CT: 0.1 ms]
   [Other: 0.4 ms]
      [Choose CSet: 0.0 ms]
      [Ref Proc: 0.1 ms]
      [Ref Enq: 0.0 ms]
      [Redirty Cards: 0.0 ms]
      [Humongous Register: 0.0 ms]
      [Humongous Reclaim: 0.0 ms]
      [Free CSet: 0.1 ms]
   [Eden: 260.0M(260.0M)->0.0B(264.0M) Survivors: 23552.0K->19456.0K Heap: 385.0M(472.0M)->121.0M(472.0M)]
 [Times: user=0.05 sys=0.00, real=0.02 secs] 
2024-07-06T11:29:53.440+0800: 347.606: [GC pause (G1 Evacuation Pause) (young), 0.0206765 secs]
   [Parallel Time: 20.2 ms, GC Workers: 2]
      [GC Worker Start (ms): Min: 347606.3, Avg: 347606.3, Max: 347606.3, Diff: 0.0]
      [Ext Root Scanning (ms): Min: 0.5, Avg: 0.5, Max: 0.5, Diff: 0.0, Sum: 1.1]
      [Update RS (ms): Min: 0.0, Avg: 0.0, Max: 0.0, Diff: 0.0, Sum: 0.1]
         [Processed Buffers: Min: 2, Avg: 2.5, Max: 3, Diff: 1, Sum: 5]
      [Scan RS (ms): Min: 0.1, Avg: 0.1, Max: 0.1, Diff: 0.0, Sum: 0.2]
      [Code Root Scanning (ms): Min: 0.0, Avg: 0.0, Max: 0.0, Diff: 0.0, Sum: 0.0]
      [Object Copy (ms): Min: 19.1, Avg: 19.3, Max: 19.4, Diff: 0.3, Sum: 38.6]
      [Termination (ms): Min: 0.0, Avg: 0.1, Max: 0.3, Diff: 0.3, Sum: 0.3]
         [Termination Attempts: Min: 1, Avg: 1.5, Max: 2, Diff: 1, Sum: 3]
      [GC Worker Other (ms): Min: 0.0, Avg: 0.0, Max: 0.0, Diff: 0.0, Sum: 0.0]
      [GC Worker Total (ms): Min: 20.1, Avg: 20.1, Max: 20.1, Diff: 0.0, Sum: 40.2]
      [GC Worker End (ms): Min: 347626.4, Avg: 347626.4, Max: 347626.4, Diff: 0.0]
   [Code Root Fixup: 0.0 ms]
   [Code Root Purge: 0.0 ms]
   [Clear CT: 0.1 ms]
   [Other: 0.4 ms]
      [Choose CSet: 0.0 ms]
      [Ref Proc: 0.1 ms]
      [Ref Enq: 0.0 ms]
      [Redirty Cards: 0.1 ms]
      [Humongous Register: 0.0 ms]
      [Humongous Reclaim: 0.0 ms]
      [Free CSet: 0.1 ms]
   [Eden: 264.0M(264.0M)->0.0B(267.0M) Survivors: 19456.0K->16384.0K Heap: 385.0M(472.0M)->118.5M(472.0M)]
 [Times: user=0.04 sys=0.00, real=0.02 secs] 
2024-07-06T11:29:53.889+0800: 348.055: [GC pause (G1 Evacuation Pause) (young), 0.0281821 secs]
   [Parallel Time: 27.6 ms, GC Workers: 2]
      [GC Worker Start (ms): Min: 348055.1, Avg: 348055.1, Max: 348055.1, Diff: 0.0]
      [Ext Root Scanning (ms): Min: 0.5, Avg: 0.5, Max: 0.5, Diff: 0.0, Sum: 1.0]
      [Update RS (ms): Min: 0.0, Avg: 0.0, Max: 0.0, Diff: 0.0, Sum: 0.1]
         [Processed Buffers: Min: 2, Avg: 2.5, Max: 3, Diff: 1, Sum: 5]
      [Scan RS (ms): Min: 0.1, Avg: 0.1, Max: 0.1, Diff: 0.0, Sum: 0.2]
      [Code Root Scanning (ms): Min: 0.0, Avg: 0.0, Max: 0.0, Diff: 0.0, Sum: 0.0]
      [Object Copy (ms): Min: 26.9, Avg: 26.9, Max: 26.9, Diff: 0.0, Sum: 53.8]
      [Termination (ms): Min: 0.0, Avg: 0.0, Max: 0.0, Diff: 0.0, Sum: 0.0]
         [Termination Attempts: Min: 1, Avg: 1.0, Max: 1, Diff: 0, Sum: 2]
      [GC Worker Other (ms): Min: 0.0, Avg: 0.0, Max: 0.0, Diff: 0.0, Sum: 0.0]
      [GC Worker Total (ms): Min: 27.5, Avg: 27.5, Max: 27.6, Diff: 0.0, Sum: 55.1]
      [GC Worker End (ms): Min: 348082.7, Avg: 348082.7, Max: 348082.7, Diff: 0.0]
   [Code Root Fixup: 0.0 ms]
   [Code Root Purge: 0.0 ms]
   [Clear CT: 0.1 ms]
   [Other: 0.5 ms]
      [Choose CSet: 0.0 ms]
      [Ref Proc: 0.1 ms]
      [Ref Enq: 0.0 ms]
      [Redirty Cards: 0.1 ms]
      [Humongous Register: 0.0 ms]
      [Humongous Reclaim: 0.0 ms]
      [Free CSet: 0.1 ms]
   [Eden: 267.0M(267.0M)->0.0B(259.0M) Survivors: 16384.0K->24576.0K Heap: 385.5M(472.0M)->126.5M(472.0M)]
 [Times: user=0.06 sys=0.00, real=0.03 secs] 
2024-07-06T11:29:54.366+0800: 348.533: [GC pause (G1 Evacuation Pause) (young), 0.0376478 secs]
   [Parallel Time: 36.8 ms, GC Workers: 2]
      [GC Worker Start (ms): Min: 348532.7, Avg: 348532.7, Max: 348532.7, Diff: 0.0]
      [Ext Root Scanning (ms): Min: 0.5, Avg: 0.5, Max: 0.5, Diff: 0.0, Sum: 1.1]
      [Update RS (ms): Min: 0.0, Avg: 0.0, Max: 0.1, Diff: 0.0, Sum: 0.1]
         [Processed Buffers: Min: 1, Avg: 2.5, Max: 4, Diff: 3, Sum: 5]
      [Scan RS (ms): Min: 0.1, Avg: 0.1, Max: 0.1, Diff: 0.0, Sum: 0.2]
      [Code Root Scanning (ms): Min: 0.0, Avg: 0.0, Max: 0.0, Diff: 0.0, Sum: 0.0]
      [Object Copy (ms): Min: 36.0, Avg: 36.1, Max: 36.1, Diff: 0.0, Sum: 72.1]
      [Termination (ms): Min: 0.0, Avg: 0.0, Max: 0.0, Diff: 0.0, Sum: 0.0]
         [Termination Attempts: Min: 1, Avg: 1.0, Max: 1, Diff: 0, Sum: 2]
      [GC Worker Other (ms): Min: 0.0, Avg: 0.0, Max: 0.0, Diff: 0.0, Sum: 0.0]
      [GC Worker Total (ms): Min: 36.7, Avg: 36.7, Max: 36.8, Diff: 0.0, Sum: 73.5]
      [GC Worker End (ms): Min: 348569.5, Avg: 348569.5, Max: 348569.5, Diff: 0.0]
   [Code Root Fixup: 0.0 ms]
   [Code Root Purge: 0.0 ms]
   [Clear CT: 0.3 ms]
   [Other: 0.6 ms]
      [Choose CSet: 0.0 ms]
      [Ref Proc: 0.2 ms]
      [Ref Enq: 0.0 ms]
      [Redirty Cards: 0.0 ms]
      [Humongous Register: 0.0 ms]
      [Humongous Reclaim: 0.0 ms]
      [Free CSet: 0.2 ms]
   [Eden: 259.0M(259.0M)->0.0B(262.0M) Survivors: 24576.0K->21504.0K Heap: 385.5M(472.0M)->123.5M(472.0M)]
 [Times: user=0.04 sys=0.01, real=0.04 secs] 
2024-07-06T11:29:54.863+0800: 349.029: [GC pause (G1 Evacuation Pause) (young), 0.0568775 secs]
   [Parallel Time: 38.1 ms, GC Workers: 2]
      [GC Worker Start (ms): Min: 349028.8, Avg: 349028.8, Max: 349028.8, Diff: 0.0]
      [Ext Root Scanning (ms): Min: 0.6, Avg: 0.6, Max: 0.6, Diff: 0.0, Sum: 1.2]
      [Update RS (ms): Min: 0.0, Avg: 0.0, Max: 0.0, Diff: 0.0, Sum: 0.1]
         [Processed Buffers: Min: 2, Avg: 2.5, Max: 3, Diff: 1, Sum: 5]
      [Scan RS (ms): Min: 0.1, Avg: 0.1, Max: 0.1, Diff: 0.0, Sum: 0.2]
      [Code Root Scanning (ms): Min: 0.0, Avg: 0.0, Max: 0.0, Diff: 0.0, Sum: 0.0]
      [Object Copy (ms): Min: 37.3, Avg: 37.3, Max: 37.3, Diff: 0.0, Sum: 74.5]
      [Termination (ms): Min: 0.0, Avg: 0.0, Max: 0.0, Diff: 0.0, Sum: 0.0]
         [Termination Attempts: Min: 1, Avg: 1.0, Max: 1, Diff: 0, Sum: 2]
      [GC Worker Other (ms): Min: 0.0, Avg: 0.0, Max: 0.0, Diff: 0.0, Sum: 0.0]
      [GC Worker Total (ms): Min: 38.0, Avg: 38.0, Max: 38.0, Diff: 0.0, Sum: 76.0]
      [GC Worker End (ms): Min: 349066.8, Avg: 349066.8, Max: 349066.8, Diff: 0.0]
   [Code Root Fixup: 0.0 ms]
   [Code Root Purge: 0.0 ms]
   [Clear CT: 0.1 ms]
   [Other: 18.7 ms]
      [Choose CSet: 0.0 ms]
      [Ref Proc: 18.4 ms]
      [Ref Enq: 0.0 ms]
      [Redirty Cards: 0.0 ms]
      [Humongous Register: 0.0 ms]
      [Humongous Reclaim: 0.0 ms]
      [Free CSet: 0.2 ms]
   [Eden: 262.0M(262.0M)->0.0B(253.0M) Survivors: 21504.0K->30720.0K Heap: 385.5M(472.0M)->132.0M(472.0M)]
 [Times: user=0.08 sys=0.01, real=0.06 secs] 
2024-07-06T11:29:55.375+0800: 349.541: [GC pause (G1 Evacuation Pause) (young), 0.0367403 secs]
   [Parallel Time: 36.3 ms, GC Workers: 2]
      [GC Worker Start (ms): Min: 349541.1, Avg: 349541.1, Max: 349541.1, Diff: 0.0]
      [Ext Root Scanning (ms): Min: 0.6, Avg: 0.6, Max: 0.6, Diff: 0.0, Sum: 1.1]
      [Update RS (ms): Min: 0.0, Avg: 0.0, Max: 0.0, Diff: 0.0, Sum: 0.1]
         [Processed Buffers: Min: 2, Avg: 2.5, Max: 3, Diff: 1, Sum: 5]
      [Scan RS (ms): Min: 0.1, Avg: 0.1, Max: 0.1, Diff: 0.0, Sum: 0.2]
      [Code Root Scanning (ms): Min: 0.0, Avg: 0.0, Max: 0.0, Diff: 0.0, Sum: 0.0]
      [Object Copy (ms): Min: 35.5, Avg: 35.5, Max: 35.6, Diff: 0.0, Sum: 71.1]
      [Termination (ms): Min: 0.0, Avg: 0.0, Max: 0.0, Diff: 0.0, Sum: 0.0]
         [Termination Attempts: Min: 1, Avg: 1.0, Max: 1, Diff: 0, Sum: 2]
      [GC Worker Other (ms): Min: 0.0, Avg: 0.0, Max: 0.0, Diff: 0.0, Sum: 0.0]
      [GC Worker Total (ms): Min: 36.2, Avg: 36.2, Max: 36.2, Diff: 0.0, Sum: 72.5]
      [GC Worker End (ms): Min: 349577.3, Avg: 349577.3, Max: 349577.3, Diff: 0.0]
   [Code Root Fixup: 0.0 ms]
   [Code Root Purge: 0.0 ms]
   [Clear CT: 0.1 ms]
   [Other: 0.4 ms]
      [Choose CSet: 0.0 ms]
      [Ref Proc: 0.1 ms]
      [Ref Enq: 0.0 ms]
      [Redirty Cards: 0.0 ms]
      [Humongous Register: 0.0 ms]
      [Humongous Reclaim: 0.0 ms]
      [Free CSet: 0.1 ms]
   [Eden: 253.0M(253.0M)->0.0B(255.0M) Survivors: 30720.0K->28672.0K Heap: 385.0M(472.0M)->130.0M(472.0M)]
 [Times: user=0.07 sys=0.00, real=0.04 secs] 
2024-07-06T11:29:55.880+0800: 350.046: [GC pause (G1 Evacuation Pause) (young), 0.0355124 secs]
   [Parallel Time: 34.9 ms, GC Workers: 2]
      [GC Worker Start (ms): Min: 350046.1, Avg: 350046.1, Max: 350046.1, Diff: 0.0]
      [Ext Root Scanning (ms): Min: 0.5, Avg: 0.5, Max: 0.5, Diff: 0.0, Sum: 1.1]
      [Update RS (ms): Min: 0.0, Avg: 0.0, Max: 0.0, Diff: 0.0, Sum: 0.1]
         [Processed Buffers: Min: 2, Avg: 2.5, Max: 3, Diff: 1, Sum: 5]
      [Scan RS (ms): Min: 0.1, Avg: 0.1, Max: 0.1, Diff: 0.0, Sum: 0.1]
      [Code Root Scanning (ms): Min: 0.0, Avg: 0.0, Max: 0.0, Diff: 0.0, Sum: 0.0]
      [Object Copy (ms): Min: 34.1, Avg: 34.2, Max: 34.2, Diff: 0.0, Sum: 68.3]
      [Termination (ms): Min: 0.0, Avg: 0.0, Max: 0.0, Diff: 0.0, Sum: 0.0]
         [Termination Attempts: Min: 1, Avg: 1.0, Max: 1, Diff: 0, Sum: 2]
      [GC Worker Other (ms): Min: 0.0, Avg: 0.0, Max: 0.0, Diff: 0.0, Sum: 0.0]
      [GC Worker Total (ms): Min: 34.8, Avg: 34.8, Max: 34.8, Diff: 0.0, Sum: 69.6]
      [GC Worker End (ms): Min: 350080.9, Avg: 350080.9, Max: 350080.9, Diff: 0.0]
   [Code Root Fixup: 0.0 ms]
   [Code Root Purge: 0.0 ms]
   [Clear CT: 0.1 ms]
   [Other: 0.5 ms]
      [Choose CSet: 0.0 ms]
      [Ref Proc: 0.1 ms]
      [Ref Enq: 0.0 ms]
      [Redirty Cards: 0.0 ms]
      [Humongous Register: 0.0 ms]
      [Humongous Reclaim: 0.0 ms]
      [Free CSet: 0.2 ms]
   [Eden: 255.0M(255.0M)->0.0B(259.0M) Survivors: 28672.0K->24576.0K Heap: 385.0M(472.0M)->126.5M(472.0M)]
 [Times: user=0.07 sys=0.01, real=0.04 secs] 
2024-07-06T11:29:56.363+0800: 350.529: [GC pause (G1 Evacuation Pause) (young), 0.0190768 secs]
   [Parallel Time: 18.4 ms, GC Workers: 2]
      [GC Worker Start (ms): Min: 350529.4, Avg: 350529.4, Max: 350529.4, Diff: 0.0]
      [Ext Root Scanning (ms): Min: 0.5, Avg: 0.5, Max: 0.5, Diff: 0.0, Sum: 1.0]
      [Update RS (ms): Min: 0.0, Avg: 0.0, Max: 0.0, Diff: 0.0, Sum: 0.1]
         [Processed Buffers: Min: 0, Avg: 2.5, Max: 5, Diff: 5, Sum: 5]
      [Scan RS (ms): Min: 0.1, Avg: 0.1, Max: 0.1, Diff: 0.0, Sum: 0.2]
      [Code Root Scanning (ms): Min: 0.0, Avg: 0.0, Max: 0.0, Diff: 0.0, Sum: 0.0]
      [Object Copy (ms): Min: 17.7, Avg: 17.8, Max: 17.8, Diff: 0.0, Sum: 35.5]
      [Termination (ms): Min: 0.0, Avg: 0.0, Max: 0.0, Diff: 0.0, Sum: 0.0]
         [Termination Attempts: Min: 1, Avg: 1.5, Max: 2, Diff: 1, Sum: 3]
      [GC Worker Other (ms): Min: 0.0, Avg: 0.0, Max: 0.0, Diff: 0.0, Sum: 0.0]
      [GC Worker Total (ms): Min: 18.4, Avg: 18.4, Max: 18.4, Diff: 0.0, Sum: 36.8]
      [GC Worker End (ms): Min: 350547.8, Avg: 350547.8, Max: 350547.8, Diff: 0.0]
   [Code Root Fixup: 0.0 ms]
   [Code Root Purge: 0.0 ms]
   [Clear CT: 0.1 ms]
   [Other: 0.5 ms]
      [Choose CSet: 0.0 ms]
      [Ref Proc: 0.1 ms]
      [Ref Enq: 0.0 ms]
      [Redirty Cards: 0.1 ms]
      [Humongous Register: 0.1 ms]
      [Humongous Reclaim: 0.0 ms]
      [Free CSet: 0.2 ms]
   [Eden: 259.0M(259.0M)->0.0B(267.0M) Survivors: 24576.0K->16384.0K Heap: 385.5M(472.0M)->118.0M(472.0M)]
 [Times: user=0.04 sys=0.00, real=0.02 secs] 
2024-07-06T11:29:56.787+0800: 350.953: [GC pause (G1 Evacuation Pause) (young), 0.0270635 secs]
   [Parallel Time: 26.5 ms, GC Workers: 2]
      [GC Worker Start (ms): Min: 350953.5, Avg: 350953.6, Max: 350953.6, Diff: 0.0]
      [Ext Root Scanning (ms): Min: 0.5, Avg: 0.5, Max: 0.5, Diff: 0.0, Sum: 1.1]
      [Update RS (ms): Min: 0.0, Avg: 0.0, Max: 0.0, Diff: 0.0, Sum: 0.0]
         [Processed Buffers: Min: 2, Avg: 2.5, Max: 3, Diff: 1, Sum: 5]
      [Scan RS (ms): Min: 0.1, Avg: 0.1, Max: 0.1, Diff: 0.0, Sum: 0.2]
      [Code Root Scanning (ms): Min: 0.0, Avg: 0.0, Max: 0.0, Diff: 0.0, Sum: 0.0]
      [Object Copy (ms): Min: 25.8, Avg: 25.8, Max: 25.8, Diff: 0.0, Sum: 51.6]
      [Termination (ms): Min: 0.0, Avg: 0.0, Max: 0.0, Diff: 0.0, Sum: 0.0]
         [Termination Attempts: Min: 1, Avg: 1.0, Max: 1, Diff: 0, Sum: 2]
      [GC Worker Other (ms): Min: 0.0, Avg: 0.0, Max: 0.0, Diff: 0.0, Sum: 0.0]
      [GC Worker Total (ms): Min: 26.5, Avg: 26.5, Max: 26.5, Diff: 0.0, Sum: 52.9]
      [GC Worker End (ms): Min: 350980.0, Avg: 350980.0, Max: 350980.0, Diff: 0.0]
   [Code Root Fixup: 0.0 ms]
   [Code Root Purge: 0.0 ms]
   [Clear CT: 0.1 ms]
   [Other: 0.4 ms]
      [Choose CSet: 0.0 ms]
      [Ref Proc: 0.1 ms]
      [Ref Enq: 0.0 ms]
      [Redirty Cards: 0.0 ms]
      [Humongous Register: 0.0 ms]
      [Humongous Reclaim: 0.0 ms]
      [Free CSet: 0.1 ms]
   [Eden: 267.0M(267.0M)->0.0B(259.0M) Survivors: 16384.0K->24576.0K Heap: 385.0M(472.0M)->126.5M(472.0M)]
 [Times: user=0.06 sys=0.00, real=0.02 secs] 
2024-07-06T11:29:57.251+0800: 351.417: [GC pause (G1 Evacuation Pause) (young), 0.0300653 secs]
   [Parallel Time: 29.5 ms, GC Workers: 2]
      [GC Worker Start (ms): Min: 351417.6, Avg: 351417.6, Max: 351417.6, Diff: 0.0]
      [Ext Root Scanning (ms): Min: 0.5, Avg: 0.5, Max: 0.6, Diff: 0.0, Sum: 1.1]
      [Update RS (ms): Min: 0.0, Avg: 0.0, Max: 0.0, Diff: 0.0, Sum: 0.1]
         [Processed Buffers: Min: 2, Avg: 2.5, Max: 3, Diff: 1, Sum: 5]
      [Scan RS (ms): Min: 0.1, Avg: 0.1, Max: 0.1, Diff: 0.0, Sum: 0.2]
      [Code Root Scanning (ms): Min: 0.0, Avg: 0.0, Max: 0.0, Diff: 0.0, Sum: 0.0]
      [Object Copy (ms): Min: 28.7, Avg: 28.7, Max: 28.7, Diff: 0.0, Sum: 57.5]
      [Termination (ms): Min: 0.0, Avg: 0.0, Max: 0.0, Diff: 0.0, Sum: 0.0]
         [Termination Attempts: Min: 1, Avg: 1.0, Max: 1, Diff: 0, Sum: 2]
      [GC Worker Other (ms): Min: 0.0, Avg: 0.0, Max: 0.0, Diff: 0.0, Sum: 0.0]
      [GC Worker Total (ms): Min: 29.4, Avg: 29.4, Max: 29.4, Diff: 0.0, Sum: 58.9]
      [GC Worker End (ms): Min: 351447.0, Avg: 351447.0, Max: 351447.0, Diff: 0.0]
   [Code Root Fixup: 0.0 ms]
   [Code Root Purge: 0.0 ms]
   [Clear CT: 0.1 ms]
   [Other: 0.5 ms]
      [Choose CSet: 0.0 ms]
      [Ref Proc: 0.2 ms]
      [Ref Enq: 0.0 ms]
      [Redirty Cards: 0.0 ms]
      [Humongous Register: 0.0 ms]
      [Humongous Reclaim: 0.0 ms]
      [Free CSet: 0.1 ms]
   [Eden: 259.0M(259.0M)->0.0B(257.0M) Survivors: 24576.0K->26624.0K Heap: 385.5M(472.0M)->128.5M(472.0M)]
 [Times: user=0.06 sys=0.00, real=0.03 secs] 
2024-07-06T11:29:57.713+0800: 351.879: [GC pause (G1 Evacuation Pause) (young), 0.0273544 secs]
   [Parallel Time: 26.8 ms, GC Workers: 2]
      [GC Worker Start (ms): Min: 351879.1, Avg: 351879.1, Max: 351879.1, Diff: 0.0]
      [Ext Root Scanning (ms): Min: 0.6, Avg: 0.6, Max: 0.6, Diff: 0.0, Sum: 1.2]
      [Update RS (ms): Min: 0.0, Avg: 0.0, Max: 0.0, Diff: 0.0, Sum: 0.1]
         [Processed Buffers: Min: 1, Avg: 2.5, Max: 4, Diff: 3, Sum: 5]
      [Scan RS (ms): Min: 0.1, Avg: 0.1, Max: 0.1, Diff: 0.0, Sum: 0.2]
      [Code Root Scanning (ms): Min: 0.0, Avg: 0.0, Max: 0.0, Diff: 0.0, Sum: 0.0]
      [Object Copy (ms): Min: 25.9, Avg: 25.9, Max: 25.9, Diff: 0.0, Sum: 51.8]
      [Termination (ms): Min: 0.0, Avg: 0.0, Max: 0.0, Diff: 0.0, Sum: 0.0]
         [Termination Attempts: Min: 1, Avg: 1.0, Max: 1, Diff: 0, Sum: 2]
      [GC Worker Other (ms): Min: 0.0, Avg: 0.0, Max: 0.0, Diff: 0.0, Sum: 0.0]
      [GC Worker Total (ms): Min: 26.7, Avg: 26.7, Max: 26.7, Diff: 0.0, Sum: 53.3]
      [GC Worker End (ms): Min: 351905.7, Avg: 351905.7, Max: 351905.8, Diff: 0.0]
   [Code Root Fixup: 0.0 ms]
   [Code Root Purge: 0.0 ms]
   [Clear CT: 0.1 ms]
   [Other: 0.4 ms]
      [Choose CSet: 0.0 ms]
      [Ref Proc: 0.1 ms]
      [Ref Enq: 0.0 ms]
      [Redirty Cards: 0.0 ms]
      [Humongous Register: 0.0 ms]
      [Humongous Reclaim: 0.0 ms]
      [Free CSet: 0.1 ms]
   [Eden: 257.0M(257.0M)->0.0B(262.0M) Survivors: 26624.0K->21504.0K Heap: 385.5M(472.0M)->123.0M(472.0M)]
 [Times: user=0.05 sys=0.00, real=0.03 secs] 
2024-07-06T11:29:58.160+0800: 352.326: [GC pause (G1 Evacuation Pause) (young), 0.0179868 secs]
   [Parallel Time: 17.5 ms, GC Workers: 2]
      [GC Worker Start (ms): Min: 352326.6, Avg: 352326.6, Max: 352326.6, Diff: 0.0]
      [Ext Root Scanning (ms): Min: 0.5, Avg: 0.5, Max: 0.5, Diff: 0.0, Sum: 1.0]
      [Update RS (ms): Min: 0.0, Avg: 0.0, Max: 0.0, Diff: 0.0, Sum: 0.0]
         [Processed Buffers: Min: 0, Avg: 2.5, Max: 5, Diff: 5, Sum: 5]
      [Scan RS (ms): Min: 0.1, Avg: 0.1, Max: 0.1, Diff: 0.0, Sum: 0.2]
      [Code Root Scanning (ms): Min: 0.0, Avg: 0.0, Max: 0.0, Diff: 0.0, Sum: 0.0]
      [Object Copy (ms): Min: 16.7, Avg: 16.7, Max: 16.8, Diff: 0.1, Sum: 33.5]
      [Termination (ms): Min: 0.0, Avg: 0.0, Max: 0.0, Diff: 0.0, Sum: 0.0]
         [Termination Attempts: Min: 1, Avg: 1.0, Max: 1, Diff: 0, Sum: 2]
      [GC Worker Other (ms): Min: 0.0, Avg: 0.0, Max: 0.0, Diff: 0.0, Sum: 0.0]
      [GC Worker Total (ms): Min: 17.4, Avg: 17.4, Max: 17.4, Diff: 0.0, Sum: 34.8]
      [GC Worker End (ms): Min: 352344.0, Avg: 352344.0, Max: 352344.0, Diff: 0.0]
   [Code Root Fixup: 0.0 ms]
   [Code Root Purge: 0.0 ms]
   [Clear CT: 0.1 ms]
   [Other: 0.4 ms]
      [Choose CSet: 0.0 ms]
      [Ref Proc: 0.1 ms]
      [Ref Enq: 0.0 ms]
      [Redirty Cards: 0.0 ms]
      [Humongous Register: 0.0 ms]
      [Humongous Reclaim: 0.0 ms]
      [Free CSet: 0.1 ms]
   [Eden: 262.0M(262.0M)->0.0B(268.0M) Survivors: 21504.0K->15360.0K Heap: 385.0M(472.0M)->117.5M(472.0M)]
 [Times: user=0.03 sys=0.00, real=0.02 secs] 
2024-07-06T11:29:58.667+0800: 352.834: [GC pause (G1 Evacuation Pause) (young), 0.0301193 secs]
   [Parallel Time: 29.6 ms, GC Workers: 2]
      [GC Worker Start (ms): Min: 352833.6, Avg: 352833.6, Max: 352833.6, Diff: 0.0]
      [Ext Root Scanning (ms): Min: 0.6, Avg: 0.6, Max: 0.6, Diff: 0.0, Sum: 1.2]
      [Update RS (ms): Min: 0.0, Avg: 0.0, Max: 0.0, Diff: 0.0, Sum: 0.1]
         [Processed Buffers: Min: 2, Avg: 2.5, Max: 3, Diff: 1, Sum: 5]
      [Scan RS (ms): Min: 0.1, Avg: 0.2, Max: 0.3, Diff: 0.2, Sum: 0.4]
      [Code Root Scanning (ms): Min: 0.0, Avg: 0.0, Max: 0.0, Diff: 0.0, Sum: 0.0]
      [Object Copy (ms): Min: 28.6, Avg: 28.7, Max: 28.8, Diff: 0.2, Sum: 57.4]
      [Termination (ms): Min: 0.0, Avg: 0.0, Max: 0.0, Diff: 0.0, Sum: 0.0]
         [Termination Attempts: Min: 1, Avg: 1.0, Max: 1, Diff: 0, Sum: 2]
      [GC Worker Other (ms): Min: 0.0, Avg: 0.0, Max: 0.0, Diff: 0.0, Sum: 0.0]
      [GC Worker Total (ms): Min: 29.5, Avg: 29.5, Max: 29.6, Diff: 0.0, Sum: 59.1]
      [GC Worker End (ms): Min: 352863.2, Avg: 352863.2, Max: 352863.2, Diff: 0.0]
   [Code Root Fixup: 0.0 ms]
   [Code Root Purge: 0.0 ms]
   [Clear CT: 0.1 ms]
   [Other: 0.4 ms]
      [Choose CSet: 0.0 ms]
      [Ref Proc: 0.1 ms]
      [Ref Enq: 0.0 ms]
      [Redirty Cards: 0.0 ms]
      [Humongous Register: 0.0 ms]
      [Humongous Reclaim: 0.0 ms]
      [Free CSet: 0.2 ms]
   [Eden: 268.0M(268.0M)->0.0B(259.0M) Survivors: 15360.0K->24576.0K Heap: 385.5M(472.0M)->126.0M(472.0M)]
 [Times: user=0.05 sys=0.00, real=0.03 secs] 
2024-07-06T11:29:59.159+0800: 353.325: [GC pause (G1 Evacuation Pause) (young), 0.0279698 secs]
   [Parallel Time: 27.4 ms, GC Workers: 2]
      [GC Worker Start (ms): Min: 353325.6, Avg: 353325.6, Max: 353325.6, Diff: 0.0]
      [Ext Root Scanning (ms): Min: 0.5, Avg: 0.5, Max: 0.5, Diff: 0.0, Sum: 1.0]
      [Update RS (ms): Min: 0.0, Avg: 0.0, Max: 0.0, Diff: 0.0, Sum: 0.1]
         [Processed Buffers: Min: 2, Avg: 2.5, Max: 3, Diff: 1, Sum: 5]
      [Scan RS (ms): Min: 0.1, Avg: 0.1, Max: 0.1, Diff: 0.0, Sum: 0.2]
      [Code Root Scanning (ms): Min: 0.0, Avg: 0.0, Max: 0.0, Diff: 0.0, Sum: 0.0]
      [Object Copy (ms): Min: 26.7, Avg: 26.7, Max: 26.7, Diff: 0.0, Sum: 53.4]
      [Termination (ms): Min: 0.0, Avg: 0.0, Max: 0.0, Diff: 0.0, Sum: 0.0]
         [Termination Attempts: Min: 1, Avg: 1.0, Max: 1, Diff: 0, Sum: 2]
      [GC Worker Other (ms): Min: 0.0, Avg: 0.0, Max: 0.0, Diff: 0.0, Sum: 0.0]
      [GC Worker Total (ms): Min: 27.3, Avg: 27.3, Max: 27.3, Diff: 0.0, Sum: 54.6]
      [GC Worker End (ms): Min: 353352.9, Avg: 353352.9, Max: 353352.9, Diff: 0.0]
   [Code Root Fixup: 0.0 ms]
   [Code Root Purge: 0.0 ms]
   [Clear CT: 0.1 ms]
   [Other: 0.5 ms]
      [Choose CSet: 0.0 ms]
      [Ref Proc: 0.1 ms]
      [Ref Enq: 0.0 ms]
      [Redirty Cards: 0.0 ms]
      [Humongous Register: 0.0 ms]
      [Humongous Reclaim: 0.0 ms]
      [Free CSet: 0.2 ms]
   [Eden: 259.0M(259.0M)->0.0B(261.0M) Survivors: 24576.0K->22528.0K Heap: 385.0M(472.0M)->124.0M(472.0M)]
 [Times: user=0.05 sys=0.00, real=0.03 secs] 
2024-07-06T11:29:59.627+0800: 353.793: [GC pause (G1 Evacuation Pause) (young), 0.0249169 secs]
   [Parallel Time: 24.4 ms, GC Workers: 2]
      [GC Worker Start (ms): Min: 353793.5, Avg: 353794.6, Max: 353795.6, Diff: 2.1]
      [Ext Root Scanning (ms): Min: 0.0, Avg: 0.3, Max: 0.7, Diff: 0.7, Sum: 0.7]
      [Update RS (ms): Min: 0.0, Avg: 0.0, Max: 0.0, Diff: 0.0, Sum: 0.0]
         [Processed Buffers: Min: 0, Avg: 2.5, Max: 5, Diff: 5, Sum: 5]
      [Scan RS (ms): Min: 0.0, Avg: 0.1, Max: 0.1, Diff: 0.1, Sum: 0.2]
      [Code Root Scanning (ms): Min: 0.0, Avg: 0.0, Max: 0.0, Diff: 0.0, Sum: 0.0]
      [Object Copy (ms): Min: 22.2, Avg: 22.9, Max: 23.5, Diff: 1.3, Sum: 45.7]
      [Termination (ms): Min: 0.0, Avg: 0.0, Max: 0.0, Diff: 0.0, Sum: 0.0]
         [Termination Attempts: Min: 1, Avg: 1.0, Max: 1, Diff: 0, Sum: 2]
      [GC Worker Other (ms): Min: 0.0, Avg: 0.0, Max: 0.0, Diff: 0.0, Sum: 0.0]
      [GC Worker Total (ms): Min: 22.3, Avg: 23.3, Max: 24.4, Diff: 2.1, Sum: 46.6]
      [GC Worker End (ms): Min: 353817.9, Avg: 353817.9, Max: 353817.9, Diff: 0.0]
   [Code Root Fixup: 0.0 ms]
   [Code Root Purge: 0.0 ms]
   [Clear CT: 0.1 ms]
   [Other: 0.4 ms]
      [Choose CSet: 0.0 ms]
      [Ref Proc: 0.1 ms]
      [Ref Enq: 0.0 ms]
      [Redirty Cards: 0.0 ms]
      [Humongous Register: 0.0 ms]
      [Humongous Reclaim: 0.0 ms]
      [Free CSet: 0.2 ms]
   [Eden: 261.0M(261.0M)->0.0B(262.0M) Survivors: 22528.0K->21504.0K Heap: 385.0M(472.0M)->123.5M(472.0M)]
 [Times: user=0.05 sys=0.00, real=0.02 secs] 
2024-07-06T11:30:00.027+0800: 354.193: [GC pause (G1 Evacuation Pause) (young), 0.0299162 secs]
   [Parallel Time: 29.4 ms, GC Workers: 2]
      [GC Worker Start (ms): Min: 354193.6, Avg: 354194.2, Max: 354194.9, Diff: 1.3]
      [Ext Root Scanning (ms): Min: 0.0, Avg: 0.5, Max: 1.0, Diff: 1.0, Sum: 1.0]
      [Update RS (ms): Min: 0.0, Avg: 0.0, Max: 0.1, Diff: 0.1, Sum: 0.1]
         [Processed Buffers: Min: 0, Avg: 3.0, Max: 6, Diff: 6, Sum: 6]
      [Scan RS (ms): Min: 0.0, Avg: 0.1, Max: 0.2, Diff: 0.1, Sum: 0.2]
      [Code Root Scanning (ms): Min: 0.0, Avg: 0.0, Max: 0.0, Diff: 0.0, Sum: 0.0]
      [Object Copy (ms): Min: 28.0, Avg: 28.0, Max: 28.1, Diff: 0.1, Sum: 56.1]
      [Termination (ms): Min: 0.0, Avg: 0.0, Max: 0.0, Diff: 0.0, Sum: 0.0]
         [Termination Attempts: Min: 1, Avg: 1.0, Max: 1, Diff: 0, Sum: 2]
      [GC Worker Other (ms): Min: 0.0, Avg: 0.0, Max: 0.0, Diff: 0.0, Sum: 0.0]
      [GC Worker Total (ms): Min: 28.0, Avg: 28.7, Max: 29.3, Diff: 1.3, Sum: 57.4]
      [GC Worker End (ms): Min: 354222.9, Avg: 354222.9, Max: 354222.9, Diff: 0.0]
   [Code Root Fixup: 0.0 ms]
   [Code Root Purge: 0.0 ms]
   [Clear CT: 0.1 ms]
   [Other: 0.4 ms]
      [Choose CSet: 0.0 ms]
      [Ref Proc: 0.1 ms]
      [Ref Enq: 0.0 ms]
      [Redirty Cards: 0.0 ms]
      [Humongous Register: 0.0 ms]
      [Humongous Reclaim: 0.0 ms]
      [Free CSet: 0.1 ms]
   [Eden: 262.0M(262.0M)->0.0B(257.0M) Survivors: 21504.0K->26624.0K Heap: 385.5M(472.0M)->128.5M(472.0M)]
 [Times: user=0.06 sys=0.00, real=0.03 secs] 
2024-07-06T11:30:00.469+0800: 354.636: [GC pause (G1 Evacuation Pause) (young), 0.0326189 secs]
   [Parallel Time: 32.0 ms, GC Workers: 2]
      [GC Worker Start (ms): Min: 354635.8, Avg: 354635.8, Max: 354635.8, Diff: 0.0]
      [Ext Root Scanning (ms): Min: 0.5, Avg: 0.5, Max: 0.5, Diff: 0.0, Sum: 1.1]
      [Update RS (ms): Min: 0.0, Avg: 0.0, Max: 0.0, Diff: 0.0, Sum: 0.0]
         [Processed Buffers: Min: 2, Avg: 2.5, Max: 3, Diff: 1, Sum: 5]
      [Scan RS (ms): Min: 0.1, Avg: 0.1, Max: 0.1, Diff: 0.0, Sum: 0.2]
      [Code Root Scanning (ms): Min: 0.0, Avg: 0.0, Max: 0.0, Diff: 0.0, Sum: 0.0]
      [Object Copy (ms): Min: 31.3, Avg: 31.3, Max: 31.3, Diff: 0.0, Sum: 62.6]
      [Termination (ms): Min: 0.0, Avg: 0.0, Max: 0.0, Diff: 0.0, Sum: 0.0]
         [Termination Attempts: Min: 1, Avg: 1.0, Max: 1, Diff: 0, Sum: 2]
      [GC Worker Other (ms): Min: 0.0, Avg: 0.0, Max: 0.0, Diff: 0.0, Sum: 0.0]
      [GC Worker Total (ms): Min: 32.0, Avg: 32.0, Max: 32.0, Diff: 0.0, Sum: 63.9]
      [GC Worker End (ms): Min: 354667.7, Avg: 354667.7, Max: 354667.7, Diff: 0.0]
   [Code Root Fixup: 0.0 ms]
   [Code Root Purge: 0.0 ms]
   [Clear CT: 0.1 ms]
   [Other: 0.4 ms]
      [Choose CSet: 0.0 ms]
      [Ref Proc: 0.1 ms]
      [Ref Enq: 0.0 ms]
      [Redirty Cards: 0.1 ms]
      [Humongous Register: 0.0 ms]
      [Humongous Reclaim: 0.0 ms]
      [Free CSet: 0.2 ms]
   [Eden: 257.0M(257.0M)->0.0B(255.0M) Survivors: 26624.0K->28672.0K Heap: 385.5M(472.0M)->130.5M(472.0M)]
 [Times: user=0.06 sys=0.00, real=0.03 secs] 
2024-07-06T11:30:00.986+0800: 355.152: [GC pause (G1 Evacuation Pause) (young), 0.0323551 secs]
   [Parallel Time: 31.8 ms, GC Workers: 2]
      [GC Worker Start (ms): Min: 355152.1, Avg: 355152.1, Max: 355152.1, Diff: 0.0]
      [Ext Root Scanning (ms): Min: 0.5, Avg: 0.5, Max: 0.5, Diff: 0.0, Sum: 1.0]
      [Update RS (ms): Min: 0.0, Avg: 0.0, Max: 0.0, Diff: 0.0, Sum: 0.0]
         [Processed Buffers: Min: 0, Avg: 2.5, Max: 5, Diff: 5, Sum: 5]
      [Scan RS (ms): Min: 0.1, Avg: 0.1, Max: 0.1, Diff: 0.0, Sum: 0.2]
      [Code Root Scanning (ms): Min: 0.0, Avg: 0.0, Max: 0.0, Diff: 0.0, Sum: 0.0]
      [Object Copy (ms): Min: 31.1, Avg: 31.1, Max: 31.2, Diff: 0.0, Sum: 62.3]
      [Termination (ms): Min: 0.0, Avg: 0.0, Max: 0.0, Diff: 0.0, Sum: 0.0]
         [Termination Attempts: Min: 1, Avg: 1.0, Max: 1, Diff: 0, Sum: 2]
      [GC Worker Other (ms): Min: 0.0, Avg: 0.0, Max: 0.0, Diff: 0.0, Sum: 0.0]
      [GC Worker Total (ms): Min: 31.7, Avg: 31.8, Max: 31.8, Diff: 0.0, Sum: 63.5]
      [GC Worker End (ms): Min: 355183.8, Avg: 355183.8, Max: 355183.8, Diff: 0.0]
   [Code Root Fixup: 0.0 ms]
   [Code Root Purge: 0.0 ms]
   [Clear CT: 0.1 ms]
   [Other: 0.4 ms]
      [Choose CSet: 0.0 ms]
      [Ref Proc: 0.2 ms]
      [Ref Enq: 0.0 ms]
      [Redirty Cards: 0.0 ms]
      [Humongous Register: 0.0 ms]
      [Humongous Reclaim: 0.0 ms]
      [Free CSet: 0.1 ms]
   [Eden: 255.0M(255.0M)->0.0B(260.0M) Survivors: 28672.0K->23552.0K Heap: 385.5M(472.0M)->125.5M(472.0M)]
 [Times: user=0.06 sys=0.00, real=0.04 secs] 
2024-07-06T11:30:01.479+0800: 355.646: [GC pause (G1 Evacuation Pause) (young), 0.0162108 secs]
   [Parallel Time: 15.7 ms, GC Workers: 2]
      [GC Worker Start (ms): Min: 355645.6, Avg: 355645.6, Max: 355645.6, Diff: 0.0]
      [Ext Root Scanning (ms): Min: 0.5, Avg: 0.5, Max: 0.5, Diff: 0.0, Sum: 1.0]
      [Update RS (ms): Min: 0.0, Avg: 0.0, Max: 0.0, Diff: 0.0, Sum: 0.1]
         [Processed Buffers: Min: 1, Avg: 2.5, Max: 4, Diff: 3, Sum: 5]
      [Scan RS (ms): Min: 0.1, Avg: 0.1, Max: 0.1, Diff: 0.0, Sum: 0.2]
      [Code Root Scanning (ms): Min: 0.0, Avg: 0.0, Max: 0.0, Diff: 0.0, Sum: 0.0]
      [Object Copy (ms): Min: 15.0, Avg: 15.0, Max: 15.0, Diff: 0.0, Sum: 29.9]
      [Termination (ms): Min: 0.0, Avg: 0.0, Max: 0.0, Diff: 0.0, Sum: 0.0]
         [Termination Attempts: Min: 1, Avg: 1.5, Max: 2, Diff: 1, Sum: 3]
      [GC Worker Other (ms): Min: 0.0, Avg: 0.0, Max: 0.0, Diff: 0.0, Sum: 0.0]
      [GC Worker Total (ms): Min: 15.6, Avg: 15.6, Max: 15.6, Diff: 0.0, Sum: 31.2]
      [GC Worker End (ms): Min: 355661.2, Avg: 355661.2, Max: 355661.2, Diff: 0.0]
   [Code Root Fixup: 0.0 ms]
   [Code Root Purge: 0.0 ms]
   [Clear CT: 0.1 ms]
   [Other: 0.4 ms]
      [Choose CSet: 0.0 ms]
      [Ref Proc: 0.1 ms]
      [Ref Enq: 0.0 ms]
      [Redirty Cards: 0.0 ms]
      [Humongous Register: 0.0 ms]
      [Humongous Reclaim: 0.0 ms]
      [Free CSet: 0.1 ms]
   [Eden: 260.0M(260.0M)->0.0B(270.0M) Survivors: 23552.0K->13312.0K Heap: 385.5M(472.0M)->115.5M(472.0M)]
 [Times: user=0.03 sys=0.00, real=0.02 secs] 
2024-07-06T11:30:01.899+0800: 356.065: [GC pause (G1 Evacuation Pause) (young), 0.0243445 secs]
   [Parallel Time: 23.8 ms, GC Workers: 2]
      [GC Worker Start (ms): Min: 356065.5, Avg: 356065.5, Max: 356065.5, Diff: 0.0]
      [Ext Root Scanning (ms): Min: 0.5, Avg: 0.5, Max: 0.5, Diff: 0.0, Sum: 1.0]
      [Update RS (ms): Min: 0.0, Avg: 0.0, Max: 0.0, Diff: 0.0, Sum: 0.0]
         [Processed Buffers: Min: 2, Avg: 2.5, Max: 3, Diff: 1, Sum: 5]
      [Scan RS (ms): Min: 0.1, Avg: 0.1, Max: 0.1, Diff: 0.0, Sum: 0.2]
      [Code Root Scanning (ms): Min: 0.0, Avg: 0.0, Max: 0.0, Diff: 0.0, Sum: 0.0]
      [Object Copy (ms): Min: 23.1, Avg: 23.1, Max: 23.1, Diff: 0.0, Sum: 46.3]
      [Termination (ms): Min: 0.0, Avg: 0.0, Max: 0.0, Diff: 0.0, Sum: 0.0]
         [Termination Attempts: Min: 1, Avg: 1.0, Max: 1, Diff: 0, Sum: 2]
      [GC Worker Other (ms): Min: 0.0, Avg: 0.0, Max: 0.0, Diff: 0.0, Sum: 0.0]
      [GC Worker Total (ms): Min: 23.8, Avg: 23.8, Max: 23.8, Diff: 0.0, Sum: 47.5]
      [GC Worker End (ms): Min: 356089.2, Avg: 356089.2, Max: 356089.2, Diff: 0.0]
   [Code Root Fixup: 0.0 ms]
   [Code Root Purge: 0.0 ms]
   [Clear CT: 0.1 ms]
   [Other: 0.4 ms]
      [Choose CSet: 0.0 ms]
      [Ref Proc: 0.1 ms]
      [Ref Enq: 0.0 ms]
      [Redirty Cards: 0.0 ms]
      [Humongous Register: 0.0 ms]
      [Humongous Reclaim: 0.0 ms]
      [Free CSet: 0.1 ms]
   [Eden: 270.0M(270.0M)->0.0B(261.0M) Survivors: 13312.0K->22528.0K Heap: 385.5M(472.0M)->124.5M(472.0M)]
 [Times: user=0.05 sys=0.00, real=0.02 secs] 
2024-07-06T11:30:02.408+0800: 356.574: [GC pause (G1 Evacuation Pause) (young), 0.0377839 secs]
   [Parallel Time: 37.1 ms, GC Workers: 2]
      [GC Worker Start (ms): Min: 356573.9, Avg: 356573.9, Max: 356573.9, Diff: 0.0]
      [Ext Root Scanning (ms): Min: 0.6, Avg: 0.6, Max: 0.6, Diff: 0.0, Sum: 1.1]
      [Update RS (ms): Min: 0.0, Avg: 0.0, Max: 0.0, Diff: 0.0, Sum: 0.1]
         [Processed Buffers: Min: 1, Avg: 2.5, Max: 4, Diff: 3, Sum: 5]
      [Scan RS (ms): Min: 0.1, Avg: 0.1, Max: 0.1, Diff: 0.0, Sum: 0.2]
      [Code Root Scanning (ms): Min: 0.0, Avg: 0.0, Max: 0.0, Diff: 0.0, Sum: 0.0]
      [Object Copy (ms): Min: 36.3, Avg: 36.3, Max: 36.3, Diff: 0.0, Sum: 72.7]
      [Termination (ms): Min: 0.0, Avg: 0.0, Max: 0.0, Diff: 0.0, Sum: 0.0]
         [Termination Attempts: Min: 1, Avg: 1.0, Max: 1, Diff: 0, Sum: 2]
      [GC Worker Other (ms): Min: 0.0, Avg: 0.0, Max: 0.0, Diff: 0.0, Sum: 0.0]
      [GC Worker Total (ms): Min: 37.0, Avg: 37.0, Max: 37.0, Diff: 0.0, Sum: 74.1]
      [GC Worker End (ms): Min: 356610.9, Avg: 356610.9, Max: 356610.9, Diff: 0.0]
   [Code Root Fixup: 0.0 ms]
   [Code Root Purge: 0.0 ms]
   [Clear CT: 0.1 ms]
   [Other: 0.5 ms]
      [Choose CSet: 0.0 ms]
      [Ref Proc: 0.1 ms]
      [Ref Enq: 0.0 ms]
      [Redirty Cards: 0.1 ms]
      [Humongous Register: 0.0 ms]
      [Humongous Reclaim: 0.0 ms]
      [Free CSet: 0.2 ms]
   [Eden: 261.0M(261.0M)->0.0B(258.0M) Survivors: 22528.0K->25600.0K Heap: 385.5M(472.0M)->127.0M(472.0M)]
 [Times: user=0.08 sys=0.00, real=0.03 secs] 
2024-07-06T11:30:02.942+0800: 357.108: [GC pause (G1 Evacuation Pause) (young), 0.0234973 secs]
   [Parallel Time: 23.0 ms, GC Workers: 2]
      [GC Worker Start (ms): Min: 357108.4, Avg: 357108.4, Max: 357108.4, Diff: 0.0]
      [Ext Root Scanning (ms): Min: 0.4, Avg: 0.5, Max: 0.5, Diff: 0.0, Sum: 0.9]
      [Update RS (ms): Min: 0.0, Avg: 0.0, Max: 0.0, Diff: 0.0, Sum: 0.0]
         [Processed Buffers: Min: 2, Avg: 2.5, Max: 3, Diff: 1, Sum: 5]
      [Scan RS (ms): Min: 0.1, Avg: 0.1, Max: 0.1, Diff: 0.0, Sum: 0.2]
      [Code Root Scanning (ms): Min: 0.0, Avg: 0.0, Max: 0.0, Diff: 0.0, Sum: 0.0]
      [Object Copy (ms): Min: 22.3, Avg: 22.3, Max: 22.3, Diff: 0.0, Sum: 44.6]
      [Termination (ms): Min: 0.0, Avg: 0.0, Max: 0.0, Diff: 0.0, Sum: 0.0]
         [Termination Attempts: Min: 1, Avg: 1.0, Max: 1, Diff: 0, Sum: 2]
      [GC Worker Other (ms): Min: 0.0, Avg: 0.0, Max: 0.0, Diff: 0.0, Sum: 0.0]
      [GC Worker Total (ms): Min: 22.9, Avg: 22.9, Max: 22.9, Diff: 0.0, Sum: 45.9]
      [GC Worker End (ms): Min: 357131.3, Avg: 357131.3, Max: 357131.3, Diff: 0.0]
   [Code Root Fixup: 0.0 ms]
   [Code Root Purge: 0.0 ms]
   [Clear CT: 0.1 ms]
   [Other: 0.4 ms]
      [Choose CSet: 0.0 ms]
      [Ref Proc: 0.1 ms]
      [Ref Enq: 0.0 ms]
      [Redirty Cards: 0.0 ms]
      [Humongous Register: 0.0 ms]
      [Humongous Reclaim: 0.0 ms]
      [Free CSet: 0.2 ms]
   [Eden: 258.0M(258.0M)->0.0B(264.0M) Survivors: 25600.0K->19456.0K Heap: 385.0M(472.0M)->121.5M(472.0M)]
 [Times: user=0.04 sys=0.00, real=0.02 secs] 
2024-07-06T11:30:03.417+0800: 357.583: [GC pause (G1 Evacuation Pause) (young), 0.0271343 secs]
   [Parallel Time: 26.6 ms, GC Workers: 2]
      [GC Worker Start (ms): Min: 357583.5, Avg: 357583.5, Max: 357583.5, Diff: 0.0]
      [Ext Root Scanning (ms): Min: 0.6, Avg: 0.6, Max: 0.6, Diff: 0.0, Sum: 1.2]
      [Update RS (ms): Min: 0.0, Avg: 0.0, Max: 0.0, Diff: 0.0, Sum: 0.1]
         [Processed Buffers: Min: 1, Avg: 2.5, Max: 4, Diff: 3, Sum: 5]
      [Scan RS (ms): Min: 0.1, Avg: 0.1, Max: 0.1, Diff: 0.0, Sum: 0.2]
      [Code Root Scanning (ms): Min: 0.0, Avg: 0.0, Max: 0.0, Diff: 0.0, Sum: 0.0]
      [Object Copy (ms): Min: 25.8, Avg: 25.8, Max: 25.8, Diff: 0.0, Sum: 51.6]
      [Termination (ms): Min: 0.0, Avg: 0.0, Max: 0.0, Diff: 0.0, Sum: 0.0]
         [Termination Attempts: Min: 2, Avg: 2.0, Max: 2, Diff: 0, Sum: 4]
      [GC Worker Other (ms): Min: 0.0, Avg: 0.0, Max: 0.0, Diff: 0.0, Sum: 0.0]
      [GC Worker Total (ms): Min: 26.5, Avg: 26.5, Max: 26.6, Diff: 0.0, Sum: 53.1]
      [GC Worker End (ms): Min: 357610.0, Avg: 357610.0, Max: 357610.0, Diff: 0.0]
   [Code Root Fixup: 0.0 ms]
   [Code Root Purge: 0.0 ms]
   [Clear CT: 0.1 ms]
   [Other: 0.4 ms]
      [Choose CSet: 0.0 ms]
      [Ref Proc: 0.1 ms]
      [Ref Enq: 0.0 ms]
      [Redirty Cards: 0.0 ms]
      [Humongous Register: 0.0 ms]
      [Humongous Reclaim: 0.0 ms]
      [Free CSet: 0.1 ms]
   [Eden: 264.0M(264.0M)->0.0B(262.0M) Survivors: 19456.0K->21504.0K Heap: 385.5M(472.0M)->123.5M(472.0M)]
 [Times: user=0.06 sys=0.00, real=0.02 secs] 
2024-07-06T11:30:03.856+0800: 358.023: [GC pause (G1 Evacuation Pause) (young), 0.0368576 secs]
   [Parallel Time: 36.3 ms, GC Workers: 2]
      [GC Worker Start (ms): Min: 358022.7, Avg: 358022.7, Max: 358022.7, Diff: 0.0]
      [Ext Root Scanning (ms): Min: 0.5, Avg: 0.5, Max: 0.5, Diff: 0.0, Sum: 1.1]
      [Update RS (ms): Min: 0.0, Avg: 0.0, Max: 0.0, Diff: 0.0, Sum: 0.0]
         [Processed Buffers: Min: 2, Avg: 2.5, Max: 3, Diff: 1, Sum: 5]
      [Scan RS (ms): Min: 0.1, Avg: 0.1, Max: 0.1, Diff: 0.0, Sum: 0.2]
      [Code Root Scanning (ms): Min: 0.0, Avg: 0.0, Max: 0.0, Diff: 0.0, Sum: 0.0]
      [Object Copy (ms): Min: 35.6, Avg: 35.6, Max: 35.6, Diff: 0.0, Sum: 71.1]
      [Termination (ms): Min: 0.0, Avg: 0.0, Max: 0.0, Diff: 0.0, Sum: 0.0]
         [Termination Attempts: Min: 1, Avg: 1.0, Max: 1, Diff: 0, Sum: 2]
      [GC Worker Other (ms): Min: 0.0, Avg: 0.0, Max: 0.0, Diff: 0.0, Sum: 0.0]
      [GC Worker Total (ms): Min: 36.2, Avg: 36.2, Max: 36.2, Diff: 0.0, Sum: 72.5]
      [GC Worker End (ms): Min: 358058.9, Avg: 358059.0, Max: 358059.0, Diff: 0.0]
   [Code Root Fixup: 0.0 ms]
   [Code Root Purge: 0.0 ms]
   [Clear CT: 0.1 ms]
   [Other: 0.4 ms]
      [Choose CSet: 0.0 ms]
      [Ref Proc: 0.1 ms]
      [Ref Enq: 0.0 ms]
      [Redirty Cards: 0.0 ms]
      [Humongous Register: 0.0 ms]
      [Humongous Reclaim: 0.0 ms]
      [Free CSet: 0.2 ms]
   [Eden: 262.0M(262.0M)->0.0B(254.0M) Survivors: 21504.0K->29696.0K Heap: 385.5M(472.0M)->131.0M(472.0M)]
 [Times: user=0.07 sys=0.00, real=0.03 secs] 
2024-07-06T11:30:04.328+0800: 358.494: [GC pause (G1 Evacuation Pause) (young), 0.0314984 secs]
   [Parallel Time: 31.0 ms, GC Workers: 2]
      [GC Worker Start (ms): Min: 358494.2, Avg: 358494.2, Max: 358494.2, Diff: 0.0]
      [Ext Root Scanning (ms): Min: 0.5, Avg: 0.5, Max: 0.6, Diff: 0.1, Sum: 1.1]
      [Update RS (ms): Min: 0.0, Avg: 0.0, Max: 0.0, Diff: 0.0, Sum: 0.1]
         [Processed Buffers: Min: 1, Avg: 2.5, Max: 4, Diff: 3, Sum: 5]
      [Scan RS (ms): Min: 0.1, Avg: 0.1, Max: 0.1, Diff: 0.0, Sum: 0.2]
      [Code Root Scanning (ms): Min: 0.0, Avg: 0.0, Max: 0.0, Diff: 0.0, Sum: 0.0]
      [Object Copy (ms): Min: 30.2, Avg: 30.2, Max: 30.3, Diff: 0.1, Sum: 60.5]
      [Termination (ms): Min: 0.0, Avg: 0.0, Max: 0.0, Diff: 0.0, Sum: 0.0]
         [Termination Attempts: Min: 1, Avg: 1.0, Max: 1, Diff: 0, Sum: 2]
      [GC Worker Other (ms): Min: 0.0, Avg: 0.0, Max: 0.0, Diff: 0.0, Sum: 0.0]
      [GC Worker Total (ms): Min: 30.9, Avg: 30.9, Max: 30.9, Diff: 0.0, Sum: 61.8]
      [GC Worker End (ms): Min: 358525.1, Avg: 358525.1, Max: 358525.1, Diff: 0.0]
   [Code Root Fixup: 0.0 ms]
   [Code Root Purge: 0.0 ms]
   [Clear CT: 0.1 ms]
   [Other: 0.4 ms]
      [Choose CSet: 0.0 ms]
      [Ref Proc: 0.1 ms]
      [Ref Enq: 0.0 ms]
      [Redirty Cards: 0.0 ms]
      [Humongous Register: 0.0 ms]
      [Humongous Reclaim: 0.0 ms]
      [Free CSet: 0.1 ms]
   [Eden: 254.0M(254.0M)->0.0B(259.0M) Survivors: 29696.0K->24576.0K Heap: 385.0M(472.0M)->126.0M(472.0M)]
 [Times: user=0.06 sys=0.00, real=0.03 secs] 
2024-07-06T11:30:04.779+0800: 358.945: [GC pause (G1 Evacuation Pause) (young), 0.0240991 secs]
   [Parallel Time: 22.6 ms, GC Workers: 2]
      [GC Worker Start (ms): Min: 358945.5, Avg: 358945.6, Max: 358945.6, Diff: 0.0]
      [Ext Root Scanning (ms): Min: 0.5, Avg: 0.5, Max: 0.5, Diff: 0.0, Sum: 1.0]
      [Update RS (ms): Min: 0.0, Avg: 0.0, Max: 0.0, Diff: 0.0, Sum: 0.0]
         [Processed Buffers: Min: 2, Avg: 2.5, Max: 3, Diff: 1, Sum: 5]
      [Scan RS (ms): Min: 0.1, Avg: 0.1, Max: 0.1, Diff: 0.0, Sum: 0.2]
      [Code Root Scanning (ms): Min: 0.0, Avg: 0.0, Max: 0.0, Diff: 0.0, Sum: 0.0]
      [Object Copy (ms): Min: 21.5, Avg: 21.7, Max: 21.9, Diff: 0.4, Sum: 43.4]
      [Termination (ms): Min: 0.0, Avg: 0.2, Max: 0.4, Diff: 0.4, Sum: 0.4]
         [Termination Attempts: Min: 1, Avg: 1.0, Max: 1, Diff: 0, Sum: 2]
      [GC Worker Other (ms): Min: 0.0, Avg: 0.0, Max: 0.0, Diff: 0.0, Sum: 0.0]
      [GC Worker Total (ms): Min: 22.5, Avg: 22.5, Max: 22.5, Diff: 0.0, Sum: 45.0]
      [GC Worker End (ms): Min: 358968.0, Avg: 358968.0, Max: 358968.1, Diff: 0.0]
   [Code Root Fixup: 0.0 ms]
   [Code Root Purge: 0.0 ms]
   [Clear CT: 0.1 ms]
   [Other: 1.4 ms]
      [Choose CSet: 0.0 ms]
      [Ref Proc: 0.1 ms]
      [Ref Enq: 0.0 ms]
      [Redirty Cards: 1.1 ms]
      [Humongous Register: 0.0 ms]
      [Humongous Reclaim: 0.0 ms]
      [Free CSet: 0.2 ms]
   [Eden: 259.0M(259.0M)->0.0B(266.0M) Survivors: 24576.0K->17408.0K Heap: 385.0M(472.0M)->119.0M(472.0M)]
 [Times: user=0.04 sys=0.00, real=0.02 secs] 
2024-07-06T11:30:05.215+0800: 359.381: [GC pause (G1 Evacuation Pause) (young), 0.0309929 secs]
   [Parallel Time: 30.5 ms, GC Workers: 2]
      [GC Worker Start (ms): Min: 359381.5, Avg: 359382.0, Max: 359382.5, Diff: 1.0]
      [Ext Root Scanning (ms): Min: 0.0, Avg: 0.4, Max: 0.9, Diff: 0.9, Sum: 0.9]
      [Update RS (ms): Min: 0.0, Avg: 0.0, Max: 0.0, Diff: 0.0, Sum: 0.0]
         [Processed Buffers: Min: 0, Avg: 2.5, Max: 5, Diff: 5, Sum: 5]
      [Scan RS (ms): Min: 0.0, Avg: 0.1, Max: 0.2, Diff: 0.2, Sum: 0.2]
      [Code Root Scanning (ms): Min: 0.0, Avg: 0.0, Max: 0.0, Diff: 0.0, Sum: 0.0]
      [Object Copy (ms): Min: 29.2, Avg: 29.3, Max: 29.5, Diff: 0.3, Sum: 58.7]
      [Termination (ms): Min: 0.0, Avg: 0.0, Max: 0.0, Diff: 0.0, Sum: 0.0]
         [Termination Attempts: Min: 1, Avg: 1.0, Max: 1, Diff: 0, Sum: 2]
      [GC Worker Other (ms): Min: 0.0, Avg: 0.0, Max: 0.0, Diff: 0.0, Sum: 0.0]
      [GC Worker Total (ms): Min: 29.5, Avg: 30.0, Max: 30.5, Diff: 1.0, Sum: 59.9]
      [GC Worker End (ms): Min: 359412.0, Avg: 359412.0, Max: 359412.0, Diff: 0.0]
   [Code Root Fixup: 0.0 ms]
   [Code Root Purge: 0.0 ms]
   [Clear CT: 0.1 ms]
   [Other: 0.4 ms]
      [Choose CSet: 0.0 ms]
      [Ref Proc: 0.1 ms]
      [Ref Enq: 0.0 ms]
      [Redirty Cards: 0.0 ms]
      [Humongous Register: 0.0 ms]
      [Humongous Reclaim: 0.0 ms]
      [Free CSet: 0.1 ms]
   [Eden: 266.0M(266.0M)->0.0B(260.0M) Survivors: 17408.0K->23552.0K Heap: 385.0M(472.0M)->125.0M(472.0M)]
 [Times: user=0.06 sys=0.00, real=0.02 secs] 
2024-07-06T11:30:05.680+0800: 359.846: [GC pause (G1 Evacuation Pause) (young), 0.0130656 secs]
   [Parallel Time: 12.6 ms, GC Workers: 2]
      [GC Worker Start (ms): Min: 359846.5, Avg: 359846.6, Max: 359846.6, Diff: 0.0]
      [Ext Root Scanning (ms): Min: 0.5, Avg: 0.5, Max: 0.5, Diff: 0.0, Sum: 1.0]
      [Update RS (ms): Min: 0.0, Avg: 0.0, Max: 0.0, Diff: 0.0, Sum: 0.0]
         [Processed Buffers: Min: 2, Avg: 2.5, Max: 3, Diff: 1, Sum: 5]
      [Scan RS (ms): Min: 0.1, Avg: 0.1, Max: 0.1, Diff: 0.0, Sum: 0.2]
      [Code Root Scanning (ms): Min: 0.0, Avg: 0.0, Max: 0.0, Diff: 0.0, Sum: 0.0]
      [Object Copy (ms): Min: 11.9, Avg: 11.9, Max: 11.9, Diff: 0.0, Sum: 23.8]
      [Termination (ms): Min: 0.0, Avg: 0.0, Max: 0.0, Diff: 0.0, Sum: 0.0]
         [Termination Attempts: Min: 2, Avg: 2.5, Max: 3, Diff: 1, Sum: 5]
      [GC Worker Other (ms): Min: 0.0, Avg: 0.0, Max: 0.0, Diff: 0.0, Sum: 0.0]
      [GC Worker Total (ms): Min: 12.5, Avg: 12.5, Max: 12.5, Diff: 0.0, Sum: 25.0]
      [GC Worker End (ms): Min: 359859.0, Avg: 359859.0, Max: 359859.0, Diff: 0.0]
   [Code Root Fixup: 0.0 ms]
   [Code Root Purge: 0.0 ms]
   [Clear CT: 0.1 ms]
   [Other: 0.4 ms]
      [Choose CSet: 0.0 ms]
      [Ref Proc: 0.1 ms]
      [Ref Enq: 0.0 ms]
      [Redirty Cards: 0.0 ms]
      [Humongous Register: 0.0 ms]
      [Humongous Reclaim: 0.0 ms]
      [Free CSet: 0.1 ms]
   [Eden: 260.0M(260.0M)->0.0B(268.0M) Survivors: 23552.0K->15360.0K Heap: 385.0M(472.0M)->117.0M(472.0M)]
 [Times: user=0.03 sys=0.00, real=0.01 secs] 
2024-07-06T11:30:06.071+0800: 360.237: [GC pause (G1 Evacuation Pause) (young), 0.0286016 secs]
   [Parallel Time: 28.0 ms, GC Workers: 2]
      [GC Worker Start (ms): Min: 360237.5, Avg: 360237.5, Max: 360237.5, Diff: 0.0]
      [Ext Root Scanning (ms): Min: 0.5, Avg: 0.5, Max: 0.5, Diff: 0.0, Sum: 1.1]
      [Update RS (ms): Min: 0.0, Avg: 0.0, Max: 0.0, Diff: 0.0, Sum: 0.0]
         [Processed Buffers: Min: 1, Avg: 2.5, Max: 4, Diff: 3, Sum: 5]
      [Scan RS (ms): Min: 0.1, Avg: 0.1, Max: 0.1, Diff: 0.0, Sum: 0.2]
      [Code Root Scanning (ms): Min: 0.0, Avg: 0.0, Max: 0.0, Diff: 0.0, Sum: 0.0]
      [Object Copy (ms): Min: 27.3, Avg: 27.3, Max: 27.3, Diff: 0.0, Sum: 54.7]
      [Termination (ms): Min: 0.0, Avg: 0.0, Max: 0.0, Diff: 0.0, Sum: 0.0]
         [Termination Attempts: Min: 1, Avg: 1.0, Max: 1, Diff: 0, Sum: 2]
      [GC Worker Other (ms): Min: 0.0, Avg: 0.0, Max: 0.0, Diff: 0.0, Sum: 0.0]
      [GC Worker Total (ms): Min: 28.0, Avg: 28.0, Max: 28.0, Diff: 0.0, Sum: 56.0]
      [GC Worker End (ms): Min: 360265.5, Avg: 360265.5, Max: 360265.5, Diff: 0.0]
   [Code Root Fixup: 0.0 ms]
   [Code Root Purge: 0.0 ms]
   [Clear CT: 0.1 ms]
   [Other: 0.4 ms]
      [Choose CSet: 0.0 ms]
      [Ref Proc: 0.1 ms]
      [Ref Enq: 0.0 ms]
      [Redirty Cards: 0.0 ms]
      [Humongous Register: 0.0 ms]
      [Humongous Reclaim: 0.0 ms]
      [Free CSet: 0.2 ms]
   [Eden: 268.0M(268.0M)->0.0B(255.0M) Survivors: 15360.0K->28672.0K Heap: 385.0M(472.0M)->130.5M(472.0M)]
 [Times: user=0.06 sys=0.00, real=0.03 secs] 
2024-07-06T11:30:06.557+0800: 360.723: [GC pause (G1 Evacuation Pause) (young), 0.0241629 secs]
   [Parallel Time: 23.7 ms, GC Workers: 2]
      [GC Worker Start (ms): Min: 360723.3, Avg: 360723.3, Max: 360723.4, Diff: 0.0]
      [Ext Root Scanning (ms): Min: 0.4, Avg: 0.5, Max: 0.5, Diff: 0.0, Sum: 0.9]
      [Update RS (ms): Min: 0.0, Avg: 0.0, Max: 0.0, Diff: 0.0, Sum: 0.0]
         [Processed Buffers: Min: 2, Avg: 2.5, Max: 3, Diff: 1, Sum: 5]
      [Scan RS (ms): Min: 0.1, Avg: 0.1, Max: 0.1, Diff: 0.0, Sum: 0.2]
      [Code Root Scanning (ms): Min: 0.0, Avg: 0.0, Max: 0.0, Diff: 0.0, Sum: 0.0]
      [Object Copy (ms): Min: 23.0, Avg: 23.0, Max: 23.0, Diff: 0.0, Sum: 46.0]
      [Termination (ms): Min: 0.0, Avg: 0.0, Max: 0.0, Diff: 0.0, Sum: 0.0]
         [Termination Attempts: Min: 1, Avg: 1.0, Max: 1, Diff: 0, Sum: 2]
      [GC Worker Other (ms): Min: 0.0, Avg: 0.0, Max: 0.0, Diff: 0.0, Sum: 0.0]
      [GC Worker Total (ms): Min: 23.6, Avg: 23.6, Max: 23.6, Diff: 0.0, Sum: 47.2]
      [GC Worker End (ms): Min: 360746.9, Avg: 360746.9, Max: 360746.9, Diff: 0.0]
   [Code Root Fixup: 0.0 ms]
   [Code Root Purge: 0.0 ms]
   [Clear CT: 0.1 ms]
   [Other: 0.4 ms]
      [Choose CSet: 0.0 ms]
      [Ref Proc: 0.1 ms]
      [Ref Enq: 0.0 ms]
      [Redirty Cards: 0.0 ms]
      [Humongous Register: 0.0 ms]
      [Humongous Reclaim: 0.0 ms]
      [Free CSet: 0.1 ms]
   [Eden: 255.0M(255.0M)->0.0B(259.0M) Survivors: 28672.0K->24576.0K Heap: 385.5M(472.0M)->126.0M(472.0M)]
 [Times: user=0.05 sys=0.00, real=0.02 secs] 
2024-07-06T11:30:06.987+0800: 361.153: [GC pause (G1 Evacuation Pause) (young), 0.0348505 secs]
   [Parallel Time: 34.3 ms, GC Workers: 2]
      [GC Worker Start (ms): Min: 361152.9, Avg: 361152.9, Max: 361152.9, Diff: 0.0]
      [Ext Root Scanning (ms): Min: 0.5, Avg: 0.5, Max: 0.5, Diff: 0.0, Sum: 1.0]
      [Update RS (ms): Min: 0.0, Avg: 0.0, Max: 0.0, Diff: 0.0, Sum: 0.0]
         [Processed Buffers: Min: 1, Avg: 2.5, Max: 4, Diff: 3, Sum: 5]
      [Scan RS (ms): Min: 0.1, Avg: 0.1, Max: 0.1, Diff: 0.0, Sum: 0.2]
      [Code Root Scanning (ms): Min: 0.0, Avg: 0.0, Max: 0.0, Diff: 0.0, Sum: 0.0]
      [Object Copy (ms): Min: 33.6, Avg: 33.6, Max: 33.6, Diff: 0.0, Sum: 67.3]
      [Termination (ms): Min: 0.0, Avg: 0.0, Max: 0.0, Diff: 0.0, Sum: 0.0]
         [Termination Attempts: Min: 1, Avg: 1.0, Max: 1, Diff: 0, Sum: 2]
      [GC Worker Other (ms): Min: 0.0, Avg: 0.0, Max: 0.0, Diff: 0.0, Sum: 0.0]
      [GC Worker Total (ms): Min: 34.3, Avg: 34.3, Max: 34.3, Diff: 0.0, Sum: 68.6]
      [GC Worker End (ms): Min: 361187.2, Avg: 361187.2, Max: 361187.2, Diff: 0.0]
   [Code Root Fixup: 0.0 ms]
   [Code Root Purge: 0.0 ms]
   [Clear CT: 0.1 ms]
   [Other: 0.4 ms]
      [Choose CSet: 0.0 ms]
      [Ref Proc: 0.1 ms]
      [Ref Enq: 0.0 ms]
      [Redirty Cards: 0.0 ms]
      [Humongous Register: 0.0 ms]
      [Humongous Reclaim: 0.0 ms]
      [Free CSet: 0.1 ms]
   [Eden: 259.0M(259.0M)->0.0B(254.0M) Survivors: 24576.0K->29696.0K Heap: 385.0M(472.0M)->131.5M(472.0M)]
 [Times: user=0.07 sys=0.00, real=0.04 secs] 
2024-07-06T11:30:07.472+0800: 361.638: [GC pause (G1 Evacuation Pause) (young), 0.0381028 secs]
   [Parallel Time: 37.4 ms, GC Workers: 2]
      [GC Worker Start (ms): Min: 361638.3, Avg: 361638.3, Max: 361638.3, Diff: 0.0]
      [Ext Root Scanning (ms): Min: 0.5, Avg: 0.5, Max: 0.5, Diff: 0.0, Sum: 1.0]
      [Update RS (ms): Min: 0.0, Avg: 0.0, Max: 0.0, Diff: 0.0, Sum: 0.1]
         [Processed Buffers: Min: 2, Avg: 2.5, Max: 3, Diff: 1, Sum: 5]
      [Scan RS (ms): Min: 0.1, Avg: 0.1, Max: 0.1, Diff: 0.0, Sum: 0.2]
      [Code Root Scanning (ms): Min: 0.0, Avg: 0.0, Max: 0.0, Diff: 0.0, Sum: 0.0]
      [Object Copy (ms): Min: 36.7, Avg: 36.7, Max: 36.7, Diff: 0.0, Sum: 73.4]
      [Termination (ms): Min: 0.0, Avg: 0.0, Max: 0.0, Diff: 0.0, Sum: 0.0]
         [Termination Attempts: Min: 1, Avg: 1.0, Max: 1, Diff: 0, Sum: 2]
      [GC Worker Other (ms): Min: 0.0, Avg: 0.0, Max: 0.0, Diff: 0.0, Sum: 0.0]
      [GC Worker Total (ms): Min: 37.4, Avg: 37.4, Max: 37.4, Diff: 0.0, Sum: 74.7]
      [GC Worker End (ms): Min: 361675.7, Avg: 361675.7, Max: 361675.7, Diff: 0.0]
   [Code Root Fixup: 0.0 ms]
   [Code Root Purge: 0.0 ms]
   [Clear CT: 0.1 ms]
   [Other: 0.5 ms]
      [Choose CSet: 0.0 ms]
      [Ref Proc: 0.1 ms]
      [Ref Enq: 0.0 ms]
      [Redirty Cards: 0.1 ms]
      [Humongous Register: 0.0 ms]
      [Humongous Reclaim: 0.0 ms]
      [Free CSet: 0.2 ms]
   [Eden: 254.0M(254.0M)->0.0B(257.0M) Survivors: 29696.0K->26624.0K Heap: 385.5M(472.0M)->128.0M(472.0M)]
 [Times: user=0.08 sys=0.00, real=0.04 secs] 
2024-07-06T11:30:07.927+0800: 362.093: [GC pause (G1 Evacuation Pause) (young), 0.0167458 secs]
   [Parallel Time: 16.2 ms, GC Workers: 2]
      [GC Worker Start (ms): Min: 362093.5, Avg: 362093.5, Max: 362093.5, Diff: 0.0]
      [Ext Root Scanning (ms): Min: 0.5, Avg: 0.5, Max: 0.5, Diff: 0.0, Sum: 1.0]
      [Update RS (ms): Min: 0.0, Avg: 0.0, Max: 0.0, Diff: 0.0, Sum: 0.0]
         [Processed Buffers: Min: 1, Avg: 2.5, Max: 4, Diff: 3, Sum: 5]
      [Scan RS (ms): Min: 0.1, Avg: 0.1, Max: 0.1, Diff: 0.0, Sum: 0.2]
      [Code Root Scanning (ms): Min: 0.0, Avg: 0.0, Max: 0.0, Diff: 0.0, Sum: 0.0]
      [Object Copy (ms): Min: 15.6, Avg: 15.6, Max: 15.6, Diff: 0.0, Sum: 31.2]
      [Termination (ms): Min: 0.0, Avg: 0.0, Max: 0.0, Diff: 0.0, Sum: 0.0]
         [Termination Attempts: Min: 1, Avg: 1.0, Max: 1, Diff: 0, Sum: 2]
      [GC Worker Other (ms): Min: 0.0, Avg: 0.0, Max: 0.0, Diff: 0.0, Sum: 0.0]
      [GC Worker Total (ms): Min: 16.2, Avg: 16.2, Max: 16.2, Diff: 0.0, Sum: 32.4]
      [GC Worker End (ms): Min: 362109.7, Avg: 362109.7, Max: 362109.7, Diff: 0.0]
   [Code Root Fixup: 0.0 ms]
   [Code Root Purge: 0.0 ms]
   [Clear CT: 0.1 ms]
   [Other: 0.4 ms]
      [Choose CSet: 0.0 ms]
      [Ref Proc: 0.1 ms]
      [Ref Enq: 0.0 ms]
      [Redirty Cards: 0.0 ms]
      [Humongous Register: 0.0 ms]
      [Humongous Reclaim: 0.0 ms]
      [Free CSet: 0.2 ms]
   [Eden: 257.0M(257.0M)->0.0B(268.0M) Survivors: 26624.0K->15360.0K Heap: 385.0M(472.0M)->117.5M(472.0M)]
 [Times: user=0.04 sys=0.00, real=0.01 secs] 
2024-07-06T11:30:08.383+0800: 362.549: [GC pause (G1 Evacuation Pause) (young), 0.0300203 secs]
   [Parallel Time: 29.3 ms, GC Workers: 2]
      [GC Worker Start (ms): Min: 362549.6, Avg: 362549.6, Max: 362549.6, Diff: 0.0]
      [Ext Root Scanning (ms): Min: 0.6, Avg: 0.6, Max: 0.6, Diff: 0.0, Sum: 1.2]
      [Update RS (ms): Min: 0.0, Avg: 0.0, Max: 0.0, Diff: 0.0, Sum: 0.1]
         [Processed Buffers: Min: 1, Avg: 2.5, Max: 4, Diff: 3, Sum: 5]
      [Scan RS (ms): Min: 0.1, Avg: 0.1, Max: 0.1, Diff: 0.0, Sum: 0.2]
      [Code Root Scanning (ms): Min: 0.0, Avg: 0.0, Max: 0.0, Diff: 0.0, Sum: 0.0]
      [Object Copy (ms): Min: 28.5, Avg: 28.5, Max: 28.6, Diff: 0.1, Sum: 57.1]
      [Termination (ms): Min: 0.0, Avg: 0.0, Max: 0.0, Diff: 0.0, Sum: 0.0]
         [Termination Attempts: Min: 3, Avg: 5.0, Max: 7, Diff: 4, Sum: 10]
      [GC Worker Other (ms): Min: 0.0, Avg: 0.0, Max: 0.0, Diff: 0.0, Sum: 0.0]
      [GC Worker Total (ms): Min: 29.3, Avg: 29.3, Max: 29.3, Diff: 0.0, Sum: 58.5]
      [GC Worker End (ms): Min: 362578.9, Avg: 362578.9, Max: 362578.9, Diff: 0.0]
   [Code Root Fixup: 0.0 ms]
   [Code Root Purge: 0.0 ms]
   [Clear CT: 0.2 ms]
   [Other: 0.5 ms]
      [Choose CSet: 0.0 ms]
      [Ref Proc: 0.1 ms]
      [Ref Enq: 0.0 ms]
      [Redirty Cards: 0.1 ms]
      [Humongous Register: 0.0 ms]
      [Humongous Reclaim: 0.0 ms]
      [Free CSet: 0.2 ms]
   [Eden: 268.0M(268.0M)->0.0B(262.0M) Survivors: 15360.0K->21504.0K Heap: 385.5M(472.0M)->123.0M(472.0M)]
 [Times: user=0.06 sys=0.00, real=0.03 secs] 
2024-07-06T11:30:08.861+0800: 363.027: [GC pause (G1 Evacuation Pause) (young), 0.0304908 secs]
   [Parallel Time: 29.9 ms, GC Workers: 2]
      [GC Worker Start (ms): Min: 363027.3, Avg: 363027.3, Max: 363027.3, Diff: 0.0]
      [Ext Root Scanning (ms): Min: 0.6, Avg: 0.6, Max: 0.6, Diff: 0.0, Sum: 1.1]
      [Update RS (ms): Min: 0.0, Avg: 0.0, Max: 0.0, Diff: 0.0, Sum: 0.0]
         [Processed Buffers: Min: 2, Avg: 2.5, Max: 3, Diff: 1, Sum: 5]
      [Scan RS (ms): Min: 0.1, Avg: 0.1, Max: 0.1, Diff: 0.0, Sum: 0.2]
      [Code Root Scanning (ms): Min: 0.0, Avg: 0.0, Max: 0.0, Diff: 0.0, Sum: 0.0]
      [Object Copy (ms): Min: 29.1, Avg: 29.1, Max: 29.1, Diff: 0.0, Sum: 58.2]
      [Termination (ms): Min: 0.0, Avg: 0.0, Max: 0.0, Diff: 0.0, Sum: 0.0]
         [Termination Attempts: Min: 1, Avg: 1.0, Max: 1, Diff: 0, Sum: 2]
      [GC Worker Other (ms): Min: 0.0, Avg: 0.0, Max: 0.0, Diff: 0.0, Sum: 0.0]
      [GC Worker Total (ms): Min: 29.8, Avg: 29.8, Max: 29.8, Diff: 0.0, Sum: 59.6]
      [GC Worker End (ms): Min: 363057.1, Avg: 363057.1, Max: 363057.1, Diff: 0.0]
   [Code Root Fixup: 0.0 ms]
   [Code Root Purge: 0.0 ms]
   [Clear CT: 0.1 ms]
   [Other: 0.5 ms]
      [Choose CSet: 0.0 ms]
      [Ref Proc: 0.1 ms]
      [Ref Enq: 0.0 ms]
      [Redirty Cards: 0.1 ms]
      [Humongous Register: 0.0 ms]
      [Humongous Reclaim: 0.0 ms]
      [Free CSet: 0.1 ms]
   [Eden: 262.0M(262.0M)->0.0B(258.0M) Survivors: 21504.0K->25600.0K Heap: 385.0M(472.0M)->127.0M(472.0M)]
 [Times: user=0.06 sys=0.00, real=0.03 secs] 
2024-07-06T11:30:09.383+0800: 363.549: [GC pause (G1 Evacuation Pause) (young), 0.0231077 secs]
   [Parallel Time: 22.6 ms, GC Workers: 2]
      [GC Worker Start (ms): Min: 363549.5, Avg: 363549.6, Max: 363549.6, Diff: 0.0]
      [Ext Root Scanning (ms): Min: 0.5, Avg: 0.5, Max: 0.5, Diff: 0.0, Sum: 1.1]
      [Update RS (ms): Min: 0.0, Avg: 0.0, Max: 0.0, Diff: 0.0, Sum: 0.1]
         [Processed Buffers: Min: 1, Avg: 2.5, Max: 4, Diff: 3, Sum: 5]
      [Scan RS (ms): Min: 0.1, Avg: 0.1, Max: 0.1, Diff: 0.0, Sum: 0.2]
      [Code Root Scanning (ms): Min: 0.0, Avg: 0.0, Max: 0.0, Diff: 0.0, Sum: 0.0]
      [Object Copy (ms): Min: 21.8, Avg: 21.8, Max: 21.8, Diff: 0.0, Sum: 43.6]
      [Termination (ms): Min: 0.0, Avg: 0.0, Max: 0.0, Diff: 0.0, Sum: 0.0]
         [Termination Attempts: Min: 1, Avg: 1.0, Max: 1, Diff: 0, Sum: 2]
      [GC Worker Other (ms): Min: 0.0, Avg: 0.0, Max: 0.0, Diff: 0.0, Sum: 0.0]
      [GC Worker Total (ms): Min: 22.5, Avg: 22.5, Max: 22.5, Diff: 0.0, Sum: 45.0]
      [GC Worker End (ms): Min: 363572.0, Avg: 363572.1, Max: 363572.1, Diff: 0.0]
   [Code Root Fixup: 0.0 ms]
   [Code Root Purge: 0.0 ms]
   [Clear CT: 0.1 ms]
   [Other: 0.4 ms]
      [Choose CSet: 0.0 ms]
      [Ref Proc: 0.1 ms]
      [Ref Enq: 0.0 ms]
      [Redirty Cards: 0.1 ms]
      [Humongous Register: 0.0 ms]
      [Humongous Reclaim: 0.0 ms]
      [Free CSet: 0.2 ms]
   [Eden: 258.0M(258.0M)->0.0B(266.0M) Survivors: 25600.0K->17408.0K Heap: 385.0M(472.0M)->119.5M(472.0M)]
 [Times: user=0.04 sys=0.01, real=0.02 secs] 
2024-07-06T11:30:09.826+0800: 363.992: [GC pause (G1 Evacuation Pause) (young), 0.0257777 secs]
   [Parallel Time: 25.3 ms, GC Workers: 2]
      [GC Worker Start (ms): Min: 363992.4, Avg: 363992.4, Max: 363992.4, Diff: 0.0]
      [Ext Root Scanning (ms): Min: 0.5, Avg: 0.5, Max: 0.5, Diff: 0.0, Sum: 1.0]
      [Update RS (ms): Min: 0.0, Avg: 0.0, Max: 0.0, Diff: 0.0, Sum: 0.1]
         [Processed Buffers: Min: 1, Avg: 2.5, Max: 4, Diff: 3, Sum: 5]
      [Scan RS (ms): Min: 0.1, Avg: 0.1, Max: 0.1, Diff: 0.0, Sum: 0.2]
      [Code Root Scanning (ms): Min: 0.0, Avg: 0.0, Max: 0.0, Diff: 0.0, Sum: 0.0]
      [Object Copy (ms): Min: 24.6, Avg: 24.6, Max: 24.6, Diff: 0.0, Sum: 49.1]
      [Termination (ms): Min: 0.0, Avg: 0.0, Max: 0.0, Diff: 0.0, Sum: 0.0]
         [Termination Attempts: Min: 1, Avg: 1.5, Max: 2, Diff: 1, Sum: 3]
      [GC Worker Other (ms): Min: 0.0, Avg: 0.0, Max: 0.0, Diff: 0.0, Sum: 0.0]
      [GC Worker Total (ms): Min: 25.2, Avg: 25.2, Max: 25.2, Diff: 0.0, Sum: 50.4]
      [GC Worker End (ms): Min: 364017.6, Avg: 364017.6, Max: 364017.6, Diff: 0.0]
   [Code Root Fixup: 0.0 ms]
   [Code Root Purge: 0.0 ms]
   [Clear CT: 0.1 ms]
   [Other: 0.4 ms]
      [Choose CSet: 0.0 ms]
      [Ref Proc: 0.1 ms]
      [Ref Enq: 0.0 ms]
      [Redirty Cards: 0.0 ms]
      [Humongous Register: 0.0 ms]
      [Humongous Reclaim: 0.0 ms]
      [Free CSet: 0.2 ms]
   [Eden: 266.0M(266.0M)->0.0B(259.0M) Survivors: 17408.0K->24576.0K Heap: 385.5M(472.0M)->126.0M(472.0M)]
 [Times: user=0.05 sys=0.00, real=0.03 secs] 
2024-07-06T11:30:10.287+0800: 364.453: [GC pause (G1 Evacuation Pause) (young), 0.0398546 secs]
   [Parallel Time: 39.3 ms, GC Workers: 2]
      [GC Worker Start (ms): Min: 364453.6, Avg: 364454.3, Max: 364454.9, Diff: 1.3]
      [Ext Root Scanning (ms): Min: 0.0, Avg: 0.5, Max: 0.9, Diff: 0.9, Sum: 0.9]
      [Update RS (ms): Min: 0.0, Avg: 0.0, Max: 0.0, Diff: 0.0, Sum: 0.0]
         [Processed Buffers: Min: 0, Avg: 2.5, Max: 5, Diff: 5, Sum: 5]
      [Scan RS (ms): Min: 0.0, Avg: 0.1, Max: 0.2, Diff: 0.1, Sum: 0.2]
      [Code Root Scanning (ms): Min: 0.0, Avg: 0.0, Max: 0.0, Diff: 0.0, Sum: 0.0]
      [Object Copy (ms): Min: 37.9, Avg: 38.0, Max: 38.1, Diff: 0.2, Sum: 76.0]
      [Termination (ms): Min: 0.0, Avg: 0.0, Max: 0.0, Diff: 0.0, Sum: 0.0]
         [Termination Attempts: Min: 1, Avg: 1.0, Max: 1, Diff: 0, Sum: 2]
      [GC Worker Other (ms): Min: 0.0, Avg: 0.0, Max: 0.0, Diff: 0.0, Sum: 0.0]
      [GC Worker Total (ms): Min: 37.9, Avg: 38.6, Max: 39.2, Diff: 1.3, Sum: 77.1]
      [GC Worker End (ms): Min: 364492.8, Avg: 364492.8, Max: 364492.8, Diff: 0.0]
   [Code Root Fixup: 0.0 ms]
   [Code Root Purge: 0.0 ms]
   [Clear CT: 0.1 ms]
   [Other: 0.5 ms]
      [Choose CSet: 0.0 ms]
      [Ref Proc: 0.1 ms]
      [Ref Enq: 0.0 ms]
      [Redirty Cards: 0.0 ms]
      [Humongous Register: 0.0 ms]
      [Humongous Reclaim: 0.0 ms]
      [Free CSet: 0.2 ms]
   [Eden: 259.0M(259.0M)->0.0B(256.0M) Survivors: 24576.0K->27648.0K Heap: 385.0M(472.0M)->129.1M(472.0M)]
 [Times: user=0.07 sys=0.00, real=0.04 secs] 
2024-07-06T11:30:10.763+0800: 364.929: [GC pause (G1 Evacuation Pause) (young), 0.0319552 secs]
   [Parallel Time: 31.2 ms, GC Workers: 2]
      [GC Worker Start (ms): Min: 364929.5, Avg: 364929.6, Max: 364929.6, Diff: 0.0]
      [Ext Root Scanning (ms): Min: 0.5, Avg: 0.5, Max: 0.5, Diff: 0.0, Sum: 1.1]
      [Update RS (ms): Min: 0.0, Avg: 0.0, Max: 0.0, Diff: 0.0, Sum: 0.0]
         [Processed Buffers: Min: 1, Avg: 2.5, Max: 4, Diff: 3, Sum: 5]
      [Scan RS (ms): Min: 0.1, Avg: 0.1, Max: 0.1, Diff: 0.0, Sum: 0.2]
      [Code Root Scanning (ms): Min: 0.0, Avg: 0.0, Max: 0.0, Diff: 0.0, Sum: 0.0]
      [Object Copy (ms): Min: 30.5, Avg: 30.5, Max: 30.6, Diff: 0.0, Sum: 61.1]
      [Termination (ms): Min: 0.0, Avg: 0.0, Max: 0.0, Diff: 0.0, Sum: 0.0]
         [Termination Attempts: Min: 1, Avg: 1.0, Max: 1, Diff: 0, Sum: 2]
      [GC Worker Other (ms): Min: 0.0, Avg: 0.0, Max: 0.0, Diff: 0.0, Sum: 0.0]
      [GC Worker Total (ms): Min: 31.2, Avg: 31.2, Max: 31.2, Diff: 0.0, Sum: 62.4]
      [GC Worker End (ms): Min: 364960.7, Avg: 364960.7, Max: 364960.7, Diff: 0.0]
   [Code Root Fixup: 0.0 ms]
   [Code Root Purge: 0.0 ms]
   [Clear CT: 0.2 ms]
   [Other: 0.5 ms]
      [Choose CSet: 0.0 ms]
      [Ref Proc: 0.1 ms]
      [Ref Enq: 0.0 ms]
      [Redirty Cards: 0.0 ms]
      [Humongous Register: 0.0 ms]
      [Humongous Reclaim: 0.0 ms]
      [Free CSet: 0.2 ms]
   [Eden: 256.0M(256.0M)->0.0B(256.0M) Survivors: 27648.0K->27648.0K Heap: 385.1M(472.0M)->129.1M(472.0M)]
 [Times: user=0.06 sys=0.00, real=0.04 secs] 
2024-07-06T11:30:11.251+0800: 365.417: [GC pause (G1 Evacuation Pause) (young), 0.0315267 secs]
   [Parallel Time: 30.9 ms, GC Workers: 2]
      [GC Worker Start (ms): Min: 365417.6, Avg: 365417.9, Max: 365418.3, Diff: 0.7]
      [Ext Root Scanning (ms): Min: 0.2, Avg: 0.6, Max: 0.9, Diff: 0.7, Sum: 1.1]
      [Update RS (ms): Min: 0.0, Avg: 0.0, Max: 0.0, Diff: 0.0, Sum: 0.1]
         [Processed Buffers: Min: 2, Avg: 2.5, Max: 3, Diff: 1, Sum: 5]
      [Scan RS (ms): Min: 0.1, Avg: 0.1, Max: 0.1, Diff: 0.0, Sum: 0.2]
      [Code Root Scanning (ms): Min: 0.0, Avg: 0.0, Max: 0.0, Diff: 0.0, Sum: 0.0]
      [Object Copy (ms): Min: 29.8, Avg: 29.8, Max: 29.9, Diff: 0.1, Sum: 59.7]
      [Termination (ms): Min: 0.0, Avg: 0.0, Max: 0.0, Diff: 0.0, Sum: 0.0]
         [Termination Attempts: Min: 1, Avg: 1.5, Max: 2, Diff: 1, Sum: 3]
      [GC Worker Other (ms): Min: 0.0, Avg: 0.0, Max: 0.0, Diff: 0.0, Sum: 0.0]
      [GC Worker Total (ms): Min: 30.2, Avg: 30.5, Max: 30.9, Diff: 0.7, Sum: 61.1]
      [GC Worker End (ms): Min: 365448.5, Avg: 365448.5, Max: 365448.5, Diff: 0.0]
   [Code Root Fixup: 0.0 ms]
   [Code Root Purge: 0.0 ms]
   [Clear CT: 0.1 ms]
   [Other: 0.5 ms]
      [Choose CSet: 0.0 ms]
      [Ref Proc: 0.1 ms]
      [Ref Enq: 0.0 ms]
      [Redirty Cards: 0.0 ms]
      [Humongous Register: 0.0 ms]
      [Humongous Reclaim: 0.0 ms]
      [Free CSet: 0.2 ms]
   [Eden: 256.0M(256.0M)->0.0B(262.0M) Survivors: 27648.0K->21504.0K Heap: 385.1M(472.0M)->123.6M(472.0M)]
 [Times: user=0.07 sys=0.00, real=0.03 secs] 
2024-07-06T11:30:11.711+0800: 365.877: [GC pause (G1 Evacuation Pause) (young), 0.0238847 secs]
   [Parallel Time: 23.4 ms, GC Workers: 2]
      [GC Worker Start (ms): Min: 365877.1, Avg: 365877.1, Max: 365877.1, Diff: 0.0]
      [Ext Root Scanning (ms): Min: 0.5, Avg: 0.6, Max: 0.6, Diff: 0.0, Sum: 1.1]
      [Update RS (ms): Min: 0.0, Avg: 0.0, Max: 0.0, Diff: 0.0, Sum: 0.0]
         [Processed Buffers: Min: 2, Avg: 2.5, Max: 3, Diff: 1, Sum: 5]
      [Scan RS (ms): Min: 0.1, Avg: 0.1, Max: 0.1, Diff: 0.0, Sum: 0.2]
      [Code Root Scanning (ms): Min: 0.0, Avg: 0.0, Max: 0.0, Diff: 0.0, Sum: 0.0]
      [Object Copy (ms): Min: 22.6, Avg: 22.6, Max: 22.6, Diff: 0.0, Sum: 45.3]
      [Termination (ms): Min: 0.0, Avg: 0.0, Max: 0.0, Diff: 0.0, Sum: 0.0]
         [Termination Attempts: Min: 1, Avg: 1.0, Max: 1, Diff: 0, Sum: 2]
      [GC Worker Other (ms): Min: 0.0, Avg: 0.0, Max: 0.0, Diff: 0.0, Sum: 0.0]
      [GC Worker Total (ms): Min: 23.3, Avg: 23.3, Max: 23.3, Diff: 0.0, Sum: 46.6]
      [GC Worker End (ms): Min: 365900.4, Avg: 365900.4, Max: 365900.4, Diff: 0.0]
   [Code Root Fixup: 0.0 ms]
   [Code Root Purge: 0.0 ms]
   [Clear CT: 0.1 ms]
   [Other: 0.4 ms]
      [Choose CSet: 0.0 ms]
      [Ref Proc: 0.1 ms]
      [Ref Enq: 0.0 ms]
      [Redirty Cards: 0.0 ms]
      [Humongous Register: 0.0 ms]
      [Humongous Reclaim: 0.0 ms]
      [Free CSet: 0.1 ms]
   [Eden: 262.0M(262.0M)->0.0B(261.0M) Survivors: 21504.0K->22528.0K Heap: 385.6M(472.0M)->124.6M(472.0M)]
 [Times: user=0.05 sys=0.00, real=0.02 secs] 
2024-07-06T11:30:12.140+0800: 366.306: [GC pause (G1 Evacuation Pause) (young), 0.0285083 secs]
   [Parallel Time: 28.0 ms, GC Workers: 2]
      [GC Worker Start (ms): Min: 366305.9, Avg: 366305.9, Max: 366305.9, Diff: 0.0]
      [Ext Root Scanning (ms): Min: 0.5, Avg: 0.5, Max: 0.5, Diff: 0.0, Sum: 1.1]
      [Update RS (ms): Min: 0.0, Avg: 0.0, Max: 0.0, Diff: 0.0, Sum: 0.0]
         [Processed Buffers: Min: 1, Avg: 2.5, Max: 4, Diff: 3, Sum: 5]
      [Scan RS (ms): Min: 0.1, Avg: 0.1, Max: 0.1, Diff: 0.0, Sum: 0.2]
      [Code Root Scanning (ms): Min: 0.0, Avg: 0.0, Max: 0.0, Diff: 0.0, Sum: 0.0]
      [Object Copy (ms): Min: 27.2, Avg: 27.2, Max: 27.2, Diff: 0.0, Sum: 54.5]
      [Termination (ms): Min: 0.0, Avg: 0.0, Max: 0.0, Diff: 0.0, Sum: 0.0]
         [Termination Attempts: Min: 1, Avg: 1.0, Max: 1, Diff: 0, Sum: 2]
      [GC Worker Other (ms): Min: 0.0, Avg: 0.0, Max: 0.0, Diff: 0.0, Sum: 0.0]
      [GC Worker Total (ms): Min: 27.9, Avg: 27.9, Max: 27.9, Diff: 0.0, Sum: 55.8]
      [GC Worker End (ms): Min: 366333.8, Avg: 366333.8, Max: 366333.8, Diff: 0.0]
   [Code Root Fixup: 0.0 ms]
   [Code Root Purge: 0.0 ms]
   [Clear CT: 0.1 ms]
   [Other: 0.4 ms]
      [Choose CSet: 0.0 ms]
      [Ref Proc: 0.1 ms]
      [Ref Enq: 0.0 ms]
      [Redirty Cards: 0.0 ms]
      [Humongous Register: 0.0 ms]
      [Humongous Reclaim: 0.0 ms]
      [Free CSet: 0.1 ms]
   [Eden: 261.0M(261.0M)->0.0B(259.0M) Survivors: 22528.0K->24576.0K Heap: 385.6M(472.0M)->126.6M(472.0M)]
 [Times: user=0.05 sys=0.00, real=0.03 secs] 
2024-07-06T11:30:12.612+0800: 366.778: [GC pause (G1 Evacuation Pause) (young), 0.0166458 secs]
   [Parallel Time: 16.1 ms, GC Workers: 2]
      [GC Worker Start (ms): Min: 366778.5, Avg: 366778.5, Max: 366778.5, Diff: 0.0]
      [Ext Root Scanning (ms): Min: 0.5, Avg: 0.6, Max: 0.6, Diff: 0.0, Sum: 1.1]
      [Update RS (ms): Min: 0.0, Avg: 0.0, Max: 0.0, Diff: 0.0, Sum: 0.0]
         [Processed Buffers: Min: 2, Avg: 2.5, Max: 3, Diff: 1, Sum: 5]
      [Scan RS (ms): Min: 0.1, Avg: 0.1, Max: 0.1, Diff: 0.0, Sum: 0.2]
      [Code Root Scanning (ms): Min: 0.0, Avg: 0.0, Max: 0.0, Diff: 0.0, Sum: 0.0]
      [Object Copy (ms): Min: 15.4, Avg: 15.4, Max: 15.4, Diff: 0.0, Sum: 30.8]
      [Termination (ms): Min: 0.0, Avg: 0.0, Max: 0.0, Diff: 0.0, Sum: 0.0]
         [Termination Attempts: Min: 1, Avg: 1.5, Max: 2, Diff: 1, Sum: 3]
      [GC Worker Other (ms): Min: 0.0, Avg: 0.0, Max: 0.0, Diff: 0.0, Sum: 0.0]
      [GC Worker Total (ms): Min: 16.0, Avg: 16.1, Max: 16.1, Diff: 0.0, Sum: 32.1]
      [GC Worker End (ms): Min: 366794.5, Avg: 366794.5, Max: 366794.5, Diff: 0.0]
   [Code Root Fixup: 0.0 ms]
   [Code Root Purge: 0.0 ms]
   [Clear CT: 0.1 ms]
   [Other: 0.4 ms]
      [Choose CSet: 0.0 ms]
      [Ref Proc: 0.1 ms]
      [Ref Enq: 0.0 ms]
      [Redirty Cards: 0.0 ms]
      [Humongous Register: 0.0 ms]
      [Humongous Reclaim: 0.0 ms]
      [Free CSet: 0.2 ms]
   [Eden: 259.0M(259.0M)->0.0B(264.0M) Survivors: 24576.0K->19456.0K Heap: 385.6M(472.0M)->121.1M(472.0M)]
 [Times: user=0.03 sys=0.00, real=0.02 secs] 
2024-07-06T11:30:13.007+0800: 367.173: [GC pause (G1 Evacuation Pause) (young), 0.0324245 secs]
   [Parallel Time: 31.8 ms, GC Workers: 2]
      [GC Worker Start (ms): Min: 367173.0, Avg: 367173.0, Max: 367173.1, Diff: 0.0]
      [Ext Root Scanning (ms): Min: 0.5, Avg: 0.5, Max: 0.5, Diff: 0.0, Sum: 1.0]
      [Update RS (ms): Min: 0.0, Avg: 0.0, Max: 0.0, Diff: 0.0, Sum: 0.0]
         [Processed Buffers: Min: 1, Avg: 2.5, Max: 4, Diff: 3, Sum: 5]
      [Scan RS (ms): Min: 0.1, Avg: 0.1, Max: 0.1, Diff: 0.0, Sum: 0.2]
      [Code Root Scanning (ms): Min: 0.0, Avg: 0.0, Max: 0.0, Diff: 0.0, Sum: 0.0]
      [Object Copy (ms): Min: 31.1, Avg: 31.1, Max: 31.2, Diff: 0.0, Sum: 62.3]
      [Termination (ms): Min: 0.0, Avg: 0.0, Max: 0.0, Diff: 0.0, Sum: 0.0]
         [Termination Attempts: Min: 1, Avg: 1.0, Max: 1, Diff: 0, Sum: 2]
      [GC Worker Other (ms): Min: 0.0, Avg: 0.0, Max: 0.0, Diff: 0.0, Sum: 0.0]
      [GC Worker Total (ms): Min: 31.8, Avg: 31.8, Max: 31.8, Diff: 0.0, Sum: 63.6]
      [GC Worker End (ms): Min: 367204.8, Avg: 367204.8, Max: 367204.8, Diff: 0.0]
   [Code Root Fixup: 0.0 ms]
   [Code Root Purge: 0.0 ms]
   [Clear CT: 0.1 ms]
   [Other: 0.4 ms]
      [Choose CSet: 0.0 ms]
      [Ref Proc: 0.1 ms]
      [Ref Enq: 0.0 ms]
      [Redirty Cards: 0.0 ms]
      [Humongous Register: 0.0 ms]
      [Humongous Reclaim: 0.0 ms]
      [Free CSet: 0.1 ms]
   [Eden: 264.0M(264.0M)->0.0B(252.0M) Survivors: 19456.0K->31744.0K Heap: 385.1M(472.0M)->133.1M(472.0M)]
 [Times: user=0.07 sys=0.00, real=0.04 secs] 
2024-07-06T11:30:13.486+0800: 367.652: [GC pause (G1 Evacuation Pause) (young), 0.0401656 secs]
   [Parallel Time: 39.5 ms, GC Workers: 2]
      [GC Worker Start (ms): Min: 367652.4, Avg: 367652.9, Max: 367653.4, Diff: 0.9]
      [Ext Root Scanning (ms): Min: 0.0, Avg: 0.4, Max: 0.8, Diff: 0.8, Sum: 0.8]
      [Update RS (ms): Min: 0.0, Avg: 0.0, Max: 0.0, Diff: 0.0, Sum: 0.0]
         [Processed Buffers: Min: 0, Avg: 2.5, Max: 5, Diff: 5, Sum: 5]
      [Scan RS (ms): Min: 0.1, Avg: 0.1, Max: 0.1, Diff: 0.1, Sum: 0.2]
      [Code Root Scanning (ms): Min: 0.0, Avg: 0.0, Max: 0.0, Diff: 0.0, Sum: 0.0]
      [Object Copy (ms): Min: 38.3, Avg: 38.3, Max: 38.4, Diff: 0.1, Sum: 76.7]
      [Termination (ms): Min: 0.0, Avg: 0.0, Max: 0.0, Diff: 0.0, Sum: 0.0]
         [Termination Attempts: Min: 1, Avg: 1.0, Max: 1, Diff: 0, Sum: 2]
      [GC Worker Other (ms): Min: 0.0, Avg: 0.0, Max: 0.1, Diff: 0.0, Sum: 0.1]
      [GC Worker Total (ms): Min: 38.5, Avg: 38.9, Max: 39.4, Diff: 0.9, Sum: 77.8]
      [GC Worker End (ms): Min: 367691.8, Avg: 367691.8, Max: 367691.8, Diff: 0.0]
   [Code Root Fixup: 0.0 ms]
   [Code Root Purge: 0.0 ms]
   [Clear CT: 0.1 ms]
   [Other: 0.6 ms]
      [Choose CSet: 0.0 ms]
      [Ref Proc: 0.2 ms]
      [Ref Enq: 0.0 ms]
      [Redirty Cards: 0.1 ms]
      [Humongous Register: 0.0 ms]
      [Humongous Reclaim: 0.0 ms]
      [Free CSet: 0.2 ms]
   [Eden: 252.0M(252.0M)->0.0B(252.0M) Survivors: 31744.0K->31744.0K Heap: 385.1M(472.0M)->133.1M(472.0M)]
 [Times: user=0.08 sys=0.00, real=0.04 secs] 
2024-07-06T11:30:13.899+0800: 368.065: [GC pause (G1 Evacuation Pause) (young), 0.0326863 secs]
   [Parallel Time: 32.1 ms, GC Workers: 2]
      [GC Worker Start (ms): Min: 368065.5, Avg: 368065.6, Max: 368065.6, Diff: 0.0]
      [Ext Root Scanning (ms): Min: 0.5, Avg: 0.5, Max: 0.5, Diff: 0.0, Sum: 0.9]
      [Update RS (ms): Min: 0.0, Avg: 0.0, Max: 0.0, Diff: 0.0, Sum: 0.0]
         [Processed Buffers: Min: 1, Avg: 2.5, Max: 4, Diff: 3, Sum: 5]
      [Scan RS (ms): Min: 0.1, Avg: 0.1, Max: 0.1, Diff: 0.0, Sum: 0.1]
      [Code Root Scanning (ms): Min: 0.0, Avg: 0.0, Max: 0.0, Diff: 0.0, Sum: 0.0]
      [Object Copy (ms): Min: 31.4, Avg: 31.4, Max: 31.5, Diff: 0.0, Sum: 62.9]
      [Termination (ms): Min: 0.0, Avg: 0.0, Max: 0.0, Diff: 0.0, Sum: 0.0]
         [Termination Attempts: Min: 1, Avg: 1.0, Max: 1, Diff: 0, Sum: 2]
      [GC Worker Other (ms): Min: 0.0, Avg: 0.0, Max: 0.0, Diff: 0.0, Sum: 0.0]
      [GC Worker Total (ms): Min: 32.0, Avg: 32.0, Max: 32.0, Diff: 0.0, Sum: 64.1]
      [GC Worker End (ms): Min: 368097.6, Avg: 368097.6, Max: 368097.6, Diff: 0.0]
   [Code Root Fixup: 0.0 ms]
   [Code Root Purge: 0.0 ms]
   [Clear CT: 0.1 ms]
   [Other: 0.5 ms]
      [Choose CSet: 0.0 ms]
      [Ref Proc: 0.1 ms]
      [Ref Enq: 0.0 ms]
      [Redirty Cards: 0.0 ms]
      [Humongous Register: 0.0 ms]
      [Humongous Reclaim: 0.0 ms]
      [Free CSet: 0.2 ms]
   [Eden: 252.0M(252.0M)->0.0B(254.0M) Survivors: 31744.0K->29696.0K Heap: 385.1M(472.0M)->131.1M(472.0M)]
 [Times: user=0.07 sys=0.00, real=0.03 secs] 
2024-07-06T11:30:14.338+0800: 368.504: [GC pause (G1 Evacuation Pause) (young), 0.0367303 secs]
   [Parallel Time: 36.2 ms, GC Workers: 2]
      [GC Worker Start (ms): Min: 368504.2, Avg: 368504.2, Max: 368504.2, Diff: 0.0]
      [Ext Root Scanning (ms): Min: 0.5, Avg: 0.5, Max: 0.5, Diff: 0.0, Sum: 1.0]
      [Update RS (ms): Min: 0.0, Avg: 0.0, Max: 0.0, Diff: 0.0, Sum: 0.1]
         [Processed Buffers: Min: 2, Avg: 2.5, Max: 3, Diff: 1, Sum: 5]
      [Scan RS (ms): Min: 0.1, Avg: 0.1, Max: 0.1, Diff: 0.0, Sum: 0.2]
      [Code Root Scanning (ms): Min: 0.0, Avg: 0.0, Max: 0.0, Diff: 0.0, Sum: 0.0]
      [Object Copy (ms): Min: 35.5, Avg: 35.5, Max: 35.5, Diff: 0.0, Sum: 71.0]
      [Termination (ms): Min: 0.0, Avg: 0.0, Max: 0.0, Diff: 0.0, Sum: 0.0]
         [Termination Attempts: Min: 1, Avg: 1.0, Max: 1, Diff: 0, Sum: 2]
      [GC Worker Other (ms): Min: 0.0, Avg: 0.0, Max: 0.0, Diff: 0.0, Sum: 0.0]
      [GC Worker Total (ms): Min: 36.1, Avg: 36.1, Max: 36.1, Diff: 0.0, Sum: 72.2]
      [GC Worker End (ms): Min: 368540.3, Avg: 368540.3, Max: 368540.3, Diff: 0.0]
   [Code Root Fixup: 0.0 ms]
   [Code Root Purge: 0.0 ms]
   [Clear CT: 0.1 ms]
   [Other: 0.4 ms]
      [Choose CSet: 0.0 ms]
      [Ref Proc: 0.1 ms]
      [Ref Enq: 0.0 ms]
      [Redirty Cards: 0.1 ms]
      [Humongous Register: 0.0 ms]
      [Humongous Reclaim: 0.0 ms]
      [Free CSet: 0.1 ms]
   [Eden: 254.0M(254.0M)->0.0B(256.0M) Survivors: 29696.0K->27648.0K Heap: 385.1M(472.0M)->129.1M(472.0M)]
 [Times: user=0.07 sys=0.00, real=0.03 secs] 
2024-07-06T11:30:14.778+0800: 368.944: [GC pause (G1 Evacuation Pause) (young), 0.0189632 secs]
   [Parallel Time: 18.5 ms, GC Workers: 2]
      [GC Worker Start (ms): Min: 368943.9, Avg: 368943.9, Max: 368943.9, Diff: 0.0]
      [Ext Root Scanning (ms): Min: 0.5, Avg: 0.5, Max: 0.5, Diff: 0.0, Sum: 1.0]
      [Update RS (ms): Min: 0.0, Avg: 0.0, Max: 0.0, Diff: 0.0, Sum: 0.0]
         [Processed Buffers: Min: 2, Avg: 3.0, Max: 4, Diff: 2, Sum: 6]
      [Scan RS (ms): Min: 0.1, Avg: 0.1, Max: 0.1, Diff: 0.0, Sum: 0.2]
      [Code Root Scanning (ms): Min: 0.0, Avg: 0.0, Max: 0.0, Diff: 0.0, Sum: 0.0]
      [Object Copy (ms): Min: 17.8, Avg: 17.8, Max: 17.8, Diff: 0.0, Sum: 35.6]
      [Termination (ms): Min: 0.0, Avg: 0.0, Max: 0.0, Diff: 0.0, Sum: 0.0]
         [Termination Attempts: Min: 5, Avg: 7.0, Max: 9, Diff: 4, Sum: 14]
      [GC Worker Other (ms): Min: 0.0, Avg: 0.0, Max: 0.0, Diff: 0.0, Sum: 0.0]
      [GC Worker Total (ms): Min: 18.4, Avg: 18.4, Max: 18.4, Diff: 0.0, Sum: 36.8]
      [GC Worker End (ms): Min: 368962.3, Avg: 368962.3, Max: 368962.3, Diff: 0.0]
   [Code Root Fixup: 0.0 ms]
   [Code Root Purge: 0.0 ms]
   [Clear CT: 0.1 ms]
   [Other: 0.4 ms]
      [Choose CSet: 0.0 ms]
      [Ref Proc: 0.1 ms]
      [Ref Enq: 0.0 ms]
      [Redirty Cards: 0.0 ms]
      [Humongous Register: 0.0 ms]
      [Humongous Reclaim: 0.0 ms]
      [Free CSet: 0.1 ms]
   [Eden: 256.0M(256.0M)->0.0B(266.0M) Survivors: 27648.0K->17408.0K Heap: 385.1M(472.0M)->119.6M(472.0M)]
 [Times: user=0.04 sys=0.00, real=0.02 secs] 
2024-07-06T11:30:15.175+0800: 369.342: [GC pause (G1 Evacuation Pause) (young), 0.0518125 secs]
   [Parallel Time: 51.2 ms, GC Workers: 2]
      [GC Worker Start (ms): Min: 369341.7, Avg: 369343.0, Max: 369344.3, Diff: 2.7]
      [Ext Root Scanning (ms): Min: 0.0, Avg: 0.4, Max: 0.7, Diff: 0.7, Sum: 0.7]
      [Update RS (ms): Min: 0.0, Avg: 0.0, Max: 0.0, Diff: 0.0, Sum: 0.0]
         [Processed Buffers: Min: 0, Avg: 3.0, Max: 6, Diff: 6, Sum: 6]
      [Scan RS (ms): Min: 0.0, Avg: 0.1, Max: 0.1, Diff: 0.1, Sum: 0.2]
      [Code Root Scanning (ms): Min: 0.0, Avg: 0.0, Max: 0.0, Diff: 0.0, Sum: 0.0]
      [Object Copy (ms): Min: 48.4, Avg: 49.4, Max: 50.3, Diff: 1.8, Sum: 98.7]
      [Termination (ms): Min: 0.0, Avg: 0.0, Max: 0.0, Diff: 0.0, Sum: 0.0]
         [Termination Attempts: Min: 1, Avg: 1.0, Max: 1, Diff: 0, Sum: 2]
      [GC Worker Other (ms): Min: 0.0, Avg: 0.0, Max: 0.0, Diff: 0.0, Sum: 0.0]
      [GC Worker Total (ms): Min: 48.5, Avg: 49.8, Max: 51.2, Diff: 2.7, Sum: 99.7]
      [GC Worker End (ms): Min: 369392.8, Avg: 369392.9, Max: 369392.9, Diff: 0.0]
   [Code Root Fixup: 0.0 ms]
   [Code Root Purge: 0.0 ms]
   [Clear CT: 0.1 ms]
   [Other: 0.5 ms]
      [Choose CSet: 0.0 ms]
      [Ref Proc: 0.1 ms]
      [Ref Enq: 0.0 ms]
      [Redirty Cards: 0.1 ms]
      [Humongous Register: 0.0 ms]
      [Humongous Reclaim: 0.0 ms]
      [Free CSet: 0.2 ms]
   [Eden: 266.0M(266.0M)->0.0B(258.0M) Survivors: 17408.0K->25600.0K Heap: 385.6M(472.0M)->127.6M(472.0M)]
 [Times: user=0.06 sys=0.00, real=0.05 secs] 
2024-07-06T11:30:15.653+0800: 369.819: [GC pause (G1 Evacuation Pause) (young), 0.0337043 secs]
   [Parallel Time: 33.2 ms, GC Workers: 2]
      [GC Worker Start (ms): Min: 369819.4, Avg: 369819.4, Max: 369819.4, Diff: 0.0]
      [Ext Root Scanning (ms): Min: 0.5, Avg: 0.5, Max: 0.5, Diff: 0.0, Sum: 1.0]
      [Update RS (ms): Min: 0.0, Avg: 0.0, Max: 0.0, Diff: 0.0, Sum: 0.1]
         [Processed Buffers: Min: 1, Avg: 3.0, Max: 5, Diff: 4, Sum: 6]
      [Scan RS (ms): Min: 0.1, Avg: 0.1, Max: 0.1, Diff: 0.0, Sum: 0.2]
      [Code Root Scanning (ms): Min: 0.0, Avg: 0.0, Max: 0.0, Diff: 0.0, Sum: 0.0]
      [Object Copy (ms): Min: 32.5, Avg: 32.5, Max: 32.5, Diff: 0.0, Sum: 65.0]
      [Termination (ms): Min: 0.0, Avg: 0.0, Max: 0.0, Diff: 0.0, Sum: 0.0]
         [Termination Attempts: Min: 1, Avg: 1.0, Max: 1, Diff: 0, Sum: 2]
      [GC Worker Other (ms): Min: 0.0, Avg: 0.0, Max: 0.0, Diff: 0.0, Sum: 0.0]
      [GC Worker Total (ms): Min: 33.1, Avg: 33.1, Max: 33.2, Diff: 0.0, Sum: 66.3]
      [GC Worker End (ms): Min: 369852.6, Avg: 369852.6, Max: 369852.6, Diff: 0.0]
   [Code Root Fixup: 0.0 ms]
   [Code Root Purge: 0.0 ms]
   [Clear CT: 0.1 ms]
   [Other: 0.4 ms]
      [Choose CSet: 0.0 ms]
      [Ref Proc: 0.1 ms]
      [Ref Enq: 0.0 ms]
      [Redirty Cards: 0.0 ms]
      [Humongous Register: 0.0 ms]
      [Humongous Reclaim: 0.0 ms]
      [Free CSet: 0.2 ms]
   [Eden: 258.0M(258.0M)->0.0B(254.0M) Survivors: 25600.0K->29696.0K Heap: 385.6M(472.0M)->131.6M(472.0M)]
 [Times: user=0.07 sys=0.00, real=0.03 secs] 
2024-07-06T11:30:16.086+0800: 370.252: [GC pause (G1 Evacuation Pause) (young), 0.0294965 secs]
   [Parallel Time: 29.0 ms, GC Workers: 2]
      [GC Worker Start (ms): Min: 370252.3, Avg: 370252.3, Max: 370252.3, Diff: 0.0]
      [Ext Root Scanning (ms): Min: 0.5, Avg: 0.5, Max: 0.5, Diff: 0.0, Sum: 1.0]
      [Update RS (ms): Min: 0.0, Avg: 0.0, Max: 0.0, Diff: 0.0, Sum: 0.0]
         [Processed Buffers: Min: 1, Avg: 3.0, Max: 5, Diff: 4, Sum: 6]
      [Scan RS (ms): Min: 0.1, Avg: 0.1, Max: 0.1, Diff: 0.0, Sum: 0.2]
      [Code Root Scanning (ms): Min: 0.0, Avg: 0.0, Max: 0.0, Diff: 0.0, Sum: 0.0]
      [Object Copy (ms): Min: 28.3, Avg: 28.4, Max: 28.4, Diff: 0.0, Sum: 56.7]
      [Termination (ms): Min: 0.0, Avg: 0.0, Max: 0.0, Diff: 0.0, Sum: 0.0]
         [Termination Attempts: Min: 1, Avg: 1.0, Max: 1, Diff: 0, Sum: 2]
      [GC Worker Other (ms): Min: 0.0, Avg: 0.0, Max: 0.0, Diff: 0.0, Sum: 0.0]
      [GC Worker Total (ms): Min: 28.9, Avg: 29.0, Max: 29.0, Diff: 0.0, Sum: 57.9]
      [GC Worker End (ms): Min: 370281.2, Avg: 370281.3, Max: 370281.3, Diff: 0.0]
   [Code Root Fixup: 0.0 ms]
   [Code Root Purge: 0.0 ms]
   [Clear CT: 0.1 ms]
   [Other: 0.4 ms]
      [Choose CSet: 0.0 ms]
      [Ref Proc: 0.1 ms]
      [Ref Enq: 0.0 ms]
      [Redirty Cards: 0.0 ms]
      [Humongous Register: 0.0 ms]
      [Humongous Reclaim: 0.0 ms]
      [Free CSet: 0.1 ms]
   [Eden: 254.0M(254.0M)->0.0B(258.0M) Survivors: 29696.0K->25600.0K Heap: 385.6M(472.0M)->127.1M(472.0M)]
 [Times: user=0.06 sys=0.00, real=0.04 secs] 
2024-07-06T11:30:16.535+0800: 370.702: [GC pause (G1 Evacuation Pause) (young), 0.0286448 secs]
   [Parallel Time: 28.1 ms, GC Workers: 2]
      [GC Worker Start (ms): Min: 370701.6, Avg: 370701.7, Max: 370701.7, Diff: 0.0]
      [Ext Root Scanning (ms): Min: 0.5, Avg: 0.5, Max: 0.5, Diff: 0.0, Sum: 1.0]
      [Update RS (ms): Min: 0.0, Avg: 0.0, Max: 0.0, Diff: 0.0, Sum: 0.1]
         [Processed Buffers: Min: 2, Avg: 2.5, Max: 3, Diff: 1, Sum: 5]
      [Scan RS (ms): Min: 0.1, Avg: 0.1, Max: 0.1, Diff: 0.0, Sum: 0.2]
      [Code Root Scanning (ms): Min: 0.0, Avg: 0.0, Max: 0.0, Diff: 0.0, Sum: 0.0]
      [Object Copy (ms): Min: 27.4, Avg: 27.4, Max: 27.4, Diff: 0.0, Sum: 54.9]
      [Termination (ms): Min: 0.0, Avg: 0.0, Max: 0.0, Diff: 0.0, Sum: 0.0]
         [Termination Attempts: Min: 1, Avg: 1.0, Max: 1, Diff: 0, Sum: 2]
      [GC Worker Other (ms): Min: 0.0, Avg: 0.0, Max: 0.0, Diff: 0.0, Sum: 0.0]
      [GC Worker Total (ms): Min: 28.1, Avg: 28.1, Max: 28.1, Diff: 0.0, Sum: 56.1]
      [GC Worker End (ms): Min: 370729.7, Avg: 370729.7, Max: 370729.7, Diff: 0.0]
   [Code Root Fixup: 0.0 ms]
   [Code Root Purge: 0.0 ms]
   [Clear CT: 0.1 ms]
   [Other: 0.4 ms]
      [Choose CSet: 0.0 ms]
      [Ref Proc: 0.1 ms]
      [Ref Enq: 0.0 ms]
      [Redirty Cards: 0.0 ms]
      [Humongous Register: 0.0 ms]
      [Humongous Reclaim: 0.0 ms]
      [Free CSet: 0.1 ms]
   [Eden: 258.0M(258.0M)->0.0B(261.0M) Survivors: 25600.0K->22528.0K Heap: 385.1M(472.0M)->124.6M(472.0M)]
 [Times: user=0.06 sys=0.00, real=0.02 secs] 
2024-07-06T11:30:16.974+0800: 371.140: [GC pause (G1 Evacuation Pause) (young), 0.0216234 secs]
   [Parallel Time: 21.1 ms, GC Workers: 2]
      [GC Worker Start (ms): Min: 371140.0, Avg: 371140.0, Max: 371140.0, Diff: 0.0]
      [Ext Root Scanning (ms): Min: 0.5, Avg: 0.5, Max: 0.5, Diff: 0.0, Sum: 1.0]
      [Update RS (ms): Min: 0.0, Avg: 0.0, Max: 0.0, Diff: 0.0, Sum: 0.1]
         [Processed Buffers: Min: 2, Avg: 2.5, Max: 3, Diff: 1, Sum: 5]
      [Scan RS (ms): Min: 0.1, Avg: 0.1, Max: 0.1, Diff: 0.0, Sum: 0.2]
      [Code Root Scanning (ms): Min: 0.0, Avg: 0.0, Max: 0.0, Diff: 0.0, Sum: 0.0]
      [Object Copy (ms): Min: 20.4, Avg: 20.4, Max: 20.4, Diff: 0.0, Sum: 40.7]
      [Termination (ms): Min: 0.0, Avg: 0.0, Max: 0.0, Diff: 0.0, Sum: 0.0]
         [Termination Attempts: Min: 1, Avg: 1.0, Max: 1, Diff: 0, Sum: 2]
      [GC Worker Other (ms): Min: 0.0, Avg: 0.0, Max: 0.0, Diff: 0.0, Sum: 0.0]
      [GC Worker Total (ms): Min: 21.0, Avg: 21.0, Max: 21.0, Diff: 0.0, Sum: 42.0]
      [GC Worker End (ms): Min: 371161.0, Avg: 371161.0, Max: 371161.0, Diff: 0.0]
   [Code Root Fixup: 0.0 ms]
   [Code Root Purge: 0.0 ms]
   [Clear CT: 0.1 ms]
   [Other: 0.4 ms]
      [Choose CSet: 0.0 ms]
      [Ref Proc: 0.1 ms]
      [Ref Enq: 0.0 ms]
      [Redirty Cards: 0.0 ms]
      [Humongous Register: 0.0 ms]
      [Humongous Reclaim: 0.0 ms]
      [Free CSet: 0.2 ms]
   [Eden: 261.0M(261.0M)->0.0B(264.0M) Survivors: 22528.0K->19456.0K Heap: 385.6M(472.0M)->121.6M(472.0M)]
 [Times: user=0.04 sys=0.01, real=0.03 secs] 
2024-07-06T11:30:17.432+0800: 371.598: [GC pause (G1 Evacuation Pause) (young), 0.0335328 secs]
   [Parallel Time: 33.0 ms, GC Workers: 2]
      [GC Worker Start (ms): Min: 371598.6, Avg: 371598.6, Max: 371598.6, Diff: 0.0]
      [Ext Root Scanning (ms): Min: 0.5, Avg: 0.5, Max: 0.5, Diff: 0.0, Sum: 1.1]
      [Update RS (ms): Min: 0.0, Avg: 0.0, Max: 0.0, Diff: 0.0, Sum: 0.0]
         [Processed Buffers: Min: 2, Avg: 2.5, Max: 3, Diff: 1, Sum: 5]
      [Scan RS (ms): Min: 0.1, Avg: 0.1, Max: 0.1, Diff: 0.0, Sum: 0.2]
      [Code Root Scanning (ms): Min: 0.0, Avg: 0.0, Max: 0.0, Diff: 0.0, Sum: 0.0]
      [Object Copy (ms): Min: 32.3, Avg: 32.3, Max: 32.3, Diff: 0.0, Sum: 64.6]
      [Termination (ms): Min: 0.0, Avg: 0.0, Max: 0.0, Diff: 0.0, Sum: 0.0]
         [Termination Attempts: Min: 1, Avg: 1.0, Max: 1, Diff: 0, Sum: 2]
      [GC Worker Other (ms): Min: 0.0, Avg: 0.0, Max: 0.0, Diff: 0.0, Sum: 0.0]
      [GC Worker Total (ms): Min: 32.9, Avg: 33.0, Max: 33.0, Diff: 0.0, Sum: 65.9]
      [GC Worker End (ms): Min: 371631.5, Avg: 371631.5, Max: 371631.5, Diff: 0.0]
   [Code Root Fixup: 0.0 ms]
   [Code Root Purge: 0.0 ms]
   [Clear CT: 0.1 ms]
   [Other: 0.4 ms]
      [Choose CSet: 0.0 ms]
      [Ref Proc: 0.1 ms]
      [Ref Enq: 0.0 ms]
      [Redirty Cards: 0.0 ms]
      [Humongous Register: 0.0 ms]
      [Humongous Reclaim: 0.0 ms]
      [Free CSet: 0.1 ms]
   [Eden: 264.0M(264.0M)->0.0B(254.0M) Survivors: 19456.0K->29696.0K Heap: 385.6M(472.0M)->131.1M(472.0M)]
 [Times: user=0.06 sys=0.00, real=0.03 secs] 
2024-07-06T11:30:17.971+0800: 372.137: [GC pause (G1 Evacuation Pause) (young), 0.0224663 secs]
   [Parallel Time: 21.8 ms, GC Workers: 2]
      [GC Worker Start (ms): Min: 372137.5, Avg: 372137.5, Max: 372137.5, Diff: 0.0]
      [Ext Root Scanning (ms): Min: 0.6, Avg: 0.6, Max: 0.6, Diff: 0.0, Sum: 1.2]
      [Update RS (ms): Min: 0.0, Avg: 0.0, Max: 0.0, Diff: 0.0, Sum: 0.1]
         [Processed Buffers: Min: 3, Avg: 3.0, Max: 3, Diff: 0, Sum: 6]
      [Scan RS (ms): Min: 0.1, Avg: 0.1, Max: 0.1, Diff: 0.0, Sum: 0.2]
      [Code Root Scanning (ms): Min: 0.0, Avg: 0.0, Max: 0.0, Diff: 0.0, Sum: 0.0]
      [Object Copy (ms): Min: 21.0, Avg: 21.0, Max: 21.0, Diff: 0.0, Sum: 42.0]
      [Termination (ms): Min: 0.0, Avg: 0.0, Max: 0.0, Diff: 0.0, Sum: 0.0]
         [Termination Attempts: Min: 1, Avg: 1.0, Max: 1, Diff: 0, Sum: 2]
      [GC Worker Other (ms): Min: 0.0, Avg: 0.0, Max: 0.0, Diff: 0.0, Sum: 0.0]
      [GC Worker Total (ms): Min: 21.7, Avg: 21.7, Max: 21.7, Diff: 0.0, Sum: 43.5]
      [GC Worker End (ms): Min: 372159.3, Avg: 372159.3, Max: 372159.3, Diff: 0.0]
   [Code Root Fixup: 0.0 ms]
   [Code Root Purge: 0.0 ms]
   [Clear CT: 0.1 ms]
   [Other: 0.5 ms]
      [Choose CSet: 0.0 ms]
      [Ref Proc: 0.1 ms]
      [Ref Enq: 0.0 ms]
      [Redirty Cards: 0.0 ms]
      [Humongous Register: 0.0 ms]
      [Humongous Reclaim: 0.0 ms]
      [Free CSet: 0.2 ms]
   [Eden: 254.0M(254.0M)->0.0B(264.0M) Survivors: 29696.0K->19456.0K Heap: 385.1M(472.0M)->121.1M(472.0M)]
 [Times: user=0.04 sys=0.00, real=0.02 secs] 
2024-07-06T11:30:18.429+0800: 372.595: [GC pause (G1 Evacuation Pause) (young), 0.0358287 secs]
   [Parallel Time: 35.3 ms, GC Workers: 2]
      [GC Worker Start (ms): Min: 372595.4, Avg: 372595.4, Max: 372595.4, Diff: 0.0]
      [Ext Root Scanning (ms): Min: 0.5, Avg: 0.5, Max: 0.5, Diff: 0.0, Sum: 1.0]
      [Update RS (ms): Min: 0.0, Avg: 0.0, Max: 0.0, Diff: 0.0, Sum: 0.0]
         [Processed Buffers: Min: 3, Avg: 3.0, Max: 3, Diff: 0, Sum: 6]
      [Scan RS (ms): Min: 0.1, Avg: 0.1, Max: 0.1, Diff: 0.0, Sum: 0.2]
      [Code Root Scanning (ms): Min: 0.0, Avg: 0.0, Max: 0.0, Diff: 0.0, Sum: 0.0]
      [Object Copy (ms): Min: 34.6, Avg: 34.6, Max: 34.6, Diff: 0.0, Sum: 69.2]
      [Termination (ms): Min: 0.0, Avg: 0.0, Max: 0.0, Diff: 0.0, Sum: 0.0]
         [Termination Attempts: Min: 1, Avg: 1.0, Max: 1, Diff: 0, Sum: 2]
      [GC Worker Other (ms): Min: 0.0, Avg: 0.0, Max: 0.0, Diff: 0.0, Sum: 0.0]
      [GC Worker Total (ms): Min: 35.2, Avg: 35.2, Max: 35.2, Diff: 0.0, Sum: 70.5]
      [GC Worker End (ms): Min: 372630.6, Avg: 372630.6, Max: 372630.6, Diff: 0.0]
   [Code Root Fixup: 0.0 ms]
   [Code Root Purge: 0.0 ms]
   [Clear CT: 0.1 ms]
   [Other: 0.4 ms]
      [Choose CSet: 0.0 ms]
      [Ref Proc: 0.1 ms]
      [Ref Enq: 0.0 ms]
      [Redirty Cards: 0.0 ms]
      [Humongous Register: 0.0 ms]
      [Humongous Reclaim: 0.0 ms]
      [Free CSet: 0.2 ms]
   [Eden: 264.0M(264.0M)->0.0B(251.0M) Survivors: 19456.0K->32768.0K Heap: 385.1M(472.0M)->134.1M(472.0M)]
 [Times: user=0.07 sys=0.00, real=0.03 secs] 
2024-07-06T11:30:18.857+0800: 373.023: [GC pause (G1 Evacuation Pause) (young), 0.0428266 secs]
   [Parallel Time: 42.0 ms, GC Workers: 2]
      [GC Worker Start (ms): Min: 373023.2, Avg: 373023.2, Max: 373023.2, Diff: 0.0]
      [Ext Root Scanning (ms): Min: 0.5, Avg: 0.5, Max: 0.5, Diff: 0.0, Sum: 1.0]
      [Update RS (ms): Min: 0.0, Avg: 0.0, Max: 0.0, Diff: 0.0, Sum: 0.0]
         [Processed Buffers: Min: 3, Avg: 3.0, Max: 3, Diff: 0, Sum: 6]
      [Scan RS (ms): Min: 0.1, Avg: 0.1, Max: 0.1, Diff: 0.0, Sum: 0.2]
      [Code Root Scanning (ms): Min: 0.0, Avg: 0.0, Max: 0.0, Diff: 0.0, Sum: 0.0]
      [Object Copy (ms): Min: 41.3, Avg: 41.3, Max: 41.3, Diff: 0.0, Sum: 82.6]
      [Termination (ms): Min: 0.0, Avg: 0.0, Max: 0.0, Diff: 0.0, Sum: 0.0]
         [Termination Attempts: Min: 1, Avg: 1.0, Max: 1, Diff: 0, Sum: 2]
      [GC Worker Other (ms): Min: 0.0, Avg: 0.0, Max: 0.0, Diff: 0.0, Sum: 0.0]
      [GC Worker Total (ms): Min: 41.9, Avg: 41.9, Max: 41.9, Diff: 0.0, Sum: 83.8]
      [GC Worker End (ms): Min: 373065.1, Avg: 373065.1, Max: 373065.1, Diff: 0.0]
   [Code Root Fixup: 0.0 ms]
   [Code Root Purge: 0.0 ms]
   [Clear CT: 0.2 ms]
   [Other: 0.6 ms]
      [Choose CSet: 0.0 ms]
      [Ref Proc: 0.2 ms]
      [Ref Enq: 0.0 ms]
      [Redirty Cards: 0.1 ms]
      [Humongous Register: 0.0 ms]
      [Humongous Reclaim: 0.0 ms]
      [Free CSet: 0.2 ms]
   [Eden: 251.0M(251.0M)->0.0B(250.0M) Survivors: 32768.0K->33792.0K Heap: 385.1M(472.0M)->135.6M(472.0M)]
 [Times: user=0.08 sys=0.01, real=0.04 secs] 
2024-07-06T11:30:19.305+0800: 373.471: [GC pause (G1 Evacuation Pause) (young), 0.0509307 secs]
   [Parallel Time: 49.7 ms, GC Workers: 2]
      [GC Worker Start (ms): Min: 373471.1, Avg: 373471.1, Max: 373471.1, Diff: 0.0]
      [Ext Root Scanning (ms): Min: 0.5, Avg: 0.5, Max: 0.6, Diff: 0.0, Sum: 1.1]
      [Update RS (ms): Min: 0.0, Avg: 0.0, Max: 0.0, Diff: 0.0, Sum: 0.1]
         [Processed Buffers: Min: 3, Avg: 3.0, Max: 3, Diff: 0, Sum: 6]
      [Scan RS (ms): Min: 0.1, Avg: 0.1, Max: 0.1, Diff: 0.0, Sum: 0.2]
      [Code Root Scanning (ms): Min: 0.0, Avg: 0.0, Max: 0.0, Diff: 0.0, Sum: 0.0]
      [Object Copy (ms): Min: 48.9, Avg: 48.9, Max: 48.9, Diff: 0.1, Sum: 97.8]
      [Termination (ms): Min: 0.1, Avg: 0.1, Max: 0.1, Diff: 0.0, Sum: 0.2]
         [Termination Attempts: Min: 1, Avg: 1.0, Max: 1, Diff: 0, Sum: 2]
      [GC Worker Other (ms): Min: 0.0, Avg: 0.0, Max: 0.0, Diff: 0.0, Sum: 0.0]
      [GC Worker Total (ms): Min: 49.6, Avg: 49.6, Max: 49.7, Diff: 0.1, Sum: 99.3]
      [GC Worker End (ms): Min: 373520.7, Avg: 373520.8, Max: 373520.8, Diff: 0.1]
   [Code Root Fixup: 0.0 ms]
   [Code Root Purge: 0.0 ms]
   [Clear CT: 0.4 ms]
   [Other: 0.8 ms]
      [Choose CSet: 0.0 ms]
      [Ref Proc: 0.3 ms]
      [Ref Enq: 0.0 ms]
      [Redirty Cards: 0.2 ms]
      [Humongous Register: 0.0 ms]
      [Humongous Reclaim: 0.0 ms]
      [Free CSet: 0.2 ms]
   [Eden: 250.0M(250.0M)->0.0B(251.0M) Survivors: 33792.0K->31744.0K Heap: 385.6M(472.0M)->133.6M(472.0M)]
 [Times: user=0.07 sys=0.01, real=0.06 secs] 
2024-07-06T11:30:19.795+0800: 373.961: [GC pause (G1 Evacuation Pause) (young), 0.0314723 secs]
   [Parallel Time: 30.9 ms, GC Workers: 2]
      [GC Worker Start (ms): Min: 373960.9, Avg: 373960.9, Max: 373960.9, Diff: 0.0]
      [Ext Root Scanning (ms): Min: 0.5, Avg: 0.5, Max: 0.5, Diff: 0.0, Sum: 1.0]
      [Update RS (ms): Min: 0.0, Avg: 0.0, Max: 0.0, Diff: 0.0, Sum: 0.0]
         [Processed Buffers: Min: 1, Avg: 2.5, Max: 4, Diff: 3, Sum: 5]
      [Scan RS (ms): Min: 0.1, Avg: 0.1, Max: 0.1, Diff: 0.0, Sum: 0.1]
      [Code Root Scanning (ms): Min: 0.0, Avg: 0.0, Max: 0.0, Diff: 0.0, Sum: 0.0]
      [Object Copy (ms): Min: 30.2, Avg: 30.2, Max: 30.2, Diff: 0.1, Sum: 60.4]
      [Termination (ms): Min: 0.0, Avg: 0.0, Max: 0.0, Diff: 0.0, Sum: 0.0]
         [Termination Attempts: Min: 1, Avg: 1.0, Max: 1, Diff: 0, Sum: 2]
      [GC Worker Other (ms): Min: 0.0, Avg: 0.0, Max: 0.0, Diff: 0.0, Sum: 0.0]
      [GC Worker Total (ms): Min: 30.8, Avg: 30.9, Max: 30.9, Diff: 0.0, Sum: 61.7]
      [GC Worker End (ms): Min: 373991.7, Avg: 373991.7, Max: 373991.7, Diff: 0.0]
   [Code Root Fixup: 0.0 ms]
   [Code Root Purge: 0.0 ms]
   [Clear CT: 0.1 ms]
   [Other: 0.4 ms]
      [Choose CSet: 0.0 ms]
      [Ref Proc: 0.1 ms]
      [Ref Enq: 0.0 ms]
      [Redirty Cards: 0.0 ms]
      [Humongous Register: 0.0 ms]
      [Humongous Reclaim: 0.0 ms]
      [Free CSet: 0.2 ms]
   [Eden: 251.0M(251.0M)->0.0B(257.0M) Survivors: 31744.0K->26624.0K Heap: 384.6M(472.0M)->128.1M(472.0M)]
 [Times: user=0.06 sys=0.00, real=0.03 secs] 
2024-07-06T11:30:20.259+0800: 374.426: [GC pause (G1 Evacuation Pause) (young), 0.0293884 secs]
   [Parallel Time: 28.8 ms, GC Workers: 2]
      [GC Worker Start (ms): Min: 374425.6, Avg: 374425.6, Max: 374425.6, Diff: 0.0]
      [Ext Root Scanning (ms): Min: 0.6, Avg: 0.6, Max: 0.6, Diff: 0.0, Sum: 1.1]
      [Update RS (ms): Min: 0.0, Avg: 0.0, Max: 0.0, Diff: 0.0, Sum: 0.1]
         [Processed Buffers: Min: 1, Avg: 2.5, Max: 4, Diff: 3, Sum: 5]
      [Scan RS (ms): Min: 0.1, Avg: 0.1, Max: 0.1, Diff: 0.0, Sum: 0.2]
      [Code Root Scanning (ms): Min: 0.0, Avg: 0.0, Max: 0.0, Diff: 0.0, Sum: 0.0]
      [Object Copy (ms): Min: 28.0, Avg: 28.0, Max: 28.0, Diff: 0.0, Sum: 56.0]
      [Termination (ms): Min: 0.0, Avg: 0.0, Max: 0.0, Diff: 0.0, Sum: 0.0]
         [Termination Attempts: Min: 13, Avg: 14.0, Max: 15, Diff: 2, Sum: 28]
      [GC Worker Other (ms): Min: 0.0, Avg: 0.0, Max: 0.0, Diff: 0.0, Sum: 0.0]
      [GC Worker Total (ms): Min: 28.7, Avg: 28.7, Max: 28.7, Diff: 0.0, Sum: 57.4]
      [GC Worker End (ms): Min: 374454.3, Avg: 374454.3, Max: 374454.3, Diff: 0.0]
   [Code Root Fixup: 0.0 ms]
   [Code Root Purge: 0.0 ms]
   [Clear CT: 0.1 ms]
   [Other: 0.5 ms]
      [Choose CSet: 0.0 ms]
      [Ref Proc: 0.1 ms]
      [Ref Enq: 0.0 ms]
      [Redirty Cards: 0.0 ms]
      [Humongous Register: 0.0 ms]
      [Humongous Reclaim: 0.0 ms]
      [Free CSet: 0.2 ms]
   [Eden: 257.0M(257.0M)->0.0B(260.0M) Survivors: 26624.0K->23552.0K Heap: 385.1M(472.0M)->125.6M(472.0M)]
 [Times: user=0.06 sys=0.00, real=0.03 secs] 
2024-07-06T11:30:20.705+0800: 374.872: [GC pause (G1 Evacuation Pause) (young), 0.0229359 secs]
   [Parallel Time: 22.4 ms, GC Workers: 2]
      [GC Worker Start (ms): Min: 374871.6, Avg: 374871.6, Max: 374871.6, Diff: 0.0]
      [Ext Root Scanning (ms): Min: 0.5, Avg: 0.5, Max: 0.5, Diff: 0.0, Sum: 1.1]
      [Update RS (ms): Min: 0.0, Avg: 0.0, Max: 0.0, Diff: 0.0, Sum: 0.0]
         [Processed Buffers: Min: 2, Avg: 2.5, Max: 3, Diff: 1, Sum: 5]
      [Scan RS (ms): Min: 0.1, Avg: 0.1, Max: 0.1, Diff: 0.0, Sum: 0.2]
      [Code Root Scanning (ms): Min: 0.0, Avg: 0.0, Max: 0.0, Diff: 0.0, Sum: 0.0]
      [Object Copy (ms): Min: 21.7, Avg: 21.7, Max: 21.7, Diff: 0.0, Sum: 43.5]
      [Termination (ms): Min: 0.0, Avg: 0.0, Max: 0.0, Diff: 0.0, Sum: 0.0]
         [Termination Attempts: Min: 1, Avg: 1.0, Max: 1, Diff: 0, Sum: 2]
      [GC Worker Other (ms): Min: 0.0, Avg: 0.0, Max: 0.0, Diff: 0.0, Sum: 0.0]
      [GC Worker Total (ms): Min: 22.4, Avg: 22.4, Max: 22.4, Diff: 0.0, Sum: 44.8]
      [GC Worker End (ms): Min: 374894.0, Avg: 374894.0, Max: 374894.0, Diff: 0.0]
   [Code Root Fixup: 0.0 ms]
   [Code Root Purge: 0.0 ms]
   [Clear CT: 0.1 ms]
   [Other: 0.4 ms]
      [Choose CSet: 0.0 ms]
      [Ref Proc: 0.1 ms]
      [Ref Enq: 0.0 ms]
      [Redirty Cards: 0.0 ms]
      [Humongous Register: 0.0 ms]
      [Humongous Reclaim: 0.0 ms]
      [Free CSet: 0.1 ms]
   [Eden: 260.0M(260.0M)->0.0B(265.0M) Survivors: 23552.0K->18432.0K Heap: 385.6M(472.0M)->120.6M(472.0M)]
 [Times: user=0.04 sys=0.00, real=0.03 secs] 
2024-07-06T11:30:21.157+0800: 375.323: [GC pause (G1 Evacuation Pause) (young), 0.0173339 secs]
   [Parallel Time: 16.8 ms, GC Workers: 2]
      [GC Worker Start (ms): Min: 375323.0, Avg: 375323.0, Max: 375323.0, Diff: 0.0]
      [Ext Root Scanning (ms): Min: 0.6, Avg: 0.6, Max: 0.6, Diff: 0.0, Sum: 1.1]
      [Update RS (ms): Min: 0.0, Avg: 0.0, Max: 0.0, Diff: 0.0, Sum: 0.0]
         [Processed Buffers: Min: 2, Avg: 2.5, Max: 3, Diff: 1, Sum: 5]
      [Scan RS (ms): Min: 0.1, Avg: 0.1, Max: 0.1, Diff: 0.0, Sum: 0.2]
      [Code Root Scanning (ms): Min: 0.0, Avg: 0.0, Max: 0.0, Diff: 0.0, Sum: 0.0]
      [Object Copy (ms): Min: 16.0, Avg: 16.0, Max: 16.0, Diff: 0.0, Sum: 32.0]
      [Termination (ms): Min: 0.0, Avg: 0.0, Max: 0.0, Diff: 0.0, Sum: 0.0]
         [Termination Attempts: Min: 1, Avg: 1.0, Max: 1, Diff: 0, Sum: 2]
      [GC Worker Other (ms): Min: 0.0, Avg: 0.0, Max: 0.0, Diff: 0.0, Sum: 0.0]
      [GC Worker Total (ms): Min: 16.7, Avg: 16.7, Max: 16.7, Diff: 0.0, Sum: 33.4]
      [GC Worker End (ms): Min: 375339.7, Avg: 375339.7, Max: 375339.7, Diff: 0.0]
   [Code Root Fixup: 0.0 ms]
   [Code Root Purge: 0.0 ms]
   [Clear CT: 0.1 ms]
   [Other: 0.4 ms]
      [Choose CSet: 0.0 ms]
      [Ref Proc: 0.1 ms]
      [Ref Enq: 0.0 ms]
      [Redirty Cards: 0.1 ms]
      [Humongous Register: 0.0 ms]
      [Humongous Reclaim: 0.0 ms]
      [Free CSet: 0.2 ms]
   [Eden: 265.0M(265.0M)->0.0B(268.0M) Survivors: 18432.0K->15360.0K Heap: 385.6M(472.0M)->117.6M(472.0M)]
 [Times: user=0.03 sys=0.00, real=0.01 secs] 
2024-07-06T11:30:21.639+0800: 375.805: [GC pause (G1 Evacuation Pause) (young), 0.0193382 secs]
   [Parallel Time: 18.8 ms, GC Workers: 2]
      [GC Worker Start (ms): Min: 375805.6, Avg: 375805.6, Max: 375805.6, Diff: 0.0]
      [Ext Root Scanning (ms): Min: 0.5, Avg: 0.5, Max: 0.5, Diff: 0.0, Sum: 1.1]
      [Update RS (ms): Min: 0.0, Avg: 0.0, Max: 0.0, Diff: 0.0, Sum: 0.0]
         [Processed Buffers: Min: 1, Avg: 2.5, Max: 4, Diff: 3, Sum: 5]
      [Scan RS (ms): Min: 0.1, Avg: 0.1, Max: 0.1, Diff: 0.0, Sum: 0.2]
      [Code Root Scanning (ms): Min: 0.0, Avg: 0.0, Max: 0.0, Diff: 0.0, Sum: 0.0]
      [Object Copy (ms): Min: 18.1, Avg: 18.1, Max: 18.2, Diff: 0.0, Sum: 36.3]
      [Termination (ms): Min: 0.0, Avg: 0.0, Max: 0.0, Diff: 0.0, Sum: 0.0]
         [Termination Attempts: Min: 1, Avg: 1.0, Max: 1, Diff: 0, Sum: 2]
      [GC Worker Other (ms): Min: 0.0, Avg: 0.0, Max: 0.0, Diff: 0.0, Sum: 0.0]
      [GC Worker Total (ms): Min: 18.8, Avg: 18.8, Max: 18.8, Diff: 0.0, Sum: 37.6]
      [GC Worker End (ms): Min: 375824.4, Avg: 375824.4, Max: 375824.4, Diff: 0.0]
   [Code Root Fixup: 0.0 ms]
   [Code Root Purge: 0.0 ms]
   [Clear CT: 0.1 ms]
   [Other: 0.4 ms]
      [Choose CSet: 0.0 ms]
      [Ref Proc: 0.1 ms]
      [Ref Enq: 0.0 ms]
      [Redirty Cards: 0.0 ms]
      [Humongous Register: 0.0 ms]
      [Humongous Reclaim: 0.0 ms]
      [Free CSet: 0.1 ms]
   [Eden: 268.0M(268.0M)->0.0B(266.0M) Survivors: 15360.0K->17408.0K Heap: 385.6M(472.0M)->119.6M(472.0M)]
 [Times: user=0.04 sys=0.00, real=0.02 secs] 
2024-07-06T11:30:22.063+0800: 376.229: [GC pause (G1 Evacuation Pause) (young), 0.0397281 secs]
   [Parallel Time: 39.2 ms, GC Workers: 2]
      [GC Worker Start (ms): Min: 376229.6, Avg: 376229.6, Max: 376229.6, Diff: 0.0]
      [Ext Root Scanning (ms): Min: 0.6, Avg: 0.6, Max: 0.6, Diff: 0.0, Sum: 1.2]
      [Update RS (ms): Min: 0.0, Avg: 0.1, Max: 0.1, Diff: 0.1, Sum: 0.1]
         [Processed Buffers: Min: 1, Avg: 2.5, Max: 4, Diff: 3, Sum: 5]
      [Scan RS (ms): Min: 0.1, Avg: 0.1, Max: 0.1, Diff: 0.0, Sum: 0.2]
      [Code Root Scanning (ms): Min: 0.0, Avg: 0.0, Max: 0.0, Diff: 0.0, Sum: 0.0]
      [Object Copy (ms): Min: 38.3, Avg: 38.3, Max: 38.3, Diff: 0.0, Sum: 76.6]
      [Termination (ms): Min: 0.0, Avg: 0.0, Max: 0.0, Diff: 0.0, Sum: 0.0]
         [Termination Attempts: Min: 3, Avg: 4.0, Max: 5, Diff: 2, Sum: 8]
      [GC Worker Other (ms): Min: 0.0, Avg: 0.0, Max: 0.0, Diff: 0.0, Sum: 0.0]
      [GC Worker Total (ms): Min: 39.1, Avg: 39.1, Max: 39.1, Diff: 0.0, Sum: 78.2]
      [GC Worker End (ms): Min: 376268.7, Avg: 376268.7, Max: 376268.7, Diff: 0.0]
   [Code Root Fixup: 0.0 ms]
   [Code Root Purge: 0.0 ms]
   [Clear CT: 0.1 ms]
   [Other: 0.5 ms]
      [Choose CSet: 0.0 ms]
      [Ref Proc: 0.1 ms]
      [Ref Enq: 0.0 ms]
      [Redirty Cards: 0.1 ms]
      [Humongous Register: 0.0 ms]
      [Humongous Reclaim: 0.0 ms]
      [Free CSet: 0.2 ms]
   [Eden: 266.0M(266.0M)->0.0B(252.0M) Survivors: 17408.0K->31744.0K Heap: 385.6M(472.0M)->133.1M(472.0M)]
 [Times: user=0.08 sys=0.00, real=0.04 secs] 
2024-07-06T11:30:22.517+0800: 376.683: [GC pause (G1 Evacuation Pause) (young), 0.0381147 secs]
   [Parallel Time: 37.7 ms, GC Workers: 2]
      [GC Worker Start (ms): Min: 376683.4, Avg: 376683.4, Max: 376683.4, Diff: 0.0]
      [Ext Root Scanning (ms): Min: 0.5, Avg: 0.5, Max: 0.5, Diff: 0.0, Sum: 1.0]
      [Update RS (ms): Min: 0.0, Avg: 0.0, Max: 0.0, Diff: 0.0, Sum: 0.1]
         [Processed Buffers: Min: 2, Avg: 2.5, Max: 3, Diff: 1, Sum: 5]
      [Scan RS (ms): Min: 0.1, Avg: 0.1, Max: 0.1, Diff: 0.0, Sum: 0.2]
      [Code Root Scanning (ms): Min: 0.0, Avg: 0.0, Max: 0.0, Diff: 0.0, Sum: 0.0]
      [Object Copy (ms): Min: 36.9, Avg: 36.9, Max: 36.9, Diff: 0.0, Sum: 73.8]
      [Termination (ms): Min: 0.0, Avg: 0.0, Max: 0.1, Diff: 0.1, Sum: 0.1]
         [Termination Attempts: Min: 1, Avg: 1.0, Max: 1, Diff: 0, Sum: 2]
      [GC Worker Other (ms): Min: 0.0, Avg: 0.0, Max: 0.0, Diff: 0.0, Sum: 0.0]
      [GC Worker Total (ms): Min: 37.6, Avg: 37.6, Max: 37.6, Diff: 0.0, Sum: 75.1]
      [GC Worker End (ms): Min: 376721.0, Avg: 376721.0, Max: 376721.0, Diff: 0.0]
   [Code Root Fixup: 0.0 ms]
   [Code Root Purge: 0.0 ms]
   [Clear CT: 0.1 ms]
   [Other: 0.3 ms]
      [Choose CSet: 0.0 ms]
      [Ref Proc: 0.1 ms]
      [Ref Enq: 0.0 ms]
      [Redirty Cards: 0.0 ms]
      [Humongous Register: 0.0 ms]
      [Humongous Reclaim: 0.0 ms]
      [Free CSet: 0.2 ms]
   [Eden: 252.0M(252.0M)->0.0B(250.0M) Survivors: 31744.0K->33792.0K Heap: 385.1M(472.0M)->135.1M(472.0M)]
 [Times: user=0.07 sys=0.00, real=0.04 secs] 
2024-07-06T11:30:22.967+0800: 377.133: [GC pause (G1 Evacuation Pause) (young), 0.0353329 secs]
   [Parallel Time: 34.8 ms, GC Workers: 2]
      [GC Worker Start (ms): Min: 377133.6, Avg: 377133.6, Max: 377133.6, Diff: 0.0]
      [Ext Root Scanning (ms): Min: 0.5, Avg: 0.6, Max: 0.6, Diff: 0.0, Sum: 1.1]
      [Update RS (ms): Min: 0.0, Avg: 0.0, Max: 0.1, Diff: 0.0, Sum: 0.1]
         [Processed Buffers: Min: 2, Avg: 3.0, Max: 4, Diff: 2, Sum: 6]
      [Scan RS (ms): Min: 0.1, Avg: 0.1, Max: 0.1, Diff: 0.0, Sum: 0.2]
      [Code Root Scanning (ms): Min: 0.0, Avg: 0.0, Max: 0.0, Diff: 0.0, Sum: 0.0]
      [Object Copy (ms): Min: 34.0, Avg: 34.0, Max: 34.0, Diff: 0.0, Sum: 68.0]
      [Termination (ms): Min: 0.0, Avg: 0.0, Max: 0.0, Diff: 0.0, Sum: 0.0]
         [Termination Attempts: Min: 1, Avg: 1.0, Max: 1, Diff: 0, Sum: 2]
      [GC Worker Other (ms): Min: 0.0, Avg: 0.0, Max: 0.0, Diff: 0.0, Sum: 0.0]
      [GC Worker Total (ms): Min: 34.7, Avg: 34.7, Max: 34.7, Diff: 0.0, Sum: 69.4]
      [GC Worker End (ms): Min: 377168.3, Avg: 377168.3, Max: 377168.3, Diff: 0.0]
   [Code Root Fixup: 0.0 ms]
   [Code Root Purge: 0.0 ms]
   [Clear CT: 0.2 ms]
   [Other: 0.4 ms]
      [Choose CSet: 0.0 ms]
      [Ref Proc: 0.1 ms]
      [Ref Enq: 0.0 ms]
      [Redirty Cards: 0.1 ms]
      [Humongous Register: 0.0 ms]
      [Humongous Reclaim: 0.0 ms]
      [Free CSet: 0.2 ms]
   [Eden: 250.0M(250.0M)->0.0B(255.0M) Survivors: 33792.0K->28672.0K Heap: 385.1M(472.0M)->130.1M(472.0M)]
 [Times: user=0.07 sys=0.00, real=0.03 secs] 
2024-07-06T11:30:23.419+0800: 377.585: [GC pause (G1 Evacuation Pause) (young), 0.0347140 secs]
   [Parallel Time: 34.2 ms, GC Workers: 2]
      [GC Worker Start (ms): Min: 377585.5, Avg: 377585.8, Max: 377586.2, Diff: 0.6]
      [Ext Root Scanning (ms): Min: 0.3, Avg: 1.5, Max: 2.8, Diff: 2.6, Sum: 3.1]
      [Update RS (ms): Min: 0.0, Avg: 0.0, Max: 0.0, Diff: 0.0, Sum: 0.0]
         [Processed Buffers: Min: 0, Avg: 2.5, Max: 5, Diff: 5, Sum: 5]
      [Scan RS (ms): Min: 0.0, Avg: 0.1, Max: 0.1, Diff: 0.1, Sum: 0.2]
      [Code Root Scanning (ms): Min: 0.0, Avg: 0.0, Max: 0.0, Diff: 0.0, Sum: 0.0]
      [Object Copy (ms): Min: 31.3, Avg: 32.2, Max: 33.1, Diff: 1.8, Sum: 64.4]
      [Termination (ms): Min: 0.0, Avg: 0.0, Max: 0.0, Diff: 0.0, Sum: 0.0]
         [Termination Attempts: Min: 1, Avg: 1.0, Max: 1, Diff: 0, Sum: 2]
      [GC Worker Other (ms): Min: 0.0, Avg: 0.0, Max: 0.0, Diff: 0.0, Sum: 0.0]
      [GC Worker Total (ms): Min: 33.6, Avg: 33.9, Max: 34.2, Diff: 0.6, Sum: 67.7]
      [GC Worker End (ms): Min: 377619.7, Avg: 377619.7, Max: 377619.7, Diff: 0.0]
   [Code Root Fixup: 0.0 ms]
   [Code Root Purge: 0.0 ms]
   [Clear CT: 0.1 ms]
   [Other: 0.4 ms]
      [Choose CSet: 0.0 ms]
      [Ref Proc: 0.1 ms]
      [Ref Enq: 0.0 ms]
      [Redirty Cards: 0.0 ms]
      [Humongous Register: 0.0 ms]
      [Humongous Reclaim: 0.0 ms]
      [Free CSet: 0.1 ms]
   [Eden: 255.0M(255.0M)->0.0B(258.0M) Survivors: 28672.0K->25600.0K Heap: 385.1M(472.0M)->127.1M(472.0M)]
 [Times: user=0.07 sys=0.00, real=0.03 secs] 
2024-07-06T11:30:23.939+0800: 378.105: [GC pause (G1 Evacuation Pause) (young), 0.0275841 secs]
   [Parallel Time: 27.0 ms, GC Workers: 2]
      [GC Worker Start (ms): Min: 378105.6, Avg: 378105.6, Max: 378105.6, Diff: 0.0]
      [Ext Root Scanning (ms): Min: 0.6, Avg: 0.6, Max: 0.6, Diff: 0.0, Sum: 1.1]
      [Update RS (ms): Min: 0.0, Avg: 0.0, Max: 0.0, Diff: 0.0, Sum: 0.1]
         [Processed Buffers: Min: 2, Avg: 2.5, Max: 3, Diff: 1, Sum: 5]
      [Scan RS (ms): Min: 0.1, Avg: 0.1, Max: 0.1, Diff: 0.0, Sum: 0.2]
      [Code Root Scanning (ms): Min: 0.0, Avg: 0.0, Max: 0.0, Diff: 0.0, Sum: 0.0]
      [Object Copy (ms): Min: 26.3, Avg: 26.3, Max: 26.3, Diff: 0.0, Sum: 52.5]
      [Termination (ms): Min: 0.0, Avg: 0.0, Max: 0.0, Diff: 0.0, Sum: 0.0]
         [Termination Attempts: Min: 1, Avg: 1.0, Max: 1, Diff: 0, Sum: 2]
      [GC Worker Other (ms): Min: 0.0, Avg: 0.0, Max: 0.0, Diff: 0.0, Sum: 0.0]
      [GC Worker Total (ms): Min: 26.9, Avg: 26.9, Max: 26.9, Diff: 0.0, Sum: 53.9]
      [GC Worker End (ms): Min: 378132.5, Avg: 378132.5, Max: 378132.5, Diff: 0.0]
   [Code Root Fixup: 0.0 ms]
   [Code Root Purge: 0.0 ms]
   [Clear CT: 0.1 ms]
   [Other: 0.5 ms]
      [Choose CSet: 0.0 ms]
      [Ref Proc: 0.1 ms]
      [Ref Enq: 0.0 ms]
      [Redirty Cards: 0.0 ms]
      [Humongous Register: 0.0 ms]
      [Humongous Reclaim: 0.0 ms]
      [Free CSet: 0.2 ms]
   [Eden: 258.0M(258.0M)->0.0B(262.0M) Survivors: 25600.0K->21504.0K Heap: 385.1M(472.0M)->123.6M(472.0M)]
 [Times: user=0.05 sys=0.00, real=0.02 secs] 
2024-07-06T11:30:24.364+0800: 378.530: [GC pause (G1 Evacuation Pause) (young), 0.0165357 secs]
   [Parallel Time: 16.0 ms, GC Workers: 2]
      [GC Worker Start (ms): Min: 378530.0, Avg: 378530.0, Max: 378530.1, Diff: 0.0]
      [Ext Root Scanning (ms): Min: 0.5, Avg: 0.5, Max: 0.5, Diff: 0.0, Sum: 0.9]
      [Update RS (ms): Min: 0.0, Avg: 0.0, Max: 0.0, Diff: 0.0, Sum: 0.0]
         [Processed Buffers: Min: 0, Avg: 2.5, Max: 5, Diff: 5, Sum: 5]
      [Scan RS (ms): Min: 0.1, Avg: 0.1, Max: 0.1, Diff: 0.0, Sum: 0.2]
      [Code Root Scanning (ms): Min: 0.0, Avg: 0.0, Max: 0.0, Diff: 0.0, Sum: 0.0]
      [Object Copy (ms): Min: 15.3, Avg: 15.3, Max: 15.3, Diff: 0.1, Sum: 30.6]
      [Termination (ms): Min: 0.0, Avg: 0.0, Max: 0.0, Diff: 0.0, Sum: 0.0]
         [Termination Attempts: Min: 1, Avg: 1.0, Max: 1, Diff: 0, Sum: 2]
      [GC Worker Other (ms): Min: 0.0, Avg: 0.0, Max: 0.0, Diff: 0.0, Sum: 0.0]
      [GC Worker Total (ms): Min: 15.9, Avg: 15.9, Max: 15.9, Diff: 0.0, Sum: 31.8]
      [GC Worker End (ms): Min: 378545.9, Avg: 378545.9, Max: 378545.9, Diff: 0.0]
   [Code Root Fixup: 0.0 ms]
   [Code Root Purge: 0.0 ms]
   [Clear CT: 0.1 ms]
   [Other: 0.4 ms]
      [Choose CSet: 0.0 ms]
      [Ref Proc: 0.1 ms]
      [Ref Enq: 0.0 ms]
      [Redirty Cards: 0.0 ms]
      [Humongous Register: 0.0 ms]
      [Humongous Reclaim: 0.0 ms]
      [Free CSet: 0.2 ms]
   [Eden: 262.0M(262.0M)->0.0B(268.0M) Survivors: 21504.0K->15360.0K Heap: 385.6M(472.0M)->117.6M(472.0M)]
 [Times: user=0.03 sys=0.00, real=0.02 secs] 
2024-07-06T11:30:24.762+0800: 378.928: [GC pause (G1 Evacuation Pause) (young), 0.0264861 secs]
   [Parallel Time: 25.9 ms, GC Workers: 2]
      [GC Worker Start (ms): Min: 378928.0, Avg: 378928.1, Max: 378928.1, Diff: 0.0]
      [Ext Root Scanning (ms): Min: 0.5, Avg: 0.5, Max: 0.5, Diff: 0.0, Sum: 1.0]
      [Update RS (ms): Min: 0.0, Avg: 0.0, Max: 0.0, Diff: 0.0, Sum: 0.0]
         [Processed Buffers: Min: 1, Avg: 2.5, Max: 4, Diff: 3, Sum: 5]
      [Scan RS (ms): Min: 0.1, Avg: 0.1, Max: 0.1, Diff: 0.0, Sum: 0.2]
      [Code Root Scanning (ms): Min: 0.0, Avg: 0.0, Max: 0.0, Diff: 0.0, Sum: 0.0]
      [Object Copy (ms): Min: 25.2, Avg: 25.2, Max: 25.2, Diff: 0.0, Sum: 50.4]
      [Termination (ms): Min: 0.0, Avg: 0.0, Max: 0.0, Diff: 0.0, Sum: 0.0]
         [Termination Attempts: Min: 1, Avg: 1.0, Max: 1, Diff: 0, Sum: 2]
      [GC Worker Other (ms): Min: 0.0, Avg: 0.0, Max: 0.0, Diff: 0.0, Sum: 0.0]
      [GC Worker Total (ms): Min: 25.8, Avg: 25.8, Max: 25.9, Diff: 0.0, Sum: 51.7]
      [GC Worker End (ms): Min: 378953.9, Avg: 378953.9, Max: 378953.9, Diff: 0.0]
   [Code Root Fixup: 0.0 ms]
   [Code Root Purge: 0.0 ms]
   [Clear CT: 0.1 ms]
   [Other: 0.4 ms]
      [Choose CSet: 0.0 ms]
      [Ref Proc: 0.1 ms]
      [Ref Enq: 0.0 ms]
      [Redirty Cards: 0.1 ms]
      [Humongous Register: 0.0 ms]
      [Humongous Reclaim: 0.0 ms]
      [Free CSet: 0.2 ms]
   [Eden: 268.0M(268.0M)->0.0B(260.0M) Survivors: 15360.0K->23552.0K Heap: 385.6M(472.0M)->125.1M(472.0M)]
 [Times: user=0.06 sys=0.00, real=0.03 secs] 
2024-07-06T11:30:25.199+0800: 379.365: [GC pause (G1 Evacuation Pause) (young), 0.0279858 secs]
   [Parallel Time: 27.4 ms, GC Workers: 2]
      [GC Worker Start (ms): Min: 379365.3, Avg: 379365.3, Max: 379365.3, Diff: 0.0]
      [Ext Root Scanning (ms): Min: 0.5, Avg: 0.5, Max: 0.5, Diff: 0.0, Sum: 1.0]
      [Update RS (ms): Min: 0.0, Avg: 0.0, Max: 0.1, Diff: 0.0, Sum: 0.1]
         [Processed Buffers: Min: 0, Avg: 2.5, Max: 5, Diff: 5, Sum: 5]
      [Scan RS (ms): Min: 0.1, Avg: 0.1, Max: 0.2, Diff: 0.1, Sum: 0.3]
      [Code Root Scanning (ms): Min: 0.0, Avg: 0.0, Max: 0.0, Diff: 0.0, Sum: 0.0]
      [Object Copy (ms): Min: 26.6, Avg: 26.7, Max: 26.7, Diff: 0.1, Sum: 53.3]
      [Termination (ms): Min: 0.0, Avg: 0.0, Max: 0.0, Diff: 0.0, Sum: 0.0]
         [Termination Attempts: Min: 1, Avg: 1.0, Max: 1, Diff: 0, Sum: 2]
      [GC Worker Other (ms): Min: 0.0, Avg: 0.0, Max: 0.0, Diff: 0.0, Sum: 0.0]
      [GC Worker Total (ms): Min: 27.3, Avg: 27.3, Max: 27.4, Diff: 0.0, Sum: 54.7]
      [GC Worker End (ms): Min: 379392.6, Avg: 379392.6, Max: 379392.6, Diff: 0.0]
   [Code Root Fixup: 0.0 ms]
   [Code Root Purge: 0.0 ms]
   [Clear CT: 0.1 ms]
   [Other: 0.5 ms]
      [Choose CSet: 0.0 ms]
      [Ref Proc: 0.1 ms]
      [Ref Enq: 0.0 ms]
      [Redirty Cards: 0.1 ms]
      [Humongous Register: 0.0 ms]
      [Humongous Reclaim: 0.0 ms]
      [Free CSet: 0.2 ms]
   [Eden: 260.0M(260.0M)->0.0B(258.0M) Survivors: 23552.0K->25600.0K Heap: 385.1M(472.0M)->127.6M(472.0M)]
 [Times: user=0.06 sys=0.00, real=0.02 secs] 
2024-07-06T11:30:25.601+0800: 379.767: [GC pause (G1 Evacuation Pause) (young), 0.0540904 secs]
   [Parallel Time: 53.6 ms, GC Workers: 2]
      [GC Worker Start (ms): Min: 379766.9, Avg: 379767.2, Max: 379767.5, Diff: 0.6]
      [Ext Root Scanning (ms): Min: 0.7, Avg: 1.0, Max: 1.4, Diff: 0.7, Sum: 2.1]
      [Update RS (ms): Min: 0.0, Avg: 0.2, Max: 0.3, Diff: 0.2, Sum: 0.3]
         [Processed Buffers: Min: 0, Avg: 2.5, Max: 5, Diff: 5, Sum: 5]
      [Scan RS (ms): Min: 0.0, Avg: 0.1, Max: 0.1, Diff: 0.1, Sum: 0.1]
      [Code Root Scanning (ms): Min: 0.0, Avg: 0.0, Max: 0.0, Diff: 0.0, Sum: 0.0]
      [Object Copy (ms): Min: 51.9, Avg: 51.9, Max: 52.0, Diff: 0.0, Sum: 103.9]
      [Termination (ms): Min: 0.0, Avg: 0.0, Max: 0.0, Diff: 0.0, Sum: 0.0]
         [Termination Attempts: Min: 1, Avg: 1.0, Max: 1, Diff: 0, Sum: 2]
      [GC Worker Other (ms): Min: 0.0, Avg: 0.0, Max: 0.0, Diff: 0.0, Sum: 0.0]
      [GC Worker Total (ms): Min: 52.9, Avg: 53.2, Max: 53.5, Diff: 0.6, Sum: 106.5]
      [GC Worker End (ms): Min: 379820.4, Avg: 379820.4, Max: 379820.4, Diff: 0.0]
   [Code Root Fixup: 0.0 ms]
   [Code Root Purge: 0.0 ms]
   [Clear CT: 0.1 ms]
   [Other: 0.4 ms]
      [Choose CSet: 0.0 ms]
      [Ref Proc: 0.1 ms]
      [Ref Enq: 0.0 ms]
      [Redirty Cards: 0.0 ms]
      [Humongous Register: 0.0 ms]
      [Humongous Reclaim: 0.0 ms]
      [Free CSet: 0.1 ms]
   [Eden: 258.0M(258.0M)->0.0B(253.0M) Survivors: 25600.0K->30720.0K Heap: 385.6M(472.0M)->132.6M(472.0M)]
 [Times: user=0.07 sys=0.00, real=0.05 secs] 
2024-07-06T11:30:26.034+0800: 380.201: [GC pause (G1 Evacuation Pause) (young), 0.0352460 secs]
   [Parallel Time: 34.7 ms, GC Workers: 2]
      [GC Worker Start (ms): Min: 380200.7, Avg: 380200.7, Max: 380200.7, Diff: 0.0]
      [Ext Root Scanning (ms): Min: 0.5, Avg: 0.5, Max: 0.5, Diff: 0.0, Sum: 1.0]
      [Update RS (ms): Min: 0.0, Avg: 0.0, Max: 0.0, Diff: 0.0, Sum: 0.0]
         [Processed Buffers: Min: 1, Avg: 2.5, Max: 4, Diff: 3, Sum: 5]
      [Scan RS (ms): Min: 0.1, Avg: 0.1, Max: 0.1, Diff: 0.0, Sum: 0.2]
      [Code Root Scanning (ms): Min: 0.0, Avg: 0.0, Max: 0.0, Diff: 0.0, Sum: 0.0]
      [Object Copy (ms): Min: 34.0, Avg: 34.0, Max: 34.0, Diff: 0.0, Sum: 68.0]
      [Termination (ms): Min: 0.0, Avg: 0.0, Max: 0.0, Diff: 0.0, Sum: 0.0]
         [Termination Attempts: Min: 1, Avg: 1.0, Max: 1, Diff: 0, Sum: 2]
      [GC Worker Other (ms): Min: 0.0, Avg: 0.0, Max: 0.0, Diff: 0.0, Sum: 0.0]
      [GC Worker Total (ms): Min: 34.6, Avg: 34.6, Max: 34.7, Diff: 0.0, Sum: 69.3]
      [GC Worker End (ms): Min: 380235.4, Avg: 380235.4, Max: 380235.4, Diff: 0.0]
   [Code Root Fixup: 0.0 ms]
   [Code Root Purge: 0.0 ms]
   [Clear CT: 0.1 ms]
   [Other: 0.4 ms]
      [Choose CSet: 0.0 ms]
      [Ref Proc: 0.1 ms]
      [Ref Enq: 0.0 ms]
      [Redirty Cards: 0.0 ms]
      [Humongous Register: 0.0 ms]
      [Humongous Reclaim: 0.0 ms]
      [Free CSet: 0.1 ms]
   [Eden: 253.0M(253.0M)->0.0B(252.0M) Survivors: 30720.0K->31744.0K Heap: 385.6M(472.0M)->133.1M(472.0M)]
 [Times: user=0.06 sys=0.00, real=0.04 secs] 
2024-07-06T11:30:26.483+0800: 380.649: [GC pause (G1 Evacuation Pause) (young), 0.0342843 secs]
   [Parallel Time: 33.7 ms, GC Workers: 2]
      [GC Worker Start (ms): Min: 380649.5, Avg: 380649.6, Max: 380649.6, Diff: 0.0]
      [Ext Root Scanning (ms): Min: 0.5, Avg: 0.5, Max: 0.5, Diff: 0.0, Sum: 1.0]
      [Update RS (ms): Min: 0.0, Avg: 0.0, Max: 0.0, Diff: 0.0, Sum: 0.1]
         [Processed Buffers: Min: 2, Avg: 2.5, Max: 3, Diff: 1, Sum: 5]
      [Scan RS (ms): Min: 0.1, Avg: 0.1, Max: 0.1, Diff: 0.0, Sum: 0.2]
      [Code Root Scanning (ms): Min: 0.0, Avg: 0.0, Max: 0.0, Diff: 0.0, Sum: 0.0]
      [Object Copy (ms): Min: 33.0, Avg: 33.0, Max: 33.1, Diff: 0.0, Sum: 66.1]
      [Termination (ms): Min: 0.0, Avg: 0.0, Max: 0.0, Diff: 0.0, Sum: 0.0]
         [Termination Attempts: Min: 1, Avg: 1.0, Max: 1, Diff: 0, Sum: 2]
      [GC Worker Other (ms): Min: 0.0, Avg: 0.0, Max: 0.0, Diff: 0.0, Sum: 0.0]
      [GC Worker Total (ms): Min: 33.7, Avg: 33.7, Max: 33.7, Diff: 0.0, Sum: 67.4]
      [GC Worker End (ms): Min: 380683.2, Avg: 380683.2, Max: 380683.2, Diff: 0.0]
   [Code Root Fixup: 0.0 ms]
   [Code Root Purge: 0.0 ms]
   [Clear CT: 0.1 ms]
   [Other: 0.4 ms]
      [Choose CSet: 0.0 ms]
      [Ref Proc: 0.1 ms]
      [Ref Enq: 0.0 ms]
      [Redirty Cards: 0.1 ms]
      [Humongous Register: 0.0 ms]
      [Humongous Reclaim: 0.0 ms]
      [Free CSet: 0.2 ms]
   [Eden: 252.0M(252.0M)->0.0B(255.0M) Survivors: 31744.0K->28672.0K Heap: 385.1M(472.0M)->130.1M(472.0M)]
 [Times: user=0.07 sys=0.00, real=0.04 secs] 
2024-07-06T11:30:26.945+0800: 381.111: [GC pause (G1 Evacuation Pause) (young), 0.0312114 secs]
   [Parallel Time: 30.7 ms, GC Workers: 2]
      [GC Worker Start (ms): Min: 381111.2, Avg: 381111.2, Max: 381111.2, Diff: 0.0]
      [Ext Root Scanning (ms): Min: 0.5, Avg: 0.5, Max: 0.5, Diff: 0.0, Sum: 1.1]
      [Update RS (ms): Min: 0.0, Avg: 0.0, Max: 0.0, Diff: 0.0, Sum: 0.0]
         [Processed Buffers: Min: 1, Avg: 2.5, Max: 4, Diff: 3, Sum: 5]
      [Scan RS (ms): Min: 0.1, Avg: 0.1, Max: 0.1, Diff: 0.0, Sum: 0.2]
      [Code Root Scanning (ms): Min: 0.0, Avg: 0.0, Max: 0.0, Diff: 0.0, Sum: 0.0]
      [Object Copy (ms): Min: 30.0, Avg: 30.0, Max: 30.0, Diff: 0.0, Sum: 59.9]
      [Termination (ms): Min: 0.0, Avg: 0.0, Max: 0.0, Diff: 0.0, Sum: 0.0]
         [Termination Attempts: Min: 1, Avg: 1.0, Max: 1, Diff: 0, Sum: 2]
      [GC Worker Other (ms): Min: 0.0, Avg: 0.0, Max: 0.0, Diff: 0.0, Sum: 0.0]
      [GC Worker Total (ms): Min: 30.6, Avg: 30.6, Max: 30.6, Diff: 0.0, Sum: 61.3]
      [GC Worker End (ms): Min: 381141.9, Avg: 381141.9, Max: 381141.9, Diff: 0.0]
   [Code Root Fixup: 0.0 ms]
   [Code Root Purge: 0.0 ms]
   [Clear CT: 0.1 ms]
   [Other: 0.4 ms]
      [Choose CSet: 0.0 ms]
      [Ref Proc: 0.1 ms]
      [Ref Enq: 0.0 ms]
      [Redirty Cards: 0.0 ms]
      [Humongous Register: 0.0 ms]
      [Humongous Reclaim: 0.0 ms]
      [Free CSet: 0.1 ms]
   [Eden: 255.0M(255.0M)->0.0B(259.0M) Survivors: 28672.0K->24576.0K Heap: 385.1M(472.0M)->126.1M(472.0M)]
 [Times: user=0.06 sys=0.00, real=0.04 secs] 
2024-07-06T11:30:27.380+0800: 381.546: [GC pause (G1 Evacuation Pause) (young), 0.0252262 secs]
   [Parallel Time: 24.7 ms, GC Workers: 2]
      [GC Worker Start (ms): Min: 381546.5, Avg: 381546.6, Max: 381546.6, Diff: 0.0]
      [Ext Root Scanning (ms): Min: 0.5, Avg: 0.5, Max: 0.6, Diff: 0.0, Sum: 1.1]
      [Update RS (ms): Min: 0.0, Avg: 0.0, Max: 0.0, Diff: 0.0, Sum: 0.0]
         [Processed Buffers: Min: 1, Avg: 2.5, Max: 4, Diff: 3, Sum: 5]
      [Scan RS (ms): Min: 0.1, Avg: 0.1, Max: 0.1, Diff: 0.0, Sum: 0.2]
      [Code Root Scanning (ms): Min: 0.0, Avg: 0.0, Max: 0.0, Diff: 0.0, Sum: 0.0]
      [Object Copy (ms): Min: 23.9, Avg: 23.9, Max: 24.0, Diff: 0.0, Sum: 47.9]
      [Termination (ms): Min: 0.0, Avg: 0.0, Max: 0.0, Diff: 0.0, Sum: 0.0]
         [Termination Attempts: Min: 1, Avg: 1.0, Max: 1, Diff: 0, Sum: 2]
      [GC Worker Other (ms): Min: 0.0, Avg: 0.0, Max: 0.0, Diff: 0.0, Sum: 0.0]
      [GC Worker Total (ms): Min: 24.6, Avg: 24.6, Max: 24.6, Diff: 0.0, Sum: 49.2]
      [GC Worker End (ms): Min: 381571.2, Avg: 381571.2, Max: 381571.2, Diff: 0.0]
   [Code Root Fixup: 0.0 ms]
   [Code Root Purge: 0.0 ms]
   [Clear CT: 0.1 ms]
   [Other: 0.4 ms]
      [Choose CSet: 0.0 ms]
      [Ref Proc: 0.1 ms]
      [Ref Enq: 0.0 ms]
      [Redirty Cards: 0.0 ms]
      [Humongous Register: 0.0 ms]
      [Humongous Reclaim: 0.0 ms]
      [Free CSet: 0.1 ms]
   [Eden: 259.0M(259.0M)->0.0B(263.0M) Survivors: 24576.0K->20480.0K Heap: 385.1M(472.0M)->122.1M(472.0M)]
 [Times: user=0.04 sys=0.00, real=0.02 secs] 
2024-07-06T11:30:27.839+0800: 382.005: [GC pause (G1 Evacuation Pause) (young), 0.0108200 secs]
   [Parallel Time: 10.3 ms, GC Workers: 2]
      [GC Worker Start (ms): Min: 382005.5, Avg: 382005.5, Max: 382005.5, Diff: 0.0]
      [Ext Root Scanning (ms): Min: 0.5, Avg: 0.5, Max: 0.5, Diff: 0.0, Sum: 1.0]
      [Update RS (ms): Min: 0.0, Avg: 0.0, Max: 0.0, Diff: 0.0, Sum: 0.0]
         [Processed Buffers: Min: 2, Avg: 2.5, Max: 3, Diff: 1, Sum: 5]
      [Scan RS (ms): Min: 0.1, Avg: 0.1, Max: 0.1, Diff: 0.0, Sum: 0.2]
      [Code Root Scanning (ms): Min: 0.0, Avg: 0.0, Max: 0.0, Diff: 0.0, Sum: 0.0]
      [Object Copy (ms): Min: 9.6, Avg: 9.6, Max: 9.6, Diff: 0.0, Sum: 19.2]
      [Termination (ms): Min: 0.0, Avg: 0.0, Max: 0.0, Diff: 0.0, Sum: 0.0]
         [Termination Attempts: Min: 1, Avg: 2.0, Max: 3, Diff: 2, Sum: 4]
      [GC Worker Other (ms): Min: 0.0, Avg: 0.0, Max: 0.0, Diff: 0.0, Sum: 0.0]
      [GC Worker Total (ms): Min: 10.2, Avg: 10.3, Max: 10.3, Diff: 0.0, Sum: 20.5]
      [GC Worker End (ms): Min: 382015.8, Avg: 382015.8, Max: 382015.8, Diff: 0.0]
   [Code Root Fixup: 0.0 ms]
   [Code Root Purge: 0.0 ms]
   [Clear CT: 0.1 ms]
   [Other: 0.4 ms]
      [Choose CSet: 0.0 ms]
      [Ref Proc: 0.1 ms]
      [Ref Enq: 0.0 ms]
      [Redirty Cards: 0.0 ms]
      [Humongous Register: 0.0 ms]
      [Humongous Reclaim: 0.0 ms]
      [Free CSet: 0.2 ms]
   [Eden: 263.0M(263.0M)->0.0B(274.0M) Survivors: 20480.0K->9216.0K Heap: 385.1M(472.0M)->111.6M(472.0M)]
 [Times: user=0.02 sys=0.00, real=0.01 secs] 
2024-07-06T11:30:28.274+0800: 382.440: [GC pause (G1 Evacuation Pause) (young), 0.0209159 secs]
   [Parallel Time: 20.3 ms, GC Workers: 2]
      [GC Worker Start (ms): Min: 382440.1, Avg: 382440.1, Max: 382440.1, Diff: 0.0]
      [Ext Root Scanning (ms): Min: 0.6, Avg: 0.6, Max: 0.6, Diff: 0.0, Sum: 1.2]
      [Update RS (ms): Min: 0.0, Avg: 0.0, Max: 0.0, Diff: 0.0, Sum: 0.0]
         [Processed Buffers: Min: 1, Avg: 2.5, Max: 4, Diff: 3, Sum: 5]
      [Scan RS (ms): Min: 0.1, Avg: 0.1, Max: 0.1, Diff: 0.0, Sum: 0.2]
      [Code Root Scanning (ms): Min: 0.0, Avg: 0.0, Max: 0.0, Diff: 0.0, Sum: 0.0]
      [Object Copy (ms): Min: 19.6, Avg: 19.6, Max: 19.6, Diff: 0.0, Sum: 39.1]
      [Termination (ms): Min: 0.0, Avg: 0.0, Max: 0.0, Diff: 0.0, Sum: 0.0]
         [Termination Attempts: Min: 1, Avg: 1.0, Max: 1, Diff: 0, Sum: 2]
      [GC Worker Other (ms): Min: 0.0, Avg: 0.0, Max: 0.0, Diff: 0.0, Sum: 0.0]
      [GC Worker Total (ms): Min: 20.3, Avg: 20.3, Max: 20.3, Diff: 0.0, Sum: 40.6]
      [GC Worker End (ms): Min: 382460.4, Avg: 382460.4, Max: 382460.4, Diff: 0.0]
   [Code Root Fixup: 0.0 ms]
   [Code Root Purge: 0.0 ms]
   [Clear CT: 0.1 ms]
   [Other: 0.5 ms]
      [Choose CSet: 0.0 ms]
      [Ref Proc: 0.1 ms]
      [Ref Enq: 0.0 ms]
      [Redirty Cards: 0.0 ms]
      [Humongous Register: 0.0 ms]
      [Humongous Reclaim: 0.0 ms]
      [Free CSet: 0.2 ms]
   [Eden: 274.0M(274.0M)->0.0B(264.0M) Survivors: 9216.0K->19456.0K Heap: 385.6M(472.0M)->121.6M(472.0M)]
 [Times: user=0.04 sys=0.00, real=0.02 secs] 
2024-07-06T11:30:28.746+0800: 382.913: [GC pause (G1 Evacuation Pause) (young), 0.0236638 secs]
   [Parallel Time: 23.1 ms, GC Workers: 2]
      [GC Worker Start (ms): Min: 382912.6, Avg: 382912.6, Max: 382912.6, Diff: 0.0]
      [Ext Root Scanning (ms): Min: 0.6, Avg: 0.6, Max: 0.6, Diff: 0.0, Sum: 1.1]
      [Update RS (ms): Min: 0.0, Avg: 0.0, Max: 0.0, Diff: 0.0, Sum: 0.0]
         [Processed Buffers: Min: 2, Avg: 2.5, Max: 3, Diff: 1, Sum: 5]
      [Scan RS (ms): Min: 0.1, Avg: 0.1, Max: 0.2, Diff: 0.0, Sum: 0.3]
      [Code Root Scanning (ms): Min: 0.0, Avg: 0.0, Max: 0.0, Diff: 0.0, Sum: 0.0]
      [Object Copy (ms): Min: 22.3, Avg: 22.3, Max: 22.4, Diff: 0.1, Sum: 44.7]
      [Termination (ms): Min: 0.0, Avg: 0.0, Max: 0.0, Diff: 0.0, Sum: 0.0]
         [Termination Attempts: Min: 1, Avg: 1.0, Max: 1, Diff: 0, Sum: 2]
      [GC Worker Other (ms): Min: 0.0, Avg: 0.0, Max: 0.0, Diff: 0.0, Sum: 0.0]
      [GC Worker Total (ms): Min: 23.1, Avg: 23.1, Max: 23.1, Diff: 0.0, Sum: 46.2]
      [GC Worker End (ms): Min: 382935.7, Avg: 382935.7, Max: 382935.7, Diff: 0.0]
   [Code Root Fixup: 0.0 ms]
   [Code Root Purge: 0.0 ms]
   [Clear CT: 0.1 ms]
   [Other: 0.4 ms]
      [Choose CSet: 0.0 ms]
      [Ref Proc: 0.1 ms]
      [Ref Enq: 0.0 ms]
      [Redirty Cards: 0.1 ms]
      [Humongous Register: 0.0 ms]
      [Humongous Reclaim: 0.0 ms]
      [Free CSet: 0.1 ms]
   [Eden: 264.0M(264.0M)->0.0B(262.0M) Survivors: 19456.0K->21504.0K Heap: 385.6M(472.0M)->123.1M(472.0M)]
 [Times: user=0.05 sys=0.00, real=0.03 secs] 
2024-07-06T11:30:29.219+0800: 383.385: [GC pause (G1 Evacuation Pause) (young), 0.0257190 secs]
   [Parallel Time: 25.2 ms, GC Workers: 2]
      [GC Worker Start (ms): Min: 383385.5, Avg: 383385.5, Max: 383385.5, Diff: 0.0]
      [Ext Root Scanning (ms): Min: 0.5, Avg: 0.5, Max: 0.5, Diff: 0.0, Sum: 1.0]
      [Update RS (ms): Min: 0.0, Avg: 0.0, Max: 0.0, Diff: 0.0, Sum: 0.1]
         [Processed Buffers: Min: 2, Avg: 2.5, Max: 3, Diff: 1, Sum: 5]
      [Scan RS (ms): Min: 0.1, Avg: 0.1, Max: 0.1, Diff: 0.0, Sum: 0.2]
      [Code Root Scanning (ms): Min: 0.0, Avg: 0.0, Max: 0.0, Diff: 0.0, Sum: 0.0]
      [Object Copy (ms): Min: 24.4, Avg: 24.5, Max: 24.5, Diff: 0.0, Sum: 48.9]
      [Termination (ms): Min: 0.0, Avg: 0.0, Max: 0.0, Diff: 0.0, Sum: 0.0]
         [Termination Attempts: Min: 2, Avg: 2.5, Max: 3, Diff: 1, Sum: 5]
      [GC Worker Other (ms): Min: 0.0, Avg: 0.0, Max: 0.0, Diff: 0.0, Sum: 0.0]
      [GC Worker Total (ms): Min: 25.1, Avg: 25.1, Max: 25.1, Diff: 0.0, Sum: 50.2]
      [GC Worker End (ms): Min: 383410.6, Avg: 383410.6, Max: 383410.6, Diff: 0.0]
   [Code Root Fixup: 0.0 ms]
   [Code Root Purge: 0.0 ms]
   [Clear CT: 0.1 ms]
   [Other: 0.5 ms]
      [Choose CSet: 0.0 ms]
      [Ref Proc: 0.1 ms]
      [Ref Enq: 0.0 ms]
      [Redirty Cards: 0.0 ms]
      [Humongous Register: 0.0 ms]
      [Humongous Reclaim: 0.0 ms]
      [Free CSet: 0.2 ms]
   [Eden: 262.0M(262.0M)->0.0B(260.0M) Survivors: 21504.0K->23552.0K Heap: 385.1M(472.0M)->125.6M(472.0M)]
 [Times: user=0.05 sys=0.00, real=0.02 secs] 
2024-07-06T11:30:29.677+0800: 383.843: [GC pause (G1 Evacuation Pause) (young), 0.0321254 secs]
   [Parallel Time: 31.6 ms, GC Workers: 2]
      [GC Worker Start (ms): Min: 383843.0, Avg: 383843.0, Max: 383843.0, Diff: 0.0]
      [Ext Root Scanning (ms): Min: 0.5, Avg: 0.5, Max: 0.5, Diff: 0.0, Sum: 1.1]
      [Update RS (ms): Min: 0.0, Avg: 0.0, Max: 0.0, Diff: 0.0, Sum: 0.0]
         [Processed Buffers: Min: 2, Avg: 2.5, Max: 3, Diff: 1, Sum: 5]
      [Scan RS (ms): Min: 0.1, Avg: 0.1, Max: 0.1, Diff: 0.0, Sum: 0.2]
      [Code Root Scanning (ms): Min: 0.0, Avg: 0.0, Max: 0.0, Diff: 0.0, Sum: 0.0]
      [Object Copy (ms): Min: 30.9, Avg: 30.9, Max: 30.9, Diff: 0.0, Sum: 61.8]
      [Termination (ms): Min: 0.0, Avg: 0.0, Max: 0.0, Diff: 0.0, Sum: 0.0]
         [Termination Attempts: Min: 1, Avg: 1.0, Max: 1, Diff: 0, Sum: 2]
      [GC Worker Other (ms): Min: 0.0, Avg: 0.0, Max: 0.0, Diff: 0.0, Sum: 0.0]
      [GC Worker Total (ms): Min: 31.5, Avg: 31.6, Max: 31.6, Diff: 0.0, Sum: 63.1]
      [GC Worker End (ms): Min: 383874.6, Avg: 383874.6, Max: 383874.6, Diff: 0.0]
   [Code Root Fixup: 0.0 ms]
   [Code Root Purge: 0.0 ms]
   [Clear CT: 0.1 ms]
   [Other: 0.4 ms]
      [Choose CSet: 0.0 ms]
      [Ref Proc: 0.1 ms]
      [Ref Enq: 0.0 ms]
      [Redirty Cards: 0.0 ms]
      [Humongous Register: 0.0 ms]
      [Humongous Reclaim: 0.0 ms]
      [Free CSet: 0.2 ms]
   [Eden: 260.0M(260.0M)->0.0B(256.0M) Survivors: 23552.0K->27648.0K Heap: 385.6M(472.0M)->129.6M(472.0M)]
 [Times: user=0.06 sys=0.00, real=0.03 secs] 
2024-07-06T11:30:30.120+0800: 384.286: [GC pause (G1 Evacuation Pause) (young), 0.0252057 secs]
   [Parallel Time: 24.7 ms, GC Workers: 2]
      [GC Worker Start (ms): Min: 384286.2, Avg: 384286.2, Max: 384286.2, Diff: 0.0]
      [Ext Root Scanning (ms): Min: 0.5, Avg: 0.5, Max: 0.5, Diff: 0.0, Sum: 1.0]
      [Update RS (ms): Min: 0.0, Avg: 0.0, Max: 0.0, Diff: 0.0, Sum: 0.0]
         [Processed Buffers: Min: 2, Avg: 2.5, Max: 3, Diff: 1, Sum: 5]
      [Scan RS (ms): Min: 0.1, Avg: 0.1, Max: 0.1, Diff: 0.0, Sum: 0.2]
      [Code Root Scanning (ms): Min: 0.0, Avg: 0.0, Max: 0.0, Diff: 0.0, Sum: 0.0]
      [Object Copy (ms): Min: 24.0, Avg: 24.0, Max: 24.0, Diff: 0.0, Sum: 48.1]
      [Termination (ms): Min: 0.0, Avg: 0.0, Max: 0.0, Diff: 0.0, Sum: 0.0]
         [Termination Attempts: Min: 1, Avg: 1.0, Max: 1, Diff: 0, Sum: 2]
      [GC Worker Other (ms): Min: 0.0, Avg: 0.0, Max: 0.0, Diff: 0.0, Sum: 0.0]
      [GC Worker Total (ms): Min: 24.6, Avg: 24.6, Max: 24.6, Diff: 0.0, Sum: 49.2]
      [GC Worker End (ms): Min: 384310.8, Avg: 384310.8, Max: 384310.8, Diff: 0.0]
   [Code Root Fixup: 0.0 ms]
   [Code Root Purge: 0.0 ms]
   [Clear CT: 0.1 ms]
   [Other: 0.4 ms]
      [Choose CSet: 0.0 ms]
      [Ref Proc: 0.1 ms]
      [Ref Enq: 0.0 ms]
      [Redirty Cards: 0.0 ms]
      [Humongous Register: 0.0 ms]
      [Humongous Reclaim: 0.0 ms]
      [Free CSet: 0.2 ms]
   [Eden: 256.0M(256.0M)->0.0B(261.0M) Survivors: 27648.0K->22528.0K Heap: 385.6M(472.0M)->124.6M(472.0M)]
 [Times: user=0.05 sys=0.00, real=0.02 secs] 
2024-07-06T11:30:30.620+0800: 384.786: [GC pause (G1 Evacuation Pause) (young), 0.0170684 secs]
   [Parallel Time: 16.4 ms, GC Workers: 2]
      [GC Worker Start (ms): Min: 384786.2, Avg: 384786.2, Max: 384786.2, Diff: 0.0]
      [Ext Root Scanning (ms): Min: 0.5, Avg: 0.5, Max: 0.5, Diff: 0.0, Sum: 1.1]
      [Update RS (ms): Min: 0.0, Avg: 0.0, Max: 0.0, Diff: 0.0, Sum: 0.0]
         [Processed Buffers: Min: 2, Avg: 2.5, Max: 3, Diff: 1, Sum: 5]
      [Scan RS (ms): Min: 0.1, Avg: 0.1, Max: 0.1, Diff: 0.0, Sum: 0.2]
      [Code Root Scanning (ms): Min: 0.0, Avg: 0.0, Max: 0.0, Diff: 0.0, Sum: 0.0]
      [Object Copy (ms): Min: 15.7, Avg: 15.7, Max: 15.7, Diff: 0.0, Sum: 31.3]
      [Termination (ms): Min: 0.0, Avg: 0.0, Max: 0.0, Diff: 0.0, Sum: 0.0]
         [Termination Attempts: Min: 1, Avg: 1.0, Max: 1, Diff: 0, Sum: 2]
      [GC Worker Other (ms): Min: 0.0, Avg: 0.0, Max: 0.0, Diff: 0.0, Sum: 0.0]
      [GC Worker Total (ms): Min: 16.3, Avg: 16.3, Max: 16.3, Diff: 0.0, Sum: 32.6]
      [GC Worker End (ms): Min: 384802.5, Avg: 384802.5, Max: 384802.5, Diff: 0.0]
   [Code Root Fixup: 0.0 ms]
   [Code Root Purge: 0.0 ms]
   [Clear CT: 0.1 ms]
   [Other: 0.5 ms]
      [Choose CSet: 0.0 ms]
      [Ref Proc: 0.2 ms]
      [Ref Enq: 0.0 ms]
      [Redirty Cards: 0.0 ms]
      [Humongous Register: 0.0 ms]
      [Humongous Reclaim: 0.0 ms]
      [Free CSet: 0.2 ms]
   [Eden: 261.0M(261.0M)->0.0B(268.0M) Survivors: 22528.0K->15360.0K Heap: 385.6M(472.0M)->117.1M(472.0M)]
 [Times: user=0.03 sys=0.00, real=0.02 secs] 
2024-07-06T11:30:31.099+0800: 385.265: [GC pause (G1 Evacuation Pause) (young), 0.0232826 secs]
   [Parallel Time: 22.8 ms, GC Workers: 2]
      [GC Worker Start (ms): Min: 385265.6, Avg: 385265.6, Max: 385265.6, Diff: 0.0]
      [Ext Root Scanning (ms): Min: 0.6, Avg: 0.6, Max: 0.6, Diff: 0.0, Sum: 1.1]
      [Update RS (ms): Min: 0.0, Avg: 0.0, Max: 0.0, Diff: 0.0, Sum: 0.1]
         [Processed Buffers: Min: 1, Avg: 2.5, Max: 4, Diff: 3, Sum: 5]
      [Scan RS (ms): Min: 0.1, Avg: 0.1, Max: 0.1, Diff: 0.0, Sum: 0.2]
      [Code Root Scanning (ms): Min: 0.0, Avg: 0.0, Max: 0.0, Diff: 0.0, Sum: 0.0]
      [Object Copy (ms): Min: 22.0, Avg: 22.0, Max: 22.0, Diff: 0.0, Sum: 44.1]
      [Termination (ms): Min: 0.0, Avg: 0.0, Max: 0.0, Diff: 0.0, Sum: 0.0]
         [Termination Attempts: Min: 1, Avg: 1.0, Max: 1, Diff: 0, Sum: 2]
      [GC Worker Other (ms): Min: 0.0, Avg: 0.0, Max: 0.0, Diff: 0.0, Sum: 0.0]
      [GC Worker Total (ms): Min: 22.7, Avg: 22.7, Max: 22.7, Diff: 0.0, Sum: 45.5]
      [GC Worker End (ms): Min: 385288.3, Avg: 385288.3, Max: 385288.3, Diff: 0.0]
   [Code Root Fixup: 0.0 ms]
   [Code Root Purge: 0.0 ms]
   [Clear CT: 0.1 ms]
   [Other: 0.4 ms]
      [Choose CSet: 0.0 ms]
      [Ref Proc: 0.1 ms]
      [Ref Enq: 0.0 ms]
      [Redirty Cards: 0.0 ms]
      [Humongous Register: 0.0 ms]
      [Humongous Reclaim: 0.0 ms]
      [Free CSet: 0.1 ms]
   [Eden: 268.0M(268.0M)->0.0B(263.0M) Survivors: 15360.0K->20480.0K Heap: 385.1M(472.0M)->122.1M(472.0M)]
 [Times: user=0.05 sys=0.00, real=0.02 secs] 
2024-07-06T11:30:31.547+0800: 385.713: [GC pause (G1 Evacuation Pause) (young), 0.0212822 secs]
   [Parallel Time: 20.8 ms, GC Workers: 2]
      [GC Worker Start (ms): Min: 385713.5, Avg: 385713.5, Max: 385713.6, Diff: 0.0]
      [Ext Root Scanning (ms): Min: 0.5, Avg: 0.5, Max: 0.5, Diff: 0.0, Sum: 1.1]
      [Update RS (ms): Min: 0.0, Avg: 0.0, Max: 0.0, Diff: 0.0, Sum: 0.0]
         [Processed Buffers: Min: 2, Avg: 2.5, Max: 3, Diff: 1, Sum: 5]
      [Scan RS (ms): Min: 0.1, Avg: 0.1, Max: 0.1, Diff: 0.0, Sum: 0.2]
      [Code Root Scanning (ms): Min: 0.0, Avg: 0.0, Max: 0.0, Diff: 0.0, Sum: 0.0]
      [Object Copy (ms): Min: 20.1, Avg: 20.1, Max: 20.1, Diff: 0.0, Sum: 40.1]
      [Termination (ms): Min: 0.0, Avg: 0.0, Max: 0.0, Diff: 0.0, Sum: 0.0]
         [Termination Attempts: Min: 1, Avg: 1.0, Max: 1, Diff: 0, Sum: 2]
      [GC Worker Other (ms): Min: 0.0, Avg: 0.0, Max: 0.0, Diff: 0.0, Sum: 0.0]
      [GC Worker Total (ms): Min: 20.7, Avg: 20.7, Max: 20.7, Diff: 0.0, Sum: 41.5]
      [GC Worker End (ms): Min: 385734.3, Avg: 385734.3, Max: 385734.3, Diff: 0.0]
   [Code Root Fixup: 0.0 ms]
   [Code Root Purge: 0.0 ms]
   [Clear CT: 0.1 ms]
   [Other: 0.4 ms]
      [Choose CSet: 0.0 ms]
      [Ref Proc: 0.1 ms]
      [Ref Enq: 0.0 ms]
      [Redirty Cards: 0.1 ms]
      [Humongous Register: 0.0 ms]
      [Humongous Reclaim: 0.0 ms]
      [Free CSet: 0.1 ms]
   [Eden: 263.0M(263.0M)->0.0B(265.0M) Survivors: 20480.0K->18432.0K Heap: 385.1M(472.0M)->120.1M(472.0M)]
 [Times: user=0.04 sys=0.00, real=0.02 secs] 
2024-07-06T11:30:32.017+0800: 386.183: [GC pause (G1 Evacuation Pause) (young), 0.0247534 secs]
   [Parallel Time: 24.2 ms, GC Workers: 2]
      [GC Worker Start (ms): Min: 386183.2, Avg: 386183.2, Max: 386183.2, Diff: 0.0]
      [Ext Root Scanning (ms): Min: 0.5, Avg: 0.5, Max: 0.5, Diff: 0.0, Sum: 1.0]
      [Update RS (ms): Min: 0.0, Avg: 0.0, Max: 0.1, Diff: 0.0, Sum: 0.1]
         [Processed Buffers: Min: 2, Avg: 2.5, Max: 3, Diff: 1, Sum: 5]
      [Scan RS (ms): Min: 0.1, Avg: 0.1, Max: 0.1, Diff: 0.0, Sum: 0.2]
      [Code Root Scanning (ms): Min: 0.0, Avg: 0.0, Max: 0.0, Diff: 0.0, Sum: 0.0]
      [Object Copy (ms): Min: 23.4, Avg: 23.4, Max: 23.5, Diff: 0.0, Sum: 46.9]
      [Termination (ms): Min: 0.0, Avg: 0.0, Max: 0.0, Diff: 0.0, Sum: 0.0]
         [Termination Attempts: Min: 1, Avg: 1.0, Max: 1, Diff: 0, Sum: 2]
      [GC Worker Other (ms): Min: 0.0, Avg: 0.0, Max: 0.0, Diff: 0.0, Sum: 0.0]
      [GC Worker Total (ms): Min: 24.1, Avg: 24.1, Max: 24.1, Diff: 0.0, Sum: 48.2]
      [GC Worker End (ms): Min: 386207.3, Avg: 386207.3, Max: 386207.3, Diff: 0.0]
   [Code Root Fixup: 0.0 ms]
   [Code Root Purge: 0.0 ms]
   [Clear CT: 0.1 ms]
   [Other: 0.5 ms]
      [Choose CSet: 0.0 ms]
      [Ref Proc: 0.1 ms]
      [Ref Enq: 0.0 ms]
      [Redirty Cards: 0.0 ms]
      [Humongous Register: 0.0 ms]
      [Humongous Reclaim: 0.0 ms]
      [Free CSet: 0.2 ms]
   [Eden: 265.0M(265.0M)->0.0B(261.0M) Survivors: 18432.0K->22528.0K Heap: 385.1M(472.0M)->124.1M(472.0M)]
 [Times: user=0.05 sys=0.00, real=0.02 secs] 
2024-07-06T11:30:32.451+0800: 386.617: [GC pause (G1 Evacuation Pause) (young), 0.0349868 secs]
   [Parallel Time: 34.5 ms, GC Workers: 2]
      [GC Worker Start (ms): Min: 386617.5, Avg: 386617.5, Max: 386617.5, Diff: 0.0]
      [Ext Root Scanning (ms): Min: 0.5, Avg: 0.5, Max: 0.5, Diff: 0.0, Sum: 1.1]
      [Update RS (ms): Min: 0.0, Avg: 0.0, Max: 0.0, Diff: 0.0, Sum: 0.0]
         [Processed Buffers: Min: 0, Avg: 2.5, Max: 5, Diff: 5, Sum: 5]
      [Scan RS (ms): Min: 0.1, Avg: 0.1, Max: 0.1, Diff: 0.0, Sum: 0.2]
      [Code Root Scanning (ms): Min: 0.0, Avg: 0.0, Max: 0.0, Diff: 0.0, Sum: 0.0]
      [Object Copy (ms): Min: 33.8, Avg: 33.8, Max: 33.8, Diff: 0.0, Sum: 67.6]
      [Termination (ms): Min: 0.0, Avg: 0.0, Max: 0.0, Diff: 0.0, Sum: 0.0]
         [Termination Attempts: Min: 1, Avg: 1.0, Max: 1, Diff: 0, Sum: 2]
      [GC Worker Other (ms): Min: 0.0, Avg: 0.0, Max: 0.0, Diff: 0.0, Sum: 0.0]
      [GC Worker Total (ms): Min: 34.4, Avg: 34.5, Max: 34.5, Diff: 0.0, Sum: 68.9]
      [GC Worker End (ms): Min: 386652.0, Avg: 386652.0, Max: 386652.0, Diff: 0.0]
   [Code Root Fixup: 0.0 ms]
   [Code Root Purge: 0.0 ms]
   [Clear CT: 0.1 ms]
   [Other: 0.3 ms]
      [Choose CSet: 0.0 ms]
      [Ref Proc: 0.0 ms]
      [Ref Enq: 0.0 ms]
      [Redirty Cards: 0.0 ms]
      [Humongous Register: 0.0 ms]
      [Humongous Reclaim: 0.0 ms]
      [Free CSet: 0.1 ms]
   [Eden: 261.0M(261.0M)->0.0B(253.0M) Survivors: 22528.0K->30720.0K Heap: 385.1M(472.0M)->132.1M(472.0M)]
 [Times: user=0.07 sys=0.01, real=0.03 secs] 
2024-07-06T11:30:32.919+0800: 387.086: [GC pause (G1 Evacuation Pause) (young), 0.0348522 secs]
   [Parallel Time: 34.4 ms, GC Workers: 2]
      [GC Worker Start (ms): Min: 387085.7, Avg: 387085.7, Max: 387085.7, Diff: 0.0]
      [Ext Root Scanning (ms): Min: 0.5, Avg: 0.5, Max: 0.5, Diff: 0.0, Sum: 1.1]
      [Update RS (ms): Min: 0.0, Avg: 0.0, Max: 0.0, Diff: 0.0, Sum: 0.1]
         [Processed Buffers: Min: 1, Avg: 2.5, Max: 4, Diff: 3, Sum: 5]
      [Scan RS (ms): Min: 0.1, Avg: 0.1, Max: 0.1, Diff: 0.0, Sum: 0.2]
      [Code Root Scanning (ms): Min: 0.0, Avg: 0.0, Max: 0.0, Diff: 0.0, Sum: 0.0]
      [Object Copy (ms): Min: 33.6, Avg: 33.6, Max: 33.6, Diff: 0.0, Sum: 67.2]
      [Termination (ms): Min: 0.0, Avg: 0.0, Max: 0.0, Diff: 0.0, Sum: 0.0]
         [Termination Attempts: Min: 1, Avg: 1.0, Max: 1, Diff: 0, Sum: 2]
      [GC Worker Other (ms): Min: 0.0, Avg: 0.0, Max: 0.0, Diff: 0.0, Sum: 0.1]
      [GC Worker Total (ms): Min: 34.3, Avg: 34.3, Max: 34.3, Diff: 0.0, Sum: 68.6]
      [GC Worker End (ms): Min: 387120.0, Avg: 387120.0, Max: 387120.0, Diff: 0.0]
   [Code Root Fixup: 0.0 ms]
   [Code Root Purge: 0.0 ms]
   [Clear CT: 0.1 ms]
   [Other: 0.4 ms]
      [Choose CSet: 0.0 ms]
      [Ref Proc: 0.1 ms]
      [Ref Enq: 0.0 ms]
      [Redirty Cards: 0.0 ms]
      [Humongous Register: 0.0 ms]
      [Humongous Reclaim: 0.0 ms]
      [Free CSet: 0.1 ms]
   [Eden: 253.0M(253.0M)->0.0B(256.0M) Survivors: 30720.0K->27648.0K Heap: 385.1M(472.0M)->129.6M(472.0M)]
 [Times: user=0.07 sys=0.00, real=0.03 secs] 
2024-07-06T11:30:33.353+0800: 387.520: [GC pause (G1 Evacuation Pause) (young), 0.0294407 secs]
   [Parallel Time: 28.8 ms, GC Workers: 2]
      [GC Worker Start (ms): Min: 387519.8, Avg: 387519.8, Max: 387519.8, Diff: 0.0]
      [Ext Root Scanning (ms): Min: 0.5, Avg: 0.5, Max: 0.5, Diff: 0.0, Sum: 1.0]
      [Update RS (ms): Min: 0.0, Avg: 0.0, Max: 0.0, Diff: 0.0, Sum: 0.0]
         [Processed Buffers: Min: 2, Avg: 2.5, Max: 3, Diff: 1, Sum: 5]
      [Scan RS (ms): Min: 0.1, Avg: 0.1, Max: 0.1, Diff: 0.0, Sum: 0.2]
      [Code Root Scanning (ms): Min: 0.0, Avg: 0.0, Max: 0.0, Diff: 0.0, Sum: 0.0]
      [Object Copy (ms): Min: 28.1, Avg: 28.1, Max: 28.2, Diff: 0.0, Sum: 56.3]
      [Termination (ms): Min: 0.0, Avg: 0.0, Max: 0.0, Diff: 0.0, Sum: 0.0]
         [Termination Attempts: Min: 1, Avg: 1.0, Max: 1, Diff: 0, Sum: 2]
      [GC Worker Other (ms): Min: 0.0, Avg: 0.0, Max: 0.0, Diff: 0.0, Sum: 0.0]
      [GC Worker Total (ms): Min: 28.8, Avg: 28.8, Max: 28.8, Diff: 0.0, Sum: 57.6]
      [GC Worker End (ms): Min: 387548.6, Avg: 387548.6, Max: 387548.6, Diff: 0.0]
   [Code Root Fixup: 0.0 ms]
   [Code Root Purge: 0.0 ms]
   [Clear CT: 0.1 ms]
   [Other: 0.5 ms]
      [Choose CSet: 0.0 ms]
      [Ref Proc: 0.1 ms]
      [Ref Enq: 0.0 ms]
      [Redirty Cards: 0.0 ms]
      [Humongous Register: 0.0 ms]
      [Humongous Reclaim: 0.0 ms]
      [Free CSet: 0.2 ms]
   [Eden: 256.0M(256.0M)->0.0B(258.0M) Survivors: 27648.0K->25600.0K Heap: 385.6M(472.0M)->127.1M(472.0M)]
 [Times: user=0.05 sys=0.00, real=0.03 secs] 
2024-07-06T11:30:33.802+0800: 387.968: [GC pause (G1 Evacuation Pause) (young), 0.0177129 secs]
   [Parallel Time: 17.2 ms, GC Workers: 2]
      [GC Worker Start (ms): Min: 387968.2, Avg: 387968.2, Max: 387968.2, Diff: 0.0]
      [Ext Root Scanning (ms): Min: 0.5, Avg: 0.5, Max: 0.5, Diff: 0.0, Sum: 1.0]
      [Update RS (ms): Min: 0.0, Avg: 0.0, Max: 0.0, Diff: 0.0, Sum: 0.0]
         [Processed Buffers: Min: 0, Avg: 2.5, Max: 5, Diff: 5, Sum: 5]
      [Scan RS (ms): Min: 0.1, Avg: 0.1, Max: 0.1, Diff: 0.0, Sum: 0.2]
      [Code Root Scanning (ms): Min: 0.0, Avg: 0.0, Max: 0.0, Diff: 0.0, Sum: 0.0]
      [Object Copy (ms): Min: 16.5, Avg: 16.5, Max: 16.5, Diff: 0.1, Sum: 33.0]
      [Termination (ms): Min: 0.0, Avg: 0.0, Max: 0.0, Diff: 0.0, Sum: 0.0]
         [Termination Attempts: Min: 1, Avg: 1.0, Max: 1, Diff: 0, Sum: 2]
      [GC Worker Other (ms): Min: 0.0, Avg: 0.0, Max: 0.0, Diff: 0.0, Sum: 0.0]
      [GC Worker Total (ms): Min: 17.2, Avg: 17.2, Max: 17.2, Diff: 0.0, Sum: 34.3]
      [GC Worker End (ms): Min: 387985.4, Avg: 387985.4, Max: 387985.4, Diff: 0.0]
   [Code Root Fixup: 0.0 ms]
   [Code Root Purge: 0.0 ms]
   [Clear CT: 0.1 ms]
   [Other: 0.4 ms]
      [Choose CSet: 0.0 ms]
      [Ref Proc: 0.1 ms]
      [Ref Enq: 0.0 ms]
      [Redirty Cards: 0.0 ms]
      [Humongous Register: 0.0 ms]
      [Humongous Reclaim: 0.0 ms]
      [Free CSet: 0.2 ms]
   [Eden: 258.0M(258.0M)->0.0B(267.0M) Survivors: 25600.0K->16384.0K Heap: 385.1M(472.0M)->118.1M(472.0M)]
 [Times: user=0.04 sys=0.00, real=0.02 secs] 
2024-07-06T11:30:34.235+0800: 388.401: [GC pause (G1 Evacuation Pause) (young), 0.0258575 secs]
   [Parallel Time: 25.3 ms, GC Workers: 2]
      [GC Worker Start (ms): Min: 388401.5, Avg: 388401.5, Max: 388401.5, Diff: 0.0]
      [Ext Root Scanning (ms): Min: 0.5, Avg: 0.5, Max: 0.5, Diff: 0.0, Sum: 1.0]
      [Update RS (ms): Min: 0.0, Avg: 0.0, Max: 0.0, Diff: 0.0, Sum: 0.0]
         [Processed Buffers: Min: 1, Avg: 2.5, Max: 4, Diff: 3, Sum: 5]
      [Scan RS (ms): Min: 0.1, Avg: 0.1, Max: 0.1, Diff: 0.0, Sum: 0.2]
      [Code Root Scanning (ms): Min: 0.0, Avg: 0.0, Max: 0.0, Diff: 0.0, Sum: 0.0]
      [Object Copy (ms): Min: 24.6, Avg: 24.7, Max: 24.7, Diff: 0.0, Sum: 49.3]
      [Termination (ms): Min: 0.0, Avg: 0.0, Max: 0.0, Diff: 0.0, Sum: 0.0]
         [Termination Attempts: Min: 1, Avg: 1.0, Max: 1, Diff: 0, Sum: 2]
      [GC Worker Other (ms): Min: 0.0, Avg: 0.0, Max: 0.0, Diff: 0.0, Sum: 0.0]
      [GC Worker Total (ms): Min: 25.3, Avg: 25.3, Max: 25.3, Diff: 0.0, Sum: 50.5]
      [GC Worker End (ms): Min: 388426.8, Avg: 388426.8, Max: 388426.8, Diff: 0.0]
   [Code Root Fixup: 0.0 ms]
   [Code Root Purge: 0.0 ms]
   [Clear CT: 0.1 ms]
   [Other: 0.4 ms]
      [Choose CSet: 0.0 ms]
      [Ref Proc: 0.1 ms]
      [Ref Enq: 0.0 ms]
      [Redirty Cards: 0.0 ms]
      [Humongous Register: 0.0 ms]
      [Humongous Reclaim: 0.0 ms]
      [Free CSet: 0.1 ms]
   [Eden: 267.0M(267.0M)->0.0B(259.0M) Survivors: 16384.0K->24576.0K Heap: 385.1M(472.0M)->126.1M(472.0M)]
 [Times: user=0.05 sys=0.00, real=0.02 secs] 
2024-07-06T11:30:34.672+0800: 388.838: [GC pause (G1 Evacuation Pause) (young), 0.0320770 secs]
   [Parallel Time: 31.5 ms, GC Workers: 2]
      [GC Worker Start (ms): Min: 388838.1, Avg: 388838.1, Max: 388838.1, Diff: 0.0]
      [Ext Root Scanning (ms): Min: 0.5, Avg: 0.5, Max: 0.5, Diff: 0.0, Sum: 1.0]
      [Update RS (ms): Min: 0.0, Avg: 0.0, Max: 0.0, Diff: 0.0, Sum: 0.0]
         [Processed Buffers: Min: 1, Avg: 2.5, Max: 4, Diff: 3, Sum: 5]
      [Scan RS (ms): Min: 0.1, Avg: 0.1, Max: 0.1, Diff: 0.0, Sum: 0.2]
      [Code Root Scanning (ms): Min: 0.0, Avg: 0.0, Max: 0.0, Diff: 0.0, Sum: 0.0]
      [Object Copy (ms): Min: 30.8, Avg: 30.8, Max: 30.9, Diff: 0.0, Sum: 61.7]
      [Termination (ms): Min: 0.0, Avg: 0.0, Max: 0.0, Diff: 0.0, Sum: 0.0]
         [Termination Attempts: Min: 1, Avg: 1.0, Max: 1, Diff: 0, Sum: 2]
      [GC Worker Other (ms): Min: 0.0, Avg: 0.0, Max: 0.0, Diff: 0.0, Sum: 0.0]
      [GC Worker Total (ms): Min: 31.5, Avg: 31.5, Max: 31.5, Diff: 0.0, Sum: 62.9]
      [GC Worker End (ms): Min: 388869.6, Avg: 388869.6, Max: 388869.6, Diff: 0.0]
   [Code Root Fixup: 0.0 ms]
   [Code Root Purge: 0.0 ms]
   [Clear CT: 0.1 ms]
   [Other: 0.4 ms]
      [Choose CSet: 0.0 ms]
      [Ref Proc: 0.1 ms]
      [Ref Enq: 0.0 ms]
      [Redirty Cards: 0.0 ms]
      [Humongous Register: 0.0 ms]
      [Humongous Reclaim: 0.0 ms]
      [Free CSet: 0.2 ms]
   [Eden: 259.0M(259.0M)->0.0B(257.0M) Survivors: 24576.0K->26624.0K Heap: 385.1M(472.0M)->128.7M(472.0M)]
 [Times: user=0.06 sys=0.00, real=0.03 secs] 
2024-07-06T11:30:35.111+0800: 389.277: [GC pause (G1 Evacuation Pause) (young), 0.0275932 secs]
   [Parallel Time: 27.0 ms, GC Workers: 2]
      [GC Worker Start (ms): Min: 389276.9, Avg: 389276.9, Max: 389276.9, Diff: 0.0]
      [Ext Root Scanning (ms): Min: 0.6, Avg: 0.6, Max: 0.6, Diff: 0.0, Sum: 1.1]
      [Update RS (ms): Min: 0.0, Avg: 0.0, Max: 0.0, Diff: 0.0, Sum: 0.1]
         [Processed Buffers: Min: 2, Avg: 2.5, Max: 3, Diff: 1, Sum: 5]
      [Scan RS (ms): Min: 0.1, Avg: 0.1, Max: 0.1, Diff: 0.0, Sum: 0.2]
      [Code Root Scanning (ms): Min: 0.0, Avg: 0.0, Max: 0.0, Diff: 0.0, Sum: 0.0]
      [Object Copy (ms): Min: 26.2, Avg: 26.2, Max: 26.2, Diff: 0.0, Sum: 52.4]
      [Termination (ms): Min: 0.0, Avg: 0.0, Max: 0.0, Diff: 0.0, Sum: 0.0]
         [Termination Attempts: Min: 1, Avg: 1.0, Max: 1, Diff: 0, Sum: 2]
      [GC Worker Other (ms): Min: 0.0, Avg: 0.0, Max: 0.0, Diff: 0.0, Sum: 0.1]
      [GC Worker Total (ms): Min: 26.9, Avg: 26.9, Max: 26.9, Diff: 0.0, Sum: 53.8]
      [GC Worker End (ms): Min: 389303.8, Avg: 389303.8, Max: 389303.9, Diff: 0.0]
   [Code Root Fixup: 0.0 ms]
   [Code Root Purge: 0.0 ms]
   [Clear CT: 0.1 ms]
   [Other: 0.5 ms]
      [Choose CSet: 0.0 ms]
      [Ref Proc: 0.1 ms]
      [Ref Enq: 0.0 ms]
      [Redirty Cards: 0.1 ms]
      [Humongous Register: 0.0 ms]
      [Humongous Reclaim: 0.0 ms]
      [Free CSet: 0.2 ms]
   [Eden: 257.0M(257.0M)->0.0B(261.0M) Survivors: 26624.0K->22528.0K Heap: 385.7M(472.0M)->124.2M(472.0M)]
 [Times: user=0.06 sys=0.00, real=0.03 secs] 
2024-07-06T11:30:35.527+0800: 389.693: [GC pause (G1 Evacuation Pause) (young), 0.0185758 secs]
   [Parallel Time: 18.1 ms, GC Workers: 2]
      [GC Worker Start (ms): Min: 389693.5, Avg: 389693.5, Max: 389693.5, Diff: 0.0]
      [Ext Root Scanning (ms): Min: 0.5, Avg: 0.5, Max: 0.5, Diff: 0.0, Sum: 1.0]
      [Update RS (ms): Min: 0.0, Avg: 0.0, Max: 0.0, Diff: 0.0, Sum: 0.0]
         [Processed Buffers: Min: 1, Avg: 2.5, Max: 4, Diff: 3, Sum: 5]
      [Scan RS (ms): Min: 0.1, Avg: 0.1, Max: 0.1, Diff: 0.0, Sum: 0.2]
      [Code Root Scanning (ms): Min: 0.0, Avg: 0.0, Max: 0.0, Diff: 0.0, Sum: 0.0]
      [Object Copy (ms): Min: 17.4, Avg: 17.4, Max: 17.5, Diff: 0.0, Sum: 34.9]
      [Termination (ms): Min: 0.0, Avg: 0.0, Max: 0.0, Diff: 0.0, Sum: 0.0]
         [Termination Attempts: Min: 1, Avg: 2.0, Max: 3, Diff: 2, Sum: 4]
      [GC Worker Other (ms): Min: 0.0, Avg: 0.0, Max: 0.0, Diff: 0.0, Sum: 0.0]
      [GC Worker Total (ms): Min: 18.1, Avg: 18.1, Max: 18.1, Diff: 0.0, Sum: 36.1]
      [GC Worker End (ms): Min: 389711.6, Avg: 389711.6, Max: 389711.6, Diff: 0.0]
   [Code Root Fixup: 0.0 ms]
   [Code Root Purge: 0.0 ms]
   [Clear CT: 0.1 ms]
   [Other: 0.4 ms]
      [Choose CSet: 0.0 ms]
      [Ref Proc: 0.1 ms]
      [Ref Enq: 0.0 ms]
      [Redirty Cards: 0.0 ms]
      [Humongous Register: 0.0 ms]
      [Humongous Reclaim: 0.0 ms]
      [Free CSet: 0.1 ms]
   [Eden: 261.0M(261.0M)->0.0B(267.0M) Survivors: 22528.0K->16384.0K Heap: 385.2M(472.0M)->118.7M(472.0M)]
 [Times: user=0.04 sys=0.00, real=0.01 secs] 
2024-07-06T11:30:35.928+0800: 390.095: [GC pause (G1 Evacuation Pause) (young), 0.0244651 secs]
   [Parallel Time: 24.0 ms, GC Workers: 2]
      [GC Worker Start (ms): Min: 390094.8, Avg: 390094.8, Max: 390094.8, Diff: 0.0]
      [Ext Root Scanning (ms): Min: 0.5, Avg: 0.5, Max: 0.5, Diff: 0.0, Sum: 1.0]
      [Update RS (ms): Min: 0.0, Avg: 0.0, Max: 0.0, Diff: 0.0, Sum: 0.0]
         [Processed Buffers: Min: 1, Avg: 2.5, Max: 4, Diff: 3, Sum: 5]
      [Scan RS (ms): Min: 0.1, Avg: 0.1, Max: 0.1, Diff: 0.0, Sum: 0.2]
      [Code Root Scanning (ms): Min: 0.0, Avg: 0.0, Max: 0.0, Diff: 0.0, Sum: 0.0]
      [Object Copy (ms): Min: 23.3, Avg: 23.3, Max: 23.3, Diff: 0.0, Sum: 46.6]
      [Termination (ms): Min: 0.0, Avg: 0.0, Max: 0.0, Diff: 0.0, Sum: 0.0]
         [Termination Attempts: Min: 1, Avg: 1.0, Max: 1, Diff: 0, Sum: 2]
      [GC Worker Other (ms): Min: 0.0, Avg: 0.0, Max: 0.0, Diff: 0.0, Sum: 0.0]
      [GC Worker Total (ms): Min: 23.9, Avg: 23.9, Max: 23.9, Diff: 0.0, Sum: 47.9]
      [GC Worker End (ms): Min: 390118.7, Avg: 390118.7, Max: 390118.7, Diff: 0.0]
   [Code Root Fixup: 0.0 ms]
   [Code Root Purge: 0.0 ms]
   [Clear CT: 0.1 ms]
   [Other: 0.4 ms]
      [Choose CSet: 0.0 ms]
      [Ref Proc: 0.1 ms]
      [Ref Enq: 0.0 ms]
      [Redirty Cards: 0.0 ms]
      [Humongous Register: 0.0 ms]
      [Humongous Reclaim: 0.0 ms]
      [Free CSet: 0.1 ms]
   [Eden: 267.0M(267.0M)->0.0B(259.0M) Survivors: 16384.0K->24576.0K Heap: 385.7M(472.0M)->126.2M(472.0M)]
 [Times: user=0.05 sys=0.00, real=0.02 secs] 
2024-07-06T11:30:36.386+0800: 390.552: [GC pause (G1 Evacuation Pause) (young), 0.0185197 secs]
   [Parallel Time: 18.0 ms, GC Workers: 2]
      [GC Worker Start (ms): Min: 390552.0, Avg: 390552.0, Max: 390552.0, Diff: 0.0]
      [Ext Root Scanning (ms): Min: 0.5, Avg: 0.5, Max: 0.5, Diff: 0.0, Sum: 1.0]
      [Update RS (ms): Min: 0.0, Avg: 0.0, Max: 0.1, Diff: 0.0, Sum: 0.1]
         [Processed Buffers: Min: 2, Avg: 2.5, Max: 3, Diff: 1, Sum: 5]
      [Scan RS (ms): Min: 0.1, Avg: 0.1, Max: 0.1, Diff: 0.0, Sum: 0.2]
      [Code Root Scanning (ms): Min: 0.0, Avg: 0.0, Max: 0.0, Diff: 0.0, Sum: 0.0]
      [Object Copy (ms): Min: 17.3, Avg: 17.3, Max: 17.4, Diff: 0.0, Sum: 34.7]
      [Termination (ms): Min: 0.0, Avg: 0.0, Max: 0.0, Diff: 0.0, Sum: 0.0]
         [Termination Attempts: Min: 1, Avg: 1.0, Max: 1, Diff: 0, Sum: 2]
      [GC Worker Other (ms): Min: 0.0, Avg: 0.0, Max: 0.0, Diff: 0.0, Sum: 0.0]
      [GC Worker Total (ms): Min: 18.0, Avg: 18.0, Max: 18.0, Diff: 0.0, Sum: 35.9]
      [GC Worker End (ms): Min: 390569.9, Avg: 390569.9, Max: 390569.9, Diff: 0.0]
   [Code Root Fixup: 0.0 ms]
   [Code Root Purge: 0.0 ms]
   [Clear CT: 0.1 ms]
   [Other: 0.4 ms]
      [Choose CSet: 0.0 ms]
      [Ref Proc: 0.1 ms]
      [Ref Enq: 0.0 ms]
      [Redirty Cards: 0.0 ms]
      [Humongous Register: 0.0 ms]
      [Humongous Reclaim: 0.0 ms]
      [Free CSet: 0.1 ms]
   [Eden: 259.0M(259.0M)->0.0B(264.0M) Survivors: 24576.0K->19456.0K Heap: 385.2M(472.0M)->121.7M(472.0M)]
 [Times: user=0.04 sys=0.00, real=0.02 secs] 
2024-07-06T11:30:36.813+0800: 390.979: [GC pause (G1 Evacuation Pause) (young), 0.0289213 secs]
   [Parallel Time: 28.3 ms, GC Workers: 2]
      [GC Worker Start (ms): Min: 390979.0, Avg: 390979.1, Max: 390979.1, Diff: 0.0]
      [Ext Root Scanning (ms): Min: 0.5, Avg: 0.5, Max: 0.5, Diff: 0.0, Sum: 1.0]
      [Update RS (ms): Min: 0.0, Avg: 0.0, Max: 0.0, Diff: 0.0, Sum: 0.0]
         [Processed Buffers: Min: 1, Avg: 2.5, Max: 4, Diff: 3, Sum: 5]
      [Scan RS (ms): Min: 0.1, Avg: 0.1, Max: 0.1, Diff: 0.0, Sum: 0.2]
      [Code Root Scanning (ms): Min: 0.0, Avg: 0.0, Max: 0.0, Diff: 0.0, Sum: 0.0]
      [Object Copy (ms): Min: 27.7, Avg: 27.7, Max: 27.7, Diff: 0.0, Sum: 55.3]
      [Termination (ms): Min: 0.0, Avg: 0.0, Max: 0.0, Diff: 0.0, Sum: 0.0]
         [Termination Attempts: Min: 3, Avg: 6.0, Max: 9, Diff: 6, Sum: 12]
      [GC Worker Other (ms): Min: 0.0, Avg: 0.0, Max: 0.0, Diff: 0.0, Sum: 0.0]
      [GC Worker Total (ms): Min: 28.3, Avg: 28.3, Max: 28.3, Diff: 0.0, Sum: 56.5]
      [GC Worker End (ms): Min: 391007.3, Avg: 391007.3, Max: 391007.3, Diff: 0.0]
   [Code Root Fixup: 0.0 ms]
   [Code Root Purge: 0.0 ms]
   [Clear CT: 0.1 ms]
   [Other: 0.5 ms]
      [Choose CSet: 0.0 ms]
      [Ref Proc: 0.1 ms]
      [Ref Enq: 0.0 ms]
      [Redirty Cards: 0.0 ms]
      [Humongous Register: 0.1 ms]
      [Humongous Reclaim: 0.0 ms]
      [Free CSet: 0.1 ms]
   [Eden: 264.0M(264.0M)->0.0B(257.0M) Survivors: 19456.0K->26624.0K Heap: 385.7M(472.0M)->128.7M(472.0M)]
 [Times: user=0.05 sys=0.00, real=0.03 secs] 
2024-07-06T11:30:37.239+0800: 391.405: [GC pause (G1 Evacuation Pause) (young), 0.0317170 secs]
   [Parallel Time: 31.2 ms, GC Workers: 2]
      [GC Worker Start (ms): Min: 391405.4, Avg: 391405.4, Max: 391405.4, Diff: 0.0]
      [Ext Root Scanning (ms): Min: 0.5, Avg: 0.5, Max: 0.5, Diff: 0.0, Sum: 1.0]
      [Update RS (ms): Min: 0.0, Avg: 0.0, Max: 0.0, Diff: 0.0, Sum: 0.1]
         [Processed Buffers: Min: 2, Avg: 2.5, Max: 3, Diff: 1, Sum: 5]
      [Scan RS (ms): Min: 0.1, Avg: 0.1, Max: 0.1, Diff: 0.0, Sum: 0.2]
      [Code Root Scanning (ms): Min: 0.0, Avg: 0.0, Max: 0.0, Diff: 0.0, Sum: 0.0]
      [Object Copy (ms): Min: 30.5, Avg: 30.5, Max: 30.5, Diff: 0.0, Sum: 61.1]
      [Termination (ms): Min: 0.0, Avg: 0.0, Max: 0.0, Diff: 0.0, Sum: 0.0]
         [Termination Attempts: Min: 1, Avg: 1.0, Max: 1, Diff: 0, Sum: 2]
      [GC Worker Other (ms): Min: 0.0, Avg: 0.0, Max: 0.0, Diff: 0.0, Sum: 0.0]
      [GC Worker Total (ms): Min: 31.2, Avg: 31.2, Max: 31.2, Diff: 0.0, Sum: 62.3]
      [GC Worker End (ms): Min: 391436.5, Avg: 391436.5, Max: 391436.5, Diff: 0.0]
   [Code Root Fixup: 0.0 ms]
   [Code Root Purge: 0.0 ms]
   [Clear CT: 0.1 ms]
   [Other: 0.4 ms]
      [Choose CSet: 0.0 ms]
      [Ref Proc: 0.1 ms]
      [Ref Enq: 0.0 ms]
      [Redirty Cards: 0.0 ms]
      [Humongous Register: 0.0 ms]
      [Humongous Reclaim: 0.0 ms]
      [Free CSet: 0.1 ms]
   [Eden: 257.0M(257.0M)->0.0B(255.0M) Survivors: 26624.0K->28672.0K Heap: 385.7M(472.0M)->130.7M(472.0M)]
 [Times: user=0.06 sys=0.00, real=0.03 secs] 
2024-07-06T11:30:37.670+0800: 391.837: [GC pause (G1 Evacuation Pause) (young), 0.0329462 secs]
   [Parallel Time: 32.5 ms, GC Workers: 2]
      [GC Worker Start (ms): Min: 391836.6, Avg: 391836.6, Max: 391836.6, Diff: 0.0]
      [Ext Root Scanning (ms): Min: 0.5, Avg: 0.5, Max: 0.5, Diff: 0.0, Sum: 1.0]
      [Update RS (ms): Min: 0.0, Avg: 0.0, Max: 0.1, Diff: 0.0, Sum: 0.1]
         [Processed Buffers: Min: 1, Avg: 2.5, Max: 4, Diff: 3, Sum: 5]
      [Scan RS (ms): Min: 0.1, Avg: 0.1, Max: 0.1, Diff: 0.0, Sum: 0.2]
      [Code Root Scanning (ms): Min: 0.0, Avg: 0.0, Max: 0.0, Diff: 0.0, Sum: 0.0]
      [Object Copy (ms): Min: 31.8, Avg: 31.8, Max: 31.8, Diff: 0.0, Sum: 63.6]
      [Termination (ms): Min: 0.0, Avg: 0.0, Max: 0.0, Diff: 0.0, Sum: 0.0]
         [Termination Attempts: Min: 1, Avg: 1.0, Max: 1, Diff: 0, Sum: 2]
      [GC Worker Other (ms): Min: 0.0, Avg: 0.0, Max: 0.0, Diff: 0.0, Sum: 0.0]
      [GC Worker Total (ms): Min: 32.4, Avg: 32.4, Max: 32.4, Diff: 0.0, Sum: 64.8]
      [GC Worker End (ms): Min: 391869.0, Avg: 391869.0, Max: 391869.0, Diff: 0.0]
   [Code Root Fixup: 0.0 ms]
   [Code Root Purge: 0.0 ms]
   [Clear CT: 0.1 ms]
   [Other: 0.4 ms]
      [Choose CSet: 0.0 ms]
      [Ref Proc: 0.1 ms]
      [Ref Enq: 0.0 ms]
      [Redirty Cards: 0.0 ms]
      [Humongous Register: 0.0 ms]
      [Humongous Reclaim: 0.0 ms]
      [Free CSet: 0.2 ms]
   [Eden: 255.0M(255.0M)->0.0B(255.0M) Survivors: 28672.0K->28672.0K Heap: 385.7M(472.0M)->130.7M(472.0M)]
 [Times: user=0.06 sys=0.00, real=0.03 secs] 
2024-07-06T11:30:38.103+0800: 392.269: [GC pause (G1 Evacuation Pause) (young), 0.0418342 secs]
   [Parallel Time: 40.6 ms, GC Workers: 2]
      [GC Worker Start (ms): Min: 392269.4, Avg: 392269.4, Max: 392269.5, Diff: 0.1]
      [Ext Root Scanning (ms): Min: 0.8, Avg: 0.9, Max: 1.1, Diff: 0.3, Sum: 1.8]
      [Update RS (ms): Min: 0.0, Avg: 0.0, Max: 0.0, Diff: 0.0, Sum: 0.0]
         [Processed Buffers: Min: 0, Avg: 2.5, Max: 5, Diff: 5, Sum: 5]
      [Scan RS (ms): Min: 0.0, Avg: 0.1, Max: 0.1, Diff: 0.1, Sum: 0.1]
      [Code Root Scanning (ms): Min: 0.0, Avg: 0.0, Max: 0.0, Diff: 0.0, Sum: 0.0]
      [Object Copy (ms): Min: 39.2, Avg: 39.2, Max: 39.2, Diff: 0.1, Sum: 78.4]
      [Termination (ms): Min: 0.0, Avg: 0.1, Max: 0.2, Diff: 0.2, Sum: 0.2]
         [Termination Attempts: Min: 1, Avg: 1.0, Max: 1, Diff: 0, Sum: 2]
      [GC Worker Other (ms): Min: 0.0, Avg: 0.1, Max: 0.2, Diff: 0.2, Sum: 0.2]
      [GC Worker Total (ms): Min: 40.4, Avg: 40.4, Max: 40.4, Diff: 0.0, Sum: 80.8]
      [GC Worker End (ms): Min: 392309.8, Avg: 392309.9, Max: 392309.9, Diff: 0.2]
   [Code Root Fixup: 0.0 ms]
   [Code Root Purge: 0.0 ms]
   [Clear CT: 0.4 ms]
   [Other: 0.8 ms]
      [Choose CSet: 0.0 ms]
      [Ref Proc: 0.3 ms]
      [Ref Enq: 0.0 ms]
      [Redirty Cards: 0.2 ms]
      [Humongous Register: 0.0 ms]
      [Humongous Reclaim: 0.0 ms]
      [Free CSet: 0.2 ms]
   [Eden: 255.0M(255.0M)->0.0B(259.0M) Survivors: 28672.0K->24576.0K Heap: 385.7M(472.0M)->126.7M(472.0M)]
 [Times: user=0.06 sys=0.00, real=0.04 secs] 
2024-07-06T11:30:38.543+0800: 392.709: [GC pause (G1 Evacuation Pause) (young), 0.0241886 secs]
   [Parallel Time: 23.7 ms, GC Workers: 2]
      [GC Worker Start (ms): Min: 392709.6, Avg: 392709.6, Max: 392709.6, Diff: 0.0]
      [Ext Root Scanning (ms): Min: 0.5, Avg: 0.5, Max: 0.6, Diff: 0.0, Sum: 1.1]
      [Update RS (ms): Min: 0.0, Avg: 0.0, Max: 0.0, Diff: 0.0, Sum: 0.1]
         [Processed Buffers: Min: 1, Avg: 2.5, Max: 4, Diff: 3, Sum: 5]
      [Scan RS (ms): Min: 0.1, Avg: 0.1, Max: 0.1, Diff: 0.0, Sum: 0.2]
      [Code Root Scanning (ms): Min: 0.0, Avg: 0.0, Max: 0.0, Diff: 0.0, Sum: 0.0]
      [Object Copy (ms): Min: 23.0, Avg: 23.0, Max: 23.0, Diff: 0.0, Sum: 45.9]
      [Termination (ms): Min: 0.0, Avg: 0.0, Max: 0.0, Diff: 0.0, Sum: 0.0]
         [Termination Attempts: Min: 1, Avg: 1.0, Max: 1, Diff: 0, Sum: 2]
      [GC Worker Other (ms): Min: 0.0, Avg: 0.0, Max: 0.0, Diff: 0.0, Sum: 0.0]
      [GC Worker Total (ms): Min: 23.6, Avg: 23.6, Max: 23.6, Diff: 0.0, Sum: 47.3]
      [GC Worker End (ms): Min: 392733.2, Avg: 392733.2, Max: 392733.2, Diff: 0.0]
   [Code Root Fixup: 0.0 ms]
   [Code Root Purge: 0.0 ms]
   [Clear CT: 0.1 ms]
   [Other: 0.4 ms]
      [Choose CSet: 0.0 ms]
      [Ref Proc: 0.1 ms]
      [Ref Enq: 0.0 ms]
      [Redirty Cards: 0.0 ms]
      [Humongous Register: 0.0 ms]
      [Humongous Reclaim: 0.0 ms]
      [Free CSet: 0.1 ms]
   [Eden: 259.0M(259.0M)->0.0B(261.0M) Survivors: 24576.0K->22528.0K Heap: 385.7M(472.0M)->124.2M(472.0M)]
 [Times: user=0.04 sys=0.00, real=0.03 secs] 
2024-07-06T11:30:38.994+0800: 393.160: [GC pause (G1 Evacuation Pause) (young), 0.0445113 secs]
   [Parallel Time: 43.9 ms, GC Workers: 2]
      [GC Worker Start (ms): Min: 393160.0, Avg: 393160.0, Max: 393160.0, Diff: 0.0]
      [Ext Root Scanning (ms): Min: 0.5, Avg: 0.6, Max: 0.6, Diff: 0.0, Sum: 1.1]
      [Update RS (ms): Min: 0.0, Avg: 0.0, Max: 0.0, Diff: 0.0, Sum: 0.1]
         [Processed Buffers: Min: 2, Avg: 2.5, Max: 3, Diff: 1, Sum: 5]
      [Scan RS (ms): Min: 0.1, Avg: 0.1, Max: 0.1, Diff: 0.0, Sum: 0.2]
      [Code Root Scanning (ms): Min: 0.0, Avg: 0.0, Max: 0.0, Diff: 0.0, Sum: 0.0]
      [Object Copy (ms): Min: 43.2, Avg: 43.2, Max: 43.2, Diff: 0.0, Sum: 86.3]
      [Termination (ms): Min: 0.0, Avg: 0.0, Max: 0.0, Diff: 0.0, Sum: 0.0]
         [Termination Attempts: Min: 1, Avg: 1.0, Max: 1, Diff: 0, Sum: 2]
      [GC Worker Other (ms): Min: 0.0, Avg: 0.0, Max: 0.0, Diff: 0.0, Sum: 0.0]
      [GC Worker Total (ms): Min: 43.9, Avg: 43.9, Max: 43.9, Diff: 0.0, Sum: 87.8]
      [GC Worker End (ms): Min: 393203.9, Avg: 393203.9, Max: 393203.9, Diff: 0.0]
   [Code Root Fixup: 0.0 ms]
   [Code Root Purge: 0.0 ms]
   [Clear CT: 0.1 ms]
   [Other: 0.5 ms]
      [Choose CSet: 0.0 ms]
      [Ref Proc: 0.1 ms]
      [Ref Enq: 0.0 ms]
      [Redirty Cards: 0.0 ms]
      [Humongous Register: 0.1 ms]
      [Humongous Reclaim: 0.0 ms]
      [Free CSet: 0.1 ms]
   [Eden: 261.0M(261.0M)->0.0B(256.0M) Survivors: 22528.0K->27648.0K Heap: 385.2M(472.0M)->129.7M(472.0M)]
 [Times: user=0.08 sys=0.00, real=0.05 secs] 
2024-07-06T11:30:39.479+0800: 393.645: [GC pause (G1 Evacuation Pause) (young), 0.0327737 secs]
   [Parallel Time: 32.3 ms, GC Workers: 2]
      [GC Worker Start (ms): Min: 393645.1, Avg: 393645.1, Max: 393645.1, Diff: 0.0]
      [Ext Root Scanning (ms): Min: 0.5, Avg: 0.5, Max: 0.5, Diff: 0.0, Sum: 1.0]
      [Update RS (ms): Min: 0.0, Avg: 0.0, Max: 0.1, Diff: 0.1, Sum: 0.1]
         [Processed Buffers: Min: 1, Avg: 2.5, Max: 4, Diff: 3, Sum: 5]
      [Scan RS (ms): Min: 0.1, Avg: 0.1, Max: 0.1, Diff: 0.0, Sum: 0.2]
      [Code Root Scanning (ms): Min: 0.0, Avg: 0.0, Max: 0.0, Diff: 0.0, Sum: 0.0]
      [Object Copy (ms): Min: 31.4, Avg: 31.4, Max: 31.4, Diff: 0.0, Sum: 62.9]
      [Termination (ms): Min: 0.0, Avg: 0.0, Max: 0.0, Diff: 0.0, Sum: 0.0]
         [Termination Attempts: Min: 1, Avg: 1.0, Max: 1, Diff: 0, Sum: 2]
      [GC Worker Other (ms): Min: 0.0, Avg: 0.0, Max: 0.0, Diff: 0.0, Sum: 0.0]
      [GC Worker Total (ms): Min: 32.1, Avg: 32.1, Max: 32.1, Diff: 0.0, Sum: 64.2]
      [GC Worker End (ms): Min: 393677.2, Avg: 393677.2, Max: 393677.2, Diff: 0.0]
   [Code Root Fixup: 0.0 ms]
   [Code Root Purge: 0.0 ms]
   [Clear CT: 0.1 ms]
   [Other: 0.4 ms]
      [Choose CSet: 0.0 ms]
      [Ref Proc: 0.1 ms]
      [Ref Enq: 0.0 ms]
      [Redirty Cards: 0.0 ms]
      [Humongous Register: 0.0 ms]
      [Humongous Reclaim: 0.0 ms]
      [Free CSet: 0.2 ms]
   [Eden: 256.0M(256.0M)->0.0B(255.0M) Survivors: 27648.0K->28672.0K Heap: 385.7M(472.0M)->130.7M(472.0M)]
 [Times: user=0.06 sys=0.00, real=0.03 secs] 
2024-07-06T11:30:39.936+0800: 394.102: [GC pause (G1 Evacuation Pause) (young), 0.0308051 secs]
   [Parallel Time: 30.2 ms, GC Workers: 2]
      [GC Worker Start (ms): Min: 394102.5, Avg: 394102.5, Max: 394102.5, Diff: 0.0]
      [Ext Root Scanning (ms): Min: 0.5, Avg: 0.6, Max: 0.6, Diff: 0.0, Sum: 1.1]
      [Update RS (ms): Min: 0.0, Avg: 0.0, Max: 0.0, Diff: 0.0, Sum: 0.0]
         [Processed Buffers: Min: 1, Avg: 2.5, Max: 4, Diff: 3, Sum: 5]
      [Scan RS (ms): Min: 0.1, Avg: 0.1, Max: 0.1, Diff: 0.0, Sum: 0.2]
      [Code Root Scanning (ms): Min: 0.0, Avg: 0.0, Max: 0.0, Diff: 0.0, Sum: 0.0]
      [Object Copy (ms): Min: 29.5, Avg: 29.5, Max: 29.5, Diff: 0.0, Sum: 59.0]
      [Termination (ms): Min: 0.0, Avg: 0.0, Max: 0.0, Diff: 0.0, Sum: 0.0]
         [Termination Attempts: Min: 1, Avg: 1.0, Max: 1, Diff: 0, Sum: 2]
      [GC Worker Other (ms): Min: 0.0, Avg: 0.0, Max: 0.0, Diff: 0.0, Sum: 0.0]
      [GC Worker Total (ms): Min: 30.2, Avg: 30.2, Max: 30.2, Diff: 0.0, Sum: 60.3]
      [GC Worker End (ms): Min: 394132.7, Avg: 394132.7, Max: 394132.7, Diff: 0.0]
   [Code Root Fixup: 0.0 ms]
   [Code Root Purge: 0.0 ms]
   [Clear CT: 0.1 ms]
   [Other: 0.5 ms]
      [Choose CSet: 0.0 ms]
      [Ref Proc: 0.1 ms]
      [Ref Enq: 0.0 ms]
      [Redirty Cards: 0.1 ms]
      [Humongous Register: 0.0 ms]
      [Humongous Reclaim: 0.0 ms]
      [Free CSet: 0.1 ms]
   [Eden: 255.0M(255.0M)->0.0B(259.0M) Survivors: 28672.0K->24576.0K Heap: 385.7M(472.0M)->126.2M(472.0M)]
 [Times: user=0.06 sys=0.00, real=0.03 secs] 
2024-07-06T11:30:40.433+0800: 394.599: [GC pause (G1 Evacuation Pause) (young), 0.0260800 secs]
   [Parallel Time: 25.5 ms, GC Workers: 2]
      [GC Worker Start (ms): Min: 394599.4, Avg: 394599.4, Max: 394599.4, Diff: 0.0]
      [Ext Root Scanning (ms): Min: 0.5, Avg: 0.5, Max: 0.5, Diff: 0.0, Sum: 1.0]
      [Update RS (ms): Min: 0.0, Avg: 0.0, Max: 0.0, Diff: 0.0, Sum: 0.0]
         [Processed Buffers: Min: 0, Avg: 2.5, Max: 5, Diff: 5, Sum: 5]
      [Scan RS (ms): Min: 0.1, Avg: 0.1, Max: 0.1, Diff: 0.0, Sum: 0.2]
      [Code Root Scanning (ms): Min: 0.0, Avg: 0.0, Max: 0.0, Diff: 0.0, Sum: 0.0]
      [Object Copy (ms): Min: 24.8, Avg: 24.8, Max: 24.9, Diff: 0.1, Sum: 49.7]
      [Termination (ms): Min: 0.0, Avg: 0.0, Max: 0.0, Diff: 0.0, Sum: 0.0]
         [Termination Attempts: Min: 1, Avg: 1.0, Max: 1, Diff: 0, Sum: 2]
      [GC Worker Other (ms): Min: 0.0, Avg: 0.0, Max: 0.0, Diff: 0.0, Sum: 0.0]
      [GC Worker Total (ms): Min: 25.5, Avg: 25.5, Max: 25.5, Diff: 0.0, Sum: 50.9]
      [GC Worker End (ms): Min: 394624.9, Avg: 394624.9, Max: 394624.9, Diff: 0.0]
   [Code Root Fixup: 0.0 ms]
   [Code Root Purge: 0.0 ms]
   [Clear CT: 0.1 ms]
   [Other: 0.4 ms]
      [Choose CSet: 0.0 ms]
      [Ref Proc: 0.1 ms]
      [Ref Enq: 0.0 ms]
      [Redirty Cards: 0.0 ms]
      [Humongous Register: 0.0 ms]
      [Humongous Reclaim: 0.0 ms]
      [Free CSet: 0.2 ms]
   [Eden: 259.0M(259.0M)->0.0B(263.0M) Survivors: 24576.0K->20480.0K Heap: 385.2M(472.0M)->122.7M(472.0M)]
 [Times: user=0.05 sys=0.00, real=0.03 secs] 
2024-07-06T11:30:40.864+0800: 395.030: [GC pause (G1 Evacuation Pause) (young), 0.0206084 secs]
   [Parallel Time: 20.1 ms, GC Workers: 2]
      [GC Worker Start (ms): Min: 395030.0, Avg: 395030.0, Max: 395030.0, Diff: 0.0]
      [Ext Root Scanning (ms): Min: 0.5, Avg: 0.5, Max: 0.5, Diff: 0.0, Sum: 0.9]
      [Update RS (ms): Min: 0.0, Avg: 0.0, Max: 0.0, Diff: 0.0, Sum: 0.0]
         [Processed Buffers: Min: 2, Avg: 2.5, Max: 3, Diff: 1, Sum: 5]
      [Scan RS (ms): Min: 0.1, Avg: 0.1, Max: 0.1, Diff: 0.0, Sum: 0.2]
      [Code Root Scanning (ms): Min: 0.0, Avg: 0.0, Max: 0.0, Diff: 0.0, Sum: 0.0]
      [Object Copy (ms): Min: 19.4, Avg: 19.4, Max: 19.4, Diff: 0.0, Sum: 38.8]
      [Termination (ms): Min: 0.0, Avg: 0.0, Max: 0.0, Diff: 0.0, Sum: 0.0]
         [Termination Attempts: Min: 1, Avg: 1.0, Max: 1, Diff: 0, Sum: 2]
      [GC Worker Other (ms): Min: 0.0, Avg: 0.0, Max: 0.0, Diff: 0.0, Sum: 0.0]
      [GC Worker Total (ms): Min: 20.0, Avg: 20.0, Max: 20.0, Diff: 0.0, Sum: 40.0]
      [GC Worker End (ms): Min: 395050.0, Avg: 395050.0, Max: 395050.0, Diff: 0.0]
   [Code Root Fixup: 0.0 ms]
   [Code Root Purge: 0.0 ms]
   [Clear CT: 0.1 ms]
   [Other: 0.4 ms]
      [Choose CSet: 0.0 ms]
      [Ref Proc: 0.1 ms]
      [Ref Enq: 0.0 ms]
      [Redirty Cards: 0.0 ms]
      [Humongous Register: 0.0 ms]
      [Humongous Reclaim: 0.0 ms]
      [Free CSet: 0.2 ms]
   [Eden: 263.0M(263.0M)->0.0B(265.0M) Survivors: 20480.0K->18432.0K Heap: 385.7M(472.0M)->120.2M(472.0M)]
 [Times: user=0.04 sys=0.00, real=0.02 secs] 
2024-07-06T11:30:41.323+0800: 395.489: [GC pause (G1 Evacuation Pause) (young), 0.0307447 secs]
   [Parallel Time: 30.2 ms, GC Workers: 2]
      [GC Worker Start (ms): Min: 395489.0, Avg: 395489.0, Max: 395489.0, Diff: 0.0]
      [Ext Root Scanning (ms): Min: 0.5, Avg: 0.5, Max: 0.6, Diff: 0.0, Sum: 1.1]
      [Update RS (ms): Min: 0.0, Avg: 0.0, Max: 0.0, Diff: 0.0, Sum: 0.0]
         [Processed Buffers: Min: 1, Avg: 2.5, Max: 4, Diff: 3, Sum: 5]
      [Scan RS (ms): Min: 0.1, Avg: 0.1, Max: 0.1, Diff: 0.0, Sum: 0.2]
      [Code Root Scanning (ms): Min: 0.0, Avg: 0.0, Max: 0.0, Diff: 0.0, Sum: 0.0]
      [Object Copy (ms): Min: 29.4, Avg: 29.4, Max: 29.4, Diff: 0.0, Sum: 58.8]
      [Termination (ms): Min: 0.0, Avg: 0.0, Max: 0.0, Diff: 0.0, Sum: 0.0]
         [Termination Attempts: Min: 1, Avg: 1.0, Max: 1, Diff: 0, Sum: 2]
      [GC Worker Other (ms): Min: 0.0, Avg: 0.0, Max: 0.0, Diff: 0.0, Sum: 0.0]
      [GC Worker Total (ms): Min: 30.1, Avg: 30.1, Max: 30.1, Diff: 0.0, Sum: 60.1]
      [GC Worker End (ms): Min: 395519.1, Avg: 395519.1, Max: 395519.1, Diff: 0.0]
   [Code Root Fixup: 0.0 ms]
   [Code Root Purge: 0.0 ms]
   [Clear CT: 0.1 ms]
   [Other: 0.5 ms]
      [Choose CSet: 0.0 ms]
      [Ref Proc: 0.1 ms]
      [Ref Enq: 0.0 ms]
      [Redirty Cards: 0.0 ms]
      [Humongous Register: 0.0 ms]
      [Humongous Reclaim: 0.0 ms]
      [Free CSet: 0.1 ms]
   [Eden: 265.0M(265.0M)->0.0B(258.0M) Survivors: 18432.0K->25600.0K Heap: 385.2M(472.0M)->127.7M(472.0M)]
 [Times: user=0.06 sys=0.00, real=0.03 secs] 
2024-07-06T11:30:41.763+0800: 395.929: [GC pause (G1 Evacuation Pause) (young), 0.0226988 secs]
   [Parallel Time: 22.2 ms, GC Workers: 2]
      [GC Worker Start (ms): Min: 395928.9, Avg: 395928.9, Max: 395928.9, Diff: 0.0]
      [Ext Root Scanning (ms): Min: 0.5, Avg: 0.5, Max: 0.5, Diff: 0.0, Sum: 1.1]
      [Update RS (ms): Min: 0.0, Avg: 0.0, Max: 0.0, Diff: 0.0, Sum: 0.0]
         [Processed Buffers: Min: 0, Avg: 2.5, Max: 5, Diff: 5, Sum: 5]
      [Scan RS (ms): Min: 0.1, Avg: 0.1, Max: 0.1, Diff: 0.0, Sum: 0.2]
      [Code Root Scanning (ms): Min: 0.0, Avg: 0.0, Max: 0.0, Diff: 0.0, Sum: 0.0]
      [Object Copy (ms): Min: 21.5, Avg: 21.5, Max: 21.5, Diff: 0.0, Sum: 43.0]
      [Termination (ms): Min: 0.0, Avg: 0.0, Max: 0.0, Diff: 0.0, Sum: 0.0]
         [Termination Attempts: Min: 1, Avg: 1.0, Max: 1, Diff: 0, Sum: 2]
      [GC Worker Other (ms): Min: 0.0, Avg: 0.0, Max: 0.0, Diff: 0.0, Sum: 0.0]
      [GC Worker Total (ms): Min: 22.1, Avg: 22.1, Max: 22.1, Diff: 0.0, Sum: 44.3]
      [GC Worker End (ms): Min: 395951.0, Avg: 395951.0, Max: 395951.0, Diff: 0.0]
   [Code Root Fixup: 0.0 ms]
   [Code Root Purge: 0.0 ms]
   [Clear CT: 0.1 ms]
   [Other: 0.4 ms]
      [Choose CSet: 0.0 ms]
      [Ref Proc: 0.1 ms]
      [Ref Enq: 0.0 ms]
      [Redirty Cards: 0.0 ms]
      [Humongous Register: 0.0 ms]
      [Humongous Reclaim: 0.0 ms]
      [Free CSet: 0.1 ms]
   [Eden: 258.0M(258.0M)->0.0B(262.0M) Survivors: 25600.0K->21504.0K Heap: 385.7M(472.0M)->123.2M(472.0M)]
 [Times: user=0.05 sys=0.00, real=0.02 secs] 
2024-07-06T11:30:42.207+0800: 396.373: [GC pause (G1 Evacuation Pause) (young), 0.0274479 secs]
   [Parallel Time: 26.9 ms, GC Workers: 2]
      [GC Worker Start (ms): Min: 396373.6, Avg: 396373.6, Max: 396373.6, Diff: 0.0]
      [Ext Root Scanning (ms): Min: 0.6, Avg: 0.6, Max: 0.6, Diff: 0.0, Sum: 1.2]
      [Update RS (ms): Min: 0.0, Avg: 0.0, Max: 0.0, Diff: 0.0, Sum: 0.1]
         [Processed Buffers: Min: 1, Avg: 2.5, Max: 4, Diff: 3, Sum: 5]
      [Scan RS (ms): Min: 0.1, Avg: 0.1, Max: 0.1, Diff: 0.0, Sum: 0.2]
      [Code Root Scanning (ms): Min: 0.0, Avg: 0.0, Max: 0.0, Diff: 0.0, Sum: 0.0]
      [Object Copy (ms): Min: 26.1, Avg: 26.1, Max: 26.1, Diff: 0.0, Sum: 52.2]
      [Termination (ms): Min: 0.0, Avg: 0.0, Max: 0.0, Diff: 0.0, Sum: 0.0]
         [Termination Attempts: Min: 1, Avg: 1.0, Max: 1, Diff: 0, Sum: 2]
      [GC Worker Other (ms): Min: 0.0, Avg: 0.0, Max: 0.0, Diff: 0.0, Sum: 0.0]
      [GC Worker Total (ms): Min: 26.9, Avg: 26.9, Max: 26.9, Diff: 0.0, Sum: 53.7]
      [GC Worker End (ms): Min: 396400.5, Avg: 396400.5, Max: 396400.5, Diff: 0.0]
   [Code Root Fixup: 0.0 ms]
   [Code Root Purge: 0.0 ms]
   [Clear CT: 0.1 ms]
   [Other: 0.4 ms]
      [Choose CSet: 0.0 ms]
      [Ref Proc: 0.1 ms]
      [Ref Enq: 0.0 ms]
      [Redirty Cards: 0.0 ms]
      [Humongous Register: 0.0 ms]
      [Humongous Reclaim: 0.0 ms]
      [Free CSet: 0.1 ms]
   [Eden: 262.0M(262.0M)->0.0B(259.0M) Survivors: 21504.0K->24576.0K Heap: 385.2M(472.0M)->126.7M(472.0M)]
 [Times: user=0.06 sys=0.00, real=0.02 secs] 
2024-07-06T11:30:42.673+0800: 396.839: [GC pause (G1 Evacuation Pause) (young), 0.0356352 secs]
   [Parallel Time: 35.1 ms, GC Workers: 2]
      [GC Worker Start (ms): Min: 396839.6, Avg: 396839.6, Max: 396839.6, Diff: 0.0]
      [Ext Root Scanning (ms): Min: 0.5, Avg: 0.6, Max: 0.6, Diff: 0.0, Sum: 1.1]
      [Update RS (ms): Min: 0.0, Avg: 0.0, Max: 0.0, Diff: 0.0, Sum: 0.0]
         [Processed Buffers: Min: 2, Avg: 2.5, Max: 3, Diff: 1, Sum: 5]
      [Scan RS (ms): Min: 0.1, Avg: 0.1, Max: 0.1, Diff: 0.0, Sum: 0.2]
      [Code Root Scanning (ms): Min: 0.0, Avg: 0.0, Max: 0.0, Diff: 0.0, Sum: 0.0]
      [Object Copy (ms): Min: 34.3, Avg: 34.3, Max: 34.3, Diff: 0.0, Sum: 68.6]
      [Termination (ms): Min: 0.0, Avg: 0.0, Max: 0.0, Diff: 0.0, Sum: 0.0]
         [Termination Attempts: Min: 1, Avg: 1.0, Max: 1, Diff: 0, Sum: 2]
      [GC Worker Other (ms): Min: 0.0, Avg: 0.0, Max: 0.0, Diff: 0.0, Sum: 0.1]
      [GC Worker Total (ms): Min: 35.0, Avg: 35.0, Max: 35.0, Diff: 0.0, Sum: 70.0]
      [GC Worker End (ms): Min: 396874.5, Avg: 396874.6, Max: 396874.6, Diff: 0.0]
   [Code Root Fixup: 0.0 ms]
   [Code Root Purge: 0.0 ms]
   [Clear CT: 0.1 ms]
   [Other: 0.4 ms]
      [Choose CSet: 0.0 ms]
      [Ref Proc: 0.1 ms]
      [Ref Enq: 0.0 ms]
      [Redirty Cards: 0.0 ms]
      [Humongous Register: 0.0 ms]
      [Humongous Reclaim: 0.0 ms]
      [Free CSet: 0.2 ms]
   [Eden: 259.0M(259.0M)->0.0B(254.0M) Survivors: 24576.0K->29696.0K Heap: 385.7M(472.0M)->131.7M(472.0M)]
 [Times: user=0.06 sys=0.00, real=0.04 secs] 
2024-07-06T11:30:43.119+0800: 397.285: [GC pause (G1 Evacuation Pause) (young), 0.0327511 secs]
   [Parallel Time: 32.2 ms, GC Workers: 2]
      [GC Worker Start (ms): Min: 397285.0, Avg: 397285.0, Max: 397285.0, Diff: 0.0]
      [Ext Root Scanning (ms): Min: 0.5, Avg: 0.5, Max: 0.5, Diff: 0.0, Sum: 1.0]
      [Update RS (ms): Min: 0.0, Avg: 0.0, Max: 0.0, Diff: 0.0, Sum: 0.0]
         [Processed Buffers: Min: 1, Avg: 2.5, Max: 4, Diff: 3, Sum: 5]
      [Scan RS (ms): Min: 0.1, Avg: 0.1, Max: 0.1, Diff: 0.0, Sum: 0.2]
      [Code Root Scanning (ms): Min: 0.0, Avg: 0.0, Max: 0.0, Diff: 0.0, Sum: 0.0]
      [Object Copy (ms): Min: 31.5, Avg: 31.5, Max: 31.5, Diff: 0.0, Sum: 63.0]
      [Termination (ms): Min: 0.0, Avg: 0.0, Max: 0.0, Diff: 0.0, Sum: 0.0]
         [Termination Attempts: Min: 1, Avg: 1.0, Max: 1, Diff: 0, Sum: 2]
      [GC Worker Other (ms): Min: 0.0, Avg: 0.0, Max: 0.0, Diff: 0.0, Sum: 0.0]
      [GC Worker Total (ms): Min: 32.1, Avg: 32.1, Max: 32.1, Diff: 0.0, Sum: 64.2]
      [GC Worker End (ms): Min: 397317.1, Avg: 397317.1, Max: 397317.1, Diff: 0.0]
   [Code Root Fixup: 0.0 ms]
   [Code Root Purge: 0.0 ms]
   [Clear CT: 0.1 ms]
   [Other: 0.4 ms]
      [Choose CSet: 0.0 ms]
      [Ref Proc: 0.1 ms]
      [Ref Enq: 0.0 ms]
      [Redirty Cards: 0.0 ms]
      [Humongous Register: 0.0 ms]
      [Humongous Reclaim: 0.0 ms]
      [Free CSet: 0.2 ms]
   [Eden: 254.0M(254.0M)->0.0B(257.0M) Survivors: 29696.0K->26624.0K Heap: 385.7M(472.0M)->128.7M(472.0M)]
 [Times: user=0.07 sys=0.00, real=0.03 secs] 
2024-07-06T11:30:43.615+0800: 397.781: [GC pause (G1 Evacuation Pause) (young), 0.0276135 secs]
   [Parallel Time: 27.0 ms, GC Workers: 2]
      [GC Worker Start (ms): Min: 397781.6, Avg: 397781.6, Max: 397781.6, Diff: 0.0]
      [Ext Root Scanning (ms): Min: 0.5, Avg: 0.5, Max: 0.5, Diff: 0.0, Sum: 1.1]
      [Update RS (ms): Min: 0.0, Avg: 0.0, Max: 0.0, Diff: 0.0, Sum: 0.0]
         [Processed Buffers: Min: 1, Avg: 2.5, Max: 4, Diff: 3, Sum: 5]
      [Scan RS (ms): Min: 0.1, Avg: 0.1, Max: 0.1, Diff: 0.0, Sum: 0.2]
      [Code Root Scanning (ms): Min: 0.0, Avg: 0.0, Max: 0.0, Diff: 0.0, Sum: 0.0]
      [Object Copy (ms): Min: 26.3, Avg: 26.3, Max: 26.3, Diff: 0.0, Sum: 52.6]
      [Termination (ms): Min: 0.0, Avg: 0.0, Max: 0.0, Diff: 0.0, Sum: 0.0]
         [Termination Attempts: Min: 1, Avg: 1.0, Max: 1, Diff: 0, Sum: 2]
      [GC Worker Other (ms): Min: 0.0, Avg: 0.0, Max: 0.0, Diff: 0.0, Sum: 0.0]
      [GC Worker Total (ms): Min: 27.0, Avg: 27.0, Max: 27.0, Diff: 0.0, Sum: 53.9]
      [GC Worker End (ms): Min: 397808.5, Avg: 397808.5, Max: 397808.5, Diff: 0.0]
   [Code Root Fixup: 0.0 ms]
   [Code Root Purge: 0.0 ms]
   [Clear CT: 0.1 ms]
   [Other: 0.5 ms]
      [Choose CSet: 0.0 ms]
      [Ref Proc: 0.1 ms]
      [Ref Enq: 0.0 ms]
      [Redirty Cards: 0.0 ms]
      [Humongous Register: 0.0 ms]
      [Humongous Reclaim: 0.0 ms]
      [Free CSet: 0.2 ms]
   [Eden: 257.0M(257.0M)->0.0B(262.0M) Survivors: 26624.0K->21504.0K Heap: 385.7M(472.0M)->123.7M(472.0M)]
 [Times: user=0.05 sys=0.00, real=0.02 secs] 
2024-07-06T11:30:44.119+0800: 398.286: [GC pause (G1 Evacuation Pause) (young), 0.0161380 secs]
   [Parallel Time: 15.5 ms, GC Workers: 2]
      [GC Worker Start (ms): Min: 398285.8, Avg: 398285.8, Max: 398285.8, Diff: 0.0]
      [Ext Root Scanning (ms): Min: 0.6, Avg: 0.6, Max: 0.6, Diff: 0.0, Sum: 1.2]
      [Update RS (ms): Min: 0.0, Avg: 0.0, Max: 0.0, Diff: 0.0, Sum: 0.1]
         [Processed Buffers: Min: 1, Avg: 2.5, Max: 4, Diff: 3, Sum: 5]
      [Scan RS (ms): Min: 0.1, Avg: 0.1, Max: 0.1, Diff: 0.0, Sum: 0.2]
      [Code Root Scanning (ms): Min: 0.0, Avg: 0.0, Max: 0.0, Diff: 0.0, Sum: 0.0]
      [Object Copy (ms): Min: 14.7, Avg: 14.7, Max: 14.7, Diff: 0.0, Sum: 29.4]
      [Termination (ms): Min: 0.0, Avg: 0.0, Max: 0.0, Diff: 0.0, Sum: 0.0]
         [Termination Attempts: Min: 1, Avg: 1.0, Max: 1, Diff: 0, Sum: 2]
      [GC Worker Other (ms): Min: 0.0, Avg: 0.0, Max: 0.0, Diff: 0.0, Sum: 0.0]
      [GC Worker Total (ms): Min: 15.4, Avg: 15.4, Max: 15.4, Diff: 0.0, Sum: 30.9]
      [GC Worker End (ms): Min: 398301.2, Avg: 398301.2, Max: 398301.2, Diff: 0.0]
   [Code Root Fixup: 0.0 ms]
   [Code Root Purge: 0.0 ms]
   [Clear CT: 0.2 ms]
   [Other: 0.5 ms]
      [Choose CSet: 0.0 ms]
      [Ref Proc: 0.1 ms]
      [Ref Enq: 0.0 ms]
      [Redirty Cards: 0.1 ms]
      [Humongous Register: 0.0 ms]
      [Humongous Reclaim: 0.0 ms]
      [Free CSet: 0.2 ms]
   [Eden: 262.0M(262.0M)->0.0B(270.0M) Survivors: 21504.0K->13312.0K Heap: 385.7M(472.0M)->115.2M(472.0M)]
 [Times: user=0.03 sys=0.00, real=0.02 secs] 
2024-07-06T11:30:44.583+0800: 398.749: [GC pause (G1 Evacuation Pause) (young), 0.0226911 secs]
   [Parallel Time: 22.0 ms, GC Workers: 2]
      [GC Worker Start (ms): Min: 398749.6, Avg: 398749.7, Max: 398749.8, Diff: 0.2]
      [Ext Root Scanning (ms): Min: 0.5, Avg: 0.6, Max: 0.7, Diff: 0.2, Sum: 1.2]
      [Update RS (ms): Min: 0.0, Avg: 0.0, Max: 0.0, Diff: 0.0, Sum: 0.0]
         [Processed Buffers: Min: 1, Avg: 2.5, Max: 4, Diff: 3, Sum: 5]
      [Scan RS (ms): Min: 0.1, Avg: 0.1, Max: 0.1, Diff: 0.0, Sum: 0.2]
      [Code Root Scanning (ms): Min: 0.0, Avg: 0.0, Max: 0.0, Diff: 0.0, Sum: 0.0]
      [Object Copy (ms): Min: 21.1, Avg: 21.1, Max: 21.1, Diff: 0.0, Sum: 42.2]
      [Termination (ms): Min: 0.0, Avg: 0.0, Max: 0.0, Diff: 0.0, Sum: 0.0]
         [Termination Attempts: Min: 1, Avg: 1.0, Max: 1, Diff: 0, Sum: 2]
      [GC Worker Other (ms): Min: 0.0, Avg: 0.0, Max: 0.0, Diff: 0.0, Sum: 0.0]
      [GC Worker Total (ms): Min: 21.8, Avg: 21.9, Max: 22.0, Diff: 0.2, Sum: 43.7]
      [GC Worker End (ms): Min: 398771.6, Avg: 398771.6, Max: 398771.6, Diff: 0.0]
   [Code Root Fixup: 0.0 ms]
   [Code Root Purge: 0.0 ms]
   [Clear CT: 0.1 ms]
   [Other: 0.5 ms]
      [Choose CSet: 0.0 ms]
      [Ref Proc: 0.1 ms]
      [Ref Enq: 0.0 ms]
      [Redirty Cards: 0.0 ms]
      [Humongous Register: 0.1 ms]
      [Humongous Reclaim: 0.0 ms]
      [Free CSet: 0.2 ms]
   [Eden: 270.0M(270.0M)->0.0B(262.0M) Survivors: 13312.0K->21504.0K Heap: 385.2M(472.0M)->123.7M(472.0M)]
 [Times: user=0.04 sys=0.00, real=0.02 secs] 
2024-07-06T11:30:45.023+0800: 399.189: [GC pause (G1 Evacuation Pause) (young), 0.0206869 secs]
   [Parallel Time: 20.2 ms, GC Workers: 2]
      [GC Worker Start (ms): Min: 399189.5, Avg: 399189.6, Max: 399189.6, Diff: 0.0]
      [Ext Root Scanning (ms): Min: 0.5, Avg: 0.5, Max: 0.5, Diff: 0.0, Sum: 1.0]
      [Update RS (ms): Min: 0.0, Avg: 0.0, Max: 0.0, Diff: 0.0, Sum: 0.0]
         [Processed Buffers: Min: 2, Avg: 2.5, Max: 3, Diff: 1, Sum: 5]
      [Scan RS (ms): Min: 0.1, Avg: 0.1, Max: 0.1, Diff: 0.0, Sum: 0.2]
      [Code Root Scanning (ms): Min: 0.0, Avg: 0.0, Max: 0.0, Diff: 0.0, Sum: 0.0]
      [Object Copy (ms): Min: 19.5, Avg: 19.5, Max: 19.5, Diff: 0.0, Sum: 38.9]
      [Termination (ms): Min: 0.0, Avg: 0.0, Max: 0.0, Diff: 0.0, Sum: 0.0]
         [Termination Attempts: Min: 1, Avg: 1.0, Max: 1, Diff: 0, Sum: 2]
      [GC Worker Other (ms): Min: 0.0, Avg: 0.0, Max: 0.0, Diff: 0.0, Sum: 0.0]
      [GC Worker Total (ms): Min: 20.1, Avg: 20.1, Max: 20.1, Diff: 0.0, Sum: 40.2]
      [GC Worker End (ms): Min: 399209.7, Avg: 399209.7, Max: 399209.7, Diff: 0.0]
   [Code Root Fixup: 0.0 ms]
   [Code Root Purge: 0.0 ms]
   [Clear CT: 0.1 ms]
   [Other: 0.4 ms]
      [Choose CSet: 0.0 ms]
      [Ref Proc: 0.1 ms]
      [Ref Enq: 0.0 ms]
      [Redirty Cards: 0.0 ms]
      [Humongous Register: 0.0 ms]
      [Humongous Reclaim: 0.0 ms]
      [Free CSet: 0.2 ms]
   [Eden: 262.0M(262.0M)->0.0B(264.0M) Survivors: 21504.0K->19456.0K Heap: 385.7M(472.0M)->121.2M(472.0M)]
 [Times: user=0.04 sys=0.00, real=0.02 secs] 
2024-07-06T11:30:45.452+0800: 399.618: [GC pause (G1 Evacuation Pause) (young), 0.0231567 secs]
   [Parallel Time: 22.7 ms, GC Workers: 2]
      [GC Worker Start (ms): Min: 399618.6, Avg: 399618.6, Max: 399618.6, Diff: 0.0]
      [Ext Root Scanning (ms): Min: 0.6, Avg: 0.6, Max: 0.6, Diff: 0.0, Sum: 1.1]
      [Update RS (ms): Min: 0.0, Avg: 0.0, Max: 0.0, Diff: 0.0, Sum: 0.1]
         [Processed Buffers: Min: 2, Avg: 2.5, Max: 3, Diff: 1, Sum: 5]
      [Scan RS (ms): Min: 0.1, Avg: 0.1, Max: 0.1, Diff: 0.0, Sum: 0.2]
      [Code Root Scanning (ms): Min: 0.0, Avg: 0.0, Max: 0.0, Diff: 0.0, Sum: 0.0]
      [Object Copy (ms): Min: 21.9, Avg: 21.9, Max: 21.9, Diff: 0.0, Sum: 43.8]
      [Termination (ms): Min: 0.0, Avg: 0.0, Max: 0.0, Diff: 0.0, Sum: 0.0]
         [Termination Attempts: Min: 1, Avg: 1.0, Max: 1, Diff: 0, Sum: 2]
      [GC Worker Other (ms): Min: 0.0, Avg: 0.0, Max: 0.0, Diff: 0.0, Sum: 0.0]
      [GC Worker Total (ms): Min: 22.6, Avg: 22.6, Max: 22.6, Diff: 0.0, Sum: 45.2]
      [GC Worker End (ms): Min: 399641.2, Avg: 399641.2, Max: 399641.2, Diff: 0.0]
   [Code Root Fixup: 0.0 ms]
   [Code Root Purge: 0.0 ms]
   [Clear CT: 0.1 ms]
   [Other: 0.4 ms]
      [Choose CSet: 0.0 ms]
      [Ref Proc: 0.1 ms]
      [Ref Enq: 0.0 ms]
      [Redirty Cards: 0.0 ms]
      [Humongous Register: 0.0 ms]
      [Humongous Reclaim: 0.0 ms]
      [Free CSet: 0.1 ms]
   [Eden: 264.0M(264.0M)->0.0B(261.0M) Survivors: 19456.0K->22528.0K Heap: 385.2M(472.0M)->124.7M(472.0M)]
 [Times: user=0.05 sys=0.00, real=0.03 secs] 
2024-07-06T11:30:45.869+0800: 400.035: [GC pause (G1 Evacuation Pause) (young), 0.0314320 secs]
   [Parallel Time: 30.9 ms, GC Workers: 2]
      [GC Worker Start (ms): Min: 400035.1, Avg: 400035.1, Max: 400035.1, Diff: 0.0]
      [Ext Root Scanning (ms): Min: 0.5, Avg: 0.5, Max: 0.6, Diff: 0.0, Sum: 1.1]
      [Update RS (ms): Min: 0.0, Avg: 0.0, Max: 0.0, Diff: 0.0, Sum: 0.0]
         [Processed Buffers: Min: 1, Avg: 2.5, Max: 4, Diff: 3, Sum: 5]
      [Scan RS (ms): Min: 0.1, Avg: 0.1, Max: 0.1, Diff: 0.0, Sum: 0.1]
      [Code Root Scanning (ms): Min: 0.0, Avg: 0.0, Max: 0.0, Diff: 0.0, Sum: 0.0]
      [Object Copy (ms): Min: 30.2, Avg: 30.2, Max: 30.2, Diff: 0.0, Sum: 60.4]
      [Termination (ms): Min: 0.0, Avg: 0.0, Max: 0.0, Diff: 0.0, Sum: 0.0]
         [Termination Attempts: Min: 1, Avg: 1.0, Max: 1, Diff: 0, Sum: 2]
      [GC Worker Other (ms): Min: 0.0, Avg: 0.0, Max: 0.0, Diff: 0.0, Sum: 0.0]
      [GC Worker Total (ms): Min: 30.8, Avg: 30.8, Max: 30.9, Diff: 0.0, Sum: 61.7]
      [GC Worker End (ms): Min: 400065.9, Avg: 400065.9, Max: 400065.9, Diff: 0.0]
   [Code Root Fixup: 0.0 ms]
   [Code Root Purge: 0.0 ms]
   [Clear CT: 0.1 ms]
   [Other: 0.4 ms]
      [Choose CSet: 0.0 ms]
      [Ref Proc: 0.1 ms]
      [Ref Enq: 0.0 ms]
      [Redirty Cards: 0.0 ms]
      [Humongous Register: 0.0 ms]
      [Humongous Reclaim: 0.0 ms]
      [Free CSet: 0.2 ms]
   [Eden: 261.0M(261.0M)->0.0B(255.0M) Survivors: 22528.0K->28672.0K Heap: 385.7M(472.0M)->130.2M(472.0M)]
 [Times: user=0.06 sys=0.00, real=0.03 secs] 
2024-07-06T11:30:46.324+0800: 400.490: [GC pause (G1 Evacuation Pause) (young), 0.0319715 secs]
   [Parallel Time: 31.5 ms, GC Workers: 2]
      [GC Worker Start (ms): Min: 400490.5, Avg: 400490.5, Max: 400490.5, Diff: 0.0]
      [Ext Root Scanning (ms): Min: 0.5, Avg: 0.5, Max: 0.5, Diff: 0.0, Sum: 1.0]
      [Update RS (ms): Min: 0.0, Avg: 0.0, Max: 0.0, Diff: 0.0, Sum: 0.0]
         [Processed Buffers: Min: 1, Avg: 2.5, Max: 4, Diff: 3, Sum: 5]
      [Scan RS (ms): Min: 0.1, Avg: 0.1, Max: 0.1, Diff: 0.0, Sum: 0.2]
      [Code Root Scanning (ms): Min: 0.0, Avg: 0.0, Max: 0.0, Diff: 0.0, Sum: 0.0]
      [Object Copy (ms): Min: 30.8, Avg: 30.8, Max: 30.8, Diff: 0.0, Sum: 61.6]
      [Termination (ms): Min: 0.0, Avg: 0.0, Max: 0.0, Diff: 0.0, Sum: 0.0]
         [Termination Attempts: Min: 1, Avg: 1.0, Max: 1, Diff: 0, Sum: 2]
      [GC Worker Other (ms): Min: 0.0, Avg: 0.0, Max: 0.0, Diff: 0.0, Sum: 0.0]
      [GC Worker Total (ms): Min: 31.4, Avg: 31.4, Max: 31.4, Diff: 0.0, Sum: 62.8]
      [GC Worker End (ms): Min: 400521.9, Avg: 400521.9, Max: 400521.9, Diff: 0.0]
   [Code Root Fixup: 0.0 ms]
   [Code Root Purge: 0.0 ms]
   [Clear CT: 0.1 ms]
   [Other: 0.4 ms]
      [Choose CSet: 0.0 ms]
      [Ref Proc: 0.1 ms]
      [Ref Enq: 0.0 ms]
      [Redirty Cards: 0.0 ms]
      [Humongous Register: 0.0 ms]
      [Humongous Reclaim: 0.0 ms]
      [Free CSet: 0.1 ms]
   [Eden: 255.0M(255.0M)->0.0B(257.0M) Survivors: 28672.0K->26624.0K Heap: 385.2M(472.0M)->128.7M(472.0M)]
 [Times: user=0.07 sys=0.00, real=0.04 secs] 
2024-07-06T11:30:46.792+0800: 400.958: [GC pause (G1 Evacuation Pause) (young), 0.0246818 secs]
   [Parallel Time: 24.2 ms, GC Workers: 2]
      [GC Worker Start (ms): Min: 400957.8, Avg: 400957.8, Max: 400957.8, Diff: 0.0]
      [Ext Root Scanning (ms): Min: 0.5, Avg: 0.5, Max: 0.5, Diff: 0.0, Sum: 1.0]
      [Update RS (ms): Min: 0.0, Avg: 0.0, Max: 0.0, Diff: 0.0, Sum: 0.0]
         [Processed Buffers: Min: 1, Avg: 2.5, Max: 4, Diff: 3, Sum: 5]
      [Scan RS (ms): Min: 0.1, Avg: 0.1, Max: 0.1, Diff: 0.0, Sum: 0.2]
      [Code Root Scanning (ms): Min: 0.0, Avg: 0.0, Max: 0.0, Diff: 0.0, Sum: 0.0]
      [Object Copy (ms): Min: 23.5, Avg: 23.5, Max: 23.5, Diff: 0.0, Sum: 47.0]
      [Termination (ms): Min: 0.0, Avg: 0.0, Max: 0.0, Diff: 0.0, Sum: 0.0]
         [Termination Attempts: Min: 1, Avg: 1.0, Max: 1, Diff: 0, Sum: 2]
      [GC Worker Other (ms): Min: 0.0, Avg: 0.0, Max: 0.0, Diff: 0.0, Sum: 0.0]
      [GC Worker Total (ms): Min: 24.1, Avg: 24.1, Max: 24.1, Diff: 0.0, Sum: 48.2]
      [GC Worker End (ms): Min: 400981.9, Avg: 400981.9, Max: 400981.9, Diff: 0.0]
   [Code Root Fixup: 0.0 ms]
   [Code Root Purge: 0.0 ms]
   [Clear CT: 0.1 ms]
   [Other: 0.4 ms]
      [Choose CSet: 0.0 ms]
      [Ref Proc: 0.1 ms]
      [Ref Enq: 0.0 ms]
      [Redirty Cards: 0.0 ms]
      [Humongous Register: 0.0 ms]
      [Humongous Reclaim: 0.0 ms]
      [Free CSet: 0.1 ms]
   [Eden: 257.0M(257.0M)->0.0B(262.0M) Survivors: 26624.0K->21504.0K Heap: 385.7M(472.0M)->123.2M(472.0M)]
 [Times: user=0.05 sys=0.00, real=0.03 secs] 
2024-07-06T11:30:47.209+0800: 401.375: [GC pause (G1 Evacuation Pause) (young), 0.0246055 secs]
   [Parallel Time: 24.0 ms, GC Workers: 2]
      [GC Worker Start (ms): Min: 401375.6, Avg: 401375.6, Max: 401375.6, Diff: 0.0]
      [Ext Root Scanning (ms): Min: 0.6, Avg: 0.6, Max: 0.6, Diff: 0.0, Sum: 1.2]
      [Update RS (ms): Min: 0.0, Avg: 0.0, Max: 0.0, Diff: 0.0, Sum: 0.1]
         [Processed Buffers: Min: 1, Avg: 2.5, Max: 4, Diff: 3, Sum: 5]
      [Scan RS (ms): Min: 0.1, Avg: 0.1, Max: 0.1, Diff: 0.0, Sum: 0.2]
      [Code Root Scanning (ms): Min: 0.0, Avg: 0.0, Max: 0.0, Diff: 0.0, Sum: 0.0]
      [Object Copy (ms): Min: 23.2, Avg: 23.2, Max: 23.2, Diff: 0.0, Sum: 46.4]
      [Termination (ms): Min: 0.0, Avg: 0.0, Max: 0.0, Diff: 0.0, Sum: 0.0]
         [Termination Attempts: Min: 1, Avg: 1.0, Max: 1, Diff: 0, Sum: 2]
      [GC Worker Other (ms): Min: 0.0, Avg: 0.0, Max: 0.0, Diff: 0.0, Sum: 0.0]
      [GC Worker Total (ms): Min: 23.9, Avg: 23.9, Max: 23.9, Diff: 0.0, Sum: 47.9]
      [GC Worker End (ms): Min: 401399.5, Avg: 401399.5, Max: 401399.5, Diff: 0.0]
   [Code Root Fixup: 0.0 ms]
   [Code Root Purge: 0.0 ms]
   [Clear CT: 0.1 ms]
   [Other: 0.5 ms]
      [Choose CSet: 0.0 ms]
      [Ref Proc: 0.1 ms]
      [Ref Enq: 0.0 ms]
      [Redirty Cards: 0.0 ms]
      [Humongous Register: 0.0 ms]
      [Humongous Reclaim: 0.0 ms]
      [Free CSet: 0.2 ms]
   [Eden: 262.0M(262.0M)->0.0B(262.0M) Survivors: 21504.0K->21504.0K Heap: 385.2M(472.0M)->123.7M(472.0M)]
 [Times: user=0.05 sys=0.00, real=0.02 secs] 
2024-07-06T11:30:47.676+0800: 401.842: [GC pause (G1 Evacuation Pause) (young), 0.0311832 secs]
   [Parallel Time: 30.7 ms, GC Workers: 2]
      [GC Worker Start (ms): Min: 401842.6, Avg: 401842.6, Max: 401842.6, Diff: 0.0]
      [Ext Root Scanning (ms): Min: 0.5, Avg: 0.6, Max: 0.6, Diff: 0.0, Sum: 1.1]
      [Update RS (ms): Min: 0.0, Avg: 0.0, Max: 0.0, Diff: 0.0, Sum: 0.1]
         [Processed Buffers: Min: 2, Avg: 2.5, Max: 3, Diff: 1, Sum: 5]
      [Scan RS (ms): Min: 0.1, Avg: 0.1, Max: 0.1, Diff: 0.0, Sum: 0.2]
      [Code Root Scanning (ms): Min: 0.0, Avg: 0.0, Max: 0.0, Diff: 0.0, Sum: 0.0]
      [Object Copy (ms): Min: 29.9, Avg: 30.0, Max: 30.0, Diff: 0.0, Sum: 59.9]
      [Termination (ms): Min: 0.0, Avg: 0.0, Max: 0.0, Diff: 0.0, Sum: 0.0]
         [Termination Attempts: Min: 2, Avg: 2.0, Max: 2, Diff: 0, Sum: 4]
      [GC Worker Other (ms): Min: 0.0, Avg: 0.0, Max: 0.0, Diff: 0.0, Sum: 0.0]
      [GC Worker Total (ms): Min: 30.6, Avg: 30.6, Max: 30.7, Diff: 0.0, Sum: 61.3]
      [GC Worker End (ms): Min: 401873.2, Avg: 401873.2, Max: 401873.2, Diff: 0.0]
   [Code Root Fixup: 0.0 ms]
   [Code Root Purge: 0.0 ms]
   [Clear CT: 0.1 ms]
   [Other: 0.3 ms]
      [Choose CSet: 0.0 ms]
      [Ref Proc: 0.0 ms]
      [Ref Enq: 0.0 ms]
      [Redirty Cards: 0.0 ms]
      [Humongous Register: 0.0 ms]
      [Humongous Reclaim: 0.0 ms]
      [Free CSet: 0.1 ms]
   [Eden: 262.0M(262.0M)->0.0B(257.0M) Survivors: 21504.0K->26624.0K Heap: 385.7M(472.0M)->128.2M(472.0M)]
 [Times: user=0.06 sys=0.00, real=0.03 secs] 
2024-07-06T11:30:48.159+0800: 402.326: [GC pause (G1 Evacuation Pause) (young), 0.0276290 secs]
   [Parallel Time: 27.1 ms, GC Workers: 2]
      [GC Worker Start (ms): Min: 402325.6, Avg: 402325.6, Max: 402325.6, Diff: 0.0]
      [Ext Root Scanning (ms): Min: 0.6, Avg: 0.6, Max: 0.7, Diff: 0.1, Sum: 1.3]
      [Update RS (ms): Min: 0.0, Avg: 0.0, Max: 0.1, Diff: 0.1, Sum: 0.1]
         [Processed Buffers: Min: 0, Avg: 2.5, Max: 5, Diff: 5, Sum: 5]
      [Scan RS (ms): Min: 0.1, Avg: 0.1, Max: 0.1, Diff: 0.0, Sum: 0.2]
      [Code Root Scanning (ms): Min: 0.0, Avg: 0.0, Max: 0.0, Diff: 0.0, Sum: 0.0]
      [Object Copy (ms): Min: 26.2, Avg: 26.2, Max: 26.2, Diff: 0.0, Sum: 52.4]
      [Termination (ms): Min: 0.0, Avg: 0.0, Max: 0.0, Diff: 0.0, Sum: 0.0]
         [Termination Attempts: Min: 1, Avg: 1.0, Max: 1, Diff: 0, Sum: 2]
      [GC Worker Other (ms): Min: 0.0, Avg: 0.0, Max: 0.0, Diff: 0.0, Sum: 0.0]
      [GC Worker Total (ms): Min: 27.0, Avg: 27.0, Max: 27.0, Diff: 0.0, Sum: 54.0]
      [GC Worker End (ms): Min: 402352.6, Avg: 402352.6, Max: 402352.6, Diff: 0.0]
   [Code Root Fixup: 0.0 ms]
   [Code Root Purge: 0.0 ms]
   [Clear CT: 0.1 ms]
   [Other: 0.5 ms]
      [Choose CSet: 0.0 ms]
      [Ref Proc: 0.1 ms]
      [Ref Enq: 0.0 ms]
      [Redirty Cards: 0.0 ms]
      [Humongous Register: 0.0 ms]
      [Humongous Reclaim: 0.0 ms]
      [Free CSet: 0.2 ms]
   [Eden: 257.0M(257.0M)->0.0B(260.0M) Survivors: 26624.0K->23552.0K Heap: 385.2M(472.0M)->125.2M(472.0M)]
 [Times: user=0.06 sys=0.00, real=0.02 secs] 
2024-07-06T11:30:48.596+0800: 402.762: [GC pause (G1 Evacuation Pause) (young), 0.0260593 secs]
   [Parallel Time: 25.6 ms, GC Workers: 2]
      [GC Worker Start (ms): Min: 402762.5, Avg: 402762.6, Max: 402762.6, Diff: 0.0]
      [Ext Root Scanning (ms): Min: 0.5, Avg: 0.5, Max: 0.5, Diff: 0.0, Sum: 1.0]
      [Update RS (ms): Min: 0.0, Avg: 0.0, Max: 0.0, Diff: 0.0, Sum: 0.1]
         [Processed Buffers: Min: 1, Avg: 2.5, Max: 4, Diff: 3, Sum: 5]
      [Scan RS (ms): Min: 0.1, Avg: 0.1, Max: 0.1, Diff: 0.0, Sum: 0.2]
      [Code Root Scanning (ms): Min: 0.0, Avg: 0.0, Max: 0.0, Diff: 0.0, Sum: 0.0]
      [Object Copy (ms): Min: 24.8, Avg: 24.9, Max: 24.9, Diff: 0.0, Sum: 49.7]
      [Termination (ms): Min: 0.0, Avg: 0.0, Max: 0.0, Diff: 0.0, Sum: 0.0]
         [Termination Attempts: Min: 1, Avg: 1.0, Max: 1, Diff: 0, Sum: 2]
      [GC Worker Other (ms): Min: 0.0, Avg: 0.0, Max: 0.0, Diff: 0.0, Sum: 0.0]
      [GC Worker Total (ms): Min: 25.5, Avg: 25.5, Max: 25.5, Diff: 0.0, Sum: 51.0]
      [GC Worker End (ms): Min: 402788.1, Avg: 402788.1, Max: 402788.1, Diff: 0.0]
   [Code Root Fixup: 0.0 ms]
   [Code Root Purge: 0.0 ms]
   [Clear CT: 0.1 ms]
   [Other: 0.4 ms]
      [Choose CSet: 0.0 ms]
      [Ref Proc: 0.1 ms]
      [Ref Enq: 0.0 ms]
      [Redirty Cards: 0.0 ms]
      [Humongous Register: 0.0 ms]
      [Humongous Reclaim: 0.0 ms]
      [Free CSet: 0.1 ms]
   [Eden: 260.0M(260.0M)->0.0B(260.0M) Survivors: 23552.0K->23552.0K Heap: 385.2M(472.0M)->125.7M(472.0M)]
 [Times: user=0.06 sys=0.00, real=0.02 secs] 
2024-07-06T11:30:49.071+0800: 403.237: [GC pause (G1 Evacuation Pause) (young), 0.0375737 secs]
   [Parallel Time: 37.1 ms, GC Workers: 2]
      [GC Worker Start (ms): Min: 403237.6, Avg: 403237.6, Max: 403237.6, Diff: 0.0]
      [Ext Root Scanning (ms): Min: 0.5, Avg: 0.5, Max: 0.5, Diff: 0.0, Sum: 1.0]
      [Update RS (ms): Min: 0.0, Avg: 0.0, Max: 0.1, Diff: 0.0, Sum: 0.1]
         [Processed Buffers: Min: 2, Avg: 3.0, Max: 4, Diff: 2, Sum: 6]
      [Scan RS (ms): Min: 0.1, Avg: 0.1, Max: 0.1, Diff: 0.0, Sum: 0.2]
      [Code Root Scanning (ms): Min: 0.0, Avg: 0.0, Max: 0.0, Diff: 0.0, Sum: 0.0]
      [Object Copy (ms): Min: 36.3, Avg: 36.3, Max: 36.3, Diff: 0.0, Sum: 72.7]
      [Termination (ms): Min: 0.0, Avg: 0.0, Max: 0.0, Diff: 0.0, Sum: 0.0]
         [Termination Attempts: Min: 1, Avg: 1.0, Max: 1, Diff: 0, Sum: 2]
      [GC Worker Other (ms): Min: 0.0, Avg: 0.0, Max: 0.0, Diff: 0.0, Sum: 0.0]
      [GC Worker Total (ms): Min: 37.0, Avg: 37.0, Max: 37.0, Diff: 0.0, Sum: 74.0]
      [GC Worker End (ms): Min: 403274.6, Avg: 403274.6, Max: 403274.6, Diff: 0.0]
   [Code Root Fixup: 0.0 ms]
   [Code Root Purge: 0.0 ms]
   [Clear CT: 0.1 ms]
   [Other: 0.4 ms]
      [Choose CSet: 0.0 ms]
      [Ref Proc: 0.1 ms]
      [Ref Enq: 0.0 ms]
      [Redirty Cards: 0.0 ms]
      [Humongous Register: 0.0 ms]
      [Humongous Reclaim: 0.0 ms]
      [Free CSet: 0.2 ms]
   [Eden: 260.0M(260.0M)->0.0B(251.0M) Survivors: 23552.0K->32768.0K Heap: 385.7M(472.0M)->134.2M(472.0M)]
 [Times: user=0.07 sys=0.00, real=0.04 secs] 
2024-07-06T11:30:49.514+0800: 403.680: [GC pause (G1 Evacuation Pause) (young), 0.0342507 secs]
   [Parallel Time: 33.8 ms, GC Workers: 2]
      [GC Worker Start (ms): Min: 403679.9, Avg: 403680.0, Max: 403680.0, Diff: 0.0]
      [Ext Root Scanning (ms): Min: 0.5, Avg: 0.5, Max: 0.5, Diff: 0.1, Sum: 1.0]
      [Update RS (ms): Min: 0.0, Avg: 0.0, Max: 0.0, Diff: 0.0, Sum: 0.1]
         [Processed Buffers: Min: 3, Avg: 3.0, Max: 3, Diff: 0, Sum: 6]
      [Scan RS (ms): Min: 0.1, Avg: 0.1, Max: 0.1, Diff: 0.0, Sum: 0.2]
      [Code Root Scanning (ms): Min: 0.0, Avg: 0.0, Max: 0.0, Diff: 0.0, Sum: 0.0]
      [Object Copy (ms): Min: 33.0, Avg: 33.0, Max: 33.1, Diff: 0.0, Sum: 66.1]
      [Termination (ms): Min: 0.0, Avg: 0.0, Max: 0.0, Diff: 0.0, Sum: 0.0]
         [Termination Attempts: Min: 1, Avg: 1.0, Max: 1, Diff: 0, Sum: 2]
      [GC Worker Other (ms): Min: 0.0, Avg: 0.0, Max: 0.0, Diff: 0.0, Sum: 0.0]
      [GC Worker Total (ms): Min: 33.7, Avg: 33.7, Max: 33.7, Diff: 0.0, Sum: 67.4]
      [GC Worker End (ms): Min: 403713.6, Avg: 403713.6, Max: 403713.6, Diff: 0.0]
   [Code Root Fixup: 0.0 ms]
   [Code Root Purge: 0.0 ms]
   [Clear CT: 0.1 ms]
   [Other: 0.4 ms]
      [Choose CSet: 0.0 ms]
      [Ref Proc: 0.1 ms]
      [Ref Enq: 0.0 ms]
      [Redirty Cards: 0.0 ms]
      [Humongous Register: 0.0 ms]
      [Humongous Reclaim: 0.0 ms]
      [Free CSet: 0.1 ms]
   [Eden: 251.0M(251.0M)->0.0B(254.0M) Survivors: 32768.0K->29696.0K Heap: 385.2M(472.0M)->131.2M(472.0M)]
 [Times: user=0.06 sys=0.00, real=0.04 secs] 
2024-07-06T11:30:49.947+0800: 404.113: [GC pause (G1 Evacuation Pause) (young), 0.0323419 secs]
   [Parallel Time: 31.9 ms, GC Workers: 2]
      [GC Worker Start (ms): Min: 404113.5, Avg: 404113.5, Max: 404113.5, Diff: 0.0]
      [Ext Root Scanning (ms): Min: 0.5, Avg: 0.5, Max: 0.5, Diff: 0.0, Sum: 1.0]
      [Update RS (ms): Min: 0.0, Avg: 0.0, Max: 0.0, Diff: 0.0, Sum: 0.0]
         [Processed Buffers: Min: 2, Avg: 3.0, Max: 4, Diff: 2, Sum: 6]
      [Scan RS (ms): Min: 0.1, Avg: 0.1, Max: 0.1, Diff: 0.0, Sum: 0.2]
      [Code Root Scanning (ms): Min: 0.0, Avg: 0.0, Max: 0.0, Diff: 0.0, Sum: 0.0]
      [Object Copy (ms): Min: 31.2, Avg: 31.2, Max: 31.2, Diff: 0.0, Sum: 62.3]
      [Termination (ms): Min: 0.0, Avg: 0.0, Max: 0.0, Diff: 0.0, Sum: 0.0]
         [Termination Attempts: Min: 1, Avg: 1.0, Max: 1, Diff: 0, Sum: 2]
      [GC Worker Other (ms): Min: 0.0, Avg: 0.0, Max: 0.0, Diff: 0.0, Sum: 0.0]
      [GC Worker Total (ms): Min: 31.8, Avg: 31.8, Max: 31.8, Diff: 0.0, Sum: 63.6]
      [GC Worker End (ms): Min: 404145.3, Avg: 404145.3, Max: 404145.3, Diff: 0.0]
   [Code Root Fixup: 0.0 ms]
   [Code Root Purge: 0.0 ms]
   [Clear CT: 0.1 ms]
   [Other: 0.3 ms]
      [Choose CSet: 0.0 ms]
      [Ref Proc: 0.1 ms]
      [Ref Enq: 0.0 ms]
      [Redirty Cards: 0.0 ms]
      [Humongous Register: 0.0 ms]
      [Humongous Reclaim: 0.0 ms]
      [Free CSet: 0.1 ms]
   [Eden: 254.0M(254.0M)->0.0B(257.0M) Survivors: 29696.0K->26624.0K Heap: 385.2M(472.0M)->128.2M(472.0M)]
 [Times: user=0.06 sys=0.00, real=0.03 secs] 
2024-07-06T11:30:50.406+0800: 404.572: [GC pause (G1 Evacuation Pause) (young), 0.0274188 secs]
   [Parallel Time: 26.9 ms, GC Workers: 2]
      [GC Worker Start (ms): Min: 404572.4, Avg: 404572.4, Max: 404572.4, Diff: 0.0]
      [Ext Root Scanning (ms): Min: 0.5, Avg: 0.5, Max: 0.5, Diff: 0.0, Sum: 1.0]
      [Update RS (ms): Min: 0.0, Avg: 0.0, Max: 0.1, Diff: 0.1, Sum: 0.1]
         [Processed Buffers: Min: 2, Avg: 2.5, Max: 3, Diff: 1, Sum: 5]
      [Scan RS (ms): Min: 0.1, Avg: 0.1, Max: 0.1, Diff: 0.0, Sum: 0.1]
      [Code Root Scanning (ms): Min: 0.0, Avg: 0.0, Max: 0.0, Diff: 0.0, Sum: 0.0]
      [Object Copy (ms): Min: 26.2, Avg: 26.2, Max: 26.3, Diff: 0.0, Sum: 52.5]
      [Termination (ms): Min: 0.0, Avg: 0.0, Max: 0.0, Diff: 0.0, Sum: 0.0]
         [Termination Attempts: Min: 1, Avg: 1.0, Max: 1, Diff: 0, Sum: 2]
      [GC Worker Other (ms): Min: 0.0, Avg: 0.0, Max: 0.0, Diff: 0.0, Sum: 0.0]
      [GC Worker Total (ms): Min: 26.9, Avg: 26.9, Max: 26.9, Diff: 0.0, Sum: 53.8]
      [GC Worker End (ms): Min: 404599.3, Avg: 404599.3, Max: 404599.3, Diff: 0.0]
   [Code Root Fixup: 0.0 ms]
   [Code Root Purge: 0.0 ms]
   [Clear CT: 0.1 ms]
   [Other: 0.4 ms]
      [Choose CSet: 0.0 ms]
      [Ref Proc: 0.1 ms]
      [Ref Enq: 0.0 ms]
      [Redirty Cards: 0.0 ms]
      [Humongous Register: 0.0 ms]
      [Humongous Reclaim: 0.0 ms]
      [Free CSet: 0.1 ms]
   [Eden: 257.0M(257.0M)->0.0B(261.0M) Survivors: 26624.0K->22528.0K Heap: 385.2M(472.0M)->124.2M(472.0M)]
 [Times: user=0.06 sys=0.00, real=0.03 secs] 
2024-07-06T11:30:50.914+0800: 405.080: [GC pause (G1 Evacuation Pause) (young), 0.0198962 secs]
   [Parallel Time: 19.3 ms, GC Workers: 2]
      [GC Worker Start (ms): Min: 405080.4, Avg: 405080.5, Max: 405080.5, Diff: 0.0]
      [Ext Root Scanning (ms): Min: 0.6, Avg: 0.6, Max: 0.6, Diff: 0.0, Sum: 1.1]
      [Update RS (ms): Min: 0.0, Avg: 0.0, Max: 0.0, Diff: 0.0, Sum: 0.0]
         [Processed Buffers: Min: 1, Avg: 2.5, Max: 4, Diff: 3, Sum: 5]
      [Scan RS (ms): Min: 0.1, Avg: 0.1, Max: 0.1, Diff: 0.0, Sum: 0.2]
      [Code Root Scanning (ms): Min: 0.0, Avg: 0.0, Max: 0.0, Diff: 0.0, Sum: 0.0]
      [Object Copy (ms): Min: 18.5, Avg: 18.5, Max: 18.5, Diff: 0.0, Sum: 37.1]
      [Termination (ms): Min: 0.0, Avg: 0.0, Max: 0.0, Diff: 0.0, Sum: 0.0]
         [Termination Attempts: Min: 1, Avg: 1.5, Max: 2, Diff: 1, Sum: 3]
      [GC Worker Other (ms): Min: 0.0, Avg: 0.0, Max: 0.0, Diff: 0.0, Sum: 0.0]
      [GC Worker Total (ms): Min: 19.2, Avg: 19.2, Max: 19.2, Diff: 0.0, Sum: 38.5]
      [GC Worker End (ms): Min: 405099.7, Avg: 405099.7, Max: 405099.7, Diff: 0.0]
   [Code Root Fixup: 0.0 ms]
   [Code Root Purge: 0.0 ms]
   [Clear CT: 0.1 ms]
   [Other: 0.5 ms]
      [Choose CSet: 0.0 ms]
      [Ref Proc: 0.1 ms]
      [Ref Enq: 0.0 ms]
      [Redirty Cards: 0.1 ms]
      [Humongous Register: 0.0 ms]
      [Humongous Reclaim: 0.0 ms]
      [Free CSet: 0.1 ms]
   [Eden: 261.0M(261.0M)->0.0B(268.0M) Survivors: 22528.0K->15360.0K Heap: 385.2M(472.0M)->117.2M(472.0M)]
 [Times: user=0.04 sys=0.00, real=0.02 secs] 
2024-07-06T11:30:51.359+0800: 405.525: [GC pause (G1 Evacuation Pause) (young), 0.0114805 secs]
   [Parallel Time: 11.0 ms, GC Workers: 2]
      [GC Worker Start (ms): Min: 405525.5, Avg: 405525.5, Max: 405525.5, Diff: 0.0]
      [Ext Root Scanning (ms): Min: 0.5, Avg: 0.5, Max: 0.5, Diff: 0.0, Sum: 1.0]
      [Update RS (ms): Min: 0.0, Avg: 0.0, Max: 0.0, Diff: 0.0, Sum: 0.0]
         [Processed Buffers: Min: 0, Avg: 2.5, Max: 5, Diff: 5, Sum: 5]
      [Scan RS (ms): Min: 0.1, Avg: 0.1, Max: 0.1, Diff: 0.0, Sum: 0.2]
      [Code Root Scanning (ms): Min: 0.0, Avg: 0.0, Max: 0.0, Diff: 0.0, Sum: 0.0]
      [Object Copy (ms): Min: 10.2, Avg: 10.3, Max: 10.3, Diff: 0.0, Sum: 20.5]
      [Termination (ms): Min: 0.0, Avg: 0.0, Max: 0.0, Diff: 0.0, Sum: 0.0]
         [Termination Attempts: Min: 1, Avg: 1.5, Max: 2, Diff: 1, Sum: 3]
      [GC Worker Other (ms): Min: 0.0, Avg: 0.0, Max: 0.0, Diff: 0.0, Sum: 0.0]
      [GC Worker Total (ms): Min: 10.9, Avg: 10.9, Max: 10.9, Diff: 0.0, Sum: 21.9]
      [GC Worker End (ms): Min: 405536.5, Avg: 405536.5, Max: 405536.5, Diff: 0.0]
   [Code Root Fixup: 0.0 ms]
   [Code Root Purge: 0.0 ms]
   [Clear CT: 0.1 ms]
   [Other: 0.4 ms]
      [Choose CSet: 0.0 ms]
      [Ref Proc: 0.1 ms]
      [Ref Enq: 0.0 ms]
      [Redirty Cards: 0.0 ms]
      [Humongous Register: 0.0 ms]
      [Humongous Reclaim: 0.0 ms]
      [Free CSet: 0.1 ms]
   [Eden: 268.0M(268.0M)->0.0B(271.0M) Survivors: 15360.0K->12288.0K Heap: 385.2M(472.0M)->114.2M(472.0M)]
 [Times: user=0.03 sys=0.00, real=0.01 secs] 
2024-07-06T11:30:51.783+0800: 405.949: [GC pause (G1 Evacuation Pause) (young), 0.0293612 secs]
   [Parallel Time: 28.9 ms, GC Workers: 2]
      [GC Worker Start (ms): Min: 405949.5, Avg: 405949.5, Max: 405949.6, Diff: 0.0]
      [Ext Root Scanning (ms): Min: 0.5, Avg: 0.6, Max: 0.6, Diff: 0.0, Sum: 1.1]
      [Update RS (ms): Min: 0.0, Avg: 0.0, Max: 0.0, Diff: 0.0, Sum: 0.0]
         [Processed Buffers: Min: 0, Avg: 2.5, Max: 5, Diff: 5, Sum: 5]
      [Scan RS (ms): Min: 0.1, Avg: 0.1, Max: 0.1, Diff: 0.0, Sum: 0.2]
      [Code Root Scanning (ms): Min: 0.0, Avg: 0.0, Max: 0.0, Diff: 0.0, Sum: 0.0]
      [Object Copy (ms): Min: 28.1, Avg: 28.2, Max: 28.2, Diff: 0.1, Sum: 56.3]
      [Termination (ms): Min: 0.0, Avg: 0.0, Max: 0.0, Diff: 0.0, Sum: 0.0]
         [Termination Attempts: Min: 1, Avg: 1.0, Max: 1, Diff: 0, Sum: 2]
      [GC Worker Other (ms): Min: 0.0, Avg: 0.0, Max: 0.0, Diff: 0.0, Sum: 0.0]
      [GC Worker Total (ms): Min: 28.8, Avg: 28.9, Max: 28.9, Diff: 0.0, Sum: 57.7]
      [GC Worker End (ms): Min: 405978.4, Avg: 405978.4, Max: 405978.4, Diff: 0.0]
   [Code Root Fixup: 0.0 ms]
   [Code Root Purge: 0.0 ms]
   [Clear CT: 0.1 ms]
   [Other: 0.3 ms]
      [Choose CSet: 0.0 ms]
      [Ref Proc: 0.1 ms]
      [Ref Enq: 0.0 ms]
      [Redirty Cards: 0.0 ms]
      [Humongous Register: 0.0 ms]
      [Humongous Reclaim: 0.0 ms]
      [Free CSet: 0.1 ms]
   [Eden: 271.0M(271.0M)->0.0B(255.0M) Survivors: 12288.0K->28672.0K Heap: 385.2M(472.0M)->130.2M(472.0M)]
 [Times: user=0.06 sys=0.00, real=0.03 secs] 
2024-07-06T11:30:52.243+0800: 406.409: [GC pause (G1 Evacuation Pause) (young), 0.0420243 secs]
   [Parallel Time: 41.5 ms, GC Workers: 2]
      [GC Worker Start (ms): Min: 406409.6, Avg: 406409.6, Max: 406409.6, Diff: 0.0]
      [Ext Root Scanning (ms): Min: 0.5, Avg: 0.6, Max: 0.6, Diff: 0.0, Sum: 1.1]
      [Update RS (ms): Min: 0.0, Avg: 0.0, Max: 0.0, Diff: 0.0, Sum: 0.1]
         [Processed Buffers: Min: 2, Avg: 2.5, Max: 3, Diff: 1, Sum: 5]
      [Scan RS (ms): Min: 0.1, Avg: 0.1, Max: 0.1, Diff: 0.0, Sum: 0.2]
      [Code Root Scanning (ms): Min: 0.0, Avg: 0.0, Max: 0.0, Diff: 0.0, Sum: 0.0]
      [Object Copy (ms): Min: 40.7, Avg: 40.8, Max: 40.8, Diff: 0.0, Sum: 81.5]
      [Termination (ms): Min: 0.0, Avg: 0.0, Max: 0.0, Diff: 0.0, Sum: 0.0]
         [Termination Attempts: Min: 1, Avg: 1.0, Max: 1, Diff: 0, Sum: 2]
      [GC Worker Other (ms): Min: 0.0, Avg: 0.0, Max: 0.0, Diff: 0.0, Sum: 0.0]
      [GC Worker Total (ms): Min: 41.5, Avg: 41.5, Max: 41.5, Diff: 0.0, Sum: 82.9]
      [GC Worker End (ms): Min: 406451.0, Avg: 406451.0, Max: 406451.0, Diff: 0.0]
   [Code Root Fixup: 0.0 ms]
   [Code Root Purge: 0.0 ms]
   [Clear CT: 0.1 ms]
   [Other: 0.4 ms]
      [Choose CSet: 0.0 ms]
      [Ref Proc: 0.1 ms]
      [Ref Enq: 0.0 ms]
      [Redirty Cards: 0.0 ms]
      [Humongous Register: 0.0 ms]
      [Humongous Reclaim: 0.0 ms]
      [Free CSet: 0.2 ms]
   [Eden: 255.0M(255.0M)->0.0B(249.0M) Survivors: 28672.0K->34816.0K Heap: 385.2M(472.0M)->136.7M(472.0M)]
 [Times: user=0.08 sys=0.00, real=0.04 secs] 
2024-07-06T11:30:52.735+0800: 406.901: [GC pause (G1 Evacuation Pause) (young), 0.0520993 secs]
   [Parallel Time: 51.6 ms, GC Workers: 2]
      [GC Worker Start (ms): Min: 406901.5, Avg: 406901.5, Max: 406901.5, Diff: 0.0]
      [Ext Root Scanning (ms): Min: 0.5, Avg: 0.5, Max: 0.5, Diff: 0.0, Sum: 1.1]
      [Update RS (ms): Min: 0.0, Avg: 0.0, Max: 0.0, Diff: 0.0, Sum: 0.1]
         [Processed Buffers: Min: 1, Avg: 2.5, Max: 4, Diff: 3, Sum: 5]
      [Scan RS (ms): Min: 0.1, Avg: 0.1, Max: 0.1, Diff: 0.0, Sum: 0.2]
      [Code Root Scanning (ms): Min: 0.0, Avg: 0.0, Max: 0.0, Diff: 0.0, Sum: 0.0]
      [Object Copy (ms): Min: 50.8, Avg: 50.8, Max: 50.8, Diff: 0.0, Sum: 101.6]
      [Termination (ms): Min: 0.0, Avg: 0.0, Max: 0.0, Diff: 0.0, Sum: 0.0]
         [Termination Attempts: Min: 1, Avg: 1.5, Max: 2, Diff: 1, Sum: 3]
      [GC Worker Other (ms): Min: 0.0, Avg: 0.0, Max: 0.0, Diff: 0.0, Sum: 0.0]
      [GC Worker Total (ms): Min: 51.5, Avg: 51.5, Max: 51.5, Diff: 0.0, Sum: 102.9]
      [GC Worker End (ms): Min: 406953.0, Avg: 406953.0, Max: 406953.0, Diff: 0.0]
   [Code Root Fixup: 0.0 ms]
   [Code Root Purge: 0.0 ms]
   [Clear CT: 0.1 ms]
   [Other: 0.4 ms]
      [Choose CSet: 0.0 ms]
      [Ref Proc: 0.1 ms]
      [Ref Enq: 0.0 ms]
      [Redirty Cards: 0.0 ms]
      [Humongous Register: 0.0 ms]
      [Humongous Reclaim: 0.0 ms]
      [Free CSet: 0.2 ms]
   [Eden: 249.0M(249.0M)->0.0B(251.0M) Survivors: 34816.0K->32768.0K Heap: 385.7M(472.0M)->134.2M(472.0M)]
 [Times: user=0.08 sys=0.00, real=0.05 secs] 
2024-07-06T11:30:53.222+0800: 407.388: [GC pause (G1 Evacuation Pause) (young), 0.0384972 secs]
   [Parallel Time: 37.9 ms, GC Workers: 2]
      [GC Worker Start (ms): Min: 407388.0, Avg: 407388.0, Max: 407388.0, Diff: 0.0]
      [Ext Root Scanning (ms): Min: 0.6, Avg: 0.6, Max: 0.6, Diff: 0.0, Sum: 1.2]
      [Update RS (ms): Min: 0.0, Avg: 0.0, Max: 0.0, Diff: 0.0, Sum: 0.1]
         [Processed Buffers: Min: 2, Avg: 2.5, Max: 3, Diff: 1, Sum: 5]
      [Scan RS (ms): Min: 0.1, Avg: 0.1, Max: 0.1, Diff: 0.0, Sum: 0.2]
      [Code Root Scanning (ms): Min: 0.0, Avg: 0.0, Max: 0.0, Diff: 0.0, Sum: 0.0]
      [Object Copy (ms): Min: 37.0, Avg: 37.1, Max: 37.1, Diff: 0.0, Sum: 74.1]
      [Termination (ms): Min: 0.0, Avg: 0.0, Max: 0.0, Diff: 0.0, Sum: 0.0]
         [Termination Attempts: Min: 1, Avg: 1.5, Max: 2, Diff: 1, Sum: 3]
      [GC Worker Other (ms): Min: 0.0, Avg: 0.0, Max: 0.0, Diff: 0.0, Sum: 0.0]
      [GC Worker Total (ms): Min: 37.8, Avg: 37.8, Max: 37.8, Diff: 0.0, Sum: 75.6]
      [GC Worker End (ms): Min: 407425.8, Avg: 407425.8, Max: 407425.8, Diff: 0.0]
   [Code Root Fixup: 0.0 ms]
   [Code Root Purge: 0.0 ms]
   [Clear CT: 0.1 ms]
   [Other: 0.4 ms]
      [Choose CSet: 0.0 ms]
      [Ref Proc: 0.1 ms]
      [Ref Enq: 0.0 ms]
      [Redirty Cards: 0.1 ms]
      [Humongous Register: 0.0 ms]
      [Humongous Reclaim: 0.0 ms]
      [Free CSet: 0.1 ms]
   [Eden: 251.0M(251.0M)->0.0B(255.0M) Survivors: 32768.0K->28672.0K Heap: 385.2M(472.0M)->130.2M(472.0M)]
 [Times: user=0.08 sys=0.00, real=0.04 secs] 
2024-07-06T11:30:53.691+0800: 407.858: [GC pause (G1 Evacuation Pause) (young), 0.0289204 secs]
   [Parallel Time: 28.4 ms, GC Workers: 2]
      [GC Worker Start (ms): Min: 407857.6, Avg: 407857.6, Max: 407857.6, Diff: 0.0]
      [Ext Root Scanning (ms): Min: 0.5, Avg: 0.5, Max: 0.6, Diff: 0.0, Sum: 1.1]
      [Update RS (ms): Min: 0.0, Avg: 0.0, Max: 0.0, Diff: 0.0, Sum: 0.0]
         [Processed Buffers: Min: 0, Avg: 2.5, Max: 5, Diff: 5, Sum: 5]
      [Scan RS (ms): Min: 0.0, Avg: 0.1, Max: 0.2, Diff: 0.1, Sum: 0.2]
      [Code Root Scanning (ms): Min: 0.0, Avg: 0.0, Max: 0.0, Diff: 0.0, Sum: 0.0]
      [Object Copy (ms): Min: 27.5, Avg: 27.6, Max: 27.7, Diff: 0.2, Sum: 55.2]
      [Termination (ms): Min: 0.0, Avg: 0.0, Max: 0.0, Diff: 0.0, Sum: 0.0]
         [Termination Attempts: Min: 1, Avg: 1.0, Max: 1, Diff: 0, Sum: 2]
      [GC Worker Other (ms): Min: 0.0, Avg: 0.0, Max: 0.0, Diff: 0.0, Sum: 0.0]
      [GC Worker Total (ms): Min: 28.3, Avg: 28.3, Max: 28.3, Diff: 0.0, Sum: 56.6]
      [GC Worker End (ms): Min: 407885.9, Avg: 407885.9, Max: 407885.9, Diff: 0.0]
   [Code Root Fixup: 0.0 ms]
   [Code Root Purge: 0.0 ms]
   [Clear CT: 0.1 ms]
   [Other: 0.4 ms]
      [Choose CSet: 0.0 ms]
      [Ref Proc: 0.1 ms]
      [Ref Enq: 0.0 ms]
      [Redirty Cards: 0.1 ms]
      [Humongous Register: 0.0 ms]
      [Humongous Reclaim: 0.0 ms]
      [Free CSet: 0.2 ms]
   [Eden: 255.0M(255.0M)->0.0B(259.0M) Survivors: 28672.0K->24576.0K Heap: 385.2M(472.0M)->126.2M(472.0M)]
 [Times: user=0.06 sys=0.00, real=0.03 secs] 
2024-07-06T11:30:54.117+0800: 408.283: [GC pause (G1 Evacuation Pause) (young), 0.0265326 secs]
   [Parallel Time: 26.0 ms, GC Workers: 2]
      [GC Worker Start (ms): Min: 408283.4, Avg: 408283.4, Max: 408283.4, Diff: 0.0]
      [Ext Root Scanning (ms): Min: 0.5, Avg: 0.5, Max: 0.5, Diff: 0.0, Sum: 1.0]
      [Update RS (ms): Min: 0.0, Avg: 0.0, Max: 0.0, Diff: 0.0, Sum: 0.0]
         [Processed Buffers: Min: 2, Avg: 2.5, Max: 3, Diff: 1, Sum: 5]
      [Scan RS (ms): Min: 0.1, Avg: 0.1, Max: 0.1, Diff: 0.0, Sum: 0.2]
      [Code Root Scanning (ms): Min: 0.0, Avg: 0.0, Max: 0.0, Diff: 0.0, Sum: 0.0]
      [Object Copy (ms): Min: 25.4, Avg: 25.4, Max: 25.4, Diff: 0.0, Sum: 50.7]
      [Termination (ms): Min: 0.0, Avg: 0.0, Max: 0.0, Diff: 0.0, Sum: 0.0]
         [Termination Attempts: Min: 1, Avg: 1.0, Max: 1, Diff: 0, Sum: 2]
      [GC Worker Other (ms): Min: 0.0, Avg: 0.0, Max: 0.0, Diff: 0.0, Sum: 0.0]
      [GC Worker Total (ms): Min: 26.0, Avg: 26.0, Max: 26.0, Diff: 0.0, Sum: 52.0]
      [GC Worker End (ms): Min: 408309.4, Avg: 408309.4, Max: 408309.4, Diff: 0.0]
   [Code Root Fixup: 0.0 ms]
   [Code Root Purge: 0.0 ms]
   [Clear CT: 0.1 ms]
   [Other: 0.4 ms]
      [Choose CSet: 0.0 ms]
      [Ref Proc: 0.1 ms]
      [Ref Enq: 0.0 ms]
      [Redirty Cards: 0.1 ms]
      [Humongous Register: 0.0 ms]
      [Humongous Reclaim: 0.0 ms]
      [Free CSet: 0.1 ms]
   [Eden: 259.0M(259.0M)->0.0B(262.0M) Survivors: 24576.0K->21504.0K Heap: 385.2M(472.0M)->123.2M(472.0M)]
 [Times: user=0.05 sys=0.00, real=0.02 secs] 
2024-07-06T11:30:54.554+0800: 408.720: [GC pause (G1 Evacuation Pause) (young), 0.0201348 secs]
   [Parallel Time: 19.6 ms, GC Workers: 2]
      [GC Worker Start (ms): Min: 408720.6, Avg: 408720.6, Max: 408720.6, Diff: 0.0]
      [Ext Root Scanning (ms): Min: 0.6, Avg: 0.6, Max: 0.6, Diff: 0.0, Sum: 1.1]
      [Update RS (ms): Min: 0.0, Avg: 0.0, Max: 0.0, Diff: 0.0, Sum: 0.0]
         [Processed Buffers: Min: 2, Avg: 2.5, Max: 3, Diff: 1, Sum: 5]
      [Scan RS (ms): Min: 0.1, Avg: 0.1, Max: 0.1, Diff: 0.0, Sum: 0.2]
      [Code Root Scanning (ms): Min: 0.0, Avg: 0.0, Max: 0.0, Diff: 0.0, Sum: 0.0]
      [Object Copy (ms): Min: 18.8, Avg: 18.8, Max: 18.8, Diff: 0.0, Sum: 37.6]
      [Termination (ms): Min: 0.0, Avg: 0.0, Max: 0.0, Diff: 0.0, Sum: 0.0]
         [Termination Attempts: Min: 1, Avg: 1.0, Max: 1, Diff: 0, Sum: 2]
      [GC Worker Other (ms): Min: 0.0, Avg: 0.0, Max: 0.0, Diff: 0.0, Sum: 0.0]
      [GC Worker Total (ms): Min: 19.5, Avg: 19.5, Max: 19.5, Diff: 0.0, Sum: 39.0]
      [GC Worker End (ms): Min: 408740.1, Avg: 408740.1, Max: 408740.1, Diff: 0.0]
   [Code Root Fixup: 0.0 ms]
   [Code Root Purge: 0.0 ms]
   [Clear CT: 0.1 ms]
   [Other: 0.4 ms]
      [Choose CSet: 0.0 ms]
      [Ref Proc: 0.1 ms]
      [Ref Enq: 0.0 ms]
      [Redirty Cards: 0.0 ms]
      [Humongous Register: 0.0 ms]
      [Humongous Reclaim: 0.0 ms]
      [Free CSet: 0.2 ms]
   [Eden: 262.0M(262.0M)->0.0B(266.0M) Survivors: 21504.0K->17408.0K Heap: 385.2M(472.0M)->119.2M(472.0M)]
 [Times: user=0.04 sys=0.00, real=0.02 secs] 
2024-07-06T11:30:55.035+0800: 409.202: [GC pause (G1 Evacuation Pause) (young), 0.0338257 secs]
   [Parallel Time: 33.2 ms, GC Workers: 2]
      [GC Worker Start (ms): Min: 409201.6, Avg: 409201.6, Max: 409201.6, Diff: 0.0]
      [Ext Root Scanning (ms): Min: 0.5, Avg: 0.5, Max: 0.5, Diff: 0.0, Sum: 1.1]
      [Update RS (ms): Min: 0.0, Avg: 0.0, Max: 0.0, Diff: 0.0, Sum: 0.1]
         [Processed Buffers: Min: 1, Avg: 2.5, Max: 4, Diff: 3, Sum: 5]
      [Scan RS (ms): Min: 0.1, Avg: 0.1, Max: 0.1, Diff: 0.0, Sum: 0.2]
      [Code Root Scanning (ms): Min: 0.0, Avg: 0.0, Max: 0.0, Diff: 0.0, Sum: 0.0]
      [Object Copy (ms): Min: 32.5, Avg: 32.5, Max: 32.5, Diff: 0.0, Sum: 64.9]
      [Termination (ms): Min: 0.0, Avg: 0.0, Max: 0.0, Diff: 0.0, Sum: 0.0]
         [Termination Attempts: Min: 1, Avg: 1.0, Max: 1, Diff: 0, Sum: 2]
      [GC Worker Other (ms): Min: 0.0, Avg: 0.0, Max: 0.0, Diff: 0.0, Sum: 0.0]
      [GC Worker Total (ms): Min: 33.1, Avg: 33.1, Max: 33.1, Diff: 0.0, Sum: 66.2]
      [GC Worker End (ms): Min: 409234.7, Avg: 409234.7, Max: 409234.7, Diff: 0.0]
   [Code Root Fixup: 0.0 ms]
   [Code Root Purge: 0.0 ms]
   [Clear CT: 0.2 ms]
   [Other: 0.5 ms]
      [Choose CSet: 0.0 ms]
      [Ref Proc: 0.1 ms]
      [Ref Enq: 0.0 ms]
      [Redirty Cards: 0.1 ms]
      [Humongous Register: 0.0 ms]
      [Humongous Reclaim: 0.0 ms]
      [Free CSet: 0.2 ms]
   [Eden: 266.0M(266.0M)->0.0B(257.0M) Survivors: 17408.0K->26624.0K Heap: 385.2M(472.0M)->128.7M(472.0M)]
 [Times: user=0.07 sys=0.00, real=0.03 secs] 
2024-07-06T11:30:55.483+0800: 409.649: [GC pause (G1 Evacuation Pause) (young), 0.0280701 secs]
   [Parallel Time: 27.5 ms, GC Workers: 2]
      [GC Worker Start (ms): Min: 409649.5, Avg: 409649.5, Max: 409649.5, Diff: 0.0]
      [Ext Root Scanning (ms): Min: 0.5, Avg: 0.5, Max: 0.5, Diff: 0.0, Sum: 1.0]
      [Update RS (ms): Min: 0.0, Avg: 0.0, Max: 0.0, Diff: 0.0, Sum: 0.0]
         [Processed Buffers: Min: 2, Avg: 2.5, Max: 3, Diff: 1, Sum: 5]
      [Scan RS (ms): Min: 0.1, Avg: 0.1, Max: 0.1, Diff: 0.0, Sum: 0.2]
      [Code Root Scanning (ms): Min: 0.0, Avg: 0.0, Max: 0.0, Diff: 0.0, Sum: 0.0]
      [Object Copy (ms): Min: 26.8, Avg: 26.8, Max: 26.8, Diff: 0.0, Sum: 53.6]
      [Termination (ms): Min: 0.0, Avg: 0.0, Max: 0.0, Diff: 0.0, Sum: 0.0]
         [Termination Attempts: Min: 1, Avg: 1.0, Max: 1, Diff: 0, Sum: 2]
      [GC Worker Other (ms): Min: 0.0, Avg: 0.0, Max: 0.0, Diff: 0.0, Sum: 0.0]
      [GC Worker Total (ms): Min: 27.4, Avg: 27.4, Max: 27.4, Diff: 0.0, Sum: 54.8]
      [GC Worker End (ms): Min: 409676.9, Avg: 409676.9, Max: 409676.9, Diff: 0.0]
   [Code Root Fixup: 0.0 ms]
   [Code Root Purge: 0.0 ms]
   [Clear CT: 0.1 ms]
   [Other: 0.4 ms]
      [Choose CSet: 0.0 ms]
      [Ref Proc: 0.1 ms]
      [Ref Enq: 0.0 ms]
      [Redirty Cards: 0.0 ms]
      [Humongous Register: 0.0 ms]
      [Humongous Reclaim: 0.0 ms]
      [Free CSet: 0.2 ms]
   [Eden: 257.0M(257.0M)->0.0B(261.0M) Survivors: 26624.0K->22528.0K Heap: 385.7M(472.0M)->124.7M(472.0M)]
 [Times: user=0.05 sys=0.00, real=0.03 secs] 
2024-07-06T11:30:55.919+0800: 410.085: [GC pause (G1 Evacuation Pause) (young), 0.0172428 secs]
   [Parallel Time: 16.6 ms, GC Workers: 2]
      [GC Worker Start (ms): Min: 410085.1, Avg: 410085.2, Max: 410085.3, Diff: 0.2]
      [Ext Root Scanning (ms): Min: 0.4, Avg: 0.5, Max: 0.6, Diff: 0.2, Sum: 1.0]
      [Update RS (ms): Min: 0.0, Avg: 0.0, Max: 0.0, Diff: 0.0, Sum: 0.1]
         [Processed Buffers: Min: 1, Avg: 2.5, Max: 4, Diff: 3, Sum: 5]
      [Scan RS (ms): Min: 0.1, Avg: 0.1, Max: 0.1, Diff: 0.0, Sum: 0.2]
      [Code Root Scanning (ms): Min: 0.0, Avg: 0.0, Max: 0.0, Diff: 0.0, Sum: 0.0]
      [Object Copy (ms): Min: 15.8, Avg: 15.8, Max: 15.8, Diff: 0.0, Sum: 31.6]
      [Termination (ms): Min: 0.0, Avg: 0.0, Max: 0.0, Diff: 0.0, Sum: 0.0]
         [Termination Attempts: Min: 1, Avg: 1.0, Max: 1, Diff: 0, Sum: 2]
      [GC Worker Other (ms): Min: 0.0, Avg: 0.0, Max: 0.0, Diff: 0.0, Sum: 0.0]
      [GC Worker Total (ms): Min: 16.3, Avg: 16.4, Max: 16.5, Diff: 0.2, Sum: 32.9]
      [GC Worker End (ms): Min: 410101.7, Avg: 410101.7, Max: 410101.7, Diff: 0.0]
   [Code Root Fixup: 0.0 ms]
   [Code Root Purge: 0.0 ms]
   [Clear CT: 0.1 ms]
   [Other: 0.5 ms]
      [Choose CSet: 0.0 ms]
      [Ref Proc: 0.1 ms]
      [Ref Enq: 0.0 ms]
      [Redirty Cards: 0.1 ms]
      [Humongous Register: 0.0 ms]
      [Humongous Reclaim: 0.0 ms]
      [Free CSet: 0.2 ms]
   [Eden: 261.0M(261.0M)->0.0B(267.0M) Survivors: 22528.0K->16384.0K Heap: 385.7M(472.0M)->118.2M(472.0M)]
 [Times: user=0.04 sys=0.00, real=0.02 secs] 
2024-07-06T11:30:56.367+0800: 410.533: [GC pause (G1 Evacuation Pause) (young), 0.0348972 secs]
   [Parallel Time: 34.4 ms, GC Workers: 2]
      [GC Worker Start (ms): Min: 410533.5, Avg: 410533.5, Max: 410533.6, Diff: 0.0]
      [Ext Root Scanning (ms): Min: 0.5, Avg: 0.5, Max: 0.5, Diff: 0.0, Sum: 1.0]
      [Update RS (ms): Min: 0.0, Avg: 0.0, Max: 0.0, Diff: 0.0, Sum: 0.0]
         [Processed Buffers: Min: 1, Avg: 2.5, Max: 4, Diff: 3, Sum: 5]
      [Scan RS (ms): Min: 0.1, Avg: 0.1, Max: 0.1, Diff: 0.0, Sum: 0.1]
      [Code Root Scanning (ms): Min: 0.0, Avg: 0.0, Max: 0.0, Diff: 0.0, Sum: 0.0]
      [Object Copy (ms): Min: 33.7, Avg: 33.7, Max: 33.7, Diff: 0.0, Sum: 67.4]
      [Termination (ms): Min: 0.0, Avg: 0.0, Max: 0.0, Diff: 0.0, Sum: 0.0]
         [Termination Attempts: Min: 1, Avg: 1.0, Max: 1, Diff: 0, Sum: 2]
      [GC Worker Other (ms): Min: 0.0, Avg: 0.0, Max: 0.0, Diff: 0.0, Sum: 0.0]
      [GC Worker Total (ms): Min: 34.3, Avg: 34.3, Max: 34.3, Diff: 0.0, Sum: 68.6]
      [GC Worker End (ms): Min: 410567.9, Avg: 410567.9, Max: 410567.9, Diff: 0.0]
   [Code Root Fixup: 0.0 ms]
   [Code Root Purge: 0.0 ms]
   [Clear CT: 0.1 ms]
   [Other: 0.4 ms]
      [Choose CSet: 0.0 ms]
      [Ref Proc: 0.1 ms]
      [Ref Enq: 0.0 ms]
      [Redirty Cards: 0.0 ms]
      [Humongous Register: 0.0 ms]
      [Humongous Reclaim: 0.0 ms]
      [Free CSet: 0.1 ms]
   [Eden: 267.0M(267.0M)->0.0B(254.0M) Survivors: 16384.0K->29696.0K Heap: 385.2M(472.0M)->131.7M(472.0M)]
 [Times: user=0.07 sys=0.00, real=0.03 secs] 
2024-07-06T11:30:56.791+0800: 410.957: [GC pause (G1 Evacuation Pause) (young), 0.0319517 secs]
   [Parallel Time: 31.4 ms, GC Workers: 2]
      [GC Worker Start (ms): Min: 410957.5, Avg: 410958.4, Max: 410959.3, Diff: 1.8]
      [Ext Root Scanning (ms): Min: 0.0, Avg: 0.4, Max: 0.8, Diff: 0.8, Sum: 0.8]
      [Update RS (ms): Min: 0.0, Avg: 0.0, Max: 0.0, Diff: 0.0, Sum: 0.0]
         [Processed Buffers: Min: 0, Avg: 2.5, Max: 5, Diff: 5, Sum: 5]
      [Scan RS (ms): Min: 0.0, Avg: 0.1, Max: 0.1, Diff: 0.1, Sum: 0.1]
      [Code Root Scanning (ms): Min: 0.0, Avg: 0.0, Max: 0.0, Diff: 0.0, Sum: 0.0]
      [Object Copy (ms): Min: 29.6, Avg: 30.0, Max: 30.4, Diff: 0.9, Sum: 60.0]
      [Termination (ms): Min: 0.0, Avg: 0.0, Max: 0.0, Diff: 0.0, Sum: 0.0]
         [Termination Attempts: Min: 1, Avg: 1.0, Max: 1, Diff: 0, Sum: 2]
      [GC Worker Other (ms): Min: 0.0, Avg: 0.0, Max: 0.0, Diff: 0.0, Sum: 0.0]
      [GC Worker Total (ms): Min: 29.6, Avg: 30.5, Max: 31.4, Diff: 1.8, Sum: 61.0]
      [GC Worker End (ms): Min: 410988.9, Avg: 410988.9, Max: 410988.9, Diff: 0.0]
   [Code Root Fixup: 0.0 ms]
   [Code Root Purge: 0.0 ms]
   [Clear CT: 0.1 ms]
   [Other: 0.4 ms]
      [Choose CSet: 0.0 ms]
      [Ref Proc: 0.1 ms]
      [Ref Enq: 0.0 ms]
      [Redirty Cards: 0.0 ms]
      [Humongous Register: 0.0 ms]
      [Humongous Reclaim: 0.0 ms]
      [Free CSet: 0.2 ms]
   [Eden: 254.0M(254.0M)->0.0B(257.0M) Survivors: 29696.0K->26624.0K Heap: 385.7M(472.0M)->128.8M(472.0M)]
 [Times: user=0.06 sys=0.00, real=0.03 secs] 
2024-07-06T11:30:57.238+0800: 411.404: [GC pause (G1 Evacuation Pause) (young), 0.0241669 secs]
   [Parallel Time: 23.6 ms, GC Workers: 2]
      [GC Worker Start (ms): Min: 411403.8, Avg: 411403.8, Max: 411403.8, Diff: 0.0]
      [Ext Root Scanning (ms): Min: 0.5, Avg: 0.5, Max: 0.5, Diff: 0.0, Sum: 1.0]
      [Update RS (ms): Min: 0.0, Avg: 0.0, Max: 0.0, Diff: 0.0, Sum: 0.0]
         [Processed Buffers: Min: 2, Avg: 3.0, Max: 4, Diff: 2, Sum: 6]
      [Scan RS (ms): Min: 0.1, Avg: 0.1, Max: 0.1, Diff: 0.0, Sum: 0.2]
      [Code Root Scanning (ms): Min: 0.0, Avg: 0.0, Max: 0.0, Diff: 0.0, Sum: 0.0]
      [Object Copy (ms): Min: 22.9, Avg: 22.9, Max: 22.9, Diff: 0.0, Sum: 45.8]
      [Termination (ms): Min: 0.0, Avg: 0.0, Max: 0.0, Diff: 0.0, Sum: 0.0]
         [Termination Attempts: Min: 1, Avg: 1.0, Max: 1, Diff: 0, Sum: 2]
      [GC Worker Other (ms): Min: 0.0, Avg: 0.0, Max: 0.0, Diff: 0.0, Sum: 0.0]
      [GC Worker Total (ms): Min: 23.5, Avg: 23.5, Max: 23.5, Diff: 0.0, Sum: 47.0]
      [GC Worker End (ms): Min: 411427.3, Avg: 411427.3, Max: 411427.3, Diff: 0.0]
   [Code Root Fixup: 0.0 ms]
   [Code Root Purge: 0.0 ms]
   [Clear CT: 0.2 ms]
   [Other: 0.4 ms]
      [Choose CSet: 0.0 ms]
      [Ref Proc: 0.1 ms]
      [Ref Enq: 0.0 ms]
      [Redirty Cards: 0.1 ms]
      [Humongous Register: 0.0 ms]
      [Humongous Reclaim: 0.0 ms]
      [Free CSet: 0.2 ms]
   [Eden: 257.0M(257.0M)->0.0B(263.0M) Survivors: 26624.0K->20480.0K Heap: 385.8M(472.0M)->122.3M(472.0M)]
 [Times: user=0.04 sys=0.00, real=0.02 secs] 
2024-07-06T11:30:57.707+0800: 411.873: [GC pause (G1 Evacuation Pause) (young), 0.0126639 secs]
   [Parallel Time: 12.1 ms, GC Workers: 2]
      [GC Worker Start (ms): Min: 411873.1, Avg: 411873.2, Max: 411873.3, Diff: 0.2]
      [Ext Root Scanning (ms): Min: 0.4, Avg: 0.5, Max: 0.6, Diff: 0.2, Sum: 1.0]
      [Update RS (ms): Min: 0.0, Avg: 0.0, Max: 0.0, Diff: 0.0, Sum: 0.1]
         [Processed Buffers: Min: 1, Avg: 2.5, Max: 4, Diff: 3, Sum: 5]
      [Scan RS (ms): Min: 0.1, Avg: 0.1, Max: 0.1, Diff: 0.0, Sum: 0.2]
      [Code Root Scanning (ms): Min: 0.0, Avg: 0.0, Max: 0.0, Diff: 0.0, Sum: 0.0]
      [Object Copy (ms): Min: 11.3, Avg: 11.3, Max: 11.3, Diff: 0.0, Sum: 22.6]
      [Termination (ms): Min: 0.0, Avg: 0.0, Max: 0.0, Diff: 0.0, Sum: 0.0]
         [Termination Attempts: Min: 1, Avg: 1.0, Max: 1, Diff: 0, Sum: 2]
      [GC Worker Other (ms): Min: 0.0, Avg: 0.0, Max: 0.0, Diff: 0.0, Sum: 0.0]
      [GC Worker Total (ms): Min: 11.8, Avg: 11.9, Max: 12.0, Diff: 0.2, Sum: 23.8]
      [GC Worker End (ms): Min: 411885.1, Avg: 411885.1, Max: 411885.1, Diff: 0.0]
   [Code Root Fixup: 0.0 ms]
   [Code Root Purge: 0.0 ms]
   [Clear CT: 0.2 ms]
   [Other: 0.4 ms]
      [Choose CSet: 0.0 ms]
      [Ref Proc: 0.1 ms]
      [Ref Enq: 0.0 ms]
      [Redirty Cards: 0.0 ms]
      [Humongous Register: 0.0 ms]
      [Humongous Reclaim: 0.0 ms]
      [Free CSet: 0.2 ms]
   [Eden: 263.0M(263.0M)->0.0B(273.0M) Survivors: 20480.0K->10240.0K Heap: 385.3M(472.0M)->112.8M(472.0M)]
 [Times: user=0.03 sys=0.00, real=0.02 secs] 
2024-07-06T11:30:58.129+0800: 412.296: [GC pause (G1 Evacuation Pause) (young), 0.0128991 secs]
   [Parallel Time: 12.4 ms, GC Workers: 2]
      [GC Worker Start (ms): Min: 412295.7, Avg: 412295.7, Max: 412295.7, Diff: 0.0]
      [Ext Root Scanning (ms): Min: 0.5, Avg: 0.5, Max: 0.5, Diff: 0.0, Sum: 1.0]
      [Update RS (ms): Min: 0.0, Avg: 0.0, Max: 0.0, Diff: 0.0, Sum: 0.1]
         [Processed Buffers: Min: 1, Avg: 2.5, Max: 4, Diff: 3, Sum: 5]
      [Scan RS (ms): Min: 0.1, Avg: 0.1, Max: 0.1, Diff: 0.0, Sum: 0.2]
      [Code Root Scanning (ms): Min: 0.0, Avg: 0.0, Max: 0.0, Diff: 0.0, Sum: 0.0]
      [Object Copy (ms): Min: 11.7, Avg: 11.7, Max: 11.7, Diff: 0.0, Sum: 23.3]
      [Termination (ms): Min: 0.0, Avg: 0.0, Max: 0.0, Diff: 0.0, Sum: 0.0]
         [Termination Attempts: Min: 1, Avg: 1.0, Max: 1, Diff: 0, Sum: 2]
      [GC Worker Other (ms): Min: 0.0, Avg: 0.0, Max: 0.0, Diff: 0.0, Sum: 0.0]
      [GC Worker Total (ms): Min: 12.3, Avg: 12.3, Max: 12.3, Diff: 0.0, Sum: 24.6]
      [GC Worker End (ms): Min: 412308.0, Avg: 412308.0, Max: 412308.0, Diff: 0.0]
   [Code Root Fixup: 0.0 ms]
   [Code Root Purge: 0.0 ms]
   [Clear CT: 0.1 ms]
   [Other: 0.4 ms]
      [Choose CSet: 0.0 ms]
      [Ref Proc: 0.1 ms]
      [Ref Enq: 0.0 ms]
      [Redirty Cards: 0.0 ms]
      [Humongous Register: 0.0 ms]
      [Humongous Reclaim: 0.0 ms]
      [Free CSet: 0.2 ms]
   [Eden: 273.0M(273.0M)->0.0B(269.0M) Survivors: 10240.0K->14336.0K Heap: 385.8M(472.0M)->116.8M(472.0M)]
 [Times: user=0.03 sys=0.00, real=0.01 secs] 
2024-07-06T11:30:58.567+0800: 412.734: [GC pause (G1 Evacuation Pause) (young), 0.0234654 secs]
   [Parallel Time: 23.0 ms, GC Workers: 2]
      [GC Worker Start (ms): Min: 412733.8, Avg: 412733.8, Max: 412733.8, Diff: 0.0]
      [Ext Root Scanning (ms): Min: 0.5, Avg: 0.5, Max: 0.5, Diff: 0.0, Sum: 1.0]
      [Update RS (ms): Min: 0.0, Avg: 0.0, Max: 0.0, Diff: 0.0, Sum: 0.0]
         [Processed Buffers: Min: 2, Avg: 2.5, Max: 3, Diff: 1, Sum: 5]
      [Scan RS (ms): Min: 0.1, Avg: 0.1, Max: 0.1, Diff: 0.0, Sum: 0.2]
      [Code Root Scanning (ms): Min: 0.0, Avg: 0.0, Max: 0.0, Diff: 0.0, Sum: 0.0]
      [Object Copy (ms): Min: 22.3, Avg: 22.3, Max: 22.3, Diff: 0.0, Sum: 44.6]
      [Termination (ms): Min: 0.0, Avg: 0.0, Max: 0.0, Diff: 0.0, Sum: 0.0]
         [Termination Attempts: Min: 1, Avg: 1.0, Max: 1, Diff: 0, Sum: 2]
      [GC Worker Other (ms): Min: 0.0, Avg: 0.0, Max: 0.0, Diff: 0.0, Sum: 0.0]
      [GC Worker Total (ms): Min: 22.9, Avg: 22.9, Max: 22.9, Diff: 0.0, Sum: 45.8]
      [GC Worker End (ms): Min: 412756.7, Avg: 412756.7, Max: 412756.7, Diff: 0.0]
   [Code Root Fixup: 0.0 ms]
   [Code Root Purge: 0.0 ms]
   [Clear CT: 0.1 ms]
   [Other: 0.4 ms]
      [Choose CSet: 0.0 ms]
      [Ref Proc: 0.1 ms]
      [Ref Enq: 0.0 ms]
      [Redirty Cards: 0.0 ms]
      [Humongous Register: 0.0 ms]
      [Humongous Reclaim: 0.0 ms]
      [Free CSet: 0.2 ms]
   [Eden: 269.0M(269.0M)->0.0B(262.0M) Survivors: 14336.0K->21504.0K Heap: 385.8M(472.0M)->123.8M(472.0M)]
 [Times: user=0.04 sys=0.00, real=0.02 secs] 
2024-07-06T11:30:59.018+0800: 413.184: [GC pause (G1 Evacuation Pause) (young), 0.0324445 secs]
   [Parallel Time: 31.8 ms, GC Workers: 2]
      [GC Worker Start (ms): Min: 413184.0, Avg: 413184.0, Max: 413184.0, Diff: 0.0]
      [Ext Root Scanning (ms): Min: 0.5, Avg: 0.5, Max: 0.5, Diff: 0.0, Sum: 1.0]
      [Update RS (ms): Min: 0.0, Avg: 0.0, Max: 0.0, Diff: 0.0, Sum: 0.0]
         [Processed Buffers: Min: 2, Avg: 2.5, Max: 3, Diff: 1, Sum: 5]
      [Scan RS (ms): Min: 0.1, Avg: 0.1, Max: 0.1, Diff: 0.0, Sum: 0.2]
      [Code Root Scanning (ms): Min: 0.0, Avg: 0.0, Max: 0.0, Diff: 0.0, Sum: 0.0]
      [Object Copy (ms): Min: 31.1, Avg: 31.1, Max: 31.1, Diff: 0.0, Sum: 62.3]
      [Termination (ms): Min: 0.0, Avg: 0.0, Max: 0.0, Diff: 0.0, Sum: 0.0]
         [Termination Attempts: Min: 1, Avg: 1.0, Max: 1, Diff: 0, Sum: 2]
      [GC Worker Other (ms): Min: 0.0, Avg: 0.0, Max: 0.0, Diff: 0.0, Sum: 0.0]
      [GC Worker Total (ms): Min: 31.7, Avg: 31.7, Max: 31.8, Diff: 0.0, Sum: 63.5]
      [GC Worker End (ms): Min: 413215.7, Avg: 413215.7, Max: 413215.7, Diff: 0.0]
   [Code Root Fixup: 0.0 ms]
   [Code Root Purge: 0.0 ms]
   [Clear CT: 0.2 ms]
   [Other: 0.4 ms]
      [Choose CSet: 0.0 ms]
      [Ref Proc: 0.1 ms]
      [Ref Enq: 0.0 ms]
      [Redirty Cards: 0.0 ms]
      [Humongous Register: 0.0 ms]
      [Humongous Reclaim: 0.0 ms]
      [Free CSet: 0.1 ms]
   [Eden: 262.0M(262.0M)->0.0B(254.0M) Survivors: 21504.0K->29696.0K Heap: 385.8M(472.0M)->131.3M(472.0M)]
 [Times: user=0.06 sys=0.00, real=0.03 secs] 
2024-07-06T11:30:59.423+0800: 413.589: [GC pause (G1 Evacuation Pause) (young), 0.0324401 secs]
   [Parallel Time: 31.9 ms, GC Workers: 2]
      [GC Worker Start (ms): Min: 413589.5, Avg: 413589.5, Max: 413589.5, Diff: 0.0]
      [Ext Root Scanning (ms): Min: 0.5, Avg: 0.5, Max: 0.5, Diff: 0.0, Sum: 1.0]
      [Update RS (ms): Min: 0.0, Avg: 0.0, Max: 0.0, Diff: 0.0, Sum: 0.0]
         [Processed Buffers: Min: 2, Avg: 2.5, Max: 3, Diff: 1, Sum: 5]
      [Scan RS (ms): Min: 0.1, Avg: 0.1, Max: 0.1, Diff: 0.0, Sum: 0.2]
      [Code Root Scanning (ms): Min: 0.0, Avg: 0.0, Max: 0.0, Diff: 0.0, Sum: 0.0]
      [Object Copy (ms): Min: 31.3, Avg: 31.3, Max: 31.3, Diff: 0.0, Sum: 62.6]
      [Termination (ms): Min: 0.0, Avg: 0.0, Max: 0.0, Diff: 0.0, Sum: 0.0]
         [Termination Attempts: Min: 1, Avg: 1.0, Max: 1, Diff: 0, Sum: 2]
      [GC Worker Other (ms): Min: 0.0, Avg: 0.0, Max: 0.0, Diff: 0.0, Sum: 0.0]
      [GC Worker Total (ms): Min: 31.9, Avg: 31.9, Max: 31.9, Diff: 0.0, Sum: 63.8]
      [GC Worker End (ms): Min: 413621.4, Avg: 413621.4, Max: 413621.4, Diff: 0.0]
   [Code Root Fixup: 0.0 ms]
   [Code Root Purge: 0.0 ms]
   [Clear CT: 0.1 ms]
   [Other: 0.4 ms]
      [Choose CSet: 0.0 ms]
      [Ref Proc: 0.1 ms]
      [Ref Enq: 0.0 ms]
      [Redirty Cards: 0.0 ms]
      [Humongous Register: 0.0 ms]
      [Humongous Reclaim: 0.0 ms]
      [Free CSet: 0.1 ms]
   [Eden: 254.0M(254.0M)->0.0B(254.0M) Survivors: 29696.0K->29696.0K Heap: 385.3M(472.0M)->131.3M(472.0M)]
 [Times: user=0.07 sys=0.00, real=0.04 secs] 
2024-07-06T11:30:59.840+0800: 414.006: [GC pause (G1 Evacuation Pause) (young), 0.0299742 secs]
   [Parallel Time: 29.5 ms, GC Workers: 2]
      [GC Worker Start (ms): Min: 414006.2, Avg: 414006.2, Max: 414006.2, Diff: 0.0]
      [Ext Root Scanning (ms): Min: 0.5, Avg: 0.5, Max: 0.5, Diff: 0.0, Sum: 0.9]
      [Update RS (ms): Min: 0.0, Avg: 0.0, Max: 0.0, Diff: 0.0, Sum: 0.0]
         [Processed Buffers: Min: 2, Avg: 3.0, Max: 4, Diff: 2, Sum: 6]
      [Scan RS (ms): Min: 0.1, Avg: 0.1, Max: 0.1, Diff: 0.0, Sum: 0.1]
      [Code Root Scanning (ms): Min: 0.0, Avg: 0.0, Max: 0.0, Diff: 0.0, Sum: 0.0]
      [Object Copy (ms): Min: 28.8, Avg: 28.8, Max: 28.8, Diff: 0.0, Sum: 57.7]
      [Termination (ms): Min: 0.0, Avg: 0.0, Max: 0.0, Diff: 0.0, Sum: 0.0]
         [Termination Attempts: Min: 1, Avg: 1.0, Max: 1, Diff: 0, Sum: 2]
      [GC Worker Other (ms): Min: 0.0, Avg: 0.0, Max: 0.0, Diff: 0.0, Sum: 0.0]
      [GC Worker Total (ms): Min: 29.4, Avg: 29.4, Max: 29.4, Diff: 0.0, Sum: 58.8]
      [GC Worker End (ms): Min: 414035.6, Avg: 414035.6, Max: 414035.6, Diff: 0.0]
   [Code Root Fixup: 0.0 ms]
   [Code Root Purge: 0.0 ms]
   [Clear CT: 0.1 ms]
   [Other: 0.4 ms]
      [Choose CSet: 0.0 ms]
      [Ref Proc: 0.1 ms]
      [Ref Enq: 0.0 ms]
      [Redirty Cards: 0.0 ms]
      [Humongous Register: 0.0 ms]
      [Humongous Reclaim: 0.0 ms]
      [Free CSet: 0.1 ms]
   [Eden: 254.0M(254.0M)->0.0B(258.0M) Survivors: 29696.0K->25600.0K Heap: 385.3M(472.0M)->127.8M(472.0M)]
 [Times: user=0.05 sys=0.00, real=0.03 secs] 
2024-07-06T11:31:00.259+0800: 414.425: [GC pause (G1 Evacuation Pause) (young), 0.0266943 secs]
   [Parallel Time: 26.0 ms, GC Workers: 2]
      [GC Worker Start (ms): Min: 414425.5, Avg: 414427.5, Max: 414429.5, Diff: 4.0]
      [Ext Root Scanning (ms): Min: 0.0, Avg: 0.3, Max: 0.7, Diff: 0.7, Sum: 0.7]
      [Update RS (ms): Min: 0.0, Avg: 0.0, Max: 0.0, Diff: 0.0, Sum: 0.0]
         [Processed Buffers: Min: 0, Avg: 3.0, Max: 6, Diff: 6, Sum: 6]
      [Scan RS (ms): Min: 0.0, Avg: 0.1, Max: 0.1, Diff: 0.1, Sum: 0.1]
      [Code Root Scanning (ms): Min: 0.0, Avg: 0.0, Max: 0.0, Diff: 0.0, Sum: 0.0]
      [Object Copy (ms): Min: 21.9, Avg: 23.6, Max: 25.2, Diff: 3.2, Sum: 47.1]
      [Termination (ms): Min: 0.0, Avg: 0.0, Max: 0.0, Diff: 0.0, Sum: 0.0]
         [Termination Attempts: Min: 1, Avg: 1.0, Max: 1, Diff: 0, Sum: 2]
      [GC Worker Other (ms): Min: 0.0, Avg: 0.0, Max: 0.0, Diff: 0.0, Sum: 0.0]
      [GC Worker Total (ms): Min: 22.0, Avg: 24.0, Max: 26.0, Diff: 4.0, Sum: 48.0]
      [GC Worker End (ms): Min: 414451.5, Avg: 414451.5, Max: 414451.5, Diff: 0.0]
   [Code Root Fixup: 0.0 ms]
   [Code Root Purge: 0.0 ms]
   [Clear CT: 0.2 ms]
   [Other: 0.5 ms]
      [Choose CSet: 0.0 ms]
      [Ref Proc: 0.1 ms]
      [Ref Enq: 0.0 ms]
      [Redirty Cards: 0.0 ms]
      [Humongous Register: 0.0 ms]
      [Humongous Reclaim: 0.0 ms]
      [Free CSet: 0.2 ms]
   [Eden: 258.0M(258.0M)->0.0B(263.0M) Survivors: 25600.0K->20480.0K Heap: 385.8M(472.0M)->122.8M(472.0M)]
 [Times: user=0.05 sys=0.00, real=0.02 secs] 
2024-07-06T11:31:00.695+0800: 414.861: [GC pause (G1 Evacuation Pause) (young), 0.0167202 secs]
   [Parallel Time: 16.2 ms, GC Workers: 2]
      [GC Worker Start (ms): Min: 414861.5, Avg: 414861.8, Max: 414862.1, Diff: 0.5]
      [Ext Root Scanning (ms): Min: 0.3, Avg: 0.5, Max: 0.8, Diff: 0.5, Sum: 1.1]
      [Update RS (ms): Min: 0.0, Avg: 0.0, Max: 0.0, Diff: 0.0, Sum: 0.0]
         [Processed Buffers: Min: 0, Avg: 2.5, Max: 5, Diff: 5, Sum: 5]
      [Scan RS (ms): Min: 0.1, Avg: 0.1, Max: 0.1, Diff: 0.0, Sum: 0.2]
      [Code Root Scanning (ms): Min: 0.0, Avg: 0.0, Max: 0.0, Diff: 0.0, Sum: 0.0]
      [Object Copy (ms): Min: 15.2, Avg: 15.2, Max: 15.2, Diff: 0.1, Sum: 30.4]
      [Termination (ms): Min: 0.0, Avg: 0.0, Max: 0.0, Diff: 0.0, Sum: 0.0]
         [Termination Attempts: Min: 1, Avg: 1.0, Max: 1, Diff: 0, Sum: 2]
      [GC Worker Other (ms): Min: 0.0, Avg: 0.0, Max: 0.0, Diff: 0.0, Sum: 0.0]
      [GC Worker Total (ms): Min: 15.6, Avg: 15.9, Max: 16.1, Diff: 0.5, Sum: 31.7]
      [GC Worker End (ms): Min: 414877.7, Avg: 414877.7, Max: 414877.7, Diff: 0.0]
   [Code Root Fixup: 0.0 ms]
   [Code Root Purge: 0.0 ms]
   [Clear CT: 0.1 ms]
   [Other: 0.4 ms]
      [Choose CSet: 0.0 ms]
      [Ref Proc: 0.1 ms]
      [Ref Enq: 0.0 ms]
      [Redirty Cards: 0.1 ms]
      [Humongous Register: 0.0 ms]
      [Humongous Reclaim: 0.0 ms]
      [Free CSet: 0.1 ms]
   [Eden: 263.0M(263.0M)->0.0B(269.0M) Survivors: 20480.0K->14336.0K Heap: 385.8M(472.0M)->116.3M(472.0M)]
 [Times: user=0.03 sys=0.00, real=0.01 secs] 
2024-07-06T11:31:01.153+0800: 415.319: [GC pause (G1 Evacuation Pause) (young), 0.0120920 secs]
   [Parallel Time: 11.6 ms, GC Workers: 2]
      [GC Worker Start (ms): Min: 415318.9, Avg: 415318.9, Max: 415318.9, Diff: 0.0]
      [Ext Root Scanning (ms): Min: 0.5, Avg: 0.5, Max: 0.5, Diff: 0.0, Sum: 1.1]
      [Update RS (ms): Min: 0.0, Avg: 0.0, Max: 0.0, Diff: 0.0, Sum: 0.0]
         [Processed Buffers: Min: 2, Avg: 2.5, Max: 3, Diff: 1, Sum: 5]
      [Scan RS (ms): Min: 0.1, Avg: 0.1, Max: 0.1, Diff: 0.0, Sum: 0.2]
      [Code Root Scanning (ms): Min: 0.0, Avg: 0.0, Max: 0.0, Diff: 0.0, Sum: 0.0]
      [Object Copy (ms): Min: 10.9, Avg: 10.9, Max: 10.9, Diff: 0.0, Sum: 21.8]
      [Termination (ms): Min: 0.0, Avg: 0.0, Max: 0.0, Diff: 0.0, Sum: 0.0]
         [Termination Attempts: Min: 1, Avg: 1.0, Max: 1, Diff: 0, Sum: 2]
      [GC Worker Other (ms): Min: 0.0, Avg: 0.0, Max: 0.0, Diff: 0.0, Sum: 0.0]
      [GC Worker Total (ms): Min: 11.5, Avg: 11.5, Max: 11.6, Diff: 0.0, Sum: 23.1]
      [GC Worker End (ms): Min: 415330.4, Avg: 415330.4, Max: 415330.4, Diff: 0.0]
   [Code Root Fixup: 0.0 ms]
   [Code Root Purge: 0.0 ms]
   [Clear CT: 0.1 ms]
   [Other: 0.4 ms]
      [Choose CSet: 0.0 ms]
      [Ref Proc: 0.1 ms]
      [Ref Enq: 0.0 ms]
      [Redirty Cards: 0.0 ms]
      [Humongous Register: 0.0 ms]
      [Humongous Reclaim: 0.0 ms]
      [Free CSet: 0.1 ms]
   [Eden: 269.0M(269.0M)->0.0B(269.0M) Survivors: 14336.0K->14336.0K Heap: 385.3M(472.0M)->116.3M(472.0M)]
 [Times: user=0.03 sys=0.00, real=0.01 secs] 
2024-07-06T11:31:01.559+0800: 415.725: [GC pause (G1 Evacuation Pause) (young), 0.0310166 secs]
   [Parallel Time: 30.4 ms, GC Workers: 2]
      [GC Worker Start (ms): Min: 415725.5, Avg: 415725.5, Max: 415725.5, Diff: 0.0]
      [Ext Root Scanning (ms): Min: 0.5, Avg: 0.5, Max: 0.5, Diff: 0.0, Sum: 1.1]
      [Update RS (ms): Min: 0.0, Avg: 0.0, Max: 0.0, Diff: 0.0, Sum: 0.0]
         [Processed Buffers: Min: 2, Avg: 2.5, Max: 3, Diff: 1, Sum: 5]
      [Scan RS (ms): Min: 0.1, Avg: 0.1, Max: 0.1, Diff: 0.0, Sum: 0.2]
      [Code Root Scanning (ms): Min: 0.0, Avg: 0.0, Max: 0.0, Diff: 0.0, Sum: 0.0]
      [Object Copy (ms): Min: 29.7, Avg: 29.7, Max: 29.7, Diff: 0.0, Sum: 59.4]
      [Termination (ms): Min: 0.0, Avg: 0.0, Max: 0.0, Diff: 0.0, Sum: 0.0]
         [Termination Attempts: Min: 1, Avg: 1.5, Max: 2, Diff: 1, Sum: 3]
      [GC Worker Other (ms): Min: 0.0, Avg: 0.0, Max: 0.0, Diff: 0.0, Sum: 0.0]
      [GC Worker Total (ms): Min: 30.3, Avg: 30.3, Max: 30.4, Diff: 0.0, Sum: 60.7]
      [GC Worker End (ms): Min: 415755.9, Avg: 415755.9, Max: 415755.9, Diff: 0.0]
   [Code Root Fixup: 0.0 ms]
   [Code Root Purge: 0.0 ms]
   [Clear CT: 0.2 ms]
   [Other: 0.4 ms]
      [Choose CSet: 0.0 ms]
      [Ref Proc: 0.1 ms]
      [Ref Enq: 0.0 ms]
      [Redirty Cards: 0.0 ms]
      [Humongous Register: 0.0 ms]
      [Humongous Reclaim: 0.0 ms]
      [Free CSet: 0.1 ms]
   [Eden: 269.0M(269.0M)->0.0B(255.0M) Survivors: 14336.0K->28672.0K Heap: 385.3M(472.0M)->130.8M(472.0M)]
 [Times: user=0.06 sys=0.00, real=0.03 secs] 
2024-07-06T11:31:01.995+0800: 416.161: [GC pause (G1 Evacuation Pause) (young), 0.0405241 secs]
   [Parallel Time: 39.9 ms, GC Workers: 2]
      [GC Worker Start (ms): Min: 416161.5, Avg: 416161.5, Max: 416161.6, Diff: 0.0]
      [Ext Root Scanning (ms): Min: 0.5, Avg: 0.5, Max: 0.5, Diff: 0.0, Sum: 1.1]
      [Update RS (ms): Min: 0.0, Avg: 0.0, Max: 0.0, Diff: 0.0, Sum: 0.0]
         [Processed Buffers: Min: 1, Avg: 2.5, Max: 4, Diff: 3, Sum: 5]
      [Scan RS (ms): Min: 0.1, Avg: 0.1, Max: 0.1, Diff: 0.0, Sum: 0.2]
      [Code Root Scanning (ms): Min: 0.0, Avg: 0.0, Max: 0.0, Diff: 0.0, Sum: 0.0]
      [Object Copy (ms): Min: 39.2, Avg: 39.2, Max: 39.2, Diff: 0.0, Sum: 78.4]
      [Termination (ms): Min: 0.0, Avg: 0.0, Max: 0.0, Diff: 0.0, Sum: 0.0]
         [Termination Attempts: Min: 1, Avg: 1.0, Max: 1, Diff: 0, Sum: 2]
      [GC Worker Other (ms): Min: 0.0, Avg: 0.0, Max: 0.0, Diff: 0.0, Sum: 0.0]
      [GC Worker Total (ms): Min: 39.8, Avg: 39.8, Max: 39.8, Diff: 0.0, Sum: 79.7]
      [GC Worker End (ms): Min: 416201.4, Avg: 416201.4, Max: 416201.4, Diff: 0.0]
   [Code Root Fixup: 0.0 ms]
   [Code Root Purge: 0.0 ms]
   [Clear CT: 0.1 ms]
   [Other: 0.5 ms]
      [Choose CSet: 0.0 ms]
      [Ref Proc: 0.2 ms]
      [Ref Enq: 0.0 ms]
      [Redirty Cards: 0.0 ms]
      [Humongous Register: 0.0 ms]
      [Humongous Reclaim: 0.0 ms]
      [Free CSet: 0.2 ms]
   [Eden: 255.0M(255.0M)->0.0B(250.0M) Survivors: 28672.0K->33792.0K Heap: 385.8M(472.0M)->135.8M(472.0M)]
 [Times: user=0.08 sys=0.00, real=0.04 secs] 
2024-07-06T11:31:02.463+0800: 416.630: [GC pause (G1 Evacuation Pause) (young), 0.0405833 secs]
   [Parallel Time: 40.0 ms, GC Workers: 2]
      [GC Worker Start (ms): Min: 416629.6, Avg: 416629.6, Max: 416629.6, Diff: 0.0]
      [Ext Root Scanning (ms): Min: 0.5, Avg: 0.5, Max: 0.5, Diff: 0.0, Sum: 1.1]
      [Update RS (ms): Min: 0.0, Avg: 0.0, Max: 0.0, Diff: 0.0, Sum: 0.1]
         [Processed Buffers: Min: 1, Avg: 2.5, Max: 4, Diff: 3, Sum: 5]
      [Scan RS (ms): Min: 0.1, Avg: 0.1, Max: 0.1, Diff: 0.0, Sum: 0.2]
      [Code Root Scanning (ms): Min: 0.0, Avg: 0.0, Max: 0.0, Diff: 0.0, Sum: 0.0]
      [Object Copy (ms): Min: 39.3, Avg: 39.3, Max: 39.3, Diff: 0.0, Sum: 78.6]
      [Termination (ms): Min: 0.0, Avg: 0.0, Max: 0.0, Diff: 0.0, Sum: 0.0]
         [Termination Attempts: Min: 1, Avg: 1.0, Max: 1, Diff: 0, Sum: 2]
      [GC Worker Other (ms): Min: 0.0, Avg: 0.0, Max: 0.0, Diff: 0.0, Sum: 0.0]
      [GC Worker Total (ms): Min: 40.0, Avg: 40.0, Max: 40.0, Diff: 0.0, Sum: 79.9]
      [GC Worker End (ms): Min: 416669.6, Avg: 416669.6, Max: 416669.6, Diff: 0.0]
   [Code Root Fixup: 0.0 ms]
   [Code Root Purge: 0.0 ms]
   [Clear CT: 0.1 ms]
   [Other: 0.4 ms]
      [Choose CSet: 0.0 ms]
      [Ref Proc: 0.1 ms]
      [Ref Enq: 0.0 ms]
      [Redirty Cards: 0.0 ms]
      [Humongous Register: 0.0 ms]
      [Humongous Reclaim: 0.0 ms]
      [Free CSet: 0.2 ms]
   [Eden: 250.0M(250.0M)->0.0B(253.0M) Survivors: 33792.0K->30720.0K Heap: 385.8M(472.0M)->132.8M(472.0M)]
 [Times: user=0.08 sys=0.00, real=0.04 secs] 
2024-07-06T11:31:02.919+0800: 417.086: [GC pause (G1 Evacuation Pause) (young), 0.0329861 secs]
   [Parallel Time: 32.5 ms, GC Workers: 2]
      [GC Worker Start (ms): Min: 417085.6, Avg: 417085.6, Max: 417085.6, Diff: 0.0]
      [Ext Root Scanning (ms): Min: 0.5, Avg: 0.5, Max: 0.5, Diff: 0.0, Sum: 1.0]
      [Update RS (ms): Min: 0.0, Avg: 0.0, Max: 0.0, Diff: 0.0, Sum: 0.0]
         [Processed Buffers: Min: 2, Avg: 2.5, Max: 3, Diff: 1, Sum: 5]
      [Scan RS (ms): Min: 0.1, Avg: 0.1, Max: 0.1, Diff: 0.0, Sum: 0.2]
      [Code Root Scanning (ms): Min: 0.0, Avg: 0.0, Max: 0.0, Diff: 0.0, Sum: 0.0]
      [Object Copy (ms): Min: 31.8, Avg: 31.8, Max: 31.8, Diff: 0.0, Sum: 63.6]
      [Termination (ms): Min: 0.0, Avg: 0.0, Max: 0.0, Diff: 0.0, Sum: 0.0]
         [Termination Attempts: Min: 1, Avg: 1.0, Max: 1, Diff: 0, Sum: 2]
      [GC Worker Other (ms): Min: 0.0, Avg: 0.0, Max: 0.0, Diff: 0.0, Sum: 0.0]
      [GC Worker Total (ms): Min: 32.4, Avg: 32.4, Max: 32.4, Diff: 0.0, Sum: 64.9]
      [GC Worker End (ms): Min: 417118.1, Avg: 417118.1, Max: 417118.1, Diff: 0.0]
   [Code Root Fixup: 0.0 ms]
   [Code Root Purge: 0.0 ms]
   [Clear CT: 0.1 ms]
   [Other: 0.4 ms]
      [Choose CSet: 0.0 ms]
      [Ref Proc: 0.1 ms]
      [Ref Enq: 0.0 ms]
      [Redirty Cards: 0.0 ms]
      [Humongous Register: 0.0 ms]
      [Humongous Reclaim: 0.0 ms]
      [Free CSet: 0.1 ms]
   [Eden: 253.0M(253.0M)->0.0B(255.0M) Survivors: 30720.0K->28672.0K Heap: 385.8M(472.0M)->130.8M(472.0M)]
 [Times: user=0.07 sys=0.00, real=0.03 secs] 
2024-07-06T11:31:03.423+0800: 417.589: [GC pause (G1 Evacuation Pause) (young), 0.0339742 secs]
   [Parallel Time: 33.5 ms, GC Workers: 2]
      [GC Worker Start (ms): Min: 417589.6, Avg: 417589.6, Max: 417589.6, Diff: 0.0]
      [Ext Root Scanning (ms): Min: 0.5, Avg: 0.5, Max: 0.5, Diff: 0.0, Sum: 1.0]
      [Update RS (ms): Min: 0.0, Avg: 0.0, Max: 0.0, Diff: 0.0, Sum: 0.1]
         [Processed Buffers: Min: 1, Avg: 2.5, Max: 4, Diff: 3, Sum: 5]
      [Scan RS (ms): Min: 0.1, Avg: 0.1, Max: 0.1, Diff: 0.0, Sum: 0.2]
      [Code Root Scanning (ms): Min: 0.0, Avg: 0.0, Max: 0.0, Diff: 0.0, Sum: 0.0]
      [Object Copy (ms): Min: 32.7, Avg: 32.7, Max: 32.7, Diff: 0.0, Sum: 65.4]
      [Termination (ms): Min: 0.0, Avg: 0.0, Max: 0.0, Diff: 0.0, Sum: 0.0]
         [Termination Attempts: Min: 1, Avg: 1.0, Max: 1, Diff: 0, Sum: 2]
      [GC Worker Other (ms): Min: 0.0, Avg: 0.0, Max: 0.0, Diff: 0.0, Sum: 0.0]
      [GC Worker Total (ms): Min: 33.4, Avg: 33.4, Max: 33.4, Diff: 0.0, Sum: 66.7]
      [GC Worker End (ms): Min: 417623.0, Avg: 417623.0, Max: 417623.0, Diff: 0.0]
   [Code Root Fixup: 0.0 ms]
   [Code Root Purge: 0.0 ms]
   [Clear CT: 0.1 ms]
   [Other: 0.4 ms]
      [Choose CSet: 0.0 ms]
      [Ref Proc: 0.1 ms]
      [Ref Enq: 0.0 ms]
      [Redirty Cards: 0.0 ms]
      [Humongous Register: 0.0 ms]
      [Humongous Reclaim: 0.0 ms]
      [Free CSet: 0.1 ms]
   [Eden: 255.0M(255.0M)->0.0B(259.0M) Survivors: 28672.0K->24576.0K Heap: 385.8M(472.0M)->126.3M(472.0M)]
 [Times: user=0.07 sys=0.00, real=0.04 secs] 
2024-07-06T11:31:03.868+0800: 418.035: [GC pause (G1 Evacuation Pause) (young), 0.0223755 secs]
   [Parallel Time: 21.9 ms, GC Workers: 2]
      [GC Worker Start (ms): Min: 418034.7, Avg: 418034.7, Max: 418034.7, Diff: 0.0]
      [Ext Root Scanning (ms): Min: 0.5, Avg: 0.5, Max: 0.5, Diff: 0.0, Sum: 1.0]
      [Update RS (ms): Min: 0.0, Avg: 0.0, Max: 0.0, Diff: 0.0, Sum: 0.0]
         [Processed Buffers: Min: 2, Avg: 3.0, Max: 4, Diff: 2, Sum: 6]
      [Scan RS (ms): Min: 0.1, Avg: 0.1, Max: 0.1, Diff: 0.0, Sum: 0.2]
      [Code Root Scanning (ms): Min: 0.0, Avg: 0.0, Max: 0.0, Diff: 0.0, Sum: 0.0]
      [Object Copy (ms): Min: 21.1, Avg: 21.1, Max: 21.1, Diff: 0.0, Sum: 42.3]
      [Termination (ms): Min: 0.0, Avg: 0.0, Max: 0.0, Diff: 0.0, Sum: 0.0]
         [Termination Attempts: Min: 1, Avg: 1.0, Max: 1, Diff: 0, Sum: 2]
      [GC Worker Other (ms): Min: 0.0, Avg: 0.0, Max: 0.0, Diff: 0.0, Sum: 0.0]
      [GC Worker Total (ms): Min: 21.8, Avg: 21.8, Max: 21.8, Diff: 0.0, Sum: 43.5]
      [GC Worker End (ms): Min: 418056.4, Avg: 418056.4, Max: 418056.4, Diff: 0.0]
   [Code Root Fixup: 0.0 ms]
   [Code Root Purge: 0.0 ms]
   [Clear CT: 0.1 ms]
   [Other: 0.4 ms]
      [Choose CSet: 0.0 ms]
      [Ref Proc: 0.1 ms]
      [Ref Enq: 0.0 ms]
      [Redirty Cards: 0.0 ms]
      [Humongous Register: 0.0 ms]
      [Humongous Reclaim: 0.0 ms]
      [Free CSet: 0.2 ms]
   [Eden: 259.0M(259.0M)->0.0B(265.0M) Survivors: 24576.0K->18432.0K Heap: 385.3M(472.0M)->120.8M(472.0M)]
 [Times: user=0.05 sys=0.00, real=0.02 secs] 
2024-07-06T11:31:04.271+0800: 418.437: [GC pause (G1 Evacuation Pause) (young), 0.0212942 secs]
   [Parallel Time: 20.8 ms, GC Workers: 2]
      [GC Worker Start (ms): Min: 418437.5, Avg: 418437.5, Max: 418437.6, Diff: 0.0]
      [Ext Root Scanning (ms): Min: 0.5, Avg: 0.5, Max: 0.5, Diff: 0.0, Sum: 1.0]
      [Update RS (ms): Min: 0.0, Avg: 0.0, Max: 0.0, Diff: 0.0, Sum: 0.0]
         [Processed Buffers: Min: 2, Avg: 2.5, Max: 3, Diff: 1, Sum: 5]
      [Scan RS (ms): Min: 0.1, Avg: 0.1, Max: 0.1, Diff: 0.0, Sum: 0.1]
      [Code Root Scanning (ms): Min: 0.0, Avg: 0.0, Max: 0.0, Diff: 0.0, Sum: 0.0]
      [Object Copy (ms): Min: 20.1, Avg: 20.1, Max: 20.1, Diff: 0.0, Sum: 40.2]
      [Termination (ms): Min: 0.0, Avg: 0.0, Max: 0.1, Diff: 0.1, Sum: 0.1]
         [Termination Attempts: Min: 1, Avg: 1.0, Max: 1, Diff: 0, Sum: 2]
      [GC Worker Other (ms): Min: 0.0, Avg: 0.0, Max: 0.0, Diff: 0.0, Sum: 0.0]
      [GC Worker Total (ms): Min: 20.7, Avg: 20.7, Max: 20.8, Diff: 0.0, Sum: 41.5]
      [GC Worker End (ms): Min: 418458.3, Avg: 418458.3, Max: 418458.3, Diff: 0.0]
   [Code Root Fixup: 0.0 ms]
   [Code Root Purge: 0.0 ms]
   [Clear CT: 0.1 ms]
   [Other: 0.3 ms]
      [Choose CSet: 0.0 ms]
      [Ref Proc: 0.1 ms]
      [Ref Enq: 0.0 ms]
      [Redirty Cards: 0.0 ms]
      [Humongous Register: 0.0 ms]
      [Humongous Reclaim: 0.0 ms]
      [Free CSet: 0.1 ms]
   [Eden: 265.0M(265.0M)->0.0B(263.0M) Survivors: 18432.0K->20480.0K Heap: 385.8M(472.0M)->122.3M(472.0M)]
 [Times: user=0.05 sys=0.00, real=0.02 secs] 
2024-07-06T11:31:04.683+0800: 418.849: [GC pause (G1 Evacuation Pause) (young), 0.0282382 secs]
   [Parallel Time: 27.8 ms, GC Workers: 2]
      [GC Worker Start (ms): Min: 418849.5, Avg: 418849.5, Max: 418849.5, Diff: 0.0]
      [Ext Root Scanning (ms): Min: 0.5, Avg: 0.5, Max: 0.5, Diff: 0.0, Sum: 1.0]
      [Update RS (ms): Min: 0.0, Avg: 0.0, Max: 0.0, Diff: 0.0, Sum: 0.0]
         [Processed Buffers: Min: 2, Avg: 3.0, Max: 4, Diff: 2, Sum: 6]
      [Scan RS (ms): Min: 0.1, Avg: 0.2, Max: 0.4, Diff: 0.3, Sum: 0.5]
      [Code Root Scanning (ms): Min: 0.0, Avg: 0.0, Max: 0.0, Diff: 0.0, Sum: 0.0]
      [Object Copy (ms): Min: 26.8, Avg: 26.9, Max: 27.1, Diff: 0.3, Sum: 53.9]
      [Termination (ms): Min: 0.0, Avg: 0.0, Max: 0.0, Diff: 0.0, Sum: 0.0]
         [Termination Attempts: Min: 1, Avg: 1.0, Max: 1, Diff: 0, Sum: 2]
      [GC Worker Other (ms): Min: 0.0, Avg: 0.0, Max: 0.0, Diff: 0.0, Sum: 0.0]
      [GC Worker Total (ms): Min: 27.7, Avg: 27.7, Max: 27.7, Diff: 0.0, Sum: 55.4]
      [GC Worker End (ms): Min: 418877.2, Avg: 418877.2, Max: 418877.2, Diff: 0.0]
   [Code Root Fixup: 0.0 ms]
   [Code Root Purge: 0.0 ms]
   [Clear CT: 0.1 ms]
   [Other: 0.4 ms]
      [Choose CSet: 0.0 ms]
      [Ref Proc: 0.1 ms]
      [Ref Enq: 0.0 ms]
      [Redirty Cards: 0.0 ms]
      [Humongous Register: 0.0 ms]
      [Humongous Reclaim: 0.0 ms]
      [Free CSet: 0.2 ms]
   [Eden: 263.0M(263.0M)->0.0B(259.0M) Survivors: 20480.0K->24576.0K Heap: 385.3M(472.0M)->126.8M(472.0M)]
 [Times: user=0.06 sys=0.00, real=0.03 secs] 
2024-07-06T11:31:05.095+0800: 419.261: [GC pause (G1 Evacuation Pause) (young), 0.0215259 secs]
   [Parallel Time: 21.0 ms, GC Workers: 2]
      [GC Worker Start (ms): Min: 419261.6, Avg: 419261.6, Max: 419261.6, Diff: 0.1]
      [Ext Root Scanning (ms): Min: 0.5, Avg: 0.5, Max: 0.5, Diff: 0.0, Sum: 1.0]
      [Update RS (ms): Min: 0.0, Avg: 0.0, Max: 0.0, Diff: 0.0, Sum: 0.0]
         [Processed Buffers: Min: 2, Avg: 2.5, Max: 3, Diff: 1, Sum: 5]
      [Scan RS (ms): Min: 0.1, Avg: 0.1, Max: 0.1, Diff: 0.0, Sum: 0.2]
      [Code Root Scanning (ms): Min: 0.0, Avg: 0.0, Max: 0.0, Diff: 0.0, Sum: 0.0]
      [Object Copy (ms): Min: 20.3, Avg: 20.3, Max: 20.3, Diff: 0.0, Sum: 40.5]
      [Termination (ms): Min: 0.0, Avg: 0.0, Max: 0.0, Diff: 0.0, Sum: 0.0]
         [Termination Attempts: Min: 1, Avg: 1.5, Max: 2, Diff: 1, Sum: 3]
      [GC Worker Other (ms): Min: 0.0, Avg: 0.0, Max: 0.0, Diff: 0.0, Sum: 0.0]
      [GC Worker Total (ms): Min: 20.9, Avg: 20.9, Max: 20.9, Diff: 0.1, Sum: 41.8]
      [GC Worker End (ms): Min: 419282.5, Avg: 419282.5, Max: 419282.5, Diff: 0.0]
   [Code Root Fixup: 0.0 ms]
   [Code Root Purge: 0.0 ms]
   [Clear CT: 0.1 ms]
   [Other: 0.4 ms]
      [Choose CSet: 0.0 ms]
      [Ref Proc: 0.1 ms]
      [Ref Enq: 0.0 ms]
      [Redirty Cards: 0.0 ms]
      [Humongous Register: 0.0 ms]
      [Humongous Reclaim: 0.0 ms]
      [Free CSet: 0.2 ms]
   [Eden: 259.0M(259.0M)->0.0B(263.0M) Survivors: 24576.0K->20480.0K Heap: 385.8M(472.0M)->122.8M(472.0M)]
 [Times: user=0.04 sys=0.00, real=0.02 secs] 
2024-07-06T11:31:05.615+0800: 419.781: [GC pause (G1 Evacuation Pause) (young), 0.0183427 secs]
   [Parallel Time: 17.8 ms, GC Workers: 2]
      [GC Worker Start (ms): Min: 419781.5, Avg: 419781.6, Max: 419781.6, Diff: 0.0]
      [Ext Root Scanning (ms): Min: 0.5, Avg: 0.5, Max: 0.6, Diff: 0.0, Sum: 1.1]
      [Update RS (ms): Min: 0.0, Avg: 0.0, Max: 0.0, Diff: 0.0, Sum: 0.1]
         [Processed Buffers: Min: 1, Avg: 2.5, Max: 4, Diff: 3, Sum: 5]
      [Scan RS (ms): Min: 0.1, Avg: 0.1, Max: 0.1, Diff: 0.0, Sum: 0.2]
      [Code Root Scanning (ms): Min: 0.0, Avg: 0.0, Max: 0.0, Diff: 0.0, Sum: 0.0]
      [Object Copy (ms): Min: 17.0, Avg: 17.1, Max: 17.1, Diff: 0.1, Sum: 34.1]
      [Termination (ms): Min: 0.0, Avg: 0.0, Max: 0.0, Diff: 0.0, Sum: 0.0]
         [Termination Attempts: Min: 1, Avg: 1.0, Max: 1, Diff: 0, Sum: 2]
      [GC Worker Other (ms): Min: 0.0, Avg: 0.0, Max: 0.0, Diff: 0.0, Sum: 0.0]
      [GC Worker Total (ms): Min: 17.7, Avg: 17.7, Max: 17.8, Diff: 0.0, Sum: 35.5]
      [GC Worker End (ms): Min: 419799.3, Avg: 419799.3, Max: 419799.3, Diff: 0.0]
   [Code Root Fixup: 0.0 ms]
   [Code Root Purge: 0.0 ms]
   [Clear CT: 0.1 ms]
   [Other: 0.4 ms]
      [Choose CSet: 0.0 ms]
      [Ref Proc: 0.1 ms]
      [Ref Enq: 0.0 ms]
      [Redirty Cards: 0.0 ms]
      [Humongous Register: 0.0 ms]
      [Humongous Reclaim: 0.0 ms]
      [Free CSet: 0.2 ms]
   [Eden: 263.0M(263.0M)->0.0B(267.0M) Survivors: 20480.0K->16384.0K Heap: 385.8M(472.0M)->118.3M(472.0M)]
 [Times: user=0.04 sys=0.00, real=0.01 secs] 
2024-07-06T11:31:06.544+0800: 420.710: [GC pause (G1 Evacuation Pause) (young), 0.0512285 secs]
   [Parallel Time: 50.0 ms, GC Workers: 2]
      [GC Worker Start (ms): Min: 420710.5, Avg: 420710.6, Max: 420710.6, Diff: 0.0]
      [Ext Root Scanning (ms): Min: 0.6, Avg: 0.6, Max: 0.6, Diff: 0.0, Sum: 1.1]
      [Update RS (ms): Min: 1.0, Avg: 1.5, Max: 1.9, Diff: 0.8, Sum: 2.9]
         [Processed Buffers: Min: 2, Avg: 6.0, Max: 10, Diff: 8, Sum: 12]
      [Scan RS (ms): Min: 0.0, Avg: 0.1, Max: 0.1, Diff: 0.1, Sum: 0.1]
      [Code Root Scanning (ms): Min: 0.0, Avg: 0.0, Max: 0.0, Diff: 0.0, Sum: 0.0]
      [Object Copy (ms): Min: 47.4, Avg: 47.8, Max: 48.1, Diff: 0.7, Sum: 95.6]
      [Termination (ms): Min: 0.0, Avg: 0.0, Max: 0.0, Diff: 0.0, Sum: 0.0]
         [Termination Attempts: Min: 1, Avg: 1.0, Max: 1, Diff: 0, Sum: 2]
      [GC Worker Other (ms): Min: 0.0, Avg: 0.0, Max: 0.0, Diff: 0.0, Sum: 0.0]
      [GC Worker Total (ms): Min: 49.9, Avg: 49.9, Max: 49.9, Diff: 0.0, Sum: 99.8]
      [GC Worker End (ms): Min: 420760.4, Avg: 420760.4, Max: 420760.4, Diff: 0.0]
   [Code Root Fixup: 0.0 ms]
   [Code Root Purge: 0.0 ms]
   [Clear CT: 0.1 ms]
   [Other: 1.1 ms]
      [Choose CSet: 0.0 ms]
      [Ref Proc: 0.7 ms]
      [Ref Enq: 0.0 ms]
      [Redirty Cards: 0.1 ms]
      [Humongous Register: 0.0 ms]
      [Humongous Reclaim: 0.0 ms]
      [Free CSet: 0.1 ms]
   [Eden: 267.0M(267.0M)->0.0B(241.0M) Survivors: 16384.0K->36864.0K Heap: 385.3M(472.0M)->144.1M(472.0M)]
 [Times: user=0.10 sys=0.00, real=0.06 secs] 
2024-07-06T11:31:07.321+0800: 421.487: [GC pause (G1 Evacuation Pause) (young), 0.0729847 secs]
   [Parallel Time: 72.2 ms, GC Workers: 2]
      [GC Worker Start (ms): Min: 421487.1, Avg: 421487.1, Max: 421487.1, Diff: 0.0]
      [Ext Root Scanning (ms): Min: 0.6, Avg: 0.6, Max: 0.6, Diff: 0.0, Sum: 1.2]
      [Update RS (ms): Min: 7.8, Avg: 7.8, Max: 7.9, Diff: 0.1, Sum: 15.6]
         [Processed Buffers: Min: 15, Avg: 18.5, Max: 22, Diff: 7, Sum: 37]
      [Scan RS (ms): Min: 0.0, Avg: 0.1, Max: 0.1, Diff: 0.1, Sum: 0.2]
      [Code Root Scanning (ms): Min: 0.0, Avg: 0.0, Max: 0.0, Diff: 0.0, Sum: 0.0]
      [Object Copy (ms): Min: 63.6, Avg: 63.6, Max: 63.6, Diff: 0.0, Sum: 127.3]
      [Termination (ms): Min: 0.0, Avg: 0.0, Max: 0.0, Diff: 0.0, Sum: 0.0]
         [Termination Attempts: Min: 1, Avg: 1.0, Max: 1, Diff: 0, Sum: 2]
      [GC Worker Other (ms): Min: 0.0, Avg: 0.0, Max: 0.0, Diff: 0.0, Sum: 0.0]
      [GC Worker Total (ms): Min: 72.1, Avg: 72.2, Max: 72.2, Diff: 0.0, Sum: 144.3]
      [GC Worker End (ms): Min: 421559.3, Avg: 421559.3, Max: 421559.3, Diff: 0.0]
   [Code Root Fixup: 0.0 ms]
   [Code Root Purge: 0.0 ms]
   [Clear CT: 0.1 ms]
   [Other: 0.6 ms]
      [Choose CSet: 0.0 ms]
      [Ref Proc: 0.1 ms]
      [Ref Enq: 0.0 ms]
      [Redirty Cards: 0.1 ms]
      [Humongous Register: 0.0 ms]
      [Humongous Reclaim: 0.0 ms]
      [Free CSet: 0.2 ms]
   [Eden: 241.0M(241.0M)->0.0B(251.0M) Survivors: 36864.0K->13312.0K Heap: 385.1M(472.0M)->141.0M(472.0M)]
 [Times: user=0.09 sys=0.00, real=0.07 secs] 
2024-07-06T11:31:08.108+0800: 422.274: [GC pause (G1 Evacuation Pause) (young), 0.0316916 secs]
   [Parallel Time: 31.1 ms, GC Workers: 2]
      [GC Worker Start (ms): Min: 422274.3, Avg: 422274.3, Max: 422274.3, Diff: 0.0]
      [Ext Root Scanning (ms): Min: 0.5, Avg: 0.5, Max: 0.5, Diff: 0.0, Sum: 1.1]
      [Update RS (ms): Min: 6.1, Avg: 6.9, Max: 7.6, Diff: 1.5, Sum: 13.7]
         [Processed Buffers: Min: 17, Avg: 19.0, Max: 21, Diff: 4, Sum: 38]
      [Scan RS (ms): Min: 0.0, Avg: 0.1, Max: 0.1, Diff: 0.1, Sum: 0.2]
      [Code Root Scanning (ms): Min: 0.0, Avg: 0.0, Max: 0.0, Diff: 0.0, Sum: 0.0]
      [Object Copy (ms): Min: 20.1, Avg: 20.4, Max: 20.7, Diff: 0.5, Sum: 40.8]
      [Termination (ms): Min: 0.0, Avg: 0.5, Max: 1.0, Diff: 1.0, Sum: 1.0]
         [Termination Attempts: Min: 1, Avg: 1.0, Max: 1, Diff: 0, Sum: 2]
      [GC Worker Other (ms): Min: 0.0, Avg: 0.0, Max: 0.0, Diff: 0.0, Sum: 0.0]
      [GC Worker Total (ms): Min: 28.3, Avg: 28.4, Max: 28.4, Diff: 0.0, Sum: 56.7]
      [GC Worker End (ms): Min: 422302.7, Avg: 422302.7, Max: 422302.7, Diff: 0.0]
   [Code Root Fixup: 0.0 ms]
   [Code Root Purge: 0.0 ms]
   [Clear CT: 0.2 ms]
   [Other: 0.4 ms]
      [Choose CSet: 0.0 ms]
      [Ref Proc: 0.1 ms]
      [Ref Enq: 0.0 ms]
      [Redirty Cards: 0.0 ms]
      [Humongous Register: 0.0 ms]
      [Humongous Reclaim: 0.0 ms]
      [Free CSet: 0.1 ms]
   [Eden: 251.0M(251.0M)->0.0B(251.0M) Survivors: 13312.0K->16384.0K Heap: 392.0M(472.0M)->143.5M(472.0M)]
 [Times: user=0.06 sys=0.00, real=0.03 secs] 
2024-07-06T11:31:08.875+0800: 423.042: [GC pause (G1 Evacuation Pause) (young), 0.0293590 secs]
   [Parallel Time: 28.5 ms, GC Workers: 2]
      [GC Worker Start (ms): Min: 423041.8, Avg: 423041.8, Max: 423041.8, Diff: 0.0]
      [Ext Root Scanning (ms): Min: 0.9, Avg: 0.9, Max: 0.9, Diff: 0.0, Sum: 1.9]
      [Update RS (ms): Min: 0.1, Avg: 0.4, Max: 0.8, Diff: 0.7, Sum: 0.8]
         [Processed Buffers: Min: 1, Avg: 4.0, Max: 7, Diff: 6, Sum: 8]
      [Scan RS (ms): Min: 0.0, Avg: 0.1, Max: 0.2, Diff: 0.2, Sum: 0.3]
      [Code Root Scanning (ms): Min: 0.0, Avg: 0.0, Max: 0.0, Diff: 0.0, Sum: 0.0]
      [Object Copy (ms): Min: 26.7, Avg: 26.9, Max: 27.1, Diff: 0.5, Sum: 53.8]
      [Termination (ms): Min: 0.0, Avg: 0.0, Max: 0.0, Diff: 0.0, Sum: 0.0]
         [Termination Attempts: Min: 1, Avg: 1.0, Max: 1, Diff: 0, Sum: 2]
      [GC Worker Other (ms): Min: 0.0, Avg: 0.0, Max: 0.0, Diff: 0.0, Sum: 0.1]
      [GC Worker Total (ms): Min: 28.4, Avg: 28.4, Max: 28.5, Diff: 0.0, Sum: 56.9]
      [GC Worker End (ms): Min: 423070.2, Avg: 423070.2, Max: 423070.2, Diff: 0.0]
   [Code Root Fixup: 0.0 ms]
   [Code Root Purge: 0.0 ms]
   [Clear CT: 0.1 ms]
   [Other: 0.7 ms]
      [Choose CSet: 0.0 ms]
      [Ref Proc: 0.2 ms]
      [Ref Enq: 0.0 ms]
      [Redirty Cards: 0.1 ms]
      [Humongous Register: 0.0 ms]
      [Humongous Reclaim: 0.0 ms]
      [Free CSet: 0.3 ms]
   [Eden: 251.0M(251.0M)->0.0B(251.0M) Survivors: 16384.0K->17408.0K Heap: 394.5M(472.0M)->145.0M(472.0M)]
 [Times: user=0.05 sys=0.00, real=0.02 secs] 
2024-07-06T11:31:09.570+0800: 423.736: [GC pause (G1 Evacuation Pause) (young), 0.0392908 secs]
   [Parallel Time: 38.7 ms, GC Workers: 2]
      [GC Worker Start (ms): Min: 423736.2, Avg: 423736.6, Max: 423737.0, Diff: 0.8]
      [Ext Root Scanning (ms): Min: 0.0, Avg: 0.9, Max: 1.7, Diff: 1.7, Sum: 1.7]
      [Update RS (ms): Min: 0.0, Avg: 0.3, Max: 0.5, Diff: 0.5, Sum: 0.5]
         [Processed Buffers: Min: 0, Avg: 3.5, Max: 7, Diff: 7, Sum: 7]
      [Scan RS (ms): Min: 0.0, Avg: 0.1, Max: 0.1, Diff: 0.1, Sum: 0.1]
      [Code Root Scanning (ms): Min: 0.0, Avg: 0.0, Max: 0.0, Diff: 0.0, Sum: 0.0]
      [Object Copy (ms): Min: 36.9, Avg: 37.1, Max: 37.2, Diff: 0.3, Sum: 74.1]
      [Termination (ms): Min: 0.0, Avg: 0.0, Max: 0.0, Diff: 0.0, Sum: 0.0]
         [Termination Attempts: Min: 1, Avg: 2.0, Max: 3, Diff: 2, Sum: 4]
      [GC Worker Other (ms): Min: 0.0, Avg: 0.0, Max: 0.0, Diff: 0.0, Sum: 0.0]
      [GC Worker Total (ms): Min: 37.9, Avg: 38.3, Max: 38.7, Diff: 0.8, Sum: 76.5]
      [GC Worker End (ms): Min: 423774.9, Avg: 423774.9, Max: 423774.9, Diff: 0.0]
   [Code Root Fixup: 0.0 ms]
   [Code Root Purge: 0.0 ms]
   [Clear CT: 0.1 ms]
   [Other: 0.4 ms]
      [Choose CSet: 0.0 ms]
      [Ref Proc: 0.1 ms]
      [Ref Enq: 0.0 ms]
      [Redirty Cards: 0.0 ms]
      [Humongous Register: 0.0 ms]
      [Humongous Reclaim: 0.0 ms]
      [Free CSet: 0.1 ms]
   [Eden: 251.0M(251.0M)->0.0B(250.0M) Survivors: 17408.0K->19456.0K Heap: 396.0M(472.0M)->147.0M(472.0M)]
 [Times: user=0.08 sys=0.00, real=0.04 secs] 
2024-07-06T11:31:10.335+0800: 424.501: [GC pause (G1 Evacuation Pause) (young), 0.0220085 secs]
   [Parallel Time: 21.3 ms, GC Workers: 2]
      [GC Worker Start (ms): Min: 424501.5, Avg: 424501.6, Max: 424501.6, Diff: 0.1]
      [Ext Root Scanning (ms): Min: 0.8, Avg: 1.1, Max: 1.3, Diff: 0.5, Sum: 2.1]
      [Update RS (ms): Min: 0.1, Avg: 0.9, Max: 1.8, Diff: 1.7, Sum: 1.8]
         [Processed Buffers: Min: 1, Avg: 3.5, Max: 6, Diff: 5, Sum: 7]
      [Scan RS (ms): Min: 0.0, Avg: 0.1, Max: 0.2, Diff: 0.2, Sum: 0.2]
      [Code Root Scanning (ms): Min: 0.0, Avg: 0.0, Max: 0.0, Diff: 0.0, Sum: 0.0]
      [Object Copy (ms): Min: 18.6, Avg: 19.2, Max: 19.7, Diff: 1.1, Sum: 38.4]
      [Termination (ms): Min: 0.0, Avg: 0.0, Max: 0.0, Diff: 0.0, Sum: 0.0]
         [Termination Attempts: Min: 1, Avg: 1.0, Max: 1, Diff: 0, Sum: 2]
      [GC Worker Other (ms): Min: 0.0, Avg: 0.0, Max: 0.0, Diff: 0.0, Sum: 0.0]
      [GC Worker Total (ms): Min: 21.2, Avg: 21.3, Max: 21.3, Diff: 0.1, Sum: 42.5]
      [GC Worker End (ms): Min: 424522.8, Avg: 424522.8, Max: 424522.8, Diff: 0.0]
   [Code Root Fixup: 0.0 ms]
   [Code Root Purge: 0.0 ms]
   [Clear CT: 0.1 ms]
   [Other: 0.5 ms]
      [Choose CSet: 0.0 ms]
      [Ref Proc: 0.1 ms]
      [Ref Enq: 0.0 ms]
      [Redirty Cards: 0.1 ms]
      [Humongous Register: 0.0 ms]
      [Humongous Reclaim: 0.0 ms]
      [Free CSet: 0.2 ms]
   [Eden: 250.0M(250.0M)->0.0B(256.0M) Survivors: 19456.0K->14336.0K Heap: 397.0M(472.0M)->141.8M(472.0M)]
 [Times: user=0.04 sys=0.00, real=0.02 secs] 
2024-07-06T11:31:11.095+0800: 425.261: [GC pause (G1 Evacuation Pause) (young), 0.0130454 secs]
   [Parallel Time: 12.5 ms, GC Workers: 2]
      [GC Worker Start (ms): Min: 425260.8, Avg: 425261.6, Max: 425262.4, Diff: 1.7]
      [Ext Root Scanning (ms): Min: 0.0, Avg: 0.3, Max: 0.6, Diff: 0.6, Sum: 0.6]
      [Update RS (ms): Min: 0.0, Avg: 0.4, Max: 0.7, Diff: 0.7, Sum: 0.7]
         [Processed Buffers: Min: 0, Avg: 3.5, Max: 7, Diff: 7, Sum: 7]
      [Scan RS (ms): Min: 0.0, Avg: 0.1, Max: 0.1, Diff: 0.1, Sum: 0.1]
      [Code Root Scanning (ms): Min: 0.0, Avg: 0.0, Max: 0.0, Diff: 0.0, Sum: 0.0]
      [Object Copy (ms): Min: 9.9, Avg: 10.4, Max: 10.8, Diff: 0.9, Sum: 20.7]
      [Termination (ms): Min: 0.0, Avg: 0.6, Max: 1.1, Diff: 1.1, Sum: 1.1]
         [Termination Attempts: Min: 1, Avg: 1.0, Max: 1, Diff: 0, Sum: 2]
      [GC Worker Other (ms): Min: 0.0, Avg: 0.0, Max: 0.0, Diff: 0.0, Sum: 0.0]
      [GC Worker Total (ms): Min: 10.8, Avg: 11.7, Max: 12.5, Diff: 1.7, Sum: 23.3]
      [GC Worker End (ms): Min: 425273.3, Avg: 425273.3, Max: 425273.3, Diff: 0.0]
   [Code Root Fixup: 0.0 ms]
   [Code Root Purge: 0.0 ms]
   [Clear CT: 0.1 ms]
   [Other: 0.4 ms]
      [Choose CSet: 0.0 ms]
      [Ref Proc: 0.1 ms]
      [Ref Enq: 0.0 ms]
      [Redirty Cards: 0.0 ms]
      [Humongous Register: 0.0 ms]
      [Humongous Reclaim: 0.0 ms]
      [Free CSet: 0.1 ms]
   [Eden: 256.0M(256.0M)->0.0B(267.0M) Survivors: 14336.0K->6144.0K Heap: 397.8M(472.0M)->134.3M(472.0M)]
 [Times: user=0.02 sys=0.00, real=0.02 secs] 
2024-07-06T11:31:11.797+0800: 425.964: [GC pause (G1 Evacuation Pause) (young), 0.0235462 secs]
   [Parallel Time: 23.0 ms, GC Workers: 2]
      [GC Worker Start (ms): Min: 425963.7, Avg: 425964.1, Max: 425964.5, Diff: 0.8]
      [Ext Root Scanning (ms): Min: 0.1, Avg: 0.4, Max: 0.7, Diff: 0.6, Sum: 0.8]
      [Update RS (ms): Min: 0.0, Avg: 0.0, Max: 0.0, Diff: 0.0, Sum: 0.0]
         [Processed Buffers: Min: 0, Avg: 3.0, Max: 6, Diff: 6, Sum: 6]
      [Scan RS (ms): Min: 0.0, Avg: 0.1, Max: 0.1, Diff: 0.1, Sum: 0.1]
      [Code Root Scanning (ms): Min: 0.0, Avg: 0.0, Max: 0.0, Diff: 0.0, Sum: 0.0]
      [Object Copy (ms): Min: 21.9, Avg: 22.1, Max: 22.2, Diff: 0.3, Sum: 44.1]
      [Termination (ms): Min: 0.0, Avg: 0.0, Max: 0.0, Diff: 0.0, Sum: 0.0]
         [Termination Attempts: Min: 9, Avg: 14.0, Max: 19, Diff: 10, Sum: 28]
      [GC Worker Other (ms): Min: 0.0, Avg: 0.0, Max: 0.0, Diff: 0.0, Sum: 0.0]
      [GC Worker Total (ms): Min: 22.2, Avg: 22.6, Max: 23.0, Diff: 0.8, Sum: 45.1]
      [GC Worker End (ms): Min: 425986.7, Avg: 425986.7, Max: 425986.7, Diff: 0.0]
   [Code Root Fixup: 0.0 ms]
   [Code Root Purge: 0.0 ms]
   [Clear CT: 0.1 ms]
   [Other: 0.4 ms]
      [Choose CSet: 0.0 ms]
      [Ref Proc: 0.1 ms]
      [Ref Enq: 0.0 ms]
      [Redirty Cards: 0.1 ms]
      [Humongous Register: 0.0 ms]
      [Humongous Reclaim: 0.0 ms]
      [Free CSet: 0.1 ms]
   [Eden: 267.0M(267.0M)->0.0B(254.0M) Survivors: 6144.0K->18432.0K Heap: 401.3M(472.0M)->145.8M(472.0M)]
 [Times: user=0.04 sys=0.00, real=0.02 secs] 
2024-07-06T11:31:12.420+0800: 426.587: [GC pause (G1 Evacuation Pause) (young), 0.0141944 secs]
   [Parallel Time: 13.7 ms, GC Workers: 2]
      [GC Worker Start (ms): Min: 426586.7, Avg: 426587.0, Max: 426587.2, Diff: 0.5]
      [Ext Root Scanning (ms): Min: 0.4, Avg: 0.8, Max: 1.1, Diff: 0.7, Sum: 1.5]
      [Update RS (ms): Min: 0.0, Avg: 0.0, Max: 0.1, Diff: 0.1, Sum: 0.1]
         [Processed Buffers: Min: 0, Avg: 2.5, Max: 5, Diff: 5, Sum: 5]
      [Scan RS (ms): Min: 0.2, Avg: 0.4, Max: 0.5, Diff: 0.4, Sum: 0.7]
      [Code Root Scanning (ms): Min: 0.0, Avg: 0.0, Max: 0.0, Diff: 0.0, Sum: 0.0]
      [Object Copy (ms): Min: 12.2, Avg: 12.3, Max: 12.3, Diff: 0.2, Sum: 24.5]
      [Termination (ms): Min: 0.0, Avg: 0.0, Max: 0.0, Diff: 0.0, Sum: 0.0]
         [Termination Attempts: Min: 1, Avg: 1.5, Max: 2, Diff: 1, Sum: 3]
      [GC Worker Other (ms): Min: 0.0, Avg: 0.0, Max: 0.0, Diff: 0.0, Sum: 0.0]
      [GC Worker Total (ms): Min: 13.2, Avg: 13.4, Max: 13.7, Diff: 0.5, Sum: 26.8]
      [GC Worker End (ms): Min: 426600.4, Avg: 426600.4, Max: 426600.4, Diff: 0.0]
   [Code Root Fixup: 0.0 ms]
   [Code Root Purge: 0.0 ms]
   [Clear CT: 0.1 ms]
   [Other: 0.4 ms]
      [Choose CSet: 0.0 ms]
      [Ref Proc: 0.1 ms]
      [Ref Enq: 0.0 ms]
      [Redirty Cards: 0.0 ms]
      [Humongous Register: 0.0 ms]
      [Humongous Reclaim: 0.0 ms]
      [Free CSet: 0.1 ms]
   [Eden: 254.0M(254.0M)->0.0B(262.0M) Survivors: 18432.0K->12288.0K Heap: 399.8M(472.0M)->139.8M(472.0M)]
 [Times: user=0.03 sys=0.00, real=0.01 secs] 
2024-07-06T11:31:13.406+0800: 427.572: [GC pause (G1 Evacuation Pause) (young), 0.0359968 secs]
   [Parallel Time: 35.3 ms, GC Workers: 2]
      [GC Worker Start (ms): Min: 427572.5, Avg: 427572.9, Max: 427573.2, Diff: 0.7]
      [Ext Root Scanning (ms): Min: 0.4, Avg: 0.5, Max: 0.6, Diff: 0.3, Sum: 1.0]
      [Update RS (ms): Min: 0.0, Avg: 0.0, Max: 0.1, Diff: 0.1, Sum: 0.1]
         [Processed Buffers: Min: 0, Avg: 3.0, Max: 6, Diff: 6, Sum: 6]
      [Scan RS (ms): Min: 0.0, Avg: 0.1, Max: 0.2, Diff: 0.2, Sum: 0.2]
      [Code Root Scanning (ms): Min: 0.0, Avg: 0.0, Max: 0.0, Diff: 0.0, Sum: 0.0]
      [Object Copy (ms): Min: 33.8, Avg: 34.2, Max: 34.6, Diff: 0.8, Sum: 68.4]
      [Termination (ms): Min: 0.0, Avg: 0.1, Max: 0.2, Diff: 0.2, Sum: 0.2]
         [Termination Attempts: Min: 1, Avg: 1.0, Max: 1, Diff: 0, Sum: 2]
      [GC Worker Other (ms): Min: 0.0, Avg: 0.0, Max: 0.0, Diff: 0.0, Sum: 0.0]
      [GC Worker Total (ms): Min: 34.6, Avg: 34.9, Max: 35.2, Diff: 0.7, Sum: 69.8]
      [GC Worker End (ms): Min: 427607.8, Avg: 427607.8, Max: 427607.8, Diff: 0.0]
   [Code Root Fixup: 0.0 ms]
   [Code Root Purge: 0.0 ms]
   [Clear CT: 0.1 ms]
   [Other: 0.5 ms]
      [Choose CSet: 0.0 ms]
      [Ref Proc: 0.2 ms]
      [Ref Enq: 0.0 ms]
      [Redirty Cards: 0.0 ms]
      [Humongous Register: 0.0 ms]
      [Humongous Reclaim: 0.0 ms]
      [Free CSet: 0.2 ms]
   [Eden: 262.0M(262.0M)->0.0B(261.0M) Survivors: 12288.0K->14336.0K Heap: 401.8M(472.0M)->141.8M(472.0M)]
 [Times: user=0.07 sys=0.00, real=0.04 secs] 
2024-07-06T11:31:14.175+0800: 428.342: [GC pause (G1 Evacuation Pause) (young), 0.0292907 secs]
   [Parallel Time: 28.8 ms, GC Workers: 2]
      [GC Worker Start (ms): Min: 428341.6, Avg: 428341.8, Max: 428342.1, Diff: 0.4]
      [Ext Root Scanning (ms): Min: 0.3, Avg: 1.0, Max: 1.8, Diff: 1.4, Sum: 2.1]
      [Update RS (ms): Min: 0.0, Avg: 0.0, Max: 0.1, Diff: 0.0, Sum: 0.1]
         [Processed Buffers: Min: 0, Avg: 2.5, Max: 5, Diff: 5, Sum: 5]
      [Scan RS (ms): Min: 0.0, Avg: 0.1, Max: 0.1, Diff: 0.1, Sum: 0.1]
      [Code Root Scanning (ms): Min: 0.0, Avg: 0.0, Max: 0.0, Diff: 0.0, Sum: 0.0]
      [Object Copy (ms): Min: 26.9, Avg: 27.3, Max: 27.8, Diff: 0.8, Sum: 54.7]
      [Termination (ms): Min: 0.0, Avg: 0.0, Max: 0.0, Diff: 0.0, Sum: 0.0]
         [Termination Attempts: Min: 1, Avg: 1.0, Max: 1, Diff: 0, Sum: 2]
      [GC Worker Other (ms): Min: 0.0, Avg: 0.0, Max: 0.0, Diff: 0.0, Sum: 0.1]
      [GC Worker Total (ms): Min: 28.3, Avg: 28.5, Max: 28.7, Diff: 0.4, Sum: 57.0]
      [GC Worker End (ms): Min: 428370.3, Avg: 428370.4, Max: 428370.4, Diff: 0.0]
   [Code Root Fixup: 0.0 ms]
   [Code Root Purge: 0.0 ms]
   [Clear CT: 0.1 ms]
   [Other: 0.4 ms]
      [Choose CSet: 0.0 ms]
      [Ref Proc: 0.1 ms]
      [Ref Enq: 0.0 ms]
      [Redirty Cards: 0.0 ms]
      [Humongous Register: 0.0 ms]
      [Humongous Reclaim: 0.0 ms]
      [Free CSet: 0.1 ms]
   [Eden: 261.0M(261.0M)->0.0B(256.0M) Survivors: 14336.0K->18432.0K Heap: 402.8M(472.0M)->146.3M(472.0M)]
 [Times: user=0.06 sys=0.00, real=0.02 secs] 
2024-07-06T11:31:14.863+0800: 429.029: [GC pause (G1 Evacuation Pause) (young), 0.0200641 secs]
   [Parallel Time: 19.5 ms, GC Workers: 2]
      [GC Worker Start (ms): Min: 429029.5, Avg: 429029.5, Max: 429029.6, Diff: 0.0]
      [Ext Root Scanning (ms): Min: 0.5, Avg: 0.5, Max: 0.5, Diff: 0.0, Sum: 1.0]
      [Update RS (ms): Min: 0.0, Avg: 0.0, Max: 0.0, Diff: 0.0, Sum: 0.1]
         [Processed Buffers: Min: 3, Avg: 3.5, Max: 4, Diff: 1, Sum: 7]
      [Scan RS (ms): Min: 0.1, Avg: 0.1, Max: 0.1, Diff: 0.0, Sum: 0.2]
      [Code Root Scanning (ms): Min: 0.0, Avg: 0.0, Max: 0.0, Diff: 0.0, Sum: 0.0]
      [Object Copy (ms): Min: 18.8, Avg: 18.8, Max: 18.8, Diff: 0.0, Sum: 37.6]
      [Termination (ms): Min: 0.0, Avg: 0.0, Max: 0.0, Diff: 0.0, Sum: 0.0]
         [Termination Attempts: Min: 1, Avg: 1.0, Max: 1, Diff: 0, Sum: 2]
      [GC Worker Other (ms): Min: 0.0, Avg: 0.0, Max: 0.0, Diff: 0.0, Sum: 0.1]
      [GC Worker Total (ms): Min: 19.5, Avg: 19.5, Max: 19.5, Diff: 0.0, Sum: 38.9]
      [GC Worker End (ms): Min: 429049.0, Avg: 429049.0, Max: 429049.0, Diff: 0.0]
   [Code Root Fixup: 0.0 ms]
   [Code Root Purge: 0.0 ms]
   [Clear CT: 0.1 ms]
   [Other: 0.4 ms]
      [Choose CSet: 0.0 ms]
      [Ref Proc: 0.1 ms]
      [Ref Enq: 0.0 ms]
      [Redirty Cards: 0.1 ms]
      [Humongous Register: 0.0 ms]
      [Humongous Reclaim: 0.0 ms]
      [Free CSet: 0.1 ms]
   [Eden: 256.0M(256.0M)->0.0B(260.0M) Survivors: 18432.0K->14336.0K Heap: 402.3M(472.0M)->142.3M(472.0M)]
 [Times: user=0.04 sys=0.00, real=0.02 secs] 
2024-07-06T11:31:15.447+0800: 429.614: [GC pause (G1 Evacuation Pause) (young), 0.0236615 secs]
   [Parallel Time: 23.0 ms, GC Workers: 2]
      [GC Worker Start (ms): Min: 429613.6, Avg: 429613.6, Max: 429613.6, Diff: 0.0]
      [Ext Root Scanning (ms): Min: 0.6, Avg: 0.6, Max: 0.6, Diff: 0.0, Sum: 1.2]
      [Update RS (ms): Min: 0.0, Avg: 0.0, Max: 0.0, Diff: 0.0, Sum: 0.1]
         [Processed Buffers: Min: 2, Avg: 3.0, Max: 4, Diff: 2, Sum: 6]
      [Scan RS (ms): Min: 0.1, Avg: 0.1, Max: 0.1, Diff: 0.0, Sum: 0.2]
      [Code Root Scanning (ms): Min: 0.0, Avg: 0.0, Max: 0.0, Diff: 0.0, Sum: 0.0]
      [Object Copy (ms): Min: 22.2, Avg: 22.2, Max: 22.2, Diff: 0.0, Sum: 44.3]
      [Termination (ms): Min: 0.0, Avg: 0.0, Max: 0.0, Diff: 0.0, Sum: 0.0]
         [Termination Attempts: Min: 1, Avg: 1.0, Max: 1, Diff: 0, Sum: 2]
      [GC Worker Other (ms): Min: 0.0, Avg: 0.0, Max: 0.0, Diff: 0.0, Sum: 0.0]
      [GC Worker Total (ms): Min: 22.9, Avg: 22.9, Max: 22.9, Diff: 0.0, Sum: 45.9]
      [GC Worker End (ms): Min: 429636.5, Avg: 429636.5, Max: 429636.5, Diff: 0.0]
   [Code Root Fixup: 0.0 ms]
   [Code Root Purge: 0.0 ms]
   [Clear CT: 0.1 ms]
   [Other: 0.6 ms]
      [Choose CSet: 0.0 ms]
      [Ref Proc: 0.1 ms]
      [Ref Enq: 0.0 ms]
      [Redirty Cards: 0.0 ms]
      [Humongous Register: 0.0 ms]
      [Humongous Reclaim: 0.0 ms]
      [Free CSet: 0.2 ms]
   [Eden: 260.0M(260.0M)->0.0B(255.0M) Survivors: 14336.0K->18432.0K Heap: 402.3M(472.0M)->146.3M(472.0M)]
 [Times: user=0.05 sys=0.00, real=0.02 secs] 
2024-07-06T11:31:16.052+0800: 430.218: [GC pause (G1 Evacuation Pause) (young), 0.0397822 secs]
   [Parallel Time: 31.3 ms, GC Workers: 2]
      [GC Worker Start (ms): Min: 430218.1, Avg: 430218.2, Max: 430218.2, Diff: 0.0]
      [Ext Root Scanning (ms): Min: 0.6, Avg: 0.6, Max: 0.6, Diff: 0.0, Sum: 1.2]
      [Update RS (ms): Min: 0.0, Avg: 0.0, Max: 0.0, Diff: 0.0, Sum: 0.1]
         [Processed Buffers: Min: 2, Avg: 2.5, Max: 3, Diff: 1, Sum: 5]
      [Scan RS (ms): Min: 0.1, Avg: 0.1, Max: 0.1, Diff: 0.0, Sum: 0.2]
      [Code Root Scanning (ms): Min: 0.0, Avg: 0.0, Max: 0.0, Diff: 0.0, Sum: 0.0]
      [Object Copy (ms): Min: 30.4, Avg: 30.4, Max: 30.5, Diff: 0.1, Sum: 60.9]
      [Termination (ms): Min: 0.0, Avg: 0.1, Max: 0.1, Diff: 0.1, Sum: 0.1]
         [Termination Attempts: Min: 1, Avg: 1.0, Max: 1, Diff: 0, Sum: 2]
      [GC Worker Other (ms): Min: 0.0, Avg: 0.0, Max: 0.0, Diff: 0.0, Sum: 0.0]
      [GC Worker Total (ms): Min: 31.2, Avg: 31.2, Max: 31.2, Diff: 0.0, Sum: 62.5]
      [GC Worker End (ms): Min: 430249.4, Avg: 430249.4, Max: 430249.4, Diff: 0.0]
   [Code Root Fixup: 0.0 ms]
   [Code Root Purge: 0.0 ms]
   [Clear CT: 0.1 ms]
   [Other: 8.4 ms]
      [Choose CSet: 0.0 ms]
      [Ref Proc: 8.0 ms]
      [Ref Enq: 0.0 ms]
      [Redirty Cards: 0.0 ms]
      [Humongous Register: 0.0 ms]
      [Humongous Reclaim: 0.0 ms]
      [Free CSet: 0.2 ms]
   [Eden: 255.0M(255.0M)->0.0B(255.0M) Survivors: 18432.0K->18432.0K Heap: 401.3M(472.0M)->146.3M(472.0M)]
 [Times: user=0.08 sys=0.00, real=0.04 secs] 
2024-07-06T11:31:16.643+0800: 430.810: [GC pause (G1 Evacuation Pause) (young), 0.0152941 secs]
   [Parallel Time: 14.6 ms, GC Workers: 2]
      [GC Worker Start (ms): Min: 430809.6, Avg: 430809.6, Max: 430809.7, Diff: 0.0]
      [Ext Root Scanning (ms): Min: 0.6, Avg: 0.6, Max: 0.6, Diff: 0.1, Sum: 1.2]
      [Update RS (ms): Min: 0.0, Avg: 0.0, Max: 0.1, Diff: 0.0, Sum: 0.1]
         [Processed Buffers: Min: 1, Avg: 3.0, Max: 5, Diff: 4, Sum: 6]
      [Scan RS (ms): Min: 0.1, Avg: 0.1, Max: 0.1, Diff: 0.0, Sum: 0.2]
      [Code Root Scanning (ms): Min: 0.0, Avg: 0.0, Max: 0.0, Diff: 0.0, Sum: 0.0]
      [Object Copy (ms): Min: 13.8, Avg: 13.8, Max: 13.8, Diff: 0.1, Sum: 27.6]
      [Termination (ms): Min: 0.0, Avg: 0.0, Max: 0.0, Diff: 0.0, Sum: 0.0]
         [Termination Attempts: Min: 1, Avg: 1.0, Max: 1, Diff: 0, Sum: 2]
      [GC Worker Other (ms): Min: 0.0, Avg: 0.0, Max: 0.0, Diff: 0.0, Sum: 0.0]
      [GC Worker Total (ms): Min: 14.5, Avg: 14.5, Max: 14.6, Diff: 0.0, Sum: 29.1]
      [GC Worker End (ms): Min: 430824.2, Avg: 430824.2, Max: 430824.2, Diff: 0.0]
   [Code Root Fixup: 0.0 ms]
   [Code Root Purge: 0.0 ms]
   [Clear CT: 0.1 ms]
   [Other: 0.6 ms]
      [Choose CSet: 0.0 ms]
      [Ref Proc: 0.1 ms]
      [Ref Enq: 0.0 ms]
      [Redirty Cards: 0.0 ms]
      [Humongous Register: 0.0 ms]
      [Humongous Reclaim: 0.0 ms]
      [Free CSet: 0.2 ms]
   [Eden: 255.0M(255.0M)->0.0B(261.0M) Survivors: 18432.0K->13312.0K Heap: 401.3M(472.0M)->140.8M(472.0M)]
 [Times: user=0.03 sys=0.00, real=0.02 secs] 
2024-07-06T11:31:17.191+0800: 431.357: [GC pause (G1 Evacuation Pause) (young), 0.0246670 secs]
   [Parallel Time: 24.0 ms, GC Workers: 2]
      [GC Worker Start (ms): Min: 431357.4, Avg: 431357.4, Max: 431357.4, Diff: 0.0]
      [Ext Root Scanning (ms): Min: 0.6, Avg: 0.6, Max: 0.7, Diff: 0.0, Sum: 1.3]
      [Update RS (ms): Min: 0.0, Avg: 0.0, Max: 0.0, Diff: 0.0, Sum: 0.1]
         [Processed Buffers: Min: 1, Avg: 3.0, Max: 5, Diff: 4, Sum: 6]
      [Scan RS (ms): Min: 0.1, Avg: 0.1, Max: 0.2, Diff: 0.1, Sum: 0.3]
      [Code Root Scanning (ms): Min: 0.0, Avg: 0.0, Max: 0.0, Diff: 0.0, Sum: 0.0]
      [Object Copy (ms): Min: 23.0, Avg: 23.1, Max: 23.2, Diff: 0.1, Sum: 46.2]
      [Termination (ms): Min: 0.0, Avg: 0.0, Max: 0.0, Diff: 0.0, Sum: 0.0]
         [Termination Attempts: Min: 1, Avg: 1.0, Max: 1, Diff: 0, Sum: 2]
      [GC Worker Other (ms): Min: 0.0, Avg: 0.0, Max: 0.0, Diff: 0.0, Sum: 0.0]
      [GC Worker Total (ms): Min: 23.9, Avg: 23.9, Max: 24.0, Diff: 0.0, Sum: 47.9]
      [GC Worker End (ms): Min: 431381.3, Avg: 431381.3, Max: 431381.3, Diff: 0.0]
   [Code Root Fixup: 0.0 ms]
   [Code Root Purge: 0.0 ms]
   [Clear CT: 0.1 ms]
   [Other: 0.5 ms]
      [Choose CSet: 0.0 ms]
      [Ref Proc: 0.1 ms]
      [Ref Enq: 0.0 ms]
      [Redirty Cards: 0.0 ms]
      [Humongous Register: 0.1 ms]
      [Humongous Reclaim: 0.0 ms]
      [Free CSet: 0.2 ms]
   [Eden: 261.0M(261.0M)->0.0B(255.0M) Survivors: 13312.0K->18432.0K Heap: 401.8M(472.0M)->145.8M(472.0M)]
 [Times: user=0.05 sys=0.01, real=0.03 secs] 
2024-07-06T11:31:17.691+0800: 431.857: [GC pause (G1 Evacuation Pause) (young), 0.0136943 secs]
   [Parallel Time: 13.2 ms, GC Workers: 2]
      [GC Worker Start (ms): Min: 431857.5, Avg: 431857.6, Max: 431857.6, Diff: 0.0]
      [Ext Root Scanning (ms): Min: 0.5, Avg: 0.5, Max: 0.5, Diff: 0.0, Sum: 1.1]
      [Update RS (ms): Min: 0.0, Avg: 0.0, Max: 0.0, Diff: 0.0, Sum: 0.1]
         [Processed Buffers: Min: 2, Avg: 3.0, Max: 4, Diff: 2, Sum: 6]
      [Scan RS (ms): Min: 0.1, Avg: 0.1, Max: 0.1, Diff: 0.0, Sum: 0.2]
      [Code Root Scanning (ms): Min: 0.0, Avg: 0.0, Max: 0.0, Diff: 0.0, Sum: 0.0]
      [Object Copy (ms): Min: 12.4, Avg: 12.4, Max: 12.4, Diff: 0.0, Sum: 24.8]
      [Termination (ms): Min: 0.0, Avg: 0.0, Max: 0.0, Diff: 0.0, Sum: 0.0]
         [Termination Attempts: Min: 1, Avg: 1.0, Max: 1, Diff: 0, Sum: 2]
      [GC Worker Other (ms): Min: 0.0, Avg: 0.0, Max: 0.0, Diff: 0.0, Sum: 0.0]
      [GC Worker Total (ms): Min: 13.1, Avg: 13.1, Max: 13.1, Diff: 0.0, Sum: 26.2]
      [GC Worker End (ms): Min: 431870.6, Avg: 431870.6, Max: 431870.6, Diff: 0.0]
   [Code Root Fixup: 0.0 ms]
   [Code Root Purge: 0.0 ms]
   [Clear CT: 0.1 ms]
   [Other: 0.4 ms]
      [Choose CSet: 0.0 ms]
      [Ref Proc: 0.1 ms]
      [Ref Enq: 0.0 ms]
      [Redirty Cards: 0.0 ms]
      [Humongous Register: 0.0 ms]
      [Humongous Reclaim: 0.0 ms]
      [Free CSet: 0.2 ms]
   [Eden: 255.0M(255.0M)->0.0B(261.0M) Survivors: 18432.0K->13312.0K Heap: 400.8M(472.0M)->140.8M(472.0M)]
 [Times: user=0.03 sys=0.00, real=0.01 secs] 
2024-07-06T11:31:18.177+0800: 432.343: [GC pause (G1 Evacuation Pause) (young), 0.0212573 secs]
   [Parallel Time: 20.8 ms, GC Workers: 2]
      [GC Worker Start (ms): Min: 432343.1, Avg: 432343.1, Max: 432343.1, Diff: 0.0]
      [Ext Root Scanning (ms): Min: 0.5, Avg: 0.5, Max: 0.5, Diff: 0.0, Sum: 1.1]
      [Update RS (ms): Min: 0.0, Avg: 0.0, Max: 0.0, Diff: 0.0, Sum: 0.1]
         [Processed Buffers: Min: 3, Avg: 3.5, Max: 4, Diff: 1, Sum: 7]
      [Scan RS (ms): Min: 0.1, Avg: 0.1, Max: 0.1, Diff: 0.0, Sum: 0.2]
      [Code Root Scanning (ms): Min: 0.0, Avg: 0.0, Max: 0.0, Diff: 0.0, Sum: 0.0]
      [Object Copy (ms): Min: 20.0, Avg: 20.1, Max: 20.1, Diff: 0.0, Sum: 40.1]
      [Termination (ms): Min: 0.0, Avg: 0.0, Max: 0.0, Diff: 0.0, Sum: 0.0]
         [Termination Attempts: Min: 1, Avg: 1.0, Max: 1, Diff: 0, Sum: 2]
      [GC Worker Other (ms): Min: 0.0, Avg: 0.0, Max: 0.0, Diff: 0.0, Sum: 0.0]
      [GC Worker Total (ms): Min: 20.7, Avg: 20.7, Max: 20.7, Diff: 0.0, Sum: 41.4]
      [GC Worker End (ms): Min: 432363.8, Avg: 432363.8, Max: 432363.8, Diff: 0.0]
   [Code Root Fixup: 0.0 ms]
   [Code Root Purge: 0.0 ms]
   [Clear CT: 0.1 ms]
   [Other: 0.4 ms]
      [Choose CSet: 0.0 ms]
      [Ref Proc: 0.1 ms]
      [Ref Enq: 0.0 ms]
      [Redirty Cards: 0.0 ms]
      [Humongous Register: 0.0 ms]
      [Humongous Reclaim: 0.0 ms]
      [Free CSet: 0.1 ms]
   [Eden: 261.0M(261.0M)->0.0B(255.0M) Survivors: 13312.0K->18432.0K Heap: 401.8M(472.0M)->146.3M(472.0M)]
 [Times: user=0.04 sys=0.00, real=0.02 secs] 
2024-07-06T11:31:18.657+0800: 432.823: [GC pause (G1 Evacuation Pause) (young), 0.0168034 secs]
   [Parallel Time: 16.1 ms, GC Workers: 2]
      [GC Worker Start (ms): Min: 432823.5, Avg: 432823.5, Max: 432823.5, Diff: 0.0]
      [Ext Root Scanning (ms): Min: 0.6, Avg: 0.6, Max: 0.6, Diff: 0.0, Sum: 1.2]
      [Update RS (ms): Min: 0.0, Avg: 0.0, Max: 0.0, Diff: 0.0, Sum: 0.1]
         [Processed Buffers: Min: 1, Avg: 3.5, Max: 6, Diff: 5, Sum: 7]
      [Scan RS (ms): Min: 0.1, Avg: 0.1, Max: 0.1, Diff: 0.0, Sum: 0.2]
      [Code Root Scanning (ms): Min: 0.0, Avg: 0.0, Max: 0.0, Diff: 0.0, Sum: 0.0]
      [Object Copy (ms): Min: 15.3, Avg: 15.3, Max: 15.3, Diff: 0.0, Sum: 30.6]
      [Termination (ms): Min: 0.0, Avg: 0.0, Max: 0.0, Diff: 0.0, Sum: 0.0]
         [Termination Attempts: Min: 1, Avg: 1.0, Max: 1, Diff: 0, Sum: 2]
      [GC Worker Other (ms): Min: 0.0, Avg: 0.0, Max: 0.0, Diff: 0.0, Sum: 0.0]
      [GC Worker Total (ms): Min: 16.0, Avg: 16.0, Max: 16.0, Diff: 0.0, Sum: 32.0]
      [GC Worker End (ms): Min: 432839.5, Avg: 432839.5, Max: 432839.5, Diff: 0.0]
   [Code Root Fixup: 0.0 ms]
   [Code Root Purge: 0.0 ms]
   [Clear CT: 0.1 ms]
   [Other: 0.6 ms]
      [Choose CSet: 0.0 ms]
      [Ref Proc: 0.1 ms]
      [Ref Enq: 0.0 ms]
      [Redirty Cards: 0.0 ms]
      [Humongous Register: 0.0 ms]
      [Humongous Reclaim: 0.0 ms]
      [Free CSet: 0.3 ms]
   [Eden: 255.0M(255.0M)->0.0B(260.0M) Survivors: 18432.0K->14336.0K Heap: 401.3M(472.0M)->141.8M(472.0M)]
 [Times: user=0.03 sys=0.00, real=0.01 secs] 
2024-07-06T11:31:19.122+0800: 433.289: [GC pause (G1 Evacuation Pause) (young), 0.0195647 secs]
   [Parallel Time: 19.1 ms, GC Workers: 2]
      [GC Worker Start (ms): Min: 433288.6, Avg: 433288.6, Max: 433288.7, Diff: 0.0]
      [Ext Root Scanning (ms): Min: 0.5, Avg: 0.5, Max: 0.5, Diff: 0.1, Sum: 1.0]
      [Update RS (ms): Min: 0.0, Avg: 0.0, Max: 0.0, Diff: 0.0, Sum: 0.1]
         [Processed Buffers: Min: 1, Avg: 2.5, Max: 4, Diff: 3, Sum: 5]
      [Scan RS (ms): Min: 0.1, Avg: 0.1, Max: 0.1, Diff: 0.0, Sum: 0.2]
      [Code Root Scanning (ms): Min: 0.0, Avg: 0.0, Max: 0.0, Diff: 0.0, Sum: 0.0]
      [Object Copy (ms): Min: 18.4, Avg: 18.4, Max: 18.4, Diff: 0.0, Sum: 36.7]
      [Termination (ms): Min: 0.0, Avg: 0.0, Max: 0.0, Diff: 0.0, Sum: 0.0]
         [Termination Attempts: Min: 1, Avg: 1.0, Max: 1, Diff: 0, Sum: 2]
      [GC Worker Other (ms): Min: 0.0, Avg: 0.0, Max: 0.0, Diff: 0.0, Sum: 0.0]
      [GC Worker Total (ms): Min: 19.0, Avg: 19.0, Max: 19.0, Diff: 0.0, Sum: 38.0]
      [GC Worker End (ms): Min: 433307.7, Avg: 433307.7, Max: 433307.7, Diff: 0.0]
   [Code Root Fixup: 0.0 ms]
   [Code Root Purge: 0.0 ms]
   [Clear CT: 0.1 ms]
   [Other: 0.4 ms]
      [Choose CSet: 0.0 ms]
      [Ref Proc: 0.1 ms]
      [Ref Enq: 0.0 ms]
      [Redirty Cards: 0.0 ms]
      [Humongous Register: 0.0 ms]
      [Humongous Reclaim: 0.0 ms]
      [Free CSet: 0.2 ms]
   [Eden: 260.0M(260.0M)->0.0B(256.0M) Survivors: 14336.0K->18432.0K Heap: 401.8M(472.0M)->146.3M(472.0M)]
 [Times: user=0.04 sys=0.00, real=0.02 secs] 
2024-07-06T11:31:19.615+0800: 433.781: [GC pause (G1 Evacuation Pause) (young), 0.0177350 secs]
   [Parallel Time: 17.2 ms, GC Workers: 2]
      [GC Worker Start (ms): Min: 433781.5, Avg: 433781.5, Max: 433781.5, Diff: 0.0]
      [Ext Root Scanning (ms): Min: 0.5, Avg: 0.5, Max: 0.5, Diff: 0.0, Sum: 1.0]
      [Update RS (ms): Min: 0.0, Avg: 0.0, Max: 0.0, Diff: 0.0, Sum: 0.1]
         [Processed Buffers: Min: 2, Avg: 3.5, Max: 5, Diff: 3, Sum: 7]
      [Scan RS (ms): Min: 0.1, Avg: 0.1, Max: 0.1, Diff: 0.0, Sum: 0.1]
      [Code Root Scanning (ms): Min: 0.0, Avg: 0.0, Max: 0.0, Diff: 0.0, Sum: 0.0]
      [Object Copy (ms): Min: 16.5, Avg: 16.5, Max: 16.5, Diff: 0.0, Sum: 33.0]
      [Termination (ms): Min: 0.0, Avg: 0.0, Max: 0.0, Diff: 0.0, Sum: 0.0]
         [Termination Attempts: Min: 1, Avg: 1.0, Max: 1, Diff: 0, Sum: 2]
      [GC Worker Other (ms): Min: 0.0, Avg: 0.0, Max: 0.0, Diff: 0.0, Sum: 0.0]
      [GC Worker Total (ms): Min: 17.1, Avg: 17.1, Max: 17.1, Diff: 0.0, Sum: 34.2]
      [GC Worker End (ms): Min: 433798.6, Avg: 433798.6, Max: 433798.6, Diff: 0.0]
   [Code Root Fixup: 0.0 ms]
   [Code Root Purge: 0.0 ms]
   [Clear CT: 0.1 ms]
   [Other: 0.5 ms]
      [Choose CSet: 0.0 ms]
      [Ref Proc: 0.1 ms]
      [Ref Enq: 0.0 ms]
      [Redirty Cards: 0.0 ms]
      [Humongous Register: 0.0 ms]
      [Humongous Reclaim: 0.0 ms]
      [Free CSet: 0.2 ms]
   [Eden: 256.0M(256.0M)->0.0B(257.0M) Survivors: 18432.0K->17408.0K Heap: 402.3M(472.0M)->144.8M(472.0M)]
 [Times: user=0.03 sys=0.00, real=0.01 secs] 
2024-07-06T11:31:20.071+0800: 434.237: [GC pause (G1 Evacuation Pause) (young), 0.0107276 secs]
   [Parallel Time: 10.2 ms, GC Workers: 2]
      [GC Worker Start (ms): Min: 434237.1, Avg: 434237.1, Max: 434237.1, Diff: 0.0]
      [Ext Root Scanning (ms): Min: 0.5, Avg: 0.5, Max: 0.5, Diff: 0.0, Sum: 1.0]
      [Update RS (ms): Min: 0.0, Avg: 0.0, Max: 0.0, Diff: 0.0, Sum: 0.1]
         [Processed Buffers: Min: 2, Avg: 3.0, Max: 4, Diff: 2, Sum: 6]
      [Scan RS (ms): Min: 0.1, Avg: 0.1, Max: 0.1, Diff: 0.0, Sum: 0.1]
      [Code Root Scanning (ms): Min: 0.0, Avg: 0.0, Max: 0.0, Diff: 0.0, Sum: 0.0]
      [Object Copy (ms): Min: 9.5, Avg: 9.5, Max: 9.5, Diff: 0.0, Sum: 18.9]
      [Termination (ms): Min: 0.0, Avg: 0.0, Max: 0.0, Diff: 0.0, Sum: 0.0]
         [Termination Attempts: Min: 1, Avg: 1.0, Max: 1, Diff: 0, Sum: 2]
      [GC Worker Other (ms): Min: 0.0, Avg: 0.0, Max: 0.0, Diff: 0.0, Sum: 0.0]
      [GC Worker Total (ms): Min: 10.1, Avg: 10.1, Max: 10.1, Diff: 0.0, Sum: 20.2]
      [GC Worker End (ms): Min: 434247.2, Avg: 434247.2, Max: 434247.2, Diff: 0.0]
   [Code Root Fixup: 0.0 ms]
   [Code Root Purge: 0.0 ms]
   [Clear CT: 0.1 ms]
   [Other: 0.4 ms]
      [Choose CSet: 0.0 ms]
      [Ref Proc: 0.1 ms]
      [Ref Enq: 0.0 ms]
      [Redirty Cards: 0.0 ms]
      [Humongous Register: 0.0 ms]
      [Humongous Reclaim: 0.0 ms]
      [Free CSet: 0.1 ms]
   [Eden: 257.0M(257.0M)->0.0B(264.0M) Survivors: 17408.0K->11264.0K Heap: 401.8M(472.0M)->138.8M(472.0M)]
 [Times: user=0.02 sys=0.00, real=0.01 secs] 
2024-07-06T11:31:20.499+0800: 434.666: [GC pause (G1 Evacuation Pause) (young), 0.0207318 secs]
   [Parallel Time: 20.1 ms, GC Workers: 2]
      [GC Worker Start (ms): Min: 434665.7, Avg: 434665.7, Max: 434665.7, Diff: 0.0]
      [Ext Root Scanning (ms): Min: 0.5, Avg: 0.5, Max: 0.5, Diff: 0.0, Sum: 1.1]
      [Update RS (ms): Min: 0.0, Avg: 0.0, Max: 0.0, Diff: 0.0, Sum: 0.1]
         [Processed Buffers: Min: 3, Avg: 3.5, Max: 4, Diff: 1, Sum: 7]
      [Scan RS (ms): Min: 0.1, Avg: 0.1, Max: 0.1, Diff: 0.0, Sum: 0.2]
      [Code Root Scanning (ms): Min: 0.0, Avg: 0.0, Max: 0.0, Diff: 0.0, Sum: 0.0]
      [Object Copy (ms): Min: 19.3, Avg: 19.4, Max: 19.4, Diff: 0.0, Sum: 38.7]
      [Termination (ms): Min: 0.0, Avg: 0.0, Max: 0.0, Diff: 0.0, Sum: 0.0]
         [Termination Attempts: Min: 1, Avg: 1.0, Max: 1, Diff: 0, Sum: 2]
      [GC Worker Other (ms): Min: 0.0, Avg: 0.0, Max: 0.0, Diff: 0.0, Sum: 0.0]
      [GC Worker Total (ms): Min: 20.0, Avg: 20.0, Max: 20.1, Diff: 0.0, Sum: 40.1]
      [GC Worker End (ms): Min: 434685.7, Avg: 434685.7, Max: 434685.7, Diff: 0.0]
   [Code Root Fixup: 0.0 ms]
   [Code Root Purge: 0.0 ms]
   [Clear CT: 0.1 ms]
   [Other: 0.5 ms]
      [Choose CSet: 0.0 ms]
      [Ref Proc: 0.1 ms]
      [Ref Enq: 0.0 ms]
      [Redirty Cards: 0.1 ms]
      [Humongous Register: 0.0 ms]
      [Humongous Reclaim: 0.0 ms]
      [Free CSet: 0.2 ms]
   [Eden: 264.0M(264.0M)->0.0B(259.0M) Survivors: 11264.0K->16384.0K Heap: 402.8M(472.0M)->144.3M(472.0M)]
 [Times: user=0.04 sys=0.00, real=0.02 secs] 
2024-07-06T11:31:20.935+0800: 435.101: [GC pause (G1 Evacuation Pause) (young), 0.0178390 secs]
   [Parallel Time: 17.3 ms, GC Workers: 2]
      [GC Worker Start (ms): Min: 435100.9, Avg: 435100.9, Max: 435100.9, Diff: 0.0]
      [Ext Root Scanning (ms): Min: 0.6, Avg: 0.6, Max: 0.6, Diff: 0.0, Sum: 1.2]
      [Update RS (ms): Min: 0.0, Avg: 0.0, Max: 0.0, Diff: 0.0, Sum: 0.1]
         [Processed Buffers: Min: 2, Avg: 3.0, Max: 4, Diff: 2, Sum: 6]
      [Scan RS (ms): Min: 0.1, Avg: 0.1, Max: 0.1, Diff: 0.0, Sum: 0.2]
      [Code Root Scanning (ms): Min: 0.0, Avg: 0.0, Max: 0.0, Diff: 0.0, Sum: 0.0]
      [Object Copy (ms): Min: 16.5, Avg: 16.5, Max: 16.5, Diff: 0.0, Sum: 33.1]
      [Termination (ms): Min: 0.0, Avg: 0.0, Max: 0.0, Diff: 0.0, Sum: 0.0]
         [Termination Attempts: Min: 1, Avg: 1.0, Max: 1, Diff: 0, Sum: 2]
      [GC Worker Other (ms): Min: 0.0, Avg: 0.0, Max: 0.0, Diff: 0.0, Sum: 0.0]
      [GC Worker Total (ms): Min: 17.2, Avg: 17.2, Max: 17.3, Diff: 0.0, Sum: 34.5]
      [GC Worker End (ms): Min: 435118.1, Avg: 435118.1, Max: 435118.1, Diff: 0.0]
   [Code Root Fixup: 0.0 ms]
   [Code Root Purge: 0.0 ms]
   [Clear CT: 0.1 ms]
   [Other: 0.4 ms]
      [Choose CSet: 0.0 ms]
      [Ref Proc: 0.1 ms]
      [Ref Enq: 0.0 ms]
      [Redirty Cards: 0.0 ms]
      [Humongous Register: 0.0 ms]
      [Humongous Reclaim: 0.0 ms]
      [Free CSet: 0.1 ms]
   [Eden: 259.0M(259.0M)->0.0B(258.0M) Survivors: 16384.0K->17408.0K Heap: 403.3M(472.0M)->144.8M(472.0M)]
 [Times: user=0.03 sys=0.00, real=0.02 secs] 
2024-07-06T11:31:21.539+0800: 435.705: [GC pause (G1 Evacuation Pause) (young), 0.0147487 secs]
   [Parallel Time: 14.1 ms, GC Workers: 2]
      [GC Worker Start (ms): Min: 435704.9, Avg: 435705.6, Max: 435706.3, Diff: 1.3]
      [Ext Root Scanning (ms): Min: 0.0, Avg: 0.4, Max: 0.8, Diff: 0.8, Sum: 0.8]
      [Update RS (ms): Min: 0.0, Avg: 0.0, Max: 0.0, Diff: 0.0, Sum: 0.0]
         [Processed Buffers: Min: 0, Avg: 3.5, Max: 7, Diff: 7, Sum: 7]
      [Scan RS (ms): Min: 0.0, Avg: 0.1, Max: 0.1, Diff: 0.1, Sum: 0.1]
      [Code Root Scanning (ms): Min: 0.0, Avg: 0.0, Max: 0.0, Diff: 0.0, Sum: 0.0]
      [Object Copy (ms): Min: 12.2, Avg: 12.7, Max: 13.1, Diff: 0.9, Sum: 25.3]
      [Termination (ms): Min: 0.0, Avg: 0.2, Max: 0.5, Diff: 0.5, Sum: 0.5]
         [Termination Attempts: Min: 1, Avg: 1.0, Max: 1, Diff: 0, Sum: 2]
      [GC Worker Other (ms): Min: 0.0, Avg: 0.0, Max: 0.0, Diff: 0.0, Sum: 0.0]
      [GC Worker Total (ms): Min: 12.7, Avg: 13.4, Max: 14.1, Diff: 1.3, Sum: 26.8]
      [GC Worker End (ms): Min: 435719.0, Avg: 435719.0, Max: 435719.0, Diff: 0.0]
   [Code Root Fixup: 0.0 ms]
   [Code Root Purge: 0.0 ms]
   [Clear CT: 0.2 ms]
   [Other: 0.5 ms]
      [Choose CSet: 0.0 ms]
      [Ref Proc: 0.1 ms]
      [Ref Enq: 0.0 ms]
      [Redirty Cards: 0.0 ms]
      [Humongous Register: 0.0 ms]
      [Humongous Reclaim: 0.0 ms]
      [Free CSet: 0.1 ms]
   [Eden: 258.0M(258.0M)->0.0B(268.0M) Survivors: 17408.0K->9216.0K Heap: 402.8M(472.0M)->136.8M(472.0M)]
 [Times: user=0.03 sys=0.00, real=0.01 secs] 
2024-07-06T11:31:22.101+0800: 436.267: [GC pause (G1 Evacuation Pause) (young), 0.0156579 secs]
   [Parallel Time: 15.1 ms, GC Workers: 2]
      [GC Worker Start (ms): Min: 436267.0, Avg: 436267.0, Max: 436267.1, Diff: 0.0]
      [Ext Root Scanning (ms): Min: 0.5, Avg: 0.5, Max: 0.5, Diff: 0.0, Sum: 1.1]
      [Update RS (ms): Min: 0.0, Avg: 0.0, Max: 0.0, Diff: 0.0, Sum: 0.1]
         [Processed Buffers: Min: 2, Avg: 2.5, Max: 3, Diff: 1, Sum: 5]
      [Scan RS (ms): Min: 0.1, Avg: 0.1, Max: 0.1, Diff: 0.0, Sum: 0.2]
      [Code Root Scanning (ms): Min: 0.0, Avg: 0.0, Max: 0.0, Diff: 0.0, Sum: 0.0]
      [Object Copy (ms): Min: 14.4, Avg: 14.4, Max: 14.4, Diff: 0.0, Sum: 28.8]
      [Termination (ms): Min: 0.0, Avg: 0.0, Max: 0.0, Diff: 0.0, Sum: 0.0]
         [Termination Attempts: Min: 1, Avg: 1.0, Max: 1, Diff: 0, Sum: 2]
      [GC Worker Other (ms): Min: 0.0, Avg: 0.0, Max: 0.0, Diff: 0.0, Sum: 0.0]
      [GC Worker Total (ms): Min: 15.0, Avg: 15.0, Max: 15.1, Diff: 0.0, Sum: 30.1]
      [GC Worker End (ms): Min: 436282.1, Avg: 436282.1, Max: 436282.1, Diff: 0.0]
   [Code Root Fixup: 0.0 ms]
   [Code Root Purge: 0.0 ms]
   [Clear CT: 0.1 ms]
   [Other: 0.4 ms]
      [Choose CSet: 0.0 ms]
      [Ref Proc: 0.1 ms]
      [Ref Enq: 0.0 ms]
      [Redirty Cards: 0.1 ms]
      [Humongous Register: 0.0 ms]
      [Humongous Reclaim: 0.0 ms]
      [Free CSet: 0.2 ms]
   [Eden: 268.0M(268.0M)->0.0B(263.0M) Survivors: 9216.0K->13312.0K Heap: 404.8M(472.0M)->141.3M(472.0M)]
 [Times: user=0.03 sys=0.00, real=0.02 secs] 
2024-07-06T11:31:22.554+0800: 436.721: [GC pause (G1 Evacuation Pause) (young), 0.0155966 secs]
   [Parallel Time: 15.0 ms, GC Workers: 2]
      [GC Worker Start (ms): Min: 436720.6, Avg: 436720.6, Max: 436720.6, Diff: 0.0]
      [Ext Root Scanning (ms): Min: 0.6, Avg: 0.6, Max: 0.6, Diff: 0.0, Sum: 1.1]
      [Update RS (ms): Min: 0.0, Avg: 0.0, Max: 0.0, Diff: 0.0, Sum: 0.1]
         [Processed Buffers: Min: 3, Avg: 3.0, Max: 3, Diff: 0, Sum: 6]
      [Scan RS (ms): Min: 0.1, Avg: 0.1, Max: 0.1, Diff: 0.0, Sum: 0.2]
      [Code Root Scanning (ms): Min: 0.0, Avg: 0.0, Max: 0.0, Diff: 0.0, Sum: 0.0]
      [Object Copy (ms): Min: 14.2, Avg: 14.2, Max: 14.3, Diff: 0.0, Sum: 28.5]
      [Termination (ms): Min: 0.0, Avg: 0.0, Max: 0.0, Diff: 0.0, Sum: 0.0]
         [Termination Attempts: Min: 1, Avg: 1.0, Max: 1, Diff: 0, Sum: 2]
      [GC Worker Other (ms): Min: 0.0, Avg: 0.0, Max: 0.0, Diff: 0.0, Sum: 0.0]
      [GC Worker Total (ms): Min: 14.9, Avg: 14.9, Max: 14.9, Diff: 0.0, Sum: 29.9]
      [GC Worker End (ms): Min: 436735.5, Avg: 436735.5, Max: 436735.5, Diff: 0.0]
   [Code Root Fixup: 0.0 ms]
   [Code Root Purge: 0.0 ms]
   [Clear CT: 0.1 ms]
   [Other: 0.5 ms]
      [Choose CSet: 0.0 ms]
      [Ref Proc: 0.1 ms]
      [Ref Enq: 0.0 ms]
      [Redirty Cards: 0.1 ms]
      [Humongous Register: 0.0 ms]
      [Humongous Reclaim: 0.0 ms]
      [Free CSet: 0.2 ms]
   [Eden: 263.0M(263.0M)->0.0B(262.0M) Survivors: 13312.0K->14336.0K Heap: 404.3M(472.0M)->142.3M(472.0M)]
 [Times: user=0.03 sys=0.00, real=0.02 secs] 
2024-07-06T11:31:23.023+0800: 437.189: [GC pause (G1 Evacuation Pause) (young), 0.0129523 secs]
   [Parallel Time: 12.4 ms, GC Workers: 2]
      [GC Worker Start (ms): Min: 437189.6, Avg: 437189.6, Max: 437189.6, Diff: 0.0]
      [Ext Root Scanning (ms): Min: 0.6, Avg: 0.6, Max: 0.6, Diff: 0.0, Sum: 1.2]
      [Update RS (ms): Min: 0.0, Avg: 0.0, Max: 0.0, Diff: 0.0, Sum: 0.1]
         [Processed Buffers: Min: 3, Avg: 3.5, Max: 4, Diff: 1, Sum: 7]
      [Scan RS (ms): Min: 0.1, Avg: 0.1, Max: 0.1, Diff: 0.0, Sum: 0.2]
      [Code Root Scanning (ms): Min: 0.0, Avg: 0.0, Max: 0.0, Diff: 0.0, Sum: 0.0]
      [Object Copy (ms): Min: 11.6, Avg: 11.6, Max: 11.6, Diff: 0.0, Sum: 23.3]
      [Termination (ms): Min: 0.0, Avg: 0.0, Max: 0.0, Diff: 0.0, Sum: 0.0]
         [Termination Attempts: Min: 1, Avg: 1.0, Max: 1, Diff: 0, Sum: 2]
      [GC Worker Other (ms): Min: 0.0, Avg: 0.0, Max: 0.0, Diff: 0.0, Sum: 0.0]
      [GC Worker Total (ms): Min: 12.4, Avg: 12.4, Max: 12.4, Diff: 0.0, Sum: 24.7]
      [GC Worker End (ms): Min: 437201.9, Avg: 437201.9, Max: 437202.0, Diff: 0.0]
   [Code Root Fixup: 0.0 ms]
   [Code Root Purge: 0.0 ms]
   [Clear CT: 0.1 ms]
   [Other: 0.4 ms]
      [Choose CSet: 0.0 ms]
      [Ref Proc: 0.1 ms]
      [Ref Enq: 0.0 ms]
      [Redirty Cards: 0.0 ms]
      [Humongous Register: 0.0 ms]
      [Humongous Reclaim: 0.0 ms]
      [Free CSet: 0.2 ms]
   [Eden: 262.0M(262.0M)->0.0B(265.0M) Survivors: 14336.0K->12288.0K Heap: 404.3M(472.0M)->139.8M(472.0M)]
 [Times: user=0.02 sys=0.00, real=0.02 secs] 
2024-07-06T11:31:23.527+0800: 437.693: [GC pause (G1 Evacuation Pause) (young), 0.0118570 secs]
   [Parallel Time: 11.4 ms, GC Workers: 2]
      [GC Worker Start (ms): Min: 437693.6, Avg: 437693.6, Max: 437693.6, Diff: 0.0]
      [Ext Root Scanning (ms): Min: 0.5, Avg: 0.5, Max: 0.5, Diff: 0.0, Sum: 1.1]
      [Update RS (ms): Min: 0.0, Avg: 0.0, Max: 0.0, Diff: 0.0, Sum: 0.1]
         [Processed Buffers: Min: 1, Avg: 3.0, Max: 5, Diff: 4, Sum: 6]
      [Scan RS (ms): Min: 0.1, Avg: 0.1, Max: 0.1, Diff: 0.0, Sum: 0.2]
      [Code Root Scanning (ms): Min: 0.0, Avg: 0.0, Max: 0.0, Diff: 0.0, Sum: 0.0]
      [Object Copy (ms): Min: 10.6, Avg: 10.6, Max: 10.6, Diff: 0.0, Sum: 21.2]
      [Termination (ms): Min: 0.0, Avg: 0.0, Max: 0.0, Diff: 0.0, Sum: 0.0]
         [Termination Attempts: Min: 1, Avg: 1.5, Max: 2, Diff: 1, Sum: 3]
      [GC Worker Other (ms): Min: 0.0, Avg: 0.0, Max: 0.0, Diff: 0.0, Sum: 0.0]
      [GC Worker Total (ms): Min: 11.3, Avg: 11.3, Max: 11.3, Diff: 0.0, Sum: 22.6]
      [GC Worker End (ms): Min: 437704.9, Avg: 437704.9, Max: 437704.9, Diff: 0.0]
   [Code Root Fixup: 0.0 ms]
   [Code Root Purge: 0.0 ms]
   [Clear CT: 0.1 ms]
   [Other: 0.4 ms]
      [Choose CSet: 0.0 ms]
      [Ref Proc: 0.1 ms]
      [Ref Enq: 0.0 ms]
      [Redirty Cards: 0.0 ms]
      [Humongous Register: 0.0 ms]
      [Humongous Reclaim: 0.0 ms]
      [Free CSet: 0.1 ms]
   [Eden: 265.0M(265.0M)->0.0B(269.0M) Survivors: 12288.0K->9216.0K Heap: 404.8M(472.0M)->136.9M(472.0M)]
 [Times: user=0.03 sys=0.00, real=0.01 secs] 
2024-07-06T11:31:23.963+0800: 438.129: [GC pause (G1 Evacuation Pause) (young), 0.0206072 secs]
   [Parallel Time: 20.1 ms, GC Workers: 2]
      [GC Worker Start (ms): Min: 438129.6, Avg: 438129.6, Max: 438129.6, Diff: 0.0]
      [Ext Root Scanning (ms): Min: 0.5, Avg: 0.5, Max: 0.6, Diff: 0.0, Sum: 1.1]
      [Update RS (ms): Min: 0.0, Avg: 0.0, Max: 0.0, Diff: 0.0, Sum: 0.1]
         [Processed Buffers: Min: 2, Avg: 3.5, Max: 5, Diff: 3, Sum: 7]
      [Scan RS (ms): Min: 0.1, Avg: 0.1, Max: 0.1, Diff: 0.0, Sum: 0.2]
      [Code Root Scanning (ms): Min: 0.0, Avg: 0.0, Max: 0.0, Diff: 0.0, Sum: 0.0]
      [Object Copy (ms): Min: 19.3, Avg: 19.3, Max: 19.3, Diff: 0.0, Sum: 38.7]
      [Termination (ms): Min: 0.0, Avg: 0.0, Max: 0.0, Diff: 0.0, Sum: 0.0]
         [Termination Attempts: Min: 1, Avg: 1.0, Max: 1, Diff: 0, Sum: 2]
      [GC Worker Other (ms): Min: 0.0, Avg: 0.0, Max: 0.0, Diff: 0.0, Sum: 0.0]
      [GC Worker Total (ms): Min: 20.0, Avg: 20.0, Max: 20.0, Diff: 0.0, Sum: 40.1]
      [GC Worker End (ms): Min: 438149.6, Avg: 438149.6, Max: 438149.6, Diff: 0.0]
   [Code Root Fixup: 0.0 ms]
   [Code Root Purge: 0.0 ms]
   [Clear CT: 0.1 ms]
   [Other: 0.4 ms]
      [Choose CSet: 0.0 ms]
      [Ref Proc: 0.1 ms]
      [Ref Enq: 0.0 ms]
      [Redirty Cards: 0.0 ms]
      [Humongous Register: 0.0 ms]
      [Humongous Reclaim: 0.0 ms]
      [Free CSet: 0.2 ms]
   [Eden: 269.0M(269.0M)->0.0B(257.0M) Survivors: 9216.0K->18432.0K Heap: 405.9M(472.0M)->145.9M(472.0M)]
 [Times: user=0.04 sys=0.00, real=0.02 secs] 
2024-07-06T11:31:24.468+0800: 438.634: [GC pause (G1 Evacuation Pause) (young), 0.0133464 secs]
   [Parallel Time: 12.9 ms, GC Workers: 2]
      [GC Worker Start (ms): Min: 438634.4, Avg: 438634.4, Max: 438634.4, Diff: 0.0]
      [Ext Root Scanning (ms): Min: 0.5, Avg: 0.5, Max: 0.5, Diff: 0.0, Sum: 1.0]
      [Update RS (ms): Min: 0.0, Avg: 0.0, Max: 0.1, Diff: 0.1, Sum: 0.1]
         [Processed Buffers: Min: 0, Avg: 3.5, Max: 7, Diff: 7, Sum: 7]
      [Scan RS (ms): Min: 0.1, Avg: 0.1, Max: 0.1, Diff: 0.0, Sum: 0.1]
      [Code Root Scanning (ms): Min: 0.0, Avg: 0.0, Max: 0.0, Diff: 0.0, Sum: 0.0]
      [Object Copy (ms): Min: 12.2, Avg: 12.2, Max: 12.3, Diff: 0.0, Sum: 24.5]
      [Termination (ms): Min: 0.0, Avg: 0.0, Max: 0.0, Diff: 0.0, Sum: 0.0]
         [Termination Attempts: Min: 1, Avg: 1.0, Max: 1, Diff: 0, Sum: 2]
      [GC Worker Other (ms): Min: 0.0, Avg: 0.0, Max: 0.0, Diff: 0.0, Sum: 0.0]
      [GC Worker Total (ms): Min: 12.8, Avg: 12.8, Max: 12.8, Diff: 0.0, Sum: 25.6]
      [GC Worker End (ms): Min: 438647.3, Avg: 438647.3, Max: 438647.3, Diff: 0.0]
   [Code Root Fixup: 0.0 ms]
   [Code Root Purge: 0.0 ms]
   [Clear CT: 0.1 ms]
   [Other: 0.4 ms]
      [Choose CSet: 0.0 ms]
      [Ref Proc: 0.1 ms]
      [Ref Enq: 0.0 ms]
      [Redirty Cards: 0.0 ms]
      [Humongous Register: 0.0 ms]
      [Humongous Reclaim: 0.0 ms]
      [Free CSet: 0.1 ms]
   [Eden: 257.0M(257.0M)->0.0B(263.0M) Survivors: 18432.0K->13312.0K Heap: 402.9M(472.0M)->141.4M(472.0M)]
 [Times: user=0.03 sys=0.00, real=0.01 secs] 
2024-07-06T11:31:24.899+0800: 439.065: [GC pause (G1 Evacuation Pause) (young), 0.0202327 secs]
   [Parallel Time: 19.7 ms, GC Workers: 2]
      [GC Worker Start (ms): Min: 439064.9, Avg: 439064.9, Max: 439064.9, Diff: 0.0]
      [Ext Root Scanning (ms): Min: 0.5, Avg: 0.5, Max: 0.5, Diff: 0.0, Sum: 1.1]
      [Update RS (ms): Min: 0.0, Avg: 0.0, Max: 0.0, Diff: 0.0, Sum: 0.1]
         [Processed Buffers: Min: 2, Avg: 2.5, Max: 3, Diff: 1, Sum: 5]
      [Scan RS (ms): Min: 0.1, Avg: 0.1, Max: 0.1, Diff: 0.0, Sum: 0.1]
      [Code Root Scanning (ms): Min: 0.0, Avg: 0.0, Max: 0.0, Diff: 0.0, Sum: 0.0]
      [Object Copy (ms): Min: 19.0, Avg: 19.0, Max: 19.0, Diff: 0.0, Sum: 38.0]
      [Termination (ms): Min: 0.0, Avg: 0.0, Max: 0.0, Diff: 0.0, Sum: 0.0]
         [Termination Attempts: Min: 14, Avg: 17.0, Max: 20, Diff: 6, Sum: 34]
      [GC Worker Other (ms): Min: 0.0, Avg: 0.0, Max: 0.0, Diff: 0.0, Sum: 0.0]
      [GC Worker Total (ms): Min: 19.6, Avg: 19.6, Max: 19.6, Diff: 0.0, Sum: 39.3]
      [GC Worker End (ms): Min: 439084.6, Avg: 439084.6, Max: 439084.6, Diff: 0.0]
   [Code Root Fixup: 0.0 ms]
   [Code Root Purge: 0.0 ms]
   [Clear CT: 0.1 ms]
   [Other: 0.4 ms]
      [Choose CSet: 0.0 ms]
      [Ref Proc: 0.1 ms]
      [Ref Enq: 0.0 ms]
      [Redirty Cards: 0.0 ms]
      [Humongous Register: 0.0 ms]
      [Humongous Reclaim: 0.0 ms]
      [Free CSet: 0.2 ms]
   [Eden: 263.0M(263.0M)->0.0B(257.0M) Survivors: 13312.0K->18432.0K Heap: 404.4M(472.0M)->145.9M(472.0M)]
 [Times: user=0.04 sys=0.00, real=0.02 secs] 
2024-07-06T11:31:25.339+0800: 439.505: [GC pause (G1 Evacuation Pause) (young), 0.0113694 secs]
   [Parallel Time: 10.9 ms, GC Workers: 2]
      [GC Worker Start (ms): Min: 439505.5, Avg: 439505.6, Max: 439505.6, Diff: 0.0]
      [Ext Root Scanning (ms): Min: 0.5, Avg: 0.5, Max: 0.5, Diff: 0.0, Sum: 1.0]
      [Update RS (ms): Min: 0.0, Avg: 0.0, Max: 0.0, Diff: 0.0, Sum: 0.1]
         [Processed Buffers: Min: 3, Avg: 3.5, Max: 4, Diff: 1, Sum: 7]
      [Scan RS (ms): Min: 0.1, Avg: 0.1, Max: 0.1, Diff: 0.0, Sum: 0.1]
      [Code Root Scanning (ms): Min: 0.0, Avg: 0.0, Max: 0.0, Diff: 0.0, Sum: 0.0]
      [Object Copy (ms): Min: 10.2, Avg: 10.2, Max: 10.2, Diff: 0.0, Sum: 20.4]
      [Termination (ms): Min: 0.0, Avg: 0.0, Max: 0.0, Diff: 0.0, Sum: 0.0]
         [Termination Attempts: Min: 1, Avg: 3.0, Max: 5, Diff: 4, Sum: 6]
      [GC Worker Other (ms): Min: 0.0, Avg: 0.0, Max: 0.0, Diff: 0.0, Sum: 0.0]
      [GC Worker Total (ms): Min: 10.8, Avg: 10.8, Max: 10.8, Diff: 0.0, Sum: 21.6]
      [GC Worker End (ms): Min: 439516.4, Avg: 439516.4, Max: 439516.4, Diff: 0.0]
   [Code Root Fixup: 0.0 ms]
   [Code Root Purge: 0.0 ms]
   [Clear CT: 0.1 ms]
   [Other: 0.4 ms]
      [Choose CSet: 0.0 ms]
      [Ref Proc: 0.1 ms]
      [Ref Enq: 0.0 ms]
      [Redirty Cards: 0.0 ms]
      [Humongous Register: 0.0 ms]
      [Humongous Reclaim: 0.0 ms]
      [Free CSet: 0.1 ms]
   [Eden: 257.0M(257.0M)->0.0B(264.0M) Survivors: 18432.0K->12288.0K Heap: 402.9M(472.0M)->139.9M(472.0M)]
 [Times: user=0.03 sys=0.00, real=0.01 secs] 
2024-07-06T11:31:25.757+0800: 439.923: [GC pause (G1 Evacuation Pause) (young), 0.0190166 secs]
   [Parallel Time: 18.5 ms, GC Workers: 2]
      [GC Worker Start (ms): Min: 439923.2, Avg: 439923.2, Max: 439923.2, Diff: 0.0]
      [Ext Root Scanning (ms): Min: 0.5, Avg: 0.5, Max: 0.5, Diff: 0.0, Sum: 1.0]
      [Update RS (ms): Min: 0.0, Avg: 0.0, Max: 0.0, Diff: 0.0, Sum: 0.1]
         [Processed Buffers: Min: 2, Avg: 3.0, Max: 4, Diff: 2, Sum: 6]
      [Scan RS (ms): Min: 0.1, Avg: 0.1, Max: 0.1, Diff: 0.0, Sum: 0.2]
      [Code Root Scanning (ms): Min: 0.0, Avg: 0.0, Max: 0.0, Diff: 0.0, Sum: 0.0]
      [Object Copy (ms): Min: 17.8, Avg: 17.8, Max: 17.8, Diff: 0.0, Sum: 35.6]
      [Termination (ms): Min: 0.0, Avg: 0.0, Max: 0.0, Diff: 0.0, Sum: 0.0]
         [Termination Attempts: Min: 1, Avg: 1.0, Max: 1, Diff: 0, Sum: 2]
      [GC Worker Other (ms): Min: 0.0, Avg: 0.0, Max: 0.0, Diff: 0.0, Sum: 0.0]
      [GC Worker Total (ms): Min: 18.4, Avg: 18.4, Max: 18.4, Diff: 0.0, Sum: 36.8]
      [GC Worker End (ms): Min: 439941.6, Avg: 439941.6, Max: 439941.6, Diff: 0.0]
   [Code Root Fixup: 0.0 ms]
   [Code Root Purge: 0.0 ms]
   [Clear CT: 0.1 ms]
   [Other: 0.4 ms]
      [Choose CSet: 0.0 ms]
      [Ref Proc: 0.1 ms]
      [Ref Enq: 0.0 ms]
      [Redirty Cards: 0.0 ms]
      [Humongous Register: 0.0 ms]
      [Humongous Reclaim: 0.0 ms]
      [Free CSet: 0.2 ms]
   [Eden: 264.0M(264.0M)->0.0B(258.0M) Survivors: 12288.0K->17408.0K Heap: 403.9M(472.0M)->144.9M(472.0M)]
 [Times: user=0.03 sys=0.00, real=0.02 secs] 
2024-07-06T11:31:26.203+0800: 440.370: [GC pause (G1 Evacuation Pause) (young), 0.0239321 secs]
   [Parallel Time: 23.4 ms, GC Workers: 2]
      [GC Worker Start (ms): Min: 440369.6, Avg: 440369.6, Max: 440369.6, Diff: 0.0]
      [Ext Root Scanning (ms): Min: 0.5, Avg: 0.5, Max: 0.5, Diff: 0.0, Sum: 1.0]
      [Update RS (ms): Min: 0.0, Avg: 0.0, Max: 0.0, Diff: 0.0, Sum: 0.1]
         [Processed Buffers: Min: 3, Avg: 3.5, Max: 4, Diff: 1, Sum: 7]
      [Scan RS (ms): Min: 0.1, Avg: 0.1, Max: 0.1, Diff: 0.0, Sum: 0.1]
      [Code Root Scanning (ms): Min: 0.0, Avg: 0.0, Max: 0.0, Diff: 0.0, Sum: 0.0]
      [Object Copy (ms): Min: 22.7, Avg: 22.7, Max: 22.7, Diff: 0.0, Sum: 45.5]
      [Termination (ms): Min: 0.0, Avg: 0.0, Max: 0.0, Diff: 0.0, Sum: 0.0]
         [Termination Attempts: Min: 1, Avg: 1.0, Max: 1, Diff: 0, Sum: 2]
      [GC Worker Other (ms): Min: 0.0, Avg: 0.0, Max: 0.0, Diff: 0.0, Sum: 0.0]
      [GC Worker Total (ms): Min: 23.4, Avg: 23.4, Max: 23.4, Diff: 0.0, Sum: 46.7]
      [GC Worker End (ms): Min: 440393.0, Avg: 440393.0, Max: 440393.0, Diff: 0.0]
   [Code Root Fixup: 0.0 ms]
   [Code Root Purge: 0.0 ms]
   [Clear CT: 0.1 ms]
   [Other: 0.4 ms]
      [Choose CSet: 0.0 ms]
      [Ref Proc: 0.1 ms]
      [Ref Enq: 0.0 ms]
      [Redirty Cards: 0.0 ms]
      [Humongous Register: 0.0 ms]
      [Humongous Reclaim: 0.0 ms]
      [Free CSet: 0.2 ms]
   [Eden: 258.0M(258.0M)->0.0B(257.0M) Survivors: 17408.0K->17408.0K Heap: 402.9M(472.0M)->144.9M(472.0M)]
 [Times: user=0.04 sys=0.00, real=0.03 secs] 
2024-07-06T11:31:26.635+0800: 440.801: [GC pause (G1 Evacuation Pause) (young), 0.0186191 secs]
   [Parallel Time: 18.0 ms, GC Workers: 2]
      [GC Worker Start (ms): Min: 440801.6, Avg: 440801.6, Max: 440801.6, Diff: 0.0]
      [Ext Root Scanning (ms): Min: 0.6, Avg: 0.6, Max: 0.6, Diff: 0.0, Sum: 1.1]
      [Update RS (ms): Min: 0.0, Avg: 0.0, Max: 0.0, Diff: 0.0, Sum: 0.1]
         [Processed Buffers: Min: 2, Avg: 3.0, Max: 4, Diff: 2, Sum: 6]
      [Scan RS (ms): Min: 0.1, Avg: 0.1, Max: 0.1, Diff: 0.0, Sum: 0.1]
      [Code Root Scanning (ms): Min: 0.0, Avg: 0.0, Max: 0.0, Diff: 0.0, Sum: 0.0]
      [Object Copy (ms): Min: 17.3, Avg: 17.3, Max: 17.3, Diff: 0.0, Sum: 34.5]
      [Termination (ms): Min: 0.0, Avg: 0.0, Max: 0.0, Diff: 0.0, Sum: 0.0]
         [Termination Attempts: Min: 1, Avg: 1.0, Max: 1, Diff: 0, Sum: 2]
      [GC Worker Other (ms): Min: 0.0, Avg: 0.0, Max: 0.0, Diff: 0.0, Sum: 0.0]
      [GC Worker Total (ms): Min: 18.0, Avg: 18.0, Max: 18.0, Diff: 0.0, Sum: 35.9]
      [GC Worker End (ms): Min: 440819.5, Avg: 440819.5, Max: 440819.5, Diff: 0.0]
   [Code Root Fixup: 0.0 ms]
   [Code Root Purge: 0.0 ms]
   [Clear CT: 0.1 ms]
   [Other: 0.5 ms]
      [Choose CSet: 0.0 ms]
      [Ref Proc: 0.1 ms]
      [Ref Enq: 0.0 ms]
      [Redirty Cards: 0.0 ms]
      [Humongous Register: 0.0 ms]
      [Humongous Reclaim: 0.0 ms]
      [Free CSet: 0.2 ms]
   [Eden: 257.0M(257.0M)->0.0B(258.0M) Survivors: 17408.0K->16384.0K Heap: 401.9M(472.0M)->144.4M(472.0M)]
 [Times: user=0.04 sys=0.00, real=0.01 secs] 
2024-07-06T11:31:27.055+0800: 441.221: [GC pause (G1 Evacuation Pause) (young), 0.0178209 secs]
   [Parallel Time: 17.4 ms, GC Workers: 2]
      [GC Worker Start (ms): Min: 441221.5, Avg: 441221.5, Max: 441221.5, Diff: 0.0]
      [Ext Root Scanning (ms): Min: 0.5, Avg: 0.5, Max: 0.5, Diff: 0.0, Sum: 1.0]
      [Update RS (ms): Min: 0.0, Avg: 0.0, Max: 0.0, Diff: 0.0, Sum: 0.1]
         [Processed Buffers: Min: 3, Avg: 3.5, Max: 4, Diff: 1, Sum: 7]
      [Scan RS (ms): Min: 0.1, Avg: 0.1, Max: 0.1, Diff: 0.0, Sum: 0.1]
      [Code Root Scanning (ms): Min: 0.0, Avg: 0.0, Max: 0.0, Diff: 0.0, Sum: 0.0]
      [Object Copy (ms): Min: 16.7, Avg: 16.7, Max: 16.7, Diff: 0.0, Sum: 33.4]
      [Termination (ms): Min: 0.0, Avg: 0.0, Max: 0.0, Diff: 0.0, Sum: 0.0]
         [Termination Attempts: Min: 1, Avg: 1.0, Max: 1, Diff: 0, Sum: 2]
      [GC Worker Other (ms): Min: 0.0, Avg: 0.0, Max: 0.0, Diff: 0.0, Sum: 0.0]
      [GC Worker Total (ms): Min: 17.3, Avg: 17.3, Max: 17.3, Diff: 0.0, Sum: 34.6]
      [GC Worker End (ms): Min: 441238.9, Avg: 441238.9, Max: 441238.9, Diff: 0.0]
   [Code Root Fixup: 0.0 ms]
   [Code Root Purge: 0.0 ms]
   [Clear CT: 0.1 ms]
   [Other: 0.4 ms]
      [Choose CSet: 0.0 ms]
      [Ref Proc: 0.1 ms]
      [Ref Enq: 0.0 ms]
      [Redirty Cards: 0.0 ms]
      [Humongous Register: 0.0 ms]
      [Humongous Reclaim: 0.0 ms]
      [Free CSet: 0.1 ms]
   [Eden: 258.0M(258.0M)->0.0B(257.0M) Survivors: 16384.0K->17408.0K Heap: 402.4M(472.0M)->144.9M(472.0M)]
 [Times: user=0.04 sys=0.00, real=0.01 secs] 
2024-07-06T11:31:27.477+0800: 441.643: [GC pause (G1 Evacuation Pause) (young), 0.0185710 secs]
   [Parallel Time: 18.1 ms, GC Workers: 2]
      [GC Worker Start (ms): Min: 441643.1, Avg: 441643.1, Max: 441643.1, Diff: 0.0]
      [Ext Root Scanning (ms): Min: 0.5, Avg: 0.5, Max: 0.5, Diff: 0.0, Sum: 1.0]
      [Update RS (ms): Min: 0.0, Avg: 0.0, Max: 0.0, Diff: 0.0, Sum: 0.1]
         [Processed Buffers: Min: 2, Avg: 3.0, Max: 4, Diff: 2, Sum: 6]
      [Scan RS (ms): Min: 0.1, Avg: 0.1, Max: 0.1, Diff: 0.0, Sum: 0.1]
      [Code Root Scanning (ms): Min: 0.0, Avg: 0.0, Max: 0.0, Diff: 0.0, Sum: 0.0]
      [Object Copy (ms): Min: 17.4, Avg: 17.4, Max: 17.4, Diff: 0.0, Sum: 34.8]
      [Termination (ms): Min: 0.0, Avg: 0.0, Max: 0.0, Diff: 0.0, Sum: 0.0]
         [Termination Attempts: Min: 1, Avg: 1.0, Max: 1, Diff: 0, Sum: 2]
      [GC Worker Other (ms): Min: 0.0, Avg: 0.0, Max: 0.0, Diff: 0.0, Sum: 0.0]
      [GC Worker Total (ms): Min: 18.0, Avg: 18.0, Max: 18.0, Diff: 0.0, Sum: 36.1]
      [GC Worker End (ms): Min: 441661.1, Avg: 441661.1, Max: 441661.1, Diff: 0.0]
   [Code Root Fixup: 0.0 ms]
   [Code Root Purge: 0.0 ms]
   [Clear CT: 0.1 ms]
   [Other: 0.3 ms]
      [Choose CSet: 0.0 ms]
      [Ref Proc: 0.1 ms]
      [Ref Enq: 0.0 ms]
      [Redirty Cards: 0.0 ms]
      [Humongous Register: 0.0 ms]
      [Humongous Reclaim: 0.0 ms]
      [Free CSet: 0.1 ms]
   [Eden: 257.0M(257.0M)->0.0B(257.0M) Survivors: 17408.0K->17408.0K Heap: 401.9M(472.0M)->144.9M(472.0M)]
 [Times: user=0.04 sys=0.00, real=0.02 secs] 
2024-07-06T11:31:27.910+0800: 442.076: [GC pause (G1 Evacuation Pause) (young), 0.0202934 secs]
   [Parallel Time: 19.6 ms, GC Workers: 2]
      [GC Worker Start (ms): Min: 442076.3, Avg: 442076.3, Max: 442076.4, Diff: 0.0]
      [Ext Root Scanning (ms): Min: 0.8, Avg: 0.8, Max: 0.8, Diff: 0.0, Sum: 1.6]
      [Update RS (ms): Min: 0.0, Avg: 0.0, Max: 0.0, Diff: 0.0, Sum: 0.1]
         [Processed Buffers: Min: 2, Avg: 3.5, Max: 5, Diff: 3, Sum: 7]
      [Scan RS (ms): Min: 0.1, Avg: 0.2, Max: 0.2, Diff: 0.0, Sum: 0.3]
      [Code Root Scanning (ms): Min: 0.0, Avg: 0.0, Max: 0.0, Diff: 0.0, Sum: 0.0]
      [Object Copy (ms): Min: 18.4, Avg: 18.4, Max: 18.5, Diff: 0.1, Sum: 36.9]
      [Termination (ms): Min: 0.0, Avg: 0.0, Max: 0.0, Diff: 0.0, Sum: 0.0]
         [Termination Attempts: Min: 1, Avg: 1.0, Max: 1, Diff: 0, Sum: 2]
      [GC Worker Other (ms): Min: 0.0, Avg: 0.0, Max: 0.0, Diff: 0.0, Sum: 0.0]
      [GC Worker Total (ms): Min: 19.5, Avg: 19.5, Max: 19.5, Diff: 0.0, Sum: 38.9]
      [GC Worker End (ms): Min: 442095.8, Avg: 442095.8, Max: 442095.8, Diff: 0.0]
   [Code Root Fixup: 0.0 ms]
   [Code Root Purge: 0.0 ms]
   [Clear CT: 0.1 ms]
   [Other: 0.6 ms]
      [Choose CSet: 0.0 ms]
      [Ref Proc: 0.2 ms]
      [Ref Enq: 0.0 ms]
      [Redirty Cards: 0.0 ms]
      [Humongous Register: 0.0 ms]
      [Humongous Reclaim: 0.0 ms]
      [Free CSet: 0.2 ms]
   [Eden: 257.0M(257.0M)->0.0B(257.0M) Survivors: 17408.0K->17408.0K Heap: 401.9M(472.0M)->144.9M(472.0M)]
 [Times: user=0.04 sys=0.00, real=0.02 secs] 
2024-07-06T11:31:28.431+0800: 442.597: [GC pause (G1 Evacuation Pause) (young), 0.0210964 secs]
   [Parallel Time: 20.5 ms, GC Workers: 2]
      [GC Worker Start (ms): Min: 442597.5, Avg: 442597.6, Max: 442597.7, Diff: 0.2]
      [Ext Root Scanning (ms): Min: 0.6, Avg: 0.9, Max: 1.3, Diff: 0.7, Sum: 1.9]
      [Update RS (ms): Min: 0.0, Avg: 0.0, Max: 0.1, Diff: 0.1, Sum: 0.1]
         [Processed Buffers: Min: 0, Avg: 3.5, Max: 7, Diff: 7, Sum: 7]
      [Scan RS (ms): Min: 0.0, Avg: 0.1, Max: 0.1, Diff: 0.1, Sum: 0.1]
      [Code Root Scanning (ms): Min: 0.0, Avg: 0.0, Max: 0.0, Diff: 0.0, Sum: 0.0]
      [Object Copy (ms): Min: 19.1, Avg: 19.3, Max: 19.4, Diff: 0.3, Sum: 38.5]
      [Termination (ms): Min: 0.0, Avg: 0.0, Max: 0.0, Diff: 0.0, Sum: 0.0]
         [Termination Attempts: Min: 21, Avg: 23.0, Max: 25, Diff: 4, Sum: 46]
      [GC Worker Other (ms): Min: 0.0, Avg: 0.0, Max: 0.0, Diff: 0.0, Sum: 0.0]
      [GC Worker Total (ms): Min: 20.3, Avg: 20.3, Max: 20.4, Diff: 0.2, Sum: 40.7]
      [GC Worker End (ms): Min: 442618.0, Avg: 442618.0, Max: 442618.0, Diff: 0.0]
   [Code Root Fixup: 0.0 ms]
   [Code Root Purge: 0.0 ms]
   [Clear CT: 0.1 ms]
   [Other: 0.5 ms]
      [Choose CSet: 0.0 ms]
      [Ref Proc: 0.1 ms]
      [Ref Enq: 0.0 ms]
      [Redirty Cards: 0.0 ms]
      [Humongous Register: 0.0 ms]
      [Humongous Reclaim: 0.0 ms]
      [Free CSet: 0.2 ms]
   [Eden: 257.0M(257.0M)->0.0B(261.0M) Survivors: 17408.0K->14336.0K Heap: 401.9M(472.0M)->142.4M(472.0M)]
 [Times: user=0.04 sys=0.00, real=0.02 secs] 
2024-07-06T11:31:28.914+0800: 443.081: [GC pause (G1 Evacuation Pause) (young), 0.0191508 secs]
   [Parallel Time: 18.6 ms, GC Workers: 2]
      [GC Worker Start (ms): Min: 443080.7, Avg: 443080.7, Max: 443080.7, Diff: 0.0]
      [Ext Root Scanning (ms): Min: 0.5, Avg: 0.5, Max: 0.5, Diff: 0.0, Sum: 1.0]
      [Update RS (ms): Min: 0.0, Avg: 0.0, Max: 0.0, Diff: 0.0, Sum: 0.1]
         [Processed Buffers: Min: 2, Avg: 3.0, Max: 4, Diff: 2, Sum: 6]
      [Scan RS (ms): Min: 0.1, Avg: 0.1, Max: 0.1, Diff: 0.0, Sum: 0.2]
      [Code Root Scanning (ms): Min: 0.0, Avg: 0.0, Max: 0.0, Diff: 0.0, Sum: 0.0]
      [Object Copy (ms): Min: 17.9, Avg: 17.9, Max: 17.9, Diff: 0.0, Sum: 35.9]
      [Termination (ms): Min: 0.0, Avg: 0.0, Max: 0.0, Diff: 0.0, Sum: 0.0]
         [Termination Attempts: Min: 1, Avg: 1.0, Max: 1, Diff: 0, Sum: 2]
      [GC Worker Other (ms): Min: 0.0, Avg: 0.0, Max: 0.0, Diff: 0.0, Sum: 0.0]
      [GC Worker Total (ms): Min: 18.6, Avg: 18.6, Max: 18.6, Diff: 0.0, Sum: 37.2]
      [GC Worker End (ms): Min: 443099.3, Avg: 443099.3, Max: 443099.3, Diff: 0.0]
   [Code Root Fixup: 0.0 ms]
   [Code Root Purge: 0.0 ms]
   [Clear CT: 0.1 ms]
   [Other: 0.4 ms]
      [Choose CSet: 0.0 ms]
      [Ref Proc: 0.1 ms]
      [Ref Enq: 0.0 ms]
      [Redirty Cards: 0.0 ms]
      [Humongous Register: 0.0 ms]
      [Humongous Reclaim: 0.0 ms]
      [Free CSet: 0.2 ms]
   [Eden: 261.0M(261.0M)->0.0B(259.0M) Survivors: 14336.0K->16384.0K Heap: 403.4M(472.0M)->144.4M(472.0M)]
 [Times: user=0.04 sys=0.00, real=0.02 secs] 
2024-07-06T11:31:29.371+0800: 443.537: [GC pause (G1 Evacuation Pause) (young), 0.0222008 secs]
   [Parallel Time: 21.4 ms, GC Workers: 2]
      [GC Worker Start (ms): Min: 443537.5, Avg: 443537.5, Max: 443537.5, Diff: 0.0]
      [Ext Root Scanning (ms): Min: 0.5, Avg: 0.6, Max: 0.6, Diff: 0.0, Sum: 1.1]
      [Update RS (ms): Min: 0.0, Avg: 0.0, Max: 0.0, Diff: 0.0, Sum: 0.1]
         [Processed Buffers: Min: 1, Avg: 2.5, Max: 4, Diff: 3, Sum: 5]
      [Scan RS (ms): Min: 0.1, Avg: 0.1, Max: 0.1, Diff: 0.0, Sum: 0.2]
      [Code Root Scanning (ms): Min: 0.0, Avg: 0.0, Max: 0.0, Diff: 0.0, Sum: 0.0]
      [Object Copy (ms): Min: 20.6, Avg: 20.6, Max: 20.6, Diff: 0.0, Sum: 41.3]
      [Termination (ms): Min: 0.0, Avg: 0.0, Max: 0.0, Diff: 0.0, Sum: 0.0]
         [Termination Attempts: Min: 1, Avg: 1.0, Max: 1, Diff: 0, Sum: 2]
      [GC Worker Other (ms): Min: 0.0, Avg: 0.0, Max: 0.0, Diff: 0.0, Sum: 0.0]
      [GC Worker Total (ms): Min: 21.3, Avg: 21.3, Max: 21.3, Diff: 0.0, Sum: 42.6]
      [GC Worker End (ms): Min: 443558.8, Avg: 443558.8, Max: 443558.8, Diff: 0.0]
   [Code Root Fixup: 0.0 ms]
   [Code Root Purge: 0.0 ms]
   [Clear CT: 0.2 ms]
   [Other: 0.6 ms]
      [Choose CSet: 0.0 ms]
      [Ref Proc: 0.2 ms]
      [Ref Enq: 0.0 ms]
      [Redirty Cards: 0.1 ms]
      [Humongous Register: 0.0 ms]
      [Humongous Reclaim: 0.0 ms]
      [Free CSet: 0.2 ms]
   [Eden: 259.0M(259.0M)->0.0B(259.0M) Survivors: 16384.0K->16384.0K Heap: 403.4M(472.0M)->143.9M(472.0M)]
 [Times: user=0.04 sys=0.00, real=0.02 secs] 
2024-07-06T11:31:29.864+0800: 444.031: [GC pause (G1 Evacuation Pause) (young), 0.0216481 secs]
   [Parallel Time: 20.8 ms, GC Workers: 2]
      [GC Worker Start (ms): Min: 444030.6, Avg: 444031.1, Max: 444031.5, Diff: 0.9]
      [Ext Root Scanning (ms): Min: 0.2, Avg: 0.6, Max: 1.0, Diff: 0.8, Sum: 1.2]
      [Update RS (ms): Min: 0.0, Avg: 0.0, Max: 0.1, Diff: 0.1, Sum: 0.1]
         [Processed Buffers: Min: 1, Avg: 3.5, Max: 6, Diff: 5, Sum: 7]
      [Scan RS (ms): Min: 0.1, Avg: 0.1, Max: 0.1, Diff: 0.0, Sum: 0.2]
      [Code Root Scanning (ms): Min: 0.0, Avg: 0.0, Max: 0.0, Diff: 0.0, Sum: 0.0]
      [Object Copy (ms): Min: 19.6, Avg: 19.6, Max: 19.7, Diff: 0.1, Sum: 39.2]
      [Termination (ms): Min: 0.0, Avg: 0.0, Max: 0.0, Diff: 0.0, Sum: 0.0]
         [Termination Attempts: Min: 1, Avg: 1.0, Max: 1, Diff: 0, Sum: 2]
      [GC Worker Other (ms): Min: 0.0, Avg: 0.0, Max: 0.0, Diff: 0.0, Sum: 0.0]
      [GC Worker Total (ms): Min: 19.9, Avg: 20.3, Max: 20.8, Diff: 0.9, Sum: 40.7]
      [GC Worker End (ms): Min: 444051.4, Avg: 444051.4, Max: 444051.4, Diff: 0.0]
   [Code Root Fixup: 0.0 ms]
   [Code Root Purge: 0.0 ms]
   [Clear CT: 0.1 ms]
   [Other: 0.7 ms]
      [Choose CSet: 0.0 ms]
      [Ref Proc: 0.4 ms]
      [Ref Enq: 0.0 ms]
      [Redirty Cards: 0.1 ms]
      [Humongous Register: 0.0 ms]
      [Humongous Reclaim: 0.0 ms]
      [Free CSet: 0.1 ms]
   [Eden: 259.0M(259.0M)->0.0B(257.0M) Survivors: 16384.0K->17408.0K Heap: 402.9M(472.0M)->145.4M(472.0M)]
 [Times: user=0.04 sys=0.00, real=0.02 secs] 
2024-07-06T11:31:30.343+0800: 444.509: [GC pause (G1 Evacuation Pause) (young), 0.0296314 secs]
   [Parallel Time: 28.5 ms, GC Workers: 2]
      [GC Worker Start (ms): Min: 444509.4, Avg: 444510.8, Max: 444512.2, Diff: 2.7]
      [Ext Root Scanning (ms): Min: 0.0, Avg: 0.4, Max: 0.7, Diff: 0.7, Sum: 0.7]
      [Update RS (ms): Min: 0.0, Avg: 0.0, Max: 0.1, Diff: 0.1, Sum: 0.1]
         [Processed Buffers: Min: 0, Avg: 3.0, Max: 6, Diff: 6, Sum: 6]
      [Scan RS (ms): Min: 0.0, Avg: 0.1, Max: 0.1, Diff: 0.1, Sum: 0.2]
      [Code Root Scanning (ms): Min: 0.0, Avg: 0.0, Max: 0.0, Diff: 0.0, Sum: 0.0]
      [Object Copy (ms): Min: 25.6, Avg: 26.6, Max: 27.5, Diff: 1.9, Sum: 53.2]
      [Termination (ms): Min: 0.0, Avg: 0.0, Max: 0.0, Diff: 0.0, Sum: 0.0]
         [Termination Attempts: Min: 1, Avg: 1.0, Max: 1, Diff: 0, Sum: 2]
      [GC Worker Other (ms): Min: 0.0, Avg: 0.0, Max: 0.0, Diff: 0.0, Sum: 0.0]
      [GC Worker Total (ms): Min: 25.7, Avg: 27.1, Max: 28.4, Diff: 2.7, Sum: 54.1]
      [GC Worker End (ms): Min: 444537.9, Avg: 444537.9, Max: 444537.9, Diff: 0.0]
   [Code Root Fixup: 0.0 ms]
   [Code Root Purge: 0.0 ms]
   [Clear CT: 0.2 ms]
   [Other: 0.9 ms]
      [Choose CSet: 0.0 ms]
      [Ref Proc: 0.6 ms]
      [Ref Enq: 0.0 ms]
      [Redirty Cards: 0.0 ms]
      [Humongous Register: 0.0 ms]
      [Humongous Reclaim: 0.0 ms]
      [Free CSet: 0.1 ms]
   [Eden: 257.0M(257.0M)->0.0B(258.0M) Survivors: 17408.0K->16384.0K Heap: 402.4M(472.0M)->144.4M(472.0M)]
 [Times: user=0.04 sys=0.00, real=0.03 secs] 
2024-07-06T11:31:30.789+0800: 444.956: [GC pause (G1 Evacuation Pause) (young), 0.0147448 secs]
   [Parallel Time: 14.1 ms, GC Workers: 2]
      [GC Worker Start (ms): Min: 444955.6, Avg: 444955.6, Max: 444955.6, Diff: 0.0]
      [Ext Root Scanning (ms): Min: 0.5, Avg: 0.5, Max: 0.5, Diff: 0.0, Sum: 0.9]
      [Update RS (ms): Min: 0.0, Avg: 0.0, Max: 0.0, Diff: 0.0, Sum: 0.1]
         [Processed Buffers: Min: 3, Avg: 3.0, Max: 3, Diff: 0, Sum: 6]
      [Scan RS (ms): Min: 0.1, Avg: 0.1, Max: 0.1, Diff: 0.0, Sum: 0.1]
      [Code Root Scanning (ms): Min: 0.0, Avg: 0.0, Max: 0.0, Diff: 0.0, Sum: 0.0]
      [Object Copy (ms): Min: 13.5, Avg: 13.5, Max: 13.5, Diff: 0.0, Sum: 26.9]
      [Termination (ms): Min: 0.0, Avg: 0.0, Max: 0.0, Diff: 0.0, Sum: 0.0]
         [Termination Attempts: Min: 1, Avg: 1.0, Max: 1, Diff: 0, Sum: 2]
      [GC Worker Other (ms): Min: 0.0, Avg: 0.0, Max: 0.0, Diff: 0.0, Sum: 0.0]
      [GC Worker Total (ms): Min: 14.0, Avg: 14.0, Max: 14.1, Diff: 0.0, Sum: 28.1]
      [GC Worker End (ms): Min: 444969.6, Avg: 444969.6, Max: 444969.6, Diff: 0.0]
   [Code Root Fixup: 0.0 ms]
   [Code Root Purge: 0.0 ms]
   [Clear CT: 0.1 ms]
   [Other: 0.5 ms]
      [Choose CSet: 0.0 ms]
      [Ref Proc: 0.2 ms]
      [Ref Enq: 0.0 ms]
      [Redirty Cards: 0.0 ms]
      [Humongous Register: 0.0 ms]
      [Humongous Reclaim: 0.0 ms]
      [Free CSet: 0.1 ms]
   [Eden: 258.0M(258.0M)->0.0B(261.0M) Survivors: 16384.0K->14336.0K Heap: 402.4M(472.0M)->142.4M(472.0M)]
 [Times: user=0.03 sys=0.00, real=0.01 secs] 
2024-07-06T11:31:31.215+0800: 445.381: [GC pause (G1 Evacuation Pause) (young), 0.0163404 secs]
   [Parallel Time: 15.9 ms, GC Workers: 2]
      [GC Worker Start (ms): Min: 445381.5, Avg: 445381.5, Max: 445381.6, Diff: 0.0]
      [Ext Root Scanning (ms): Min: 0.5, Avg: 0.5, Max: 0.5, Diff: 0.0, Sum: 1.1]
      [Update RS (ms): Min: 0.0, Avg: 0.0, Max: 0.0, Diff: 0.0, Sum: 0.1]
         [Processed Buffers: Min: 3, Avg: 3.5, Max: 4, Diff: 1, Sum: 7]
      [Scan RS (ms): Min: 0.1, Avg: 0.1, Max: 0.1, Diff: 0.0, Sum: 0.1]
      [Code Root Scanning (ms): Min: 0.0, Avg: 0.0, Max: 0.0, Diff: 0.0, Sum: 0.0]
      [Object Copy (ms): Min: 15.2, Avg: 15.2, Max: 15.2, Diff: 0.0, Sum: 30.3]
      [Termination (ms): Min: 0.0, Avg: 0.0, Max: 0.0, Diff: 0.0, Sum: 0.0]
         [Termination Attempts: Min: 1, Avg: 1.0, Max: 1, Diff: 0, Sum: 2]
      [GC Worker Other (ms): Min: 0.0, Avg: 0.0, Max: 0.0, Diff: 0.0, Sum: 0.0]
      [GC Worker Total (ms): Min: 15.8, Avg: 15.8, Max: 15.8, Diff: 0.0, Sum: 31.6]
      [GC Worker End (ms): Min: 445397.4, Avg: 445397.4, Max: 445397.4, Diff: 0.0]
   [Code Root Fixup: 0.0 ms]
   [Code Root Purge: 0.0 ms]
   [Clear CT: 0.1 ms]
   [Other: 0.4 ms]
      [Choose CSet: 0.0 ms]
      [Ref Proc: 0.1 ms]
      [Ref Enq: 0.0 ms]
      [Redirty Cards: 0.0 ms]
      [Humongous Register: 0.0 ms]
      [Humongous Reclaim: 0.0 ms]
      [Free CSet: 0.1 ms]
   [Eden: 261.0M(261.0M)->0.0B(260.0M) Survivors: 14336.0K->15360.0K Heap: 403.4M(472.0M)->142.9M(472.0M)]
 [Times: user=0.03 sys=0.00, real=0.01 secs] 
2024-07-06T11:31:31.651+0800: 445.817: [GC pause (G1 Evacuation Pause) (young), 0.0102999 secs]
   [Parallel Time: 9.8 ms, GC Workers: 2]
      [GC Worker Start (ms): Min: 445817.4, Avg: 445817.4, Max: 445817.4, Diff: 0.0]
      [Ext Root Scanning (ms): Min: 0.5, Avg: 0.5, Max: 0.6, Diff: 0.1, Sum: 1.0]
      [Update RS (ms): Min: 0.0, Avg: 0.0, Max: 0.0, Diff: 0.0, Sum: 0.1]
         [Processed Buffers: Min: 1, Avg: 3.0, Max: 5, Diff: 4, Sum: 6]
      [Scan RS (ms): Min: 0.1, Avg: 0.1, Max: 0.1, Diff: 0.0, Sum: 0.2]
      [Code Root Scanning (ms): Min: 0.0, Avg: 0.0, Max: 0.0, Diff: 0.0, Sum: 0.0]
      [Object Copy (ms): Min: 9.0, Avg: 9.1, Max: 9.1, Diff: 0.0, Sum: 18.1]
      [Termination (ms): Min: 0.0, Avg: 0.0, Max: 0.0, Diff: 0.0, Sum: 0.0]
         [Termination Attempts: Min: 1, Avg: 2.0, Max: 3, Diff: 2, Sum: 4]
      [GC Worker Other (ms): Min: 0.0, Avg: 0.0, Max: 0.0, Diff: 0.0, Sum: 0.0]
      [GC Worker Total (ms): Min: 9.7, Avg: 9.7, Max: 9.7, Diff: 0.0, Sum: 19.4]
      [GC Worker End (ms): Min: 445827.2, Avg: 445827.2, Max: 445827.2, Diff: 0.0]
   [Code Root Fixup: 0.0 ms]
   [Code Root Purge: 0.0 ms]
   [Clear CT: 0.1 ms]
   [Other: 0.4 ms]
      [Choose CSet: 0.0 ms]
      [Ref Proc: 0.1 ms]
      [Ref Enq: 0.0 ms]
      [Redirty Cards: 0.0 ms]
      [Humongous Register: 0.0 ms]
      [Humongous Reclaim: 0.0 ms]
      [Free CSet: 0.1 ms]
   [Eden: 260.0M(260.0M)->0.0B(265.0M) Survivors: 15360.0K->11264.0K Heap: 402.9M(472.0M)->139.4M(472.0M)]
 [Times: user=0.02 sys=0.00, real=0.01 secs] 
2024-07-06T11:31:32.103+0800: 446.269: [GC pause (G1 Evacuation Pause) (young), 0.0131937 secs]
   [Parallel Time: 12.7 ms, GC Workers: 2]
      [GC Worker Start (ms): Min: 446269.1, Avg: 446269.1, Max: 446269.1, Diff: 0.0]
      [Ext Root Scanning (ms): Min: 0.5, Avg: 0.5, Max: 0.5, Diff: 0.0, Sum: 1.0]
      [Update RS (ms): Min: 0.0, Avg: 0.0, Max: 0.0, Diff: 0.0, Sum: 0.1]
         [Processed Buffers: Min: 3, Avg: 3.5, Max: 4, Diff: 1, Sum: 7]
      [Scan RS (ms): Min: 0.1, Avg: 0.1, Max: 0.1, Diff: 0.0, Sum: 0.2]
      [Code Root Scanning (ms): Min: 0.0, Avg: 0.0, Max: 0.0, Diff: 0.0, Sum: 0.0]
      [Object Copy (ms): Min: 12.0, Avg: 12.0, Max: 12.0, Diff: 0.0, Sum: 24.0]
      [Termination (ms): Min: 0.0, Avg: 0.0, Max: 0.0, Diff: 0.0, Sum: 0.0]
         [Termination Attempts: Min: 1, Avg: 1.0, Max: 1, Diff: 0, Sum: 2]
      [GC Worker Other (ms): Min: 0.0, Avg: 0.0, Max: 0.0, Diff: 0.0, Sum: 0.0]
      [GC Worker Total (ms): Min: 12.6, Avg: 12.6, Max: 12.6, Diff: 0.0, Sum: 25.2]
      [GC Worker End (ms): Min: 446281.7, Avg: 446281.7, Max: 446281.7, Diff: 0.0]
   [Code Root Fixup: 0.0 ms]
   [Code Root Purge: 0.0 ms]
   [Clear CT: 0.1 ms]
   [Other: 0.4 ms]
      [Choose CSet: 0.0 ms]
      [Ref Proc: 0.1 ms]
      [Ref Enq: 0.0 ms]
      [Redirty Cards: 0.1 ms]
      [Humongous Register: 0.0 ms]
      [Humongous Reclaim: 0.0 ms]
      [Free CSet: 0.2 ms]
   [Eden: 265.0M(265.0M)->0.0B(264.0M) Survivors: 11264.0K->12288.0K Heap: 404.4M(472.0M)->140.4M(472.0M)]
 [Times: user=0.02 sys=0.00, real=0.02 secs] 
2024-07-06T11:31:32.525+0800: 446.691: [GC pause (G1 Evacuation Pause) (young), 0.0146667 secs]
   [Parallel Time: 14.2 ms, GC Workers: 2]
      [GC Worker Start (ms): Min: 446690.9, Avg: 446690.9, Max: 446690.9, Diff: 0.0]
      [Ext Root Scanning (ms): Min: 0.5, Avg: 0.5, Max: 0.5, Diff: 0.0, Sum: 1.0]
      [Update RS (ms): Min: 0.0, Avg: 0.0, Max: 0.0, Diff: 0.0, Sum: 0.0]
         [Processed Buffers: Min: 1, Avg: 2.5, Max: 4, Diff: 3, Sum: 5]
      [Scan RS (ms): Min: 0.1, Avg: 0.1, Max: 0.1, Diff: 0.0, Sum: 0.1]
      [Code Root Scanning (ms): Min: 0.0, Avg: 0.0, Max: 0.0, Diff: 0.0, Sum: 0.0]
      [Object Copy (ms): Min: 13.5, Avg: 13.5, Max: 13.5, Diff: 0.0, Sum: 27.0]
      [Termination (ms): Min: 0.0, Avg: 0.0, Max: 0.0, Diff: 0.0, Sum: 0.0]
         [Termination Attempts: Min: 1, Avg: 1.0, Max: 1, Diff: 0, Sum: 2]
      [GC Worker Other (ms): Min: 0.0, Avg: 0.0, Max: 0.0, Diff: 0.0, Sum: 0.0]
      [GC Worker Total (ms): Min: 14.1, Avg: 14.1, Max: 14.1, Diff: 0.0, Sum: 28.2]
      [GC Worker End (ms): Min: 446705.0, Avg: 446705.0, Max: 446705.0, Diff: 0.0]
   [Code Root Fixup: 0.0 ms]
   [Code Root Purge: 0.0 ms]
   [Clear CT: 0.1 ms]
   [Other: 0.4 ms]
      [Choose CSet: 0.0 ms]
      [Ref Proc: 0.1 ms]
      [Ref Enq: 0.0 ms]
      [Redirty Cards: 0.0 ms]
      [Humongous Register: 0.0 ms]
      [Humongous Reclaim: 0.0 ms]
      [Free CSet: 0.1 ms]
   [Eden: 264.0M(264.0M)->0.0B(259.0M) Survivors: 12288.0K->16384.0K Heap: 404.4M(472.0M)->143.9M(472.0M)]
 [Times: user=0.03 sys=0.00, real=0.02 secs] 
2024-07-06T11:31:32.979+0800: 447.146: [GC pause (G1 Evacuation Pause) (young), 0.0114742 secs]
   [Parallel Time: 10.9 ms, GC Workers: 2]
      [GC Worker Start (ms): Min: 447145.6, Avg: 447145.6, Max: 447145.6, Diff: 0.0]
      [Ext Root Scanning (ms): Min: 0.6, Avg: 0.6, Max: 0.6, Diff: 0.0, Sum: 1.1]
      [Update RS (ms): Min: 0.0, Avg: 0.0, Max: 0.0, Diff: 0.0, Sum: 0.1]
         [Processed Buffers: Min: 1, Avg: 2.5, Max: 4, Diff: 3, Sum: 5]
      [Scan RS (ms): Min: 0.1, Avg: 0.1, Max: 0.1, Diff: 0.0, Sum: 0.1]
      [Code Root Scanning (ms): Min: 0.0, Avg: 0.0, Max: 0.0, Diff: 0.0, Sum: 0.0]
      [Object Copy (ms): Min: 10.2, Avg: 10.2, Max: 10.2, Diff: 0.0, Sum: 20.4]
      [Termination (ms): Min: 0.0, Avg: 0.0, Max: 0.0, Diff: 0.0, Sum: 0.0]
         [Termination Attempts: Min: 1, Avg: 1.0, Max: 1, Diff: 0, Sum: 2]
      [GC Worker Other (ms): Min: 0.0, Avg: 0.0, Max: 0.0, Diff: 0.0, Sum: 0.0]
      [GC Worker Total (ms): Min: 10.9, Avg: 10.9, Max: 10.9, Diff: 0.0, Sum: 21.7]
      [GC Worker End (ms): Min: 447156.5, Avg: 447156.5, Max: 447156.5, Diff: 0.0]
   [Code Root Fixup: 0.0 ms]
   [Code Root Purge: 0.0 ms]
   [Clear CT: 0.1 ms]
   [Other: 0.4 ms]
      [Choose CSet: 0.0 ms]
      [Ref Proc: 0.1 ms]
      [Ref Enq: 0.0 ms]
      [Redirty Cards: 0.0 ms]
      [Humongous Register: 0.0 ms]
      [Humongous Reclaim: 0.0 ms]
      [Free CSet: 0.1 ms]
   [Eden: 259.0M(259.0M)->0.0B(267.0M) Survivors: 16384.0K->10240.0K Heap: 402.9M(472.0M)->137.9M(472.0M)]
 [Times: user=0.03 sys=0.00, real=0.01 secs] 
2024-07-06T11:31:33.407+0800: 447.573: [GC pause (G1 Evacuation Pause) (young), 0.0228508 secs]
   [Parallel Time: 22.3 ms, GC Workers: 2]
      [GC Worker Start (ms): Min: 447573.5, Avg: 447573.6, Max: 447573.6, Diff: 0.0]
      [Ext Root Scanning (ms): Min: 0.5, Avg: 0.5, Max: 0.5, Diff: 0.0, Sum: 1.1]
      [Update RS (ms): Min: 0.0, Avg: 0.0, Max: 0.0, Diff: 0.0, Sum: 0.1]
         [Processed Buffers: Min: 2, Avg: 3.0, Max: 4, Diff: 2, Sum: 6]
      [Scan RS (ms): Min: 0.1, Avg: 0.1, Max: 0.1, Diff: 0.0, Sum: 0.2]
      [Code Root Scanning (ms): Min: 0.0, Avg: 0.0, Max: 0.0, Diff: 0.0, Sum: 0.0]
      [Object Copy (ms): Min: 21.6, Avg: 21.6, Max: 21.6, Diff: 0.0, Sum: 43.2]
      [Termination (ms): Min: 0.0, Avg: 0.0, Max: 0.0, Diff: 0.0, Sum: 0.0]
         [Termination Attempts: Min: 1, Avg: 1.0, Max: 1, Diff: 0, Sum: 2]
      [GC Worker Other (ms): Min: 0.0, Avg: 0.0, Max: 0.0, Diff: 0.0, Sum: 0.0]
      [GC Worker Total (ms): Min: 22.2, Avg: 22.3, Max: 22.3, Diff: 0.0, Sum: 44.5]
      [GC Worker End (ms): Min: 447595.8, Avg: 447595.8, Max: 447595.8, Diff: 0.0]
   [Code Root Fixup: 0.0 ms]
   [Code Root Purge: 0.0 ms]
   [Clear CT: 0.1 ms]
   [Other: 0.4 ms]
      [Choose CSet: 0.0 ms]
      [Ref Proc: 0.1 ms]
      [Ref Enq: 0.0 ms]
      [Redirty Cards: 0.0 ms]
      [Humongous Register: 0.0 ms]
      [Humongous Reclaim: 0.0 ms]
      [Free CSet: 0.1 ms]
   [Eden: 267.0M(267.0M)->0.0B(251.0M) Survivors: 10240.0K->21504.0K Heap: 404.9M(472.0M)->149.4M(472.0M)]
 [Times: user=0.04 sys=0.00, real=0.02 secs] 
2024-07-06T11:31:33.906+0800: 448.072: [GC pause (G1 Evacuation Pause) (young), 0.0111404 secs]
   [Parallel Time: 10.5 ms, GC Workers: 2]
      [GC Worker Start (ms): Min: 448072.4, Avg: 448072.4, Max: 448072.4, Diff: 0.0]
      [Ext Root Scanning (ms): Min: 0.5, Avg: 0.5, Max: 0.5, Diff: 0.0, Sum: 1.0]
      [Update RS (ms): Min: 0.0, Avg: 0.0, Max: 0.1, Diff: 0.1, Sum: 0.1]
         [Processed Buffers: Min: 1, Avg: 3.0, Max: 5, Diff: 4, Sum: 6]
      [Scan RS (ms): Min: 0.1, Avg: 0.1, Max: 0.1, Diff: 0.0, Sum: 0.2]
      [Code Root Scanning (ms): Min: 0.0, Avg: 0.0, Max: 0.0, Diff: 0.0, Sum: 0.0]
      [Object Copy (ms): Min: 9.8, Avg: 9.9, Max: 9.9, Diff: 0.1, Sum: 19.7]
      [Termination (ms): Min: 0.0, Avg: 0.0, Max: 0.0, Diff: 0.0, Sum: 0.0]
         [Termination Attempts: Min: 1, Avg: 1.0, Max: 1, Diff: 0, Sum: 2]
      [GC Worker Other (ms): Min: 0.0, Avg: 0.0, Max: 0.0, Diff: 0.0, Sum: 0.0]
      [GC Worker Total (ms): Min: 10.5, Avg: 10.5, Max: 10.5, Diff: 0.0, Sum: 21.0]
      [GC Worker End (ms): Min: 448082.9, Avg: 448082.9, Max: 448082.9, Diff: 0.0]
   [Code Root Fixup: 0.0 ms]
   [Code Root Purge: 0.0 ms]
   [Clear CT: 0.1 ms]
   [Other: 0.5 ms]
      [Choose CSet: 0.0 ms]
      [Ref Proc: 0.2 ms]
      [Ref Enq: 0.0 ms]
      [Redirty Cards: 0.0 ms]
      [Humongous Register: 0.0 ms]
      [Humongous Reclaim: 0.0 ms]
      [Free CSet: 0.2 ms]
   [Eden: 251.0M(251.0M)->0.0B(266.0M) Survivors: 21504.0K->10240.0K Heap: 400.4M(472.0M)->137.9M(472.0M)]
 [Times: user=0.02 sys=0.00, real=0.02 secs] 
2024-07-06T11:31:34.316+0800: 448.482: [GC pause (G1 Evacuation Pause) (young), 0.0197465 secs]
   [Parallel Time: 19.3 ms, GC Workers: 2]
      [GC Worker Start (ms): Min: 448482.5, Avg: 448482.5, Max: 448482.5, Diff: 0.0]
      [Ext Root Scanning (ms): Min: 0.5, Avg: 0.5, Max: 0.5, Diff: 0.0, Sum: 1.1]
      [Update RS (ms): Min: 0.0, Avg: 0.0, Max: 0.0, Diff: 0.0, Sum: 0.1]
         [Processed Buffers: Min: 2, Avg: 3.0, Max: 4, Diff: 2, Sum: 6]
      [Scan RS (ms): Min: 0.1, Avg: 0.1, Max: 0.1, Diff: 0.0, Sum: 0.1]
      [Code Root Scanning (ms): Min: 0.0, Avg: 0.0, Max: 0.0, Diff: 0.0, Sum: 0.0]
      [Object Copy (ms): Min: 18.5, Avg: 18.6, Max: 18.6, Diff: 0.0, Sum: 37.1]
      [Termination (ms): Min: 0.0, Avg: 0.0, Max: 0.0, Diff: 0.0, Sum: 0.0]
         [Termination Attempts: Min: 1, Avg: 1.0, Max: 1, Diff: 0, Sum: 2]
      [GC Worker Other (ms): Min: 0.0, Avg: 0.0, Max: 0.0, Diff: 0.0, Sum: 0.0]
      [GC Worker Total (ms): Min: 19.2, Avg: 19.2, Max: 19.2, Diff: 0.0, Sum: 38.4]
      [GC Worker End (ms): Min: 448501.7, Avg: 448501.7, Max: 448501.7, Diff: 0.0]
   [Code Root Fixup: 0.0 ms]
   [Code Root Purge: 0.0 ms]
   [Clear CT: 0.1 ms]
   [Other: 0.4 ms]
      [Choose CSet: 0.0 ms]
      [Ref Proc: 0.1 ms]
      [Ref Enq: 0.0 ms]
      [Redirty Cards: 0.1 ms]
      [Humongous Register: 0.0 ms]
      [Humongous Reclaim: 0.0 ms]
      [Free CSet: 0.1 ms]
   [Eden: 266.0M(266.0M)->0.0B(255.0M) Survivors: 10240.0K->19456.0K Heap: 403.9M(472.0M)->147.4M(472.0M)]
 [Times: user=0.04 sys=0.00, real=0.02 secs] 
2024-07-06T11:31:34.818+0800: 448.984: [GC pause (G1 Evacuation Pause) (young), 0.0136394 secs]
   [Parallel Time: 13.0 ms, GC Workers: 2]
      [GC Worker Start (ms): Min: 448984.2, Avg: 448984.2, Max: 448984.2, Diff: 0.0]
      [Ext Root Scanning (ms): Min: 0.4, Avg: 0.5, Max: 0.5, Diff: 0.0, Sum: 0.9]
      [Update RS (ms): Min: 0.0, Avg: 0.0, Max: 0.0, Diff: 0.0, Sum: 0.1]
         [Processed Buffers: Min: 3, Avg: 3.5, Max: 4, Diff: 1, Sum: 7]
      [Scan RS (ms): Min: 0.1, Avg: 0.1, Max: 0.1, Diff: 0.0, Sum: 0.1]
      [Code Root Scanning (ms): Min: 0.0, Avg: 0.0, Max: 0.0, Diff: 0.0, Sum: 0.0]
      [Object Copy (ms): Min: 12.4, Avg: 12.4, Max: 12.4, Diff: 0.0, Sum: 24.7]
      [Termination (ms): Min: 0.0, Avg: 0.0, Max: 0.0, Diff: 0.0, Sum: 0.0]
         [Termination Attempts: Min: 1, Avg: 1.5, Max: 2, Diff: 1, Sum: 3]
      [GC Worker Other (ms): Min: 0.0, Avg: 0.0, Max: 0.0, Diff: 0.0, Sum: 0.0]
      [GC Worker Total (ms): Min: 12.9, Avg: 12.9, Max: 13.0, Diff: 0.0, Sum: 25.9]
      [GC Worker End (ms): Min: 448997.1, Avg: 448997.1, Max: 448997.1, Diff: 0.0]
   [Code Root Fixup: 0.0 ms]
   [Code Root Purge: 0.0 ms]
   [Clear CT: 0.2 ms]
   [Other: 0.4 ms]
      [Choose CSet: 0.0 ms]
      [Ref Proc: 0.1 ms]
      [Ref Enq: 0.0 ms]
      [Redirty Cards: 0.0 ms]
      [Humongous Register: 0.0 ms]
      [Humongous Reclaim: 0.0 ms]
      [Free CSet: 0.2 ms]
   [Eden: 255.0M(255.0M)->0.0B(262.0M) Survivors: 19456.0K->13312.0K Heap: 402.4M(472.0M)->141.4M(472.0M)]
 [Times: user=0.03 sys=0.00, real=0.01 secs] 
2024-07-06T11:31:35.247+0800: 449.413: [GC pause (G1 Evacuation Pause) (young), 0.0152973 secs]
   [Parallel Time: 14.8 ms, GC Workers: 2]
      [GC Worker Start (ms): Min: 449413.6, Avg: 449413.6, Max: 449413.6, Diff: 0.0]
      [Ext Root Scanning (ms): Min: 0.5, Avg: 0.5, Max: 0.5, Diff: 0.0, Sum: 1.1]
      [Update RS (ms): Min: 0.0, Avg: 0.0, Max: 0.0, Diff: 0.0, Sum: 0.1]
         [Processed Buffers: Min: 3, Avg: 3.5, Max: 4, Diff: 1, Sum: 7]
      [Scan RS (ms): Min: 0.1, Avg: 0.1, Max: 0.1, Diff: 0.0, Sum: 0.1]
      [Code Root Scanning (ms): Min: 0.0, Avg: 0.0, Max: 0.0, Diff: 0.0, Sum: 0.0]
      [Object Copy (ms): Min: 14.1, Avg: 14.1, Max: 14.1, Diff: 0.0, Sum: 28.2]
      [Termination (ms): Min: 0.0, Avg: 0.0, Max: 0.0, Diff: 0.0, Sum: 0.0]
         [Termination Attempts: Min: 3, Avg: 4.5, Max: 6, Diff: 3, Sum: 9]
      [GC Worker Other (ms): Min: 0.0, Avg: 0.0, Max: 0.0, Diff: 0.0, Sum: 0.0]
      [GC Worker Total (ms): Min: 14.8, Avg: 14.8, Max: 14.8, Diff: 0.0, Sum: 29.5]
      [GC Worker End (ms): Min: 449428.3, Avg: 449428.3, Max: 449428.3, Diff: 0.0]
   [Code Root Fixup: 0.0 ms]
   [Code Root Purge: 0.0 ms]
   [Clear CT: 0.1 ms]
   [Other: 0.4 ms]
      [Choose CSet: 0.0 ms]
      [Ref Proc: 0.1 ms]
      [Ref Enq: 0.0 ms]
      [Redirty Cards: 0.0 ms]
      [Humongous Register: 0.0 ms]
      [Humongous Reclaim: 0.0 ms]
      [Free CSet: 0.1 ms]
   [Eden: 262.0M(262.0M)->0.0B(260.0M) Survivors: 13312.0K->15360.0K Heap: 403.4M(472.0M)->143.4M(472.0M)]
 [Times: user=0.03 sys=0.00, real=0.01 secs] 
2024-07-06T11:31:35.687+0800: 449.853: [GC pause (G1 Evacuation Pause) (young), 0.0127026 secs]
   [Parallel Time: 12.2 ms, GC Workers: 2]
      [GC Worker Start (ms): Min: 449853.0, Avg: 449853.0, Max: 449853.1, Diff: 0.0]
      [Ext Root Scanning (ms): Min: 0.6, Avg: 0.6, Max: 0.6, Diff: 0.0, Sum: 1.2]
      [Update RS (ms): Min: 0.0, Avg: 0.0, Max: 0.0, Diff: 0.0, Sum: 0.1]
         [Processed Buffers: Min: 2, Avg: 3.0, Max: 4, Diff: 2, Sum: 6]
      [Scan RS (ms): Min: 0.1, Avg: 0.1, Max: 0.1, Diff: 0.0, Sum: 0.1]
      [Code Root Scanning (ms): Min: 0.0, Avg: 0.0, Max: 0.0, Diff: 0.0, Sum: 0.0]
      [Object Copy (ms): Min: 11.4, Avg: 11.4, Max: 11.4, Diff: 0.0, Sum: 22.8]
      [Termination (ms): Min: 0.0, Avg: 0.0, Max: 0.0, Diff: 0.0, Sum: 0.0]
         [Termination Attempts: Min: 1, Avg: 1.0, Max: 1, Diff: 0, Sum: 2]
      [GC Worker Other (ms): Min: 0.0, Avg: 0.0, Max: 0.0, Diff: 0.0, Sum: 0.0]
      [GC Worker Total (ms): Min: 12.1, Avg: 12.1, Max: 12.1, Diff: 0.0, Sum: 24.2]
      [GC Worker End (ms): Min: 449865.2, Avg: 449865.2, Max: 449865.2, Diff: 0.0]
   [Code Root Fixup: 0.0 ms]
   [Code Root Purge: 0.0 ms]
   [Clear CT: 0.1 ms]
   [Other: 0.4 ms]
      [Choose CSet: 0.0 ms]
      [Ref Proc: 0.1 ms]
      [Ref Enq: 0.0 ms]
      [Redirty Cards: 0.1 ms]
      [Humongous Register: 0.0 ms]
      [Humongous Reclaim: 0.0 ms]
      [Free CSet: 0.1 ms]
   [Eden: 260.0M(260.0M)->0.0B(264.0M) Survivors: 15360.0K->12288.0K Heap: 403.4M(472.0M)->140.4M(472.0M)]
 [Times: user=0.02 sys=0.00, real=0.02 secs] 
2024-07-06T11:31:36.115+0800: 450.281: [GC pause (G1 Evacuation Pause) (young), 0.0199608 secs]
   [Parallel Time: 19.4 ms, GC Workers: 2]
      [GC Worker Start (ms): Min: 450281.5, Avg: 450281.5, Max: 450281.5, Diff: 0.0]
      [Ext Root Scanning (ms): Min: 0.5, Avg: 0.5, Max: 0.5, Diff: 0.0, Sum: 0.9]
      [Update RS (ms): Min: 0.0, Avg: 0.0, Max: 0.0, Diff: 0.0, Sum: 0.1]
         [Processed Buffers: Min: 3, Avg: 3.5, Max: 4, Diff: 1, Sum: 7]
      [Scan RS (ms): Min: 0.1, Avg: 0.1, Max: 0.1, Diff: 0.0, Sum: 0.1]
      [Code Root Scanning (ms): Min: 0.0, Avg: 0.0, Max: 0.0, Diff: 0.0, Sum: 0.0]
      [Object Copy (ms): Min: 18.7, Avg: 18.7, Max: 18.7, Diff: 0.0, Sum: 37.5]
      [Termination (ms): Min: 0.0, Avg: 0.0, Max: 0.0, Diff: 0.0, Sum: 0.0]
         [Termination Attempts: Min: 1, Avg: 1.0, Max: 1, Diff: 0, Sum: 2]
      [GC Worker Other (ms): Min: 0.0, Avg: 0.0, Max: 0.0, Diff: 0.0, Sum: 0.0]
      [GC Worker Total (ms): Min: 19.3, Avg: 19.3, Max: 19.3, Diff: 0.0, Sum: 38.6]
      [GC Worker End (ms): Min: 450300.8, Avg: 450300.8, Max: 450300.8, Diff: 0.0]
   [Code Root Fixup: 0.0 ms]
   [Code Root Purge: 0.0 ms]
   [Clear CT: 0.1 ms]
   [Other: 0.5 ms]
      [Choose CSet: 0.0 ms]
      [Ref Proc: 0.1 ms]
      [Ref Enq: 0.0 ms]
      [Redirty Cards: 0.1 ms]
      [Humongous Register: 0.0 ms]
      [Humongous Reclaim: 0.0 ms]
      [Free CSet: 0.2 ms]
   [Eden: 264.0M(264.0M)->0.0B(255.0M) Survivors: 12288.0K->19456.0K Heap: 404.4M(472.0M)->146.9M(472.0M)]
 [Times: user=0.04 sys=0.00, real=0.02 secs] 
2024-07-06T11:31:36.539+0800: 450.705: [GC pause (G1 Evacuation Pause) (young), 0.0147269 secs]
   [Parallel Time: 14.2 ms, GC Workers: 2]
      [GC Worker Start (ms): Min: 450705.0, Avg: 450705.0, Max: 450705.0, Diff: 0.0]
      [Ext Root Scanning (ms): Min: 0.6, Avg: 0.6, Max: 0.6, Diff: 0.0, Sum: 1.1]
      [Update RS (ms): Min: 0.0, Avg: 0.0, Max: 0.0, Diff: 0.0, Sum: 0.1]
         [Processed Buffers: Min: 3, Avg: 3.0, Max: 3, Diff: 0, Sum: 6]
      [Scan RS (ms): Min: 0.1, Avg: 0.1, Max: 0.1, Diff: 0.0, Sum: 0.2]
      [Code Root Scanning (ms): Min: 0.0, Avg: 0.0, Max: 0.0, Diff: 0.0, Sum: 0.0]
      [Object Copy (ms): Min: 13.4, Avg: 13.4, Max: 13.4, Diff: 0.0, Sum: 26.8]
      [Termination (ms): Min: 0.0, Avg: 0.0, Max: 0.0, Diff: 0.0, Sum: 0.0]
         [Termination Attempts: Min: 1, Avg: 1.0, Max: 1, Diff: 0, Sum: 2]
      [GC Worker Other (ms): Min: 0.0, Avg: 0.0, Max: 0.0, Diff: 0.0, Sum: 0.0]
      [GC Worker Total (ms): Min: 14.1, Avg: 14.1, Max: 14.1, Diff: 0.0, Sum: 28.2]
      [GC Worker End (ms): Min: 450719.1, Avg: 450719.1, Max: 450719.1, Diff: 0.0]
   [Code Root Fixup: 0.0 ms]
   [Code Root Purge: 0.0 ms]
   [Clear CT: 0.1 ms]
   [Other: 0.4 ms]
      [Choose CSet: 0.0 ms]
      [Ref Proc: 0.1 ms]
      [Ref Enq: 0.0 ms]
      [Redirty Cards: 0.0 ms]
      [Humongous Register: 0.0 ms]
      [Humongous Reclaim: 0.0 ms]
      [Free CSet: 0.1 ms]
   [Eden: 255.0M(255.0M)->0.0B(260.0M) Survivors: 19456.0K->15360.0K Heap: 401.9M(472.0M)->142.9M(472.0M)]
 [Times: user=0.02 sys=0.00, real=0.01 secs] 
2024-07-06T11:31:37.015+0800: 451.181: [GC pause (G1 Evacuation Pause) (young), 0.0154425 secs]
   [Parallel Time: 15.0 ms, GC Workers: 2]
      [GC Worker Start (ms): Min: 451181.5, Avg: 451181.5, Max: 451181.5, Diff: 0.0]
      [Ext Root Scanning (ms): Min: 0.5, Avg: 0.5, Max: 0.5, Diff: 0.0, Sum: 1.1]
      [Update RS (ms): Min: 0.0, Avg: 0.0, Max: 0.0, Diff: 0.0, Sum: 0.1]
         [Processed Buffers: Min: 3, Avg: 3.5, Max: 4, Diff: 1, Sum: 7]
      [Scan RS (ms): Min: 0.1, Avg: 0.1, Max: 0.1, Diff: 0.0, Sum: 0.2]
      [Code Root Scanning (ms): Min: 0.0, Avg: 0.0, Max: 0.0, Diff: 0.0, Sum: 0.0]
      [Object Copy (ms): Min: 14.2, Avg: 14.2, Max: 14.3, Diff: 0.0, Sum: 28.5]
      [Termination (ms): Min: 0.0, Avg: 0.0, Max: 0.0, Diff: 0.0, Sum: 0.0]
         [Termination Attempts: Min: 1, Avg: 1.0, Max: 1, Diff: 0, Sum: 2]
      [GC Worker Other (ms): Min: 0.0, Avg: 0.0, Max: 0.0, Diff: 0.0, Sum: 0.0]
      [GC Worker Total (ms): Min: 14.9, Avg: 14.9, Max: 14.9, Diff: 0.0, Sum: 29.8]
      [GC Worker End (ms): Min: 451196.5, Avg: 451196.5, Max: 451196.5, Diff: 0.0]
   [Code Root Fixup: 0.0 ms]
   [Code Root Purge: 0.0 ms]
   [Clear CT: 0.1 ms]
   [Other: 0.4 ms]
      [Choose CSet: 0.0 ms]
      [Ref Proc: 0.1 ms]
      [Ref Enq: 0.0 ms]
      [Redirty Cards: 0.0 ms]
      [Humongous Register: 0.0 ms]
      [Humongous Reclaim: 0.0 ms]
      [Free CSet: 0.1 ms]
   [Eden: 260.0M(260.0M)->0.0B(261.0M) Survivors: 15360.0K->14336.0K Heap: 402.9M(472.0M)->142.4M(472.0M)]
 [Times: user=0.03 sys=0.00, real=0.01 secs] 
2024-07-06T11:31:37.447+0800: 451.613: [GC pause (G1 Evacuation Pause) (young), 0.0167047 secs]
   [Parallel Time: 16.3 ms, GC Workers: 2]
      [GC Worker Start (ms): Min: 451613.5, Avg: 451613.5, Max: 451613.6, Diff: 0.0]
      [Ext Root Scanning (ms): Min: 0.5, Avg: 0.5, Max: 0.6, Diff: 0.0, Sum: 1.1]
      [Update RS (ms): Min: 0.0, Avg: 0.0, Max: 0.0, Diff: 0.0, Sum: 0.1]
         [Processed Buffers: Min: 3, Avg: 3.0, Max: 3, Diff: 0, Sum: 6]
      [Scan RS (ms): Min: 0.1, Avg: 0.1, Max: 0.1, Diff: 0.0, Sum: 0.1]
      [Code Root Scanning (ms): Min: 0.0, Avg: 0.0, Max: 0.0, Diff: 0.0, Sum: 0.0]
      [Object Copy (ms): Min: 15.5, Avg: 15.5, Max: 15.5, Diff: 0.0, Sum: 31.1]
      [Termination (ms): Min: 0.0, Avg: 0.0, Max: 0.0, Diff: 0.0, Sum: 0.0]
         [Termination Attempts: Min: 1, Avg: 1.0, Max: 1, Diff: 0, Sum: 2]
      [GC Worker Other (ms): Min: 0.0, Avg: 0.0, Max: 0.0, Diff: 0.0, Sum: 0.0]
      [GC Worker Total (ms): Min: 16.2, Avg: 16.2, Max: 16.2, Diff: 0.0, Sum: 32.4]
      [GC Worker End (ms): Min: 451629.7, Avg: 451629.7, Max: 451629.7, Diff: 0.0]
   [Code Root Fixup: 0.0 ms]
   [Code Root Purge: 0.0 ms]
   [Clear CT: 0.1 ms]
   [Other: 0.3 ms]
      [Choose CSet: 0.0 ms]
      [Ref Proc: 0.1 ms]
      [Ref Enq: 0.0 ms]
      [Redirty Cards: 0.0 ms]
      [Humongous Register: 0.0 ms]
      [Humongous Reclaim: 0.0 ms]
      [Free CSet: 0.1 ms]
   [Eden: 261.0M(261.0M)->0.0B(260.0M) Survivors: 14336.0K->15360.0K Heap: 403.4M(472.0M)->143.4M(472.0M)]
 [Times: user=0.03 sys=0.00, real=0.01 secs] 
2024-07-06T11:31:37.915+0800: 452.081: [GC pause (G1 Evacuation Pause) (young), 0.0185900 secs]
   [Parallel Time: 18.0 ms, GC Workers: 2]
      [GC Worker Start (ms): Min: 452081.6, Avg: 452081.6, Max: 452081.6, Diff: 0.0]
      [Ext Root Scanning (ms): Min: 0.6, Avg: 0.6, Max: 0.6, Diff: 0.0, Sum: 1.1]
      [Update RS (ms): Min: 0.0, Avg: 0.0, Max: 0.0, Diff: 0.0, Sum: 0.1]
         [Processed Buffers: Min: 3, Avg: 3.5, Max: 4, Diff: 1, Sum: 7]
      [Scan RS (ms): Min: 0.1, Avg: 0.1, Max: 0.1, Diff: 0.0, Sum: 0.2]
      [Code Root Scanning (ms): Min: 0.0, Avg: 0.0, Max: 0.0, Diff: 0.0, Sum: 0.0]
      [Object Copy (ms): Min: 17.3, Avg: 17.3, Max: 17.3, Diff: 0.0, Sum: 34.6]
      [Termination (ms): Min: 0.0, Avg: 0.0, Max: 0.0, Diff: 0.0, Sum: 0.0]
         [Termination Attempts: Min: 1, Avg: 1.0, Max: 1, Diff: 0, Sum: 2]
      [GC Worker Other (ms): Min: 0.0, Avg: 0.0, Max: 0.0, Diff: 0.0, Sum: 0.0]
      [GC Worker Total (ms): Min: 18.0, Avg: 18.0, Max: 18.0, Diff: 0.0, Sum: 36.0]
      [GC Worker End (ms): Min: 452099.6, Avg: 452099.6, Max: 452099.6, Diff: 0.0]
   [Code Root Fixup: 0.0 ms]
   [Code Root Purge: 0.0 ms]
   [Clear CT: 0.1 ms]
   [Other: 0.4 ms]
      [Choose CSet: 0.0 ms]
      [Ref Proc: 0.1 ms]
      [Ref Enq: 0.0 ms]
      [Redirty Cards: 0.0 ms]
      [Humongous Register: 0.0 ms]
      [Humongous Reclaim: 0.0 ms]
      [Free CSet: 0.2 ms]
   [Eden: 260.0M(260.0M)->0.0B(257.0M) Survivors: 15360.0K->17408.0K Heap: 403.4M(472.0M)->145.4M(472.0M)]
 [Times: user=0.04 sys=0.00, real=0.01 secs] 
2024-07-06T11:31:38.383+0800: 452.549: [GC pause (G1 Evacuation Pause) (young), 0.0151431 secs]
   [Parallel Time: 14.7 ms, GC Workers: 2]
      [GC Worker Start (ms): Min: 452549.6, Avg: 452549.6, Max: 452549.6, Diff: 0.0]
      [Ext Root Scanning (ms): Min: 0.5, Avg: 0.5, Max: 0.5, Diff: 0.0, Sum: 1.1]
      [Update RS (ms): Min: 0.0, Avg: 0.0, Max: 0.0, Diff: 0.0, Sum: 0.1]
         [Processed Buffers: Min: 2, Avg: 3.0, Max: 4, Diff: 2, Sum: 6]
      [Scan RS (ms): Min: 0.1, Avg: 0.1, Max: 0.1, Diff: 0.0, Sum: 0.2]
      [Code Root Scanning (ms): Min: 0.0, Avg: 0.0, Max: 0.0, Diff: 0.0, Sum: 0.0]
      [Object Copy (ms): Min: 13.9, Avg: 13.9, Max: 14.0, Diff: 0.0, Sum: 27.9]
      [Termination (ms): Min: 0.0, Avg: 0.0, Max: 0.0, Diff: 0.0, Sum: 0.0]
         [Termination Attempts: Min: 1, Avg: 1.5, Max: 2, Diff: 1, Sum: 3]
      [GC Worker Other (ms): Min: 0.0, Avg: 0.0, Max: 0.0, Diff: 0.0, Sum: 0.0]
      [GC Worker Total (ms): Min: 14.6, Avg: 14.6, Max: 14.6, Diff: 0.0, Sum: 29.2]
      [GC Worker End (ms): Min: 452564.2, Avg: 452564.2, Max: 452564.2, Diff: 0.0]
   [Code Root Fixup: 0.0 ms]
   [Code Root Purge: 0.0 ms]
   [Clear CT: 0.1 ms]
   [Other: 0.4 ms]
      [Choose CSet: 0.0 ms]
      [Ref Proc: 0.1 ms]
      [Ref Enq: 0.0 ms]
      [Redirty Cards: 0.0 ms]
      [Humongous Register: 0.0 ms]
      [Humongous Reclaim: 0.0 ms]
      [Free CSet: 0.1 ms]
   [Eden: 257.0M(257.0M)->0.0B(262.0M) Survivors: 17408.0K->13312.0K Heap: 402.4M(472.0M)->140.9M(472.0M)]
 [Times: user=0.03 sys=0.00, real=0.02 secs] 
2024-07-06T11:31:38.917+0800: 453.083: [GC pause (G1 Evacuation Pause) (young), 0.0181701 secs]
   [Parallel Time: 17.6 ms, GC Workers: 2]
      [GC Worker Start (ms): Min: 453083.5, Avg: 453083.5, Max: 453083.5, Diff: 0.0]
      [Ext Root Scanning (ms): Min: 0.5, Avg: 0.6, Max: 0.6, Diff: 0.0, Sum: 1.1]
      [Update RS (ms): Min: 0.0, Avg: 0.0, Max: 0.0, Diff: 0.0, Sum: 0.1]
         [Processed Buffers: Min: 3, Avg: 3.5, Max: 4, Diff: 1, Sum: 7]
      [Scan RS (ms): Min: 0.1, Avg: 0.1, Max: 0.1, Diff: 0.0, Sum: 0.2]
      [Code Root Scanning (ms): Min: 0.0, Avg: 0.0, Max: 0.0, Diff: 0.0, Sum: 0.0]
      [Object Copy (ms): Min: 16.9, Avg: 16.9, Max: 16.9, Diff: 0.0, Sum: 33.8]
      [Termination (ms): Min: 0.0, Avg: 0.0, Max: 0.0, Diff: 0.0, Sum: 0.0]
         [Termination Attempts: Min: 1, Avg: 1.0, Max: 1, Diff: 0, Sum: 2]
      [GC Worker Other (ms): Min: 0.0, Avg: 0.0, Max: 0.0, Diff: 0.0, Sum: 0.0]
      [GC Worker Total (ms): Min: 17.6, Avg: 17.6, Max: 17.6, Diff: 0.0, Sum: 35.1]
      [GC Worker End (ms): Min: 453101.1, Avg: 453101.1, Max: 453101.1, Diff: 0.0]
   [Code Root Fixup: 0.0 ms]
   [Code Root Purge: 0.0 ms]
   [Clear CT: 0.1 ms]
   [Other: 0.4 ms]
      [Choose CSet: 0.0 ms]
      [Ref Proc: 0.1 ms]
      [Ref Enq: 0.0 ms]
      [Redirty Cards: 0.0 ms]
      [Humongous Register: 0.0 ms]
      [Humongous Reclaim: 0.0 ms]
      [Free CSet: 0.1 ms]
   [Eden: 262.0M(262.0M)->0.0B(258.0M) Survivors: 13312.0K->17408.0K Heap: 402.9M(472.0M)->144.9M(472.0M)]
 [Times: user=0.02 sys=0.01, real=0.02 secs] 
2024-07-06T11:31:39.399+0800: 453.565: [GC pause (G1 Evacuation Pause) (young), 0.0086065 secs]
   [Parallel Time: 8.2 ms, GC Workers: 2]
      [GC Worker Start (ms): Min: 453565.2, Avg: 453565.2, Max: 453565.2, Diff: 0.0]
      [Ext Root Scanning (ms): Min: 0.5, Avg: 0.5, Max: 0.5, Diff: 0.0, Sum: 1.0]
      [Update RS (ms): Min: 0.0, Avg: 0.0, Max: 0.0, Diff: 0.0, Sum: 0.1]
         [Processed Buffers: Min: 2, Avg: 2.5, Max: 3, Diff: 1, Sum: 5]
      [Scan RS (ms): Min: 0.1, Avg: 0.1, Max: 0.1, Diff: 0.0, Sum: 0.1]
      [Code Root Scanning (ms): Min: 0.0, Avg: 0.0, Max: 0.0, Diff: 0.0, Sum: 0.0]
      [Object Copy (ms): Min: 7.5, Avg: 7.5, Max: 7.5, Diff: 0.0, Sum: 15.0]
      [Termination (ms): Min: 0.0, Avg: 0.0, Max: 0.0, Diff: 0.0, Sum: 0.0]
         [Termination Attempts: Min: 3, Avg: 4.0, Max: 5, Diff: 2, Sum: 8]
      [GC Worker Other (ms): Min: 0.0, Avg: 0.0, Max: 0.0, Diff: 0.0, Sum: 0.0]
      [GC Worker Total (ms): Min: 8.1, Avg: 8.1, Max: 8.1, Diff: 0.0, Sum: 16.2]
      [GC Worker End (ms): Min: 453573.3, Avg: 453573.3, Max: 453573.3, Diff: 0.0]
   [Code Root Fixup: 0.0 ms]
   [Code Root Purge: 0.0 ms]
   [Clear CT: 0.1 ms]
   [Other: 0.3 ms]
      [Choose CSet: 0.0 ms]
      [Ref Proc: 0.1 ms]
      [Ref Enq: 0.0 ms]
      [Redirty Cards: 0.0 ms]
      [Humongous Register: 0.0 ms]
      [Humongous Reclaim: 0.0 ms]
      [Free CSet: 0.1 ms]
   [Eden: 258.0M(258.0M)->0.0B(266.0M) Survivors: 17408.0K->10240.0K Heap: 402.9M(472.0M)->137.9M(472.0M)]
 [Times: user=0.02 sys=0.00, real=0.01 secs] 
2024-07-06T11:31:39.839+0800: 454.005: [GC pause (G1 Evacuation Pause) (young), 0.0160160 secs]
   [Parallel Time: 15.5 ms, GC Workers: 2]
      [GC Worker Start (ms): Min: 454005.5, Avg: 454005.5, Max: 454005.5, Diff: 0.0]
      [Ext Root Scanning (ms): Min: 0.5, Avg: 0.5, Max: 0.5, Diff: 0.0, Sum: 1.1]
      [Update RS (ms): Min: 0.0, Avg: 0.0, Max: 0.0, Diff: 0.0, Sum: 0.1]
         [Processed Buffers: Min: 3, Avg: 3.5, Max: 4, Diff: 1, Sum: 7]
      [Scan RS (ms): Min: 0.1, Avg: 0.1, Max: 0.1, Diff: 0.0, Sum: 0.1]
      [Code Root Scanning (ms): Min: 0.0, Avg: 0.0, Max: 0.0, Diff: 0.0, Sum: 0.0]
      [Object Copy (ms): Min: 14.8, Avg: 14.8, Max: 14.8, Diff: 0.0, Sum: 29.6]
      [Termination (ms): Min: 0.0, Avg: 0.0, Max: 0.0, Diff: 0.0, Sum: 0.0]
         [Termination Attempts: Min: 1, Avg: 1.0, Max: 1, Diff: 0, Sum: 2]
      [GC Worker Other (ms): Min: 0.0, Avg: 0.0, Max: 0.0, Diff: 0.0, Sum: 0.0]
      [GC Worker Total (ms): Min: 15.4, Avg: 15.5, Max: 15.5, Diff: 0.0, Sum: 30.9]
      [GC Worker End (ms): Min: 454021.0, Avg: 454021.0, Max: 454021.0, Diff: 0.0]
   [Code Root Fixup: 0.0 ms]
   [Code Root Purge: 0.0 ms]
   [Clear CT: 0.1 ms]
   [Other: 0.4 ms]
      [Choose CSet: 0.0 ms]
      [Ref Proc: 0.1 ms]
      [Ref Enq: 0.0 ms]
      [Redirty Cards: 0.0 ms]
      [Humongous Register: 0.0 ms]
      [Humongous Reclaim: 0.0 ms]
      [Free CSet: 0.2 ms]
   [Eden: 266.0M(266.0M)->0.0B(262.0M) Survivors: 10240.0K->14336.0K Heap: 403.9M(472.0M)->141.9M(472.0M)]
 [Times: user=0.03 sys=0.00, real=0.02 secs] 
2024-07-06T11:31:40.267+0800: 454.433: [GC pause (G1 Evacuation Pause) (young), 0.0146573 secs]
   [Parallel Time: 14.1 ms, GC Workers: 2]
      [GC Worker Start (ms): Min: 454433.5, Avg: 454433.5, Max: 454433.5, Diff: 0.0]
      [Ext Root Scanning (ms): Min: 0.5, Avg: 0.5, Max: 0.5, Diff: 0.0, Sum: 1.0]
      [Update RS (ms): Min: 0.0, Avg: 0.0, Max: 0.0, Diff: 0.0, Sum: 0.1]
         [Processed Buffers: Min: 3, Avg: 3.0, Max: 3, Diff: 0, Sum: 6]
      [Scan RS (ms): Min: 0.1, Avg: 0.1, Max: 0.1, Diff: 0.0, Sum: 0.1]
      [Code Root Scanning (ms): Min: 0.0, Avg: 0.0, Max: 0.0, Diff: 0.0, Sum: 0.0]
      [Object Copy (ms): Min: 13.5, Avg: 13.5, Max: 13.5, Diff: 0.0, Sum: 26.9]
      [Termination (ms): Min: 0.0, Avg: 0.0, Max: 0.0, Diff: 0.0, Sum: 0.0]
         [Termination Attempts: Min: 1, Avg: 1.0, Max: 1, Diff: 0, Sum: 2]
      [GC Worker Other (ms): Min: 0.0, Avg: 0.0, Max: 0.0, Diff: 0.0, Sum: 0.0]
      [GC Worker Total (ms): Min: 14.1, Avg: 14.1, Max: 14.1, Diff: 0.0, Sum: 28.2]
      [GC Worker End (ms): Min: 454447.6, Avg: 454447.6, Max: 454447.6, Diff: 0.0]
   [Code Root Fixup: 0.0 ms]
   [Code Root Purge: 0.0 ms]
   [Clear CT: 0.1 ms]
   [Other: 0.4 ms]
      [Choose CSet: 0.0 ms]
      [Ref Proc: 0.1 ms]
      [Ref Enq: 0.0 ms]
      [Redirty Cards: 0.0 ms]
      [Humongous Register: 0.0 ms]
      [Humongous Reclaim: 0.0 ms]
      [Free CSet: 0.2 ms]
   [Eden: 262.0M(262.0M)->0.0B(261.0M) Survivors: 14336.0K->15360.0K Heap: 403.9M(472.0M)->142.9M(472.0M)]
 [Times: user=0.03 sys=0.00, real=0.01 secs] 
2024-07-06T11:31:40.712+0800: 454.878: [GC pause (G1 Evacuation Pause) (young), 0.0128918 secs]
   [Parallel Time: 12.4 ms, GC Workers: 2]
      [GC Worker Start (ms): Min: 454877.9, Avg: 454877.9, Max: 454877.9, Diff: 0.0]
      [Ext Root Scanning (ms): Min: 0.5, Avg: 0.5, Max: 0.5, Diff: 0.0, Sum: 1.0]
      [Update RS (ms): Min: 0.0, Avg: 0.0, Max: 0.0, Diff: 0.0, Sum: 0.1]
         [Processed Buffers: Min: 2, Avg: 3.0, Max: 4, Diff: 2, Sum: 6]
      [Scan RS (ms): Min: 0.1, Avg: 0.1, Max: 0.1, Diff: 0.0, Sum: 0.1]
      [Code Root Scanning (ms): Min: 0.0, Avg: 0.0, Max: 0.0, Diff: 0.0, Sum: 0.0]
      [Object Copy (ms): Min: 11.6, Avg: 11.6, Max: 11.7, Diff: 0.0, Sum: 23.3]
      [Termination (ms): Min: 0.0, Avg: 0.0, Max: 0.0, Diff: 0.0, Sum: 0.0]
         [Termination Attempts: Min: 1, Avg: 1.5, Max: 2, Diff: 1, Sum: 3]
      [GC Worker Other (ms): Min: 0.0, Avg: 0.0, Max: 0.0, Diff: 0.0, Sum: 0.0]
      [GC Worker Total (ms): Min: 12.3, Avg: 12.3, Max: 12.3, Diff: 0.0, Sum: 24.6]
      [GC Worker End (ms): Min: 454890.2, Avg: 454890.2, Max: 454890.2, Diff: 0.0]
   [Code Root Fixup: 0.0 ms]
   [Code Root Purge: 0.0 ms]
   [Clear CT: 0.1 ms]
   [Other: 0.4 ms]
      [Choose CSet: 0.0 ms]
      [Ref Proc: 0.1 ms]
      [Ref Enq: 0.0 ms]
      [Redirty Cards: 0.0 ms]
      [Humongous Register: 0.0 ms]
      [Humongous Reclaim: 0.0 ms]
      [Free CSet: 0.2 ms]
   [Eden: 261.0M(261.0M)->0.0B(264.0M) Survivors: 15360.0K->12288.0K Heap: 403.9M(472.0M)->139.9M(472.0M)]
 [Times: user=0.02 sys=0.00, real=0.01 secs] 
2024-07-06T11:31:41.151+0800: 455.317: [GC pause (G1 Evacuation Pause) (young), 0.0132083 secs]
   [Parallel Time: 12.7 ms, GC Workers: 2]
      [GC Worker Start (ms): Min: 455317.5, Avg: 455317.5, Max: 455317.5, Diff: 0.0]
      [Ext Root Scanning (ms): Min: 0.5, Avg: 0.5, Max: 0.5, Diff: 0.0, Sum: 1.0]
      [Update RS (ms): Min: 0.0, Avg: 0.0, Max: 0.0, Diff: 0.0, Sum: 0.1]
         [Processed Buffers: Min: 3, Avg: 3.0, Max: 3, Diff: 0, Sum: 6]
      [Scan RS (ms): Min: 0.1, Avg: 0.1, Max: 0.1, Diff: 0.0, Sum: 0.2]
      [Code Root Scanning (ms): Min: 0.0, Avg: 0.0, Max: 0.0, Diff: 0.0, Sum: 0.0]
      [Object Copy (ms): Min: 12.1, Avg: 12.1, Max: 12.1, Diff: 0.0, Sum: 24.2]
      [Termination (ms): Min: 0.0, Avg: 0.0, Max: 0.0, Diff: 0.0, Sum: 0.0]
         [Termination Attempts: Min: 1, Avg: 1.0, Max: 1, Diff: 0, Sum: 2]
      [GC Worker Other (ms): Min: 0.0, Avg: 0.0, Max: 0.0, Diff: 0.0, Sum: 0.0]
      [GC Worker Total (ms): Min: 12.7, Avg: 12.7, Max: 12.7, Diff: 0.0, Sum: 25.4]
      [GC Worker End (ms): Min: 455330.2, Avg: 455330.2, Max: 455330.2, Diff: 0.0]
   [Code Root Fixup: 0.0 ms]
   [Code Root Purge: 0.0 ms]
   [Clear CT: 0.1 ms]
   [Other: 0.4 ms]
      [Choose CSet: 0.0 ms]
      [Ref Proc: 0.1 ms]
      [Ref Enq: 0.0 ms]
      [Redirty Cards: 0.0 ms]
      [Humongous Register: 0.0 ms]
      [Humongous Reclaim: 0.0 ms]
      [Free CSet: 0.1 ms]
   [Eden: 264.0M(264.0M)->0.0B(264.0M) Survivors: 12288.0K->13312.0K Heap: 403.9M(472.0M)->140.9M(472.0M)]
 [Times: user=0.03 sys=0.00, real=0.01 secs] 
2024-07-06T11:31:41.576+0800: 455.742: [GC pause (G1 Evacuation Pause) (young), 0.0132485 secs]
   [Parallel Time: 12.8 ms, GC Workers: 2]
      [GC Worker Start (ms): Min: 455742.3, Avg: 455742.3, Max: 455742.3, Diff: 0.0]
      [Ext Root Scanning (ms): Min: 0.5, Avg: 0.5, Max: 0.6, Diff: 0.1, Sum: 1.1]
      [Update RS (ms): Min: 0.0, Avg: 0.0, Max: 0.0, Diff: 0.0, Sum: 0.1]
         [Processed Buffers: Min: 3, Avg: 3.0, Max: 3, Diff: 0, Sum: 6]
      [Scan RS (ms): Min: 0.1, Avg: 0.1, Max: 0.1, Diff: 0.0, Sum: 0.2]
      [Code Root Scanning (ms): Min: 0.0, Avg: 0.0, Max: 0.0, Diff: 0.0, Sum: 0.0]
      [Object Copy (ms): Min: 12.0, Avg: 12.0, Max: 12.0, Diff: 0.0, Sum: 24.0]
      [Termination (ms): Min: 0.0, Avg: 0.0, Max: 0.0, Diff: 0.0, Sum: 0.0]
         [Termination Attempts: Min: 1, Avg: 1.0, Max: 1, Diff: 0, Sum: 2]
      [GC Worker Other (ms): Min: 0.0, Avg: 0.0, Max: 0.0, Diff: 0.0, Sum: 0.0]
      [GC Worker Total (ms): Min: 12.7, Avg: 12.7, Max: 12.7, Diff: 0.0, Sum: 25.4]
      [GC Worker End (ms): Min: 455755.0, Avg: 455755.0, Max: 455755.0, Diff: 0.0]
   [Code Root Fixup: 0.0 ms]
   [Code Root Purge: 0.0 ms]
   [Clear CT: 0.1 ms]
   [Other: 0.4 ms]
      [Choose CSet: 0.0 ms]
      [Ref Proc: 0.1 ms]
      [Ref Enq: 0.0 ms]
      [Redirty Cards: 0.0 ms]
      [Humongous Register: 0.0 ms]
      [Humongous Reclaim: 0.0 ms]
      [Free CSet: 0.1 ms]
   [Eden: 264.0M(264.0M)->0.0B(264.0M) Survivors: 13312.0K->13312.0K Heap: 404.9M(472.0M)->141.4M(472.0M)]
 [Times: user=0.03 sys=0.00, real=0.01 secs] 
2024-07-06T11:31:42.006+0800: 456.173: [GC pause (G1 Evacuation Pause) (young), 0.0161823 secs]
   [Parallel Time: 15.6 ms, GC Workers: 2]
      [GC Worker Start (ms): Min: 456172.6, Avg: 456172.8, Max: 456172.9, Diff: 0.3]
      [Ext Root Scanning (ms): Min: 0.6, Avg: 0.7, Max: 0.9, Diff: 0.3, Sum: 1.5]
      [Update RS (ms): Min: 0.0, Avg: 0.0, Max: 0.0, Diff: 0.0, Sum: 0.1]
         [Processed Buffers: Min: 1, Avg: 3.5, Max: 6, Diff: 5, Sum: 7]
      [Scan RS (ms): Min: 0.1, Avg: 0.1, Max: 0.1, Diff: 0.0, Sum: 0.2]
      [Code Root Scanning (ms): Min: 0.0, Avg: 0.0, Max: 0.0, Diff: 0.0, Sum: 0.0]
      [Object Copy (ms): Min: 14.5, Avg: 14.5, Max: 14.6, Diff: 0.0, Sum: 29.1]
      [Termination (ms): Min: 0.0, Avg: 0.0, Max: 0.0, Diff: 0.0, Sum: 0.0]
         [Termination Attempts: Min: 1, Avg: 1.0, Max: 1, Diff: 0, Sum: 2]
      [GC Worker Other (ms): Min: 0.0, Avg: 0.0, Max: 0.0, Diff: 0.0, Sum: 0.0]
      [GC Worker Total (ms): Min: 15.3, Avg: 15.4, Max: 15.6, Diff: 0.3, Sum: 30.8]
      [GC Worker End (ms): Min: 456188.2, Avg: 456188.2, Max: 456188.2, Diff: 0.0]
   [Code Root Fixup: 0.0 ms]
   [Code Root Purge: 0.0 ms]
   [Clear CT: 0.2 ms]
   [Other: 0.4 ms]
      [Choose CSet: 0.0 ms]
      [Ref Proc: 0.0 ms]
      [Ref Enq: 0.0 ms]
      [Redirty Cards: 0.1 ms]
      [Humongous Register: 0.0 ms]
      [Humongous Reclaim: 0.0 ms]
      [Free CSet: 0.2 ms]
   [Eden: 264.0M(264.0M)->0.0B(263.0M) Survivors: 13312.0K->14336.0K Heap: 405.4M(472.0M)->142.4M(472.0M)]
 [Times: user=0.03 sys=0.00, real=0.02 secs] 
2024-07-06T11:31:42.439+0800: 456.605: [GC pause (G1 Evacuation Pause) (young), 0.0185460 secs]
   [Parallel Time: 18.0 ms, GC Workers: 2]
      [GC Worker Start (ms): Min: 456605.0, Avg: 456605.0, Max: 456605.0, Diff: 0.0]
      [Ext Root Scanning (ms): Min: 0.5, Avg: 0.5, Max: 0.5, Diff: 0.0, Sum: 1.0]
      [Update RS (ms): Min: 0.0, Avg: 0.0, Max: 0.0, Diff: 0.0, Sum: 0.1]
         [Processed Buffers: Min: 3, Avg: 3.0, Max: 3, Diff: 0, Sum: 6]
      [Scan RS (ms): Min: 0.1, Avg: 0.1, Max: 0.1, Diff: 0.0, Sum: 0.1]
      [Code Root Scanning (ms): Min: 0.0, Avg: 0.0, Max: 0.0, Diff: 0.0, Sum: 0.0]
      [Object Copy (ms): Min: 17.2, Avg: 17.2, Max: 17.2, Diff: 0.0, Sum: 34.4]
      [Termination (ms): Min: 0.0, Avg: 0.0, Max: 0.0, Diff: 0.0, Sum: 0.0]
         [Termination Attempts: Min: 1, Avg: 1.0, Max: 1, Diff: 0, Sum: 2]
      [GC Worker Other (ms): Min: 0.0, Avg: 0.0, Max: 0.0, Diff: 0.0, Sum: 0.0]
      [GC Worker Total (ms): Min: 17.8, Avg: 17.9, Max: 17.9, Diff: 0.0, Sum: 35.7]
      [GC Worker End (ms): Min: 456622.9, Avg: 456622.9, Max: 456622.9, Diff: 0.0]
   [Code Root Fixup: 0.0 ms]
   [Code Root Purge: 0.0 ms]
   [Clear CT: 0.1 ms]
   [Other: 0.5 ms]
      [Choose CSet: 0.0 ms]
      [Ref Proc: 0.2 ms]
      [Ref Enq: 0.0 ms]
      [Redirty Cards: 0.0 ms]
      [Humongous Register: 0.0 ms]
      [Humongous Reclaim: 0.0 ms]
      [Free CSet: 0.1 ms]
   [Eden: 263.0M(263.0M)->0.0B(259.0M) Survivors: 14336.0K->17408.0K Heap: 405.4M(472.0M)->144.9M(472.0M)]
 [Times: user=0.03 sys=0.00, real=0.02 secs] 
2024-07-06T11:31:42.959+0800: 457.125: [GC pause (G1 Evacuation Pause) (young), 0.0166718 secs]
   [Parallel Time: 16.1 ms, GC Workers: 2]
      [GC Worker Start (ms): Min: 457125.2, Avg: 457125.2, Max: 457125.3, Diff: 0.0]
      [Ext Root Scanning (ms): Min: 0.6, Avg: 0.6, Max: 0.6, Diff: 0.0, Sum: 1.1]
      [Update RS (ms): Min: 0.0, Avg: 0.0, Max: 0.0, Diff: 0.0, Sum: 0.1]
         [Processed Buffers: Min: 1, Avg: 3.5, Max: 6, Diff: 5, Sum: 7]
      [Scan RS (ms): Min: 0.1, Avg: 0.1, Max: 0.1, Diff: 0.0, Sum: 0.2]
      [Code Root Scanning (ms): Min: 0.0, Avg: 0.0, Max: 0.0, Diff: 0.0, Sum: 0.0]
      [Object Copy (ms): Min: 15.3, Avg: 15.3, Max: 15.3, Diff: 0.0, Sum: 30.5]
      [Termination (ms): Min: 0.0, Avg: 0.0, Max: 0.0, Diff: 0.0, Sum: 0.0]
         [Termination Attempts: Min: 1, Avg: 1.0, Max: 1, Diff: 0, Sum: 2]
      [GC Worker Other (ms): Min: 0.0, Avg: 0.0, Max: 0.0, Diff: 0.0, Sum: 0.0]
      [GC Worker Total (ms): Min: 16.0, Avg: 16.0, Max: 16.0, Diff: 0.0, Sum: 32.0]
      [GC Worker End (ms): Min: 457141.2, Avg: 457141.2, Max: 457141.2, Diff: 0.0]
   [Code Root Fixup: 0.0 ms]
   [Code Root Purge: 0.0 ms]
   [Clear CT: 0.1 ms]
   [Other: 0.5 ms]
      [Choose CSet: 0.0 ms]
      [Ref Proc: 0.1 ms]
      [Ref Enq: 0.0 ms]
      [Redirty Cards: 0.1 ms]
      [Humongous Register: 0.0 ms]
      [Humongous Reclaim: 0.0 ms]
      [Free CSet: 0.1 ms]
   [Eden: 259.0M(259.0M)->0.0B(262.0M) Survivors: 17408.0K->14336.0K Heap: 403.9M(472.0M)->142.4M(472.0M)]
 [Times: user=0.03 sys=0.00, real=0.02 secs] 
2024-07-06T11:31:43.385+0800: 457.552: [GC pause (G1 Evacuation Pause) (young), 0.0192030 secs]
   [Parallel Time: 18.7 ms, GC Workers: 2]
      [GC Worker Start (ms): Min: 457551.7, Avg: 457551.7, Max: 457551.7, Diff: 0.0]
      [Ext Root Scanning (ms): Min: 0.5, Avg: 0.5, Max: 0.5, Diff: 0.0, Sum: 1.0]
      [Update RS (ms): Min: 0.0, Avg: 0.0, Max: 0.0, Diff: 0.0, Sum: 0.1]
         [Processed Buffers: Min: 2, Avg: 2.5, Max: 3, Diff: 1, Sum: 5]
      [Scan RS (ms): Min: 0.1, Avg: 0.1, Max: 0.1, Diff: 0.0, Sum: 0.1]
      [Code Root Scanning (ms): Min: 0.0, Avg: 0.0, Max: 0.0, Diff: 0.0, Sum: 0.0]
      [Object Copy (ms): Min: 17.9, Avg: 18.0, Max: 18.0, Diff: 0.0, Sum: 35.9]
      [Termination (ms): Min: 0.0, Avg: 0.0, Max: 0.0, Diff: 0.0, Sum: 0.0]
         [Termination Attempts: Min: 1, Avg: 1.0, Max: 1, Diff: 0, Sum: 2]
      [GC Worker Other (ms): Min: 0.0, Avg: 0.0, Max: 0.0, Diff: 0.0, Sum: 0.0]
      [GC Worker Total (ms): Min: 18.6, Avg: 18.6, Max: 18.6, Diff: 0.0, Sum: 37.2]
      [GC Worker End (ms): Min: 457570.3, Avg: 457570.3, Max: 457570.3, Diff: 0.0]
   [Code Root Fixup: 0.0 ms]
   [Code Root Purge: 0.0 ms]
   [Clear CT: 0.1 ms]
   [Other: 0.4 ms]
      [Choose CSet: 0.0 ms]
      [Ref Proc: 0.1 ms]
      [Ref Enq: 0.0 ms]
      [Redirty Cards: 0.0 ms]
      [Humongous Register: 0.0 ms]
      [Humongous Reclaim: 0.0 ms]
      [Free CSet: 0.1 ms]
   [Eden: 262.0M(262.0M)->0.0B(257.0M) Survivors: 14336.0K->18432.0K Heap: 404.4M(472.0M)->145.9M(472.0M)]
 [Times: user=0.04 sys=0.00, real=0.02 secs] 
2024-07-06T11:31:43.838+0800: 458.004: [GC pause (G1 Evacuation Pause) (young), 0.0069648 secs]
   [Parallel Time: 6.5 ms, GC Workers: 2]
      [GC Worker Start (ms): Min: 458004.5, Avg: 458004.5, Max: 458004.5, Diff: 0.0]
      [Ext Root Scanning (ms): Min: 0.5, Avg: 0.5, Max: 0.5, Diff: 0.0, Sum: 1.0]
      [Update RS (ms): Min: 0.0, Avg: 0.0, Max: 0.0, Diff: 0.0, Sum: 0.1]
         [Processed Buffers: Min: 3, Avg: 3.5, Max: 4, Diff: 1, Sum: 7]
      [Scan RS (ms): Min: 0.1, Avg: 0.1, Max: 0.1, Diff: 0.0, Sum: 0.1]
      [Code Root Scanning (ms): Min: 0.0, Avg: 0.0, Max: 0.0, Diff: 0.0, Sum: 0.0]
      [Object Copy (ms): Min: 5.8, Avg: 5.8, Max: 5.8, Diff: 0.0, Sum: 11.5]
      [Termination (ms): Min: 0.0, Avg: 0.0, Max: 0.0, Diff: 0.0, Sum: 0.0]
         [Termination Attempts: Min: 1, Avg: 1.0, Max: 1, Diff: 0, Sum: 2]
      [GC Worker Other (ms): Min: 0.0, Avg: 0.0, Max: 0.0, Diff: 0.0, Sum: 0.0]
      [GC Worker Total (ms): Min: 6.4, Avg: 6.4, Max: 6.4, Diff: 0.0, Sum: 12.8]
      [GC Worker End (ms): Min: 458010.9, Avg: 458010.9, Max: 458010.9, Diff: 0.0]
   [Code Root Fixup: 0.0 ms]
   [Code Root Purge: 0.0 ms]
   [Clear CT: 0.1 ms]
   [Other: 0.4 ms]
      [Choose CSet: 0.0 ms]
      [Ref Proc: 0.1 ms]
      [Ref Enq: 0.0 ms]
      [Redirty Cards: 0.0 ms]
      [Humongous Register: 0.0 ms]
      [Humongous Reclaim: 0.0 ms]
      [Free CSet: 0.1 ms]
   [Eden: 257.0M(257.0M)->0.0B(270.0M) Survivors: 18432.0K->7168.0K Heap: 402.9M(472.0M)->135.4M(472.0M)]
 [Times: user=0.01 sys=0.00, real=0.00 secs] 
2024-07-06T11:31:44.269+0800: 458.435: [GC pause (G1 Evacuation Pause) (young), 0.0152953 secs]
   [Parallel Time: 14.8 ms, GC Workers: 2]
      [GC Worker Start (ms): Min: 458435.4, Avg: 458435.4, Max: 458435.4, Diff: 0.0]
      [Ext Root Scanning (ms): Min: 0.5, Avg: 0.5, Max: 0.5, Diff: 0.0, Sum: 0.9]
      [Update RS (ms): Min: 0.0, Avg: 0.0, Max: 0.0, Diff: 0.0, Sum: 0.1]
         [Processed Buffers: Min: 2, Avg: 3.0, Max: 4, Diff: 2, Sum: 6]
      [Scan RS (ms): Min: 0.1, Avg: 0.1, Max: 0.1, Diff: 0.0, Sum: 0.2]
      [Code Root Scanning (ms): Min: 0.0, Avg: 0.0, Max: 0.0, Diff: 0.0, Sum: 0.0]
      [Object Copy (ms): Min: 14.2, Avg: 14.2, Max: 14.2, Diff: 0.0, Sum: 28.3]
      [Termination (ms): Min: 0.0, Avg: 0.0, Max: 0.0, Diff: 0.0, Sum: 0.0]
         [Termination Attempts: Min: 1, Avg: 1.0, Max: 1, Diff: 0, Sum: 2]
      [GC Worker Other (ms): Min: 0.0, Avg: 0.0, Max: 0.0, Diff: 0.0, Sum: 0.0]
      [GC Worker Total (ms): Min: 14.8, Avg: 14.8, Max: 14.8, Diff: 0.0, Sum: 29.5]
      [GC Worker End (ms): Min: 458450.2, Avg: 458450.2, Max: 458450.2, Diff: 0.0]
   [Code Root Fixup: 0.0 ms]
   [Code Root Purge: 0.0 ms]
   [Clear CT: 0.1 ms]
   [Other: 0.4 ms]
      [Choose CSet: 0.0 ms]
      [Ref Proc: 0.1 ms]
      [Ref Enq: 0.0 ms]
      [Redirty Cards: 0.0 ms]
      [Humongous Register: 0.0 ms]
      [Humongous Reclaim: 0.0 ms]
      [Free CSet: 0.1 ms]
   [Eden: 270.0M(270.0M)->0.0B(262.0M) Survivors: 7168.0K->14336.0K Heap: 405.4M(472.0M)->142.4M(472.0M)]
 [Times: user=0.03 sys=0.00, real=0.01 secs] 
2024-07-06T11:31:44.675+0800: 458.841: [GC pause (G1 Evacuation Pause) (young), 0.0133612 secs]
   [Parallel Time: 12.9 ms, GC Workers: 2]
      [GC Worker Start (ms): Min: 458841.5, Avg: 458841.6, Max: 458841.6, Diff: 0.0]
      [Ext Root Scanning (ms): Min: 0.6, Avg: 0.6, Max: 0.6, Diff: 0.0, Sum: 1.1]
      [Update RS (ms): Min: 0.0, Avg: 0.0, Max: 0.0, Diff: 0.0, Sum: 0.1]
         [Processed Buffers: Min: 3, Avg: 3.0, Max: 3, Diff: 0, Sum: 6]
      [Scan RS (ms): Min: 0.1, Avg: 0.1, Max: 0.1, Diff: 0.0, Sum: 0.1]
      [Code Root Scanning (ms): Min: 0.0, Avg: 0.0, Max: 0.0, Diff: 0.0, Sum: 0.0]
      [Object Copy (ms): Min: 12.2, Avg: 12.2, Max: 12.2, Diff: 0.0, Sum: 24.3]
      [Termination (ms): Min: 0.0, Avg: 0.0, Max: 0.0, Diff: 0.0, Sum: 0.0]
         [Termination Attempts: Min: 1, Avg: 1.0, Max: 1, Diff: 0, Sum: 2]
      [GC Worker Other (ms): Min: 0.0, Avg: 0.0, Max: 0.0, Diff: 0.0, Sum: 0.0]
      [GC Worker Total (ms): Min: 12.8, Avg: 12.8, Max: 12.9, Diff: 0.0, Sum: 25.7]
      [GC Worker End (ms): Min: 458854.4, Avg: 458854.4, Max: 458854.4, Diff: 0.0]
   [Code Root Fixup: 0.0 ms]
   [Code Root Purge: 0.0 ms]
   [Clear CT: 0.1 ms]
   [Other: 0.4 ms]
      [Choose CSet: 0.0 ms]
      [Ref Proc: 0.1 ms]
      [Ref Enq: 0.0 ms]
      [Redirty Cards: 0.0 ms]
      [Humongous Register: 0.0 ms]
      [Humongous Reclaim: 0.0 ms]
      [Free CSet: 0.1 ms]
   [Eden: 262.0M(262.0M)->0.0B(262.0M) Survivors: 14336.0K->14336.0K Heap: 404.4M(472.0M)->141.9M(472.0M)]
 [Times: user=0.02 sys=0.00, real=0.01 secs] 
2024-07-06T11:31:45.183+0800: 459.349: [GC pause (G1 Evacuation Pause) (young), 0.0124558 secs]
   [Parallel Time: 11.9 ms, GC Workers: 2]
      [GC Worker Start (ms): Min: 459349.6, Avg: 459349.6, Max: 459349.6, Diff: 0.0]
      [Ext Root Scanning (ms): Min: 0.5, Avg: 0.5, Max: 0.5, Diff: 0.0, Sum: 1.1]
      [Update RS (ms): Min: 0.0, Avg: 0.0, Max: 0.0, Diff: 0.0, Sum: 0.1]
         [Processed Buffers: Min: 3, Avg: 3.0, Max: 3, Diff: 0, Sum: 6]
      [Scan RS (ms): Min: 0.1, Avg: 0.1, Max: 0.1, Diff: 0.0, Sum: 0.1]
      [Code Root Scanning (ms): Min: 0.0, Avg: 0.0, Max: 0.0, Diff: 0.0, Sum: 0.0]
      [Object Copy (ms): Min: 11.2, Avg: 11.2, Max: 11.2, Diff: 0.0, Sum: 22.4]
      [Termination (ms): Min: 0.0, Avg: 0.0, Max: 0.0, Diff: 0.0, Sum: 0.0]
         [Termination Attempts: Min: 1, Avg: 1.0, Max: 1, Diff: 0, Sum: 2]
      [GC Worker Other (ms): Min: 0.0, Avg: 0.0, Max: 0.0, Diff: 0.0, Sum: 0.0]
      [GC Worker Total (ms): Min: 11.8, Avg: 11.8, Max: 11.8, Diff: 0.0, Sum: 23.7]
      [GC Worker End (ms): Min: 459361.4, Avg: 459361.4, Max: 459361.4, Diff: 0.0]
   [Code Root Fixup: 0.0 ms]
   [Code Root Purge: 0.0 ms]
   [Clear CT: 0.1 ms]
   [Other: 0.4 ms]
      [Choose CSet: 0.0 ms]
      [Ref Proc: 0.1 ms]
      [Ref Enq: 0.0 ms]
      [Redirty Cards: 0.0 ms]
      [Humongous Register: 0.0 ms]
      [Humongous Reclaim: 0.0 ms]
      [Free CSet: 0.2 ms]
   [Eden: 262.0M(262.0M)->0.0B(266.0M) Survivors: 14336.0K->11264.0K Heap: 403.9M(472.0M)->138.9M(472.0M)]
 [Times: user=0.03 sys=0.00, real=0.02 secs] 
2024-07-06T11:31:45.594+0800: 459.760: [GC pause (G1 Evacuation Pause) (young), 0.0184154 secs]
   [Parallel Time: 17.8 ms, GC Workers: 2]
      [GC Worker Start (ms): Min: 459759.9, Avg: 459759.9, Max: 459759.9, Diff: 0.0]
      [Ext Root Scanning (ms): Min: 0.5, Avg: 0.5, Max: 0.6, Diff: 0.0, Sum: 1.1]
      [Update RS (ms): Min: 0.0, Avg: 0.0, Max: 0.0, Diff: 0.0, Sum: 0.1]
         [Processed Buffers: Min: 3, Avg: 3.0, Max: 3, Diff: 0, Sum: 6]
      [Scan RS (ms): Min: 0.1, Avg: 0.1, Max: 0.1, Diff: 0.0, Sum: 0.1]
      [Code Root Scanning (ms): Min: 0.0, Avg: 0.0, Max: 0.0, Diff: 0.0, Sum: 0.0]
      [Object Copy (ms): Min: 17.0, Avg: 17.1, Max: 17.1, Diff: 0.0, Sum: 34.1]
      [Termination (ms): Min: 0.0, Avg: 0.0, Max: 0.0, Diff: 0.0, Sum: 0.0]
         [Termination Attempts: Min: 1, Avg: 1.0, Max: 1, Diff: 0, Sum: 2]
      [GC Worker Other (ms): Min: 0.0, Avg: 0.0, Max: 0.0, Diff: 0.0, Sum: 0.0]
      [GC Worker Total (ms): Min: 17.7, Avg: 17.7, Max: 17.7, Diff: 0.0, Sum: 35.4]
      [GC Worker End (ms): Min: 459777.6, Avg: 459777.6, Max: 459777.6, Diff: 0.0]
   [Code Root Fixup: 0.0 ms]
   [Code Root Purge: 0.0 ms]
   [Clear CT: 0.1 ms]
   [Other: 0.5 ms]
      [Choose CSet: 0.0 ms]
      [Ref Proc: 0.2 ms]
      [Ref Enq: 0.0 ms]
      [Redirty Cards: 0.1 ms]
      [Humongous Register: 0.0 ms]
      [Humongous Reclaim: 0.0 ms]
      [Free CSet: 0.1 ms]
   [Eden: 266.0M(266.0M)->0.0B(259.0M) Survivors: 11264.0K->17408.0K Heap: 404.9M(472.0M)->144.9M(472.0M)]
 [Times: user=0.03 sys=0.00, real=0.02 secs] 
2024-07-06T11:31:46.082+0800: 460.249: [GC pause (G1 Evacuation Pause) (young), 0.0104254 secs]
   [Parallel Time: 9.9 ms, GC Workers: 2]
      [GC Worker Start (ms): Min: 460248.6, Avg: 460248.6, Max: 460248.6, Diff: 0.0]
      [Ext Root Scanning (ms): Min: 0.5, Avg: 0.5, Max: 0.5, Diff: 0.0, Sum: 1.0]
      [Update RS (ms): Min: 0.0, Avg: 0.0, Max: 0.0, Diff: 0.0, Sum: 0.1]
         [Processed Buffers: Min: 2, Avg: 3.0, Max: 4, Diff: 2, Sum: 6]
      [Scan RS (ms): Min: 0.1, Avg: 0.1, Max: 0.1, Diff: 0.0, Sum: 0.1]
      [Code Root Scanning (ms): Min: 0.0, Avg: 0.0, Max: 0.0, Diff: 0.0, Sum: 0.0]
      [Object Copy (ms): Min: 9.2, Avg: 9.2, Max: 9.2, Diff: 0.0, Sum: 18.4]
      [Termination (ms): Min: 0.0, Avg: 0.0, Max: 0.0, Diff: 0.0, Sum: 0.0]
         [Termination Attempts: Min: 1, Avg: 1.0, Max: 1, Diff: 0, Sum: 2]
      [GC Worker Other (ms): Min: 0.0, Avg: 0.0, Max: 0.0, Diff: 0.0, Sum: 0.0]
      [GC Worker Total (ms): Min: 9.8, Avg: 9.8, Max: 9.8, Diff: 0.0, Sum: 19.7]
      [GC Worker End (ms): Min: 460258.4, Avg: 460258.4, Max: 460258.4, Diff: 0.0]
   [Code Root Fixup: 0.0 ms]
   [Code Root Purge: 0.0 ms]
   [Clear CT: 0.1 ms]
   [Other: 0.4 ms]
      [Choose CSet: 0.0 ms]
      [Ref Proc: 0.1 ms]
      [Ref Enq: 0.0 ms]
      [Redirty Cards: 0.0 ms]
      [Humongous Register: 0.0 ms]
      [Humongous Reclaim: 0.0 ms]
      [Free CSet: 0.1 ms]
   [Eden: 259.0M(259.0M)->0.0B(267.0M) Survivors: 17408.0K->10240.0K Heap: 403.9M(472.0M)->138.4M(472.0M)]
 [Times: user=0.02 sys=0.00, real=0.01 secs] 
2024-07-06T11:31:46.471+0800: 460.637: [GC pause (G1 Evacuation Pause) (young), 0.0228583 secs]
   [Parallel Time: 22.4 ms, GC Workers: 2]
      [GC Worker Start (ms): Min: 460637.5, Avg: 460637.5, Max: 460637.5, Diff: 0.0]
      [Ext Root Scanning (ms): Min: 0.5, Avg: 0.5, Max: 0.5, Diff: 0.0, Sum: 1.0]
      [Update RS (ms): Min: 0.0, Avg: 0.0, Max: 0.0, Diff: 0.0, Sum: 0.1]
         [Processed Buffers: Min: 3, Avg: 3.0, Max: 3, Diff: 0, Sum: 6]
      [Scan RS (ms): Min: 0.1, Avg: 0.1, Max: 0.1, Diff: 0.0, Sum: 0.2]
      [Code Root Scanning (ms): Min: 0.0, Avg: 0.0, Max: 0.0, Diff: 0.0, Sum: 0.0]
      [Object Copy (ms): Min: 21.7, Avg: 21.7, Max: 21.7, Diff: 0.0, Sum: 43.4]
      [Termination (ms): Min: 0.0, Avg: 0.0, Max: 0.0, Diff: 0.0, Sum: 0.0]
         [Termination Attempts: Min: 1, Avg: 1.0, Max: 1, Diff: 0, Sum: 2]
      [GC Worker Other (ms): Min: 0.0, Avg: 0.0, Max: 0.0, Diff: 0.0, Sum: 0.0]
      [GC Worker Total (ms): Min: 22.3, Avg: 22.3, Max: 22.3, Diff: 0.0, Sum: 44.7]
      [GC Worker End (ms): Min: 460659.9, Avg: 460659.9, Max: 460659.9, Diff: 0.0]
   [Code Root Fixup: 0.0 ms]
   [Code Root Purge: 0.0 ms]
   [Clear CT: 0.1 ms]
   [Other: 0.4 ms]
      [Choose CSet: 0.0 ms]
      [Ref Proc: 0.1 ms]
      [Ref Enq: 0.0 ms]
      [Redirty Cards: 0.0 ms]
      [Humongous Register: 0.0 ms]
      [Humongous Reclaim: 0.0 ms]
      [Free CSet: 0.1 ms]
   [Eden: 267.0M(267.0M)->0.0B(251.0M) Survivors: 10240.0K->21504.0K Heap: 405.4M(472.0M)->148.9M(472.0M)]
 [Times: user=0.04 sys=0.00, real=0.02 secs] 
2024-07-06T11:31:46.919+0800: 461.085: [GC pause (G1 Evacuation Pause) (young), 0.0066823 secs]
   [Parallel Time: 6.1 ms, GC Workers: 2]
      [GC Worker Start (ms): Min: 461085.6, Avg: 461085.6, Max: 461085.6, Diff: 0.0]
      [Ext Root Scanning (ms): Min: 0.5, Avg: 0.5, Max: 0.5, Diff: 0.0, Sum: 1.1]
      [Update RS (ms): Min: 0.0, Avg: 0.0, Max: 0.0, Diff: 0.0, Sum: 0.1]
         [Processed Buffers: Min: 3, Avg: 3.5, Max: 4, Diff: 1, Sum: 7]
      [Scan RS (ms): Min: 0.1, Avg: 0.1, Max: 0.1, Diff: 0.0, Sum: 0.1]
      [Code Root Scanning (ms): Min: 0.0, Avg: 0.0, Max: 0.0, Diff: 0.0, Sum: 0.0]
      [Object Copy (ms): Min: 5.4, Avg: 5.4, Max: 5.4, Diff: 0.0, Sum: 10.9]
      [Termination (ms): Min: 0.0, Avg: 0.0, Max: 0.0, Diff: 0.0, Sum: 0.0]
         [Termination Attempts: Min: 1, Avg: 1.0, Max: 1, Diff: 0, Sum: 2]
      [GC Worker Other (ms): Min: 0.0, Avg: 0.0, Max: 0.0, Diff: 0.0, Sum: 0.0]
      [GC Worker Total (ms): Min: 6.1, Avg: 6.1, Max: 6.1, Diff: 0.0, Sum: 12.2]
      [GC Worker End (ms): Min: 461091.6, Avg: 461091.6, Max: 461091.6, Diff: 0.0]
   [Code Root Fixup: 0.0 ms]
   [Code Root Purge: 0.0 ms]
   [Clear CT: 0.1 ms]
   [Other: 0.4 ms]
      [Choose CSet: 0.0 ms]
      [Ref Proc: 0.1 ms]
      [Ref Enq: 0.0 ms]
      [Redirty Cards: 0.1 ms]
      [Humongous Register: 0.0 ms]
      [Humongous Reclaim: 0.0 ms]
      [Free CSet: 0.2 ms]
   [Eden: 251.0M(251.0M)->0.0B(270.0M) Survivors: 21504.0K->7168.0K Heap: 399.9M(472.0M)->135.0M(472.0M)]
 [Times: user=0.01 sys=0.00, real=0.00 secs] 
2024-07-06T11:31:47.347+0800: 461.513: [GC pause (G1 Evacuation Pause) (young), 0.0191292 secs]
   [Parallel Time: 18.6 ms, GC Workers: 2]
      [GC Worker Start (ms): Min: 461513.5, Avg: 461513.5, Max: 461513.5, Diff: 0.0]
      [Ext Root Scanning (ms): Min: 0.5, Avg: 0.5, Max: 0.6, Diff: 0.1, Sum: 1.0]
      [Update RS (ms): Min: 0.0, Avg: 0.0, Max: 0.0, Diff: 0.0, Sum: 0.1]
         [Processed Buffers: Min: 2, Avg: 3.0, Max: 4, Diff: 2, Sum: 6]
      [Scan RS (ms): Min: 0.1, Avg: 0.1, Max: 0.1, Diff: 0.0, Sum: 0.2]
      [Code Root Scanning (ms): Min: 0.0, Avg: 0.0, Max: 0.0, Diff: 0.0, Sum: 0.0]
      [Object Copy (ms): Min: 17.8, Avg: 17.8, Max: 17.9, Diff: 0.1, Sum: 35.7]
      [Termination (ms): Min: 0.0, Avg: 0.0, Max: 0.0, Diff: 0.0, Sum: 0.0]
         [Termination Attempts: Min: 1, Avg: 1.0, Max: 1, Diff: 0, Sum: 2]
      [GC Worker Other (ms): Min: 0.0, Avg: 0.0, Max: 0.0, Diff: 0.0, Sum: 0.0]
      [GC Worker Total (ms): Min: 18.5, Avg: 18.5, Max: 18.5, Diff: 0.0, Sum: 37.0]
      [GC Worker End (ms): Min: 461532.0, Avg: 461532.0, Max: 461532.0, Diff: 0.0]
   [Code Root Fixup: 0.0 ms]
   [Code Root Purge: 0.0 ms]
   [Clear CT: 0.1 ms]
   [Other: 0.4 ms]
      [Choose CSet: 0.0 ms]
      [Ref Proc: 0.1 ms]
      [Ref Enq: 0.0 ms]
      [Redirty Cards: 0.0 ms]
      [Humongous Register: 0.0 ms]
      [Humongous Reclaim: 0.0 ms]
      [Free CSet: 0.2 ms]
   [Eden: 270.0M(270.0M)->0.0B(258.0M) Survivors: 7168.0K->17408.0K Heap: 405.0M(472.0M)->145.5M(472.0M)]
 [Times: user=0.04 sys=0.00, real=0.01 secs] 
2024-07-06T11:31:47.775+0800: 461.941: [GC pause (G1 Evacuation Pause) (young), 0.0116995 secs]
   [Parallel Time: 11.2 ms, GC Workers: 2]
      [GC Worker Start (ms): Min: 461941.5, Avg: 461941.5, Max: 461941.6, Diff: 0.0]
      [Ext Root Scanning (ms): Min: 0.4, Avg: 0.5, Max: 0.5, Diff: 0.0, Sum: 0.9]
      [Update RS (ms): Min: 0.0, Avg: 0.0, Max: 0.0, Diff: 0.0, Sum: 0.1]
         [Processed Buffers: Min: 2, Avg: 3.5, Max: 5, Diff: 3, Sum: 7]
      [Scan RS (ms): Min: 0.1, Avg: 0.1, Max: 0.1, Diff: 0.0, Sum: 0.1]
      [Code Root Scanning (ms): Min: 0.0, Avg: 0.0, Max: 0.0, Diff: 0.0, Sum: 0.0]
      [Object Copy (ms): Min: 10.5, Avg: 10.5, Max: 10.6, Diff: 0.0, Sum: 21.1]
      [Termination (ms): Min: 0.0, Avg: 0.0, Max: 0.0, Diff: 0.0, Sum: 0.0]
         [Termination Attempts: Min: 1, Avg: 1.5, Max: 2, Diff: 1, Sum: 3]
      [GC Worker Other (ms): Min: 0.0, Avg: 0.0, Max: 0.0, Diff: 0.0, Sum: 0.0]
      [GC Worker Total (ms): Min: 11.1, Avg: 11.1, Max: 11.1, Diff: 0.0, Sum: 22.2]
      [GC Worker End (ms): Min: 461952.7, Avg: 461952.7, Max: 461952.7, Diff: 0.0]
   [Code Root Fixup: 0.0 ms]
   [Code Root Purge: 0.0 ms]
   [Clear CT: 0.1 ms]
   [Other: 0.4 ms]
      [Choose CSet: 0.0 ms]
      [Ref Proc: 0.1 ms]
      [Ref Enq: 0.0 ms]
      [Redirty Cards: 0.0 ms]
      [Humongous Register: 0.0 ms]
      [Humongous Reclaim: 0.0 ms]
      [Free CSet: 0.2 ms]
   [Eden: 258.0M(258.0M)->0.0B(264.0M) Survivors: 17408.0K->12288.0K Heap: 403.5M(472.0M)->140.0M(472.0M)]
 [Times: user=0.03 sys=0.00, real=0.00 secs] 
2024-07-06T11:31:48.191+0800: 462.357: [GC pause (G1 Evacuation Pause) (young), 0.0189245 secs]
   [Parallel Time: 18.4 ms, GC Workers: 2]
      [GC Worker Start (ms): Min: 462357.5, Avg: 462357.5, Max: 462357.6, Diff: 0.0]
      [Ext Root Scanning (ms): Min: 0.5, Avg: 0.5, Max: 0.5, Diff: 0.0, Sum: 1.1]
      [Update RS (ms): Min: 0.0, Avg: 0.0, Max: 0.0, Diff: 0.0, Sum: 0.1]
         [Processed Buffers: Min: 2, Avg: 3.0, Max: 4, Diff: 2, Sum: 6]
      [Scan RS (ms): Min: 0.1, Avg: 0.1, Max: 0.1, Diff: 0.0, Sum: 0.2]
      [Code Root Scanning (ms): Min: 0.0, Avg: 0.0, Max: 0.0, Diff: 0.0, Sum: 0.0]
      [Object Copy (ms): Min: 17.6, Avg: 17.6, Max: 17.6, Diff: 0.0, Sum: 35.2]
      [Termination (ms): Min: 0.0, Avg: 0.0, Max: 0.0, Diff: 0.0, Sum: 0.0]
         [Termination Attempts: Min: 1, Avg: 1.0, Max: 1, Diff: 0, Sum: 2]
      [GC Worker Other (ms): Min: 0.0, Avg: 0.0, Max: 0.0, Diff: 0.0, Sum: 0.0]
      [GC Worker Total (ms): Min: 18.3, Avg: 18.3, Max: 18.3, Diff: 0.0, Sum: 36.5]
      [GC Worker End (ms): Min: 462375.8, Avg: 462375.8, Max: 462375.8, Diff: 0.0]
   [Code Root Fixup: 0.0 ms]
   [Code Root Purge: 0.0 ms]
   [Clear CT: 0.1 ms]
   [Other: 0.4 ms]
      [Choose CSet: 0.0 ms]
      [Ref Proc: 0.1 ms]
      [Ref Enq: 0.0 ms]
      [Redirty Cards: 0.0 ms]
      [Humongous Register: 0.0 ms]
      [Humongous Reclaim: 0.0 ms]
      [Free CSet: 0.2 ms]
   [Eden: 264.0M(264.0M)->0.0B(257.0M) Survivors: 12288.0K->18432.0K Heap: 404.0M(472.0M)->146.5M(472.0M)]
 [Times: user=0.03 sys=0.00, real=0.02 secs] 
2024-07-06T11:31:48.635+0800: 462.802: [GC pause (G1 Evacuation Pause) (young), 0.0130061 secs]
   [Parallel Time: 12.4 ms, GC Workers: 2]
      [GC Worker Start (ms): Min: 462801.6, Avg: 462801.6, Max: 462801.6, Diff: 0.0]
      [Ext Root Scanning (ms): Min: 0.6, Avg: 0.6, Max: 0.6, Diff: 0.0, Sum: 1.2]
      [Update RS (ms): Min: 0.0, Avg: 0.0, Max: 0.1, Diff: 0.0, Sum: 0.1]
         [Processed Buffers: Min: 1, Avg: 3.5, Max: 6, Diff: 5, Sum: 7]
      [Scan RS (ms): Min: 0.1, Avg: 0.1, Max: 0.1, Diff: 0.0, Sum: 0.2]
      [Code Root Scanning (ms): Min: 0.0, Avg: 0.0, Max: 0.0, Diff: 0.0, Sum: 0.0]
      [Object Copy (ms): Min: 11.6, Avg: 11.6, Max: 11.6, Diff: 0.0, Sum: 23.2]
      [Termination (ms): Min: 0.0, Avg: 0.0, Max: 0.0, Diff: 0.0, Sum: 0.0]
         [Termination Attempts: Min: 1, Avg: 1.0, Max: 1, Diff: 0, Sum: 2]
      [GC Worker Other (ms): Min: 0.0, Avg: 0.0, Max: 0.0, Diff: 0.0, Sum: 0.0]
      [GC Worker Total (ms): Min: 12.3, Avg: 12.3, Max: 12.3, Diff: 0.0, Sum: 24.6]
      [GC Worker End (ms): Min: 462813.9, Avg: 462813.9, Max: 462813.9, Diff: 0.0]
   [Code Root Fixup: 0.0 ms]
   [Code Root Purge: 0.0 ms]
   [Clear CT: 0.1 ms]
   [Other: 0.5 ms]
      [Choose CSet: 0.0 ms]
      [Ref Proc: 0.2 ms]
      [Ref Enq: 0.0 ms]
      [Redirty Cards: 0.0 ms]
      [Humongous Register: 0.0 ms]
      [Humongous Reclaim: 0.0 ms]
      [Free CSet: 0.2 ms]
   [Eden: 257.0M(257.0M)->0.0B(264.0M) Survivors: 18432.0K->12288.0K Heap: 403.5M(472.0M)->140.0M(472.0M)]
 [Times: user=0.03 sys=0.00, real=0.01 secs] 
2024-07-06T11:31:49.097+0800: 463.263: [GC pause (G1 Evacuation Pause) (young), 0.0260169 secs]
   [Parallel Time: 20.9 ms, GC Workers: 2]
      [GC Worker Start (ms): Min: 463263.2, Avg: 463263.2, Max: 463263.2, Diff: 0.0]
      [Ext Root Scanning (ms): Min: 0.5, Avg: 0.5, Max: 0.5, Diff: 0.0, Sum: 1.0]
      [Update RS (ms): Min: 0.0, Avg: 0.0, Max: 0.0, Diff: 0.0, Sum: 0.1]
         [Processed Buffers: Min: 1, Avg: 2.5, Max: 4, Diff: 3, Sum: 5]
      [Scan RS (ms): Min: 0.1, Avg: 0.1, Max: 0.1, Diff: 0.0, Sum: 0.1]
      [Code Root Scanning (ms): Min: 0.0, Avg: 0.0, Max: 0.0, Diff: 0.0, Sum: 0.0]
      [Object Copy (ms): Min: 20.2, Avg: 20.2, Max: 20.2, Diff: 0.0, Sum: 40.4]
      [Termination (ms): Min: 0.0, Avg: 0.0, Max: 0.0, Diff: 0.0, Sum: 0.0]
         [Termination Attempts: Min: 1, Avg: 1.0, Max: 1, Diff: 0, Sum: 2]
      [GC Worker Other (ms): Min: 0.0, Avg: 0.0, Max: 0.0, Diff: 0.0, Sum: 0.0]
      [GC Worker Total (ms): Min: 20.8, Avg: 20.8, Max: 20.8, Diff: 0.0, Sum: 41.6]
      [GC Worker End (ms): Min: 463284.0, Avg: 463284.0, Max: 463284.0, Diff: 0.0]
   [Code Root Fixup: 0.0 ms]
   [Code Root Purge: 0.0 ms]
   [Clear CT: 2.2 ms]
   [Other: 2.9 ms]
      [Choose CSet: 0.0 ms]
      [Ref Proc: 1.1 ms]
      [Ref Enq: 0.0 ms]
      [Redirty Cards: 1.5 ms]
      [Humongous Register: 0.0 ms]
      [Humongous Reclaim: 0.0 ms]
      [Free CSet: 0.2 ms]
   [Eden: 264.0M(264.0M)->0.0B(259.0M) Survivors: 12288.0K->16384.0K Heap: 404.0M(472.0M)->144.0M(472.0M)]
 [Times: user=0.03 sys=0.00, real=0.02 secs] 
2024-07-06T11:31:49.547+0800: 463.713: [GC pause (G1 Evacuation Pause) (young), 0.0087998 secs]
   [Parallel Time: 8.2 ms, GC Workers: 2]
      [GC Worker Start (ms): Min: 463713.4, Avg: 463713.4, Max: 463713.4, Diff: 0.0]
      [Ext Root Scanning (ms): Min: 0.5, Avg: 0.5, Max: 0.5, Diff: 0.0, Sum: 1.0]
      [Update RS (ms): Min: 0.0, Avg: 0.0, Max: 0.0, Diff: 0.0, Sum: 0.1]
         [Processed Buffers: Min: 3, Avg: 3.0, Max: 3, Diff: 0, Sum: 6]
      [Scan RS (ms): Min: 0.1, Avg: 0.1, Max: 0.1, Diff: 0.0, Sum: 0.1]
      [Code Root Scanning (ms): Min: 0.0, Avg: 0.0, Max: 0.0, Diff: 0.0, Sum: 0.0]
      [Object Copy (ms): Min: 7.5, Avg: 7.5, Max: 7.5, Diff: 0.0, Sum: 15.1]
      [Termination (ms): Min: 0.0, Avg: 0.0, Max: 0.0, Diff: 0.0, Sum: 0.0]
         [Termination Attempts: Min: 19, Avg: 20.5, Max: 22, Diff: 3, Sum: 41]
      [GC Worker Other (ms): Min: 0.0, Avg: 0.0, Max: 0.0, Diff: 0.0, Sum: 0.0]
      [GC Worker Total (ms): Min: 8.2, Avg: 8.2, Max: 8.2, Diff: 0.0, Sum: 16.4]
      [GC Worker End (ms): Min: 463721.6, Avg: 463721.6, Max: 463721.6, Diff: 0.0]
   [Code Root Fixup: 0.0 ms]
   [Code Root Purge: 0.0 ms]
   [Clear CT: 0.1 ms]
   [Other: 0.5 ms]
      [Choose CSet: 0.0 ms]
      [Ref Proc: 0.1 ms]
      [Ref Enq: 0.0 ms]
      [Redirty Cards: 0.0 ms]
      [Humongous Register: 0.0 ms]
      [Humongous Reclaim: 0.0 ms]
      [Free CSet: 0.2 ms]
   [Eden: 259.0M(259.0M)->0.0B(266.0M) Survivors: 16384.0K->10240.0K Heap: 403.0M(472.0M)->138.5M(472.0M)]
 [Times: user=0.01 sys=0.00, real=0.01 secs] 
2024-07-06T11:31:49.995+0800: 464.161: [GC pause (G1 Evacuation Pause) (young), 0.0143389 secs]
   [Parallel Time: 13.9 ms, GC Workers: 2]
      [GC Worker Start (ms): Min: 464161.5, Avg: 464161.5, Max: 464161.6, Diff: 0.0]
      [Ext Root Scanning (ms): Min: 0.5, Avg: 0.5, Max: 0.5, Diff: 0.0, Sum: 1.0]
      [Update RS (ms): Min: 0.0, Avg: 0.0, Max: 0.0, Diff: 0.0, Sum: 0.1]
         [Processed Buffers: Min: 3, Avg: 3.5, Max: 4, Diff: 1, Sum: 7]
      [Scan RS (ms): Min: 0.1, Avg: 0.1, Max: 0.1, Diff: 0.0, Sum: 0.1]
      [Code Root Scanning (ms): Min: 0.0, Avg: 0.0, Max: 0.0, Diff: 0.0, Sum: 0.0]
      [Object Copy (ms): Min: 13.1, Avg: 13.1, Max: 13.1, Diff: 0.0, Sum: 26.2]
      [Termination (ms): Min: 0.0, Avg: 0.0, Max: 0.0, Diff: 0.0, Sum: 0.0]
         [Termination Attempts: Min: 2, Avg: 2.5, Max: 3, Diff: 1, Sum: 5]
      [GC Worker Other (ms): Min: 0.0, Avg: 0.0, Max: 0.0, Diff: 0.0, Sum: 0.0]
      [GC Worker Total (ms): Min: 13.8, Avg: 13.8, Max: 13.8, Diff: 0.0, Sum: 27.5]
      [GC Worker End (ms): Min: 464175.3, Avg: 464175.3, Max: 464175.3, Diff: 0.0]
   [Code Root Fixup: 0.0 ms]
   [Code Root Purge: 0.0 ms]
   [Clear CT: 0.1 ms]
   [Other: 0.4 ms]
      [Choose CSet: 0.0 ms]
      [Ref Proc: 0.1 ms]
      [Ref Enq: 0.0 ms]
      [Redirty Cards: 0.0 ms]
      [Humongous Register: 0.0 ms]
      [Humongous Reclaim: 0.0 ms]
      [Free CSet: 0.1 ms]
   [Eden: 266.0M(266.0M)->0.0B(263.0M) Survivors: 10240.0K->13312.0K Heap: 404.5M(472.0M)->141.0M(472.0M)]
 [Times: user=0.03 sys=0.00, real=0.01 secs] 
2024-07-06T11:31:50.415+0800: 464.581: [GC pause (G1 Evacuation Pause) (young), 0.0143054 secs]
   [Parallel Time: 13.7 ms, GC Workers: 2]
      [GC Worker Start (ms): Min: 464581.2, Avg: 464581.2, Max: 464581.2, Diff: 0.0]
      [Ext Root Scanning (ms): Min: 0.5, Avg: 0.5, Max: 0.5, Diff: 0.0, Sum: 1.1]
      [Update RS (ms): Min: 0.0, Avg: 0.0, Max: 0.0, Diff: 0.0, Sum: 0.1]
         [Processed Buffers: Min: 3, Avg: 3.0, Max: 3, Diff: 0, Sum: 6]
      [Scan RS (ms): Min: 0.1, Avg: 0.1, Max: 0.1, Diff: 0.0, Sum: 0.1]
      [Code Root Scanning (ms): Min: 0.0, Avg: 0.0, Max: 0.0, Diff: 0.0, Sum: 0.0]
      [Object Copy (ms): Min: 13.0, Avg: 13.0, Max: 13.0, Diff: 0.0, Sum: 26.1]
      [Termination (ms): Min: 0.0, Avg: 0.0, Max: 0.0, Diff: 0.0, Sum: 0.0]
         [Termination Attempts: Min: 1, Avg: 1.0, Max: 1, Diff: 0, Sum: 2]
      [GC Worker Other (ms): Min: 0.0, Avg: 0.0, Max: 0.0, Diff: 0.0, Sum: 0.0]
      [GC Worker Total (ms): Min: 13.7, Avg: 13.7, Max: 13.7, Diff: 0.0, Sum: 27.4]
      [GC Worker End (ms): Min: 464594.9, Avg: 464594.9, Max: 464594.9, Diff: 0.0]
   [Code Root Fixup: 0.0 ms]
   [Code Root Purge: 0.0 ms]
   [Clear CT: 0.1 ms]
   [Other: 0.4 ms]
      [Choose CSet: 0.0 ms]
      [Ref Proc: 0.1 ms]
      [Ref Enq: 0.0 ms]
      [Redirty Cards: 0.0 ms]
      [Humongous Register: 0.0 ms]
      [Humongous Reclaim: 0.0 ms]
      [Free CSet: 0.1 ms]
   [Eden: 263.0M(263.0M)->0.0B(262.0M) Survivors: 13312.0K->14336.0K Heap: 404.0M(472.0M)->142.5M(472.0M)]
 [Times: user=0.02 sys=0.00, real=0.02 secs] 
2024-07-06T11:31:50.882+0800: 465.048: [GC pause (G1 Evacuation Pause) (young), 0.0130138 secs]
   [Parallel Time: 12.5 ms, GC Workers: 2]
      [GC Worker Start (ms): Min: 465048.5, Avg: 465048.5, Max: 465048.5, Diff: 0.0]
      [Ext Root Scanning (ms): Min: 0.5, Avg: 0.5, Max: 0.5, Diff: 0.0, Sum: 1.0]
      [Update RS (ms): Min: 0.0, Avg: 0.0, Max: 0.0, Diff: 0.0, Sum: 0.1]
         [Processed Buffers: Min: 3, Avg: 3.0, Max: 3, Diff: 0, Sum: 6]
      [Scan RS (ms): Min: 0.1, Avg: 0.1, Max: 0.1, Diff: 0.0, Sum: 0.1]
      [Code Root Scanning (ms): Min: 0.0, Avg: 0.0, Max: 0.0, Diff: 0.0, Sum: 0.0]
      [Object Copy (ms): Min: 11.8, Avg: 11.8, Max: 11.8, Diff: 0.0, Sum: 23.6]
      [Termination (ms): Min: 0.0, Avg: 0.0, Max: 0.0, Diff: 0.0, Sum: 0.0]
         [Termination Attempts: Min: 1, Avg: 1.0, Max: 1, Diff: 0, Sum: 2]
      [GC Worker Other (ms): Min: 0.0, Avg: 0.0, Max: 0.0, Diff: 0.0, Sum: 0.0]
      [GC Worker Total (ms): Min: 12.4, Avg: 12.4, Max: 12.4, Diff: 0.0, Sum: 24.9]
      [GC Worker End (ms): Min: 465061.0, Avg: 465061.0, Max: 465061.0, Diff: 0.0]
   [Code Root Fixup: 0.0 ms]
   [Code Root Purge: 0.0 ms]
   [Clear CT: 0.1 ms]
   [Other: 0.4 ms]
      [Choose CSet: 0.0 ms]
      [Ref Proc: 0.1 ms]
      [Ref Enq: 0.0 ms]
      [Redirty Cards: 0.1 ms]
      [Humongous Register: 0.0 ms]
      [Humongous Reclaim: 0.0 ms]
      [Free CSet: 0.2 ms]
   [Eden: 262.0M(262.0M)->0.0B(266.0M) Survivors: 14336.0K->11264.0K Heap: 404.5M(472.0M)->139.0M(472.0M)]
 [Times: user=0.03 sys=0.00, real=0.02 secs] 
2024-07-06T11:31:51.303+0800: 465.469: [GC pause (G1 Evacuation Pause) (young), 0.0208833 secs]
   [Parallel Time: 20.3 ms, GC Workers: 2]
      [GC Worker Start (ms): Min: 465469.5, Avg: 465469.5, Max: 465469.6, Diff: 0.0]
      [Ext Root Scanning (ms): Min: 0.5, Avg: 0.5, Max: 0.5, Diff: 0.0, Sum: 1.0]
      [Update RS (ms): Min: 0.0, Avg: 0.0, Max: 0.0, Diff: 0.0, Sum: 0.1]
         [Processed Buffers: Min: 3, Avg: 3.0, Max: 3, Diff: 0, Sum: 6]
      [Scan RS (ms): Min: 0.1, Avg: 0.1, Max: 0.1, Diff: 0.0, Sum: 0.2]
      [Code Root Scanning (ms): Min: 0.0, Avg: 0.0, Max: 0.0, Diff: 0.0, Sum: 0.0]
      [Object Copy (ms): Min: 19.6, Avg: 19.6, Max: 19.6, Diff: 0.0, Sum: 39.2]
      [Termination (ms): Min: 0.0, Avg: 0.0, Max: 0.0, Diff: 0.0, Sum: 0.0]
         [Termination Attempts: Min: 1, Avg: 2.0, Max: 3, Diff: 2, Sum: 4]
      [GC Worker Other (ms): Min: 0.0, Avg: 0.0, Max: 0.0, Diff: 0.0, Sum: 0.0]
      [GC Worker Total (ms): Min: 20.3, Avg: 20.3, Max: 20.3, Diff: 0.0, Sum: 40.5]
      [GC Worker End (ms): Min: 465489.8, Avg: 465489.8, Max: 465489.8, Diff: 0.0]
   [Code Root Fixup: 0.0 ms]
   [Code Root Purge: 0.0 ms]
   [Clear CT: 0.1 ms]
   [Other: 0.4 ms]
      [Choose CSet: 0.0 ms]
      [Ref Proc: 0.1 ms]
      [Ref Enq: 0.0 ms]
      [Redirty Cards: 0.0 ms]
      [Humongous Register: 0.0 ms]
      [Humongous Reclaim: 0.0 ms]
      [Free CSet: 0.1 ms]
   [Eden: 266.0M(266.0M)->0.0B(255.0M) Survivors: 11264.0K->19456.0K Heap: 405.0M(472.0M)->147.5M(472.0M)]
 [Times: user=0.04 sys=0.00, real=0.02 secs] 
2024-07-06T11:31:51.775+0800: 465.942: [GC pause (G1 Evacuation Pause) (young), 0.0119794 secs]
   [Parallel Time: 11.3 ms, GC Workers: 2]
      [GC Worker Start (ms): Min: 465941.7, Avg: 465941.7, Max: 465941.8, Diff: 0.0]
      [Ext Root Scanning (ms): Min: 0.5, Avg: 0.5, Max: 0.5, Diff: 0.0, Sum: 1.1]
      [Update RS (ms): Min: 0.0, Avg: 0.0, Max: 0.0, Diff: 0.0, Sum: 0.1]
         [Processed Buffers: Min: 3, Avg: 3.5, Max: 4, Diff: 1, Sum: 7]
      [Scan RS (ms): Min: 0.1, Avg: 0.1, Max: 0.1, Diff: 0.0, Sum: 0.2]
      [Code Root Scanning (ms): Min: 0.0, Avg: 0.0, Max: 0.0, Diff: 0.0, Sum: 0.0]
      [Object Copy (ms): Min: 10.6, Avg: 10.6, Max: 10.6, Diff: 0.0, Sum: 21.2]
      [Termination (ms): Min: 0.0, Avg: 0.0, Max: 0.0, Diff: 0.0, Sum: 0.0]
         [Termination Attempts: Min: 1, Avg: 1.5, Max: 2, Diff: 1, Sum: 3]
      [GC Worker Other (ms): Min: 0.0, Avg: 0.0, Max: 0.0, Diff: 0.0, Sum: 0.0]
      [GC Worker Total (ms): Min: 11.3, Avg: 11.3, Max: 11.3, Diff: 0.0, Sum: 22.5]
      [GC Worker End (ms): Min: 465953.0, Avg: 465953.0, Max: 465953.0, Diff: 0.0]
   [Code Root Fixup: 0.0 ms]
   [Code Root Purge: 0.0 ms]
   [Clear CT: 0.1 ms]
   [Other: 0.5 ms]
      [Choose CSet: 0.0 ms]
      [Ref Proc: 0.1 ms]
      [Ref Enq: 0.0 ms]
      [Redirty Cards: 0.1 ms]
      [Humongous Register: 0.0 ms]
      [Humongous Reclaim: 0.0 ms]
      [Free CSet: 0.2 ms]
   [Eden: 255.0M(255.0M)->0.0B(266.0M) Survivors: 19456.0K->10240.0K Heap: 402.5M(472.0M)->138.5M(472.0M)]
 [Times: user=0.02 sys=0.00, real=0.01 secs] 
2024-07-06T11:31:52.255+0800: 466.421: [GC pause (G1 Evacuation Pause) (young), 0.0095931 secs]
   [Parallel Time: 9.1 ms, GC Workers: 2]
      [GC Worker Start (ms): Min: 466421.1, Avg: 466421.1, Max: 466421.1, Diff: 0.0]
      [Ext Root Scanning (ms): Min: 0.5, Avg: 0.6, Max: 0.6, Diff: 0.0, Sum: 1.1]
      [Update RS (ms): Min: 0.0, Avg: 0.0, Max: 0.0, Diff: 0.0, Sum: 0.1]
         [Processed Buffers: Min: 3, Avg: 3.0, Max: 3, Diff: 0, Sum: 6]
      [Scan RS (ms): Min: 0.1, Avg: 0.1, Max: 0.1, Diff: 0.0, Sum: 0.2]
      [Code Root Scanning (ms): Min: 0.0, Avg: 0.0, Max: 0.0, Diff: 0.0, Sum: 0.0]
      [Object Copy (ms): Min: 8.3, Avg: 8.3, Max: 8.4, Diff: 0.0, Sum: 16.7]
      [Termination (ms): Min: 0.0, Avg: 0.0, Max: 0.0, Diff: 0.0, Sum: 0.0]
         [Termination Attempts: Min: 1, Avg: 1.5, Max: 2, Diff: 1, Sum: 3]
      [GC Worker Other (ms): Min: 0.0, Avg: 0.0, Max: 0.0, Diff: 0.0, Sum: 0.0]
      [GC Worker Total (ms): Min: 9.0, Avg: 9.0, Max: 9.0, Diff: 0.0, Sum: 18.1]
      [GC Worker End (ms): Min: 466430.1, Avg: 466430.1, Max: 466430.1, Diff: 0.0]
   [Code Root Fixup: 0.0 ms]
   [Code Root Purge: 0.0 ms]
   [Clear CT: 0.1 ms]
   [Other: 0.4 ms]
      [Choose CSet: 0.0 ms]
      [Ref Proc: 0.1 ms]
      [Ref Enq: 0.0 ms]
      [Redirty Cards: 0.0 ms]
      [Humongous Register: 0.0 ms]
      [Humongous Reclaim: 0.0 ms]
      [Free CSet: 0.1 ms]
   [Eden: 266.0M(266.0M)->0.0B(268.0M) Survivors: 10240.0K->9216.0K Heap: 404.5M(472.0M)->137.0M(472.0M)]
 [Times: user=0.02 sys=0.00, real=0.01 secs] 
2024-07-06T11:31:52.664+0800: 466.830: [GC pause (G1 Evacuation Pause) (young), 0.0196646 secs]
   [Parallel Time: 19.2 ms, GC Workers: 2]
      [GC Worker Start (ms): Min: 466830.4, Avg: 466830.4, Max: 466830.4, Diff: 0.0]
      [Ext Root Scanning (ms): Min: 0.5, Avg: 0.5, Max: 0.5, Diff: 0.0, Sum: 1.0]
      [Update RS (ms): Min: 0.0, Avg: 0.0, Max: 0.0, Diff: 0.0, Sum: 0.1]
         [Processed Buffers: Min: 3, Avg: 3.0, Max: 3, Diff: 0, Sum: 6]
      [Scan RS (ms): Min: 0.1, Avg: 0.1, Max: 0.1, Diff: 0.0, Sum: 0.2]
      [Code Root Scanning (ms): Min: 0.0, Avg: 0.0, Max: 0.0, Diff: 0.0, Sum: 0.0]
      [Object Copy (ms): Min: 18.4, Avg: 18.4, Max: 18.4, Diff: 0.0, Sum: 36.9]
      [Termination (ms): Min: 0.0, Avg: 0.0, Max: 0.0, Diff: 0.0, Sum: 0.0]
         [Termination Attempts: Min: 1, Avg: 1.0, Max: 1, Diff: 0, Sum: 2]
      [GC Worker Other (ms): Min: 0.0, Avg: 0.0, Max: 0.0, Diff: 0.0, Sum: 0.0]
      [GC Worker Total (ms): Min: 19.1, Avg: 19.1, Max: 19.1, Diff: 0.0, Sum: 38.2]
      [GC Worker End (ms): Min: 466849.5, Avg: 466849.5, Max: 466849.5, Diff: 0.0]
   [Code Root Fixup: 0.0 ms]
   [Code Root Purge: 0.0 ms]
   [Clear CT: 0.1 ms]
   [Other: 0.4 ms]
      [Choose CSet: 0.0 ms]
      [Ref Proc: 0.1 ms]
      [Ref Enq: 0.0 ms]
      [Redirty Cards: 0.0 ms]
      [Humongous Register: 0.0 ms]
      [Humongous Reclaim: 0.0 ms]
      [Free CSet: 0.1 ms]
   [Eden: 268.0M(268.0M)->0.0B(257.0M) Survivors: 9216.0K->18432.0K Heap: 405.0M(472.0M)->146.5M(472.0M)]
 [Times: user=0.04 sys=0.00, real=0.02 secs] 
2024-07-06T11:31:53.104+0800: 467.270: [GC pause (G1 Evacuation Pause) (young), 0.0100443 secs]
   [Parallel Time: 9.5 ms, GC Workers: 2]
      [GC Worker Start (ms): Min: 467270.5, Avg: 467270.5, Max: 467270.6, Diff: 0.0]
      [Ext Root Scanning (ms): Min: 0.5, Avg: 0.5, Max: 0.5, Diff: 0.0, Sum: 1.1]
      [Update RS (ms): Min: 0.0, Avg: 0.0, Max: 0.0, Diff: 0.0, Sum: 0.1]
         [Processed Buffers: Min: 1, Avg: 3.0, Max: 5, Diff: 4, Sum: 6]
      [Scan RS (ms): Min: 0.1, Avg: 0.1, Max: 0.1, Diff: 0.0, Sum: 0.2]
      [Code Root Scanning (ms): Min: 0.0, Avg: 0.0, Max: 0.0, Diff: 0.0, Sum: 0.0]
      [Object Copy (ms): Min: 8.7, Avg: 8.7, Max: 8.7, Diff: 0.0, Sum: 17.5]
      [Termination (ms): Min: 0.0, Avg: 0.0, Max: 0.0, Diff: 0.0, Sum: 0.0]
         [Termination Attempts: Min: 1, Avg: 1.0, Max: 1, Diff: 0, Sum: 2]
      [GC Worker Other (ms): Min: 0.0, Avg: 0.0, Max: 0.0, Diff: 0.0, Sum: 0.0]
      [GC Worker Total (ms): Min: 9.4, Avg: 9.4, Max: 9.4, Diff: 0.0, Sum: 18.8]
      [GC Worker End (ms): Min: 467280.0, Avg: 467280.0, Max: 467280.0, Diff: 0.0]
   [Code Root Fixup: 0.0 ms]
   [Code Root Purge: 0.0 ms]
   [Clear CT: 0.1 ms]
   [Other: 0.4 ms]
      [Choose CSet: 0.0 ms]
      [Ref Proc: 0.1 ms]
      [Ref Enq: 0.0 ms]
      [Redirty Cards: 0.1 ms]
      [Humongous Register: 0.0 ms]
      [Humongous Reclaim: 0.0 ms]
      [Free CSet: 0.1 ms]
   [Eden: 257.0M(257.0M)->0.0B(267.0M) Survivors: 18432.0K->10240.0K Heap: 403.5M(472.0M)->138.0M(472.0M)]
 [Times: user=0.02 sys=0.00, real=0.01 secs] 
2024-07-06T11:31:53.539+0800: 467.705: [GC pause (G1 Evacuation Pause) (young), 0.0176582 secs]
   [Parallel Time: 17.2 ms, GC Workers: 2]
      [GC Worker Start (ms): Min: 467705.6, Avg: 467705.6, Max: 467705.6, Diff: 0.0]
      [Ext Root Scanning (ms): Min: 0.5, Avg: 0.6, Max: 0.6, Diff: 0.0, Sum: 1.1]
      [Update RS (ms): Min: 0.0, Avg: 0.0, Max: 0.0, Diff: 0.0, Sum: 0.1]
         [Processed Buffers: Min: 3, Avg: 3.0, Max: 3, Diff: 0, Sum: 6]
      [Scan RS (ms): Min: 0.1, Avg: 0.1, Max: 0.1, Diff: 0.0, Sum: 0.2]
      [Code Root Scanning (ms): Min: 0.0, Avg: 0.0, Max: 0.0, Diff: 0.0, Sum: 0.0]
      [Object Copy (ms): Min: 16.4, Avg: 16.4, Max: 16.4, Diff: 0.0, Sum: 32.9]
      [Termination (ms): Min: 0.0, Avg: 0.0, Max: 0.0, Diff: 0.0, Sum: 0.0]
         [Termination Attempts: Min: 1, Avg: 1.0, Max: 1, Diff: 0, Sum: 2]
      [GC Worker Other (ms): Min: 0.0, Avg: 0.0, Max: 0.0, Diff: 0.0, Sum: 0.0]
      [GC Worker Total (ms): Min: 17.1, Avg: 17.1, Max: 17.1, Diff: 0.0, Sum: 34.2]
      [GC Worker End (ms): Min: 467722.7, Avg: 467722.7, Max: 467722.7, Diff: 0.0]
   [Code Root Fixup: 0.0 ms]
   [Code Root Purge: 0.0 ms]
   [Clear CT: 0.1 ms]
   [Other: 0.4 ms]
      [Choose CSet: 0.0 ms]
      [Ref Proc: 0.1 ms]
      [Ref Enq: 0.0 ms]
      [Redirty Cards: 0.0 ms]
      [Humongous Register: 0.0 ms]
      [Humongous Reclaim: 0.0 ms]
      [Free CSet: 0.2 ms]
   [Eden: 267.0M(267.0M)->0.0B(260.0M) Survivors: 10240.0K->16384.0K Heap: 405.0M(472.0M)->144.0M(472.0M)]
 [Times: user=0.03 sys=0.00, real=0.02 secs] 
2024-07-06T11:31:53.977+0800: 468.144: [GC pause (G1 Evacuation Pause) (young), 0.0096996 secs]
   [Parallel Time: 9.1 ms, GC Workers: 2]
      [GC Worker Start (ms): Min: 468143.7, Avg: 468143.7, Max: 468143.7, Diff: 0.0]
      [Ext Root Scanning (ms): Min: 0.6, Avg: 0.6, Max: 0.6, Diff: 0.0, Sum: 1.1]
      [Update RS (ms): Min: 0.0, Avg: 0.0, Max: 0.0, Diff: 0.0, Sum: 0.1]
         [Processed Buffers: Min: 3, Avg: 3.5, Max: 4, Diff: 1, Sum: 7]
      [Scan RS (ms): Min: 0.1, Avg: 0.1, Max: 0.1, Diff: 0.0, Sum: 0.2]
      [Code Root Scanning (ms): Min: 0.0, Avg: 0.0, Max: 0.0, Diff: 0.0, Sum: 0.0]
      [Object Copy (ms): Min: 8.3, Avg: 8.3, Max: 8.3, Diff: 0.0, Sum: 16.7]
      [Termination (ms): Min: 0.0, Avg: 0.0, Max: 0.0, Diff: 0.0, Sum: 0.0]
         [Termination Attempts: Min: 1, Avg: 2.0, Max: 3, Diff: 2, Sum: 4]
      [GC Worker Other (ms): Min: 0.0, Avg: 0.0, Max: 0.0, Diff: 0.0, Sum: 0.0]
      [GC Worker Total (ms): Min: 9.0, Avg: 9.0, Max: 9.0, Diff: 0.0, Sum: 18.1]
      [GC Worker End (ms): Min: 468152.7, Avg: 468152.7, Max: 468152.7, Diff: 0.0]
   [Code Root Fixup: 0.0 ms]
   [Code Root Purge: 0.0 ms]
   [Clear CT: 0.1 ms]
   [Other: 0.5 ms]
      [Choose CSet: 0.0 ms]
      [Ref Proc: 0.1 ms]
      [Ref Enq: 0.0 ms]
      [Redirty Cards: 0.1 ms]
      [Humongous Register: 0.0 ms]
      [Humongous Reclaim: 0.0 ms]
      [Free CSet: 0.2 ms]
   [Eden: 260.0M(260.0M)->0.0B(267.0M) Survivors: 16384.0K->10240.0K Heap: 404.0M(472.0M)->138.5M(472.0M)]
 [Times: user=0.02 sys=0.00, real=0.01 secs] 
2024-07-06T11:31:54.416+0800: 468.582: [GC pause (G1 Evacuation Pause) (young), 0.0139042 secs]
   [Parallel Time: 13.4 ms, GC Workers: 2]
      [GC Worker Start (ms): Min: 468582.2, Avg: 468582.3, Max: 468582.3, Diff: 0.0]
      [Ext Root Scanning (ms): Min: 0.5, Avg: 0.5, Max: 0.5, Diff: 0.0, Sum: 1.0]
      [Update RS (ms): Min: 0.0, Avg: 0.0, Max: 0.0, Diff: 0.0, Sum: 0.1]
         [Processed Buffers: Min: 3, Avg: 3.5, Max: 4, Diff: 1, Sum: 7]
      [Scan RS (ms): Min: 0.1, Avg: 0.1, Max: 0.1, Diff: 0.0, Sum: 0.2]
      [Code Root Scanning (ms): Min: 0.0, Avg: 0.0, Max: 0.0, Diff: 0.0, Sum: 0.0]
      [Object Copy (ms): Min: 12.7, Avg: 12.7, Max: 12.7, Diff: 0.0, Sum: 25.3]
      [Termination (ms): Min: 0.0, Avg: 0.0, Max: 0.0, Diff: 0.0, Sum: 0.0]
         [Termination Attempts: Min: 2, Avg: 2.0, Max: 2, Diff: 0, Sum: 4]
      [GC Worker Other (ms): Min: 0.0, Avg: 0.0, Max: 0.0, Diff: 0.0, Sum: 0.0]
      [GC Worker Total (ms): Min: 13.3, Avg: 13.3, Max: 13.3, Diff: 0.0, Sum: 26.5]
      [GC Worker End (ms): Min: 468595.5, Avg: 468595.5, Max: 468595.5, Diff: 0.0]
   [Code Root Fixup: 0.0 ms]
   [Code Root Purge: 0.0 ms]
   [Clear CT: 0.1 ms]
   [Other: 0.4 ms]
      [Choose CSet: 0.0 ms]
      [Ref Proc: 0.1 ms]
      [Ref Enq: 0.0 ms]
      [Redirty Cards: 0.0 ms]
      [Humongous Register: 0.0 ms]
      [Humongous Reclaim: 0.0 ms]
      [Free CSet: 0.1 ms]
   [Eden: 267.0M(267.0M)->0.0B(264.0M) Survivors: 10240.0K->13312.0K Heap: 405.5M(472.0M)->141.0M(472.0M)]
 [Times: user=0.02 sys=0.00, real=0.01 secs] 
2024-07-06T11:31:54.812+0800: 468.978: [GC pause (G1 Evacuation Pause) (young), 0.0152766 secs]
   [Parallel Time: 14.6 ms, GC Workers: 2]
      [GC Worker Start (ms): Min: 468978.3, Avg: 468978.3, Max: 468978.3, Diff: 0.0]
      [Ext Root Scanning (ms): Min: 0.5, Avg: 0.5, Max: 0.5, Diff: 0.0, Sum: 1.0]
      [Update RS (ms): Min: 0.0, Avg: 0.0, Max: 0.1, Diff: 0.0, Sum: 0.1]
         [Processed Buffers: Min: 1, Avg: 3.5, Max: 6, Diff: 5, Sum: 7]
      [Scan RS (ms): Min: 0.1, Avg: 0.1, Max: 0.1, Diff: 0.0, Sum: 0.2]
      [Code Root Scanning (ms): Min: 0.0, Avg: 0.0, Max: 0.0, Diff: 0.0, Sum: 0.0]
      [Object Copy (ms): Min: 13.8, Avg: 13.9, Max: 13.9, Diff: 0.1, Sum: 27.7]
      [Termination (ms): Min: 0.0, Avg: 0.0, Max: 0.0, Diff: 0.0, Sum: 0.0]
         [Termination Attempts: Min: 1, Avg: 1.0, Max: 1, Diff: 0, Sum: 2]
      [GC Worker Other (ms): Min: 0.0, Avg: 0.0, Max: 0.0, Diff: 0.0, Sum: 0.0]
      [GC Worker Total (ms): Min: 14.5, Avg: 14.5, Max: 14.5, Diff: 0.0, Sum: 29.0]
      [GC Worker End (ms): Min: 468992.8, Avg: 468992.8, Max: 468992.8, Diff: 0.0]
   [Code Root Fixup: 0.0 ms]
   [Code Root Purge: 0.0 ms]
   [Clear CT: 0.2 ms]
   [Other: 0.5 ms]
      [Choose CSet: 0.0 ms]
      [Ref Proc: 0.2 ms]
      [Ref Enq: 0.0 ms]
      [Redirty Cards: 0.0 ms]
      [Humongous Register: 0.0 ms]
      [Humongous Reclaim: 0.0 ms]
      [Free CSet: 0.2 ms]
   [Eden: 264.0M(264.0M)->0.0B(261.0M) Survivors: 13312.0K->15360.0K Heap: 405.0M(472.0M)->143.5M(472.0M)]
 [Times: user=0.03 sys=0.00, real=0.02 secs] 
2024-07-06T11:31:55.284+0800: 469.450: [GC pause (G1 Evacuation Pause) (young), 0.0131431 secs]
   [Parallel Time: 12.6 ms, GC Workers: 2]
      [GC Worker Start (ms): Min: 469450.1, Avg: 469450.3, Max: 469450.5, Diff: 0.4]
      [Ext Root Scanning (ms): Min: 0.3, Avg: 1.1, Max: 1.8, Diff: 1.5, Sum: 2.2]
      [Update RS (ms): Min: 0.0, Avg: 0.0, Max: 0.0, Diff: 0.0, Sum: 0.1]
         [Processed Buffers: Min: 0, Avg: 3.0, Max: 6, Diff: 6, Sum: 6]
      [Scan RS (ms): Min: 0.0, Avg: 0.1, Max: 0.2, Diff: 0.1, Sum: 0.2]
      [Code Root Scanning (ms): Min: 0.0, Avg: 0.0, Max: 0.0, Diff: 0.0, Sum: 0.0]
      [Object Copy (ms): Min: 10.7, Avg: 11.1, Max: 11.6, Diff: 1.0, Sum: 22.3]
      [Termination (ms): Min: 0.0, Avg: 0.0, Max: 0.0, Diff: 0.0, Sum: 0.0]
         [Termination Attempts: Min: 1, Avg: 1.0, Max: 1, Diff: 0, Sum: 2]
      [GC Worker Other (ms): Min: 0.0, Avg: 0.0, Max: 0.0, Diff: 0.0, Sum: 0.0]
      [GC Worker Total (ms): Min: 12.2, Avg: 12.4, Max: 12.5, Diff: 0.4, Sum: 24.7]
      [GC Worker End (ms): Min: 469462.6, Avg: 469462.6, Max: 469462.6, Diff: 0.0]
   [Code Root Fixup: 0.0 ms]
   [Code Root Purge: 0.0 ms]
   [Clear CT: 0.1 ms]
   [Other: 0.4 ms]
      [Choose CSet: 0.0 ms]
      [Ref Proc: 0.1 ms]
      [Ref Enq: 0.0 ms]
      [Redirty Cards: 0.1 ms]
      [Humongous Register: 0.0 ms]
      [Humongous Reclaim: 0.0 ms]
      [Free CSet: 0.2 ms]
   [Eden: 261.0M(261.0M)->0.0B(266.0M) Survivors: 15360.0K->11264.0K Heap: 404.5M(472.0M)->139.5M(472.0M)]
 [Times: user=0.03 sys=0.00, real=0.02 secs] 
2024-07-06T11:31:55.739+0800: 469.905: [GC pause (G1 Evacuation Pause) (young), 0.0131670 secs]
   [Parallel Time: 12.7 ms, GC Workers: 2]
      [GC Worker Start (ms): Min: 469905.5, Avg: 469905.5, Max: 469905.5, Diff: 0.0]
      [Ext Root Scanning (ms): Min: 0.5, Avg: 0.5, Max: 0.5, Diff: 0.0, Sum: 1.0]
      [Update RS (ms): Min: 0.0, Avg: 0.0, Max: 0.0, Diff: 0.0, Sum: 0.1]
         [Processed Buffers: Min: 2, Avg: 3.0, Max: 4, Diff: 2, Sum: 6]
      [Scan RS (ms): Min: 0.1, Avg: 0.1, Max: 0.1, Diff: 0.0, Sum: 0.1]
      [Code Root Scanning (ms): Min: 0.0, Avg: 0.0, Max: 0.0, Diff: 0.0, Sum: 0.0]
      [Object Copy (ms): Min: 12.0, Avg: 12.0, Max: 12.0, Diff: 0.0, Sum: 24.0]
      [Termination (ms): Min: 0.0, Avg: 0.0, Max: 0.0, Diff: 0.0, Sum: 0.0]
         [Termination Attempts: Min: 1, Avg: 1.0, Max: 1, Diff: 0, Sum: 2]
      [GC Worker Other (ms): Min: 0.0, Avg: 0.0, Max: 0.0, Diff: 0.0, Sum: 0.0]
      [GC Worker Total (ms): Min: 12.6, Avg: 12.6, Max: 12.6, Diff: 0.0, Sum: 25.2]
      [GC Worker End (ms): Min: 469918.1, Avg: 469918.1, Max: 469918.1, Diff: 0.0]
   [Code Root Fixup: 0.0 ms]
   [Code Root Purge: 0.0 ms]
   [Clear CT: 0.1 ms]
   [Other: 0.4 ms]
      [Choose CSet: 0.0 ms]
      [Ref Proc: 0.1 ms]
      [Ref Enq: 0.0 ms]
      [Redirty Cards: 0.0 ms]
      [Humongous Register: 0.0 ms]
      [Humongous Reclaim: 0.0 ms]
      [Free CSet: 0.1 ms]
   [Eden: 266.0M(266.0M)->0.0B(264.0M) Survivors: 11264.0K->13312.0K Heap: 405.5M(472.0M)->141.5M(472.0M)]
 [Times: user=0.03 sys=0.00, real=0.01 secs] 
2024-07-06T11:31:56.203+0800: 470.369: [GC pause (G1 Evacuation Pause) (young), 0.0136452 secs]
   [Parallel Time: 13.1 ms, GC Workers: 2]
      [GC Worker Start (ms): Min: 470369.6, Avg: 470369.6, Max: 470369.6, Diff: 0.0]
      [Ext Root Scanning (ms): Min: 0.5, Avg: 0.6, Max: 0.6, Diff: 0.1, Sum: 1.1]
      [Update RS (ms): Min: 0.0, Avg: 0.0, Max: 0.0, Diff: 0.0, Sum: 0.1]
         [Processed Buffers: Min: 3, Avg: 3.5, Max: 4, Diff: 1, Sum: 7]
      [Scan RS (ms): Min: 0.1, Avg: 0.1, Max: 0.1, Diff: 0.0, Sum: 0.2]
      [Code Root Scanning (ms): Min: 0.0, Avg: 0.0, Max: 0.0, Diff: 0.0, Sum: 0.0]
      [Object Copy (ms): Min: 12.3, Avg: 12.3, Max: 12.4, Diff: 0.1, Sum: 24.7]
      [Termination (ms): Min: 0.0, Avg: 0.0, Max: 0.0, Diff: 0.0, Sum: 0.0]
         [Termination Attempts: Min: 1, Avg: 2.0, Max: 3, Diff: 2, Sum: 4]
      [GC Worker Other (ms): Min: 0.0, Avg: 0.0, Max: 0.0, Diff: 0.0, Sum: 0.0]
      [GC Worker Total (ms): Min: 13.0, Avg: 13.0, Max: 13.0, Diff: 0.0, Sum: 26.1]
      [GC Worker End (ms): Min: 470382.6, Avg: 470382.6, Max: 470382.6, Diff: 0.0]
   [Code Root Fixup: 0.0 ms]
   [Code Root Purge: 0.0 ms]
   [Clear CT: 0.1 ms]
   [Other: 0.4 ms]
      [Choose CSet: 0.0 ms]
      [Ref Proc: 0.1 ms]
      [Ref Enq: 0.0 ms]
      [Redirty Cards: 0.0 ms]
      [Humongous Register: 0.0 ms]
      [Humongous Reclaim: 0.0 ms]
      [Free CSet: 0.2 ms]
   [Eden: 264.0M(264.0M)->0.0B(264.0M) Survivors: 13312.0K->13312.0K Heap: 405.5M(472.0M)->141.0M(472.0M)]
 [Times: user=0.02 sys=0.00, real=0.02 secs] 
2024-07-06T11:31:56.635+0800: 470.801: [GC pause (G1 Evacuation Pause) (young), 0.0202671 secs]
   [Parallel Time: 19.7 ms, GC Workers: 2]
      [GC Worker Start (ms): Min: 470801.6, Avg: 470801.6, Max: 470801.6, Diff: 0.0]
      [Ext Root Scanning (ms): Min: 0.5, Avg: 0.6, Max: 0.6, Diff: 0.0, Sum: 1.1]
      [Update RS (ms): Min: 0.0, Avg: 0.0, Max: 0.0, Diff: 0.0, Sum: 0.1]
         [Processed Buffers: Min: 2, Avg: 2.5, Max: 3, Diff: 1, Sum: 5]
      [Scan RS (ms): Min: 0.1, Avg: 0.1, Max: 0.1, Diff: 0.0, Sum: 0.2]
      [Code Root Scanning (ms): Min: 0.0, Avg: 0.0, Max: 0.0, Diff: 0.0, Sum: 0.0]
      [Object Copy (ms): Min: 18.9, Avg: 19.0, Max: 19.0, Diff: 0.0, Sum: 37.9]
      [Termination (ms): Min: 0.0, Avg: 0.0, Max: 0.0, Diff: 0.0, Sum: 0.0]
         [Termination Attempts: Min: 2, Avg: 2.0, Max: 2, Diff: 0, Sum: 4]
      [GC Worker Other (ms): Min: 0.0, Avg: 0.0, Max: 0.0, Diff: 0.0, Sum: 0.0]
      [GC Worker Total (ms): Min: 19.6, Avg: 19.6, Max: 19.6, Diff: 0.0, Sum: 39.3]
      [GC Worker End (ms): Min: 470821.2, Avg: 470821.2, Max: 470821.2, Diff: 0.0]
   [Code Root Fixup: 0.0 ms]
   [Code Root Purge: 0.0 ms]
   [Clear CT: 0.1 ms]
   [Other: 0.4 ms]
      [Choose CSet: 0.0 ms]
      [Ref Proc: 0.1 ms]
      [Ref Enq: 0.0 ms]
      [Redirty Cards: 0.0 ms]
      [Humongous Register: 0.0 ms]
      [Humongous Reclaim: 0.0 ms]
      [Free CSet: 0.2 ms]
   [Eden: 264.0M(264.0M)->0.0B(257.0M) Survivors: 13312.0K->18432.0K Heap: 405.0M(472.0M)->146.0M(472.0M)]
 [Times: user=0.04 sys=0.00, real=0.02 secs] 
2024-07-06T11:31:57.075+0800: 471.241: [GC pause (G1 Evacuation Pause) (young), 0.0132203 secs]
   [Parallel Time: 12.7 ms, GC Workers: 2]
      [GC Worker Start (ms): Min: 471241.5, Avg: 471241.5, Max: 471241.6, Diff: 0.0]
      [Ext Root Scanning (ms): Min: 0.5, Avg: 0.5, Max: 0.5, Diff: 0.0, Sum: 1.0]
      [Update RS (ms): Min: 0.0, Avg: 0.0, Max: 0.0, Diff: 0.0, Sum: 0.1]
         [Processed Buffers: Min: 2, Avg: 3.0, Max: 4, Diff: 2, Sum: 6]
      [Scan RS (ms): Min: 0.1, Avg: 0.1, Max: 0.1, Diff: 0.0, Sum: 0.2]
      [Code Root Scanning (ms): Min: 0.0, Avg: 0.0, Max: 0.0, Diff: 0.0, Sum: 0.0]
      [Object Copy (ms): Min: 12.0, Avg: 12.1, Max: 12.1, Diff: 0.0, Sum: 24.1]
      [Termination (ms): Min: 0.0, Avg: 0.0, Max: 0.0, Diff: 0.0, Sum: 0.0]
         [Termination Attempts: Min: 1, Avg: 1.0, Max: 1, Diff: 0, Sum: 2]
      [GC Worker Other (ms): Min: 0.0, Avg: 0.0, Max: 0.0, Diff: 0.0, Sum: 0.0]
      [GC Worker Total (ms): Min: 12.6, Avg: 12.7, Max: 12.7, Diff: 0.0, Sum: 25.3]
      [GC Worker End (ms): Min: 471254.2, Avg: 471254.2, Max: 471254.2, Diff: 0.0]
   [Code Root Fixup: 0.0 ms]
   [Code Root Purge: 0.0 ms]
   [Clear CT: 0.1 ms]
   [Other: 0.4 ms]
      [Choose CSet: 0.0 ms]
      [Ref Proc: 0.1 ms]
      [Ref Enq: 0.0 ms]
      [Redirty Cards: 0.0 ms]
      [Humongous Register: 0.0 ms]
      [Humongous Reclaim: 0.0 ms]
      [Free CSet: 0.1 ms]
   [Eden: 257.0M(257.0M)->0.0B(263.0M) Survivors: 18432.0K->13312.0K Heap: 403.0M(472.0M)->141.5M(472.0M)]
 [Times: user=0.03 sys=0.00, real=0.01 secs] 
2024-07-06T11:31:57.536+0800: 471.702: [GC pause (G1 Evacuation Pause) (young), 0.0191741 secs]
   [Parallel Time: 18.5 ms, GC Workers: 2]
      [GC Worker Start (ms): Min: 471702.0, Avg: 471702.0, Max: 471702.0, Diff: 0.0]
      [Ext Root Scanning (ms): Min: 0.5, Avg: 0.5, Max: 0.5, Diff: 0.0, Sum: 0.9]
      [Update RS (ms): Min: 0.0, Avg: 0.0, Max: 0.0, Diff: 0.0, Sum: 0.1]
         [Processed Buffers: Min: 3, Avg: 3.0, Max: 3, Diff: 0, Sum: 6]
      [Scan RS (ms): Min: 0.1, Avg: 0.1, Max: 0.1, Diff: 0.0, Sum: 0.2]
      [Code Root Scanning (ms): Min: 0.0, Avg: 0.0, Max: 0.0, Diff: 0.0, Sum: 0.0]
      [Object Copy (ms): Min: 17.9, Avg: 17.9, Max: 17.9, Diff: 0.0, Sum: 35.7]
      [Termination (ms): Min: 0.0, Avg: 0.0, Max: 0.0, Diff: 0.0, Sum: 0.0]
         [Termination Attempts: Min: 1, Avg: 1.0, Max: 1, Diff: 0, Sum: 2]
      [GC Worker Other (ms): Min: 0.0, Avg: 0.0, Max: 0.0, Diff: 0.0, Sum: 0.0]
      [GC Worker Total (ms): Min: 18.5, Avg: 18.5, Max: 18.5, Diff: 0.0, Sum: 36.9]
      [GC Worker End (ms): Min: 471720.5, Avg: 471720.5, Max: 471720.5, Diff: 0.0]
   [Code Root Fixup: 0.0 ms]
   [Code Root Purge: 0.0 ms]
   [Clear CT: 0.1 ms]
   [Other: 0.5 ms]
      [Choose CSet: 0.0 ms]
      [Ref Proc: 0.1 ms]
      [Ref Enq: 0.0 ms]
      [Redirty Cards: 0.1 ms]
      [Humongous Register: 0.0 ms]
      [Humongous Reclaim: 0.0 ms]
      [Free CSet: 0.2 ms]
   [Eden: 263.0M(263.0M)->0.0B(258.0M) Survivors: 13312.0K->17408.0K Heap: 404.5M(472.0M)->145.0M(472.0M)]
 [Times: user=0.04 sys=0.00, real=0.01 secs] 
2024-07-06T11:31:57.981+0800: 472.147: [GC pause (G1 Evacuation Pause) (young), 0.0073851 secs]
   [Parallel Time: 6.8 ms, GC Workers: 2]
      [GC Worker Start (ms): Min: 472147.0, Avg: 472147.0, Max: 472147.0, Diff: 0.0]
      [Ext Root Scanning (ms): Min: 0.5, Avg: 0.5, Max: 0.5, Diff: 0.0, Sum: 1.0]
      [Update RS (ms): Min: 0.0, Avg: 0.0, Max: 0.0, Diff: 0.0, Sum: 0.1]
         [Processed Buffers: Min: 2, Avg: 3.0, Max: 4, Diff: 2, Sum: 6]
      [Scan RS (ms): Min: 0.1, Avg: 0.1, Max: 0.1, Diff: 0.0, Sum: 0.1]
      [Code Root Scanning (ms): Min: 0.0, Avg: 0.0, Max: 0.0, Diff: 0.0, Sum: 0.0]
      [Object Copy (ms): Min: 6.2, Avg: 6.2, Max: 6.2, Diff: 0.0, Sum: 12.4]
      [Termination (ms): Min: 0.0, Avg: 0.0, Max: 0.0, Diff: 0.0, Sum: 0.0]
         [Termination Attempts: Min: 11, Avg: 11.5, Max: 12, Diff: 1, Sum: 23]
      [GC Worker Other (ms): Min: 0.0, Avg: 0.0, Max: 0.0, Diff: 0.0, Sum: 0.0]
      [GC Worker Total (ms): Min: 6.8, Avg: 6.8, Max: 6.8, Diff: 0.0, Sum: 13.6]
      [GC Worker End (ms): Min: 472153.8, Avg: 472153.8, Max: 472153.8, Diff: 0.0]
   [Code Root Fixup: 0.0 ms]
   [Code Root Purge: 0.0 ms]
   [Clear CT: 0.1 ms]
   [Other: 0.4 ms]
      [Choose CSet: 0.0 ms]
      [Ref Proc: 0.1 ms]
      [Ref Enq: 0.0 ms]
      [Redirty Cards: 0.0 ms]
      [Humongous Register: 0.0 ms]
      [Humongous Reclaim: 0.0 ms]
      [Free CSet: 0.2 ms]
   [Eden: 258.0M(258.0M)->0.0B(268.0M) Survivors: 17408.0K->9216.0K Heap: 403.0M(472.0M)->137.0M(472.0M)]
 [Times: user=0.01 sys=0.00, real=0.01 secs] 
2024-07-06T11:31:58.414+0800: 472.580: [GC pause (G1 Evacuation Pause) (young), 0.0154939 secs]
   [Parallel Time: 15.0 ms, GC Workers: 2]
      [GC Worker Start (ms): Min: 472580.3, Avg: 472580.3, Max: 472580.3, Diff: 0.0]
      [Ext Root Scanning (ms): Min: 0.5, Avg: 0.5, Max: 0.5, Diff: 0.0, Sum: 1.0]
      [Update RS (ms): Min: 0.0, Avg: 0.0, Max: 0.0, Diff: 0.0, Sum: 0.1]
         [Processed Buffers: Min: 2, Avg: 3.0, Max: 4, Diff: 2, Sum: 6]
      [Scan RS (ms): Min: 0.1, Avg: 0.1, Max: 0.1, Diff: 0.0, Sum: 0.2]
      [Code Root Scanning (ms): Min: 0.0, Avg: 0.0, Max: 0.0, Diff: 0.0, Sum: 0.0]
      [Object Copy (ms): Min: 14.3, Avg: 14.3, Max: 14.3, Diff: 0.0, Sum: 28.5]
      [Termination (ms): Min: 0.0, Avg: 0.0, Max: 0.0, Diff: 0.0, Sum: 0.0]
         [Termination Attempts: Min: 4, Avg: 5.0, Max: 6, Diff: 2, Sum: 10]
      [GC Worker Other (ms): Min: 0.0, Avg: 0.0, Max: 0.0, Diff: 0.0, Sum: 0.0]
      [GC Worker Total (ms): Min: 14.9, Avg: 14.9, Max: 14.9, Diff: 0.0, Sum: 29.8]
      [GC Worker End (ms): Min: 472595.2, Avg: 472595.2, Max: 472595.2, Diff: 0.0]
   [Code Root Fixup: 0.0 ms]
   [Code Root Purge: 0.0 ms]
   [Clear CT: 0.1 ms]
   [Other: 0.4 ms]
      [Choose CSet: 0.0 ms]
      [Ref Proc: 0.1 ms]
      [Ref Enq: 0.0 ms]
      [Redirty Cards: 0.0 ms]
      [Humongous Register: 0.0 ms]
      [Humongous Reclaim: 0.0 ms]
      [Free CSet: 0.1 ms]
   [Eden: 268.0M(268.0M)->0.0B(263.0M) Survivors: 9216.0K->14336.0K Heap: 405.0M(472.0M)->142.5M(472.0M)]
 [Times: user=0.03 sys=0.00, real=0.02 secs] 
2024-07-06T11:31:58.870+0800: 473.036: [GC pause (G1 Evacuation Pause) (young), 0.0187469 secs]
   [Parallel Time: 18.2 ms, GC Workers: 2]
      [GC Worker Start (ms): Min: 473036.5, Avg: 473036.5, Max: 473036.5, Diff: 0.0]
      [Ext Root Scanning (ms): Min: 0.5, Avg: 0.5, Max: 0.5, Diff: 0.0, Sum: 1.0]
      [Update RS (ms): Min: 0.0, Avg: 0.0, Max: 0.0, Diff: 0.0, Sum: 0.1]
         [Processed Buffers: Min: 3, Avg: 3.0, Max: 3, Diff: 0, Sum: 6]
      [Scan RS (ms): Min: 0.1, Avg: 0.1, Max: 0.1, Diff: 0.0, Sum: 0.2]
      [Code Root Scanning (ms): Min: 0.0, Avg: 0.0, Max: 0.0, Diff: 0.0, Sum: 0.0]
      [Object Copy (ms): Min: 17.5, Avg: 17.5, Max: 17.5, Diff: 0.0, Sum: 35.0]
      [Termination (ms): Min: 0.0, Avg: 0.0, Max: 0.0, Diff: 0.0, Sum: 0.0]
         [Termination Attempts: Min: 1, Avg: 1.0, Max: 1, Diff: 0, Sum: 2]
      [GC Worker Other (ms): Min: 0.0, Avg: 0.0, Max: 0.0, Diff: 0.0, Sum: 0.0]
      [GC Worker Total (ms): Min: 18.1, Avg: 18.1, Max: 18.1, Diff: 0.0, Sum: 36.2]
      [GC Worker End (ms): Min: 473054.6, Avg: 473054.6, Max: 473054.6, Diff: 0.0]
   [Code Root Fixup: 0.0 ms]
   [Code Root Purge: 0.0 ms]
   [Clear CT: 0.1 ms]
   [Other: 0.5 ms]
      [Choose CSet: 0.0 ms]
      [Ref Proc: 0.1 ms]
      [Ref Enq: 0.0 ms]
      [Redirty Cards: 0.1 ms]
      [Humongous Register: 0.0 ms]
      [Humongous Reclaim: 0.0 ms]
      [Free CSet: 0.2 ms]
   [Eden: 263.0M(263.0M)->0.0B(265.0M) Survivors: 14336.0K->12288.0K Heap: 405.5M(472.0M)->140.5M(472.0M)]
 [Times: user=0.04 sys=0.00, real=0.02 secs] 
2024-07-06T11:31:59.319+0800: 473.485: [GC pause (G1 Evacuation Pause) (young), 0.0146864 secs]
   [Parallel Time: 14.2 ms, GC Workers: 2]
      [GC Worker Start (ms): Min: 473485.6, Avg: 473485.6, Max: 473485.6, Diff: 0.0]
      [Ext Root Scanning (ms): Min: 0.5, Avg: 0.5, Max: 0.5, Diff: 0.0, Sum: 1.1]
      [Update RS (ms): Min: 0.0, Avg: 0.0, Max: 0.0, Diff: 0.0, Sum: 0.1]
         [Processed Buffers: Min: 1, Avg: 3.0, Max: 5, Diff: 4, Sum: 6]
      [Scan RS (ms): Min: 0.1, Avg: 0.1, Max: 0.1, Diff: 0.0, Sum: 0.3]
      [Code Root Scanning (ms): Min: 0.0, Avg: 0.0, Max: 0.0, Diff: 0.0, Sum: 0.0]
      [Object Copy (ms): Min: 13.4, Avg: 13.4, Max: 13.4, Diff: 0.0, Sum: 26.8]
      [Termination (ms): Min: 0.0, Avg: 0.0, Max: 0.0, Diff: 0.0, Sum: 0.0]
         [Termination Attempts: Min: 1, Avg: 1.0, Max: 1, Diff: 0, Sum: 2]
      [GC Worker Other (ms): Min: 0.0, Avg: 0.0, Max: 0.0, Diff: 0.0, Sum: 0.0]
      [GC Worker Total (ms): Min: 14.1, Avg: 14.1, Max: 14.1, Diff: 0.0, Sum: 28.3]
      [GC Worker End (ms): Min: 473499.7, Avg: 473499.7, Max: 473499.7, Diff: 0.0]
   [Code Root Fixup: 0.0 ms]
   [Code Root Purge: 0.0 ms]
   [Clear CT: 0.1 ms]
   [Other: 0.4 ms]
      [Choose CSet: 0.0 ms]
      [Ref Proc: 0.1 ms]
      [Ref Enq: 0.0 ms]
      [Redirty Cards: 0.0 ms]
      [Humongous Register: 0.0 ms]
      [Humongous Reclaim: 0.0 ms]
      [Free CSet: 0.2 ms]
   [Eden: 265.0M(265.0M)->0.0B(263.0M) Survivors: 12288.0K->14336.0K Heap: 405.5M(472.0M)->142.0M(472.0M)]
 [Times: user=0.03 sys=0.00, real=0.01 secs] 
2024-07-06T11:31:59.790+0800: 473.956: [GC pause (G1 Evacuation Pause) (young), 0.0147644 secs]
   [Parallel Time: 14.1 ms, GC Workers: 2]
      [GC Worker Start (ms): Min: 473956.5, Avg: 473956.5, Max: 473956.5, Diff: 0.0]
      [Ext Root Scanning (ms): Min: 0.6, Avg: 0.6, Max: 0.6, Diff: 0.0, Sum: 1.1]
      [Update RS (ms): Min: 0.0, Avg: 0.0, Max: 0.0, Diff: 0.0, Sum: 0.1]
         [Processed Buffers: Min: 2, Avg: 3.5, Max: 5, Diff: 3, Sum: 7]
      [Scan RS (ms): Min: 0.1, Avg: 0.1, Max: 0.1, Diff: 0.0, Sum: 0.2]
      [Code Root Scanning (ms): Min: 0.0, Avg: 0.0, Max: 0.0, Diff: 0.0, Sum: 0.0]
      [Object Copy (ms): Min: 13.4, Avg: 13.4, Max: 13.4, Diff: 0.0, Sum: 26.7]
      [Termination (ms): Min: 0.0, Avg: 0.0, Max: 0.0, Diff: 0.0, Sum: 0.0]
         [Termination Attempts: Min: 1, Avg: 1.0, Max: 1, Diff: 0, Sum: 2]
      [GC Worker Other (ms): Min: 0.0, Avg: 0.0, Max: 0.0, Diff: 0.0, Sum: 0.0]
      [GC Worker Total (ms): Min: 14.1, Avg: 14.1, Max: 14.1, Diff: 0.0, Sum: 28.1]
      [GC Worker End (ms): Min: 473970.6, Avg: 473970.6, Max: 473970.6, Diff: 0.0]
   [Code Root Fixup: 0.0 ms]
   [Code Root Purge: 0.0 ms]
   [Clear CT: 0.1 ms]
   [Other: 0.5 ms]
      [Choose CSet: 0.0 ms]
      [Ref Proc: 0.1 ms]
      [Ref Enq: 0.0 ms]
      [Redirty Cards: 0.1 ms]
      [Humongous Register: 0.0 ms]
      [Humongous Reclaim: 0.0 ms]
      [Free CSet: 0.2 ms]
   [Eden: 263.0M(263.0M)->0.0B(264.0M) Survivors: 14336.0K->13312.0K Heap: 405.0M(472.0M)->141.5M(472.0M)]
 [Times: user=0.03 sys=0.00, real=0.01 secs] 
2024-07-06T11:32:00.251+0800: 474.417: [GC pause (G1 Evacuation Pause) (young), 0.0132958 secs]
   [Parallel Time: 12.7 ms, GC Workers: 2]
      [GC Worker Start (ms): Min: 474417.5, Avg: 474417.5, Max: 474417.5, Diff: 0.0]
      [Ext Root Scanning (ms): Min: 0.5, Avg: 0.5, Max: 0.5, Diff: 0.0, Sum: 1.1]
      [Update RS (ms): Min: 0.0, Avg: 0.0, Max: 0.0, Diff: 0.0, Sum: 0.0]
         [Processed Buffers: Min: 0, Avg: 3.0, Max: 6, Diff: 6, Sum: 6]
      [Scan RS (ms): Min: 0.1, Avg: 0.1, Max: 0.1, Diff: 0.0, Sum: 0.2]
      [Code Root Scanning (ms): Min: 0.0, Avg: 0.0, Max: 0.0, Diff: 0.0, Sum: 0.0]
      [Object Copy (ms): Min: 12.0, Avg: 12.0, Max: 12.0, Diff: 0.0, Sum: 24.0]
      [Termination (ms): Min: 0.0, Avg: 0.0, Max: 0.0, Diff: 0.0, Sum: 0.0]
         [Termination Attempts: Min: 1, Avg: 1.0, Max: 1, Diff: 0, Sum: 2]
      [GC Worker Other (ms): Min: 0.0, Avg: 0.0, Max: 0.0, Diff: 0.0, Sum: 0.0]
      [GC Worker Total (ms): Min: 12.7, Avg: 12.7, Max: 12.7, Diff: 0.0, Sum: 25.3]
      [GC Worker End (ms): Min: 474430.2, Avg: 474430.2, Max: 474430.2, Diff: 0.0]
   [Code Root Fixup: 0.0 ms]
   [Code Root Purge: 0.0 ms]
   [Clear CT: 0.1 ms]
   [Other: 0.5 ms]
      [Choose CSet: 0.0 ms]
      [Ref Proc: 0.2 ms]
      [Ref Enq: 0.0 ms]
      [Redirty Cards: 0.0 ms]
      [Humongous Register: 0.0 ms]
      [Humongous Reclaim: 0.0 ms]
      [Free CSet: 0.1 ms]
   [Eden: 264.0M(264.0M)->0.0B(265.0M) Survivors: 13312.0K->12288.0K Heap: 405.5M(472.0M)->140.5M(472.0M)]
 [Times: user=0.03 sys=0.00, real=0.01 secs] 
2024-07-06T11:32:00.680+0800: 474.846: [GC pause (G1 Evacuation Pause) (young), 0.0188780 secs]
   [Parallel Time: 18.4 ms, GC Workers: 2]
      [GC Worker Start (ms): Min: 474846.3, Avg: 474846.3, Max: 474846.3, Diff: 0.0]
      [Ext Root Scanning (ms): Min: 0.5, Avg: 0.5, Max: 0.5, Diff: 0.0, Sum: 1.0]
      [Update RS (ms): Min: 0.0, Avg: 0.0, Max: 0.0, Diff: 0.0, Sum: 0.1]
         [Processed Buffers: Min: 2, Avg: 3.0, Max: 4, Diff: 2, Sum: 6]
      [Scan RS (ms): Min: 0.1, Avg: 0.1, Max: 0.1, Diff: 0.0, Sum: 0.3]
      [Code Root Scanning (ms): Min: 0.0, Avg: 0.0, Max: 0.0, Diff: 0.0, Sum: 0.0]
      [Object Copy (ms): Min: 17.6, Avg: 17.6, Max: 17.6, Diff: 0.0, Sum: 35.2]
      [Termination (ms): Min: 0.0, Avg: 0.0, Max: 0.0, Diff: 0.0, Sum: 0.0]
         [Termination Attempts: Min: 1, Avg: 1.0, Max: 1, Diff: 0, Sum: 2]
      [GC Worker Other (ms): Min: 0.0, Avg: 0.0, Max: 0.0, Diff: 0.0, Sum: 0.0]
      [GC Worker Total (ms): Min: 18.3, Avg: 18.3, Max: 18.3, Diff: 0.0, Sum: 36.6]
      [GC Worker End (ms): Min: 474864.7, Avg: 474864.7, Max: 474864.7, Diff: 0.0]
   [Code Root Fixup: 0.0 ms]
   [Code Root Purge: 0.0 ms]
   [Clear CT: 0.1 ms]
   [Other: 0.4 ms]
      [Choose CSet: 0.0 ms]
      [Ref Proc: 0.1 ms]
      [Ref Enq: 0.0 ms]
      [Redirty Cards: 0.0 ms]
      [Humongous Register: 0.0 ms]
      [Humongous Reclaim: 0.0 ms]
      [Free CSet: 0.2 ms]
   [Eden: 265.0M(265.0M)->0.0B(259.0M) Survivors: 12288.0K->17408.0K Heap: 405.5M(472.0M)->145.5M(472.0M)]
 [Times: user=0.03 sys=0.00, real=0.02 secs] 
2024-07-06T11:32:01.167+0800: 475.333: [GC pause (G1 Evacuation Pause) (young), 0.0136233 secs]
   [Parallel Time: 13.0 ms, GC Workers: 2]
      [GC Worker Start (ms): Min: 475333.6, Avg: 475333.6, Max: 475333.6, Diff: 0.0]
      [Ext Root Scanning (ms): Min: 0.5, Avg: 0.5, Max: 0.5, Diff: 0.0, Sum: 1.0]
      [Update RS (ms): Min: 0.0, Avg: 0.0, Max: 0.0, Diff: 0.0, Sum: 0.1]
         [Processed Buffers: Min: 2, Avg: 2.5, Max: 3, Diff: 1, Sum: 5]
      [Scan RS (ms): Min: 0.1, Avg: 0.1, Max: 0.1, Diff: 0.0, Sum: 0.2]
      [Code Root Scanning (ms): Min: 0.0, Avg: 0.0, Max: 0.0, Diff: 0.0, Sum: 0.0]
      [Object Copy (ms): Min: 12.3, Avg: 12.3, Max: 12.3, Diff: 0.0, Sum: 24.7]
      [Termination (ms): Min: 0.0, Avg: 0.0, Max: 0.0, Diff: 0.0, Sum: 0.0]
         [Termination Attempts: Min: 2, Avg: 6.0, Max: 10, Diff: 8, Sum: 12]
      [GC Worker Other (ms): Min: 0.0, Avg: 0.0, Max: 0.0, Diff: 0.0, Sum: 0.0]
      [GC Worker Total (ms): Min: 13.0, Avg: 13.0, Max: 13.0, Diff: 0.0, Sum: 26.0]
      [GC Worker End (ms): Min: 475346.6, Avg: 475346.6, Max: 475346.6, Diff: 0.0]
   [Code Root Fixup: 0.0 ms]
   [Code Root Purge: 0.0 ms]
   [Clear CT: 0.1 ms]
   [Other: 0.5 ms]
      [Choose CSet: 0.0 ms]
      [Ref Proc: 0.1 ms]
      [Ref Enq: 0.0 ms]
      [Redirty Cards: 0.0 ms]
      [Humongous Register: 0.0 ms]
      [Humongous Reclaim: 0.0 ms]
      [Free CSet: 0.2 ms]
   [Eden: 259.0M(259.0M)->0.0B(263.0M) Survivors: 17408.0K->13312.0K Heap: 404.5M(472.0M)->141.0M(472.0M)]
 [Times: user=0.03 sys=0.00, real=0.01 secs] 
2024-07-06T11:32:01.606+0800: 475.772: [GC pause (G1 Evacuation Pause) (young), 0.0312997 secs]
   [Parallel Time: 30.4 ms, GC Workers: 2]
      [GC Worker Start (ms): Min: 475772.5, Avg: 475772.9, Max: 475773.3, Diff: 0.9]
      [Ext Root Scanning (ms): Min: 0.0, Avg: 0.4, Max: 0.7, Diff: 0.7, Sum: 0.7]
      [Update RS (ms): Min: 0.0, Avg: 2.1, Max: 4.1, Diff: 4.1, Sum: 4.1]
         [Processed Buffers: Min: 3, Avg: 3.5, Max: 4, Diff: 1, Sum: 7]
      [Scan RS (ms): Min: 0.0, Avg: 0.1, Max: 0.1, Diff: 0.1, Sum: 0.2]
      [Code Root Scanning (ms): Min: 0.0, Avg: 0.0, Max: 0.0, Diff: 0.0, Sum: 0.0]
      [Object Copy (ms): Min: 25.4, Avg: 27.4, Max: 29.3, Diff: 3.9, Sum: 54.7]
      [Termination (ms): Min: 0.0, Avg: 0.0, Max: 0.0, Diff: 0.0, Sum: 0.0]
         [Termination Attempts: Min: 1, Avg: 1.0, Max: 1, Diff: 0, Sum: 2]
      [GC Worker Other (ms): Min: 0.0, Avg: 0.0, Max: 0.0, Diff: 0.0, Sum: 0.0]
      [GC Worker Total (ms): Min: 29.4, Avg: 29.9, Max: 30.3, Diff: 0.9, Sum: 59.7]
      [GC Worker End (ms): Min: 475802.8, Avg: 475802.8, Max: 475802.8, Diff: 0.0]
   [Code Root Fixup: 0.0 ms]
   [Code Root Purge: 0.0 ms]
   [Clear CT: 0.2 ms]
   [Other: 0.7 ms]
      [Choose CSet: 0.0 ms]
      [Ref Proc: 0.4 ms]
      [Ref Enq: 0.0 ms]
      [Redirty Cards: 0.1 ms]
      [Humongous Register: 0.0 ms]
      [Humongous Reclaim: 0.0 ms]
      [Free CSet: 0.1 ms]
   [Eden: 263.0M(263.0M)->0.0B(257.0M) Survivors: 13312.0K->18432.0K Heap: 404.0M(472.0M)->146.0M(472.0M)]
 [Times: user=0.03 sys=0.01, real=0.04 secs] 
2024-07-06T11:32:02.092+0800: 476.258: [GC pause (G1 Evacuation Pause) (young), 0.0223978 secs]
   [Parallel Time: 21.9 ms, GC Workers: 2]
      [GC Worker Start (ms): Min: 476258.2, Avg: 476258.2, Max: 476258.2, Diff: 0.0]
      [Ext Root Scanning (ms): Min: 0.5, Avg: 0.5, Max: 0.5, Diff: 0.0, Sum: 1.0]
      [Update RS (ms): Min: 0.0, Avg: 0.0, Max: 0.0, Diff: 0.0, Sum: 0.1]
         [Processed Buffers: Min: 3, Avg: 3.5, Max: 4, Diff: 1, Sum: 7]
      [Scan RS (ms): Min: 0.1, Avg: 0.1, Max: 0.1, Diff: 0.0, Sum: 0.2]
      [Code Root Scanning (ms): Min: 0.0, Avg: 0.0, Max: 0.0, Diff: 0.0, Sum: 0.0]
      [Object Copy (ms): Min: 21.2, Avg: 21.2, Max: 21.2, Diff: 0.0, Sum: 42.4]
      [Termination (ms): Min: 0.0, Avg: 0.0, Max: 0.0, Diff: 0.0, Sum: 0.0]
         [Termination Attempts: Min: 1, Avg: 1.0, Max: 1, Diff: 0, Sum: 2]
      [GC Worker Other (ms): Min: 0.0, Avg: 0.0, Max: 0.0, Diff: 0.0, Sum: 0.0]
      [GC Worker Total (ms): Min: 21.8, Avg: 21.9, Max: 21.9, Diff: 0.0, Sum: 43.7]
      [GC Worker End (ms): Min: 476280.0, Avg: 476280.0, Max: 476280.0, Diff: 0.0]
   [Code Root Fixup: 0.0 ms]
   [Code Root Purge: 0.0 ms]
   [Clear CT: 0.1 ms]
   [Other: 0.4 ms]
      [Choose CSet: 0.0 ms]
      [Ref Proc: 0.1 ms]
      [Ref Enq: 0.0 ms]
      [Redirty Cards: 0.0 ms]
      [Humongous Register: 0.0 ms]
      [Humongous Reclaim: 0.0 ms]
      [Free CSet: 0.1 ms]
   [Eden: 257.0M(257.0M)->0.0B(256.0M) Survivors: 18432.0K->18432.0K Heap: 403.0M(472.0M)->146.5M(472.0M)]
 [Times: user=0.04 sys=0.00, real=0.02 secs] 
2024-07-06T11:32:02.531+0800: 476.697: [GC pause (G1 Evacuation Pause) (young), 0.0059365 secs]
   [Parallel Time: 5.5 ms, GC Workers: 2]
      [GC Worker Start (ms): Min: 476697.5, Avg: 476697.6, Max: 476697.6, Diff: 0.0]
      [Ext Root Scanning (ms): Min: 0.5, Avg: 0.6, Max: 0.6, Diff: 0.0, Sum: 1.1]
      [Update RS (ms): Min: 0.0, Avg: 0.0, Max: 0.0, Diff: 0.0, Sum: 0.1]
         [Processed Buffers: Min: 1, Avg: 3.0, Max: 5, Diff: 4, Sum: 6]
      [Scan RS (ms): Min: 0.1, Avg: 0.1, Max: 0.1, Diff: 0.0, Sum: 0.2]
      [Code Root Scanning (ms): Min: 0.0, Avg: 0.0, Max: 0.0, Diff: 0.0, Sum: 0.0]
      [Object Copy (ms): Min: 4.7, Avg: 4.8, Max: 4.8, Diff: 0.0, Sum: 9.5]
      [Termination (ms): Min: 0.0, Avg: 0.0, Max: 0.0, Diff: 0.0, Sum: 0.0]
         [Termination Attempts: Min: 1, Avg: 2.5, Max: 4, Diff: 3, Sum: 5]
      [GC Worker Other (ms): Min: 0.0, Avg: 0.0, Max: 0.0, Diff: 0.0, Sum: 0.0]
      [GC Worker Total (ms): Min: 5.4, Avg: 5.4, Max: 5.4, Diff: 0.0, Sum: 10.9]
      [GC Worker End (ms): Min: 476703.0, Avg: 476703.0, Max: 476703.0, Diff: 0.0]
   [Code Root Fixup: 0.0 ms]
   [Code Root Purge: 0.0 ms]
   [Clear CT: 0.1 ms]
   [Other: 0.4 ms]
      [Choose CSet: 0.0 ms]
      [Ref Proc: 0.1 ms]
      [Ref Enq: 0.0 ms]
      [Redirty Cards: 0.0 ms]
      [Humongous Register: 0.0 ms]
      [Humongous Reclaim: 0.0 ms]
      [Free CSet: 0.1 ms]
   [Eden: 256.0M(256.0M)->0.0B(269.0M) Survivors: 18432.0K->7168.0K Heap: 402.5M(472.0M)->135.5M(472.0M)]
 [Times: user=0.01 sys=0.00, real=0.01 secs] 
2024-07-06T11:32:02.955+0800: 477.121: [GC pause (G1 Evacuation Pause) (young), 0.0167096 secs]
   [Parallel Time: 16.2 ms, GC Workers: 2]
      [GC Worker Start (ms): Min: 477120.9, Avg: 477120.9, Max: 477120.9, Diff: 0.0]
      [Ext Root Scanning (ms): Min: 0.5, Avg: 0.6, Max: 0.6, Diff: 0.0, Sum: 1.1]
      [Update RS (ms): Min: 0.0, Avg: 0.0, Max: 0.0, Diff: 0.0, Sum: 0.1]
         [Processed Buffers: Min: 2, Avg: 3.0, Max: 4, Diff: 2, Sum: 6]
      [Scan RS (ms): Min: 0.1, Avg: 0.1, Max: 0.1, Diff: 0.0, Sum: 0.2]
      [Code Root Scanning (ms): Min: 0.0, Avg: 0.0, Max: 0.0, Diff: 0.0, Sum: 0.0]
      [Object Copy (ms): Min: 15.4, Avg: 15.4, Max: 15.4, Diff: 0.0, Sum: 30.8]
      [Termination (ms): Min: 0.0, Avg: 0.0, Max: 0.0, Diff: 0.0, Sum: 0.0]
         [Termination Attempts: Min: 1, Avg: 1.0, Max: 1, Diff: 0, Sum: 2]
      [GC Worker Other (ms): Min: 0.0, Avg: 0.0, Max: 0.0, Diff: 0.0, Sum: 0.0]
      [GC Worker Total (ms): Min: 16.1, Avg: 16.1, Max: 16.1, Diff: 0.0, Sum: 32.2]
      [GC Worker End (ms): Min: 477137.0, Avg: 477137.0, Max: 477137.0, Diff: 0.0]
   [Code Root Fixup: 0.0 ms]
   [Code Root Purge: 0.0 ms]
   [Clear CT: 0.1 ms]
   [Other: 0.4 ms]
      [Choose CSet: 0.0 ms]
      [Ref Proc: 0.1 ms]
      [Ref Enq: 0.0 ms]
      [Redirty Cards: 0.1 ms]
      [Humongous Register: 0.0 ms]
      [Humongous Reclaim: 0.0 ms]
      [Free CSet: 0.1 ms]
   [Eden: 269.0M(269.0M)->0.0B(261.0M) Survivors: 7168.0K->15360.0K Heap: 404.5M(472.0M)->143.0M(472.0M)]
 [Times: user=0.03 sys=0.01, real=0.02 secs] 
2024-07-06T11:32:03.371+0800: 477.537: [GC pause (G1 Evacuation Pause) (young), 0.0123616 secs]
   [Parallel Time: 11.9 ms, GC Workers: 2]
      [GC Worker Start (ms): Min: 477537.4, Avg: 477537.5, Max: 477537.5, Diff: 0.0]
      [Ext Root Scanning (ms): Min: 0.4, Avg: 0.5, Max: 0.5, Diff: 0.0, Sum: 0.9]
      [Update RS (ms): Min: 0.0, Avg: 0.0, Max: 0.0, Diff: 0.0, Sum: 0.0]
         [Processed Buffers: Min: 0, Avg: 3.5, Max: 7, Diff: 7, Sum: 7]
      [Scan RS (ms): Min: 0.1, Avg: 0.1, Max: 0.1, Diff: 0.0, Sum: 0.2]
      [Code Root Scanning (ms): Min: 0.0, Avg: 0.0, Max: 0.0, Diff: 0.0, Sum: 0.0]
      [Object Copy (ms): Min: 11.2, Avg: 11.3, Max: 11.3, Diff: 0.0, Sum: 22.5]
      [Termination (ms): Min: 0.0, Avg: 0.0, Max: 0.0, Diff: 0.0, Sum: 0.0]
         [Termination Attempts: Min: 1, Avg: 1.0, Max: 1, Diff: 0, Sum: 2]
      [GC Worker Other (ms): Min: 0.0, Avg: 0.0, Max: 0.0, Diff: 0.0, Sum: 0.0]
      [GC Worker Total (ms): Min: 11.8, Avg: 11.8, Max: 11.8, Diff: 0.0, Sum: 23.7]
      [GC Worker End (ms): Min: 477549.3, Avg: 477549.3, Max: 477549.3, Diff: 0.0]
   [Code Root Fixup: 0.0 ms]
   [Code Root Purge: 0.0 ms]
   [Clear CT: 0.1 ms]
   [Other: 0.4 ms]
      [Choose CSet: 0.0 ms]
      [Ref Proc: 0.1 ms]
      [Ref Enq: 0.0 ms]
      [Redirty Cards: 0.0 ms]
      [Humongous Register: 0.0 ms]
      [Humongous Reclaim: 0.0 ms]
      [Free CSet: 0.1 ms]
   [Eden: 261.0M(261.0M)->0.0B(266.0M) Survivors: 15360.0K->11264.0K Heap: 404.0M(472.0M)->139.5M(472.0M)]
 [Times: user=0.02 sys=0.00, real=0.01 secs] 
2024-07-06T11:32:03.851+0800: 478.018: [GC pause (G1 Evacuation Pause) (young), 0.0160358 secs]
   [Parallel Time: 15.5 ms, GC Workers: 2]
      [GC Worker Start (ms): Min: 478017.7, Avg: 478017.7, Max: 478017.7, Diff: 0.0]
      [Ext Root Scanning (ms): Min: 0.6, Avg: 0.6, Max: 0.6, Diff: 0.0, Sum: 1.2]
      [Update RS (ms): Min: 0.0, Avg: 0.0, Max: 0.0, Diff: 0.0, Sum: 0.1]
         [Processed Buffers: Min: 2, Avg: 3.0, Max: 4, Diff: 2, Sum: 6]
      [Scan RS (ms): Min: 0.1, Avg: 0.1, Max: 0.1, Diff: 0.0, Sum: 0.2]
      [Code Root Scanning (ms): Min: 0.0, Avg: 0.0, Max: 0.0, Diff: 0.0, Sum: 0.0]
      [Object Copy (ms): Min: 14.8, Avg: 14.8, Max: 14.8, Diff: 0.0, Sum: 29.5]
      [Termination (ms): Min: 0.0, Avg: 0.0, Max: 0.0, Diff: 0.0, Sum: 0.0]
         [Termination Attempts: Min: 3, Avg: 3.5, Max: 4, Diff: 1, Sum: 7]
      [GC Worker Other (ms): Min: 0.0, Avg: 0.0, Max: 0.0, Diff: 0.0, Sum: 0.0]
      [GC Worker Total (ms): Min: 15.5, Avg: 15.5, Max: 15.5, Diff: 0.0, Sum: 31.0]
      [GC Worker End (ms): Min: 478033.2, Avg: 478033.2, Max: 478033.2, Diff: 0.0]
   [Code Root Fixup: 0.0 ms]
   [Code Root Purge: 0.0 ms]
   [Clear CT: 0.1 ms]
   [Other: 0.4 ms]
      [Choose CSet: 0.0 ms]
      [Ref Proc: 0.1 ms]
      [Ref Enq: 0.0 ms]
      [Redirty Cards: 0.0 ms]
      [Humongous Register: 0.0 ms]
      [Humongous Reclaim: 0.0 ms]
      [Free CSet: 0.1 ms]
   [Eden: 266.0M(266.0M)->0.0B(261.0M) Survivors: 11264.0K->15360.0K Heap: 405.5M(472.0M)->143.0M(472.0M)]
 [Times: user=0.04 sys=0.00, real=0.02 secs] 
2024-07-06T11:32:04.322+0800: 478.489: [GC pause (G1 Evacuation Pause) (young), 0.0100256 secs]
   [Parallel Time: 9.5 ms, GC Workers: 2]
      [GC Worker Start (ms): Min: 478488.6, Avg: 478488.6, Max: 478488.7, Diff: 0.0]
      [Ext Root Scanning (ms): Min: 0.5, Avg: 0.6, Max: 0.6, Diff: 0.0, Sum: 1.1]
      [Update RS (ms): Min: 0.0, Avg: 0.0, Max: 0.0, Diff: 0.0, Sum: 0.1]
         [Processed Buffers: Min: 3, Avg: 3.5, Max: 4, Diff: 1, Sum: 7]
      [Scan RS (ms): Min: 0.1, Avg: 0.1, Max: 0.1, Diff: 0.0, Sum: 0.2]
      [Code Root Scanning (ms): Min: 0.0, Avg: 0.0, Max: 0.0, Diff: 0.0, Sum: 0.0]
      [Object Copy (ms): Min: 8.7, Avg: 8.7, Max: 8.7, Diff: 0.0, Sum: 17.5]
      [Termination (ms): Min: 0.0, Avg: 0.0, Max: 0.0, Diff: 0.0, Sum: 0.0]
         [Termination Attempts: Min: 1, Avg: 1.0, Max: 1, Diff: 0, Sum: 2]
      [GC Worker Other (ms): Min: 0.0, Avg: 0.0, Max: 0.0, Diff: 0.0, Sum: 0.0]
      [GC Worker Total (ms): Min: 9.4, Avg: 9.4, Max: 9.5, Diff: 0.0, Sum: 18.9]
      [GC Worker End (ms): Min: 478498.1, Avg: 478498.1, Max: 478498.1, Diff: 0.0]
   [Code Root Fixup: 0.0 ms]
   [Code Root Purge: 0.0 ms]
   [Clear CT: 0.1 ms]
   [Other: 0.4 ms]
      [Choose CSet: 0.0 ms]
      [Ref Proc: 0.1 ms]
      [Ref Enq: 0.0 ms]
      [Redirty Cards: 0.0 ms]
      [Humongous Register: 0.0 ms]
      [Humongous Reclaim: 0.0 ms]
      [Free CSet: 0.1 ms]
   [Eden: 261.0M(261.0M)->0.0B(269.0M) Survivors: 15360.0K->9216.0K Heap: 404.0M(472.0M)->137.5M(472.0M)]
 [Times: user=0.01 sys=0.01, real=0.01 secs] 
2024-07-06T11:32:04.737+0800: 478.903: [GC pause (G1 Evacuation Pause) (young), 0.0138703 secs]
   [Parallel Time: 13.3 ms, GC Workers: 2]
      [GC Worker Start (ms): Min: 478903.3, Avg: 478903.3, Max: 478903.3, Diff: 0.0]
      [Ext Root Scanning (ms): Min: 0.5, Avg: 0.5, Max: 0.5, Diff: 0.0, Sum: 1.0]
      [Update RS (ms): Min: 0.0, Avg: 0.0, Max: 0.0, Diff: 0.0, Sum: 0.1]
         [Processed Buffers: Min: 1, Avg: 3.0, Max: 5, Diff: 4, Sum: 6]
      [Scan RS (ms): Min: 0.1, Avg: 0.1, Max: 0.1, Diff: 0.0, Sum: 0.2]
      [Code Root Scanning (ms): Min: 0.0, Avg: 0.0, Max: 0.0, Diff: 0.0, Sum: 0.0]
      [Object Copy (ms): Min: 12.6, Avg: 12.6, Max: 12.6, Diff: 0.0, Sum: 25.1]
      [Termination (ms): Min: 0.0, Avg: 0.0, Max: 0.0, Diff: 0.0, Sum: 0.0]
         [Termination Attempts: Min: 2, Avg: 3.5, Max: 5, Diff: 3, Sum: 7]
      [GC Worker Other (ms): Min: 0.0, Avg: 0.0, Max: 0.0, Diff: 0.0, Sum: 0.0]
      [GC Worker Total (ms): Min: 13.2, Avg: 13.2, Max: 13.2, Diff: 0.0, Sum: 26.5]
      [GC Worker End (ms): Min: 478916.5, Avg: 478916.5, Max: 478916.5, Diff: 0.0]
   [Code Root Fixup: 0.0 ms]
   [Code Root Purge: 0.0 ms]
   [Clear CT: 0.1 ms]
   [Other: 0.5 ms]
      [Choose CSet: 0.0 ms]
      [Ref Proc: 0.1 ms]
      [Ref Enq: 0.0 ms]
      [Redirty Cards: 0.0 ms]
      [Humongous Register: 0.0 ms]
      [Humongous Reclaim: 0.0 ms]
      [Free CSet: 0.2 ms]
   [Eden: 269.0M(269.0M)->0.0B(264.0M) Survivors: 9216.0K->13312.0K Heap: 406.5M(472.0M)->141.5M(472.0M)]
 [Times: user=0.02 sys=0.00, real=0.01 secs] 
2024-07-06T11:32:05.159+0800: 479.325: [GC pause (G1 Evacuation Pause) (young), 0.0226935 secs]
   [Parallel Time: 22.0 ms, GC Workers: 2]
      [GC Worker Start (ms): Min: 479325.5, Avg: 479325.5, Max: 479325.5, Diff: 0.0]
      [Ext Root Scanning (ms): Min: 0.5, Avg: 0.5, Max: 0.5, Diff: 0.0, Sum: 1.0]
      [Update RS (ms): Min: 0.0, Avg: 0.0, Max: 0.0, Diff: 0.0, Sum: 0.1]
         [Processed Buffers: Min: 3, Avg: 3.5, Max: 4, Diff: 1, Sum: 7]
      [Scan RS (ms): Min: 0.1, Avg: 0.1, Max: 0.1, Diff: 0.0, Sum: 0.2]
      [Code Root Scanning (ms): Min: 0.0, Avg: 0.0, Max: 0.0, Diff: 0.0, Sum: 0.0]
      [Object Copy (ms): Min: 21.3, Avg: 21.3, Max: 21.3, Diff: 0.0, Sum: 42.7]
      [Termination (ms): Min: 0.0, Avg: 0.0, Max: 0.0, Diff: 0.0, Sum: 0.0]
         [Termination Attempts: Min: 1, Avg: 1.0, Max: 1, Diff: 0, Sum: 2]
      [GC Worker Other (ms): Min: 0.0, Avg: 0.0, Max: 0.0, Diff: 0.0, Sum: 0.0]
      [GC Worker Total (ms): Min: 22.0, Avg: 22.0, Max: 22.0, Diff: 0.0, Sum: 44.0]
      [GC Worker End (ms): Min: 479347.5, Avg: 479347.5, Max: 479347.5, Diff: 0.0]
   [Code Root Fixup: 0.0 ms]
   [Code Root Purge: 0.0 ms]
   [Clear CT: 0.2 ms]
   [Other: 0.5 ms]
      [Choose CSet: 0.0 ms]
      [Ref Proc: 0.1 ms]
      [Ref Enq: 0.0 ms]
      [Redirty Cards: 0.0 ms]
      [Humongous Register: 0.0 ms]
      [Humongous Reclaim: 0.0 ms]
      [Free CSet: 0.2 ms]
   [Eden: 264.0M(264.0M)->0.0B(253.0M) Survivors: 13312.0K->20480.0K Heap: 405.5M(472.0M)->148.5M(472.0M)]
 [Times: user=0.05 sys=0.00, real=0.02 secs] 
2024-07-06T11:32:05.615+0800: 479.781: [GC pause (G1 Evacuation Pause) (young), 0.0099415 secs]
   [Parallel Time: 9.4 ms, GC Workers: 2]
      [GC Worker Start (ms): Min: 479781.4, Avg: 479781.4, Max: 479781.4, Diff: 0.0]
      [Ext Root Scanning (ms): Min: 0.5, Avg: 0.5, Max: 0.5, Diff: 0.0, Sum: 1.0]
      [Update RS (ms): Min: 0.0, Avg: 0.0, Max: 0.0, Diff: 0.0, Sum: 0.1]
         [Processed Buffers: Min: 3, Avg: 3.5, Max: 4, Diff: 1, Sum: 7]
      [Scan RS (ms): Min: 0.1, Avg: 0.1, Max: 0.1, Diff: 0.0, Sum: 0.2]
      [Code Root Scanning (ms): Min: 0.0, Avg: 0.0, Max: 0.0, Diff: 0.0, Sum: 0.0]
      [Object Copy (ms): Min: 8.7, Avg: 8.7, Max: 8.7, Diff: 0.0, Sum: 17.4]
      [Termination (ms): Min: 0.0, Avg: 0.0, Max: 0.0, Diff: 0.0, Sum: 0.0]
         [Termination Attempts: Min: 1, Avg: 1.0, Max: 1, Diff: 0, Sum: 2]
      [GC Worker Other (ms): Min: 0.0, Avg: 0.0, Max: 0.0, Diff: 0.0, Sum: 0.1]
      [GC Worker Total (ms): Min: 9.3, Avg: 9.3, Max: 9.3, Diff: 0.0, Sum: 18.6]
      [GC Worker End (ms): Min: 479790.7, Avg: 479790.7, Max: 479790.7, Diff: 0.0]
   [Code Root Fixup: 0.0 ms]
   [Code Root Purge: 0.0 ms]
   [Clear CT: 0.1 ms]
   [Other: 0.4 ms]
      [Choose CSet: 0.0 ms]
      [Ref Proc: 0.1 ms]
      [Ref Enq: 0.0 ms]
      [Redirty Cards: 0.1 ms]
      [Humongous Register: 0.0 ms]
      [Humongous Reclaim: 0.0 ms]
      [Free CSet: 0.2 ms]
   [Eden: 253.0M(253.0M)->0.0B(267.0M) Survivors: 20480.0K->10240.0K Heap: 401.5M(472.0M)->138.1M(472.0M)]
 [Times: user=0.02 sys=0.00, real=0.01 secs] 
2024-07-06T11:32:06.070+0800: 480.236: [GC pause (G1 Evacuation Pause) (young), 0.0193637 secs]
   [Parallel Time: 18.7 ms, GC Workers: 2]
      [GC Worker Start (ms): Min: 480236.3, Avg: 480236.4, Max: 480236.4, Diff: 0.0]
      [Ext Root Scanning (ms): Min: 0.5, Avg: 0.5, Max: 0.5, Diff: 0.0, Sum: 1.1]
      [Update RS (ms): Min: 0.1, Avg: 0.1, Max: 0.1, Diff: 0.0, Sum: 0.1]
         [Processed Buffers: Min: 1, Avg: 3.0, Max: 5, Diff: 4, Sum: 6]
      [Scan RS (ms): Min: 0.1, Avg: 0.1, Max: 0.1, Diff: 0.0, Sum: 0.2]
      [Code Root Scanning (ms): Min: 0.0, Avg: 0.0, Max: 0.0, Diff: 0.0, Sum: 0.0]
      [Object Copy (ms): Min: 17.9, Avg: 17.9, Max: 17.9, Diff: 0.0, Sum: 35.8]
      [Termination (ms): Min: 0.0, Avg: 0.0, Max: 0.1, Diff: 0.1, Sum: 0.1]
         [Termination Attempts: Min: 1, Avg: 2.5, Max: 4, Diff: 3, Sum: 5]
      [GC Worker Other (ms): Min: 0.0, Avg: 0.0, Max: 0.0, Diff: 0.0, Sum: 0.0]
      [GC Worker Total (ms): Min: 18.6, Avg: 18.6, Max: 18.6, Diff: 0.0, Sum: 37.3]
      [GC Worker End (ms): Min: 480255.0, Avg: 480255.0, Max: 480255.0, Diff: 0.0]
   [Code Root Fixup: 0.0 ms]
   [Code Root Purge: 0.0 ms]
   [Clear CT: 0.1 ms]
   [Other: 0.5 ms]
      [Choose CSet: 0.0 ms]
      [Ref Proc: 0.1 ms]
      [Ref Enq: 0.0 ms]
      [Redirty Cards: 0.1 ms]
      [Humongous Register: 0.0 ms]
      [Humongous Reclaim: 0.0 ms]
      [Free CSet: 0.2 ms]
   [Eden: 267.0M(267.0M)->0.0B(261.0M) Survivors: 10240.0K->15360.0K Heap: 405.1M(472.0M)->143.1M(472.0M)]
 [Times: user=0.04 sys=0.00, real=0.02 secs] 
2024-07-06T11:32:06.537+0800: 480.703: [GC pause (G1 Evacuation Pause) (young), 0.0121109 secs]
   [Parallel Time: 11.6 ms, GC Workers: 2]
      [GC Worker Start (ms): Min: 480702.9, Avg: 480702.9, Max: 480702.9, Diff: 0.0]
      [Ext Root Scanning (ms): Min: 0.5, Avg: 0.5, Max: 0.5, Diff: 0.0, Sum: 1.1]
      [Update RS (ms): Min: 0.0, Avg: 0.0, Max: 0.0, Diff: 0.0, Sum: 0.1]
         [Processed Buffers: Min: 2, Avg: 3.5, Max: 5, Diff: 3, Sum: 7]
      [Scan RS (ms): Min: 0.1, Avg: 0.1, Max: 0.1, Diff: 0.0, Sum: 0.2]
      [Code Root Scanning (ms): Min: 0.0, Avg: 0.0, Max: 0.0, Diff: 0.0, Sum: 0.0]
      [Object Copy (ms): Min: 10.8, Avg: 10.9, Max: 10.9, Diff: 0.0, Sum: 21.7]
      [Termination (ms): Min: 0.0, Avg: 0.0, Max: 0.0, Diff: 0.0, Sum: 0.0]
         [Termination Attempts: Min: 5, Avg: 10.0, Max: 15, Diff: 10, Sum: 20]
      [GC Worker Other (ms): Min: 0.0, Avg: 0.0, Max: 0.0, Diff: 0.0, Sum: 0.0]
      [GC Worker Total (ms): Min: 11.5, Avg: 11.5, Max: 11.5, Diff: 0.0, Sum: 23.0]
      [GC Worker End (ms): Min: 480714.4, Avg: 480714.4, Max: 480714.4, Diff: 0.0]
   [Code Root Fixup: 0.0 ms]
   [Code Root Purge: 0.0 ms]
   [Clear CT: 0.1 ms]
   [Other: 0.4 ms]
      [Choose CSet: 0.0 ms]
      [Ref Proc: 0.1 ms]
      [Ref Enq: 0.0 ms]
      [Redirty Cards: 0.0 ms]
      [Humongous Register: 0.0 ms]
      [Humongous Reclaim: 0.0 ms]
      [Free CSet: 0.1 ms]
   [Eden: 261.0M(261.0M)->0.0B(265.0M) Survivors: 15360.0K->12288.0K Heap: 404.1M(472.0M)->140.1M(472.0M)]
 [Times: user=0.02 sys=0.00, real=0.01 secs] 
2024-07-06T11:32:07.007+0800: 481.174: [GC pause (G1 Evacuation Pause) (young), 0.0206260 secs]
   [Parallel Time: 19.9 ms, GC Workers: 2]
      [GC Worker Start (ms): Min: 481173.6, Avg: 481173.6, Max: 481173.6, Diff: 0.0]
      [Ext Root Scanning (ms): Min: 0.6, Avg: 0.6, Max: 0.6, Diff: 0.0, Sum: 1.2]
      [Update RS (ms): Min: 0.0, Avg: 0.0, Max: 0.0, Diff: 0.0, Sum: 0.1]
         [Processed Buffers: Min: 3, Avg: 3.0, Max: 3, Diff: 0, Sum: 6]
      [Scan RS (ms): Min: 0.1, Avg: 0.1, Max: 0.1, Diff: 0.0, Sum: 0.2]
      [Code Root Scanning (ms): Min: 0.0, Avg: 0.0, Max: 0.0, Diff: 0.0, Sum: 0.0]
      [Object Copy (ms): Min: 19.1, Avg: 19.1, Max: 19.1, Diff: 0.0, Sum: 38.2]
      [Termination (ms): Min: 0.0, Avg: 0.0, Max: 0.0, Diff: 0.0, Sum: 0.0]
         [Termination Attempts: Min: 1, Avg: 1.0, Max: 1, Diff: 0, Sum: 2]
      [GC Worker Other (ms): Min: 0.0, Avg: 0.0, Max: 0.0, Diff: 0.0, Sum: 0.0]
      [GC Worker Total (ms): Min: 19.9, Avg: 19.9, Max: 19.9, Diff: 0.0, Sum: 39.8]
      [GC Worker End (ms): Min: 481193.5, Avg: 481193.5, Max: 481193.5, Diff: 0.0]
   [Code Root Fixup: 0.0 ms]
   [Code Root Purge: 0.0 ms]
   [Clear CT: 0.1 ms]
   [Other: 0.6 ms]
      [Choose CSet: 0.0 ms]
      [Ref Proc: 0.1 ms]
      [Ref Enq: 0.0 ms]
      [Redirty Cards: 0.1 ms]
      [Humongous Register: 0.0 ms]
      [Humongous Reclaim: 0.0 ms]
      [Free CSet: 0.2 ms]
   [Eden: 265.0M(265.0M)->0.0B(260.0M) Survivors: 12288.0K->16384.0K Heap: 405.1M(472.0M)->144.1M(472.0M)]
 [Times: user=0.04 sys=0.00, real=0.02 secs] 
2024-07-06T11:32:07.475+0800: 481.641: [GC pause (G1 Evacuation Pause) (young), 0.0182394 secs]
   [Parallel Time: 17.8 ms, GC Workers: 2]
      [GC Worker Start (ms): Min: 481641.3, Avg: 481641.3, Max: 481641.3, Diff: 0.0]
      [Ext Root Scanning (ms): Min: 0.5, Avg: 0.5, Max: 0.5, Diff: 0.0, Sum: 1.0]
      [Update RS (ms): Min: 0.0, Avg: 0.0, Max: 0.0, Diff: 0.0, Sum: 0.1]
         [Processed Buffers: Min: 2, Avg: 3.0, Max: 4, Diff: 2, Sum: 6]
      [Scan RS (ms): Min: 0.1, Avg: 0.1, Max: 0.1, Diff: 0.0, Sum: 0.2]
      [Code Root Scanning (ms): Min: 0.0, Avg: 0.0, Max: 0.0, Diff: 0.0, Sum: 0.0]
      [Object Copy (ms): Min: 17.0, Avg: 17.0, Max: 17.0, Diff: 0.0, Sum: 34.0]
      [Termination (ms): Min: 0.0, Avg: 0.0, Max: 0.0, Diff: 0.0, Sum: 0.0]
         [Termination Attempts: Min: 1, Avg: 1.0, Max: 1, Diff: 0, Sum: 2]
      [GC Worker Other (ms): Min: 0.0, Avg: 0.0, Max: 0.0, Diff: 0.0, Sum: 0.0]
      [GC Worker Total (ms): Min: 17.7, Avg: 17.7, Max: 17.7, Diff: 0.0, Sum: 35.3]
      [GC Worker End (ms): Min: 481659.0, Avg: 481659.0, Max: 481659.0, Diff: 0.0]
   [Code Root Fixup: 0.0 ms]
   [Code Root Purge: 0.0 ms]
   [Clear CT: 0.1 ms]
   [Other: 0.4 ms]
      [Choose CSet: 0.0 ms]
      [Ref Proc: 0.1 ms]
      [Ref Enq: 0.0 ms]
      [Redirty Cards: 0.0 ms]
      [Humongous Register: 0.0 ms]
      [Humongous Reclaim: 0.0 ms]
      [Free CSet: 0.1 ms]
   [Eden: 260.0M(260.0M)->0.0B(260.0M) Survivors: 16384.0K->15360.0K Heap: 404.1M(472.0M)->143.1M(472.0M)]
 [Times: user=0.03 sys=0.01, real=0.02 secs] 
2024-07-06T11:32:07.971+0800: 482.137: [GC pause (G1 Evacuation Pause) (young), 0.0129764 secs]
   [Parallel Time: 12.4 ms, GC Workers: 2]
      [GC Worker Start (ms): Min: 482137.3, Avg: 482137.6, Max: 482137.8, Diff: 0.5]
      [Ext Root Scanning (ms): Min: 0.3, Avg: 0.9, Max: 1.4, Diff: 1.2, Sum: 1.7]
      [Update RS (ms): Min: 0.0, Avg: 0.0, Max: 0.1, Diff: 0.0, Sum: 0.1]
         [Processed Buffers: Min: 0, Avg: 3.5, Max: 7, Diff: 7, Sum: 7]
      [Scan RS (ms): Min: 0.0, Avg: 0.1, Max: 0.1, Diff: 0.1, Sum: 0.1]
      [Code Root Scanning (ms): Min: 0.0, Avg: 0.0, Max: 0.0, Diff: 0.0, Sum: 0.0]
      [Object Copy (ms): Min: 10.9, Avg: 11.1, Max: 11.4, Diff: 0.5, Sum: 22.3]
      [Termination (ms): Min: 0.0, Avg: 0.0, Max: 0.0, Diff: 0.0, Sum: 0.0]
         [Termination Attempts: Min: 12, Avg: 12.5, Max: 13, Diff: 1, Sum: 25]
      [GC Worker Other (ms): Min: 0.0, Avg: 0.0, Max: 0.0, Diff: 0.0, Sum: 0.0]
      [GC Worker Total (ms): Min: 11.9, Avg: 12.1, Max: 12.3, Diff: 0.5, Sum: 24.2]
      [GC Worker End (ms): Min: 482149.7, Avg: 482149.7, Max: 482149.7, Diff: 0.0]
   [Code Root Fixup: 0.0 ms]
   [Code Root Purge: 0.0 ms]
   [Clear CT: 0.2 ms]
   [Other: 0.4 ms]
      [Choose CSet: 0.0 ms]
      [Ref Proc: 0.1 ms]
      [Ref Enq: 0.0 ms]
      [Redirty Cards: 0.1 ms]
      [Humongous Register: 0.0 ms]
      [Humongous Reclaim: 0.0 ms]
      [Free CSet: 0.1 ms]
   [Eden: 260.0M(260.0M)->0.0B(265.0M) Survivors: 15360.0K->11264.0K Heap: 403.1M(472.0M)->139.6M(472.0M)]
 [Times: user=0.01 sys=0.01, real=0.01 secs] 
2024-07-06T11:32:08.443+0800: 482.609: [GC pause (G1 Evacuation Pause) (young), 0.0168142 secs]
   [Parallel Time: 16.2 ms, GC Workers: 2]
      [GC Worker Start (ms): Min: 482609.1, Avg: 482610.4, Max: 482611.7, Diff: 2.6]
      [Ext Root Scanning (ms): Min: 0.0, Avg: 0.4, Max: 0.8, Diff: 0.8, Sum: 0.8]
      [Update RS (ms): Min: 0.0, Avg: 0.0, Max: 0.1, Diff: 0.1, Sum: 0.1]
         [Processed Buffers: Min: 0, Avg: 2.5, Max: 5, Diff: 5, Sum: 5]
      [Scan RS (ms): Min: 0.0, Avg: 0.1, Max: 0.1, Diff: 0.1, Sum: 0.2]
      [Code Root Scanning (ms): Min: 0.0, Avg: 0.0, Max: 0.0, Diff: 0.0, Sum: 0.0]
      [Object Copy (ms): Min: 13.5, Avg: 14.3, Max: 15.1, Diff: 1.6, Sum: 28.6]
      [Termination (ms): Min: 0.0, Avg: 0.0, Max: 0.0, Diff: 0.0, Sum: 0.0]
         [Termination Attempts: Min: 1, Avg: 1.0, Max: 1, Diff: 0, Sum: 2]
      [GC Worker Other (ms): Min: 0.0, Avg: 0.0, Max: 0.0, Diff: 0.0, Sum: 0.0]
      [GC Worker Total (ms): Min: 13.6, Avg: 14.9, Max: 16.2, Diff: 2.6, Sum: 29.7]
      [GC Worker End (ms): Min: 482625.2, Avg: 482625.2, Max: 482625.2, Diff: 0.0]
   [Code Root Fixup: 0.0 ms]
   [Code Root Purge: 0.0 ms]
   [Clear CT: 0.1 ms]
   [Other: 0.5 ms]
      [Choose CSet: 0.0 ms]
      [Ref Proc: 0.1 ms]
      [Ref Enq: 0.0 ms]
      [Redirty Cards: 0.0 ms]
      [Humongous Register: 0.0 ms]
      [Humongous Reclaim: 0.0 ms]
      [Free CSet: 0.2 ms]
   [Eden: 265.0M(265.0M)->0.0B(264.0M) Survivors: 11264.0K->13312.0K Heap: 404.6M(472.0M)->141.1M(472.0M)]
 [Times: user=0.02 sys=0.00, real=0.02 secs] 
2024-07-06T11:32:08.931+0800: 483.097: [GC pause (G1 Evacuation Pause) (young), 0.0136370 secs]
   [Parallel Time: 13.0 ms, GC Workers: 2]
      [GC Worker Start (ms): Min: 483097.5, Avg: 483097.5, Max: 483097.5, Diff: 0.0]
      [Ext Root Scanning (ms): Min: 0.5, Avg: 0.5, Max: 0.5, Diff: 0.0, Sum: 1.0]
      [Update RS (ms): Min: 0.0, Avg: 0.0, Max: 0.1, Diff: 0.0, Sum: 0.1]
         [Processed Buffers: Min: 1, Avg: 3.0, Max: 5, Diff: 4, Sum: 6]
      [Scan RS (ms): Min: 0.1, Avg: 0.1, Max: 0.1, Diff: 0.0, Sum: 0.2]
      [Code Root Scanning (ms): Min: 0.0, Avg: 0.0, Max: 0.0, Diff: 0.0, Sum: 0.0]
      [Object Copy (ms): Min: 12.3, Avg: 12.3, Max: 12.3, Diff: 0.1, Sum: 24.6]
      [Termination (ms): Min: 0.0, Avg: 0.0, Max: 0.0, Diff: 0.0, Sum: 0.0]
         [Termination Attempts: Min: 1, Avg: 1.0, Max: 1, Diff: 0, Sum: 2]
      [GC Worker Other (ms): Min: 0.0, Avg: 0.0, Max: 0.0, Diff: 0.0, Sum: 0.0]
      [GC Worker Total (ms): Min: 12.9, Avg: 12.9, Max: 12.9, Diff: 0.0, Sum: 25.9]
      [GC Worker End (ms): Min: 483110.5, Avg: 483110.5, Max: 483110.5, Diff: 0.0]
   [Code Root Fixup: 0.0 ms]
   [Code Root Purge: 0.0 ms]
   [Clear CT: 0.1 ms]
   [Other: 0.5 ms]
      [Choose CSet: 0.0 ms]
      [Ref Proc: 0.1 ms]
      [Ref Enq: 0.0 ms]
      [Redirty Cards: 0.1 ms]
      [Humongous Register: 0.0 ms]
      [Humongous Reclaim: 0.0 ms]
      [Free CSet: 0.2 ms]
   [Eden: 264.0M(264.0M)->0.0B(266.0M) Survivors: 13312.0K->11264.0K Heap: 405.1M(472.0M)->139.6M(472.0M)]
 [Times: user=0.03 sys=0.00, real=0.01 secs] 
2024-07-06T11:32:09.403+0800: 483.570: [GC pause (G1 Evacuation Pause) (young), 0.0158273 secs]
   [Parallel Time: 15.3 ms, GC Workers: 2]
      [GC Worker Start (ms): Min: 483570.0, Avg: 483570.0, Max: 483570.0, Diff: 0.0]
      [Ext Root Scanning (ms): Min: 0.5, Avg: 0.5, Max: 0.5, Diff: 0.0, Sum: 1.0]
      [Update RS (ms): Min: 0.0, Avg: 0.0, Max: 0.0, Diff: 0.0, Sum: 0.1]
         [Processed Buffers: Min: 2, Avg: 2.5, Max: 3, Diff: 1, Sum: 5]
      [Scan RS (ms): Min: 0.1, Avg: 0.1, Max: 0.1, Diff: 0.0, Sum: 0.2]
      [Code Root Scanning (ms): Min: 0.0, Avg: 0.0, Max: 0.0, Diff: 0.0, Sum: 0.0]
      [Object Copy (ms): Min: 14.4, Avg: 14.4, Max: 14.4, Diff: 0.0, Sum: 28.8]
      [Termination (ms): Min: 0.0, Avg: 0.0, Max: 0.0, Diff: 0.0, Sum: 0.0]
         [Termination Attempts: Min: 1, Avg: 2.5, Max: 4, Diff: 3, Sum: 5]
      [GC Worker Other (ms): Min: 0.0, Avg: 0.0, Max: 0.0, Diff: 0.0, Sum: 0.0]
      [GC Worker Total (ms): Min: 15.0, Avg: 15.0, Max: 15.0, Diff: 0.0, Sum: 30.0]
      [GC Worker End (ms): Min: 483585.0, Avg: 483585.0, Max: 483585.0, Diff: 0.0]
   [Code Root Fixup: 0.0 ms]
   [Code Root Purge: 0.0 ms]
   [Clear CT: 0.1 ms]
   [Other: 0.4 ms]
      [Choose CSet: 0.0 ms]
      [Ref Proc: 0.1 ms]
      [Ref Enq: 0.0 ms]
      [Redirty Cards: 0.0 ms]
      [Humongous Register: 0.0 ms]
      [Humongous Reclaim: 0.0 ms]
      [Free CSet: 0.2 ms]
   [Eden: 266.0M(266.0M)->0.0B(262.0M) Survivors: 11264.0K->15360.0K Heap: 405.6M(472.0M)->143.6M(472.0M)]
 [Times: user=0.03 sys=0.00, real=0.02 secs] 
2024-07-06T11:32:09.865+0800: 484.032: [GC pause (G1 Evacuation Pause) (young), 0.0083352 secs]
   [Parallel Time: 7.8 ms, GC Workers: 2]
      [GC Worker Start (ms): Min: 484031.7, Avg: 484031.8, Max: 484031.8, Diff: 0.0]
      [Ext Root Scanning (ms): Min: 0.5, Avg: 0.5, Max: 0.5, Diff: 0.0, Sum: 1.1]
      [Update RS (ms): Min: 0.0, Avg: 0.0, Max: 0.0, Diff: 0.0, Sum: 0.1]
         [Processed Buffers: Min: 3, Avg: 3.5, Max: 4, Diff: 1, Sum: 7]
      [Scan RS (ms): Min: 0.1, Avg: 0.1, Max: 0.1, Diff: 0.0, Sum: 0.2]
      [Code Root Scanning (ms): Min: 0.0, Avg: 0.0, Max: 0.0, Diff: 0.0, Sum: 0.0]
      [Object Copy (ms): Min: 7.1, Avg: 7.1, Max: 7.1, Diff: 0.0, Sum: 14.1]
      [Termination (ms): Min: 0.0, Avg: 0.0, Max: 0.0, Diff: 0.0, Sum: 0.0]
         [Termination Attempts: Min: 1, Avg: 1.0, Max: 1, Diff: 0, Sum: 2]
      [GC Worker Other (ms): Min: 0.0, Avg: 0.0, Max: 0.0, Diff: 0.0, Sum: 0.0]
      [GC Worker Total (ms): Min: 7.7, Avg: 7.7, Max: 7.8, Diff: 0.0, Sum: 15.5]
      [GC Worker End (ms): Min: 484039.5, Avg: 484039.5, Max: 484039.5, Diff: 0.0]
   [Code Root Fixup: 0.0 ms]
   [Code Root Purge: 0.0 ms]
   [Clear CT: 0.1 ms]
   [Other: 0.4 ms]
      [Choose CSet: 0.0 ms]
      [Ref Proc: 0.1 ms]
      [Ref Enq: 0.0 ms]
      [Redirty Cards: 0.0 ms]
      [Humongous Register: 0.1 ms]
      [Humongous Reclaim: 0.0 ms]
      [Free CSet: 0.2 ms]
   [Eden: 262.0M(262.0M)->0.0B(270.0M) Survivors: 15360.0K->8192.0K Heap: 405.6M(472.0M)->136.6M(472.0M)]
 [Times: user=0.02 sys=0.00, real=0.01 secs] 
2024-07-06T11:32:10.458+0800: 484.624: [GC pause (G1 Evacuation Pause) (young), 0.0203804 secs]
   [Parallel Time: 19.7 ms, GC Workers: 2]
      [GC Worker Start (ms): Min: 484624.2, Avg: 484624.2, Max: 484624.2, Diff: 0.0]
      [Ext Root Scanning (ms): Min: 0.6, Avg: 0.6, Max: 0.6, Diff: 0.0, Sum: 1.2]
      [Update RS (ms): Min: 0.0, Avg: 0.0, Max: 0.0, Diff: 0.0, Sum: 0.1]
         [Processed Buffers: Min: 2, Avg: 3.0, Max: 4, Diff: 2, Sum: 6]
      [Scan RS (ms): Min: 0.1, Avg: 0.1, Max: 0.1, Diff: 0.0, Sum: 0.2]
      [Code Root Scanning (ms): Min: 0.0, Avg: 0.0, Max: 0.0, Diff: 0.0, Sum: 0.0]
      [Object Copy (ms): Min: 18.9, Avg: 18.9, Max: 18.9, Diff: 0.0, Sum: 37.9]
      [Termination (ms): Min: 0.0, Avg: 0.0, Max: 0.0, Diff: 0.0, Sum: 0.0]
         [Termination Attempts: Min: 1, Avg: 1.0, Max: 1, Diff: 0, Sum: 2]
      [GC Worker Other (ms): Min: 0.0, Avg: 0.0, Max: 0.0, Diff: 0.0, Sum: 0.0]
      [GC Worker Total (ms): Min: 19.6, Avg: 19.7, Max: 19.7, Diff: 0.0, Sum: 39.3]
      [GC Worker End (ms): Min: 484643.8, Avg: 484643.8, Max: 484643.8, Diff: 0.0]
   [Code Root Fixup: 0.0 ms]
   [Code Root Purge: 0.0 ms]
   [Clear CT: 0.1 ms]
   [Other: 0.5 ms]
      [Choose CSet: 0.0 ms]
      [Ref Proc: 0.1 ms]
      [Ref Enq: 0.0 ms]
      [Redirty Cards: 0.0 ms]
      [Humongous Register: 0.0 ms]
      [Humongous Reclaim: 0.0 ms]
      [Free CSet: 0.2 ms]
   [Eden: 270.0M(270.0M)->0.0B(261.0M) Survivors: 8192.0K->16384.0K Heap: 406.6M(472.0M)->144.1M(472.0M)]
 [Times: user=0.04 sys=0.00, real=0.02 secs] 
2024-07-06T11:32:11.011+0800: 485.178: [GC pause (G1 Evacuation Pause) (young), 0.0222117 secs]
   [Parallel Time: 21.6 ms, GC Workers: 2]
      [GC Worker Start (ms): Min: 485177.6, Avg: 485177.6, Max: 485177.7, Diff: 0.0]
      [Ext Root Scanning (ms): Min: 0.6, Avg: 0.6, Max: 0.6, Diff: 0.0, Sum: 1.1]
      [Update RS (ms): Min: 0.0, Avg: 0.0, Max: 0.0, Diff: 0.0, Sum: 0.1]
         [Processed Buffers: Min: 2, Avg: 3.5, Max: 5, Diff: 3, Sum: 7]
      [Scan RS (ms): Min: 0.1, Avg: 0.1, Max: 0.1, Diff: 0.0, Sum: 0.2]
      [Code Root Scanning (ms): Min: 0.0, Avg: 0.0, Max: 0.0, Diff: 0.0, Sum: 0.0]
      [Object Copy (ms): Min: 20.8, Avg: 20.8, Max: 20.8, Diff: 0.0, Sum: 41.6]
      [Termination (ms): Min: 0.0, Avg: 0.0, Max: 0.0, Diff: 0.0, Sum: 0.0]
         [Termination Attempts: Min: 1, Avg: 1.0, Max: 1, Diff: 0, Sum: 2]
      [GC Worker Other (ms): Min: 0.0, Avg: 0.0, Max: 0.0, Diff: 0.0, Sum: 0.0]
      [GC Worker Total (ms): Min: 21.5, Avg: 21.5, Max: 21.5, Diff: 0.0, Sum: 43.0]
      [GC Worker End (ms): Min: 485199.2, Avg: 485199.2, Max: 485199.2, Diff: 0.0]
   [Code Root Fixup: 0.0 ms]
   [Code Root Purge: 0.0 ms]
   [Clear CT: 0.1 ms]
   [Other: 0.5 ms]
      [Choose CSet: 0.0 ms]
      [Ref Proc: 0.1 ms]
      [Ref Enq: 0.0 ms]
      [Redirty Cards: 0.0 ms]
      [Humongous Register: 0.0 ms]
      [Humongous Reclaim: 0.0 ms]
      [Free CSet: 0.2 ms]
   [Eden: 261.0M(261.0M)->0.0B(259.0M) Survivors: 16384.0K->17408.0K Heap: 405.1M(472.0M)->145.6M(472.0M)]
 [Times: user=0.04 sys=0.00, real=0.02 secs] 
2024-07-06T11:32:11.518+0800: 485.685: [GC pause (G1 Evacuation Pause) (young), 0.0100305 secs]
   [Parallel Time: 9.4 ms, GC Workers: 2]
      [GC Worker Start (ms): Min: 485684.7, Avg: 485684.7, Max: 485684.7, Diff: 0.0]
      [Ext Root Scanning (ms): Min: 0.6, Avg: 0.6, Max: 0.6, Diff: 0.0, Sum: 1.2]
      [Update RS (ms): Min: 0.0, Avg: 0.0, Max: 0.1, Diff: 0.0, Sum: 0.1]
         [Processed Buffers: Min: 3, Avg: 3.5, Max: 4, Diff: 1, Sum: 7]
      [Scan RS (ms): Min: 0.1, Avg: 0.1, Max: 0.1, Diff: 0.0, Sum: 0.2]
      [Code Root Scanning (ms): Min: 0.0, Avg: 0.0, Max: 0.0, Diff: 0.0, Sum: 0.0]
      [Object Copy (ms): Min: 8.6, Avg: 8.6, Max: 8.6, Diff: 0.0, Sum: 17.2]
      [Termination (ms): Min: 0.0, Avg: 0.0, Max: 0.0, Diff: 0.0, Sum: 0.0]
         [Termination Attempts: Min: 1, Avg: 3.0, Max: 5, Diff: 4, Sum: 6]
      [GC Worker Other (ms): Min: 0.0, Avg: 0.0, Max: 0.0, Diff: 0.0, Sum: 0.0]
      [GC Worker Total (ms): Min: 9.4, Avg: 9.4, Max: 9.4, Diff: 0.0, Sum: 18.7]
      [GC Worker End (ms): Min: 485694.0, Avg: 485694.0, Max: 485694.0, Diff: 0.0]
   [Code Root Fixup: 0.0 ms]
   [Code Root Purge: 0.0 ms]
   [Clear CT: 0.1 ms]
   [Other: 0.5 ms]
      [Choose CSet: 0.0 ms]
      [Ref Proc: 0.1 ms]
      [Ref Enq: 0.0 ms]
      [Redirty Cards: 0.0 ms]
      [Humongous Register: 0.0 ms]
      [Humongous Reclaim: 0.0 ms]
      [Free CSet: 0.2 ms]
   [Eden: 259.0M(259.0M)->0.0B(269.0M) Survivors: 17408.0K->8192.0K Heap: 404.6M(472.0M)->136.6M(472.0M)]
 [Times: user=0.02 sys=0.00, real=0.01 secs] 
2024-07-06T11:32:12.007+0800: 486.173: [GC pause (G1 Evacuation Pause) (young), 0.0215864 secs]
   [Parallel Time: 18.6 ms, GC Workers: 2]
      [GC Worker Start (ms): Min: 486173.6, Avg: 486173.6, Max: 486173.6, Diff: 0.0]
      [Ext Root Scanning (ms): Min: 0.6, Avg: 0.6, Max: 0.6, Diff: 0.0, Sum: 1.1]
      [Update RS (ms): Min: 0.0, Avg: 0.0, Max: 0.0, Diff: 0.0, Sum: 0.1]
         [Processed Buffers: Min: 1, Avg: 3.0, Max: 5, Diff: 4, Sum: 6]
      [Scan RS (ms): Min: 0.1, Avg: 0.1, Max: 0.1, Diff: 0.0, Sum: 0.2]
      [Code Root Scanning (ms): Min: 0.0, Avg: 0.0, Max: 0.0, Diff: 0.0, Sum: 0.0]
      [Object Copy (ms): Min: 17.2, Avg: 17.5, Max: 17.8, Diff: 0.6, Sum: 35.0]
      [Termination (ms): Min: 0.0, Avg: 0.3, Max: 0.6, Diff: 0.6, Sum: 0.6]
         [Termination Attempts: Min: 1, Avg: 1.0, Max: 1, Diff: 0, Sum: 2]
      [GC Worker Other (ms): Min: 0.0, Avg: 0.0, Max: 0.0, Diff: 0.0, Sum: 0.0]
      [GC Worker Total (ms): Min: 18.5, Avg: 18.5, Max: 18.5, Diff: 0.0, Sum: 37.0]
      [GC Worker End (ms): Min: 486192.1, Avg: 486192.1, Max: 486192.1, Diff: 0.0]
   [Code Root Fixup: 0.0 ms]
   [Code Root Purge: 0.0 ms]
   [Clear CT: 0.1 ms]
   [Other: 2.9 ms]
      [Choose CSet: 0.0 ms]
      [Ref Proc: 2.2 ms]
      [Ref Enq: 0.0 ms]
      [Redirty Cards: 0.4 ms]
      [Humongous Register: 0.0 ms]
      [Humongous Reclaim: 0.0 ms]
      [Free CSet: 0.2 ms]
   [Eden: 269.0M(269.0M)->0.0B(263.0M) Survivors: 8192.0K->14336.0K Heap: 405.6M(472.0M)->142.1M(472.0M)]
 [Times: user=0.04 sys=0.00, real=0.02 secs] 
2024-07-06T11:32:12.503+0800: 486.670: [GC pause (G1 Evacuation Pause) (young), 0.0152143 secs]
   [Parallel Time: 14.7 ms, GC Workers: 2]
      [GC Worker Start (ms): Min: 486669.6, Avg: 486669.7, Max: 486669.7, Diff: 0.0]
      [Ext Root Scanning (ms): Min: 0.5, Avg: 0.5, Max: 0.6, Diff: 0.0, Sum: 1.1]
      [Update RS (ms): Min: 0.0, Avg: 0.0, Max: 0.0, Diff: 0.0, Sum: 0.1]
         [Processed Buffers: Min: 2, Avg: 3.0, Max: 4, Diff: 2, Sum: 6]
      [Scan RS (ms): Min: 0.1, Avg: 0.1, Max: 0.1, Diff: 0.0, Sum: 0.2]
      [Code Root Scanning (ms): Min: 0.0, Avg: 0.0, Max: 0.0, Diff: 0.0, Sum: 0.0]
      [Object Copy (ms): Min: 14.0, Avg: 14.0, Max: 14.0, Diff: 0.0, Sum: 28.0]
      [Termination (ms): Min: 0.0, Avg: 0.0, Max: 0.0, Diff: 0.0, Sum: 0.0]
         [Termination Attempts: Min: 1, Avg: 1.0, Max: 1, Diff: 0, Sum: 2]
      [GC Worker Other (ms): Min: 0.0, Avg: 0.0, Max: 0.0, Diff: 0.0, Sum: 0.0]
      [GC Worker Total (ms): Min: 14.6, Avg: 14.7, Max: 14.7, Diff: 0.0, Sum: 29.3]
      [GC Worker End (ms): Min: 486684.3, Avg: 486684.3, Max: 486684.3, Diff: 0.0]
   [Code Root Fixup: 0.0 ms]
   [Code Root Purge: 0.0 ms]
   [Clear CT: 0.1 ms]
   [Other: 0.4 ms]
      [Choose CSet: 0.0 ms]
      [Ref Proc: 0.1 ms]
      [Ref Enq: 0.0 ms]
      [Redirty Cards: 0.1 ms]
      [Humongous Register: 0.0 ms]
      [Humongous Reclaim: 0.0 ms]
      [Free CSet: 0.1 ms]
   [Eden: 263.0M(263.0M)->0.0B(263.0M) Survivors: 14336.0K->14336.0K Heap: 405.1M(472.0M)->142.1M(472.0M)]
 [Times: user=0.03 sys=0.00, real=0.02 secs] 
2024-07-06T11:32:13.019+0800: 487.185: [GC pause (G1 Evacuation Pause) (young), 0.0132944 secs]
   [Parallel Time: 12.7 ms, GC Workers: 2]
      [GC Worker Start (ms): Min: 487185.6, Avg: 487185.6, Max: 487185.6, Diff: 0.0]
      [Ext Root Scanning (ms): Min: 0.6, Avg: 0.6, Max: 0.6, Diff: 0.0, Sum: 1.1]
      [Update RS (ms): Min: 0.0, Avg: 0.0, Max: 0.1, Diff: 0.1, Sum: 0.1]
         [Processed Buffers: Min: 0, Avg: 3.5, Max: 7, Diff: 7, Sum: 7]
      [Scan RS (ms): Min: 0.1, Avg: 0.1, Max: 0.1, Diff: 0.0, Sum: 0.2]
      [Code Root Scanning (ms): Min: 0.0, Avg: 0.0, Max: 0.0, Diff: 0.0, Sum: 0.0]
      [Object Copy (ms): Min: 11.9, Avg: 11.9, Max: 11.9, Diff: 0.0, Sum: 23.8]
      [Termination (ms): Min: 0.0, Avg: 0.0, Max: 0.0, Diff: 0.0, Sum: 0.0]
         [Termination Attempts: Min: 1, Avg: 1.0, Max: 1, Diff: 0, Sum: 2]
      [GC Worker Other (ms): Min: 0.0, Avg: 0.0, Max: 0.0, Diff: 0.0, Sum: 0.0]
      [GC Worker Total (ms): Min: 12.6, Avg: 12.6, Max: 12.6, Diff: 0.0, Sum: 25.2]
      [GC Worker End (ms): Min: 487198.2, Avg: 487198.2, Max: 487198.2, Diff: 0.0]
   [Code Root Fixup: 0.0 ms]
   [Code Root Purge: 0.0 ms]
   [Clear CT: 0.1 ms]
   [Other: 0.5 ms]
      [Choose CSet: 0.0 ms]
      [Ref Proc: 0.1 ms]
      [Ref Enq: 0.0 ms]
      [Redirty Cards: 0.1 ms]
      [Humongous Register: 0.0 ms]
      [Humongous Reclaim: 0.0 ms]
      [Free CSet: 0.2 ms]
   [Eden: 263.0M(263.0M)->0.0B(267.0M) Survivors: 14336.0K->11264.0K Heap: 405.1M(472.0M)->139.1M(472.0M)]
 [Times: user=0.03 sys=0.00, real=0.01 secs] 
2024-07-06T11:32:13.537+0800: 487.703: [GC pause (G1 Evacuation Pause) (young), 0.0223966 secs]
   [Parallel Time: 21.8 ms, GC Workers: 2]
      [GC Worker Start (ms): Min: 487703.3, Avg: 487703.3, Max: 487703.3, Diff: 0.0]
      [Ext Root Scanning (ms): Min: 0.6, Avg: 0.6, Max: 0.6, Diff: 0.0, Sum: 1.2]
      [Update RS (ms): Min: 0.0, Avg: 0.0, Max: 0.1, Diff: 0.0, Sum: 0.1]
         [Processed Buffers: Min: 1, Avg: 2.5, Max: 4, Diff: 3, Sum: 5]
      [Scan RS (ms): Min: 0.1, Avg: 0.1, Max: 0.1, Diff: 0.0, Sum: 0.2]
      [Code Root Scanning (ms): Min: 0.0, Avg: 0.0, Max: 0.0, Diff: 0.0, Sum: 0.0]
      [Object Copy (ms): Min: 20.9, Avg: 20.9, Max: 21.0, Diff: 0.0, Sum: 41.9]
      [Termination (ms): Min: 0.0, Avg: 0.0, Max: 0.0, Diff: 0.0, Sum: 0.0]
         [Termination Attempts: Min: 1, Avg: 1.0, Max: 1, Diff: 0, Sum: 2]
      [GC Worker Other (ms): Min: 0.0, Avg: 0.0, Max: 0.0, Diff: 0.0, Sum: 0.0]
      [GC Worker Total (ms): Min: 21.7, Avg: 21.7, Max: 21.7, Diff: 0.0, Sum: 43.4]
      [GC Worker End (ms): Min: 487725.0, Avg: 487725.0, Max: 487725.0, Diff: 0.0]
   [Code Root Fixup: 0.0 ms]
   [Code Root Purge: 0.0 ms]
   [Clear CT: 0.1 ms]
   [Other: 0.5 ms]
      [Choose CSet: 0.0 ms]
      [Ref Proc: 0.1 ms]
      [Ref Enq: 0.0 ms]
      [Redirty Cards: 0.1 ms]
      [Humongous Register: 0.0 ms]
      [Humongous Reclaim: 0.0 ms]
      [Free CSet: 0.2 ms]
   [Eden: 267.0M(267.0M)->0.0B(259.0M) Survivors: 11264.0K->17408.0K Heap: 406.1M(472.0M)->145.6M(472.0M)]
 [Times: user=0.04 sys=0.00, real=0.02 secs] 
2024-07-06T11:32:14.079+0800: 488.245: [GC pause (G1 Evacuation Pause) (young), 0.0265305 secs]
   [Parallel Time: 25.8 ms, GC Workers: 2]
      [GC Worker Start (ms): Min: 488245.2, Avg: 488245.2, Max: 488245.2, Diff: 0.0]
      [Ext Root Scanning (ms): Min: 0.6, Avg: 0.6, Max: 0.6, Diff: 0.0, Sum: 1.2]
      [Update RS (ms): Min: 0.0, Avg: 0.0, Max: 0.0, Diff: 0.0, Sum: 0.1]
         [Processed Buffers: Min: 2, Avg: 3.0, Max: 4, Diff: 2, Sum: 6]
      [Scan RS (ms): Min: 0.1, Avg: 0.1, Max: 0.1, Diff: 0.0, Sum: 0.2]
      [Code Root Scanning (ms): Min: 0.0, Avg: 0.0, Max: 0.0, Diff: 0.0, Sum: 0.0]
      [Object Copy (ms): Min: 25.1, Avg: 25.1, Max: 25.1, Diff: 0.0, Sum: 50.2]
      [Termination (ms): Min: 0.0, Avg: 0.0, Max: 0.0, Diff: 0.0, Sum: 0.0]
         [Termination Attempts: Min: 1, Avg: 1.0, Max: 1, Diff: 0, Sum: 2]
      [GC Worker Other (ms): Min: 0.0, Avg: 0.0, Max: 0.0, Diff: 0.0, Sum: 0.0]
      [GC Worker Total (ms): Min: 25.8, Avg: 25.8, Max: 25.8, Diff: 0.0, Sum: 51.6]
      [GC Worker End (ms): Min: 488271.0, Avg: 488271.0, Max: 488271.0, Diff: 0.0]
   [Code Root Fixup: 0.0 ms]
   [Code Root Purge: 0.0 ms]
   [Clear CT: 0.2 ms]
   [Other: 0.5 ms]
      [Choose CSet: 0.0 ms]
      [Ref Proc: 0.1 ms]
      [Ref Enq: 0.0 ms]
      [Redirty Cards: 0.0 ms]
      [Humongous Register: 0.0 ms]
      [Humongous Reclaim: 0.0 ms]
      [Free CSet: 0.2 ms]
   [Eden: 259.0M(259.0M)->0.0B(257.0M) Survivors: 17408.0K->18432.0K Heap: 404.6M(472.0M)->146.1M(472.0M)]
 [Times: user=0.05 sys=0.00, real=0.02 secs] 
2024-07-06T11:32:14.670+0800: 488.837: [GC pause (G1 Evacuation Pause) (young), 0.0187248 secs]
   [Parallel Time: 18.0 ms, GC Workers: 2]
      [GC Worker Start (ms): Min: 488836.8, Avg: 488837.1, Max: 488837.4, Diff: 0.6]
      [Ext Root Scanning (ms): Min: 0.3, Avg: 0.6, Max: 0.8, Diff: 0.5, Sum: 1.2]
      [Update RS (ms): Min: 0.0, Avg: 0.0, Max: 0.0, Diff: 0.0, Sum: 0.1]
         [Processed Buffers: Min: 1, Avg: 3.0, Max: 5, Diff: 4, Sum: 6]
      [Scan RS (ms): Min: 0.1, Avg: 0.1, Max: 0.1, Diff: 0.0, Sum: 0.2]
      [Code Root Scanning (ms): Min: 0.0, Avg: 0.0, Max: 0.0, Diff: 0.0, Sum: 0.0]
      [Object Copy (ms): Min: 16.9, Avg: 16.9, Max: 17.0, Diff: 0.0, Sum: 33.9]
      [Termination (ms): Min: 0.0, Avg: 0.0, Max: 0.0, Diff: 0.0, Sum: 0.0]
         [Termination Attempts: Min: 1, Avg: 1.0, Max: 1, Diff: 0, Sum: 2]
      [GC Worker Other (ms): Min: 0.0, Avg: 0.0, Max: 0.0, Diff: 0.0, Sum: 0.0]
      [GC Worker Total (ms): Min: 17.4, Avg: 17.7, Max: 17.9, Diff: 0.6, Sum: 35.3]
      [GC Worker End (ms): Min: 488854.7, Avg: 488854.7, Max: 488854.7, Diff: 0.0]
   [Code Root Fixup: 0.0 ms]
   [Code Root Purge: 0.0 ms]
   [Clear CT: 0.2 ms]
   [Other: 0.5 ms]
      [Choose CSet: 0.0 ms]
      [Ref Proc: 0.1 ms]
      [Ref Enq: 0.0 ms]
      [Redirty Cards: 0.1 ms]
      [Humongous Register: 0.0 ms]
      [Humongous Reclaim: 0.0 ms]
      [Free CSet: 0.2 ms]
   [Eden: 257.0M(257.0M)->0.0B(260.0M) Survivors: 18432.0K->15360.0K Heap: 403.1M(472.0M)->143.1M(472.0M)]
 [Times: user=0.03 sys=0.00, real=0.02 secs] 
2024-07-06T11:32:15.239+0800: 489.406: [GC pause (G1 Evacuation Pause) (young), 0.0151791 secs]
   [Parallel Time: 14.6 ms, GC Workers: 2]
      [GC Worker Start (ms): Min: 489405.6, Avg: 489405.9, Max: 489406.2, Diff: 0.6]
      [Ext Root Scanning (ms): Min: 0.3, Avg: 1.0, Max: 1.7, Diff: 1.4, Sum: 2.0]
      [Update RS (ms): Min: 0.0, Avg: 0.0, Max: 0.1, Diff: 0.1, Sum: 0.1]
         [Processed Buffers: Min: 0, Avg: 3.5, Max: 7, Diff: 7, Sum: 7]
      [Scan RS (ms): Min: 0.0, Avg: 0.1, Max: 0.1, Diff: 0.1, Sum: 0.2]
      [Code Root Scanning (ms): Min: 0.0, Avg: 0.0, Max: 0.0, Diff: 0.0, Sum: 0.0]
      [Object Copy (ms): Min: 12.8, Avg: 13.1, Max: 13.4, Diff: 0.6, Sum: 26.2]
      [Termination (ms): Min: 0.0, Avg: 0.0, Max: 0.0, Diff: 0.0, Sum: 0.0]
         [Termination Attempts: Min: 1, Avg: 1.0, Max: 1, Diff: 0, Sum: 2]
      [GC Worker Other (ms): Min: 0.0, Avg: 0.0, Max: 0.0, Diff: 0.0, Sum: 0.1]
      [GC Worker Total (ms): Min: 13.9, Avg: 14.2, Max: 14.5, Diff: 0.6, Sum: 28.5]
      [GC Worker End (ms): Min: 489420.1, Avg: 489420.2, Max: 489420.2, Diff: 0.0]
   [Code Root Fixup: 0.0 ms]
   [Code Root Purge: 0.0 ms]
   [Clear CT: 0.1 ms]
   [Other: 0.5 ms]
      [Choose CSet: 0.0 ms]
      [Ref Proc: 0.1 ms]
      [Ref Enq: 0.0 ms]
      [Redirty Cards: 0.0 ms]
      [Humongous Register: 0.0 ms]
      [Humongous Reclaim: 0.0 ms]
      [Free CSet: 0.2 ms]
   [Eden: 260.0M(260.0M)->0.0B(266.0M) Survivors: 15360.0K->10240.0K Heap: 403.1M(472.0M)->138.6M(472.0M)]
 [Times: user=0.02 sys=0.00, real=0.01 secs] 
2024-07-06T11:32:15.779+0800: 489.946: [GC pause (G1 Evacuation Pause) (young), 0.0056468 secs]
   [Parallel Time: 5.1 ms, GC Workers: 2]
      [GC Worker Start (ms): Min: 489945.6, Avg: 489945.6, Max: 489945.6, Diff: 0.0]
      [Ext Root Scanning (ms): Min: 0.6, Avg: 0.6, Max: 0.6, Diff: 0.0, Sum: 1.2]
      [Update RS (ms): Min: 0.0, Avg: 0.0, Max: 0.0, Diff: 0.0, Sum: 0.1]
         [Processed Buffers: Min: 2, Avg: 3.0, Max: 4, Diff: 2, Sum: 6]
      [Scan RS (ms): Min: 0.1, Avg: 0.1, Max: 0.1, Diff: 0.0, Sum: 0.2]
      [Code Root Scanning (ms): Min: 0.0, Avg: 0.0, Max: 0.0, Diff: 0.0, Sum: 0.0]
      [Object Copy (ms): Min: 4.3, Avg: 4.3, Max: 4.3, Diff: 0.0, Sum: 8.6]
      [Termination (ms): Min: 0.0, Avg: 0.0, Max: 0.0, Diff: 0.0, Sum: 0.0]
         [Termination Attempts: Min: 1, Avg: 1.0, Max: 1, Diff: 0, Sum: 2]
      [GC Worker Other (ms): Min: 0.0, Avg: 0.0, Max: 0.0, Diff: 0.0, Sum: 0.0]
      [GC Worker Total (ms): Min: 5.0, Avg: 5.0, Max: 5.0, Diff: 0.0, Sum: 10.1]
      [GC Worker End (ms): Min: 489950.7, Avg: 489950.7, Max: 489950.7, Diff: 0.0]
   [Code Root Fixup: 0.0 ms]
   [Code Root Purge: 0.0 ms]
   [Clear CT: 0.1 ms]
   [Other: 0.4 ms]
      [Choose CSet: 0.0 ms]
      [Ref Proc: 0.1 ms]
      [Ref Enq: 0.0 ms]
      [Redirty Cards: 0.0 ms]
      [Humongous Register: 0.0 ms]
      [Humongous Reclaim: 0.0 ms]
      [Free CSet: 0.2 ms]
   [Eden: 266.0M(266.0M)->0.0B(273.0M) Survivors: 10240.0K->6144.0K Heap: 404.6M(472.0M)->134.6M(472.0M)]
 [Times: user=0.01 sys=0.00, real=0.00 secs] 
2024-07-06T11:32:16.319+0800: 490.485: [GC pause (G1 Evacuation Pause) (young), 0.0134419 secs]
   [Parallel Time: 12.8 ms, GC Workers: 2]
      [GC Worker Start (ms): Min: 490485.6, Avg: 490485.6, Max: 490485.6, Diff: 0.0]
      [Ext Root Scanning (ms): Min: 0.5, Avg: 0.5, Max: 0.5, Diff: 0.0, Sum: 1.1]
      [Update RS (ms): Min: 0.0, Avg: 0.0, Max: 0.0, Diff: 0.0, Sum: 0.1]
         [Processed Buffers: Min: 3, Avg: 3.0, Max: 3, Diff: 0, Sum: 6]
      [Scan RS (ms): Min: 0.1, Avg: 0.1, Max: 0.1, Diff: 0.0, Sum: 0.2]
      [Code Root Scanning (ms): Min: 0.0, Avg: 0.0, Max: 0.0, Diff: 0.0, Sum: 0.0]
      [Object Copy (ms): Min: 12.0, Avg: 12.1, Max: 12.1, Diff: 0.0, Sum: 24.1]
      [Termination (ms): Min: 0.0, Avg: 0.0, Max: 0.0, Diff: 0.0, Sum: 0.0]
         [Termination Attempts: Min: 1, Avg: 1.0, Max: 1, Diff: 0, Sum: 2]
      [GC Worker Other (ms): Min: 0.0, Avg: 0.0, Max: 0.0, Diff: 0.0, Sum: 0.1]
      [GC Worker Total (ms): Min: 12.8, Avg: 12.8, Max: 12.8, Diff: 0.0, Sum: 25.6]
      [GC Worker End (ms): Min: 490498.4, Avg: 490498.4, Max: 490498.4, Diff: 0.0]
   [Code Root Fixup: 0.0 ms]
   [Code Root Purge: 0.0 ms]
   [Clear CT: 0.1 ms]
   [Other: 0.5 ms]
      [Choose CSet: 0.0 ms]
      [Ref Proc: 0.1 ms]
      [Ref Enq: 0.0 ms]
      [Redirty Cards: 0.0 ms]
      [Humongous Register: 0.0 ms]
      [Humongous Reclaim: 0.0 ms]
      [Free CSet: 0.2 ms]
   [Eden: 273.0M(273.0M)->0.0B(268.0M) Survivors: 6144.0K->11264.0K Heap: 407.6M(472.0M)->139.6M(472.0M)]
 [Times: user=0.02 sys=0.00, real=0.01 secs] 
2024-07-06T11:32:16.824+0800: 490.990: [GC pause (G1 Evacuation Pause) (young), 0.0176202 secs]
   [Parallel Time: 17.0 ms, GC Workers: 2]
      [GC Worker Start (ms): Min: 490990.6, Avg: 490990.6, Max: 490990.6, Diff: 0.0]
      [Ext Root Scanning (ms): Min: 0.5, Avg: 0.6, Max: 0.6, Diff: 0.0, Sum: 1.1]
      [Update RS (ms): Min: 0.0, Avg: 0.0, Max: 0.0, Diff: 0.0, Sum: 0.1]
         [Processed Buffers: Min: 1, Avg: 3.0, Max: 5, Diff: 4, Sum: 6]
      [Scan RS (ms): Min: 0.1, Avg: 0.1, Max: 0.1, Diff: 0.0, Sum: 0.2]
      [Code Root Scanning (ms): Min: 0.0, Avg: 0.0, Max: 0.0, Diff: 0.0, Sum: 0.0]
      [Object Copy (ms): Min: 16.3, Avg: 16.3, Max: 16.3, Diff: 0.0, Sum: 32.6]
      [Termination (ms): Min: 0.0, Avg: 0.0, Max: 0.0, Diff: 0.0, Sum: 0.0]
         [Termination Attempts: Min: 1, Avg: 1.0, Max: 1, Diff: 0, Sum: 2]
      [GC Worker Other (ms): Min: 0.0, Avg: 0.0, Max: 0.0, Diff: 0.0, Sum: 0.0]
      [GC Worker Total (ms): Min: 17.0, Avg: 17.0, Max: 17.0, Diff: 0.0, Sum: 34.0]
      [GC Worker End (ms): Min: 491007.6, Avg: 491007.6, Max: 491007.6, Diff: 0.0]
   [Code Root Fixup: 0.0 ms]
   [Code Root Purge: 0.0 ms]
   [Clear CT: 0.1 ms]
   [Other: 0.5 ms]
      [Choose CSet: 0.0 ms]
      [Ref Proc: 0.1 ms]
      [Ref Enq: 0.0 ms]
      [Redirty Cards: 0.0 ms]
      [Humongous Register: 0.0 ms]
      [Humongous Reclaim: 0.0 ms]
      [Free CSet: 0.2 ms]
   [Eden: 268.0M(268.0M)->0.0B(263.0M) Survivors: 11264.0K->15360.0K Heap: 407.6M(472.0M)->143.1M(472.0M)]
 [Times: user=0.03 sys=0.00, real=0.02 secs] 
2024-07-06T11:32:17.371+0800: 491.537: [GC pause (G1 Evacuation Pause) (young), 0.0191527 secs]
   [Parallel Time: 18.5 ms, GC Workers: 2]
      [GC Worker Start (ms): Min: 491537.5, Avg: 491537.5, Max: 491537.6, Diff: 0.0]
      [Ext Root Scanning (ms): Min: 0.6, Avg: 0.6, Max: 0.6, Diff: 0.0, Sum: 1.1]
      [Update RS (ms): Min: 0.0, Avg: 0.0, Max: 0.0, Diff: 0.0, Sum: 0.1]
         [Processed Buffers: Min: 2, Avg: 3.0, Max: 4, Diff: 2, Sum: 6]
      [Scan RS (ms): Min: 0.1, Avg: 0.1, Max: 0.1, Diff: 0.0, Sum: 0.2]
      [Code Root Scanning (ms): Min: 0.0, Avg: 0.0, Max: 0.0, Diff: 0.0, Sum: 0.0]
      [Object Copy (ms): Min: 17.7, Avg: 17.7, Max: 17.7, Diff: 0.0, Sum: 35.4]
      [Termination (ms): Min: 0.0, Avg: 0.0, Max: 0.0, Diff: 0.0, Sum: 0.0]
         [Termination Attempts: Min: 1, Avg: 1.0, Max: 1, Diff: 0, Sum: 2]
      [GC Worker Other (ms): Min: 0.0, Avg: 0.0, Max: 0.0, Diff: 0.0, Sum: 0.0]
      [GC Worker Total (ms): Min: 18.4, Avg: 18.4, Max: 18.4, Diff: 0.0, Sum: 36.9]
      [GC Worker End (ms): Min: 491556.0, Avg: 491556.0, Max: 491556.0, Diff: 0.0]
   [Code Root Fixup: 0.0 ms]
   [Code Root Purge: 0.0 ms]
   [Clear CT: 0.1 ms]
   [Other: 0.5 ms]
      [Choose CSet: 0.0 ms]
      [Ref Proc: 0.1 ms]
      [Ref Enq: 0.0 ms]
      [Redirty Cards: 0.0 ms]
      [Humongous Register: 0.0 ms]
      [Humongous Reclaim: 0.0 ms]
      [Free CSet: 0.2 ms]
   [Eden: 263.0M(263.0M)->0.0B(261.0M) Survivors: 15360.0K->16384.0K Heap: 406.1M(472.0M)->144.1M(472.0M)]
 [Times: user=0.04 sys=0.00, real=0.02 secs] 
2024-07-06T11:32:17.831+0800: 491.997: [GC pause (G1 Evacuation Pause) (young), 0.0141251 secs]
   [Parallel Time: 13.6 ms, GC Workers: 2]
      [GC Worker Start (ms): Min: 491997.0, Avg: 491997.0, Max: 491997.0, Diff: 0.0]
      [Ext Root Scanning (ms): Min: 0.6, Avg: 0.6, Max: 0.6, Diff: 0.0, Sum: 1.2]
      [Update RS (ms): Min: 0.0, Avg: 0.0, Max: 0.0, Diff: 0.0, Sum: 0.1]
         [Processed Buffers: Min: 3, Avg: 3.5, Max: 4, Diff: 1, Sum: 7]
      [Scan RS (ms): Min: 0.1, Avg: 0.1, Max: 0.1, Diff: 0.0, Sum: 0.2]
      [Code Root Scanning (ms): Min: 0.0, Avg: 0.0, Max: 0.0, Diff: 0.0, Sum: 0.0]
      [Object Copy (ms): Min: 12.9, Avg: 12.9, Max: 12.9, Diff: 0.0, Sum: 25.7]
      [Termination (ms): Min: 0.0, Avg: 0.0, Max: 0.0, Diff: 0.0, Sum: 0.0]
         [Termination Attempts: Min: 1, Avg: 1.0, Max: 1, Diff: 0, Sum: 2]
      [GC Worker Other (ms): Min: 0.0, Avg: 0.0, Max: 0.0, Diff: 0.0, Sum: 0.0]
      [GC Worker Total (ms): Min: 13.6, Avg: 13.6, Max: 13.6, Diff: 0.0, Sum: 27.2]
      [GC Worker End (ms): Min: 492010.6, Avg: 492010.6, Max: 492010.6, Diff: 0.0]
   [Code Root Fixup: 0.0 ms]
   [Code Root Purge: 0.0 ms]
   [Clear CT: 0.1 ms]
   [Other: 0.4 ms]
      [Choose CSet: 0.0 ms]
      [Ref Proc: 0.1 ms]
      [Ref Enq: 0.0 ms]
      [Redirty Cards: 0.0 ms]
      [Humongous Register: 0.0 ms]
      [Humongous Reclaim: 0.0 ms]
      [Free CSet: 0.1 ms]
   [Eden: 261.0M(261.0M)->0.0B(264.0M) Survivors: 16384.0K->13312.0K Heap: 405.1M(472.0M)->141.6M(472.0M)]
 [Times: user=0.03 sys=0.00, real=0.01 secs] 
2024-07-06T11:32:18.307+0800: 492.473: [GC pause (G1 Evacuation Pause) (young), 0.0232182 secs]
   [Parallel Time: 21.8 ms, GC Workers: 2]
      [GC Worker Start (ms): Min: 492473.3, Avg: 492473.3, Max: 492473.3, Diff: 0.0]
      [Ext Root Scanning (ms): Min: 0.6, Avg: 0.6, Max: 0.6, Diff: 0.0, Sum: 1.1]
      [Update RS (ms): Min: 0.0, Avg: 0.0, Max: 0.0, Diff: 0.0, Sum: 0.1]
         [Processed Buffers: Min: 1, Avg: 3.0, Max: 5, Diff: 4, Sum: 6]
      [Scan RS (ms): Min: 0.1, Avg: 0.1, Max: 0.1, Diff: 0.0, Sum: 0.2]
      [Code Root Scanning (ms): Min: 0.0, Avg: 0.0, Max: 0.0, Diff: 0.0, Sum: 0.0]
      [Object Copy (ms): Min: 21.0, Avg: 21.0, Max: 21.0, Diff: 0.0, Sum: 42.1]
      [Termination (ms): Min: 0.0, Avg: 0.0, Max: 0.0, Diff: 0.0, Sum: 0.0]
         [Termination Attempts: Min: 1, Avg: 1.0, Max: 1, Diff: 0, Sum: 2]
      [GC Worker Other (ms): Min: 0.0, Avg: 0.0, Max: 0.0, Diff: 0.0, Sum: 0.0]
      [GC Worker Total (ms): Min: 21.7, Avg: 21.7, Max: 21.8, Diff: 0.0, Sum: 43.5]
      [GC Worker End (ms): Min: 492495.0, Avg: 492495.0, Max: 492495.0, Diff: 0.0]
   [Code Root Fixup: 0.0 ms]
   [Code Root Purge: 0.0 ms]
   [Clear CT: 0.1 ms]
   [Other: 1.3 ms]
      [Choose CSet: 0.0 ms]
      [Ref Proc: 1.0 ms]
      [Ref Enq: 0.0 ms]
      [Redirty Cards: 0.0 ms]
      [Humongous Register: 0.0 ms]
      [Humongous Reclaim: 0.0 ms]
      [Free CSet: 0.1 ms]
   [Eden: 264.0M(264.0M)->0.0B(259.0M) Survivors: 13312.0K->17408.0K Heap: 405.6M(472.0M)->145.6M(472.0M)]
 [Times: user=0.04 sys=0.00, real=0.03 secs] 
2024-07-06T11:32:18.815+0800: 492.981: [GC pause (G1 Evacuation Pause) (young), 0.0200429 secs]
   [Parallel Time: 19.3 ms, GC Workers: 2]
      [GC Worker Start (ms): Min: 492981.1, Avg: 492982.3, Max: 492983.4, Diff: 2.3]
      [Ext Root Scanning (ms): Min: 0.0, Avg: 0.4, Max: 0.8, Diff: 0.8, Sum: 0.8]
      [Update RS (ms): Min: 0.0, Avg: 0.0, Max: 0.0, Diff: 0.0, Sum: 0.0]
         [Processed Buffers: Min: 0, Avg: 3.0, Max: 6, Diff: 6, Sum: 6]
      [Scan RS (ms): Min: 0.0, Avg: 0.1, Max: 0.1, Diff: 0.1, Sum: 0.1]
      [Code Root Scanning (ms): Min: 0.0, Avg: 0.0, Max: 0.0, Diff: 0.0, Sum: 0.0]
      [Object Copy (ms): Min: 16.9, Avg: 17.6, Max: 18.3, Diff: 1.4, Sum: 35.3]
      [Termination (ms): Min: 0.0, Avg: 0.0, Max: 0.0, Diff: 0.0, Sum: 0.0]
         [Termination Attempts: Min: 1, Avg: 1.0, Max: 1, Diff: 0, Sum: 2]
      [GC Worker Other (ms): Min: 0.0, Avg: 0.0, Max: 0.0, Diff: 0.0, Sum: 0.0]
      [GC Worker Total (ms): Min: 17.0, Avg: 18.1, Max: 19.3, Diff: 2.3, Sum: 36.3]
      [GC Worker End (ms): Min: 493000.4, Avg: 493000.4, Max: 493000.4, Diff: 0.0]
   [Code Root Fixup: 0.0 ms]
   [Code Root Purge: 0.0 ms]
   [Clear CT: 0.2 ms]
   [Other: 0.5 ms]
      [Choose CSet: 0.0 ms]
      [Ref Proc: 0.1 ms]
      [Ref Enq: 0.0 ms]
      [Redirty Cards: 0.0 ms]
      [Humongous Register: 0.0 ms]
      [Humongous Reclaim: 0.0 ms]
      [Free CSet: 0.2 ms]
   [Eden: 259.0M(259.0M)->0.0B(258.0M) Survivors: 17408.0K->17408.0K Heap: 404.6M(472.0M)->145.1M(472.0M)]
 [Times: user=0.04 sys=0.00, real=0.02 secs] 
2024-07-06T11:32:19.330+0800: 493.496: [GC pause (G1 Evacuation Pause) (young), 0.0163448 secs]
   [Parallel Time: 15.7 ms, GC Workers: 2]
      [GC Worker Start (ms): Min: 493496.3, Avg: 493496.4, Max: 493496.6, Diff: 0.3]
      [Ext Root Scanning (ms): Min: 0.5, Avg: 0.8, Max: 1.1, Diff: 0.6, Sum: 1.6]
      [Update RS (ms): Min: 0.0, Avg: 0.0, Max: 0.0, Diff: 0.0, Sum: 0.0]
         [Processed Buffers: Min: 0, Avg: 2.5, Max: 5, Diff: 5, Sum: 5]
      [Scan RS (ms): Min: 0.0, Avg: 0.1, Max: 0.1, Diff: 0.1, Sum: 0.2]
      [Code Root Scanning (ms): Min: 0.0, Avg: 0.0, Max: 0.0, Diff: 0.0, Sum: 0.0]
      [Object Copy (ms): Min: 14.0, Avg: 14.3, Max: 14.5, Diff: 0.6, Sum: 28.5]
      [Termination (ms): Min: 0.0, Avg: 0.2, Max: 0.5, Diff: 0.5, Sum: 0.5]
         [Termination Attempts: Min: 1, Avg: 1.5, Max: 2, Diff: 1, Sum: 3]
      [GC Worker Other (ms): Min: 0.0, Avg: 0.0, Max: 0.0, Diff: 0.0, Sum: 0.0]
      [GC Worker Total (ms): Min: 15.3, Avg: 15.4, Max: 15.6, Diff: 0.3, Sum: 30.9]
      [GC Worker End (ms): Min: 493511.9, Avg: 493511.9, Max: 493511.9, Diff: 0.0]
   [Code Root Fixup: 0.0 ms]
   [Code Root Purge: 0.0 ms]
   [Clear CT: 0.1 ms]
   [Other: 0.5 ms]
      [Choose CSet: 0.0 ms]
      [Ref Proc: 0.1 ms]
      [Ref Enq: 0.0 ms]
      [Redirty Cards: 0.1 ms]
      [Humongous Register: 0.0 ms]
      [Humongous Reclaim: 0.0 ms]
      [Free CSet: 0.2 ms]
   [Eden: 258.0M(258.0M)->0.0B(262.0M) Survivors: 17408.0K->14336.0K Heap: 403.1M(472.0M)->142.1M(472.0M)]
 [Times: user=0.03 sys=0.00, real=0.01 secs] 
2024-07-06T11:32:19.821+0800: 493.987: [GC pause (G1 Evacuation Pause) (young), 0.0098838 secs]
   [Parallel Time: 9.4 ms, GC Workers: 2]
      [GC Worker Start (ms): Min: 493987.5, Avg: 493987.5, Max: 493987.5, Diff: 0.0]
      [Ext Root Scanning (ms): Min: 0.6, Avg: 0.6, Max: 0.6, Diff: 0.0, Sum: 1.1]
      [Update RS (ms): Min: 0.0, Avg: 0.0, Max: 0.0, Diff: 0.0, Sum: 0.1]
         [Processed Buffers: Min: 1, Avg: 2.5, Max: 4, Diff: 3, Sum: 5]
      [Scan RS (ms): Min: 0.1, Avg: 0.1, Max: 0.1, Diff: 0.0, Sum: 0.2]
      [Code Root Scanning (ms): Min: 0.0, Avg: 0.0, Max: 0.0, Diff: 0.0, Sum: 0.0]
      [Object Copy (ms): Min: 8.6, Avg: 8.6, Max: 8.7, Diff: 0.0, Sum: 17.3]
      [Termination (ms): Min: 0.0, Avg: 0.0, Max: 0.0, Diff: 0.0, Sum: 0.0]
         [Termination Attempts: Min: 1, Avg: 1.0, Max: 1, Diff: 0, Sum: 2]
      [GC Worker Other (ms): Min: 0.0, Avg: 0.0, Max: 0.0, Diff: 0.0, Sum: 0.0]
      [GC Worker Total (ms): Min: 9.3, Avg: 9.3, Max: 9.3, Diff: 0.0, Sum: 18.7]
      [GC Worker End (ms): Min: 493996.8, Avg: 493996.8, Max: 493996.8, Diff: 0.0]
   [Code Root Fixup: 0.0 ms]
   [Code Root Purge: 0.0 ms]
   [Clear CT: 0.1 ms]
   [Other: 0.4 ms]
      [Choose CSet: 0.0 ms]
      [Ref Proc: 0.1 ms]
      [Ref Enq: 0.0 ms]
      [Redirty Cards: 0.0 ms]
      [Humongous Register: 0.0 ms]
      [Humongous Reclaim: 0.0 ms]
      [Free CSet: 0.1 ms]
   [Eden: 262.0M(262.0M)->0.0B(268.0M) Survivors: 14336.0K->9216.0K Heap: 404.1M(472.0M)->137.6M(472.0M)]
 [Times: user=0.02 sys=0.00, real=0.01 secs] 
2024-07-06T11:32:20.281+0800: 494.447: [GC pause (G1 Evacuation Pause) (young), 0.0134743 secs]
   [Parallel Time: 12.9 ms, GC Workers: 2]
      [GC Worker Start (ms): Min: 494446.8, Avg: 494447.1, Max: 494447.3, Diff: 0.5]
      [Ext Root Scanning (ms): Min: 0.3, Avg: 1.1, Max: 2.0, Diff: 1.7, Sum: 2.2]
      [Update RS (ms): Min: 0.0, Avg: 0.0, Max: 0.0, Diff: 0.0, Sum: 0.1]
         [Processed Buffers: Min: 0, Avg: 2.5, Max: 5, Diff: 5, Sum: 5]
      [Scan RS (ms): Min: 0.0, Avg: 0.1, Max: 0.1, Diff: 0.1, Sum: 0.2]
      [Code Root Scanning (ms): Min: 0.0, Avg: 0.0, Max: 0.0, Diff: 0.0, Sum: 0.0]
      [Object Copy (ms): Min: 10.8, Avg: 11.3, Max: 11.8, Diff: 1.0, Sum: 22.6]
      [Termination (ms): Min: 0.0, Avg: 0.0, Max: 0.0, Diff: 0.0, Sum: 0.0]
         [Termination Attempts: Min: 1, Avg: 1.5, Max: 2, Diff: 1, Sum: 3]
      [GC Worker Other (ms): Min: 0.0, Avg: 0.0, Max: 0.0, Diff: 0.0, Sum: 0.0]
      [GC Worker Total (ms): Min: 12.3, Avg: 12.5, Max: 12.8, Diff: 0.5, Sum: 25.1]
      [GC Worker End (ms): Min: 494459.6, Avg: 494459.6, Max: 494459.6, Diff: 0.0]
   [Code Root Fixup: 0.0 ms]
   [Code Root Purge: 0.0 ms]
   [Clear CT: 0.1 ms]
   [Other: 0.5 ms]
      [Choose CSet: 0.0 ms]
      [Ref Proc: 0.1 ms]
      [Ref Enq: 0.0 ms]
      [Redirty Cards: 0.1 ms]
      [Humongous Register: 0.0 ms]
      [Humongous Reclaim: 0.0 ms]
      [Free CSet: 0.2 ms]
   [Eden: 268.0M(268.0M)->0.0B(264.0M) Survivors: 9216.0K->13312.0K Heap: 405.6M(472.0M)->141.1M(472.0M)]
 [Times: user=0.03 sys=0.00, real=0.01 secs] 
2024-07-06T11:32:20.728+0800: 494.894: [GC pause (G1 Evacuation Pause) (young), 0.0200029 secs]
   [Parallel Time: 19.4 ms, GC Workers: 2]
      [GC Worker Start (ms): Min: 494894.5, Avg: 494895.2, Max: 494896.0, Diff: 1.5]
      [Ext Root Scanning (ms): Min: 0.0, Avg: 0.4, Max: 0.8, Diff: 0.8, Sum: 0.8]
      [Update RS (ms): Min: 0.0, Avg: 0.0, Max: 0.0, Diff: 0.0, Sum: 0.0]
         [Processed Buffers: Min: 0, Avg: 3.0, Max: 6, Diff: 6, Sum: 6]
      [Scan RS (ms): Min: 0.0, Avg: 0.1, Max: 0.1, Diff: 0.1, Sum: 0.1]
      [Code Root Scanning (ms): Min: 0.0, Avg: 0.0, Max: 0.0, Diff: 0.0, Sum: 0.0]
      [Object Copy (ms): Min: 17.9, Avg: 18.2, Max: 18.4, Diff: 0.5, Sum: 36.3]
      [Termination (ms): Min: 0.0, Avg: 0.0, Max: 0.0, Diff: 0.0, Sum: 0.0]
         [Termination Attempts: Min: 1, Avg: 1.0, Max: 1, Diff: 0, Sum: 2]
      [GC Worker Other (ms): Min: 0.0, Avg: 0.0, Max: 0.0, Diff: 0.0, Sum: 0.0]
      [GC Worker Total (ms): Min: 17.9, Avg: 18.7, Max: 19.4, Diff: 1.5, Sum: 37.3]
      [GC Worker End (ms): Min: 494913.9, Avg: 494913.9, Max: 494913.9, Diff: 0.0]
   [Code Root Fixup: 0.0 ms]
   [Code Root Purge: 0.0 ms]
   [Clear CT: 0.1 ms]
   [Other: 0.5 ms]
      [Choose CSet: 0.0 ms]
      [Ref Proc: 0.1 ms]
      [Ref Enq: 0.0 ms]
      [Redirty Cards: 0.0 ms]
      [Humongous Register: 0.0 ms]
      [Humongous Reclaim: 0.0 ms]
      [Free CSet: 0.2 ms]
   [Eden: 264.0M(264.0M)->0.0B(260.0M) Survivors: 13312.0K->16384.0K Heap: 405.1M(472.0M)->144.6M(472.0M)]
 [Times: user=0.04 sys=0.00, real=0.02 secs] 
2024-07-06T11:32:21.195+0800: 495.361: [GC pause (G1 Evacuation Pause) (young), 0.0173890 secs]
   [Parallel Time: 16.8 ms, GC Workers: 2]
      [GC Worker Start (ms): Min: 495361.0, Avg: 495361.0, Max: 495361.0, Diff: 0.0]
      [Ext Root Scanning (ms): Min: 0.6, Avg: 0.6, Max: 0.6, Diff: 0.0, Sum: 1.2]
      [Update RS (ms): Min: 0.0, Avg: 0.0, Max: 0.0, Diff: 0.0, Sum: 0.1]
         [Processed Buffers: Min: 1, Avg: 2.5, Max: 4, Diff: 3, Sum: 5]
      [Scan RS (ms): Min: 0.1, Avg: 0.1, Max: 0.1, Diff: 0.0, Sum: 0.2]
      [Code Root Scanning (ms): Min: 0.0, Avg: 0.0, Max: 0.0, Diff: 0.0, Sum: 0.0]
      [Object Copy (ms): Min: 16.0, Avg: 16.0, Max: 16.0, Diff: 0.0, Sum: 31.9]
      [Termination (ms): Min: 0.0, Avg: 0.0, Max: 0.0, Diff: 0.0, Sum: 0.0]
         [Termination Attempts: Min: 1, Avg: 1.0, Max: 1, Diff: 0, Sum: 2]
      [GC Worker Other (ms): Min: 0.0, Avg: 0.0, Max: 0.0, Diff: 0.0, Sum: 0.0]
      [GC Worker Total (ms): Min: 16.7, Avg: 16.7, Max: 16.7, Diff: 0.0, Sum: 33.4]
      [GC Worker End (ms): Min: 495377.7, Avg: 495377.7, Max: 495377.7, Diff: 0.0]
   [Code Root Fixup: 0.0 ms]
   [Code Root Purge: 0.0 ms]
   [Clear CT: 0.1 ms]
   [Other: 0.4 ms]
      [Choose CSet: 0.0 ms]
      [Ref Proc: 0.1 ms]
      [Ref Enq: 0.0 ms]
      [Redirty Cards: 0.0 ms]
      [Humongous Register: 0.0 ms]
      [Humongous Reclaim: 0.0 ms]
      [Free CSet: 0.1 ms]
   [Eden: 260.0M(260.0M)->0.0B(261.0M) Survivors: 16384.0K->15360.0K Heap: 404.6M(472.0M)->143.1M(472.0M)]
 [Times: user=0.04 sys=0.00, real=0.02 secs] 
2024-07-06T11:32:21.653+0800: 495.820: [GC pause (G1 Evacuation Pause) (young), 0.0104258 secs]
   [Parallel Time: 9.9 ms, GC Workers: 2]
      [GC Worker Start (ms): Min: 495819.6, Avg: 495819.6, Max: 495819.6, Diff: 0.0]
      [Ext Root Scanning (ms): Min: 0.5, Avg: 0.5, Max: 0.5, Diff: 0.0, Sum: 1.0]
      [Update RS (ms): Min: 0.0, Avg: 0.0, Max: 0.0, Diff: 0.0, Sum: 0.1]
         [Processed Buffers: Min: 3, Avg: 3.0, Max: 3, Diff: 0, Sum: 6]
      [Scan RS (ms): Min: 0.1, Avg: 0.1, Max: 0.1, Diff: 0.0, Sum: 0.1]
      [Code Root Scanning (ms): Min: 0.0, Avg: 0.0, Max: 0.0, Diff: 0.0, Sum: 0.0]
      [Object Copy (ms): Min: 9.2, Avg: 9.2, Max: 9.2, Diff: 0.0, Sum: 18.4]
      [Termination (ms): Min: 0.0, Avg: 0.0, Max: 0.0, Diff: 0.0, Sum: 0.0]
         [Termination Attempts: Min: 1, Avg: 2.5, Max: 4, Diff: 3, Sum: 5]
      [GC Worker Other (ms): Min: 0.0, Avg: 0.0, Max: 0.0, Diff: 0.0, Sum: 0.0]
      [GC Worker Total (ms): Min: 9.8, Avg: 9.8, Max: 9.8, Diff: 0.0, Sum: 19.6]
      [GC Worker End (ms): Min: 495829.4, Avg: 495829.4, Max: 495829.4, Diff: 0.0]
   [Code Root Fixup: 0.0 ms]
   [Code Root Purge: 0.0 ms]
   [Clear CT: 0.1 ms]
   [Other: 0.4 ms]
      [Choose CSet: 0.0 ms]
      [Ref Proc: 0.1 ms]
      [Ref Enq: 0.0 ms]
      [Redirty Cards: 0.0 ms]
      [Humongous Register: 0.0 ms]
      [Humongous Reclaim: 0.0 ms]
      [Free CSet: 0.2 ms]
   [Eden: 261.0M(261.0M)->0.0B(266.0M) Survivors: 15360.0K->11264.0K Heap: 404.1M(472.0M)->139.6M(472.0M)]
 [Times: user=0.02 sys=0.00, real=0.01 secs] 
2024-07-06T11:32:22.125+0800: 496.292: [GC pause (G1 Evacuation Pause) (young), 0.0149405 secs]
   [Parallel Time: 14.4 ms, GC Workers: 2]
      [GC Worker Start (ms): Min: 496291.7, Avg: 496291.7, Max: 496291.7, Diff: 0.0]
      [Ext Root Scanning (ms): Min: 0.5, Avg: 0.5, Max: 0.5, Diff: 0.0, Sum: 1.1]
      [Update RS (ms): Min: 0.0, Avg: 0.0, Max: 0.0, Diff: 0.0, Sum: 0.1]
         [Processed Buffers: Min: 3, Avg: 3.0, Max: 3, Diff: 0, Sum: 6]
      [Scan RS (ms): Min: 0.1, Avg: 0.1, Max: 0.1, Diff: 0.0, Sum: 0.2]
      [Code Root Scanning (ms): Min: 0.0, Avg: 0.0, Max: 0.0, Diff: 0.0, Sum: 0.0]
      [Object Copy (ms): Min: 13.6, Avg: 13.6, Max: 13.6, Diff: 0.0, Sum: 27.3]
      [Termination (ms): Min: 0.0, Avg: 0.0, Max: 0.0, Diff: 0.0, Sum: 0.0]
         [Termination Attempts: Min: 1, Avg: 1.0, Max: 1, Diff: 0, Sum: 2]
      [GC Worker Other (ms): Min: 0.0, Avg: 0.0, Max: 0.0, Diff: 0.0, Sum: 0.0]
      [GC Worker Total (ms): Min: 14.3, Avg: 14.3, Max: 14.3, Diff: 0.0, Sum: 28.6]
      [GC Worker End (ms): Min: 496306.0, Avg: 496306.0, Max: 496306.0, Diff: 0.0]
   [Code Root Fixup: 0.0 ms]
   [Code Root Purge: 0.0 ms]
   [Clear CT: 0.1 ms]
   [Other: 0.5 ms]
      [Choose CSet: 0.0 ms]
      [Ref Proc: 0.1 ms]
      [Ref Enq: 0.0 ms]
      [Redirty Cards: 0.1 ms]
      [Humongous Register: 0.0 ms]
      [Humongous Reclaim: 0.0 ms]
      [Free CSet: 0.2 ms]
   [Eden: 266.0M(266.0M)->0.0B(264.0M) Survivors: 11264.0K->13312.0K Heap: 405.6M(472.0M)->141.6M(472.0M)]
 [Times: user=0.03 sys=0.00, real=0.02 secs] 
2024-07-06T11:32:22.639+0800: 496.805: [GC pause (G1 Evacuation Pause) (young), 0.0118561 secs]
   [Parallel Time: 11.2 ms, GC Workers: 2]
      [GC Worker Start (ms): Min: 496805.5, Avg: 496805.5, Max: 496805.5, Diff: 0.0]
      [Ext Root Scanning (ms): Min: 0.5, Avg: 0.5, Max: 0.5, Diff: 0.0, Sum: 1.1]
      [Update RS (ms): Min: 0.0, Avg: 0.0, Max: 0.1, Diff: 0.1, Sum: 0.1]
         [Processed Buffers: Min: 0, Avg: 3.5, Max: 7, Diff: 7, Sum: 7]
      [Scan RS (ms): Min: 0.1, Avg: 0.1, Max: 0.1, Diff: 0.0, Sum: 0.2]
      [Code Root Scanning (ms): Min: 0.0, Avg: 0.0, Max: 0.0, Diff: 0.0, Sum: 0.0]
      [Object Copy (ms): Min: 10.5, Avg: 10.5, Max: 10.5, Diff: 0.0, Sum: 21.0]
      [Termination (ms): Min: 0.0, Avg: 0.0, Max: 0.0, Diff: 0.0, Sum: 0.0]
         [Termination Attempts: Min: 1, Avg: 1.0, Max: 1, Diff: 0, Sum: 2]
      [GC Worker Other (ms): Min: 0.0, Avg: 0.0, Max: 0.0, Diff: 0.0, Sum: 0.0]
      [GC Worker Total (ms): Min: 11.2, Avg: 11.2, Max: 11.2, Diff: 0.0, Sum: 22.3]
      [GC Worker End (ms): Min: 496816.7, Avg: 496816.7, Max: 496816.7, Diff: 0.0]
   [Code Root Fixup: 0.0 ms]
   [Code Root Purge: 0.0 ms]
   [Clear CT: 0.2 ms]
   [Other: 0.5 ms]
      [Choose CSet: 0.0 ms]
      [Ref Proc: 0.1 ms]
      [Ref Enq: 0.0 ms]
      [Redirty Cards: 0.1 ms]
      [Humongous Register: 0.0 ms]
      [Humongous Reclaim: 0.0 ms]
      [Free CSet: 0.2 ms]
   [Eden: 264.0M(264.0M)->0.0B(267.0M) Survivors: 13312.0K->10240.0K Heap: 405.6M(472.0M)->138.2M(472.0M)]
 [Times: user=0.02 sys=0.00, real=0.01 secs] 
2024-07-06T11:32:23.094+0800: 497.260: [GC pause (G1 Evacuation Pause) (young), 0.0146210 secs]
   [Parallel Time: 14.1 ms, GC Workers: 2]
      [GC Worker Start (ms): Min: 497259.9, Avg: 497259.9, Max: 497259.9, Diff: 0.0]
      [Ext Root Scanning (ms): Min: 0.5, Avg: 0.5, Max: 0.6, Diff: 0.0, Sum: 1.1]
      [Update RS (ms): Min: 0.0, Avg: 0.0, Max: 0.0, Diff: 0.0, Sum: 0.1]
         [Processed Buffers: Min: 1, Avg: 2.5, Max: 4, Diff: 3, Sum: 5]
      [Scan RS (ms): Min: 0.1, Avg: 0.1, Max: 0.1, Diff: 0.0, Sum: 0.2]
      [Code Root Scanning (ms): Min: 0.0, Avg: 0.0, Max: 0.0, Diff: 0.0, Sum: 0.0]
      [Object Copy (ms): Min: 13.3, Avg: 13.3, Max: 13.3, Diff: 0.0, Sum: 26.6]
      [Termination (ms): Min: 0.0, Avg: 0.0, Max: 0.0, Diff: 0.0, Sum: 0.0]
         [Termination Attempts: Min: 1, Avg: 1.5, Max: 2, Diff: 1, Sum: 3]
      [GC Worker Other (ms): Min: 0.0, Avg: 0.0, Max: 0.0, Diff: 0.0, Sum: 0.0]
      [GC Worker Total (ms): Min: 14.0, Avg: 14.0, Max: 14.0, Diff: 0.0, Sum: 28.0]
      [GC Worker End (ms): Min: 497273.9, Avg: 497273.9, Max: 497273.9, Diff: 0.0]
   [Code Root Fixup: 0.0 ms]
   [Code Root Purge: 0.0 ms]
   [Clear CT: 0.1 ms]
   [Other: 0.4 ms]
      [Choose CSet: 0.0 ms]
      [Ref Proc: 0.1 ms]
      [Ref Enq: 0.0 ms]
      [Redirty Cards: 0.1 ms]
      [Humongous Register: 0.0 ms]
      [Humongous Reclaim: 0.0 ms]
      [Free CSet: 0.2 ms]
   [Eden: 267.0M(267.0M)->0.0B(264.0M) Survivors: 10240.0K->13312.0K Heap: 405.2M(472.0M)->141.6M(472.0M)]
 [Times: user=0.03 sys=0.00, real=0.02 secs] 
2024-07-06T11:32:23.570+0800: 497.736: [GC pause (G1 Evacuation Pause) (young), 0.0161299 secs]
   [Parallel Time: 15.6 ms, GC Workers: 2]
      [GC Worker Start (ms): Min: 497736.4, Avg: 497736.4, Max: 497736.4, Diff: 0.0]
      [Ext Root Scanning (ms): Min: 0.6, Avg: 0.6, Max: 0.6, Diff: 0.0, Sum: 1.1]
      [Update RS (ms): Min: 0.0, Avg: 0.0, Max: 0.0, Diff: 0.0, Sum: 0.1]
         [Processed Buffers: Min: 3, Avg: 3.5, Max: 4, Diff: 1, Sum: 7]
      [Scan RS (ms): Min: 0.1, Avg: 0.1, Max: 0.1, Diff: 0.0, Sum: 0.2]
      [Code Root Scanning (ms): Min: 0.0, Avg: 0.0, Max: 0.0, Diff: 0.0, Sum: 0.0]
      [Object Copy (ms): Min: 14.8, Avg: 14.8, Max: 14.9, Diff: 0.0, Sum: 29.7]
      [Termination (ms): Min: 0.0, Avg: 0.0, Max: 0.0, Diff: 0.0, Sum: 0.0]
         [Termination Attempts: Min: 1, Avg: 1.0, Max: 1, Diff: 0, Sum: 2]
      [GC Worker Other (ms): Min: 0.0, Avg: 0.0, Max: 0.0, Diff: 0.0, Sum: 0.0]
      [GC Worker Total (ms): Min: 15.5, Avg: 15.5, Max: 15.6, Diff: 0.0, Sum: 31.1]
      [GC Worker End (ms): Min: 497752.0, Avg: 497752.0, Max: 497752.0, Diff: 0.0]
   [Code Root Fixup: 0.0 ms]
   [Code Root Purge: 0.0 ms]
   [Clear CT: 0.1 ms]
   [Other: 0.4 ms]
      [Choose CSet: 0.0 ms]
      [Ref Proc: 0.1 ms]
      [Ref Enq: 0.0 ms]
      [Redirty Cards: 0.0 ms]
      [Humongous Register: 0.0 ms]
      [Humongous Reclaim: 0.0 ms]
      [Free CSet: 0.1 ms]
   [Eden: 264.0M(264.0M)->0.0B(261.0M) Survivors: 13312.0K->16384.0K Heap: 405.6M(472.0M)->144.6M(472.0M)]
 [Times: user=0.03 sys=0.00, real=0.01 secs] 
2024-07-06T11:32:24.039+0800: 498.206: [GC pause (G1 Evacuation Pause) (young), 0.0252131 secs]
   [Parallel Time: 24.6 ms, GC Workers: 2]
      [GC Worker Start (ms): Min: 498205.6, Avg: 498205.6, Max: 498205.6, Diff: 0.0]
      [Ext Root Scanning (ms): Min: 0.6, Avg: 0.6, Max: 0.6, Diff: 0.0, Sum: 1.2]
      [Update RS (ms): Min: 0.0, Avg: 0.0, Max: 0.0, Diff: 0.0, Sum: 0.1]
         [Processed Buffers: Min: 1, Avg: 3.5, Max: 6, Diff: 5, Sum: 7]
      [Scan RS (ms): Min: 0.1, Avg: 0.1, Max: 0.1, Diff: 0.0, Sum: 0.2]
      [Code Root Scanning (ms): Min: 0.0, Avg: 0.0, Max: 0.0, Diff: 0.0, Sum: 0.0]
      [Object Copy (ms): Min: 23.7, Avg: 23.7, Max: 23.7, Diff: 0.0, Sum: 47.4]
      [Termination (ms): Min: 0.0, Avg: 0.0, Max: 0.0, Diff: 0.0, Sum: 0.0]
         [Termination Attempts: Min: 1, Avg: 1.0, Max: 1, Diff: 0, Sum: 2]
      [GC Worker Other (ms): Min: 0.0, Avg: 0.0, Max: 0.0, Diff: 0.0, Sum: 0.0]
      [GC Worker Total (ms): Min: 24.5, Avg: 24.5, Max: 24.5, Diff: 0.0, Sum: 49.0]
      [GC Worker End (ms): Min: 498230.1, Avg: 498230.1, Max: 498230.1, Diff: 0.0]
   [Code Root Fixup: 0.0 ms]
   [Code Root Purge: 0.0 ms]
   [Clear CT: 0.1 ms]
   [Other: 0.5 ms]
      [Choose CSet: 0.0 ms]
      [Ref Proc: 0.1 ms]
      [Ref Enq: 0.0 ms]
      [Redirty Cards: 0.0 ms]
      [Humongous Register: 0.0 ms]
      [Humongous Reclaim: 0.0 ms]
      [Free CSet: 0.2 ms]
   [Eden: 261.0M(261.0M)->0.0B(255.0M) Survivors: 16384.0K->19456.0K Heap: 405.6M(472.0M)->147.1M(472.0M)]
 [Times: user=0.05 sys=0.00, real=0.02 secs] 
2024-07-06T11:32:24.518+0800: 498.685: [GC pause (G1 Evacuation Pause) (young), 0.0185302 secs]
   [Parallel Time: 18.0 ms, GC Workers: 2]
      [GC Worker Start (ms): Min: 498684.7, Avg: 498684.7, Max: 498684.7, Diff: 0.0]
      [Ext Root Scanning (ms): Min: 0.6, Avg: 0.6, Max: 0.6, Diff: 0.0, Sum: 1.1]
      [Update RS (ms): Min: 0.0, Avg: 0.0, Max: 0.0, Diff: 0.0, Sum: 0.1]
         [Processed Buffers: Min: 3, Avg: 3.0, Max: 3, Diff: 0, Sum: 6]
      [Scan RS (ms): Min: 0.1, Avg: 0.1, Max: 0.1, Diff: 0.0, Sum: 0.2]
      [Code Root Scanning (ms): Min: 0.0, Avg: 0.0, Max: 0.0, Diff: 0.0, Sum: 0.0]
      [Object Copy (ms): Min: 17.2, Avg: 17.2, Max: 17.2, Diff: 0.0, Sum: 34.4]
      [Termination (ms): Min: 0.0, Avg: 0.0, Max: 0.0, Diff: 0.0, Sum: 0.0]
         [Termination Attempts: Min: 1, Avg: 1.0, Max: 1, Diff: 0, Sum: 2]
      [GC Worker Other (ms): Min: 0.0, Avg: 0.0, Max: 0.0, Diff: 0.0, Sum: 0.0]
      [GC Worker Total (ms): Min: 17.9, Avg: 17.9, Max: 17.9, Diff: 0.0, Sum: 35.8]
      [GC Worker End (ms): Min: 498702.6, Avg: 498702.6, Max: 498702.6, Diff: 0.0]
   [Code Root Fixup: 0.0 ms]
   [Code Root Purge: 0.0 ms]
   [Clear CT: 0.1 ms]
   [Other: 0.4 ms]
      [Choose CSet: 0.0 ms]
      [Ref Proc: 0.1 ms]
      [Ref Enq: 0.0 ms]
      [Redirty Cards: 0.1 ms]
      [Humongous Register: 0.0 ms]
      [Humongous Reclaim: 0.0 ms]
      [Free CSet: 0.2 ms]
   [Eden: 255.0M(255.0M)->0.0B(257.0M) Survivors: 19456.0K->17408.0K Heap: 402.1M(472.0M)->145.2M(472.0M)]
 [Times: user=0.03 sys=0.00, real=0.02 secs] 
2024-07-06T11:32:25.016+0800: 499.182: [GC pause (G1 Evacuation Pause) (young), 0.0142652 secs]
   [Parallel Time: 13.8 ms, GC Workers: 2]
      [GC Worker Start (ms): Min: 499182.3, Avg: 499182.3, Max: 499182.3, Diff: 0.0]
      [Ext Root Scanning (ms): Min: 0.5, Avg: 0.5, Max: 0.5, Diff: 0.0, Sum: 1.0]
      [Update RS (ms): Min: 0.0, Avg: 0.0, Max: 0.0, Diff: 0.0, Sum: 0.1]
         [Processed Buffers: Min: 1, Avg: 3.5, Max: 6, Diff: 5, Sum: 7]
      [Scan RS (ms): Min: 0.1, Avg: 0.1, Max: 0.1, Diff: 0.0, Sum: 0.2]
      [Code Root Scanning (ms): Min: 0.0, Avg: 0.0, Max: 0.0, Diff: 0.0, Sum: 0.0]
      [Object Copy (ms): Min: 13.0, Avg: 13.0, Max: 13.0, Diff: 0.0, Sum: 26.1]
      [Termination (ms): Min: 0.0, Avg: 0.0, Max: 0.0, Diff: 0.0, Sum: 0.0]
         [Termination Attempts: Min: 1, Avg: 1.0, Max: 1, Diff: 0, Sum: 2]
      [GC Worker Other (ms): Min: 0.0, Avg: 0.0, Max: 0.0, Diff: 0.0, Sum: 0.0]
      [GC Worker Total (ms): Min: 13.7, Avg: 13.7, Max: 13.7, Diff: 0.0, Sum: 27.4]
      [GC Worker End (ms): Min: 499196.0, Avg: 499196.0, Max: 499196.0, Diff: 0.0]
   [Code Root Fixup: 0.0 ms]
   [Code Root Purge: 0.0 ms]
   [Clear CT: 0.1 ms]
   [Other: 0.4 ms]
      [Choose CSet: 0.0 ms]
      [Ref Proc: 0.1 ms]
      [Ref Enq: 0.0 ms]
      [Redirty Cards: 0.0 ms]
      [Humongous Register: 0.0 ms]
      [Humongous Reclaim: 0.0 ms]
      [Free CSet: 0.1 ms]
   [Eden: 257.0M(257.0M)->0.0B(262.0M) Survivors: 17408.0K->13312.0K Heap: 402.2M(472.0M)->141.7M(472.0M)]
 [Times: user=0.03 sys=0.00, real=0.01 secs] 
2024-07-06T11:32:25.431+0800: 499.598: [GC pause (G1 Evacuation Pause) (young), 0.0208009 secs]
   [Parallel Time: 20.2 ms, GC Workers: 2]
      [GC Worker Start (ms): Min: 499597.6, Avg: 499597.6, Max: 499597.6, Diff: 0.0]
      [Ext Root Scanning (ms): Min: 0.5, Avg: 0.5, Max: 0.5, Diff: 0.0, Sum: 1.1]
      [Update RS (ms): Min: 0.0, Avg: 0.0, Max: 0.0, Diff: 0.0, Sum: 0.1]
         [Processed Buffers: Min: 3, Avg: 3.0, Max: 3, Diff: 0, Sum: 6]
      [Scan RS (ms): Min: 0.1, Avg: 0.1, Max: 0.1, Diff: 0.0, Sum: 0.2]
      [Code Root Scanning (ms): Min: 0.0, Avg: 0.0, Max: 0.0, Diff: 0.0, Sum: 0.0]
      [Object Copy (ms): Min: 19.5, Avg: 19.5, Max: 19.5, Diff: 0.0, Sum: 38.9]
      [Termination (ms): Min: 0.0, Avg: 0.0, Max: 0.0, Diff: 0.0, Sum: 0.0]
         [Termination Attempts: Min: 1, Avg: 1.0, Max: 1, Diff: 0, Sum: 2]
      [GC Worker Other (ms): Min: 0.0, Avg: 0.0, Max: 0.0, Diff: 0.0, Sum: 0.0]
      [GC Worker Total (ms): Min: 20.1, Avg: 20.1, Max: 20.1, Diff: 0.0, Sum: 40.3]
      [GC Worker End (ms): Min: 499617.7, Avg: 499617.7, Max: 499617.7, Diff: 0.0]
   [Code Root Fixup: 0.0 ms]
   [Code Root Purge: 0.0 ms]
   [Clear CT: 0.1 ms]
   [Other: 0.4 ms]
      [Choose CSet: 0.0 ms]
      [Ref Proc: 0.1 ms]
      [Ref Enq: 0.0 ms]
      [Redirty Cards: 0.0 ms]
      [Humongous Register: 0.0 ms]
      [Humongous Reclaim: 0.0 ms]
      [Free CSet: 0.2 ms]
   [Eden: 262.0M(262.0M)->0.0B(255.0M) Survivors: 13312.0K->19456.0K Heap: 403.7M(472.0M)->147.2M(472.0M)]
 [Times: user=0.04 sys=0.00, real=0.02 secs] 
2024-07-06T11:32:25.887+0800: 500.053: [GC pause (G1 Evacuation Pause) (young), 0.0095280 secs]
   [Parallel Time: 8.9 ms, GC Workers: 2]
      [GC Worker Start (ms): Min: 500053.6, Avg: 500053.6, Max: 500053.6, Diff: 0.0]
      [Ext Root Scanning (ms): Min: 0.5, Avg: 0.5, Max: 0.6, Diff: 0.0, Sum: 1.1]
      [Update RS (ms): Min: 0.0, Avg: 0.0, Max: 0.0, Diff: 0.0, Sum: 0.1]
         [Processed Buffers: Min: 1, Avg: 3.0, Max: 5, Diff: 4, Sum: 6]
      [Scan RS (ms): Min: 0.1, Avg: 0.1, Max: 0.1, Diff: 0.0, Sum: 0.2]
      [Code Root Scanning (ms): Min: 0.0, Avg: 0.0, Max: 0.0, Diff: 0.0, Sum: 0.0]
      [Object Copy (ms): Min: 8.2, Avg: 8.2, Max: 8.2, Diff: 0.1, Sum: 16.4]
      [Termination (ms): Min: 0.0, Avg: 0.0, Max: 0.0, Diff: 0.0, Sum: 0.0]
         [Termination Attempts: Min: 1, Avg: 1.0, Max: 1, Diff: 0, Sum: 2]
      [GC Worker Other (ms): Min: 0.0, Avg: 0.0, Max: 0.0, Diff: 0.0, Sum: 0.0]
      [GC Worker Total (ms): Min: 8.9, Avg: 8.9, Max: 8.9, Diff: 0.0, Sum: 17.7]
      [GC Worker End (ms): Min: 500062.4, Avg: 500062.4, Max: 500062.4, Diff: 0.0]
   [Code Root Fixup: 0.0 ms]
   [Code Root Purge: 0.0 ms]
   [Clear CT: 0.1 ms]
   [Other: 0.5 ms]
      [Choose CSet: 0.0 ms]
      [Ref Proc: 0.1 ms]
      [Ref Enq: 0.0 ms]
      [Redirty Cards: 0.1 ms]
      [Humongous Register: 0.0 ms]
      [Humongous Reclaim: 0.0 ms]
      [Free CSet: 0.2 ms]
   [Eden: 255.0M(255.0M)->0.0B(267.0M) Survivors: 19456.0K->9216.0K Heap: 402.2M(472.0M)->137.7M(472.0M)]
 [Times: user=0.02 sys=0.00, real=0.01 secs] 
2024-07-06T11:32:26.299+0800: 500.465: [GC pause (G1 Evacuation Pause) (young), 0.0190376 secs]
   [Parallel Time: 18.5 ms, GC Workers: 2]
      [GC Worker Start (ms): Min: 500465.6, Avg: 500465.6, Max: 500465.6, Diff: 0.0]
      [Ext Root Scanning (ms): Min: 0.5, Avg: 0.5, Max: 0.5, Diff: 0.0, Sum: 1.0]
      [Update RS (ms): Min: 0.0, Avg: 0.0, Max: 0.0, Diff: 0.0, Sum: 0.1]
         [Processed Buffers: Min: 2, Avg: 3.0, Max: 4, Diff: 2, Sum: 6]
      [Scan RS (ms): Min: 0.1, Avg: 0.1, Max: 0.1, Diff: 0.0, Sum: 0.2]
      [Code Root Scanning (ms): Min: 0.0, Avg: 0.0, Max: 0.0, Diff: 0.0, Sum: 0.0]
      [Object Copy (ms): Min: 17.8, Avg: 17.8, Max: 17.9, Diff: 0.0, Sum: 35.7]
      [Termination (ms): Min: 0.0, Avg: 0.0, Max: 0.0, Diff: 0.0, Sum: 0.0]
         [Termination Attempts: Min: 1, Avg: 1.0, Max: 1, Diff: 0, Sum: 2]
      [GC Worker Other (ms): Min: 0.0, Avg: 0.0, Max: 0.0, Diff: 0.0, Sum: 0.0]
      [GC Worker Total (ms): Min: 18.4, Avg: 18.5, Max: 18.5, Diff: 0.0, Sum: 36.9]
      [GC Worker End (ms): Min: 500484.0, Avg: 500484.0, Max: 500484.0, Diff: 0.0]
   [Code Root Fixup: 0.0 ms]
   [Code Root Purge: 0.0 ms]
   [Clear CT: 0.1 ms]
   [Other: 0.4 ms]
      [Choose CSet: 0.0 ms]
      [Ref Proc: 0.1 ms]
      [Ref Enq: 0.0 ms]
      [Redirty Cards: 0.0 ms]
      [Humongous Register: 0.0 ms]
      [Humongous Reclaim: 0.0 ms]
      [Free CSet: 0.1 ms]
   [Eden: 267.0M(267.0M)->0.0B(258.0M) Survivors: 9216.0K->17408.0K Heap: 404.7M(472.0M)->145.7M(472.0M)]
 [Times: user=0.04 sys=0.00, real=0.02 secs] 
2024-07-06T11:32:26.739+0800: 500.905: [GC pause (G1 Evacuation Pause) (young), 0.0160507 secs]
   [Parallel Time: 15.3 ms, GC Workers: 2]
      [GC Worker Start (ms): Min: 500905.5, Avg: 500905.6, Max: 500905.6, Diff: 0.0]
      [Ext Root Scanning (ms): Min: 0.5, Avg: 0.5, Max: 0.5, Diff: 0.0, Sum: 1.0]
      [Update RS (ms): Min: 0.0, Avg: 0.0, Max: 0.0, Diff: 0.0, Sum: 0.1]
         [Processed Buffers: Min: 3, Avg: 3.5, Max: 4, Diff: 1, Sum: 7]
      [Scan RS (ms): Min: 0.1, Avg: 0.1, Max: 0.1, Diff: 0.0, Sum: 0.1]
      [Code Root Scanning (ms): Min: 0.0, Avg: 0.0, Max: 0.0, Diff: 0.0, Sum: 0.0]
      [Object Copy (ms): Min: 14.6, Avg: 14.6, Max: 14.7, Diff: 0.0, Sum: 29.3]
      [Termination (ms): Min: 0.0, Avg: 0.0, Max: 0.0, Diff: 0.0, Sum: 0.0]
         [Termination Attempts: Min: 1, Avg: 2.0, Max: 3, Diff: 2, Sum: 4]
      [GC Worker Other (ms): Min: 0.0, Avg: 0.0, Max: 0.0, Diff: 0.0, Sum: 0.0]
      [GC Worker Total (ms): Min: 15.2, Avg: 15.3, Max: 15.3, Diff: 0.0, Sum: 30.5]
      [GC Worker End (ms): Min: 500920.8, Avg: 500920.8, Max: 500920.8, Diff: 0.0]
   [Code Root Fixup: 0.0 ms]
   [Code Root Purge: 0.0 ms]
   [Clear CT: 0.2 ms]
   [Other: 0.6 ms]
      [Choose CSet: 0.0 ms]
      [Ref Proc: 0.2 ms]
      [Ref Enq: 0.0 ms]
      [Redirty Cards: 0.1 ms]
      [Humongous Register: 0.0 ms]
      [Humongous Reclaim: 0.0 ms]
      [Free CSet: 0.2 ms]
   [Eden: 258.0M(258.0M)->0.0B(260.0M) Survivors: 17408.0K->15360.0K Heap: 403.7M(472.0M)->143.7M(472.0M)]
 [Times: user=0.03 sys=0.00, real=0.02 secs] 
2024-07-06T11:32:27.161+0800: 501.327: [GC pause (G1 Evacuation Pause) (young), 0.0189618 secs]
   [Parallel Time: 18.4 ms, GC Workers: 2]
      [GC Worker Start (ms): Min: 501326.8, Avg: 501327.4, Max: 501328.1, Diff: 1.3]
      [Ext Root Scanning (ms): Min: 0.0, Avg: 0.3, Max: 0.7, Diff: 0.7, Sum: 0.7]
      [Update RS (ms): Min: 0.0, Avg: 0.0, Max: 0.0, Diff: 0.0, Sum: 0.0]
         [Processed Buffers: Min: 0, Avg: 2.5, Max: 5, Diff: 5, Sum: 5]
      [Scan RS (ms): Min: 0.0, Avg: 0.1, Max: 0.1, Diff: 0.1, Sum: 0.1]
      [Code Root Scanning (ms): Min: 0.0, Avg: 0.0, Max: 0.0, Diff: 0.0, Sum: 0.0]
      [Object Copy (ms): Min: 17.0, Avg: 17.2, Max: 17.5, Diff: 0.4, Sum: 34.5]
      [Termination (ms): Min: 0.0, Avg: 0.0, Max: 0.0, Diff: 0.0, Sum: 0.0]
         [Termination Attempts: Min: 1, Avg: 1.0, Max: 1, Diff: 0, Sum: 2]
      [GC Worker Other (ms): Min: 0.0, Avg: 0.0, Max: 0.0, Diff: 0.0, Sum: 0.0]
      [GC Worker Total (ms): Min: 17.1, Avg: 17.7, Max: 18.3, Diff: 1.3, Sum: 35.4]
      [GC Worker End (ms): Min: 501345.1, Avg: 501345.1, Max: 501345.1, Diff: 0.0]
   [Code Root Fixup: 0.0 ms]
   [Code Root Purge: 0.0 ms]
   [Clear CT: 0.1 ms]
   [Other: 0.4 ms]
      [Choose CSet: 0.0 ms]
      [Ref Proc: 0.1 ms]
      [Ref Enq: 0.0 ms]
      [Redirty Cards: 0.1 ms]
      [Humongous Register: 0.0 ms]
      [Humongous Reclaim: 0.0 ms]
      [Free CSet: 0.1 ms]
   [Eden: 260.0M(260.0M)->0.0B(257.0M) Survivors: 15360.0K->17408.0K Heap: 403.7M(472.0M)->145.2M(472.0M)]
 [Times: user=0.04 sys=0.00, real=0.02 secs] 
2024-07-06T11:32:27.599+0800: 501.765: [GC pause (G1 Evacuation Pause) (young), 0.0205940 secs]
   [Parallel Time: 20.0 ms, GC Workers: 2]
      [GC Worker Start (ms): Min: 501765.6, Avg: 501765.6, Max: 501765.6, Diff: 0.0]
      [Ext Root Scanning (ms): Min: 0.5, Avg: 0.5, Max: 0.5, Diff: 0.0, Sum: 1.0]
      [Update RS (ms): Min: 0.0, Avg: 0.0, Max: 0.0, Diff: 0.0, Sum: 0.1]
         [Processed Buffers: Min: 1, Avg: 3.0, Max: 5, Diff: 4, Sum: 6]
      [Scan RS (ms): Min: 0.1, Avg: 0.1, Max: 0.1, Diff: 0.0, Sum: 0.2]
      [Code Root Scanning (ms): Min: 0.0, Avg: 0.0, Max: 0.0, Diff: 0.0, Sum: 0.0]
      [Object Copy (ms): Min: 19.3, Avg: 19.3, Max: 19.3, Diff: 0.0, Sum: 38.6]
      [Termination (ms): Min: 0.0, Avg: 0.0, Max: 0.0, Diff: 0.0, Sum: 0.0]
         [Termination Attempts: Min: 1, Avg: 1.5, Max: 2, Diff: 1, Sum: 3]
      [GC Worker Other (ms): Min: 0.0, Avg: 0.0, Max: 0.0, Diff: 0.0, Sum: 0.0]
      [GC Worker Total (ms): Min: 20.0, Avg: 20.0, Max: 20.0, Diff: 0.0, Sum: 40.0]
      [GC Worker End (ms): Min: 501785.6, Avg: 501785.6, Max: 501785.6, Diff: 0.0]
   [Code Root Fixup: 0.0 ms]
   [Code Root Purge: 0.0 ms]
   [Clear CT: 0.1 ms]
   [Other: 0.4 ms]
      [Choose CSet: 0.0 ms]
      [Ref Proc: 0.1 ms]
      [Ref Enq: 0.0 ms]
      [Redirty Cards: 0.1 ms]
      [Humongous Register: 0.0 ms]
      [Humongous Reclaim: 0.0 ms]
      [Free CSet: 0.2 ms]
   [Eden: 257.0M(257.0M)->0.0B(256.0M) Survivors: 17408.0K->18432.0K Heap: 402.2M(472.0M)->146.2M(472.0M)]
 [Times: user=0.04 sys=0.00, real=0.02 secs] 
2024-07-06T11:32:28.087+0800: 502.254: [GC pause (G1 Evacuation Pause) (young), 0.0133241 secs]
   [Parallel Time: 12.8 ms, GC Workers: 2]
      [GC Worker Start (ms): Min: 502253.6, Avg: 502253.6, Max: 502253.6, Diff: 0.0]
      [Ext Root Scanning (ms): Min: 0.6, Avg: 0.6, Max: 0.6, Diff: 0.0, Sum: 1.1]
      [Update RS (ms): Min: 0.0, Avg: 0.0, Max: 0.0, Diff: 0.0, Sum: 0.1]
         [Processed Buffers: Min: 1, Avg: 3.0, Max: 5, Diff: 4, Sum: 6]
      [Scan RS (ms): Min: 0.1, Avg: 0.1, Max: 0.1, Diff: 0.0, Sum: 0.2]
      [Code Root Scanning (ms): Min: 0.0, Avg: 0.0, Max: 0.0, Diff: 0.0, Sum: 0.0]
      [Object Copy (ms): Min: 12.0, Avg: 12.0, Max: 12.0, Diff: 0.0, Sum: 24.0]
      [Termination (ms): Min: 0.0, Avg: 0.0, Max: 0.0, Diff: 0.0, Sum: 0.0]
         [Termination Attempts: Min: 2, Avg: 2.5, Max: 3, Diff: 1, Sum: 5]
      [GC Worker Other (ms): Min: 0.0, Avg: 0.0, Max: 0.0, Diff: 0.0, Sum: 0.0]
      [GC Worker Total (ms): Min: 12.7, Avg: 12.7, Max: 12.7, Diff: 0.0, Sum: 25.4]
      [GC Worker End (ms): Min: 502266.3, Avg: 502266.3, Max: 502266.3, Diff: 0.0]
   [Code Root Fixup: 0.0 ms]
   [Code Root Purge: 0.0 ms]
   [Clear CT: 0.1 ms]
   [Other: 0.4 ms]
      [Choose CSet: 0.0 ms]
      [Ref Proc: 0.1 ms]
      [Ref Enq: 0.0 ms]
      [Redirty Cards: 0.0 ms]
      [Humongous Register: 0.0 ms]
      [Humongous Reclaim: 0.0 ms]
      [Free CSet: 0.2 ms]
   [Eden: 256.0M(256.0M)->0.0B(263.0M) Survivors: 18432.0K->12288.0K Heap: 402.2M(472.0M)->140.2M(472.0M)]
 [Times: user=0.03 sys=0.00, real=0.01 secs] 
2024-07-06T11:32:28.621+0800: 502.787: [GC pause (G1 Evacuation Pause) (young), 0.0185216 secs]
   [Parallel Time: 17.8 ms, GC Workers: 2]
      [GC Worker Start (ms): Min: 502787.2, Avg: 502787.2, Max: 502787.2, Diff: 0.0]
      [Ext Root Scanning (ms): Min: 0.7, Avg: 0.7, Max: 0.7, Diff: 0.0, Sum: 1.4]
      [Update RS (ms): Min: 0.0, Avg: 0.0, Max: 0.1, Diff: 0.1, Sum: 0.1]
         [Processed Buffers: Min: 2, Avg: 3.5, Max: 5, Diff: 3, Sum: 7]
      [Scan RS (ms): Min: 0.1, Avg: 0.1, Max: 0.1, Diff: 0.0, Sum: 0.3]
      [Code Root Scanning (ms): Min: 0.0, Avg: 0.0, Max: 0.0, Diff: 0.0, Sum: 0.0]
      [Object Copy (ms): Min: 16.8, Avg: 16.8, Max: 16.8, Diff: 0.0, Sum: 33.7]
      [Termination (ms): Min: 0.0, Avg: 0.0, Max: 0.0, Diff: 0.0, Sum: 0.0]
         [Termination Attempts: Min: 1, Avg: 1.0, Max: 1, Diff: 0, Sum: 2]
      [GC Worker Other (ms): Min: 0.0, Avg: 0.0, Max: 0.0, Diff: 0.0, Sum: 0.0]
      [GC Worker Total (ms): Min: 17.7, Avg: 17.8, Max: 17.8, Diff: 0.0, Sum: 35.5]
      [GC Worker End (ms): Min: 502804.9, Avg: 502804.9, Max: 502804.9, Diff: 0.0]
   [Code Root Fixup: 0.0 ms]
   [Code Root Purge: 0.0 ms]
   [Clear CT: 0.1 ms]
   [Other: 0.5 ms]
      [Choose CSet: 0.0 ms]
      [Ref Proc: 0.2 ms]
      [Ref Enq: 0.0 ms]
      [Redirty Cards: 0.1 ms]
      [Humongous Register: 0.0 ms]
      [Humongous Reclaim: 0.0 ms]
      [Free CSet: 0.1 ms]
   [Eden: 263.0M(263.0M)->0.0B(260.0M) Survivors: 12288.0K->15360.0K Heap: 403.2M(472.0M)->143.7M(472.0M)]
 [Times: user=0.03 sys=0.00, real=0.02 secs] 
2024-07-06T11:32:29.120+0800: 503.286: [GC pause (G1 Evacuation Pause) (young), 0.0165283 secs]
   [Parallel Time: 15.9 ms, GC Workers: 2]
      [GC Worker Start (ms): Min: 503286.0, Avg: 503286.0, Max: 503286.0, Diff: 0.0]
      [Ext Root Scanning (ms): Min: 0.5, Avg: 0.5, Max: 0.5, Diff: 0.0, Sum: 1.0]
      [Update RS (ms): Min: 0.0, Avg: 0.0, Max: 0.0, Diff: 0.0, Sum: 0.1]
         [Processed Buffers: Min: 3, Avg: 3.0, Max: 3, Diff: 0, Sum: 6]
      [Scan RS (ms): Min: 0.1, Avg: 0.1, Max: 0.1, Diff: 0.0, Sum: 0.2]
      [Code Root Scanning (ms): Min: 0.0, Avg: 0.0, Max: 0.0, Diff: 0.0, Sum: 0.0]
      [Object Copy (ms): Min: 15.2, Avg: 15.2, Max: 15.3, Diff: 0.0, Sum: 30.5]
      [Termination (ms): Min: 0.0, Avg: 0.0, Max: 0.0, Diff: 0.0, Sum: 0.0]
         [Termination Attempts: Min: 1, Avg: 1.0, Max: 1, Diff: 0, Sum: 2]
      [GC Worker Other (ms): Min: 0.0, Avg: 0.0, Max: 0.0, Diff: 0.0, Sum: 0.0]
      [GC Worker Total (ms): Min: 15.8, Avg: 15.9, Max: 15.9, Diff: 0.0, Sum: 31.7]
      [GC Worker End (ms): Min: 503301.9, Avg: 503301.9, Max: 503301.9, Diff: 0.0]
   [Code Root Fixup: 0.0 ms]
   [Code Root Purge: 0.0 ms]
   [Clear CT: 0.1 ms]
   [Other: 0.5 ms]
      [Choose CSet: 0.0 ms]
      [Ref Proc: 0.2 ms]
      [Ref Enq: 0.0 ms]
      [Redirty Cards: 0.0 ms]
      [Humongous Register: 0.0 ms]
      [Humongous Reclaim: 0.0 ms]
      [Free CSet: 0.1 ms]
   [Eden: 260.0M(260.0M)->0.0B(260.0M) Survivors: 15360.0K->15360.0K Heap: 403.7M(472.0M)->143.2M(472.0M)]
 [Times: user=0.03 sys=0.00, real=0.02 secs] 
2024-07-06T11:32:29.603+0800: 503.769: [GC pause (G1 Evacuation Pause) (young), 0.0156822 secs]
   [Parallel Time: 14.9 ms, GC Workers: 2]
      [GC Worker Start (ms): Min: 503769.5, Avg: 503769.5, Max: 503769.5, Diff: 0.0]
      [Ext Root Scanning (ms): Min: 0.5, Avg: 0.5, Max: 0.5, Diff: 0.0, Sum: 1.0]
      [Update RS (ms): Min: 0.0, Avg: 0.0, Max: 0.0, Diff: 0.0, Sum: 0.1]
         [Processed Buffers: Min: 3, Avg: 3.5, Max: 4, Diff: 1, Sum: 7]
      [Scan RS (ms): Min: 0.1, Avg: 0.1, Max: 0.1, Diff: 0.0, Sum: 0.2]
      [Code Root Scanning (ms): Min: 0.0, Avg: 0.0, Max: 0.0, Diff: 0.0, Sum: 0.0]
      [Object Copy (ms): Min: 14.2, Avg: 14.2, Max: 14.2, Diff: 0.0, Sum: 28.4]
      [Termination (ms): Min: 0.0, Avg: 0.0, Max: 0.0, Diff: 0.0, Sum: 0.0]
         [Termination Attempts: Min: 1, Avg: 1.0, Max: 1, Diff: 0, Sum: 2]
      [GC Worker Other (ms): Min: 0.0, Avg: 0.0, Max: 0.0, Diff: 0.0, Sum: 0.0]
      [GC Worker Total (ms): Min: 14.8, Avg: 14.8, Max: 14.8, Diff: 0.0, Sum: 29.7]
      [GC Worker End (ms): Min: 503784.4, Avg: 503784.4, Max: 503784.4, Diff: 0.0]
   [Code Root Fixup: 0.0 ms]
   [Code Root Purge: 0.0 ms]
   [Clear CT: 0.4 ms]
   [Other: 0.4 ms]
      [Choose CSet: 0.0 ms]
      [Ref Proc: 0.1 ms]
      [Ref Enq: 0.0 ms]
      [Redirty Cards: 0.1 ms]
      [Humongous Register: 0.0 ms]
      [Humongous Reclaim: 0.0 ms]
      [Free CSet: 0.2 ms]
   [Eden: 260.0M(260.0M)->0.0B(261.0M) Survivors: 15360.0K->14336.0K Heap: 403.2M(472.0M)->142.7M(472.0M)]
 [Times: user=0.03 sys=0.00, real=0.02 secs] 
2024-07-06T11:32:30.019+0800: 504.185: [GC pause (G1 Evacuation Pause) (young), 0.0107390 secs]
   [Parallel Time: 10.2 ms, GC Workers: 2]
      [GC Worker Start (ms): Min: 504185.5, Avg: 504185.5, Max: 504185.5, Diff: 0.0]
      [Ext Root Scanning (ms): Min: 0.5, Avg: 0.5, Max: 0.5, Diff: 0.0, Sum: 1.0]
      [Update RS (ms): Min: 0.0, Avg: 0.0, Max: 0.0, Diff: 0.0, Sum: 0.1]
         [Processed Buffers: Min: 2, Avg: 3.5, Max: 5, Diff: 3, Sum: 7]
      [Scan RS (ms): Min: 0.1, Avg: 0.1, Max: 0.1, Diff: 0.0, Sum: 0.2]
      [Code Root Scanning (ms): Min: 0.0, Avg: 0.0, Max: 0.0, Diff: 0.0, Sum: 0.0]
      [Object Copy (ms): Min: 9.5, Avg: 9.5, Max: 9.5, Diff: 0.0, Sum: 19.0]
      [Termination (ms): Min: 0.0, Avg: 0.0, Max: 0.0, Diff: 0.0, Sum: 0.0]
         [Termination Attempts: Min: 1, Avg: 1.5, Max: 2, Diff: 1, Sum: 3]
      [GC Worker Other (ms): Min: 0.0, Avg: 0.0, Max: 0.0, Diff: 0.0, Sum: 0.0]
      [GC Worker Total (ms): Min: 10.1, Avg: 10.2, Max: 10.2, Diff: 0.0, Sum: 20.3]
      [GC Worker End (ms): Min: 504195.7, Avg: 504195.7, Max: 504195.7, Diff: 0.0]
   [Code Root Fixup: 0.0 ms]
   [Code Root Purge: 0.0 ms]
   [Clear CT: 0.1 ms]
   [Other: 0.4 ms]
      [Choose CSet: 0.0 ms]
      [Ref Proc: 0.1 ms]
      [Ref Enq: 0.0 ms]
      [Redirty Cards: 0.1 ms]
      [Humongous Register: 0.0 ms]
      [Humongous Reclaim: 0.0 ms]
      [Free CSet: 0.2 ms]
   [Eden: 261.0M(261.0M)->0.0B(264.0M) Survivors: 14336.0K->12288.0K Heap: 403.7M(472.0M)->140.2M(472.0M)]
 [Times: user=0.02 sys=0.00, real=0.01 secs] 
2024-07-06T11:32:30.495+0800: 504.662: [GC pause (G1 Evacuation Pause) (young), 0.0179431 secs]
   [Parallel Time: 17.3 ms, GC Workers: 2]
      [GC Worker Start (ms): Min: 504661.6, Avg: 504662.2, Max: 504662.9, Diff: 1.3]
      [Ext Root Scanning (ms): Min: 0.0, Avg: 0.4, Max: 0.9, Diff: 0.9, Sum: 0.9]
      [Update RS (ms): Min: 0.0, Avg: 0.0, Max: 0.1, Diff: 0.1, Sum: 0.1]
         [Processed Buffers: Min: 0, Avg: 3.0, Max: 6, Diff: 6, Sum: 6]
      [Scan RS (ms): Min: 0.0, Avg: 0.1, Max: 0.2, Diff: 0.1, Sum: 0.2]
      [Code Root Scanning (ms): Min: 0.0, Avg: 0.0, Max: 0.0, Diff: 0.0, Sum: 0.0]
      [Object Copy (ms): Min: 15.9, Avg: 16.0, Max: 16.1, Diff: 0.2, Sum: 32.1]
      [Termination (ms): Min: 0.0, Avg: 0.0, Max: 0.0, Diff: 0.0, Sum: 0.0]
         [Termination Attempts: Min: 1, Avg: 1.0, Max: 1, Diff: 0, Sum: 2]
      [GC Worker Other (ms): Min: 0.0, Avg: 0.0, Max: 0.0, Diff: 0.0, Sum: 0.0]
      [GC Worker Total (ms): Min: 16.0, Avg: 16.6, Max: 17.3, Diff: 1.3, Sum: 33.2]
      [GC Worker End (ms): Min: 504678.9, Avg: 504678.9, Max: 504678.9, Diff: 0.0]
   [Code Root Fixup: 0.0 ms]
   [Code Root Purge: 0.0 ms]
   [Clear CT: 0.1 ms]
   [Other: 0.5 ms]
      [Choose CSet: 0.0 ms]
      [Ref Proc: 0.2 ms]
      [Ref Enq: 0.0 ms]
      [Redirty Cards: 0.0 ms]
      [Humongous Register: 0.0 ms]
      [Humongous Reclaim: 0.0 ms]
      [Free CSet: 0.2 ms]
   [Eden: 264.0M(264.0M)->0.0B(263.0M) Survivors: 12288.0K->13312.0K Heap: 404.2M(472.0M)->141.2M(472.0M)]
 [Times: user=0.04 sys=0.00, real=0.01 secs] 
2024-07-06T11:32:30.939+0800: 505.106: [GC pause (G1 Evacuation Pause) (young), 0.0133494 secs]
   [Parallel Time: 12.9 ms, GC Workers: 2]
      [GC Worker Start (ms): Min: 505105.7, Avg: 505105.7, Max: 505105.7, Diff: 0.0]
      [Ext Root Scanning (ms): Min: 0.5, Avg: 0.5, Max: 0.5, Diff: 0.0, Sum: 1.0]
      [Update RS (ms): Min: 0.0, Avg: 0.0, Max: 0.0, Diff: 0.0, Sum: 0.1]
         [Processed Buffers: Min: 2, Avg: 3.0, Max: 4, Diff: 2, Sum: 6]
      [Scan RS (ms): Min: 0.1, Avg: 0.1, Max: 0.1, Diff: 0.0, Sum: 0.1]
      [Code Root Scanning (ms): Min: 0.0, Avg: 0.0, Max: 0.0, Diff: 0.0, Sum: 0.0]
      [Object Copy (ms): Min: 12.2, Avg: 12.2, Max: 12.2, Diff: 0.0, Sum: 24.3]
      [Termination (ms): Min: 0.0, Avg: 0.0, Max: 0.0, Diff: 0.0, Sum: 0.0]
         [Termination Attempts: Min: 1, Avg: 1.0, Max: 1, Diff: 0, Sum: 2]
      [GC Worker Other (ms): Min: 0.0, Avg: 0.0, Max: 0.0, Diff: 0.0, Sum: 0.0]
      [GC Worker Total (ms): Min: 12.8, Avg: 12.8, Max: 12.8, Diff: 0.0, Sum: 25.6]
      [GC Worker End (ms): Min: 505118.5, Avg: 505118.5, Max: 505118.5, Diff: 0.0]
   [Code Root Fixup: 0.0 ms]
   [Code Root Purge: 0.0 ms]
   [Clear CT: 0.1 ms]
   [Other: 0.4 ms]
      [Choose CSet: 0.0 ms]
      [Ref Proc: 0.1 ms]
      [Ref Enq: 0.0 ms]
      [Redirty Cards: 0.0 ms]
      [Humongous Register: 0.0 ms]
      [Humongous Reclaim: 0.0 ms]
      [Free CSet: 0.1 ms]
   [Eden: 263.0M(263.0M)->0.0B(263.0M) Survivors: 13312.0K->13312.0K Heap: 404.2M(472.0M)->141.7M(472.0M)]
 [Times: user=0.03 sys=0.00, real=0.01 secs] 
2024-07-06T11:32:31.377+0800: 505.543: [GC pause (G1 Evacuation Pause) (young), 0.0150866 secs]
   [Parallel Time: 14.5 ms, GC Workers: 2]
      [GC Worker Start (ms): Min: 505543.1, Avg: 505543.5, Max: 505543.9, Diff: 0.7]
      [Ext Root Scanning (ms): Min: 0.4, Avg: 1.3, Max: 2.2, Diff: 1.8, Sum: 2.6]
      [Update RS (ms): Min: 0.0, Avg: 0.0, Max: 0.1, Diff: 0.1, Sum: 0.1]
         [Processed Buffers: Min: 0, Avg: 3.5, Max: 7, Diff: 7, Sum: 7]
      [Scan RS (ms): Min: 0.0, Avg: 0.1, Max: 0.2, Diff: 0.2, Sum: 0.2]
      [Code Root Scanning (ms): Min: 0.0, Avg: 0.0, Max: 0.0, Diff: 0.0, Sum: 0.0]
      [Object Copy (ms): Min: 12.2, Avg: 12.6, Max: 13.0, Diff: 0.9, Sum: 25.2]
      [Termination (ms): Min: 0.0, Avg: 0.0, Max: 0.0, Diff: 0.0, Sum: 0.0]
         [Termination Attempts: Min: 1, Avg: 1.0, Max: 1, Diff: 0, Sum: 2]
      [GC Worker Other (ms): Min: 0.0, Avg: 0.0, Max: 0.0, Diff: 0.0, Sum: 0.0]
      [GC Worker Total (ms): Min: 13.7, Avg: 14.1, Max: 14.4, Diff: 0.7, Sum: 28.2]
      [GC Worker End (ms): Min: 505557.6, Avg: 505557.6, Max: 505557.6, Diff: 0.0]
   [Code Root Fixup: 0.0 ms]
   [Code Root Purge: 0.0 ms]
   [Clear CT: 0.1 ms]
   [Other: 0.5 ms]
      [Choose CSet: 0.0 ms]
      [Ref Proc: 0.1 ms]
      [Ref Enq: 0.0 ms]
      [Redirty Cards: 0.0 ms]
      [Humongous Register: 0.0 ms]
      [Humongous Reclaim: 0.0 ms]
      [Free CSet: 0.2 ms]
   [Eden: 263.0M(263.0M)->0.0B(264.0M) Survivors: 13312.0K->13312.0K Heap: 404.7M(472.0M)->141.2M(472.0M)]
 [Times: user=0.02 sys=0.00, real=0.01 secs] 
2024-07-06T11:32:31.813+0800: 505.979: [GC pause (G1 Evacuation Pause) (young), 0.0246000 secs]
   [Parallel Time: 24.0 ms, GC Workers: 2]
      [GC Worker Start (ms): Min: 505979.0, Avg: 505979.0, Max: 505979.0, Diff: 0.0]
      [Ext Root Scanning (ms): Min: 0.5, Avg: 0.5, Max: 0.5, Diff: 0.0, Sum: 1.1]
      [Update RS (ms): Min: 0.0, Avg: 0.0, Max: 0.0, Diff: 0.0, Sum: 0.1]
         [Processed Buffers: Min: 3, Avg: 3.0, Max: 3, Diff: 0, Sum: 6]
      [Scan RS (ms): Min: 0.1, Avg: 0.1, Max: 0.1, Diff: 0.0, Sum: 0.2]
      [Code Root Scanning (ms): Min: 0.0, Avg: 0.0, Max: 0.0, Diff: 0.0, Sum: 0.0]
      [Object Copy (ms): Min: 23.3, Avg: 23.3, Max: 23.3, Diff: 0.0, Sum: 46.6]
      [Termination (ms): Min: 0.0, Avg: 0.0, Max: 0.0, Diff: 0.0, Sum: 0.0]
         [Termination Attempts: Min: 1, Avg: 1.0, Max: 1, Diff: 0, Sum: 2]
      [GC Worker Other (ms): Min: 0.0, Avg: 0.0, Max: 0.0, Diff: 0.0, Sum: 0.0]
      [GC Worker Total (ms): Min: 24.0, Avg: 24.0, Max: 24.0, Diff: 0.0, Sum: 47.9]
      [GC Worker End (ms): Min: 506003.0, Avg: 506003.0, Max: 506003.0, Diff: 0.0]
   [Code Root Fixup: 0.0 ms]
   [Code Root Purge: 0.0 ms]
   [Clear CT: 0.1 ms]
   [Other: 0.5 ms]
      [Choose CSet: 0.0 ms]
      [Ref Proc: 0.1 ms]
      [Ref Enq: 0.0 ms]
      [Redirty Cards: 0.1 ms]
      [Humongous Register: 0.0 ms]
      [Humongous Reclaim: 0.0 ms]
      [Free CSet: 0.2 ms]
   [Eden: 264.0M(264.0M)->0.0B(251.0M) Survivors: 13312.0K->21504.0K Heap: 405.2M(472.0M)->149.7M(472.0M)]
 [Times: user=0.04 sys=0.00, real=0.03 secs] 
2024-07-06T11:32:32.379+0800: 506.545: [GC pause (G1 Evacuation Pause) (young), 0.0114196 secs]
   [Parallel Time: 10.8 ms, GC Workers: 2]
      [GC Worker Start (ms): Min: 506545.2, Avg: 506545.2, Max: 506545.2, Diff: 0.0]
      [Ext Root Scanning (ms): Min: 0.6, Avg: 0.6, Max: 0.6, Diff: 0.0, Sum: 1.2]
      [Update RS (ms): Min: 0.0, Avg: 0.0, Max: 0.1, Diff: 0.0, Sum: 0.1]
         [Processed Buffers: Min: 2, Avg: 3.0, Max: 4, Diff: 2, Sum: 6]
      [Scan RS (ms): Min: 0.1, Avg: 0.1, Max: 0.1, Diff: 0.0, Sum: 0.2]
      [Code Root Scanning (ms): Min: 0.0, Avg: 0.0, Max: 0.0, Diff: 0.0, Sum: 0.0]
      [Object Copy (ms): Min: 9.9, Avg: 10.0, Max: 10.0, Diff: 0.1, Sum: 19.9]
      [Termination (ms): Min: 0.0, Avg: 0.0, Max: 0.0, Diff: 0.0, Sum: 0.0]
         [Termination Attempts: Min: 1, Avg: 1.0, Max: 1, Diff: 0, Sum: 2]
      [GC Worker Other (ms): Min: 0.0, Avg: 0.0, Max: 0.0, Diff: 0.0, Sum: 0.0]
      [GC Worker Total (ms): Min: 10.7, Avg: 10.7, Max: 10.7, Diff: 0.0, Sum: 21.4]
      [GC Worker End (ms): Min: 506555.9, Avg: 506555.9, Max: 506555.9, Diff: 0.0]
   [Code Root Fixup: 0.0 ms]
   [Code Root Purge: 0.0 ms]
   [Clear CT: 0.1 ms]
   [Other: 0.5 ms]
      [Choose CSet: 0.0 ms]
      [Ref Proc: 0.1 ms]
      [Ref Enq: 0.0 ms]
      [Redirty Cards: 0.1 ms]
      [Humongous Register: 0.0 ms]
      [Humongous Reclaim: 0.0 ms]
      [Free CSet: 0.2 ms]
   [Eden: 251.0M(251.0M)->0.0B(266.0M) Survivors: 21504.0K->10240.0K Heap: 400.7M(472.0M)->138.2M(472.0M)]
 [Times: user=0.03 sys=0.00, real=0.01 secs] 
2024-07-06T11:32:32.815+0800: 506.981: [GC pause (G1 Evacuation Pause) (young), 0.0257314 secs]
   [Parallel Time: 25.3 ms, GC Workers: 2]
      [GC Worker Start (ms): Min: 506981.4, Avg: 506981.6, Max: 506981.9, Diff: 0.5]
      [Ext Root Scanning (ms): Min: 0.3, Avg: 0.5, Max: 0.8, Diff: 0.4, Sum: 1.1]
      [Update RS (ms): Min: 0.0, Avg: 0.0, Max: 0.0, Diff: 0.0, Sum: 0.1]
         [Processed Buffers: Min: 3, Avg: 3.0, Max: 3, Diff: 0, Sum: 6]
      [Scan RS (ms): Min: 0.1, Avg: 0.1, Max: 0.1, Diff: 0.0, Sum: 0.1]
      [Code Root Scanning (ms): Min: 0.0, Avg: 0.0, Max: 0.0, Diff: 0.0, Sum: 0.0]
      [Object Copy (ms): Min: 24.3, Avg: 24.3, Max: 24.3, Diff: 0.0, Sum: 48.7]
      [Termination (ms): Min: 0.0, Avg: 0.0, Max: 0.0, Diff: 0.0, Sum: 0.0]
         [Termination Attempts: Min: 1, Avg: 1.0, Max: 1, Diff: 0, Sum: 2]
      [GC Worker Other (ms): Min: 0.0, Avg: 0.0, Max: 0.0, Diff: 0.0, Sum: 0.0]
      [GC Worker Total (ms): Min: 24.8, Avg: 25.0, Max: 25.2, Diff: 0.4, Sum: 50.0]
      [GC Worker End (ms): Min: 507006.6, Avg: 507006.6, Max: 507006.7, Diff: 0.0]
   [Code Root Fixup: 0.0 ms]
   [Code Root Purge: 0.0 ms]
   [Clear CT: 0.1 ms]
   [Other: 0.4 ms]
      [Choose CSet: 0.0 ms]
      [Ref Proc: 0.1 ms]
      [Ref Enq: 0.0 ms]
      [Redirty Cards: 0.0 ms]
      [Humongous Register: 0.0 ms]
      [Humongous Reclaim: 0.0 ms]
      [Free CSet: 0.1 ms]
   [Eden: 266.0M(266.0M)->0.0B(251.0M) Survivors: 10240.0K->21504.0K Heap: 404.2M(472.0M)->149.2M(472.0M)]
 [Times: user=0.05 sys=0.00, real=0.02 secs] 
2024-07-06T11:32:33.316+0800: 507.482: [GC pause (G1 Evacuation Pause) (young), 0.0144337 secs]
   [Parallel Time: 13.9 ms, GC Workers: 2]
      [GC Worker Start (ms): Min: 507482.3, Avg: 507482.4, Max: 507482.4, Diff: 0.0]
      [Ext Root Scanning (ms): Min: 0.5, Avg: 0.5, Max: 0.5, Diff: 0.0, Sum: 1.0]
      [Update RS (ms): Min: 0.0, Avg: 0.0, Max: 0.0, Diff: 0.0, Sum: 0.1]
         [Processed Buffers: Min: 2, Avg: 2.5, Max: 3, Diff: 1, Sum: 5]
      [Scan RS (ms): Min: 0.1, Avg: 0.1, Max: 0.1, Diff: 0.0, Sum: 0.2]
      [Code Root Scanning (ms): Min: 0.0, Avg: 0.0, Max: 0.0, Diff: 0.0, Sum: 0.0]
      [Object Copy (ms): Min: 13.1, Avg: 13.1, Max: 13.1, Diff: 0.0, Sum: 26.3]
      [Termination (ms): Min: 0.0, Avg: 0.0, Max: 0.0, Diff: 0.0, Sum: 0.0]
         [Termination Attempts: Min: 1, Avg: 1.0, Max: 1, Diff: 0, Sum: 2]
      [GC Worker Other (ms): Min: 0.0, Avg: 0.0, Max: 0.0, Diff: 0.0, Sum: 0.0]
      [GC Worker Total (ms): Min: 13.8, Avg: 13.8, Max: 13.8, Diff: 0.0, Sum: 27.6]
      [GC Worker End (ms): Min: 507496.2, Avg: 507496.2, Max: 507496.2, Diff: 0.0]
   [Code Root Fixup: 0.0 ms]
   [Code Root Purge: 0.0 ms]
   [Clear CT: 0.1 ms]
   [Other: 0.4 ms]
      [Choose CSet: 0.0 ms]
      [Ref Proc: 0.1 ms]
      [Ref Enq: 0.0 ms]
      [Redirty Cards: 0.1 ms]
      [Humongous Register: 0.0 ms]
      [Humongous Reclaim: 0.0 ms]
      [Free CSet: 0.2 ms]
   [Eden: 251.0M(251.0M)->0.0B(262.0M) Survivors: 21504.0K->13312.0K Heap: 400.2M(472.0M)->141.8M(472.0M)]
 [Times: user=0.03 sys=0.00, real=0.01 secs] 
2024-07-06T11:32:33.796+0800: 507.962: [GC pause (G1 Evacuation Pause) (young), 0.0221787 secs]
   [Parallel Time: 21.4 ms, GC Workers: 2]
      [GC Worker Start (ms): Min: 507961.9, Avg: 507961.9, Max: 507961.9, Diff: 0.0]
      [Ext Root Scanning (ms): Min: 0.5, Avg: 0.5, Max: 0.6, Diff: 0.0, Sum: 1.1]
      [Update RS (ms): Min: 0.0, Avg: 0.0, Max: 0.0, Diff: 0.0, Sum: 0.1]
         [Processed Buffers: Min: 2, Avg: 3.5, Max: 5, Diff: 3, Sum: 7]
      [Scan RS (ms): Min: 0.1, Avg: 0.1, Max: 0.1, Diff: 0.0, Sum: 0.2]
      [Code Root Scanning (ms): Min: 0.0, Avg: 0.0, Max: 0.0, Diff: 0.0, Sum: 0.0]
      [Object Copy (ms): Min: 19.7, Avg: 20.2, Max: 20.7, Diff: 1.0, Sum: 40.4]
      [Termination (ms): Min: 0.0, Avg: 0.5, Max: 1.0, Diff: 1.0, Sum: 1.0]
         [Termination Attempts: Min: 1, Avg: 1.5, Max: 2, Diff: 1, Sum: 3]
      [GC Worker Other (ms): Min: 0.0, Avg: 0.0, Max: 0.0, Diff: 0.0, Sum: 0.0]
      [GC Worker Total (ms): Min: 21.4, Avg: 21.4, Max: 21.4, Diff: 0.0, Sum: 42.8]
      [GC Worker End (ms): Min: 507983.3, Avg: 507983.3, Max: 507983.3, Diff: 0.0]
   [Code Root Fixup: 0.0 ms]
   [Code Root Purge: 0.0 ms]
   [Clear CT: 0.1 ms]
   [Other: 0.6 ms]
      [Choose CSet: 0.0 ms]
      [Ref Proc: 0.1 ms]
      [Ref Enq: 0.0 ms]
      [Redirty Cards: 0.2 ms]
      [Humongous Register: 0.0 ms]
      [Humongous Reclaim: 0.0 ms]
      [Free CSet: 0.2 ms]
   [Eden: 262.0M(262.0M)->0.0B(258.0M) Survivors: 13312.0K->17408.0K Heap: 403.8M(472.0M)->145.3M(472.0M)]
 [Times: user=0.03 sys=0.00, real=0.02 secs] 
2024-07-06T11:32:34.239+0800: 508.406: [GC pause (G1 Evacuation Pause) (young), 0.0121358 secs]
   [Parallel Time: 11.6 ms, GC Workers: 2]
      [GC Worker Start (ms): Min: 508405.6, Avg: 508405.6, Max: 508405.6, Diff: 0.0]
      [Ext Root Scanning (ms): Min: 0.5, Avg: 0.5, Max: 0.5, Diff: 0.0, Sum: 1.1]
      [Update RS (ms): Min: 0.0, Avg: 0.0, Max: 0.0, Diff: 0.0, Sum: 0.1]
         [Processed Buffers: Min: 1, Avg: 2.5, Max: 4, Diff: 3, Sum: 5]
      [Scan RS (ms): Min: 0.1, Avg: 0.1, Max: 0.1, Diff: 0.0, Sum: 0.2]
      [Code Root Scanning (ms): Min: 0.0, Avg: 0.0, Max: 0.0, Diff: 0.0, Sum: 0.0]
      [Object Copy (ms): Min: 10.9, Avg: 10.9, Max: 10.9, Diff: 0.0, Sum: 21.8]
      [Termination (ms): Min: 0.0, Avg: 0.0, Max: 0.0, Diff: 0.0, Sum: 0.0]
         [Termination Attempts: Min: 1, Avg: 1.0, Max: 1, Diff: 0, Sum: 2]
      [GC Worker Other (ms): Min: 0.0, Avg: 0.0, Max: 0.0, Diff: 0.0, Sum: 0.0]
      [GC Worker Total (ms): Min: 11.5, Avg: 11.5, Max: 11.5, Diff: 0.0, Sum: 23.1]
      [GC Worker End (ms): Min: 508417.1, Avg: 508417.1, Max: 508417.1, Diff: 0.0]
   [Code Root Fixup: 0.0 ms]
   [Code Root Purge: 0.0 ms]
   [Clear CT: 0.1 ms]
   [Other: 0.4 ms]
      [Choose CSet: 0.0 ms]
      [Ref Proc: 0.1 ms]
      [Ref Enq: 0.0 ms]
      [Redirty Cards: 0.0 ms]
      [Humongous Register: 0.0 ms]
      [Humongous Reclaim: 0.0 ms]
      [Free CSet: 0.2 ms]
   [Eden: 258.0M(258.0M)->0.0B(265.0M) Survivors: 17408.0K->11264.0K Heap: 403.3M(472.0M)->139.8M(472.0M)]
 [Times: user=0.03 sys=0.00, real=0.01 secs] 
2024-07-06T11:32:34.732+0800: 508.898: [GC pause (G1 Evacuation Pause) (young), 0.0132842 secs]
   [Parallel Time: 12.7 ms, GC Workers: 2]
      [GC Worker Start (ms): Min: 508898.1, Avg: 508898.1, Max: 508898.2, Diff: 0.1]
      [Ext Root Scanning (ms): Min: 0.5, Avg: 0.6, Max: 0.6, Diff: 0.1, Sum: 1.1]
      [Update RS (ms): Min: 0.0, Avg: 0.0, Max: 0.0, Diff: 0.0, Sum: 0.1]
         [Processed Buffers: Min: 3, Avg: 3.0, Max: 3, Diff: 0, Sum: 6]
      [Scan RS (ms): Min: 0.1, Avg: 0.1, Max: 0.1, Diff: 0.0, Sum: 0.1]
      [Code Root Scanning (ms): Min: 0.0, Avg: 0.0, Max: 0.0, Diff: 0.0, Sum: 0.0]
      [Object Copy (ms): Min: 11.9, Avg: 11.9, Max: 11.9, Diff: 0.0, Sum: 23.8]
      [Termination (ms): Min: 0.0, Avg: 0.0, Max: 0.0, Diff: 0.0, Sum: 0.0]
         [Termination Attempts: Min: 1, Avg: 1.0, Max: 1, Diff: 0, Sum: 2]
      [GC Worker Other (ms): Min: 0.0, Avg: 0.0, Max: 0.0, Diff: 0.0, Sum: 0.0]
      [GC Worker Total (ms): Min: 12.5, Avg: 12.6, Max: 12.6, Diff: 0.1, Sum: 25.2]
      [GC Worker End (ms): Min: 508910.7, Avg: 508910.7, Max: 508910.7, Diff: 0.0]
   [Code Root Fixup: 0.0 ms]
   [Code Root Purge: 0.0 ms]
   [Clear CT: 0.1 ms]
   [Other: 0.5 ms]
      [Choose CSet: 0.0 ms]
      [Ref Proc: 0.1 ms]
      [Ref Enq: 0.0 ms]
      [Redirty Cards: 0.2 ms]
      [Humongous Register: 0.0 ms]
      [Humongous Reclaim: 0.0 ms]
      [Free CSet: 0.2 ms]
   [Eden: 265.0M(265.0M)->0.0B(264.0M) Survivors: 11264.0K->13312.0K Heap: 404.8M(472.0M)->141.3M(472.0M)]
 [Times: user=0.02 sys=0.00, real=0.01 secs] 
2024-07-06T11:32:35.167+0800: 509.333: [GC pause (G1 Evacuation Pause) (young), 0.0161157 secs]
   [Parallel Time: 15.5 ms, GC Workers: 2]
      [GC Worker Start (ms): Min: 509333.6, Avg: 509333.6, Max: 509333.6, Diff: 0.0]
      [Ext Root Scanning (ms): Min: 0.5, Avg: 0.5, Max: 0.5, Diff: 0.0, Sum: 1.0]
      [Update RS (ms): Min: 0.0, Avg: 0.0, Max: 0.0, Diff: 0.0, Sum: 0.1]
         [Processed Buffers: Min: 3, Avg: 3.5, Max: 4, Diff: 1, Sum: 7]
      [Scan RS (ms): Min: 0.1, Avg: 0.1, Max: 0.1, Diff: 0.0, Sum: 0.1]
      [Code Root Scanning (ms): Min: 0.0, Avg: 0.0, Max: 0.0, Diff: 0.0, Sum: 0.0]
      [Object Copy (ms): Min: 14.8, Avg: 14.8, Max: 14.8, Diff: 0.0, Sum: 29.6]
      [Termination (ms): Min: 0.0, Avg: 0.0, Max: 0.0, Diff: 0.0, Sum: 0.0]
         [Termination Attempts: Min: 1, Avg: 1.0, Max: 1, Diff: 0, Sum: 2]
      [GC Worker Other (ms): Min: 0.0, Avg: 0.0, Max: 0.0, Diff: 0.0, Sum: 0.0]
      [GC Worker Total (ms): Min: 15.4, Avg: 15.4, Max: 15.4, Diff: 0.0, Sum: 30.8]
      [GC Worker End (ms): Min: 509349.0, Avg: 509349.0, Max: 509349.0, Diff: 0.0]
   [Code Root Fixup: 0.0 ms]
   [Code Root Purge: 0.0 ms]
   [Clear CT: 0.2 ms]
   [Other: 0.4 ms]
      [Choose CSet: 0.0 ms]
      [Ref Proc: 0.1 ms]
      [Ref Enq: 0.0 ms]
      [Redirty Cards: 0.0 ms]
      [Humongous Register: 0.0 ms]
      [Humongous Reclaim: 0.0 ms]
      [Free CSet: 0.1 ms]
   [Eden: 264.0M(264.0M)->0.0B(262.0M) Survivors: 13312.0K->14336.0K Heap: 405.3M(472.0M)->142.8M(472.0M)]
 [Times: user=0.03 sys=0.00, real=0.01 secs] 
2024-07-06T11:32:35.583+0800: 509.749: [GC pause (G1 Evacuation Pause) (young), 0.0182948 secs]
   [Parallel Time: 17.8 ms, GC Workers: 2]
      [GC Worker Start (ms): Min: 509749.3, Avg: 509749.3, Max: 509749.3, Diff: 0.0]
      [Ext Root Scanning (ms): Min: 0.5, Avg: 0.5, Max: 0.5, Diff: 0.0, Sum: 1.0]
      [Update RS (ms): Min: 0.0, Avg: 0.0, Max: 0.0, Diff: 0.0, Sum: 0.1]
         [Processed Buffers: Min: 3, Avg: 3.0, Max: 3, Diff: 0, Sum: 6]
      [Scan RS (ms): Min: 0.1, Avg: 0.1, Max: 0.1, Diff: 0.0, Sum: 0.2]
      [Code Root Scanning (ms): Min: 0.0, Avg: 0.0, Max: 0.0, Diff: 0.0, Sum: 0.0]
      [Object Copy (ms): Min: 17.1, Avg: 17.1, Max: 17.2, Diff: 0.0, Sum: 34.3]
      [Termination (ms): Min: 0.0, Avg: 0.0, Max: 0.0, Diff: 0.0, Sum: 0.0]
         [Termination Attempts: Min: 1, Avg: 1.0, Max: 1, Diff: 0, Sum: 2]
      [GC Worker Other (ms): Min: 0.0, Avg: 0.0, Max: 0.0, Diff: 0.0, Sum: 0.0]
      [GC Worker Total (ms): Min: 17.8, Avg: 17.8, Max: 17.8, Diff: 0.0, Sum: 35.5]
      [GC Worker End (ms): Min: 509767.1, Avg: 509767.1, Max: 509767.1, Diff: 0.0]
   [Code Root Fixup: 0.0 ms]
   [Code Root Purge: 0.0 ms]
   [Clear CT: 0.1 ms]
   [Other: 0.4 ms]
      [Choose CSet: 0.0 ms]
      [Ref Proc: 0.1 ms]
      [Ref Enq: 0.0 ms]
      [Redirty Cards: 0.0 ms]
      [Humongous Register: 0.0 ms]
      [Humongous Reclaim: 0.0 ms]
      [Free CSet: 0.1 ms]
   [Eden: 262.0M(262.0M)->0.0B(259.0M) Survivors: 14336.0K->16384.0K Heap: 404.8M(472.0M)->144.8M(472.0M)]
 [Times: user=0.03 sys=0.00, real=0.02 secs] 
2024-07-06T11:32:35.997+0800: 510.163: [GC pause (G1 Evacuation Pause) (young), 0.0146068 secs]
   [Parallel Time: 14.1 ms, GC Workers: 2]
      [GC Worker Start (ms): Min: 510163.1, Avg: 510163.1, Max: 510163.1, Diff: 0.0]
      [Ext Root Scanning (ms): Min: 0.5, Avg: 0.5, Max: 0.5, Diff: 0.0, Sum: 1.0]
      [Update RS (ms): Min: 0.0, Avg: 0.0, Max: 0.0, Diff: 0.0, Sum: 0.1]
         [Processed Buffers: Min: 2, Avg: 3.0, Max: 4, Diff: 2, Sum: 6]
      [Scan RS (ms): Min: 0.1, Avg: 0.1, Max: 0.1, Diff: 0.1, Sum: 0.2]
      [Code Root Scanning (ms): Min: 0.0, Avg: 0.0, Max: 0.0, Diff: 0.0, Sum: 0.0]
      [Object Copy (ms): Min: 13.3, Avg: 13.3, Max: 13.3, Diff: 0.0, Sum: 26.6]
      [Termination (ms): Min: 0.0, Avg: 0.0, Max: 0.0, Diff: 0.0, Sum: 0.0]
         [Termination Attempts: Min: 1, Avg: 1.0, Max: 1, Diff: 0, Sum: 2]
      [GC Worker Other (ms): Min: 0.0, Avg: 0.0, Max: 0.0, Diff: 0.0, Sum: 0.0]
      [GC Worker Total (ms): Min: 14.0, Avg: 14.0, Max: 14.0, Diff: 0.0, Sum: 28.0]
      [GC Worker End (ms): Min: 510177.0, Avg: 510177.0, Max: 510177.0, Diff: 0.0]
   [Code Root Fixup: 0.0 ms]
   [Code Root Purge: 0.0 ms]
   [Clear CT: 0.1 ms]
   [Other: 0.4 ms]
      [Choose CSet: 0.0 ms]
      [Ref Proc: 0.1 ms]
      [Ref Enq: 0.0 ms]
      [Redirty Cards: 0.1 ms]
      [Humongous Register: 0.0 ms]
      [Humongous Reclaim: 0.0 ms]
      [Free CSet: 0.2 ms]
   [Eden: 259.0M(259.0M)->0.0B(262.0M) Survivors: 16384.0K->13312.0K Heap: 403.8M(472.0M)->141.8M(472.0M)]
 [Times: user=0.03 sys=0.00, real=0.01 secs] 
2024-07-06T11:32:36.459+0800: 510.625: [GC pause (G1 Evacuation Pause) (young), 0.0189939 secs]
   [Parallel Time: 18.5 ms, GC Workers: 2]
      [GC Worker Start (ms): Min: 510625.6, Avg: 510625.6, Max: 510625.6, Diff: 0.0]
      [Ext Root Scanning (ms): Min: 0.6, Avg: 0.6, Max: 0.6, Diff: 0.0, Sum: 1.1]
      [Update RS (ms): Min: 0.0, Avg: 0.0, Max: 0.0, Diff: 0.0, Sum: 0.1]
         [Processed Buffers: Min: 1, Avg: 3.0, Max: 5, Diff: 4, Sum: 6]
      [Scan RS (ms): Min: 0.1, Avg: 0.1, Max: 0.1, Diff: 0.0, Sum: 0.2]
      [Code Root Scanning (ms): Min: 0.0, Avg: 0.0, Max: 0.0, Diff: 0.0, Sum: 0.0]
      [Object Copy (ms): Min: 17.7, Avg: 17.7, Max: 17.7, Diff: 0.0, Sum: 35.4]
      [Termination (ms): Min: 0.0, Avg: 0.0, Max: 0.0, Diff: 0.0, Sum: 0.0]
         [Termination Attempts: Min: 1, Avg: 1.0, Max: 1, Diff: 0, Sum: 2]
      [GC Worker Other (ms): Min: 0.0, Avg: 0.0, Max: 0.0, Diff: 0.0, Sum: 0.0]
      [GC Worker Total (ms): Min: 18.4, Avg: 18.4, Max: 18.4, Diff: 0.0, Sum: 36.8]
      [GC Worker End (ms): Min: 510644.0, Avg: 510644.0, Max: 510644.0, Diff: 0.0]
   [Code Root Fixup: 0.0 ms]
   [Code Root Purge: 0.0 ms]
   [Clear CT: 0.1 ms]
   [Other: 0.4 ms]
      [Choose CSet: 0.0 ms]
      [Ref Proc: 0.1 ms]
      [Ref Enq: 0.0 ms]
      [Redirty Cards: 0.0 ms]
      [Humongous Register: 0.0 ms]
      [Humongous Reclaim: 0.0 ms]
      [Free CSet: 0.1 ms]
   [Eden: 262.0M(262.0M)->0.0B(260.0M) Survivors: 13312.0K->15360.0K Heap: 403.8M(472.0M)->143.8M(472.0M)]
 [Times: user=0.04 sys=0.00, real=0.02 secs] 
2024-07-06T11:32:36.887+0800: 511.053: [GC pause (G1 Evacuation Pause) (young), 0.0112004 secs]
   [Parallel Time: 10.7 ms, GC Workers: 2]
      [GC Worker Start (ms): Min: 511053.2, Avg: 511053.2, Max: 511053.2, Diff: 0.0]
      [Ext Root Scanning (ms): Min: 0.6, Avg: 0.6, Max: 0.6, Diff: 0.0, Sum: 1.1]
      [Update RS (ms): Min: 0.0, Avg: 0.0, Max: 0.0, Diff: 0.0, Sum: 0.1]
         [Processed Buffers: Min: 3, Avg: 3.0, Max: 3, Diff: 0, Sum: 6]
      [Scan RS (ms): Min: 0.1, Avg: 0.1, Max: 0.1, Diff: 0.0, Sum: 0.1]
      [Code Root Scanning (ms): Min: 0.0, Avg: 0.0, Max: 0.0, Diff: 0.0, Sum: 0.0]
      [Object Copy (ms): Min: 10.0, Avg: 10.0, Max: 10.0, Diff: 0.0, Sum: 20.0]
      [Termination (ms): Min: 0.0, Avg: 0.0, Max: 0.0, Diff: 0.0, Sum: 0.0]
         [Termination Attempts: Min: 1, Avg: 2.5, Max: 4, Diff: 3, Sum: 5]
      [GC Worker Other (ms): Min: 0.0, Avg: 0.0, Max: 0.0, Diff: 0.0, Sum: 0.0]
      [GC Worker Total (ms): Min: 10.7, Avg: 10.7, Max: 10.7, Diff: 0.0, Sum: 21.4]
      [GC Worker End (ms): Min: 511063.9, Avg: 511063.9, Max: 511063.9, Diff: 0.0]
   [Code Root Fixup: 0.0 ms]
   [Code Root Purge: 0.0 ms]
   [Clear CT: 0.1 ms]
   [Other: 0.4 ms]
      [Choose CSet: 0.0 ms]
      [Ref Proc: 0.1 ms]
      [Ref Enq: 0.0 ms]
      [Redirty Cards: 0.0 ms]
      [Humongous Register: 0.0 ms]
      [Humongous Reclaim: 0.0 ms]
      [Free CSet: 0.1 ms]
   [Eden: 260.0M(260.0M)->0.0B(265.0M) Survivors: 15360.0K->11264.0K Heap: 403.8M(472.0M)->139.8M(472.0M)]
 [Times: user=0.02 sys=0.00, real=0.02 secs] 
2024-07-06T11:32:37.347+0800: 511.513: [GC pause (G1 Evacuation Pause) (young), 0.0131021 secs]
   [Parallel Time: 12.6 ms, GC Workers: 2]
      [GC Worker Start (ms): Min: 511513.5, Avg: 511513.5, Max: 511513.5, Diff: 0.0]
      [Ext Root Scanning (ms): Min: 0.5, Avg: 0.5, Max: 0.5, Diff: 0.0, Sum: 1.0]
      [Update RS (ms): Min: 0.0, Avg: 0.0, Max: 0.0, Diff: 0.0, Sum: 0.1]
         [Processed Buffers: Min: 3, Avg: 3.0, Max: 3, Diff: 0, Sum: 6]
      [Scan RS (ms): Min: 0.1, Avg: 0.1, Max: 0.1, Diff: 0.0, Sum: 0.1]
      [Code Root Scanning (ms): Min: 0.0, Avg: 0.0, Max: 0.0, Diff: 0.0, Sum: 0.0]
      [Object Copy (ms): Min: 11.9, Avg: 11.9, Max: 11.9, Diff: 0.0, Sum: 23.9]
      [Termination (ms): Min: 0.0, Avg: 0.0, Max: 0.0, Diff: 0.0, Sum: 0.0]
         [Termination Attempts: Min: 1, Avg: 1.0, Max: 1, Diff: 0, Sum: 2]
      [GC Worker Other (ms): Min: 0.0, Avg: 0.0, Max: 0.0, Diff: 0.0, Sum: 0.0]
      [GC Worker Total (ms): Min: 12.5, Avg: 12.6, Max: 12.6, Diff: 0.0, Sum: 25.1]
      [GC Worker End (ms): Min: 511526.1, Avg: 511526.1, Max: 511526.1, Diff: 0.0]
   [Code Root Fixup: 0.0 ms]
   [Code Root Purge: 0.0 ms]
   [Clear CT: 0.1 ms]
   [Other: 0.4 ms]
      [Choose CSet: 0.0 ms]
      [Ref Proc: 0.1 ms]
      [Ref Enq: 0.0 ms]
      [Redirty Cards: 0.0 ms]
      [Humongous Register: 0.0 ms]
      [Humongous Reclaim: 0.0 ms]
      [Free CSet: 0.1 ms]
   [Eden: 265.0M(265.0M)->0.0B(265.0M) Survivors: 11264.0K->12288.0K Heap: 404.8M(472.0M)->140.8M(472.0M)]
 [Times: user=0.03 sys=0.00, real=0.01 secs] 
2024-07-06T11:32:37.745+0800: 511.911: [GC pause (G1 Evacuation Pause) (young), 0.0168547 secs]
   [Parallel Time: 16.2 ms, GC Workers: 2]
      [GC Worker Start (ms): Min: 511910.8, Avg: 511910.8, Max: 511910.8, Diff: 0.0]
      [Ext Root Scanning (ms): Min: 0.5, Avg: 0.5, Max: 0.5, Diff: 0.0, Sum: 1.0]
      [Update RS (ms): Min: 0.0, Avg: 0.0, Max: 0.0, Diff: 0.0, Sum: 0.1]
         [Processed Buffers: Min: 3, Avg: 3.5, Max: 4, Diff: 1, Sum: 7]
      [Scan RS (ms): Min: 0.1, Avg: 0.1, Max: 0.1, Diff: 0.0, Sum: 0.2]
      [Code Root Scanning (ms): Min: 0.0, Avg: 0.0, Max: 0.0, Diff: 0.0, Sum: 0.0]
      [Object Copy (ms): Min: 15.5, Avg: 15.5, Max: 15.5, Diff: 0.0, Sum: 31.1]
      [Termination (ms): Min: 0.0, Avg: 0.0, Max: 0.0, Diff: 0.0, Sum: 0.0]
         [Termination Attempts: Min: 1, Avg: 1.0, Max: 1, Diff: 0, Sum: 2]
      [GC Worker Other (ms): Min: 0.0, Avg: 0.0, Max: 0.0, Diff: 0.0, Sum: 0.0]
      [GC Worker Total (ms): Min: 16.2, Avg: 16.2, Max: 16.2, Diff: 0.0, Sum: 32.4]
      [GC Worker End (ms): Min: 511927.0, Avg: 511927.0, Max: 511927.0, Diff: 0.0]
   [Code Root Fixup: 0.0 ms]
   [Code Root Purge: 0.0 ms]
   [Clear CT: 0.1 ms]
   [Other: 0.5 ms]
      [Choose CSet: 0.0 ms]
      [Ref Proc: 0.1 ms]
      [Ref Enq: 0.0 ms]
      [Redirty Cards: 0.1 ms]
      [Humongous Register: 0.0 ms]
      [Humongous Reclaim: 0.0 ms]
      [Free CSet: 0.1 ms]
   [Eden: 265.0M(265.0M)->0.0B(260.0M) Survivors: 12288.0K->16384.0K Heap: 405.8M(472.0M)->144.8M(472.0M)]
 [Times: user=0.03 sys=0.00, real=0.02 secs] 
2024-07-06T11:32:38.267+0800: 512.433: [GC pause (G1 Evacuation Pause) (young), 0.0132572 secs]
   [Parallel Time: 12.6 ms, GC Workers: 2]
      [GC Worker Start (ms): Min: 512433.6, Avg: 512433.6, Max: 512433.6, Diff: 0.0]
      [Ext Root Scanning (ms): Min: 0.5, Avg: 0.5, Max: 0.5, Diff: 0.0, Sum: 1.0]
      [Update RS (ms): Min: 0.0, Avg: 0.0, Max: 0.0, Diff: 0.0, Sum: 0.1]
         [Processed Buffers: Min: 2, Avg: 3.5, Max: 5, Diff: 3, Sum: 7]
      [Scan RS (ms): Min: 0.1, Avg: 0.1, Max: 0.1, Diff: 0.0, Sum: 0.3]
      [Code Root Scanning (ms): Min: 0.0, Avg: 0.0, Max: 0.0, Diff: 0.0, Sum: 0.0]
      [Object Copy (ms): Min: 11.9, Avg: 11.9, Max: 11.9, Diff: 0.0, Sum: 23.8]
      [Termination (ms): Min: 0.0, Avg: 0.0, Max: 0.0, Diff: 0.0, Sum: 0.0]
         [Termination Attempts: Min: 1, Avg: 1.0, Max: 1, Diff: 0, Sum: 2]
      [GC Worker Other (ms): Min: 0.0, Avg: 0.0, Max: 0.0, Diff: 0.0, Sum: 0.0]
      [GC Worker Total (ms): Min: 12.6, Avg: 12.6, Max: 12.6, Diff: 0.0, Sum: 25.2]
      [GC Worker End (ms): Min: 512446.2, Avg: 512446.2, Max: 512446.2, Diff: 0.0]
   [Code Root Fixup: 0.0 ms]
   [Code Root Purge: 0.0 ms]
   [Clear CT: 0.1 ms]
   [Other: 0.5 ms]
      [Choose CSet: 0.0 ms]
      [Ref Proc: 0.1 ms]
      [Ref Enq: 0.0 ms]
      [Redirty Cards: 0.1 ms]
      [Humongous Register: 0.0 ms]
      [Humongous Reclaim: 0.0 ms]
      [Free CSet: 0.2 ms]
   [Eden: 260.0M(260.0M)->0.0B(268.0M) Survivors: 16384.0K->9216.0K Heap: 404.8M(472.0M)->137.8M(472.0M)]
 [Times: user=0.02 sys=0.00, real=0.01 secs] 
2024-07-06T11:32:38.718+0800: 512.885: [GC pause (G1 Evacuation Pause) (young), 0.0209935 secs]
   [Parallel Time: 20.4 ms, GC Workers: 2]
      [GC Worker Start (ms): Min: 512884.8, Avg: 512884.8, Max: 512884.8, Diff: 0.0]
      [Ext Root Scanning (ms): Min: 0.6, Avg: 0.6, Max: 0.6, Diff: 0.0, Sum: 1.1]
      [Update RS (ms): Min: 0.0, Avg: 0.0, Max: 0.0, Diff: 0.0, Sum: 0.1]
         [Processed Buffers: Min: 2, Avg: 3.0, Max: 4, Diff: 2, Sum: 6]
      [Scan RS (ms): Min: 0.1, Avg: 0.1, Max: 0.1, Diff: 0.0, Sum: 0.2]
      [Code Root Scanning (ms): Min: 0.0, Avg: 0.0, Max: 0.0, Diff: 0.0, Sum: 0.0]
      [Object Copy (ms): Min: 19.6, Avg: 19.6, Max: 19.6, Diff: 0.0, Sum: 39.2]
      [Termination (ms): Min: 0.0, Avg: 0.0, Max: 0.0, Diff: 0.0, Sum: 0.0]
         [Termination Attempts: Min: 1, Avg: 1.0, Max: 1, Diff: 0, Sum: 2]
      [GC Worker Other (ms): Min: 0.0, Avg: 0.0, Max: 0.0, Diff: 0.0, Sum: 0.0]
      [GC Worker Total (ms): Min: 20.3, Avg: 20.3, Max: 20.3, Diff: 0.0, Sum: 40.6]
      [GC Worker End (ms): Min: 512905.1, Avg: 512905.1, Max: 512905.1, Diff: 0.0]
   [Code Root Fixup: 0.0 ms]
   [Code Root Purge: 0.0 ms]
   [Clear CT: 0.2 ms]
   [Other: 0.4 ms]
      [Choose CSet: 0.0 ms]
      [Ref Proc: 0.1 ms]
      [Ref Enq: 0.0 ms]
      [Redirty Cards: 0.1 ms]
      [Humongous Register: 0.0 ms]
      [Humongous Reclaim: 0.0 ms]
      [Free CSet: 0.2 ms]
   [Eden: 268.0M(268.0M)->0.0B(255.0M) Survivors: 9216.0K->19456.0K Heap: 405.8M(472.0M)->147.3M(472.0M)]
 [Times: user=0.04 sys=0.00, real=0.02 secs] 
2024-07-06T11:32:39.255+0800: 513.421: [GC pause (G1 Evacuation Pause) (young), 0.0139072 secs]
   [Parallel Time: 13.3 ms, GC Workers: 2]
      [GC Worker Start (ms): Min: 513421.6, Avg: 513421.6, Max: 513421.6, Diff: 0.0]
      [Ext Root Scanning (ms): Min: 0.5, Avg: 0.5, Max: 0.5, Diff: 0.0, Sum: 1.0]
      [Update RS (ms): Min: 0.0, Avg: 0.0, Max: 0.0, Diff: 0.0, Sum: 0.1]
         [Processed Buffers: Min: 2, Avg: 3.0, Max: 4, Diff: 2, Sum: 6]
      [Scan RS (ms): Min: 0.1, Avg: 0.1, Max: 0.1, Diff: 0.0, Sum: 0.1]
      [Code Root Scanning (ms): Min: 0.0, Avg: 0.0, Max: 0.0, Diff: 0.0, Sum: 0.0]
      [Object Copy (ms): Min: 12.5, Avg: 12.6, Max: 12.6, Diff: 0.0, Sum: 25.1]
      [Termination (ms): Min: 0.0, Avg: 0.0, Max: 0.0, Diff: 0.0, Sum: 0.0]
         [Termination Attempts: Min: 1, Avg: 1.0, Max: 1, Diff: 0, Sum: 2]
      [GC Worker Other (ms): Min: 0.0, Avg: 0.0, Max: 0.0, Diff: 0.0, Sum: 0.0]
      [GC Worker Total (ms): Min: 13.2, Avg: 13.2, Max: 13.2, Diff: 0.0, Sum: 26.4]
      [GC Worker End (ms): Min: 513434.7, Avg: 513434.7, Max: 513434.7, Diff: 0.0]
   [Code Root Fixup: 0.0 ms]
   [Code Root Purge: 0.0 ms]
   [Clear CT: 0.1 ms]
   [Other: 0.5 ms]
      [Choose CSet: 0.0 ms]
      [Ref Proc: 0.1 ms]
      [Ref Enq: 0.0 ms]
      [Redirty Cards: 0.1 ms]
      [Humongous Register: 0.0 ms]
      [Humongous Reclaim: 0.0 ms]
      [Free CSet: 0.2 ms]
   [Eden: 255.0M(255.0M)->0.0B(265.0M) Survivors: 19456.0K->11264.0K Heap: 402.3M(472.0M)->139.3M(472.0M)]
 [Times: user=0.03 sys=0.00, real=0.01 secs] 
2024-07-06T11:32:39.718+0800: 513.884: [GC pause (G1 Evacuation Pause) (young), 0.0179857 secs]
   [Parallel Time: 17.5 ms, GC Workers: 2]
      [GC Worker Start (ms): Min: 513884.4, Avg: 513884.9, Max: 513885.4, Diff: 0.9]
      [Ext Root Scanning (ms): Min: 0.0, Avg: 0.4, Max: 0.7, Diff: 0.7, Sum: 0.7]
      [Update RS (ms): Min: 0.0, Avg: 0.0, Max: 0.0, Diff: 0.0, Sum: 0.0]
         [Processed Buffers: Min: 0, Avg: 3.0, Max: 6, Diff: 6, Sum: 6]
      [Scan RS (ms): Min: 0.0, Avg: 0.1, Max: 0.1, Diff: 0.1, Sum: 0.2]
      [Code Root Scanning (ms): Min: 0.0, Avg: 0.0, Max: 0.0, Diff: 0.0, Sum: 0.0]
      [Object Copy (ms): Min: 16.4, Avg: 16.5, Max: 16.5, Diff: 0.1, Sum: 32.9]
      [Termination (ms): Min: 0.0, Avg: 0.0, Max: 0.0, Diff: 0.0, Sum: 0.0]
         [Termination Attempts: Min: 1, Avg: 1.0, Max: 1, Diff: 0, Sum: 2]
      [GC Worker Other (ms): Min: 0.0, Avg: 0.0, Max: 0.0, Diff: 0.0, Sum: 0.0]
      [GC Worker Total (ms): Min: 16.5, Avg: 16.9, Max: 17.4, Diff: 0.9, Sum: 33.9]
      [GC Worker End (ms): Min: 513901.8, Avg: 513901.8, Max: 513901.8, Diff: 0.0]
   [Code Root Fixup: 0.0 ms]
   [Code Root Purge: 0.0 ms]
   [Clear CT: 0.1 ms]
   [Other: 0.4 ms]
      [Choose CSet: 0.0 ms]
      [Ref Proc: 0.1 ms]
      [Ref Enq: 0.0 ms]
      [Redirty Cards: 0.1 ms]
      [Humongous Register: 0.0 ms]
      [Humongous Reclaim: 0.0 ms]
      [Free CSet: 0.1 ms]
   [Eden: 265.0M(265.0M)->0.0B(258.0M) Survivors: 11264.0K->17408.0K Heap: 404.3M(472.0M)->145.3M(472.0M)]
 [Times: user=0.03 sys=0.00, real=0.02 secs] 
2024-07-06T11:32:40.139+0800: 514.305: [GC pause (G1 Evacuation Pause) (young), 0.0140682 secs]
   [Parallel Time: 13.5 ms, GC Workers: 2]
      [GC Worker Start (ms): Min: 514305.5, Avg: 514306.6, Max: 514307.8, Diff: 2.2]
      [Ext Root Scanning (ms): Min: 0.0, Avg: 0.4, Max: 0.7, Diff: 0.7, Sum: 0.7]
      [Update RS (ms): Min: 0.0, Avg: 0.0, Max: 0.0, Diff: 0.0, Sum: 0.1]
         [Processed Buffers: Min: 0, Avg: 3.5, Max: 7, Diff: 7, Sum: 7]
      [Scan RS (ms): Min: 0.0, Avg: 0.1, Max: 0.1, Diff: 0.1, Sum: 0.2]
      [Code Root Scanning (ms): Min: 0.0, Avg: 0.0, Max: 0.0, Diff: 0.0, Sum: 0.0]
      [Object Copy (ms): Min: 11.2, Avg: 11.9, Max: 12.6, Diff: 1.4, Sum: 23.8]
      [Termination (ms): Min: 0.0, Avg: 0.0, Max: 0.0, Diff: 0.0, Sum: 0.0]
         [Termination Attempts: Min: 1, Avg: 1.0, Max: 1, Diff: 0, Sum: 2]
      [GC Worker Other (ms): Min: 0.0, Avg: 0.0, Max: 0.0, Diff: 0.0, Sum: 0.0]
      [GC Worker Total (ms): Min: 11.3, Avg: 12.4, Max: 13.5, Diff: 2.2, Sum: 24.8]
      [GC Worker End (ms): Min: 514319.0, Avg: 514319.0, Max: 514319.0, Diff: 0.0]
   [Code Root Fixup: 0.0 ms]
   [Code Root Purge: 0.0 ms]
   [Clear CT: 0.1 ms]
   [Other: 0.4 ms]
      [Choose CSet: 0.0 ms]
      [Ref Proc: 0.1 ms]
      [Ref Enq: 0.0 ms]
      [Redirty Cards: 0.0 ms]
      [Humongous Register: 0.0 ms]
      [Humongous Reclaim: 0.0 ms]
      [Free CSet: 0.1 ms]
   [Eden: 258.0M(258.0M)->0.0B(263.0M) Survivors: 17408.0K->13312.0K Heap: 403.3M(472.0M)->141.8M(472.0M)]
 [Times: user=0.02 sys=0.00, real=0.01 secs] 
2024-07-06T11:32:40.613+0800: 514.779: [GC pause (G1 Evacuation Pause) (young), 0.0066308 secs]
   [Parallel Time: 5.9 ms, GC Workers: 2]
      [GC Worker Start (ms): Min: 514779.2, Avg: 514779.2, Max: 514779.2, Diff: 0.0]
      [Ext Root Scanning (ms): Min: 0.6, Avg: 0.6, Max: 0.6, Diff: 0.0, Sum: 1.2]
      [Update RS (ms): Min: 0.0, Avg: 0.0, Max: 0.0, Diff: 0.0, Sum: 0.1]
         [Processed Buffers: Min: 2, Avg: 2.5, Max: 3, Diff: 1, Sum: 5]
      [Scan RS (ms): Min: 0.1, Avg: 0.1, Max: 0.1, Diff: 0.0, Sum: 0.2]
      [Code Root Scanning (ms): Min: 0.0, Avg: 0.0, Max: 0.0, Diff: 0.0, Sum: 0.0]
      [Object Copy (ms): Min: 5.1, Avg: 5.1, Max: 5.1, Diff: 0.0, Sum: 10.2]
      [Termination (ms): Min: 0.0, Avg: 0.0, Max: 0.0, Diff: 0.0, Sum: 0.0]
         [Termination Attempts: Min: 1, Avg: 1.0, Max: 1, Diff: 0, Sum: 2]
      [GC Worker Other (ms): Min: 0.0, Avg: 0.0, Max: 0.0, Diff: 0.0, Sum: 0.0]
      [GC Worker Total (ms): Min: 5.9, Avg: 5.9, Max: 5.9, Diff: 0.0, Sum: 11.7]
      [GC Worker End (ms): Min: 514785.1, Avg: 514785.1, Max: 514785.1, Diff: 0.0]
   [Code Root Fixup: 0.0 ms]
   [Code Root Purge: 0.0 ms]
   [Clear CT: 0.1 ms]
   [Other: 0.6 ms]
      [Choose CSet: 0.0 ms]
      [Ref Proc: 0.1 ms]
      [Ref Enq: 0.0 ms]
      [Redirty Cards: 0.1 ms]
      [Humongous Register: 0.0 ms]
      [Humongous Reclaim: 0.0 ms]
      [Free CSet: 0.2 ms]
   [Eden: 263.0M(263.0M)->0.0B(271.0M) Survivors: 13312.0K->7168.0K Heap: 404.8M(472.0M)->135.3M(472.0M)]
 [Times: user=0.01 sys=0.00, real=0.01 secs] 
2024-07-06T11:32:41.033+0800: 515.199: [GC pause (G1 Evacuation Pause) (young), 0.0160293 secs]
   [Parallel Time: 15.6 ms, GC Workers: 2]
      [GC Worker Start (ms): Min: 515199.1, Avg: 515199.1, Max: 515199.1, Diff: 0.0]
      [Ext Root Scanning (ms): Min: 0.5, Avg: 0.5, Max: 0.5, Diff: 0.0, Sum: 0.9]
      [Update RS (ms): Min: 0.0, Avg: 0.0, Max: 0.0, Diff: 0.0, Sum: 0.1]
         [Processed Buffers: Min: 3, Avg: 3.0, Max: 3, Diff: 0, Sum: 6]
      [Scan RS (ms): Min: 0.1, Avg: 0.1, Max: 0.1, Diff: 0.0, Sum: 0.1]
      [Code Root Scanning (ms): Min: 0.0, Avg: 0.0, Max: 0.0, Diff: 0.0, Sum: 0.0]
      [Object Copy (ms): Min: 14.9, Avg: 14.9, Max: 14.9, Diff: 0.0, Sum: 29.8]
      [Termination (ms): Min: 0.0, Avg: 0.0, Max: 0.0, Diff: 0.0, Sum: 0.0]
         [Termination Attempts: Min: 1, Avg: 1.0, Max: 1, Diff: 0, Sum: 2]
      [GC Worker Other (ms): Min: 0.0, Avg: 0.0, Max: 0.0, Diff: 0.0, Sum: 0.0]
      [GC Worker Total (ms): Min: 15.5, Avg: 15.5, Max: 15.5, Diff: 0.0, Sum: 31.0]
      [GC Worker End (ms): Min: 515214.6, Avg: 515214.6, Max: 515214.6, Diff: 0.0]
   [Code Root Fixup: 0.0 ms]
   [Code Root Purge: 0.0 ms]
   [Clear CT: 0.1 ms]
   [Other: 0.4 ms]
      [Choose CSet: 0.0 ms]
      [Ref Proc: 0.1 ms]
      [Ref Enq: 0.0 ms]
      [Redirty Cards: 0.0 ms]
      [Humongous Register: 0.0 ms]
      [Humongous Reclaim: 0.0 ms]
      [Free CSet: 0.1 ms]
   [Eden: 271.0M(271.0M)->0.0B(262.0M) Survivors: 7168.0K->15360.0K Heap: 406.3M(472.0M)->143.8M(472.0M)]
 [Times: user=0.03 sys=0.00, real=0.02 secs] 
2024-07-06T11:32:41.471+0800: 515.637: [GC pause (G1 Evacuation Pause) (young), 0.0124935 secs]
   [Parallel Time: 11.8 ms, GC Workers: 2]
      [GC Worker Start (ms): Min: 515637.5, Avg: 515637.5, Max: 515637.6, Diff: 0.0]
      [Ext Root Scanning (ms): Min: 0.5, Avg: 0.5, Max: 0.5, Diff: 0.0, Sum: 1.0]
      [Update RS (ms): Min: 0.0, Avg: 0.0, Max: 0.0, Diff: 0.0, Sum: 0.1]
         [Processed Buffers: Min: 3, Avg: 3.5, Max: 4, Diff: 1, Sum: 7]
      [Scan RS (ms): Min: 0.1, Avg: 0.1, Max: 0.1, Diff: 0.0, Sum: 0.2]
      [Code Root Scanning (ms): Min: 0.0, Avg: 0.0, Max: 0.0, Diff: 0.0, Sum: 0.0]
      [Object Copy (ms): Min: 11.1, Avg: 11.1, Max: 11.2, Diff: 0.0, Sum: 22.3]
      [Termination (ms): Min: 0.0, Avg: 0.0, Max: 0.0, Diff: 0.0, Sum: 0.0]
         [Termination Attempts: Min: 1, Avg: 1.0, Max: 1, Diff: 0, Sum: 2]
      [GC Worker Other (ms): Min: 0.0, Avg: 0.0, Max: 0.0, Diff: 0.0, Sum: 0.0]
      [GC Worker Total (ms): Min: 11.7, Avg: 11.7, Max: 11.8, Diff: 0.0, Sum: 23.5]
      [GC Worker End (ms): Min: 515649.3, Avg: 515649.3, Max: 515649.3, Diff: 0.0]
   [Code Root Fixup: 0.0 ms]
   [Code Root Purge: 0.0 ms]
   [Clear CT: 0.1 ms]
   [Other: 0.5 ms]
      [Choose CSet: 0.0 ms]
      [Ref Proc: 0.2 ms]
      [Ref Enq: 0.0 ms]
      [Redirty Cards: 0.0 ms]
      [Humongous Register: 0.0 ms]
      [Humongous Reclaim: 0.0 ms]
      [Free CSet: 0.2 ms]
   [Eden: 262.0M(262.0M)->0.0B(264.0M) Survivors: 15360.0K->13312.0K Heap: 405.8M(472.0M)->141.3M(472.0M)]
 [Times: user=0.02 sys=0.01, real=0.01 secs] 
2024-07-06T11:32:41.946+0800: 516.112: [GC pause (G1 Evacuation Pause) (young), 0.0180661 secs]
   [Parallel Time: 17.5 ms, GC Workers: 2]
      [GC Worker Start (ms): Min: 516112.0, Avg: 516112.0, Max: 516112.0, Diff: 0.0]
      [Ext Root Scanning (ms): Min: 0.6, Avg: 0.6, Max: 0.6, Diff: 0.0, Sum: 1.2]
      [Update RS (ms): Min: 0.0, Avg: 0.0, Max: 0.0, Diff: 0.0, Sum: 0.1]
         [Processed Buffers: Min: 3, Avg: 3.5, Max: 4, Diff: 1, Sum: 7]
      [Scan RS (ms): Min: 0.1, Avg: 0.1, Max: 0.1, Diff: 0.0, Sum: 0.3]
      [Code Root Scanning (ms): Min: 0.0, Avg: 0.0, Max: 0.0, Diff: 0.0, Sum: 0.0]
      [Object Copy (ms): Min: 16.6, Avg: 16.7, Max: 16.7, Diff: 0.0, Sum: 33.3]
      [Termination (ms): Min: 0.0, Avg: 0.0, Max: 0.0, Diff: 0.0, Sum: 0.0]
         [Termination Attempts: Min: 1, Avg: 1.0, Max: 1, Diff: 0, Sum: 2]
      [GC Worker Other (ms): Min: 0.0, Avg: 0.0, Max: 0.0, Diff: 0.0, Sum: 0.1]
      [GC Worker Total (ms): Min: 17.4, Avg: 17.4, Max: 17.4, Diff: 0.0, Sum: 34.9]
      [GC Worker End (ms): Min: 516129.4, Avg: 516129.5, Max: 516129.5, Diff: 0.0]
   [Code Root Fixup: 0.0 ms]
   [Code Root Purge: 0.0 ms]
   [Clear CT: 0.1 ms]
   [Other: 0.4 ms]
      [Choose CSet: 0.0 ms]
      [Ref Proc: 0.1 ms]
      [Ref Enq: 0.0 ms]
      [Redirty Cards: 0.1 ms]
      [Humongous Register: 0.0 ms]
      [Humongous Reclaim: 0.0 ms]
      [Free CSet: 0.1 ms]
   [Eden: 264.0M(264.0M)->0.0B(265.0M) Survivors: 13312.0K->12288.0K Heap: 405.3M(472.0M)->140.8M(472.0M)]
 [Times: user=0.03 sys=0.00, real=0.02 secs] 
2024-07-06T11:32:42.483+0800: 516.649: [GC pause (G1 Evacuation Pause) (young), 0.0109294 secs]
   [Parallel Time: 10.4 ms, GC Workers: 2]
      [GC Worker Start (ms): Min: 516648.9, Avg: 516648.9, Max: 516648.9, Diff: 0.0]
      [Ext Root Scanning (ms): Min: 0.6, Avg: 0.6, Max: 0.6, Diff: 0.0, Sum: 1.1]
      [Update RS (ms): Min: 0.0, Avg: 0.0, Max: 0.0, Diff: 0.0, Sum: 0.1]
         [Processed Buffers: Min: 3, Avg: 3.0, Max: 3, Diff: 0, Sum: 6]
      [Scan RS (ms): Min: 0.1, Avg: 0.1, Max: 0.1, Diff: 0.0, Sum: 0.2]
      [Code Root Scanning (ms): Min: 0.0, Avg: 0.0, Max: 0.0, Diff: 0.0, Sum: 0.0]
      [Object Copy (ms): Min: 9.6, Avg: 9.6, Max: 9.6, Diff: 0.0, Sum: 19.3]
      [Termination (ms): Min: 0.0, Avg: 0.0, Max: 0.0, Diff: 0.0, Sum: 0.0]
         [Termination Attempts: Min: 1, Avg: 1.0, Max: 1, Diff: 0, Sum: 2]
      [GC Worker Other (ms): Min: 0.0, Avg: 0.0, Max: 0.0, Diff: 0.0, Sum: 0.0]
      [GC Worker Total (ms): Min: 10.3, Avg: 10.3, Max: 10.3, Diff: 0.0, Sum: 20.7]
      [GC Worker End (ms): Min: 516659.2, Avg: 516659.2, Max: 516659.2, Diff: 0.0]
   [Code Root Fixup: 0.0 ms]
   [Code Root Purge: 0.0 ms]
   [Clear CT: 0.1 ms]
   [Other: 0.4 ms]
      [Choose CSet: 0.0 ms]
      [Ref Proc: 0.1 ms]
      [Ref Enq: 0.0 ms]
      [Redirty Cards: 0.1 ms]
      [Humongous Register: 0.0 ms]
      [Humongous Reclaim: 0.0 ms]
      [Free CSet: 0.1 ms]
   [Eden: 265.0M(265.0M)->0.0B(268.0M) Survivors: 12288.0K->10240.0K Heap: 405.8M(472.0M)->138.8M(472.0M)]
 [Times: user=0.02 sys=0.00, real=0.01 secs] 
2024-07-06T11:32:42.965+0800: 517.131: [GC pause (G1 Evacuation Pause) (young), 0.0096485 secs]
   [Parallel Time: 9.0 ms, GC Workers: 2]
      [GC Worker Start (ms): Min: 517131.0, Avg: 517131.0, Max: 517131.0, Diff: 0.0]
      [Ext Root Scanning (ms): Min: 0.5, Avg: 0.5, Max: 0.5, Diff: 0.0, Sum: 1.0]
      [Update RS (ms): Min: 0.0, Avg: 0.0, Max: 0.0, Diff: 0.0, Sum: 0.1]
         [Processed Buffers: Min: 2, Avg: 3.0, Max: 4, Diff: 2, Sum: 6]
      [Scan RS (ms): Min: 0.1, Avg: 0.1, Max: 0.1, Diff: 0.0, Sum: 0.1]
      [Code Root Scanning (ms): Min: 0.0, Avg: 0.0, Max: 0.0, Diff: 0.0, Sum: 0.0]
      [Object Copy (ms): Min: 8.3, Avg: 8.3, Max: 8.3, Diff: 0.0, Sum: 16.7]
      [Termination (ms): Min: 0.0, Avg: 0.0, Max: 0.0, Diff: 0.0, Sum: 0.0]
         [Termination Attempts: Min: 1, Avg: 1.0, Max: 1, Diff: 0, Sum: 2]
      [GC Worker Other (ms): Min: 0.0, Avg: 0.0, Max: 0.0, Diff: 0.0, Sum: 0.0]
      [GC Worker Total (ms): Min: 8.9, Avg: 9.0, Max: 9.0, Diff: 0.0, Sum: 17.9]
      [GC Worker End (ms): Min: 517140.0, Avg: 517140.0, Max: 517140.0, Diff: 0.0]
   [Code Root Fixup: 0.0 ms]
   [Code Root Purge: 0.0 ms]
   [Clear CT: 0.1 ms]
   [Other: 0.5 ms]
      [Choose CSet: 0.0 ms]
      [Ref Proc: 0.1 ms]
      [Ref Enq: 0.0 ms]
      [Redirty Cards: 0.1 ms]
      [Humongous Register: 0.0 ms]
      [Humongous Reclaim: 0.0 ms]
      [Free CSet: 0.2 ms]
   [Eden: 268.0M(268.0M)->0.0B(270.0M) Survivors: 10240.0K->9216.0K Heap: 406.8M(472.0M)->137.8M(472.0M)]
 [Times: user=0.02 sys=0.00, real=0.01 secs] 
2024-07-06T11:32:43.523+0800: 517.689: [GC pause (G1 Evacuation Pause) (young), 0.0230534 secs]
   [Parallel Time: 22.4 ms, GC Workers: 2]
      [GC Worker Start (ms): Min: 517689.4, Avg: 517689.4, Max: 517689.4, Diff: 0.0]
      [Ext Root Scanning (ms): Min: 0.5, Avg: 0.5, Max: 0.5, Diff: 0.0, Sum: 1.0]
      [Update RS (ms): Min: 0.0, Avg: 0.0, Max: 0.1, Diff: 0.1, Sum: 0.1]
         [Processed Buffers: Min: 2, Avg: 3.0, Max: 4, Diff: 2, Sum: 6]
      [Scan RS (ms): Min: 0.1, Avg: 0.1, Max: 0.1, Diff: 0.0, Sum: 0.2]
      [Code Root Scanning (ms): Min: 0.0, Avg: 0.0, Max: 0.0, Diff: 0.0, Sum: 0.0]
      [Object Copy (ms): Min: 21.7, Avg: 21.7, Max: 21.7, Diff: 0.0, Sum: 43.4]
      [Termination (ms): Min: 0.0, Avg: 0.0, Max: 0.0, Diff: 0.0, Sum: 0.0]
         [Termination Attempts: Min: 1, Avg: 2.0, Max: 3, Diff: 2, Sum: 4]
      [GC Worker Other (ms): Min: 0.0, Avg: 0.0, Max: 0.0, Diff: 0.0, Sum: 0.0]
      [GC Worker Total (ms): Min: 22.4, Avg: 22.4, Max: 22.4, Diff: 0.0, Sum: 44.7]
      [GC Worker End (ms): Min: 517711.8, Avg: 517711.8, Max: 517711.8, Diff: 0.0]
   [Code Root Fixup: 0.0 ms]
   [Code Root Purge: 0.0 ms]
   [Clear CT: 0.1 ms]
   [Other: 0.5 ms]
      [Choose CSet: 0.0 ms]
      [Ref Proc: 0.1 ms]
      [Ref Enq: 0.0 ms]
      [Redirty Cards: 0.1 ms]
      [Humongous Register: 0.0 ms]
      [Humongous Reclaim: 0.0 ms]
      [Free CSet: 0.2 ms]
   [Eden: 270.0M(270.0M)->0.0B(257.0M) Survivors: 9216.0K->18432.0K Heap: 407.8M(472.0M)->146.8M(472.0M)]
 [Times: user=0.05 sys=0.00, real=0.02 secs] 
2024-07-06T11:32:43.982+0800: 518.148: [GC pause (G1 Evacuation Pause) (young), 0.0209811 secs]
   [Parallel Time: 20.5 ms, GC Workers: 2]
      [GC Worker Start (ms): Min: 518147.8, Avg: 518147.8, Max: 518147.8, Diff: 0.0]
      [Ext Root Scanning (ms): Min: 0.6, Avg: 0.6, Max: 0.6, Diff: 0.0, Sum: 1.2]
      [Update RS (ms): Min: 0.0, Avg: 0.0, Max: 0.0, Diff: 0.0, Sum: 0.1]
         [Processed Buffers: Min: 3, Avg: 3.0, Max: 3, Diff: 0, Sum: 6]
      [Scan RS (ms): Min: 0.1, Avg: 0.1, Max: 0.1, Diff: 0.0, Sum: 0.2]
      [Code Root Scanning (ms): Min: 0.0, Avg: 0.0, Max: 0.0, Diff: 0.0, Sum: 0.0]
      [Object Copy (ms): Min: 19.7, Avg: 19.7, Max: 19.7, Diff: 0.0, Sum: 39.5]
      [Termination (ms): Min: 0.0, Avg: 0.0, Max: 0.0, Diff: 0.0, Sum: 0.0]
         [Termination Attempts: Min: 1, Avg: 1.5, Max: 2, Diff: 1, Sum: 3]
      [GC Worker Other (ms): Min: 0.0, Avg: 0.0, Max: 0.0, Diff: 0.0, Sum: 0.0]
      [GC Worker Total (ms): Min: 20.4, Avg: 20.5, Max: 20.5, Diff: 0.0, Sum: 40.9]
      [GC Worker End (ms): Min: 518168.3, Avg: 518168.3, Max: 518168.3, Diff: 0.0]
   [Code Root Fixup: 0.0 ms]
   [Code Root Purge: 0.0 ms]
   [Clear CT: 0.1 ms]
   [Other: 0.4 ms]
      [Choose CSet: 0.0 ms]
      [Ref Proc: 0.1 ms]
      [Ref Enq: 0.0 ms]
      [Redirty Cards: 0.0 ms]
      [Humongous Register: 0.0 ms]
      [Humongous Reclaim: 0.0 ms]
      [Free CSet: 0.1 ms]
   [Eden: 257.0M(257.0M)->0.0B(257.0M) Survivors: 18432.0K->18432.0K Heap: 403.8M(472.0M)->146.3M(472.0M)]
 [Times: user=0.04 sys=0.00, real=0.02 secs] 
2024-07-06T11:32:44.440+0800: 518.607: [GC pause (G1 Evacuation Pause) (young), 0.0068125 secs]
   [Parallel Time: 6.3 ms, GC Workers: 2]
      [GC Worker Start (ms): Min: 518606.7, Avg: 518606.7, Max: 518606.7, Diff: 0.0]
      [Ext Root Scanning (ms): Min: 0.5, Avg: 0.5, Max: 0.5, Diff: 0.0, Sum: 1.1]
      [Update RS (ms): Min: 0.0, Avg: 0.0, Max: 0.0, Diff: 0.0, Sum: 0.1]
         [Processed Buffers: Min: 3, Avg: 3.5, Max: 4, Diff: 1, Sum: 7]
      [Scan RS (ms): Min: 0.1, Avg: 0.1, Max: 0.1, Diff: 0.0, Sum: 0.2]
      [Code Root Scanning (ms): Min: 0.0, Avg: 0.0, Max: 0.0, Diff: 0.0, Sum: 0.0]
      [Object Copy (ms): Min: 5.6, Avg: 5.6, Max: 5.6, Diff: 0.0, Sum: 11.2]
      [Termination (ms): Min: 0.0, Avg: 0.0, Max: 0.0, Diff: 0.0, Sum: 0.0]
         [Termination Attempts: Min: 1, Avg: 1.0, Max: 1, Diff: 0, Sum: 2]
      [GC Worker Other (ms): Min: 0.0, Avg: 0.0, Max: 0.0, Diff: 0.0, Sum: 0.0]
      [GC Worker Total (ms): Min: 6.3, Avg: 6.3, Max: 6.3, Diff: 0.0, Sum: 12.5]
      [GC Worker End (ms): Min: 518613.0, Avg: 518613.0, Max: 518613.0, Diff: 0.0]
   [Code Root Fixup: 0.0 ms]
   [Code Root Purge: 0.0 ms]
   [Clear CT: 0.1 ms]
   [Other: 0.4 ms]
      [Choose CSet: 0.0 ms]
      [Ref Proc: 0.1 ms]
      [Ref Enq: 0.0 ms]
      [Redirty Cards: 0.0 ms]
      [Humongous Register: 0.0 ms]
      [Humongous Reclaim: 0.0 ms]
      [Free CSet: 0.1 ms]
   [Eden: 257.0M(257.0M)->0.0B(269.0M) Survivors: 18432.0K->8192.0K Heap: 403.3M(472.0M)->136.3M(472.0M)]
 [Times: user=0.01 sys=0.00, real=0.01 secs] 
2024-07-06T11:32:44.861+0800: 519.027: [GC pause (G1 Evacuation Pause) (young), 0.0195988 secs]
   [Parallel Time: 19.1 ms, GC Workers: 2]
      [GC Worker Start (ms): Min: 519027.1, Avg: 519027.1, Max: 519027.1, Diff: 0.0]
      [Ext Root Scanning (ms): Min: 0.1, Avg: 1.1, Max: 2.0, Diff: 1.9, Sum: 2.1]
      [Update RS (ms): Min: 0.0, Avg: 0.0, Max: 0.0, Diff: 0.0, Sum: 0.0]
         [Processed Buffers: Min: 0, Avg: 3.0, Max: 6, Diff: 6, Sum: 6]
      [Scan RS (ms): Min: 0.0, Avg: 0.1, Max: 0.1, Diff: 0.1, Sum: 0.1]
      [Code Root Scanning (ms): Min: 0.0, Avg: 0.0, Max: 0.0, Diff: 0.0, Sum: 0.0]
      [Object Copy (ms): Min: 17.0, Avg: 17.5, Max: 18.0, Diff: 1.0, Sum: 35.0]
      [Termination (ms): Min: 0.0, Avg: 0.0, Max: 0.0, Diff: 0.0, Sum: 0.0]
         [Termination Attempts: Min: 1, Avg: 1.0, Max: 1, Diff: 0, Sum: 2]
      [GC Worker Other (ms): Min: 0.0, Avg: 0.4, Max: 0.8, Diff: 0.8, Sum: 0.8]
      [GC Worker Total (ms): Min: 19.0, Avg: 19.1, Max: 19.1, Diff: 0.0, Sum: 38.1]
      [GC Worker End (ms): Min: 519046.2, Avg: 519046.2, Max: 519046.2, Diff: 0.0]
   [Code Root Fixup: 0.0 ms]
   [Code Root Purge: 0.0 ms]
   [Clear CT: 0.1 ms]
   [Other: 0.4 ms]
      [Choose CSet: 0.0 ms]
      [Ref Proc: 0.1 ms]
      [Ref Enq: 0.0 ms]
      [Redirty Cards: 0.0 ms]
      [Humongous Register: 0.0 ms]
      [Humongous Reclaim: 0.0 ms]
      [Free CSet: 0.1 ms]
   [Eden: 269.0M(269.0M)->0.0B(262.0M) Survivors: 8192.0K->15360.0K Heap: 405.3M(472.0M)->143.8M(472.0M)]
 [Times: user=0.03 sys=0.01, real=0.02 secs] 
2024-07-06T11:32:45.329+0800: 519.496: [GC pause (G1 Evacuation Pause) (young), 0.0167353 secs]
   [Parallel Time: 16.2 ms, GC Workers: 2]
      [GC Worker Start (ms): Min: 519495.7, Avg: 519495.7, Max: 519495.7, Diff: 0.0]
      [Ext Root Scanning (ms): Min: 0.6, Avg: 0.6, Max: 0.6, Diff: 0.0, Sum: 1.1]
      [Update RS (ms): Min: 0.0, Avg: 0.0, Max: 0.0, Diff: 0.0, Sum: 0.1]
         [Processed Buffers: Min: 2, Avg: 2.5, Max: 3, Diff: 1, Sum: 5]
      [Scan RS (ms): Min: 0.1, Avg: 0.1, Max: 0.1, Diff: 0.0, Sum: 0.2]
      [Code Root Scanning (ms): Min: 0.0, Avg: 0.0, Max: 0.0, Diff: 0.0, Sum: 0.0]
      [Object Copy (ms): Min: 15.3, Avg: 15.4, Max: 15.4, Diff: 0.0, Sum: 30.7]
      [Termination (ms): Min: 0.0, Avg: 0.0, Max: 0.0, Diff: 0.0, Sum: 0.0]
         [Termination Attempts: Min: 1, Avg: 1.0, Max: 1, Diff: 0, Sum: 2]
      [GC Worker Other (ms): Min: 0.0, Avg: 0.0, Max: 0.0, Diff: 0.0, Sum: 0.0]
      [GC Worker Total (ms): Min: 16.0, Avg: 16.1, Max: 16.1, Diff: 0.0, Sum: 32.1]
      [GC Worker End (ms): Min: 519511.7, Avg: 519511.7, Max: 519511.7, Diff: 0.0]
   [Code Root Fixup: 0.0 ms]
   [Code Root Purge: 0.0 ms]
   [Clear CT: 0.1 ms]
   [Other: 0.4 ms]
      [Choose CSet: 0.0 ms]
      [Ref Proc: 0.1 ms]
      [Ref Enq: 0.0 ms]
      [Redirty Cards: 0.1 ms]
      [Humongous Register: 0.0 ms]
      [Humongous Reclaim: 0.0 ms]
      [Free CSet: 0.1 ms]
   [Eden: 262.0M(262.0M)->0.0B(262.0M) Survivors: 15360.0K->14336.0K Heap: 405.8M(472.0M)->142.3M(472.0M)]
 [Times: user=0.03 sys=0.00, real=0.01 secs] 
2024-07-06T11:32:45.845+0800: 520.011: [GC pause (G1 Evacuation Pause) (young), 0.0191200 secs]
   [Parallel Time: 18.6 ms, GC Workers: 2]
      [GC Worker Start (ms): Min: 520011.4, Avg: 520011.4, Max: 520011.4, Diff: 0.0]
      [Ext Root Scanning (ms): Min: 0.5, Avg: 0.5, Max: 0.5, Diff: 0.0, Sum: 1.0]
      [Update RS (ms): Min: 0.0, Avg: 0.0, Max: 0.1, Diff: 0.0, Sum: 0.1]
         [Processed Buffers: Min: 2, Avg: 3.5, Max: 5, Diff: 3, Sum: 7]
      [Scan RS (ms): Min: 0.1, Avg: 0.1, Max: 0.1, Diff: 0.0, Sum: 0.2]
      [Code Root Scanning (ms): Min: 0.0, Avg: 0.0, Max: 0.0, Diff: 0.0, Sum: 0.0]
      [Object Copy (ms): Min: 17.9, Avg: 17.9, Max: 17.9, Diff: 0.0, Sum: 35.8]
      [Termination (ms): Min: 0.0, Avg: 0.0, Max: 0.0, Diff: 0.0, Sum: 0.0]
         [Termination Attempts: Min: 1, Avg: 1.0, Max: 1, Diff: 0, Sum: 2]
      [GC Worker Other (ms): Min: 0.0, Avg: 0.0, Max: 0.0, Diff: 0.0, Sum: 0.0]
      [GC Worker Total (ms): Min: 18.5, Avg: 18.5, Max: 18.5, Diff: 0.0, Sum: 37.1]
      [GC Worker End (ms): Min: 520029.9, Avg: 520029.9, Max: 520029.9, Diff: 0.0]
   [Code Root Fixup: 0.0 ms]
   [Code Root Purge: 0.0 ms]
   [Clear CT: 0.1 ms]
   [Other: 0.4 ms]
      [Choose CSet: 0.0 ms]
      [Ref Proc: 0.1 ms]
      [Ref Enq: 0.0 ms]
      [Redirty Cards: 0.0 ms]
      [Humongous Register: 0.0 ms]
      [Humongous Reclaim: 0.0 ms]
      [Free CSet: 0.1 ms]
   [Eden: 262.0M(262.0M)->0.0B(265.0M) Survivors: 14336.0K->12288.0K Heap: 404.3M(472.0M)->140.8M(472.0M)]
 [Times: user=0.03 sys=0.00, real=0.02 secs] 
2024-07-06T11:32:46.506+0800: 520.673: [GC pause (G1 Evacuation Pause) (young), 0.0179260 secs]
   [Parallel Time: 17.5 ms, GC Workers: 2]
      [GC Worker Start (ms): Min: 520672.8, Avg: 520672.8, Max: 520672.8, Diff: 0.0]
      [Ext Root Scanning (ms): Min: 0.5, Avg: 0.5, Max: 0.5, Diff: 0.0, Sum: 1.0]
      [Update RS (ms): Min: 0.0, Avg: 0.0, Max: 0.0, Diff: 0.0, Sum: 0.1]
         [Processed Buffers: Min: 2, Avg: 3.0, Max: 4, Diff: 2, Sum: 6]
      [Scan RS (ms): Min: 0.1, Avg: 0.1, Max: 0.1, Diff: 0.0, Sum: 0.2]
      [Code Root Scanning (ms): Min: 0.0, Avg: 0.0, Max: 0.0, Diff: 0.0, Sum: 0.0]
      [Object Copy (ms): Min: 16.7, Avg: 16.7, Max: 16.7, Diff: 0.0, Sum: 33.5]
      [Termination (ms): Min: 0.0, Avg: 0.0, Max: 0.0, Diff: 0.0, Sum: 0.0]
         [Termination Attempts: Min: 1, Avg: 1.0, Max: 1, Diff: 0, Sum: 2]
      [GC Worker Other (ms): Min: 0.0, Avg: 0.0, Max: 0.0, Diff: 0.0, Sum: 0.0]
      [GC Worker Total (ms): Min: 17.4, Avg: 17.4, Max: 17.4, Diff: 0.0, Sum: 34.7]
      [GC Worker End (ms): Min: 520690.2, Avg: 520690.2, Max: 520690.2, Diff: 0.0]
   [Code Root Fixup: 0.0 ms]
   [Code Root Purge: 0.0 ms]
   [Clear CT: 0.1 ms]
   [Other: 0.3 ms]
      [Choose CSet: 0.0 ms]
      [Ref Proc: 0.1 ms]
      [Ref Enq: 0.0 ms]
      [Redirty Cards: 0.0 ms]
      [Humongous Register: 0.0 ms]
      [Humongous Reclaim: 0.0 ms]
      [Free CSet: 0.1 ms]
   [Eden: 265.0M(265.0M)->0.0B(265.0M) Survivors: 12288.0K->12288.0K Heap: 405.8M(472.0M)->140.3M(472.0M)]
 [Times: user=0.04 sys=0.00, real=0.02 secs] 
2024-07-06T11:32:47.223+0800: 521.389: [GC pause (G1 Evacuation Pause) (young), 0.0197477 secs]
   [Parallel Time: 19.2 ms, GC Workers: 2]
      [GC Worker Start (ms): Min: 521389.6, Avg: 521389.6, Max: 521389.6, Diff: 0.0]
      [Ext Root Scanning (ms): Min: 0.5, Avg: 0.5, Max: 0.5, Diff: 0.0, Sum: 1.1]
      [Update RS (ms): Min: 0.0, Avg: 0.0, Max: 0.0, Diff: 0.0, Sum: 0.1]
         [Processed Buffers: Min: 3, Avg: 3.0, Max: 3, Diff: 0, Sum: 6]
      [Scan RS (ms): Min: 0.1, Avg: 0.1, Max: 0.1, Diff: 0.0, Sum: 0.2]
      [Code Root Scanning (ms): Min: 0.0, Avg: 0.0, Max: 0.0, Diff: 0.0, Sum: 0.0]
      [Object Copy (ms): Min: 18.5, Avg: 18.5, Max: 18.5, Diff: 0.0, Sum: 36.9]
      [Termination (ms): Min: 0.0, Avg: 0.0, Max: 0.0, Diff: 0.0, Sum: 0.0]
         [Termination Attempts: Min: 1, Avg: 1.0, Max: 1, Diff: 0, Sum: 2]
      [GC Worker Other (ms): Min: 0.0, Avg: 0.0, Max: 0.0, Diff: 0.0, Sum: 0.0]
      [GC Worker Total (ms): Min: 19.1, Avg: 19.1, Max: 19.1, Diff: 0.0, Sum: 38.3]
      [GC Worker End (ms): Min: 521408.7, Avg: 521408.7, Max: 521408.7, Diff: 0.0]
   [Code Root Fixup: 0.0 ms]
   [Code Root Purge: 0.0 ms]
   [Clear CT: 0.1 ms]
   [Other: 0.4 ms]
      [Choose CSet: 0.0 ms]
      [Ref Proc: 0.1 ms]
      [Ref Enq: 0.0 ms]
      [Redirty Cards: 0.0 ms]
      [Humongous Register: 0.0 ms]
      [Humongous Reclaim: 0.0 ms]
      [Free CSet: 0.1 ms]
   [Eden: 265.0M(265.0M)->0.0B(263.0M) Survivors: 12288.0K->14336.0K Heap: 405.3M(472.0M)->142.8M(472.0M)]
 [Times: user=0.03 sys=0.01, real=0.02 secs] 
2024-07-06T11:32:47.762+0800: 521.929: [GC pause (G1 Evacuation Pause) (young), 0.0077323 secs]
   [Parallel Time: 7.2 ms, GC Workers: 2]
      [GC Worker Start (ms): Min: 521928.8, Avg: 521928.8, Max: 521928.8, Diff: 0.0]
      [Ext Root Scanning (ms): Min: 0.6, Avg: 0.6, Max: 0.6, Diff: 0.0, Sum: 1.1]
      [Update RS (ms): Min: 0.0, Avg: 0.0, Max: 0.1, Diff: 0.0, Sum: 0.1]
         [Processed Buffers: Min: 3, Avg: 3.5, Max: 4, Diff: 1, Sum: 7]
      [Scan RS (ms): Min: 0.1, Avg: 0.1, Max: 0.1, Diff: 0.0, Sum: 0.2]
      [Code Root Scanning (ms): Min: 0.0, Avg: 0.0, Max: 0.0, Diff: 0.0, Sum: 0.0]
      [Object Copy (ms): Min: 6.5, Avg: 6.5, Max: 6.5, Diff: 0.0, Sum: 12.9]
      [Termination (ms): Min: 0.0, Avg: 0.0, Max: 0.0, Diff: 0.0, Sum: 0.0]
         [Termination Attempts: Min: 1, Avg: 1.0, Max: 1, Diff: 0, Sum: 2]
      [GC Worker Other (ms): Min: 0.0, Avg: 0.0, Max: 0.0, Diff: 0.0, Sum: 0.0]
      [GC Worker Total (ms): Min: 7.2, Avg: 7.2, Max: 7.2, Diff: 0.0, Sum: 14.4]
      [GC Worker End (ms): Min: 521936.0, Avg: 521936.0, Max: 521936.0, Diff: 0.0]
   [Code Root Fixup: 0.0 ms]
   [Code Root Purge: 0.0 ms]
   [Clear CT: 0.1 ms]
   [Other: 0.4 ms]
      [Choose CSet: 0.0 ms]
      [Ref Proc: 0.1 ms]
      [Ref Enq: 0.0 ms]
      [Redirty Cards: 0.0 ms]
      [Humongous Register: 0.0 ms]
      [Humongous Reclaim: 0.0 ms]
      [Free CSet: 0.1 ms]
   [Eden: 263.0M(263.0M)->0.0B(271.0M) Survivors: 14336.0K->7168.0K Heap: 405.8M(472.0M)->135.8M(472.0M)]
 [Times: user=0.02 sys=0.00, real=0.01 secs] 
2024-07-06T11:32:48.195+0800: 522.361: [GC pause (G1 Evacuation Pause) (young), 0.0202198 secs]
   [Parallel Time: 19.7 ms, GC Workers: 2]
      [GC Worker Start (ms): Min: 522361.6, Avg: 522361.6, Max: 522361.6, Diff: 0.0]
      [Ext Root Scanning (ms): Min: 0.6, Avg: 0.6, Max: 0.6, Diff: 0.0, Sum: 1.2]
      [Update RS (ms): Min: 0.0, Avg: 0.0, Max: 0.0, Diff: 0.0, Sum: 0.1]
         [Processed Buffers: Min: 1, Avg: 3.5, Max: 6, Diff: 5, Sum: 7]
      [Scan RS (ms): Min: 0.1, Avg: 0.1, Max: 0.1, Diff: 0.0, Sum: 0.2]
      [Code Root Scanning (ms): Min: 0.0, Avg: 0.0, Max: 0.0, Diff: 0.0, Sum: 0.0]
      [Object Copy (ms): Min: 18.9, Avg: 18.9, Max: 18.9, Diff: 0.0, Sum: 37.8]
      [Termination (ms): Min: 0.0, Avg: 0.0, Max: 0.0, Diff: 0.0, Sum: 0.0]
         [Termination Attempts: Min: 1, Avg: 1.0, Max: 1, Diff: 0, Sum: 2]
      [GC Worker Other (ms): Min: 0.0, Avg: 0.0, Max: 0.0, Diff: 0.0, Sum: 0.0]
      [GC Worker Total (ms): Min: 19.6, Avg: 19.6, Max: 19.6, Diff: 0.0, Sum: 39.2]
      [GC Worker End (ms): Min: 522381.2, Avg: 522381.2, Max: 522381.2, Diff: 0.0]
   [Code Root Fixup: 0.0 ms]
   [Code Root Purge: 0.0 ms]
   [Clear CT: 0.1 ms]
   [Other: 0.4 ms]
      [Choose CSet: 0.0 ms]
      [Ref Proc: 0.1 ms]
      [Ref Enq: 0.0 ms]
      [Redirty Cards: 0.0 ms]
      [Humongous Register: 0.0 ms]
      [Humongous Reclaim: 0.0 ms]
      [Free CSet: 0.1 ms]
   [Eden: 271.0M(271.0M)->0.0B(257.0M) Survivors: 7168.0K->18432.0K Heap: 406.8M(472.0M)->146.8M(472.0M)]
 [Times: user=0.04 sys=0.00, real=0.02 secs] 
2024-07-06T11:32:48.679+0800: 522.846: [GC pause (G1 Evacuation Pause) (young), 0.0129824 secs]
   [Parallel Time: 12.5 ms, GC Workers: 2]
      [GC Worker Start (ms): Min: 522845.7, Avg: 522845.7, Max: 522845.7, Diff: 0.0]
      [Ext Root Scanning (ms): Min: 0.6, Avg: 0.6, Max: 0.6, Diff: 0.0, Sum: 1.2]
      [Update RS (ms): Min: 0.0, Avg: 0.0, Max: 0.0, Diff: 0.0, Sum: 0.1]
         [Processed Buffers: Min: 2, Avg: 2.5, Max: 3, Diff: 1, Sum: 5]
      [Scan RS (ms): Min: 0.1, Avg: 0.1, Max: 0.1, Diff: 0.0, Sum: 0.2]
      [Code Root Scanning (ms): Min: 0.0, Avg: 0.0, Max: 0.0, Diff: 0.0, Sum: 0.0]
      [Object Copy (ms): Min: 11.6, Avg: 11.6, Max: 11.7, Diff: 0.0, Sum: 23.3]
      [Termination (ms): Min: 0.0, Avg: 0.0, Max: 0.0, Diff: 0.0, Sum: 0.0]
         [Termination Attempts: Min: 1, Avg: 1.0, Max: 1, Diff: 0, Sum: 2]
      [GC Worker Other (ms): Min: 0.0, Avg: 0.0, Max: 0.0, Diff: 0.0, Sum: 0.0]
      [GC Worker Total (ms): Min: 12.4, Avg: 12.4, Max: 12.4, Diff: 0.0, Sum: 24.8]
      [GC Worker End (ms): Min: 522858.1, Avg: 522858.1, Max: 522858.1, Diff: 0.0]
   [Code Root Fixup: 0.0 ms]
   [Code Root Purge: 0.0 ms]
   [Clear CT: 0.1 ms]
   [Other: 0.4 ms]
      [Choose CSet: 0.0 ms]
      [Ref Proc: 0.1 ms]
      [Ref Enq: 0.0 ms]
      [Redirty Cards: 0.0 ms]
      [Humongous Register: 0.0 ms]
      [Humongous Reclaim: 0.0 ms]
      [Free CSet: 0.1 ms]
   [Eden: 257.0M(257.0M)->0.0B(265.0M) Survivors: 18432.0K->12288.0K Heap: 403.8M(472.0M)->140.3M(472.0M)]
 [Times: user=0.02 sys=0.00, real=0.01 secs] 
2024-07-06T11:32:49.171+0800: 523.337: [GC pause (G1 Evacuation Pause) (young), 0.0177955 secs]
   [Parallel Time: 17.2 ms, GC Workers: 2]
      [GC Worker Start (ms): Min: 523337.5, Avg: 523337.5, Max: 523337.5, Diff: 0.0]
      [Ext Root Scanning (ms): Min: 0.5, Avg: 0.5, Max: 0.5, Diff: 0.0, Sum: 1.0]
      [Update RS (ms): Min: 0.0, Avg: 0.0, Max: 0.0, Diff: 0.0, Sum: 0.1]
         [Processed Buffers: Min: 3, Avg: 3.5, Max: 4, Diff: 1, Sum: 7]
      [Scan RS (ms): Min: 0.1, Avg: 0.1, Max: 0.1, Diff: 0.0, Sum: 0.2]
      [Code Root Scanning (ms): Min: 0.0, Avg: 0.0, Max: 0.0, Diff: 0.0, Sum: 0.0]
      [Object Copy (ms): Min: 16.5, Avg: 16.6, Max: 16.6, Diff: 0.0, Sum: 33.1]
      [Termination (ms): Min: 0.0, Avg: 0.0, Max: 0.0, Diff: 0.0, Sum: 0.0]
         [Termination Attempts: Min: 1, Avg: 1.0, Max: 1, Diff: 0, Sum: 2]
      [GC Worker Other (ms): Min: 0.0, Avg: 0.0, Max: 0.0, Diff: 0.0, Sum: 0.0]
      [GC Worker Total (ms): Min: 17.2, Avg: 17.2, Max: 17.2, Diff: 0.0, Sum: 34.4]
      [GC Worker End (ms): Min: 523354.6, Avg: 523354.6, Max: 523354.6, Diff: 0.0]
   [Code Root Fixup: 0.0 ms]
   [Code Root Purge: 0.0 ms]
   [Clear CT: 0.1 ms]
   [Other: 0.4 ms]
      [Choose CSet: 0.0 ms]
      [Ref Proc: 0.1 ms]
      [Ref Enq: 0.0 ms]
      [Redirty Cards: 0.0 ms]
      [Humongous Register: 0.0 ms]
      [Humongous Reclaim: 0.0 ms]
      [Free CSet: 0.2 ms]
   [Eden: 265.0M(265.0M)->0.0B(260.0M) Survivors: 12288.0K->16384.0K Heap: 405.3M(472.0M)->144.3M(472.0M)]
 [Times: user=0.03 sys=0.00, real=0.02 secs] 
2024-07-06T11:32:49.629+0800: 523.796: [GC pause (G1 Evacuation Pause) (young), 0.0143743 secs]
   [Parallel Time: 13.8 ms, GC Workers: 2]
      [GC Worker Start (ms): Min: 523795.6, Avg: 523795.6, Max: 523795.6, Diff: 0.0]
      [Ext Root Scanning (ms): Min: 0.5, Avg: 0.5, Max: 0.5, Diff: 0.0, Sum: 0.9]
      [Update RS (ms): Min: 0.0, Avg: 0.0, Max: 0.0, Diff: 0.0, Sum: 0.1]
         [Processed Buffers: Min: 2, Avg: 2.5, Max: 3, Diff: 1, Sum: 5]
      [Scan RS (ms): Min: 0.1, Avg: 0.1, Max: 0.1, Diff: 0.0, Sum: 0.1]
      [Code Root Scanning (ms): Min: 0.0, Avg: 0.0, Max: 0.0, Diff: 0.0, Sum: 0.0]
      [Object Copy (ms): Min: 13.2, Avg: 13.2, Max: 13.2, Diff: 0.0, Sum: 26.4]
      [Termination (ms): Min: 0.0, Avg: 0.0, Max: 0.0, Diff: 0.0, Sum: 0.0]
         [Termination Attempts: Min: 1, Avg: 2.0, Max: 3, Diff: 2, Sum: 4]
      [GC Worker Other (ms): Min: 0.0, Avg: 0.0, Max: 0.0, Diff: 0.0, Sum: 0.0]
      [GC Worker Total (ms): Min: 13.8, Avg: 13.8, Max: 13.8, Diff: 0.0, Sum: 27.5]
      [GC Worker End (ms): Min: 523809.4, Avg: 523809.4, Max: 523809.4, Diff: 0.0]
   [Code Root Fixup: 0.0 ms]
   [Code Root Purge: 0.0 ms]
   [Clear CT: 0.1 ms]
   [Other: 0.4 ms]
      [Choose CSet: 0.0 ms]
      [Ref Proc: 0.1 ms]
      [Ref Enq: 0.0 ms]
      [Redirty Cards: 0.0 ms]
      [Humongous Register: 0.0 ms]
      [Humongous Reclaim: 0.0 ms]
      [Free CSet: 0.2 ms]
   [Eden: 260.0M(260.0M)->0.0B(263.0M) Survivors: 16384.0K->13312.0K Heap: 404.3M(472.0M)->141.8M(472.0M)]
 [Times: user=0.02 sys=0.00, real=0.01 secs] 
2024-07-06T11:32:50.047+0800: 524.213: [GC pause (G1 Evacuation Pause) (young), 0.0150943 secs]
   [Parallel Time: 14.6 ms, GC Workers: 2]
      [GC Worker Start (ms): Min: 524213.5, Avg: 524213.5, Max: 524213.5, Diff: 0.0]
      [Ext Root Scanning (ms): Min: 0.5, Avg: 0.5, Max: 0.5, Diff: 0.0, Sum: 1.0]
      [Update RS (ms): Min: 0.0, Avg: 0.0, Max: 0.0, Diff: 0.0, Sum: 0.1]
         [Processed Buffers: Min: 3, Avg: 3.0, Max: 3, Diff: 0, Sum: 6]
      [Scan RS (ms): Min: 0.1, Avg: 0.1, Max: 0.1, Diff: 0.0, Sum: 0.1]
      [Code Root Scanning (ms): Min: 0.0, Avg: 0.0, Max: 0.0, Diff: 0.0, Sum: 0.0]
      [Object Copy (ms): Min: 13.9, Avg: 13.9, Max: 13.9, Diff: 0.0, Sum: 27.8]
      [Termination (ms): Min: 0.0, Avg: 0.0, Max: 0.0, Diff: 0.0, Sum: 0.0]
         [Termination Attempts: Min: 1, Avg: 1.0, Max: 1, Diff: 0, Sum: 2]
      [GC Worker Other (ms): Min: 0.0, Avg: 0.0, Max: 0.0, Diff: 0.0, Sum: 0.0]
      [GC Worker Total (ms): Min: 14.5, Avg: 14.5, Max: 14.5, Diff: 0.0, Sum: 29.1]
      [GC Worker End (ms): Min: 524228.1, Avg: 524228.1, Max: 524228.1, Diff: 0.0]
   [Code Root Fixup: 0.0 ms]
   [Code Root Purge: 0.0 ms]
   [Clear CT: 0.1 ms]
   [Other: 0.4 ms]
      [Choose CSet: 0.0 ms]
      [Ref Proc: 0.1 ms]
      [Ref Enq: 0.0 ms]
      [Redirty Cards: 0.0 ms]
      [Humongous Register: 0.0 ms]
      [Humongous Reclaim: 0.0 ms]
      [Free CSet: 0.1 ms]
   [Eden: 263.0M(263.0M)->0.0B(262.0M) Survivors: 13312.0K->14336.0K Heap: 404.8M(472.0M)->142.8M(472.0M)]
 [Times: user=0.03 sys=0.00, real=0.01 secs] 
2024-07-06T11:32:50.483+0800: 524.649: [GC pause (G1 Evacuation Pause) (young), 0.0153946 secs]
   [Parallel Time: 14.9 ms, GC Workers: 2]
      [GC Worker Start (ms): Min: 524649.6, Avg: 524649.6, Max: 524649.6, Diff: 0.0]
      [Ext Root Scanning (ms): Min: 0.5, Avg: 0.5, Max: 0.5, Diff: 0.0, Sum: 1.0]
      [Update RS (ms): Min: 0.0, Avg: 0.0, Max: 0.0, Diff: 0.0, Sum: 0.1]
         [Processed Buffers: Min: 3, Avg: 3.5, Max: 4, Diff: 1, Sum: 7]
      [Scan RS (ms): Min: 0.1, Avg: 0.1, Max: 0.1, Diff: 0.0, Sum: 0.2]
      [Code Root Scanning (ms): Min: 0.0, Avg: 0.0, Max: 0.0, Diff: 0.0, Sum: 0.0]
      [Object Copy (ms): Min: 14.2, Avg: 14.2, Max: 14.2, Diff: 0.0, Sum: 28.4]
      [Termination (ms): Min: 0.0, Avg: 0.0, Max: 0.0, Diff: 0.0, Sum: 0.0]
         [Termination Attempts: Min: 1, Avg: 1.0, Max: 1, Diff: 0, Sum: 2]
      [GC Worker Other (ms): Min: 0.0, Avg: 0.0, Max: 0.0, Diff: 0.0, Sum: 0.0]
      [GC Worker Total (ms): Min: 14.8, Avg: 14.8, Max: 14.8, Diff: 0.0, Sum: 29.6]
      [GC Worker End (ms): Min: 524664.4, Avg: 524664.4, Max: 524664.4, Diff: 0.0]
   [Code Root Fixup: 0.0 ms]
   [Code Root Purge: 0.0 ms]
   [Clear CT: 0.1 ms]
   [Other: 0.4 ms]
      [Choose CSet: 0.0 ms]
      [Ref Proc: 0.1 ms]
      [Ref Enq: 0.0 ms]
      [Redirty Cards: 0.1 ms]
      [Humongous Register: 0.0 ms]
      [Humongous Reclaim: 0.0 ms]
      [Free CSet: 0.1 ms]
   [Eden: 262.0M(262.0M)->0.0B(263.0M) Survivors: 14336.0K->13312.0K Heap: 404.8M(472.0M)->141.8M(472.0M)]
 [Times: user=0.03 sys=0.00, real=0.02 secs] 
2024-07-06T11:32:50.947+0800: 525.113: [GC pause (G1 Evacuation Pause) (young), 0.0135536 secs]
   [Parallel Time: 12.9 ms, GC Workers: 2]
      [GC Worker Start (ms): Min: 525113.0, Avg: 525113.0, Max: 525113.0, Diff: 0.0]
      [Ext Root Scanning (ms): Min: 0.5, Avg: 0.6, Max: 0.6, Diff: 0.0, Sum: 1.1]
      [Update RS (ms): Min: 0.0, Avg: 0.0, Max: 0.0, Diff: 0.0, Sum: 0.1]
         [Processed Buffers: Min: 3, Avg: 3.0, Max: 3, Diff: 0, Sum: 6]
      [Scan RS (ms): Min: 0.1, Avg: 0.1, Max: 0.1, Diff: 0.0, Sum: 0.2]
      [Code Root Scanning (ms): Min: 0.0, Avg: 0.0, Max: 0.0, Diff: 0.0, Sum: 0.0]
      [Object Copy (ms): Min: 12.1, Avg: 12.2, Max: 12.2, Diff: 0.1, Sum: 24.3]
      [Termination (ms): Min: 0.0, Avg: 0.0, Max: 0.0, Diff: 0.0, Sum: 0.0]
         [Termination Attempts: Min: 1, Avg: 1.0, Max: 1, Diff: 0, Sum: 2]
      [GC Worker Other (ms): Min: 0.0, Avg: 0.0, Max: 0.0, Diff: 0.0, Sum: 0.0]
      [GC Worker Total (ms): Min: 12.9, Avg: 12.9, Max: 12.9, Diff: 0.0, Sum: 25.7]
      [GC Worker End (ms): Min: 525125.9, Avg: 525125.9, Max: 525125.9, Diff: 0.0]
   [Code Root Fixup: 0.0 ms]
   [Code Root Purge: 0.0 ms]
   [Clear CT: 0.1 ms]
   [Other: 0.5 ms]
      [Choose CSet: 0.0 ms]
      [Ref Proc: 0.1 ms]
      [Ref Enq: 0.0 ms]
      [Redirty Cards: 0.0 ms]
      [Humongous Register: 0.0 ms]
      [Humongous Reclaim: 0.0 ms]
      [Free CSet: 0.2 ms]
   [Eden: 263.0M(263.0M)->0.0B(266.0M) Survivors: 13312.0K->11264.0K Heap: 404.8M(472.0M)->139.8M(472.0M)]
 [Times: user=0.03 sys=0.00, real=0.02 secs] 
2024-07-06T11:32:51.507+0800: 525.673: [GC pause (G1 Evacuation Pause) (young), 0.0110553 secs]
   [Parallel Time: 10.5 ms, GC Workers: 2]
      [GC Worker Start (ms): Min: 525673.6, Avg: 525673.6, Max: 525673.6, Diff: 0.0]
      [Ext Root Scanning (ms): Min: 0.5, Avg: 0.5, Max: 0.5, Diff: 0.0, Sum: 1.0]
      [Update RS (ms): Min: 0.0, Avg: 0.0, Max: 0.0, Diff: 0.0, Sum: 0.1]
         [Processed Buffers: Min: 2, Avg: 3.0, Max: 4, Diff: 2, Sum: 6]
      [Scan RS (ms): Min: 0.1, Avg: 0.1, Max: 0.1, Diff: 0.0, Sum: 0.2]
      [Code Root Scanning (ms): Min: 0.0, Avg: 0.0, Max: 0.0, Diff: 0.0, Sum: 0.0]
      [Object Copy (ms): Min: 9.7, Avg: 9.8, Max: 9.8, Diff: 0.1, Sum: 19.6]
      [Termination (ms): Min: 0.0, Avg: 0.0, Max: 0.1, Diff: 0.1, Sum: 0.1]
         [Termination Attempts: Min: 1, Avg: 1.5, Max: 2, Diff: 1, Sum: 3]
      [GC Worker Other (ms): Min: 0.0, Avg: 0.0, Max: 0.0, Diff: 0.0, Sum: 0.0]
      [GC Worker Total (ms): Min: 10.5, Avg: 10.5, Max: 10.5, Diff: 0.0, Sum: 21.0]
      [GC Worker End (ms): Min: 525684.0, Avg: 525684.0, Max: 525684.0, Diff: 0.0]
   [Code Root Fixup: 0.0 ms]
   [Code Root Purge: 0.0 ms]
   [Clear CT: 0.1 ms]
   [Other: 0.4 ms]
      [Choose CSet: 0.0 ms]
      [Ref Proc: 0.1 ms]
      [Ref Enq: 0.0 ms]
      [Redirty Cards: 0.0 ms]
      [Humongous Register: 0.0 ms]
      [Humongous Reclaim: 0.0 ms]
      [Free CSet: 0.1 ms]
   [Eden: 266.0M(266.0M)->0.0B(268.0M) Survivors: 11264.0K->10240.0K Heap: 405.8M(472.0M)->138.3M(472.0M)]
 [Times: user=0.03 sys=0.00, real=0.01 secs] 
2024-07-06T11:32:51.940+0800: 526.106: [GC pause (G1 Evacuation Pause) (young), 0.0182061 secs]
   [Parallel Time: 17.6 ms, GC Workers: 2]
      [GC Worker Start (ms): Min: 526105.9, Avg: 526105.9, Max: 526106.0, Diff: 0.0]
      [Ext Root Scanning (ms): Min: 0.5, Avg: 0.5, Max: 0.5, Diff: 0.0, Sum: 1.0]
      [Update RS (ms): Min: 0.0, Avg: 0.0, Max: 0.0, Diff: 0.0, Sum: 0.1]
         [Processed Buffers: Min: 2, Avg: 2.5, Max: 3, Diff: 1, Sum: 5]
      [Scan RS (ms): Min: 0.1, Avg: 0.1, Max: 0.1, Diff: 0.0, Sum: 0.2]
      [Code Root Scanning (ms): Min: 0.0, Avg: 0.0, Max: 0.0, Diff: 0.0, Sum: 0.0]
      [Object Copy (ms): Min: 16.9, Avg: 16.9, Max: 16.9, Diff: 0.0, Sum: 33.7]
      [Termination (ms): Min: 0.0, Avg: 0.0, Max: 0.0, Diff: 0.0, Sum: 0.0]
         [Termination Attempts: Min: 1, Avg: 1.5, Max: 2, Diff: 1, Sum: 3]
      [GC Worker Other (ms): Min: 0.0, Avg: 0.0, Max: 0.0, Diff: 0.0, Sum: 0.1]
      [GC Worker Total (ms): Min: 17.5, Avg: 17.5, Max: 17.5, Diff: 0.0, Sum: 35.0]
      [GC Worker End (ms): Min: 526123.4, Avg: 526123.4, Max: 526123.4, Diff: 0.0]
   [Code Root Fixup: 0.0 ms]
   [Code Root Purge: 0.0 ms]
   [Clear CT: 0.1 ms]
   [Other: 0.5 ms]
      [Choose CSet: 0.0 ms]
      [Ref Proc: 0.1 ms]
      [Ref Enq: 0.0 ms]
      [Redirty Cards: 0.0 ms]
      [Humongous Register: 0.0 ms]
      [Humongous Reclaim: 0.0 ms]
      [Free CSet: 0.2 ms]
   [Eden: 268.0M(268.0M)->0.0B(259.0M) Survivors: 10240.0K->17408.0K Heap: 406.3M(472.0M)->145.3M(472.0M)]
 [Times: user=0.03 sys=0.00, real=0.02 secs] 
2024-07-06T11:32:52.388+0800: 526.554: [GC pause (G1 Evacuation Pause) (young), 0.0206334 secs]
   [Parallel Time: 20.1 ms, GC Workers: 2]
      [GC Worker Start (ms): Min: 526554.2, Avg: 526554.2, Max: 526554.2, Diff: 0.0]
      [Ext Root Scanning (ms): Min: 0.5, Avg: 0.5, Max: 0.5, Diff: 0.0, Sum: 1.0]
      [Update RS (ms): Min: 0.0, Avg: 0.0, Max: 0.0, Diff: 0.0, Sum: 0.1]
         [Processed Buffers: Min: 2, Avg: 3.5, Max: 5, Diff: 3, Sum: 7]
      [Scan RS (ms): Min: 0.1, Avg: 0.1, Max: 0.1, Diff: 0.0, Sum: 0.2]
      [Code Root Scanning (ms): Min: 0.0, Avg: 0.0, Max: 0.0, Diff: 0.0, Sum: 0.0]
      [Object Copy (ms): Min: 19.4, Avg: 19.5, Max: 19.5, Diff: 0.0, Sum: 38.9]
      [Termination (ms): Min: 0.0, Avg: 0.0, Max: 0.0, Diff: 0.0, Sum: 0.0]
         [Termination Attempts: Min: 2, Avg: 2.0, Max: 2, Diff: 0, Sum: 4]
      [GC Worker Other (ms): Min: 0.0, Avg: 0.0, Max: 0.0, Diff: 0.0, Sum: 0.0]
      [GC Worker Total (ms): Min: 20.1, Avg: 20.1, Max: 20.1, Diff: 0.0, Sum: 40.1]
      [GC Worker End (ms): Min: 526574.3, Avg: 526574.3, Max: 526574.3, Diff: 0.0]
   [Code Root Fixup: 0.0 ms]
   [Code Root Purge: 0.0 ms]
   [Clear CT: 0.1 ms]
   [Other: 0.4 ms]
      [Choose CSet: 0.0 ms]
      [Ref Proc: 0.1 ms]
      [Ref Enq: 0.0 ms]
      [Redirty Cards: 0.0 ms]
      [Humongous Register: 0.0 ms]
      [Humongous Reclaim: 0.0 ms]
      [Free CSet: 0.1 ms]
   [Eden: 259.0M(259.0M)->0.0B(255.0M) Survivors: 17408.0K->19456.0K Heap: 404.3M(472.0M)->147.8M(472.0M)]
 [Times: user=0.04 sys=0.00, real=0.02 secs] 
2024-07-06T11:32:52.852+0800: 527.018: [GC pause (G1 Evacuation Pause) (young), 0.0114322 secs]
   [Parallel Time: 10.8 ms, GC Workers: 2]
      [GC Worker Start (ms): Min: 527018.2, Avg: 527018.2, Max: 527018.2, Diff: 0.0]
      [Ext Root Scanning (ms): Min: 0.5, Avg: 0.5, Max: 0.5, Diff: 0.0, Sum: 1.0]
      [Update RS (ms): Min: 0.0, Avg: 0.0, Max: 0.0, Diff: 0.0, Sum: 0.1]
         [Processed Buffers: Min: 2, Avg: 2.5, Max: 3, Diff: 1, Sum: 5]
      [Scan RS (ms): Min: 0.1, Avg: 0.1, Max: 0.1, Diff: 0.0, Sum: 0.2]
      [Code Root Scanning (ms): Min: 0.0, Avg: 0.0, Max: 0.0, Diff: 0.0, Sum: 0.0]
      [Object Copy (ms): Min: 10.0, Avg: 10.0, Max: 10.0, Diff: 0.0, Sum: 20.0]
      [Termination (ms): Min: 0.0, Avg: 0.0, Max: 0.0, Diff: 0.0, Sum: 0.0]
         [Termination Attempts: Min: 1, Avg: 1.0, Max: 1, Diff: 0, Sum: 2]
      [GC Worker Other (ms): Min: 0.0, Avg: 0.0, Max: 0.0, Diff: 0.0, Sum: 0.0]
      [GC Worker Total (ms): Min: 10.7, Avg: 10.7, Max: 10.7, Diff: 0.0, Sum: 21.3]
      [GC Worker End (ms): Min: 527028.8, Avg: 527028.8, Max: 527028.8, Diff: 0.0]
   [Code Root Fixup: 0.0 ms]
   [Code Root Purge: 0.0 ms]
   [Clear CT: 0.2 ms]
   [Other: 0.5 ms]
      [Choose CSet: 0.0 ms]
      [Ref Proc: 0.2 ms]
      [Ref Enq: 0.0 ms]
      [Redirty Cards: 0.0 ms]
      [Humongous Register: 0.0 ms]
      [Humongous Reclaim: 0.0 ms]
      [Free CSet: 0.2 ms]
   [Eden: 255.0M(255.0M)->0.0B(268.0M) Survivors: 19456.0K->9216.0K Heap: 402.8M(472.0M)->137.3M(472.0M)]
 [Times: user=0.02 sys=0.00, real=0.01 secs] 
2024-07-06T11:32:53.291+0800: 527.457: [GC pause (G1 Evacuation Pause) (young), 0.0196233 secs]
   [Parallel Time: 19.1 ms, GC Workers: 2]
      [GC Worker Start (ms): Min: 527457.5, Avg: 527457.8, Max: 527458.0, Diff: 0.5]
      [Ext Root Scanning (ms): Min: 0.3, Avg: 1.4, Max: 2.6, Diff: 2.3, Sum: 2.9]
      [Update RS (ms): Min: 0.0, Avg: 0.0, Max: 0.0, Diff: 0.0, Sum: 0.0]
         [Processed Buffers: Min: 0, Avg: 3.0, Max: 6, Diff: 6, Sum: 6]
      [Scan RS (ms): Min: 0.0, Avg: 0.1, Max: 0.1, Diff: 0.1, Sum: 0.1]
      [Code Root Scanning (ms): Min: 0.0, Avg: 0.0, Max: 0.0, Diff: 0.0, Sum: 0.0]
      [Object Copy (ms): Min: 16.4, Avg: 17.2, Max: 18.0, Diff: 1.6, Sum: 34.5]
      [Termination (ms): Min: 0.0, Avg: 0.0, Max: 0.0, Diff: 0.0, Sum: 0.0]
         [Termination Attempts: Min: 1, Avg: 1.0, Max: 1, Diff: 0, Sum: 2]
      [GC Worker Other (ms): Min: 0.0, Avg: 0.0, Max: 0.0, Diff: 0.0, Sum: 0.0]
      [GC Worker Total (ms): Min: 18.5, Avg: 18.8, Max: 19.0, Diff: 0.5, Sum: 37.6]
      [GC Worker End (ms): Min: 527476.6, Avg: 527476.6, Max: 527476.6, Diff: 0.0]
   [Code Root Fixup: 0.0 ms]
   [Code Root Purge: 0.0 ms]
   [Clear CT: 0.1 ms]
   [Other: 0.4 ms]
      [Choose CSet: 0.0 ms]
      [Ref Proc: 0.1 ms]
      [Ref Enq: 0.0 ms]
      [Redirty Cards: 0.1 ms]
      [Humongous Register: 0.0 ms]
      [Humongous Reclaim: 0.0 ms]
      [Free CSet: 0.2 ms]
   [Eden: 268.0M(268.0M)->0.0B(261.0M) Survivors: 9216.0K->15360.0K Heap: 405.3M(472.0M)->143.8M(472.0M)]
 [Times: user=0.03 sys=0.00, real=0.02 secs] 
2024-07-06T11:32:53.730+0800: 527.896: [GC pause (G1 Evacuation Pause) (young), 0.0273196 secs]
   [Parallel Time: 26.7 ms, GC Workers: 2]
      [GC Worker Start (ms): Min: 527896.2, Avg: 527896.8, Max: 527897.4, Diff: 1.2]
      [Ext Root Scanning (ms): Min: 0.0, Avg: 0.4, Max: 0.7, Diff: 0.7, Sum: 0.7]
      [Update RS (ms): Min: 0.0, Avg: 0.0, Max: 0.0, Diff: 0.0, Sum: 0.0]
         [Processed Buffers: Min: 0, Avg: 3.5, Max: 7, Diff: 7, Sum: 7]
      [Scan RS (ms): Min: 0.0, Avg: 0.1, Max: 0.1, Diff: 0.1, Sum: 0.1]
      [Code Root Scanning (ms): Min: 0.0, Avg: 0.0, Max: 0.0, Diff: 0.0, Sum: 0.0]
      [Object Copy (ms): Min: 25.2, Avg: 25.4, Max: 25.7, Diff: 0.5, Sum: 50.8]
      [Termination (ms): Min: 0.0, Avg: 0.1, Max: 0.2, Diff: 0.2, Sum: 0.2]
         [Termination Attempts: Min: 1, Avg: 1.0, Max: 1, Diff: 0, Sum: 2]
      [GC Worker Other (ms): Min: 0.0, Avg: 0.0, Max: 0.1, Diff: 0.1, Sum: 0.1]
      [GC Worker Total (ms): Min: 25.4, Avg: 26.0, Max: 26.6, Diff: 1.2, Sum: 52.0]
      [GC Worker End (ms): Min: 527922.8, Avg: 527922.8, Max: 527922.8, Diff: 0.0]
   [Code Root Fixup: 0.0 ms]
   [Code Root Purge: 0.0 ms]
   [Clear CT: 0.2 ms]
   [Other: 0.5 ms]
      [Choose CSet: 0.0 ms]
      [Ref Proc: 0.1 ms]
      [Ref Enq: 0.0 ms]
      [Redirty Cards: 0.0 ms]
      [Humongous Register: 0.0 ms]
      [Humongous Reclaim: 0.0 ms]
      [Free CSet: 0.3 ms]
   [Eden: 261.0M(261.0M)->0.0B(258.0M) Survivors: 15360.0K->17408.0K Heap: 404.8M(472.0M)->145.8M(472.0M)]
 [Times: user=0.03 sys=0.00, real=0.03 secs] 
2024-07-06T11:32:54.158+0800: 528.325: [GC pause (G1 Evacuation Pause) (young), 0.0166094 secs]
   [Parallel Time: 16.0 ms, GC Workers: 2]
      [GC Worker Start (ms): Min: 528324.7, Avg: 528324.7, Max: 528324.8, Diff: 0.0]
      [Ext Root Scanning (ms): Min: 0.5, Avg: 0.5, Max: 0.5, Diff: 0.0, Sum: 1.0]
      [Update RS (ms): Min: 0.0, Avg: 0.0, Max: 0.1, Diff: 0.0, Sum: 0.1]
         [Processed Buffers: Min: 1, Avg: 2.5, Max: 4, Diff: 3, Sum: 5]
      [Scan RS (ms): Min: 0.1, Avg: 0.1, Max: 0.1, Diff: 0.0, Sum: 0.2]
      [Code Root Scanning (ms): Min: 0.0, Avg: 0.0, Max: 0.0, Diff: 0.0, Sum: 0.0]
      [Object Copy (ms): Min: 15.2, Avg: 15.2, Max: 15.3, Diff: 0.0, Sum: 30.5]
      [Termination (ms): Min: 0.0, Avg: 0.0, Max: 0.0, Diff: 0.0, Sum: 0.0]
         [Termination Attempts: Min: 1, Avg: 1.5, Max: 2, Diff: 1, Sum: 3]
      [GC Worker Other (ms): Min: 0.0, Avg: 0.0, Max: 0.0, Diff: 0.0, Sum: 0.0]
      [GC Worker Total (ms): Min: 15.9, Avg: 15.9, Max: 15.9, Diff: 0.0, Sum: 31.8]
      [GC Worker End (ms): Min: 528340.6, Avg: 528340.6, Max: 528340.6, Diff: 0.0]
   [Code Root Fixup: 0.0 ms]
   [Code Root Purge: 0.0 ms]
   [Clear CT: 0.1 ms]
   [Other: 0.5 ms]
      [Choose CSet: 0.0 ms]
      [Ref Proc: 0.1 ms]
      [Ref Enq: 0.0 ms]
      [Redirty Cards: 0.1 ms]
      [Humongous Register: 0.0 ms]
      [Humongous Reclaim: 0.0 ms]
      [Free CSet: 0.1 ms]
   [Eden: 258.0M(258.0M)->0.0B(260.0M) Survivors: 17408.0K->15360.0K Heap: 403.8M(472.0M)->143.3M(472.0M)]
 [Times: user=0.03 sys=0.00, real=0.01 secs] 
2024-07-06T11:32:54.598+0800: 528.764: [GC pause (G1 Evacuation Pause) (young), 0.0180622 secs]
   [Parallel Time: 17.5 ms, GC Workers: 2]
      [GC Worker Start (ms): Min: 528764.4, Avg: 528764.4, Max: 528764.4, Diff: 0.0]
      [Ext Root Scanning (ms): Min: 0.5, Avg: 0.5, Max: 0.5, Diff: 0.0, Sum: 1.0]
      [Update RS (ms): Min: 0.0, Avg: 0.0, Max: 0.0, Diff: 0.0, Sum: 0.1]
         [Processed Buffers: Min: 3, Avg: 3.5, Max: 4, Diff: 1, Sum: 7]
      [Scan RS (ms): Min: 0.1, Avg: 0.1, Max: 0.1, Diff: 0.0, Sum: 0.2]
      [Code Root Scanning (ms): Min: 0.0, Avg: 0.0, Max: 0.0, Diff: 0.0, Sum: 0.0]
      [Object Copy (ms): Min: 16.8, Avg: 16.8, Max: 16.8, Diff: 0.0, Sum: 33.5]
      [Termination (ms): Min: 0.0, Avg: 0.0, Max: 0.0, Diff: 0.0, Sum: 0.0]
         [Termination Attempts: Min: 1, Avg: 1.0, Max: 1, Diff: 0, Sum: 2]
      [GC Worker Other (ms): Min: 0.0, Avg: 0.0, Max: 0.0, Diff: 0.0, Sum: 0.0]
      [GC Worker Total (ms): Min: 17.4, Avg: 17.4, Max: 17.4, Diff: 0.0, Sum: 34.8]
      [GC Worker End (ms): Min: 528781.9, Avg: 528781.9, Max: 528781.9, Diff: 0.0]
   [Code Root Fixup: 0.0 ms]
   [Code Root Purge: 0.0 ms]
   [Clear CT: 0.1 ms]
   [Other: 0.5 ms]
      [Choose CSet: 0.0 ms]
      [Ref Proc: 0.2 ms]
      [Ref Enq: 0.0 ms]
      [Redirty Cards: 0.0 ms]
      [Humongous Register: 0.0 ms]
      [Humongous Reclaim: 0.0 ms]
      [Free CSet: 0.1 ms]
   [Eden: 260.0M(260.0M)->0.0B(259.0M) Survivors: 15360.0K->16384.0K Heap: 403.3M(472.0M)->144.8M(472.0M)]
 [Times: user=0.04 sys=0.00, real=0.02 secs] 
2024-07-06T11:32:55.027+0800: 529.193: [GC pause (G1 Evacuation Pause) (young), 0.0150064 secs]
   [Parallel Time: 14.6 ms, GC Workers: 2]
      [GC Worker Start (ms): Min: 529193.5, Avg: 529193.5, Max: 529193.5, Diff: 0.0]
      [Ext Root Scanning (ms): Min: 0.5, Avg: 0.5, Max: 0.5, Diff: 0.0, Sum: 1.0]
      [Update RS (ms): Min: 0.0, Avg: 0.0, Max: 0.0, Diff: 0.0, Sum: 0.1]
         [Processed Buffers: Min: 3, Avg: 3.5, Max: 4, Diff: 1, Sum: 7]
      [Scan RS (ms): Min: 0.1, Avg: 0.1, Max: 0.1, Diff: 0.0, Sum: 0.1]
      [Code Root Scanning (ms): Min: 0.0, Avg: 0.0, Max: 0.0, Diff: 0.0, Sum: 0.0]
      [Object Copy (ms): Min: 13.8, Avg: 13.8, Max: 13.8, Diff: 0.0, Sum: 27.6]
      [Termination (ms): Min: 0.0, Avg: 0.0, Max: 0.0, Diff: 0.0, Sum: 0.0]
         [Termination Attempts: Min: 1, Avg: 1.0, Max: 1, Diff: 0, Sum: 2]
      [GC Worker Other (ms): Min: 0.0, Avg: 0.0, Max: 0.0, Diff: 0.0, Sum: 0.0]
      [GC Worker Total (ms): Min: 14.4, Avg: 14.4, Max: 14.4, Diff: 0.0, Sum: 28.9]
      [GC Worker End (ms): Min: 529207.9, Avg: 529207.9, Max: 529207.9, Diff: 0.0]
   [Code Root Fixup: 0.0 ms]
   [Code Root Purge: 0.0 ms]
   [Clear CT: 0.1 ms]
   [Other: 0.3 ms]
      [Choose CSet: 0.0 ms]
      [Ref Proc: 0.1 ms]
      [Ref Enq: 0.0 ms]
      [Redirty Cards: 0.0 ms]
      [Humongous Register: 0.0 ms]
      [Humongous Reclaim: 0.0 ms]
      [Free CSet: 0.1 ms]
   [Eden: 259.0M(259.0M)->0.0B(261.0M) Survivors: 16384.0K->14336.0K Heap: 403.8M(472.0M)->142.8M(472.0M)]
 [Times: user=0.03 sys=0.00, real=0.01 secs] 
2024-07-06T11:32:55.455+0800: 529.621: [GC pause (G1 Evacuation Pause) (young), 0.0162437 secs]
   [Parallel Time: 15.7 ms, GC Workers: 2]
      [GC Worker Start (ms): Min: 529621.1, Avg: 529621.1, Max: 529621.1, Diff: 0.0]
      [Ext Root Scanning (ms): Min: 0.5, Avg: 0.5, Max: 0.5, Diff: 0.0, Sum: 1.0]
      [Update RS (ms): Min: 0.0, Avg: 0.0, Max: 0.0, Diff: 0.0, Sum: 0.1]
         [Processed Buffers: Min: 2, Avg: 2.5, Max: 3, Diff: 1, Sum: 5]
      [Scan RS (ms): Min: 0.1, Avg: 0.1, Max: 0.1, Diff: 0.0, Sum: 0.1]
      [Code Root Scanning (ms): Min: 0.0, Avg: 0.0, Max: 0.0, Diff: 0.0, Sum: 0.0]
      [Object Copy (ms): Min: 15.1, Avg: 15.1, Max: 15.1, Diff: 0.0, Sum: 30.1]
      [Termination (ms): Min: 0.0, Avg: 0.0, Max: 0.0, Diff: 0.0, Sum: 0.0]
         [Termination Attempts: Min: 1, Avg: 1.0, Max: 1, Diff: 0, Sum: 2]
      [GC Worker Other (ms): Min: 0.0, Avg: 0.0, Max: 0.0, Diff: 0.0, Sum: 0.0]
      [GC Worker Total (ms): Min: 15.7, Avg: 15.7, Max: 15.7, Diff: 0.0, Sum: 31.3]
      [GC Worker End (ms): Min: 529636.8, Avg: 529636.8, Max: 529636.8, Diff: 0.0]
   [Code Root Fixup: 0.0 ms]
   [Code Root Purge: 0.0 ms]
   [Clear CT: 0.1 ms]
   [Other: 0.4 ms]
      [Choose CSet: 0.0 ms]
      [Ref Proc: 0.1 ms]
      [Ref Enq: 0.0 ms]
      [Redirty Cards: 0.1 ms]
      [Humongous Register: 0.0 ms]
      [Humongous Reclaim: 0.0 ms]
      [Free CSet: 0.1 ms]
   [Eden: 261.0M(261.0M)->0.0B(260.0M) Survivors: 14336.0K->15360.0K Heap: 403.8M(472.0M)->143.3M(472.0M)]
 [Times: user=0.03 sys=0.00, real=0.02 secs] 
2024-07-06T11:32:55.929+0800: 530.095: [GC pause (G1 Evacuation Pause) (young), 0.0164971 secs]
   [Parallel Time: 15.9 ms, GC Workers: 2]
      [GC Worker Start (ms): Min: 530094.8, Avg: 530094.8, Max: 530094.8, Diff: 0.0]
      [Ext Root Scanning (ms): Min: 0.5, Avg: 0.5, Max: 0.5, Diff: 0.0, Sum: 1.0]
      [Update RS (ms): Min: 0.0, Avg: 0.0, Max: 0.0, Diff: 0.0, Sum: 0.1]
         [Processed Buffers: Min: 3, Avg: 3.5, Max: 4, Diff: 1, Sum: 7]
      [Scan RS (ms): Min: 0.1, Avg: 0.1, Max: 0.1, Diff: 0.0, Sum: 0.1]
      [Code Root Scanning (ms): Min: 0.0, Avg: 0.0, Max: 0.0, Diff: 0.0, Sum: 0.0]
      [Object Copy (ms): Min: 15.2, Avg: 15.2, Max: 15.2, Diff: 0.0, Sum: 30.4]
      [Termination (ms): Min: 0.0, Avg: 0.0, Max: 0.0, Diff: 0.0, Sum: 0.0]
         [Termination Attempts: Min: 1, Avg: 1.0, Max: 1, Diff: 0, Sum: 2]
      [GC Worker Other (ms): Min: 0.0, Avg: 0.0, Max: 0.0, Diff: 0.0, Sum: 0.0]
      [GC Worker Total (ms): Min: 15.8, Avg: 15.8, Max: 15.8, Diff: 0.0, Sum: 31.7]
      [GC Worker End (ms): Min: 530110.7, Avg: 530110.7, Max: 530110.7, Diff: 0.0]
   [Code Root Fixup: 0.0 ms]
   [Code Root Purge: 0.0 ms]
   [Clear CT: 0.1 ms]
   [Other: 0.5 ms]
      [Choose CSet: 0.0 ms]
      [Ref Proc: 0.2 ms]
      [Ref Enq: 0.0 ms]
      [Redirty Cards: 0.0 ms]
      [Humongous Register: 0.0 ms]
      [Humongous Reclaim: 0.0 ms]
      [Free CSet: 0.1 ms]
   [Eden: 260.0M(260.0M)->0.0B(261.0M) Survivors: 15360.0K->14336.0K Heap: 403.3M(472.0M)->142.8M(472.0M)]
 [Times: user=0.03 sys=0.00, real=0.01 secs] 
2024-07-06T11:32:56.399+0800: 530.565: [GC pause (G1 Evacuation Pause) (young), 0.0147197 secs]
   [Parallel Time: 14.2 ms, GC Workers: 2]
      [GC Worker Start (ms): Min: 530564.8, Avg: 530564.8, Max: 530564.9, Diff: 0.0]
      [Ext Root Scanning (ms): Min: 0.5, Avg: 0.6, Max: 0.6, Diff: 0.0, Sum: 1.1]
      [Update RS (ms): Min: 0.0, Avg: 0.0, Max: 0.0, Diff: 0.0, Sum: 0.1]
         [Processed Buffers: Min: 3, Avg: 3.5, Max: 4, Diff: 1, Sum: 7]
      [Scan RS (ms): Min: 0.1, Avg: 0.1, Max: 0.1, Diff: 0.0, Sum: 0.2]
      [Code Root Scanning (ms): Min: 0.0, Avg: 0.0, Max: 0.0, Diff: 0.0, Sum: 0.0]
      [Object Copy (ms): Min: 13.5, Avg: 13.5, Max: 13.5, Diff: 0.0, Sum: 26.9]
      [Termination (ms): Min: 0.0, Avg: 0.0, Max: 0.0, Diff: 0.0, Sum: 0.0]
         [Termination Attempts: Min: 1, Avg: 1.0, Max: 1, Diff: 0, Sum: 2]
      [GC Worker Other (ms): Min: 0.0, Avg: 0.0, Max: 0.0, Diff: 0.0, Sum: 0.0]
      [GC Worker Total (ms): Min: 14.1, Avg: 14.1, Max: 14.2, Diff: 0.0, Sum: 28.3]
      [GC Worker End (ms): Min: 530579.0, Avg: 530579.0, Max: 530579.0, Diff: 0.0]
   [Code Root Fixup: 0.0 ms]
   [Code Root Purge: 0.0 ms]
   [Clear CT: 0.1 ms]
   [Other: 0.4 ms]
      [Choose CSet: 0.0 ms]
      [Ref Proc: 0.1 ms]
      [Ref Enq: 0.0 ms]
      [Redirty Cards: 0.0 ms]
      [Humongous Register: 0.0 ms]
      [Humongous Reclaim: 0.0 ms]
      [Free CSet: 0.1 ms]
   [Eden: 261.0M(261.0M)->0.0B(261.0M) Survivors: 14336.0K->14336.0K Heap: 403.8M(472.0M)->142.3M(472.0M)]
 [Times: user=0.03 sys=0.00, real=0.01 secs] 
2024-07-06T11:32:56.819+0800: 530.985: [GC pause (G1 Evacuation Pause) (young), 0.0149876 secs]
   [Parallel Time: 14.5 ms, GC Workers: 2]
      [GC Worker Start (ms): Min: 530985.6, Avg: 530985.6, Max: 530985.6, Diff: 0.0]
      [Ext Root Scanning (ms): Min: 0.5, Avg: 0.5, Max: 0.5, Diff: 0.0, Sum: 1.0]
      [Update RS (ms): Min: 0.0, Avg: 0.0, Max: 0.0, Diff: 0.0, Sum: 0.1]
         [Processed Buffers: Min: 1, Avg: 3.0, Max: 5, Diff: 4, Sum: 6]
      [Scan RS (ms): Min: 0.1, Avg: 0.1, Max: 0.1, Diff: 0.0, Sum: 0.2]
      [Code Root Scanning (ms): Min: 0.0, Avg: 0.0, Max: 0.0, Diff: 0.0, Sum: 0.0]
      [Object Copy (ms): Min: 13.8, Avg: 13.8, Max: 13.8, Diff: 0.0, Sum: 27.7]
      [Termination (ms): Min: 0.0, Avg: 0.0, Max: 0.0, Diff: 0.0, Sum: 0.0]
         [Termination Attempts: Min: 1, Avg: 1.0, Max: 1, Diff: 0, Sum: 2]
      [GC Worker Other (ms): Min: 0.0, Avg: 0.0, Max: 0.0, Diff: 0.0, Sum: 0.0]
      [GC Worker Total (ms): Min: 14.5, Avg: 14.5, Max: 14.5, Diff: 0.0, Sum: 29.0]
      [GC Worker End (ms): Min: 531000.1, Avg: 531000.1, Max: 531000.1, Diff: 0.0]
   [Code Root Fixup: 0.0 ms]
   [Code Root Purge: 0.0 ms]
   [Clear CT: 0.1 ms]
   [Other: 0.3 ms]
      [Choose CSet: 0.0 ms]
      [Ref Proc: 0.1 ms]
      [Ref Enq: 0.0 ms]
      [Redirty Cards: 0.0 ms]
      [Humongous Register: 0.0 ms]
      [Humongous Reclaim: 0.0 ms]
      [Free CSet: 0.1 ms]
   [Eden: 261.0M(261.0M)->0.0B(260.0M) Survivors: 14336.0K->15360.0K Heap: 403.3M(472.0M)->143.3M(472.0M)]
 [Times: user=0.03 sys=0.00, real=0.01 secs] 
2024-07-06T11:32:57.285+0800: 531.451: [GC pause (G1 Evacuation Pause) (young), 0.0138611 secs]
   [Parallel Time: 13.3 ms, GC Workers: 2]
      [GC Worker Start (ms): Min: 531451.3, Avg: 531451.3, Max: 531451.3, Diff: 0.0]
      [Ext Root Scanning (ms): Min: 0.5, Avg: 0.5, Max: 0.5, Diff: 0.0, Sum: 1.0]
      [Update RS (ms): Min: 0.0, Avg: 0.0, Max: 0.0, Diff: 0.0, Sum: 0.1]
         [Processed Buffers: Min: 3, Avg: 3.5, Max: 4, Diff: 1, Sum: 7]
      [Scan RS (ms): Min: 0.1, Avg: 0.1, Max: 0.1, Diff: 0.0, Sum: 0.2]
      [Code Root Scanning (ms): Min: 0.0, Avg: 0.0, Max: 0.0, Diff: 0.0, Sum: 0.0]
      [Object Copy (ms): Min: 12.6, Avg: 12.6, Max: 12.6, Diff: 0.0, Sum: 25.2]
      [Termination (ms): Min: 0.0, Avg: 0.0, Max: 0.0, Diff: 0.0, Sum: 0.0]
         [Termination Attempts: Min: 1, Avg: 1.0, Max: 1, Diff: 0, Sum: 2]
      [GC Worker Other (ms): Min: 0.0, Avg: 0.0, Max: 0.0, Diff: 0.0, Sum: 0.0]
      [GC Worker Total (ms): Min: 13.2, Avg: 13.2, Max: 13.3, Diff: 0.0, Sum: 26.5]
      [GC Worker End (ms): Min: 531464.6, Avg: 531464.6, Max: 531464.6, Diff: 0.0]
   [Code Root Fixup: 0.0 ms]
   [Code Root Purge: 0.0 ms]
   [Clear CT: 0.1 ms]
   [Other: 0.4 ms]
      [Choose CSet: 0.0 ms]
      [Ref Proc: 0.1 ms]
      [Ref Enq: 0.0 ms]
      [Redirty Cards: 0.1 ms]
      [Humongous Register: 0.0 ms]
      [Humongous Reclaim: 0.0 ms]
      [Free CSet: 0.2 ms]
   [Eden: 260.0M(260.0M)->0.0B(264.0M) Survivors: 15360.0K->12288.0K Heap: 403.3M(472.0M)->140.8M(472.0M)]
 [Times: user=0.03 sys=0.00, real=0.02 secs] 
2024-07-06T11:32:57.723+0800: 531.889: [GC pause (G1 Evacuation Pause) (young), 0.0164268 secs]
   [Parallel Time: 15.9 ms, GC Workers: 2]
      [GC Worker Start (ms): Min: 531889.5, Avg: 531889.5, Max: 531889.6, Diff: 0.0]
      [Ext Root Scanning (ms): Min: 0.5, Avg: 0.5, Max: 0.5, Diff: 0.0, Sum: 1.0]
      [Update RS (ms): Min: 0.0, Avg: 0.0, Max: 0.1, Diff: 0.0, Sum: 0.1]
         [Processed Buffers: Min: 2, Avg: 3.0, Max: 4, Diff: 2, Sum: 6]
      [Scan RS (ms): Min: 0.1, Avg: 0.1, Max: 0.1, Diff: 0.0, Sum: 0.1]
      [Code Root Scanning (ms): Min: 0.0, Avg: 0.0, Max: 0.0, Diff: 0.0, Sum: 0.0]
      [Object Copy (ms): Min: 15.1, Avg: 15.2, Max: 15.2, Diff: 0.0, Sum: 30.3]
      [Termination (ms): Min: 0.0, Avg: 0.0, Max: 0.0, Diff: 0.0, Sum: 0.0]
         [Termination Attempts: Min: 1, Avg: 1.5, Max: 2, Diff: 1, Sum: 3]
      [GC Worker Other (ms): Min: 0.0, Avg: 0.0, Max: 0.0, Diff: 0.0, Sum: 0.0]
      [GC Worker Total (ms): Min: 15.8, Avg: 15.8, Max: 15.8, Diff: 0.0, Sum: 31.6]
      [GC Worker End (ms): Min: 531905.4, Avg: 531905.4, Max: 531905.4, Diff: 0.0]
   [Code Root Fixup: 0.0 ms]
   [Code Root Purge: 0.0 ms]
   [Clear CT: 0.1 ms]
   [Other: 0.4 ms]
      [Choose CSet: 0.0 ms]
      [Ref Proc: 0.1 ms]
      [Ref Enq: 0.0 ms]
      [Redirty Cards: 0.1 ms]
      [Humongous Register: 0.0 ms]
      [Humongous Reclaim: 0.0 ms]
      [Free CSet: 0.1 ms]
   [Eden: 264.0M(264.0M)->0.0B(259.0M) Survivors: 12288.0K->16384.0K Heap: 404.8M(472.0M)->144.3M(472.0M)]
 [Times: user=0.03 sys=0.00, real=0.02 secs] 
2024-07-06T11:32:58.225+0800: 532.391: [GC pause (G1 Evacuation Pause) (young), 0.0101648 secs]
   [Parallel Time: 9.7 ms, GC Workers: 2]
      [GC Worker Start (ms): Min: 532390.8, Avg: 532390.8, Max: 532390.8, Diff: 0.0]
      [Ext Root Scanning (ms): Min: 0.5, Avg: 0.5, Max: 0.6, Diff: 0.0, Sum: 1.1]
      [Update RS (ms): Min: 0.0, Avg: 0.0, Max: 0.0, Diff: 0.0, Sum: 0.1]
         [Processed Buffers: Min: 2, Avg: 3.5, Max: 5, Diff: 3, Sum: 7]
      [Scan RS (ms): Min: 0.1, Avg: 0.1, Max: 0.1, Diff: 0.0, Sum: 0.1]
      [Code Root Scanning (ms): Min: 0.0, Avg: 0.0, Max: 0.0, Diff: 0.0, Sum: 0.0]
      [Object Copy (ms): Min: 8.9, Avg: 8.9, Max: 8.9, Diff: 0.0, Sum: 17.9]
      [Termination (ms): Min: 0.0, Avg: 0.0, Max: 0.0, Diff: 0.0, Sum: 0.0]
         [Termination Attempts: Min: 1, Avg: 1.0, Max: 1, Diff: 0, Sum: 2]
      [GC Worker Other (ms): Min: 0.0, Avg: 0.0, Max: 0.0, Diff: 0.0, Sum: 0.0]
      [GC Worker Total (ms): Min: 9.6, Avg: 9.6, Max: 9.6, Diff: 0.0, Sum: 19.2]
      [GC Worker End (ms): Min: 532400.4, Avg: 532400.4, Max: 532400.4, Diff: 0.0]
   [Code Root Fixup: 0.0 ms]
   [Code Root Purge: 0.0 ms]
   [Clear CT: 0.1 ms]
   [Other: 0.4 ms]
      [Choose CSet: 0.0 ms]
      [Ref Proc: 0.1 ms]
      [Ref Enq: 0.0 ms]
      [Redirty Cards: 0.0 ms]
      [Humongous Register: 0.0 ms]
      [Humongous Reclaim: 0.0 ms]
      [Free CSet: 0.1 ms]
   [Eden: 259.0M(259.0M)->0.0B(268.0M) Survivors: 16384.0K->9216.0K Heap: 403.3M(472.0M)->137.3M(472.0M)]
 [Times: user=0.02 sys=0.00, real=0.01 secs] 
2024-07-06T11:32:58.638+0800: 532.805: [GC pause (G1 Evacuation Pause) (young), 0.0225535 secs]
   [Parallel Time: 22.0 ms, GC Workers: 2]
      [GC Worker Start (ms): Min: 532804.8, Avg: 532804.9, Max: 532805.1, Diff: 0.3]
      [Ext Root Scanning (ms): Min: 0.5, Avg: 0.7, Max: 0.9, Diff: 0.3, Sum: 1.4]
      [Update RS (ms): Min: 0.0, Avg: 0.0, Max: 0.0, Diff: 0.0, Sum: 0.1]
         [Processed Buffers: Min: 3, Avg: 3.5, Max: 4, Diff: 1, Sum: 7]
      [Scan RS (ms): Min: 0.1, Avg: 0.1, Max: 0.1, Diff: 0.0, Sum: 0.2]
      [Code Root Scanning (ms): Min: 0.0, Avg: 0.0, Max: 0.0, Diff: 0.0, Sum: 0.0]
      [Object Copy (ms): Min: 20.9, Avg: 20.9, Max: 20.9, Diff: 0.0, Sum: 41.8]
      [Termination (ms): Min: 0.0, Avg: 0.0, Max: 0.0, Diff: 0.0, Sum: 0.0]
         [Termination Attempts: Min: 1, Avg: 1.0, Max: 1, Diff: 0, Sum: 2]
      [GC Worker Other (ms): Min: 0.0, Avg: 0.0, Max: 0.0, Diff: 0.0, Sum: 0.0]
      [GC Worker Total (ms): Min: 21.6, Avg: 21.7, Max: 21.9, Diff: 0.3, Sum: 43.5]
      [GC Worker End (ms): Min: 532826.7, Avg: 532826.7, Max: 532826.7, Diff: 0.0]
   [Code Root Fixup: 0.0 ms]
   [Code Root Purge: 0.0 ms]
   [Clear CT: 0.1 ms]
   [Other: 0.5 ms]
      [Choose CSet: 0.0 ms]
      [Ref Proc: 0.1 ms]
      [Ref Enq: 0.0 ms]
      [Redirty Cards: 0.1 ms]
      [Humongous Register: 0.0 ms]
      [Humongous Reclaim: 0.0 ms]
      [Free CSet: 0.2 ms]
   [Eden: 268.0M(268.0M)->0.0B(257.0M) Survivors: 9216.0K->18432.0K Heap: 405.3M(472.0M)->146.8M(472.0M)]
 [Times: user=0.04 sys=0.00, real=0.02 secs] 
2024-07-06T11:32:59.129+0800: 533.295: [GC pause (G1 Evacuation Pause) (young), 0.0141886 secs]
   [Parallel Time: 13.7 ms, GC Workers: 2]
      [GC Worker Start (ms): Min: 533295.4, Avg: 533295.4, Max: 533295.4, Diff: 0.0]
      [Ext Root Scanning (ms): Min: 0.6, Avg: 0.6, Max: 0.6, Diff: 0.0, Sum: 1.2]
      [Update RS (ms): Min: 0.0, Avg: 0.0, Max: 0.0, Diff: 0.0, Sum: 0.1]
         [Processed Buffers: Min: 3, Avg: 3.0, Max: 3, Diff: 0, Sum: 6]
      [Scan RS (ms): Min: 0.1, Avg: 0.1, Max: 0.1, Diff: 0.0, Sum: 0.1]
      [Code Root Scanning (ms): Min: 0.0, Avg: 0.0, Max: 0.0, Diff: 0.0, Sum: 0.0]
      [Object Copy (ms): Min: 12.9, Avg: 12.9, Max: 12.9, Diff: 0.0, Sum: 25.9]
      [Termination (ms): Min: 0.0, Avg: 0.0, Max: 0.0, Diff: 0.0, Sum: 0.0]
         [Termination Attempts: Min: 1, Avg: 1.5, Max: 2, Diff: 1, Sum: 3]
      [GC Worker Other (ms): Min: 0.0, Avg: 0.0, Max: 0.0, Diff: 0.0, Sum: 0.0]
      [GC Worker Total (ms): Min: 13.6, Avg: 13.6, Max: 13.6, Diff: 0.0, Sum: 27.3]
      [GC Worker End (ms): Min: 533309.1, Avg: 533309.1, Max: 533309.1, Diff: 0.0]
   [Code Root Fixup: 0.0 ms]
   [Code Root Purge: 0.0 ms]
   [Clear CT: 0.1 ms]
   [Other: 0.4 ms]
      [Choose CSet: 0.0 ms]
      [Ref Proc: 0.1 ms]
      [Ref Enq: 0.0 ms]
      [Redirty Cards: 0.0 ms]
      [Humongous Register: 0.0 ms]
      [Humongous Reclaim: 0.0 ms]
      [Free CSet: 0.2 ms]
   [Eden: 257.0M(257.0M)->0.0B(263.0M) Survivors: 18432.0K->13312.0K Heap: 403.8M(472.0M)->141.8M(472.0M)]
 [Times: user=0.03 sys=0.00, real=0.01 secs] 
2024-07-06T11:32:59.610+0800: 533.776: [GC pause (G1 Evacuation Pause) (young), 0.0274772 secs]
   [Parallel Time: 26.8 ms, GC Workers: 2]
      [GC Worker Start (ms): Min: 533776.0, Avg: 533776.0, Max: 533776.0, Diff: 0.0]
      [Ext Root Scanning (ms): Min: 0.6, Avg: 0.6, Max: 0.6, Diff: 0.0, Sum: 1.2]
      [Update RS (ms): Min: 0.0, Avg: 0.0, Max: 0.0, Diff: 0.0, Sum: 0.1]
         [Processed Buffers: Min: 3, Avg: 3.5, Max: 4, Diff: 1, Sum: 7]
      [Scan RS (ms): Min: 0.1, Avg: 0.1, Max: 0.1, Diff: 0.0, Sum: 0.2]
      [Code Root Scanning (ms): Min: 0.0, Avg: 0.0, Max: 0.0, Diff: 0.0, Sum: 0.0]
      [Object Copy (ms): Min: 26.0, Avg: 26.0, Max: 26.0, Diff: 0.0, Sum: 51.9]
      [Termination (ms): Min: 0.0, Avg: 0.0, Max: 0.0, Diff: 0.0, Sum: 0.0]
         [Termination Attempts: Min: 1, Avg: 1.0, Max: 1, Diff: 0, Sum: 2]
      [GC Worker Other (ms): Min: 0.0, Avg: 0.0, Max: 0.0, Diff: 0.0, Sum: 0.0]
      [GC Worker Total (ms): Min: 26.7, Avg: 26.7, Max: 26.7, Diff: 0.0, Sum: 53.4]
      [GC Worker End (ms): Min: 533802.7, Avg: 533802.7, Max: 533802.7, Diff: 0.0]
   [Code Root Fixup: 0.0 ms]
   [Code Root Purge: 0.0 ms]
   [Clear CT: 0.2 ms]
   [Other: 0.4 ms]
      [Choose CSet: 0.0 ms]
      [Ref Proc: 0.1 ms]
      [Ref Enq: 0.0 ms]
      [Redirty Cards: 0.1 ms]
      [Humongous Register: 0.0 ms]
      [Humongous Reclaim: 0.0 ms]
      [Free CSet: 0.2 ms]
   [Eden: 263.0M(263.0M)->0.0B(253.0M) Survivors: 13312.0K->20480.0K Heap: 404.8M(472.0M)->148.8M(472.0M)]
 [Times: user=0.05 sys=0.00, real=0.03 secs] 
2024-07-06T11:33:00.152+0800: 534.318: [GC pause (G1 Evacuation Pause) (young), 0.0205886 secs]
   [Parallel Time: 20.0 ms, GC Workers: 2]
      [GC Worker Start (ms): Min: 534318.5, Avg: 534319.0, Max: 534319.5, Diff: 0.9]
      [Ext Root Scanning (ms): Min: 0.0, Avg: 0.4, Max: 0.8, Diff: 0.8, Sum: 0.8]
      [Update RS (ms): Min: 0.0, Avg: 0.0, Max: 0.0, Diff: 0.0, Sum: 0.0]
         [Processed Buffers: Min: 0, Avg: 3.5, Max: 7, Diff: 7, Sum: 7]
      [Scan RS (ms): Min: 0.1, Avg: 0.6, Max: 1.1, Diff: 1.0, Sum: 1.2]
      [Code Root Scanning (ms): Min: 0.0, Avg: 0.0, Max: 0.0, Diff: 0.0, Sum: 0.0]
      [Object Copy (ms): Min: 18.0, Avg: 18.4, Max: 18.9, Diff: 0.9, Sum: 36.9]
      [Termination (ms): Min: 0.0, Avg: 0.0, Max: 0.0, Diff: 0.0, Sum: 0.0]
         [Termination Attempts: Min: 4, Avg: 5.0, Max: 6, Diff: 2, Sum: 10]
      [GC Worker Other (ms): Min: 0.0, Avg: 0.0, Max: 0.0, Diff: 0.0, Sum: 0.0]
      [GC Worker Total (ms): Min: 19.0, Avg: 19.5, Max: 20.0, Diff: 0.9, Sum: 39.0]
      [GC Worker End (ms): Min: 534338.5, Avg: 534338.5, Max: 534338.5, Diff: 0.0]
   [Code Root Fixup: 0.0 ms]
   [Code Root Purge: 0.0 ms]
   [Clear CT: 0.1 ms]
   [Other: 0.4 ms]
      [Choose CSet: 0.0 ms]
      [Ref Proc: 0.1 ms]
      [Ref Enq: 0.0 ms]
      [Redirty Cards: 0.0 ms]
      [Humongous Register: 0.0 ms]
      [Humongous Reclaim: 0.0 ms]
      [Free CSet: 0.2 ms]
   [Eden: 253.0M(253.0M)->0.0B(255.0M) Survivors: 20480.0K->19456.0K Heap: 401.8M(472.0M)->147.3M(472.0M)]
 [Times: user=0.03 sys=0.00, real=0.02 secs] 
2024-07-06T11:33:00.607+0800: 534.773: [GC pause (G1 Evacuation Pause) (young), 0.0127797 secs]
   [Parallel Time: 12.3 ms, GC Workers: 2]
      [GC Worker Start (ms): Min: 534773.5, Avg: 534773.6, Max: 534773.6, Diff: 0.0]
      [Ext Root Scanning (ms): Min: 0.5, Avg: 0.5, Max: 0.5, Diff: 0.0, Sum: 1.0]
      [Update RS (ms): Min: 0.0, Avg: 0.0, Max: 0.0, Diff: 0.0, Sum: 0.1]
         [Processed Buffers: Min: 2, Avg: 2.5, Max: 3, Diff: 1, Sum: 5]
      [Scan RS (ms): Min: 0.1, Avg: 0.1, Max: 0.1, Diff: 0.0, Sum: 0.1]
      [Code Root Scanning (ms): Min: 0.0, Avg: 0.0, Max: 0.0, Diff: 0.0, Sum: 0.0]
      [Object Copy (ms): Min: 11.6, Avg: 11.6, Max: 11.6, Diff: 0.0, Sum: 23.1]
      [Termination (ms): Min: 0.0, Avg: 0.0, Max: 0.0, Diff: 0.0, Sum: 0.0]
         [Termination Attempts: Min: 1, Avg: 1.0, Max: 1, Diff: 0, Sum: 2]
      [GC Worker Other (ms): Min: 0.0, Avg: 0.0, Max: 0.0, Diff: 0.0, Sum: 0.0]
      [GC Worker Total (ms): Min: 12.2, Avg: 12.2, Max: 12.2, Diff: 0.0, Sum: 24.4]
      [GC Worker End (ms): Min: 534785.8, Avg: 534785.8, Max: 534785.8, Diff: 0.0]
   [Code Root Fixup: 0.0 ms]
   [Code Root Purge: 0.0 ms]
   [Clear CT: 0.1 ms]
   [Other: 0.4 ms]
      [Choose CSet: 0.0 ms]
      [Ref Proc: 0.1 ms]
      [Ref Enq: 0.0 ms]
      [Redirty Cards: 0.0 ms]
      [Humongous Register: 0.0 ms]
      [Humongous Reclaim: 0.0 ms]
      [Free CSet: 0.2 ms]
   [Eden: 255.0M(255.0M)->0.0B(263.0M) Survivors: 19456.0K->12288.0K Heap: 402.3M(472.0M)->140.8M(472.0M)]
 [Times: user=0.03 sys=0.00, real=0.01 secs] 
2024-07-06T11:33:01.034+0800: 535.201: [GC pause (G1 Evacuation Pause) (young), 0.0190901 secs]
   [Parallel Time: 18.5 ms, GC Workers: 2]
      [GC Worker Start (ms): Min: 535200.7, Avg: 535200.7, Max: 535200.7, Diff: 0.0]
      [Ext Root Scanning (ms): Min: 0.5, Avg: 0.5, Max: 0.5, Diff: 0.0, Sum: 1.0]
      [Update RS (ms): Min: 0.0, Avg: 0.0, Max: 0.0, Diff: 0.0, Sum: 0.1]
         [Processed Buffers: Min: 3, Avg: 3.0, Max: 3, Diff: 0, Sum: 6]
      [Scan RS (ms): Min: 0.1, Avg: 0.1, Max: 0.1, Diff: 0.0, Sum: 0.2]
      [Code Root Scanning (ms): Min: 0.0, Avg: 0.0, Max: 0.0, Diff: 0.0, Sum: 0.0]
      [Object Copy (ms): Min: 17.8, Avg: 17.8, Max: 17.8, Diff: 0.0, Sum: 35.6]
      [Termination (ms): Min: 0.0, Avg: 0.0, Max: 0.0, Diff: 0.0, Sum: 0.0]
         [Termination Attempts: Min: 1, Avg: 1.0, Max: 1, Diff: 0, Sum: 2]
      [GC Worker Other (ms): Min: 0.0, Avg: 0.0, Max: 0.0, Diff: 0.0, Sum: 0.0]
      [GC Worker Total (ms): Min: 18.5, Avg: 18.5, Max: 18.5, Diff: 0.0, Sum: 37.0]
      [GC Worker End (ms): Min: 535219.1, Avg: 535219.1, Max: 535219.1, Diff: 0.0]
   [Code Root Fixup: 0.0 ms]
   [Code Root Purge: 0.0 ms]
   [Clear CT: 0.1 ms]
   [Other: 0.4 ms]
      [Choose CSet: 0.0 ms]
      [Ref Proc: 0.1 ms]
      [Ref Enq: 0.0 ms]
      [Redirty Cards: 0.0 ms]
      [Humongous Register: 0.0 ms]
      [Humongous Reclaim: 0.0 ms]
      [Free CSet: 0.2 ms]
   [Eden: 263.0M(263.0M)->0.0B(257.0M) Survivors: 12288.0K->17408.0K Heap: 403.8M(472.0M)->145.8M(472.0M)]
 [Times: user=0.03 sys=0.00, real=0.02 secs] 
2024-07-06T11:33:01.516+0800: 535.683: [GC pause (G1 Evacuation Pause) (young), 0.0092251 secs]
   [Parallel Time: 8.7 ms, GC Workers: 2]
      [GC Worker Start (ms): Min: 535682.7, Avg: 535682.7, Max: 535682.7, Diff: 0.0]
      [Ext Root Scanning (ms): Min: 0.6, Avg: 0.6, Max: 0.6, Diff: 0.0, Sum: 1.2]
      [Update RS (ms): Min: 0.0, Avg: 0.0, Max: 0.0, Diff: 0.0, Sum: 0.1]
         [Processed Buffers: Min: 1, Avg: 3.0, Max: 5, Diff: 4, Sum: 6]
      [Scan RS (ms): Min: 0.1, Avg: 0.1, Max: 0.1, Diff: 0.0, Sum: 0.2]
      [Code Root Scanning (ms): Min: 0.0, Avg: 0.0, Max: 0.0, Diff: 0.0, Sum: 0.0]
      [Object Copy (ms): Min: 7.9, Avg: 7.9, Max: 7.9, Diff: 0.0, Sum: 15.8]
      [Termination (ms): Min: 0.0, Avg: 0.0, Max: 0.0, Diff: 0.0, Sum: 0.0]
         [Termination Attempts: Min: 1, Avg: 1.0, Max: 1, Diff: 0, Sum: 2]
      [GC Worker Other (ms): Min: 0.0, Avg: 0.0, Max: 0.0, Diff: 0.0, Sum: 0.0]
      [GC Worker Total (ms): Min: 8.6, Avg: 8.6, Max: 8.6, Diff: 0.0, Sum: 17.2]
      [GC Worker End (ms): Min: 535691.3, Avg: 535691.3, Max: 535691.3, Diff: 0.0]
   [Code Root Fixup: 0.0 ms]
   [Code Root Purge: 0.0 ms]
   [Clear CT: 0.1 ms]
   [Other: 0.4 ms]
      [Choose CSet: 0.0 ms]
      [Ref Proc: 0.1 ms]
      [Ref Enq: 0.0 ms]
      [Redirty Cards: 0.0 ms]
      [Humongous Register: 0.0 ms]
      [Humongous Reclaim: 0.0 ms]
      [Free CSet: 0.2 ms]
   [Eden: 257.0M(257.0M)->0.0B(268.0M) Survivors: 17408.0K->8192.0K Heap: 402.8M(472.0M)->136.3M(472.0M)]
 [Times: user=0.02 sys=0.00, real=0.00 secs] 
2024-07-06T11:33:01.979+0800: 536.145: [GC pause (G1 Evacuation Pause) (young), 0.0218167 secs]
   [Parallel Time: 21.3 ms, GC Workers: 2]
      [GC Worker Start (ms): Min: 536144.9, Avg: 536144.9, Max: 536144.9, Diff: 0.0]
      [Ext Root Scanning (ms): Min: 0.6, Avg: 0.6, Max: 0.6, Diff: 0.0, Sum: 1.1]
      [Update RS (ms): Min: 0.0, Avg: 0.0, Max: 0.0, Diff: 0.0, Sum: 0.1]
         [Processed Buffers: Min: 3, Avg: 3.0, Max: 3, Diff: 0, Sum: 6]
      [Scan RS (ms): Min: 0.1, Avg: 0.1, Max: 0.1, Diff: 0.0, Sum: 0.2]
      [Code Root Scanning (ms): Min: 0.0, Avg: 0.0, Max: 0.0, Diff: 0.0, Sum: 0.0]
      [Object Copy (ms): Min: 20.5, Avg: 20.5, Max: 20.5, Diff: 0.0, Sum: 41.1]
      [Termination (ms): Min: 0.0, Avg: 0.0, Max: 0.0, Diff: 0.0, Sum: 0.0]
         [Termination Attempts: Min: 1, Avg: 1.0, Max: 1, Diff: 0, Sum: 2]
      [GC Worker Other (ms): Min: 0.0, Avg: 0.0, Max: 0.0, Diff: 0.0, Sum: 0.0]
      [GC Worker Total (ms): Min: 21.2, Avg: 21.2, Max: 21.2, Diff: 0.0, Sum: 42.5]
      [GC Worker End (ms): Min: 536166.2, Avg: 536166.2, Max: 536166.2, Diff: 0.0]
   [Code Root Fixup: 0.0 ms]
   [Code Root Purge: 0.0 ms]
   [Clear CT: 0.1 ms]
   [Other: 0.4 ms]
      [Choose CSet: 0.0 ms]
      [Ref Proc: 0.1 ms]
      [Ref Enq: 0.0 ms]
      [Redirty Cards: 0.0 ms]
      [Humongous Register: 0.0 ms]
      [Humongous Reclaim: 0.0 ms]
      [Free CSet: 0.2 ms]
   [Eden: 268.0M(268.0M)->0.0B(257.0M) Survivors: 8192.0K->18432.0K Heap: 404.3M(472.0M)->146.3M(472.0M)]
 [Times: user=0.04 sys=0.00, real=0.02 secs] 
2024-07-06T11:33:02.522+0800: 536.688: [GC pause (G1 Evacuation Pause) (young), 0.0201648 secs]
   [Parallel Time: 19.6 ms, GC Workers: 2]
      [GC Worker Start (ms): Min: 536688.1, Avg: 536688.1, Max: 536688.1, Diff: 0.0]
      [Ext Root Scanning (ms): Min: 0.5, Avg: 0.5, Max: 0.6, Diff: 0.0, Sum: 1.1]
      [Update RS (ms): Min: 0.0, Avg: 0.0, Max: 0.0, Diff: 0.0, Sum: 0.1]
         [Processed Buffers: Min: 3, Avg: 3.0, Max: 3, Diff: 0, Sum: 6]
      [Scan RS (ms): Min: 0.1, Avg: 0.1, Max: 0.1, Diff: 0.0, Sum: 0.2]
      [Code Root Scanning (ms): Min: 0.0, Avg: 0.0, Max: 0.0, Diff: 0.0, Sum: 0.0]
      [Object Copy (ms): Min: 18.9, Avg: 18.9, Max: 18.9, Diff: 0.0, Sum: 37.8]
      [Termination (ms): Min: 0.0, Avg: 0.0, Max: 0.0, Diff: 0.0, Sum: 0.0]
         [Termination Attempts: Min: 1, Avg: 1.0, Max: 1, Diff: 0, Sum: 2]
      [GC Worker Other (ms): Min: 0.0, Avg: 0.0, Max: 0.0, Diff: 0.0, Sum: 0.0]
      [GC Worker Total (ms): Min: 19.6, Avg: 19.6, Max: 19.6, Diff: 0.0, Sum: 39.1]
      [GC Worker End (ms): Min: 536707.6, Avg: 536707.6, Max: 536707.6, Diff: 0.0]
   [Code Root Fixup: 0.0 ms]
   [Code Root Purge: 0.0 ms]
   [Clear CT: 0.1 ms]
   [Other: 0.4 ms]
      [Choose CSet: 0.0 ms]
      [Ref Proc: 0.1 ms]
      [Ref Enq: 0.0 ms]
      [Redirty Cards: 0.0 ms]
      [Humongous Register: 0.0 ms]
      [Humongous Reclaim: 0.0 ms]
      [Free CSet: 0.2 ms]
   [Eden: 257.0M(257.0M)->0.0B(257.0M) Survivors: 18432.0K->17408.0K Heap: 403.3M(472.0M)->145.8M(472.0M)]
 [Times: user=0.04 sys=0.00, real=0.02 secs] 
2024-07-06T11:33:03.023+0800: 537.189: [GC pause (G1 Evacuation Pause) (young), 0.0119736 secs]
   [Parallel Time: 11.4 ms, GC Workers: 2]
      [GC Worker Start (ms): Min: 537189.6, Avg: 537189.6, Max: 537189.6, Diff: 0.0]
      [Ext Root Scanning (ms): Min: 0.5, Avg: 0.5, Max: 0.5, Diff: 0.0, Sum: 1.1]
      [Update RS (ms): Min: 0.0, Avg: 0.0, Max: 0.0, Diff: 0.0, Sum: 0.1]
         [Processed Buffers: Min: 3, Avg: 3.5, Max: 4, Diff: 1, Sum: 7]
      [Scan RS (ms): Min: 0.1, Avg: 0.1, Max: 0.1, Diff: 0.0, Sum: 0.1]
      [Code Root Scanning (ms): Min: 0.0, Avg: 0.0, Max: 0.0, Diff: 0.0, Sum: 0.0]
      [Object Copy (ms): Min: 10.7, Avg: 10.7, Max: 10.7, Diff: 0.0, Sum: 21.3]
      [Termination (ms): Min: 0.0, Avg: 0.0, Max: 0.0, Diff: 0.0, Sum: 0.0]
         [Termination Attempts: Min: 2, Avg: 2.0, Max: 2, Diff: 0, Sum: 4]
      [GC Worker Other (ms): Min: 0.0, Avg: 0.0, Max: 0.0, Diff: 0.0, Sum: 0.0]
      [GC Worker Total (ms): Min: 11.3, Avg: 11.3, Max: 11.3, Diff: 0.0, Sum: 22.6]
      [GC Worker End (ms): Min: 537200.9, Avg: 537200.9, Max: 537200.9, Diff: 0.0]
   [Code Root Fixup: 0.0 ms]
   [Code Root Purge: 0.0 ms]
   [Clear CT: 0.1 ms]
   [Other: 0.5 ms]
      [Choose CSet: 0.0 ms]
      [Ref Proc: 0.1 ms]
      [Ref Enq: 0.0 ms]
      [Redirty Cards: 0.1 ms]
      [Humongous Register: 0.0 ms]
      [Humongous Reclaim: 0.0 ms]
      [Free CSet: 0.2 ms]
   [Eden: 257.0M(257.0M)->0.0B(265.0M) Survivors: 17408.0K->11264.0K Heap: 402.8M(472.0M)->139.8M(472.0M)]
 [Times: user=0.02 sys=0.00, real=0.02 secs] 
2024-07-06T11:33:03.471+0800: 537.637: [GC pause (G1 Evacuation Pause) (young), 0.0223164 secs]
   [Parallel Time: 21.6 ms, GC Workers: 2]
      [GC Worker Start (ms): Min: 537637.4, Avg: 537637.4, Max: 537637.4, Diff: 0.0]
      [Ext Root Scanning (ms): Min: 0.5, Avg: 0.6, Max: 0.6, Diff: 0.0, Sum: 1.1]
      [Update RS (ms): Min: 0.0, Avg: 0.0, Max: 0.0, Diff: 0.0, Sum: 0.1]
         [Processed Buffers: Min: 2, Avg: 3.0, Max: 4, Diff: 2, Sum: 6]
      [Scan RS (ms): Min: 0.1, Avg: 0.1, Max: 0.1, Diff: 0.0, Sum: 0.2]
      [Code Root Scanning (ms): Min: 0.0, Avg: 0.0, Max: 0.0, Diff: 0.0, Sum: 0.0]
      [Object Copy (ms): Min: 20.8, Avg: 20.9, Max: 20.9, Diff: 0.0, Sum: 41.7]
      [Termination (ms): Min: 0.0, Avg: 0.0, Max: 0.0, Diff: 0.0, Sum: 0.0]
         [Termination Attempts: Min: 1, Avg: 1.0, Max: 1, Diff: 0, Sum: 2]
      [GC Worker Other (ms): Min: 0.0, Avg: 0.0, Max: 0.0, Diff: 0.0, Sum: 0.0]
      [GC Worker Total (ms): Min: 21.5, Avg: 21.6, Max: 21.6, Diff: 0.0, Sum: 43.1]
      [GC Worker End (ms): Min: 537659.0, Avg: 537659.0, Max: 537659.0, Diff: 0.0]
   [Code Root Fixup: 0.0 ms]
   [Code Root Purge: 0.0 ms]
   [Clear CT: 0.2 ms]
   [Other: 0.5 ms]
      [Choose CSet: 0.0 ms]
      [Ref Proc: 0.2 ms]
      [Ref Enq: 0.0 ms]
      [Redirty Cards: 0.0 ms]
      [Humongous Register: 0.0 ms]
      [Humongous Reclaim: 0.0 ms]
      [Free CSet: 0.2 ms]
   [Eden: 265.0M(265.0M)->0.0B(259.0M) Survivors: 11264.0K->16384.0K Heap: 404.8M(472.0M)->144.8M(472.0M)]
 [Times: user=0.05 sys=0.00, real=0.02 secs] 
2024-07-06T11:33:04.009+0800: 538.175: [GC pause (G1 Evacuation Pause) (young), 0.0196034 secs]
   [Parallel Time: 19.1 ms, GC Workers: 2]
      [GC Worker Start (ms): Min: 538174.8, Avg: 538174.8, Max: 538174.8, Diff: 0.0]
      [Ext Root Scanning (ms): Min: 0.6, Avg: 0.6, Max: 0.6, Diff: 0.0, Sum: 1.2]
      [Update RS (ms): Min: 0.0, Avg: 0.0, Max: 0.0, Diff: 0.0, Sum: 0.1]
         [Processed Buffers: Min: 1, Avg: 3.5, Max: 6, Diff: 5, Sum: 7]
      [Scan RS (ms): Min: 0.1, Avg: 0.1, Max: 0.1, Diff: 0.0, Sum: 0.2]
      [Code Root Scanning (ms): Min: 0.0, Avg: 0.0, Max: 0.0, Diff: 0.0, Sum: 0.0]
      [Object Copy (ms): Min: 18.2, Avg: 18.3, Max: 18.3, Diff: 0.0, Sum: 36.5]
      [Termination (ms): Min: 0.0, Avg: 0.0, Max: 0.0, Diff: 0.0, Sum: 0.0]
         [Termination Attempts: Min: 1, Avg: 1.0, Max: 1, Diff: 0, Sum: 2]
      [GC Worker Other (ms): Min: 0.0, Avg: 0.0, Max: 0.0, Diff: 0.0, Sum: 0.0]
      [GC Worker Total (ms): Min: 19.0, Avg: 19.0, Max: 19.0, Diff: 0.0, Sum: 38.0]
      [GC Worker End (ms): Min: 538193.8, Avg: 538193.8, Max: 538193.8, Diff: 0.0]
   [Code Root Fixup: 0.0 ms]
   [Code Root Purge: 0.0 ms]
   [Clear CT: 0.1 ms]
   [Other: 0.4 ms]
      [Choose CSet: 0.0 ms]
      [Ref Proc: 0.1 ms]
      [Ref Enq: 0.0 ms]
      [Redirty Cards: 0.0 ms]
      [Humongous Register: 0.0 ms]
      [Humongous Reclaim: 0.0 ms]
      [Free CSet: 0.1 ms]
   [Eden: 259.0M(259.0M)->0.0B(260.0M) Survivors: 16384.0K->15360.0K Heap: 403.8M(472.0M)->143.8M(472.0M)]
 [Times: user=0.04 sys=0.00, real=0.02 secs] 
2024-07-06T11:33:04.560+0800: 538.726: [GC pause (G1 Evacuation Pause) (young), 0.0195194 secs]
   [Parallel Time: 19.0 ms, GC Workers: 2]
      [GC Worker Start (ms): Min: 538726.2, Avg: 538726.2, Max: 538726.2, Diff: 0.0]
      [Ext Root Scanning (ms): Min: 0.5, Avg: 0.5, Max: 0.5, Diff: 0.0, Sum: 1.1]
      [Update RS (ms): Min: 0.0, Avg: 0.0, Max: 0.0, Diff: 0.0, Sum: 0.1]
         [Processed Buffers: Min: 2, Avg: 3.5, Max: 5, Diff: 3, Sum: 7]
      [Scan RS (ms): Min: 0.1, Avg: 0.1, Max: 0.1, Diff: 0.0, Sum: 0.2]
      [Code Root Scanning (ms): Min: 0.0, Avg: 0.0, Max: 0.0, Diff: 0.0, Sum: 0.0]
      [Object Copy (ms): Min: 18.2, Avg: 18.3, Max: 18.3, Diff: 0.0, Sum: 36.5]
      [Termination (ms): Min: 0.0, Avg: 0.0, Max: 0.0, Diff: 0.0, Sum: 0.0]
         [Termination Attempts: Min: 1, Avg: 1.0, Max: 1, Diff: 0, Sum: 2]
      [GC Worker Other (ms): Min: 0.0, Avg: 0.0, Max: 0.0, Diff: 0.0, Sum: 0.0]
      [GC Worker Total (ms): Min: 18.9, Avg: 18.9, Max: 18.9, Diff: 0.0, Sum: 37.8]
      [GC Worker End (ms): Min: 538745.1, Avg: 538745.1, Max: 538745.1, Diff: 0.0]
   [Code Root Fixup: 0.0 ms]
   [Code Root Purge: 0.0 ms]
   [Clear CT: 0.1 ms]
   [Other: 0.4 ms]
      [Choose CSet: 0.0 ms]
      [Ref Proc: 0.1 ms]
      [Ref Enq: 0.0 ms]
      [Redirty Cards: 0.0 ms]
      [Humongous Register: 0.0 ms]
      [Humongous Reclaim: 0.0 ms]
      [Free CSet: 0.1 ms]
   [Eden: 260.0M(260.0M)->0.0B(261.0M) Survivors: 15360.0K->14336.0K Heap: 403.8M(472.0M)->142.8M(472.0M)]
 [Times: user=0.04 sys=0.00, real=0.02 secs] 
2024-07-06T11:33:05.085+0800: 539.251: [GC pause (G1 Evacuation Pause) (young), 0.0185239 secs]
   [Parallel Time: 18.0 ms, GC Workers: 2]
      [GC Worker Start (ms): Min: 539251.1, Avg: 539251.1, Max: 539251.2, Diff: 0.0]
      [Ext Root Scanning (ms): Min: 0.5, Avg: 0.5, Max: 0.5, Diff: 0.0, Sum: 1.0]
      [Update RS (ms): Min: 0.0, Avg: 0.0, Max: 0.1, Diff: 0.0, Sum: 0.1]
         [Processed Buffers: Min: 2, Avg: 3.5, Max: 5, Diff: 3, Sum: 7]
      [Scan RS (ms): Min: 0.1, Avg: 0.1, Max: 0.1, Diff: 0.0, Sum: 0.2]
      [Code Root Scanning (ms): Min: 0.0, Avg: 0.0, Max: 0.0, Diff: 0.0, Sum: 0.0]
      [Object Copy (ms): Min: 17.2, Avg: 17.2, Max: 17.2, Diff: 0.0, Sum: 34.5]
      [Termination (ms): Min: 0.0, Avg: 0.0, Max: 0.0, Diff: 0.0, Sum: 0.0]
         [Termination Attempts: Min: 1, Avg: 1.5, Max: 2, Diff: 1, Sum: 3]
      [GC Worker Other (ms): Min: 0.0, Avg: 0.0, Max: 0.0, Diff: 0.0, Sum: 0.0]
      [GC Worker Total (ms): Min: 17.9, Avg: 17.9, Max: 17.9, Diff: 0.0, Sum: 35.8]
      [GC Worker End (ms): Min: 539269.0, Avg: 539269.0, Max: 539269.0, Diff: 0.0]
   [Code Root Fixup: 0.0 ms]
   [Code Root Purge: 0.0 ms]
   [Clear CT: 0.1 ms]
   [Other: 0.4 ms]
      [Choose CSet: 0.0 ms]
      [Ref Proc: 0.1 ms]
      [Ref Enq: 0.0 ms]
      [Redirty Cards: 0.0 ms]
      [Humongous Register: 0.0 ms]
      [Humongous Reclaim: 0.0 ms]
      [Free CSet: 0.2 ms]
   [Eden: 261.0M(261.0M)->0.0B(261.0M) Survivors: 14336.0K->14336.0K Heap: 403.8M(472.0M)->142.3M(472.0M)]
 [Times: user=0.04 sys=0.00, real=0.02 secs] 
2024-07-06T11:33:05.589+0800: 539.756: [GC pause (G1 Evacuation Pause) (young), 0.0141567 secs]
   [Parallel Time: 13.7 ms, GC Workers: 2]
      [GC Worker Start (ms): Min: 539755.8, Avg: 539755.8, Max: 539755.8, Diff: 0.0]
      [Ext Root Scanning (ms): Min: 0.5, Avg: 0.5, Max: 0.5, Diff: 0.0, Sum: 1.0]
      [Update RS (ms): Min: 0.0, Avg: 0.0, Max: 0.0, Diff: 0.0, Sum: 0.1]
         [Processed Buffers: Min: 1, Avg: 3.5, Max: 6, Diff: 5, Sum: 7]
      [Scan RS (ms): Min: 0.1, Avg: 0.1, Max: 0.1, Diff: 0.0, Sum: 0.2]
      [Code Root Scanning (ms): Min: 0.0, Avg: 0.0, Max: 0.0, Diff: 0.0, Sum: 0.0]
      [Object Copy (ms): Min: 12.9, Avg: 13.0, Max: 13.0, Diff: 0.0, Sum: 25.9]
      [Termination (ms): Min: 0.0, Avg: 0.0, Max: 0.0, Diff: 0.0, Sum: 0.0]
         [Termination Attempts: Min: 1, Avg: 1.0, Max: 1, Diff: 0, Sum: 2]
      [GC Worker Other (ms): Min: 0.0, Avg: 0.0, Max: 0.0, Diff: 0.0, Sum: 0.0]
      [GC Worker Total (ms): Min: 13.6, Avg: 13.6, Max: 13.6, Diff: 0.0, Sum: 27.2]
      [GC Worker End (ms): Min: 539769.4, Avg: 539769.4, Max: 539769.4, Diff: 0.0]
   [Code Root Fixup: 0.0 ms]
   [Code Root Purge: 0.0 ms]
   [Clear CT: 0.1 ms]
   [Other: 0.4 ms]
      [Choose CSet: 0.0 ms]
      [Ref Proc: 0.1 ms]
      [Ref Enq: 0.0 ms]
      [Redirty Cards: 0.0 ms]
      [Humongous Register: 0.0 ms]
      [Humongous Reclaim: 0.0 ms]
      [Free CSet: 0.1 ms]
   [Eden: 261.0M(261.0M)->0.0B(263.0M) Survivors: 14336.0K->13312.0K Heap: 403.3M(472.0M)->141.3M(472.0M)]
 [Times: user=0.03 sys=0.00, real=0.01 secs] 
2024-07-06T11:33:06.031+0800: 540.198: [GC pause (G1 Evacuation Pause) (young), 0.0147468 secs]
   [Parallel Time: 14.0 ms, GC Workers: 2]
      [GC Worker Start (ms): Min: 540197.7, Avg: 540197.8, Max: 540197.8, Diff: 0.0]
      [Ext Root Scanning (ms): Min: 0.6, Avg: 0.6, Max: 0.6, Diff: 0.0, Sum: 1.2]
      [Update RS (ms): Min: 0.0, Avg: 0.0, Max: 0.0, Diff: 0.0, Sum: 0.1]
         [Processed Buffers: Min: 2, Avg: 2.5, Max: 3, Diff: 1, Sum: 5]
      [Scan RS (ms): Min: 0.1, Avg: 0.1, Max: 0.1, Diff: 0.0, Sum: 0.2]
      [Code Root Scanning (ms): Min: 0.0, Avg: 0.0, Max: 0.0, Diff: 0.0, Sum: 0.0]
      [Object Copy (ms): Min: 13.2, Avg: 13.2, Max: 13.2, Diff: 0.0, Sum: 26.4]
      [Termination (ms): Min: 0.0, Avg: 0.0, Max: 0.0, Diff: 0.0, Sum: 0.0]
         [Termination Attempts: Min: 1, Avg: 1.0, Max: 1, Diff: 0, Sum: 2]
      [GC Worker Other (ms): Min: 0.0, Avg: 0.0, Max: 0.0, Diff: 0.0, Sum: 0.0]
      [GC Worker Total (ms): Min: 13.9, Avg: 13.9, Max: 14.0, Diff: 0.0, Sum: 27.9]
      [GC Worker End (ms): Min: 540211.7, Avg: 540211.7, Max: 540211.7, Diff: 0.0]
   [Code Root Fixup: 0.0 ms]
   [Code Root Purge: 0.0 ms]
   [Clear CT: 0.2 ms]
   [Other: 0.6 ms]
      [Choose CSet: 0.0 ms]
      [Ref Proc: 0.1 ms]
      [Ref Enq: 0.0 ms]
      [Redirty Cards: 0.1 ms]
      [Humongous Register: 0.0 ms]
      [Humongous Reclaim: 0.0 ms]
      [Free CSet: 0.2 ms]
   [Eden: 263.0M(263.0M)->0.0B(263.0M) Survivors: 13312.0K->13312.0K Heap: 404.3M(472.0M)->141.3M(472.0M)]
 [Times: user=0.02 sys=0.01, real=0.01 secs] 
2024-07-06T11:33:06.526+0800: 540.692: [GC pause (G1 Evacuation Pause) (young), 0.0074776 secs]
   [Parallel Time: 6.9 ms, GC Workers: 2]
      [GC Worker Start (ms): Min: 540692.0, Avg: 540692.0, Max: 540692.0, Diff: 0.0]
      [Ext Root Scanning (ms): Min: 0.5, Avg: 0.5, Max: 0.5, Diff: 0.0, Sum: 1.0]
      [Update RS (ms): Min: 0.0, Avg: 0.0, Max: 0.0, Diff: 0.0, Sum: 0.1]
         [Processed Buffers: Min: 2, Avg: 2.5, Max: 3, Diff: 1, Sum: 5]
      [Scan RS (ms): Min: 0.1, Avg: 0.1, Max: 0.1, Diff: 0.0, Sum: 0.1]
      [Code Root Scanning (ms): Min: 0.0, Avg: 0.0, Max: 0.0, Diff: 0.0, Sum: 0.0]
      [Object Copy (ms): Min: 6.2, Avg: 6.2, Max: 6.2, Diff: 0.0, Sum: 12.4]
      [Termination (ms): Min: 0.0, Avg: 0.0, Max: 0.0, Diff: 0.0, Sum: 0.0]
         [Termination Attempts: Min: 1, Avg: 1.0, Max: 1, Diff: 0, Sum: 2]
      [GC Worker Other (ms): Min: 0.0, Avg: 0.0, Max: 0.0, Diff: 0.0, Sum: 0.0]
      [GC Worker Total (ms): Min: 6.8, Avg: 6.8, Max: 6.8, Diff: 0.0, Sum: 13.6]
      [GC Worker End (ms): Min: 540698.9, Avg: 540698.9, Max: 540698.9, Diff: 0.0]
   [Code Root Fixup: 0.0 ms]
   [Code Root Purge: 0.0 ms]
   [Clear CT: 0.1 ms]
   [Other: 0.5 ms]
      [Choose CSet: 0.0 ms]
      [Ref Proc: 0.1 ms]
      [Ref Enq: 0.0 ms]
      [Redirty Cards: 0.1 ms]
      [Humongous Register: 0.1 ms]
      [Humongous Reclaim: 0.0 ms]
      [Free CSet: 0.1 ms]
   [Eden: 263.0M(263.0M)->0.0B(271.0M) Survivors: 13312.0K->7168.0K Heap: 404.3M(472.0M)->135.8M(472.0M)]
 [Times: user=0.02 sys=0.00, real=0.01 secs] 
2024-07-06T11:33:06.955+0800: 541.122: [GC pause (G1 Evacuation Pause) (young), 0.0232733 secs]
   [Parallel Time: 22.8 ms, GC Workers: 2]
      [GC Worker Start (ms): Min: 541121.6, Avg: 541121.6, Max: 541121.6, Diff: 0.0]
      [Ext Root Scanning (ms): Min: 0.5, Avg: 0.5, Max: 0.5, Diff: 0.0, Sum: 1.1]
      [Update RS (ms): Min: 0.0, Avg: 0.0, Max: 0.0, Diff: 0.0, Sum: 0.1]
         [Processed Buffers: Min: 2, Avg: 3.5, Max: 5, Diff: 3, Sum: 7]
      [Scan RS (ms): Min: 0.1, Avg: 0.1, Max: 0.1, Diff: 0.0, Sum: 0.2]
      [Code Root Scanning (ms): Min: 0.0, Avg: 0.0, Max: 0.0, Diff: 0.0, Sum: 0.0]
      [Object Copy (ms): Min: 22.1, Avg: 22.1, Max: 22.1, Diff: 0.0, Sum: 44.1]
      [Termination (ms): Min: 0.0, Avg: 0.0, Max: 0.0, Diff: 0.0, Sum: 0.0]
         [Termination Attempts: Min: 1, Avg: 1.0, Max: 1, Diff: 0, Sum: 2]
      [GC Worker Other (ms): Min: 0.0, Avg: 0.0, Max: 0.0, Diff: 0.0, Sum: 0.1]
      [GC Worker Total (ms): Min: 22.7, Avg: 22.7, Max: 22.8, Diff: 0.0, Sum: 45.5]
      [GC Worker End (ms): Min: 541144.4, Avg: 541144.4, Max: 541144.4, Diff: 0.0]
   [Code Root Fixup: 0.0 ms]
   [Code Root Purge: 0.0 ms]
   [Clear CT: 0.1 ms]
   [Other: 0.4 ms]
      [Choose CSet: 0.0 ms]
      [Ref Proc: 0.1 ms]
      [Ref Enq: 0.0 ms]
      [Redirty Cards: 0.1 ms]
      [Humongous Register: 0.0 ms]
      [Humongous Reclaim: 0.0 ms]
      [Free CSet: 0.1 ms]
   [Eden: 271.0M(271.0M)->0.0B(251.0M) Survivors: 7168.0K->21504.0K Heap: 406.8M(472.0M)->149.3M(472.0M)]
 [Times: user=0.05 sys=0.00, real=0.02 secs] 
2024-07-06T11:33:07.488+0800: 541.654: [GC pause (G1 Evacuation Pause) (young), 0.0063284 secs]
   [Parallel Time: 5.8 ms, GC Workers: 2]
      [GC Worker Start (ms): Min: 541653.8, Avg: 541653.8, Max: 541653.9, Diff: 0.0]
      [Ext Root Scanning (ms): Min: 0.5, Avg: 0.5, Max: 0.5, Diff: 0.0, Sum: 1.0]
      [Update RS (ms): Min: 0.0, Avg: 0.0, Max: 0.0, Diff: 0.0, Sum: 0.1]
         [Processed Buffers: Min: 2, Avg: 3.5, Max: 5, Diff: 3, Sum: 7]
      [Scan RS (ms): Min: 0.1, Avg: 0.1, Max: 0.1, Diff: 0.0, Sum: 0.2]
      [Code Root Scanning (ms): Min: 0.0, Avg: 0.0, Max: 0.0, Diff: 0.0, Sum: 0.0]
      [Object Copy (ms): Min: 5.0, Avg: 5.0, Max: 5.0, Diff: 0.0, Sum: 10.1]
      [Termination (ms): Min: 0.0, Avg: 0.0, Max: 0.0, Diff: 0.0, Sum: 0.0]
         [Termination Attempts: Min: 1, Avg: 1.5, Max: 2, Diff: 1, Sum: 3]
      [GC Worker Other (ms): Min: 0.0, Avg: 0.0, Max: 0.0, Diff: 0.0, Sum: 0.0]
      [GC Worker Total (ms): Min: 5.7, Avg: 5.7, Max: 5.7, Diff: 0.0, Sum: 11.4]
      [GC Worker End (ms): Min: 541659.6, Avg: 541659.6, Max: 541659.6, Diff: 0.0]
   [Code Root Fixup: 0.0 ms]
   [Code Root Purge: 0.0 ms]
   [Clear CT: 0.1 ms]
   [Other: 0.4 ms]
      [Choose CSet: 0.0 ms]
      [Ref Proc: 0.1 ms]
      [Ref Enq: 0.0 ms]
      [Redirty Cards: 0.0 ms]
      [Humongous Register: 0.0 ms]
      [Humongous Reclaim: 0.0 ms]
      [Free CSet: 0.2 ms]
   [Eden: 251.0M(251.0M)->0.0B(273.0M) Survivors: 21504.0K->5120.0K Heap: 400.3M(472.0M)->133.3M(472.0M)]
 [Times: user=0.01 sys=0.00, real=0.00 secs] 
2024-07-06T11:33:08.315+0800: 542.481: [GC pause (G1 Evacuation Pause) (young), 0.0301512 secs]
   [Parallel Time: 29.6 ms, GC Workers: 2]
      [GC Worker Start (ms): Min: 542481.4, Avg: 542481.4, Max: 542481.4, Diff: 0.0]
      [Ext Root Scanning (ms): Min: 0.5, Avg: 0.5, Max: 0.5, Diff: 0.0, Sum: 1.1]
      [Update RS (ms): Min: 0.0, Avg: 0.0, Max: 0.0, Diff: 0.0, Sum: 0.1]
         [Processed Buffers: Min: 3, Avg: 3.5, Max: 4, Diff: 1, Sum: 7]
      [Scan RS (ms): Min: 0.1, Avg: 0.1, Max: 0.1, Diff: 0.0, Sum: 0.2]
      [Code Root Scanning (ms): Min: 0.0, Avg: 0.0, Max: 0.0, Diff: 0.0, Sum: 0.0]
      [Object Copy (ms): Min: 28.9, Avg: 28.9, Max: 28.9, Diff: 0.0, Sum: 57.8]
      [Termination (ms): Min: 0.0, Avg: 0.0, Max: 0.0, Diff: 0.0, Sum: 0.0]
         [Termination Attempts: Min: 1, Avg: 1.0, Max: 1, Diff: 0, Sum: 2]
      [GC Worker Other (ms): Min: 0.0, Avg: 0.0, Max: 0.0, Diff: 0.0, Sum: 0.0]
      [GC Worker Total (ms): Min: 29.5, Avg: 29.6, Max: 29.6, Diff: 0.0, Sum: 59.1]
      [GC Worker End (ms): Min: 542511.0, Avg: 542511.0, Max: 542511.0, Diff: 0.0]
   [Code Root Fixup: 0.0 ms]
   [Code Root Purge: 0.0 ms]
   [Clear CT: 0.1 ms]
   [Other: 0.4 ms]
      [Choose CSet: 0.0 ms]
      [Ref Proc: 0.1 ms]
      [Ref Enq: 0.0 ms]
      [Redirty Cards: 0.1 ms]
      [Humongous Register: 0.0 ms]
      [Humongous Reclaim: 0.0 ms]
      [Free CSet: 0.1 ms]
   [Eden: 273.0M(273.0M)->0.0B(243.0M) Survivors: 5120.0K->25600.0K Heap: 406.3M(472.0M)->153.8M(472.0M)]
 [Times: user=0.06 sys=0.00, real=0.02 secs] 
2024-07-06T11:33:08.850+0800: 543.016: [GC pause (G1 Evacuation Pause) (young), 0.0162182 secs]
   [Parallel Time: 15.6 ms, GC Workers: 2]
      [GC Worker Start (ms): Min: 543016.0, Avg: 543016.0, Max: 543016.0, Diff: 0.0]
      [Ext Root Scanning (ms): Min: 0.5, Avg: 0.5, Max: 0.5, Diff: 0.0, Sum: 1.1]
      [Update RS (ms): Min: 0.0, Avg: 0.0, Max: 0.0, Diff: 0.0, Sum: 0.1]
         [Processed Buffers: Min: 2, Avg: 3.0, Max: 4, Diff: 2, Sum: 6]
      [Scan RS (ms): Min: 0.1, Avg: 0.1, Max: 0.1, Diff: 0.0, Sum: 0.1]
      [Code Root Scanning (ms): Min: 0.0, Avg: 0.0, Max: 0.0, Diff: 0.0, Sum: 0.0]
      [Object Copy (ms): Min: 14.8, Avg: 14.8, Max: 14.8, Diff: 0.0, Sum: 29.7]
      [Termination (ms): Min: 0.0, Avg: 0.0, Max: 0.0, Diff: 0.0, Sum: 0.0]
         [Termination Attempts: Min: 1, Avg: 1.0, Max: 1, Diff: 0, Sum: 2]
      [GC Worker Other (ms): Min: 0.0, Avg: 0.0, Max: 0.0, Diff: 0.0, Sum: 0.0]
      [GC Worker Total (ms): Min: 15.5, Avg: 15.5, Max: 15.5, Diff: 0.0, Sum: 31.0]
      [GC Worker End (ms): Min: 543031.5, Avg: 543031.5, Max: 543031.5, Diff: 0.0]
   [Code Root Fixup: 0.0 ms]
   [Code Root Purge: 0.0 ms]
   [Clear CT: 0.2 ms]
   [Other: 0.5 ms]
      [Choose CSet: 0.0 ms]
      [Ref Proc: 0.1 ms]
      [Ref Enq: 0.0 ms]
      [Redirty Cards: 0.1 ms]
      [Humongous Register: 0.0 ms]
      [Humongous Reclaim: 0.0 ms]
      [Free CSet: 0.2 ms]
   [Eden: 243.0M(243.0M)->0.0B(264.0M) Survivors: 25600.0K->6144.0K Heap: 396.8M(472.0M)->141.4M(472.0M)]
 [Times: user=0.03 sys=0.00, real=0.01 secs] 
2024-07-06T11:33:09.311+0800: 543.477: [GC pause (G1 Evacuation Pause) (young), 0.0361025 secs]
   [Parallel Time: 35.4 ms, GC Workers: 2]
      [GC Worker Start (ms): Min: 543477.6, Avg: 543479.9, Max: 543482.2, Diff: 4.6]
      [Ext Root Scanning (ms): Min: 0.0, Avg: 0.5, Max: 0.9, Diff: 0.9, Sum: 0.9]
      [Update RS (ms): Min: 8.9, Avg: 10.7, Max: 12.4, Diff: 3.6, Sum: 21.3]
         [Processed Buffers: Min: 27, Avg: 27.5, Max: 28, Diff: 1, Sum: 55]
      [Scan RS (ms): Min: 0.1, Avg: 0.1, Max: 0.1, Diff: 0.0, Sum: 0.2]
      [Code Root Scanning (ms): Min: 0.0, Avg: 0.0, Max: 0.0, Diff: 0.0, Sum: 0.0]
      [Object Copy (ms): Min: 21.7, Avg: 21.8, Max: 21.8, Diff: 0.1, Sum: 43.6]
      [Termination (ms): Min: 0.0, Avg: 0.0, Max: 0.0, Diff: 0.0, Sum: 0.0]
         [Termination Attempts: Min: 1, Avg: 1.0, Max: 1, Diff: 0, Sum: 2]
      [GC Worker Other (ms): Min: 0.0, Avg: 0.0, Max: 0.0, Diff: 0.0, Sum: 0.0]
      [GC Worker Total (ms): Min: 30.7, Avg: 33.0, Max: 35.3, Diff: 4.6, Sum: 66.0]
      [GC Worker End (ms): Min: 543512.9, Avg: 543512.9, Max: 543512.9, Diff: 0.0]
   [Code Root Fixup: 0.0 ms]
   [Code Root Purge: 0.0 ms]
   [Clear CT: 0.2 ms]
   [Other: 0.5 ms]
      [Choose CSet: 0.0 ms]
      [Ref Proc: 0.1 ms]
      [Ref Enq: 0.0 ms]
      [Redirty Cards: 0.0 ms]
      [Humongous Register: 0.0 ms]
      [Humongous Reclaim: 0.0 ms]
      [Free CSet: 0.2 ms]
   [Eden: 264.0M(264.0M)->0.0B(250.0M) Survivors: 6144.0K->18432.0K Heap: 405.4M(472.0M)->153.4M(472.0M)]
 [Times: user=0.06 sys=0.00, real=0.04 secs] 
2024-07-06T11:33:09.890+0800: 544.057: [GC pause (G1 Evacuation Pause) (young), 0.0116589 secs]
   [Parallel Time: 11.1 ms, GC Workers: 2]
      [GC Worker Start (ms): Min: 544056.7, Avg: 544056.7, Max: 544056.7, Diff: 0.0]
      [Ext Root Scanning (ms): Min: 0.5, Avg: 0.5, Max: 0.5, Diff: 0.0, Sum: 1.0]
      [Update RS (ms): Min: 0.0, Avg: 0.0, Max: 0.0, Diff: 0.0, Sum: 0.1]
         [Processed Buffers: Min: 3, Avg: 3.0, Max: 3, Diff: 0, Sum: 6]
      [Scan RS (ms): Min: 0.1, Avg: 0.1, Max: 0.1, Diff: 0.0, Sum: 0.2]
      [Code Root Scanning (ms): Min: 0.0, Avg: 0.0, Max: 0.0, Diff: 0.0, Sum: 0.0]
      [Object Copy (ms): Min: 10.4, Avg: 10.4, Max: 10.4, Diff: 0.0, Sum: 20.7]
      [Termination (ms): Min: 0.0, Avg: 0.0, Max: 0.0, Diff: 0.0, Sum: 0.0]
         [Termination Attempts: Min: 1, Avg: 1.0, Max: 1, Diff: 0, Sum: 2]
      [GC Worker Other (ms): Min: 0.0, Avg: 0.0, Max: 0.0, Diff: 0.0, Sum: 0.0]
      [GC Worker Total (ms): Min: 11.0, Avg: 11.0, Max: 11.0, Diff: 0.0, Sum: 22.1]
      [GC Worker End (ms): Min: 544067.7, Avg: 544067.7, Max: 544067.7, Diff: 0.0]
   [Code Root Fixup: 0.0 ms]
   [Code Root Purge: 0.0 ms]
   [Clear CT: 0.1 ms]
   [Other: 0.4 ms]
      [Choose CSet: 0.0 ms]
      [Ref Proc: 0.1 ms]
      [Ref Enq: 0.0 ms]
      [Redirty Cards: 0.0 ms]
      [Humongous Register: 0.0 ms]
      [Humongous Reclaim: 0.0 ms]
      [Free CSet: 0.2 ms]
   [Eden: 250.0M(250.0M)->0.0B(261.0M) Survivors: 18432.0K->9216.0K Heap: 403.4M(472.0M)->144.4M(472.0M)]
 [Times: user=0.02 sys=0.00, real=0.01 secs] 
2024-07-06T11:33:10.336+0800: 544.502: [GC pause (G1 Evacuation Pause) (young), 0.0156754 secs]
   [Parallel Time: 15.1 ms, GC Workers: 2]
      [GC Worker Start (ms): Min: 544502.5, Avg: 544502.5, Max: 544502.5, Diff: 0.0]
      [Ext Root Scanning (ms): Min: 0.4, Avg: 0.5, Max: 0.5, Diff: 0.0, Sum: 0.9]
      [Update RS (ms): Min: 0.0, Avg: 0.0, Max: 0.1, Diff: 0.1, Sum: 0.1]
         [Processed Buffers: Min: 1, Avg: 2.5, Max: 4, Diff: 3, Sum: 5]
      [Scan RS (ms): Min: 0.1, Avg: 0.1, Max: 0.1, Diff: 0.0, Sum: 0.2]
      [Code Root Scanning (ms): Min: 0.0, Avg: 0.0, Max: 0.0, Diff: 0.0, Sum: 0.0]
      [Object Copy (ms): Min: 14.4, Avg: 14.4, Max: 14.5, Diff: 0.1, Sum: 28.9]
      [Termination (ms): Min: 0.0, Avg: 0.0, Max: 0.0, Diff: 0.0, Sum: 0.0]
         [Termination Attempts: Min: 1, Avg: 1.0, Max: 1, Diff: 0, Sum: 2]
      [GC Worker Other (ms): Min: 0.0, Avg: 0.0, Max: 0.0, Diff: 0.0, Sum: 0.0]
      [GC Worker Total (ms): Min: 15.0, Avg: 15.0, Max: 15.0, Diff: 0.0, Sum: 30.1]
      [GC Worker End (ms): Min: 544517.5, Avg: 544517.5, Max: 544517.5, Diff: 0.0]
   [Code Root Fixup: 0.0 ms]
   [Code Root Purge: 0.0 ms]
   [Clear CT: 0.1 ms]
   [Other: 0.5 ms]
      [Choose CSet: 0.0 ms]
      [Ref Proc: 0.1 ms]
      [Ref Enq: 0.0 ms]
      [Redirty Cards: 0.0 ms]
      [Humongous Register: 0.0 ms]
      [Humongous Reclaim: 0.0 ms]
      [Free CSet: 0.2 ms]
   [Eden: 261.0M(261.0M)->0.0B(255.0M) Survivors: 9216.0K->15360.0K Heap: 405.4M(472.0M)->150.4M(472.0M)]
 [Times: user=0.03 sys=0.00, real=0.01 secs] 
2024-07-06T11:33:10.819+0800: 544.985: [GC pause (G1 Evacuation Pause) (young), 0.0181215 secs]
   [Parallel Time: 17.6 ms, GC Workers: 2]
      [GC Worker Start (ms): Min: 544985.6, Avg: 544985.6, Max: 544985.6, Diff: 0.0]
      [Ext Root Scanning (ms): Min: 0.5, Avg: 0.5, Max: 0.5, Diff: 0.0, Sum: 1.0]
      [Update RS (ms): Min: 0.0, Avg: 0.0, Max: 0.0, Diff: 0.0, Sum: 0.1]
         [Processed Buffers: Min: 3, Avg: 3.0, Max: 3, Diff: 0, Sum: 6]
      [Scan RS (ms): Min: 0.1, Avg: 0.1, Max: 0.1, Diff: 0.0, Sum: 0.2]
      [Code Root Scanning (ms): Min: 0.0, Avg: 0.0, Max: 0.0, Diff: 0.0, Sum: 0.0]
      [Object Copy (ms): Min: 16.8, Avg: 16.8, Max: 16.8, Diff: 0.0, Sum: 33.7]
      [Termination (ms): Min: 0.0, Avg: 0.0, Max: 0.0, Diff: 0.0, Sum: 0.0]
         [Termination Attempts: Min: 1, Avg: 2.0, Max: 3, Diff: 2, Sum: 4]
      [GC Worker Other (ms): Min: 0.0, Avg: 0.0, Max: 0.0, Diff: 0.0, Sum: 0.0]
      [GC Worker Total (ms): Min: 17.5, Avg: 17.5, Max: 17.5, Diff: 0.0, Sum: 35.0]
      [GC Worker End (ms): Min: 545003.1, Avg: 545003.1, Max: 545003.1, Diff: 0.0]
   [Code Root Fixup: 0.0 ms]
   [Code Root Purge: 0.0 ms]
   [Clear CT: 0.1 ms]
   [Other: 0.4 ms]
      [Choose CSet: 0.0 ms]
      [Ref Proc: 0.1 ms]
      [Ref Enq: 0.0 ms]
      [Redirty Cards: 0.0 ms]
      [Humongous Register: 0.0 ms]
      [Humongous Reclaim: 0.0 ms]
      [Free CSet: 0.1 ms]
   [Eden: 255.0M(255.0M)->0.0B(252.0M) Survivors: 15360.0K->17408.0K Heap: 405.4M(472.0M)->152.4M(472.0M)]
 [Times: user=0.03 sys=0.00, real=0.02 secs] 
2024-07-06T11:33:11.283+0800: 545.449: [GC pause (G1 Evacuation Pause) (young), 0.0152181 secs]
   [Parallel Time: 14.7 ms, GC Workers: 2]
      [GC Worker Start (ms): Min: 545448.8, Avg: 545448.8, Max: 545448.8, Diff: 0.0]
      [Ext Root Scanning (ms): Min: 0.6, Avg: 0.6, Max: 0.6, Diff: 0.0, Sum: 1.1]
      [Update RS (ms): Min: 0.0, Avg: 0.0, Max: 0.0, Diff: 0.0, Sum: 0.0]
         [Processed Buffers: Min: 0, Avg: 3.0, Max: 6, Diff: 6, Sum: 6]
      [Scan RS (ms): Min: 0.1, Avg: 0.1, Max: 0.1, Diff: 0.0, Sum: 0.2]
      [Code Root Scanning (ms): Min: 0.0, Avg: 0.0, Max: 0.0, Diff: 0.0, Sum: 0.0]
      [Object Copy (ms): Min: 14.0, Avg: 14.0, Max: 14.0, Diff: 0.0, Sum: 27.9]
      [Termination (ms): Min: 0.0, Avg: 0.0, Max: 0.0, Diff: 0.0, Sum: 0.0]
         [Termination Attempts: Min: 1, Avg: 1.0, Max: 1, Diff: 0, Sum: 2]
      [GC Worker Other (ms): Min: 0.0, Avg: 0.0, Max: 0.0, Diff: 0.0, Sum: 0.0]
      [GC Worker Total (ms): Min: 14.6, Avg: 14.6, Max: 14.7, Diff: 0.0, Sum: 29.3]
      [GC Worker End (ms): Min: 545463.5, Avg: 545463.5, Max: 545463.5, Diff: 0.0]
   [Code Root Fixup: 0.0 ms]
   [Code Root Purge: 0.0 ms]
   [Clear CT: 0.1 ms]
   [Other: 0.4 ms]
      [Choose CSet: 0.0 ms]
      [Ref Proc: 0.1 ms]
      [Ref Enq: 0.0 ms]
      [Redirty Cards: 0.0 ms]
      [Humongous Register: 0.0 ms]
      [Humongous Reclaim: 0.0 ms]
      [Free CSet: 0.1 ms]
   [Eden: 252.0M(252.0M)->0.0B(255.0M) Survivors: 17408.0K->14336.0K Heap: 404.4M(472.0M)->149.9M(472.0M)]
 [Times: user=0.03 sys=0.00, real=0.02 secs] 
2024-07-06T11:33:11.735+0800: 545.901: [GC pause (G1 Evacuation Pause) (young), 0.0176125 secs]
   [Parallel Time: 17.1 ms, GC Workers: 2]
      [GC Worker Start (ms): Min: 545900.9, Avg: 545901.0, Max: 545901.0, Diff: 0.0]
      [Ext Root Scanning (ms): Min: 0.6, Avg: 0.6, Max: 0.6, Diff: 0.1, Sum: 1.2]
      [Update RS (ms): Min: 0.0, Avg: 0.0, Max: 0.0, Diff: 0.0, Sum: 0.0]
         [Processed Buffers: Min: 0, Avg: 2.5, Max: 5, Diff: 5, Sum: 5]
      [Scan RS (ms): Min: 0.0, Avg: 0.1, Max: 0.1, Diff: 0.1, Sum: 0.1]
      [Code Root Scanning (ms): Min: 0.0, Avg: 0.0, Max: 0.0, Diff: 0.0, Sum: 0.0]
      [Object Copy (ms): Min: 16.2, Avg: 16.3, Max: 16.4, Diff: 0.1, Sum: 32.6]
      [Termination (ms): Min: 0.0, Avg: 0.0, Max: 0.0, Diff: 0.0, Sum: 0.0]
         [Termination Attempts: Min: 1, Avg: 1.0, Max: 1, Diff: 0, Sum: 2]
      [GC Worker Other (ms): Min: 0.0, Avg: 0.0, Max: 0.0, Diff: 0.0, Sum: 0.0]
      [GC Worker Total (ms): Min: 17.0, Avg: 17.0, Max: 17.0, Diff: 0.0, Sum: 34.0]
      [GC Worker End (ms): Min: 545918.0, Avg: 545918.0, Max: 545918.0, Diff: 0.0]
   [Code Root Fixup: 0.0 ms]
   [Code Root Purge: 0.0 ms]
   [Clear CT: 0.1 ms]
   [Other: 0.4 ms]
      [Choose CSet: 0.0 ms]
      [Ref Proc: 0.1 ms]
      [Ref Enq: 0.0 ms]
      [Redirty Cards: 0.0 ms]
      [Humongous Register: 0.0 ms]
      [Humongous Reclaim: 0.0 ms]
      [Free CSet: 0.2 ms]
   [Eden: 255.0M(255.0M)->0.0B(254.0M) Survivors: 14336.0K->15360.0K Heap: 404.9M(472.0M)->150.4M(472.0M)]
 [Times: user=0.03 sys=0.00, real=0.02 secs] 
2024-07-06T11:33:12.163+0800: 546.329: [GC pause (G1 Evacuation Pause) (young), 0.0120626 secs]
   [Parallel Time: 11.6 ms, GC Workers: 2]
      [GC Worker Start (ms): Min: 546329.1, Avg: 546329.1, Max: 546329.1, Diff: 0.0]
      [Ext Root Scanning (ms): Min: 0.5, Avg: 0.5, Max: 0.5, Diff: 0.0, Sum: 1.0]
      [Update RS (ms): Min: 0.0, Avg: 0.0, Max: 0.0, Diff: 0.0, Sum: 0.1]
         [Processed Buffers: Min: 2, Avg: 3.0, Max: 4, Diff: 2, Sum: 6]
      [Scan RS (ms): Min: 0.1, Avg: 0.1, Max: 0.1, Diff: 0.0, Sum: 0.2]
      [Code Root Scanning (ms): Min: 0.0, Avg: 0.0, Max: 0.0, Diff: 0.0, Sum: 0.0]
      [Object Copy (ms): Min: 10.9, Avg: 10.9, Max: 10.9, Diff: 0.0, Sum: 21.8]
      [Termination (ms): Min: 0.0, Avg: 0.0, Max: 0.0, Diff: 0.0, Sum: 0.0]
         [Termination Attempts: Min: 1, Avg: 1.0, Max: 1, Diff: 0, Sum: 2]
      [GC Worker Other (ms): Min: 0.0, Avg: 0.0, Max: 0.0, Diff: 0.0, Sum: 0.0]
      [GC Worker Total (ms): Min: 11.5, Avg: 11.5, Max: 11.5, Diff: 0.0, Sum: 23.1]
      [GC Worker End (ms): Min: 546340.7, Avg: 546340.7, Max: 546340.7, Diff: 0.0]
   [Code Root Fixup: 0.0 ms]
   [Code Root Purge: 0.0 ms]
   [Clear CT: 0.1 ms]
   [Other: 0.4 ms]
      [Choose CSet: 0.0 ms]
      [Ref Proc: 0.1 ms]
      [Ref Enq: 0.0 ms]
      [Redirty Cards: 0.0 ms]
      [Humongous Register: 0.0 ms]
      [Humongous Reclaim: 0.0 ms]
      [Free CSet: 0.1 ms]
   [Eden: 254.0M(254.0M)->0.0B(259.0M) Survivors: 15360.0K->11264.0K Heap: 404.4M(472.0M)->146.9M(472.0M)]
 [Times: user=0.02 sys=0.00, real=0.01 secs] 
2024-07-06T11:33:12.649+0800: 546.816: [GC pause (G1 Evacuation Pause) (young), 0.0133116 secs]
   [Parallel Time: 12.8 ms, GC Workers: 2]
      [GC Worker Start (ms): Min: 546815.7, Avg: 546815.7, Max: 546815.7, Diff: 0.0]
      [Ext Root Scanning (ms): Min: 0.5, Avg: 0.5, Max: 0.5, Diff: 0.0, Sum: 1.1]
      [Update RS (ms): Min: 0.0, Avg: 0.0, Max: 0.0, Diff: 0.0, Sum: 0.1]
         [Processed Buffers: Min: 1, Avg: 3.0, Max: 5, Diff: 4, Sum: 6]
      [Scan RS (ms): Min: 0.1, Avg: 0.1, Max: 0.1, Diff: 0.0, Sum: 0.2]
      [Code Root Scanning (ms): Min: 0.0, Avg: 0.0, Max: 0.0, Diff: 0.0, Sum: 0.0]
      [Object Copy (ms): Min: 12.1, Avg: 12.1, Max: 12.1, Diff: 0.0, Sum: 24.1]
      [Termination (ms): Min: 0.0, Avg: 0.0, Max: 0.0, Diff: 0.0, Sum: 0.0]
         [Termination Attempts: Min: 1, Avg: 1.0, Max: 1, Diff: 0, Sum: 2]
      [GC Worker Other (ms): Min: 0.0, Avg: 0.0, Max: 0.0, Diff: 0.0, Sum: 0.0]
      [GC Worker Total (ms): Min: 12.7, Avg: 12.7, Max: 12.7, Diff: 0.0, Sum: 25.5]
      [GC Worker End (ms): Min: 546828.5, Avg: 546828.5, Max: 546828.5, Diff: 0.0]
   [Code Root Fixup: 0.0 ms]
   [Code Root Purge: 0.0 ms]
   [Clear CT: 0.1 ms]
   [Other: 0.4 ms]
      [Choose CSet: 0.0 ms]
      [Ref Proc: 0.1 ms]
      [Ref Enq: 0.0 ms]
      [Redirty Cards: 0.0 ms]
      [Humongous Register: 0.0 ms]
      [Humongous Reclaim: 0.0 ms]
      [Free CSet: 0.1 ms]
   [Eden: 259.0M(259.0M)->0.0B(259.0M) Survivors: 11264.0K->11264.0K Heap: 405.9M(472.0M)->146.9M(472.0M)]
 [Times: user=0.03 sys=0.00, real=0.01 secs] 
2024-07-06T11:33:13.111+0800: 547.277: [GC pause (G1 Evacuation Pause) (young), 0.0099088 secs]
   [Parallel Time: 9.4 ms, GC Workers: 2]
      [GC Worker Start (ms): Min: 547277.5, Avg: 547277.5, Max: 547277.6, Diff: 0.0]
      [Ext Root Scanning (ms): Min: 0.5, Avg: 0.6, Max: 0.6, Diff: 0.0, Sum: 1.1]
      [Update RS (ms): Min: 0.0, Avg: 0.0, Max: 0.0, Diff: 0.0, Sum: 0.0]
         [Processed Buffers: Min: 2, Avg: 2.5, Max: 3, Diff: 1, Sum: 5]
      [Scan RS (ms): Min: 0.1, Avg: 0.1, Max: 0.1, Diff: 0.0, Sum: 0.1]
      [Code Root Scanning (ms): Min: 0.0, Avg: 0.0, Max: 0.0, Diff: 0.0, Sum: 0.0]
      [Object Copy (ms): Min: 8.7, Avg: 8.7, Max: 8.7, Diff: 0.0, Sum: 17.3]
      [Termination (ms): Min: 0.0, Avg: 0.0, Max: 0.0, Diff: 0.0, Sum: 0.0]
         [Termination Attempts: Min: 1, Avg: 1.0, Max: 1, Diff: 0, Sum: 2]
      [GC Worker Other (ms): Min: 0.0, Avg: 0.0, Max: 0.0, Diff: 0.0, Sum: 0.0]
      [GC Worker Total (ms): Min: 9.3, Avg: 9.3, Max: 9.4, Diff: 0.0, Sum: 18.7]
      [GC Worker End (ms): Min: 547286.9, Avg: 547286.9, Max: 547286.9, Diff: 0.0]
   [Code Root Fixup: 0.0 ms]
   [Code Root Purge: 0.0 ms]
   [Clear CT: 0.1 ms]
   [Other: 0.4 ms]
      [Choose CSet: 0.0 ms]
      [Ref Proc: 0.1 ms]
      [Ref Enq: 0.0 ms]
      [Redirty Cards: 0.0 ms]
      [Humongous Register: 0.0 ms]
      [Humongous Reclaim: 0.0 ms]
      [Free CSet: 0.1 ms]
   [Eden: 259.0M(259.0M)->0.0B(261.0M) Survivors: 11264.0K->10240.0K Heap: 405.9M(472.0M)->145.4M(472.0M)]
 [Times: user=0.02 sys=0.00, real=0.01 secs] 
2024-07-06T11:33:13.515+0800: 547.681: [GC pause (G1 Evacuation Pause) (young), 0.0168574 secs]
   [Parallel Time: 16.3 ms, GC Workers: 2]
      [GC Worker Start (ms): Min: 547680.9, Avg: 547680.9, Max: 547680.9, Diff: 0.0]
      [Ext Root Scanning (ms): Min: 0.5, Avg: 0.5, Max: 0.6, Diff: 0.0, Sum: 1.1]
      [Update RS (ms): Min: 0.0, Avg: 0.0, Max: 0.0, Diff: 0.0, Sum: 0.0]
         [Processed Buffers: Min: 1, Avg: 2.5, Max: 4, Diff: 3, Sum: 5]
      [Scan RS (ms): Min: 0.1, Avg: 0.1, Max: 0.1, Diff: 0.0, Sum: 0.1]
      [Code Root Scanning (ms): Min: 0.0, Avg: 0.0, Max: 0.0, Diff: 0.0, Sum: 0.0]
      [Object Copy (ms): Min: 15.6, Avg: 15.6, Max: 15.6, Diff: 0.0, Sum: 31.1]
      [Termination (ms): Min: 0.0, Avg: 0.0, Max: 0.0, Diff: 0.0, Sum: 0.0]
         [Termination Attempts: Min: 1, Avg: 1.0, Max: 1, Diff: 0, Sum: 2]
      [GC Worker Other (ms): Min: 0.0, Avg: 0.0, Max: 0.0, Diff: 0.0, Sum: 0.0]
      [GC Worker Total (ms): Min: 16.2, Avg: 16.2, Max: 16.2, Diff: 0.0, Sum: 32.5]
      [GC Worker End (ms): Min: 547697.1, Avg: 547697.1, Max: 547697.1, Diff: 0.0]
   [Code Root Fixup: 0.0 ms]
   [Code Root Purge: 0.0 ms]
   [Clear CT: 0.2 ms]
   [Other: 0.4 ms]
      [Choose CSet: 0.0 ms]
      [Ref Proc: 0.1 ms]
      [Ref Enq: 0.0 ms]
      [Redirty Cards: 0.0 ms]
      [Humongous Register: 0.0 ms]
      [Humongous Reclaim: 0.0 ms]
      [Free CSet: 0.1 ms]
   [Eden: 261.0M(261.0M)->0.0B(252.0M) Survivors: 10240.0K->17408.0K Heap: 406.4M(472.0M)->152.4M(472.0M)]
 [Times: user=0.03 sys=0.00, real=0.02 secs] 
2024-07-06T11:33:13.965+0800: 548.131: [GC pause (G1 Evacuation Pause) (young), 0.0119443 secs]
   [Parallel Time: 11.4 ms, GC Workers: 2]
      [GC Worker Start (ms): Min: 548131.4, Avg: 548131.4, Max: 548131.4, Diff: 0.0]
      [Ext Root Scanning (ms): Min: 0.5, Avg: 0.5, Max: 0.5, Diff: 0.0, Sum: 1.0]
      [Update RS (ms): Min: 0.0, Avg: 0.1, Max: 0.1, Diff: 0.0, Sum: 0.1]
         [Processed Buffers: Min: 2, Avg: 2.5, Max: 3, Diff: 1, Sum: 5]
      [Scan RS (ms): Min: 0.1, Avg: 0.1, Max: 0.1, Diff: 0.0, Sum: 0.1]
      [Code Root Scanning (ms): Min: 0.0, Avg: 0.0, Max: 0.0, Diff: 0.0, Sum: 0.0]
      [Object Copy (ms): Min: 10.7, Avg: 10.7, Max: 10.7, Diff: 0.0, Sum: 21.5]
      [Termination (ms): Min: 0.0, Avg: 0.0, Max: 0.0, Diff: 0.0, Sum: 0.0]
         [Termination Attempts: Min: 1, Avg: 1.0, Max: 1, Diff: 0, Sum: 2]
      [GC Worker Other (ms): Min: 0.0, Avg: 0.0, Max: 0.0, Diff: 0.0, Sum: 0.0]
      [GC Worker Total (ms): Min: 11.4, Avg: 11.4, Max: 11.4, Diff: 0.0, Sum: 22.8]
      [GC Worker End (ms): Min: 548142.8, Avg: 548142.8, Max: 548142.8, Diff: 0.0]
   [Code Root Fixup: 0.0 ms]
   [Code Root Purge: 0.0 ms]
   [Clear CT: 0.1 ms]
   [Other: 0.4 ms]
      [Choose CSet: 0.0 ms]
      [Ref Proc: 0.1 ms]
      [Ref Enq: 0.0 ms]
      [Redirty Cards: 0.1 ms]
      [Humongous Register: 0.0 ms]
      [Humongous Reclaim: 0.0 ms]
      [Free CSet: 0.1 ms]
   [Eden: 252.0M(252.0M)->0.0B(260.0M) Survivors: 17408.0K->10240.0K Heap: 404.4M(472.0M)->145.9M(472.0M)]
 [Times: user=0.02 sys=0.00, real=0.02 secs] 
2024-07-06T11:33:14.403+0800: 548.569: [GC pause (G1 Evacuation Pause) (young), 0.0112209 secs]
   [Parallel Time: 10.7 ms, GC Workers: 2]
      [GC Worker Start (ms): Min: 548568.9, Avg: 548568.9, Max: 548569.0, Diff: 0.0]
      [Ext Root Scanning (ms): Min: 0.5, Avg: 0.5, Max: 0.5, Diff: 0.0, Sum: 1.0]
      [Update RS (ms): Min: 0.0, Avg: 0.0, Max: 0.1, Diff: 0.0, Sum: 0.1]
         [Processed Buffers: Min: 1, Avg: 2.5, Max: 4, Diff: 3, Sum: 5]
      [Scan RS (ms): Min: 0.1, Avg: 0.1, Max: 0.1, Diff: 0.0, Sum: 0.2]
      [Code Root Scanning (ms): Min: 0.0, Avg: 0.0, Max: 0.0, Diff: 0.0, Sum: 0.0]
      [Object Copy (ms): Min: 9.9, Avg: 9.9, Max: 10.0, Diff: 0.0, Sum: 19.9]
      [Termination (ms): Min: 0.0, Avg: 0.0, Max: 0.0, Diff: 0.0, Sum: 0.0]
         [Termination Attempts: Min: 1, Avg: 1.0, Max: 1, Diff: 0, Sum: 2]
      [GC Worker Other (ms): Min: 0.0, Avg: 0.0, Max: 0.0, Diff: 0.0, Sum: 0.0]
      [GC Worker Total (ms): Min: 10.6, Avg: 10.6, Max: 10.6, Diff: 0.0, Sum: 21.2]
      [GC Worker End (ms): Min: 548579.5, Avg: 548579.5, Max: 548579.5, Diff: 0.0]
   [Code Root Fixup: 0.0 ms]
   [Code Root Purge: 0.0 ms]
   [Clear CT: 0.1 ms]
   [Other: 0.4 ms]
      [Choose CSet: 0.0 ms]
      [Ref Proc: 0.1 ms]
      [Ref Enq: 0.0 ms]
      [Redirty Cards: 0.0 ms]
      [Humongous Register: 0.0 ms]
      [Humongous Reclaim: 0.0 ms]
      [Free CSet: 0.2 ms]
   [Eden: 260.0M(260.0M)->0.0B(260.0M) Survivors: 10240.0K->11264.0K Heap: 405.9M(472.0M)->146.4M(472.0M)]
 [Times: user=0.02 sys=0.00, real=0.01 secs] 
2024-07-06T11:33:14.851+0800: 549.017: [GC pause (G1 Evacuation Pause) (young), 0.0170616 secs]
   [Parallel Time: 16.5 ms, GC Workers: 2]
      [GC Worker Start (ms): Min: 549016.8, Avg: 549016.8, Max: 549016.8, Diff: 0.0]
      [Ext Root Scanning (ms): Min: 0.5, Avg: 0.5, Max: 0.5, Diff: 0.0, Sum: 1.1]
      [Update RS (ms): Min: 0.0, Avg: 0.0, Max: 0.0, Diff: 0.0, Sum: 0.0]
         [Processed Buffers: Min: 1, Avg: 2.5, Max: 4, Diff: 3, Sum: 5]
      [Scan RS (ms): Min: 0.1, Avg: 0.1, Max: 0.1, Diff: 0.0, Sum: 0.2]
      [Code Root Scanning (ms): Min: 0.0, Avg: 0.0, Max: 0.0, Diff: 0.0, Sum: 0.0]
      [Object Copy (ms): Min: 15.8, Avg: 15.8, Max: 15.8, Diff: 0.0, Sum: 31.6]
      [Termination (ms): Min: 0.0, Avg: 0.0, Max: 0.0, Diff: 0.0, Sum: 0.0]
         [Termination Attempts: Min: 1, Avg: 1.0, Max: 1, Diff: 0, Sum: 2]
      [GC Worker Other (ms): Min: 0.0, Avg: 0.0, Max: 0.0, Diff: 0.0, Sum: 0.1]
      [GC Worker Total (ms): Min: 16.5, Avg: 16.5, Max: 16.5, Diff: 0.0, Sum: 33.0]
      [GC Worker End (ms): Min: 549033.3, Avg: 549033.3, Max: 549033.3, Diff: 0.0]
   [Code Root Fixup: 0.0 ms]
   [Code Root Purge: 0.0 ms]
   [Clear CT: 0.1 ms]
   [Other: 0.4 ms]
      [Choose CSet: 0.0 ms]
      [Ref Proc: 0.1 ms]
      [Ref Enq: 0.0 ms]
      [Redirty Cards: 0.1 ms]
      [Humongous Register: 0.0 ms]
      [Humongous Reclaim: 0.0 ms]
      [Free CSet: 0.1 ms]
   [Eden: 260.0M(260.0M)->0.0B(254.0M) Survivors: 11264.0K->16384.0K Heap: 406.4M(472.0M)->151.9M(472.0M)]
 [Times: user=0.04 sys=0.00, real=0.02 secs] 
2024-07-06T11:33:15.315+0800: 549.481: [GC pause (G1 Evacuation Pause) (young), 0.0092929 secs]
   [Parallel Time: 8.8 ms, GC Workers: 2]
      [GC Worker Start (ms): Min: 549481.6, Avg: 549481.6, Max: 549481.6, Diff: 0.0]
      [Ext Root Scanning (ms): Min: 0.5, Avg: 0.5, Max: 0.6, Diff: 0.0, Sum: 1.1]
      [Update RS (ms): Min: 0.0, Avg: 0.0, Max: 0.0, Diff: 0.0, Sum: 0.1]
         [Processed Buffers: Min: 2, Avg: 2.5, Max: 3, Diff: 1, Sum: 5]
      [Scan RS (ms): Min: 0.1, Avg: 0.1, Max: 0.1, Diff: 0.0, Sum: 0.2]
      [Code Root Scanning (ms): Min: 0.0, Avg: 0.0, Max: 0.0, Diff: 0.0, Sum: 0.0]
      [Object Copy (ms): Min: 8.0, Avg: 8.0, Max: 8.0, Diff: 0.0, Sum: 16.1]
      [Termination (ms): Min: 0.0, Avg: 0.0, Max: 0.0, Diff: 0.0, Sum: 0.0]
         [Termination Attempts: Min: 1, Avg: 1.0, Max: 1, Diff: 0, Sum: 2]
      [GC Worker Other (ms): Min: 0.0, Avg: 0.0, Max: 0.0, Diff: 0.0, Sum: 0.0]
      [GC Worker Total (ms): Min: 8.7, Avg: 8.7, Max: 8.7, Diff: 0.0, Sum: 17.4]
      [GC Worker End (ms): Min: 549490.3, Avg: 549490.3, Max: 549490.3, Diff: 0.0]
   [Code Root Fixup: 0.0 ms]
   [Code Root Purge: 0.0 ms]
   [Clear CT: 0.1 ms]
   [Other: 0.4 ms]
      [Choose CSet: 0.0 ms]
      [Ref Proc: 0.1 ms]
      [Ref Enq: 0.0 ms]
      [Redirty Cards: 0.0 ms]
      [Humongous Register: 0.0 ms]
      [Humongous Reclaim: 0.0 ms]
      [Free CSet: 0.1 ms]
   [Eden: 254.0M(254.0M)->0.0B(263.0M) Survivors: 16384.0K->8192.0K Heap: 405.9M(472.0M)->143.4M(472.0M)]
 [Times: user=0.02 sys=0.00, real=0.00 secs] 
2024-07-06T11:33:15.745+0800: 549.911: [GC pause (G1 Evacuation Pause) (young), 0.0115107 secs]
   [Parallel Time: 11.0 ms, GC Workers: 2]
      [GC Worker Start (ms): Min: 549910.8, Avg: 549910.8, Max: 549910.9, Diff: 0.0]
      [Ext Root Scanning (ms): Min: 0.5, Avg: 0.5, Max: 0.5, Diff: 0.0, Sum: 1.0]
      [Update RS (ms): Min: 0.0, Avg: 0.0, Max: 0.0, Diff: 0.0, Sum: 0.0]
         [Processed Buffers: Min: 2, Avg: 2.5, Max: 3, Diff: 1, Sum: 5]
      [Scan RS (ms): Min: 0.1, Avg: 0.1, Max: 0.1, Diff: 0.0, Sum: 0.1]
      [Code Root Scanning (ms): Min: 0.0, Avg: 0.0, Max: 0.0, Diff: 0.0, Sum: 0.0]
      [Object Copy (ms): Min: 10.3, Avg: 10.3, Max: 10.3, Diff: 0.0, Sum: 20.6]
      [Termination (ms): Min: 0.0, Avg: 0.0, Max: 0.0, Diff: 0.0, Sum: 0.0]
         [Termination Attempts: Min: 1, Avg: 1.0, Max: 1, Diff: 0, Sum: 2]
      [GC Worker Other (ms): Min: 0.0, Avg: 0.0, Max: 0.0, Diff: 0.0, Sum: 0.0]
      [GC Worker Total (ms): Min: 10.9, Avg: 10.9, Max: 10.9, Diff: 0.0, Sum: 21.9]
      [GC Worker End (ms): Min: 549921.8, Avg: 549921.8, Max: 549921.8, Diff: 0.0]
   [Code Root Fixup: 0.0 ms]
   [Code Root Purge: 0.0 ms]
   [Clear CT: 0.1 ms]
   [Other: 0.4 ms]
      [Choose CSet: 0.0 ms]
      [Ref Proc: 0.1 ms]
      [Ref Enq: 0.0 ms]
      [Redirty Cards: 0.0 ms]
      [Humongous Register: 0.0 ms]
      [Humongous Reclaim: 0.0 ms]
      [Free CSet: 0.1 ms]
   [Eden: 263.0M(263.0M)->0.0B(261.0M) Survivors: 8192.0K->11264.0K Heap: 406.4M(472.0M)->146.4M(472.0M)]
 [Times: user=0.02 sys=0.00, real=0.02 secs] 
2024-07-06T11:33:16.150+0800: 550.316: [GC pause (G1 Evacuation Pause) (young), 0.0192985 secs]
   [Parallel Time: 18.8 ms, GC Workers: 2]
      [GC Worker Start (ms): Min: 550316.3, Avg: 550316.3, Max: 550316.3, Diff: 0.0]
      [Ext Root Scanning (ms): Min: 0.5, Avg: 0.5, Max: 0.6, Diff: 0.0, Sum: 1.1]
      [Update RS (ms): Min: 0.0, Avg: 0.0, Max: 0.0, Diff: 0.0, Sum: 0.1]
         [Processed Buffers: Min: 2, Avg: 2.5, Max: 3, Diff: 1, Sum: 5]
      [Scan RS (ms): Min: 0.1, Avg: 0.1, Max: 0.1, Diff: 0.0, Sum: 0.2]
      [Code Root Scanning (ms): Min: 0.0, Avg: 0.0, Max: 0.0, Diff: 0.0, Sum: 0.0]
      [Object Copy (ms): Min: 18.1, Avg: 18.1, Max: 18.1, Diff: 0.1, Sum: 36.2]
      [Termination (ms): Min: 0.0, Avg: 0.0, Max: 0.0, Diff: 0.0, Sum: 0.0]
         [Termination Attempts: Min: 1, Avg: 1.0, Max: 1, Diff: 0, Sum: 2]
      [GC Worker Other (ms): Min: 0.0, Avg: 0.0, Max: 0.0, Diff: 0.0, Sum: 0.1]
      [GC Worker Total (ms): Min: 18.8, Avg: 18.8, Max: 18.8, Diff: 0.0, Sum: 37.5]
      [GC Worker End (ms): Min: 550335.0, Avg: 550335.0, Max: 550335.0, Diff: 0.0]
   [Code Root Fixup: 0.0 ms]
   [Code Root Purge: 0.0 ms]
   [Clear CT: 0.1 ms]
   [Other: 0.4 ms]
      [Choose CSet: 0.0 ms]
      [Ref Proc: 0.1 ms]
      [Ref Enq: 0.0 ms]
      [Redirty Cards: 0.0 ms]
      [Humongous Register: 0.0 ms]
      [Humongous Reclaim: 0.0 ms]
      [Free CSet: 0.1 ms]
   [Eden: 261.0M(261.0M)->0.0B(248.0M) Survivors: 11264.0K->19456.0K Heap: 407.4M(472.0M)->154.4M(472.0M)]
 [Times: user=0.04 sys=0.00, real=0.02 secs] 
2024-07-06T11:33:16.615+0800: 550.781: [GC pause (G1 Evacuation Pause) (young), 0.0117815 secs]
   [Parallel Time: 11.2 ms, GC Workers: 2]
      [GC Worker Start (ms): Min: 550781.5, Avg: 550781.5, Max: 550781.6, Diff: 0.0]
      [Ext Root Scanning (ms): Min: 0.5, Avg: 0.5, Max: 0.5, Diff: 0.0, Sum: 1.0]
      [Update RS (ms): Min: 0.0, Avg: 0.0, Max: 0.0, Diff: 0.0, Sum: 0.1]
         [Processed Buffers: Min: 2, Avg: 2.5, Max: 3, Diff: 1, Sum: 5]
      [Scan RS (ms): Min: 0.1, Avg: 0.1, Max: 0.1, Diff: 0.0, Sum: 0.1]
      [Code Root Scanning (ms): Min: 0.0, Avg: 0.0, Max: 0.0, Diff: 0.0, Sum: 0.0]
      [Object Copy (ms): Min: 10.5, Avg: 10.6, Max: 10.6, Diff: 0.0, Sum: 21.1]
      [Termination (ms): Min: 0.0, Avg: 0.0, Max: 0.0, Diff: 0.0, Sum: 0.0]
         [Termination Attempts: Min: 1, Avg: 1.0, Max: 1, Diff: 0, Sum: 2]
      [GC Worker Other (ms): Min: 0.0, Avg: 0.0, Max: 0.0, Diff: 0.0, Sum: 0.0]
      [GC Worker Total (ms): Min: 11.2, Avg: 11.2, Max: 11.2, Diff: 0.0, Sum: 22.4]
      [GC Worker End (ms): Min: 550792.7, Avg: 550792.7, Max: 550792.7, Diff: 0.0]
   [Code Root Fixup: 0.0 ms]
   [Code Root Purge: 0.0 ms]
   [Clear CT: 0.1 ms]
   [Other: 0.4 ms]
      [Choose CSet: 0.0 ms]
      [Ref Proc: 0.1 ms]
      [Ref Enq: 0.0 ms]
      [Redirty Cards: 0.0 ms]
      [Humongous Register: 0.0 ms]
      [Humongous Reclaim: 0.0 ms]
      [Free CSet: 0.1 ms]
   [Eden: 248.0M(248.0M)->0.0B(260.0M) Survivors: 19456.0K->10240.0K Heap: 402.4M(472.0M)->145.9M(472.0M)]
 [Times: user=0.02 sys=0.00, real=0.01 secs] 
2024-07-06T11:33:17.071+0800: 551.237: [GC pause (G1 Evacuation Pause) (young), 0.0126763 secs]
   [Parallel Time: 12.1 ms, GC Workers: 2]
      [GC Worker Start (ms): Min: 551237.6, Avg: 551237.6, Max: 551237.6, Diff: 0.0]
      [Ext Root Scanning (ms): Min: 0.5, Avg: 0.5, Max: 0.5, Diff: 0.0, Sum: 1.1]
      [Update RS (ms): Min: 0.0, Avg: 0.0, Max: 0.0, Diff: 0.0, Sum: 0.1]
         [Processed Buffers: Min: 1, Avg: 2.5, Max: 4, Diff: 3, Sum: 5]
      [Scan RS (ms): Min: 0.1, Avg: 0.1, Max: 0.1, Diff: 0.0, Sum: 0.2]
      [Code Root Scanning (ms): Min: 0.0, Avg: 0.0, Max: 0.0, Diff: 0.0, Sum: 0.0]
      [Object Copy (ms): Min: 11.4, Avg: 11.4, Max: 11.4, Diff: 0.0, Sum: 22.8]
      [Termination (ms): Min: 0.0, Avg: 0.0, Max: 0.0, Diff: 0.0, Sum: 0.0]
         [Termination Attempts: Min: 1, Avg: 1.0, Max: 1, Diff: 0, Sum: 2]
      [GC Worker Other (ms): Min: 0.0, Avg: 0.0, Max: 0.0, Diff: 0.0, Sum: 0.0]
      [GC Worker Total (ms): Min: 12.1, Avg: 12.1, Max: 12.1, Diff: 0.0, Sum: 24.1]
      [GC Worker End (ms): Min: 551249.7, Avg: 551249.7, Max: 551249.7, Diff: 0.0]
   [Code Root Fixup: 0.0 ms]
   [Code Root Purge: 0.0 ms]
   [Clear CT: 0.1 ms]
   [Other: 0.4 ms]
      [Choose CSet: 0.0 ms]
      [Ref Proc: 0.1 ms]
      [Ref Enq: 0.0 ms]
      [Redirty Cards: 0.0 ms]
      [Humongous Register: 0.0 ms]
      [Humongous Reclaim: 0.0 ms]
      [Free CSet: 0.2 ms]
   [Eden: 260.0M(260.0M)->0.0B(259.0M) Survivors: 10240.0K->12288.0K Heap: 405.9M(472.0M)->147.4M(472.0M)]
 [Times: user=0.02 sys=0.00, real=0.01 secs] 
2024-07-06T11:33:17.500+0800: 551.666: [GC pause (G1 Evacuation Pause) (young), 0.0153889 secs]
   [Parallel Time: 14.9 ms, GC Workers: 2]
      [GC Worker Start (ms): Min: 551666.0, Avg: 551666.0, Max: 551666.0, Diff: 0.0]
      [Ext Root Scanning (ms): Min: 0.5, Avg: 0.6, Max: 0.6, Diff: 0.0, Sum: 1.1]
      [Update RS (ms): Min: 0.0, Avg: 0.0, Max: 0.0, Diff: 0.0, Sum: 0.0]
         [Processed Buffers: Min: 1, Avg: 2.5, Max: 4, Diff: 3, Sum: 5]
      [Scan RS (ms): Min: 0.1, Avg: 0.1, Max: 0.1, Diff: 0.0, Sum: 0.2]
      [Code Root Scanning (ms): Min: 0.0, Avg: 0.0, Max: 0.0, Diff: 0.0, Sum: 0.0]
      [Object Copy (ms): Min: 14.1, Avg: 14.1, Max: 14.1, Diff: 0.0, Sum: 28.2]
      [Termination (ms): Min: 0.0, Avg: 0.0, Max: 0.0, Diff: 0.0, Sum: 0.0]
         [Termination Attempts: Min: 1, Avg: 4.0, Max: 7, Diff: 6, Sum: 8]
      [GC Worker Other (ms): Min: 0.0, Avg: 0.0, Max: 0.0, Diff: 0.0, Sum: 0.0]
      [GC Worker Total (ms): Min: 14.8, Avg: 14.8, Max: 14.8, Diff: 0.0, Sum: 29.5]
      [GC Worker End (ms): Min: 551680.8, Avg: 551680.8, Max: 551680.8, Diff: 0.0]
   [Code Root Fixup: 0.0 ms]
   [Code Root Purge: 0.0 ms]
   [Clear CT: 0.1 ms]
   [Other: 0.4 ms]
      [Choose CSet: 0.0 ms]
      [Ref Proc: 0.1 ms]
      [Ref Enq: 0.0 ms]
      [Redirty Cards: 0.0 ms]
      [Humongous Register: 0.0 ms]
      [Humongous Reclaim: 0.0 ms]
      [Free CSet: 0.1 ms]
   [Eden: 259.0M(259.0M)->0.0B(256.0M) Survivors: 12288.0K->14336.0K Heap: 406.4M(472.0M)->149.9M(472.0M)]
 [Times: user=0.03 sys=0.00, real=0.02 secs] 
2024-07-06T11:33:17.991+0800: 552.157: [GC pause (G1 Evacuation Pause) (young), 0.0132005 secs]
   [Parallel Time: 12.6 ms, GC Workers: 2]
      [GC Worker Start (ms): Min: 552156.9, Avg: 552156.9, Max: 552156.9, Diff: 0.0]
      [Ext Root Scanning (ms): Min: 0.6, Avg: 0.6, Max: 0.6, Diff: 0.0, Sum: 1.2]
      [Update RS (ms): Min: 0.0, Avg: 0.0, Max: 0.1, Diff: 0.0, Sum: 0.1]
         [Processed Buffers: Min: 0, Avg: 2.5, Max: 5, Diff: 5, Sum: 5]
      [Scan RS (ms): Min: 0.1, Avg: 0.1, Max: 0.1, Diff: 0.0, Sum: 0.2]
      [Code Root Scanning (ms): Min: 0.0, Avg: 0.0, Max: 0.0, Diff: 0.0, Sum: 0.0]
      [Object Copy (ms): Min: 11.8, Avg: 11.8, Max: 11.8, Diff: 0.0, Sum: 23.6]
      [Termination (ms): Min: 0.0, Avg: 0.0, Max: 0.0, Diff: 0.0, Sum: 0.0]
         [Termination Attempts: Min: 2, Avg: 2.0, Max: 2, Diff: 0, Sum: 4]
      [GC Worker Other (ms): Min: 0.0, Avg: 0.0, Max: 0.0, Diff: 0.0, Sum: 0.0]
      [GC Worker Total (ms): Min: 12.5, Avg: 12.6, Max: 12.6, Diff: 0.0, Sum: 25.1]
      [GC Worker End (ms): Min: 552169.5, Avg: 552169.5, Max: 552169.5, Diff: 0.0]
   [Code Root Fixup: 0.0 ms]
   [Code Root Purge: 0.0 ms]
   [Clear CT: 0.1 ms]
   [Other: 0.5 ms]
      [Choose CSet: 0.0 ms]
      [Ref Proc: 0.1 ms]
      [Ref Enq: 0.0 ms]
      [Redirty Cards: 0.1 ms]
      [Humongous Register: 0.0 ms]
      [Humongous Reclaim: 0.0 ms]
      [Free CSet: 0.1 ms]
   [Eden: 256.0M(256.0M)->0.0B(260.0M) Survivors: 14336.0K->11264.0K Heap: 405.9M(472.0M)->146.4M(472.0M)]
 [Times: user=0.03 sys=0.00, real=0.01 secs] 
2024-07-06T11:33:18.481+0800: 552.647: [GC pause (G1 Evacuation Pause) (young), 0.0167961 secs]
   [Parallel Time: 16.1 ms, GC Workers: 2]
      [GC Worker Start (ms): Min: 552647.6, Avg: 552647.6, Max: 552647.6, Diff: 0.0]
      [Ext Root Scanning (ms): Min: 0.7, Avg: 0.7, Max: 0.7, Diff: 0.0, Sum: 1.3]
      [Update RS (ms): Min: 0.0, Avg: 0.0, Max: 0.0, Diff: 0.0, Sum: 0.1]
         [Processed Buffers: Min: 2, Avg: 2.5, Max: 3, Diff: 1, Sum: 5]
      [Scan RS (ms): Min: 0.1, Avg: 0.1, Max: 0.1, Diff: 0.0, Sum: 0.2]
      [Code Root Scanning (ms): Min: 0.0, Avg: 0.0, Max: 0.0, Diff: 0.0, Sum: 0.0]
      [Object Copy (ms): Min: 15.3, Avg: 15.3, Max: 15.3, Diff: 0.0, Sum: 30.6]
      [Termination (ms): Min: 0.0, Avg: 0.0, Max: 0.0, Diff: 0.0, Sum: 0.0]
         [Termination Attempts: Min: 1, Avg: 1.0, Max: 1, Diff: 0, Sum: 2]
      [GC Worker Other (ms): Min: 0.0, Avg: 0.0, Max: 0.0, Diff: 0.0, Sum: 0.0]
      [GC Worker Total (ms): Min: 16.1, Avg: 16.1, Max: 16.1, Diff: 0.0, Sum: 32.2]
      [GC Worker End (ms): Min: 552663.7, Avg: 552663.7, Max: 552663.7, Diff: 0.0]
   [Code Root Fixup: 0.0 ms]
   [Code Root Purge: 0.0 ms]
   [Clear CT: 0.1 ms]
   [Other: 0.5 ms]
      [Choose CSet: 0.0 ms]
      [Ref Proc: 0.1 ms]
      [Ref Enq: 0.0 ms]
      [Redirty Cards: 0.1 ms]
      [Humongous Register: 0.0 ms]
      [Humongous Reclaim: 0.0 ms]
      [Free CSet: 0.2 ms]
   [Eden: 260.0M(260.0M)->0.0B(258.0M) Survivors: 11264.0K->13312.0K Heap: 406.4M(472.0M)->148.9M(472.0M)]
 [Times: user=0.03 sys=0.00, real=0.02 secs] 
2024-07-06T11:33:19.041+0800: 553.207: [GC pause (G1 Evacuation Pause) (young), 0.0077987 secs]
   [Parallel Time: 7.2 ms, GC Workers: 2]
      [GC Worker Start (ms): Min: 553207.4, Avg: 553207.4, Max: 553207.4, Diff: 0.0]
      [Ext Root Scanning (ms): Min: 0.5, Avg: 0.5, Max: 0.5, Diff: 0.0, Sum: 1.0]
      [Update RS (ms): Min: 0.0, Avg: 0.0, Max: 0.1, Diff: 0.0, Sum: 0.1]
         [Processed Buffers: Min: 2, Avg: 2.5, Max: 3, Diff: 1, Sum: 5]
      [Scan RS (ms): Min: 0.1, Avg: 0.1, Max: 0.1, Diff: 0.0, Sum: 0.2]
      [Code Root Scanning (ms): Min: 0.0, Avg: 0.0, Max: 0.0, Diff: 0.0, Sum: 0.0]
      [Object Copy (ms): Min: 6.4, Avg: 6.4, Max: 6.5, Diff: 0.0, Sum: 12.9]
      [Termination (ms): Min: 0.0, Avg: 0.0, Max: 0.0, Diff: 0.0, Sum: 0.0]
         [Termination Attempts: Min: 1, Avg: 1.0, Max: 1, Diff: 0, Sum: 2]
      [GC Worker Other (ms): Min: 0.0, Avg: 0.0, Max: 0.0, Diff: 0.0, Sum: 0.0]
      [GC Worker Total (ms): Min: 7.1, Avg: 7.1, Max: 7.1, Diff: 0.0, Sum: 14.2]
      [GC Worker End (ms): Min: 553214.5, Avg: 553214.5, Max: 553214.5, Diff: 0.0]
   [Code Root Fixup: 0.0 ms]
   [Code Root Purge: 0.0 ms]
   [Clear CT: 0.2 ms]
   [Other: 0.4 ms]
      [Choose CSet: 0.0 ms]
      [Ref Proc: 0.1 ms]
      [Ref Enq: 0.0 ms]
      [Redirty Cards: 0.0 ms]
      [Humongous Register: 0.0 ms]
      [Humongous Reclaim: 0.0 ms]
      [Free CSet: 0.2 ms]
   [Eden: 258.0M(258.0M)->0.0B(267.0M) Survivors: 13312.0K->6144.0K Heap: 406.9M(472.0M)->141.9M(472.0M)]
 [Times: user=0.02 sys=0.00, real=0.01 secs] 
2024-07-06T11:33:19.458+0800: 553.624: [GC pause (G1 Evacuation Pause) (young), 0.0222973 secs]
   [Parallel Time: 21.8 ms, GC Workers: 2]
      [GC Worker Start (ms): Min: 553624.3, Avg: 553624.3, Max: 553624.3, Diff: 0.0]
      [Ext Root Scanning (ms): Min: 0.5, Avg: 0.5, Max: 0.6, Diff: 0.0, Sum: 1.1]
      [Update RS (ms): Min: 0.0, Avg: 0.0, Max: 0.0, Diff: 0.0, Sum: 0.0]
         [Processed Buffers: Min: 1, Avg: 2.5, Max: 4, Diff: 3, Sum: 5]
      [Scan RS (ms): Min: 0.1, Avg: 0.1, Max: 0.1, Diff: 0.0, Sum: 0.2]
      [Code Root Scanning (ms): Min: 0.0, Avg: 0.0, Max: 0.0, Diff: 0.0, Sum: 0.0]
      [Object Copy (ms): Min: 20.9, Avg: 20.9, Max: 21.0, Diff: 0.0, Sum: 41.9]
      [Termination (ms): Min: 0.0, Avg: 0.0, Max: 0.0, Diff: 0.0, Sum: 0.0]
         [Termination Attempts: Min: 1, Avg: 1.0, Max: 1, Diff: 0, Sum: 2]
      [GC Worker Other (ms): Min: 0.0, Avg: 0.0, Max: 0.0, Diff: 0.0, Sum: 0.0]
      [GC Worker Total (ms): Min: 21.6, Avg: 21.6, Max: 21.7, Diff: 0.0, Sum: 43.3]
      [GC Worker End (ms): Min: 553646.0, Avg: 553646.0, Max: 553646.0, Diff: 0.0]
   [Code Root Fixup: 0.0 ms]
   [Code Root Purge: 0.0 ms]
   [Clear CT: 0.1 ms]
   [Other: 0.4 ms]
      [Choose CSet: 0.0 ms]
      [Ref Proc: 0.1 ms]
      [Ref Enq: 0.0 ms]
      [Redirty Cards: 0.1 ms]
      [Humongous Register: 0.0 ms]
      [Humongous Reclaim: 0.0 ms]
      [Free CSet: 0.2 ms]
   [Eden: 267.0M(267.0M)->0.0B(246.0M) Survivors: 6144.0K->20480.0K Heap: 408.9M(472.0M)->155.9M(472.0M)]
 [Times: user=0.04 sys=0.00, real=0.02 secs] 
2024-07-06T11:33:19.923+0800: 554.089: [GC pause (G1 Evacuation Pause) (young), 0.0109041 secs]
   [Parallel Time: 10.4 ms, GC Workers: 2]
      [GC Worker Start (ms): Min: 554089.6, Avg: 554089.6, Max: 554089.6, Diff: 0.0]
      [Ext Root Scanning (ms): Min: 0.5, Avg: 0.5, Max: 0.5, Diff: 0.0, Sum: 1.0]
      [Update RS (ms): Min: 0.0, Avg: 0.0, Max: 0.0, Diff: 0.0, Sum: 0.1]
         [Processed Buffers: Min: 3, Avg: 3.0, Max: 3, Diff: 0, Sum: 6]
      [Scan RS (ms): Min: 0.1, Avg: 0.1, Max: 0.1, Diff: 0.0, Sum: 0.1]
      [Code Root Scanning (ms): Min: 0.0, Avg: 0.0, Max: 0.0, Diff: 0.0, Sum: 0.0]
      [Object Copy (ms): Min: 9.6, Avg: 9.6, Max: 9.6, Diff: 0.0, Sum: 19.3]
      [Termination (ms): Min: 0.0, Avg: 0.0, Max: 0.1, Diff: 0.1, Sum: 0.1]
         [Termination Attempts: Min: 1, Avg: 1.0, Max: 1, Diff: 0, Sum: 2]
      [GC Worker Other (ms): Min: 0.0, Avg: 0.0, Max: 0.0, Diff: 0.0, Sum: 0.0]
      [GC Worker Total (ms): Min: 10.3, Avg: 10.3, Max: 10.3, Diff: 0.0, Sum: 20.6]
      [GC Worker End (ms): Min: 554099.8, Avg: 554099.9, Max: 554099.9, Diff: 0.0]
   [Code Root Fixup: 0.0 ms]
   [Code Root Purge: 0.0 ms]
   [Clear CT: 0.1 ms]
   [Other: 0.4 ms]
      [Choose CSet: 0.0 ms]
      [Ref Proc: 0.1 ms]
      [Ref Enq: 0.0 ms]
      [Redirty Cards: 0.0 ms]
      [Humongous Register: 0.0 ms]
      [Humongous Reclaim: 0.0 ms]
      [Free CSet: 0.1 ms]
   [Eden: 246.0M(246.0M)->0.0B(261.0M) Survivors: 20480.0K->10240.0K Heap: 401.9M(472.0M)->145.5M(472.0M)]
 [Times: user=0.03 sys=0.00, real=0.01 secs] 
2024-07-06T11:33:20.327+0800: 554.493: [GC pause (G1 Evacuation Pause) (young), 0.0178231 secs]
   [Parallel Time: 17.2 ms, GC Workers: 2]
      [GC Worker Start (ms): Min: 554493.5, Avg: 554493.5, Max: 554493.6, Diff: 0.0]
      [Ext Root Scanning (ms): Min: 0.5, Avg: 0.5, Max: 0.5, Diff: 0.0, Sum: 1.1]
      [Update RS (ms): Min: 0.0, Avg: 0.0, Max: 0.0, Diff: 0.0, Sum: 0.1]
         [Processed Buffers: Min: 1, Avg: 3.0, Max: 5, Diff: 4, Sum: 6]
      [Scan RS (ms): Min: 0.1, Avg: 0.1, Max: 0.1, Diff: 0.0, Sum: 0.1]
      [Code Root Scanning (ms): Min: 0.0, Avg: 0.0, Max: 0.0, Diff: 0.0, Sum: 0.0]
      [Object Copy (ms): Min: 16.5, Avg: 16.5, Max: 16.5, Diff: 0.0, Sum: 33.1]
      [Termination (ms): Min: 0.0, Avg: 0.0, Max: 0.0, Diff: 0.0, Sum: 0.0]
         [Termination Attempts: Min: 1, Avg: 1.0, Max: 1, Diff: 0, Sum: 2]
      [GC Worker Other (ms): Min: 0.0, Avg: 0.0, Max: 0.0, Diff: 0.0, Sum: 0.0]
      [GC Worker Total (ms): Min: 17.2, Avg: 17.2, Max: 17.2, Diff: 0.0, Sum: 34.3]
      [GC Worker End (ms): Min: 554510.7, Avg: 554510.7, Max: 554510.7, Diff: 0.0]
   [Code Root Fixup: 0.0 ms]
   [Code Root Purge: 0.0 ms]
   [Clear CT: 0.1 ms]
   [Other: 0.4 ms]
      [Choose CSet: 0.0 ms]
      [Ref Proc: 0.1 ms]
      [Ref Enq: 0.0 ms]
      [Redirty Cards: 0.0 ms]
      [Humongous Register: 0.0 ms]
      [Humongous Reclaim: 0.0 ms]
      [Free CSet: 0.2 ms]
   [Eden: 261.0M(261.0M)->0.0B(248.0M) Survivors: 10240.0K->19456.0K Heap: 406.5M(472.0M)->154.5M(472.0M)]
 [Times: user=0.03 sys=0.00, real=0.01 secs] 
2024-07-06T11:33:20.780+0800: 554.946: [GC pause (G1 Evacuation Pause) (young), 0.0145940 secs]
   [Parallel Time: 14.0 ms, GC Workers: 2]
      [GC Worker Start (ms): Min: 554946.3, Avg: 554946.3, Max: 554946.3, Diff: 0.0]
      [Ext Root Scanning (ms): Min: 0.5, Avg: 0.5, Max: 0.5, Diff: 0.0, Sum: 1.0]
      [Update RS (ms): Min: 0.0, Avg: 0.0, Max: 0.0, Diff: 0.0, Sum: 0.1]
         [Processed Buffers: Min: 2, Avg: 2.5, Max: 3, Diff: 1, Sum: 5]
      [Scan RS (ms): Min: 0.1, Avg: 0.1, Max: 0.1, Diff: 0.0, Sum: 0.1]
      [Code Root Scanning (ms): Min: 0.0, Avg: 0.0, Max: 0.0, Diff: 0.0, Sum: 0.0]
      [Object Copy (ms): Min: 13.3, Avg: 13.3, Max: 13.3, Diff: 0.0, Sum: 26.6]
      [Termination (ms): Min: 0.0, Avg: 0.0, Max: 0.0, Diff: 0.0, Sum: 0.0]
         [Termination Attempts: Min: 1, Avg: 1.0, Max: 1, Diff: 0, Sum: 2]
      [GC Worker Other (ms): Min: 0.0, Avg: 0.0, Max: 0.0, Diff: 0.0, Sum: 0.0]
      [GC Worker Total (ms): Min: 13.9, Avg: 14.0, Max: 14.0, Diff: 0.0, Sum: 27.9]
      [GC Worker End (ms): Min: 554960.2, Avg: 554960.2, Max: 554960.2, Diff: 0.0]
   [Code Root Fixup: 0.0 ms]
   [Code Root Purge: 0.0 ms]
   [Clear CT: 0.1 ms]
   [Other: 0.4 ms]
      [Choose CSet: 0.0 ms]
      [Ref Proc: 0.1 ms]
      [Ref Enq: 0.0 ms]
      [Redirty Cards: 0.1 ms]
      [Humongous Register: 0.0 ms]
      [Humongous Reclaim: 0.0 ms]
      [Free CSet: 0.2 ms]
   [Eden: 248.0M(248.0M)->0.0B(256.0M) Survivors: 19456.0K->13312.0K Heap: 402.5M(472.0M)->148.5M(472.0M)]
 [Times: user=0.03 sys=0.00, real=0.01 secs] 
2024-07-06T11:33:21.231+0800: 555.397: [GC pause (G1 Evacuation Pause) (young), 0.0181933 secs]
   [Parallel Time: 17.7 ms, GC Workers: 2]
      [GC Worker Start (ms): Min: 555397.6, Avg: 555397.6, Max: 555397.6, Diff: 0.0]
      [Ext Root Scanning (ms): Min: 0.5, Avg: 0.5, Max: 0.5, Diff: 0.0, Sum: 1.0]
      [Update RS (ms): Min: 0.0, Avg: 0.0, Max: 0.0, Diff: 0.0, Sum: 0.1]
         [Processed Buffers: Min: 2, Avg: 3.0, Max: 4, Diff: 2, Sum: 6]
      [Scan RS (ms): Min: 0.1, Avg: 0.1, Max: 0.1, Diff: 0.0, Sum: 0.2]
      [Code Root Scanning (ms): Min: 0.0, Avg: 0.0, Max: 0.0, Diff: 0.0, Sum: 0.0]
      [Object Copy (ms): Min: 17.0, Avg: 17.0, Max: 17.0, Diff: 0.0, Sum: 34.0]
      [Termination (ms): Min: 0.0, Avg: 0.0, Max: 0.0, Diff: 0.0, Sum: 0.0]
         [Termination Attempts: Min: 1, Avg: 1.0, Max: 1, Diff: 0, Sum: 2]
      [GC Worker Other (ms): Min: 0.0, Avg: 0.0, Max: 0.0, Diff: 0.0, Sum: 0.0]
      [GC Worker Total (ms): Min: 17.6, Avg: 17.6, Max: 17.7, Diff: 0.0, Sum: 35.3]
      [GC Worker End (ms): Min: 555415.2, Avg: 555415.2, Max: 555415.2, Diff: 0.0]
   [Code Root Fixup: 0.0 ms]
   [Code Root Purge: 0.0 ms]
   [Clear CT: 0.1 ms]
   [Other: 0.4 ms]
      [Choose CSet: 0.0 ms]
      [Ref Proc: 0.1 ms]
      [Ref Enq: 0.0 ms]
      [Redirty Cards: 0.0 ms]
      [Humongous Register: 0.0 ms]
      [Humongous Reclaim: 0.0 ms]
      [Free CSet: 0.1 ms]
   [Eden: 256.0M(256.0M)->0.0B(256.0M) Survivors: 13312.0K->13312.0K Heap: 404.5M(472.0M)->149.0M(472.0M)]
 [Times: user=0.04 sys=0.00, real=0.02 secs] 
2024-07-06T11:33:21.907+0800: 556.073: [GC pause (G1 Evacuation Pause) (young), 0.0195765 secs]
   [Parallel Time: 19.0 ms, GC Workers: 2]
      [GC Worker Start (ms): Min: 556073.6, Avg: 556073.6, Max: 556073.6, Diff: 0.0]
      [Ext Root Scanning (ms): Min: 0.5, Avg: 0.5, Max: 0.5, Diff: 0.0, Sum: 1.0]
      [Update RS (ms): Min: 0.0, Avg: 0.0, Max: 0.0, Diff: 0.0, Sum: 0.1]
         [Processed Buffers: Min: 2, Avg: 2.5, Max: 3, Diff: 1, Sum: 5]
      [Scan RS (ms): Min: 0.1, Avg: 0.1, Max: 0.1, Diff: 0.0, Sum: 0.2]
      [Code Root Scanning (ms): Min: 0.0, Avg: 0.0, Max: 0.0, Diff: 0.0, Sum: 0.0]
      [Object Copy (ms): Min: 18.3, Avg: 18.3, Max: 18.3, Diff: 0.0, Sum: 36.5]
      [Termination (ms): Min: 0.0, Avg: 0.0, Max: 0.0, Diff: 0.0, Sum: 0.0]
         [Termination Attempts: Min: 1, Avg: 1.0, Max: 1, Diff: 0, Sum: 2]
      [GC Worker Other (ms): Min: 0.0, Avg: 0.0, Max: 0.0, Diff: 0.0, Sum: 0.0]
      [GC Worker Total (ms): Min: 18.9, Avg: 18.9, Max: 18.9, Diff: 0.0, Sum: 37.8]
      [GC Worker End (ms): Min: 556092.5, Avg: 556092.5, Max: 556092.5, Diff: 0.0]
   [Code Root Fixup: 0.0 ms]
   [Code Root Purge: 0.0 ms]
   [Clear CT: 0.1 ms]
   [Other: 0.5 ms]
      [Choose CSet: 0.0 ms]
      [Ref Proc: 0.1 ms]
      [Ref Enq: 0.0 ms]
      [Redirty Cards: 0.0 ms]
      [Humongous Register: 0.0 ms]
      [Humongous Reclaim: 0.0 ms]
      [Free CSet: 0.2 ms]
   [Eden: 256.0M(256.0M)->0.0B(256.0M) Survivors: 13312.0K->13312.0K Heap: 405.0M(472.0M)->149.0M(472.0M)]
 [Times: user=0.04 sys=0.00, real=0.01 secs] 
2024-07-06T11:33:22.315+0800: 556.481: [GC pause (G1 Evacuation Pause) (young), 0.0107761 secs]
   [Parallel Time: 10.3 ms, GC Workers: 2]
      [GC Worker Start (ms): Min: 556481.5, Avg: 556481.6, Max: 556481.6, Diff: 0.0]
      [Ext Root Scanning (ms): Min: 0.5, Avg: 0.5, Max: 0.5, Diff: 0.0, Sum: 1.1]
      [Update RS (ms): Min: 0.0, Avg: 0.0, Max: 0.0, Diff: 0.0, Sum: 0.1]
         [Processed Buffers: Min: 2, Avg: 2.5, Max: 3, Diff: 1, Sum: 5]
      [Scan RS (ms): Min: 0.1, Avg: 0.1, Max: 0.1, Diff: 0.0, Sum: 0.1]
      [Code Root Scanning (ms): Min: 0.0, Avg: 0.0, Max: 0.0, Diff: 0.0, Sum: 0.0]
      [Object Copy (ms): Min: 9.6, Avg: 9.6, Max: 9.6, Diff: 0.0, Sum: 19.2]
      [Termination (ms): Min: 0.0, Avg: 0.0, Max: 0.0, Diff: 0.0, Sum: 0.0]
         [Termination Attempts: Min: 1, Avg: 1.0, Max: 1, Diff: 0, Sum: 2]
      [GC Worker Other (ms): Min: 0.0, Avg: 0.0, Max: 0.0, Diff: 0.0, Sum: 0.0]
      [GC Worker Total (ms): Min: 10.2, Avg: 10.2, Max: 10.2, Diff: 0.0, Sum: 20.5]
      [GC Worker End (ms): Min: 556491.8, Avg: 556491.8, Max: 556491.8, Diff: 0.0]
   [Code Root Fixup: 0.0 ms]
   [Code Root Purge: 0.0 ms]
   [Clear CT: 0.1 ms]
   [Other: 0.3 ms]
      [Choose CSet: 0.0 ms]
      [Ref Proc: 0.1 ms]
      [Ref Enq: 0.0 ms]
      [Redirty Cards: 0.0 ms]
      [Humongous Register: 0.0 ms]
      [Humongous Reclaim: 0.0 ms]
      [Free CSet: 0.1 ms]
   [Eden: 256.0M(256.0M)->0.0B(258.0M) Survivors: 13312.0K->12288.0K Heap: 405.0M(472.0M)->147.5M(472.0M)]
 [Times: user=0.02 sys=0.00, real=0.00 secs] 
2024-07-06T11:33:22.775+0800: 556.941: [GC pause (G1 Evacuation Pause) (young), 0.0151101 secs]
   [Parallel Time: 14.5 ms, GC Workers: 2]
      [GC Worker Start (ms): Min: 556941.6, Avg: 556941.6, Max: 556941.6, Diff: 0.0]
      [Ext Root Scanning (ms): Min: 0.5, Avg: 0.5, Max: 0.5, Diff: 0.0, Sum: 1.0]
      [Update RS (ms): Min: 0.0, Avg: 0.0, Max: 0.0, Diff: 0.0, Sum: 0.1]
         [Processed Buffers: Min: 1, Avg: 2.5, Max: 4, Diff: 3, Sum: 5]
      [Scan RS (ms): Min: 0.1, Avg: 0.1, Max: 0.1, Diff: 0.0, Sum: 0.1]
      [Code Root Scanning (ms): Min: 0.0, Avg: 0.0, Max: 0.0, Diff: 0.0, Sum: 0.0]
      [Object Copy (ms): Min: 13.8, Avg: 13.8, Max: 13.8, Diff: 0.0, Sum: 27.5]
      [Termination (ms): Min: 0.0, Avg: 0.0, Max: 0.0, Diff: 0.0, Sum: 0.0]
         [Termination Attempts: Min: 1, Avg: 1.0, Max: 1, Diff: 0, Sum: 2]
      [GC Worker Other (ms): Min: 0.0, Avg: 0.0, Max: 0.0, Diff: 0.0, Sum: 0.0]
      [GC Worker Total (ms): Min: 14.4, Avg: 14.4, Max: 14.4, Diff: 0.0, Sum: 28.8]
      [GC Worker End (ms): Min: 556956.0, Avg: 556956.0, Max: 556956.0, Diff: 0.0]
   [Code Root Fixup: 0.0 ms]
   [Code Root Purge: 0.0 ms]
   [Clear CT: 0.1 ms]
   [Other: 0.5 ms]
      [Choose CSet: 0.0 ms]
      [Ref Proc: 0.2 ms]
      [Ref Enq: 0.0 ms]
      [Redirty Cards: 0.0 ms]
      [Humongous Register: 0.0 ms]
      [Humongous Reclaim: 0.0 ms]
      [Free CSet: 0.2 ms]
   [Eden: 258.0M(258.0M)->0.0B(257.0M) Survivors: 12288.0K->13312.0K Heap: 405.5M(472.0M)->149.0M(472.0M)]
 [Times: user=0.03 sys=0.00, real=0.01 secs] 
2024-07-06T11:33:23.261+0800: 557.427: [GC pause (G1 Evacuation Pause) (young), 0.0160853 secs]
   [Parallel Time: 15.6 ms, GC Workers: 2]
      [GC Worker Start (ms): Min: 557426.9, Avg: 557426.9, Max: 557426.9, Diff: 0.0]
      [Ext Root Scanning (ms): Min: 0.5, Avg: 0.5, Max: 0.5, Diff: 0.0, Sum: 1.1]
      [Update RS (ms): Min: 0.0, Avg: 0.0, Max: 0.0, Diff: 0.0, Sum: 0.1]
         [Processed Buffers: Min: 2, Avg: 2.5, Max: 3, Diff: 1, Sum: 5]
      [Scan RS (ms): Min: 0.1, Avg: 0.1, Max: 0.1, Diff: 0.0, Sum: 0.2]
      [Code Root Scanning (ms): Min: 0.0, Avg: 0.0, Max: 0.0, Diff: 0.0, Sum: 0.0]
      [Object Copy (ms): Min: 14.9, Avg: 14.9, Max: 14.9, Diff: 0.0, Sum: 29.7]
      [Termination (ms): Min: 0.0, Avg: 0.0, Max: 0.0, Diff: 0.0, Sum: 0.0]
         [Termination Attempts: Min: 1, Avg: 1.0, Max: 1, Diff: 0, Sum: 2]
      [GC Worker Other (ms): Min: 0.0, Avg: 0.0, Max: 0.0, Diff: 0.0, Sum: 0.0]
      [GC Worker Total (ms): Min: 15.5, Avg: 15.5, Max: 15.5, Diff: 0.0, Sum: 31.0]
      [GC Worker End (ms): Min: 557442.4, Avg: 557442.4, Max: 557442.4, Diff: 0.0]
   [Code Root Fixup: 0.0 ms]
   [Code Root Purge: 0.0 ms]
   [Clear CT: 0.2 ms]
   [Other: 0.3 ms]
      [Choose CSet: 0.0 ms]
      [Ref Proc: 0.0 ms]
      [Ref Enq: 0.0 ms]
      [Redirty Cards: 0.0 ms]
      [Humongous Register: 0.0 ms]
      [Humongous Reclaim: 0.0 ms]
      [Free CSet: 0.1 ms]
   [Eden: 257.0M(257.0M)->0.0B(256.0M) Survivors: 13312.0K->14336.0K Heap: 406.0M(472.0M)->149.5M(472.0M)]
 [Times: user=0.03 sys=0.00, real=0.02 secs] 
2024-07-06T11:33:23.693+0800: 557.859: [GC pause (G1 Evacuation Pause) (young), 0.0156063 secs]
   [Parallel Time: 15.1 ms, GC Workers: 2]
      [GC Worker Start (ms): Min: 557859.2, Avg: 557859.2, Max: 557859.3, Diff: 0.0]
      [Ext Root Scanning (ms): Min: 0.5, Avg: 0.5, Max: 0.5, Diff: 0.0, Sum: 1.0]
      [Update RS (ms): Min: 0.0, Avg: 0.0, Max: 0.1, Diff: 0.0, Sum: 0.1]
         [Processed Buffers: Min: 1, Avg: 2.5, Max: 4, Diff: 3, Sum: 5]
      [Scan RS (ms): Min: 0.1, Avg: 0.1, Max: 0.1, Diff: 0.0, Sum: 0.1]
      [Code Root Scanning (ms): Min: 0.0, Avg: 0.0, Max: 0.0, Diff: 0.0, Sum: 0.0]
      [Object Copy (ms): Min: 14.4, Avg: 14.4, Max: 14.4, Diff: 0.0, Sum: 28.8]
      [Termination (ms): Min: 0.0, Avg: 0.0, Max: 0.0, Diff: 0.0, Sum: 0.0]
         [Termination Attempts: Min: 1, Avg: 1.0, Max: 1, Diff: 0, Sum: 2]
      [GC Worker Other (ms): Min: 0.0, Avg: 0.0, Max: 0.0, Diff: 0.0, Sum: 0.0]
      [GC Worker Total (ms): Min: 15.0, Avg: 15.0, Max: 15.0, Diff: 0.0, Sum: 30.0]
      [GC Worker End (ms): Min: 557874.2, Avg: 557874.2, Max: 557874.2, Diff: 0.0]
   [Code Root Fixup: 0.0 ms]
   [Code Root Purge: 0.0 ms]
   [Clear CT: 0.1 ms]
   [Other: 0.4 ms]
      [Choose CSet: 0.0 ms]
      [Ref Proc: 0.1 ms]
      [Ref Enq: 0.0 ms]
      [Redirty Cards: 0.0 ms]
      [Humongous Register: 0.0 ms]
      [Humongous Reclaim: 0.0 ms]
      [Free CSet: 0.1 ms]
   [Eden: 256.0M(256.0M)->0.0B(255.0M) Survivors: 14336.0K->14336.0K Heap: 405.5M(472.0M)->150.0M(472.0M)]
 [Times: user=0.04 sys=0.00, real=0.02 secs] 
2024-07-06T11:33:24.102+0800: 558.268: [GC pause (G1 Evacuation Pause) (young), 0.0199198 secs]
   [Parallel Time: 19.2 ms, GC Workers: 2]
      [GC Worker Start (ms): Min: 558268.2, Avg: 558268.2, Max: 558268.2, Diff: 0.0]
      [Ext Root Scanning (ms): Min: 0.5, Avg: 0.5, Max: 0.6, Diff: 0.0, Sum: 1.1]
      [Update RS (ms): Min: 0.0, Avg: 0.0, Max: 0.0, Diff: 0.0, Sum: 0.1]
         [Processed Buffers: Min: 2, Avg: 2.5, Max: 3, Diff: 1, Sum: 5]
      [Scan RS (ms): Min: 0.1, Avg: 0.1, Max: 0.1, Diff: 0.0, Sum: 0.2]
      [Code Root Scanning (ms): Min: 0.0, Avg: 0.0, Max: 0.0, Diff: 0.0, Sum: 0.0]
      [Object Copy (ms): Min: 18.4, Avg: 18.4, Max: 18.4, Diff: 0.0, Sum: 36.8]
      [Termination (ms): Min: 0.0, Avg: 0.0, Max: 0.0, Diff: 0.0, Sum: 0.0]
         [Termination Attempts: Min: 1, Avg: 1.0, Max: 1, Diff: 0, Sum: 2]
      [GC Worker Other (ms): Min: 0.0, Avg: 0.0, Max: 0.0, Diff: 0.0, Sum: 0.0]
      [GC Worker Total (ms): Min: 19.1, Avg: 19.1, Max: 19.1, Diff: 0.0, Sum: 38.2]
      [GC Worker End (ms): Min: 558287.3, Avg: 558287.3, Max: 558287.3, Diff: 0.0]
   [Code Root Fixup: 0.0 ms]
   [Code Root Purge: 0.0 ms]
   [Clear CT: 0.1 ms]
   [Other: 0.6 ms]
      [Choose CSet: 0.0 ms]
      [Ref Proc: 0.1 ms]
      [Ref Enq: 0.0 ms]
      [Redirty Cards: 0.0 ms]
      [Humongous Register: 0.0 ms]
      [Humongous Reclaim: 0.0 ms]
      [Free CSet: 0.2 ms]
   [Eden: 255.0M(255.0M)->0.0B(254.0M) Survivors: 14336.0K->15360.0K Heap: 405.0M(472.0M)->150.5M(472.0M)]
 [Times: user=0.03 sys=0.00, real=0.02 secs] 
2024-07-06T11:33:24.552+0800: 558.719: [GC pause (G1 Evacuation Pause) (young), 0.0190214 secs]
   [Parallel Time: 18.5 ms, GC Workers: 2]
      [GC Worker Start (ms): Min: 558718.7, Avg: 558718.7, Max: 558718.8, Diff: 0.0]
      [Ext Root Scanning (ms): Min: 0.5, Avg: 0.5, Max: 0.5, Diff: 0.0, Sum: 1.1]
      [Update RS (ms): Min: 0.0, Avg: 0.0, Max: 0.0, Diff: 0.0, Sum: 0.1]
         [Processed Buffers: Min: 1, Avg: 2.5, Max: 4, Diff: 3, Sum: 5]
      [Scan RS (ms): Min: 0.1, Avg: 0.1, Max: 0.1, Diff: 0.0, Sum: 0.1]
      [Code Root Scanning (ms): Min: 0.0, Avg: 0.0, Max: 0.0, Diff: 0.0, Sum: 0.0]
      [Object Copy (ms): Min: 17.7, Avg: 17.8, Max: 17.8, Diff: 0.0, Sum: 35.5]
      [Termination (ms): Min: 0.0, Avg: 0.0, Max: 0.0, Diff: 0.0, Sum: 0.0]
         [Termination Attempts: Min: 1, Avg: 2.0, Max: 3, Diff: 2, Sum: 4]
      [GC Worker Other (ms): Min: 0.0, Avg: 0.0, Max: 0.0, Diff: 0.0, Sum: 0.0]
      [GC Worker Total (ms): Min: 18.4, Avg: 18.4, Max: 18.4, Diff: 0.0, Sum: 36.8]
      [GC Worker End (ms): Min: 558737.1, Avg: 558737.2, Max: 558737.2, Diff: 0.0]
   [Code Root Fixup: 0.0 ms]
   [Code Root Purge: 0.0 ms]
   [Clear CT: 0.1 ms]
   [Other: 0.4 ms]
      [Choose CSet: 0.0 ms]
      [Ref Proc: 0.1 ms]
      [Ref Enq: 0.0 ms]
      [Redirty Cards: 0.0 ms]
      [Humongous Register: 0.0 ms]
      [Humongous Reclaim: 0.0 ms]
      [Free CSet: 0.2 ms]
   [Eden: 254.0M(254.0M)->0.0B(251.0M) Survivors: 15360.0K->17408.0K Heap: 404.5M(472.0M)->152.5M(472.0M)]
 [Times: user=0.03 sys=0.01, real=0.02 secs] 
2024-07-06T11:33:25.012+0800: 559.178: [GC pause (G1 Evacuation Pause) (young), 0.0060628 secs]
   [Parallel Time: 5.5 ms, GC Workers: 2]
      [GC Worker Start (ms): Min: 559178.1, Avg: 559178.1, Max: 559178.2, Diff: 0.0]
      [Ext Root Scanning (ms): Min: 0.5, Avg: 0.5, Max: 0.5, Diff: 0.0, Sum: 1.1]
      [Update RS (ms): Min: 0.0, Avg: 0.0, Max: 0.0, Diff: 0.0, Sum: 0.1]
         [Processed Buffers: Min: 2, Avg: 3.0, Max: 4, Diff: 2, Sum: 6]
      [Scan RS (ms): Min: 0.1, Avg: 0.1, Max: 0.1, Diff: 0.0, Sum: 0.2]
      [Code Root Scanning (ms): Min: 0.0, Avg: 0.0, Max: 0.0, Diff: 0.0, Sum: 0.0]
      [Object Copy (ms): Min: 4.8, Avg: 4.8, Max: 4.8, Diff: 0.0, Sum: 9.7]
      [Termination (ms): Min: 0.0, Avg: 0.0, Max: 0.0, Diff: 0.0, Sum: 0.0]
         [Termination Attempts: Min: 1, Avg: 1.0, Max: 1, Diff: 0, Sum: 2]
      [GC Worker Other (ms): Min: 0.0, Avg: 0.0, Max: 0.0, Diff: 0.0, Sum: 0.0]
      [GC Worker Total (ms): Min: 5.5, Avg: 5.5, Max: 5.5, Diff: 0.0, Sum: 11.0]
      [GC Worker End (ms): Min: 559183.6, Avg: 559183.6, Max: 559183.6, Diff: 0.0]
   [Code Root Fixup: 0.0 ms]
   [Code Root Purge: 0.0 ms]
   [Clear CT: 0.1 ms]
   [Other: 0.4 ms]
      [Choose CSet: 0.0 ms]
      [Ref Proc: 0.1 ms]
      [Ref Enq: 0.0 ms]
      [Redirty Cards: 0.0 ms]
      [Humongous Register: 0.0 ms]
      [Humongous Reclaim: 0.0 ms]
      [Free CSet: 0.1 ms]
   [Eden: 251.0M(251.0M)->0.0B(263.0M) Survivors: 17408.0K->7168.0K Heap: 403.5M(472.0M)->143.0M(472.0M)]
 [Times: user=0.01 sys=0.00, real=0.01 secs] 
2024-07-06T11:33:25.439+0800: 559.605: [GC pause (G1 Evacuation Pause) (young), 0.0179532 secs]
   [Parallel Time: 17.4 ms, GC Workers: 2]
      [GC Worker Start (ms): Min: 559605.5, Avg: 559605.5, Max: 559605.5, Diff: 0.0]
      [Ext Root Scanning (ms): Min: 0.5, Avg: 0.5, Max: 0.6, Diff: 0.0, Sum: 1.1]
      [Update RS (ms): Min: 0.0, Avg: 0.0, Max: 0.0, Diff: 0.0, Sum: 0.1]
         [Processed Buffers: Min: 2, Avg: 2.5, Max: 3, Diff: 1, Sum: 5]
      [Scan RS (ms): Min: 0.1, Avg: 0.1, Max: 0.1, Diff: 0.0, Sum: 0.2]
      [Code Root Scanning (ms): Min: 0.0, Avg: 0.0, Max: 0.0, Diff: 0.0, Sum: 0.0]
      [Object Copy (ms): Min: 16.6, Avg: 16.6, Max: 16.6, Diff: 0.0, Sum: 33.3]
      [Termination (ms): Min: 0.0, Avg: 0.0, Max: 0.0, Diff: 0.0, Sum: 0.0]
         [Termination Attempts: Min: 1, Avg: 1.0, Max: 1, Diff: 0, Sum: 2]
      [GC Worker Other (ms): Min: 0.0, Avg: 0.0, Max: 0.0, Diff: 0.0, Sum: 0.0]
      [GC Worker Total (ms): Min: 17.3, Avg: 17.3, Max: 17.3, Diff: 0.0, Sum: 34.6]
      [GC Worker End (ms): Min: 559622.9, Avg: 559622.9, Max: 559622.9, Diff: 0.0]
   [Code Root Fixup: 0.0 ms]
   [Code Root Purge: 0.0 ms]
   [Clear CT: 0.2 ms]
   [Other: 0.4 ms]
      [Choose CSet: 0.0 ms]
      [Ref Proc: 0.1 ms]
      [Ref Enq: 0.0 ms]
      [Redirty Cards: 0.0 ms]
      [Humongous Register: 0.0 ms]
      [Humongous Reclaim: 0.0 ms]
      [Free CSet: 0.1 ms]
   [Eden: 263.0M(263.0M)->0.0B(252.0M) Survivors: 7168.0K->17408.0K Heap: 406.0M(472.0M)->153.0M(472.0M)]
 [Times: user=0.04 sys=0.00, real=0.02 secs] 
2024-07-06T11:33:25.858+0800: 560.024: [GC pause (G1 Evacuation Pause) (young), 0.0062052 secs]
   [Parallel Time: 5.6 ms, GC Workers: 2]
      [GC Worker Start (ms): Min: 560024.4, Avg: 560024.4, Max: 560024.4, Diff: 0.0]
      [Ext Root Scanning (ms): Min: 0.5, Avg: 0.5, Max: 0.5, Diff: 0.0, Sum: 1.0]
      [Update RS (ms): Min: 0.0, Avg: 0.0, Max: 0.0, Diff: 0.0, Sum: 0.1]
         [Processed Buffers: Min: 1, Avg: 2.5, Max: 4, Diff: 3, Sum: 5]
      [Scan RS (ms): Min: 0.1, Avg: 0.1, Max: 0.1, Diff: 0.0, Sum: 0.2]
      [Code Root Scanning (ms): Min: 0.0, Avg: 0.0, Max: 0.0, Diff: 0.0, Sum: 0.0]
      [Object Copy (ms): Min: 4.9, Avg: 4.9, Max: 4.9, Diff: 0.0, Sum: 9.8]
      [Termination (ms): Min: 0.0, Avg: 0.0, Max: 0.0, Diff: 0.0, Sum: 0.0]
         [Termination Attempts: Min: 1, Avg: 1.5, Max: 2, Diff: 1, Sum: 3]
      [GC Worker Other (ms): Min: 0.0, Avg: 0.0, Max: 0.0, Diff: 0.0, Sum: 0.0]
      [GC Worker Total (ms): Min: 5.5, Avg: 5.5, Max: 5.6, Diff: 0.0, Sum: 11.1]
      [GC Worker End (ms): Min: 560029.9, Avg: 560029.9, Max: 560029.9, Diff: 0.0]
   [Code Root Fixup: 0.0 ms]
   [Code Root Purge: 0.0 ms]
   [Clear CT: 0.2 ms]
   [Other: 0.4 ms]
      [Choose CSet: 0.0 ms]
      [Ref Proc: 0.2 ms]
      [Ref Enq: 0.0 ms]
      [Redirty Cards: 0.0 ms]
      [Humongous Register: 0.0 ms]
      [Humongous Reclaim: 0.0 ms]
      [Free CSet: 0.1 ms]
   [Eden: 252.0M(252.0M)->0.0B(264.0M) Survivors: 17408.0K->7168.0K Heap: 405.0M(472.0M)->143.0M(472.0M)]
 [Times: user=0.01 sys=0.00, real=0.00 secs] 
2024-07-06T11:33:26.258+0800: 560.424: [GC pause (G1 Evacuation Pause) (young), 0.0173252 secs]
   [Parallel Time: 16.8 ms, GC Workers: 2]
      [GC Worker Start (ms): Min: 560424.2, Avg: 560424.2, Max: 560424.3, Diff: 0.0]
      [Ext Root Scanning (ms): Min: 0.5, Avg: 0.5, Max: 0.5, Diff: 0.0, Sum: 1.0]
      [Update RS (ms): Min: 0.0, Avg: 0.0, Max: 0.0, Diff: 0.0, Sum: 0.0]
         [Processed Buffers: Min: 0, Avg: 2.5, Max: 5, Diff: 5, Sum: 5]
      [Scan RS (ms): Min: 0.1, Avg: 0.1, Max: 0.1, Diff: 0.0, Sum: 0.2]
      [Code Root Scanning (ms): Min: 0.0, Avg: 0.0, Max: 0.0, Diff: 0.0, Sum: 0.0]
      [Object Copy (ms): Min: 16.1, Avg: 16.1, Max: 16.1, Diff: 0.0, Sum: 32.2]
      [Termination (ms): Min: 0.0, Avg: 0.0, Max: 0.0, Diff: 0.0, Sum: 0.0]
         [Termination Attempts: Min: 1, Avg: 1.0, Max: 1, Diff: 0, Sum: 2]
      [GC Worker Other (ms): Min: 0.0, Avg: 0.0, Max: 0.0, Diff: 0.0, Sum: 0.0]
      [GC Worker Total (ms): Min: 16.7, Avg: 16.7, Max: 16.7, Diff: 0.0, Sum: 33.4]
      [GC Worker End (ms): Min: 560441.0, Avg: 560441.0, Max: 560441.0, Diff: 0.0]
   [Code Root Fixup: 0.0 ms]
   [Code Root Purge: 0.0 ms]
   [Clear CT: 0.1 ms]
   [Other: 0.4 ms]
      [Choose CSet: 0.0 ms]
      [Ref Proc: 0.1 ms]
      [Ref Enq: 0.0 ms]
      [Redirty Cards: 0.1 ms]
      [Humongous Register: 0.0 ms]
      [Humongous Reclaim: 0.0 ms]
      [Free CSet: 0.2 ms]
   [Eden: 264.0M(264.0M)->0.0B(253.0M) Survivors: 7168.0K->16384.0K Heap: 407.0M(472.0M)->152.0M(472.0M)]
 [Times: user=0.03 sys=0.00, real=0.02 secs] 
2024-07-06T11:33:26.668+0800: 560.834: [GC pause (G1 Evacuation Pause) (young), 0.0067315 secs]
   [Parallel Time: 6.1 ms, GC Workers: 2]
      [GC Worker Start (ms): Min: 560834.5, Avg: 560834.5, Max: 560834.5, Diff: 0.0]
      [Ext Root Scanning (ms): Min: 0.5, Avg: 0.5, Max: 0.5, Diff: 0.0, Sum: 1.0]
      [Update RS (ms): Min: 0.0, Avg: 0.0, Max: 0.0, Diff: 0.0, Sum: 0.1]
         [Processed Buffers: Min: 1, Avg: 2.5, Max: 4, Diff: 3, Sum: 5]
      [Scan RS (ms): Min: 0.1, Avg: 0.1, Max: 0.1, Diff: 0.0, Sum: 0.1]
      [Code Root Scanning (ms): Min: 0.0, Avg: 0.0, Max: 0.0, Diff: 0.0, Sum: 0.0]
      [Object Copy (ms): Min: 5.4, Avg: 5.4, Max: 5.4, Diff: 0.0, Sum: 10.8]
      [Termination (ms): Min: 0.0, Avg: 0.0, Max: 0.0, Diff: 0.0, Sum: 0.0]
         [Termination Attempts: Min: 1, Avg: 1.5, Max: 2, Diff: 1, Sum: 3]
      [GC Worker Other (ms): Min: 0.0, Avg: 0.0, Max: 0.0, Diff: 0.0, Sum: 0.0]
      [GC Worker Total (ms): Min: 6.0, Avg: 6.0, Max: 6.0, Diff: 0.0, Sum: 12.0]
      [GC Worker End (ms): Min: 560840.6, Avg: 560840.6, Max: 560840.6, Diff: 0.0]
   [Code Root Fixup: 0.0 ms]
   [Code Root Purge: 0.0 ms]
   [Clear CT: 0.1 ms]
   [Other: 0.5 ms]
      [Choose CSet: 0.0 ms]
      [Ref Proc: 0.3 ms]
      [Ref Enq: 0.0 ms]
      [Redirty Cards: 0.1 ms]
      [Humongous Register: 0.0 ms]
      [Humongous Reclaim: 0.0 ms]
      [Free CSet: 0.1 ms]
   [Eden: 253.0M(253.0M)->0.0B(263.0M) Survivors: 16384.0K->8192.0K Heap: 405.0M(472.0M)->143.5M(472.0M)]
 [Times: user=0.01 sys=0.00, real=0.00 secs] 
2024-07-06T11:33:27.069+0800: 561.235: [GC pause (G1 Evacuation Pause) (young), 0.0182609 secs]
   [Parallel Time: 17.8 ms, GC Workers: 2]
      [GC Worker Start (ms): Min: 561235.0, Avg: 561235.0, Max: 561235.0, Diff: 0.0]
      [Ext Root Scanning (ms): Min: 0.5, Avg: 0.5, Max: 0.5, Diff: 0.0, Sum: 1.0]
      [Update RS (ms): Min: 0.0, Avg: 0.0, Max: 0.0, Diff: 0.0, Sum: 0.1]
         [Processed Buffers: Min: 1, Avg: 2.5, Max: 4, Diff: 3, Sum: 5]
      [Scan RS (ms): Min: 0.1, Avg: 0.1, Max: 0.1, Diff: 0.0, Sum: 0.1]
      [Code Root Scanning (ms): Min: 0.0, Avg: 0.0, Max: 0.0, Diff: 0.0, Sum: 0.0]
      [Object Copy (ms): Min: 17.1, Avg: 17.1, Max: 17.1, Diff: 0.0, Sum: 34.2]
      [Termination (ms): Min: 0.0, Avg: 0.0, Max: 0.0, Diff: 0.0, Sum: 0.0]
         [Termination Attempts: Min: 2, Avg: 2.5, Max: 3, Diff: 1, Sum: 5]
      [GC Worker Other (ms): Min: 0.0, Avg: 0.0, Max: 0.0, Diff: 0.0, Sum: 0.0]
      [GC Worker Total (ms): Min: 17.7, Avg: 17.7, Max: 17.7, Diff: 0.0, Sum: 35.4]
      [GC Worker End (ms): Min: 561252.7, Avg: 561252.7, Max: 561252.7, Diff: 0.0]
   [Code Root Fixup: 0.0 ms]
   [Code Root Purge: 0.0 ms]
   [Clear CT: 0.1 ms]
   [Other: 0.4 ms]
      [Choose CSet: 0.0 ms]
      [Ref Proc: 0.1 ms]
      [Ref Enq: 0.0 ms]
      [Redirty Cards: 0.0 ms]
      [Humongous Register: 0.0 ms]
      [Humongous Reclaim: 0.0 ms]
      [Free CSet: 0.2 ms]
   [Eden: 263.0M(263.0M)->0.0B(252.0M) Survivors: 8192.0K->17408.0K Heap: 406.5M(472.0M)->152.5M(472.0M)]
 [Times: user=0.04 sys=0.00, real=0.01 secs] 
2024-07-06T11:33:27.499+0800: 561.665: [GC pause (G1 Evacuation Pause) (young), 0.0209433 secs]
   [Parallel Time: 20.2 ms, GC Workers: 2]
      [GC Worker Start (ms): Min: 561665.5, Avg: 561665.5, Max: 561665.5, Diff: 0.0]
      [Ext Root Scanning (ms): Min: 0.5, Avg: 0.5, Max: 0.5, Diff: 0.0, Sum: 1.0]
      [Update RS (ms): Min: 0.0, Avg: 0.0, Max: 0.0, Diff: 0.0, Sum: 0.0]
         [Processed Buffers: Min: 2, Avg: 2.5, Max: 3, Diff: 1, Sum: 5]
      [Scan RS (ms): Min: 0.1, Avg: 0.1, Max: 0.1, Diff: 0.0, Sum: 0.1]
      [Code Root Scanning (ms): Min: 0.0, Avg: 0.0, Max: 0.0, Diff: 0.0, Sum: 0.0]
      [Object Copy (ms): Min: 19.6, Avg: 19.6, Max: 19.6, Diff: 0.0, Sum: 39.1]
      [Termination (ms): Min: 0.0, Avg: 0.0, Max: 0.0, Diff: 0.0, Sum: 0.0]
         [Termination Attempts: Min: 1, Avg: 1.0, Max: 1, Diff: 0, Sum: 2]
      [GC Worker Other (ms): Min: 0.0, Avg: 0.0, Max: 0.0, Diff: 0.0, Sum: 0.0]
      [GC Worker Total (ms): Min: 20.2, Avg: 20.2, Max: 20.2, Diff: 0.0, Sum: 40.3]
      [GC Worker End (ms): Min: 561685.7, Avg: 561685.7, Max: 561685.7, Diff: 0.0]
   [Code Root Fixup: 0.0 ms]
   [Code Root Purge: 0.0 ms]
   [Clear CT: 0.2 ms]
   [Other: 0.5 ms]
      [Choose CSet: 0.0 ms]
      [Ref Proc: 0.1 ms]
      [Ref Enq: 0.0 ms]
      [Redirty Cards: 0.1 ms]
      [Humongous Register: 0.0 ms]
      [Humongous Reclaim: 0.0 ms]
      [Free CSet: 0.1 ms]
   [Eden: 252.0M(252.0M)->0.0B(250.0M) Survivors: 17408.0K->18432.0K Heap: 404.5M(472.0M)->154.0M(472.0M)]
 [Times: user=0.04 sys=0.00, real=0.02 secs] 
2024-07-06T11:33:27.948+0800: 562.114: [GC pause (G1 Evacuation Pause) (young), 0.0044737 secs]
   [Parallel Time: 3.9 ms, GC Workers: 2]
      [GC Worker Start (ms): Min: 562114.1, Avg: 562114.2, Max: 562114.4, Diff: 0.4]
      [Ext Root Scanning (ms): Min: 0.4, Avg: 0.5, Max: 0.7, Diff: 0.4, Sum: 1.1]
      [Update RS (ms): Min: 0.0, Avg: 0.0, Max: 0.0, Diff: 0.0, Sum: 0.1]
         [Processed Buffers: Min: 1, Avg: 2.5, Max: 4, Diff: 3, Sum: 5]
      [Scan RS (ms): Min: 0.1, Avg: 0.1, Max: 0.1, Diff: 0.0, Sum: 0.2]
      [Code Root Scanning (ms): Min: 0.0, Avg: 0.0, Max: 0.0, Diff: 0.0, Sum: 0.0]
      [Object Copy (ms): Min: 3.0, Avg: 3.1, Max: 3.1, Diff: 0.0, Sum: 6.1]
      [Termination (ms): Min: 0.0, Avg: 0.0, Max: 0.0, Diff: 0.0, Sum: 0.0]
         [Termination Attempts: Min: 1, Avg: 2.0, Max: 3, Diff: 2, Sum: 4]
      [GC Worker Other (ms): Min: 0.0, Avg: 0.0, Max: 0.0, Diff: 0.0, Sum: 0.0]
      [GC Worker Total (ms): Min: 3.5, Avg: 3.7, Max: 3.9, Diff: 0.4, Sum: 7.5]
      [GC Worker End (ms): Min: 562118.0, Avg: 562118.0, Max: 562118.0, Diff: 0.0]
   [Code Root Fixup: 0.0 ms]
   [Code Root Purge: 0.0 ms]
   [Clear CT: 0.1 ms]
   [Other: 0.4 ms]
      [Choose CSet: 0.0 ms]
      [Ref Proc: 0.1 ms]
      [Ref Enq: 0.0 ms]
      [Redirty Cards: 0.0 ms]
      [Humongous Register: 0.0 ms]
      [Humongous Reclaim: 0.0 ms]
      [Free CSet: 0.2 ms]
   [Eden: 250.0M(250.0M)->0.0B(266.0M) Survivors: 18432.0K->5120.0K Heap: 404.0M(472.0M)->141.0M(472.0M)]
 [Times: user=0.01 sys=0.00, real=0.00 secs] 
2024-07-06T11:33:28.359+0800: 562.525: [GC pause (G1 Evacuation Pause) (young), 0.0196174 secs]
   [Parallel Time: 19.1 ms, GC Workers: 2]
      [GC Worker Start (ms): Min: 562525.5, Avg: 562525.5, Max: 562525.5, Diff: 0.0]
      [Ext Root Scanning (ms): Min: 0.5, Avg: 0.5, Max: 0.5, Diff: 0.0, Sum: 0.9]
      [Update RS (ms): Min: 0.0, Avg: 0.0, Max: 0.0, Diff: 0.0, Sum: 0.0]
         [Processed Buffers: Min: 1, Avg: 2.5, Max: 4, Diff: 3, Sum: 5]
      [Scan RS (ms): Min: 0.1, Avg: 0.1, Max: 0.1, Diff: 0.0, Sum: 0.2]
      [Code Root Scanning (ms): Min: 0.0, Avg: 0.0, Max: 0.0, Diff: 0.0, Sum: 0.0]
      [Object Copy (ms): Min: 18.4, Avg: 18.4, Max: 18.5, Diff: 0.0, Sum: 36.9]
      [Termination (ms): Min: 0.0, Avg: 0.0, Max: 0.0, Diff: 0.0, Sum: 0.0]
         [Termination Attempts: Min: 1, Avg: 1.0, Max: 1, Diff: 0, Sum: 2]
      [GC Worker Other (ms): Min: 0.0, Avg: 0.0, Max: 0.0, Diff: 0.0, Sum: 0.0]
      [GC Worker Total (ms): Min: 19.0, Avg: 19.0, Max: 19.0, Diff: 0.0, Sum: 38.1]
      [GC Worker End (ms): Min: 562544.5, Avg: 562544.5, Max: 562544.5, Diff: 0.0]
   [Code Root Fixup: 0.0 ms]
   [Code Root Purge: 0.0 ms]
   [Clear CT: 0.1 ms]
   [Other: 0.4 ms]
      [Choose CSet: 0.0 ms]
      [Ref Proc: 0.1 ms]
      [Ref Enq: 0.0 ms]
      [Redirty Cards: 0.0 ms]
      [Humongous Register: 0.0 ms]
      [Humongous Reclaim: 0.0 ms]
      [Free CSet: 0.2 ms]
   [Eden: 266.0M(266.0M)->0.0B(250.0M) Survivors: 5120.0K->18432.0K Heap: 407.0M(472.0M)->153.5M(472.0M)]
 [Times: user=0.04 sys=0.00, real=0.02 secs] 
2024-07-06T11:33:28.823+0800: 562.989: [GC pause (G1 Evacuation Pause) (young), 0.0043581 secs]
   [Parallel Time: 3.9 ms, GC Workers: 2]
      [GC Worker Start (ms): Min: 562989.0, Avg: 562989.0, Max: 562989.0, Diff: 0.0]
      [Ext Root Scanning (ms): Min: 0.5, Avg: 0.5, Max: 0.5, Diff: 0.0, Sum: 1.0]
      [Update RS (ms): Min: 0.0, Avg: 0.0, Max: 0.0, Diff: 0.0, Sum: 0.1]
         [Processed Buffers: Min: 1, Avg: 3.0, Max: 5, Diff: 4, Sum: 6]
      [Scan RS (ms): Min: 0.1, Avg: 0.1, Max: 0.1, Diff: 0.0, Sum: 0.2]
      [Code Root Scanning (ms): Min: 0.0, Avg: 0.0, Max: 0.0, Diff: 0.0, Sum: 0.0]
      [Object Copy (ms): Min: 3.1, Avg: 3.1, Max: 3.2, Diff: 0.0, Sum: 6.3]
      [Termination (ms): Min: 0.0, Avg: 0.0, Max: 0.0, Diff: 0.0, Sum: 0.0]
         [Termination Attempts: Min: 1, Avg: 1.0, Max: 1, Diff: 0, Sum: 2]
      [GC Worker Other (ms): Min: 0.0, Avg: 0.0, Max: 0.0, Diff: 0.0, Sum: 0.0]
      [GC Worker Total (ms): Min: 3.8, Avg: 3.8, Max: 3.8, Diff: 0.0, Sum: 7.5]
      [GC Worker End (ms): Min: 562992.8, Avg: 562992.8, Max: 562992.8, Diff: 0.0]
   [Code Root Fixup: 0.0 ms]
   [Code Root Purge: 0.0 ms]
   [Clear CT: 0.1 ms]
   [Other: 0.4 ms]
      [Choose CSet: 0.0 ms]
      [Ref Proc: 0.1 ms]
      [Ref Enq: 0.0 ms]
      [Redirty Cards: 0.0 ms]
      [Humongous Register: 0.0 ms]
      [Humongous Reclaim: 0.0 ms]
      [Free CSet: 0.1 ms]
   [Eden: 250.0M(250.0M)->0.0B(267.0M) Survivors: 18432.0K->5120.0K Heap: 403.5M(472.0M)->140.5M(472.0M)]
 [Times: user=0.01 sys=0.00, real=0.00 secs] 
2024-07-06T11:33:29.273+0800: 563.440: [GC pause (G1 Evacuation Pause) (young), 0.0297863 secs]
   [Parallel Time: 29.1 ms, GC Workers: 2]
      [GC Worker Start (ms): Min: 563439.8, Avg: 563439.8, Max: 563439.8, Diff: 0.0]
      [Ext Root Scanning (ms): Min: 0.5, Avg: 0.5, Max: 0.5, Diff: 0.0, Sum: 1.0]
      [Update RS (ms): Min: 0.0, Avg: 0.0, Max: 0.0, Diff: 0.0, Sum: 0.1]
         [Processed Buffers: Min: 2, Avg: 2.5, Max: 3, Diff: 1, Sum: 5]
      [Scan RS (ms): Min: 0.1, Avg: 0.1, Max: 0.1, Diff: 0.0, Sum: 0.2]
      [Code Root Scanning (ms): Min: 0.0, Avg: 0.0, Max: 0.0, Diff: 0.0, Sum: 0.0]
      [Object Copy (ms): Min: 28.3, Avg: 28.3, Max: 28.4, Diff: 0.1, Sum: 56.7]
      [Termination (ms): Min: 0.0, Avg: 0.0, Max: 0.1, Diff: 0.1, Sum: 0.1]
         [Termination Attempts: Min: 1, Avg: 1.0, Max: 1, Diff: 0, Sum: 2]
      [GC Worker Other (ms): Min: 0.0, Avg: 0.0, Max: 0.0, Diff: 0.0, Sum: 0.0]
      [GC Worker Total (ms): Min: 29.0, Avg: 29.0, Max: 29.0, Diff: 0.0, Sum: 58.0]
      [GC Worker End (ms): Min: 563468.8, Avg: 563468.8, Max: 563468.8, Diff: 0.0]
   [Code Root Fixup: 0.0 ms]
   [Code Root Purge: 0.0 ms]
   [Clear CT: 0.2 ms]
   [Other: 0.6 ms]
      [Choose CSet: 0.0 ms]
      [Ref Proc: 0.1 ms]
      [Ref Enq: 0.0 ms]
      [Redirty Cards: 0.1 ms]
      [Humongous Register: 0.0 ms]
      [Humongous Reclaim: 0.0 ms]
      [Free CSet: 0.2 ms]
   [Eden: 267.0M(267.0M)->0.0B(252.0M) Survivors: 5120.0K->17408.0K Heap: 407.5M(472.0M)->152.5M(472.0M)]
 [Times: user=0.04 sys=0.00, real=0.03 secs] 
2024-07-06T11:33:29.770+0800: 563.936: [GC pause (G1 Evacuation Pause) (young), 0.0142270 secs]
   [Parallel Time: 13.7 ms, GC Workers: 2]
      [GC Worker Start (ms): Min: 563936.4, Avg: 563936.7, Max: 563937.1, Diff: 0.7]
      [Ext Root Scanning (ms): Min: 0.3, Avg: 1.0, Max: 1.7, Diff: 1.4, Sum: 2.1]
      [Update RS (ms): Min: 0.0, Avg: 0.0, Max: 0.1, Diff: 0.1, Sum: 0.1]
         [Processed Buffers: Min: 0, Avg: 2.5, Max: 5, Diff: 5, Sum: 5]
      [Scan RS (ms): Min: 0.0, Avg: 0.1, Max: 0.2, Diff: 0.1, Sum: 0.2]
      [Code Root Scanning (ms): Min: 0.0, Avg: 0.0, Max: 0.0, Diff: 0.0, Sum: 0.0]
      [Object Copy (ms): Min: 11.8, Avg: 12.1, Max: 12.4, Diff: 0.5, Sum: 24.2]
      [Termination (ms): Min: 0.0, Avg: 0.0, Max: 0.0, Diff: 0.0, Sum: 0.0]
         [Termination Attempts: Min: 3, Avg: 3.0, Max: 3, Diff: 0, Sum: 6]
      [GC Worker Other (ms): Min: 0.0, Avg: 0.0, Max: 0.0, Diff: 0.0, Sum: 0.0]
      [GC Worker Total (ms): Min: 12.9, Avg: 13.3, Max: 13.6, Diff: 0.7, Sum: 26.5]
      [GC Worker End (ms): Min: 563950.0, Avg: 563950.0, Max: 563950.0, Diff: 0.0]
   [Code Root Fixup: 0.0 ms]
   [Code Root Purge: 0.0 ms]
   [Clear CT: 0.1 ms]
   [Other: 0.4 ms]
      [Choose CSet: 0.0 ms]
      [Ref Proc: 0.1 ms]
      [Ref Enq: 0.0 ms]
      [Redirty Cards: 0.0 ms]
      [Humongous Register: 0.0 ms]
      [Humongous Reclaim: 0.0 ms]
      [Free CSet: 0.2 ms]
   [Eden: 252.0M(252.0M)->0.0B(260.0M) Survivors: 17408.0K->10240.0K Heap: 404.5M(472.0M)->146.0M(472.0M)]
 [Times: user=0.03 sys=0.00, real=0.01 secs] 
2024-07-06T11:33:30.177+0800: 564.344: [GC pause (G1 Evacuation Pause) (young), 0.0220527 secs]
   [Parallel Time: 21.4 ms, GC Workers: 2]
      [GC Worker Start (ms): Min: 564343.6, Avg: 564343.6, Max: 564343.6, Diff: 0.0]
      [Ext Root Scanning (ms): Min: 0.5, Avg: 0.5, Max: 0.5, Diff: 0.0, Sum: 1.0]
      [Update RS (ms): Min: 0.0, Avg: 0.0, Max: 0.0, Diff: 0.0, Sum: 0.1]
         [Processed Buffers: Min: 2, Avg: 2.5, Max: 3, Diff: 1, Sum: 5]
      [Scan RS (ms): Min: 0.1, Avg: 0.1, Max: 0.1, Diff: 0.0, Sum: 0.1]
      [Code Root Scanning (ms): Min: 0.0, Avg: 0.0, Max: 0.0, Diff: 0.0, Sum: 0.0]
      [Object Copy (ms): Min: 20.7, Avg: 20.7, Max: 20.7, Diff: 0.0, Sum: 41.5]
      [Termination (ms): Min: 0.0, Avg: 0.0, Max: 0.0, Diff: 0.0, Sum: 0.0]
         [Termination Attempts: Min: 1, Avg: 1.0, Max: 1, Diff: 0, Sum: 2]
      [GC Worker Other (ms): Min: 0.0, Avg: 0.0, Max: 0.0, Diff: 0.0, Sum: 0.0]
      [GC Worker Total (ms): Min: 21.4, Avg: 21.4, Max: 21.4, Diff: 0.0, Sum: 42.7]
      [GC Worker End (ms): Min: 564365.0, Avg: 564365.0, Max: 564365.0, Diff: 0.0]
   [Code Root Fixup: 0.0 ms]
   [Code Root Purge: 0.0 ms]
   [Clear CT: 0.1 ms]
   [Other: 0.5 ms]
      [Choose CSet: 0.0 ms]
      [Ref Proc: 0.1 ms]
      [Ref Enq: 0.0 ms]
      [Redirty Cards: 0.1 ms]
      [Humongous Register: 0.0 ms]
      [Humongous Reclaim: 0.0 ms]
      [Free CSet: 0.2 ms]
   [Eden: 260.0M(260.0M)->0.0B(248.0M) Survivors: 10240.0K->19456.0K Heap: 406.0M(472.0M)->154.5M(472.0M)]
 [Times: user=0.04 sys=0.00, real=0.02 secs] 
2024-07-06T11:33:30.611+0800: 564.778: [GC pause (G1 Evacuation Pause) (young), 0.0078784 secs]
   [Parallel Time: 7.4 ms, GC Workers: 2]
      [GC Worker Start (ms): Min: 564777.6, Avg: 564777.6, Max: 564777.6, Diff: 0.0]
      [Ext Root Scanning (ms): Min: 0.5, Avg: 0.5, Max: 0.5, Diff: 0.0, Sum: 1.0]
      [Update RS (ms): Min: 0.0, Avg: 0.0, Max: 0.0, Diff: 0.0, Sum: 0.1]
         [Processed Buffers: Min: 2, Avg: 3.0, Max: 4, Diff: 2, Sum: 6]
      [Scan RS (ms): Min: 0.1, Avg: 0.1, Max: 0.1, Diff: 0.0, Sum: 0.1]
      [Code Root Scanning (ms): Min: 0.0, Avg: 0.0, Max: 0.0, Diff: 0.0, Sum: 0.0]
      [Object Copy (ms): Min: 6.7, Avg: 6.7, Max: 6.7, Diff: 0.0, Sum: 13.3]
      [Termination (ms): Min: 0.0, Avg: 0.0, Max: 0.0, Diff: 0.0, Sum: 0.0]
         [Termination Attempts: Min: 1, Avg: 1.0, Max: 1, Diff: 0, Sum: 2]
      [GC Worker Other (ms): Min: 0.0, Avg: 0.0, Max: 0.0, Diff: 0.0, Sum: 0.0]
      [GC Worker Total (ms): Min: 7.3, Avg: 7.3, Max: 7.3, Diff: 0.0, Sum: 14.6]
      [GC Worker End (ms): Min: 564784.9, Avg: 564784.9, Max: 564784.9, Diff: 0.0]
   [Code Root Fixup: 0.0 ms]
   [Code Root Purge: 0.0 ms]
   [Clear CT: 0.1 ms]
   [Other: 0.4 ms]
      [Choose CSet: 0.0 ms]
      [Ref Proc: 0.1 ms]
      [Ref Enq: 0.0 ms]
      [Redirty Cards: 0.0 ms]
      [Humongous Register: 0.0 ms]
      [Humongous Reclaim: 0.0 ms]
      [Free CSet: 0.1 ms]
   [Eden: 248.0M(248.0M)->0.0B(262.0M) Survivors: 19456.0K->8192.0K Heap: 402.5M(472.0M)->143.5M(472.0M)]
 [Times: user=0.02 sys=0.00, real=0.01 secs] 
2024-07-06T11:33:31.023+0800: 565.189: [GC pause (G1 Evacuation Pause) (young), 0.0181373 secs]
   [Parallel Time: 17.6 ms, GC Workers: 2]
      [GC Worker Start (ms): Min: 565189.4, Avg: 565189.4, Max: 565189.4, Diff: 0.0]
      [Ext Root Scanning (ms): Min: 0.5, Avg: 0.5, Max: 0.5, Diff: 0.0, Sum: 0.9]
      [Update RS (ms): Min: 0.0, Avg: 0.0, Max: 0.0, Diff: 0.0, Sum: 0.0]
         [Processed Buffers: Min: 2, Avg: 2.5, Max: 3, Diff: 1, Sum: 5]
      [Scan RS (ms): Min: 0.1, Avg: 0.1, Max: 0.1, Diff: 0.0, Sum: 0.2]
      [Code Root Scanning (ms): Min: 0.0, Avg: 0.0, Max: 0.0, Diff: 0.0, Sum: 0.0]
      [Object Copy (ms): Min: 16.9, Avg: 16.9, Max: 16.9, Diff: 0.0, Sum: 33.8]
      [Termination (ms): Min: 0.0, Avg: 0.0, Max: 0.0, Diff: 0.0, Sum: 0.0]
         [Termination Attempts: Min: 1, Avg: 1.0, Max: 1, Diff: 0, Sum: 2]
      [GC Worker Other (ms): Min: 0.0, Avg: 0.0, Max: 0.0, Diff: 0.0, Sum: 0.0]
      [GC Worker Total (ms): Min: 17.5, Avg: 17.5, Max: 17.5, Diff: 0.0, Sum: 35.0]
      [GC Worker End (ms): Min: 565206.9, Avg: 565206.9, Max: 565206.9, Diff: 0.0]
   [Code Root Fixup: 0.0 ms]
   [Code Root Purge: 0.0 ms]
   [Clear CT: 0.1 ms]
   [Other: 0.4 ms]
      [Choose CSet: 0.0 ms]
      [Ref Proc: 0.1 ms]
      [Ref Enq: 0.0 ms]
      [Redirty Cards: 0.1 ms]
      [Humongous Register: 0.0 ms]
      [Humongous Reclaim: 0.0 ms]
      [Free CSet: 0.1 ms]
   [Eden: 262.0M(262.0M)->0.0B(252.0M) Survivors: 8192.0K->17408.0K Heap: 405.5M(472.0M)->153.0M(472.0M)]
 [Times: user=0.03 sys=0.00, real=0.02 secs] 
2024-07-06T11:33:31.570+0800: 565.737: [GC pause (G1 Evacuation Pause) (young), 0.0259590 secs]
   [Parallel Time: 25.3 ms, GC Workers: 2]
      [GC Worker Start (ms): Min: 565736.8, Avg: 565736.8, Max: 565736.8, Diff: 0.0]
      [Ext Root Scanning (ms): Min: 0.6, Avg: 0.6, Max: 0.6, Diff: 0.0, Sum: 1.2]
      [Update RS (ms): Min: 0.0, Avg: 0.0, Max: 0.0, Diff: 0.0, Sum: 0.1]
         [Processed Buffers: Min: 1, Avg: 2.5, Max: 4, Diff: 3, Sum: 5]
      [Scan RS (ms): Min: 0.1, Avg: 0.1, Max: 0.1, Diff: 0.0, Sum: 0.2]
      [Code Root Scanning (ms): Min: 0.0, Avg: 0.0, Max: 0.0, Diff: 0.0, Sum: 0.0]
      [Object Copy (ms): Min: 24.5, Avg: 24.6, Max: 24.6, Diff: 0.0, Sum: 49.1]
      [Termination (ms): Min: 0.0, Avg: 0.0, Max: 0.0, Diff: 0.0, Sum: 0.0]
         [Termination Attempts: Min: 1, Avg: 1.0, Max: 1, Diff: 0, Sum: 2]
      [GC Worker Other (ms): Min: 0.0, Avg: 0.0, Max: 0.0, Diff: 0.0, Sum: 0.0]
      [GC Worker Total (ms): Min: 25.3, Avg: 25.3, Max: 25.3, Diff: 0.0, Sum: 50.6]
      [GC Worker End (ms): Min: 565762.1, Avg: 565762.1, Max: 565762.1, Diff: 0.0]
   [Code Root Fixup: 0.0 ms]
   [Code Root Purge: 0.0 ms]
   [Clear CT: 0.1 ms]
   [Other: 0.5 ms]
      [Choose CSet: 0.0 ms]
      [Ref Proc: 0.1 ms]
      [Ref Enq: 0.0 ms]
      [Redirty Cards: 0.1 ms]
      [Humongous Register: 0.0 ms]
      [Humongous Reclaim: 0.0 ms]
      [Free CSet: 0.1 ms]
   [Eden: 252.0M(252.0M)->0.0B(246.0M) Survivors: 17408.0K->20480.0K Heap: 405.0M(472.0M)->155.5M(472.0M)]
 [Times: user=0.05 sys=0.00, real=0.03 secs] 
2024-07-06T11:33:32.098+0800: 566.264: [GC pause (G1 Evacuation Pause) (young), 0.0145455 secs]
   [Parallel Time: 13.9 ms, GC Workers: 2]
      [GC Worker Start (ms): Min: 566263.9, Avg: 566263.9, Max: 566263.9, Diff: 0.0]
      [Ext Root Scanning (ms): Min: 0.6, Avg: 0.6, Max: 0.6, Diff: 0.0, Sum: 1.2]
      [Update RS (ms): Min: 0.0, Avg: 0.0, Max: 0.0, Diff: 0.0, Sum: 0.1]
         [Processed Buffers: Min: 1, Avg: 2.5, Max: 4, Diff: 3, Sum: 5]
      [Scan RS (ms): Min: 0.1, Avg: 0.1, Max: 0.1, Diff: 0.0, Sum: 0.2]
      [Code Root Scanning (ms): Min: 0.0, Avg: 0.0, Max: 0.0, Diff: 0.0, Sum: 0.0]
      [Object Copy (ms): Min: 13.1, Avg: 13.1, Max: 13.1, Diff: 0.0, Sum: 26.2]
      [Termination (ms): Min: 0.0, Avg: 0.0, Max: 0.0, Diff: 0.0, Sum: 0.0]
         [Termination Attempts: Min: 1, Avg: 1.0, Max: 1, Diff: 0, Sum: 2]
      [GC Worker Other (ms): Min: 0.0, Avg: 0.0, Max: 0.0, Diff: 0.0, Sum: 0.0]
      [GC Worker Total (ms): Min: 13.8, Avg: 13.8, Max: 13.8, Diff: 0.0, Sum: 27.6]
      [GC Worker End (ms): Min: 566277.7, Avg: 566277.7, Max: 566277.7, Diff: 0.0]
   [Code Root Fixup: 0.0 ms]
   [Code Root Purge: 0.0 ms]
   [Clear CT: 0.1 ms]
   [Other: 0.5 ms]
      [Choose CSet: 0.0 ms]
      [Ref Proc: 0.1 ms]
      [Ref Enq: 0.0 ms]
      [Redirty Cards: 0.1 ms]
      [Humongous Register: 0.0 ms]
      [Humongous Reclaim: 0.0 ms]
      [Free CSet: 0.2 ms]
   [Eden: 246.0M(246.0M)->0.0B(257.0M) Survivors: 20480.0K->11264.0K Heap: 401.5M(472.0M)->146.5M(472.0M)]
 [Times: user=0.03 sys=0.00, real=0.01 secs] 
2024-07-06T11:33:32.551+0800: 566.717: [GC pause (G1 Evacuation Pause) (young), 0.0208009 secs]
   [Parallel Time: 20.2 ms, GC Workers: 2]
      [GC Worker Start (ms): Min: 566717.6, Avg: 566717.6, Max: 566717.6, Diff: 0.0]
      [Ext Root Scanning (ms): Min: 0.6, Avg: 0.6, Max: 0.6, Diff: 0.0, Sum: 1.1]
      [Update RS (ms): Min: 0.0, Avg: 0.0, Max: 0.1, Diff: 0.0, Sum: 0.1]
         [Processed Buffers: Min: 2, Avg: 3.0, Max: 4, Diff: 2, Sum: 6]
      [Scan RS (ms): Min: 0.1, Avg: 0.1, Max: 0.1, Diff: 0.0, Sum: 0.2]
      [Code Root Scanning (ms): Min: 0.0, Avg: 0.0, Max: 0.0, Diff: 0.0, Sum: 0.0]
      [Object Copy (ms): Min: 19.4, Avg: 19.4, Max: 19.5, Diff: 0.0, Sum: 38.9]
      [Termination (ms): Min: 0.0, Avg: 0.0, Max: 0.0, Diff: 0.0, Sum: 0.0]
         [Termination Attempts: Min: 1, Avg: 2.0, Max: 3, Diff: 2, Sum: 4]
      [GC Worker Other (ms): Min: 0.0, Avg: 0.0, Max: 0.0, Diff: 0.0, Sum: 0.0]
      [GC Worker Total (ms): Min: 20.2, Avg: 20.2, Max: 20.2, Diff: 0.0, Sum: 40.3]
      [GC Worker End (ms): Min: 566737.7, Avg: 566737.7, Max: 566737.7, Diff: 0.0]
   [Code Root Fixup: 0.0 ms]
   [Code Root Purge: 0.0 ms]
   [Clear CT: 0.2 ms]
   [Other: 0.4 ms]
      [Choose CSet: 0.0 ms]
      [Ref Proc: 0.1 ms]
      [Ref Enq: 0.0 ms]
      [Redirty Cards: 0.1 ms]
      [Humongous Register: 0.0 ms]
      [Humongous Reclaim: 0.0 ms]
      [Free CSet: 0.1 ms]
   [Eden: 257.0M(257.0M)->0.0B(250.0M) Survivors: 11264.0K->17408.0K Heap: 403.5M(472.0M)->153.0M(472.0M)]
 [Times: user=0.04 sys=0.00, real=0.02 secs] 
2024-07-06T11:33:33.013+0800: 567.179: [GC pause (G1 Evacuation Pause) (young), 0.0101499 secs]
   [Parallel Time: 9.7 ms, GC Workers: 2]
      [GC Worker Start (ms): Min: 567179.4, Avg: 567179.5, Max: 567179.5, Diff: 0.0]
      [Ext Root Scanning (ms): Min: 0.4, Avg: 0.4, Max: 0.4, Diff: 0.0, Sum: 0.9]
      [Update RS (ms): Min: 0.0, Avg: 0.0, Max: 0.0, Diff: 0.0, Sum: 0.1]
         [Processed Buffers: Min: 2, Avg: 2.5, Max: 3, Diff: 1, Sum: 5]
      [Scan RS (ms): Min: 0.1, Avg: 0.1, Max: 0.1, Diff: 0.0, Sum: 0.2]
      [Code Root Scanning (ms): Min: 0.0, Avg: 0.0, Max: 0.0, Diff: 0.0, Sum: 0.0]
      [Object Copy (ms): Min: 9.0, Avg: 9.0, Max: 9.0, Diff: 0.0, Sum: 18.0]
      [Termination (ms): Min: 0.0, Avg: 0.0, Max: 0.0, Diff: 0.0, Sum: 0.0]
         [Termination Attempts: Min: 1, Avg: 1.0, Max: 1, Diff: 0, Sum: 2]
      [GC Worker Other (ms): Min: 0.0, Avg: 0.0, Max: 0.0, Diff: 0.0, Sum: 0.0]
      [GC Worker Total (ms): Min: 9.6, Avg: 9.6, Max: 9.6, Diff: 0.0, Sum: 19.1]
      [GC Worker End (ms): Min: 567189.0, Avg: 567189.0, Max: 567189.0, Diff: 0.0]
   [Code Root Fixup: 0.0 ms]
   [Code Root Purge: 0.0 ms]
   [Clear CT: 0.1 ms]
   [Other: 0.4 ms]
      [Choose CSet: 0.0 ms]
      [Ref Proc: 0.1 ms]
      [Ref Enq: 0.0 ms]
      [Redirty Cards: 0.0 ms]
      [Humongous Register: 0.0 ms]
      [Humongous Reclaim: 0.0 ms]
      [Free CSet: 0.1 ms]
   [Eden: 250.0M(250.0M)->0.0B(258.0M) Survivors: 17408.0K->10240.0K Heap: 403.0M(472.0M)->145.5M(472.0M)]
 [Times: user=0.02 sys=0.00, real=0.01 secs] 
2024-07-06T11:33:33.435+0800: 567.601: [GC pause (G1 Evacuation Pause) (young), 0.0145903 secs]
   [Parallel Time: 13.7 ms, GC Workers: 2]
      [GC Worker Start (ms): Min: 567601.5, Avg: 567601.5, Max: 567601.5, Diff: 0.0]
      [Ext Root Scanning (ms): Min: 0.5, Avg: 0.5, Max: 0.5, Diff: 0.0, Sum: 1.0]
      [Update RS (ms): Min: 0.0, Avg: 0.0, Max: 0.0, Diff: 0.0, Sum: 0.0]
         [Processed Buffers: Min: 1, Avg: 2.5, Max: 4, Diff: 3, Sum: 5]
      [Scan RS (ms): Min: 0.1, Avg: 0.1, Max: 0.1, Diff: 0.0, Sum: 0.1]
      [Code Root Scanning (ms): Min: 0.0, Avg: 0.0, Max: 0.0, Diff: 0.0, Sum: 0.0]
      [Object Copy (ms): Min: 12.7, Avg: 12.7, Max: 12.7, Diff: 0.0, Sum: 25.5]
      [Termination (ms): Min: 0.0, Avg: 0.0, Max: 0.0, Diff: 0.0, Sum: 0.0]
         [Termination Attempts: Min: 1, Avg: 1.0, Max: 1, Diff: 0, Sum: 2]
      [GC Worker Other (ms): Min: 0.0, Avg: 0.0, Max: 0.0, Diff: 0.0, Sum: 0.0]
      [GC Worker Total (ms): Min: 13.3, Avg: 13.3, Max: 13.4, Diff: 0.0, Sum: 26.7]
      [GC Worker End (ms): Min: 567614.9, Avg: 567614.9, Max: 567614.9, Diff: 0.0]
   [Code Root Fixup: 0.0 ms]
   [Code Root Purge: 0.0 ms]
   [Clear CT: 0.1 ms]
   [Other: 0.8 ms]
      [Choose CSet: 0.0 ms]
      [Ref Proc: 0.5 ms]
      [Ref Enq: 0.0 ms]
      [Redirty Cards: 0.0 ms]
      [Humongous Register: 0.0 ms]
      [Humongous Reclaim: 0.0 ms]
      [Free CSet: 0.1 ms]
   [Eden: 258.0M(258.0M)->0.0B(257.0M) Survivors: 10240.0K->12288.0K Heap: 403.5M(472.0M)->147.5M(472.0M)]
 [Times: user=0.02 sys=0.00, real=0.01 secs] 
2024-07-06T11:33:33.915+0800: 568.081: [GC pause (G1 Evacuation Pause) (young), 0.0175037 secs]
   [Parallel Time: 17.0 ms, GC Workers: 2]
      [GC Worker Start (ms): Min: 568081.6, Avg: 568082.6, Max: 568083.6, Diff: 2.0]
      [Ext Root Scanning (ms): Min: 0.0, Avg: 0.4, Max: 0.9, Diff: 0.9, Sum: 0.9]
      [Update RS (ms): Min: 0.0, Avg: 0.0, Max: 0.1, Diff: 0.1, Sum: 0.1]
         [Processed Buffers: Min: 0, Avg: 3.0, Max: 6, Diff: 6, Sum: 6]
      [Scan RS (ms): Min: 0.0, Avg: 0.1, Max: 0.1, Diff: 0.1, Sum: 0.2]
      [Code Root Scanning (ms): Min: 0.0, Avg: 0.0, Max: 0.0, Diff: 0.0, Sum: 0.0]
      [Object Copy (ms): Min: 14.9, Avg: 15.4, Max: 15.9, Diff: 1.0, Sum: 30.8]
      [Termination (ms): Min: 0.0, Avg: 0.0, Max: 0.0, Diff: 0.0, Sum: 0.0]
         [Termination Attempts: Min: 1, Avg: 1.0, Max: 1, Diff: 0, Sum: 2]
      [GC Worker Other (ms): Min: 0.0, Avg: 0.0, Max: 0.0, Diff: 0.0, Sum: 0.0]
      [GC Worker Total (ms): Min: 15.0, Avg: 16.0, Max: 17.0, Diff: 2.0, Sum: 32.0]
      [GC Worker End (ms): Min: 568098.5, Avg: 568098.5, Max: 568098.5, Diff: 0.0]
   [Code Root Fixup: 0.0 ms]
   [Code Root Purge: 0.0 ms]
   [Clear CT: 0.1 ms]
   [Other: 0.4 ms]
      [Choose CSet: 0.0 ms]
      [Ref Proc: 0.1 ms]
      [Ref Enq: 0.0 ms]
      [Redirty Cards: 0.0 ms]
      [Humongous Register: 0.0 ms]
      [Humongous Reclaim: 0.0 ms]
      [Free CSet: 0.1 ms]
   [Eden: 257.0M(257.0M)->0.0B(255.0M) Survivors: 12288.0K->14336.0K Heap: 404.5M(472.0M)->149.5M(472.0M)]
 [Times: user=0.03 sys=0.00, real=0.01 secs] 
2024-07-06T11:33:34.352+0800: 568.519: [GC pause (G1 Evacuation Pause) (young), 0.0142010 secs]
   [Parallel Time: 13.7 ms, GC Workers: 2]
      [GC Worker Start (ms): Min: 568518.8, Avg: 568518.8, Max: 568518.8, Diff: 0.0]
      [Ext Root Scanning (ms): Min: 0.5, Avg: 0.5, Max: 0.5, Diff: 0.0, Sum: 1.1]
      [Update RS (ms): Min: 0.0, Avg: 0.0, Max: 0.0, Diff: 0.0, Sum: 0.1]
         [Processed Buffers: Min: 1, Avg: 2.5, Max: 4, Diff: 3, Sum: 5]
      [Scan RS (ms): Min: 0.1, Avg: 0.1, Max: 0.1, Diff: 0.0, Sum: 0.2]
      [Code Root Scanning (ms): Min: 0.0, Avg: 0.0, Max: 0.0, Diff: 0.0, Sum: 0.0]
      [Object Copy (ms): Min: 12.9, Avg: 13.0, Max: 13.0, Diff: 0.1, Sum: 25.9]
      [Termination (ms): Min: 0.0, Avg: 0.0, Max: 0.0, Diff: 0.0, Sum: 0.0]
         [Termination Attempts: Min: 1, Avg: 1.0, Max: 1, Diff: 0, Sum: 2]
      [GC Worker Other (ms): Min: 0.0, Avg: 0.0, Max: 0.0, Diff: 0.0, Sum: 0.0]
      [GC Worker Total (ms): Min: 13.6, Avg: 13.6, Max: 13.6, Diff: 0.0, Sum: 27.3]
      [GC Worker End (ms): Min: 568532.4, Avg: 568532.4, Max: 568532.4, Diff: 0.0]
   [Code Root Fixup: 0.0 ms]
   [Code Root Purge: 0.0 ms]
   [Clear CT: 0.1 ms]
   [Other: 0.4 ms]
      [Choose CSet: 0.0 ms]
      [Ref Proc: 0.1 ms]
      [Ref Enq: 0.0 ms]
      [Redirty Cards: 0.1 ms]
      [Humongous Register: 0.0 ms]
      [Humongous Reclaim: 0.0 ms]
      [Free CSet: 0.1 ms]
   [Eden: 255.0M(255.0M)->0.0B(256.0M) Survivors: 14336.0K->13312.0K Heap: 404.5M(472.0M)->148.5M(472.0M)]
 [Times: user=0.03 sys=0.00, real=0.01 secs] 
2024-07-06T11:33:34.775+0800: 568.941: [GC pause (G1 Evacuation Pause) (young), 0.0135094 secs]
   [Parallel Time: 13.0 ms, GC Workers: 2]
      [GC Worker Start (ms): Min: 568940.9, Avg: 568940.9, Max: 568941.0, Diff: 0.0]
      [Ext Root Scanning (ms): Min: 0.5, Avg: 0.5, Max: 0.5, Diff: 0.0, Sum: 1.0]
      [Update RS (ms): Min: 0.0, Avg: 0.0, Max: 0.0, Diff: 0.0, Sum: 0.0]
         [Processed Buffers: Min: 1, Avg: 2.5, Max: 4, Diff: 3, Sum: 5]
      [Scan RS (ms): Min: 0.1, Avg: 0.1, Max: 0.1, Diff: 0.0, Sum: 0.2]
      [Code Root Scanning (ms): Min: 0.0, Avg: 0.0, Max: 0.0, Diff: 0.0, Sum: 0.0]
      [Object Copy (ms): Min: 12.3, Avg: 12.3, Max: 12.3, Diff: 0.0, Sum: 24.6]
      [Termination (ms): Min: 0.0, Avg: 0.0, Max: 0.0, Diff: 0.0, Sum: 0.0]
         [Termination Attempts: Min: 1, Avg: 1.0, Max: 1, Diff: 0, Sum: 2]
      [GC Worker Other (ms): Min: 0.0, Avg: 0.0, Max: 0.0, Diff: 0.0, Sum: 0.1]
      [GC Worker Total (ms): Min: 12.9, Avg: 12.9, Max: 12.9, Diff: 0.0, Sum: 25.9]
      [GC Worker End (ms): Min: 568953.9, Avg: 568953.9, Max: 568953.9, Diff: 0.0]
   [Code Root Fixup: 0.0 ms]
   [Code Root Purge: 0.0 ms]
   [Clear CT: 0.1 ms]
   [Other: 0.4 ms]
      [Choose CSet: 0.0 ms]
      [Ref Proc: 0.1 ms]
      [Ref Enq: 0.0 ms]
      [Redirty Cards: 0.0 ms]
      [Humongous Register: 0.0 ms]
      [Humongous Reclaim: 0.0 ms]
      [Free CSet: 0.1 ms]
   [Eden: 256.0M(256.0M)->0.0B(257.0M) Survivors: 13312.0K->12288.0K Heap: 404.5M(472.0M)->148.0M(472.0M)]
 [Times: user=0.03 sys=0.00, real=0.02 secs] 
2024-07-06T11:33:35.203+0800: 569.369: [GC pause (G1 Evacuation Pause) (young), 0.0162288 secs]
   [Parallel Time: 15.5 ms, GC Workers: 2]
      [GC Worker Start (ms): Min: 569368.9, Avg: 569368.9, Max: 569368.9, Diff: 0.0]
      [Ext Root Scanning (ms): Min: 0.5, Avg: 0.5, Max: 0.5, Diff: 0.0, Sum: 1.1]
      [Update RS (ms): Min: 0.0, Avg: 0.0, Max: 0.0, Diff: 0.0, Sum: 0.0]
         [Processed Buffers: Min: 2, Avg: 2.5, Max: 3, Diff: 1, Sum: 5]
      [Scan RS (ms): Min: 0.1, Avg: 0.1, Max: 0.1, Diff: 0.0, Sum: 0.2]
      [Code Root Scanning (ms): Min: 0.0, Avg: 0.0, Max: 0.0, Diff: 0.0, Sum: 0.0]
      [Object Copy (ms): Min: 14.8, Avg: 14.8, Max: 14.8, Diff: 0.0, Sum: 29.6]
      [Termination (ms): Min: 0.0, Avg: 0.0, Max: 0.0, Diff: 0.0, Sum: 0.0]
         [Termination Attempts: Min: 1, Avg: 1.0, Max: 1, Diff: 0, Sum: 2]
      [GC Worker Other (ms): Min: 0.0, Avg: 0.0, Max: 0.0, Diff: 0.0, Sum: 0.0]
      [GC Worker Total (ms): Min: 15.5, Avg: 15.5, Max: 15.5, Diff: 0.0, Sum: 31.0]
      [GC Worker End (ms): Min: 569384.4, Avg: 569384.4, Max: 569384.4, Diff: 0.0]
   [Code Root Fixup: 0.0 ms]
   [Code Root Purge: 0.0 ms]
   [Clear CT: 0.2 ms]
   [Other: 0.5 ms]
      [Choose CSet: 0.0 ms]
      [Ref Proc: 0.1 ms]
      [Ref Enq: 0.0 ms]
      [Redirty Cards: 0.1 ms]
      [Humongous Register: 0.0 ms]
      [Humongous Reclaim: 0.0 ms]
      [Free CSet: 0.2 ms]
   [Eden: 257.0M(257.0M)->0.0B(255.0M) Survivors: 12288.0K->14336.0K Heap: 405.0M(472.0M)->150.0M(472.0M)]
 [Times: user=0.03 sys=0.00, real=0.02 secs] 
2024-07-06T11:33:35.659+0800: 569.825: [GC pause (G1 Evacuation Pause) (young), 0.0187708 secs]
   [Parallel Time: 18.3 ms, GC Workers: 2]
      [GC Worker Start (ms): Min: 569825.5, Avg: 569826.5, Max: 569827.5, Diff: 2.0]
      [Ext Root Scanning (ms): Min: 0.0, Avg: 0.4, Max: 0.8, Diff: 0.8, Sum: 0.8]
      [Update RS (ms): Min: 0.0, Avg: 0.0, Max: 0.0, Diff: 0.0, Sum: 0.0]
         [Processed Buffers: Min: 0, Avg: 2.5, Max: 5, Diff: 5, Sum: 5]
      [Scan RS (ms): Min: 0.0, Avg: 0.1, Max: 0.1, Diff: 0.1, Sum: 0.1]
      [Code Root Scanning (ms): Min: 0.0, Avg: 0.0, Max: 0.0, Diff: 0.0, Sum: 0.0]
      [Object Copy (ms): Min: 16.2, Avg: 16.7, Max: 17.2, Diff: 1.0, Sum: 33.5]
      [Termination (ms): Min: 0.0, Avg: 0.0, Max: 0.0, Diff: 0.0, Sum: 0.0]
         [Termination Attempts: Min: 1, Avg: 1.0, Max: 1, Diff: 0, Sum: 2]
      [GC Worker Other (ms): Min: 0.0, Avg: 0.0, Max: 0.0, Diff: 0.0, Sum: 0.0]
      [GC Worker Total (ms): Min: 16.3, Avg: 17.2, Max: 18.2, Diff: 2.0, Sum: 34.5]
      [GC Worker End (ms): Min: 569843.8, Avg: 569843.8, Max: 569843.8, Diff: 0.0]
   [Code Root Fixup: 0.0 ms]
   [Code Root Purge: 0.0 ms]
   [Clear CT: 0.1 ms]
   [Other: 0.4 ms]
      [Choose CSet: 0.0 ms]
      [Ref Proc: 0.1 ms]
      [Ref Enq: 0.0 ms]
      [Redirty Cards: 0.0 ms]
      [Humongous Register: 0.0 ms]
      [Humongous Reclaim: 0.0 ms]
      [Free CSet: 0.1 ms]
   [Eden: 255.0M(255.0M)->0.0B(255.0M) Survivors: 14336.0K->14336.0K Heap: 405.0M(472.0M)->150.0M(472.0M)]
 [Times: user=0.03 sys=0.00, real=0.02 secs] 
2024-07-06T11:33:36.098+0800: 570.264: [GC pause (G1 Evacuation Pause) (young), 0.0178079 secs]
   [Parallel Time: 17.2 ms, GC Workers: 2]
      [GC Worker Start (ms): Min: 570264.4, Avg: 570264.4, Max: 570264.4, Diff: 0.0]
      [Ext Root Scanning (ms): Min: 0.6, Avg: 0.6, Max: 0.6, Diff: 0.0, Sum: 1.2]
      [Update RS (ms): Min: 0.0, Avg: 0.0, Max: 0.0, Diff: 0.0, Sum: 0.1]
         [Processed Buffers: Min: 1, Avg: 2.5, Max: 4, Diff: 3, Sum: 5]
      [Scan RS (ms): Min: 0.1, Avg: 0.1, Max: 0.1, Diff: 0.0, Sum: 0.2]
      [Code Root Scanning (ms): Min: 0.0, Avg: 0.0, Max: 0.0, Diff: 0.0, Sum: 0.0]
      [Object Copy (ms): Min: 16.4, Avg: 16.4, Max: 16.4, Diff: 0.0, Sum: 32.9]
      [Termination (ms): Min: 0.0, Avg: 0.0, Max: 0.0, Diff: 0.0, Sum: 0.0]
         [Termination Attempts: Min: 1, Avg: 1.0, Max: 1, Diff: 0, Sum: 2]
      [GC Worker Other (ms): Min: 0.0, Avg: 0.0, Max: 0.0, Diff: 0.0, Sum: 0.0]
      [GC Worker Total (ms): Min: 17.1, Avg: 17.1, Max: 17.2, Diff: 0.0, Sum: 34.3]
      [GC Worker End (ms): Min: 570281.6, Avg: 570281.6, Max: 570281.6, Diff: 0.0]
   [Code Root Fixup: 0.0 ms]
   [Code Root Purge: 0.0 ms]
   [Clear CT: 0.1 ms]
   [Other: 0.5 ms]
      [Choose CSet: 0.0 ms]
      [Ref Proc: 0.1 ms]
      [Ref Enq: 0.0 ms]
      [Redirty Cards: 0.1 ms]
      [Humongous Register: 0.0 ms]
      [Humongous Reclaim: 0.0 ms]
      [Free CSet: 0.2 ms]
   [Eden: 255.0M(255.0M)->0.0B(252.0M) Survivors: 14336.0K->16384.0K Heap: 405.0M(472.0M)->151.5M(472.0M)]
 [Times: user=0.03 sys=0.00, real=0.02 secs] 
2024-07-06T11:33:36.543+0800: 570.709: [GC pause (G1 Evacuation Pause) (young), 0.0188070 secs]
   [Parallel Time: 18.3 ms, GC Workers: 2]
      [GC Worker Start (ms): Min: 570708.8, Avg: 570708.9, Max: 570708.9, Diff: 0.0]
      [Ext Root Scanning (ms): Min: 0.5, Avg: 0.6, Max: 0.6, Diff: 0.0, Sum: 1.1]
      [Update RS (ms): Min: 0.0, Avg: 0.0, Max: 0.0, Diff: 0.0, Sum: 0.0]
         [Processed Buffers: Min: 2, Avg: 2.5, Max: 3, Diff: 1, Sum: 5]
      [Scan RS (ms): Min: 0.1, Avg: 0.1, Max: 0.1, Diff: 0.0, Sum: 0.1]
      [Code Root Scanning (ms): Min: 0.0, Avg: 0.0, Max: 0.0, Diff: 0.0, Sum: 0.0]
      [Object Copy (ms): Min: 17.6, Avg: 17.6, Max: 17.6, Diff: 0.0, Sum: 35.1]
      [Termination (ms): Min: 0.0, Avg: 0.0, Max: 0.0, Diff: 0.0, Sum: 0.0]
         [Termination Attempts: Min: 1, Avg: 1.0, Max: 1, Diff: 0, Sum: 2]
      [GC Worker Other (ms): Min: 0.0, Avg: 0.0, Max: 0.0, Diff: 0.0, Sum: 0.0]
      [GC Worker Total (ms): Min: 18.2, Avg: 18.2, Max: 18.2, Diff: 0.0, Sum: 36.5]
      [GC Worker End (ms): Min: 570727.1, Avg: 570727.1, Max: 570727.1, Diff: 0.0]
   [Code Root Fixup: 0.0 ms]
   [Code Root Purge: 0.0 ms]
   [Clear CT: 0.1 ms]
   [Other: 0.4 ms]
      [Choose CSet: 0.0 ms]
      [Ref Proc: 0.1 ms]
      [Ref Enq: 0.0 ms]
      [Redirty Cards: 0.0 ms]
      [Humongous Register: 0.0 ms]
      [Humongous Reclaim: 0.0 ms]
      [Free CSet: 0.1 ms]
   [Eden: 252.0M(252.0M)->0.0B(251.0M) Survivors: 16384.0K->16384.0K Heap: 403.5M(472.0M)->152.0M(472.0M)]
 [Times: user=0.03 sys=0.00, real=0.02 secs] 
2024-07-06T11:33:36.977+0800: 571.143: [GC pause (G1 Evacuation Pause) (young), 0.0140698 secs]
   [Parallel Time: 13.6 ms, GC Workers: 2]
      [GC Worker Start (ms): Min: 571143.6, Avg: 571143.6, Max: 571143.6, Diff: 0.0]
      [Ext Root Scanning (ms): Min: 0.5, Avg: 0.5, Max: 0.6, Diff: 0.0, Sum: 1.1]
      [Update RS (ms): Min: 0.0, Avg: 0.0, Max: 0.0, Diff: 0.0, Sum: 0.1]
         [Processed Buffers: Min: 1, Avg: 2.5, Max: 4, Diff: 3, Sum: 5]
      [Scan RS (ms): Min: 0.1, Avg: 0.1, Max: 0.1, Diff: 0.0, Sum: 0.2]
      [Code Root Scanning (ms): Min: 0.0, Avg: 0.0, Max: 0.0, Diff: 0.0, Sum: 0.0]
      [Object Copy (ms): Min: 12.8, Avg: 12.8, Max: 12.8, Diff: 0.0, Sum: 25.6]
      [Termination (ms): Min: 0.0, Avg: 0.0, Max: 0.0, Diff: 0.0, Sum: 0.0]
         [Termination Attempts: Min: 1, Avg: 1.5, Max: 2, Diff: 1, Sum: 3]
      [GC Worker Other (ms): Min: 0.0, Avg: 0.0, Max: 0.0, Diff: 0.0, Sum: 0.0]
      [GC Worker Total (ms): Min: 13.5, Avg: 13.5, Max: 13.5, Diff: 0.0, Sum: 27.0]
      [GC Worker End (ms): Min: 571157.1, Avg: 571157.1, Max: 571157.1, Diff: 0.0]
   [Code Root Fixup: 0.0 ms]
   [Code Root Purge: 0.0 ms]
   [Clear CT: 0.1 ms]
   [Other: 0.3 ms]
      [Choose CSet: 0.0 ms]
      [Ref Proc: 0.1 ms]
      [Ref Enq: 0.0 ms]
      [Redirty Cards: 0.0 ms]
      [Humongous Register: 0.0 ms]
      [Humongous Reclaim: 0.0 ms]
      [Free CSet: 0.1 ms]
   [Eden: 251.0M(251.0M)->0.0B(254.0M) Survivors: 16384.0K->13312.0K Heap: 403.0M(472.0M)->149.0M(472.0M)]
 [Times: user=0.03 sys=0.00, real=0.01 secs] 
2024-07-06T11:33:37.399+0800: 571.566: [GC pause (G1 Evacuation Pause) (young), 0.0250311 secs]
   [Parallel Time: 24.4 ms, GC Workers: 2]
      [GC Worker Start (ms): Min: 571565.6, Avg: 571565.6, Max: 571565.7, Diff: 0.0]
      [Ext Root Scanning (ms): Min: 0.6, Avg: 0.6, Max: 0.6, Diff: 0.0, Sum: 1.2]
      [Update RS (ms): Min: 0.0, Avg: 0.0, Max: 0.0, Diff: 0.0, Sum: 0.1]
         [Processed Buffers: Min: 1, Avg: 2.5, Max: 4, Diff: 3, Sum: 5]
      [Scan RS (ms): Min: 0.1, Avg: 0.1, Max: 0.1, Diff: 0.0, Sum: 0.2]
      [Code Root Scanning (ms): Min: 0.0, Avg: 0.0, Max: 0.0, Diff: 0.0, Sum: 0.0]
      [Object Copy (ms): Min: 23.6, Avg: 23.6, Max: 23.6, Diff: 0.0, Sum: 47.1]
      [Termination (ms): Min: 0.0, Avg: 0.0, Max: 0.0, Diff: 0.0, Sum: 0.0]
         [Termination Attempts: Min: 1, Avg: 1.0, Max: 1, Diff: 0, Sum: 2]
      [GC Worker Other (ms): Min: 0.0, Avg: 0.0, Max: 0.0, Diff: 0.0, Sum: 0.0]
      [GC Worker Total (ms): Min: 24.3, Avg: 24.3, Max: 24.3, Diff: 0.0, Sum: 48.6]
      [GC Worker End (ms): Min: 571589.9, Avg: 571589.9, Max: 571589.9, Diff: 0.0]
   [Code Root Fixup: 0.0 ms]
   [Code Root Purge: 0.0 ms]
   [Clear CT: 0.1 ms]
   [Other: 0.5 ms]
      [Choose CSet: 0.0 ms]
      [Ref Proc: 0.1 ms]
      [Ref Enq: 0.0 ms]
      [Redirty Cards: 0.1 ms]
      [Humongous Register: 0.0 ms]
      [Humongous Reclaim: 0.0 ms]
      [Free CSet: 0.2 ms]
   [Eden: 254.0M(254.0M)->0.0B(245.0M) Survivors: 13312.0K->20480.0K Heap: 403.0M(472.0M)->156.0M(472.0M)]
 [Times: user=0.05 sys=0.00, real=0.02 secs] 
2024-07-06T11:33:37.894+0800: 572.061: [GC pause (G1 Evacuation Pause) (young), 0.0137299 secs]
   [Parallel Time: 13.1 ms, GC Workers: 2]
      [GC Worker Start (ms): Min: 572060.6, Avg: 572060.6, Max: 572060.6, Diff: 0.0]
      [Ext Root Scanning (ms): Min: 0.5, Avg: 0.5, Max: 0.5, Diff: 0.0, Sum: 1.1]
      [Update RS (ms): Min: 0.0, Avg: 0.0, Max: 0.0, Diff: 0.0, Sum: 0.1]
         [Processed Buffers: Min: 2, Avg: 2.5, Max: 3, Diff: 1, Sum: 5]
      [Scan RS (ms): Min: 0.1, Avg: 0.1, Max: 0.1, Diff: 0.0, Sum: 0.2]
      [Code Root Scanning (ms): Min: 0.0, Avg: 0.0, Max: 0.0, Diff: 0.0, Sum: 0.0]
      [Object Copy (ms): Min: 12.4, Avg: 12.4, Max: 12.4, Diff: 0.0, Sum: 24.8]
      [Termination (ms): Min: 0.0, Avg: 0.0, Max: 0.0, Diff: 0.0, Sum: 0.0]
         [Termination Attempts: Min: 1, Avg: 1.0, Max: 1, Diff: 0, Sum: 2]
      [GC Worker Other (ms): Min: 0.0, Avg: 0.0, Max: 0.0, Diff: 0.0, Sum: 0.0]
      [GC Worker Total (ms): Min: 13.0, Avg: 13.1, Max: 13.1, Diff: 0.0, Sum: 26.1]
      [GC Worker End (ms): Min: 572073.6, Avg: 572073.6, Max: 572073.7, Diff: 0.0]
   [Code Root Fixup: 0.0 ms]
   [Code Root Purge: 0.0 ms]
   [Clear CT: 0.2 ms]
   [Other: 0.5 ms]
      [Choose CSet: 0.0 ms]
      [Ref Proc: 0.2 ms]
      [Ref Enq: 0.0 ms]
      [Redirty Cards: 0.0 ms]
      [Humongous Register: 0.0 ms]
      [Humongous Reclaim: 0.0 ms]
      [Free CSet: 0.2 ms]
   [Eden: 245.0M(245.0M)->0.0B(255.0M) Survivors: 20480.0K->12288.0K Heap: 401.0M(472.0M)->147.6M(472.0M)]
 [Times: user=0.03 sys=0.00, real=0.02 secs] 
2024-07-06T11:33:38.309+0800: 572.475: [GC pause (G1 Evacuation Pause) (young), 0.0124813 secs]
   [Parallel Time: 12.0 ms, GC Workers: 2]
      [GC Worker Start (ms): Min: 572475.4, Avg: 572475.7, Max: 572476.0, Diff: 0.6]
      [Ext Root Scanning (ms): Min: 0.3, Avg: 0.7, Max: 1.1, Diff: 0.9, Sum: 1.4]
      [Update RS (ms): Min: 0.0, Avg: 0.0, Max: 0.1, Diff: 0.1, Sum: 0.1]
         [Processed Buffers: Min: 0, Avg: 3.0, Max: 6, Diff: 6, Sum: 6]
      [Scan RS (ms): Min: 0.0, Avg: 0.1, Max: 0.1, Diff: 0.1, Sum: 0.1]
      [Code Root Scanning (ms): Min: 0.0, Avg: 0.0, Max: 0.0, Diff: 0.0, Sum: 0.0]
      [Object Copy (ms): Min: 10.8, Avg: 10.8, Max: 10.9, Diff: 0.1, Sum: 21.6]
      [Termination (ms): Min: 0.0, Avg: 0.0, Max: 0.0, Diff: 0.0, Sum: 0.0]
         [Termination Attempts: Min: 1, Avg: 1.0, Max: 1, Diff: 0, Sum: 2]
      [GC Worker Other (ms): Min: 0.0, Avg: 0.0, Max: 0.0, Diff: 0.0, Sum: 0.0]
      [GC Worker Total (ms): Min: 11.3, Avg: 11.6, Max: 11.9, Diff: 0.6, Sum: 23.2]
      [GC Worker End (ms): Min: 572487.3, Avg: 572487.3, Max: 572487.3, Diff: 0.0]
   [Code Root Fixup: 0.0 ms]
   [Code Root Purge: 0.0 ms]
   [Clear CT: 0.1 ms]
   [Other: 0.4 ms]
      [Choose CSet: 0.0 ms]
      [Ref Proc: 0.1 ms]
      [Ref Enq: 0.0 ms]
      [Redirty Cards: 0.1 ms]
      [Humongous Register: 0.0 ms]
      [Humongous Reclaim: 0.0 ms]
      [Free CSet: 0.1 ms]
   [Eden: 255.0M(255.0M)->0.0B(257.0M) Survivors: 12288.0K->11264.0K Heap: 402.6M(472.0M)->147.1M(472.0M)]
 [Times: user=0.02 sys=0.00, real=0.01 secs] 
2024-07-06T11:33:38.748+0800: 572.914: [GC pause (G1 Evacuation Pause) (young), 0.0178311 secs]
   [Parallel Time: 17.3 ms, GC Workers: 2]
      [GC Worker Start (ms): Min: 572914.2, Avg: 572914.2, Max: 572914.3, Diff: 0.0]
      [Ext Root Scanning (ms): Min: 0.5, Avg: 0.5, Max: 0.5, Diff: 0.0, Sum: 1.1]
      [Update RS (ms): Min: 0.0, Avg: 0.0, Max: 0.0, Diff: 0.0, Sum: 0.1]
         [Processed Buffers: Min: 1, Avg: 2.5, Max: 4, Diff: 3, Sum: 5]
      [Scan RS (ms): Min: 0.1, Avg: 0.1, Max: 0.1, Diff: 0.0, Sum: 0.2]
      [Code Root Scanning (ms): Min: 0.0, Avg: 0.0, Max: 0.0, Diff: 0.0, Sum: 0.0]
      [Object Copy (ms): Min: 16.5, Avg: 16.5, Max: 16.5, Diff: 0.0, Sum: 33.1]
      [Termination (ms): Min: 0.0, Avg: 0.0, Max: 0.0, Diff: 0.0, Sum: 0.0]
         [Termination Attempts: Min: 1, Avg: 1.0, Max: 1, Diff: 0, Sum: 2]
      [GC Worker Other (ms): Min: 0.0, Avg: 0.0, Max: 0.0, Diff: 0.0, Sum: 0.0]
      [GC Worker Total (ms): Min: 17.2, Avg: 17.2, Max: 17.2, Diff: 0.0, Sum: 34.4]
      [GC Worker End (ms): Min: 572931.5, Avg: 572931.5, Max: 572931.5, Diff: 0.0]
   [Code Root Fixup: 0.0 ms]
   [Code Root Purge: 0.0 ms]
   [Clear CT: 0.1 ms]
   [Other: 0.4 ms]
      [Choose CSet: 0.0 ms]
      [Ref Proc: 0.1 ms]
      [Ref Enq: 0.0 ms]
      [Redirty Cards: 0.0 ms]
      [Humongous Register: 0.0 ms]
      [Humongous Reclaim: 0.0 ms]
      [Free CSet: 0.1 ms]
   [Eden: 257.0M(257.0M)->0.0B(252.0M) Survivors: 11264.0K->16384.0K Heap: 404.1M(472.0M)->151.6M(472.0M)]
 [Times: user=0.03 sys=0.00, real=0.01 secs] 
2024-07-06T11:33:39.250+0800: 573.416: [GC pause (G1 Evacuation Pause) (young), 0.0127897 secs]
   [Parallel Time: 12.3 ms, GC Workers: 2]
      [GC Worker Start (ms): Min: 573416.0, Avg: 573416.0, Max: 573416.0, Diff: 0.0]
      [Ext Root Scanning (ms): Min: 0.5, Avg: 0.6, Max: 0.6, Diff: 0.0, Sum: 1.1]
      [Update RS (ms): Min: 0.0, Avg: 0.0, Max: 0.0, Diff: 0.0, Sum: 0.1]
         [Processed Buffers: Min: 2, Avg: 2.5, Max: 3, Diff: 1, Sum: 5]
      [Scan RS (ms): Min: 0.1, Avg: 0.1, Max: 0.1, Diff: 0.0, Sum: 0.1]
      [Code Root Scanning (ms): Min: 0.0, Avg: 0.0, Max: 0.0, Diff: 0.0, Sum: 0.0]
      [Object Copy (ms): Min: 11.5, Avg: 11.5, Max: 11.5, Diff: 0.0, Sum: 23.1]
      [Termination (ms): Min: 0.0, Avg: 0.0, Max: 0.0, Diff: 0.0, Sum: 0.0]
         [Termination Attempts: Min: 1, Avg: 1.0, Max: 1, Diff: 0, Sum: 2]
      [GC Worker Other (ms): Min: 0.0, Avg: 0.0, Max: 0.0, Diff: 0.0, Sum: 0.0]
      [GC Worker Total (ms): Min: 12.2, Avg: 12.2, Max: 12.2, Diff: 0.0, Sum: 24.4]
      [GC Worker End (ms): Min: 573428.2, Avg: 573428.2, Max: 573428.2, Diff: 0.0]
   [Code Root Fixup: 0.0 ms]
   [Code Root Purge: 0.0 ms]
   [Clear CT: 0.1 ms]
   [Other: 0.4 ms]
      [Choose CSet: 0.0 ms]
      [Ref Proc: 0.1 ms]
      [Ref Enq: 0.0 ms]
      [Redirty Cards: 0.0 ms]
      [Humongous Register: 0.0 ms]
      [Humongous Reclaim: 0.0 ms]
      [Free CSet: 0.1 ms]
   [Eden: 252.0M(252.0M)->0.0B(257.0M) Survivors: 16384.0K->12288.0K Heap: 403.6M(472.0M)->148.1M(472.0M)]
 [Times: user=0.02 sys=0.00, real=0.01 secs] 
2024-07-06T11:33:39.791+0800: 573.957: [GC pause (G1 Evacuation Pause) (young), 0.0164703 secs]
   [Parallel Time: 15.9 ms, GC Workers: 2]
      [GC Worker Start (ms): Min: 573957.6, Avg: 573957.6, Max: 573957.6, Diff: 0.0]
      [Ext Root Scanning (ms): Min: 0.6, Avg: 0.6, Max: 0.6, Diff: 0.0, Sum: 1.2]
      [Update RS (ms): Min: 0.0, Avg: 0.0, Max: 0.0, Diff: 0.0, Sum: 0.1]
         [Processed Buffers: Min: 1, Avg: 2.5, Max: 4, Diff: 3, Sum: 5]
      [Scan RS (ms): Min: 0.1, Avg: 0.1, Max: 0.1, Diff: 0.0, Sum: 0.2]
      [Code Root Scanning (ms): Min: 0.0, Avg: 0.0, Max: 0.0, Diff: 0.0, Sum: 0.0]
      [Object Copy (ms): Min: 15.1, Avg: 15.1, Max: 15.1, Diff: 0.0, Sum: 30.2]
      [Termination (ms): Min: 0.0, Avg: 0.0, Max: 0.0, Diff: 0.0, Sum: 0.0]
         [Termination Attempts: Min: 1, Avg: 1.0, Max: 1, Diff: 0, Sum: 2]
      [GC Worker Other (ms): Min: 0.0, Avg: 0.0, Max: 0.0, Diff: 0.0, Sum: 0.0]
      [GC Worker Total (ms): Min: 15.8, Avg: 15.8, Max: 15.8, Diff: 0.0, Sum: 31.7]
      [GC Worker End (ms): Min: 573973.4, Avg: 573973.4, Max: 573973.4, Diff: 0.0]
   [Code Root Fixup: 0.0 ms]
   [Code Root Purge: 0.0 ms]
   [Clear CT: 0.1 ms]
   [Other: 0.5 ms]
      [Choose CSet: 0.0 ms]
      [Ref Proc: 0.1 ms]
      [Ref Enq: 0.0 ms]
      [Redirty Cards: 0.0 ms]
      [Humongous Register: 0.0 ms]
      [Humongous Reclaim: 0.0 ms]
      [Free CSet: 0.2 ms]
   [Eden: 257.0M(257.0M)->0.0B(257.0M) Survivors: 12288.0K->12288.0K Heap: 405.1M(472.0M)->147.6M(472.0M)]
 [Times: user=0.03 sys=0.00, real=0.02 secs] 
2024-07-06T11:33:40.309+0800: 574.475: [GC pause (G1 Evacuation Pause) (young), 0.0136183 secs]
   [Parallel Time: 13.1 ms, GC Workers: 2]
      [GC Worker Start (ms): Min: 574475.2, Avg: 574475.2, Max: 574475.2, Diff: 0.0]
      [Ext Root Scanning (ms): Min: 0.5, Avg: 0.5, Max: 0.5, Diff: 0.0, Sum: 0.9]
      [Update RS (ms): Min: 0.0, Avg: 0.0, Max: 0.0, Diff: 0.0, Sum: 0.1]
         [Processed Buffers: Min: 2, Avg: 2.5, Max: 3, Diff: 1, Sum: 5]
      [Scan RS (ms): Min: 0.1, Avg: 0.1, Max: 0.1, Diff: 0.0, Sum: 0.2]
      [Code Root Scanning (ms): Min: 0.0, Avg: 0.0, Max: 0.0, Diff: 0.0, Sum: 0.0]
      [Object Copy (ms): Min: 12.4, Avg: 12.5, Max: 12.5, Diff: 0.0, Sum: 24.9]
      [Termination (ms): Min: 0.0, Avg: 0.0, Max: 0.0, Diff: 0.0, Sum: 0.0]
         [Termination Attempts: Min: 1, Avg: 1.0, Max: 1, Diff: 0, Sum: 2]
      [GC Worker Other (ms): Min: 0.0, Avg: 0.0, Max: 0.0, Diff: 0.0, Sum: 0.0]
      [GC Worker Total (ms): Min: 13.0, Avg: 13.0, Max: 13.0, Diff: 0.0, Sum: 26.1]
      [GC Worker End (ms): Min: 574488.3, Avg: 574488.3, Max: 574488.3, Diff: 0.0]
   [Code Root Fixup: 0.0 ms]
   [Code Root Purge: 0.0 ms]
   [Clear CT: 0.1 ms]
   [Other: 0.4 ms]
      [Choose CSet: 0.0 ms]
      [Ref Proc: 0.1 ms]
      [Ref Enq: 0.0 ms]
      [Redirty Cards: 0.0 ms]
      [Humongous Register: 0.0 ms]
      [Humongous Reclaim: 0.0 ms]
      [Free CSet: 0.1 ms]
   [Eden: 257.0M(257.0M)->0.0B(258.0M) Survivors: 12288.0K->12288.0K Heap: 404.6M(472.0M)->148.1M(472.0M)]
 [Times: user=0.03 sys=0.00, real=0.01 secs] 
2024-07-06T11:33:40.768+0800: 574.934: [GC pause (G1 Evacuation Pause) (young), 0.0147596 secs]
   [Parallel Time: 14.2 ms, GC Workers: 2]
      [GC Worker Start (ms): Min: 574934.5, Avg: 574934.5, Max: 574934.5, Diff: 0.0]
      [Ext Root Scanning (ms): Min: 0.6, Avg: 0.6, Max: 0.6, Diff: 0.0, Sum: 1.1]
      [Update RS (ms): Min: 0.0, Avg: 0.0, Max: 0.1, Diff: 0.0, Sum: 0.1]
         [Processed Buffers: Min: 2, Avg: 2.5, Max: 3, Diff: 1, Sum: 5]
      [Scan RS (ms): Min: 0.1, Avg: 0.1, Max: 0.1, Diff: 0.0, Sum: 0.2]
      [Code Root Scanning (ms): Min: 0.0, Avg: 0.0, Max: 0.0, Diff: 0.0, Sum: 0.0]
      [Object Copy (ms): Min: 13.4, Avg: 13.5, Max: 13.5, Diff: 0.0, Sum: 26.9]
      [Termination (ms): Min: 0.0, Avg: 0.0, Max: 0.0, Diff: 0.0, Sum: 0.0]
         [Termination Attempts: Min: 1, Avg: 1.0, Max: 1, Diff: 0, Sum: 2]
      [GC Worker Other (ms): Min: 0.0, Avg: 0.0, Max: 0.0, Diff: 0.0, Sum: 0.0]
      [GC Worker Total (ms): Min: 14.1, Avg: 14.2, Max: 14.2, Diff: 0.0, Sum: 28.3]
      [GC Worker End (ms): Min: 574948.7, Avg: 574948.7, Max: 574948.7, Diff: 0.0]
   [Code Root Fixup: 0.0 ms]
   [Code Root Purge: 0.0 ms]
   [Clear CT: 0.1 ms]
   [Other: 0.4 ms]
      [Choose CSet: 0.0 ms]
      [Ref Proc: 0.1 ms]
      [Ref Enq: 0.0 ms]
      [Redirty Cards: 0.0 ms]
      [Humongous Register: 0.0 ms]
      [Humongous Reclaim: 0.0 ms]
      [Free CSet: 0.2 ms]
   [Eden: 258.0M(258.0M)->0.0B(258.0M) Survivors: 12288.0K->12288.0K Heap: 406.1M(472.0M)->147.6M(472.0M)]
 [Times: user=0.02 sys=0.00, real=0.01 secs] 
2024-07-06T11:33:41.403+0800: 575.569: [GC pause (G1 Evacuation Pause) (young), 0.0191875 secs]
   [Parallel Time: 18.6 ms, GC Workers: 2]
      [GC Worker Start (ms): Min: 575569.6, Avg: 575569.6, Max: 575569.6, Diff: 0.0]
      [Ext Root Scanning (ms): Min: 0.4, Avg: 0.4, Max: 0.5, Diff: 0.0, Sum: 0.9]
      [Update RS (ms): Min: 0.0, Avg: 0.0, Max: 0.0, Diff: 0.0, Sum: 0.1]
         [Processed Buffers: Min: 1, Avg: 2.5, Max: 4, Diff: 3, Sum: 5]
      [Scan RS (ms): Min: 0.1, Avg: 0.1, Max: 0.1, Diff: 0.0, Sum: 0.2]
      [Code Root Scanning (ms): Min: 0.0, Avg: 0.0, Max: 0.0, Diff: 0.0, Sum: 0.0]
      [Object Copy (ms): Min: 17.9, Avg: 17.9, Max: 18.0, Diff: 0.0, Sum: 35.9]
      [Termination (ms): Min: 0.0, Avg: 0.0, Max: 0.0, Diff: 0.0, Sum: 0.0]
         [Termination Attempts: Min: 1, Avg: 1.0, Max: 1, Diff: 0, Sum: 2]
      [GC Worker Other (ms): Min: 0.0, Avg: 0.0, Max: 0.0, Diff: 0.0, Sum: 0.0]
      [GC Worker Total (ms): Min: 18.5, Avg: 18.5, Max: 18.5, Diff: 0.0, Sum: 37.1]
      [GC Worker End (ms): Min: 575588.1, Avg: 575588.1, Max: 575588.1, Diff: 0.0]
   [Code Root Fixup: 0.0 ms]
   [Code Root Purge: 0.0 ms]
   [Clear CT: 0.1 ms]
   [Other: 0.5 ms]
      [Choose CSet: 0.0 ms]
      [Ref Proc: 0.2 ms]
      [Ref Enq: 0.0 ms]
      [Redirty Cards: 0.0 ms]
      [Humongous Register: 0.0 ms]
      [Humongous Reclaim: 0.0 ms]
      [Free CSet: 0.1 ms]
   [Eden: 258.0M(258.0M)->0.0B(255.0M) Survivors: 12288.0K->14336.0K Heap: 405.6M(472.0M)->149.6M(472.0M)]
 [Times: user=0.04 sys=0.00, real=0.02 secs] 
2024-07-06T11:33:42.114+0800: 576.280: [GC pause (G1 Evacuation Pause) (young), 0.0197794 secs]
   [Parallel Time: 19.2 ms, GC Workers: 2]
      [GC Worker Start (ms): Min: 576279.9, Avg: 576279.9, Max: 576280.0, Diff: 0.0]
      [Ext Root Scanning (ms): Min: 0.4, Avg: 0.4, Max: 0.5, Diff: 0.0, Sum: 0.9]
      [Update RS (ms): Min: 0.0, Avg: 0.0, Max: 0.0, Diff: 0.0, Sum: 0.1]
         [Processed Buffers: Min: 1, Avg: 2.5, Max: 4, Diff: 3, Sum: 5]
      [Scan RS (ms): Min: 0.1, Avg: 0.1, Max: 0.1, Diff: 0.0, Sum: 0.2]
      [Code Root Scanning (ms): Min: 0.0, Avg: 0.0, Max: 0.0, Diff: 0.0, Sum: 0.0]
      [Object Copy (ms): Min: 18.6, Avg: 18.6, Max: 18.6, Diff: 0.0, Sum: 37.2]
      [Termination (ms): Min: 0.0, Avg: 0.0, Max: 0.0, Diff: 0.0, Sum: 0.0]
         [Termination Attempts: Min: 1, Avg: 1.0, Max: 1, Diff: 0, Sum: 2]
      [GC Worker Other (ms): Min: 0.0, Avg: 0.0, Max: 0.0, Diff: 0.0, Sum: 0.0]
      [GC Worker Total (ms): Min: 19.2, Avg: 19.2, Max: 19.2, Diff: 0.0, Sum: 38.4]
      [GC Worker End (ms): Min: 576299.1, Avg: 576299.1, Max: 576299.1, Diff: 0.0]
   [Code Root Fixup: 0.0 ms]
   [Code Root Purge: 0.0 ms]
   [Clear CT: 0.1 ms]
   [Other: 0.4 ms]
      [Choose CSet: 0.0 ms]
      [Ref Proc: 0.1 ms]
      [Ref Enq: 0.0 ms]
      [Redirty Cards: 0.1 ms]
      [Humongous Register: 0.0 ms]
      [Humongous Reclaim: 0.0 ms]
      [Free CSet: 0.1 ms]
   [Eden: 255.0M(255.0M)->0.0B(258.0M) Survivors: 14336.0K->12288.0K Heap: 404.6M(472.0M)->148.1M(472.0M)]
 [Times: user=0.04 sys=0.00, real=0.02 secs] 
2024-07-06T11:33:42.535+0800: 576.701: [GC pause (G1 Evacuation Pause) (young), 0.0145797 secs]
   [Parallel Time: 14.0 ms, GC Workers: 2]
      [GC Worker Start (ms): Min: 576701.5, Avg: 576701.5, Max: 576701.5, Diff: 0.0]
      [Ext Root Scanning (ms): Min: 0.5, Avg: 0.5, Max: 0.5, Diff: 0.0, Sum: 1.1]
      [Update RS (ms): Min: 0.0, Avg: 0.0, Max: 0.0, Diff: 0.0, Sum: 0.1]
         [Processed Buffers: Min: 2, Avg: 2.5, Max: 3, Diff: 1, Sum: 5]
      [Scan RS (ms): Min: 0.1, Avg: 0.1, Max: 0.1, Diff: 0.0, Sum: 0.1]
      [Code Root Scanning (ms): Min: 0.0, Avg: 0.0, Max: 0.0, Diff: 0.0, Sum: 0.0]
      [Object Copy (ms): Min: 13.3, Avg: 13.3, Max: 13.3, Diff: 0.0, Sum: 26.7]
      [Termination (ms): Min: 0.0, Avg: 0.0, Max: 0.0, Diff: 0.0, Sum: 0.0]
         [Termination Attempts: Min: 1, Avg: 2.0, Max: 3, Diff: 2, Sum: 4]
      [GC Worker Other (ms): Min: 0.0, Avg: 0.0, Max: 0.0, Diff: 0.0, Sum: 0.0]
      [GC Worker Total (ms): Min: 14.0, Avg: 14.0, Max: 14.0, Diff: 0.0, Sum: 28.0]
      [GC Worker End (ms): Min: 576715.5, Avg: 576715.5, Max: 576715.5, Diff: 0.0]
   [Code Root Fixup: 0.0 ms]
   [Code Root Purge: 0.0 ms]
   [Clear CT: 0.1 ms]
   [Other: 0.4 ms]
      [Choose CSet: 0.0 ms]
      [Ref Proc: 0.1 ms]
      [Ref Enq: 0.0 ms]
      [Redirty Cards: 0.0 ms]
      [Humongous Register: 0.0 ms]
      [Humongous Reclaim: 0.0 ms]
      [Free CSet: 0.1 ms]
   [Eden: 258.0M(258.0M)->0.0B(255.0M) Survivors: 12288.0K->14336.0K Heap: 406.1M(472.0M)->150.1M(472.0M)]
 [Times: user=0.03 sys=0.00, real=0.01 secs] 
2024-07-06T11:33:42.986+0800: 577.152: [GC pause (G1 Evacuation Pause) (young), 0.0149852 secs]
   [Parallel Time: 14.5 ms, GC Workers: 2]
      [GC Worker Start (ms): Min: 577151.8, Avg: 577151.9, Max: 577151.9, Diff: 0.0]
      [Ext Root Scanning (ms): Min: 0.5, Avg: 0.5, Max: 0.5, Diff: 0.0, Sum: 1.0]
      [Update RS (ms): Min: 0.0, Avg: 0.0, Max: 0.0, Diff: 0.0, Sum: 0.1]
         [Processed Buffers: Min: 2, Avg: 2.5, Max: 3, Diff: 1, Sum: 5]
      [Scan RS (ms): Min: 0.1, Avg: 0.1, Max: 0.1, Diff: 0.0, Sum: 0.1]
      [Code Root Scanning (ms): Min: 0.0, Avg: 0.0, Max: 0.0, Diff: 0.0, Sum: 0.0]
      [Object Copy (ms): Min: 13.7, Avg: 13.8, Max: 13.8, Diff: 0.0, Sum: 27.5]
      [Termination (ms): Min: 0.0, Avg: 0.0, Max: 0.0, Diff: 0.0, Sum: 0.0]
         [Termination Attempts: Min: 1, Avg: 1.0, Max: 1, Diff: 0, Sum: 2]
      [GC Worker Other (ms): Min: 0.0, Avg: 0.0, Max: 0.1, Diff: 0.0, Sum: 0.1]
      [GC Worker Total (ms): Min: 14.4, Avg: 14.4, Max: 14.4, Diff: 0.0, Sum: 28.8]
      [GC Worker End (ms): Min: 577166.2, Avg: 577166.2, Max: 577166.3, Diff: 0.0]
   [Code Root Fixup: 0.0 ms]
   [Code Root Purge: 0.0 ms]
   [Clear CT: 0.1 ms]
   [Other: 0.4 ms]
      [Choose CSet: 0.0 ms]
      [Ref Proc: 0.1 ms]
      [Ref Enq: 0.0 ms]
      [Redirty Cards: 0.0 ms]
      [Humongous Register: 0.0 ms]
      [Humongous Reclaim: 0.0 ms]
      [Free CSet: 0.2 ms]
   [Eden: 255.0M(255.0M)->0.0B(256.0M) Survivors: 14336.0K->13312.0K Heap: 405.1M(472.0M)->149.1M(472.0M)]
 [Times: user=0.03 sys=0.00, real=0.02 secs] 
2024-07-06T11:33:43.431+0800: 577.597: [GC pause (G1 Evacuation Pause) (young), 0.0151732 secs]
   [Parallel Time: 14.6 ms, GC Workers: 2]
      [GC Worker Start (ms): Min: 577597.0, Avg: 577597.0, Max: 577597.0, Diff: 0.0]
      [Ext Root Scanning (ms): Min: 0.5, Avg: 0.6, Max: 0.6, Diff: 0.0, Sum: 1.1]
      [Update RS (ms): Min: 0.0, Avg: 0.0, Max: 0.0, Diff: 0.0, Sum: 0.1]
         [Processed Buffers: Min: 3, Avg: 3.0, Max: 3, Diff: 0, Sum: 6]
      [Scan RS (ms): Min: 0.1, Avg: 0.1, Max: 0.1, Diff: 0.0, Sum: 0.1]
      [Code Root Scanning (ms): Min: 0.0, Avg: 0.0, Max: 0.0, Diff: 0.0, Sum: 0.0]
      [Object Copy (ms): Min: 13.8, Avg: 13.8, Max: 13.8, Diff: 0.0, Sum: 27.6]
      [Termination (ms): Min: 0.0, Avg: 0.0, Max: 0.0, Diff: 0.0, Sum: 0.0]
         [Termination Attempts: Min: 1, Avg: 1.0, Max: 1, Diff: 0, Sum: 2]
      [GC Worker Other (ms): Min: 0.0, Avg: 0.0, Max: 0.0, Diff: 0.0, Sum: 0.0]
      [GC Worker Total (ms): Min: 14.5, Avg: 14.5, Max: 14.5, Diff: 0.0, Sum: 29.0]
      [GC Worker End (ms): Min: 577611.5, Avg: 577611.5, Max: 577611.5, Diff: 0.0]
   [Code Root Fixup: 0.0 ms]
   [Code Root Purge: 0.0 ms]
   [Clear CT: 0.1 ms]
   [Other: 0.5 ms]
      [Choose CSet: 0.0 ms]
      [Ref Proc: 0.1 ms]
      [Ref Enq: 0.0 ms]
      [Redirty Cards: 0.1 ms]
      [Humongous Register: 0.0 ms]
      [Humongous Reclaim: 0.0 ms]
      [Free CSet: 0.2 ms]
   [Eden: 256.0M(256.0M)->0.0B(256.0M) Survivors: 13312.0K->13312.0K Heap: 405.1M(472.0M)->149.1M(472.0M)]
 [Times: user=0.03 sys=0.00, real=0.01 secs] 
2024-07-06T11:33:43.878+0800: 578.044: [GC pause (G1 Evacuation Pause) (young), 0.0305171 secs]
   [Parallel Time: 29.7 ms, GC Workers: 2]
      [GC Worker Start (ms): Min: 578044.0, Avg: 578044.3, Max: 578044.5, Diff: 0.5]
      [Ext Root Scanning (ms): Min: 0.4, Avg: 0.8, Max: 1.2, Diff: 0.8, Sum: 1.5]
      [Update RS (ms): Min: 0.0, Avg: 0.1, Max: 0.1, Diff: 0.1, Sum: 0.1]
         [Processed Buffers: Min: 0, Avg: 3.0, Max: 6, Diff: 6, Sum: 6]
      [Scan RS (ms): Min: 0.0, Avg: 0.1, Max: 0.2, Diff: 0.2, Sum: 0.2]
      [Code Root Scanning (ms): Min: 0.0, Avg: 0.0, Max: 0.0, Diff: 0.0, Sum: 0.0]
      [Object Copy (ms): Min: 27.1, Avg: 27.8, Max: 28.4, Diff: 1.3, Sum: 55.6]
      [Termination (ms): Min: 0.0, Avg: 0.7, Max: 1.3, Diff: 1.3, Sum: 1.3]
         [Termination Attempts: Min: 1, Avg: 1.0, Max: 1, Diff: 0, Sum: 2]
      [GC Worker Other (ms): Min: 0.0, Avg: 0.0, Max: 0.0, Diff: 0.0, Sum: 0.0]
      [GC Worker Total (ms): Min: 29.1, Avg: 29.4, Max: 29.6, Diff: 0.5, Sum: 58.8]
      [GC Worker End (ms): Min: 578073.6, Avg: 578073.7, Max: 578073.7, Diff: 0.0]
   [Code Root Fixup: 0.0 ms]
   [Code Root Purge: 0.0 ms]
   [Clear CT: 0.2 ms]
   [Other: 0.6 ms]
      [Choose CSet: 0.0 ms]
      [Ref Proc: 0.2 ms]
      [Ref Enq: 0.0 ms]
      [Redirty Cards: 0.1 ms]
      [Humongous Register: 0.0 ms]
      [Humongous Reclaim: 0.0 ms]
      [Free CSet: 0.2 ms]
   [Eden: 256.0M(256.0M)->0.0B(256.0M) Survivors: 13312.0K->13312.0K Heap: 405.1M(472.0M)->149.1M(472.0M)]
 [Times: user=0.02 sys=0.00, real=0.03 secs] 
2024-07-06T11:33:44.367+0800: 578.533: [GC pause (G1 Evacuation Pause) (young), 0.0180907 secs]
   [Parallel Time: 17.6 ms, GC Workers: 2]
      [GC Worker Start (ms): Min: 578533.1, Avg: 578533.2, Max: 578533.3, Diff: 0.2]
      [Ext Root Scanning (ms): Min: 0.4, Avg: 0.5, Max: 0.6, Diff: 0.2, Sum: 1.0]
      [Update RS (ms): Min: 0.0, Avg: 0.0, Max: 0.0, Diff: 0.0, Sum: 0.1]
         [Processed Buffers: Min: 1, Avg: 2.5, Max: 4, Diff: 3, Sum: 5]
      [Scan RS (ms): Min: 0.1, Avg: 0.1, Max: 0.1, Diff: 0.0, Sum: 0.1]
      [Code Root Scanning (ms): Min: 0.0, Avg: 0.0, Max: 0.0, Diff: 0.0, Sum: 0.0]
      [Object Copy (ms): Min: 16.3, Avg: 16.5, Max: 16.7, Diff: 0.4, Sum: 33.1]
      [Termination (ms): Min: 0.0, Avg: 0.2, Max: 0.4, Diff: 0.4, Sum: 0.4]
         [Termination Attempts: Min: 1, Avg: 1.5, Max: 2, Diff: 1, Sum: 3]
      [GC Worker Other (ms): Min: 0.0, Avg: 0.0, Max: 0.0, Diff: 0.0, Sum: 0.0]
      [GC Worker Total (ms): Min: 17.3, Avg: 17.4, Max: 17.5, Diff: 0.2, Sum: 34.7]
      [GC Worker End (ms): Min: 578550.6, Avg: 578550.6, Max: 578550.6, Diff: 0.0]
   [Code Root Fixup: 0.0 ms]
   [Code Root Purge: 0.0 ms]
   [Clear CT: 0.1 ms]
   [Other: 0.4 ms]
      [Choose CSet: 0.0 ms]
      [Ref Proc: 0.1 ms]
      [Ref Enq: 0.0 ms]
      [Redirty Cards: 0.0 ms]
      [Humongous Register: 0.0 ms]
      [Humongous Reclaim: 0.0 ms]
      [Free CSet: 0.2 ms]
   [Eden: 256.0M(256.0M)->0.0B(254.0M) Survivors: 13312.0K->15360.0K Heap: 405.1M(472.0M)->151.1M(472.0M)]
 [Times: user=0.03 sys=0.00, real=0.02 secs] 
2024-07-06T11:33:44.787+0800: 578.953: [GC pause (G1 Evacuation Pause) (young), 0.0166094 secs]
   [Parallel Time: 16.0 ms, GC Workers: 2]
      [GC Worker Start (ms): Min: 578952.8, Avg: 578952.8, Max: 578952.8, Diff: 0.0]
      [Ext Root Scanning (ms): Min: 0.5, Avg: 0.5, Max: 0.5, Diff: 0.0, Sum: 1.1]
      [Update RS (ms): Min: 0.0, Avg: 0.0, Max: 0.0, Diff: 0.0, Sum: 0.1]
         [Processed Buffers: Min: 2, Avg: 2.5, Max: 3, Diff: 1, Sum: 5]
      [Scan RS (ms): Min: 0.1, Avg: 0.1, Max: 0.1, Diff: 0.0, Sum: 0.1]
      [Code Root Scanning (ms): Min: 0.0, Avg: 0.0, Max: 0.0, Diff: 0.0, Sum: 0.0]
      [Object Copy (ms): Min: 15.3, Avg: 15.3, Max: 15.3, Diff: 0.0, Sum: 30.6]
      [Termination (ms): Min: 0.0, Avg: 0.0, Max: 0.0, Diff: 0.0, Sum: 0.0]
         [Termination Attempts: Min: 1, Avg: 1.0, Max: 1, Diff: 0, Sum: 2]
      [GC Worker Other (ms): Min: 0.0, Avg: 0.0, Max: 0.0, Diff: 0.0, Sum: 0.0]
      [GC Worker Total (ms): Min: 16.0, Avg: 16.0, Max: 16.0, Diff: 0.0, Sum: 31.9]
      [GC Worker End (ms): Min: 578968.8, Avg: 578968.8, Max: 578968.8, Diff: 0.0]
   [Code Root Fixup: 0.0 ms]
   [Code Root Purge: 0.0 ms]
   [Clear CT: 0.1 ms]
   [Other: 0.4 ms]
      [Choose CSet: 0.0 ms]
      [Ref Proc: 0.1 ms]
      [Ref Enq: 0.0 ms]
      [Redirty Cards: 0.1 ms]
      [Humongous Register: 0.0 ms]
      [Humongous Reclaim: 0.0 ms]
      [Free CSet: 0.1 ms]
   [Eden: 254.0M(254.0M)->0.0B(253.0M) Survivors: 15360.0K->15360.0K Heap: 405.1M(472.0M)->151.1M(472.0M)]
 [Times: user=0.03 sys=0.00, real=0.02 secs] 
2024-07-06T11:33:45.195+0800: 579.361: [GC pause (G1 Evacuation Pause) (young), 0.0143849 secs]
   [Parallel Time: 13.9 ms, GC Workers: 2]
      [GC Worker Start (ms): Min: 579361.6, Avg: 579361.6, Max: 579361.6, Diff: 0.0]
      [Ext Root Scanning (ms): Min: 0.6, Avg: 0.6, Max: 0.6, Diff: 0.0, Sum: 1.2]
      [Update RS (ms): Min: 0.0, Avg: 0.0, Max: 0.0, Diff: 0.0, Sum: 0.1]
         [Processed Buffers: Min: 1, Avg: 2.5, Max: 4, Diff: 3, Sum: 5]
      [Scan RS (ms): Min: 0.1, Avg: 0.1, Max: 0.1, Diff: 0.0, Sum: 0.2]
      [Code Root Scanning (ms): Min: 0.0, Avg: 0.0, Max: 0.0, Diff: 0.0, Sum: 0.0]
      [Object Copy (ms): Min: 13.0, Avg: 13.1, Max: 13.1, Diff: 0.0, Sum: 26.1]
      [Termination (ms): Min: 0.0, Avg: 0.0, Max: 0.0, Diff: 0.0, Sum: 0.0]
         [Termination Attempts: Min: 1, Avg: 1.0, Max: 1, Diff: 0, Sum: 2]
      [GC Worker Other (ms): Min: 0.0, Avg: 0.0, Max: 0.0, Diff: 0.0, Sum: 0.0]
      [GC Worker Total (ms): Min: 13.8, Avg: 13.8, Max: 13.8, Diff: 0.0, Sum: 27.6]
      [GC Worker End (ms): Min: 579375.4, Avg: 579375.4, Max: 579375.4, Diff: 0.0]
   [Code Root Fixup: 0.0 ms]
   [Code Root Purge: 0.0 ms]
   [Clear CT: 0.1 ms]
   [Other: 0.4 ms]
      [Choose CSet: 0.0 ms]
      [Ref Proc: 0.1 ms]
      [Ref Enq: 0.0 ms]
      [Redirty Cards: 0.0 ms]
      [Humongous Register: 0.0 ms]
      [Humongous Reclaim: 0.0 ms]
      [Free CSet: 0.1 ms]
   [Eden: 253.0M(253.0M)->0.0B(255.0M) Survivors: 15360.0K->13312.0K Heap: 404.1M(472.0M)->148.6M(472.0M)]
 [Times: user=0.03 sys=0.00, real=0.01 secs] 
2024-07-06T11:33:45.632+0800: 579.798: [GC pause (G1 Evacuation Pause) (young), 0.0198078 secs]
   [Parallel Time: 19.2 ms, GC Workers: 2]
      [GC Worker Start (ms): Min: 579798.4, Avg: 579798.4, Max: 579798.4, Diff: 0.0]
      [Ext Root Scanning (ms): Min: 0.6, Avg: 0.6, Max: 0.6, Diff: 0.0, Sum: 1.2]
      [Update RS (ms): Min: 0.0, Avg: 0.0, Max: 0.0, Diff: 0.0, Sum: 0.1]
         [Processed Buffers: Min: 1, Avg: 2.5, Max: 4, Diff: 3, Sum: 5]
      [Scan RS (ms): Min: 0.1, Avg: 0.1, Max: 0.1, Diff: 0.0, Sum: 0.2]
      [Code Root Scanning (ms): Min: 0.0, Avg: 0.0, Max: 0.0, Diff: 0.0, Sum: 0.0]
      [Object Copy (ms): Min: 18.4, Avg: 18.4, Max: 18.4, Diff: 0.0, Sum: 36.8]
      [Termination (ms): Min: 0.0, Avg: 0.0, Max: 0.0, Diff: 0.0, Sum: 0.0]
         [Termination Attempts: Min: 1, Avg: 1.0, Max: 1, Diff: 0, Sum: 2]
      [GC Worker Other (ms): Min: 0.0, Avg: 0.0, Max: 0.0, Diff: 0.0, Sum: 0.0]
      [GC Worker Total (ms): Min: 19.1, Avg: 19.1, Max: 19.1, Diff: 0.0, Sum: 38.3]
      [GC Worker End (ms): Min: 579817.5, Avg: 579817.5, Max: 579817.5, Diff: 0.0]
   [Code Root Fixup: 0.0 ms]
   [Code Root Purge: 0.0 ms]
   [Clear CT: 0.1 ms]
   [Other: 0.5 ms]
      [Choose CSet: 0.0 ms]
      [Ref Proc: 0.1 ms]
      [Ref Enq: 0.0 ms]
      [Redirty Cards: 0.1 ms]
      [Humongous Register: 0.0 ms]
      [Humongous Reclaim: 0.0 ms]
      [Free CSet: 0.2 ms]
   [Eden: 255.0M(255.0M)->0.0B(253.0M) Survivors: 13312.0K->15360.0K Heap: 403.6M(472.0M)->151.1M(472.0M)]
 [Times: user=0.04 sys=0.00, real=0.02 secs] 
2024-07-06T11:33:46.119+0800: 580.285: [GC pause (G1 Evacuation Pause) (young), 0.0054916 secs]
   [Parallel Time: 5.0 ms, GC Workers: 2]
      [GC Worker Start (ms): Min: 580285.5, Avg: 580285.5, Max: 580285.5, Diff: 0.0]
      [Ext Root Scanning (ms): Min: 0.5, Avg: 0.5, Max: 0.5, Diff: 0.0, Sum: 1.0]
      [Update RS (ms): Min: 0.0, Avg: 0.0, Max: 0.0, Diff: 0.0, Sum: 0.1]
         [Processed Buffers: Min: 2, Avg: 2.5, Max: 3, Diff: 1, Sum: 5]
      [Scan RS (ms): Min: 0.1, Avg: 0.1, Max: 0.1, Diff: 0.0, Sum: 0.2]
      [Code Root Scanning (ms): Min: 0.0, Avg: 0.0, Max: 0.0, Diff: 0.0, Sum: 0.0]
      [Object Copy (ms): Min: 4.3, Avg: 4.3, Max: 4.3, Diff: 0.0, Sum: 8.6]
      [Termination (ms): Min: 0.0, Avg: 0.0, Max: 0.0, Diff: 0.0, Sum: 0.0]
         [Termination Attempts: Min: 1, Avg: 1.0, Max: 1, Diff: 0, Sum: 2]
      [GC Worker Other (ms): Min: 0.0, Avg: 0.0, Max: 0.0, Diff: 0.0, Sum: 0.0]
      [GC Worker Total (ms): Min: 4.9, Avg: 4.9, Max: 5.0, Diff: 0.0, Sum: 9.9]
      [GC Worker End (ms): Min: 580290.5, Avg: 580290.5, Max: 580290.5, Diff: 0.0]
   [Code Root Fixup: 0.0 ms]
   [Code Root Purge: 0.0 ms]
   [Clear CT: 0.1 ms]
   [Other: 0.4 ms]
      [Choose CSet: 0.0 ms]
      [Ref Proc: 0.1 ms]
      [Ref Enq: 0.0 ms]
      [Redirty Cards: 0.1 ms]
      [Humongous Register: 0.0 ms]
      [Humongous Reclaim: 0.0 ms]
      [Free CSet: 0.1 ms]
   [Eden: 253.0M(253.0M)->0.0B(264.0M) Survivors: 15360.0K->6144.0K Heap: 404.1M(472.0M)->142.1M(472.0M)]
 [Times: user=0.01 sys=0.00, real=0.00 secs] 
2024-07-06T11:33:46.575+0800: 580.741: [GC pause (G1 Evacuation Pause) (young), 0.0201229 secs]
   [Parallel Time: 19.5 ms, GC Workers: 2]
      [GC Worker Start (ms): Min: 580741.6, Avg: 580741.6, Max: 580741.6, Diff: 0.0]
      [Ext Root Scanning (ms): Min: 0.6, Avg: 0.6, Max: 0.6, Diff: 0.0, Sum: 1.2]
      [Update RS (ms): Min: 0.0, Avg: 0.0, Max: 0.0, Diff: 0.0, Sum: 0.1]
         [Processed Buffers: Min: 2, Avg: 2.5, Max: 3, Diff: 1, Sum: 5]
      [Scan RS (ms): Min: 0.1, Avg: 0.1, Max: 0.1, Diff: 0.0, Sum: 0.1]
      [Code Root Scanning (ms): Min: 0.0, Avg: 0.0, Max: 0.0, Diff: 0.0, Sum: 0.0]
      [Object Copy (ms): Min: 18.7, Avg: 18.7, Max: 18.7, Diff: 0.0, Sum: 37.5]
      [Termination (ms): Min: 0.0, Avg: 0.0, Max: 0.0, Diff: 0.0, Sum: 0.0]
         [Termination Attempts: Min: 1, Avg: 1.0, Max: 1, Diff: 0, Sum: 2]
      [GC Worker Other (ms): Min: 0.0, Avg: 0.0, Max: 0.0, Diff: 0.0, Sum: 0.0]
      [GC Worker Total (ms): Min: 19.4, Avg: 19.5, Max: 19.5, Diff: 0.0, Sum: 38.9]
      [GC Worker End (ms): Min: 580761.1, Avg: 580761.1, Max: 580761.1, Diff: 0.0]
   [Code Root Fixup: 0.0 ms]
   [Code Root Purge: 0.0 ms]
   [Clear CT: 0.1 ms]
   [Other: 0.4 ms]
      [Choose CSet: 0.0 ms]
      [Ref Proc: 0.1 ms]
      [Ref Enq: 0.0 ms]
      [Redirty Cards: 0.0 ms]
      [Humongous Register: 0.0 ms]
      [Humongous Reclaim: 0.0 ms]
      [Free CSet: 0.2 ms]
   [Eden: 264.0M(264.0M)->0.0B(251.0M) Survivors: 6144.0K->17408.0K Heap: 406.1M(472.0M)->153.1M(472.0M)]
 [Times: user=0.04 sys=0.00, real=0.02 secs] 
2024-07-06T11:33:47.013+0800: 581.179: [GC pause (G1 Evacuation Pause) (young), 0.0199272 secs]
   [Parallel Time: 19.3 ms, GC Workers: 2]
      [GC Worker Start (ms): Min: 581179.2, Avg: 581179.3, Max: 581179.3, Diff: 0.0]
      [Ext Root Scanning (ms): Min: 0.5, Avg: 0.5, Max: 0.5, Diff: 0.0, Sum: 1.1]
      [Update RS (ms): Min: 0.0, Avg: 0.0, Max: 0.0, Diff: 0.0, Sum: 0.0]
         [Processed Buffers: Min: 2, Avg: 2.5, Max: 3, Diff: 1, Sum: 5]
      [Scan RS (ms): Min: 0.1, Avg: 0.1, Max: 0.1, Diff: 0.0, Sum: 0.1]
      [Code Root Scanning (ms): Min: 0.0, Avg: 0.0, Max: 0.0, Diff: 0.0, Sum: 0.0]
      [Object Copy (ms): Min: 18.6, Avg: 18.6, Max: 18.6, Diff: 0.0, Sum: 37.2]
      [Termination (ms): Min: 0.0, Avg: 0.0, Max: 0.0, Diff: 0.0, Sum: 0.0]
         [Termination Attempts: Min: 1, Avg: 1.0, Max: 1, Diff: 0, Sum: 2]
      [GC Worker Other (ms): Min: 0.0, Avg: 0.0, Max: 0.0, Diff: 0.0, Sum: 0.0]
      [GC Worker Total (ms): Min: 19.3, Avg: 19.3, Max: 19.3, Diff: 0.0, Sum: 38.5]
      [GC Worker End (ms): Min: 581198.5, Avg: 581198.5, Max: 581198.5, Diff: 0.0]
   [Code Root Fixup: 0.0 ms]
   [Code Root Purge: 0.0 ms]
   [Clear CT: 0.1 ms]
   [Other: 0.5 ms]
      [Choose CSet: 0.0 ms]
      [Ref Proc: 0.1 ms]
      [Ref Enq: 0.0 ms]
      [Redirty Cards: 0.1 ms]
      [Humongous Register: 0.0 ms]
      [Humongous Reclaim: 0.0 ms]
      [Free CSet: 0.2 ms]
   [Eden: 251.0M(251.0M)->0.0B(250.0M) Survivors: 17408.0K->17408.0K Heap: 404.1M(472.0M)->153.1M(472.0M)]
 [Times: user=0.04 sys=0.00, real=0.02 secs] 
2024-07-06T11:33:47.466+0800: 581.633: [GC pause (G1 Evacuation Pause) (young), 0.0075428 secs]
   [Parallel Time: 7.0 ms, GC Workers: 2]
      [GC Worker Start (ms): Min: 581632.7, Avg: 581632.8, Max: 581632.9, Diff: 0.2]
      [Ext Root Scanning (ms): Min: 0.6, Avg: 0.7, Max: 0.9, Diff: 0.3, Sum: 1.5]
      [Update RS (ms): Min: 0.0, Avg: 0.0, Max: 0.0, Diff: 0.0, Sum: 0.1]
         [Processed Buffers: Min: 2, Avg: 2.5, Max: 3, Diff: 1, Sum: 5]
      [Scan RS (ms): Min: 0.1, Avg: 0.1, Max: 0.1, Diff: 0.0, Sum: 0.2]
      [Code Root Scanning (ms): Min: 0.0, Avg: 0.0, Max: 0.0, Diff: 0.0, Sum: 0.0]
      [Object Copy (ms): Min: 5.9, Avg: 6.0, Max: 6.0, Diff: 0.1, Sum: 11.9]
      [Termination (ms): Min: 0.0, Avg: 0.0, Max: 0.0, Diff: 0.0, Sum: 0.0]
         [Termination Attempts: Min: 1, Avg: 1.5, Max: 2, Diff: 1, Sum: 3]
      [GC Worker Other (ms): Min: 0.0, Avg: 0.0, Max: 0.0, Diff: 0.0, Sum: 0.0]
      [GC Worker Total (ms): Min: 6.7, Avg: 6.8, Max: 6.9, Diff: 0.2, Sum: 13.6]
      [GC Worker End (ms): Min: 581639.6, Avg: 581639.6, Max: 581639.6, Diff: 0.0]
   [Code Root Fixup: 0.0 ms]
   [Code Root Purge: 0.0 ms]
   [Clear CT: 0.1 ms]
   [Other: 0.5 ms]
      [Choose CSet: 0.0 ms]
      [Ref Proc: 0.1 ms]
      [Ref Enq: 0.0 ms]
      [Redirty Cards: 0.0 ms]
      [Humongous Register: 0.0 ms]
      [Humongous Reclaim: 0.0 ms]
      [Free CSet: 0.2 ms]
   [Eden: 250.0M(250.0M)->0.0B(262.0M) Survivors: 17408.0K->7168.0K Heap: 403.1M(472.0M)->143.1M(472.0M)]
 [Times: user=0.01 sys=0.00, real=0.01 secs] 
2024-07-06T11:33:47.884+0800: 582.051: [GC pause (G1 Evacuation Pause) (young), 0.0217358 secs]
   [Parallel Time: 21.2 ms, GC Workers: 2]
      [GC Worker Start (ms): Min: 582050.6, Avg: 582050.6, Max: 582050.6, Diff: 0.0]
      [Ext Root Scanning (ms): Min: 0.6, Avg: 0.6, Max: 0.6, Diff: 0.1, Sum: 1.2]
      [Update RS (ms): Min: 0.0, Avg: 0.1, Max: 0.1, Diff: 0.0, Sum: 0.1]
         [Processed Buffers: Min: 1, Avg: 2.5, Max: 4, Diff: 3, Sum: 5]
      [Scan RS (ms): Min: 0.1, Avg: 0.1, Max: 0.1, Diff: 0.1, Sum: 0.2]
      [Code Root Scanning (ms): Min: 0.0, Avg: 0.0, Max: 0.0, Diff: 0.0, Sum: 0.0]
      [Object Copy (ms): Min: 20.3, Avg: 20.3, Max: 20.4, Diff: 0.1, Sum: 40.7]
      [Termination (ms): Min: 0.0, Avg: 0.0, Max: 0.0, Diff: 0.0, Sum: 0.0]
         [Termination Attempts: Min: 1, Avg: 1.0, Max: 1, Diff: 0, Sum: 2]
      [GC Worker Other (ms): Min: 0.0, Avg: 0.0, Max: 0.0, Diff: 0.0, Sum: 0.0]
      [GC Worker Total (ms): Min: 21.1, Avg: 21.1, Max: 21.1, Diff: 0.0, Sum: 42.1]
      [GC Worker End (ms): Min: 582071.7, Avg: 582071.7, Max: 582071.7, Diff: 0.0]
   [Code Root Fixup: 0.0 ms]
   [Code Root Purge: 0.0 ms]
   [Clear CT: 0.1 ms]
   [Other: 0.4 ms]
      [Choose CSet: 0.0 ms]
      [Ref Proc: 0.1 ms]
      [Ref Enq: 0.0 ms]
      [Redirty Cards: 0.1 ms]
      [Humongous Register: 0.0 ms]
      [Humongous Reclaim: 0.0 ms]
      [Free CSet: 0.1 ms]
   [Eden: 262.0M(262.0M)->0.0B(249.0M) Survivors: 7168.0K->18432.0K Heap: 405.1M(472.0M)->154.1M(472.0M)]
 [Times: user=0.04 sys=0.00, real=0.02 secs] 
2024-07-06T11:33:48.446+0800: 582.613: [GC pause (G1 Evacuation Pause) (young), 0.0080868 secs]
   [Parallel Time: 7.5 ms, GC Workers: 2]
      [GC Worker Start (ms): Min: 582612.7, Avg: 582612.7, Max: 582612.7, Diff: 0.0]
      [Ext Root Scanning (ms): Min: 0.6, Avg: 0.6, Max: 0.6, Diff: 0.0, Sum: 1.1]
      [Update RS (ms): Min: 0.1, Avg: 0.1, Max: 0.1, Diff: 0.0, Sum: 0.1]
         [Processed Buffers: Min: 1, Avg: 2.5, Max: 4, Diff: 3, Sum: 5]
      [Scan RS (ms): Min: 0.1, Avg: 0.1, Max: 0.1, Diff: 0.0, Sum: 0.2]
      [Code Root Scanning (ms): Min: 0.0, Avg: 0.0, Max: 0.0, Diff: 0.0, Sum: 0.0]
      [Object Copy (ms): Min: 6.5, Avg: 6.6, Max: 6.7, Diff: 0.1, Sum: 13.2]
      [Termination (ms): Min: 0.0, Avg: 0.1, Max: 0.2, Diff: 0.2, Sum: 0.2]
         [Termination Attempts: Min: 1, Avg: 1.0, Max: 1, Diff: 0, Sum: 2]
      [GC Worker Other (ms): Min: 0.0, Avg: 0.0, Max: 0.0, Diff: 0.0, Sum: 0.0]
      [GC Worker Total (ms): Min: 7.4, Avg: 7.4, Max: 7.4, Diff: 0.0, Sum: 14.8]
      [GC Worker End (ms): Min: 582620.1, Avg: 582620.1, Max: 582620.1, Diff: 0.0]
   [Code Root Fixup: 0.0 ms]
   [Code Root Purge: 0.0 ms]
   [Clear CT: 0.2 ms]
   [Other: 0.5 ms]
      [Choose CSet: 0.0 ms]
      [Ref Proc: 0.2 ms]
      [Ref Enq: 0.0 ms]
      [Redirty Cards: 0.1 ms]
      [Humongous Register: 0.0 ms]
      [Humongous Reclaim: 0.0 ms]
      [Free CSet: 0.1 ms]
   [Eden: 249.0M(249.0M)->0.0B(263.0M) Survivors: 18432.0K->7168.0K Heap: 403.1M(472.0M)->142.6M(472.0M)]
 [Times: user=0.02 sys=0.00, real=0.01 secs] 
2024-07-06T11:33:48.918+0800: 583.085: [GC pause (G1 Evacuation Pause) (young), 0.0190741 secs]
   [Parallel Time: 18.5 ms, GC Workers: 2]
      [GC Worker Start (ms): Min: 583084.7, Avg: 583084.7, Max: 583084.7, Diff: 0.0]
      [Ext Root Scanning (ms): Min: 0.5, Avg: 0.5, Max: 0.5, Diff: 0.0, Sum: 1.0]
      [Update RS (ms): Min: 0.0, Avg: 0.1, Max: 0.1, Diff: 0.0, Sum: 0.1]
         [Processed Buffers: Min: 1, Avg: 2.5, Max: 4, Diff: 3, Sum: 5]
      [Scan RS (ms): Min: 0.1, Avg: 0.1, Max: 0.1, Diff: 0.0, Sum: 0.2]
      [Code Root Scanning (ms): Min: 0.0, Avg: 0.0, Max: 0.0, Diff: 0.0, Sum: 0.0]
      [Object Copy (ms): Min: 17.8, Avg: 17.8, Max: 17.8, Diff: 0.0, Sum: 35.6]
      [Termination (ms): Min: 0.0, Avg: 0.0, Max: 0.0, Diff: 0.0, Sum: 0.0]
         [Termination Attempts: Min: 1, Avg: 1.0, Max: 1, Diff: 0, Sum: 2]
      [GC Worker Other (ms): Min: 0.0, Avg: 0.0, Max: 0.0, Diff: 0.0, Sum: 0.0]
      [GC Worker Total (ms): Min: 18.5, Avg: 18.5, Max: 18.5, Diff: 0.0, Sum: 37.0]
      [GC Worker End (ms): Min: 583103.2, Avg: 583103.2, Max: 583103.2, Diff: 0.0]
   [Code Root Fixup: 0.0 ms]
   [Code Root Purge: 0.0 ms]
   [Clear CT: 0.1 ms]
   [Other: 0.4 ms]
      [Choose CSet: 0.0 ms]
      [Ref Proc: 0.1 ms]
      [Ref Enq: 0.0 ms]
      [Redirty Cards: 0.0 ms]
      [Humongous Register: 0.0 ms]
      [Humongous Reclaim: 0.0 ms]
      [Free CSet: 0.2 ms]
   [Eden: 263.0M(263.0M)->0.0B(251.0M) Survivors: 7168.0K->17408.0K Heap: 405.6M(472.0M)->153.1M(472.0M)]
 [Times: user=0.04 sys=0.00, real=0.02 secs] 
2024-07-06T11:33:49.407+0800: 583.573: [GC pause (G1 Evacuation Pause) (young), 0.0138002 secs]
   [Parallel Time: 13.3 ms, GC Workers: 2]
      [GC Worker Start (ms): Min: 583573.6, Avg: 583573.6, Max: 583573.6, Diff: 0.0]
      [Ext Root Scanning (ms): Min: 0.6, Avg: 0.6, Max: 0.6, Diff: 0.0, Sum: 1.1]
      [Update RS (ms): Min: 0.0, Avg: 0.0, Max: 0.0, Diff: 0.0, Sum: 0.1]
         [Processed Buffers: Min: 2, Avg: 2.5, Max: 3, Diff: 1, Sum: 5]
      [Scan RS (ms): Min: 0.1, Avg: 0.1, Max: 0.1, Diff: 0.0, Sum: 0.2]
      [Code Root Scanning (ms): Min: 0.0, Avg: 0.0, Max: 0.0, Diff: 0.0, Sum: 0.0]
      [Object Copy (ms): Min: 12.5, Avg: 12.5, Max: 12.5, Diff: 0.0, Sum: 25.1]
      [Termination (ms): Min: 0.0, Avg: 0.0, Max: 0.0, Diff: 0.0, Sum: 0.0]
         [Termination Attempts: Min: 3, Avg: 3.0, Max: 3, Diff: 0, Sum: 6]
      [GC Worker Other (ms): Min: 0.0, Avg: 0.0, Max: 0.0, Diff: 0.0, Sum: 0.0]
      [GC Worker Total (ms): Min: 13.2, Avg: 13.2, Max: 13.2, Diff: 0.0, Sum: 26.5]
      [GC Worker End (ms): Min: 583586.8, Avg: 583586.8, Max: 583586.8, Diff: 0.0]
   [Code Root Fixup: 0.0 ms]
   [Code Root Purge: 0.0 ms]
   [Clear CT: 0.1 ms]
   [Other: 0.4 ms]
      [Choose CSet: 0.0 ms]
      [Ref Proc: 0.1 ms]
      [Ref Enq: 0.0 ms]
      [Redirty Cards: 0.0 ms]
      [Humongous Register: 0.0 ms]
      [Humongous Reclaim: 0.0 ms]
      [Free CSet: 0.2 ms]
   [Eden: 251.0M(251.0M)->0.0B(257.0M) Survivors: 17408.0K->12288.0K Heap: 404.1M(472.0M)->147.6M(472.0M)]
 [Times: user=0.02 sys=0.00, real=0.01 secs] 
2024-07-06T11:33:49.835+0800: 584.001: [GC pause (G1 Evacuation Pause) (young), 0.0234487 secs]
   [Parallel Time: 22.9 ms, GC Workers: 2]
      [GC Worker Start (ms): Min: 584001.6, Avg: 584001.6, Max: 584001.6, Diff: 0.0]
      [Ext Root Scanning (ms): Min: 0.5, Avg: 0.5, Max: 0.6, Diff: 0.0, Sum: 1.1]
      [Update RS (ms): Min: 0.0, Avg: 0.0, Max: 0.0, Diff: 0.0, Sum: 0.1]
         [Processed Buffers: Min: 2, Avg: 2.5, Max: 3, Diff: 1, Sum: 5]
      [Scan RS (ms): Min: 0.1, Avg: 0.1, Max: 0.1, Diff: 0.0, Sum: 0.2]
      [Code Root Scanning (ms): Min: 0.0, Avg: 0.0, Max: 0.0, Diff: 0.0, Sum: 0.0]
      [Object Copy (ms): Min: 22.2, Avg: 22.2, Max: 22.2, Diff: 0.0, Sum: 44.4]
      [Termination (ms): Min: 0.0, Avg: 0.0, Max: 0.0, Diff: 0.0, Sum: 0.0]
         [Termination Attempts: Min: 5, Avg: 11.5, Max: 18, Diff: 13, Sum: 23]
      [GC Worker Other (ms): Min: 0.0, Avg: 0.0, Max: 0.0, Diff: 0.0, Sum: 0.0]
      [GC Worker Total (ms): Min: 22.9, Avg: 22.9, Max: 22.9, Diff: 0.0, Sum: 45.7]
      [GC Worker End (ms): Min: 584024.4, Avg: 584024.4, Max: 584024.4, Diff: 0.0]
   [Code Root Fixup: 0.0 ms]
   [Code Root Purge: 0.0 ms]
   [Clear CT: 0.1 ms]
   [Other: 0.4 ms]
      [Choose CSet: 0.0 ms]
      [Ref Proc: 0.1 ms]
      [Ref Enq: 0.0 ms]
      [Redirty Cards: 0.1 ms]
      [Humongous Register: 0.0 ms]
      [Humongous Reclaim: 0.0 ms]
      [Free CSet: 0.1 ms]
   [Eden: 257.0M(257.0M)->0.0B(245.0M) Survivors: 12288.0K->20480.0K Heap: 404.6M(472.0M)->155.6M(472.0M)]
 [Times: user=0.05 sys=0.00, real=0.02 secs] 
2024-07-06T11:33:50.312+0800: 584.478: [GC pause (G1 Evacuation Pause) (young), 0.0119645 secs]
   [Parallel Time: 11.4 ms, GC Workers: 2]
      [GC Worker Start (ms): Min: 584478.4, Avg: 584478.5, Max: 584478.5, Diff: 0.0]
      [Ext Root Scanning (ms): Min: 0.6, Avg: 0.6, Max: 0.6, Diff: 0.0, Sum: 1.1]
      [Update RS (ms): Min: 0.0, Avg: 0.0, Max: 0.0, Diff: 0.0, Sum: 0.0]
         [Processed Buffers: Min: 2, Avg: 2.5, Max: 3, Diff: 1, Sum: 5]
      [Scan RS (ms): Min: 0.1, Avg: 0.1, Max: 0.1, Diff: 0.0, Sum: 0.1]
      [Code Root Scanning (ms): Min: 0.0, Avg: 0.0, Max: 0.0, Diff: 0.0, Sum: 0.0]
      [Object Copy (ms): Min: 10.7, Avg: 10.7, Max: 10.7, Diff: 0.0, Sum: 21.4]
      [Termination (ms): Min: 0.0, Avg: 0.0, Max: 0.0, Diff: 0.0, Sum: 0.0]
         [Termination Attempts: Min: 1, Avg: 1.0, Max: 1, Diff: 0, Sum: 2]
      [GC Worker Other (ms): Min: 0.0, Avg: 0.0, Max: 0.0, Diff: 0.0, Sum: 0.0]
      [GC Worker Total (ms): Min: 11.4, Avg: 11.4, Max: 11.4, Diff: 0.0, Sum: 22.7]
      [GC Worker End (ms): Min: 584489.8, Avg: 584489.8, Max: 584489.8, Diff: 0.0]
   [Code Root Fixup: 0.0 ms]
   [Code Root Purge: 0.0 ms]
   [Clear CT: 0.1 ms]
   [Other: 0.4 ms]
      [Choose CSet: 0.0 ms]
      [Ref Proc: 0.1 ms]
      [Ref Enq: 0.0 ms]
      [Redirty Cards: 0.0 ms]
      [Humongous Register: 0.0 ms]
      [Humongous Reclaim: 0.0 ms]
      [Free CSet: 0.1 ms]
   [Eden: 245.0M(245.0M)->0.0B(257.0M) Survivors: 20480.0K->11264.0K Heap: 400.6M(472.0M)->147.1M(472.0M)]
 [Times: user=0.02 sys=0.00, real=0.01 secs] 
2024-07-06T11:33:50.746+0800: 584.912: [GC pause (G1 Evacuation Pause) (young), 0.0124688 secs]
   [Parallel Time: 12.0 ms, GC Workers: 2]
      [GC Worker Start (ms): Min: 584912.0, Avg: 584912.0, Max: 584912.1, Diff: 0.0]
      [Ext Root Scanning (ms): Min: 0.5, Avg: 0.5, Max: 0.5, Diff: 0.0, Sum: 1.0]
      [Update RS (ms): Min: 0.0, Avg: 0.0, Max: 0.0, Diff: 0.0, Sum: 0.1]
         [Processed Buffers: Min: 3, Avg: 3.0, Max: 3, Diff: 0, Sum: 6]
      [Scan RS (ms): Min: 0.1, Avg: 0.1, Max: 0.1, Diff: 0.0, Sum: 0.1]
      [Code Root Scanning (ms): Min: 0.0, Avg: 0.0, Max: 0.0, Diff: 0.0, Sum: 0.0]
      [Object Copy (ms): Min: 11.3, Avg: 11.4, Max: 11.4, Diff: 0.0, Sum: 22.7]
      [Termination (ms): Min: 0.0, Avg: 0.0, Max: 0.0, Diff: 0.0, Sum: 0.0]
         [Termination Attempts: Min: 1, Avg: 2.0, Max: 3, Diff: 2, Sum: 4]
      [GC Worker Other (ms): Min: 0.0, Avg: 0.0, Max: 0.0, Diff: 0.0, Sum: 0.0]
      [GC Worker Total (ms): Min: 12.0, Avg: 12.0, Max: 12.0, Diff: 0.0, Sum: 23.9]
      [GC Worker End (ms): Min: 584924.0, Avg: 584924.0, Max: 584924.0, Diff: 0.0]
   [Code Root Fixup: 0.0 ms]
   [Code Root Purge: 0.0 ms]
   [Clear CT: 0.1 ms]
   [Other: 0.4 ms]
      [Choose CSet: 0.0 ms]
      [Ref Proc: 0.1 ms]
      [Ref Enq: 0.0 ms]
      [Redirty Cards: 0.0 ms]
      [Humongous Register: 0.0 ms]
      [Humongous Reclaim: 0.0 ms]
      [Free CSet: 0.1 ms]
   [Eden: 257.0M(257.0M)->0.0B(258.0M) Survivors: 11264.0K->11264.0K Heap: 404.1M(472.0M)->147.1M(472.0M)]
 [Times: user=0.03 sys=0.00, real=0.02 secs] 
2024-07-06T11:33:51.155+0800: 585.321: [GC pause (G1 Evacuation Pause) (young), 0.0138511 secs]
   [Parallel Time: 13.4 ms, GC Workers: 2]
      [GC Worker Start (ms): Min: 585321.6, Avg: 585321.6, Max: 585321.6, Diff: 0.0]
      [Ext Root Scanning (ms): Min: 0.5, Avg: 0.5, Max: 0.5, Diff: 0.0, Sum: 1.0]
      [Update RS (ms): Min: 0.0, Avg: 0.0, Max: 0.0, Diff: 0.0, Sum: 0.1]
         [Processed Buffers: Min: 2, Avg: 2.5, Max: 3, Diff: 1, Sum: 5]
      [Scan RS (ms): Min: 0.1, Avg: 0.1, Max: 0.1, Diff: 0.0, Sum: 0.1]
      [Code Root Scanning (ms): Min: 0.0, Avg: 0.0, Max: 0.0, Diff: 0.0, Sum: 0.0]
      [Object Copy (ms): Min: 12.7, Avg: 12.7, Max: 12.7, Diff: 0.0, Sum: 25.4]
      [Termination (ms): Min: 0.0, Avg: 0.0, Max: 0.0, Diff: 0.0, Sum: 0.0]
         [Termination Attempts: Min: 1, Avg: 1.0, Max: 1, Diff: 0, Sum: 2]
      [GC Worker Other (ms): Min: 0.0, Avg: 0.0, Max: 0.0, Diff: 0.0, Sum: 0.0]
      [GC Worker Total (ms): Min: 13.3, Avg: 13.3, Max: 13.3, Diff: 0.0, Sum: 26.6]
      [GC Worker End (ms): Min: 585334.9, Avg: 585334.9, Max: 585334.9, Diff: 0.0]
   [Code Root Fixup: 0.0 ms]
   [Code Root Purge: 0.0 ms]
   [Clear CT: 0.1 ms]
   [Other: 0.4 ms]
      [Choose CSet: 0.0 ms]
      [Ref Proc: 0.1 ms]
      [Ref Enq: 0.0 ms]
      [Redirty Cards: 0.0 ms]
      [Humongous Register: 0.0 ms]
      [Humongous Reclaim: 0.0 ms]
      [Free CSet: 0.1 ms]
   [Eden: 258.0M(258.0M)->0.0B(253.0M) Survivors: 11264.0K->15360.0K Heap: 405.1M(472.0M)->150.6M(472.0M)]
 [Times: user=0.02 sys=0.00, real=0.01 secs] 
2024-07-06T11:33:51.616+0800: 585.783: [GC pause (G1 Evacuation Pause) (young), 0.0148093 secs]
   [Parallel Time: 14.2 ms, GC Workers: 2]
      [GC Worker Start (ms): Min: 585782.7, Avg: 585782.7, Max: 585782.7, Diff: 0.0]
      [Ext Root Scanning (ms): Min: 0.5, Avg: 0.5, Max: 0.5, Diff: 0.0, Sum: 1.0]
      [Update RS (ms): Min: 0.0, Avg: 0.0, Max: 0.0, Diff: 0.0, Sum: 0.1]
         [Processed Buffers: Min: 2, Avg: 3.0, Max: 4, Diff: 2, Sum: 6]
      [Scan RS (ms): Min: 0.1, Avg: 0.1, Max: 0.1, Diff: 0.0, Sum: 0.2]
      [Code Root Scanning (ms): Min: 0.0, Avg: 0.0, Max: 0.0, Diff: 0.0, Sum: 0.0]
      [Object Copy (ms): Min: 13.5, Avg: 13.6, Max: 13.6, Diff: 0.0, Sum: 27.1]
      [Termination (ms): Min: 0.0, Avg: 0.0, Max: 0.0, Diff: 0.0, Sum: 0.0]
         [Termination Attempts: Min: 1, Avg: 1.0, Max: 1, Diff: 0, Sum: 2]
      [GC Worker Other (ms): Min: 0.0, Avg: 0.0, Max: 0.0, Diff: 0.0, Sum: 0.0]
      [GC Worker Total (ms): Min: 14.2, Avg: 14.2, Max: 14.2, Diff: 0.0, Sum: 28.4]
      [GC Worker End (ms): Min: 585796.9, Avg: 585796.9, Max: 585796.9, Diff: 0.0]
   [Code Root Fixup: 0.0 ms]
   [Code Root Purge: 0.0 ms]
   [Clear CT: 0.2 ms]
   [Other: 0.4 ms]
      [Choose CSet: 0.0 ms]
      [Ref Proc: 0.1 ms]
      [Ref Enq: 0.0 ms]
      [Redirty Cards: 0.0 ms]
      [Humongous Register: 0.0 ms]
      [Humongous Reclaim: 0.0 ms]
      [Free CSet: 0.1 ms]
   [Eden: 253.0M(253.0M)->0.0B(255.0M) Survivors: 15360.0K->13312.0K Heap: 403.6M(472.0M)->148.6M(472.0M)]
 [Times: user=0.03 sys=0.00, real=0.01 secs] 
2024-07-06T11:33:52.063+0800: 586.229: [GC pause (G1 Evacuation Pause) (young), 0.0152200 secs]
   [Parallel Time: 14.7 ms, GC Workers: 2]
      [GC Worker Start (ms): Min: 586229.6, Avg: 586229.6, Max: 586229.6, Diff: 0.0]
      [Ext Root Scanning (ms): Min: 0.5, Avg: 0.5, Max: 0.5, Diff: 0.0, Sum: 1.0]
      [Update RS (ms): Min: 0.0, Avg: 0.0, Max: 0.0, Diff: 0.0, Sum: 0.1]
         [Processed Buffers: Min: 1, Avg: 2.5, Max: 4, Diff: 3, Sum: 5]
      [Scan RS (ms): Min: 0.1, Avg: 0.1, Max: 0.1, Diff: 0.0, Sum: 0.2]
      [Code Root Scanning (ms): Min: 0.0, Avg: 0.0, Max: 0.0, Diff: 0.0, Sum: 0.0]
      [Object Copy (ms): Min: 13.9, Avg: 14.0, Max: 14.0, Diff: 0.0, Sum: 27.9]
      [Termination (ms): Min: 0.0, Avg: 0.0, Max: 0.0, Diff: 0.0, Sum: 0.0]
         [Termination Attempts: Min: 1, Avg: 1.0, Max: 1, Diff: 0, Sum: 2]
      [GC Worker Other (ms): Min: 0.0, Avg: 0.0, Max: 0.0, Diff: 0.0, Sum: 0.0]
      [GC Worker Total (ms): Min: 14.6, Avg: 14.6, Max: 14.6, Diff: 0.0, Sum: 29.3]
      [GC Worker End (ms): Min: 586244.2, Avg: 586244.2, Max: 586244.2, Diff: 0.0]
   [Code Root Fixup: 0.0 ms]
   [Code Root Purge: 0.0 ms]
   [Clear CT: 0.1 ms]
   [Other: 0.4 ms]
      [Choose CSet: 0.0 ms]
      [Ref Proc: 0.1 ms]
      [Ref Enq: 0.0 ms]
      [Redirty Cards: 0.0 ms]
      [Humongous Register: 0.0 ms]
      [Humongous Reclaim: 0.0 ms]
      [Free CSet: 0.1 ms]
   [Eden: 255.0M(255.0M)->0.0B(254.0M) Survivors: 13312.0K->14336.0K Heap: 403.6M(472.0M)->150.1M(472.0M)]
 [Times: user=0.03 sys=0.00, real=0.02 secs] 
2024-07-06T11:33:52.510+0800: 586.677: [GC pause (G1 Evacuation Pause) (young), 0.0156182 secs]
   [Parallel Time: 15.1 ms, GC Workers: 2]
      [GC Worker Start (ms): Min: 586676.7, Avg: 586676.7, Max: 586676.7, Diff: 0.0]
      [Ext Root Scanning (ms): Min: 0.5, Avg: 0.5, Max: 0.5, Diff: 0.0, Sum: 1.0]
      [Update RS (ms): Min: 0.0, Avg: 0.0, Max: 0.0, Diff: 0.0, Sum: 0.1]
         [Processed Buffers: Min: 2, Avg: 3.0, Max: 4, Diff: 2, Sum: 6]
      [Scan RS (ms): Min: 0.1, Avg: 0.1, Max: 0.1, Diff: 0.0, Sum: 0.2]
      [Code Root Scanning (ms): Min: 0.0, Avg: 0.0, Max: 0.0, Diff: 0.0, Sum: 0.0]
      [Object Copy (ms): Min: 14.4, Avg: 14.4, Max: 14.4, Diff: 0.0, Sum: 28.7]
      [Termination (ms): Min: 0.0, Avg: 0.0, Max: 0.0, Diff: 0.0, Sum: 0.0]
         [Termination Attempts: Min: 1, Avg: 1.5, Max: 2, Diff: 1, Sum: 3]
      [GC Worker Other (ms): Min: 0.0, Avg: 0.0, Max: 0.0, Diff: 0.0, Sum: 0.1]
      [GC Worker Total (ms): Min: 15.0, Avg: 15.0, Max: 15.0, Diff: 0.0, Sum: 30.0]
      [GC Worker End (ms): Min: 586691.7, Avg: 586691.7, Max: 586691.7, Diff: 0.0]
   [Code Root Fixup: 0.0 ms]
   [Code Root Purge: 0.0 ms]
   [Clear CT: 0.1 ms]
   [Other: 0.4 ms]
      [Choose CSet: 0.0 ms]
      [Ref Proc: 0.1 ms]
      [Ref Enq: 0.0 ms]
      [Redirty Cards: 0.1 ms]
      [Humongous Register: 0.0 ms]
      [Humongous Reclaim: 0.0 ms]
      [Free CSet: 0.1 ms]
   [Eden: 254.0M(254.0M)->0.0B(253.0M) Survivors: 14336.0K->15360.0K Heap: 404.1M(472.0M)->150.6M(472.0M)]
 [Times: user=0.03 sys=0.00, real=0.01 secs] 
2024-07-06T11:33:52.939+0800: 587.105: [GC pause (G1 Evacuation Pause) (young), 0.0086654 secs]
   [Parallel Time: 8.1 ms, GC Workers: 2]
      [GC Worker Start (ms): Min: 587105.0, Avg: 587105.0, Max: 587105.0, Diff: 0.0]
      [Ext Root Scanning (ms): Min: 0.5, Avg: 0.5, Max: 0.5, Diff: 0.0, Sum: 1.1]
      [Update RS (ms): Min: 0.0, Avg: 0.0, Max: 0.0, Diff: 0.0, Sum: 0.1]
         [Processed Buffers: Min: 2, Avg: 2.5, Max: 3, Diff: 1, Sum: 5]
      [Scan RS (ms): Min: 0.1, Avg: 0.1, Max: 0.1, Diff: 0.0, Sum: 0.2]
      [Code Root Scanning (ms): Min: 0.0, Avg: 0.0, Max: 0.0, Diff: 0.0, Sum: 0.0]
      [Object Copy (ms): Min: 7.4, Avg: 7.4, Max: 7.4, Diff: 0.0, Sum: 14.8]
      [Termination (ms): Min: 0.0, Avg: 0.0, Max: 0.0, Diff: 0.0, Sum: 0.0]
         [Termination Attempts: Min: 1, Avg: 1.0, Max: 1, Diff: 0, Sum: 2]
      [GC Worker Other (ms): Min: 0.0, Avg: 0.0, Max: 0.0, Diff: 0.0, Sum: 0.0]
      [GC Worker Total (ms): Min: 8.1, Avg: 8.1, Max: 8.1, Diff: 0.0, Sum: 16.2]
      [GC Worker End (ms): Min: 587113.1, Avg: 587113.1, Max: 587113.1, Diff: 0.0]
   [Code Root Fixup: 0.0 ms]
   [Code Root Purge: 0.0 ms]
   [Clear CT: 0.1 ms]
   [Other: 0.4 ms]
      [Choose CSet: 0.0 ms]
      [Ref Proc: 0.1 ms]
      [Ref Enq: 0.0 ms]
      [Redirty Cards: 0.0 ms]
      [Humongous Register: 0.0 ms]
      [Humongous Reclaim: 0.0 ms]
      [Free CSet: 0.1 ms]
   [Eden: 253.0M(253.0M)->0.0B(260.0M) Survivors: 15360.0K->9216.0K Heap: 403.6M(472.0M)->145.1M(472.0M)]
 [Times: user=0.02 sys=0.00, real=0.01 secs] 
2024-07-06T11:33:53.374+0800: 587.540: [GC pause (G1 Evacuation Pause) (young), 0.0166471 secs]
   [Parallel Time: 16.2 ms, GC Workers: 2]
      [GC Worker Start (ms): Min: 587540.4, Avg: 587540.5, Max: 587540.5, Diff: 0.0]
      [Ext Root Scanning (ms): Min: 0.5, Avg: 0.5, Max: 0.5, Diff: 0.0, Sum: 1.1]
      [Update RS (ms): Min: 0.0, Avg: 0.0, Max: 0.0, Diff: 0.0, Sum: 0.1]
         [Processed Buffers: Min: 2, Avg: 2.5, Max: 3, Diff: 1, Sum: 5]
      [Scan RS (ms): Min: 0.1, Avg: 0.1, Max: 0.1, Diff: 0.0, Sum: 0.1]
      [Code Root Scanning (ms): Min: 0.0, Avg: 0.0, Max: 0.0, Diff: 0.0, Sum: 0.0]
      [Object Copy (ms): Min: 15.4, Avg: 15.4, Max: 15.4, Diff: 0.0, Sum: 30.9]
      [Termination (ms): Min: 0.0, Avg: 0.0, Max: 0.0, Diff: 0.0, Sum: 0.0]
         [Termination Attempts: Min: 1, Avg: 1.0, Max: 1, Diff: 0, Sum: 2]
      [GC Worker Other (ms): Min: 0.0, Avg: 0.0, Max: 0.0, Diff: 0.0, Sum: 0.0]
      [GC Worker Total (ms): Min: 16.1, Avg: 16.1, Max: 16.1, Diff: 0.0, Sum: 32.2]
      [GC Worker End (ms): Min: 587556.5, Avg: 587556.5, Max: 587556.5, Diff: 0.0]
   [Code Root Fixup: 0.0 ms]
   [Code Root Purge: 0.0 ms]
   [Clear CT: 0.1 ms]
   [Other: 0.4 ms]
      [Choose CSet: 0.0 ms]
      [Ref Proc: 0.1 ms]
      [Ref Enq: 0.0 ms]
      [Redirty Cards: 0.0 ms]
      [Humongous Register: 0.0 ms]
      [Humongous Reclaim: 0.0 ms]
      [Free CSet: 0.1 ms]
   [Eden: 260.0M(260.0M)->0.0B(254.0M) Survivors: 9216.0K->15360.0K Heap: 405.1M(472.0M)->151.1M(472.0M)]
 [Times: user=0.03 sys=0.00, real=0.02 secs] 
2024-07-06T11:33:53.808+0800: 587.974: [GC pause (G1 Evacuation Pause) (young), 0.0179880 secs]
   [Parallel Time: 17.5 ms, GC Workers: 2]
      [GC Worker Start (ms): Min: 587974.5, Avg: 587974.5, Max: 587974.5, Diff: 0.0]
      [Ext Root Scanning (ms): Min: 0.5, Avg: 0.5, Max: 0.6, Diff: 0.0, Sum: 1.1]
      [Update RS (ms): Min: 0.0, Avg: 0.0, Max: 0.0, Diff: 0.0, Sum: 0.1]
         [Processed Buffers: Min: 1, Avg: 2.5, Max: 4, Diff: 3, Sum: 5]
      [Scan RS (ms): Min: 0.1, Avg: 0.1, Max: 0.1, Diff: 0.0, Sum: 0.2]
      [Code Root Scanning (ms): Min: 0.0, Avg: 0.0, Max: 0.0, Diff: 0.0, Sum: 0.0]
      [Object Copy (ms): Min: 16.7, Avg: 16.7, Max: 16.7, Diff: 0.0, Sum: 33.4]
      [Termination (ms): Min: 0.0, Avg: 0.0, Max: 0.0, Diff: 0.0, Sum: 0.0]
         [Termination Attempts: Min: 1, Avg: 1.0, Max: 1, Diff: 0, Sum: 2]
      [GC Worker Other (ms): Min: 0.0, Avg: 0.0, Max: 0.0, Diff: 0.0, Sum: 0.0]
      [GC Worker Total (ms): Min: 17.4, Avg: 17.4, Max: 17.4, Diff: 0.0, Sum: 34.8]
      [GC Worker End (ms): Min: 587991.9, Avg: 587991.9, Max: 587991.9, Diff: 0.0]
   [Code Root Fixup: 0.0 ms]
   [Code Root Purge: 0.0 ms]
   [Clear CT: 0.1 ms]
   [Other: 0.4 ms]
      [Choose CSet: 0.0 ms]
      [Ref Proc: 0.1 ms]
      [Ref Enq: 0.0 ms]
      [Redirty Cards: 0.0 ms]
      [Humongous Register: 0.0 ms]
      [Humongous Reclaim: 0.0 ms]
      [Free CSet: 0.1 ms]
   [Eden: 254.0M(254.0M)->0.0B(252.0M) Survivors: 15360.0K->16384.0K Heap: 405.1M(472.0M)->152.1M(472.0M)]
 [Times: user=0.03 sys=0.00, real=0.01 secs] 
2024-07-06T11:33:54.215+0800: 588.382: [GC pause (G1 Evacuation Pause) (young), 0.0066414 secs]
   [Parallel Time: 6.1 ms, GC Workers: 2]
      [GC Worker Start (ms): Min: 588381.6, Avg: 588381.6, Max: 588381.6, Diff: 0.0]
      [Ext Root Scanning (ms): Min: 0.5, Avg: 0.5, Max: 0.5, Diff: 0.0, Sum: 1.0]
      [Update RS (ms): Min: 0.0, Avg: 0.0, Max: 0.0, Diff: 0.0, Sum: 0.1]
         [Processed Buffers: Min: 3, Avg: 3.0, Max: 3, Diff: 0, Sum: 6]
      [Scan RS (ms): Min: 0.1, Avg: 0.1, Max: 0.1, Diff: 0.0, Sum: 0.1]
      [Code Root Scanning (ms): Min: 0.0, Avg: 0.0, Max: 0.0, Diff: 0.0, Sum: 0.0]
      [Object Copy (ms): Min: 5.4, Avg: 5.4, Max: 5.4, Diff: 0.0, Sum: 10.9]
      [Termination (ms): Min: 0.0, Avg: 0.0, Max: 0.0, Diff: 0.0, Sum: 0.0]
         [Termination Attempts: Min: 4, Avg: 5.0, Max: 6, Diff: 2, Sum: 10]
      [GC Worker Other (ms): Min: 0.0, Avg: 0.0, Max: 0.0, Diff: 0.0, Sum: 0.0]
      [GC Worker Total (ms): Min: 6.0, Avg: 6.1, Max: 6.1, Diff: 0.0, Sum: 12.1]
      [GC Worker End (ms): Min: 588387.7, Avg: 588387.7, Max: 588387.7, Diff: 0.0]
   [Code Root Fixup: 0.0 ms]
   [Code Root Purge: 0.0 ms]
   [Clear CT: 0.1 ms]
   [Other: 0.4 ms]
      [Choose CSet: 0.0 ms]
      [Ref Proc: 0.1 ms]
      [Ref Enq: 0.0 ms]
      [Redirty Cards: 0.1 ms]
      [Humongous Register: 0.0 ms]
      [Humongous Reclaim: 0.0 ms]
      [Free CSet: 0.1 ms]
   [Eden: 252.0M(252.0M)->0.0B(261.0M) Survivors: 16384.0K->8192.0K Heap: 404.1M(472.0M)->143.6M(472.0M)]
 [Times: user=0.01 sys=0.01, real=0.00 secs] 
2024-07-06T11:33:54.628+0800: 588.794: [GC pause (G1 Evacuation Pause) (young), 0.0182518 secs]
   [Parallel Time: 17.7 ms, GC Workers: 2]
      [GC Worker Start (ms): Min: 588794.2, Avg: 588794.2, Max: 588794.2, Diff: 0.0]
      [Ext Root Scanning (ms): Min: 0.5, Avg: 0.5, Max: 0.5, Diff: 0.0, Sum: 0.9]
      [Update RS (ms): Min: 0.0, Avg: 0.0, Max: 0.0, Diff: 0.0, Sum: 0.1]
         [Processed Buffers: Min: 2, Avg: 2.5, Max: 3, Diff: 1, Sum: 5]
      [Scan RS (ms): Min: 0.1, Avg: 0.1, Max: 0.1, Diff: 0.0, Sum: 0.1]
      [Code Root Scanning (ms): Min: 0.0, Avg: 0.0, Max: 0.0, Diff: 0.0, Sum: 0.0]
      [Object Copy (ms): Min: 17.1, Avg: 17.1, Max: 17.1, Diff: 0.0, Sum: 34.2]
      [Termination (ms): Min: 0.0, Avg: 0.0, Max: 0.0, Diff: 0.0, Sum: 0.0]
         [Termination Attempts: Min: 1, Avg: 1.5, Max: 2, Diff: 1, Sum: 3]
      [GC Worker Other (ms): Min: 0.0, Avg: 0.0, Max: 0.0, Diff: 0.0, Sum: 0.0]
      [GC Worker Total (ms): Min: 17.7, Avg: 17.7, Max: 17.7, Diff: 0.0, Sum: 35.3]
      [GC Worker End (ms): Min: 588811.9, Avg: 588811.9, Max: 588811.9, Diff: 0.0]
   [Code Root Fixup: 0.0 ms]
   [Code Root Purge: 0.0 ms]
   [Clear CT: 0.1 ms]
   [Other: 0.4 ms]
      [Choose CSet: 0.0 ms]
      [Ref Proc: 0.1 ms]
      [Ref Enq: 0.0 ms]
      [Redirty Cards: 0.1 ms]
      [Humongous Register: 0.0 ms]
      [Humongous Reclaim: 0.0 ms]
      [Free CSet: 0.1 ms]
   [Eden: 261.0M(261.0M)->0.0B(251.0M) Survivors: 8192.0K->17408.0K Heap: 404.6M(472.0M)->153.1M(472.0M)]
 [Times: user=0.04 sys=0.00, real=0.01 secs] 
2024-07-06T11:33:55.031+0800: 589.197: [GC pause (G1 Evacuation Pause) (young), 0.0131814 secs]
   [Parallel Time: 12.7 ms, GC Workers: 2]
      [GC Worker Start (ms): Min: 589197.6, Avg: 589197.6, Max: 589197.6, Diff: 0.0]
      [Ext Root Scanning (ms): Min: 0.5, Avg: 0.5, Max: 0.5, Diff: 0.0, Sum: 1.0]
      [Update RS (ms): Min: 0.0, Avg: 0.0, Max: 0.0, Diff: 0.0, Sum: 0.1]
         [Processed Buffers: Min: 1, Avg: 2.5, Max: 4, Diff: 3, Sum: 5]
      [Scan RS (ms): Min: 0.1, Avg: 0.1, Max: 0.1, Diff: 0.0, Sum: 0.2]
      [Code Root Scanning (ms): Min: 0.0, Avg: 0.0, Max: 0.0, Diff: 0.0, Sum: 0.0]
      [Object Copy (ms): Min: 12.0, Avg: 12.0, Max: 12.0, Diff: 0.0, Sum: 24.0]
      [Termination (ms): Min: 0.0, Avg: 0.0, Max: 0.0, Diff: 0.0, Sum: 0.0]
         [Termination Attempts: Min: 1, Avg: 1.0, Max: 1, Diff: 0, Sum: 2]
      [GC Worker Other (ms): Min: 0.0, Avg: 0.0, Max: 0.0, Diff: 0.0, Sum: 0.0]
      [GC Worker Total (ms): Min: 12.6, Avg: 12.7, Max: 12.7, Diff: 0.0, Sum: 25.3]
      [GC Worker End (ms): Min: 589210.2, Avg: 589210.2, Max: 589210.2, Diff: 0.0]
   [Code Root Fixup: 0.0 ms]
   [Code Root Purge: 0.0 ms]
   [Clear CT: 0.1 ms]
   [Other: 0.3 ms]
      [Choose CSet: 0.0 ms]
      [Ref Proc: 0.1 ms]
      [Ref Enq: 0.0 ms]
      [Redirty Cards: 0.0 ms]
      [Humongous Register: 0.0 ms]
      [Humongous Reclaim: 0.0 ms]
      [Free CSet: 0.1 ms]
   [Eden: 251.0M(251.0M)->0.0B(254.0M) Survivors: 17408.0K->14336.0K Heap: 404.1M(472.0M)->150.1M(472.0M)]
 [Times: user=0.03 sys=0.00, real=0.01 secs] 
2024-07-06T11:33:55.475+0800: 589.641: [GC pause (G1 Evacuation Pause) (young), 0.0123514 secs]
   [Parallel Time: 11.9 ms, GC Workers: 2]
      [GC Worker Start (ms): Min: 589641.6, Avg: 589641.6, Max: 589641.6, Diff: 0.0]
      [Ext Root Scanning (ms): Min: 0.6, Avg: 0.6, Max: 0.6, Diff: 0.0, Sum: 1.1]
      [Update RS (ms): Min: 0.0, Avg: 0.0, Max: 0.0, Diff: 0.0, Sum: 0.1]
         [Processed Buffers: Min: 1, Avg: 2.5, Max: 4, Diff: 3, Sum: 5]
      [Scan RS (ms): Min: 0.1, Avg: 0.1, Max: 0.1, Diff: 0.0, Sum: 0.2]
      [Code Root Scanning (ms): Min: 0.0, Avg: 0.0, Max: 0.0, Diff: 0.0, Sum: 0.0]
      [Object Copy (ms): Min: 11.1, Avg: 11.1, Max: 11.1, Diff: 0.0, Sum: 22.2]
      [Termination (ms): Min: 0.0, Avg: 0.0, Max: 0.0, Diff: 0.0, Sum: 0.0]
         [Termination Attempts: Min: 1, Avg: 1.5, Max: 2, Diff: 1, Sum: 3]
      [GC Worker Other (ms): Min: 0.0, Avg: 0.0, Max: 0.0, Diff: 0.0, Sum: 0.0]
      [GC Worker Total (ms): Min: 11.8, Avg: 11.8, Max: 11.8, Diff: 0.0, Sum: 23.7]
      [GC Worker End (ms): Min: 589653.4, Avg: 589653.4, Max: 589653.4, Diff: 0.0]
   [Code Root Fixup: 0.0 ms]
   [Code Root Purge: 0.0 ms]
   [Clear CT: 0.1 ms]
   [Other: 0.4 ms]
      [Choose CSet: 0.0 ms]
      [Ref Proc: 0.1 ms]
      [Ref Enq: 0.0 ms]
      [Redirty Cards: 0.0 ms]
      [Humongous Register: 0.0 ms]
      [Humongous Reclaim: 0.0 ms]
      [Free CSet: 0.1 ms]
   [Eden: 254.0M(254.0M)->0.0B(256.0M) Survivors: 14336.0K->13312.0K Heap: 404.1M(472.0M)->148.6M(472.0M)]
 [Times: user=0.03 sys=0.00, real=0.01 secs] 
2024-07-06T11:33:55.913+0800: 590.079: [GC pause (G1 Evacuation Pause) (young), 0.0142260 secs]
   [Parallel Time: 13.7 ms, GC Workers: 2]
      [GC Worker Start (ms): Min: 590079.2, Avg: 590079.2, Max: 590079.2, Diff: 0.0]
      [Ext Root Scanning (ms): Min: 0.6, Avg: 0.6, Max: 0.6, Diff: 0.0, Sum: 1.1]
      [Update RS (ms): Min: 0.0, Avg: 0.0, Max: 0.0, Diff: 0.0, Sum: 0.1]
         [Processed Buffers: Min: 2, Avg: 2.5, Max: 3, Diff: 1, Sum: 5]
      [Scan RS (ms): Min: 0.1, Avg: 0.1, Max: 0.1, Diff: 0.0, Sum: 0.2]
      [Code Root Scanning (ms): Min: 0.0, Avg: 0.0, Max: 0.0, Diff: 0.0, Sum: 0.0]
      [Object Copy (ms): Min: 12.9, Avg: 12.9, Max: 12.9, Diff: 0.0, Sum: 25.8]
      [Termination (ms): Min: 0.0, Avg: 0.0, Max: 0.0, Diff: 0.0, Sum: 0.0]
         [Termination Attempts: Min: 1, Avg: 1.0, Max: 1, Diff: 0, Sum: 2]
      [GC Worker Other (ms): Min: 0.0, Avg: 0.0, Max: 0.0, Diff: 0.0, Sum: 0.0]
      [GC Worker Total (ms): Min: 13.6, Avg: 13.6, Max: 13.6, Diff: 0.0, Sum: 27.2]
      [GC Worker End (ms): Min: 590092.8, Avg: 590092.8, Max: 590092.8, Diff: 0.0]
   [Code Root Fixup: 0.0 ms]
   [Code Root Purge: 0.0 ms]
   [Clear CT: 0.1 ms]
   [Other: 0.4 ms]
      [Choose CSet: 0.0 ms]
      [Ref Proc: 0.1 ms]
      [Ref Enq: 0.0 ms]
      [Redirty Cards: 0.0 ms]
      [Humongous Register: 0.0 ms]
      [Humongous Reclaim: 0.0 ms]
      [Free CSet: 0.2 ms]
   [Eden: 256.0M(256.0M)->0.0B(255.0M) Survivors: 13312.0K->14336.0K Heap: 404.6M(472.0M)->149.6M(472.0M)]
 [Times: user=0.02 sys=0.00, real=0.02 secs] 
2024-07-06T11:33:56.335+0800: 590.501: [GC pause (G1 Evacuation Pause) (young), 0.0237549 secs]
   [Parallel Time: 23.2 ms, GC Workers: 2]
      [GC Worker Start (ms): Min: 590501.6, Avg: 590501.6, Max: 590501.6, Diff: 0.0]
      [Ext Root Scanning (ms): Min: 0.6, Avg: 0.6, Max: 0.6, Diff: 0.0, Sum: 1.1]
      [Update RS (ms): Min: 0.0, Avg: 0.0, Max: 0.0, Diff: 0.0, Sum: 0.1]
         [Processed Buffers: Min: 2, Avg: 2.5, Max: 3, Diff: 1, Sum: 5]
      [Scan RS (ms): Min: 0.1, Avg: 0.1, Max: 0.1, Diff: 0.0, Sum: 0.1]
      [Code Root Scanning (ms): Min: 0.0, Avg: 0.0, Max: 0.0, Diff: 0.0, Sum: 0.0]
      [Object Copy (ms): Min: 22.5, Avg: 22.5, Max: 22.5, Diff: 0.0, Sum: 45.0]
      [Termination (ms): Min: 0.0, Avg: 0.0, Max: 0.0, Diff: 0.0, Sum: 0.0]
         [Termination Attempts: Min: 1, Avg: 1.0, Max: 1, Diff: 0, Sum: 2]
      [GC Worker Other (ms): Min: 0.0, Avg: 0.0, Max: 0.0, Diff: 0.0, Sum: 0.0]
      [GC Worker Total (ms): Min: 23.2, Avg: 23.2, Max: 23.2, Diff: 0.0, Sum: 46.3]
      [GC Worker End (ms): Min: 590524.7, Avg: 590524.7, Max: 590524.7, Diff: 0.0]
   [Code Root Fixup: 0.0 ms]
   [Code Root Purge: 0.0 ms]
   [Clear CT: 0.1 ms]
   [Other: 0.4 ms]
      [Choose CSet: 0.0 ms]
      [Ref Proc: 0.1 ms]
      [Ref Enq: 0.0 ms]
      [Redirty Cards: 0.1 ms]
      [Humongous Register: 0.0 ms]
      [Humongous Reclaim: 0.0 ms]
      [Free CSet: 0.2 ms]
   [Eden: 255.0M(255.0M)->0.0B(245.0M) Survivors: 14336.0K->20480.0K Heap: 404.6M(472.0M)->156.1M(472.0M)]
 [Times: user=0.04 sys=0.01, real=0.02 secs] 
2024-07-06T11:33:56.811+0800: 590.978: [GC pause (G1 Evacuation Pause) (young), 0.0071972 secs]
   [Parallel Time: 6.8 ms, GC Workers: 2]
      [GC Worker Start (ms): Min: 590977.7, Avg: 590977.7, Max: 590977.7, Diff: 0.0]
      [Ext Root Scanning (ms): Min: 0.6, Avg: 0.6, Max: 0.6, Diff: 0.0, Sum: 1.2]
      [Update RS (ms): Min: 0.0, Avg: 0.0, Max: 0.0, Diff: 0.0, Sum: 0.1]
         [Processed Buffers: Min: 2, Avg: 2.5, Max: 3, Diff: 1, Sum: 5]
      [Scan RS (ms): Min: 0.1, Avg: 0.1, Max: 0.1, Diff: 0.0, Sum: 0.1]
      [Code Root Scanning (ms): Min: 0.0, Avg: 0.0, Max: 0.0, Diff: 0.0, Sum: 0.0]
      [Object Copy (ms): Min: 6.0, Avg: 6.0, Max: 6.0, Diff: 0.0, Sum: 12.0]
      [Termination (ms): Min: 0.0, Avg: 0.0, Max: 0.0, Diff: 0.0, Sum: 0.0]
         [Termination Attempts: Min: 1, Avg: 1.0, Max: 1, Diff: 0, Sum: 2]
      [GC Worker Other (ms): Min: 0.0, Avg: 0.0, Max: 0.0, Diff: 0.0, Sum: 0.0]
      [GC Worker Total (ms): Min: 6.7, Avg: 6.7, Max: 6.7, Diff: 0.0, Sum: 13.4]
      [GC Worker End (ms): Min: 590984.4, Avg: 590984.4, Max: 590984.4, Diff: 0.0]
   [Code Root Fixup: 0.0 ms]
   [Code Root Purge: 0.0 ms]
   [Clear CT: 0.1 ms]
   [Other: 0.3 ms]
      [Choose CSet: 0.0 ms]
      [Ref Proc: 0.1 ms]
      [Ref Enq: 0.0 ms]
      [Redirty Cards: 0.0 ms]
      [Humongous Register: 0.0 ms]
      [Humongous Reclaim: 0.0 ms]
      [Free CSet: 0.1 ms]
   [Eden: 245.0M(245.0M)->0.0B(262.0M) Survivors: 20480.0K->7168.0K Heap: 401.1M(472.0M)->143.2M(472.0M)]
 [Times: user=0.01 sys=0.00, real=0.01 secs] 
2024-07-06T11:33:57.227+0800: 591.393: [GC pause (G1 Evacuation Pause) (young), 0.0204178 secs]
   [Parallel Time: 19.9 ms, GC Workers: 2]
      [GC Worker Start (ms): Min: 591393.5, Avg: 591393.6, Max: 591393.6, Diff: 0.0]
      [Ext Root Scanning (ms): Min: 0.5, Avg: 0.5, Max: 0.5, Diff: 0.0, Sum: 1.0]
      [Update RS (ms): Min: 0.0, Avg: 0.0, Max: 0.0, Diff: 0.0, Sum: 0.1]
         [Processed Buffers: Min: 2, Avg: 3.0, Max: 4, Diff: 2, Sum: 6]
      [Scan RS (ms): Min: 0.1, Avg: 0.1, Max: 0.1, Diff: 0.0, Sum: 0.2]
      [Code Root Scanning (ms): Min: 0.0, Avg: 0.0, Max: 0.0, Diff: 0.0, Sum: 0.0]
      [Object Copy (ms): Min: 19.2, Avg: 19.2, Max: 19.2, Diff: 0.0, Sum: 38.4]
      [Termination (ms): Min: 0.0, Avg: 0.0, Max: 0.0, Diff: 0.0, Sum: 0.0]
         [Termination Attempts: Min: 1, Avg: 1.0, Max: 1, Diff: 0, Sum: 2]
      [GC Worker Other (ms): Min: 0.0, Avg: 0.0, Max: 0.0, Diff: 0.0, Sum: 0.0]
      [GC Worker Total (ms): Min: 19.8, Avg: 19.8, Max: 19.9, Diff: 0.0, Sum: 39.7]
      [GC Worker End (ms): Min: 591413.4, Avg: 591413.4, Max: 591413.4, Diff: 0.0]
   [Code Root Fixup: 0.0 ms]
   [Code Root Purge: 0.0 ms]
   [Clear CT: 0.1 ms]
   [Other: 0.4 ms]
      [Choose CSet: 0.0 ms]
      [Ref Proc: 0.1 ms]
      [Ref Enq: 0.0 ms]
      [Redirty Cards: 0.1 ms]
      [Humongous Register: 0.0 ms]
      [Humongous Reclaim: 0.0 ms]
      [Free CSet: 0.1 ms]
   [Eden: 262.0M(262.0M)->0.0B(249.0M) Survivors: 7168.0K->18432.0K Heap: 405.2M(472.0M)->154.2M(472.0M)]
 [Times: user=0.04 sys=0.00, real=0.02 secs] 
2024-07-06T11:33:57.707+0800: 591.873: [GC pause (G1 Evacuation Pause) (young), 0.0117137 secs]
   [Parallel Time: 11.3 ms, GC Workers: 2]
      [GC Worker Start (ms): Min: 591873.5, Avg: 591873.5, Max: 591873.6, Diff: 0.0]
      [Ext Root Scanning (ms): Min: 0.5, Avg: 0.5, Max: 0.5, Diff: 0.0, Sum: 1.1]
      [Update RS (ms): Min: 0.0, Avg: 0.0, Max: 0.0, Diff: 0.0, Sum: 0.1]
         [Processed Buffers: Min: 2, Avg: 2.5, Max: 3, Diff: 1, Sum: 5]
      [Scan RS (ms): Min: 0.1, Avg: 0.1, Max: 0.1, Diff: 0.0, Sum: 0.1]
      [Code Root Scanning (ms): Min: 0.0, Avg: 0.0, Max: 0.0, Diff: 0.0, Sum: 0.0]
      [Object Copy (ms): Min: 10.5, Avg: 10.6, Max: 10.6, Diff: 0.0, Sum: 21.1]
      [Termination (ms): Min: 0.0, Avg: 0.0, Max: 0.0, Diff: 0.0, Sum: 0.0]
         [Termination Attempts: Min: 1, Avg: 1.0, Max: 1, Diff: 0, Sum: 2]
      [GC Worker Other (ms): Min: 0.0, Avg: 0.0, Max: 0.0, Diff: 0.0, Sum: 0.0]
      [GC Worker Total (ms): Min: 11.2, Avg: 11.2, Max: 11.2, Diff: 0.0, Sum: 22.4]
      [GC Worker End (ms): Min: 591884.7, Avg: 591884.7, Max: 591884.7, Diff: 0.0]
   [Code Root Fixup: 0.0 ms]
   [Code Root Purge: 0.0 ms]
   [Clear CT: 0.1 ms]
   [Other: 0.4 ms]
      [Choose CSet: 0.0 ms]
      [Ref Proc: 0.1 ms]
      [Ref Enq: 0.0 ms]
      [Redirty Cards: 0.1 ms]
      [Humongous Register: 0.0 ms]
      [Humongous Reclaim: 0.0 ms]
      [Free CSet: 0.1 ms]
   [Eden: 249.0M(249.0M)->0.0B(257.0M) Survivors: 18432.0K->11264.0K Heap: 403.2M(472.0M)->146.7M(472.0M)]
 [Times: user=0.02 sys=0.00, real=0.01 secs] 
2024-07-06T11:33:58.103+0800: 592.269: [GC pause (G1 Evacuation Pause) (young), 0.0158082 secs]
   [Parallel Time: 15.2 ms, GC Workers: 2]
      [GC Worker Start (ms): Min: 592269.6, Avg: 592269.6, Max: 592269.6, Diff: 0.0]
      [Ext Root Scanning (ms): Min: 0.5, Avg: 0.5, Max: 0.5, Diff: 0.0, Sum: 1.1]
      [Update RS (ms): Min: 0.0, Avg: 0.0, Max: 0.0, Diff: 0.0, Sum: 0.1]
         [Processed Buffers: Min: 1, Avg: 2.5, Max: 4, Diff: 3, Sum: 5]
      [Scan RS (ms): Min: 0.1, Avg: 0.1, Max: 0.1, Diff: 0.0, Sum: 0.2]
      [Code Root Scanning (ms): Min: 0.0, Avg: 0.0, Max: 0.0, Diff: 0.0, Sum: 0.0]
      [Object Copy (ms): Min: 14.4, Avg: 14.4, Max: 14.4, Diff: 0.0, Sum: 28.8]
      [Termination (ms): Min: 0.0, Avg: 0.0, Max: 0.0, Diff: 0.0, Sum: 0.0]
         [Termination Attempts: Min: 1, Avg: 1.0, Max: 1, Diff: 0, Sum: 2]
      [GC Worker Other (ms): Min: 0.0, Avg: 0.0, Max: 0.0, Diff: 0.0, Sum: 0.0]
      [GC Worker Total (ms): Min: 15.1, Avg: 15.1, Max: 15.1, Diff: 0.0, Sum: 30.2]
      [GC Worker End (ms): Min: 592284.7, Avg: 592284.7, Max: 592284.7, Diff: 0.0]
   [Code Root Fixup: 0.0 ms]
   [Code Root Purge: 0.0 ms]
   [Clear CT: 0.2 ms]
   [Other: 0.5 ms]
      [Choose CSet: 0.0 ms]
      [Ref Proc: 0.1 ms]
      [Ref Enq: 0.0 ms]
      [Redirty Cards: 0.1 ms]
      [Humongous Register: 0.0 ms]
      [Humongous Reclaim: 0.0 ms]
      [Free CSet: 0.1 ms]
   [Eden: 257.0M(257.0M)->0.0B(253.0M) Survivors: 11264.0K->15360.0K Heap: 403.7M(472.0M)->150.7M(472.0M)]
 [Times: user=0.03 sys=0.00, real=0.02 secs] 
2024-07-06T11:33:58.703+0800: 592.870: [GC pause (G1 Evacuation Pause) (young), 0.0169250 secs]
   [Parallel Time: 16.3 ms, GC Workers: 2]
      [GC Worker Start (ms): Min: 592869.6, Avg: 592869.6, Max: 592869.6, Diff: 0.0]
      [Ext Root Scanning (ms): Min: 0.6, Avg: 0.6, Max: 0.6, Diff: 0.0, Sum: 1.2]
      [Update RS (ms): Min: 0.0, Avg: 0.0, Max: 0.0, Diff: 0.0, Sum: 0.1]
         [Processed Buffers: Min: 1, Avg: 2.5, Max: 4, Diff: 3, Sum: 5]
      [Scan RS (ms): Min: 0.1, Avg: 0.1, Max: 0.1, Diff: 0.0, Sum: 0.2]
      [Code Root Scanning (ms): Min: 0.0, Avg: 0.0, Max: 0.0, Diff: 0.0, Sum: 0.0]
      [Object Copy (ms): Min: 15.5, Avg: 15.5, Max: 15.6, Diff: 0.0, Sum: 31.1]
      [Termination (ms): Min: 0.0, Avg: 0.0, Max: 0.0, Diff: 0.0, Sum: 0.0]
         [Termination Attempts: Min: 1, Avg: 1.0, Max: 1, Diff: 0, Sum: 2]
      [GC Worker Other (ms): Min: 0.0, Avg: 0.0, Max: 0.0, Diff: 0.0, Sum: 0.0]
      [GC Worker Total (ms): Min: 16.3, Avg: 16.3, Max: 16.3, Diff: 0.0, Sum: 32.6]
      [GC Worker End (ms): Min: 592885.9, Avg: 592885.9, Max: 592885.9, Diff: 0.0]
   [Code Root Fixup: 0.0 ms]
   [Code Root Purge: 0.0 ms]
   [Clear CT: 0.1 ms]
   [Other: 0.5 ms]
      [Choose CSet: 0.0 ms]
      [Ref Proc: 0.1 ms]
      [Ref Enq: 0.0 ms]
      [Redirty Cards: 0.0 ms]
      [Humongous Register: 0.0 ms]
      [Humongous Reclaim: 0.0 ms]
      [Free CSet: 0.2 ms]
   [Eden: 253.0M(253.0M)->0.0B(256.0M) Survivors: 15360.0K->12288.0K Heap: 403.7M(472.0M)->148.2M(472.0M)]
 [Times: user=0.04 sys=0.00, real=0.02 secs] 
2024-07-06T11:33:59.191+0800: 593.357: [GC pause (G1 Evacuation Pause) (young), 0.0150770 secs]
   [Parallel Time: 14.6 ms, GC Workers: 2]
      [GC Worker Start (ms): Min: 593357.5, Avg: 593357.5, Max: 593357.6, Diff: 0.0]
      [Ext Root Scanning (ms): Min: 0.5, Avg: 0.5, Max: 0.6, Diff: 0.0, Sum: 1.1]
      [Update RS (ms): Min: 0.0, Avg: 0.0, Max: 0.0, Diff: 0.0, Sum: 0.1]
         [Processed Buffers: Min: 2, Avg: 2.5, Max: 3, Diff: 1, Sum: 5]
      [Scan RS (ms): Min: 0.1, Avg: 0.1, Max: 0.1, Diff: 0.0, Sum: 0.1]
      [Code Root Scanning (ms): Min: 0.0, Avg: 0.0, Max: 0.0, Diff: 0.0, Sum: 0.0]
      [Object Copy (ms): Min: 13.9, Avg: 13.9, Max: 13.9, Diff: 0.0, Sum: 27.7]
      [Termination (ms): Min: 0.0, Avg: 0.0, Max: 0.0, Diff: 0.0, Sum: 0.0]
         [Termination Attempts: Min: 1, Avg: 1.0, Max: 1, Diff: 0, Sum: 2]
      [GC Worker Other (ms): Min: 0.0, Avg: 0.0, Max: 0.0, Diff: 0.0, Sum: 0.0]
      [GC Worker Total (ms): Min: 14.5, Avg: 14.5, Max: 14.5, Diff: 0.0, Sum: 29.1]
      [GC Worker End (ms): Min: 593372.1, Avg: 593372.1, Max: 593372.1, Diff: 0.0]
   [Code Root Fixup: 0.0 ms]
   [Code Root Purge: 0.0 ms]
   [Clear CT: 0.1 ms]
   [Other: 0.4 ms]
      [Choose CSet: 0.0 ms]
      [Ref Proc: 0.1 ms]
      [Ref Enq: 0.0 ms]
      [Redirty Cards: 0.0 ms]
      [Humongous Register: 0.0 ms]
      [Humongous Reclaim: 0.0 ms]
      [Free CSet: 0.2 ms]
   [Eden: 256.0M(256.0M)->0.0B(255.0M) Survivors: 12288.0K->13312.0K Heap: 404.2M(472.0M)->149.2M(472.0M)]
 [Times: user=0.03 sys=0.00, real=0.01 secs] 
2024-07-06T11:33:59.627+0800: 593.793: [GC pause (G1 Evacuation Pause) (young), 0.0154487 secs]
   [Parallel Time: 14.9 ms, GC Workers: 2]
      [GC Worker Start (ms): Min: 593793.6, Avg: 593793.6, Max: 593793.6, Diff: 0.0]
      [Ext Root Scanning (ms): Min: 0.5, Avg: 0.5, Max: 0.5, Diff: 0.0, Sum: 1.0]
      [Update RS (ms): Min: 0.0, Avg: 0.0, Max: 0.0, Diff: 0.0, Sum: 0.1]
         [Processed Buffers: Min: 2, Avg: 2.5, Max: 3, Diff: 1, Sum: 5]
      [Scan RS (ms): Min: 0.1, Avg: 0.1, Max: 0.1, Diff: 0.0, Sum: 0.1]
      [Code Root Scanning (ms): Min: 0.0, Avg: 0.0, Max: 0.0, Diff: 0.0, Sum: 0.0]
      [Object Copy (ms): Min: 14.2, Avg: 14.2, Max: 14.2, Diff: 0.0, Sum: 28.4]
      [Termination (ms): Min: 0.0, Avg: 0.0, Max: 0.0, Diff: 0.0, Sum: 0.0]
         [Termination Attempts: Min: 1, Avg: 1.0, Max: 1, Diff: 0, Sum: 2]
      [GC Worker Other (ms): Min: 0.0, Avg: 0.0, Max: 0.0, Diff: 0.0, Sum: 0.0]
      [GC Worker Total (ms): Min: 14.8, Avg: 14.8, Max: 14.8, Diff: 0.0, Sum: 29.6]
      [GC Worker End (ms): Min: 593808.4, Avg: 593808.4, Max: 593808.4, Diff: 0.0]
   [Code Root Fixup: 0.0 ms]
   [Code Root Purge: 0.0 ms]
   [Clear CT: 0.2 ms]
   [Other: 0.4 ms]
      [Choose CSet: 0.0 ms]
      [Ref Proc: 0.1 ms]
      [Ref Enq: 0.0 ms]
      [Redirty Cards: 0.0 ms]
      [Humongous Register: 0.0 ms]
      [Humongous Reclaim: 0.0 ms]
      [Free CSet: 0.1 ms]
   [Eden: 255.0M(255.0M)->0.0B(254.0M) Survivors: 13312.0K->14336.0K Heap: 404.2M(472.0M)->149.7M(472.0M)]
 [Times: user=0.03 sys=0.00, real=0.01 secs] 
2024-07-06T11:34:00.035+0800: 594.201: [GC pause (G1 Evacuation Pause) (young), 0.0165258 secs]
   [Parallel Time: 16.0 ms, GC Workers: 2]
      [GC Worker Start (ms): Min: 594201.6, Avg: 594201.6, Max: 594201.6, Diff: 0.0]
      [Ext Root Scanning (ms): Min: 0.5, Avg: 0.5, Max: 0.5, Diff: 0.0, Sum: 1.0]
      [Update RS (ms): Min: 0.0, Avg: 0.0, Max: 0.0, Diff: 0.0, Sum: 0.1]
         [Processed Buffers: Min: 2, Avg: 2.5, Max: 3, Diff: 1, Sum: 5]
      [Scan RS (ms): Min: 0.1, Avg: 0.1, Max: 0.1, Diff: 0.0, Sum: 0.1]
      [Code Root Scanning (ms): Min: 0.0, Avg: 0.0, Max: 0.0, Diff: 0.0, Sum: 0.0]
      [Object Copy (ms): Min: 15.3, Avg: 15.3, Max: 15.3, Diff: 0.0, Sum: 30.5]
      [Termination (ms): Min: 0.0, Avg: 0.0, Max: 0.0, Diff: 0.0, Sum: 0.0]
         [Termination Attempts: Min: 1, Avg: 1.0, Max: 1, Diff: 0, Sum: 2]
      [GC Worker Other (ms): Min: 0.0, Avg: 0.0, Max: 0.0, Diff: 0.0, Sum: 0.0]
      [GC Worker Total (ms): Min: 15.9, Avg: 15.9, Max: 15.9, Diff: 0.0, Sum: 31.8]
      [GC Worker End (ms): Min: 594217.5, Avg: 594217.5, Max: 594217.5, Diff: 0.0]
   [Code Root Fixup: 0.0 ms]
   [Code Root Purge: 0.0 ms]
   [Clear CT: 0.1 ms]
   [Other: 0.5 ms]
      [Choose CSet: 0.0 ms]
      [Ref Proc: 0.1 ms]
      [Ref Enq: 0.0 ms]
      [Redirty Cards: 0.1 ms]
      [Humongous Register: 0.0 ms]
      [Humongous Reclaim: 0.0 ms]
      [Free CSet: 0.1 ms]
   [Eden: 254.0M(254.0M)->0.0B(253.0M) Survivors: 14336.0K->15360.0K Heap: 403.7M(472.0M)->150.7M(472.0M)]
 [Times: user=0.04 sys=0.00, real=0.01 secs] 
2024-07-06T11:34:00.460+0800: 594.626: [GC pause (G1 Evacuation Pause) (young), 0.0083401 secs]
   [Parallel Time: 7.7 ms, GC Workers: 2]
      [GC Worker Start (ms): Min: 594626.4, Avg: 594626.4, Max: 594626.4, Diff: 0.0]
      [Ext Root Scanning (ms): Min: 0.5, Avg: 0.5, Max: 0.5, Diff: 0.0, Sum: 1.0]
      [Update RS (ms): Min: 0.0, Avg: 0.1, Max: 0.1, Diff: 0.0, Sum: 0.1]
         [Processed Buffers: Min: 2, Avg: 2.5, Max: 3, Diff: 1, Sum: 5]
      [Scan RS (ms): Min: 0.1, Avg: 0.1, Max: 0.1, Diff: 0.0, Sum: 0.2]
      [Code Root Scanning (ms): Min: 0.0, Avg: 0.0, Max: 0.0, Diff: 0.0, Sum: 0.0]
      [Object Copy (ms): Min: 7.0, Avg: 7.0, Max: 7.0, Diff: 0.0, Sum: 14.0]
      [Termination (ms): Min: 0.0, Avg: 0.0, Max: 0.0, Diff: 0.0, Sum: 0.0]
         [Termination Attempts: Min: 1, Avg: 1.0, Max: 1, Diff: 0, Sum: 2]
      [GC Worker Other (ms): Min: 0.0, Avg: 0.0, Max: 0.0, Diff: 0.0, Sum: 0.0]
      [GC Worker Total (ms): Min: 7.6, Avg: 7.6, Max: 7.6, Diff: 0.0, Sum: 15.3]
      [GC Worker End (ms): Min: 594634.0, Avg: 594634.0, Max: 594634.0, Diff: 0.0]
   [Code Root Fixup: 0.0 ms]
   [Code Root Purge: 0.0 ms]
   [Clear CT: 0.2 ms]
   [Other: 0.4 ms]
      [Choose CSet: 0.0 ms]
      [Ref Proc: 0.1 ms]
      [Ref Enq: 0.0 ms]
      [Redirty Cards: 0.0 ms]
      [Humongous Register: 0.0 ms]
      [Humongous Reclaim: 0.0 ms]
      [Free CSet: 0.1 ms]
   [Eden: 253.0M(253.0M)->0.0B(259.0M) Survivors: 15360.0K->10240.0K Heap: 403.7M(472.0M)->145.7M(472.0M)]
 [Times: user=0.01 sys=0.00, real=0.01 secs] 
2024-07-06T11:34:00.904+0800: 595.071: [GC pause (G1 Evacuation Pause) (young), 0.0185854 secs]
   [Parallel Time: 18.0 ms, GC Workers: 2]
      [GC Worker Start (ms): Min: 595070.6, Avg: 595070.6, Max: 595070.6, Diff: 0.0]
      [Ext Root Scanning (ms): Min: 0.5, Avg: 0.5, Max: 0.5, Diff: 0.0, Sum: 1.0]
      [Update RS (ms): Min: 0.0, Avg: 0.0, Max: 0.0, Diff: 0.0, Sum: 0.1]
         [Processed Buffers: Min: 2, Avg: 2.5, Max: 3, Diff: 1, Sum: 5]
      [Scan RS (ms): Min: 0.1, Avg: 0.1, Max: 0.1, Diff: 0.0, Sum: 0.2]
      [Code Root Scanning (ms): Min: 0.0, Avg: 0.0, Max: 0.0, Diff: 0.0, Sum: 0.0]
      [Object Copy (ms): Min: 17.3, Avg: 17.3, Max: 17.3, Diff: 0.0, Sum: 34.6]
      [Termination (ms): Min: 0.0, Avg: 0.0, Max: 0.0, Diff: 0.0, Sum: 0.0]
         [Termination Attempts: Min: 1, Avg: 1.0, Max: 1, Diff: 0, Sum: 2]
      [GC Worker Other (ms): Min: 0.0, Avg: 0.0, Max: 0.0, Diff: 0.0, Sum: 0.0]
      [GC Worker Total (ms): Min: 17.9, Avg: 18.0, Max: 18.0, Diff: 0.0, Sum: 35.9]
      [GC Worker End (ms): Min: 595088.6, Avg: 595088.6, Max: 595088.6, Diff: 0.0]
   [Code Root Fixup: 0.0 ms]
   [Code Root Purge: 0.0 ms]
   [Clear CT: 0.1 ms]
   [Other: 0.4 ms]
      [Choose CSet: 0.0 ms]
      [Ref Proc: 0.1 ms]
      [Ref Enq: 0.0 ms]
      [Redirty Cards: 0.1 ms]
      [Humongous Register: 0.0 ms]
      [Humongous Reclaim: 0.0 ms]
      [Free CSet: 0.1 ms]
   [Eden: 259.0M(259.0M)->0.0B(252.0M) Survivors: 10240.0K->16384.0K Heap: 404.7M(472.0M)->152.2M(472.0M)]
 [Times: user=0.04 sys=0.00, real=0.02 secs] 
2024-07-06T11:34:01.357+0800: 595.523: [GC pause (G1 Evacuation Pause) (young), 0.0070354 secs]
   [Parallel Time: 6.5 ms, GC Workers: 2]
      [GC Worker Start (ms): Min: 595523.2, Avg: 595523.2, Max: 595523.2, Diff: 0.0]
      [Ext Root Scanning (ms): Min: 0.6, Avg: 0.6, Max: 0.6, Diff: 0.0, Sum: 1.2]
      [Update RS (ms): Min: 0.0, Avg: 0.0, Max: 0.0, Diff: 0.0, Sum: 0.1]
         [Processed Buffers: Min: 1, Avg: 2.5, Max: 4, Diff: 3, Sum: 5]
      [Scan RS (ms): Min: 0.1, Avg: 0.1, Max: 0.1, Diff: 0.0, Sum: 0.2]
      [Code Root Scanning (ms): Min: 0.0, Avg: 0.0, Max: 0.0, Diff: 0.0, Sum: 0.0]
      [Object Copy (ms): Min: 5.7, Avg: 5.7, Max: 5.7, Diff: 0.0, Sum: 11.4]
      [Termination (ms): Min: 0.0, Avg: 0.0, Max: 0.0, Diff: 0.0, Sum: 0.0]
         [Termination Attempts: Min: 3, Avg: 5.5, Max: 8, Diff: 5, Sum: 11]
      [GC Worker Other (ms): Min: 0.0, Avg: 0.0, Max: 0.0, Diff: 0.0, Sum: 0.0]
      [GC Worker Total (ms): Min: 6.4, Avg: 6.5, Max: 6.5, Diff: 0.0, Sum: 12.9]
      [GC Worker End (ms): Min: 595529.7, Avg: 595529.7, Max: 595529.7, Diff: 0.0]
   [Code Root Fixup: 0.0 ms]
   [Code Root Purge: 0.0 ms]
   [Clear CT: 0.1 ms]
   [Other: 0.4 ms]
      [Choose CSet: 0.0 ms]
      [Ref Proc: 0.1 ms]
      [Ref Enq: 0.0 ms]
      [Redirty Cards: 0.1 ms]
      [Humongous Register: 0.0 ms]
      [Humongous Reclaim: 0.0 ms]
      [Free CSet: 0.1 ms]
   [Eden: 252.0M(252.0M)->0.0B(262.0M) Survivors: 16384.0K->8192.0K Heap: 404.2M(472.0M)->144.2M(472.0M)]
 [Times: user=0.02 sys=0.00, real=0.00 secs] 
2024-07-06T11:34:01.831+0800: 595.998: [GC pause (G1 Evacuation Pause) (young), 0.0221902 secs]
   [Parallel Time: 21.6 ms, GC Workers: 2]
      [GC Worker Start (ms): Min: 595997.7, Avg: 595997.7, Max: 595997.7, Diff: 0.0]
      [Ext Root Scanning (ms): Min: 0.6, Avg: 0.6, Max: 0.6, Diff: 0.0, Sum: 1.2]
      [Update RS (ms): Min: 0.0, Avg: 0.0, Max: 0.0, Diff: 0.0, Sum: 0.1]
         [Processed Buffers: Min: 1, Avg: 2.5, Max: 4, Diff: 3, Sum: 5]
      [Scan RS (ms): Min: 0.1, Avg: 0.1, Max: 0.1, Diff: 0.0, Sum: 0.2]
      [Code Root Scanning (ms): Min: 0.0, Avg: 0.0, Max: 0.0, Diff: 0.0, Sum: 0.0]
      [Object Copy (ms): Min: 20.7, Avg: 20.8, Max: 20.8, Diff: 0.0, Sum: 41.5]
      [Termination (ms): Min: 0.0, Avg: 0.0, Max: 0.0, Diff: 0.0, Sum: 0.0]
         [Termination Attempts: Min: 1, Avg: 1.0, Max: 1, Diff: 0, Sum: 2]
      [GC Worker Other (ms): Min: 0.0, Avg: 0.0, Max: 0.0, Diff: 0.0, Sum: 0.0]
      [GC Worker Total (ms): Min: 21.5, Avg: 21.5, Max: 21.5, Diff: 0.0, Sum: 43.0]
      [GC Worker End (ms): Min: 596019.2, Avg: 596019.2, Max: 596019.2, Diff: 0.0]
   [Code Root Fixup: 0.0 ms]
   [Code Root Purge: 0.0 ms]
   [Clear CT: 0.1 ms]
   [Other: 0.5 ms]
      [Choose CSet: 0.0 ms]
      [Ref Proc: 0.1 ms]
      [Ref Enq: 0.0 ms]
      [Redirty Cards: 0.0 ms]
      [Humongous Register: 0.0 ms]
      [Humongous Reclaim: 0.0 ms]
      [Free CSet: 0.2 ms]
   [Eden: 262.0M(262.0M)->0.0B(251.0M) Survivors: 8192.0K->17408.0K Heap: 406.2M(472.0M)->152.7M(472.0M)]
 [Times: user=0.04 sys=0.00, real=0.02 secs] 
2024-07-06T11:34:02.322+0800: 596.488: [GC pause (G1 Evacuation Pause) (young), 0.0143108 secs]
   [Parallel Time: 13.7 ms, GC Workers: 2]
      [GC Worker Start (ms): Min: 596487.9, Avg: 596487.9, Max: 596487.9, Diff: 0.0]
      [Ext Root Scanning (ms): Min: 0.5, Avg: 0.5, Max: 0.5, Diff: 0.0, Sum: 1.1]
      [Update RS (ms): Min: 0.0, Avg: 0.0, Max: 0.0, Diff: 0.0, Sum: 0.1]
         [Processed Buffers: Min: 2, Avg: 2.5, Max: 3, Diff: 1, Sum: 5]
      [Scan RS (ms): Min: 0.1, Avg: 0.1, Max: 0.1, Diff: 0.0, Sum: 0.2]
      [Code Root Scanning (ms): Min: 0.0, Avg: 0.0, Max: 0.0, Diff: 0.0, Sum: 0.0]
      [Object Copy (ms): Min: 13.0, Avg: 13.0, Max: 13.0, Diff: 0.0, Sum: 25.9]
      [Termination (ms): Min: 0.0, Avg: 0.0, Max: 0.0, Diff: 0.0, Sum: 0.0]
         [Termination Attempts: Min: 1, Avg: 1.0, Max: 1, Diff: 0, Sum: 2]
      [GC Worker Other (ms): Min: 0.0, Avg: 0.0, Max: 0.0, Diff: 0.0, Sum: 0.0]
      [GC Worker Total (ms): Min: 13.6, Avg: 13.6, Max: 13.6, Diff: 0.0, Sum: 27.3]
      [GC Worker End (ms): Min: 596501.6, Avg: 596501.6, Max: 596501.6, Diff: 0.0]
   [Code Root Fixup: 0.0 ms]
   [Code Root Purge: 0.0 ms]
   [Clear CT: 0.1 ms]
   [Other: 0.5 ms]
      [Choose CSet: 0.0 ms]
      [Ref Proc: 0.1 ms]
      [Ref Enq: 0.0 ms]
      [Redirty Cards: 0.1 ms]
      [Humongous Register: 0.0 ms]
      [Humongous Reclaim: 0.0 ms]
      [Free CSet: 0.2 ms]
   [Eden: 251.0M(251.0M)->0.0B(256.0M) Survivors: 17408.0K->13312.0K Heap: 403.7M(472.0M)->148.7M(472.0M)]
 [Times: user=0.02 sys=0.00, real=0.02 secs] 
2024-07-06T11:34:02.827+0800: 596.993: [GC pause (G1 Evacuation Pause) (young), 0.0202380 secs]
   [Parallel Time: 19.7 ms, GC Workers: 2]
      [GC Worker Start (ms): Min: 596993.5, Avg: 596993.5, Max: 596993.6, Diff: 0.0]
      [Ext Root Scanning (ms): Min: 0.5, Avg: 0.5, Max: 0.5, Diff: 0.0, Sum: 1.0]
      [Update RS (ms): Min: 0.0, Avg: 0.0, Max: 0.0, Diff: 0.0, Sum: 0.1]
         [Processed Buffers: Min: 2, Avg: 2.5, Max: 3, Diff: 1, Sum: 5]
      [Scan RS (ms): Min: 0.1, Avg: 0.1, Max: 0.1, Diff: 0.0, Sum: 0.1]
      [Code Root Scanning (ms): Min: 0.0, Avg: 0.0, Max: 0.0, Diff: 0.0, Sum: 0.0]
      [Object Copy (ms): Min: 19.0, Avg: 19.0, Max: 19.0, Diff: 0.0, Sum: 38.0]
      [Termination (ms): Min: 0.0, Avg: 0.0, Max: 0.0, Diff: 0.0, Sum: 0.0]
         [Termination Attempts: Min: 1, Avg: 1.0, Max: 1, Diff: 0, Sum: 2]
      [GC Worker Other (ms): Min: 0.0, Avg: 0.0, Max: 0.0, Diff: 0.0, Sum: 0.0]
      [GC Worker Total (ms): Min: 19.6, Avg: 19.6, Max: 19.6, Diff: 0.0, Sum: 39.2]
      [GC Worker End (ms): Min: 597013.2, Avg: 597013.2, Max: 597013.2, Diff: 0.0]
   [Code Root Fixup: 0.0 ms]
   [Code Root Purge: 0.0 ms]
   [Clear CT: 0.1 ms]
   [Other: 0.4 ms]
      [Choose CSet: 0.0 ms]
      [Ref Proc: 0.1 ms]
      [Ref Enq: 0.0 ms]
      [Redirty Cards: 0.0 ms]
      [Humongous Register: 0.0 ms]
      [Humongous Reclaim: 0.0 ms]
      [Free CSet: 0.2 ms]
   [Eden: 256.0M(256.0M)->0.0B(249.0M) Survivors: 13312.0K->18432.0K Heap: 404.7M(472.0M)->154.2M(472.0M)]
 [Times: user=0.04 sys=0.00, real=0.02 secs] 
2024-07-06T11:34:03.251+0800: 597.417: [GC pause (G1 Evacuation Pause) (young), 0.0104262 secs]
   [Parallel Time: 10.0 ms, GC Workers: 2]
      [GC Worker Start (ms): Min: 597417.6, Avg: 597417.6, Max: 597417.6, Diff: 0.0]
      [Ext Root Scanning (ms): Min: 0.5, Avg: 0.5, Max: 0.5, Diff: 0.0, Sum: 1.0]
      [Update RS (ms): Min: 0.0, Avg: 0.0, Max: 0.0, Diff: 0.0, Sum: 0.1]
         [Processed Buffers: Min: 2, Avg: 2.5, Max: 3, Diff: 1, Sum: 5]
      [Scan RS (ms): Min: 0.1, Avg: 0.1, Max: 0.1, Diff: 0.0, Sum: 0.1]
      [Code Root Scanning (ms): Min: 0.0, Avg: 0.0, Max: 0.0, Diff: 0.0, Sum: 0.0]
      [Object Copy (ms): Min: 9.3, Avg: 9.3, Max: 9.3, Diff: 0.0, Sum: 18.5]
      [Termination (ms): Min: 0.0, Avg: 0.0, Max: 0.0, Diff: 0.0, Sum: 0.0]
         [Termination Attempts: Min: 1, Avg: 1.5, Max: 2, Diff: 1, Sum: 3]
      [GC Worker Other (ms): Min: 0.0, Avg: 0.0, Max: 0.0, Diff: 0.0, Sum: 0.0]
      [GC Worker Total (ms): Min: 9.9, Avg: 9.9, Max: 9.9, Diff: 0.0, Sum: 19.8]
      [GC Worker End (ms): Min: 597427.5, Avg: 597427.5, Max: 597427.5, Diff: 0.0]
   [Code Root Fixup: 0.0 ms]
   [Code Root Purge: 0.0 ms]
   [Clear CT: 0.1 ms]
   [Other: 0.3 ms]
      [Choose CSet: 0.0 ms]
      [Ref Proc: 0.1 ms]
      [Ref Enq: 0.0 ms]
      [Redirty Cards: 0.0 ms]
      [Humongous Register: 0.0 ms]
      [Humongous Reclaim: 0.0 ms]
      [Free CSet: 0.1 ms]
   [Eden: 249.0M(249.0M)->0.0B(257.0M) Survivors: 18432.0K->11264.0K Heap: 403.2M(472.0M)->146.7M(472.0M)]
 [Times: user=0.02 sys=0.00, real=0.01 secs] 
2024-07-06T11:34:03.631+0800: 597.797: [GC pause (G1 Evacuation Pause) (young), 0.0211369 secs]
   [Parallel Time: 20.6 ms, GC Workers: 2]
      [GC Worker Start (ms): Min: 597797.6, Avg: 597797.6, Max: 597797.6, Diff: 0.0]
      [Ext Root Scanning (ms): Min: 0.5, Avg: 0.5, Max: 0.5, Diff: 0.0, Sum: 1.0]
      [Update RS (ms): Min: 0.0, Avg: 0.0, Max: 0.0, Diff: 0.0, Sum: 0.1]
         [Processed Buffers: Min: 2, Avg: 2.5, Max: 3, Diff: 1, Sum: 5]
      [Scan RS (ms): Min: 0.1, Avg: 0.1, Max: 0.1, Diff: 0.0, Sum: 0.1]
      [Code Root Scanning (ms): Min: 0.0, Avg: 0.0, Max: 0.0, Diff: 0.0, Sum: 0.0]
      [Object Copy (ms): Min: 19.9, Avg: 19.9, Max: 19.9, Diff: 0.0, Sum: 39.9]
      [Termination (ms): Min: 0.0, Avg: 0.0, Max: 0.0, Diff: 0.0, Sum: 0.0]
         [Termination Attempts: Min: 1, Avg: 1.0, Max: 1, Diff: 0, Sum: 2]
      [GC Worker Other (ms): Min: 0.0, Avg: 0.0, Max: 0.0, Diff: 0.0, Sum: 0.0]
      [GC Worker Total (ms): Min: 20.6, Avg: 20.6, Max: 20.6, Diff: 0.0, Sum: 41.1]
      [GC Worker End (ms): Min: 597818.1, Avg: 597818.1, Max: 597818.1, Diff: 0.0]
   [Code Root Fixup: 0.0 ms]
   [Code Root Purge: 0.0 ms]
   [Clear CT: 0.1 ms]
   [Other: 0.4 ms]
      [Choose CSet: 0.0 ms]
      [Ref Proc: 0.1 ms]
      [Ref Enq: 0.0 ms]
      [Redirty Cards: 0.0 ms]
      [Humongous Register: 0.0 ms]
      [Humongous Reclaim: 0.0 ms]
      [Free CSet: 0.1 ms]
   [Eden: 257.0M(257.0M)->0.0B(247.0M) Survivors: 11264.0K->19456.0K Heap: 403.7M(472.0M)->155.2M(472.0M)]
 [Times: user=0.04 sys=0.00, real=0.02 secs] 
2024-07-06T11:34:04.096+0800: 598.262: [GC pause (G1 Evacuation Pause) (young), 0.0119168 secs]
   [Parallel Time: 11.5 ms, GC Workers: 2]
      [GC Worker Start (ms): Min: 598262.1, Avg: 598262.1, Max: 598262.1, Diff: 0.0]
      [Ext Root Scanning (ms): Min: 0.5, Avg: 0.5, Max: 0.5, Diff: 0.0, Sum: 1.1]
      [Update RS (ms): Min: 0.0, Avg: 0.0, Max: 0.0, Diff: 0.0, Sum: 0.1]
         [Processed Buffers: Min: 2, Avg: 2.5, Max: 3, Diff: 1, Sum: 5]
      [Scan RS (ms): Min: 0.1, Avg: 0.1, Max: 0.1, Diff: 0.0, Sum: 0.1]
      [Code Root Scanning (ms): Min: 0.0, Avg: 0.0, Max: 0.0, Diff: 0.0, Sum: 0.0]
      [Object Copy (ms): Min: 10.7, Avg: 10.7, Max: 10.7, Diff: 0.0, Sum: 21.4]
      [Termination (ms): Min: 0.0, Avg: 0.0, Max: 0.0, Diff: 0.0, Sum: 0.0]
         [Termination Attempts: Min: 1, Avg: 1.0, Max: 1, Diff: 0, Sum: 2]
      [GC Worker Other (ms): Min: 0.0, Avg: 0.0, Max: 0.0, Diff: 0.0, Sum: 0.0]
      [GC Worker Total (ms): Min: 11.4, Avg: 11.4, Max: 11.4, Diff: 0.0, Sum: 22.7]
      [GC Worker End (ms): Min: 598273.4, Avg: 598273.4, Max: 598273.4, Diff: 0.0]
   [Code Root Fixup: 0.0 ms]
   [Code Root Purge: 0.0 ms]
   [Clear CT: 0.1 ms]
   [Other: 0.3 ms]
      [Choose CSet: 0.0 ms]
      [Ref Proc: 0.1 ms]
      [Ref Enq: 0.0 ms]
      [Redirty Cards: 0.0 ms]
      [Humongous Register: 0.0 ms]
      [Humongous Reclaim: 0.0 ms]
      [Free CSet: 0.1 ms]
   [Eden: 247.0M(247.0M)->0.0B(258.0M) Survivors: 19456.0K->10240.0K Heap: 402.2M(472.0M)->146.2M(472.0M)]
 [Times: user=0.02 sys=0.00, real=0.01 secs] 
2024-07-06T11:34:04.535+0800: 598.701: [GC pause (G1 Evacuation Pause) (young), 0.0104975 secs]
   [Parallel Time: 10.0 ms, GC Workers: 2]
      [GC Worker Start (ms): Min: 598701.5, Avg: 598701.6, Max: 598701.6, Diff: 0.0]
      [Ext Root Scanning (ms): Min: 0.6, Avg: 0.6, Max: 0.6, Diff: 0.0, Sum: 1.1]
      [Update RS (ms): Min: 0.0, Avg: 0.0, Max: 0.0, Diff: 0.0, Sum: 0.1]
         [Processed Buffers: Min: 2, Avg: 3.0, Max: 4, Diff: 2, Sum: 6]
      [Scan RS (ms): Min: 0.1, Avg: 0.1, Max: 0.1, Diff: 0.0, Sum: 0.2]
      [Code Root Scanning (ms): Min: 0.0, Avg: 0.0, Max: 0.0, Diff: 0.0, Sum: 0.0]
      [Object Copy (ms): Min: 9.2, Avg: 9.3, Max: 9.3, Diff: 0.0, Sum: 18.5]
      [Termination (ms): Min: 0.0, Avg: 0.0, Max: 0.0, Diff: 0.0, Sum: 0.0]
         [Termination Attempts: Min: 1, Avg: 1.0, Max: 1, Diff: 0, Sum: 2]
      [GC Worker Other (ms): Min: 0.0, Avg: 0.0, Max: 0.0, Diff: 0.0, Sum: 0.0]
      [GC Worker Total (ms): Min: 9.9, Avg: 9.9, Max: 10.0, Diff: 0.0, Sum: 19.9]
      [GC Worker End (ms): Min: 598711.5, Avg: 598711.5, Max: 598711.5, Diff: 0.0]
   [Code Root Fixup: 0.0 ms]
   [Code Root Purge: 0.0 ms]
   [Clear CT: 0.1 ms]
   [Other: 0.4 ms]
      [Choose CSet: 0.0 ms]
      [Ref Proc: 0.1 ms]
      [Ref Enq: 0.0 ms]
      [Redirty Cards: 0.0 ms]
      [Humongous Register: 0.0 ms]
      [Humongous Reclaim: 0.0 ms]
      [Free CSet: 0.1 ms]
   [Eden: 258.0M(258.0M)->0.0B(259.0M) Survivors: 10240.0K->10240.0K Heap: 404.2M(472.0M)->146.2M(472.0M)]
 [Times: user=0.02 sys=0.00, real=0.00 secs] 
2024-07-06T11:34:05.024+0800: 599.190: [GC pause (G1 Evacuation Pause) (young), 0.0111346 secs]
   [Parallel Time: 10.6 ms, GC Workers: 2]
      [GC Worker Start (ms): Min: 599190.0, Avg: 599190.0, Max: 599190.0, Diff: 0.0]
      [Ext Root Scanning (ms): Min: 0.5, Avg: 0.5, Max: 0.5, Diff: 0.0, Sum: 1.0]
      [Update RS (ms): Min: 0.0, Avg: 0.0, Max: 0.0, Diff: 0.0, Sum: 0.1]
         [Processed Buffers: Min: 2, Avg: 2.5, Max: 3, Diff: 1, Sum: 5]
      [Scan RS (ms): Min: 0.1, Avg: 0.1, Max: 0.1, Diff: 0.0, Sum: 0.1]
      [Code Root Scanning (ms): Min: 0.0, Avg: 0.0, Max: 0.0, Diff: 0.0, Sum: 0.0]
      [Object Copy (ms): Min: 9.9, Avg: 9.9, Max: 9.9, Diff: 0.0, Sum: 19.8]
      [Termination (ms): Min: 0.0, Avg: 0.0, Max: 0.0, Diff: 0.0, Sum: 0.0]
         [Termination Attempts: Min: 2, Avg: 2.0, Max: 2, Diff: 0, Sum: 4]
      [GC Worker Other (ms): Min: 0.0, Avg: 0.0, Max: 0.0, Diff: 0.0, Sum: 0.0]
      [GC Worker Total (ms): Min: 10.5, Avg: 10.5, Max: 10.5, Diff: 0.0, Sum: 21.0]
      [GC Worker End (ms): Min: 599200.5, Avg: 599200.5, Max: 599200.5, Diff: 0.0]
   [Code Root Fixup: 0.0 ms]
   [Code Root Purge: 0.0 ms]
   [Clear CT: 0.1 ms]
   [Other: 0.4 ms]
      [Choose CSet: 0.0 ms]
      [Ref Proc: 0.1 ms]
      [Ref Enq: 0.0 ms]
      [Redirty Cards: 0.0 ms]
      [Humongous Register: 0.0 ms]
      [Humongous Reclaim: 0.0 ms]
      [Free CSet: 0.1 ms]
   [Eden: 259.0M(259.0M)->0.0B(260.0M) Survivors: 10240.0K->10240.0K Heap: 405.2M(472.0M)->145.7M(472.0M)]
 [Times: user=0.02 sys=0.00, real=0.01 secs] 
2024-07-06T11:34:05.449+0800: 599.615: [GC pause (G1 Evacuation Pause) (young), 0.0186817 secs]
   [Parallel Time: 18.2 ms, GC Workers: 2]
      [GC Worker Start (ms): Min: 599615.1, Avg: 599615.2, Max: 599615.2, Diff: 0.0]
      [Ext Root Scanning (ms): Min: 0.5, Avg: 0.5, Max: 0.5, Diff: 0.0, Sum: 1.0]
      [Update RS (ms): Min: 0.0, Avg: 0.0, Max: 0.0, Diff: 0.0, Sum: 0.1]
         [Processed Buffers: Min: 2, Avg: 2.5, Max: 3, Diff: 1, Sum: 5]
      [Scan RS (ms): Min: 0.1, Avg: 0.1, Max: 0.1, Diff: 0.0, Sum: 0.2]
      [Code Root Scanning (ms): Min: 0.0, Avg: 0.0, Max: 0.0, Diff: 0.0, Sum: 0.0]
      [Object Copy (ms): Min: 17.5, Avg: 17.5, Max: 17.5, Diff: 0.0, Sum: 35.0]
      [Termination (ms): Min: 0.0, Avg: 0.0, Max: 0.0, Diff: 0.0, Sum: 0.0]
         [Termination Attempts: Min: 1, Avg: 1.0, Max: 1, Diff: 0, Sum: 2]
      [GC Worker Other (ms): Min: 0.0, Avg: 0.0, Max: 0.0, Diff: 0.0, Sum: 0.0]
      [GC Worker Total (ms): Min: 18.1, Avg: 18.1, Max: 18.1, Diff: 0.0, Sum: 36.2]
      [GC Worker End (ms): Min: 599633.3, Avg: 599633.3, Max: 599633.3, Diff: 0.0]
   [Code Root Fixup: 0.0 ms]
   [Code Root Purge: 0.0 ms]
   [Clear CT: 0.1 ms]
   [Other: 0.4 ms]
      [Choose CSet: 0.0 ms]
      [Ref Proc: 0.1 ms]
      [Ref Enq: 0.0 ms]
      [Redirty Cards: 0.1 ms]
      [Humongous Register: 0.0 ms]
      [Humongous Reclaim: 0.0 ms]
      [Free CSet: 0.1 ms]
   [Eden: 260.0M(260.0M)->0.0B(251.0M) Survivors: 10240.0K->17408.0K Heap: 405.7M(472.0M)->153.2M(472.0M)]
 [Times: user=0.04 sys=0.00, real=0.02 secs] 
2024-07-06T11:34:05.900+0800: 600.066: [GC pause (G1 Evacuation Pause) (young), 0.0155889 secs]
   [Parallel Time: 15.0 ms, GC Workers: 2]
      [GC Worker Start (ms): Min: 600066.2, Avg: 600066.2, Max: 600066.2, Diff: 0.0]
      [Ext Root Scanning (ms): Min: 0.6, Avg: 0.6, Max: 0.6, Diff: 0.0, Sum: 1.2]
      [Update RS (ms): Min: 0.0, Avg: 0.0, Max: 0.0, Diff: 0.0, Sum: 0.1]
         [Processed Buffers: Min: 2, Avg: 2.5, Max: 3, Diff: 1, Sum: 5]
      [Scan RS (ms): Min: 0.1, Avg: 0.1, Max: 0.1, Diff: 0.0, Sum: 0.2]
      [Code Root Scanning (ms): Min: 0.0, Avg: 0.0, Max: 0.0, Diff: 0.0, Sum: 0.0]
      [Object Copy (ms): Min: 14.2, Avg: 14.2, Max: 14.2, Diff: 0.0, Sum: 28.4]
      [Termination (ms): Min: 0.0, Avg: 0.0, Max: 0.0, Diff: 0.0, Sum: 0.0]
         [Termination Attempts: Min: 1, Avg: 1.0, Max: 1, Diff: 0, Sum: 2]
      [GC Worker Other (ms): Min: 0.0, Avg: 0.0, Max: 0.0, Diff: 0.0, Sum: 0.0]
      [GC Worker Total (ms): Min: 14.9, Avg: 14.9, Max: 14.9, Diff: 0.0, Sum: 29.8]
      [GC Worker End (ms): Min: 600081.2, Avg: 600081.2, Max: 600081.2, Diff: 0.0]
   [Code Root Fixup: 0.0 ms]
   [Code Root Purge: 0.0 ms]
   [Clear CT: 0.1 ms]
   [Other: 0.5 ms]
      [Choose CSet: 0.0 ms]
      [Ref Proc: 0.1 ms]
      [Ref Enq: 0.0 ms]
      [Redirty Cards: 0.0 ms]
      [Humongous Register: 0.0 ms]
      [Humongous Reclaim: 0.0 ms]
      [Free CSet: 0.2 ms]
   [Eden: 251.0M(251.0M)->0.0B(255.0M) Survivors: 17408.0K->14336.0K Heap: 404.2M(472.0M)->150.2M(472.0M)]
 [Times: user=0.03 sys=0.00, real=0.02 secs] 
2024-07-06T11:34:06.369+0800: 600.535: [GC pause (G1 Evacuation Pause) (young), 0.0130425 secs]
   [Parallel Time: 12.5 ms, GC Workers: 2]
      [GC Worker Start (ms): Min: 600534.9, Avg: 600534.9, Max: 600534.9, Diff: 0.0]
      [Ext Root Scanning (ms): Min: 0.6, Avg: 0.6, Max: 0.6, Diff: 0.0, Sum: 1.2]
      [Update RS (ms): Min: 0.0, Avg: 0.0, Max: 0.0, Diff: 0.0, Sum: 0.1]
         [Processed Buffers: Min: 2, Avg: 2.5, Max: 3, Diff: 1, Sum: 5]
      [Scan RS (ms): Min: 0.1, Avg: 0.1, Max: 0.1, Diff: 0.0, Sum: 0.2]
      [Code Root Scanning (ms): Min: 0.0, Avg: 0.0, Max: 0.0, Diff: 0.0, Sum: 0.0]
      [Object Copy (ms): Min: 11.7, Avg: 11.7, Max: 11.7, Diff: 0.0, Sum: 23.5]
      [Termination (ms): Min: 0.0, Avg: 0.0, Max: 0.0, Diff: 0.0, Sum: 0.0]
         [Termination Attempts: Min: 1, Avg: 1.5, Max: 2, Diff: 1, Sum: 3]
      [GC Worker Other (ms): Min: 0.0, Avg: 0.0, Max: 0.0, Diff: 0.0, Sum: 0.0]
      [GC Worker Total (ms): Min: 12.5, Avg: 12.5, Max: 12.5, Diff: 0.0, Sum: 24.9]
      [GC Worker End (ms): Min: 600547.4, Avg: 600547.4, Max: 600547.4, Diff: 0.0]
   [Code Root Fixup: 0.0 ms]
   [Code Root Purge: 0.0 ms]
   [Clear CT: 0.1 ms]
   [Other: 0.4 ms]
      [Choose CSet: 0.0 ms]
      [Ref Proc: 0.1 ms]
      [Ref Enq: 0.0 ms]
      [Redirty Cards: 0.0 ms]
      [Humongous Register: 0.0 ms]
      [Humongous Reclaim: 0.0 ms]
      [Free CSet: 0.1 ms]
   [Eden: 255.0M(255.0M)->0.0B(258.0M) Survivors: 14336.0K->11264.0K Heap: 405.2M(472.0M)->147.2M(472.0M)]
 [Times: user=0.02 sys=0.00, real=0.01 secs] 
2024-07-06T11:34:06.835+0800: 601.001: [GC pause (G1 Evacuation Pause) (young), 0.0179336 secs]
   [Parallel Time: 17.1 ms, GC Workers: 2]
      [GC Worker Start (ms): Min: 601000.9, Avg: 601000.9, Max: 601000.9, Diff: 0.0]
      [Ext Root Scanning (ms): Min: 0.6, Avg: 0.6, Max: 0.6, Diff: 0.0, Sum: 1.2]
      [Update RS (ms): Min: 0.0, Avg: 0.0, Max: 0.0, Diff: 0.0, Sum: 0.1]
         [Processed Buffers: Min: 2, Avg: 2.5, Max: 3, Diff: 1, Sum: 5]
      [Scan RS (ms): Min: 0.1, Avg: 0.1, Max: 0.1, Diff: 0.0, Sum: 0.1]
      [Code Root Scanning (ms): Min: 0.0, Avg: 0.0, Max: 0.0, Diff: 0.0, Sum: 0.0]
      [Object Copy (ms): Min: 16.3, Avg: 16.4, Max: 16.4, Diff: 0.0, Sum: 32.7]
      [Termination (ms): Min: 0.0, Avg: 0.0, Max: 0.0, Diff: 0.0, Sum: 0.0]
         [Termination Attempts: Min: 1, Avg: 1.0, Max: 1, Diff: 0, Sum: 2]
      [GC Worker Other (ms): Min: 0.0, Avg: 0.0, Max: 0.0, Diff: 0.0, Sum: 0.0]
      [GC Worker Total (ms): Min: 17.1, Avg: 17.1, Max: 17.1, Diff: 0.0, Sum: 34.1]
      [GC Worker End (ms): Min: 601017.9, Avg: 601017.9, Max: 601017.9, Diff: 0.0]
   [Code Root Fixup: 0.0 ms]
   [Code Root Purge: 0.0 ms]
   [Clear CT: 0.3 ms]
   [Other: 0.5 ms]
      [Choose CSet: 0.0 ms]
      [Ref Proc: 0.2 ms]
      [Ref Enq: 0.0 ms]
      [Redirty Cards: 0.1 ms]
      [Humongous Register: 0.0 ms]
      [Humongous Reclaim: 0.0 ms]
      [Free CSet: 0.1 ms]
   [Eden: 258.0M(258.0M)->0.0B(258.0M) Survivors: 11264.0K->12288.0K Heap: 405.2M(472.0M)->147.7M(472.0M)]
 [Times: user=0.02 sys=0.00, real=0.02 secs] 
2024-07-06T11:34:07.300+0800: 601.467: [GC pause (G1 Evacuation Pause) (young), 0.0126559 secs]
   [Parallel Time: 12.1 ms, GC Workers: 2]
      [GC Worker Start (ms): Min: 601466.6, Avg: 601466.6, Max: 601466.6, Diff: 0.0]
      [Ext Root Scanning (ms): Min: 0.6, Avg: 0.6, Max: 0.6, Diff: 0.0, Sum: 1.2]
      [Update RS (ms): Min: 0.0, Avg: 0.0, Max: 0.0, Diff: 0.0, Sum: 0.1]
         [Processed Buffers: Min: 1, Avg: 2.5, Max: 4, Diff: 3, Sum: 5]
      [Scan RS (ms): Min: 0.1, Avg: 0.1, Max: 0.1, Diff: 0.0, Sum: 0.2]
      [Code Root Scanning (ms): Min: 0.0, Avg: 0.0, Max: 0.0, Diff: 0.0, Sum: 0.0]
      [Object Copy (ms): Min: 11.3, Avg: 11.3, Max: 11.4, Diff: 0.0, Sum: 22.7]
      [Termination (ms): Min: 0.0, Avg: 0.0, Max: 0.0, Diff: 0.0, Sum: 0.0]
         [Termination Attempts: Min: 1, Avg: 1.0, Max: 1, Diff: 0, Sum: 2]
      [GC Worker Other (ms): Min: 0.0, Avg: 0.0, Max: 0.0, Diff: 0.0, Sum: 0.0]
      [GC Worker Total (ms): Min: 12.0, Avg: 12.1, Max: 12.1, Diff: 0.0, Sum: 24.1]
      [GC Worker End (ms): Min: 601478.7, Avg: 601478.7, Max: 601478.7, Diff: 0.0]
   [Code Root Fixup: 0.0 ms]
   [Code Root Purge: 0.0 ms]
   [Clear CT: 0.1 ms]
   [Other: 0.4 ms]
      [Choose CSet: 0.0 ms]
      [Ref Proc: 0.1 ms]
      [Ref Enq: 0.0 ms]
      [Redirty Cards: 0.1 ms]
      [Humongous Register: 0.0 ms]
      [Humongous Reclaim: 0.0 ms]
      [Free CSet: 0.1 ms]
   [Eden: 258.0M(258.0M)->0.0B(259.0M) Survivors: 12288.0K->11264.0K Heap: 405.7M(472.0M)->146.7M(472.0M)]
 [Times: user=0.02 sys=0.00, real=0.01 secs] 
2024-07-06T11:34:07.707+0800: 601.873: [GC pause (G1 Evacuation Pause) (young), 0.0131113 secs]
   [Parallel Time: 12.5 ms, GC Workers: 2]
      [GC Worker Start (ms): Min: 601873.4, Avg: 601873.4, Max: 601873.4, Diff: 0.0]
      [Ext Root Scanning (ms): Min: 0.6, Avg: 0.6, Max: 0.6, Diff: 0.0, Sum: 1.1]
      [Update RS (ms): Min: 0.0, Avg: 0.0, Max: 0.0, Diff: 0.0, Sum: 0.1]
         [Processed Buffers: Min: 1, Avg: 2.5, Max: 4, Diff: 3, Sum: 5]
      [Scan RS (ms): Min: 0.1, Avg: 0.1, Max: 0.1, Diff: 0.0, Sum: 0.1]
      [Code Root Scanning (ms): Min: 0.0, Avg: 0.0, Max: 0.0, Diff: 0.0, Sum: 0.0]
      [Object Copy (ms): Min: 11.7, Avg: 11.7, Max: 11.8, Diff: 0.0, Sum: 23.5]
      [Termination (ms): Min: 0.0, Avg: 0.0, Max: 0.0, Diff: 0.0, Sum: 0.0]
         [Termination Attempts: Min: 1, Avg: 1.0, Max: 1, Diff: 0, Sum: 2]
      [GC Worker Other (ms): Min: 0.0, Avg: 0.0, Max: 0.0, Diff: 0.0, Sum: 0.0]
      [GC Worker Total (ms): Min: 12.4, Avg: 12.4, Max: 12.4, Diff: 0.0, Sum: 24.8]
      [GC Worker End (ms): Min: 601885.8, Avg: 601885.8, Max: 601885.8, Diff: 0.0]
   [Code Root Fixup: 0.0 ms]
   [Code Root Purge: 0.0 ms]
   [Clear CT: 0.2 ms]
   [Other: 0.5 ms]
      [Choose CSet: 0.0 ms]
      [Ref Proc: 0.2 ms]
      [Ref Enq: 0.0 ms]
      [Redirty Cards: 0.0 ms]
      [Humongous Register: 0.0 ms]
      [Humongous Reclaim: 0.0 ms]
      [Free CSet: 0.1 ms]
   [Eden: 259.0M(259.0M)->0.0B(257.0M) Survivors: 11264.0K->13312.0K Heap: 405.7M(472.0M)->149.2M(472.0M)]
 [Times: user=0.02 sys=0.00, real=0.02 secs] 
2024-07-06T11:34:08.177+0800: 602.343: [GC pause (G1 Evacuation Pause) (young), 0.0126460 secs]
   [Parallel Time: 12.0 ms, GC Workers: 2]
      [GC Worker Start (ms): Min: 602343.5, Avg: 602343.5, Max: 602343.5, Diff: 0.0]
      [Ext Root Scanning (ms): Min: 0.5, Avg: 0.5, Max: 0.5, Diff: 0.0, Sum: 1.0]
      [Update RS (ms): Min: 0.0, Avg: 0.0, Max: 0.0, Diff: 0.0, Sum: 0.1]
         [Processed Buffers: Min: 1, Avg: 2.5, Max: 4, Diff: 3, Sum: 5]
      [Scan RS (ms): Min: 0.1, Avg: 0.1, Max: 0.1, Diff: 0.0, Sum: 0.2]
      [Code Root Scanning (ms): Min: 0.0, Avg: 0.0, Max: 0.0, Diff: 0.0, Sum: 0.0]
      [Object Copy (ms): Min: 11.3, Avg: 11.3, Max: 11.3, Diff: 0.0, Sum: 22.7]
      [Termination (ms): Min: 0.0, Avg: 0.0, Max: 0.0, Diff: 0.0, Sum: 0.0]
         [Termination Attempts: Min: 1, Avg: 1.0, Max: 1, Diff: 0, Sum: 2]
      [GC Worker Other (ms): Min: 0.0, Avg: 0.0, Max: 0.0, Diff: 0.0, Sum: 0.0]
      [GC Worker Total (ms): Min: 12.0, Avg: 12.0, Max: 12.0, Diff: 0.0, Sum: 24.0]
      [GC Worker End (ms): Min: 602355.5, Avg: 602355.5, Max: 602355.5, Diff: 0.0]
   [Code Root Fixup: 0.0 ms]
   [Code Root Purge: 0.0 ms]
   [Clear CT: 0.2 ms]
   [Other: 0.4 ms]
      [Choose CSet: 0.0 ms]
      [Ref Proc: 0.1 ms]
      [Ref Enq: 0.0 ms]
      [Redirty Cards: 0.0 ms]
      [Humongous Register: 0.0 ms]
      [Humongous Reclaim: 0.0 ms]
      [Free CSet: 0.2 ms]
   [Eden: 257.0M(257.0M)->0.0B(259.0M) Survivors: 13312.0K->11264.0K Heap: 406.2M(472.0M)->147.2M(472.0M)]
 [Times: user=0.02 sys=0.00, real=0.01 secs] 
2024-07-06T11:34:08.619+0800: 602.785: [GC pause (G1 Evacuation Pause) (young), 0.0110714 secs]
   [Parallel Time: 10.5 ms, GC Workers: 2]
      [GC Worker Start (ms): Min: 602785.6, Avg: 602785.9, Max: 602786.3, Diff: 0.7]
      [Ext Root Scanning (ms): Min: 0.4, Avg: 1.2, Max: 2.0, Diff: 1.5, Sum: 2.4]
      [Update RS (ms): Min: 0.0, Avg: 0.0, Max: 0.1, Diff: 0.1, Sum: 0.1]
         [Processed Buffers: Min: 0, Avg: 2.5, Max: 5, Diff: 5, Sum: 5]
      [Scan RS (ms): Min: 0.0, Avg: 0.1, Max: 0.2, Diff: 0.2, Sum: 0.2]
      [Code Root Scanning (ms): Min: 0.0, Avg: 0.0, Max: 0.0, Diff: 0.0, Sum: 0.0]
      [Object Copy (ms): Min: 8.5, Avg: 8.8, Max: 9.1, Diff: 0.6, Sum: 17.6]
      [Termination (ms): Min: 0.0, Avg: 0.0, Max: 0.0, Diff: 0.0, Sum: 0.0]
         [Termination Attempts: Min: 1, Avg: 1.0, Max: 1, Diff: 0, Sum: 2]
      [GC Worker Other (ms): Min: 0.0, Avg: 0.0, Max: 0.0, Diff: 0.0, Sum: 0.0]
      [GC Worker Total (ms): Min: 9.8, Avg: 10.1, Max: 10.5, Diff: 0.7, Sum: 20.3]
      [GC Worker End (ms): Min: 602796.1, Avg: 602796.1, Max: 602796.1, Diff: 0.0]
   [Code Root Fixup: 0.0 ms]
   [Code Root Purge: 0.0 ms]
   [Clear CT: 0.1 ms]
   [Other: 0.4 ms]
      [Choose CSet: 0.0 ms]
      [Ref Proc: 0.1 ms]
      [Ref Enq: 0.0 ms]
      [Redirty Cards: 0.1 ms]
      [Humongous Register: 0.0 ms]
      [Humongous Reclaim: 0.0 ms]
      [Free CSet: 0.1 ms]
   [Eden: 259.0M(259.0M)->0.0B(263.0M) Survivors: 11264.0K->9216.0K Heap: 406.2M(472.0M)->144.7M(472.0M)]
 [Times: user=0.02 sys=0.00, real=0.01 secs] 
2024-07-06T11:34:09.039+0800: 603.206: [GC pause (G1 Evacuation Pause) (young), 0.0173247 secs]
   [Parallel Time: 16.9 ms, GC Workers: 2]
      [GC Worker Start (ms): Min: 603205.7, Avg: 603205.7, Max: 603205.7, Diff: 0.0]
      [Ext Root Scanning (ms): Min: 0.5, Avg: 0.5, Max: 0.5, Diff: 0.0, Sum: 1.0]
      [Update RS (ms): Min: 0.0, Avg: 0.0, Max: 0.0, Diff: 0.0, Sum: 0.1]
         [Processed Buffers: Min: 2, Avg: 2.5, Max: 3, Diff: 1, Sum: 5]
      [Scan RS (ms): Min: 0.1, Avg: 0.1, Max: 0.1, Diff: 0.0, Sum: 0.2]
      [Code Root Scanning (ms): Min: 0.0, Avg: 0.0, Max: 0.0, Diff: 0.0, Sum: 0.0]
      [Object Copy (ms): Min: 16.2, Avg: 16.2, Max: 16.2, Diff: 0.0, Sum: 32.3]
      [Termination (ms): Min: 0.0, Avg: 0.0, Max: 0.0, Diff: 0.0, Sum: 0.0]
         [Termination Attempts: Min: 1, Avg: 1.0, Max: 1, Diff: 0, Sum: 2]
      [GC Worker Other (ms): Min: 0.0, Avg: 0.0, Max: 0.0, Diff: 0.0, Sum: 0.0]
      [GC Worker Total (ms): Min: 16.8, Avg: 16.8, Max: 16.8, Diff: 0.0, Sum: 33.6]
      [GC Worker End (ms): Min: 603222.5, Avg: 603222.5, Max: 603222.5, Diff: 0.0]
   [Code Root Fixup: 0.0 ms]
   [Code Root Purge: 0.0 ms]
   [Clear CT: 0.1 ms]
   [Other: 0.4 ms]
      [Choose CSet: 0.0 ms]
      [Ref Proc: 0.1 ms]
      [Ref Enq: 0.0 ms]
      [Redirty Cards: 0.0 ms]
      [Humongous Register: 0.0 ms]
      [Humongous Reclaim: 0.0 ms]
      [Free CSet: 0.1 ms]
   [Eden: 263.0M(263.0M)->0.0B(249.0M) Survivors: 9216.0K->18432.0K Heap: 407.7M(472.0M)->153.7M(472.0M)]
 [Times: user=0.03 sys=0.00, real=0.02 secs] 
2024-07-06T11:34:09.511+0800: 603.677: [GC pause (G1 Evacuation Pause) (young), 0.0120370 secs]
   [Parallel Time: 11.5 ms, GC Workers: 2]
      [GC Worker Start (ms): Min: 603677.3, Avg: 603677.3, Max: 603677.3, Diff: 0.0]
      [Ext Root Scanning (ms): Min: 0.5, Avg: 0.5, Max: 0.5, Diff: 0.0, Sum: 1.0]
      [Update RS (ms): Min: 0.0, Avg: 0.0, Max: 0.0, Diff: 0.0, Sum: 0.1]
         [Processed Buffers: Min: 1, Avg: 2.5, Max: 4, Diff: 3, Sum: 5]
      [Scan RS (ms): Min: 0.1, Avg: 0.1, Max: 0.1, Diff: 0.0, Sum: 0.2]
      [Code Root Scanning (ms): Min: 0.0, Avg: 0.0, Max: 0.0, Diff: 0.0, Sum: 0.0]
      [Object Copy (ms): Min: 10.8, Avg: 10.8, Max: 10.8, Diff: 0.0, Sum: 21.5]
      [Termination (ms): Min: 0.0, Avg: 0.0, Max: 0.0, Diff: 0.0, Sum: 0.0]
         [Termination Attempts: Min: 1, Avg: 1.0, Max: 1, Diff: 0, Sum: 2]
      [GC Worker Other (ms): Min: 0.0, Avg: 0.0, Max: 0.0, Diff: 0.0, Sum: 0.0]
      [GC Worker Total (ms): Min: 11.4, Avg: 11.4, Max: 11.4, Diff: 0.0, Sum: 22.9]
      [GC Worker End (ms): Min: 603688.8, Avg: 603688.8, Max: 603688.8, Diff: 0.0]
   [Code Root Fixup: 0.0 ms]
   [Code Root Purge: 0.0 ms]
   [Clear CT: 0.1 ms]
   [Other: 0.4 ms]
      [Choose CSet: 0.0 ms]
      [Ref Proc: 0.1 ms]
      [Ref Enq: 0.0 ms]
      [Redirty Cards: 0.0 ms]
      [Humongous Register: 0.0 ms]
      [Humongous Reclaim: 0.0 ms]
      [Free CSet: 0.1 ms]
   [Eden: 249.0M(249.0M)->0.0B(259.0M) Survivors: 18432.0K->11264.0K Heap: 402.7M(472.0M)->146.7M(472.0M)]
 [Times: user=0.02 sys=0.00, real=0.01 secs] 
2024-07-06T11:34:09.963+0800: 604.130: [GC pause (G1 Evacuation Pause) (young), 0.0109228 secs]
   [Parallel Time: 10.4 ms, GC Workers: 2]
      [GC Worker Start (ms): Min: 604129.8, Avg: 604130.1, Max: 604130.4, Diff: 0.6]
      [Ext Root Scanning (ms): Min: 0.2, Avg: 0.7, Max: 1.2, Diff: 1.0, Sum: 1.4]
      [Update RS (ms): Min: 0.0, Avg: 0.0, Max: 0.0, Diff: 0.0, Sum: 0.0]
         [Processed Buffers: Min: 0, Avg: 2.5, Max: 5, Diff: 5, Sum: 5]
      [Scan RS (ms): Min: 0.0, Avg: 0.1, Max: 0.1, Diff: 0.1, Sum: 0.1]
      [Code Root Scanning (ms): Min: 0.0, Avg: 0.0, Max: 0.0, Diff: 0.0, Sum: 0.0]
      [Object Copy (ms): Min: 9.2, Avg: 9.3, Max: 9.4, Diff: 0.2, Sum: 18.6]
      [Termination (ms): Min: 0.0, Avg: 0.0, Max: 0.0, Diff: 0.0, Sum: 0.0]
         [Termination Attempts: Min: 1, Avg: 1.0, Max: 1, Diff: 0, Sum: 2]
      [GC Worker Other (ms): Min: 0.0, Avg: 0.0, Max: 0.0, Diff: 0.0, Sum: 0.0]
      [GC Worker Total (ms): Min: 9.8, Avg: 10.1, Max: 10.4, Diff: 0.6, Sum: 20.2]
      [GC Worker End (ms): Min: 604140.2, Avg: 604140.2, Max: 604140.2, Diff: 0.0]
   [Code Root Fixup: 0.0 ms]
   [Code Root Purge: 0.0 ms]
   [Clear CT: 0.1 ms]
   [Other: 0.4 ms]
      [Choose CSet: 0.0 ms]
      [Ref Proc: 0.1 ms]
      [Ref Enq: 0.0 ms]
      [Redirty Cards: 0.0 ms]
      [Humongous Register: 0.0 ms]
      [Humongous Reclaim: 0.0 ms]
      [Free CSet: 0.1 ms]
   [Eden: 259.0M(259.0M)->0.0B(263.0M) Survivors: 11264.0K->8192.0K Heap: 405.7M(472.0M)->144.2M(472.0M)]
 [Times: user=0.02 sys=0.00, real=0.01 secs] 
2024-07-06T11:34:10.372+0800: 604.539: [GC pause (G1 Evacuation Pause) (young), 0.0171029 secs]
   [Parallel Time: 16.6 ms, GC Workers: 2]
      [GC Worker Start (ms): Min: 604538.7, Avg: 604538.7, Max: 604538.7, Diff: 0.0]
      [Ext Root Scanning (ms): Min: 0.6, Avg: 0.6, Max: 0.6, Diff: 0.0, Sum: 1.2]
      [Update RS (ms): Min: 0.0, Avg: 0.0, Max: 0.0, Diff: 0.0, Sum: 0.1]
         [Processed Buffers: Min: 1, Avg: 2.5, Max: 4, Diff: 3, Sum: 5]
      [Scan RS (ms): Min: 0.1, Avg: 0.1, Max: 0.1, Diff: 0.0, Sum: 0.2]
      [Code Root Scanning (ms): Min: 0.0, Avg: 0.0, Max: 0.0, Diff: 0.0, Sum: 0.0]
      [Object Copy (ms): Min: 15.8, Avg: 15.8, Max: 15.8, Diff: 0.0, Sum: 31.6]
      [Termination (ms): Min: 0.0, Avg: 0.0, Max: 0.0, Diff: 0.0, Sum: 0.0]
         [Termination Attempts: Min: 1, Avg: 1.0, Max: 1, Diff: 0, Sum: 2]
      [GC Worker Other (ms): Min: 0.0, Avg: 0.0, Max: 0.0, Diff: 0.0, Sum: 0.0]
      [GC Worker Total (ms): Min: 16.5, Avg: 16.5, Max: 16.5, Diff: 0.0, Sum: 33.0]
      [GC Worker End (ms): Min: 604555.2, Avg: 604555.2, Max: 604555.2, Diff: 0.0]
   [Code Root Fixup: 0.0 ms]
   [Code Root Purge: 0.0 ms]
   [Clear CT: 0.1 ms]
   [Other: 0.4 ms]
      [Choose CSet: 0.0 ms]
      [Ref Proc: 0.1 ms]
      [Ref Enq: 0.0 ms]
      [Redirty Cards: 0.0 ms]
      [Humongous Register: 0.0 ms]
      [Humongous Reclaim: 0.0 ms]
      [Free CSet: 0.1 ms]
   [Eden: 263.0M(263.0M)->0.0B(251.0M) Survivors: 8192.0K->17408.0K Heap: 407.2M(472.0M)->153.2M(472.0M)]
 [Times: user=0.04 sys=0.00, real=0.02 secs] 
2024-07-06T11:34:10.823+0800: 604.989: [GC pause (G1 Evacuation Pause) (young), 0.0122041 secs]
   [Parallel Time: 11.6 ms, GC Workers: 2]
      [GC Worker Start (ms): Min: 604989.6, Avg: 604989.6, Max: 604989.6, Diff: 0.0]
      [Ext Root Scanning (ms): Min: 0.5, Avg: 0.5, Max: 0.5, Diff: 0.0, Sum: 1.1]
      [Update RS (ms): Min: 0.0, Avg: 0.0, Max: 0.0, Diff: 0.0, Sum: 0.1]
         [Processed Buffers: Min: 1, Avg: 2.5, Max: 4, Diff: 3, Sum: 5]
      [Scan RS (ms): Min: 0.1, Avg: 0.1, Max: 0.1, Diff: 0.0, Sum: 0.2]
      [Code Root Scanning (ms): Min: 0.0, Avg: 0.0, Max: 0.0, Diff: 0.0, Sum: 0.0]
      [Object Copy (ms): Min: 10.9, Avg: 10.9, Max: 10.9, Diff: 0.0, Sum: 21.8]
      [Termination (ms): Min: 0.0, Avg: 0.0, Max: 0.0, Diff: 0.0, Sum: 0.0]
         [Termination Attempts: Min: 1, Avg: 1.0, Max: 1, Diff: 0, Sum: 2]
      [GC Worker Other (ms): Min: 0.0, Avg: 0.0, Max: 0.0, Diff: 0.0, Sum: 0.0]
      [GC Worker Total (ms): Min: 11.5, Avg: 11.5, Max: 11.6, Diff: 0.0, Sum: 23.1]
      [GC Worker End (ms): Min: 605001.1, Avg: 605001.1, Max: 605001.1, Diff: 0.0]
   [Code Root Fixup: 0.0 ms]
   [Code Root Purge: 0.0 ms]
   [Clear CT: 0.2 ms]
   [Other: 0.4 ms]
      [Choose CSet: 0.0 ms]
      [Ref Proc: 0.1 ms]
      [Ref Enq: 0.0 ms]
      [Redirty Cards: 0.1 ms]
      [Humongous Register: 0.0 ms]
      [Humongous Reclaim: 0.0 ms]
      [Free CSet: 0.1 ms]
   [Eden: 251.0M(251.0M)->0.0B(260.0M) Survivors: 17408.0K->10240.0K Heap: 404.2M(472.0M)->146.2M(472.0M)]
 [Times: user=0.03 sys=0.00, real=0.02 secs] 
2024-07-06T11:34:11.323+0800: 605.489: [GC pause (G1 Evacuation Pause) (young), 0.0134051 secs]
   [Parallel Time: 12.8 ms, GC Workers: 2]
      [GC Worker Start (ms): Min: 605489.4, Avg: 605489.4, Max: 605489.4, Diff: 0.0]
      [Ext Root Scanning (ms): Min: 0.6, Avg: 0.6, Max: 0.6, Diff: 0.0, Sum: 1.2]
      [Update RS (ms): Min: 0.0, Avg: 0.0, Max: 0.0, Diff: 0.0, Sum: 0.1]
         [Processed Buffers: Min: 2, Avg: 2.5, Max: 3, Diff: 1, Sum: 5]
      [Scan RS (ms): Min: 0.1, Avg: 0.1, Max: 0.1, Diff: 0.0, Sum: 0.2]
      [Code Root Scanning (ms): Min: 0.0, Avg: 0.0, Max: 0.0, Diff: 0.0, Sum: 0.0]
      [Object Copy (ms): Min: 12.0, Avg: 12.0, Max: 12.0, Diff: 0.0, Sum: 24.0]
      [Termination (ms): Min: 0.0, Avg: 0.0, Max: 0.0, Diff: 0.0, Sum: 0.0]
         [Termination Attempts: Min: 1, Avg: 1.0, Max: 1, Diff: 0, Sum: 2]
      [GC Worker Other (ms): Min: 0.0, Avg: 0.0, Max: 0.0, Diff: 0.0, Sum: 0.0]
      [GC Worker Total (ms): Min: 12.7, Avg: 12.7, Max: 12.7, Diff: 0.0, Sum: 25.5]
      [GC Worker End (ms): Min: 605502.1, Avg: 605502.1, Max: 605502.1, Diff: 0.0]
   [Code Root Fixup: 0.0 ms]
   [Code Root Purge: 0.0 ms]
   [Clear CT: 0.1 ms]
   [Other: 0.5 ms]
      [Choose CSet: 0.0 ms]
      [Ref Proc: 0.1 ms]
      [Ref Enq: 0.0 ms]
      [Redirty Cards: 0.1 ms]
      [Humongous Register: 0.0 ms]
      [Humongous Reclaim: 0.0 ms]
      [Free CSet: 0.2 ms]
   [Eden: 260.0M(260.0M)->0.0B(260.0M) Survivors: 10240.0K->11264.0K Heap: 406.2M(472.0M)->146.7M(472.0M)]
 [Times: user=0.02 sys=0.00, real=0.02 secs] 
2024-07-06T11:34:11.772+0800: 605.938: [GC pause (G1 Evacuation Pause) (young), 0.0113831 secs]
   [Parallel Time: 10.9 ms, GC Workers: 2]
      [GC Worker Start (ms): Min: 605938.6, Avg: 605938.6, Max: 605938.6, Diff: 0.0]
      [Ext Root Scanning (ms): Min: 0.5, Avg: 0.6, Max: 0.6, Diff: 0.0, Sum: 1.1]
      [Update RS (ms): Min: 0.0, Avg: 0.0, Max: 0.0, Diff: 0.0, Sum: 0.1]
         [Processed Buffers: Min: 2, Avg: 2.5, Max: 3, Diff: 1, Sum: 5]
      [Scan RS (ms): Min: 0.1, Avg: 0.1, Max: 0.1, Diff: 0.0, Sum: 0.2]
      [Code Root Scanning (ms): Min: 0.0, Avg: 0.0, Max: 0.0, Diff: 0.0, Sum: 0.0]
      [Object Copy (ms): Min: 10.1, Avg: 10.1, Max: 10.1, Diff: 0.0, Sum: 20.3]
      [Termination (ms): Min: 0.0, Avg: 0.0, Max: 0.0, Diff: 0.0, Sum: 0.0]
         [Termination Attempts: Min: 1, Avg: 1.0, Max: 1, Diff: 0, Sum: 2]
      [GC Worker Other (ms): Min: 0.0, Avg: 0.0, Max: 0.0, Diff: 0.0, Sum: 0.0]
      [GC Worker Total (ms): Min: 10.8, Avg: 10.8, Max: 10.8, Diff: 0.0, Sum: 21.6]
      [GC Worker End (ms): Min: 605949.4, Avg: 605949.4, Max: 605949.4, Diff: 0.0]
   [Code Root Fixup: 0.0 ms]
   [Code Root Purge: 0.0 ms]
   [Clear CT: 0.1 ms]
   [Other: 0.4 ms]
      [Choose CSet: 0.0 ms]
      [Ref Proc: 0.1 ms]
      [Ref Enq: 0.0 ms]
      [Redirty Cards: 0.0 ms]
      [Humongous Register: 0.0 ms]
      [Humongous Reclaim: 0.0 ms]
      [Free CSet: 0.1 ms]
   [Eden: 260.0M(260.0M)->0.0B(260.0M) Survivors: 11264.0K->11264.0K Heap: 406.7M(472.0M)->146.7M(472.0M)]
 [Times: user=0.03 sys=0.00, real=0.01 secs] 
2024-07-06T11:34:12.191+0800: 606.357: [GC pause (G1 Evacuation Pause) (young), 0.0193485 secs]
   [Parallel Time: 18.7 ms, GC Workers: 2]
      [GC Worker Start (ms): Min: 606357.6, Avg: 606357.6, Max: 606357.6, Diff: 0.0]
      [Ext Root Scanning (ms): Min: 0.6, Avg: 0.6, Max: 0.6, Diff: 0.0, Sum: 1.1]
      [Update RS (ms): Min: 0.0, Avg: 0.0, Max: 0.0, Diff: 0.0, Sum: 0.1]
         [Processed Buffers: Min: 1, Avg: 2.5, Max: 4, Diff: 3, Sum: 5]
      [Scan RS (ms): Min: 0.1, Avg: 0.1, Max: 0.1, Diff: 0.0, Sum: 0.2]
      [Code Root Scanning (ms): Min: 0.0, Avg: 0.0, Max: 0.0, Diff: 0.0, Sum: 0.0]
      [Object Copy (ms): Min: 17.9, Avg: 17.9, Max: 17.9, Diff: 0.0, Sum: 35.8]
      [Termination (ms): Min: 0.0, Avg: 0.0, Max: 0.0, Diff: 0.0, Sum: 0.0]
         [Termination Attempts: Min: 1, Avg: 1.0, Max: 1, Diff: 0, Sum: 2]
      [GC Worker Other (ms): Min: 0.0, Avg: 0.0, Max: 0.0, Diff: 0.0, Sum: 0.1]
      [GC Worker Total (ms): Min: 18.6, Avg: 18.6, Max: 18.6, Diff: 0.0, Sum: 37.3]
      [GC Worker End (ms): Min: 606376.2, Avg: 606376.2, Max: 606376.2, Diff: 0.0]
   [Code Root Fixup: 0.0 ms]
   [Code Root Purge: 0.0 ms]
   [Clear CT: 0.1 ms]
   [Other: 0.5 ms]
      [Choose CSet: 0.0 ms]
      [Ref Proc: 0.1 ms]
      [Ref Enq: 0.0 ms]
      [Redirty Cards: 0.1 ms]
      [Humongous Register: 0.0 ms]
      [Humongous Reclaim: 0.0 ms]
      [Free CSet: 0.2 ms]
   [Eden: 260.0M(260.0M)->0.0B(251.0M) Survivors: 11264.0K->17408.0K Heap: 406.7M(472.0M)->153.2M(472.0M)]
 [Times: user=0.04 sys=0.00, real=0.02 secs] 
2024-07-06T11:34:12.660+0800: 606.826: [GC pause (G1 Evacuation Pause) (young), 0.0126739 secs]
   [Parallel Time: 12.2 ms, GC Workers: 2]
      [GC Worker Start (ms): Min: 606826.0, Avg: 606826.0, Max: 606826.0, Diff: 0.0]
      [Ext Root Scanning (ms): Min: 0.5, Avg: 0.5, Max: 0.5, Diff: 0.0, Sum: 1.0]
      [Update RS (ms): Min: 0.0, Avg: 0.0, Max: 0.0, Diff: 0.0, Sum: 0.1]
         [Processed Buffers: Min: 2, Avg: 2.5, Max: 3, Diff: 1, Sum: 5]
      [Scan RS (ms): Min: 0.1, Avg: 0.1, Max: 0.1, Diff: 0.0, Sum: 0.2]
      [Code Root Scanning (ms): Min: 0.0, Avg: 0.0, Max: 0.0, Diff: 0.0, Sum: 0.0]
      [Object Copy (ms): Min: 11.4, Avg: 11.4, Max: 11.4, Diff: 0.0, Sum: 22.9]
      [Termination (ms): Min: 0.0, Avg: 0.0, Max: 0.0, Diff: 0.0, Sum: 0.0]
         [Termination Attempts: Min: 1, Avg: 1.0, Max: 1, Diff: 0, Sum: 2]
      [GC Worker Other (ms): Min: 0.0, Avg: 0.0, Max: 0.0, Diff: 0.0, Sum: 0.0]
      [GC Worker Total (ms): Min: 12.1, Avg: 12.1, Max: 12.1, Diff: 0.0, Sum: 24.1]
      [GC Worker End (ms): Min: 606838.1, Avg: 606838.1, Max: 606838.1, Diff: 0.0]
   [Code Root Fixup: 0.0 ms]
   [Code Root Purge: 0.0 ms]
   [Clear CT: 0.1 ms]
   [Other: 0.4 ms]
      [Choose CSet: 0.0 ms]
      [Ref Proc: 0.1 ms]
      [Ref Enq: 0.0 ms]
      [Redirty Cards: 0.1 ms]
      [Humongous Register: 0.0 ms]
      [Humongous Reclaim: 0.0 ms]
      [Free CSet: 0.1 ms]
   [Eden: 251.0M(251.0M)->0.0B(258.0M) Survivors: 17408.0K->11264.0K Heap: 404.2M(472.0M)->146.7M(472.0M)]
 [Times: user=0.03 sys=0.00, real=0.01 secs] 
2024-07-06T11:34:13.047+0800: 607.213: [GC pause (G1 Evacuation Pause) (young), 0.0155850 secs]
   [Parallel Time: 15.0 ms, GC Workers: 2]
      [GC Worker Start (ms): Min: 607212.8, Avg: 607212.8, Max: 607212.8, Diff: 0.0]
      [Ext Root Scanning (ms): Min: 0.5, Avg: 0.5, Max: 0.5, Diff: 0.0, Sum: 1.0]
      [Update RS (ms): Min: 0.0, Avg: 0.0, Max: 0.0, Diff: 0.0, Sum: 0.0]
         [Processed Buffers: Min: 0, Avg: 2.5, Max: 5, Diff: 5, Sum: 5]
      [Scan RS (ms): Min: 0.1, Avg: 0.1, Max: 0.1, Diff: 0.0, Sum: 0.1]
      [Code Root Scanning (ms): Min: 0.0, Avg: 0.0, Max: 0.0, Diff: 0.0, Sum: 0.0]
      [Object Copy (ms): Min: 14.3, Avg: 14.3, Max: 14.3, Diff: 0.0, Sum: 28.6]
      [Termination (ms): Min: 0.0, Avg: 0.0, Max: 0.0, Diff: 0.0, Sum: 0.0]
         [Termination Attempts: Min: 1, Avg: 1.0, Max: 1, Diff: 0, Sum: 2]
      [GC Worker Other (ms): Min: 0.0, Avg: 0.0, Max: 0.0, Diff: 0.0, Sum: 0.0]
      [GC Worker Total (ms): Min: 14.9, Avg: 14.9, Max: 14.9, Diff: 0.0, Sum: 29.9]
      [GC Worker End (ms): Min: 607227.8, Avg: 607227.8, Max: 607227.8, Diff: 0.0]
   [Code Root Fixup: 0.0 ms]
   [Code Root Purge: 0.0 ms]
   [Clear CT: 0.2 ms]
   [Other: 0.4 ms]
      [Choose CSet: 0.0 ms]
      [Ref Proc: 0.1 ms]
      [Ref Enq: 0.0 ms]
      [Redirty Cards: 0.0 ms]
      [Humongous Register: 0.0 ms]
      [Humongous Reclaim: 0.0 ms]
      [Free CSet: 0.1 ms]
   [Eden: 258.0M(258.0M)->0.0B(253.0M) Survivors: 11264.0K->16384.0K Heap: 404.7M(472.0M)->151.7M(472.0M)]
 [Times: user=0.03 sys=0.00, real=0.02 secs] 
2024-07-06T11:34:13.557+0800: 607.723: [GC pause (G1 Evacuation Pause) (young), 0.0123226 secs]
   [Parallel Time: 11.8 ms, GC Workers: 2]
      [GC Worker Start (ms): Min: 607723.3, Avg: 607723.4, Max: 607723.5, Diff: 0.2]
      [Ext Root Scanning (ms): Min: 0.4, Avg: 0.5, Max: 0.6, Diff: 0.2, Sum: 1.1]
      [Update RS (ms): Min: 0.0, Avg: 0.0, Max: 0.0, Diff: 0.0, Sum: 0.1]
         [Processed Buffers: Min: 2, Avg: 2.5, Max: 3, Diff: 1, Sum: 5]
      [Scan RS (ms): Min: 0.1, Avg: 0.1, Max: 0.1, Diff: 0.0, Sum: 0.1]
      [Code Root Scanning (ms): Min: 0.0, Avg: 0.0, Max: 0.0, Diff: 0.0, Sum: 0.0]
      [Object Copy (ms): Min: 11.1, Avg: 11.1, Max: 11.1, Diff: 0.0, Sum: 22.1]
      [Termination (ms): Min: 0.0, Avg: 0.0, Max: 0.0, Diff: 0.0, Sum: 0.0]
         [Termination Attempts: Min: 1, Avg: 1.0, Max: 1, Diff: 0, Sum: 2]
      [GC Worker Other (ms): Min: 0.0, Avg: 0.0, Max: 0.0, Diff: 0.0, Sum: 0.0]
      [GC Worker Total (ms): Min: 11.6, Avg: 11.7, Max: 11.8, Diff: 0.2, Sum: 23.4]
      [GC Worker End (ms): Min: 607735.1, Avg: 607735.1, Max: 607735.1, Diff: 0.0]
   [Code Root Fixup: 0.0 ms]
   [Code Root Purge: 0.0 ms]
   [Clear CT: 0.1 ms]
   [Other: 0.4 ms]
      [Choose CSet: 0.0 ms]
      [Ref Proc: 0.1 ms]
      [Ref Enq: 0.0 ms]
      [Redirty Cards: 0.0 ms]
      [Humongous Register: 0.0 ms]
      [Humongous Reclaim: 0.0 ms]
      [Free CSet: 0.1 ms]
   [Eden: 253.0M(253.0M)->0.0B(256.0M) Survivors: 16384.0K->13312.0K Heap: 404.7M(472.0M)->149.2M(472.0M)]
 [Times: user=0.03 sys=0.00, real=0.01 secs] 
2024-07-06T11:34:13.985+0800: 608.151: [GC pause (G1 Evacuation Pause) (young), 0.0146667 secs]
   [Parallel Time: 14.1 ms, GC Workers: 2]
      [GC Worker Start (ms): Min: 608150.9, Avg: 608150.9, Max: 608150.9, Diff: 0.0]
      [Ext Root Scanning (ms): Min: 0.5, Avg: 0.5, Max: 0.5, Diff: 0.0, Sum: 1.0]
      [Update RS (ms): Min: 0.0, Avg: 0.0, Max: 0.0, Diff: 0.0, Sum: 0.1]
         [Processed Buffers: Min: 2, Avg: 2.5, Max: 3, Diff: 1, Sum: 5]
      [Scan RS (ms): Min: 0.1, Avg: 0.1, Max: 0.1, Diff: 0.0, Sum: 0.1]
      [Code Root Scanning (ms): Min: 0.0, Avg: 0.0, Max: 0.0, Diff: 0.0, Sum: 0.0]
      [Object Copy (ms): Min: 13.4, Avg: 13.4, Max: 13.4, Diff: 0.0, Sum: 26.8]
      [Termination (ms): Min: 0.0, Avg: 0.0, Max: 0.0, Diff: 0.0, Sum: 0.0]
         [Termination Attempts: Min: 1, Avg: 1.0, Max: 1, Diff: 0, Sum: 2]
      [GC Worker Other (ms): Min: 0.0, Avg: 0.0, Max: 0.0, Diff: 0.0, Sum: 0.0]
      [GC Worker Total (ms): Min: 14.0, Avg: 14.0, Max: 14.0, Diff: 0.0, Sum: 28.0]
      [GC Worker End (ms): Min: 608164.9, Avg: 608164.9, Max: 608164.9, Diff: 0.0]
   [Code Root Fixup: 0.0 ms]
   [Code Root Purge: 0.0 ms]
   [Clear CT: 0.1 ms]
   [Other: 0.5 ms]
      [Choose CSet: 0.0 ms]
      [Ref Proc: 0.1 ms]
      [Ref Enq: 0.0 ms]
      [Redirty Cards: 0.0 ms]
      [Humongous Register: 0.0 ms]
      [Humongous Reclaim: 0.0 ms]
      [Free CSet: 0.2 ms]
   [Eden: 256.0M(256.0M)->0.0B(256.0M) Survivors: 13312.0K->13312.0K Heap: 405.2M(472.0M)->149.2M(472.0M)]
 [Times: user=0.03 sys=0.00, real=0.02 secs] 
2024-07-06T11:34:14.456+0800: 608.622: [GC pause (G1 Evacuation Pause) (young), 0.0174333 secs]
   [Parallel Time: 16.8 ms, GC Workers: 2]
      [GC Worker Start (ms): Min: 608622.2, Avg: 608622.2, Max: 608622.2, Diff: 0.0]
      [Ext Root Scanning (ms): Min: 0.5, Avg: 0.5, Max: 0.5, Diff: 0.0, Sum: 1.0]
      [Update RS (ms): Min: 0.0, Avg: 0.0, Max: 0.0, Diff: 0.0, Sum: 0.1]
         [Processed Buffers: Min: 2, Avg: 3.0, Max: 4, Diff: 2, Sum: 6]
      [Scan RS (ms): Min: 0.1, Avg: 0.1, Max: 0.1, Diff: 0.0, Sum: 0.2]
      [Code Root Scanning (ms): Min: 0.0, Avg: 0.0, Max: 0.0, Diff: 0.0, Sum: 0.0]
      [Object Copy (ms): Min: 16.1, Avg: 16.1, Max: 16.1, Diff: 0.0, Sum: 32.2]
      [Termination (ms): Min: 0.0, Avg: 0.0, Max: 0.0, Diff: 0.0, Sum: 0.0]
         [Termination Attempts: Min: 1, Avg: 1.0, Max: 1, Diff: 0, Sum: 2]
      [GC Worker Other (ms): Min: 0.0, Avg: 0.0, Max: 0.0, Diff: 0.0, Sum: 0.0]
      [GC Worker Total (ms): Min: 16.7, Avg: 16.8, Max: 16.8, Diff: 0.0, Sum: 33.5]
      [GC Worker End (ms): Min: 608638.9, Avg: 608638.9, Max: 608638.9, Diff: 0.0]
   [Code Root Fixup: 0.0 ms]
   [Code Root Purge: 0.0 ms]
   [Clear CT: 0.1 ms]
   [Other: 0.5 ms]
      [Choose CSet: 0.0 ms]
      [Ref Proc: 0.1 ms]
      [Ref Enq: 0.0 ms]
      [Redirty Cards: 0.0 ms]
      [Humongous Register: 0.0 ms]
      [Humongous Reclaim: 0.0 ms]
      [Free CSet: 0.2 ms]
   [Eden: 256.0M(256.0M)->0.0B(255.0M) Survivors: 13312.0K->13312.0K Heap: 405.2M(472.0M)->149.2M(472.0M)]
 [Times: user=0.04 sys=0.00, real=0.01 secs] 
2024-07-06T11:34:14.883+0800: 609.049: [GC pause (G1 Evacuation Pause) (young), 0.0139868 secs]
   [Parallel Time: 13.5 ms, GC Workers: 2]
      [GC Worker Start (ms): Min: 609049.5, Avg: 609049.5, Max: 609049.5, Diff: 0.0]
      [Ext Root Scanning (ms): Min: 0.5, Avg: 0.5, Max: 0.5, Diff: 0.0, Sum: 1.0]
      [Update RS (ms): Min: 0.0, Avg: 0.0, Max: 0.0, Diff: 0.0, Sum: 0.1]
         [Processed Buffers: Min: 2, Avg: 3.0, Max: 4, Diff: 2, Sum: 6]
      [Scan RS (ms): Min: 0.1, Avg: 0.1, Max: 0.1, Diff: 0.0, Sum: 0.1]
      [Code Root Scanning (ms): Min: 0.0, Avg: 0.0, Max: 0.0, Diff: 0.0, Sum: 0.0]
      [Object Copy (ms): Min: 12.7, Avg: 12.7, Max: 12.8, Diff: 0.0, Sum: 25.5]
      [Termination (ms): Min: 0.0, Avg: 0.0, Max: 0.0, Diff: 0.0, Sum: 0.0]
         [Termination Attempts: Min: 1, Avg: 1.0, Max: 1, Diff: 0, Sum: 2]
      [GC Worker Other (ms): Min: 0.0, Avg: 0.0, Max: 0.0, Diff: 0.0, Sum: 0.0]
      [GC Worker Total (ms): Min: 13.4, Avg: 13.4, Max: 13.4, Diff: 0.0, Sum: 26.8]
      [GC Worker End (ms): Min: 609062.9, Avg: 609062.9, Max: 609062.9, Diff: 0.0]
   [Code Root Fixup: 0.0 ms]
   [Code Root Purge: 0.0 ms]
   [Clear CT: 0.1 ms]
   [Other: 0.4 ms]
      [Choose CSet: 0.0 ms]
      [Ref Proc: 0.1 ms]
      [Ref Enq: 0.0 ms]
      [Redirty Cards: 0.0 ms]
      [Humongous Register: 0.0 ms]
      [Humongous Reclaim: 0.0 ms]
      [Free CSet: 0.1 ms]
   [Eden: 255.0M(255.0M)->0.0B(257.0M) Survivors: 13312.0K->12288.0K Heap: 404.2M(472.0M)->148.2M(472.0M)]
 [Times: user=0.02 sys=0.00, real=0.02 secs] 
2024-07-06T11:34:15.343+0800: 609.509: [GC pause (G1 Evacuation Pause) (young), 0.0182980 secs]
   [Parallel Time: 17.8 ms, GC Workers: 2]
      [GC Worker Start (ms): Min: 609509.6, Avg: 609509.6, Max: 609509.6, Diff: 0.0]
      [Ext Root Scanning (ms): Min: 0.6, Avg: 0.6, Max: 0.6, Diff: 0.0, Sum: 1.1]
      [Update RS (ms): Min: 0.0, Avg: 0.0, Max: 0.0, Diff: 0.0, Sum: 0.1]
         [Processed Buffers: Min: 2, Avg: 2.5, Max: 3, Diff: 1, Sum: 5]
      [Scan RS (ms): Min: 0.1, Avg: 0.1, Max: 0.1, Diff: 0.0, Sum: 0.2]
      [Code Root Scanning (ms): Min: 0.0, Avg: 0.0, Max: 0.0, Diff: 0.0, Sum: 0.0]
      [Object Copy (ms): Min: 17.0, Avg: 17.0, Max: 17.0, Diff: 0.0, Sum: 34.0]
      [Termination (ms): Min: 0.0, Avg: 0.0, Max: 0.0, Diff: 0.0, Sum: 0.0]
         [Termination Attempts: Min: 1, Avg: 1.0, Max: 1, Diff: 0, Sum: 2]
      [GC Worker Other (ms): Min: 0.0, Avg: 0.0, Max: 0.0, Diff: 0.0, Sum: 0.0]
      [GC Worker Total (ms): Min: 17.7, Avg: 17.7, Max: 17.7, Diff: 0.0, Sum: 35.4]
      [GC Worker End (ms): Min: 609527.3, Avg: 609527.3, Max: 609527.3, Diff: 0.0]
   [Code Root Fixup: 0.0 ms]
   [Code Root Purge: 0.0 ms]
   [Clear CT: 0.1 ms]
   [Other: 0.4 ms]
      [Choose CSet: 0.0 ms]
      [Ref Proc: 0.1 ms]
      [Ref Enq: 0.0 ms]
      [Redirty Cards: 0.1 ms]
      [Humongous Register: 0.0 ms]
      [Humongous Reclaim: 0.0 ms]
      [Free CSet: 0.2 ms]
   [Eden: 257.0M(257.0M)->0.0B(253.0M) Survivors: 12288.0K->15360.0K Heap: 405.2M(472.0M)->150.7M(472.0M)]
 [Times: user=0.04 sys=0.00, real=0.02 secs] 
2024-07-06T11:34:15.806+0800: 609.972: [GC pause (G1 Evacuation Pause) (young), 0.0173828 secs]
   [Parallel Time: 16.8 ms, GC Workers: 2]
      [GC Worker Start (ms): Min: 609972.0, Avg: 609972.1, Max: 609972.1, Diff: 0.0]
      [Ext Root Scanning (ms): Min: 0.5, Avg: 0.5, Max: 0.5, Diff: 0.0, Sum: 1.0]
      [Update RS (ms): Min: 0.0, Avg: 0.0, Max: 0.0, Diff: 0.0, Sum: 0.1]
         [Processed Buffers: Min: 2, Avg: 3.0, Max: 4, Diff: 2, Sum: 6]
      [Scan RS (ms): Min: 0.1, Avg: 0.1, Max: 0.1, Diff: 0.0, Sum: 0.1]
      [Code Root Scanning (ms): Min: 0.0, Avg: 0.0, Max: 0.0, Diff: 0.0, Sum: 0.0]
      [Object Copy (ms): Min: 16.2, Avg: 16.2, Max: 16.2, Diff: 0.0, Sum: 32.3]
      [Termination (ms): Min: 0.0, Avg: 0.0, Max: 0.0, Diff: 0.0, Sum: 0.0]
         [Termination Attempts: Min: 1, Avg: 1.0, Max: 1, Diff: 0, Sum: 2]
      [GC Worker Other (ms): Min: 0.0, Avg: 0.0, Max: 0.0, Diff: 0.0, Sum: 0.0]
      [GC Worker Total (ms): Min: 16.7, Avg: 16.8, Max: 16.8, Diff: 0.0, Sum: 33.5]
      [GC Worker End (ms): Min: 609988.8, Avg: 609988.8, Max: 609988.8, Diff: 0.0]
   [Code Root Fixup: 0.0 ms]
   [Code Root Purge: 0.0 ms]
   [Clear CT: 0.1 ms]
   [Other: 0.4 ms]
      [Choose CSet: 0.0 ms]
      [Ref Proc: 0.1 ms]
      [Ref Enq: 0.0 ms]
      [Redirty Cards: 0.0 ms]
      [Humongous Register: 0.0 ms]
      [Humongous Reclaim: 0.0 ms]
      [Free CSet: 0.2 ms]
   [Eden: 253.0M(253.0M)->0.0B(253.0M) Survivors: 15360.0K->15360.0K Heap: 403.7M(472.0M)->151.2M(472.0M)]
 [Times: user=0.04 sys=0.00, real=0.02 secs] 
2024-07-06T11:34:16.251+0800: 610.417: [GC pause (G1 Evacuation Pause) (young), 0.0228537 secs]
   [Parallel Time: 22.3 ms, GC Workers: 2]
      [GC Worker Start (ms): Min: 610417.6, Avg: 610419.4, Max: 610421.2, Diff: 3.6]
      [Ext Root Scanning (ms): Min: 0.0, Avg: 0.5, Max: 0.9, Diff: 0.9, Sum: 0.9]
      [Update RS (ms): Min: 0.0, Avg: 0.0, Max: 0.0, Diff: 0.0, Sum: 0.0]
         [Processed Buffers: Min: 0, Avg: 3.0, Max: 6, Diff: 6, Sum: 6]
      [Scan RS (ms): Min: 0.0, Avg: 0.1, Max: 0.1, Diff: 0.1, Sum: 0.1]
      [Code Root Scanning (ms): Min: 0.0, Avg: 0.0, Max: 0.0, Diff: 0.0, Sum: 0.0]
      [Object Copy (ms): Min: 18.6, Avg: 19.9, Max: 21.1, Diff: 2.6, Sum: 39.7]
      [Termination (ms): Min: 0.0, Avg: 0.0, Max: 0.0, Diff: 0.0, Sum: 0.0]
         [Termination Attempts: Min: 1, Avg: 1.0, Max: 1, Diff: 0, Sum: 2]
      [GC Worker Other (ms): Min: 0.0, Avg: 0.0, Max: 0.0, Diff: 0.0, Sum: 0.0]
      [GC Worker Total (ms): Min: 18.6, Avg: 20.4, Max: 22.3, Diff: 3.6, Sum: 40.9]
      [GC Worker End (ms): Min: 610439.8, Avg: 610439.8, Max: 610439.8, Diff: 0.0]
   [Code Root Fixup: 0.0 ms]
   [Code Root Purge: 0.0 ms]
   [Clear CT: 0.1 ms]
   [Other: 0.4 ms]
      [Choose CSet: 0.0 ms]
      [Ref Proc: 0.1 ms]
      [Ref Enq: 0.0 ms]
      [Redirty Cards: 0.0 ms]
      [Humongous Register: 0.0 ms]
      [Humongous Reclaim: 0.0 ms]
      [Free CSet: 0.1 ms]
   [Eden: 253.0M(253.0M)->0.0B(250.0M) Survivors: 15360.0K->17408.0K Heap: 404.2M(472.0M)->152.7M(472.0M)]
 [Times: user=0.04 sys=0.00, real=0.02 secs] 
2024-07-06T11:34:16.679+0800: 610.845: [GC pause (G1 Evacuation Pause) (young), 0.0198343 secs]
   [Parallel Time: 19.3 ms, GC Workers: 2]
      [GC Worker Start (ms): Min: 610845.6, Avg: 610845.6, Max: 610845.6, Diff: 0.0]
      [Ext Root Scanning (ms): Min: 0.5, Avg: 0.5, Max: 0.5, Diff: 0.0, Sum: 1.1]
      [Update RS (ms): Min: 0.0, Avg: 0.0, Max: 0.0, Diff: 0.0, Sum: 0.1]
         [Processed Buffers: Min: 3, Avg: 3.0, Max: 3, Diff: 0, Sum: 6]
      [Scan RS (ms): Min: 0.1, Avg: 0.1, Max: 0.1, Diff: 0.0, Sum: 0.2]
      [Code Root Scanning (ms): Min: 0.0, Avg: 0.0, Max: 0.0, Diff: 0.0, Sum: 0.0]
      [Object Copy (ms): Min: 18.6, Avg: 18.6, Max: 18.6, Diff: 0.0, Sum: 37.1]
      [Termination (ms): Min: 0.0, Avg: 0.0, Max: 0.0, Diff: 0.0, Sum: 0.0]
         [Termination Attempts: Min: 1, Avg: 1.0, Max: 1, Diff: 0, Sum: 2]
      [GC Worker Other (ms): Min: 0.0, Avg: 0.0, Max: 0.0, Diff: 0.0, Sum: 0.0]
      [GC Worker Total (ms): Min: 19.2, Avg: 19.2, Max: 19.2, Diff: 0.0, Sum: 38.5]
      [GC Worker End (ms): Min: 610864.8, Avg: 610864.8, Max: 610864.8, Diff: 0.0]
   [Code Root Fixup: 0.0 ms]
   [Code Root Purge: 0.0 ms]
   [Clear CT: 0.1 ms]
   [Other: 0.4 ms]
      [Choose CSet: 0.0 ms]
      [Ref Proc: 0.1 ms]
      [Ref Enq: 0.0 ms]
      [Redirty Cards: 0.0 ms]
      [Humongous Register: 0.0 ms]
      [Humongous Reclaim: 0.0 ms]
      [Free CSet: 0.1 ms]
   [Eden: 250.0M(250.0M)->0.0B(250.0M) Survivors: 17408.0K->17408.0K Heap: 402.7M(472.0M)->152.7M(472.0M)]
 [Times: user=0.04 sys=0.00, real=0.02 secs] 
2024-07-06T11:34:17.124+0800: 611.290: [GC pause (G1 Evacuation Pause) (young), 0.0158135 secs]
   [Parallel Time: 15.1 ms, GC Workers: 2]
      [GC Worker Start (ms): Min: 611290.4, Avg: 611290.5, Max: 611290.5, Diff: 0.0]
      [Ext Root Scanning (ms): Min: 0.5, Avg: 0.5, Max: 0.5, Diff: 0.0, Sum: 1.0]
      [Update RS (ms): Min: 0.0, Avg: 0.0, Max: 0.0, Diff: 0.0, Sum: 0.1]
         [Processed Buffers: Min: 2, Avg: 3.0, Max: 4, Diff: 2, Sum: 6]
      [Scan RS (ms): Min: 0.1, Avg: 0.1, Max: 0.1, Diff: 0.0, Sum: 0.2]
      [Code Root Scanning (ms): Min: 0.0, Avg: 0.0, Max: 0.0, Diff: 0.0, Sum: 0.0]
      [Object Copy (ms): Min: 14.3, Avg: 14.4, Max: 14.4, Diff: 0.0, Sum: 28.7]
      [Termination (ms): Min: 0.0, Avg: 0.0, Max: 0.0, Diff: 0.0, Sum: 0.0]
         [Termination Attempts: Min: 1, Avg: 1.0, Max: 1, Diff: 0, Sum: 2]
      [GC Worker Other (ms): Min: 0.0, Avg: 0.0, Max: 0.0, Diff: 0.0, Sum: 0.0]
      [GC Worker Total (ms): Min: 15.0, Avg: 15.0, Max: 15.0, Diff: 0.0, Sum: 30.0]
      [GC Worker End (ms): Min: 611305.4, Avg: 611305.4, Max: 611305.4, Diff: 0.0]
   [Code Root Fixup: 0.0 ms]
   [Code Root Purge: 0.0 ms]
   [Clear CT: 0.3 ms]
   [Other: 0.4 ms]
      [Choose CSet: 0.0 ms]
      [Ref Proc: 0.1 ms]
      [Ref Enq: 0.0 ms]
      [Redirty Cards: 0.1 ms]
      [Humongous Register: 0.0 ms]
      [Humongous Reclaim: 0.0 ms]
      [Free CSet: 0.2 ms]
   [Eden: 250.0M(250.0M)->0.0B(253.0M) Survivors: 17408.0K->14336.0K Heap: 402.7M(472.0M)->150.2M(472.0M)]
 [Times: user=0.03 sys=0.00, real=0.02 secs] 
2024-07-06T11:34:17.615+0800: 611.781: [GC pause (G1 Evacuation Pause) (young), 0.0067420 secs]
   [Parallel Time: 6.3 ms, GC Workers: 2]
      [GC Worker Start (ms): Min: 611781.6, Avg: 611781.6, Max: 611781.6, Diff: 0.0]
      [Ext Root Scanning (ms): Min: 0.6, Avg: 0.6, Max: 0.6, Diff: 0.0, Sum: 1.2]
      [Update RS (ms): Min: 0.0, Avg: 0.0, Max: 0.0, Diff: 0.0, Sum: 0.1]
         [Processed Buffers: Min: 1, Avg: 3.0, Max: 5, Diff: 4, Sum: 6]
      [Scan RS (ms): Min: 0.1, Avg: 0.1, Max: 0.1, Diff: 0.0, Sum: 0.2]
      [Code Root Scanning (ms): Min: 0.0, Avg: 0.0, Max: 0.0, Diff: 0.0, Sum: 0.0]
      [Object Copy (ms): Min: 5.5, Avg: 5.5, Max: 5.5, Diff: 0.0, Sum: 11.0]
      [Termination (ms): Min: 0.0, Avg: 0.0, Max: 0.0, Diff: 0.0, Sum: 0.0]
         [Termination Attempts: Min: 1, Avg: 1.0, Max: 1, Diff: 0, Sum: 2]
      [GC Worker Other (ms): Min: 0.0, Avg: 0.0, Max: 0.0, Diff: 0.0, Sum: 0.0]
      [GC Worker Total (ms): Min: 6.2, Avg: 6.2, Max: 6.2, Diff: 0.0, Sum: 12.4]
      [GC Worker End (ms): Min: 611787.8, Avg: 611787.8, Max: 611787.8, Diff: 0.0]
   [Code Root Fixup: 0.0 ms]
   [Code Root Purge: 0.0 ms]
   [Clear CT: 0.1 ms]
   [Other: 0.4 ms]
      [Choose CSet: 0.0 ms]
      [Ref Proc: 0.1 ms]
      [Ref Enq: 0.0 ms]
      [Redirty Cards: 0.0 ms]
      [Humongous Register: 0.0 ms]
      [Humongous Reclaim: 0.0 ms]
      [Free CSet: 0.1 ms]
   [Eden: 253.0M(253.0M)->0.0B(263.0M) Survivors: 14336.0K->6144.0K Heap: 403.2M(472.0M)->142.2M(472.0M)]
 [Times: user=0.02 sys=0.00, real=0.00 secs] 
2024-07-06T11:34:18.003+0800: 612.169: [GC pause (G1 Evacuation Pause) (young), 0.0236772 secs]
   [Parallel Time: 23.1 ms, GC Workers: 2]
      [GC Worker Start (ms): Min: 612169.5, Avg: 612169.5, Max: 612169.5, Diff: 0.0]
      [Ext Root Scanning (ms): Min: 0.5, Avg: 0.5, Max: 0.5, Diff: 0.0, Sum: 1.0]
      [Update RS (ms): Min: 0.0, Avg: 0.0, Max: 0.0, Diff: 0.0, Sum: 0.1]
         [Processed Buffers: Min: 3, Avg: 3.0, Max: 3, Diff: 0, Sum: 6]
      [Scan RS (ms): Min: 0.1, Avg: 0.1, Max: 0.1, Diff: 0.0, Sum: 0.2]
      [Code Root Scanning (ms): Min: 0.0, Avg: 0.0, Max: 0.0, Diff: 0.0, Sum: 0.0]
      [Object Copy (ms): Min: 22.4, Avg: 22.4, Max: 22.4, Diff: 0.0, Sum: 44.8]
      [Termination (ms): Min: 0.0, Avg: 0.0, Max: 0.0, Diff: 0.0, Sum: 0.0]
         [Termination Attempts: Min: 1, Avg: 1.0, Max: 1, Diff: 0, Sum: 2]
      [GC Worker Other (ms): Min: 0.0, Avg: 0.0, Max: 0.0, Diff: 0.0, Sum: 0.0]
      [GC Worker Total (ms): Min: 23.1, Avg: 23.1, Max: 23.1, Diff: 0.0, Sum: 46.1]
      [GC Worker End (ms): Min: 612192.6, Avg: 612192.6, Max: 612192.6, Diff: 0.0]
   [Code Root Fixup: 0.0 ms]
   [Code Root Purge: 0.0 ms]
   [Clear CT: 0.1 ms]
   [Other: 0.4 ms]
      [Choose CSet: 0.0 ms]
      [Ref Proc: 0.1 ms]
      [Ref Enq: 0.0 ms]
      [Redirty Cards: 0.1 ms]
      [Humongous Register: 0.0 ms]
      [Humongous Reclaim: 0.0 ms]
      [Free CSet: 0.2 ms]
   [Eden: 263.0M(263.0M)->0.0B(243.0M) Survivors: 6144.0K->21504.0K Heap: 405.2M(472.0M)->157.2M(472.0M)]
 [Times: user=0.04 sys=0.00, real=0.02 secs] 
2024-07-06T11:34:18.539+0800: 612.705: [GC pause (G1 Evacuation Pause) (young), 0.0137708 secs]
   [Parallel Time: 13.2 ms, GC Workers: 2]
      [GC Worker Start (ms): Min: 612705.6, Avg: 612705.6, Max: 612705.6, Diff: 0.0]
      [Ext Root Scanning (ms): Min: 0.6, Avg: 0.6, Max: 0.6, Diff: 0.0, Sum: 1.1]
      [Update RS (ms): Min: 0.0, Avg: 0.0, Max: 0.0, Diff: 0.0, Sum: 0.1]
         [Processed Buffers: Min: 2, Avg: 2.5, Max: 3, Diff: 1, Sum: 5]
      [Scan RS (ms): Min: 0.1, Avg: 0.1, Max: 0.1, Diff: 0.0, Sum: 0.2]
      [Code Root Scanning (ms): Min: 0.0, Avg: 0.0, Max: 0.0, Diff: 0.0, Sum: 0.0]
      [Object Copy (ms): Min: 12.4, Avg: 12.4, Max: 12.4, Diff: 0.0, Sum: 24.8]
      [Termination (ms): Min: 0.0, Avg: 0.0, Max: 0.0, Diff: 0.0, Sum: 0.0]
         [Termination Attempts: Min: 1, Avg: 1.0, Max: 1, Diff: 0, Sum: 2]
      [GC Worker Other (ms): Min: 0.0, Avg: 0.0, Max: 0.0, Diff: 0.0, Sum: 0.1]
      [GC Worker Total (ms): Min: 13.1, Avg: 13.1, Max: 13.1, Diff: 0.0, Sum: 26.2]
      [GC Worker End (ms): Min: 612718.7, Avg: 612718.7, Max: 612718.7, Diff: 0.0]
   [Code Root Fixup: 0.0 ms]
   [Code Root Purge: 0.0 ms]
   [Clear CT: 0.1 ms]
   [Other: 0.5 ms]
      [Choose CSet: 0.0 ms]
      [Ref Proc: 0.1 ms]
      [Ref Enq: 0.0 ms]
      [Redirty Cards: 0.0 ms]
      [Humongous Register: 0.0 ms]
      [Humongous Reclaim: 0.0 ms]
      [Free CSet: 0.2 ms]
   [Eden: 243.0M(243.0M)->0.0B(258.0M) Survivors: 21504.0K->10240.0K Heap: 400.2M(472.0M)->146.2M(472.0M)]
 [Times: user=0.03 sys=0.00, real=0.01 secs] 
2024-07-06T11:34:19.049+0800: 613.215: [GC pause (G1 Evacuation Pause) (young), 0.0123396 secs]
   [Parallel Time: 11.9 ms, GC Workers: 2]
      [GC Worker Start (ms): Min: 613215.5, Avg: 613215.5, Max: 613215.6, Diff: 0.0]
      [Ext Root Scanning (ms): Min: 0.5, Avg: 0.5, Max: 0.6, Diff: 0.0, Sum: 1.1]
      [Update RS (ms): Min: 0.0, Avg: 0.0, Max: 0.0, Diff: 0.0, Sum: 0.1]
         [Processed Buffers: Min: 2, Avg: 2.5, Max: 3, Diff: 1, Sum: 5]
      [Scan RS (ms): Min: 0.1, Avg: 0.1, Max: 0.1, Diff: 0.0, Sum: 0.2]
      [Code Root Scanning (ms): Min: 0.0, Avg: 0.0, Max: 0.0, Diff: 0.0, Sum: 0.0]
      [Object Copy (ms): Min: 11.1, Avg: 11.1, Max: 11.2, Diff: 0.1, Sum: 22.3]
      [Termination (ms): Min: 0.0, Avg: 0.0, Max: 0.0, Diff: 0.0, Sum: 0.0]
         [Termination Attempts: Min: 1, Avg: 1.0, Max: 1, Diff: 0, Sum: 2]
      [GC Worker Other (ms): Min: 0.0, Avg: 0.0, Max: 0.0, Diff: 0.0, Sum: 0.0]
      [GC Worker Total (ms): Min: 11.8, Avg: 11.8, Max: 11.8, Diff: 0.0, Sum: 23.6]
      [GC Worker End (ms): Min: 613227.4, Avg: 613227.4, Max: 613227.4, Diff: 0.0]
   [Code Root Fixup: 0.0 ms]
   [Code Root Purge: 0.0 ms]
   [Clear CT: 0.1 ms]
   [Other: 0.4 ms]
      [Choose CSet: 0.0 ms]
      [Ref Proc: 0.1 ms]
      [Ref Enq: 0.0 ms]
      [Redirty Cards: 0.0 ms]
      [Humongous Register: 0.0 ms]
      [Humongous Reclaim: 0.0 ms]
      [Free CSet: 0.1 ms]
   [Eden: 258.0M(258.0M)->0.0B(258.0M) Survivors: 10240.0K->11264.0K Heap: 404.2M(472.0M)->147.2M(472.0M)]
 [Times: user=0.03 sys=0.00, real=0.01 secs] 
2024-07-06T11:34:19.527+0800: 613.693: [GC pause (G1 Evacuation Pause) (young), 0.0165901 secs]
   [Parallel Time: 16.0 ms, GC Workers: 2]
      [GC Worker Start (ms): Min: 613692.8, Avg: 613692.9, Max: 613692.9, Diff: 0.0]
      [Ext Root Scanning (ms): Min: 0.5, Avg: 0.6, Max: 0.6, Diff: 0.0, Sum: 1.1]
      [Update RS (ms): Min: 0.0, Avg: 0.0, Max: 0.0, Diff: 0.0, Sum: 0.1]
         [Processed Buffers: Min: 1, Avg: 2.5, Max: 4, Diff: 3, Sum: 5]
      [Scan RS (ms): Min: 0.1, Avg: 0.1, Max: 0.1, Diff: 0.0, Sum: 0.2]
      [Code Root Scanning (ms): Min: 0.0, Avg: 0.0, Max: 0.0, Diff: 0.0, Sum: 0.0]
      [Object Copy (ms): Min: 15.3, Avg: 15.3, Max: 15.3, Diff: 0.0, Sum: 30.6]
      [Termination (ms): Min: 0.0, Avg: 0.0, Max: 0.0, Diff: 0.0, Sum: 0.0]
         [Termination Attempts: Min: 1, Avg: 1.0, Max: 1, Diff: 0, Sum: 2]
      [GC Worker Other (ms): Min: 0.0, Avg: 0.0, Max: 0.0, Diff: 0.0, Sum: 0.0]
      [GC Worker Total (ms): Min: 16.0, Avg: 16.0, Max: 16.0, Diff: 0.0, Sum: 31.9]
      [GC Worker End (ms): Min: 613708.8, Avg: 613708.8, Max: 613708.8, Diff: 0.0]
   [Code Root Fixup: 0.0 ms]
   [Code Root Purge: 0.0 ms]
   [Clear CT: 0.1 ms]
   [Other: 0.4 ms]
      [Choose CSet: 0.0 ms]
      [Ref Proc: 0.1 ms]
      [Ref Enq: 0.0 ms]
      [Redirty Cards: 0.0 ms]
      [Humongous Register: 0.0 ms]
      [Humongous Reclaim: 0.0 ms]
      [Free CSet: 0.1 ms]
   [Eden: 258.0M(258.0M)->0.0B(251.0M) Survivors: 11264.0K->17408.0K Heap: 405.2M(472.0M)->152.7M(472.0M)]
 [Times: user=0.03 sys=0.00, real=0.02 secs] 
2024-07-06T11:34:19.977+0800: 614.143: [GC pause (G1 Evacuation Pause) (young), 0.0143282 secs]
   [Parallel Time: 13.8 ms, GC Workers: 2]
      [GC Worker Start (ms): Min: 614143.4, Avg: 614143.6, Max: 614143.7, Diff: 0.3]
      [Ext Root Scanning (ms): Min: 0.4, Avg: 0.5, Max: 0.7, Diff: 0.3, Sum: 1.1]
      [Update RS (ms): Min: 0.0, Avg: 0.0, Max: 0.0, Diff: 0.0, Sum: 0.1]
         [Processed Buffers: Min: 1, Avg: 2.5, Max: 4, Diff: 3, Sum: 5]
      [Scan RS (ms): Min: 0.1, Avg: 0.1, Max: 0.1, Diff: 0.0, Sum: 0.2]
      [Code Root Scanning (ms): Min: 0.0, Avg: 0.0, Max: 0.0, Diff: 0.0, Sum: 0.0]
      [Object Copy (ms): Min: 12.8, Avg: 12.8, Max: 12.8, Diff: 0.0, Sum: 25.7]
      [Termination (ms): Min: 0.0, Avg: 0.0, Max: 0.0, Diff: 0.0, Sum: 0.0]
         [Termination Attempts: Min: 1, Avg: 1.0, Max: 1, Diff: 0, Sum: 2]
      [GC Worker Other (ms): Min: 0.0, Avg: 0.0, Max: 0.0, Diff: 0.0, Sum: 0.0]
      [GC Worker Total (ms): Min: 13.4, Avg: 13.5, Max: 13.7, Diff: 0.3, Sum: 27.0]
      [GC Worker End (ms): Min: 614157.1, Avg: 614157.1, Max: 614157.1, Diff: 0.0]
   [Code Root Fixup: 0.0 ms]
   [Code Root Purge: 0.0 ms]
   [Clear CT: 0.2 ms]
   [Other: 0.4 ms]
      [Choose CSet: 0.0 ms]
      [Ref Proc: 0.1 ms]
      [Ref Enq: 0.0 ms]
      [Redirty Cards: 0.0 ms]
      [Humongous Register: 0.0 ms]
      [Humongous Reclaim: 0.0 ms]
      [Free CSet: 0.1 ms]
   [Eden: 251.0M(251.0M)->0.0B(256.0M) Survivors: 17408.0K->12288.0K Heap: 403.7M(472.0M)->148.2M(472.0M)]
 [Times: user=0.03 sys=0.00, real=0.01 secs] 
2024-07-06T11:34:20.415+0800: 614.581: [GC pause (G1 Evacuation Pause) (young), 0.0159358 secs]
   [Parallel Time: 15.4 ms, GC Workers: 2]
      [GC Worker Start (ms): Min: 614581.6, Avg: 614581.6, Max: 614581.6, Diff: 0.0]
      [Ext Root Scanning (ms): Min: 0.6, Avg: 0.6, Max: 0.6, Diff: 0.0, Sum: 1.1]
      [Update RS (ms): Min: 0.0, Avg: 0.0, Max: 0.0, Diff: 0.0, Sum: 0.1]
         [Processed Buffers: Min: 2, Avg: 2.5, Max: 3, Diff: 1, Sum: 5]
      [Scan RS (ms): Min: 0.1, Avg: 0.1, Max: 0.1, Diff: 0.0, Sum: 0.2]
      [Code Root Scanning (ms): Min: 0.0, Avg: 0.0, Max: 0.0, Diff: 0.0, Sum: 0.0]
      [Object Copy (ms): Min: 14.6, Avg: 14.7, Max: 14.7, Diff: 0.0, Sum: 29.3]
      [Termination (ms): Min: 0.0, Avg: 0.0, Max: 0.0, Diff: 0.0, Sum: 0.0]
         [Termination Attempts: Min: 1, Avg: 1.0, Max: 1, Diff: 0, Sum: 2]
      [GC Worker Other (ms): Min: 0.0, Avg: 0.0, Max: 0.0, Diff: 0.0, Sum: 0.0]
      [GC Worker Total (ms): Min: 15.4, Avg: 15.4, Max: 15.4, Diff: 0.0, Sum: 30.7]
      [GC Worker End (ms): Min: 614596.9, Avg: 614596.9, Max: 614596.9, Diff: 0.0]
   [Code Root Fixup: 0.0 ms]
   [Code Root Purge: 0.0 ms]
   [Clear CT: 0.1 ms]
   [Other: 0.4 ms]
      [Choose CSet: 0.0 ms]
      [Ref Proc: 0.1 ms]
      [Ref Enq: 0.0 ms]
      [Redirty Cards: 0.0 ms]
      [Humongous Register: 0.0 ms]
      [Humongous Reclaim: 0.0 ms]
      [Free CSet: 0.1 ms]
   [Eden: 256.0M(256.0M)->0.0B(255.0M) Survivors: 12288.0K->13312.0K Heap: 404.2M(472.0M)->149.2M(472.0M)]
 [Times: user=0.03 sys=0.00, real=0.01 secs] 
2024-07-06T11:34:20.853+0800: 615.020: [GC pause (G1 Evacuation Pause) (young), 0.0119985 secs]
   [Parallel Time: 11.4 ms, GC Workers: 2]
      [GC Worker Start (ms): Min: 615019.8, Avg: 615019.8, Max: 615019.8, Diff: 0.0]
      [Ext Root Scanning (ms): Min: 0.6, Avg: 0.6, Max: 0.6, Diff: 0.0, Sum: 1.1]
      [Update RS (ms): Min: 0.0, Avg: 0.0, Max: 0.0, Diff: 0.0, Sum: 0.1]
         [Processed Buffers: Min: 1, Avg: 2.5, Max: 4, Diff: 3, Sum: 5]
      [Scan RS (ms): Min: 0.1, Avg: 0.1, Max: 0.1, Diff: 0.0, Sum: 0.1]
      [Code Root Scanning (ms): Min: 0.0, Avg: 0.0, Max: 0.0, Diff: 0.0, Sum: 0.0]
      [Object Copy (ms): Min: 10.6, Avg: 10.7, Max: 10.7, Diff: 0.0, Sum: 21.3]
      [Termination (ms): Min: 0.0, Avg: 0.0, Max: 0.0, Diff: 0.0, Sum: 0.0]
         [Termination Attempts: Min: 1, Avg: 1.0, Max: 1, Diff: 0, Sum: 2]
      [GC Worker Other (ms): Min: 0.0, Avg: 0.0, Max: 0.0, Diff: 0.0, Sum: 0.0]
      [GC Worker Total (ms): Min: 11.3, Avg: 11.3, Max: 11.3, Diff: 0.0, Sum: 22.7]
      [GC Worker End (ms): Min: 615031.1, Avg: 615031.1, Max: 615031.1, Diff: 0.0]
   [Code Root Fixup: 0.0 ms]
   [Code Root Purge: 0.0 ms]
   [Clear CT: 0.2 ms]
   [Other: 0.4 ms]
      [Choose CSet: 0.0 ms]
      [Ref Proc: 0.1 ms]
      [Ref Enq: 0.0 ms]
      [Redirty Cards: 0.0 ms]
      [Humongous Register: 0.0 ms]
      [Humongous Reclaim: 0.0 ms]
      [Free CSet: 0.2 ms]
   [Eden: 255.0M(255.0M)->0.0B(257.0M) Survivors: 13312.0K->12288.0K Heap: 404.2M(472.0M)->148.2M(472.0M)]
 [Times: user=0.02 sys=0.00, real=0.01 secs] 
2024-07-06T11:34:21.287+0800: 615.453: [GC pause (G1 Evacuation Pause) (young), 0.0157021 secs]
   [Parallel Time: 15.1 ms, GC Workers: 2]
      [GC Worker Start (ms): Min: 615453.5, Avg: 615453.7, Max: 615453.8, Diff: 0.3]
      [Ext Root Scanning (ms): Min: 0.5, Avg: 0.6, Max: 0.7, Diff: 0.3, Sum: 1.2]
      [Update RS (ms): Min: 0.0, Avg: 0.0, Max: 0.0, Diff: 0.0, Sum: 0.1]
         [Processed Buffers: Min: 2, Avg: 2.5, Max: 3, Diff: 1, Sum: 5]
      [Scan RS (ms): Min: 0.1, Avg: 0.1, Max: 0.1, Diff: 0.0, Sum: 0.2]
      [Code Root Scanning (ms): Min: 0.0, Avg: 0.0, Max: 0.0, Diff: 0.0, Sum: 0.0]
      [Object Copy (ms): Min: 14.2, Avg: 14.2, Max: 14.2, Diff: 0.0, Sum: 28.3]
      [Termination (ms): Min: 0.0, Avg: 0.0, Max: 0.0, Diff: 0.0, Sum: 0.0]
         [Termination Attempts: Min: 18, Avg: 18.5, Max: 19, Diff: 1, Sum: 37]
      [GC Worker Other (ms): Min: 0.0, Avg: 0.0, Max: 0.0, Diff: 0.0, Sum: 0.0]
      [GC Worker Total (ms): Min: 14.7, Avg: 14.9, Max: 15.0, Diff: 0.3, Sum: 29.7]
      [GC Worker End (ms): Min: 615468.6, Avg: 615468.6, Max: 615468.6, Diff: 0.0]
   [Code Root Fixup: 0.0 ms]
   [Code Root Purge: 0.0 ms]
   [Clear CT: 0.1 ms]
   [Other: 0.5 ms]
      [Choose CSet: 0.0 ms]
      [Ref Proc: 0.1 ms]
      [Ref Enq: 0.0 ms]
      [Redirty Cards: 0.1 ms]
      [Humongous Register: 0.0 ms]
      [Humongous Reclaim: 0.0 ms]
      [Free CSet: 0.2 ms]
   [Eden: 257.0M(257.0M)->0.0B(254.0M) Survivors: 12288.0K->14336.0K Heap: 405.2M(472.0M)->149.7M(472.0M)]
 [Times: user=0.03 sys=0.00, real=0.01 secs] 
2024-07-06T11:34:21.764+0800: 615.931: [GC pause (G1 Evacuation Pause) (young), 0.0186203 secs]
   [Parallel Time: 18.0 ms, GC Workers: 2]
      [GC Worker Start (ms): Min: 615930.7, Avg: 615931.3, Max: 615931.8, Diff: 1.1]
      [Ext Root Scanning (ms): Min: 0.0, Avg: 0.4, Max: 0.8, Diff: 0.8, Sum: 0.8]
      [Update RS (ms): Min: 0.0, Avg: 0.0, Max: 0.0, Diff: 0.0, Sum: 0.0]
         [Processed Buffers: Min: 0, Avg: 2.5, Max: 5, Diff: 5, Sum: 5]
      [Scan RS (ms): Min: 0.0, Avg: 0.1, Max: 0.1, Diff: 0.1, Sum: 0.1]
      [Code Root Scanning (ms): Min: 0.0, Avg: 0.0, Max: 0.0, Diff: 0.0, Sum: 0.0]
      [Object Copy (ms): Min: 16.8, Avg: 16.9, Max: 17.0, Diff: 0.1, Sum: 33.8]
      [Termination (ms): Min: 0.0, Avg: 0.0, Max: 0.0, Diff: 0.0, Sum: 0.0]
         [Termination Attempts: Min: 1, Avg: 1.0, Max: 1, Diff: 0, Sum: 2]
      [GC Worker Other (ms): Min: 0.0, Avg: 0.0, Max: 0.0, Diff: 0.0, Sum: 0.0]
      [GC Worker Total (ms): Min: 16.8, Avg: 17.4, Max: 17.9, Diff: 1.1, Sum: 34.7]
      [GC Worker End (ms): Min: 615948.6, Avg: 615948.6, Max: 615948.6, Diff: 0.0]
   [Code Root Fixup: 0.0 ms]
   [Code Root Purge: 0.0 ms]
   [Clear CT: 0.1 ms]
   [Other: 0.5 ms]
      [Choose CSet: 0.0 ms]
      [Ref Proc: 0.2 ms]
      [Ref Enq: 0.0 ms]
      [Redirty Cards: 0.1 ms]
      [Humongous Register: 0.0 ms]
      [Humongous Reclaim: 0.0 ms]
      [Free CSet: 0.2 ms]
   [Eden: 254.0M(254.0M)->0.0B(258.0M) Survivors: 14336.0K->11264.0K Heap: 403.7M(472.0M)->147.2M(472.0M)]
 [Times: user=0.02 sys=0.00, real=0.02 secs] 
2024-07-06T11:34:22.201+0800: 616.368: [GC pause (G1 Evacuation Pause) (young), 0.0170028 secs]
   [Parallel Time: 16.5 ms, GC Workers: 2]
      [GC Worker Start (ms): Min: 616367.7, Avg: 616367.7, Max: 616367.7, Diff: 0.0]
      [Ext Root Scanning (ms): Min: 0.6, Avg: 0.6, Max: 0.6, Diff: 0.0, Sum: 1.1]
      [Update RS (ms): Min: 0.0, Avg: 0.0, Max: 0.0, Diff: 0.0, Sum: 0.1]
         [Processed Buffers: Min: 2, Avg: 2.5, Max: 3, Diff: 1, Sum: 5]
      [Scan RS (ms): Min: 0.1, Avg: 0.1, Max: 0.1, Diff: 0.0, Sum: 0.2]
      [Code Root Scanning (ms): Min: 0.0, Avg: 0.0, Max: 0.0, Diff: 0.0, Sum: 0.0]
      [Object Copy (ms): Min: 15.7, Avg: 15.7, Max: 15.7, Diff: 0.0, Sum: 31.4]
      [Termination (ms): Min: 0.0, Avg: 0.0, Max: 0.0, Diff: 0.0, Sum: 0.0]
         [Termination Attempts: Min: 1, Avg: 1.0, Max: 1, Diff: 0, Sum: 2]
      [GC Worker Other (ms): Min: 0.0, Avg: 0.0, Max: 0.0, Diff: 0.0, Sum: 0.0]
      [GC Worker Total (ms): Min: 16.4, Avg: 16.4, Max: 16.4, Diff: 0.0, Sum: 32.8]
      [GC Worker End (ms): Min: 616384.1, Avg: 616384.1, Max: 616384.1, Diff: 0.0]
   [Code Root Fixup: 0.0 ms]
   [Code Root Purge: 0.0 ms]
   [Clear CT: 0.1 ms]
   [Other: 0.4 ms]
      [Choose CSet: 0.0 ms]
      [Ref Proc: 0.1 ms]
      [Ref Enq: 0.0 ms]
      [Redirty Cards: 0.0 ms]
      [Humongous Register: 0.0 ms]
      [Humongous Reclaim: 0.0 ms]
      [Free CSet: 0.1 ms]
   [Eden: 258.0M(258.0M)->0.0B(253.0M) Survivors: 11264.0K->15360.0K Heap: 405.2M(472.0M)->151.2M(472.0M)]
 [Times: user=0.03 sys=0.00, real=0.02 secs] 
2024-07-06T11:34:22.616+0800: 616.782: [GC pause (G1 Evacuation Pause) (young), 0.0080928 secs]
   [Parallel Time: 7.5 ms, GC Workers: 2]
      [GC Worker Start (ms): Min: 616782.2, Avg: 616782.2, Max: 616782.2, Diff: 0.0]
      [Ext Root Scanning (ms): Min: 0.5, Avg: 0.5, Max: 0.5, Diff: 0.0, Sum: 1.0]
      [Update RS (ms): Min: 0.0, Avg: 0.0, Max: 0.0, Diff: 0.0, Sum: 0.1]
         [Processed Buffers: Min: 2, Avg: 2.5, Max: 3, Diff: 1, Sum: 5]
      [Scan RS (ms): Min: 0.1, Avg: 0.1, Max: 0.1, Diff: 0.0, Sum: 0.1]
      [Code Root Scanning (ms): Min: 0.0, Avg: 0.0, Max: 0.0, Diff: 0.0, Sum: 0.0]
      [Object Copy (ms): Min: 6.9, Avg: 6.9, Max: 6.9, Diff: 0.0, Sum: 13.7]
      [Termination (ms): Min: 0.0, Avg: 0.0, Max: 0.0, Diff: 0.0, Sum: 0.0]
         [Termination Attempts: Min: 1, Avg: 1.0, Max: 1, Diff: 0, Sum: 2]
      [GC Worker Other (ms): Min: 0.0, Avg: 0.0, Max: 0.0, Diff: 0.0, Sum: 0.0]
      [GC Worker Total (ms): Min: 7.5, Avg: 7.5, Max: 7.5, Diff: 0.0, Sum: 15.0]
      [GC Worker End (ms): Min: 616789.7, Avg: 616789.7, Max: 616789.7, Diff: 0.0]
   [Code Root Fixup: 0.0 ms]
   [Code Root Purge: 0.0 ms]
   [Clear CT: 0.1 ms]
   [Other: 0.4 ms]
      [Choose CSet: 0.0 ms]
      [Ref Proc: 0.1 ms]
      [Ref Enq: 0.0 ms]
      [Redirty Cards: 0.0 ms]
      [Humongous Register: 0.0 ms]
      [Humongous Reclaim: 0.0 ms]
      [Free CSet: 0.1 ms]
   [Eden: 253.0M(253.0M)->0.0B(261.0M) Survivors: 15360.0K->9216.0K Heap: 404.2M(472.0M)->145.2M(472.0M)]
 [Times: user=0.01 sys=0.00, real=0.00 secs] 
2024-07-06T11:34:23.042+0800: 617.209: [GC pause (G1 Evacuation Pause) (young), 0.0178285 secs]
   [Parallel Time: 17.2 ms, GC Workers: 2]
      [GC Worker Start (ms): Min: 617208.6, Avg: 617208.6, Max: 617208.6, Diff: 0.0]
      [Ext Root Scanning (ms): Min: 0.5, Avg: 0.6, Max: 0.6, Diff: 0.0, Sum: 1.1]
      [Update RS (ms): Min: 0.0, Avg: 0.0, Max: 0.0, Diff: 0.0, Sum: 0.1]
         [Processed Buffers: Min: 1, Avg: 2.5, Max: 4, Diff: 3, Sum: 5]
      [Scan RS (ms): Min: 0.1, Avg: 0.1, Max: 0.1, Diff: 0.0, Sum: 0.2]
      [Code Root Scanning (ms): Min: 0.0, Avg: 0.0, Max: 0.0, Diff: 0.0, Sum: 0.0]
      [Object Copy (ms): Min: 16.4, Avg: 16.4, Max: 16.5, Diff: 0.1, Sum: 32.9]
      [Termination (ms): Min: 0.0, Avg: 0.0, Max: 0.0, Diff: 0.0, Sum: 0.0]
         [Termination Attempts: Min: 1, Avg: 1.0, Max: 1, Diff: 0, Sum: 2]
      [GC Worker Other (ms): Min: 0.0, Avg: 0.0, Max: 0.0, Diff: 0.0, Sum: 0.0]
      [GC Worker Total (ms): Min: 17.1, Avg: 17.1, Max: 17.1, Diff: 0.0, Sum: 34.2]
      [GC Worker End (ms): Min: 617225.7, Avg: 617225.7, Max: 617225.7, Diff: 0.0]
   [Code Root Fixup: 0.0 ms]
   [Code Root Purge: 0.0 ms]
   [Clear CT: 0.2 ms]
   [Other: 0.5 ms]
      [Choose CSet: 0.0 ms]
      [Ref Proc: 0.1 ms]
      [Ref Enq: 0.0 ms]
      [Redirty Cards: 0.0 ms]
      [Humongous Register: 0.0 ms]
      [Humongous Reclaim: 0.0 ms]
      [Free CSet: 0.2 ms]
   [Eden: 261.0M(261.0M)->0.0B(254.0M) Survivors: 9216.0K->15360.0K Heap: 406.2M(472.0M)->151.2M(472.0M)]
 [Times: user=0.04 sys=0.00, real=0.02 secs] 
2024-07-06T11:34:23.467+0800: 617.633: [GC pause (G1 Evacuation Pause) (young), 0.0361581 secs]
   [Parallel Time: 35.3 ms, GC Workers: 2]
      [GC Worker Start (ms): Min: 617633.5, Avg: 617633.8, Max: 617634.0, Diff: 0.5]
      [Ext Root Scanning (ms): Min: 0.4, Avg: 0.9, Max: 1.5, Diff: 1.2, Sum: 1.9]
      [Update RS (ms): Min: 0.0, Avg: 0.0, Max: 0.0, Diff: 0.0, Sum: 0.0]
         [Processed Buffers: Min: 0, Avg: 2.5, Max: 5, Diff: 5, Sum: 5]
      [Scan RS (ms): Min: 0.0, Avg: 0.1, Max: 0.1, Diff: 0.1, Sum: 0.1]
      [Code Root Scanning (ms): Min: 0.0, Avg: 0.0, Max: 0.0, Diff: 0.0, Sum: 0.0]
      [Object Copy (ms): Min: 31.5, Avg: 32.8, Max: 34.1, Diff: 2.6, Sum: 65.6]
      [Termination (ms): Min: 0.0, Avg: 1.1, Max: 2.2, Diff: 2.2, Sum: 2.2]
         [Termination Attempts: Min: 1, Avg: 1.0, Max: 1, Diff: 0, Sum: 2]
      [GC Worker Other (ms): Min: 0.0, Avg: 0.0, Max: 0.0, Diff: 0.0, Sum: 0.0]
      [GC Worker Total (ms): Min: 34.7, Avg: 35.0, Max: 35.2, Diff: 0.5, Sum: 69.9]
      [GC Worker End (ms): Min: 617668.7, Avg: 617668.7, Max: 617668.8, Diff: 0.1]
   [Code Root Fixup: 0.0 ms]
   [Code Root Purge: 0.0 ms]
   [Clear CT: 0.3 ms]
   [Other: 0.6 ms]
      [Choose CSet: 0.0 ms]
      [Ref Proc: 0.2 ms]
      [Ref Enq: 0.0 ms]
      [Redirty Cards: 0.1 ms]
      [Humongous Register: 0.0 ms]
      [Humongous Reclaim: 0.0 ms]
      [Free CSet: 0.2 ms]
   [Eden: 254.0M(254.0M)->0.0B(254.0M) Survivors: 15360.0K->14336.0K Heap: 405.2M(472.0M)->149.7M(472.0M)]
 [Times: user=0.03 sys=0.00, real=0.03 secs] 
2024-07-06T11:34:23.965+0800: 618.131: [GC pause (G1 Evacuation Pause) (young), 0.0069255 secs]
   [Parallel Time: 6.4 ms, GC Workers: 2]
      [GC Worker Start (ms): Min: 618130.9, Avg: 618130.9, Max: 618130.9, Diff: 0.0]
      [Ext Root Scanning (ms): Min: 0.5, Avg: 0.5, Max: 0.5, Diff: 0.0, Sum: 1.0]
      [Update RS (ms): Min: 0.0, Avg: 0.0, Max: 0.0, Diff: 0.0, Sum: 0.1]
         [Processed Buffers: Min: 2, Avg: 2.5, Max: 3, Diff: 1, Sum: 5]
      [Scan RS (ms): Min: 0.1, Avg: 0.1, Max: 0.1, Diff: 0.0, Sum: 0.1]
      [Code Root Scanning (ms): Min: 0.0, Avg: 0.0, Max: 0.0, Diff: 0.0, Sum: 0.0]
      [Object Copy (ms): Min: 5.7, Avg: 5.7, Max: 5.7, Diff: 0.0, Sum: 11.4]
      [Termination (ms): Min: 0.0, Avg: 0.0, Max: 0.0, Diff: 0.0, Sum: 0.0]
         [Termination Attempts: Min: 1, Avg: 1.5, Max: 2, Diff: 1, Sum: 3]
      [GC Worker Other (ms): Min: 0.0, Avg: 0.0, Max: 0.0, Diff: 0.0, Sum: 0.0]
      [GC Worker Total (ms): Min: 6.3, Avg: 6.3, Max: 6.4, Diff: 0.0, Sum: 12.7]
      [GC Worker End (ms): Min: 618137.2, Avg: 618137.2, Max: 618137.2, Diff: 0.0]
   [Code Root Fixup: 0.0 ms]
   [Code Root Purge: 0.0 ms]
   [Clear CT: 0.1 ms]
   [Other: 0.4 ms]
      [Choose CSet: 0.0 ms]
      [Ref Proc: 0.1 ms]
      [Ref Enq: 0.0 ms]
      [Redirty Cards: 0.0 ms]
      [Humongous Register: 0.0 ms]
      [Humongous Reclaim: 0.0 ms]
      [Free CSet: 0.1 ms]
   [Eden: 254.0M(254.0M)->0.0B(262.0M) Survivors: 14336.0K->8192.0K Heap: 403.7M(472.0M)->144.2M(472.0M)]
 [Times: user=0.01 sys=0.00, real=0.01 secs] 
2024-07-06T11:34:24.383+0800: 618.549: [GC pause (G1 Evacuation Pause) (young), 0.0185905 secs]
   [Parallel Time: 18.0 ms, GC Workers: 2]
      [GC Worker Start (ms): Min: 618549.5, Avg: 618549.5, Max: 618549.6, Diff: 0.0]
      [Ext Root Scanning (ms): Min: 0.5, Avg: 0.5, Max: 0.5, Diff: 0.0, Sum: 1.0]
      [Update RS (ms): Min: 0.0, Avg: 0.0, Max: 0.0, Diff: 0.0, Sum: 0.1]
         [Processed Buffers: Min: 2, Avg: 2.5, Max: 3, Diff: 1, Sum: 5]
      [Scan RS (ms): Min: 0.1, Avg: 0.1, Max: 0.1, Diff: 0.0, Sum: 0.2]
      [Code Root Scanning (ms): Min: 0.0, Avg: 0.0, Max: 0.0, Diff: 0.0, Sum: 0.0]
      [Object Copy (ms): Min: 17.3, Avg: 17.3, Max: 17.3, Diff: 0.0, Sum: 34.7]
      [Termination (ms): Min: 0.0, Avg: 0.0, Max: 0.0, Diff: 0.0, Sum: 0.0]
         [Termination Attempts: Min: 1, Avg: 1.0, Max: 1, Diff: 0, Sum: 2]
      [GC Worker Other (ms): Min: 0.0, Avg: 0.0, Max: 0.0, Diff: 0.0, Sum: 0.0]
      [GC Worker Total (ms): Min: 18.0, Avg: 18.0, Max: 18.0, Diff: 0.0, Sum: 36.0]
      [GC Worker End (ms): Min: 618567.5, Avg: 618567.5, Max: 618567.5, Diff: 0.0]
   [Code Root Fixup: 0.0 ms]
   [Code Root Purge: 0.0 ms]
   [Clear CT: 0.1 ms]
   [Other: 0.4 ms]
      [Choose CSet: 0.0 ms]
      [Ref Proc: 0.1 ms]
      [Ref Enq: 0.0 ms]
      [Redirty Cards: 0.1 ms]
      [Humongous Register: 0.0 ms]
      [Humongous Reclaim: 0.0 ms]
      [Free CSet: 0.2 ms]
   [Eden: 262.0M(262.0M)->0.0B(251.0M) Survivors: 8192.0K->17408.0K Heap: 406.2M(472.0M)->152.7M(472.0M)]
 [Times: user=0.04 sys=0.00, real=0.02 secs] 
2024-07-06T11:34:24.808+0800: 618.974: [GC pause (G1 Evacuation Pause) (young), 0.0138856 secs]
   [Parallel Time: 13.4 ms, GC Workers: 2]
      [GC Worker Start (ms): Min: 618974.2, Avg: 618974.2, Max: 618974.2, Diff: 0.0]
      [Ext Root Scanning (ms): Min: 0.5, Avg: 0.6, Max: 0.6, Diff: 0.0, Sum: 1.1]
      [Update RS (ms): Min: 0.0, Avg: 0.0, Max: 0.0, Diff: 0.0, Sum: 0.1]
         [Processed Buffers: Min: 2, Avg: 2.5, Max: 3, Diff: 1, Sum: 5]
      [Scan RS (ms): Min: 0.1, Avg: 0.1, Max: 0.1, Diff: 0.0, Sum: 0.2]
      [Code Root Scanning (ms): Min: 0.0, Avg: 0.0, Max: 0.0, Diff: 0.0, Sum: 0.0]
      [Object Copy (ms): Min: 12.6, Avg: 12.6, Max: 12.7, Diff: 0.0, Sum: 25.3]
      [Termination (ms): Min: 0.0, Avg: 0.0, Max: 0.0, Diff: 0.0, Sum: 0.0]
         [Termination Attempts: Min: 1, Avg: 1.0, Max: 1, Diff: 0, Sum: 2]
      [GC Worker Other (ms): Min: 0.0, Avg: 0.0, Max: 0.0, Diff: 0.0, Sum: 0.0]
      [GC Worker Total (ms): Min: 13.3, Avg: 13.3, Max: 13.3, Diff: 0.0, Sum: 26.6]
      [GC Worker End (ms): Min: 618987.5, Avg: 618987.5, Max: 618987.5, Diff: 0.0]
   [Code Root Fixup: 0.0 ms]
   [Code Root Purge: 0.0 ms]
   [Clear CT: 0.1 ms]
   [Other: 0.4 ms]
      [Choose CSet: 0.0 ms]
      [Ref Proc: 0.1 ms]
      [Ref Enq: 0.0 ms]
      [Redirty Cards: 0.0 ms]
      [Humongous Register: 0.0 ms]
      [Humongous Reclaim: 0.0 ms]
      [Free CSet: 0.1 ms]
   [Eden: 251.0M(251.0M)->0.0B(256.0M) Survivors: 17408.0K->13312.0K Heap: 403.7M(472.0M)->149.2M(472.0M)]
 [Times: user=0.02 sys=0.00, real=0.01 secs] 
2024-07-06T11:34:25.227+0800: 619.393: [GC pause (G1 Evacuation Pause) (young), 0.0246316 secs]
   [Parallel Time: 24.1 ms, GC Workers: 2]
      [GC Worker Start (ms): Min: 619393.5, Avg: 619393.6, Max: 619393.6, Diff: 0.0]
      [Ext Root Scanning (ms): Min: 0.6, Avg: 0.6, Max: 0.6, Diff: 0.0, Sum: 1.1]
      [Update RS (ms): Min: 0.0, Avg: 0.0, Max: 0.0, Diff: 0.0, Sum: 0.0]
         [Processed Buffers: Min: 0, Avg: 2.5, Max: 5, Diff: 5, Sum: 5]
      [Scan RS (ms): Min: 0.1, Avg: 0.1, Max: 0.1, Diff: 0.0, Sum: 0.2]
      [Code Root Scanning (ms): Min: 0.0, Avg: 0.0, Max: 0.0, Diff: 0.0, Sum: 0.0]
      [Object Copy (ms): Min: 23.3, Avg: 23.3, Max: 23.3, Diff: 0.1, Sum: 46.6]
      [Termination (ms): Min: 0.0, Avg: 0.0, Max: 0.0, Diff: 0.0, Sum: 0.0]
         [Termination Attempts: Min: 1, Avg: 1.0, Max: 1, Diff: 0, Sum: 2]
      [GC Worker Other (ms): Min: 0.0, Avg: 0.0, Max: 0.0, Diff: 0.0, Sum: 0.0]
      [GC Worker Total (ms): Min: 24.0, Avg: 24.0, Max: 24.0, Diff: 0.0, Sum: 48.0]
      [GC Worker End (ms): Min: 619417.6, Avg: 619417.6, Max: 619417.6, Diff: 0.0]
   [Code Root Fixup: 0.0 ms]
   [Code Root Purge: 0.0 ms]
   [Clear CT: 0.1 ms]
   [Other: 0.4 ms]
      [Choose CSet: 0.0 ms]
      [Ref Proc: 0.1 ms]
      [Ref Enq: 0.0 ms]
      [Redirty Cards: 0.0 ms]
      [Humongous Register: 0.0 ms]
      [Humongous Reclaim: 0.0 ms]
      [Free CSet: 0.2 ms]
   [Eden: 256.0M(256.0M)->0.0B(247.0M) Survivors: 13312.0K->19456.0K Heap: 405.2M(472.0M)->154.8M(472.0M)]
 [Times: user=0.05 sys=0.00, real=0.02 secs] 
2024-07-06T11:34:25.712+0800: 619.878: [GC pause (G1 Evacuation Pause) (young), 0.0071714 secs]
   [Parallel Time: 6.6 ms, GC Workers: 2]
      [GC Worker Start (ms): Min: 619878.5, Avg: 619878.5, Max: 619878.5, Diff: 0.0]
      [Ext Root Scanning (ms): Min: 0.5, Avg: 0.5, Max: 0.5, Diff: 0.0, Sum: 1.0]
      [Update RS (ms): Min: 0.0, Avg: 0.0, Max: 0.0, Diff: 0.0, Sum: 0.0]
         [Processed Buffers: Min: 1, Avg: 2.5, Max: 4, Diff: 3, Sum: 5]
      [Scan RS (ms): Min: 0.1, Avg: 0.1, Max: 0.1, Diff: 0.0, Sum: 0.2]
      [Code Root Scanning (ms): Min: 0.0, Avg: 0.0, Max: 0.0, Diff: 0.0, Sum: 0.0]
      [Object Copy (ms): Min: 5.9, Avg: 5.9, Max: 5.9, Diff: 0.0, Sum: 11.8]
      [Termination (ms): Min: 0.0, Avg: 0.0, Max: 0.0, Diff: 0.0, Sum: 0.0]
         [Termination Attempts: Min: 1, Avg: 1.0, Max: 1, Diff: 0, Sum: 2]
      [GC Worker Other (ms): Min: 0.0, Avg: 0.0, Max: 0.0, Diff: 0.0, Sum: 0.0]
      [GC Worker Total (ms): Min: 6.5, Avg: 6.5, Max: 6.5, Diff: 0.0, Sum: 13.0]
      [GC Worker End (ms): Min: 619885.0, Avg: 619885.0, Max: 619885.0, Diff: 0.0]
   [Code Root Fixup: 0.0 ms]
   [Code Root Purge: 0.0 ms]
   [Clear CT: 0.1 ms]
   [Other: 0.4 ms]
      [Choose CSet: 0.0 ms]
      [Ref Proc: 0.2 ms]
      [Ref Enq: 0.0 ms]
      [Redirty Cards: 0.0 ms]
      [Humongous Register: 0.0 ms]
      [Humongous Reclaim: 0.0 ms]
      [Free CSet: 0.1 ms]
   [Eden: 247.0M(247.0M)->0.0B(262.0M) Survivors: 19456.0K->7168.0K Heap: 401.8M(472.0M)->142.8M(472.0M)]
 [Times: user=0.01 sys=0.00, real=0.01 secs] 
2024-07-06T11:34:26.111+0800: 620.278: [GC pause (G1 Evacuation Pause) (young), 0.0225354 secs]
   [Parallel Time: 22.0 ms, GC Workers: 2]
      [GC Worker Start (ms): Min: 620277.7, Avg: 620277.7, Max: 620277.8, Diff: 0.0]
      [Ext Root Scanning (ms): Min: 0.6, Avg: 0.6, Max: 0.6, Diff: 0.0, Sum: 1.2]
      [Update RS (ms): Min: 0.0, Avg: 0.0, Max: 0.0, Diff: 0.0, Sum: 0.1]
         [Processed Buffers: Min: 3, Avg: 3.0, Max: 3, Diff: 0, Sum: 6]
      [Scan RS (ms): Min: 0.1, Avg: 0.1, Max: 0.1, Diff: 0.0, Sum: 0.2]
      [Code Root Scanning (ms): Min: 0.0, Avg: 0.0, Max: 0.0, Diff: 0.0, Sum: 0.0]
      [Object Copy (ms): Min: 21.2, Avg: 21.2, Max: 21.2, Diff: 0.0, Sum: 42.4]
      [Termination (ms): Min: 0.0, Avg: 0.0, Max: 0.0, Diff: 0.0, Sum: 0.0]
         [Termination Attempts: Min: 1, Avg: 1.0, Max: 1, Diff: 0, Sum: 2]
      [GC Worker Other (ms): Min: 0.0, Avg: 0.0, Max: 0.0, Diff: 0.0, Sum: 0.0]
      [GC Worker Total (ms): Min: 21.9, Avg: 21.9, Max: 21.9, Diff: 0.0, Sum: 43.8]
      [GC Worker End (ms): Min: 620299.7, Avg: 620299.7, Max: 620299.7, Diff: 0.0]
   [Code Root Fixup: 0.0 ms]
   [Code Root Purge: 0.0 ms]
   [Clear CT: 0.1 ms]
   [Other: 0.4 ms]
      [Choose CSet: 0.0 ms]
      [Ref Proc: 0.1 ms]
      [Ref Enq: 0.0 ms]
      [Redirty Cards: 0.1 ms]
      [Humongous Register: 0.0 ms]
      [Humongous Reclaim: 0.0 ms]
      [Free CSet: 0.1 ms]
   [Eden: 262.0M(262.0M)->0.0B(245.0M) Survivors: 7168.0K->20480.0K Heap: 404.8M(472.0M)->155.8M(472.0M)]
 [Times: user=0.04 sys=0.00, real=0.02 secs] 
2024-07-06T11:34:26.567+0800: 620.733: [GC pause (G1 Evacuation Pause) (young), 0.0094687 secs]
   [Parallel Time: 8.9 ms, GC Workers: 2]
      [GC Worker Start (ms): Min: 620733.6, Avg: 620733.6, Max: 620733.6, Diff: 0.0]
      [Ext Root Scanning (ms): Min: 0.6, Avg: 0.6, Max: 0.6, Diff: 0.0, Sum: 1.1]
      [Update RS (ms): Min: 0.0, Avg: 0.0, Max: 0.0, Diff: 0.0, Sum: 0.1]
         [Processed Buffers: Min: 2, Avg: 2.5, Max: 3, Diff: 1, Sum: 5]
      [Scan RS (ms): Min: 0.1, Avg: 0.1, Max: 0.1, Diff: 0.0, Sum: 0.1]
      [Code Root Scanning (ms): Min: 0.0, Avg: 0.0, Max: 0.0, Diff: 0.0, Sum: 0.0]
      [Object Copy (ms): Min: 8.2, Avg: 8.2, Max: 8.2, Diff: 0.0, Sum: 16.4]
      [Termination (ms): Min: 0.0, Avg: 0.0, Max: 0.0, Diff: 0.0, Sum: 0.0]
         [Termination Attempts: Min: 1, Avg: 2.0, Max: 3, Diff: 2, Sum: 4]
      [GC Worker Other (ms): Min: 0.0, Avg: 0.0, Max: 0.0, Diff: 0.0, Sum: 0.0]
      [GC Worker Total (ms): Min: 8.9, Avg: 8.9, Max: 8.9, Diff: 0.0, Sum: 17.7]
      [GC Worker End (ms): Min: 620742.5, Avg: 620742.5, Max: 620742.5, Diff: 0.0]
   [Code Root Fixup: 0.0 ms]
   [Code Root Purge: 0.0 ms]
   [Clear CT: 0.1 ms]
   [Other: 0.4 ms]
      [Choose CSet: 0.0 ms]
      [Ref Proc: 0.1 ms]
      [Ref Enq: 0.0 ms]
      [Redirty Cards: 0.0 ms]
      [Humongous Register: 0.0 ms]
      [Humongous Reclaim: 0.0 ms]
      [Free CSet: 0.1 ms]
   [Eden: 245.0M(245.0M)->0.0B(261.0M) Survivors: 20480.0K->8192.0K Heap: 400.8M(472.0M)->144.3M(472.0M)]
 [Times: user=0.01 sys=0.00, real=0.01 secs] 
2024-07-06T11:34:26.980+0800: 621.146: [GC pause (G1 Evacuation Pause) (young), 0.0156880 secs]
   [Parallel Time: 15.2 ms, GC Workers: 2]
      [GC Worker Start (ms): Min: 621146.4, Avg: 621146.8, Max: 621147.1, Diff: 0.7]
      [Ext Root Scanning (ms): Min: 0.1, Avg: 0.9, Max: 1.7, Diff: 1.7, Sum: 1.8]
      [Update RS (ms): Min: 0.0, Avg: 0.0, Max: 0.0, Diff: 0.0, Sum: 0.1]
         [Processed Buffers: Min: 0, Avg: 3.0, Max: 6, Diff: 6, Sum: 6]
      [Scan RS (ms): Min: 0.0, Avg: 0.1, Max: 0.1, Diff: 0.1, Sum: 0.2]
      [Code Root Scanning (ms): Min: 0.0, Avg: 0.0, Max: 0.0, Diff: 0.0, Sum: 0.0]
      [Object Copy (ms): Min: 13.4, Avg: 13.8, Max: 14.1, Diff: 0.8, Sum: 27.5]
      [Termination (ms): Min: 0.0, Avg: 0.0, Max: 0.0, Diff: 0.0, Sum: 0.0]
         [Termination Attempts: Min: 1, Avg: 1.0, Max: 1, Diff: 0, Sum: 2]
      [GC Worker Other (ms): Min: 0.0, Avg: 0.0, Max: 0.0, Diff: 0.0, Sum: 0.0]
      [GC Worker Total (ms): Min: 14.4, Avg: 14.8, Max: 15.1, Diff: 0.7, Sum: 29.6]
      [GC Worker End (ms): Min: 621161.6, Avg: 621161.6, Max: 621161.6, Diff: 0.0]
   [Code Root Fixup: 0.0 ms]
   [Code Root Purge: 0.0 ms]
   [Clear CT: 0.1 ms]
   [Other: 0.4 ms]
      [Choose CSet: 0.0 ms]
      [Ref Proc: 0.1 ms]
      [Ref Enq: 0.0 ms]
      [Redirty Cards: 0.1 ms]
      [Humongous Register: 0.0 ms]
      [Humongous Reclaim: 0.0 ms]
      [Free CSet: 0.2 ms]
   [Eden: 261.0M(261.0M)->0.0B(255.0M) Survivors: 8192.0K->14336.0K Heap: 405.3M(472.0M)->149.8M(472.0M)]
 [Times: user=0.03 sys=0.00, real=0.02 secs] 
2024-07-06T11:34:27.414+0800: 621.581: [GC pause (G1 Evacuation Pause) (young), 0.0139515 secs]
   [Parallel Time: 13.4 ms, GC Workers: 2]
      [GC Worker Start (ms): Min: 621580.6, Avg: 621580.6, Max: 621580.6, Diff: 0.0]
      [Ext Root Scanning (ms): Min: 0.5, Avg: 0.5, Max: 0.5, Diff: 0.0, Sum: 1.0]
      [Update RS (ms): Min: 0.0, Avg: 0.0, Max: 0.0, Diff: 0.0, Sum: 0.1]
         [Processed Buffers: Min: 2, Avg: 2.5, Max: 3, Diff: 1, Sum: 5]
      [Scan RS (ms): Min: 0.1, Avg: 0.1, Max: 0.1, Diff: 0.0, Sum: 0.1]
      [Code Root Scanning (ms): Min: 0.0, Avg: 0.0, Max: 0.0, Diff: 0.0, Sum: 0.0]
      [Object Copy (ms): Min: 12.7, Avg: 12.7, Max: 12.7, Diff: 0.0, Sum: 25.4]
      [Termination (ms): Min: 0.0, Avg: 0.0, Max: 0.0, Diff: 0.0, Sum: 0.0]
         [Termination Attempts: Min: 1, Avg: 1.5, Max: 2, Diff: 1, Sum: 3]
      [GC Worker Other (ms): Min: 0.0, Avg: 0.0, Max: 0.0, Diff: 0.0, Sum: 0.0]
      [GC Worker Total (ms): Min: 13.3, Avg: 13.3, Max: 13.3, Diff: 0.0, Sum: 26.7]
      [GC Worker End (ms): Min: 621593.9, Avg: 621593.9, Max: 621593.9, Diff: 0.0]
   [Code Root Fixup: 0.0 ms]
   [Code Root Purge: 0.0 ms]
   [Clear CT: 0.1 ms]
   [Other: 0.4 ms]
      [Choose CSet: 0.0 ms]
      [Ref Proc: 0.1 ms]
      [Ref Enq: 0.0 ms]
      [Redirty Cards: 0.1 ms]
      [Humongous Register: 0.0 ms]
      [Humongous Reclaim: 0.0 ms]
      [Free CSet: 0.2 ms]
   [Eden: 255.0M(255.0M)->0.0B(255.0M) Survivors: 14336.0K->14336.0K Heap: 404.8M(472.0M)->149.8M(472.0M)]
 [Times: user=0.03 sys=0.00, real=0.02 secs] 
2024-07-06T11:34:27.899+0800: 622.065: [GC pause (G1 Evacuation Pause) (young), 0.0096386 secs]
   [Parallel Time: 9.1 ms, GC Workers: 2]
      [GC Worker Start (ms): Min: 622065.5, Avg: 622065.6, Max: 622065.6, Diff: 0.0]
      [Ext Root Scanning (ms): Min: 0.5, Avg: 0.5, Max: 0.5, Diff: 0.0, Sum: 1.1]
      [Update RS (ms): Min: 0.0, Avg: 0.0, Max: 0.0, Diff: 0.0, Sum: 0.1]
         [Processed Buffers: Min: 3, Avg: 3.0, Max: 3, Diff: 0, Sum: 6]
      [Scan RS (ms): Min: 0.1, Avg: 0.1, Max: 0.1, Diff: 0.0, Sum: 0.1]
      [Code Root Scanning (ms): Min: 0.0, Avg: 0.0, Max: 0.0, Diff: 0.0, Sum: 0.0]
      [Object Copy (ms): Min: 8.4, Avg: 8.4, Max: 8.4, Diff: 0.0, Sum: 16.8]
      [Termination (ms): Min: 0.0, Avg: 0.0, Max: 0.0, Diff: 0.0, Sum: 0.0]
         [Termination Attempts: Min: 1, Avg: 1.0, Max: 1, Diff: 0, Sum: 2]
      [GC Worker Other (ms): Min: 0.0, Avg: 0.0, Max: 0.0, Diff: 0.0, Sum: 0.0]
      [GC Worker Total (ms): Min: 9.1, Avg: 9.1, Max: 9.1, Diff: 0.0, Sum: 18.1]
      [GC Worker End (ms): Min: 622074.6, Avg: 622074.6, Max: 622074.6, Diff: 0.0]
   [Code Root Fixup: 0.0 ms]
   [Code Root Purge: 0.0 ms]
   [Clear CT: 0.1 ms]
   [Other: 0.4 ms]
      [Choose CSet: 0.0 ms]
      [Ref Proc: 0.1 ms]
      [Ref Enq: 0.0 ms]
      [Redirty Cards: 0.1 ms]
      [Humongous Register: 0.0 ms]
      [Humongous Reclaim: 0.0 ms]
      [Free CSet: 0.2 ms]
   [Eden: 255.0M(255.0M)->0.0B(261.0M) Survivors: 14336.0K->9216.0K Heap: 404.8M(472.0M)->144.8M(472.0M)]
 [Times: user=0.02 sys=0.00, real=0.01 secs] 
2024-07-06T11:34:28.327+0800: 622.493: [GC pause (G1 Evacuation Pause) (young), 0.0165394 secs]
   [Parallel Time: 16.0 ms, GC Workers: 2]
      [GC Worker Start (ms): Min: 622492.9, Avg: 622492.9, Max: 622492.9, Diff: 0.0]
      [Ext Root Scanning (ms): Min: 0.6, Avg: 0.6, Max: 0.6, Diff: 0.0, Sum: 1.1]
      [Update RS (ms): Min: 0.0, Avg: 0.0, Max: 0.0, Diff: 0.0, Sum: 0.1]
         [Processed Buffers: Min: 2, Avg: 3.0, Max: 4, Diff: 2, Sum: 6]
      [Scan RS (ms): Min: 0.1, Avg: 0.1, Max: 0.1, Diff: 0.0, Sum: 0.2]
      [Code Root Scanning (ms): Min: 0.0, Avg: 0.0, Max: 0.0, Diff: 0.0, Sum: 0.0]
      [Object Copy (ms): Min: 15.2, Avg: 15.2, Max: 15.2, Diff: 0.0, Sum: 30.4]
      [Termination (ms): Min: 0.0, Avg: 0.0, Max: 0.0, Diff: 0.0, Sum: 0.0]
         [Termination Attempts: Min: 1, Avg: 1.0, Max: 1, Diff: 0, Sum: 2]
      [GC Worker Other (ms): Min: 0.0, Avg: 0.0, Max: 0.0, Diff: 0.0, Sum: 0.0]
      [GC Worker Total (ms): Min: 15.9, Avg: 15.9, Max: 15.9, Diff: 0.0, Sum: 31.8]
      [GC Worker End (ms): Min: 622508.8, Avg: 622508.8, Max: 622508.8, Diff: 0.0]
   [Code Root Fixup: 0.0 ms]
   [Code Root Purge: 0.0 ms]
   [Clear CT: 0.2 ms]
   [Other: 0.4 ms]
      [Choose CSet: 0.0 ms]
      [Ref Proc: 0.1 ms]
      [Ref Enq: 0.0 ms]
      [Redirty Cards: 0.1 ms]
      [Humongous Register: 0.0 ms]
      [Humongous Reclaim: 0.0 ms]
      [Free CSet: 0.1 ms]
   [Eden: 261.0M(261.0M)->0.0B(253.0M) Survivors: 9216.0K->16384.0K Heap: 405.8M(472.0M)->152.3M(472.0M)]
 [Times: user=0.03 sys=0.00, real=0.02 secs] 
2024-07-06T11:34:28.830+0800: 622.996: [GC pause (G1 Evacuation Pause) (young), 0.0127818 secs]
   [Parallel Time: 12.3 ms, GC Workers: 2]
      [GC Worker Start (ms): Min: 622995.9, Avg: 622995.9, Max: 622995.9, Diff: 0.0]
      [Ext Root Scanning (ms): Min: 0.5, Avg: 0.5, Max: 0.5, Diff: 0.0, Sum: 1.1]
      [Update RS (ms): Min: 0.0, Avg: 0.0, Max: 0.0, Diff: 0.0, Sum: 0.1]
         [Processed Buffers: Min: 1, Avg: 2.5, Max: 4, Diff: 3, Sum: 5]
      [Scan RS (ms): Min: 0.1, Avg: 0.1, Max: 0.1, Diff: 0.0, Sum: 0.2]
      [Code Root Scanning (ms): Min: 0.0, Avg: 0.0, Max: 0.0, Diff: 0.0, Sum: 0.0]
      [Object Copy (ms): Min: 11.5, Avg: 11.5, Max: 11.5, Diff: 0.0, Sum: 23.1]
      [Termination (ms): Min: 0.0, Avg: 0.0, Max: 0.0, Diff: 0.0, Sum: 0.0]
         [Termination Attempts: Min: 1, Avg: 1.0, Max: 1, Diff: 0, Sum: 2]
      [GC Worker Other (ms): Min: 0.0, Avg: 0.0, Max: 0.0, Diff: 0.0, Sum: 0.0]
      [GC Worker Total (ms): Min: 12.2, Avg: 12.2, Max: 12.2, Diff: 0.0, Sum: 24.4]
      [GC Worker End (ms): Min: 623008.1, Avg: 623008.1, Max: 623008.1, Diff: 0.0]
   [Code Root Fixup: 0.0 ms]
   [Code Root Purge: 0.0 ms]
   [Clear CT: 0.1 ms]
   [Other: 0.4 ms]
      [Choose CSet: 0.0 ms]
      [Ref Proc: 0.1 ms]
      [Ref Enq: 0.0 ms]
      [Redirty Cards: 0.1 ms]
      [Humongous Register: 0.0 ms]
      [Humongous Reclaim: 0.0 ms]
      [Free CSet: 0.1 ms]
   [Eden: 253.0M(253.0M)->0.0B(259.0M) Survivors: 16384.0K->11264.0K Heap: 405.3M(472.0M)->146.8M(472.0M)]
 [Times: user=0.02 sys=0.00, real=0.01 secs] 
2024-07-06T11:34:29.299+0800: 623.465: [GC pause (G1 Evacuation Pause) (young), 0.0150996 secs]
   [Parallel Time: 14.6 ms, GC Workers: 2]
      [GC Worker Start (ms): Min: 623465.5, Avg: 623465.5, Max: 623465.5, Diff: 0.0]
      [Ext Root Scanning (ms): Min: 0.5, Avg: 0.5, Max: 0.5, Diff: 0.0, Sum: 1.0]
      [Update RS (ms): Min: 0.0, Avg: 0.0, Max: 0.0, Diff: 0.0, Sum: 0.1]
         [Processed Buffers: Min: 2, Avg: 2.5, Max: 3, Diff: 1, Sum: 5]
      [Scan RS (ms): Min: 0.1, Avg: 0.1, Max: 0.1, Diff: 0.0, Sum: 0.2]
      [Code Root Scanning (ms): Min: 0.0, Avg: 0.0, Max: 0.0, Diff: 0.0, Sum: 0.0]
      [Object Copy (ms): Min: 13.9, Avg: 13.9, Max: 13.9, Diff: 0.0, Sum: 27.8]
      [Termination (ms): Min: 0.0, Avg: 0.0, Max: 0.0, Diff: 0.0, Sum: 0.0]
         [Termination Attempts: Min: 5, Avg: 5.5, Max: 6, Diff: 1, Sum: 11]
      [GC Worker Other (ms): Min: 0.0, Avg: 0.0, Max: 0.0, Diff: 0.0, Sum: 0.0]
      [GC Worker Total (ms): Min: 14.5, Avg: 14.5, Max: 14.5, Diff: 0.0, Sum: 29.0]
      [GC Worker End (ms): Min: 623480.0, Avg: 623480.0, Max: 623480.0, Diff: 0.0]
   [Code Root Fixup: 0.0 ms]
   [Code Root Purge: 0.0 ms]
   [Clear CT: 0.1 ms]
   [Other: 0.4 ms]
      [Choose CSet: 0.0 ms]
      [Ref Proc: 0.1 ms]
      [Ref Enq: 0.0 ms]
      [Redirty Cards: 0.0 ms]
      [Humongous Register: 0.0 ms]
      [Humongous Reclaim: 0.0 ms]
      [Free CSet: 0.1 ms]
   [Eden: 259.0M(259.0M)->0.0B(255.0M) Survivors: 11264.0K->14336.0K Heap: 405.8M(472.0M)->150.3M(472.0M)]
 [Times: user=0.03 sys=0.00, real=0.01 secs] 
2024-07-06T11:34:29.785+0800: 623.951: [GC pause (G1 Evacuation Pause) (young), 0.0157877 secs]
   [Parallel Time: 14.5 ms, GC Workers: 2]
      [GC Worker Start (ms): Min: 623950.8, Avg: 623952.1, Max: 623953.3, Diff: 2.5]
      [Ext Root Scanning (ms): Min: 0.0, Avg: 0.4, Max: 0.7, Diff: 0.7, Sum: 0.7]
      [Update RS (ms): Min: 0.0, Avg: 0.0, Max: 0.1, Diff: 0.1, Sum: 0.1]
         [Processed Buffers: Min: 0, Avg: 2.5, Max: 5, Diff: 5, Sum: 5]
      [Scan RS (ms): Min: 0.0, Avg: 0.1, Max: 0.1, Diff: 0.1, Sum: 0.2]
      [Code Root Scanning (ms): Min: 0.0, Avg: 0.0, Max: 0.0, Diff: 0.0, Sum: 0.0]
      [Object Copy (ms): Min: 11.8, Avg: 12.6, Max: 13.4, Diff: 1.6, Sum: 25.2]
      [Termination (ms): Min: 0.0, Avg: 0.0, Max: 0.0, Diff: 0.0, Sum: 0.0]
         [Termination Attempts: Min: 1, Avg: 1.0, Max: 1, Diff: 0, Sum: 2]
      [GC Worker Other (ms): Min: 0.0, Avg: 0.0, Max: 0.0, Diff: 0.0, Sum: 0.0]
      [GC Worker Total (ms): Min: 11.8, Avg: 13.1, Max: 14.4, Diff: 2.5, Sum: 26.2]
      [GC Worker End (ms): Min: 623965.2, Avg: 623965.2, Max: 623965.2, Diff: 0.0]
   [Code Root Fixup: 0.0 ms]
   [Code Root Purge: 0.0 ms]
   [Clear CT: 0.7 ms]
   [Other: 0.6 ms]
      [Choose CSet: 0.0 ms]
      [Ref Proc: 0.3 ms]
      [Ref Enq: 0.0 ms]
      [Redirty Cards: 0.1 ms]
      [Humongous Register: 0.0 ms]
      [Humongous Reclaim: 0.0 ms]
      [Free CSet: 0.1 ms]
   [Eden: 255.0M(255.0M)->0.0B(259.0M) Survivors: 14336.0K->11264.0K Heap: 405.3M(472.0M)->146.8M(472.0M)]
 [Times: user=0.03 sys=0.00, real=0.02 secs] 
2024-07-06T11:34:30.211+0800: 624.377: [GC pause (G1 Evacuation Pause) (young), 0.0187521 secs]
   [Parallel Time: 18.2 ms, GC Workers: 2]
      [GC Worker Start (ms): Min: 624377.5, Avg: 624377.5, Max: 624377.6, Diff: 0.0]
      [Ext Root Scanning (ms): Min: 0.6, Avg: 0.6, Max: 0.6, Diff: 0.0, Sum: 1.2]
      [Update RS (ms): Min: 0.0, Avg: 0.0, Max: 0.0, Diff: 0.0, Sum: 0.1]
         [Processed Buffers: Min: 1, Avg: 2.5, Max: 4, Diff: 3, Sum: 5]
      [Scan RS (ms): Min: 0.1, Avg: 0.1, Max: 0.1, Diff: 0.0, Sum: 0.2]
      [Code Root Scanning (ms): Min: 0.0, Avg: 0.0, Max: 0.0, Diff: 0.0, Sum: 0.0]
      [Object Copy (ms): Min: 17.3, Avg: 17.3, Max: 17.4, Diff: 0.0, Sum: 34.7]
      [Termination (ms): Min: 0.0, Avg: 0.0, Max: 0.0, Diff: 0.0, Sum: 0.0]
         [Termination Attempts: Min: 1, Avg: 1.0, Max: 1, Diff: 0, Sum: 2]
      [GC Worker Other (ms): Min: 0.0, Avg: 0.0, Max: 0.0, Diff: 0.0, Sum: 0.0]
      [GC Worker Total (ms): Min: 18.1, Avg: 18.1, Max: 18.1, Diff: 0.0, Sum: 36.2]
      [GC Worker End (ms): Min: 624395.6, Avg: 624395.6, Max: 624395.6, Diff: 0.0]
   [Code Root Fixup: 0.0 ms]
   [Code Root Purge: 0.0 ms]
   [Clear CT: 0.1 ms]
   [Other: 0.5 ms]
      [Choose CSet: 0.0 ms]
      [Ref Proc: 0.1 ms]
      [Ref Enq: 0.0 ms]
      [Redirty Cards: 0.1 ms]
      [Humongous Register: 0.0 ms]
      [Humongous Reclaim: 0.0 ms]
      [Free CSet: 0.1 ms]
   [Eden: 259.0M(259.0M)->0.0B(253.0M) Survivors: 11264.0K->16384.0K Heap: 405.8M(472.0M)->152.3M(472.0M)]
 [Times: user=0.04 sys=0.00, real=0.02 secs] 
2024-07-06T11:34:30.682+0800: 624.848: [GC pause (G1 Evacuation Pause) (young), 0.0134466 secs]
   [Parallel Time: 12.9 ms, GC Workers: 2]
      [GC Worker Start (ms): Min: 624848.5, Avg: 624848.5, Max: 624848.6, Diff: 0.0]
      [Ext Root Scanning (ms): Min: 0.5, Avg: 0.5, Max: 0.5, Diff: 0.0, Sum: 1.0]
      [Update RS (ms): Min: 0.0, Avg: 0.0, Max: 0.0, Diff: 0.0, Sum: 0.1]
         [Processed Buffers: Min: 2, Avg: 2.5, Max: 3, Diff: 1, Sum: 5]
      [Scan RS (ms): Min: 0.1, Avg: 0.1, Max: 0.1, Diff: 0.0, Sum: 0.2]
      [Code Root Scanning (ms): Min: 0.0, Avg: 0.0, Max: 0.0, Diff: 0.0, Sum: 0.0]
      [Object Copy (ms): Min: 12.2, Avg: 12.2, Max: 12.2, Diff: 0.0, Sum: 24.3]
      [Termination (ms): Min: 0.0, Avg: 0.0, Max: 0.0, Diff: 0.0, Sum: 0.0]
         [Termination Attempts: Min: 1, Avg: 1.0, Max: 1, Diff: 0, Sum: 2]
      [GC Worker Other (ms): Min: 0.0, Avg: 0.0, Max: 0.0, Diff: 0.0, Sum: 0.0]
      [GC Worker Total (ms): Min: 12.8, Avg: 12.8, Max: 12.8, Diff: 0.0, Sum: 25.6]
      [GC Worker End (ms): Min: 624861.4, Avg: 624861.4, Max: 624861.4, Diff: 0.0]
   [Code Root Fixup: 0.0 ms]
   [Code Root Purge: 0.0 ms]
   [Clear CT: 0.1 ms]
   [Other: 0.4 ms]
      [Choose CSet: 0.0 ms]
      [Ref Proc: 0.1 ms]
      [Ref Enq: 0.0 ms]
      [Redirty Cards: 0.0 ms]
      [Humongous Register: 0.0 ms]
      [Humongous Reclaim: 0.0 ms]
      [Free CSet: 0.1 ms]
   [Eden: 253.0M(253.0M)->0.0B(257.0M) Survivors: 16384.0K->12288.0K Heap: 405.3M(472.0M)->147.8M(472.0M)]
 [Times: user=0.03 sys=0.00, real=0.02 secs] 
2024-07-06T11:34:31.186+0800: 625.352: [GC pause (G1 Evacuation Pause) (young), 0.0140559 secs]
   [Parallel Time: 13.4 ms, GC Workers: 2]
      [GC Worker Start (ms): Min: 625352.0, Avg: 625352.1, Max: 625352.1, Diff: 0.0]
      [Ext Root Scanning (ms): Min: 0.5, Avg: 0.5, Max: 0.5, Diff: 0.0, Sum: 1.1]
      [Update RS (ms): Min: 0.0, Avg: 0.0, Max: 0.0, Diff: 0.0, Sum: 0.1]
         [Processed Buffers: Min: 2, Avg: 3.0, Max: 4, Diff: 2, Sum: 6]
      [Scan RS (ms): Min: 0.1, Avg: 0.1, Max: 0.1, Diff: 0.0, Sum: 0.2]
      [Code Root Scanning (ms): Min: 0.0, Avg: 0.0, Max: 0.0, Diff: 0.0, Sum: 0.0]
      [Object Copy (ms): Min: 12.6, Avg: 12.6, Max: 12.7, Diff: 0.0, Sum: 25.3]
      [Termination (ms): Min: 0.0, Avg: 0.0, Max: 0.0, Diff: 0.0, Sum: 0.0]
         [Termination Attempts: Min: 1, Avg: 1.0, Max: 1, Diff: 0, Sum: 2]
      [GC Worker Other (ms): Min: 0.0, Avg: 0.0, Max: 0.0, Diff: 0.0, Sum: 0.0]
      [GC Worker Total (ms): Min: 13.3, Avg: 13.3, Max: 13.3, Diff: 0.0, Sum: 26.6]
      [GC Worker End (ms): Min: 625365.4, Avg: 625365.4, Max: 625365.4, Diff: 0.0]
   [Code Root Fixup: 0.0 ms]
   [Code Root Purge: 0.0 ms]
   [Clear CT: 0.1 ms]
   [Other: 0.5 ms]
      [Choose CSet: 0.0 ms]
      [Ref Proc: 0.1 ms]
      [Ref Enq: 0.0 ms]
      [Redirty Cards: 0.0 ms]
      [Humongous Register: 0.0 ms]
      [Humongous Reclaim: 0.0 ms]
      [Free CSet: 0.2 ms]
   [Eden: 257.0M(257.0M)->0.0B(259.0M) Survivors: 12288.0K->11264.0K Heap: 404.8M(472.0M)->147.3M(472.0M)]
 [Times: user=0.03 sys=0.00, real=0.02 secs] 
2024-07-06T11:34:31.627+0800: 625.793: [GC pause (G1 Evacuation Pause) (young), 0.0116457 secs]
   [Parallel Time: 11.1 ms, GC Workers: 2]
      [GC Worker Start (ms): Min: 625793.6, Avg: 625793.6, Max: 625793.6, Diff: 0.0]
      [Ext Root Scanning (ms): Min: 0.6, Avg: 0.6, Max: 0.6, Diff: 0.0, Sum: 1.2]
      [Update RS (ms): Min: 0.0, Avg: 0.0, Max: 0.0, Diff: 0.0, Sum: 0.1]
         [Processed Buffers: Min: 1, Avg: 3.0, Max: 5, Diff: 4, Sum: 6]
      [Scan RS (ms): Min: 0.1, Avg: 0.3, Max: 0.5, Diff: 0.4, Sum: 0.6]
      [Code Root Scanning (ms): Min: 0.0, Avg: 0.0, Max: 0.0, Diff: 0.0, Sum: 0.0]
      [Object Copy (ms): Min: 10.0, Avg: 10.1, Max: 10.3, Diff: 0.4, Sum: 20.3]
      [Termination (ms): Min: 0.0, Avg: 0.0, Max: 0.0, Diff: 0.0, Sum: 0.0]
         [Termination Attempts: Min: 1, Avg: 1.0, Max: 1, Diff: 0, Sum: 2]
      [GC Worker Other (ms): Min: 0.0, Avg: 0.0, Max: 0.0, Diff: 0.0, Sum: 0.0]
      [GC Worker Total (ms): Min: 11.1, Avg: 11.1, Max: 11.1, Diff: 0.0, Sum: 22.1]
      [GC Worker End (ms): Min: 625804.6, Avg: 625804.6, Max: 625804.6, Diff: 0.0]
   [Code Root Fixup: 0.0 ms]
   [Code Root Purge: 0.0 ms]
   [Clear CT: 0.1 ms]
   [Other: 0.4 ms]
      [Choose CSet: 0.0 ms]
      [Ref Proc: 0.1 ms]
      [Ref Enq: 0.0 ms]
      [Redirty Cards: 0.1 ms]
      [Humongous Register: 0.0 ms]
      [Humongous Reclaim: 0.0 ms]
      [Free CSet: 0.2 ms]
   [Eden: 259.0M(259.0M)->0.0B(260.0M) Survivors: 11264.0K->11264.0K Heap: 406.3M(472.0M)->146.8M(472.0M)]
 [Times: user=0.02 sys=0.00, real=0.01 secs] 
2024-07-06T11:34:32.099+0800: 626.265: [GC pause (G1 Evacuation Pause) (young), 0.0168964 secs]
   [Parallel Time: 16.3 ms, GC Workers: 2]
      [GC Worker Start (ms): Min: 626265.0, Avg: 626265.0, Max: 626265.0, Diff: 0.0]
      [Ext Root Scanning (ms): Min: 0.5, Avg: 0.6, Max: 0.8, Diff: 0.2, Sum: 1.3]
      [Update RS (ms): Min: 0.0, Avg: 0.0, Max: 0.0, Diff: 0.0, Sum: 0.0]
         [Processed Buffers: Min: 0, Avg: 3.0, Max: 6, Diff: 6, Sum: 6]
      [Scan RS (ms): Min: 0.0, Avg: 0.1, Max: 0.1, Diff: 0.1, Sum: 0.1]
      [Code Root Scanning (ms): Min: 0.0, Avg: 0.0, Max: 0.0, Diff: 0.0, Sum: 0.0]
      [Object Copy (ms): Min: 15.5, Avg: 15.5, Max: 15.5, Diff: 0.1, Sum: 31.0]
      [Termination (ms): Min: 0.0, Avg: 0.0, Max: 0.0, Diff: 0.0, Sum: 0.0]
         [Termination Attempts: Min: 1, Avg: 1.0, Max: 1, Diff: 0, Sum: 2]
      [GC Worker Other (ms): Min: 0.0, Avg: 0.0, Max: 0.0, Diff: 0.0, Sum: 0.0]
      [GC Worker Total (ms): Min: 16.2, Avg: 16.2, Max: 16.3, Diff: 0.0, Sum: 32.5]
      [GC Worker End (ms): Min: 626281.2, Avg: 626281.2, Max: 626281.2, Diff: 0.0]
   [Code Root Fixup: 0.0 ms]
   [Code Root Purge: 0.0 ms]
   [Clear CT: 0.1 ms]
   [Other: 0.4 ms]
      [Choose CSet: 0.0 ms]
      [Ref Proc: 0.1 ms]
      [Ref Enq: 0.0 ms]
      [Redirty Cards: 0.1 ms]
      [Humongous Register: 0.0 ms]
      [Humongous Reclaim: 0.0 ms]
      [Free CSet: 0.1 ms]
   [Eden: 260.0M(260.0M)->0.0B(253.0M) Survivors: 11264.0K->16384.0K Heap: 406.8M(472.0M)->151.8M(472.0M)]
 [Times: user=0.03 sys=0.00, real=0.02 secs] 
2024-07-06T11:34:32.581+0800: 626.747: [GC pause (G1 Evacuation Pause) (young), 0.0165912 secs]
   [Parallel Time: 16.0 ms, GC Workers: 2]
      [GC Worker Start (ms): Min: 626747.3, Avg: 626747.4, Max: 626747.4, Diff: 0.0]
      [Ext Root Scanning (ms): Min: 0.5, Avg: 0.5, Max: 0.5, Diff: 0.0, Sum: 1.0]
      [Update RS (ms): Min: 0.0, Avg: 0.0, Max: 0.0, Diff: 0.0, Sum: 0.1]
         [Processed Buffers: Min: 2, Avg: 2.5, Max: 3, Diff: 1, Sum: 5]
      [Scan RS (ms): Min: 0.1, Avg: 0.1, Max: 0.1, Diff: 0.0, Sum: 0.2]
      [Code Root Scanning (ms): Min: 0.0, Avg: 0.0, Max: 0.0, Diff: 0.0, Sum: 0.0]
      [Object Copy (ms): Min: 15.3, Avg: 15.3, Max: 15.3, Diff: 0.0, Sum: 30.5]
      [Termination (ms): Min: 0.0, Avg: 0.0, Max: 0.0, Diff: 0.0, Sum: 0.0]
         [Termination Attempts: Min: 1, Avg: 1.0, Max: 1, Diff: 0, Sum: 2]
      [GC Worker Other (ms): Min: 0.0, Avg: 0.0, Max: 0.0, Diff: 0.0, Sum: 0.0]
      [GC Worker Total (ms): Min: 15.9, Avg: 15.9, Max: 15.9, Diff: 0.0, Sum: 31.9]
      [GC Worker End (ms): Min: 626763.3, Avg: 626763.3, Max: 626763.3, Diff: 0.0]
   [Code Root Fixup: 0.0 ms]
   [Code Root Purge: 0.0 ms]
   [Clear CT: 0.1 ms]
   [Other: 0.5 ms]
      [Choose CSet: 0.0 ms]
      [Ref Proc: 0.1 ms]
      [Ref Enq: 0.0 ms]
      [Redirty Cards: 0.1 ms]
      [Humongous Register: 0.0 ms]
      [Humongous Reclaim: 0.0 ms]
      [Free CSet: 0.2 ms]
   [Eden: 253.0M(253.0M)->0.0B(256.0M) Survivors: 16384.0K->13312.0K Heap: 404.8M(472.0M)->148.8M(472.0M)]
 [Times: user=0.03 sys=0.00, real=0.02 secs] 
2024-07-06T11:34:33.109+0800: 627.275: [GC pause (G1 Evacuation Pause) (young), 0.0154036 secs]
   [Parallel Time: 14.8 ms, GC Workers: 2]
      [GC Worker Start (ms): Min: 627275.0, Avg: 627275.0, Max: 627275.1, Diff: 0.0]
      [Ext Root Scanning (ms): Min: 0.6, Avg: 0.6, Max: 0.6, Diff: 0.0, Sum: 1.2]
      [Update RS (ms): Min: 0.0, Avg: 0.0, Max: 0.1, Diff: 0.1, Sum: 0.1]
         [Processed Buffers: Min: 0, Avg: 2.5, Max: 5, Diff: 5, Sum: 5]
      [Scan RS (ms): Min: 0.1, Avg: 0.1, Max: 0.1, Diff: 0.0, Sum: 0.2]
      [Code Root Scanning (ms): Min: 0.0, Avg: 0.0, Max: 0.0, Diff: 0.0, Sum: 0.0]
      [Object Copy (ms): Min: 13.9, Avg: 13.9, Max: 14.0, Diff: 0.1, Sum: 27.9]
      [Termination (ms): Min: 0.0, Avg: 0.0, Max: 0.0, Diff: 0.0, Sum: 0.0]
         [Termination Attempts: Min: 1, Avg: 1.0, Max: 1, Diff: 0, Sum: 2]
      [GC Worker Other (ms): Min: 0.0, Avg: 0.0, Max: 0.0, Diff: 0.0, Sum: 0.0]
      [GC Worker Total (ms): Min: 14.7, Avg: 14.7, Max: 14.7, Diff: 0.0, Sum: 29.4]
      [GC Worker End (ms): Min: 627289.7, Avg: 627289.7, Max: 627289.7, Diff: 0.0]
   [Code Root Fixup: 0.0 ms]
   [Code Root Purge: 0.0 ms]
   [Clear CT: 0.1 ms]
   [Other: 0.5 ms]
      [Choose CSet: 0.0 ms]
      [Ref Proc: 0.1 ms]
      [Ref Enq: 0.0 ms]
      [Redirty Cards: 0.0 ms]
      [Humongous Register: 0.0 ms]
      [Humongous Reclaim: 0.0 ms]
      [Free CSet: 0.2 ms]
   [Eden: 256.0M(256.0M)->0.0B(258.0M) Survivors: 13312.0K->12288.0K Heap: 404.8M(472.0M)->147.8M(472.0M)]
 [Times: user=0.03 sys=0.00, real=0.01 secs] 
2024-07-06T11:34:33.592+0800: 627.758: [GC pause (G1 Evacuation Pause) (young), 0.0154155 secs]
   [Parallel Time: 14.9 ms, GC Workers: 2]
      [GC Worker Start (ms): Min: 627757.9, Avg: 627757.9, Max: 627757.9, Diff: 0.0]
      [Ext Root Scanning (ms): Min: 0.5, Avg: 0.5, Max: 0.5, Diff: 0.0, Sum: 1.0]
      [Update RS (ms): Min: 0.0, Avg: 0.0, Max: 0.0, Diff: 0.0, Sum: 0.1]
         [Processed Buffers: Min: 2, Avg: 2.5, Max: 3, Diff: 1, Sum: 5]
      [Scan RS (ms): Min: 0.1, Avg: 0.1, Max: 0.1, Diff: 0.0, Sum: 0.2]
      [Code Root Scanning (ms): Min: 0.0, Avg: 0.0, Max: 0.0, Diff: 0.0, Sum: 0.0]
      [Object Copy (ms): Min: 14.1, Avg: 14.2, Max: 14.2, Diff: 0.0, Sum: 28.3]
      [Termination (ms): Min: 0.0, Avg: 0.0, Max: 0.0, Diff: 0.0, Sum: 0.0]
         [Termination Attempts: Min: 1, Avg: 1.0, Max: 1, Diff: 0, Sum: 2]
      [GC Worker Other (ms): Min: 0.0, Avg: 0.0, Max: 0.0, Diff: 0.0, Sum: 0.0]
      [GC Worker Total (ms): Min: 14.8, Avg: 14.8, Max: 14.8, Diff: 0.0, Sum: 29.6]
      [GC Worker End (ms): Min: 627772.7, Avg: 627772.7, Max: 627772.7, Diff: 0.0]
   [Code Root Fixup: 0.0 ms]
   [Code Root Purge: 0.0 ms]
   [Clear CT: 0.1 ms]
   [Other: 0.4 ms]
      [Choose CSet: 0.0 ms]
      [Ref Proc: 0.1 ms]
      [Ref Enq: 0.0 ms]
      [Redirty Cards: 0.1 ms]
      [Humongous Register: 0.0 ms]
      [Humongous Reclaim: 0.0 ms]
      [Free CSet: 0.1 ms]
   [Eden: 258.0M(258.0M)->0.0B(256.0M) Survivors: 12288.0K->13312.0K Heap: 405.8M(472.0M)->148.8M(472.0M)]
 [Times: user=0.03 sys=0.00, real=0.02 secs] 
2024-07-06T11:34:34.111+0800: 628.277: [GC pause (G1 Evacuation Pause) (young), 0.0125205 secs]
   [Parallel Time: 11.9 ms, GC Workers: 2]
      [GC Worker Start (ms): Min: 628277.0, Avg: 628277.0, Max: 628277.1, Diff: 0.0]
      [Ext Root Scanning (ms): Min: 0.5, Avg: 0.5, Max: 0.5, Diff: 0.0, Sum: 1.0]
      [Update RS (ms): Min: 0.0, Avg: 0.0, Max: 0.0, Diff: 0.0, Sum: 0.1]
         [Processed Buffers: Min: 1, Avg: 2.5, Max: 4, Diff: 3, Sum: 5]
      [Scan RS (ms): Min: 0.1, Avg: 0.1, Max: 0.1, Diff: 0.0, Sum: 0.1]
      [Code Root Scanning (ms): Min: 0.0, Avg: 0.0, Max: 0.0, Diff: 0.0, Sum: 0.0]
      [Object Copy (ms): Min: 11.1, Avg: 11.1, Max: 11.1, Diff: 0.0, Sum: 22.3]
      [Termination (ms): Min: 0.0, Avg: 0.0, Max: 0.0, Diff: 0.0, Sum: 0.0]
         [Termination Attempts: Min: 1, Avg: 1.0, Max: 1, Diff: 0, Sum: 2]
      [GC Worker Other (ms): Min: 0.0, Avg: 0.0, Max: 0.0, Diff: 0.0, Sum: 0.0]
      [GC Worker Total (ms): Min: 11.7, Avg: 11.8, Max: 11.8, Diff: 0.0, Sum: 23.5]
      [GC Worker End (ms): Min: 628288.8, Avg: 628288.8, Max: 628288.8, Diff: 0.0]
   [Code Root Fixup: 0.0 ms]
   [Code Root Purge: 0.0 ms]
   [Clear CT: 0.2 ms]
   [Other: 0.5 ms]
      [Choose CSet: 0.0 ms]
      [Ref Proc: 0.2 ms]
      [Ref Enq: 0.0 ms]
      [Redirty Cards: 0.1 ms]
      [Humongous Register: 0.0 ms]
      [Humongous Reclaim: 0.0 ms]
      [Free CSet: 0.2 ms]
   [Eden: 256.0M(256.0M)->0.0B(258.0M) Survivors: 13312.0K->12288.0K Heap: 404.8M(472.0M)->147.8M(472.0M)]
 [Times: user=0.03 sys=0.00, real=0.01 secs] 
2024-07-06T11:34:34.540+0800: 628.706: [GC pause (G1 Evacuation Pause) (young), 0.0182587 secs]
   [Parallel Time: 17.8 ms, GC Workers: 2]
      [GC Worker Start (ms): Min: 628705.9, Avg: 628707.7, Max: 628709.4, Diff: 3.4]
      [Ext Root Scanning (ms): Min: 0.0, Avg: 0.4, Max: 0.8, Diff: 0.8, Sum: 0.8]
      [Update RS (ms): Min: 0.0, Avg: 0.0, Max: 0.0, Diff: 0.0, Sum: 0.0]
         [Processed Buffers: Min: 0, Avg: 2.5, Max: 5, Diff: 5, Sum: 5]
      [Scan RS (ms): Min: 0.0, Avg: 0.1, Max: 0.1, Diff: 0.1, Sum: 0.2]
      [Code Root Scanning (ms): Min: 0.0, Avg: 0.0, Max: 0.0, Diff: 0.0, Sum: 0.0]
      [Object Copy (ms): Min: 14.3, Avg: 15.5, Max: 16.8, Diff: 2.5, Sum: 31.0]
      [Termination (ms): Min: 0.0, Avg: 0.0, Max: 0.0, Diff: 0.0, Sum: 0.0]
         [Termination Attempts: Min: 1, Avg: 1.0, Max: 1, Diff: 0, Sum: 2]
      [GC Worker Other (ms): Min: 0.0, Avg: 0.0, Max: 0.0, Diff: 0.0, Sum: 0.0]
      [GC Worker Total (ms): Min: 14.3, Avg: 16.0, Max: 17.7, Diff: 3.4, Sum: 32.0]
      [GC Worker End (ms): Min: 628723.7, Avg: 628723.7, Max: 628723.7, Diff: 0.0]
   [Code Root Fixup: 0.0 ms]
   [Code Root Purge: 0.0 ms]
   [Clear CT: 0.1 ms]
   [Other: 0.4 ms]
      [Choose CSet: 0.0 ms]
      [Ref Proc: 0.1 ms]
      [Ref Enq: 0.0 ms]
      [Redirty Cards: 0.0 ms]
      [Humongous Register: 0.0 ms]
      [Humongous Reclaim: 0.0 ms]
      [Free CSet: 0.1 ms]
   [Eden: 258.0M(258.0M)->0.0B(257.0M) Survivors: 12288.0K->13312.0K Heap: 405.8M(472.0M)->149.3M(472.0M)]
 [Times: user=0.03 sys=0.00, real=0.02 secs] 
2024-07-06T11:34:35.006+0800: 629.172: [GC pause (G1 Evacuation Pause) (young), 0.0150872 secs]
   [Parallel Time: 14.5 ms, GC Workers: 2]
      [GC Worker Start (ms): Min: 629172.3, Avg: 629172.3, Max: 629172.3, Diff: 0.0]
      [Ext Root Scanning (ms): Min: 0.5, Avg: 0.5, Max: 0.6, Diff: 0.0, Sum: 1.1]
      [Update RS (ms): Min: 0.0, Avg: 0.0, Max: 0.0, Diff: 0.0, Sum: 0.1]
         [Processed Buffers: Min: 2, Avg: 2.5, Max: 3, Diff: 1, Sum: 5]
      [Scan RS (ms): Min: 0.1, Avg: 0.1, Max: 0.1, Diff: 0.0, Sum: 0.2]
      [Code Root Scanning (ms): Min: 0.0, Avg: 0.0, Max: 0.0, Diff: 0.0, Sum: 0.0]
      [Object Copy (ms): Min: 13.8, Avg: 13.8, Max: 13.8, Diff: 0.0, Sum: 27.5]
      [Termination (ms): Min: 0.0, Avg: 0.0, Max: 0.0, Diff: 0.0, Sum: 0.0]
         [Termination Attempts: Min: 1, Avg: 1.0, Max: 1, Diff: 0, Sum: 2]
      [GC Worker Other (ms): Min: 0.0, Avg: 0.0, Max: 0.0, Diff: 0.0, Sum: 0.0]
      [GC Worker Total (ms): Min: 14.4, Avg: 14.5, Max: 14.5, Diff: 0.0, Sum: 28.9]
      [GC Worker End (ms): Min: 629186.8, Avg: 629186.8, Max: 629186.8, Diff: 0.0]
   [Code Root Fixup: 0.0 ms]
   [Code Root Purge: 0.0 ms]
   [Clear CT: 0.1 ms]
   [Other: 0.5 ms]
      [Choose CSet: 0.0 ms]
      [Ref Proc: 0.2 ms]
      [Ref Enq: 0.0 ms]
      [Redirty Cards: 0.0 ms]
      [Humongous Register: 0.0 ms]
      [Humongous Reclaim: 0.0 ms]
      [Free CSet: 0.1 ms]
   [Eden: 257.0M(257.0M)->0.0B(256.0M) Survivors: 13312.0K->13312.0K Heap: 406.3M(472.0M)->149.3M(472.0M)]
 [Times: user=0.03 sys=0.00, real=0.02 secs] 
2024-07-06T11:34:35.425+0800: 629.591: [GC pause (G1 Evacuation Pause) (young), 0.0132854 secs]
   [Parallel Time: 12.8 ms, GC Workers: 2]
      [GC Worker Start (ms): Min: 629591.5, Avg: 629591.5, Max: 629591.5, Diff: 0.0]
      [Ext Root Scanning (ms): Min: 0.5, Avg: 0.5, Max: 0.5, Diff: 0.0, Sum: 1.0]
      [Update RS (ms): Min: 0.0, Avg: 0.1, Max: 0.1, Diff: 0.1, Sum: 0.1]
         [Processed Buffers: Min: 1, Avg: 2.5, Max: 4, Diff: 3, Sum: 5]
      [Scan RS (ms): Min: 0.1, Avg: 0.1, Max: 0.1, Diff: 0.0, Sum: 0.2]
      [Code Root Scanning (ms): Min: 0.0, Avg: 0.0, Max: 0.0, Diff: 0.0, Sum: 0.0]
      [Object Copy (ms): Min: 12.1, Avg: 12.1, Max: 12.1, Diff: 0.0, Sum: 24.2]
      [Termination (ms): Min: 0.0, Avg: 0.0, Max: 0.0, Diff: 0.0, Sum: 0.0]
         [Termination Attempts: Min: 1, Avg: 1.0, Max: 1, Diff: 0, Sum: 2]
      [GC Worker Other (ms): Min: 0.0, Avg: 0.0, Max: 0.0, Diff: 0.0, Sum: 0.0]
      [GC Worker Total (ms): Min: 12.8, Avg: 12.8, Max: 12.8, Diff: 0.0, Sum: 25.6]
      [GC Worker End (ms): Min: 629604.3, Avg: 629604.3, Max: 629604.3, Diff: 0.0]
   [Code Root Fixup: 0.0 ms]
   [Code Root Purge: 0.0 ms]
   [Clear CT: 0.1 ms]
   [Other: 0.3 ms]
      [Choose CSet: 0.0 ms]
      [Ref Proc: 0.1 ms]
      [Ref Enq: 0.0 ms]
      [Redirty Cards: 0.0 ms]
      [Humongous Register: 0.0 ms]
      [Humongous Reclaim: 0.0 ms]
      [Free CSet: 0.1 ms]
   [Eden: 256.0M(256.0M)->0.0B(257.0M) Survivors: 13312.0K->12288.0K Heap: 405.3M(472.0M)->148.4M(472.0M)]
 [Times: user=0.02 sys=0.00, real=0.02 secs] 
2024-07-06T11:34:35.880+0800: 630.046: [GC pause (G1 Evacuation Pause) (young), 0.0165775 secs]
   [Parallel Time: 16.1 ms, GC Workers: 2]
      [GC Worker Start (ms): Min: 630046.2, Avg: 630046.2, Max: 630046.2, Diff: 0.0]
      [Ext Root Scanning (ms): Min: 0.5, Avg: 0.5, Max: 0.5, Diff: 0.0, Sum: 1.0]
      [Update RS (ms): Min: 0.0, Avg: 0.0, Max: 0.0, Diff: 0.0, Sum: 0.1]
         [Processed Buffers: Min: 2, Avg: 2.5, Max: 3, Diff: 1, Sum: 5]
      [Scan RS (ms): Min: 0.1, Avg: 0.1, Max: 0.1, Diff: 0.0, Sum: 0.2]
      [Code Root Scanning (ms): Min: 0.0, Avg: 0.0, Max: 0.0, Diff: 0.0, Sum: 0.0]
      [Object Copy (ms): Min: 15.4, Avg: 15.4, Max: 15.4, Diff: 0.0, Sum: 30.8]
      [Termination (ms): Min: 0.0, Avg: 0.0, Max: 0.0, Diff: 0.0, Sum: 0.0]
         [Termination Attempts: Min: 1, Avg: 1.0, Max: 1, Diff: 0, Sum: 2]
      [GC Worker Other (ms): Min: 0.0, Avg: 0.0, Max: 0.0, Diff: 0.0, Sum: 0.0]
      [GC Worker Total (ms): Min: 16.0, Avg: 16.0, Max: 16.0, Diff: 0.0, Sum: 32.0]
      [GC Worker End (ms): Min: 630062.2, Avg: 630062.2, Max: 630062.2, Diff: 0.0]
   [Code Root Fixup: 0.0 ms]
   [Code Root Purge: 0.0 ms]
   [Clear CT: 0.1 ms]
   [Other: 0.4 ms]
      [Choose CSet: 0.0 ms]
      [Ref Proc: 0.1 ms]
      [Ref Enq: 0.0 ms]
      [Redirty Cards: 0.1 ms]
      [Humongous Register: 0.0 ms]
      [Humongous Reclaim: 0.0 ms]
      [Free CSet: 0.1 ms]
   [Eden: 257.0M(257.0M)->0.0B(254.0M) Survivors: 12288.0K->15360.0K Heap: 405.4M(472.0M)->150.9M(472.0M)]
 [Times: user=0.03 sys=0.00, real=0.02 secs] 
2024-07-06T11:34:36.339+0800: 630.505: [GC pause (G1 Evacuation Pause) (young), 0.0091685 secs]
   [Parallel Time: 8.7 ms, GC Workers: 2]
      [GC Worker Start (ms): Min: 630505.6, Avg: 630505.6, Max: 630505.6, Diff: 0.0]
      [Ext Root Scanning (ms): Min: 0.5, Avg: 0.5, Max: 0.5, Diff: 0.0, Sum: 1.1]
      [Update RS (ms): Min: 0.0, Avg: 0.0, Max: 0.0, Diff: 0.0, Sum: 0.1]
         [Processed Buffers: Min: 2, Avg: 2.5, Max: 3, Diff: 1, Sum: 5]
      [Scan RS (ms): Min: 0.1, Avg: 0.1, Max: 0.1, Diff: 0.0, Sum: 0.2]
      [Code Root Scanning (ms): Min: 0.0, Avg: 0.0, Max: 0.0, Diff: 0.0, Sum: 0.0]
      [Object Copy (ms): Min: 7.9, Avg: 8.0, Max: 8.0, Diff: 0.0, Sum: 15.9]
      [Termination (ms): Min: 0.0, Avg: 0.0, Max: 0.0, Diff: 0.0, Sum: 0.0]
         [Termination Attempts: Min: 1, Avg: 1.0, Max: 1, Diff: 0, Sum: 2]
      [GC Worker Other (ms): Min: 0.0, Avg: 0.0, Max: 0.0, Diff: 0.0, Sum: 0.0]
      [GC Worker Total (ms): Min: 8.6, Avg: 8.6, Max: 8.6, Diff: 0.0, Sum: 17.2]
      [GC Worker End (ms): Min: 630514.2, Avg: 630514.2, Max: 630514.2, Diff: 0.0]
   [Code Root Fixup: 0.0 ms]
   [Code Root Purge: 0.0 ms]
   [Clear CT: 0.1 ms]
   [Other: 0.4 ms]
      [Choose CSet: 0.0 ms]
      [Ref Proc: 0.1 ms]
      [Ref Enq: 0.0 ms]
      [Redirty Cards: 0.0 ms]
      [Humongous Register: 0.0 ms]
      [Humongous Reclaim: 0.0 ms]
      [Free CSet: 0.1 ms]
   [Eden: 254.0M(254.0M)->0.0B(258.0M) Survivors: 15360.0K->11264.0K Heap: 404.9M(472.0M)->146.9M(472.0M)]
 [Times: user=0.02 sys=0.00, real=0.01 secs] 
2024-07-06T11:34:36.811+0800: 630.978: [GC pause (G1 Evacuation Pause) (young), 0.0199517 secs]
   [Parallel Time: 19.3 ms, GC Workers: 2]
      [GC Worker Start (ms): Min: 630977.8, Avg: 630977.8, Max: 630977.8, Diff: 0.0]
      [Ext Root Scanning (ms): Min: 0.5, Avg: 0.6, Max: 0.6, Diff: 0.0, Sum: 1.1]
      [Update RS (ms): Min: 0.0, Avg: 0.0, Max: 0.0, Diff: 0.0, Sum: 0.1]
         [Processed Buffers: Min: 1, Avg: 2.5, Max: 4, Diff: 3, Sum: 5]
      [Scan RS (ms): Min: 0.1, Avg: 0.1, Max: 0.1, Diff: 0.0, Sum: 0.2]
      [Code Root Scanning (ms): Min: 0.0, Avg: 0.0, Max: 0.0, Diff: 0.0, Sum: 0.0]
      [Object Copy (ms): Min: 18.5, Avg: 18.5, Max: 18.5, Diff: 0.0, Sum: 37.0]
      [Termination (ms): Min: 0.0, Avg: 0.0, Max: 0.0, Diff: 0.0, Sum: 0.0]
         [Termination Attempts: Min: 1, Avg: 1.0, Max: 1, Diff: 0, Sum: 2]
      [GC Worker Other (ms): Min: 0.0, Avg: 0.0, Max: 0.0, Diff: 0.0, Sum: 0.0]
      [GC Worker Total (ms): Min: 19.2, Avg: 19.2, Max: 19.2, Diff: 0.0, Sum: 38.3]
      [GC Worker End (ms): Min: 630997.0, Avg: 630997.0, Max: 630997.0, Diff: 0.0]
   [Code Root Fixup: 0.0 ms]
   [Code Root Purge: 0.0 ms]
   [Clear CT: 0.1 ms]
   [Other: 0.6 ms]
      [Choose CSet: 0.0 ms]
      [Ref Proc: 0.1 ms]
      [Ref Enq: 0.0 ms]
      [Redirty Cards: 0.1 ms]
      [Humongous Register: 0.0 ms]
      [Humongous Reclaim: 0.0 ms]
      [Free CSet: 0.2 ms]
   [Eden: 258.0M(258.0M)->0.0B(253.0M) Survivors: 11264.0K->16384.0K Heap: 404.9M(472.0M)->151.9M(472.0M)]
 [Times: user=0.04 sys=0.00, real=0.02 secs] 
2024-07-06T11:34:37.276+0800: 631.442: [GC pause (G1 Evacuation Pause) (young), 0.0188577 secs]
   [Parallel Time: 18.3 ms, GC Workers: 2]
      [GC Worker Start (ms): Min: 631441.9, Avg: 631441.9, Max: 631441.9, Diff: 0.0]
      [Ext Root Scanning (ms): Min: 0.6, Avg: 0.6, Max: 0.6, Diff: 0.0, Sum: 1.2]
      [Update RS (ms): Min: 0.0, Avg: 0.0, Max: 0.0, Diff: 0.0, Sum: 0.1]
         [Processed Buffers: Min: 2, Avg: 2.5, Max: 3, Diff: 1, Sum: 5]
      [Scan RS (ms): Min: 0.1, Avg: 0.1, Max: 0.1, Diff: 0.0, Sum: 0.2]
      [Code Root Scanning (ms): Min: 0.0, Avg: 0.0, Max: 0.0, Diff: 0.0, Sum: 0.0]
      [Object Copy (ms): Min: 17.5, Avg: 17.6, Max: 17.6, Diff: 0.0, Sum: 35.1]
      [Termination (ms): Min: 0.0, Avg: 0.0, Max: 0.0, Diff: 0.0, Sum: 0.0]
         [Termination Attempts: Min: 1, Avg: 1.0, Max: 1, Diff: 0, Sum: 2]
      [GC Worker Other (ms): Min: 0.0, Avg: 0.0, Max: 0.0, Diff: 0.0, Sum: 0.0]
      [GC Worker Total (ms): Min: 18.3, Avg: 18.3, Max: 18.3, Diff: 0.0, Sum: 36.6]
      [GC Worker End (ms): Min: 631460.2, Avg: 631460.2, Max: 631460.2, Diff: 0.0]
   [Code Root Fixup: 0.0 ms]
   [Code Root Purge: 0.0 ms]
   [Clear CT: 0.1 ms]
   [Other: 0.4 ms]
      [Choose CSet: 0.0 ms]
      [Ref Proc: 0.1 ms]
      [Ref Enq: 0.0 ms]
      [Redirty Cards: 0.0 ms]
      [Humongous Register: 0.0 ms]
      [Humongous Reclaim: 0.0 ms]
      [Free CSet: 0.1 ms]
   [Eden: 253.0M(253.0M)->0.0B(251.0M) Survivors: 16384.0K->17408.0K Heap: 404.9M(472.0M)->153.4M(472.0M)]
 [Times: user=0.04 sys=0.00, real=0.01 secs] 
2024-07-06T11:34:37.699+0800: 631.865: [GC pause (G1 Evacuation Pause) (young), 0.0135140 secs]
   [Parallel Time: 13.0 ms, GC Workers: 2]
      [GC Worker Start (ms): Min: 631865.5, Avg: 631865.5, Max: 631865.5, Diff: 0.0]
      [Ext Root Scanning (ms): Min: 0.5, Avg: 0.5, Max: 0.5, Diff: 0.0, Sum: 1.0]
      [Update RS (ms): Min: 0.0, Avg: 0.0, Max: 0.0, Diff: 0.0, Sum: 0.1]
         [Processed Buffers: Min: 2, Avg: 3.0, Max: 4, Diff: 2, Sum: 6]
      [Scan RS (ms): Min: 0.1, Avg: 0.1, Max: 0.1, Diff: 0.0, Sum: 0.1]
      [Code Root Scanning (ms): Min: 0.0, Avg: 0.0, Max: 0.0, Diff: 0.0, Sum: 0.0]
      [Object Copy (ms): Min: 12.3, Avg: 12.3, Max: 12.3, Diff: 0.0, Sum: 24.5]
      [Termination (ms): Min: 0.0, Avg: 0.0, Max: 0.0, Diff: 0.0, Sum: 0.0]
         [Termination Attempts: Min: 1, Avg: 1.0, Max: 1, Diff: 0, Sum: 2]
      [GC Worker Other (ms): Min: 0.0, Avg: 0.0, Max: 0.0, Diff: 0.0, Sum: 0.0]
      [GC Worker Total (ms): Min: 12.9, Avg: 12.9, Max: 12.9, Diff: 0.0, Sum: 25.8]
      [GC Worker End (ms): Min: 631878.4, Avg: 631878.4, Max: 631878.4, Diff: 0.0]
   [Code Root Fixup: 0.0 ms]
   [Code Root Purge: 0.0 ms]
   [Clear CT: 0.1 ms]
   [Other: 0.4 ms]
      [Choose CSet: 0.0 ms]
      [Ref Proc: 0.1 ms]
      [Ref Enq: 0.0 ms]
      [Redirty Cards: 0.0 ms]
      [Humongous Register: 0.0 ms]
      [Humongous Reclaim: 0.0 ms]
      [Free CSet: 0.2 ms]
   [Eden: 251.0M(251.0M)->0.0B(254.0M) Survivors: 17408.0K->14336.0K Heap: 404.4M(472.0M)->149.9M(472.0M)]
 [Times: user=0.02 sys=0.00, real=0.01 secs] 
2024-07-06T11:34:38.115+0800: 632.282: [GC pause (G1 Evacuation Pause) (young), 0.0194638 secs]
   [Parallel Time: 18.7 ms, GC Workers: 2]
      [GC Worker Start (ms): Min: 632281.6, Avg: 632281.6, Max: 632281.6, Diff: 0.0]
      [Ext Root Scanning (ms): Min: 0.5, Avg: 0.5, Max: 0.5, Diff: 0.0, Sum: 1.1]
      [Update RS (ms): Min: 0.0, Avg: 0.0, Max: 0.0, Diff: 0.0, Sum: 0.1]
         [Processed Buffers: Min: 3, Avg: 3.0, Max: 3, Diff: 0, Sum: 6]
      [Scan RS (ms): Min: 0.1, Avg: 0.1, Max: 0.1, Diff: 0.0, Sum: 0.2]
      [Code Root Scanning (ms): Min: 0.0, Avg: 0.0, Max: 0.0, Diff: 0.0, Sum: 0.0]
      [Object Copy (ms): Min: 18.0, Avg: 18.0, Max: 18.0, Diff: 0.0, Sum: 36.0]
      [Termination (ms): Min: 0.0, Avg: 0.0, Max: 0.0, Diff: 0.0, Sum: 0.0]
         [Termination Attempts: Min: 1, Avg: 2.5, Max: 4, Diff: 3, Sum: 5]
      [GC Worker Other (ms): Min: 0.0, Avg: 0.0, Max: 0.0, Diff: 0.0, Sum: 0.0]
      [GC Worker Total (ms): Min: 18.7, Avg: 18.7, Max: 18.7, Diff: 0.0, Sum: 37.4]
      [GC Worker End (ms): Min: 632300.3, Avg: 632300.3, Max: 632300.3, Diff: 0.0]
   [Code Root Fixup: 0.0 ms]
   [Code Root Purge: 0.0 ms]
   [Clear CT: 0.2 ms]
   [Other: 0.6 ms]
      [Choose CSet: 0.0 ms]
      [Ref Proc: 0.2 ms]
      [Ref Enq: 0.0 ms]
      [Redirty Cards: 0.0 ms]
      [Humongous Register: 0.0 ms]
      [Humongous Reclaim: 0.0 ms]
      [Free CSet: 0.2 ms]
   [Eden: 254.0M(254.0M)->0.0B(251.0M) Survivors: 14336.0K->16384.0K Heap: 403.9M(472.0M)->152.4M(472.0M)]
 [Times: user=0.04 sys=0.00, real=0.01 secs] 
2024-07-06T11:34:38.575+0800: 632.741: [GC pause (G1 Evacuation Pause) (young), 0.0179309 secs]
   [Parallel Time: 17.2 ms, GC Workers: 2]
      [GC Worker Start (ms): Min: 632741.6, Avg: 632741.9, Max: 632742.2, Diff: 0.6]
      [Ext Root Scanning (ms): Min: 0.1, Avg: 1.4, Max: 2.7, Diff: 2.5, Sum: 2.8]
      [Update RS (ms): Min: 0.0, Avg: 0.0, Max: 0.0, Diff: 0.0, Sum: 0.0]
         [Processed Buffers: Min: 0, Avg: 3.0, Max: 6, Diff: 6, Sum: 6]
      [Scan RS (ms): Min: 0.0, Avg: 0.1, Max: 0.1, Diff: 0.1, Sum: 0.2]
      [Code Root Scanning (ms): Min: 0.0, Avg: 0.0, Max: 0.0, Diff: 0.0, Sum: 0.0]
      [Object Copy (ms): Min: 14.4, Avg: 15.3, Max: 16.2, Diff: 1.8, Sum: 30.6]
      [Termination (ms): Min: 0.0, Avg: 0.0, Max: 0.0, Diff: 0.0, Sum: 0.0]
         [Termination Attempts: Min: 1, Avg: 1.0, Max: 1, Diff: 0, Sum: 2]
      [GC Worker Other (ms): Min: 0.0, Avg: 0.0, Max: 0.0, Diff: 0.0, Sum: 0.0]
      [GC Worker Total (ms): Min: 16.5, Avg: 16.9, Max: 17.2, Diff: 0.6, Sum: 33.7]
      [GC Worker End (ms): Min: 632758.7, Avg: 632758.7, Max: 632758.7, Diff: 0.0]
   [Code Root Fixup: 0.0 ms]
   [Code Root Purge: 0.0 ms]
   [Clear CT: 0.2 ms]
   [Other: 0.5 ms]
      [Choose CSet: 0.0 ms]
      [Ref Proc: 0.2 ms]
      [Ref Enq: 0.0 ms]
      [Redirty Cards: 0.0 ms]
      [Humongous Register: 0.0 ms]
      [Humongous Reclaim: 0.0 ms]
      [Free CSet: 0.2 ms]
   [Eden: 251.0M(251.0M)->0.0B(251.0M) Survivors: 16384.0K->16384.0K Heap: 403.4M(472.0M)->151.9M(472.0M)]
 [Times: user=0.03 sys=0.00, real=0.01 secs] 
2024-07-06T11:34:39.071+0800: 633.237: [GC pause (G1 Evacuation Pause) (young), 0.0217361 secs]
   [Parallel Time: 21.2 ms, GC Workers: 2]
      [GC Worker Start (ms): Min: 633237.6, Avg: 633238.3, Max: 633239.0, Diff: 1.5]
      [Ext Root Scanning (ms): Min: 0.0, Avg: 0.4, Max: 0.8, Diff: 0.8, Sum: 0.8]
      [Update RS (ms): Min: 0.0, Avg: 0.0, Max: 0.0, Diff: 0.0, Sum: 0.0]
         [Processed Buffers: Min: 0, Avg: 2.5, Max: 5, Diff: 5, Sum: 5]
      [Scan RS (ms): Min: 0.0, Avg: 0.1, Max: 0.1, Diff: 0.1, Sum: 0.1]
      [Code Root Scanning (ms): Min: 0.0, Avg: 0.0, Max: 0.0, Diff: 0.0, Sum: 0.0]
      [Object Copy (ms): Min: 19.6, Avg: 19.9, Max: 20.1, Diff: 0.5, Sum: 39.8]
      [Termination (ms): Min: 0.0, Avg: 0.0, Max: 0.0, Diff: 0.0, Sum: 0.0]
         [Termination Attempts: Min: 1, Avg: 1.0, Max: 1, Diff: 0, Sum: 2]
      [GC Worker Other (ms): Min: 0.0, Avg: 0.0, Max: 0.0, Diff: 0.0, Sum: 0.0]
      [GC Worker Total (ms): Min: 19.7, Avg: 20.4, Max: 21.1, Diff: 1.5, Sum: 40.8]
      [GC Worker End (ms): Min: 633258.7, Avg: 633258.7, Max: 633258.7, Diff: 0.0]
   [Code Root Fixup: 0.0 ms]
   [Code Root Purge: 0.0 ms]
   [Clear CT: 0.1 ms]
   [Other: 0.4 ms]
      [Choose CSet: 0.0 ms]
      [Ref Proc: 0.1 ms]
      [Ref Enq: 0.0 ms]
      [Redirty Cards: 0.1 ms]
      [Humongous Register: 0.0 ms]
      [Humongous Reclaim: 0.0 ms]
      [Free CSet: 0.1 ms]
   [Eden: 251.0M(251.0M)->0.0B(250.0M) Survivors: 16384.0K->17408.0K Heap: 402.9M(472.0M)->152.9M(472.0M)]
 [Times: user=0.03 sys=0.00, real=0.02 secs] 
2024-07-06T11:34:39.527+0800: 633.693: [GC pause (G1 Evacuation Pause) (young), 0.0169055 secs]
   [Parallel Time: 16.4 ms, GC Workers: 2]
      [GC Worker Start (ms): Min: 633693.5, Avg: 633693.6, Max: 633693.6, Diff: 0.0]
      [Ext Root Scanning (ms): Min: 0.5, Avg: 0.5, Max: 0.5, Diff: 0.0, Sum: 1.0]
      [Update RS (ms): Min: 0.0, Avg: 0.0, Max: 0.0, Diff: 0.0, Sum: 0.1]
         [Processed Buffers: Min: 2, Avg: 2.5, Max: 3, Diff: 1, Sum: 5]
      [Scan RS (ms): Min: 0.1, Avg: 0.1, Max: 0.1, Diff: 0.0, Sum: 0.2]
      [Code Root Scanning (ms): Min: 0.0, Avg: 0.0, Max: 0.0, Diff: 0.0, Sum: 0.0]
      [Object Copy (ms): Min: 15.6, Avg: 15.6, Max: 15.7, Diff: 0.0, Sum: 31.3]
      [Termination (ms): Min: 0.0, Avg: 0.0, Max: 0.0, Diff: 0.0, Sum: 0.0]
         [Termination Attempts: Min: 1, Avg: 1.0, Max: 1, Diff: 0, Sum: 2]
      [GC Worker Other (ms): Min: 0.0, Avg: 0.0, Max: 0.0, Diff: 0.0, Sum: 0.0]
      [GC Worker Total (ms): Min: 16.3, Avg: 16.3, Max: 16.3, Diff: 0.0, Sum: 32.6]
      [GC Worker End (ms): Min: 633709.8, Avg: 633709.8, Max: 633709.8, Diff: 0.0]
   [Code Root Fixup: 0.0 ms]
   [Code Root Purge: 0.0 ms]
   [Clear CT: 0.1 ms]
   [Other: 0.4 ms]
      [Choose CSet: 0.0 ms]
      [Ref Proc: 0.1 ms]
      [Ref Enq: 0.0 ms]
      [Redirty Cards: 0.1 ms]
      [Humongous Register: 0.0 ms]
      [Humongous Reclaim: 0.0 ms]
      [Free CSet: 0.2 ms]
   [Eden: 250.0M(250.0M)->0.0B(251.0M) Survivors: 17408.0K->16384.0K Heap: 402.9M(472.0M)->151.9M(472.0M)]
 [Times: user=0.03 sys=0.00, real=0.01 secs] 
2024-07-06T11:34:39.990+0800: 634.156: [GC pause (G1 Evacuation Pause) (young), 0.0145269 secs]
   [Parallel Time: 14.0 ms, GC Workers: 2]
      [GC Worker Start (ms): Min: 634156.2, Avg: 634156.2, Max: 634156.2, Diff: 0.0]
      [Ext Root Scanning (ms): Min: 0.5, Avg: 0.6, Max: 0.6, Diff: 0.0, Sum: 1.1]
      [Update RS (ms): Min: 0.0, Avg: 0.0, Max: 0.0, Diff: 0.0, Sum: 0.1]
         [Processed Buffers: Min: 1, Avg: 2.5, Max: 4, Diff: 3, Sum: 5]
      [Scan RS (ms): Min: 0.1, Avg: 0.1, Max: 0.1, Diff: 0.0, Sum: 0.2]
      [Code Root Scanning (ms): Min: 0.0, Avg: 0.0, Max: 0.0, Diff: 0.0, Sum: 0.0]
      [Object Copy (ms): Min: 13.2, Avg: 13.2, Max: 13.2, Diff: 0.0, Sum: 26.5]
      [Termination (ms): Min: 0.0, Avg: 0.0, Max: 0.0, Diff: 0.0, Sum: 0.0]
         [Termination Attempts: Min: 1, Avg: 1.0, Max: 1, Diff: 0, Sum: 2]
      [GC Worker Other (ms): Min: 0.0, Avg: 0.0, Max: 0.0, Diff: 0.0, Sum: 0.0]
      [GC Worker Total (ms): Min: 13.9, Avg: 13.9, Max: 13.9, Diff: 0.0, Sum: 27.9]
      [GC Worker End (ms): Min: 634170.1, Avg: 634170.1, Max: 634170.1, Diff: 0.0]
   [Code Root Fixup: 0.0 ms]
   [Code Root Purge: 0.0 ms]
   [Clear CT: 0.1 ms]
   [Other: 0.4 ms]
      [Choose CSet: 0.0 ms]
      [Ref Proc: 0.1 ms]
      [Ref Enq: 0.0 ms]
      [Redirty Cards: 0.0 ms]
      [Humongous Register: 0.0 ms]
      [Humongous Reclaim: 0.0 ms]
      [Free CSet: 0.1 ms]
   [Eden: 251.0M(251.0M)->0.0B(254.0M) Survivors: 16384.0K->13312.0K Heap: 402.9M(472.0M)->148.9M(472.0M)]
 [Times: user=0.02 sys=0.00, real=0.01 secs] 
2024-07-06T11:34:40.412+0800: 634.578: [GC pause (G1 Evacuation Pause) (young), 0.0116971 secs]
   [Parallel Time: 11.2 ms, GC Workers: 2]
      [GC Worker Start (ms): Min: 634578.0, Avg: 634578.1, Max: 634578.1, Diff: 0.1]
      [Ext Root Scanning (ms): Min: 0.7, Avg: 0.9, Max: 1.1, Diff: 0.4, Sum: 1.8]
      [Update RS (ms): Min: 0.0, Avg: 0.0, Max: 0.0, Diff: 0.0, Sum: 0.0]
         [Processed Buffers: Min: 0, Avg: 2.5, Max: 5, Diff: 5, Sum: 5]
      [Scan RS (ms): Min: 0.0, Avg: 0.1, Max: 0.1, Diff: 0.1, Sum: 0.1]
      [Code Root Scanning (ms): Min: 0.0, Avg: 0.0, Max: 0.0, Diff: 0.0, Sum: 0.0]
      [Object Copy (ms): Min: 9.9, Avg: 10.1, Max: 10.2, Diff: 0.3, Sum: 20.2]
      [Termination (ms): Min: 0.0, Avg: 0.0, Max: 0.0, Diff: 0.0, Sum: 0.0]
         [Termination Attempts: Min: 1, Avg: 1.0, Max: 1, Diff: 0, Sum: 2]
      [GC Worker Other (ms): Min: 0.0, Avg: 0.0, Max: 0.0, Diff: 0.0, Sum: 0.0]
      [GC Worker Total (ms): Min: 11.0, Avg: 11.1, Max: 11.1, Diff: 0.1, Sum: 22.1]
      [GC Worker End (ms): Min: 634589.1, Avg: 634589.1, Max: 634589.1, Diff: 0.0]
   [Code Root Fixup: 0.0 ms]
   [Code Root Purge: 0.0 ms]
   [Clear CT: 0.1 ms]
   [Other: 0.4 ms]
      [Choose CSet: 0.0 ms]
      [Ref Proc: 0.1 ms]
      [Ref Enq: 0.0 ms]
      [Redirty Cards: 0.0 ms]
      [Humongous Register: 0.0 ms]
      [Humongous Reclaim: 0.0 ms]
      [Free CSet: 0.1 ms]
   [Eden: 254.0M(254.0M)->0.0B(257.0M) Survivors: 13312.0K->11264.0K Heap: 402.9M(472.0M)->147.4M(472.0M)]
 [Times: user=0.02 sys=0.00, real=0.01 secs] 
2024-07-06T11:34:40.827+0800: 634.993: [GC pause (G1 Evacuation Pause) (young), 0.0166786 secs]
   [Parallel Time: 16.1 ms, GC Workers: 2]
      [GC Worker Start (ms): Min: 634993.5, Avg: 634993.6, Max: 634993.6, Diff: 0.0]
      [Ext Root Scanning (ms): Min: 0.5, Avg: 0.5, Max: 0.5, Diff: 0.0, Sum: 1.0]
      [Update RS (ms): Min: 0.0, Avg: 0.0, Max: 0.0, Diff: 0.0, Sum: 0.1]
         [Processed Buffers: Min: 1, Avg: 3.0, Max: 5, Diff: 4, Sum: 6]
      [Scan RS (ms): Min: 0.1, Avg: 0.1, Max: 0.1, Diff: 0.0, Sum: 0.2]
      [Code Root Scanning (ms): Min: 0.0, Avg: 0.0, Max: 0.0, Diff: 0.0, Sum: 0.0]
      [Object Copy (ms): Min: 15.3, Avg: 15.3, Max: 15.3, Diff: 0.0, Sum: 30.7]
      [Termination (ms): Min: 0.0, Avg: 0.0, Max: 0.0, Diff: 0.0, Sum: 0.0]
         [Termination Attempts: Min: 1, Avg: 1.0, Max: 1, Diff: 0, Sum: 2]
      [GC Worker Other (ms): Min: 0.0, Avg: 0.0, Max: 0.0, Diff: 0.0, Sum: 0.0]
      [GC Worker Total (ms): Min: 16.0, Avg: 16.0, Max: 16.0, Diff: 0.0, Sum: 32.0]
      [GC Worker End (ms): Min: 635009.6, Avg: 635009.6, Max: 635009.6, Diff: 0.0]
   [Code Root Fixup: 0.0 ms]
   [Code Root Purge: 0.0 ms]
   [Clear CT: 0.1 ms]
   [Other: 0.5 ms]
      [Choose CSet: 0.0 ms]
      [Ref Proc: 0.1 ms]
      [Ref Enq: 0.0 ms]
      [Redirty Cards: 0.1 ms]
      [Humongous Register: 0.0 ms]
      [Humongous Reclaim: 0.0 ms]
      [Free CSet: 0.2 ms]
   [Eden: 257.0M(257.0M)->0.0B(254.0M) Survivors: 11264.0K->14336.0K Heap: 404.4M(472.0M)->150.4M(472.0M)]
 [Times: user=0.03 sys=0.00, real=0.01 secs] 
2024-07-06T11:34:41.253+0800: 635.420: [GC pause (G1 Evacuation Pause) (young), 0.0173715 secs]
   [Parallel Time: 16.9 ms, GC Workers: 2]
      [GC Worker Start (ms): Min: 635419.6, Avg: 635419.7, Max: 635419.7, Diff: 0.0]
      [Ext Root Scanning (ms): Min: 0.5, Avg: 0.6, Max: 0.6, Diff: 0.0, Sum: 1.1]
      [Update RS (ms): Min: 0.0, Avg: 0.0, Max: 0.0, Diff: 0.0, Sum: 0.1]
         [Processed Buffers: Min: 2, Avg: 3.0, Max: 4, Diff: 2, Sum: 6]
      [Scan RS (ms): Min: 0.1, Avg: 0.1, Max: 0.1, Diff: 0.0, Sum: 0.2]
      [Code Root Scanning (ms): Min: 0.0, Avg: 0.0, Max: 0.0, Diff: 0.0, Sum: 0.0]
      [Object Copy (ms): Min: 16.1, Avg: 16.1, Max: 16.1, Diff: 0.0, Sum: 32.3]
      [Termination (ms): Min: 0.0, Avg: 0.0, Max: 0.0, Diff: 0.0, Sum: 0.0]
         [Termination Attempts: Min: 1, Avg: 1.0, Max: 1, Diff: 0, Sum: 2]
      [GC Worker Other (ms): Min: 0.0, Avg: 0.0, Max: 0.0, Diff: 0.0, Sum: 0.0]
      [GC Worker Total (ms): Min: 16.8, Avg: 16.8, Max: 16.8, Diff: 0.0, Sum: 33.6]
      [GC Worker End (ms): Min: 635436.5, Avg: 635436.5, Max: 635436.5, Diff: 0.0]
   [Code Root Fixup: 0.0 ms]
   [Code Root Purge: 0.0 ms]
   [Clear CT: 0.1 ms]
   [Other: 0.4 ms]
      [Choose CSet: 0.0 ms]
      [Ref Proc: 0.1 ms]
      [Ref Enq: 0.0 ms]
      [Redirty Cards: 0.0 ms]
      [Humongous Register: 0.0 ms]
      [Humongous Reclaim: 0.0 ms]
      [Free CSet: 0.1 ms]
   [Eden: 254.0M(254.0M)->0.0B(252.0M) Survivors: 14336.0K->15360.0K Heap: 404.4M(472.0M)->151.4M(472.0M)]
 [Times: user=0.03 sys=0.00, real=0.02 secs] 
2024-07-06T11:34:41.659+0800: 635.825: [GC pause (G1 Evacuation Pause) (young), 0.0191736 secs]
   [Parallel Time: 18.6 ms, GC Workers: 2]
      [GC Worker Start (ms): Min: 635825.6, Avg: 635825.6, Max: 635825.6, Diff: 0.0]
      [Ext Root Scanning (ms): Min: 0.5, Avg: 0.5, Max: 0.5, Diff: 0.0, Sum: 1.1]
      [Update RS (ms): Min: 0.0, Avg: 0.0, Max: 0.0, Diff: 0.0, Sum: 0.1]
         [Processed Buffers: Min: 3, Avg: 3.0, Max: 3, Diff: 0, Sum: 6]
      [Scan RS (ms): Min: 0.1, Avg: 0.1, Max: 0.1, Diff: 0.0, Sum: 0.2]
      [Code Root Scanning (ms): Min: 0.0, Avg: 0.0, Max: 0.0, Diff: 0.0, Sum: 0.0]
      [Object Copy (ms): Min: 17.9, Avg: 17.9, Max: 17.9, Diff: 0.0, Sum: 35.8]
      [Termination (ms): Min: 0.0, Avg: 0.0, Max: 0.0, Diff: 0.0, Sum: 0.0]
         [Termination Attempts: Min: 1, Avg: 1.0, Max: 1, Diff: 0, Sum: 2]
      [GC Worker Other (ms): Min: 0.0, Avg: 0.0, Max: 0.0, Diff: 0.0, Sum: 0.0]
      [GC Worker Total (ms): Min: 18.6, Avg: 18.6, Max: 18.6, Diff: 0.0, Sum: 37.1]
      [GC Worker End (ms): Min: 635844.1, Avg: 635844.1, Max: 635844.1, Diff: 0.0]
   [Code Root Fixup: 0.0 ms]
   [Code Root Purge: 0.0 ms]
   [Clear CT: 0.1 ms]
   [Other: 0.5 ms]
      [Choose CSet: 0.0 ms]
      [Ref Proc: 0.1 ms]
      [Ref Enq: 0.0 ms]
      [Redirty Cards: 0.1 ms]
      [Humongous Register: 0.0 ms]
      [Humongous Reclaim: 0.0 ms]
      [Free CSet: 0.1 ms]
   [Eden: 252.0M(252.0M)->0.0B(250.0M) Survivors: 15360.0K->17408.0K Heap: 403.4M(472.0M)->152.9M(472.0M)]
 [Times: user=0.03 sys=0.00, real=0.02 secs] 
2024-07-06T11:34:42.179+0800: 636.345: [GC pause (G1 Evacuation Pause) (young), 0.0268514 secs]
   [Parallel Time: 26.1 ms, GC Workers: 2]
      [GC Worker Start (ms): Min: 636345.6, Avg: 636345.6, Max: 636345.6, Diff: 0.0]
      [Ext Root Scanning (ms): Min: 0.6, Avg: 0.6, Max: 0.6, Diff: 0.0, Sum: 1.2]
      [Update RS (ms): Min: 0.0, Avg: 0.0, Max: 0.1, Diff: 0.0, Sum: 0.1]
         [Processed Buffers: Min: 1, Avg: 2.5, Max: 4, Diff: 3, Sum: 5]
      [Scan RS (ms): Min: 0.1, Avg: 0.1, Max: 0.1, Diff: 0.0, Sum: 0.2]
      [Code Root Scanning (ms): Min: 0.0, Avg: 0.0, Max: 0.0, Diff: 0.0, Sum: 0.0]
      [Object Copy (ms): Min: 25.3, Avg: 25.3, Max: 25.3, Diff: 0.0, Sum: 50.6]
      [Termination (ms): Min: 0.0, Avg: 0.0, Max: 0.0, Diff: 0.0, Sum: 0.0]
         [Termination Attempts: Min: 1, Avg: 1.0, Max: 1, Diff: 0, Sum: 2]
      [GC Worker Other (ms): Min: 0.0, Avg: 0.0, Max: 0.0, Diff: 0.0, Sum: 0.0]
      [GC Worker Total (ms): Min: 26.0, Avg: 26.1, Max: 26.1, Diff: 0.0, Sum: 52.1]
      [GC Worker End (ms): Min: 636371.6, Avg: 636371.7, Max: 636371.7, Diff: 0.0]
   [Code Root Fixup: 0.0 ms]
   [Code Root Purge: 0.0 ms]
   [Clear CT: 0.1 ms]
   [Other: 0.6 ms]
      [Choose CSet: 0.0 ms]
      [Ref Proc: 0.1 ms]
      [Ref Enq: 0.0 ms]
      [Redirty Cards: 0.2 ms]
      [Humongous Register: 0.0 ms]
      [Humongous Reclaim: 0.0 ms]
      [Free CSet: 0.2 ms]
   [Eden: 250.0M(250.0M)->0.0B(247.0M) Survivors: 17408.0K->19456.0K Heap: 402.9M(472.0M)->154.9M(472.0M)]
 [Times: user=0.05 sys=0.00, real=0.02 secs] 
2024-07-06T11:34:42.770+0800: 636.936: [GC pause (G1 Evacuation Pause) (young), 0.0161177 secs]
   [Parallel Time: 15.5 ms, GC Workers: 2]
      [GC Worker Start (ms): Min: 636936.0, Avg: 636936.1, Max: 636936.1, Diff: 0.0]
      [Ext Root Scanning (ms): Min: 0.5, Avg: 0.5, Max: 0.6, Diff: 0.0, Sum: 1.1]
      [Update RS (ms): Min: 0.0, Avg: 0.0, Max: 0.0, Diff: 0.0, Sum: 0.1]
         [Processed Buffers: Min: 1, Avg: 2.5, Max: 4, Diff: 3, Sum: 5]
      [Scan RS (ms): Min: 0.1, Avg: 0.1, Max: 0.1, Diff: 0.0, Sum: 0.2]
      [Code Root Scanning (ms): Min: 0.0, Avg: 0.0, Max: 0.0, Diff: 0.0, Sum: 0.0]
      [Object Copy (ms): Min: 14.8, Avg: 14.8, Max: 14.8, Diff: 0.0, Sum: 29.6]
      [Termination (ms): Min: 0.0, Avg: 0.0, Max: 0.0, Diff: 0.0, Sum: 0.0]
         [Termination Attempts: Min: 1, Avg: 1.0, Max: 1, Diff: 0, Sum: 2]
      [GC Worker Other (ms): Min: 0.0, Avg: 0.0, Max: 0.0, Diff: 0.0, Sum: 0.0]
      [GC Worker Total (ms): Min: 15.5, Avg: 15.5, Max: 15.5, Diff: 0.0, Sum: 31.0]
      [GC Worker End (ms): Min: 636951.5, Avg: 636951.5, Max: 636951.5, Diff: 0.0]
   [Code Root Fixup: 0.0 ms]
   [Code Root Purge: 0.0 ms]
   [Clear CT: 0.1 ms]
   [Other: 0.5 ms]
      [Choose CSet: 0.0 ms]
      [Ref Proc: 0.1 ms]
      [Ref Enq: 0.0 ms]
      [Redirty Cards: 0.0 ms]
      [Humongous Register: 0.0 ms]
      [Humongous Reclaim: 0.0 ms]
      [Free CSet: 0.2 ms]
   [Eden: 247.0M(247.0M)->0.0B(252.0M) Survivors: 19456.0K->14336.0K Heap: 401.9M(472.0M)->149.9M(472.0M)]
 [Times: user=0.03 sys=0.00, real=0.01 secs] 
2024-07-06T11:34:43.251+0800: 637.417: [GC pause (G1 Evacuation Pause) (young), 0.0184961 secs]
   [Parallel Time: 17.9 ms, GC Workers: 2]
      [GC Worker Start (ms): Min: 637417.6, Avg: 637417.6, Max: 637417.6, Diff: 0.0]
      [Ext Root Scanning (ms): Min: 0.5, Avg: 0.5, Max: 0.5, Diff: 0.0, Sum: 1.1]
      [Update RS (ms): Min: 0.0, Avg: 0.0, Max: 0.0, Diff: 0.0, Sum: 0.1]
         [Processed Buffers: Min: 1, Avg: 3.0, Max: 5, Diff: 4, Sum: 6]
      [Scan RS (ms): Min: 0.1, Avg: 0.1, Max: 0.1, Diff: 0.0, Sum: 0.2]
      [Code Root Scanning (ms): Min: 0.0, Avg: 0.0, Max: 0.0, Diff: 0.0, Sum: 0.0]
      [Object Copy (ms): Min: 17.2, Avg: 17.2, Max: 17.2, Diff: 0.0, Sum: 34.4]
      [Termination (ms): Min: 0.0, Avg: 0.0, Max: 0.0, Diff: 0.0, Sum: 0.0]
         [Termination Attempts: Min: 1, Avg: 1.0, Max: 1, Diff: 0, Sum: 2]
      [GC Worker Other (ms): Min: 0.0, Avg: 0.0, Max: 0.0, Diff: 0.0, Sum: 0.0]
      [GC Worker Total (ms): Min: 17.8, Avg: 17.9, Max: 17.9, Diff: 0.0, Sum: 35.7]
      [GC Worker End (ms): Min: 637435.4, Avg: 637435.4, Max: 637435.4, Diff: 0.0]
   [Code Root Fixup: 0.0 ms]
   [Code Root Purge: 0.0 ms]
   [Clear CT: 0.1 ms]
   [Other: 0.5 ms]
      [Choose CSet: 0.0 ms]
      [Ref Proc: 0.1 ms]
      [Ref Enq: 0.0 ms]
      [Redirty Cards: 0.1 ms]
      [Humongous Register: 0.0 ms]
      [Humongous Reclaim: 0.0 ms]
      [Free CSet: 0.2 ms]
   [Eden: 252.0M(252.0M)->0.0B(249.0M) Survivors: 14336.0K->17408.0K Heap: 401.9M(472.0M)->152.9M(472.0M)]
 [Times: user=0.04 sys=0.00, real=0.02 secs] 
2024-07-06T11:34:43.771+0800: 637.937: [GC pause (G1 Evacuation Pause) (young), 0.0137565 secs]
   [Parallel Time: 13.2 ms, GC Workers: 2]
      [GC Worker Start (ms): Min: 637937.6, Avg: 637937.6, Max: 637937.6, Diff: 0.0]
      [Ext Root Scanning (ms): Min: 0.6, Avg: 0.6, Max: 0.6, Diff: 0.0, Sum: 1.2]
      [Update RS (ms): Min: 0.0, Avg: 0.0, Max: 0.0, Diff: 0.0, Sum: 0.1]
         [Processed Buffers: Min: 2, Avg: 2.5, Max: 3, Diff: 1, Sum: 5]
      [Scan RS (ms): Min: 0.1, Avg: 0.1, Max: 0.1, Diff: 0.0, Sum: 0.2]
      [Code Root Scanning (ms): Min: 0.0, Avg: 0.0, Max: 0.0, Diff: 0.0, Sum: 0.0]
      [Object Copy (ms): Min: 12.4, Avg: 12.4, Max: 12.4, Diff: 0.0, Sum: 24.8]
      [Termination (ms): Min: 0.0, Avg: 0.0, Max: 0.0, Diff: 0.0, Sum: 0.0]
         [Termination Attempts: Min: 1, Avg: 1.0, Max: 1, Diff: 0, Sum: 2]
      [GC Worker Other (ms): Min: 0.0, Avg: 0.0, Max: 0.0, Diff: 0.0, Sum: 0.0]
      [GC Worker Total (ms): Min: 13.1, Avg: 13.1, Max: 13.1, Diff: 0.0, Sum: 26.3]
      [GC Worker End (ms): Min: 637950.7, Avg: 637950.7, Max: 637950.7, Diff: 0.0]
   [Code Root Fixup: 0.0 ms]
   [Code Root Purge: 0.0 ms]
   [Clear CT: 0.1 ms]
   [Other: 0.5 ms]
      [Choose CSet: 0.0 ms]
      [Ref Proc: 0.1 ms]
      [Ref Enq: 0.0 ms]
      [Redirty Cards: 0.1 ms]
      [Humongous Register: 0.0 ms]
      [Humongous Reclaim: 0.0 ms]
      [Free CSet: 0.2 ms]
   [Eden: 249.0M(249.0M)->0.0B(256.0M) Survivors: 17408.0K->11264.0K Heap: 401.9M(472.0M)->147.4M(472.0M)]
 [Times: user=0.02 sys=0.00, real=0.01 secs] 
2024-07-06T11:34:44.231+0800: 638.397: [GC pause (G1 Evacuation Pause) (young), 0.0114974 secs]
   [Parallel Time: 11.0 ms, GC Workers: 2]
      [GC Worker Start (ms): Min: 638396.9, Avg: 638396.9, Max: 638396.9, Diff: 0.0]
      [Ext Root Scanning (ms): Min: 0.5, Avg: 0.5, Max: 0.5, Diff: 0.0, Sum: 1.0]
      [Update RS (ms): Min: 0.0, Avg: 0.0, Max: 0.0, Diff: 0.0, Sum: 0.1]
         [Processed Buffers: Min: 2, Avg: 2.5, Max: 3, Diff: 1, Sum: 5]
      [Scan RS (ms): Min: 0.1, Avg: 0.1, Max: 0.1, Diff: 0.0, Sum: 0.1]
      [Code Root Scanning (ms): Min: 0.0, Avg: 0.0, Max: 0.0, Diff: 0.0, Sum: 0.0]
      [Object Copy (ms): Min: 10.3, Avg: 10.3, Max: 10.3, Diff: 0.0, Sum: 20.5]
      [Termination (ms): Min: 0.0, Avg: 0.0, Max: 0.0, Diff: 0.0, Sum: 0.0]
         [Termination Attempts: Min: 1, Avg: 1.0, Max: 1, Diff: 0, Sum: 2]
      [GC Worker Other (ms): Min: 0.0, Avg: 0.0, Max: 0.0, Diff: 0.0, Sum: 0.0]
      [GC Worker Total (ms): Min: 10.9, Avg: 10.9, Max: 10.9, Diff: 0.0, Sum: 21.8]
      [GC Worker End (ms): Min: 638407.8, Avg: 638407.8, Max: 638407.8, Diff: 0.0]
   [Code Root Fixup: 0.0 ms]
   [Code Root Purge: 0.0 ms]
   [Clear CT: 0.1 ms]
   [Other: 0.4 ms]
      [Choose CSet: 0.0 ms]
      [Ref Proc: 0.1 ms]
      [Ref Enq: 0.0 ms]
      [Redirty Cards: 0.0 ms]
      [Humongous Register: 0.0 ms]
      [Humongous Reclaim: 0.0 ms]
      [Free CSet: 0.2 ms]
   [Eden: 256.0M(256.0M)->0.0B(259.0M) Survivors: 11264.0K->10240.0K Heap: 403.4M(472.0M)->146.4M(472.0M)]
 [Times: user=0.02 sys=0.00, real=0.01 secs] 
2024-07-06T11:34:44.731+0800: 638.897: [GC pause (G1 Evacuation Pause) (young), 0.0152101 secs]
   [Parallel Time: 14.6 ms, GC Workers: 2]
      [GC Worker Start (ms): Min: 638897.4, Avg: 638897.4, Max: 638897.4, Diff: 0.0]
      [Ext Root Scanning (ms): Min: 0.5, Avg: 0.5, Max: 0.5, Diff: 0.0, Sum: 1.1]
      [Update RS (ms): Min: 0.0, Avg: 0.0, Max: 0.0, Diff: 0.0, Sum: 0.1]
         [Processed Buffers: Min: 2, Avg: 2.5, Max: 3, Diff: 1, Sum: 5]
      [Scan RS (ms): Min: 0.1, Avg: 0.1, Max: 0.1, Diff: 0.0, Sum: 0.2]
      [Code Root Scanning (ms): Min: 0.0, Avg: 0.0, Max: 0.0, Diff: 0.0, Sum: 0.0]
      [Object Copy (ms): Min: 13.9, Avg: 13.9, Max: 13.9, Diff: 0.0, Sum: 27.9]
      [Termination (ms): Min: 0.0, Avg: 0.0, Max: 0.0, Diff: 0.0, Sum: 0.0]
         [Termination Attempts: Min: 1, Avg: 1.0, Max: 1, Diff: 0, Sum: 2]
      [GC Worker Other (ms): Min: 0.0, Avg: 0.0, Max: 0.0, Diff: 0.0, Sum: 0.0]
      [GC Worker Total (ms): Min: 14.6, Avg: 14.6, Max: 14.6, Diff: 0.0, Sum: 29.2]
      [GC Worker End (ms): Min: 638912.0, Avg: 638912.0, Max: 638912.0, Diff: 0.0]
   [Code Root Fixup: 0.0 ms]
   [Code Root Purge: 0.0 ms]
   [Clear CT: 0.1 ms]
   [Other: 0.4 ms]
      [Choose CSet: 0.0 ms]
      [Ref Proc: 0.1 ms]
      [Ref Enq: 0.0 ms]
      [Redirty Cards: 0.0 ms]
      [Humongous Register: 0.0 ms]
      [Humongous Reclaim: 0.0 ms]
      [Free CSet: 0.2 ms]
   [Eden: 259.0M(259.0M)->0.0B(256.0M) Survivors: 10240.0K->13312.0K Heap: 405.4M(472.0M)->149.4M(472.0M)]
 [Times: user=0.03 sys=0.00, real=0.01 secs] 
2024-07-06T11:34:45.243+0800: 639.409: [GC pause (G1 Evacuation Pause) (young), 0.0155632 secs]
   [Parallel Time: 14.9 ms, GC Workers: 2]
      [GC Worker Start (ms): Min: 639409.6, Avg: 639409.6, Max: 639409.6, Diff: 0.0]
      [Ext Root Scanning (ms): Min: 0.6, Avg: 0.6, Max: 0.6, Diff: 0.0, Sum: 1.3]
      [Update RS (ms): Min: 0.0, Avg: 0.0, Max: 0.0, Diff: 0.0, Sum: 0.1]
         [Processed Buffers: Min: 1, Avg: 2.5, Max: 4, Diff: 3, Sum: 5]
      [Scan RS (ms): Min: 0.1, Avg: 0.1, Max: 0.1, Diff: 0.0, Sum: 0.2]
      [Code Root Scanning (ms): Min: 0.0, Avg: 0.0, Max: 0.0, Diff: 0.0, Sum: 0.0]
      [Object Copy (ms): Min: 14.1, Avg: 14.1, Max: 14.1, Diff: 0.0, Sum: 28.3]
      [Termination (ms): Min: 0.0, Avg: 0.0, Max: 0.0, Diff: 0.0, Sum: 0.0]
         [Termination Attempts: Min: 1, Avg: 1.5, Max: 2, Diff: 1, Sum: 3]
      [GC Worker Other (ms): Min: 0.0, Avg: 0.0, Max: 0.0, Diff: 0.0, Sum: 0.0]
      [GC Worker Total (ms): Min: 14.9, Avg: 14.9, Max: 14.9, Diff: 0.0, Sum: 29.8]
      [GC Worker End (ms): Min: 639424.5, Avg: 639424.5, Max: 639424.5, Diff: 0.0]
   [Code Root Fixup: 0.0 ms]
   [Code Root Purge: 0.0 ms]
   [Clear CT: 0.1 ms]
   [Other: 0.5 ms]
      [Choose CSet: 0.0 ms]
      [Ref Proc: 0.1 ms]
      [Ref Enq: 0.0 ms]
      [Redirty Cards: 0.1 ms]
      [Humongous Register: 0.0 ms]
      [Humongous Reclaim: 0.0 ms]
      [Free CSet: 0.2 ms]
   [Eden: 256.0M(256.0M)->0.0B(258.0M) Survivors: 13312.0K->11264.0K Heap: 405.4M(472.0M)->147.4M(472.0M)]
 [Times: user=0.03 sys=0.00, real=0.02 secs] 
2024-07-06T11:34:45.756+0800: 639.922: [GC pause (G1 Evacuation Pause) (young), 0.0174160 secs]
   [Parallel Time: 16.9 ms, GC Workers: 2]
      [GC Worker Start (ms): Min: 639922.4, Avg: 639922.4, Max: 639922.4, Diff: 0.0]
      [Ext Root Scanning (ms): Min: 0.6, Avg: 0.6, Max: 0.6, Diff: 0.0, Sum: 1.1]
      [Update RS (ms): Min: 0.0, Avg: 0.0, Max: 0.0, Diff: 0.0, Sum: 0.1]
         [Processed Buffers: Min: 2, Avg: 2.5, Max: 3, Diff: 1, Sum: 5]
      [Scan RS (ms): Min: 0.1, Avg: 0.1, Max: 0.1, Diff: 0.0, Sum: 0.2]
      [Code Root Scanning (ms): Min: 0.0, Avg: 0.0, Max: 0.0, Diff: 0.0, Sum: 0.0]
      [Object Copy (ms): Min: 16.1, Avg: 16.1, Max: 16.1, Diff: 0.0, Sum: 32.2]
      [Termination (ms): Min: 0.0, Avg: 0.0, Max: 0.0, Diff: 0.0, Sum: 0.0]
         [Termination Attempts: Min: 1, Avg: 1.0, Max: 1, Diff: 0, Sum: 2]
      [GC Worker Other (ms): Min: 0.0, Avg: 0.0, Max: 0.0, Diff: 0.0, Sum: 0.1]
      [GC Worker Total (ms): Min: 16.8, Avg: 16.8, Max: 16.8, Diff: 0.0, Sum: 33.7]
      [GC Worker End (ms): Min: 639939.3, Avg: 639939.3, Max: 639939.3, Diff: 0.0]
   [Code Root Fixup: 0.0 ms]
   [Code Root Purge: 0.0 ms]
   [Clear CT: 0.1 ms]
   [Other: 0.4 ms]
      [Choose CSet: 0.0 ms]
      [Ref Proc: 0.1 ms]
      [Ref Enq: 0.0 ms]
      [Redirty Cards: 0.0 ms]
      [Humongous Register: 0.0 ms]
      [Humongous Reclaim: 0.0 ms]
      [Free CSet: 0.1 ms]
   [Eden: 258.0M(258.0M)->0.0B(253.0M) Survivors: 11264.0K->15360.0K Heap: 405.4M(472.0M)->150.9M(472.0M)]
 [Times: user=0.04 sys=0.00, real=0.01 secs] 
2024-07-06T11:34:46.215+0800: 640.381: [GC pause (G1 Evacuation Pause) (young), 0.0136760 secs]
   [Parallel Time: 13.2 ms, GC Workers: 2]
      [GC Worker Start (ms): Min: 640381.2, Avg: 640381.2, Max: 640381.2, Diff: 0.0]
      [Ext Root Scanning (ms): Min: 0.5, Avg: 0.5, Max: 0.5, Diff: 0.0, Sum: 1.0]
      [Update RS (ms): Min: 0.0, Avg: 0.0, Max: 0.0, Diff: 0.0, Sum: 0.1]
         [Processed Buffers: Min: 2, Avg: 2.5, Max: 3, Diff: 1, Sum: 5]
      [Scan RS (ms): Min: 0.1, Avg: 0.1, Max: 0.1, Diff: 0.0, Sum: 0.1]
      [Code Root Scanning (ms): Min: 0.0, Avg: 0.0, Max: 0.0, Diff: 0.0, Sum: 0.0]
      [Object Copy (ms): Min: 12.5, Avg: 12.5, Max: 12.5, Diff: 0.0, Sum: 25.1]
      [Termination (ms): Min: 0.0, Avg: 0.0, Max: 0.0, Diff: 0.0, Sum: 0.0]
         [Termination Attempts: Min: 1, Avg: 1.0, Max: 1, Diff: 0, Sum: 2]
      [GC Worker Other (ms): Min: 0.0, Avg: 0.0, Max: 0.0, Diff: 0.0, Sum: 0.0]
      [GC Worker Total (ms): Min: 13.1, Avg: 13.1, Max: 13.2, Diff: 0.0, Sum: 26.3]
      [GC Worker End (ms): Min: 640394.3, Avg: 640394.3, Max: 640394.3, Diff: 0.0]
   [Code Root Fixup: 0.0 ms]
   [Code Root Purge: 0.0 ms]
   [Clear CT: 0.1 ms]
   [Other: 0.4 ms]
      [Choose CSet: 0.0 ms]
      [Ref Proc: 0.1 ms]
      [Ref Enq: 0.0 ms]
      [Redirty Cards: 0.0 ms]
      [Humongous Register: 0.0 ms]
      [Humongous Reclaim: 0.0 ms]
      [Free CSet: 0.1 ms]
   [Eden: 253.0M(253.0M)->0.0B(257.0M) Survivors: 15360.0K->12288.0K Heap: 403.9M(472.0M)->148.4M(472.0M)]
 [Times: user=0.03 sys=0.00, real=0.02 secs] 
2024-07-06T11:34:46.695+0800: 640.861: [GC pause (G1 Evacuation Pause) (young), 0.0147316 secs]
   [Parallel Time: 14.2 ms, GC Workers: 2]
      [GC Worker Start (ms): Min: 640861.5, Avg: 640861.6, Max: 640861.6, Diff: 0.0]
      [Ext Root Scanning (ms): Min: 0.6, Avg: 0.6, Max: 0.6, Diff: 0.0, Sum: 1.1]
      [Update RS (ms): Min: 0.0, Avg: 0.0, Max: 0.0, Diff: 0.0, Sum: 0.1]
         [Processed Buffers: Min: 1, Avg: 2.5, Max: 4, Diff: 3, Sum: 5]
      [Scan RS (ms): Min: 0.1, Avg: 0.1, Max: 0.1, Diff: 0.0, Sum: 0.1]
      [Code Root Scanning (ms): Min: 0.0, Avg: 0.0, Max: 0.0, Diff: 0.0, Sum: 0.0]
      [Object Copy (ms): Min: 13.4, Avg: 13.5, Max: 13.5, Diff: 0.0, Sum: 26.9]
      [Termination (ms): Min: 0.0, Avg: 0.0, Max: 0.0, Diff: 0.0, Sum: 0.0]
         [Termination Attempts: Min: 1, Avg: 1.0, Max: 1, Diff: 0, Sum: 2]
      [GC Worker Other (ms): Min: 0.0, Avg: 0.0, Max: 0.0, Diff: 0.0, Sum: 0.0]
      [GC Worker Total (ms): Min: 14.1, Avg: 14.1, Max: 14.1, Diff: 0.0, Sum: 28.3]
      [GC Worker End (ms): Min: 640875.7, Avg: 640875.7, Max: 640875.7, Diff: 0.0]
   [Code Root Fixup: 0.0 ms]
   [Code Root Purge: 0.0 ms]
   [Clear CT: 0.1 ms]
   [Other: 0.4 ms]
      [Choose CSet: 0.0 ms]
      [Ref Proc: 0.1 ms]
      [Ref Enq: 0.0 ms]
      [Redirty Cards: 0.1 ms]
      [Humongous Register: 0.0 ms]
      [Humongous Reclaim: 0.0 ms]
      [Free CSet: 0.1 ms]
   [Eden: 257.0M(257.0M)->0.0B(255.0M) Survivors: 12288.0K->13312.0K Heap: 405.4M(472.0M)->149.4M(472.0M)]
 [Times: user=0.02 sys=0.00, real=0.01 secs] 
2024-07-06T11:34:47.179+0800: 641.345: [GC pause (G1 Evacuation Pause) (young), 0.0172176 secs]
   [Parallel Time: 16.7 ms, GC Workers: 2]
      [GC Worker Start (ms): Min: 641345.6, Avg: 641345.6, Max: 641345.6, Diff: 0.0]
      [Ext Root Scanning (ms): Min: 0.5, Avg: 0.5, Max: 0.5, Diff: 0.0, Sum: 1.0]
      [Update RS (ms): Min: 0.0, Avg: 0.0, Max: 0.0, Diff: 0.0, Sum: 0.1]
         [Processed Buffers: Min: 2, Avg: 2.5, Max: 3, Diff: 1, Sum: 5]
      [Scan RS (ms): Min: 0.1, Avg: 0.1, Max: 0.1, Diff: 0.0, Sum: 0.2]
      [Code Root Scanning (ms): Min: 0.0, Avg: 0.0, Max: 0.0, Diff: 0.0, Sum: 0.0]
      [Object Copy (ms): Min: 16.0, Avg: 16.0, Max: 16.0, Diff: 0.0, Sum: 32.0]
      [Termination (ms): Min: 0.0, Avg: 0.0, Max: 0.0, Diff: 0.0, Sum: 0.0]
         [Termination Attempts: Min: 1, Avg: 1.0, Max: 1, Diff: 0, Sum: 2]
      [GC Worker Other (ms): Min: 0.0, Avg: 0.0, Max: 0.0, Diff: 0.0, Sum: 0.0]
      [GC Worker Total (ms): Min: 16.6, Avg: 16.6, Max: 16.6, Diff: 0.0, Sum: 33.2]
      [GC Worker End (ms): Min: 641362.2, Avg: 641362.2, Max: 641362.2, Diff: 0.0]
   [Code Root Fixup: 0.0 ms]
   [Code Root Purge: 0.0 ms]
   [Clear CT: 0.1 ms]
   [Other: 0.4 ms]
      [Choose CSet: 0.0 ms]
      [Ref Proc: 0.1 ms]
      [Ref Enq: 0.0 ms]
      [Redirty Cards: 0.1 ms]
      [Humongous Register: 0.0 ms]
      [Humongous Reclaim: 0.0 ms]
      [Free CSet: 0.1 ms]
   [Eden: 255.0M(255.0M)->0.0B(254.0M) Survivors: 13312.0K->14336.0K Heap: 404.4M(472.0M)->149.9M(472.0M)]
 [Times: user=0.04 sys=0.00, real=0.02 secs] 
2024-07-06T11:34:47.658+0800: 641.825: [GC pause (G1 Evacuation Pause) (young), 0.0178917 secs]
   [Parallel Time: 17.4 ms, GC Workers: 2]
      [GC Worker Start (ms): Min: 641824.6, Avg: 641824.6, Max: 641824.6, Diff: 0.0]
      [Ext Root Scanning (ms): Min: 0.6, Avg: 0.6, Max: 0.6, Diff: 0.0, Sum: 1.1]
      [Update RS (ms): Min: 0.0, Avg: 0.0, Max: 0.0, Diff: 0.0, Sum: 0.1]
         [Processed Buffers: Min: 2, Avg: 2.5, Max: 3, Diff: 1, Sum: 5]
      [Scan RS (ms): Min: 0.1, Avg: 0.1, Max: 0.1, Diff: 0.0, Sum: 0.2]
      [Code Root Scanning (ms): Min: 0.0, Avg: 0.0, Max: 0.0, Diff: 0.0, Sum: 0.0]
      [Object Copy (ms): Min: 16.6, Avg: 16.6, Max: 16.6, Diff: 0.0, Sum: 33.1]
      [Termination (ms): Min: 0.0, Avg: 0.0, Max: 0.0, Diff: 0.0, Sum: 0.0]
         [Termination Attempts: Min: 1, Avg: 1.0, Max: 1, Diff: 0, Sum: 2]
      [GC Worker Other (ms): Min: 0.0, Avg: 0.0, Max: 0.0, Diff: 0.0, Sum: 0.0]
      [GC Worker Total (ms): Min: 17.3, Avg: 17.3, Max: 17.3, Diff: 0.0, Sum: 34.6]
      [GC Worker End (ms): Min: 641841.9, Avg: 641841.9, Max: 641841.9, Diff: 0.0]
   [Code Root Fixup: 0.0 ms]
   [Code Root Purge: 0.0 ms]
   [Clear CT: 0.1 ms]
   [Other: 0.4 ms]
      [Choose CSet: 0.0 ms]
      [Ref Proc: 0.1 ms]
      [Ref Enq: 0.0 ms]
      [Redirty Cards: 0.0 ms]
      [Humongous Register: 0.0 ms]
      [Humongous Reclaim: 0.0 ms]
      [Free CSet: 0.1 ms]
   [Eden: 254.0M(254.0M)->0.0B(253.0M) Survivors: 14336.0K->15360.0K Heap: 403.9M(472.0M)->151.4M(472.0M)]
 [Times: user=0.04 sys=0.00, real=0.02 secs] 
2024-07-06T11:34:48.106+0800: 642.272: [GC pause (G1 Evacuation Pause) (young), 0.0189389 secs]
   [Parallel Time: 18.4 ms, GC Workers: 2]
      [GC Worker Start (ms): Min: 642272.1, Avg: 642272.1, Max: 642272.1, Diff: 0.0]
      [Ext Root Scanning (ms): Min: 0.5, Avg: 0.5, Max: 0.5, Diff: 0.0, Sum: 1.1]
      [Update RS (ms): Min: 0.0, Avg: 0.0, Max: 0.0, Diff: 0.0, Sum: 0.1]
         [Processed Buffers: Min: 0, Avg: 2.5, Max: 5, Diff: 5, Sum: 5]
      [Scan RS (ms): Min: 0.1, Avg: 0.1, Max: 0.1, Diff: 0.0, Sum: 0.2]
      [Code Root Scanning (ms): Min: 0.0, Avg: 0.0, Max: 0.0, Diff: 0.0, Sum: 0.0]
      [Object Copy (ms): Min: 17.6, Avg: 17.6, Max: 17.7, Diff: 0.0, Sum: 35.3]
      [Termination (ms): Min: 0.0, Avg: 0.0, Max: 0.0, Diff: 0.0, Sum: 0.0]
         [Termination Attempts: Min: 1, Avg: 1.0, Max: 1, Diff: 0, Sum: 2]
      [GC Worker Other (ms): Min: 0.0, Avg: 0.0, Max: 0.0, Diff: 0.0, Sum: 0.0]
      [GC Worker Total (ms): Min: 18.3, Avg: 18.3, Max: 18.3, Diff: 0.0, Sum: 36.6]
      [GC Worker End (ms): Min: 642290.4, Avg: 642290.4, Max: 642290.4, Diff: 0.0]
   [Code Root Fixup: 0.0 ms]
   [Code Root Purge: 0.0 ms]
   [Clear CT: 0.1 ms]
   [Other: 0.4 ms]
      [Choose CSet: 0.0 ms]
      [Ref Proc: 0.1 ms]
      [Ref Enq: 0.0 ms]
      [Redirty Cards: 0.0 ms]
      [Humongous Register: 0.0 ms]
      [Humongous Reclaim: 0.0 ms]
      [Free CSet: 0.1 ms]
   [Eden: 253.0M(253.0M)->0.0B(250.0M) Survivors: 15360.0K->17408.0K Heap: 404.4M(472.0M)->153.4M(472.0M)]
 [Times: user=0.03 sys=0.00, real=0.02 secs] 
2024-07-06T11:34:48.519+0800: 642.685: [GC pause (G1 Evacuation Pause) (young), 0.0171155 secs]
   [Parallel Time: 16.5 ms, GC Workers: 2]
      [GC Worker Start (ms): Min: 642685.1, Avg: 642685.1, Max: 642685.1, Diff: 0.0]
      [Ext Root Scanning (ms): Min: 0.5, Avg: 0.5, Max: 0.5, Diff: 0.0, Sum: 1.0]
      [Update RS (ms): Min: 0.0, Avg: 0.0, Max: 0.0, Diff: 0.0, Sum: 0.1]
         [Processed Buffers: Min: 2, Avg: 2.5, Max: 3, Diff: 1, Sum: 5]
      [Scan RS (ms): Min: 0.1, Avg: 0.1, Max: 0.1, Diff: 0.0, Sum: 0.2]
      [Code Root Scanning (ms): Min: 0.0, Avg: 0.0, Max: 0.0, Diff: 0.0, Sum: 0.0]
      [Object Copy (ms): Min: 15.8, Avg: 15.8, Max: 15.8, Diff: 0.0, Sum: 31.7]
      [Termination (ms): Min: 0.0, Avg: 0.0, Max: 0.0, Diff: 0.0, Sum: 0.0]
         [Termination Attempts: Min: 1, Avg: 1.0, Max: 1, Diff: 0, Sum: 2]
      [GC Worker Other (ms): Min: 0.0, Avg: 0.0, Max: 0.0, Diff: 0.0, Sum: 0.0]
      [GC Worker Total (ms): Min: 16.5, Avg: 16.5, Max: 16.5, Diff: 0.0, Sum: 32.9]
      [GC Worker End (ms): Min: 642701.6, Avg: 642701.6, Max: 642701.6, Diff: 0.0]
   [Code Root Fixup: 0.0 ms]
   [Code Root Purge: 0.0 ms]
   [Clear CT: 0.1 ms]
   [Other: 0.5 ms]
      [Choose CSet: 0.0 ms]
      [Ref Proc: 0.1 ms]
      [Ref Enq: 0.0 ms]
      [Redirty Cards: 0.1 ms]
      [Humongous Register: 0.0 ms]
      [Humongous Reclaim: 0.0 ms]
      [Free CSet: 0.2 ms]
   [Eden: 250.0M(250.0M)->0.0B(250.0M) Survivors: 17408.0K->16384.0K Heap: 403.4M(472.0M)->152.4M(472.0M)]
 [Times: user=0.04 sys=0.00, real=0.02 secs] 
2024-07-06T11:34:48.967+0800: 643.133: [GC pause (G1 Evacuation Pause) (young), 0.0148460 secs]
   [Parallel Time: 14.3 ms, GC Workers: 2]
      [GC Worker Start (ms): Min: 643132.9, Avg: 643133.0, Max: 643133.0, Diff: 0.1]
      [Ext Root Scanning (ms): Min: 0.5, Avg: 0.5, Max: 0.6, Diff: 0.1, Sum: 1.1]
      [Update RS (ms): Min: 0.0, Avg: 0.0, Max: 0.0, Diff: 0.0, Sum: 0.1]
         [Processed Buffers: Min: 1, Avg: 2.5, Max: 4, Diff: 3, Sum: 5]
      [Scan RS (ms): Min: 0.1, Avg: 0.1, Max: 0.1, Diff: 0.0, Sum: 0.2]
      [Code Root Scanning (ms): Min: 0.0, Avg: 0.0, Max: 0.0, Diff: 0.0, Sum: 0.0]
      [Object Copy (ms): Min: 13.5, Avg: 13.5, Max: 13.5, Diff: 0.0, Sum: 27.0]
      [Termination (ms): Min: 0.0, Avg: 0.0, Max: 0.0, Diff: 0.0, Sum: 0.0]
         [Termination Attempts: Min: 1, Avg: 1.0, Max: 1, Diff: 0, Sum: 2]
      [GC Worker Other (ms): Min: 0.0, Avg: 0.0, Max: 0.0, Diff: 0.0, Sum: 0.0]
      [GC Worker Total (ms): Min: 14.1, Avg: 14.2, Max: 14.2, Diff: 0.1, Sum: 28.3]
      [GC Worker End (ms): Min: 643147.1, Avg: 643147.1, Max: 643147.1, Diff: 0.0]
   [Code Root Fixup: 0.0 ms]
   [Code Root Purge: 0.0 ms]
   [Clear CT: 0.1 ms]
   [Other: 0.5 ms]
      [Choose CSet: 0.0 ms]
      [Ref Proc: 0.1 ms]
      [Ref Enq: 0.0 ms]
      [Redirty Cards: 0.1 ms]
      [Humongous Register: 0.0 ms]
      [Humongous Reclaim: 0.0 ms]
      [Free CSet: 0.2 ms]
   [Eden: 250.0M(250.0M)->0.0B(253.0M) Survivors: 16384.0K->14336.0K Heap: 402.4M(472.0M)->149.9M(472.0M)]
 [Times: user=0.03 sys=0.00, real=0.02 secs] 
2024-07-06T11:34:49.435+0800: 643.601: [GC pause (G1 Evacuation Pause) (young), 0.0120647 secs]
   [Parallel Time: 11.5 ms, GC Workers: 2]
      [GC Worker Start (ms): Min: 643601.5, Avg: 643603.5, Max: 643605.4, Diff: 3.8]
      [Ext Root Scanning (ms): Min: 0.0, Avg: 0.4, Max: 0.8, Diff: 0.8, Sum: 0.8]
      [Update RS (ms): Min: 0.0, Avg: 0.0, Max: 0.0, Diff: 0.0, Sum: 0.0]
         [Processed Buffers: Min: 0, Avg: 2.5, Max: 5, Diff: 5, Sum: 5]
      [Scan RS (ms): Min: 0.0, Avg: 0.1, Max: 0.1, Diff: 0.1, Sum: 0.2]
      [Code Root Scanning (ms): Min: 0.0, Avg: 0.0, Max: 0.0, Diff: 0.0, Sum: 0.0]
      [Object Copy (ms): Min: 7.6, Avg: 9.0, Max: 10.5, Diff: 2.9, Sum: 18.1]
      [Termination (ms): Min: 0.0, Avg: 0.0, Max: 0.0, Diff: 0.0, Sum: 0.0]
         [Termination Attempts: Min: 1, Avg: 1.5, Max: 2, Diff: 1, Sum: 3]
      [GC Worker Other (ms): Min: 0.0, Avg: 0.0, Max: 0.0, Diff: 0.0, Sum: 0.0]
      [GC Worker Total (ms): Min: 7.6, Avg: 9.5, Max: 11.5, Diff: 3.8, Sum: 19.1]
      [GC Worker End (ms): Min: 643613.0, Avg: 643613.0, Max: 643613.0, Diff: 0.0]
   [Code Root Fixup: 0.0 ms]
   [Code Root Purge: 0.0 ms]
   [Clear CT: 0.1 ms]
   [Other: 0.4 ms]
      [Choose CSet: 0.0 ms]
      [Ref Proc: 0.1 ms]
      [Ref Enq: 0.0 ms]
      [Redirty Cards: 0.1 ms]
      [Humongous Register: 0.0 ms]
      [Humongous Reclaim: 0.0 ms]
      [Free CSet: 0.1 ms]
   [Eden: 253.0M(253.0M)->0.0B(258.0M) Survivors: 14336.0K->10240.0K Heap: 402.9M(472.0M)->145.9M(472.0M)]
 [Times: user=0.02 sys=0.00, real=0.01 secs] 
2024-07-06T11:34:49.828+0800: 643.995: [GC pause (G1 Evacuation Pause) (young), 0.0145935 secs]
   [Parallel Time: 14.1 ms, GC Workers: 2]
      [GC Worker Start (ms): Min: 643994.8, Avg: 643994.8, Max: 643994.8, Diff: 0.0]
      [Ext Root Scanning (ms): Min: 0.5, Avg: 0.5, Max: 0.5, Diff: 0.0, Sum: 1.1]
      [Update RS (ms): Min: 0.0, Avg: 0.0, Max: 0.0, Diff: 0.0, Sum: 0.1]
         [Processed Buffers: Min: 1, Avg: 3.0, Max: 5, Diff: 4, Sum: 6]
      [Scan RS (ms): Min: 0.1, Avg: 0.1, Max: 0.1, Diff: 0.0, Sum: 0.2]
      [Code Root Scanning (ms): Min: 0.0, Avg: 0.0, Max: 0.0, Diff: 0.0, Sum: 0.0]
      [Object Copy (ms): Min: 13.3, Avg: 13.3, Max: 13.3, Diff: 0.0, Sum: 26.7]
      [Termination (ms): Min: 0.0, Avg: 0.0, Max: 0.0, Diff: 0.0, Sum: 0.0]
         [Termination Attempts: Min: 1, Avg: 1.5, Max: 2, Diff: 1, Sum: 3]
      [GC Worker Other (ms): Min: 0.0, Avg: 0.0, Max: 0.0, Diff: 0.0, Sum: 0.0]
      [GC Worker Total (ms): Min: 14.0, Avg: 14.0, Max: 14.0, Diff: 0.0, Sum: 28.0]
      [GC Worker End (ms): Min: 644008.8, Avg: 644008.8, Max: 644008.8, Diff: 0.0]
   [Code Root Fixup: 0.0 ms]
   [Code Root Purge: 0.0 ms]
   [Clear CT: 0.1 ms]
   [Other: 0.4 ms]
      [Choose CSet: 0.0 ms]
      [Ref Proc: 0.1 ms]
      [Ref Enq: 0.0 ms]
      [Redirty Cards: 0.0 ms]
      [Humongous Register: 0.0 ms]
      [Humongous Reclaim: 0.0 ms]
      [Free CSet: 0.1 ms]
   [Eden: 258.0M(258.0M)->0.0B(253.0M) Survivors: 10240.0K->15360.0K Heap: 403.9M(472.0M)->151.4M(472.0M)]
 [Times: user=0.03 sys=0.00, real=0.01 secs] 
2024-07-06T11:34:50.259+0800: 644.425: [GC pause (G1 Evacuation Pause) (young), 0.0191420 secs]
   [Parallel Time: 18.5 ms, GC Workers: 2]
      [GC Worker Start (ms): Min: 644425.5, Avg: 644425.6, Max: 644425.6, Diff: 0.0]
      [Ext Root Scanning (ms): Min: 0.5, Avg: 0.5, Max: 0.5, Diff: 0.0, Sum: 1.1]
      [Update RS (ms): Min: 0.0, Avg: 0.0, Max: 0.0, Diff: 0.0, Sum: 0.1]
         [Processed Buffers: Min: 1, Avg: 2.5, Max: 4, Diff: 3, Sum: 5]
      [Scan RS (ms): Min: 0.1, Avg: 0.1, Max: 0.1, Diff: 0.0, Sum: 0.2]
      [Code Root Scanning (ms): Min: 0.0, Avg: 0.0, Max: 0.0, Diff: 0.0, Sum: 0.0]
      [Object Copy (ms): Min: 17.8, Avg: 17.8, Max: 17.8, Diff: 0.0, Sum: 35.5]
      [Termination (ms): Min: 0.0, Avg: 0.0, Max: 0.0, Diff: 0.0, Sum: 0.0]
         [Termination Attempts: Min: 1, Avg: 1.0, Max: 1, Diff: 0, Sum: 2]
      [GC Worker Other (ms): Min: 0.0, Avg: 0.0, Max: 0.0, Diff: 0.0, Sum: 0.0]
      [GC Worker Total (ms): Min: 18.4, Avg: 18.4, Max: 18.4, Diff: 0.0, Sum: 36.8]
      [GC Worker End (ms): Min: 644444.0, Avg: 644444.0, Max: 644444.0, Diff: 0.0]
   [Code Root Fixup: 0.0 ms]
   [Code Root Purge: 0.0 ms]
   [Clear CT: 0.1 ms]
   [Other: 0.5 ms]
      [Choose CSet: 0.0 ms]
      [Ref Proc: 0.2 ms]
      [Ref Enq: 0.0 ms]
      [Redirty Cards: 0.0 ms]
      [Humongous Register: 0.0 ms]
      [Humongous Reclaim: 0.0 ms]
      [Free CSet: 0.1 ms]
   [Eden: 253.0M(253.0M)->0.0B(249.0M) Survivors: 15360.0K->18432.0K Heap: 404.4M(472.0M)->153.9M(472.0M)]
 [Times: user=0.03 sys=0.00, real=0.02 secs] 
2024-07-06T11:34:50.719+0800: 644.885: [GC pause (G1 Evacuation Pause) (young), 0.0165579 secs]
   [Parallel Time: 15.7 ms, GC Workers: 2]
      [GC Worker Start (ms): Min: 644885.5, Avg: 644885.5, Max: 644885.5, Diff: 0.0]
      [Ext Root Scanning (ms): Min: 0.5, Avg: 0.5, Max: 0.5, Diff: 0.0, Sum: 1.0]
      [Update RS (ms): Min: 0.0, Avg: 0.0, Max: 0.0, Diff: 0.0, Sum: 0.1]
         [Processed Buffers: Min: 2, Avg: 2.5, Max: 3, Diff: 1, Sum: 5]
      [Scan RS (ms): Min: 0.1, Avg: 0.1, Max: 0.1, Diff: 0.0, Sum: 0.1]
      [Code Root Scanning (ms): Min: 0.0, Avg: 0.0, Max: 0.0, Diff: 0.0, Sum: 0.0]
      [Object Copy (ms): Min: 15.0, Avg: 15.0, Max: 15.0, Diff: 0.0, Sum: 30.0]
      [Termination (ms): Min: 0.0, Avg: 0.0, Max: 0.0, Diff: 0.0, Sum: 0.0]
         [Termination Attempts: Min: 1, Avg: 1.0, Max: 1, Diff: 0, Sum: 2]
      [GC Worker Other (ms): Min: 0.0, Avg: 0.0, Max: 0.0, Diff: 0.0, Sum: 0.0]
      [GC Worker Total (ms): Min: 15.6, Avg: 15.6, Max: 15.6, Diff: 0.0, Sum: 31.3]
      [GC Worker End (ms): Min: 644901.1, Avg: 644901.1, Max: 644901.1, Diff: 0.0]
   [Code Root Fixup: 0.0 ms]
   [Code Root Purge: 0.0 ms]
   [Clear CT: 0.2 ms]
   [Other: 0.7 ms]
      [Choose CSet: 0.0 ms]
      [Ref Proc: 0.4 ms]
      [Ref Enq: 0.0 ms]
      [Redirty Cards: 0.1 ms]
      [Humongous Register: 0.0 ms]
      [Humongous Reclaim: 0.0 ms]
      [Free CSet: 0.1 ms]
   [Eden: 249.0M(249.0M)->0.0B(252.0M) Survivors: 18432.0K->15360.0K Heap: 402.9M(472.0M)->150.9M(472.0M)]
 [Times: user=0.03 sys=0.00, real=0.02 secs] 
2024-07-06T11:34:51.208+0800: 645.374: [GC pause (G1 Evacuation Pause) (young), 0.0140975 secs]
   [Parallel Time: 13.5 ms, GC Workers: 2]
      [GC Worker Start (ms): Min: 645374.3, Avg: 645374.3, Max: 645374.4, Diff: 0.0]
      [Ext Root Scanning (ms): Min: 0.5, Avg: 0.5, Max: 0.5, Diff: 0.0, Sum: 1.0]
      [Update RS (ms): Min: 0.0, Avg: 0.0, Max: 0.0, Diff: 0.0, Sum: 0.1]
         [Processed Buffers: Min: 2, Avg: 2.5, Max: 3, Diff: 1, Sum: 5]
      [Scan RS (ms): Min: 0.1, Avg: 0.1, Max: 0.1, Diff: 0.0, Sum: 0.2]
      [Code Root Scanning (ms): Min: 0.0, Avg: 0.0, Max: 0.0, Diff: 0.0, Sum: 0.0]
      [Object Copy (ms): Min: 12.8, Avg: 12.8, Max: 12.8, Diff: 0.0, Sum: 25.5]
      [Termination (ms): Min: 0.0, Avg: 0.0, Max: 0.0, Diff: 0.0, Sum: 0.0]
         [Termination Attempts: Min: 1, Avg: 1.0, Max: 1, Diff: 0, Sum: 2]
      [GC Worker Other (ms): Min: 0.0, Avg: 0.0, Max: 0.0, Diff: 0.0, Sum: 0.0]
      [GC Worker Total (ms): Min: 13.4, Avg: 13.4, Max: 13.4, Diff: 0.0, Sum: 26.8]
      [GC Worker End (ms): Min: 645387.8, Avg: 645387.8, Max: 645387.8, Diff: 0.0]
   [Code Root Fixup: 0.0 ms]
   [Code Root Purge: 0.0 ms]
   [Clear CT: 0.1 ms]
   [Other: 0.5 ms]
      [Choose CSet: 0.0 ms]
      [Ref Proc: 0.2 ms]
      [Ref Enq: 0.0 ms]
      [Redirty Cards: 0.0 ms]
      [Humongous Register: 0.0 ms]
      [Humongous Reclaim: 0.0 ms]
      [Free CSet: 0.1 ms]
   [Eden: 252.0M(252.0M)->0.0B(255.0M) Survivors: 15360.0K->13312.0K Heap: 402.9M(472.0M)->148.9M(472.0M)]
 [Times: user=0.03 sys=0.00, real=0.01 secs] 
2024-07-06T11:34:51.646+0800: 645.812: [GC pause (G1 Evacuation Pause) (young), 0.0152326 secs]
   [Parallel Time: 14.6 ms, GC Workers: 2]
      [GC Worker Start (ms): Min: 645811.9, Avg: 645811.9, Max: 645811.9, Diff: 0.0]
      [Ext Root Scanning (ms): Min: 0.5, Avg: 0.6, Max: 0.6, Diff: 0.0, Sum: 1.1]
      [Update RS (ms): Min: 0.0, Avg: 0.0, Max: 0.0, Diff: 0.0, Sum: 0.0]
         [Processed Buffers: Min: 1, Avg: 2.5, Max: 4, Diff: 3, Sum: 5]
      [Scan RS (ms): Min: 0.1, Avg: 0.1, Max: 0.1, Diff: 0.0, Sum: 0.1]
      [Code Root Scanning (ms): Min: 0.0, Avg: 0.0, Max: 0.0, Diff: 0.0, Sum: 0.0]
      [Object Copy (ms): Min: 13.9, Avg: 13.9, Max: 13.9, Diff: 0.0, Sum: 27.8]
      [Termination (ms): Min: 0.0, Avg: 0.0, Max: 0.0, Diff: 0.0, Sum: 0.0]
         [Termination Attempts: Min: 1, Avg: 1.0, Max: 1, Diff: 0, Sum: 2]
      [GC Worker Other (ms): Min: 0.0, Avg: 0.0, Max: 0.0, Diff: 0.0, Sum: 0.0]
      [GC Worker Total (ms): Min: 14.6, Avg: 14.6, Max: 14.6, Diff: 0.0, Sum: 29.1]
      [GC Worker End (ms): Min: 645826.5, Avg: 645826.5, Max: 645826.5, Diff: 0.0]
   [Code Root Fixup: 0.0 ms]
   [Code Root Purge: 0.0 ms]
   [Clear CT: 0.1 ms]
   [Other: 0.5 ms]
      [Choose CSet: 0.0 ms]
      [Ref Proc: 0.1 ms]
      [Ref Enq: 0.0 ms]
      [Redirty Cards: 0.0 ms]
      [Humongous Register: 0.0 ms]
      [Humongous Reclaim: 0.0 ms]
      [Free CSet: 0.2 ms]
   [Eden: 255.0M(255.0M)->0.0B(255.0M) Survivors: 13312.0K->13312.0K Heap: 403.9M(472.0M)->148.9M(472.0M)]
 [Times: user=0.03 sys=0.00, real=0.02 secs] 
2024-07-06T11:34:52.078+0800: 646.244: [GC pause (G1 Evacuation Pause) (young), 0.0112015 secs]
   [Parallel Time: 10.7 ms, GC Workers: 2]
      [GC Worker Start (ms): Min: 646244.3, Avg: 646244.3, Max: 646244.3, Diff: 0.0]
      [Ext Root Scanning (ms): Min: 0.5, Avg: 0.5, Max: 0.5, Diff: 0.0, Sum: 1.1]
      [Update RS (ms): Min: 0.0, Avg: 0.0, Max: 0.0, Diff: 0.0, Sum: 0.1]
         [Processed Buffers: Min: 2, Avg: 2.5, Max: 3, Diff: 1, Sum: 5]
      [Scan RS (ms): Min: 0.1, Avg: 0.1, Max: 0.1, Diff: 0.0, Sum: 0.2]
      [Code Root Scanning (ms): Min: 0.0, Avg: 0.0, Max: 0.0, Diff: 0.0, Sum: 0.0]
      [Object Copy (ms): Min: 9.9, Avg: 9.9, Max: 10.0, Diff: 0.0, Sum: 19.9]
      [Termination (ms): Min: 0.0, Avg: 0.0, Max: 0.0, Diff: 0.0, Sum: 0.0]
         [Termination Attempts: Min: 1, Avg: 1.0, Max: 1, Diff: 0, Sum: 2]
      [GC Worker Other (ms): Min: 0.0, Avg: 0.0, Max: 0.0, Diff: 0.0, Sum: 0.0]
      [GC Worker Total (ms): Min: 10.6, Avg: 10.6, Max: 10.6, Diff: 0.0, Sum: 21.3]
      [GC Worker End (ms): Min: 646255.0, Avg: 646255.0, Max: 646255.0, Diff: 0.0]
   [Code Root Fixup: 0.0 ms]
   [Code Root Purge: 0.0 ms]
   [Clear CT: 0.1 ms]
   [Other: 0.4 ms]
      [Choose CSet: 0.0 ms]
      [Ref Proc: 0.1 ms]
      [Ref Enq: 0.0 ms]
      [Redirty Cards: 0.0 ms]
      [Humongous Register: 0.0 ms]
      [Humongous Reclaim: 0.0 ms]
      [Free CSet: 0.1 ms]
   [Eden: 255.0M(255.0M)->0.0B(258.0M) Survivors: 13312.0K->11264.0K Heap: 403.9M(472.0M)->147.4M(472.0M)]
 [Times: user=0.02 sys=0.00, real=0.01 secs] 
2024-07-06T11:34:52.519+0800: 646.685: [GC pause (G1 Evacuation Pause) (young), 0.0150554 secs]
   [Parallel Time: 14.6 ms, GC Workers: 2]
      [GC Worker Start (ms): Min: 646685.5, Avg: 646685.6, Max: 646685.6, Diff: 0.0]
      [Ext Root Scanning (ms): Min: 0.5, Avg: 0.5, Max: 0.5, Diff: 0.0, Sum: 1.0]
      [Update RS (ms): Min: 0.0, Avg: 0.0, Max: 0.0, Diff: 0.0, Sum: 0.1]
         [Processed Buffers: Min: 2, Avg: 2.5, Max: 3, Diff: 1, Sum: 5]
      [Scan RS (ms): Min: 0.1, Avg: 0.1, Max: 0.1, Diff: 0.0, Sum: 0.1]
      [Code Root Scanning (ms): Min: 0.0, Avg: 0.0, Max: 0.0, Diff: 0.0, Sum: 0.0]
      [Object Copy (ms): Min: 13.9, Avg: 13.9, Max: 13.9, Diff: 0.0, Sum: 27.8]
      [Termination (ms): Min: 0.0, Avg: 0.0, Max: 0.0, Diff: 0.0, Sum: 0.0]
         [Termination Attempts: Min: 1, Avg: 1.0, Max: 1, Diff: 0, Sum: 2]
      [GC Worker Other (ms): Min: 0.0, Avg: 0.0, Max: 0.0, Diff: 0.0, Sum: 0.0]
      [GC Worker Total (ms): Min: 14.5, Avg: 14.5, Max: 14.5, Diff: 0.0, Sum: 29.1]
      [GC Worker End (ms): Min: 646700.1, Avg: 646700.1, Max: 646700.1, Diff: 0.0]
   [Code Root Fixup: 0.0 ms]
   [Code Root Purge: 0.0 ms]
   [Clear CT: 0.1 ms]
   [Other: 0.4 ms]
      [Choose CSet: 0.0 ms]
      [Ref Proc: 0.1 ms]
      [Ref Enq: 0.0 ms]
      [Redirty Cards: 0.0 ms]
      [Humongous Register: 0.0 ms]
      [Humongous Reclaim: 0.0 ms]
      [Free CSet: 0.1 ms]
   [Eden: 258.0M(258.0M)->0.0B(254.0M) Survivors: 11264.0K->14336.0K Heap: 405.4M(472.0M)->149.9M(472.0M)]
 [Times: user=0.03 sys=0.00, real=0.01 secs] 
2024-07-06T11:34:52.947+0800: 647.113: [GC pause (G1 Evacuation Pause) (young), 0.0166147 secs]
   [Parallel Time: 16.1 ms, GC Workers: 2]
      [GC Worker Start (ms): Min: 647113.6, Avg: 647113.6, Max: 647113.6, Diff: 0.0]
      [Ext Root Scanning (ms): Min: 0.6, Avg: 0.6, Max: 0.6, Diff: 0.0, Sum: 1.2]
      [Update RS (ms): Min: 0.0, Avg: 0.0, Max: 0.0, Diff: 0.0, Sum: 0.0]
         [Processed Buffers: Min: 1, Avg: 2.5, Max: 4, Diff: 3, Sum: 5]
      [Scan RS (ms): Min: 0.1, Avg: 0.1, Max: 0.1, Diff: 0.0, Sum: 0.1]
      [Code Root Scanning (ms): Min: 0.0, Avg: 0.0, Max: 0.0, Diff: 0.0, Sum: 0.0]
      [Object Copy (ms): Min: 15.3, Avg: 15.3, Max: 15.3, Diff: 0.0, Sum: 30.7]
      [Termination (ms): Min: 0.0, Avg: 0.0, Max: 0.0, Diff: 0.0, Sum: 0.0]
         [Termination Attempts: Min: 1, Avg: 1.0, Max: 1, Diff: 0, Sum: 2]
      [GC Worker Other (ms): Min: 0.0, Avg: 0.0, Max: 0.0, Diff: 0.0, Sum: 0.0]
      [GC Worker Total (ms): Min: 16.0, Avg: 16.0, Max: 16.0, Diff: 0.0, Sum: 32.1]
      [GC Worker End (ms): Min: 647129.6, Avg: 647129.6, Max: 647129.6, Diff: 0.0]
   [Code Root Fixup: 0.0 ms]
   [Code Root Purge: 0.0 ms]
   [Clear CT: 0.1 ms]
   [Other: 0.4 ms]
      [Choose CSet: 0.0 ms]
      [Ref Proc: 0.1 ms]
      [Ref Enq: 0.0 ms]
      [Redirty Cards: 0.0 ms]
      [Humongous Register: 0.0 ms]
      [Humongous Reclaim: 0.0 ms]
      [Free CSet: 0.2 ms]
   [Eden: 254.0M(254.0M)->0.0B(253.0M) Survivors: 14336.0K->15360.0K Heap: 403.9M(472.0M)->150.9M(472.0M)]
 [Times: user=0.03 sys=0.00, real=0.01 secs] 
2024-07-06T11:34:53.356+0800: 647.522: [GC pause (G1 Evacuation Pause) (young), 0.0176101 secs]
   [Parallel Time: 17.1 ms, GC Workers: 2]
      [GC Worker Start (ms): Min: 647522.3, Avg: 647522.3, Max: 647522.3, Diff: 0.0]
      [Ext Root Scanning (ms): Min: 0.5, Avg: 0.5, Max: 0.5, Diff: 0.0, Sum: 1.0]
      [Update RS (ms): Min: 0.0, Avg: 0.0, Max: 0.0, Diff: 0.0, Sum: 0.1]
         [Processed Buffers: Min: 2, Avg: 2.5, Max: 3, Diff: 1, Sum: 5]
      [Scan RS (ms): Min: 0.1, Avg: 0.1, Max: 0.1, Diff: 0.0, Sum: 0.2]
      [Code Root Scanning (ms): Min: 0.0, Avg: 0.0, Max: 0.0, Diff: 0.0, Sum: 0.0]
      [Object Copy (ms): Min: 16.4, Avg: 16.4, Max: 16.4, Diff: 0.0, Sum: 32.8]
      [Termination (ms): Min: 0.0, Avg: 0.0, Max: 0.0, Diff: 0.0, Sum: 0.0]
         [Termination Attempts: Min: 1, Avg: 1.0, Max: 1, Diff: 0, Sum: 2]
      [GC Worker Other (ms): Min: 0.0, Avg: 0.0, Max: 0.0, Diff: 0.0, Sum: 0.0]
      [GC Worker Total (ms): Min: 17.1, Avg: 17.1, Max: 17.1, Diff: 0.0, Sum: 34.1]
      [GC Worker End (ms): Min: 647539.3, Avg: 647539.3, Max: 647539.3, Diff: 0.0]
   [Code Root Fixup: 0.0 ms]
   [Code Root Purge: 0.0 ms]
   [Clear CT: 0.1 ms]
   [Other: 0.4 ms]
      [Choose CSet: 0.0 ms]
      [Ref Proc: 0.1 ms]
      [Ref Enq: 0.0 ms]
      [Redirty Cards: 0.0 ms]
      [Humongous Register: 0.0 ms]
      [Humongous Reclaim: 0.0 ms]
      [Free CSet: 0.1 ms]
   [Eden: 253.0M(253.0M)->0.0B(251.0M) Survivors: 15360.0K->16384.0K Heap: 403.9M(472.0M)->152.4M(472.0M)]
 [Times: user=0.04 sys=0.00, real=0.01 secs] 
2024-07-06T11:34:53.757+0800: 647.923: [GC pause (G1 Evacuation Pause) (young), 0.0197735 secs]
   [Parallel Time: 19.2 ms, GC Workers: 2]
      [GC Worker Start (ms): Min: 647923.4, Avg: 647923.4, Max: 647923.4, Diff: 0.0]
      [Ext Root Scanning (ms): Min: 0.5, Avg: 0.5, Max: 0.5, Diff: 0.0, Sum: 1.0]
      [Update RS (ms): Min: 0.0, Avg: 0.0, Max: 0.0, Diff: 0.0, Sum: 0.1]
         [Processed Buffers: Min: 2, Avg: 2.5, Max: 3, Diff: 1, Sum: 5]
      [Scan RS (ms): Min: 0.1, Avg: 0.1, Max: 0.1, Diff: 0.0, Sum: 0.2]
      [Code Root Scanning (ms): Min: 0.0, Avg: 0.0, Max: 0.0, Diff: 0.0, Sum: 0.0]
      [Object Copy (ms): Min: 18.5, Avg: 18.5, Max: 18.5, Diff: 0.0, Sum: 37.0]
      [Termination (ms): Min: 0.0, Avg: 0.0, Max: 0.0, Diff: 0.0, Sum: 0.0]
         [Termination Attempts: Min: 1, Avg: 1.0, Max: 1, Diff: 0, Sum: 2]
      [GC Worker Other (ms): Min: 0.0, Avg: 0.0, Max: 0.0, Diff: 0.0, Sum: 0.0]
      [GC Worker Total (ms): Min: 19.1, Avg: 19.1, Max: 19.2, Diff: 0.0, Sum: 38.3]
      [GC Worker End (ms): Min: 647942.6, Avg: 647942.6, Max: 647942.6, Diff: 0.0]
   [Code Root Fixup: 0.0 ms]
   [Code Root Purge: 0.0 ms]
   [Clear CT: 0.1 ms]
   [Other: 0.4 ms]
      [Choose CSet: 0.0 ms]
      [Ref Proc: 0.1 ms]
      [Ref Enq: 0.0 ms]
      [Redirty Cards: 0.0 ms]
      [Humongous Register: 0.0 ms]
      [Humongous Reclaim: 0.0 ms]
      [Free CSet: 0.2 ms]
   [Eden: 251.0M(251.0M)->0.0B(248.0M) Survivors: 16384.0K->18432.0K Heap: 403.4M(472.0M)->153.9M(472.0M)]
 [Times: user=0.04 sys=0.00, real=0.02 secs] 
2024-07-06T11:34:54.195+0800: 648.361: [GC pause (G1 Evacuation Pause) (young), 0.0076177 secs]
   [Parallel Time: 7.2 ms, GC Workers: 2]
      [GC Worker Start (ms): Min: 648360.9, Avg: 648360.9, Max: 648360.9, Diff: 0.0]
      [Ext Root Scanning (ms): Min: 0.5, Avg: 0.5, Max: 0.5, Diff: 0.0, Sum: 1.1]
      [Update RS (ms): Min: 0.0, Avg: 0.0, Max: 0.0, Diff: 0.0, Sum: 0.1]
         [Processed Buffers: Min: 1, Avg: 2.5, Max: 4, Diff: 3, Sum: 5]
      [Scan RS (ms): Min: 0.1, Avg: 0.1, Max: 0.1, Diff: 0.0, Sum: 0.1]
      [Code Root Scanning (ms): Min: 0.0, Avg: 0.0, Max: 0.0, Diff: 0.0, Sum: 0.0]
      [Object Copy (ms): Min: 6.4, Avg: 6.5, Max: 6.5, Diff: 0.0, Sum: 12.9]
      [Termination (ms): Min: 0.0, Avg: 0.0, Max: 0.0, Diff: 0.0, Sum: 0.0]
         [Termination Attempts: Min: 1, Avg: 1.0, Max: 1, Diff: 0, Sum: 2]
      [GC Worker Other (ms): Min: 0.0, Avg: 0.0, Max: 0.0, Diff: 0.0, Sum: 0.0]
      [GC Worker Total (ms): Min: 7.1, Avg: 7.1, Max: 7.1, Diff: 0.0, Sum: 14.2]
      [GC Worker End (ms): Min: 648368.0, Avg: 648368.0, Max: 648368.0, Diff: 0.0]
   [Code Root Fixup: 0.0 ms]
   [Code Root Purge: 0.0 ms]
   [Clear CT: 0.1 ms]
   [Other: 0.3 ms]
      [Choose CSet: 0.0 ms]
      [Ref Proc: 0.1 ms]
      [Ref Enq: 0.0 ms]
      [Redirty Cards: 0.0 ms]
      [Humongous Register: 0.0 ms]
      [Humongous Reclaim: 0.0 ms]
      [Free CSet: 0.1 ms]
   [Eden: 248.0M(248.0M)->0.0B(260.0M) Survivors: 18432.0K->8192.0K Heap: 401.9M(472.0M)->144.4M(472.0M)]
 [Times: user=0.01 sys=0.00, real=0.01 secs] 
2024-07-06T11:34:54.591+0800: 648.757: [GC pause (G1 Evacuation Pause) (young), 0.0223159 secs]
   [Parallel Time: 21.8 ms, GC Workers: 2]
      [GC Worker Start (ms): Min: 648757.6, Avg: 648757.6, Max: 648757.6, Diff: 0.0]
      [Ext Root Scanning (ms): Min: 0.5, Avg: 0.5, Max: 0.6, Diff: 0.0, Sum: 1.1]
      [Update RS (ms): Min: 0.0, Avg: 0.0, Max: 0.0, Diff: 0.0, Sum: 0.1]
         [Processed Buffers: Min: 3, Avg: 3.0, Max: 3, Diff: 0, Sum: 6]
      [Scan RS (ms): Min: 0.1, Avg: 0.1, Max: 0.1, Diff: 0.0, Sum: 0.1]
      [Code Root Scanning (ms): Min: 0.0, Avg: 0.0, Max: 0.0, Diff: 0.0, Sum: 0.0]
      [Object Copy (ms): Min: 21.1, Avg: 21.1, Max: 21.1, Diff: 0.0, Sum: 42.1]
      [Termination (ms): Min: 0.0, Avg: 0.0, Max: 0.0, Diff: 0.0, Sum: 0.0]
         [Termination Attempts: Min: 1, Avg: 1.0, Max: 1, Diff: 0, Sum: 2]
      [GC Worker Other (ms): Min: 0.0, Avg: 0.0, Max: 0.0, Diff: 0.0, Sum: 0.0]
      [GC Worker Total (ms): Min: 21.7, Avg: 21.7, Max: 21.7, Diff: 0.0, Sum: 43.5]
      [GC Worker End (ms): Min: 648779.3, Avg: 648779.3, Max: 648779.3, Diff: 0.0]
   [Code Root Fixup: 0.0 ms]
   [Code Root Purge: 0.0 ms]
   [Clear CT: 0.1 ms]
   [Other: 0.4 ms]
      [Choose CSet: 0.0 ms]
      [Ref Proc: 0.1 ms]
      [Ref Enq: 0.0 ms]
      [Redirty Cards: 0.0 ms]
      [Humongous Register: 0.0 ms]
      [Humongous Reclaim: 0.0 ms]
      [Free CSet: 0.1 ms]
   [Eden: 260.0M(260.0M)->0.0B(243.0M) Survivors: 8192.0K->21504.0K Heap: 404.4M(472.0M)->156.9M(472.0M)]
 [Times: user=0.04 sys=0.00, real=0.02 secs] 
2024-07-06T11:34:55.051+0800: 649.217: [GC pause (G1 Evacuation Pause) (young), 0.0111889 secs]
   [Parallel Time: 10.7 ms, GC Workers: 2]
      [GC Worker Start (ms): Min: 649217.5, Avg: 649217.5, Max: 649217.6, Diff: 0.0]
      [Ext Root Scanning (ms): Min: 0.5, Avg: 0.5, Max: 0.5, Diff: 0.0, Sum: 1.1]
      [Update RS (ms): Min: 0.0, Avg: 0.0, Max: 0.0, Diff: 0.0, Sum: 0.1]
         [Processed Buffers: Min: 2, Avg: 3.0, Max: 4, Diff: 2, Sum: 6]
      [Scan RS (ms): Min: 0.1, Avg: 0.1, Max: 0.1, Diff: 0.0, Sum: 0.1]
      [Code Root Scanning (ms): Min: 0.0, Avg: 0.0, Max: 0.0, Diff: 0.0, Sum: 0.0]
      [Object Copy (ms): Min: 10.0, Avg: 10.0, Max: 10.0, Diff: 0.0, Sum: 20.0]
      [Termination (ms): Min: 0.0, Avg: 0.0, Max: 0.0, Diff: 0.0, Sum: 0.0]
         [Termination Attempts: Min: 1, Avg: 1.0, Max: 1, Diff: 0, Sum: 2]
      [GC Worker Other (ms): Min: 0.0, Avg: 0.0, Max: 0.0, Diff: 0.0, Sum: 0.0]
      [GC Worker Total (ms): Min: 10.7, Avg: 10.7, Max: 10.7, Diff: 0.0, Sum: 21.3]
      [GC Worker End (ms): Min: 649228.2, Avg: 649228.2, Max: 649228.2, Diff: 0.0]
   [Code Root Fixup: 0.0 ms]
   [Code Root Purge: 0.0 ms]
   [Clear CT: 0.1 ms]
   [Other: 0.4 ms]
      [Choose CSet: 0.0 ms]
      [Ref Proc: 0.1 ms]
      [Ref Enq: 0.0 ms]
      [Redirty Cards: 0.0 ms]
      [Humongous Register: 0.0 ms]
      [Humongous Reclaim: 0.0 ms]
      [Free CSet: 0.1 ms]
   [Eden: 243.0M(243.0M)->0.0B(258.0M) Survivors: 21504.0K->10240.0K Heap: 399.9M(472.0M)->146.4M(472.0M)]
 [Times: user=0.02 sys=0.00, real=0.01 secs] 
2024-07-06T11:34:55.443+0800: 649.609: [GC pause (G1 Evacuation Pause) (young), 0.0172905 secs]
   [Parallel Time: 16.8 ms, GC Workers: 2]
      [GC Worker Start (ms): Min: 649609.6, Avg: 649609.6, Max: 649609.6, Diff: 0.0]
      [Ext Root Scanning (ms): Min: 0.5, Avg: 0.5, Max: 0.5, Diff: 0.0, Sum: 1.0]
      [Update RS (ms): Min: 0.0, Avg: 0.0, Max: 0.0, Diff: 0.0, Sum: 0.1]
         [Processed Buffers: Min: 2, Avg: 3.0, Max: 4, Diff: 2, Sum: 6]
      [Scan RS (ms): Min: 0.1, Avg: 0.1, Max: 0.1, Diff: 0.0, Sum: 0.2]
      [Code Root Scanning (ms): Min: 0.0, Avg: 0.0, Max: 0.0, Diff: 0.0, Sum: 0.0]
      [Object Copy (ms): Min: 16.1, Avg: 16.1, Max: 16.1, Diff: 0.0, Sum: 32.2]
      [Termination (ms): Min: 0.0, Avg: 0.0, Max: 0.0, Diff: 0.0, Sum: 0.0]
         [Termination Attempts: Min: 1, Avg: 1.0, Max: 1, Diff: 0, Sum: 2]
      [GC Worker Other (ms): Min: 0.0, Avg: 0.0, Max: 0.0, Diff: 0.0, Sum: 0.0]
      [GC Worker Total (ms): Min: 16.8, Avg: 16.8, Max: 16.8, Diff: 0.0, Sum: 33.5]
      [GC Worker End (ms): Min: 649626.3, Avg: 649626.3, Max: 649626.3, Diff: 0.0]
   [Code Root Fixup: 0.0 ms]
   [Code Root Purge: 0.0 ms]
   [Clear CT: 0.1 ms]
   [Other: 0.4 ms]
      [Choose CSet: 0.0 ms]
      [Ref Proc: 0.1 ms]
      [Ref Enq: 0.0 ms]
      [Redirty Cards: 0.0 ms]
      [Humongous Register: 0.0 ms]
      [Humongous Reclaim: 0.0 ms]
      [Free CSet: 0.1 ms]
   [Eden: 258.0M(258.0M)->0.0B(251.0M) Survivors: 10240.0K->16384.0K Heap: 404.4M(472.0M)->152.4M(472.0M)]
 [Times: user=0.03 sys=0.00, real=0.02 secs] 
2024-07-06T11:34:55.898+0800: 650.064: [GC pause (G1 Evacuation Pause) (young), 0.0140798 secs]
   [Parallel Time: 13.5 ms, GC Workers: 2]
      [GC Worker Start (ms): Min: 650064.6, Avg: 650064.6, Max: 650064.6, Diff: 0.0]
      [Ext Root Scanning (ms): Min: 0.5, Avg: 0.5, Max: 0.5, Diff: 0.0, Sum: 1.0]
      [Update RS (ms): Min: 0.0, Avg: 0.0, Max: 0.0, Diff: 0.0, Sum: 0.1]
         [Processed Buffers: Min: 2, Avg: 2.5, Max: 3, Diff: 1, Sum: 5]
      [Scan RS (ms): Min: 0.1, Avg: 0.1, Max: 0.1, Diff: 0.0, Sum: 0.2]
      [Code Root Scanning (ms): Min: 0.0, Avg: 0.0, Max: 0.0, Diff: 0.0, Sum: 0.0]
      [Object Copy (ms): Min: 12.8, Avg: 12.8, Max: 12.8, Diff: 0.0, Sum: 25.6]
      [Termination (ms): Min: 0.0, Avg: 0.0, Max: 0.0, Diff: 0.0, Sum: 0.0]
         [Termination Attempts: Min: 1, Avg: 1.0, Max: 1, Diff: 0, Sum: 2]
      [GC Worker Other (ms): Min: 0.0, Avg: 0.0, Max: 0.0, Diff: 0.0, Sum: 0.0]
      [GC Worker Total (ms): Min: 13.4, Avg: 13.5, Max: 13.5, Diff: 0.0, Sum: 26.9]
      [GC Worker End (ms): Min: 650078.0, Avg: 650078.0, Max: 650078.0, Diff: 0.0]
   [Code Root Fixup: 0.0 ms]
   [Code Root Purge: 0.0 ms]
   [Clear CT: 0.1 ms]
   [Other: 0.4 ms]
      [Choose CSet: 0.0 ms]
      [Ref Proc: 0.1 ms]
      [Ref Enq: 0.0 ms]
      [Redirty Cards: 0.1 ms]
      [Humongous Register: 0.0 ms]
      [Humongous Reclaim: 0.0 ms]
      [Free CSet: 0.2 ms]
   [Eden: 251.0M(251.0M)->0.0B(256.0M) Survivors: 16384.0K->12288.0K Heap: 403.4M(472.0M)->147.9M(472.0M)]
 [Times: user=0.03 sys=0.00, real=0.01 secs] 
2024-07-06T11:34:56.309+0800: 650.475: [GC pause (G1 Evacuation Pause) (young), 0.0125595 secs]
   [Parallel Time: 12.0 ms, GC Workers: 2]
      [GC Worker Start (ms): Min: 650474.9, Avg: 650474.9, Max: 650475.0, Diff: 0.0]
      [Ext Root Scanning (ms): Min: 0.6, Avg: 0.6, Max: 0.6, Diff: 0.0, Sum: 1.2]
      [Update RS (ms): Min: 0.0, Avg: 0.0, Max: 0.0, Diff: 0.0, Sum: 0.1]
         [Processed Buffers: Min: 1, Avg: 2.5, Max: 4, Diff: 3, Sum: 5]
      [Scan RS (ms): Min: 0.1, Avg: 0.1, Max: 0.1, Diff: 0.0, Sum: 0.2]
      [Code Root Scanning (ms): Min: 0.0, Avg: 0.0, Max: 0.0, Diff: 0.0, Sum: 0.0]
      [Object Copy (ms): Min: 11.2, Avg: 11.2, Max: 11.3, Diff: 0.0, Sum: 22.5]
      [Termination (ms): Min: 0.0, Avg: 0.0, Max: 0.0, Diff: 0.0, Sum: 0.0]
         [Termination Attempts: Min: 1, Avg: 1.0, Max: 1, Diff: 0, Sum: 2]
      [GC Worker Other (ms): Min: 0.0, Avg: 0.0, Max: 0.0, Diff: 0.0, Sum: 0.0]
      [GC Worker Total (ms): Min: 11.9, Avg: 12.0, Max: 12.0, Diff: 0.0, Sum: 23.9]
      [GC Worker End (ms): Min: 650486.9, Avg: 650486.9, Max: 650486.9, Diff: 0.0]
   [Code Root Fixup: 0.0 ms]
   [Code Root Purge: 0.0 ms]
   [Clear CT: 0.1 ms]
   [Other: 0.4 ms]
      [Choose CSet: 0.0 ms]
      [Ref Proc: 0.1 ms]
      [Ref Enq: 0.0 ms]
      [Redirty Cards: 0.0 ms]
      [Humongous Register: 0.0 ms]
      [Humongous Reclaim: 0.0 ms]
      [Free CSet: 0.1 ms]
   [Eden: 256.0M(256.0M)->0.0B(255.0M) Survivors: 12288.0K->13312.0K Heap: 403.9M(472.0M)->149.4M(472.0M)]
 [Times: user=0.03 sys=0.00, real=0.01 secs] 
2024-07-06T11:34:56.755+0800: 650.922: [GC pause (G1 Evacuation Pause) (young), 0.0175666 secs]
   [Parallel Time: 17.0 ms, GC Workers: 2]
      [GC Worker Start (ms): Min: 650921.6, Avg: 650922.6, Max: 650923.6, Diff: 2.0]
      [Ext Root Scanning (ms): Min: 0.0, Avg: 0.4, Max: 0.7, Diff: 0.7, Sum: 0.7]
      [Update RS (ms): Min: 0.0, Avg: 0.0, Max: 0.0, Diff: 0.0, Sum: 0.0]
         [Processed Buffers: Min: 0, Avg: 2.5, Max: 5, Diff: 5, Sum: 5]
      [Scan RS (ms): Min: 0.0, Avg: 0.1, Max: 0.1, Diff: 0.1, Sum: 0.2]
      [Code Root Scanning (ms): Min: 0.0, Avg: 0.0, Max: 0.0, Diff: 0.0, Sum: 0.0]
      [Object Copy (ms): Min: 14.9, Avg: 15.5, Max: 16.0, Diff: 1.2, Sum: 30.9]
      [Termination (ms): Min: 0.0, Avg: 0.0, Max: 0.0, Diff: 0.0, Sum: 0.0]
         [Termination Attempts: Min: 1, Avg: 1.0, Max: 1, Diff: 0, Sum: 2]
      [GC Worker Other (ms): Min: 0.0, Avg: 0.0, Max: 0.0, Diff: 0.0, Sum: 0.0]
      [GC Worker Total (ms): Min: 14.9, Avg: 15.9, Max: 17.0, Diff: 2.0, Sum: 31.9]
      [GC Worker End (ms): Min: 650938.5, Avg: 650938.6, Max: 650938.6, Diff: 0.0]
   [Code Root Fixup: 0.0 ms]
   [Code Root Purge: 0.0 ms]
   [Clear CT: 0.1 ms]
   [Other: 0.4 ms]
      [Choose CSet: 0.0 ms]
      [Ref Proc: 0.1 ms]
      [Ref Enq: 0.0 ms]
      [Redirty Cards: 0.0 ms]
      [Humongous Register: 0.0 ms]
      [Humongous Reclaim: 0.0 ms]
      [Free CSet: 0.2 ms]
   [Eden: 255.0M(255.0M)->0.0B(255.0M) Survivors: 13312.0K->13312.0K Heap: 404.4M(472.0M)->149.4M(472.0M)]
 [Times: user=0.03 sys=0.00, real=0.01 secs] 
2024-07-06T11:34:57.211+0800: 651.378: [GC pause (G1 Evacuation Pause) (young), 0.0106501 secs]
   [Parallel Time: 10.0 ms, GC Workers: 2]
      [GC Worker Start (ms): Min: 651377.6, Avg: 651377.6, Max: 651377.6, Diff: 0.0]
      [Ext Root Scanning (ms): Min: 0.6, Avg: 0.6, Max: 0.6, Diff: 0.0, Sum: 1.2]
      [Update RS (ms): Min: 0.0, Avg: 0.0, Max: 0.0, Diff: 0.0, Sum: 0.1]
         [Processed Buffers: Min: 1, Avg: 2.5, Max: 4, Diff: 3, Sum: 5]
      [Scan RS (ms): Min: 0.1, Avg: 0.1, Max: 0.1, Diff: 0.0, Sum: 0.2]
      [Code Root Scanning (ms): Min: 0.0, Avg: 0.0, Max: 0.0, Diff: 0.0, Sum: 0.0]
      [Object Copy (ms): Min: 9.2, Avg: 9.2, Max: 9.3, Diff: 0.0, Sum: 18.5]
      [Termination (ms): Min: 0.0, Avg: 0.0, Max: 0.0, Diff: 0.0, Sum: 0.0]
         [Termination Attempts: Min: 1, Avg: 1.0, Max: 1, Diff: 0, Sum: 2]
      [GC Worker Other (ms): Min: 0.0, Avg: 0.0, Max: 0.0, Diff: 0.0, Sum: 0.0]
      [GC Worker Total (ms): Min: 10.0, Avg: 10.0, Max: 10.0, Diff: 0.0, Sum: 20.0]
      [GC Worker End (ms): Min: 651387.6, Avg: 651387.6, Max: 651387.6, Diff: 0.0]
   [Code Root Fixup: 0.0 ms]
   [Code Root Purge: 0.0 ms]
   [Clear CT: 0.1 ms]
   [Other: 0.5 ms]
      [Choose CSet: 0.0 ms]
      [Ref Proc: 0.1 ms]
      [Ref Enq: 0.0 ms]
      [Redirty Cards: 0.1 ms]
      [Humongous Register: 0.0 ms]
      [Humongous Reclaim: 0.0 ms]
      [Free CSet: 0.2 ms]
   [Eden: 255.0M(255.0M)->0.0B(258.0M) Survivors: 13312.0K->11264.0K Heap: 404.4M(472.0M)->147.4M(472.0M)]
 [Times: user=0.02 sys=0.00, real=0.01 secs] 
2024-07-06T11:34:57.674+0800: 651.840: [GC pause (G1 Evacuation Pause) (young), 0.0158745 secs]
   [Parallel Time: 15.3 ms, GC Workers: 2]
      [GC Worker Start (ms): Min: 651840.4, Avg: 651840.4, Max: 651840.4, Diff: 0.0]
      [Ext Root Scanning (ms): Min: 0.5, Avg: 0.5, Max: 0.5, Diff: 0.0, Sum: 1.0]
      [Update RS (ms): Min: 0.0, Avg: 0.1, Max: 0.1, Diff: 0.0, Sum: 0.1]
         [Processed Buffers: Min: 1, Avg: 2.5, Max: 4, Diff: 3, Sum: 5]
      [Scan RS (ms): Min: 0.1, Avg: 0.1, Max: 0.1, Diff: 0.0, Sum: 0.1]
      [Code Root Scanning (ms): Min: 0.0, Avg: 0.0, Max: 0.0, Diff: 0.0, Sum: 0.0]
      [Object Copy (ms): Min: 14.6, Avg: 14.6, Max: 14.6, Diff: 0.0, Sum: 29.2]
      [Termination (ms): Min: 0.0, Avg: 0.0, Max: 0.0, Diff: 0.0, Sum: 0.0]
         [Termination Attempts: Min: 1, Avg: 1.0, Max: 1, Diff: 0, Sum: 2]
      [GC Worker Other (ms): Min: 0.0, Avg: 0.0, Max: 0.0, Diff: 0.0, Sum: 0.0]
      [GC Worker Total (ms): Min: 15.2, Avg: 15.2, Max: 15.3, Diff: 0.0, Sum: 30.5]
      [GC Worker End (ms): Min: 651855.7, Avg: 651855.7, Max: 651855.7, Diff: 0.0]
   [Code Root Fixup: 0.0 ms]
   [Code Root Purge: 0.0 ms]
   [Clear CT: 0.1 ms]
   [Other: 0.4 ms]
      [Choose CSet: 0.0 ms]
      [Ref Proc: 0.1 ms]
      [Ref Enq: 0.0 ms]
      [Redirty Cards: 0.1 ms]
      [Humongous Register: 0.0 ms]
      [Humongous Reclaim: 0.0 ms]
      [Free CSet: 0.1 ms]
   [Eden: 258.0M(258.0M)->0.0B(254.0M) Survivors: 11264.0K->14336.0K Heap: 405.4M(472.0M)->149.9M(472.0M)]
 [Times: user=0.03 sys=0.00, real=0.02 secs] 
2024-07-06T11:34:58.103+0800: 652.269: [GC pause (G1 Evacuation Pause) (young), 0.0168724 secs]
   [Parallel Time: 16.3 ms, GC Workers: 2]
      [GC Worker Start (ms): Min: 652269.5, Avg: 652269.5, Max: 652269.6, Diff: 0.0]
      [Ext Root Scanning (ms): Min: 0.5, Avg: 0.5, Max: 0.5, Diff: 0.0, Sum: 1.1]
      [Update RS (ms): Min: 0.0, Avg: 0.0, Max: 0.0, Diff: 0.0, Sum: 0.1]
         [Processed Buffers: Min: 2, Avg: 2.5, Max: 3, Diff: 1, Sum: 5]
      [Scan RS (ms): Min: 0.1, Avg: 0.1, Max: 0.1, Diff: 0.0, Sum: 0.1]
      [Code Root Scanning (ms): Min: 0.0, Avg: 0.0, Max: 0.0, Diff: 0.0, Sum: 0.0]
      [Object Copy (ms): Min: 15.6, Avg: 15.6, Max: 15.6, Diff: 0.0, Sum: 31.2]
      [Termination (ms): Min: 0.0, Avg: 0.0, Max: 0.0, Diff: 0.0, Sum: 0.0]
         [Termination Attempts: Min: 1, Avg: 1.0, Max: 1, Diff: 0, Sum: 2]
      [GC Worker Other (ms): Min: 0.0, Avg: 0.0, Max: 0.0, Diff: 0.0, Sum: 0.0]
      [GC Worker Total (ms): Min: 16.3, Avg: 16.3, Max: 16.3, Diff: 0.0, Sum: 32.5]
      [GC Worker End (ms): Min: 652285.8, Avg: 652285.8, Max: 652285.8, Diff: 0.0]
   [Code Root Fixup: 0.0 ms]
   [Code Root Purge: 0.0 ms]
   [Clear CT: 0.1 ms]
   [Other: 0.4 ms]
      [Choose CSet: 0.0 ms]
      [Ref Proc: 0.1 ms]
      [Ref Enq: 0.0 ms]
      [Redirty Cards: 0.0 ms]
      [Humongous Register: 0.0 ms]
      [Humongous Reclaim: 0.0 ms]
      [Free CSet: 0.2 ms]
   [Eden: 254.0M(254.0M)->0.0B(253.0M) Survivors: 14336.0K->15360.0K Heap: 403.9M(472.0M)->150.9M(472.0M)]
 [Times: user=0.03 sys=0.00, real=0.02 secs] 
2024-07-06T11:34:58.523+0800: 652.690: [GC pause (G1 Evacuation Pause) (young), 0.0191235 secs]
   [Parallel Time: 18.4 ms, GC Workers: 2]
      [GC Worker Start (ms): Min: 652689.7, Avg: 652689.7, Max: 652689.7, Diff: 0.0]
      [Ext Root Scanning (ms): Min: 0.5, Avg: 0.5, Max: 0.5, Diff: 0.0, Sum: 1.1]
      [Update RS (ms): Min: 0.0, Avg: 0.0, Max: 0.0, Diff: 0.0, Sum: 0.1]
         [Processed Buffers: Min: 2, Avg: 2.5, Max: 3, Diff: 1, Sum: 5]
      [Scan RS (ms): Min: 0.1, Avg: 0.1, Max: 0.1, Diff: 0.0, Sum: 0.1]
      [Code Root Scanning (ms): Min: 0.0, Avg: 0.0, Max: 0.0, Diff: 0.0, Sum: 0.0]
      [Object Copy (ms): Min: 17.7, Avg: 17.7, Max: 17.7, Diff: 0.0, Sum: 35.5]
      [Termination (ms): Min: 0.0, Avg: 0.0, Max: 0.0, Diff: 0.0, Sum: 0.0]
         [Termination Attempts: Min: 1, Avg: 1.0, Max: 1, Diff: 0, Sum: 2]
      [GC Worker Other (ms): Min: 0.0, Avg: 0.0, Max: 0.0, Diff: 0.0, Sum: 0.0]
      [GC Worker Total (ms): Min: 18.4, Avg: 18.4, Max: 18.4, Diff: 0.0, Sum: 36.8]
      [GC Worker End (ms): Min: 652708.0, Avg: 652708.0, Max: 652708.0, Diff: 0.0]
   [Code Root Fixup: 0.0 ms]
   [Code Root Purge: 0.0 ms]
   [Clear CT: 0.1 ms]
   [Other: 0.6 ms]
      [Choose CSet: 0.0 ms]
      [Ref Proc: 0.1 ms]
      [Ref Enq: 0.0 ms]
      [Redirty Cards: 0.1 ms]
      [Humongous Register: 0.0 ms]
      [Humongous Reclaim: 0.0 ms]
      [Free CSet: 0.2 ms]
   [Eden: 253.0M(253.0M)->0.0B(251.0M) Survivors: 15360.0K->16384.0K Heap: 403.9M(472.0M)->152.4M(472.0M)]
 [Times: user=0.04 sys=0.00, real=0.02 secs] 
2024-07-06T11:34:58.977+0800: 653.144: [GC pause (G1 Evacuation Pause) (young), 0.0357116 secs]
   [Parallel Time: 34.9 ms, GC Workers: 2]
      [GC Worker Start (ms): Min: 653143.7, Avg: 653144.5, Max: 653145.4, Diff: 1.7]
      [Ext Root Scanning (ms): Min: 0.0, Avg: 0.4, Max: 0.8, Diff: 0.8, Sum: 0.8]
      [Update RS (ms): Min: 0.0, Avg: 0.0, Max: 0.0, Diff: 0.0, Sum: 0.1]
         [Processed Buffers: Min: 0, Avg: 3.0, Max: 6, Diff: 6, Sum: 6]
      [Scan RS (ms): Min: 0.0, Avg: 0.1, Max: 0.1, Diff: 0.1, Sum: 0.1]
      [Code Root Scanning (ms): Min: 0.0, Avg: 0.0, Max: 0.0, Diff: 0.0, Sum: 0.0]
      [Object Copy (ms): Min: 33.0, Avg: 33.4, Max: 33.8, Diff: 0.7, Sum: 66.8]
      [Termination (ms): Min: 0.0, Avg: 0.0, Max: 0.1, Diff: 0.1, Sum: 0.1]
         [Termination Attempts: Min: 1, Avg: 1.0, Max: 1, Diff: 0, Sum: 2]
      [GC Worker Other (ms): Min: 0.0, Avg: 0.0, Max: 0.0, Diff: 0.0, Sum: 0.0]
      [GC Worker Total (ms): Min: 33.1, Avg: 33.9, Max: 34.8, Diff: 1.7, Sum: 67.9]
      [GC Worker End (ms): Min: 653178.5, Avg: 653178.5, Max: 653178.5, Diff: 0.0]
   [Code Root Fixup: 0.0 ms]
   [Code Root Purge: 0.0 ms]
   [Clear CT: 0.3 ms]
   [Other: 0.5 ms]
      [Choose CSet: 0.0 ms]
      [Ref Proc: 0.2 ms]
      [Ref Enq: 0.0 ms]
      [Redirty Cards: 0.1 ms]
      [Humongous Register: 0.0 ms]
      [Humongous Reclaim: 0.0 ms]
      [Free CSet: 0.2 ms]
   [Eden: 251.0M(251.0M)->0.0B(247.0M) Survivors: 16384.0K->19456.0K Heap: 403.4M(472.0M)->154.9M(472.0M)]
 [Times: user=0.04 sys=0.00, real=0.03 secs] 
2024-07-06T11:34:59.439+0800: 653.605: [GC pause (G1 Evacuation Pause) (young), 0.0131229 secs]
   [Parallel Time: 12.6 ms, GC Workers: 2]
      [GC Worker Start (ms): Min: 653605.6, Avg: 653606.1, Max: 653606.6, Diff: 1.1]
      [Ext Root Scanning (ms): Min: 0.0, Avg: 0.4, Max: 0.8, Diff: 0.8, Sum: 0.8]
      [Update RS (ms): Min: 0.0, Avg: 0.0, Max: 0.0, Diff: 0.0, Sum: 0.0]
         [Processed Buffers: Min: 0, Avg: 3.0, Max: 6, Diff: 6, Sum: 6]
      [Scan RS (ms): Min: 0.0, Avg: 0.1, Max: 0.1, Diff: 0.1, Sum: 0.1]
      [Code Root Scanning (ms): Min: 0.0, Avg: 0.0, Max: 0.0, Diff: 0.0, Sum: 0.0]
      [Object Copy (ms): Min: 11.4, Avg: 11.5, Max: 11.6, Diff: 0.1, Sum: 23.0]
      [Termination (ms): Min: 0.0, Avg: 0.0, Max: 0.0, Diff: 0.0, Sum: 0.0]
         [Termination Attempts: Min: 1, Avg: 2.0, Max: 3, Diff: 2, Sum: 4]
      [GC Worker Other (ms): Min: 0.0, Avg: 0.0, Max: 0.0, Diff: 0.0, Sum: 0.0]
      [GC Worker Total (ms): Min: 11.5, Avg: 12.0, Max: 12.5, Diff: 1.1, Sum: 24.0]
      [GC Worker End (ms): Min: 653618.1, Avg: 653618.1, Max: 653618.1, Diff: 0.0]
   [Code Root Fixup: 0.0 ms]
   [Code Root Purge: 0.0 ms]
   [Clear CT: 0.2 ms]
   [Other: 0.4 ms]
      [Choose CSet: 0.0 ms]
      [Ref Proc: 0.1 ms]
      [Ref Enq: 0.0 ms]
      [Redirty Cards: 0.1 ms]
      [Humongous Register: 0.0 ms]
      [Humongous Reclaim: 0.0 ms]
      [Free CSet: 0.1 ms]
   [Eden: 247.0M(247.0M)->0.0B(255.0M) Survivors: 19456.0K->12288.0K Heap: 401.9M(472.0M)->148.4M(472.0M)]
 [Times: user=0.02 sys=0.00, real=0.01 secs] 
2024-07-06T11:34:59.863+0800: 654.029: [GC pause (G1 Evacuation Pause) (young), 0.0132301 secs]
   [Parallel Time: 12.7 ms, GC Workers: 2]
      [GC Worker Start (ms): Min: 654028.9, Avg: 654029.1, Max: 654029.3, Diff: 0.4]
      [Ext Root Scanning (ms): Min: 0.4, Avg: 0.6, Max: 0.8, Diff: 0.4, Sum: 1.2]
      [Update RS (ms): Min: 0.0, Avg: 0.0, Max: 0.0, Diff: 0.0, Sum: 0.0]
         [Processed Buffers: Min: 1, Avg: 2.5, Max: 4, Diff: 3, Sum: 5]
      [Scan RS (ms): Min: 0.1, Avg: 0.1, Max: 0.1, Diff: 0.0, Sum: 0.2]
      [Code Root Scanning (ms): Min: 0.0, Avg: 0.0, Max: 0.0, Diff: 0.0, Sum: 0.0]
      [Object Copy (ms): Min: 11.7, Avg: 11.7, Max: 11.8, Diff: 0.0, Sum: 23.5]
      [Termination (ms): Min: 0.0, Avg: 0.0, Max: 0.0, Diff: 0.0, Sum: 0.0]
         [Termination Attempts: Min: 1, Avg: 1.0, Max: 1, Diff: 0, Sum: 2]
      [GC Worker Other (ms): Min: 0.0, Avg: 0.0, Max: 0.0, Diff: 0.0, Sum: 0.0]
      [GC Worker Total (ms): Min: 12.2, Avg: 12.5, Max: 12.7, Diff: 0.4, Sum: 24.9]
      [GC Worker End (ms): Min: 654041.6, Avg: 654041.6, Max: 654041.6, Diff: 0.0]
   [Code Root Fixup: 0.0 ms]
   [Code Root Purge: 0.0 ms]
   [Clear CT: 0.1 ms]
   [Other: 0.4 ms]
      [Choose CSet: 0.0 ms]
      [Ref Proc: 0.1 ms]
      [Ref Enq: 0.0 ms]
      [Redirty Cards: 0.1 ms]
      [Humongous Register: 0.0 ms]
      [Humongous Reclaim: 0.0 ms]
      [Free CSet: 0.2 ms]
   [Eden: 255.0M(255.0M)->0.0B(256.0M) Survivors: 12288.0K->12288.0K Heap: 403.4M(472.0M)->147.9M(472.0M)]
 [Times: user=0.02 sys=0.00, real=0.02 secs] 
2024-07-06T11:35:00.279+0800: 654.445: [GC pause (G1 Evacuation Pause) (young), 0.0182068 secs]
   [Parallel Time: 17.7 ms, GC Workers: 2]
      [GC Worker Start (ms): Min: 654445.6, Avg: 654445.6, Max: 654445.6, Diff: 0.0]
      [Ext Root Scanning (ms): Min: 0.5, Avg: 0.6, Max: 0.6, Diff: 0.0, Sum: 1.1]
      [Update RS (ms): Min: 0.0, Avg: 0.0, Max: 0.0, Diff: 0.0, Sum: 0.1]
         [Processed Buffers: Min: 3, Avg: 3.0, Max: 3, Diff: 0, Sum: 6]
      [Scan RS (ms): Min: 0.1, Avg: 0.1, Max: 0.1, Diff: 0.0, Sum: 0.1]
      [Code Root Scanning (ms): Min: 0.0, Avg: 0.0, Max: 0.0, Diff: 0.0, Sum: 0.0]
      [Object Copy (ms): Min: 16.9, Avg: 16.9, Max: 16.9, Diff: 0.0, Sum: 33.8]
      [Termination (ms): Min: 0.0, Avg: 0.0, Max: 0.0, Diff: 0.0, Sum: 0.0]
         [Termination Attempts: Min: 1, Avg: 1.0, Max: 1, Diff: 0, Sum: 2]
      [GC Worker Other (ms): Min: 0.0, Avg: 0.0, Max: 0.0, Diff: 0.0, Sum: 0.1]
      [GC Worker Total (ms): Min: 17.6, Avg: 17.6, Max: 17.6, Diff: 0.0, Sum: 35.2]
      [GC Worker End (ms): Min: 654463.1, Avg: 654463.1, Max: 654463.2, Diff: 0.0]
   [Code Root Fixup: 0.0 ms]
   [Code Root Purge: 0.0 ms]
   [Clear CT: 0.1 ms]
   [Other: 0.4 ms]
      [Choose CSet: 0.0 ms]
      [Ref Proc: 0.1 ms]
      [Ref Enq: 0.0 ms]
      [Redirty Cards: 0.0 ms]
      [Humongous Register: 0.0 ms]
      [Humongous Reclaim: 0.0 ms]
      [Free CSet: 0.2 ms]
   [Eden: 256.0M(256.0M)->0.0B(250.0M) Survivors: 12288.0K->17408.0K Heap: 403.9M(472.0M)->152.9M(472.0M)]
 [Times: user=0.03 sys=0.00, real=0.02 secs] 
2024-07-06T11:35:00.733+0800: 654.899: [GC pause (G1 Evacuation Pause) (young), 0.0118744 secs]
   [Parallel Time: 11.4 ms, GC Workers: 2]
      [GC Worker Start (ms): Min: 654899.5, Avg: 654899.5, Max: 654899.5, Diff: 0.0]
      [Ext Root Scanning (ms): Min: 0.5, Avg: 0.5, Max: 0.5, Diff: 0.0, Sum: 1.1]
      [Update RS (ms): Min: 0.0, Avg: 0.0, Max: 0.0, Diff: 0.0, Sum: 0.0]
         [Processed Buffers: Min: 0, Avg: 3.0, Max: 6, Diff: 6, Sum: 6]
      [Scan RS (ms): Min: 0.1, Avg: 0.1, Max: 0.1, Diff: 0.0, Sum: 0.1]
      [Code Root Scanning (ms): Min: 0.0, Avg: 0.0, Max: 0.0, Diff: 0.0, Sum: 0.0]
      [Object Copy (ms): Min: 10.6, Avg: 10.7, Max: 10.7, Diff: 0.0, Sum: 21.3]
      [Termination (ms): Min: 0.0, Avg: 0.0, Max: 0.0, Diff: 0.0, Sum: 0.0]
         [Termination Attempts: Min: 1, Avg: 1.0, Max: 1, Diff: 0, Sum: 2]
      [GC Worker Other (ms): Min: 0.0, Avg: 0.0, Max: 0.0, Diff: 0.0, Sum: 0.0]
      [GC Worker Total (ms): Min: 11.3, Avg: 11.3, Max: 11.3, Diff: 0.0, Sum: 22.6]
      [GC Worker End (ms): Min: 654910.8, Avg: 654910.8, Max: 654910.8, Diff: 0.0]
   [Code Root Fixup: 0.0 ms]
   [Code Root Purge: 0.0 ms]
   [Clear CT: 0.1 ms]
   [Other: 0.4 ms]
      [Choose CSet: 0.0 ms]
      [Ref Proc: 0.1 ms]
      [Ref Enq: 0.0 ms]
      [Redirty Cards: 0.0 ms]
      [Humongous Register: 0.0 ms]
      [Humongous Reclaim: 0.0 ms]
      [Free CSet: 0.1 ms]
   [Eden: 250.0M(250.0M)->0.0B(257.0M) Survivors: 17408.0K->11264.0K Heap: 402.9M(472.0M)->146.9M(472.0M)]
 [Times: user=0.02 sys=0.00, real=0.01 secs] 
2024-07-06T11:35:01.144+0800: 655.310: [GC pause (G1 Evacuation Pause) (young), 0.0180066 secs]
   [Parallel Time: 17.3 ms, GC Workers: 2]
      [GC Worker Start (ms): Min: 655310.2, Avg: 655310.2, Max: 655310.2, Diff: 0.0]
      [Ext Root Scanning (ms): Min: 0.5, Avg: 0.5, Max: 0.5, Diff: 0.0, Sum: 1.1]
      [Update RS (ms): Min: 0.0, Avg: 0.0, Max: 0.0, Diff: 0.0, Sum: 0.1]
         [Processed Buffers: Min: 1, Avg: 2.5, Max: 4, Diff: 3, Sum: 5]
      [Scan RS (ms): Min: 0.1, Avg: 0.1, Max: 0.1, Diff: 0.0, Sum: 0.2]
      [Code Root Scanning (ms): Min: 0.0, Avg: 0.0, Max: 0.0, Diff: 0.0, Sum: 0.0]
      [Object Copy (ms): Min: 16.6, Avg: 16.6, Max: 16.6, Diff: 0.0, Sum: 33.2]
      [Termination (ms): Min: 0.0, Avg: 0.0, Max: 0.0, Diff: 0.0, Sum: 0.0]
         [Termination Attempts: Min: 1, Avg: 1.5, Max: 2, Diff: 1, Sum: 3]
      [GC Worker Other (ms): Min: 0.0, Avg: 0.0, Max: 0.0, Diff: 0.0, Sum: 0.0]
      [GC Worker Total (ms): Min: 17.3, Avg: 17.3, Max: 17.3, Diff: 0.0, Sum: 34.5]
      [GC Worker End (ms): Min: 655327.5, Avg: 655327.5, Max: 655327.5, Diff: 0.0]
   [Code Root Fixup: 0.0 ms]
   [Code Root Purge: 0.0 ms]
   [Clear CT: 0.1 ms]
   [Other: 0.5 ms]
      [Choose CSet: 0.0 ms]
      [Ref Proc: 0.2 ms]
      [Ref Enq: 0.0 ms]
      [Redirty Cards: 0.1 ms]
      [Humongous Register: 0.0 ms]
      [Humongous Reclaim: 0.0 ms]
      [Free CSet: 0.2 ms]
   [Eden: 257.0M(257.0M)->0.0B(253.0M) Survivors: 11264.0K->15360.0K Heap: 403.9M(472.0M)->151.4M(472.0M)]
 [Times: user=0.03 sys=0.00, real=0.02 secs] 
2024-07-06T11:35:01.602+0800: 655.768: [GC pause (G1 Evacuation Pause) (young), 0.0130999 secs]
   [Parallel Time: 12.6 ms, GC Workers: 2]
      [GC Worker Start (ms): Min: 655768.5, Avg: 655768.5, Max: 655768.5, Diff: 0.0]
      [Ext Root Scanning (ms): Min: 0.6, Avg: 0.6, Max: 0.6, Diff: 0.0, Sum: 1.2]
      [Update RS (ms): Min: 0.0, Avg: 0.0, Max: 0.0, Diff: 0.0, Sum: 0.1]
         [Processed Buffers: Min: 1, Avg: 2.5, Max: 4, Diff: 3, Sum: 5]
      [Scan RS (ms): Min: 0.1, Avg: 0.1, Max: 0.1, Diff: 0.0, Sum: 0.2]
      [Code Root Scanning (ms): Min: 0.0, Avg: 0.0, Max: 0.0, Diff: 0.0, Sum: 0.0]
      [Object Copy (ms): Min: 11.8, Avg: 11.8, Max: 11.8, Diff: 0.0, Sum: 23.6]
      [Termination (ms): Min: 0.0, Avg: 0.0, Max: 0.0, Diff: 0.0, Sum: 0.0]
         [Termination Attempts: Min: 1, Avg: 1.0, Max: 1, Diff: 0, Sum: 2]
      [GC Worker Other (ms): Min: 0.0, Avg: 0.0, Max: 0.0, Diff: 0.0, Sum: 0.0]
      [GC Worker Total (ms): Min: 12.5, Avg: 12.6, Max: 12.6, Diff: 0.0, Sum: 25.1]
      [GC Worker End (ms): Min: 655781.0, Avg: 655781.0, Max: 655781.0, Diff: 0.0]
   [Code Root Fixup: 0.0 ms]
   [Code Root Purge: 0.0 ms]
   [Clear CT: 0.1 ms]
   [Other: 0.4 ms]
      [Choose CSet: 0.0 ms]
      [Ref Proc: 0.1 ms]
      [Ref Enq: 0.0 ms]
      [Redirty Cards: 0.1 ms]
      [Humongous Register: 0.0 ms]
      [Humongous Reclaim: 0.0 ms]
      [Free CSet: 0.1 ms]
   [Eden: 253.0M(253.0M)->0.0B(258.0M) Survivors: 15360.0K->11264.0K Heap: 404.4M(472.0M)->146.9M(472.0M)]
 [Times: user=0.03 sys=0.00, real=0.02 secs] 
2024-07-06T11:35:02.095+0800: 656.261: [GC pause (G1 Evacuation Pause) (young), 0.0151732 secs]
   [Parallel Time: 14.6 ms, GC Workers: 2]
      [GC Worker Start (ms): Min: 656261.5, Avg: 656261.5, Max: 656261.5, Diff: 0.0]
      [Ext Root Scanning (ms): Min: 0.6, Avg: 0.6, Max: 0.6, Diff: 0.0, Sum: 1.2]
      [Update RS (ms): Min: 0.0, Avg: 0.0, Max: 0.0, Diff: 0.0, Sum: 0.1]
         [Processed Buffers: Min: 2, Avg: 3.0, Max: 4, Diff: 2, Sum: 6]
      [Scan RS (ms): Min: 0.1, Avg: 0.1, Max: 0.1, Diff: 0.0, Sum: 0.2]
      [Code Root Scanning (ms): Min: 0.0, Avg: 0.0, Max: 0.0, Diff: 0.0, Sum: 0.0]
      [Object Copy (ms): Min: 13.7, Avg: 13.8, Max: 13.8, Diff: 0.0, Sum: 27.5]
      [Termination (ms): Min: 0.0, Avg: 0.0, Max: 0.0, Diff: 0.0, Sum: 0.0]
         [Termination Attempts: Min: 1, Avg: 1.0, Max: 1, Diff: 0, Sum: 2]
      [GC Worker Other (ms): Min: 0.0, Avg: 0.0, Max: 0.0, Diff: 0.0, Sum: 0.0]
      [GC Worker Total (ms): Min: 14.5, Avg: 14.5, Max: 14.5, Diff: 0.0, Sum: 29.0]
      [GC Worker End (ms): Min: 656276.0, Avg: 656276.0, Max: 656276.0, Diff: 0.0]
   [Code Root Fixup: 0.0 ms]
   [Code Root Purge: 0.0 ms]
   [Clear CT: 0.1 ms]
   [Other: 0.5 ms]
      [Choose CSet: 0.0 ms]
      [Ref Proc: 0.1 ms]
      [Ref Enq: 0.0 ms]
      [Redirty Cards: 0.1 ms]
      [Humongous Register: 0.0 ms]
      [Humongous Reclaim: 0.0 ms]
      [Free CSet: 0.2 ms]
   [Eden: 258.0M(258.0M)->0.0B(257.0M) Survivors: 11264.0K->12288.0K Heap: 404.9M(472.0M)->147.9M(472.0M)]
 [Times: user=0.03 sys=0.00, real=0.01 secs] 
2024-07-06T11:35:02.521+0800: 656.687: [GC pause (G1 Evacuation Pause) (young), 0.0147596 secs]
   [Parallel Time: 14.1 ms, GC Workers: 2]
      [GC Worker Start (ms): Min: 656687.3, Avg: 656687.3, Max: 656687.4, Diff: 0.0]
      [Ext Root Scanning (ms): Min: 0.6, Avg: 0.6, Max: 0.6, Diff: 0.0, Sum: 1.2]
      [Update RS (ms): Min: 0.0, Avg: 0.0, Max: 0.1, Diff: 0.0, Sum: 0.1]
         [Processed Buffers: Min: 2, Avg: 3.0, Max: 4, Diff: 2, Sum: 6]
      [Scan RS (ms): Min: 0.1, Avg: 0.1, Max: 0.1, Diff: 0.0, Sum: 0.2]
      [Code Root Scanning (ms): Min: 0.0, Avg: 0.0, Max: 0.0, Diff: 0.0, Sum: 0.0]
      [Object Copy (ms): Min: 13.2, Avg: 13.3, Max: 13.3, Diff: 0.1, Sum: 26.5]
      [Termination (ms): Min: 0.0, Avg: 0.0, Max: 0.0, Diff: 0.0, Sum: 0.0]
         [Termination Attempts: Min: 1, Avg: 1.0, Max: 1, Diff: 0, Sum: 2]
      [GC Worker Other (ms): Min: 0.0, Avg: 0.0, Max: 0.0, Diff: 0.0, Sum: 0.0]
      [GC Worker Total (ms): Min: 14.0, Avg: 14.0, Max: 14.0, Diff: 0.0, Sum: 28.0]
      [GC Worker End (ms): Min: 656701.3, Avg: 656701.3, Max: 656701.3, Diff: 0.0]
   [Code Root Fixup: 0.0 ms]
   [Code Root Purge: 0.0 ms]
   [Clear CT: 0.1 ms]
   [Other: 0.6 ms]
      [Choose CSet: 0.0 ms]
      [Ref Proc: 0.1 ms]
      [Ref Enq: 0.0 ms]
      [Redirty Cards: 0.1 ms]
      [Humongous Register: 0.0 ms]
      [Humongous Reclaim: 0.0 ms]
      [Free CSet: 0.2 ms]
   [Eden: 257.0M(257.0M)->0.0B(256.0M) Survivors: 12288.0K->13312.0K Heap: 404.9M(472.0M)->148.9M(472.0M)]
 [Times: user=0.03 sys=0.00, real=0.02 secs] 
2024-07-06T11:35:02.963+0800: 657.129: [GC pause (G1 Evacuation Pause) (young), 0.0130083 secs]
   [Parallel Time: 12.5 ms, GC Workers: 2]
      [GC Worker Start (ms): Min: 657129.5, Avg: 657129.6, Max: 657129.6, Diff: 0.0]
      [Ext Root Scanning (ms): Min: 0.6, Avg: 0.6, Max: 0.6, Diff: 0.0, Sum: 1.2]
      [Update RS (ms): Min: 0.0, Avg: 0.0, Max: 0.0, Diff: 0.0, Sum: 0.0]
         [Processed Buffers: Min: 1, Avg: 2.5, Max: 4, Diff: 3, Sum: 5]
      [Scan RS (ms): Min: 0.1, Avg: 0.1, Max: 0.1, Diff: 0.0, Sum: 0.2]
      [Code Root Scanning (ms): Min: 0.0, Avg: 0.0, Max: 0.0, Diff: 0.0, Sum: 0.0]
      [Object Copy (ms): Min: 11.7, Avg: 11.7, Max: 11.7, Diff: 0.0, Sum: 23.5]
      [Termination (ms): Min: 0.0, Avg: 0.0, Max: 0.0, Diff: 0.0, Sum: 0.0]
         [Termination Attempts: Min: 1, Avg: 1.0, Max: 1, Diff: 0, Sum: 2]
      [GC Worker Other (ms): Min: 0.0, Avg: 0.0, Max: 0.0, Diff: 0.0, Sum: 0.0]
      [GC Worker Total (ms): Min: 12.4, Avg: 12.4, Max: 12.5, Diff: 0.0, Sum: 24.9]
      [GC Worker End (ms): Min: 657142.0, Avg: 657142.0, Max: 657142.0, Diff: 0.0]
   [Code Root Fixup: 0.0 ms]
   [Code Root Purge: 0.0 ms]
   [Clear CT: 0.1 ms]
   [Other: 0.4 ms]
      [Choose CSet: 0.0 ms]
      [Ref Proc: 0.1 ms]
      [Ref Enq: 0.0 ms]
      [Redirty Cards: 0.0 ms]
      [Humongous Register: 0.0 ms]
      [Humongous Reclaim: 0.0 ms]
      [Free CSet: 0.1 ms]
   [Eden: 256.0M(256.0M)->0.0B(258.0M) Survivors: 13312.0K->12288.0K Heap: 404.9M(472.0M)->147.9M(472.0M)]
 [Times: user=0.03 sys=0.00, real=0.02 secs] 
2024-07-06T11:35:03.439+0800: 657.605: [GC pause (G1 Evacuation Pause) (young), 0.0147146 secs]
   [Parallel Time: 14.2 ms, GC Workers: 2]
      [GC Worker Start (ms): Min: 657605.5, Avg: 657605.6, Max: 657605.6, Diff: 0.0]
      [Ext Root Scanning (ms): Min: 0.5, Avg: 0.5, Max: 0.5, Diff: 0.0, Sum: 1.0]
      [Update RS (ms): Min: 0.0, Avg: 0.0, Max: 0.0, Diff: 0.0, Sum: 0.1]
         [Processed Buffers: Min: 1, Avg: 2.5, Max: 4, Diff: 3, Sum: 5]
      [Scan RS (ms): Min: 0.1, Avg: 0.1, Max: 0.1, Diff: 0.0, Sum: 0.1]
      [Code Root Scanning (ms): Min: 0.0, Avg: 0.0, Max: 0.0, Diff: 0.0, Sum: 0.0]
      [Object Copy (ms): Min: 13.5, Avg: 13.5, Max: 13.5, Diff: 0.0, Sum: 27.1]
      [Termination (ms): Min: 0.0, Avg: 0.0, Max: 0.0, Diff: 0.0, Sum: 0.0]
         [Termination Attempts: Min: 1, Avg: 1.0, Max: 1, Diff: 0, Sum: 2]
      [GC Worker Other (ms): Min: 0.0, Avg: 0.0, Max: 0.0, Diff: 0.0, Sum: 0.0]
      [GC Worker Total (ms): Min: 14.2, Avg: 14.2, Max: 14.2, Diff: 0.0, Sum: 28.4]
      [GC Worker End (ms): Min: 657619.7, Avg: 657619.7, Max: 657619.7, Diff: 0.0]
   [Code Root Fixup: 0.0 ms]
   [Code Root Purge: 0.0 ms]
   [Clear CT: 0.1 ms]
   [Other: 0.4 ms]
      [Choose CSet: 0.0 ms]
      [Ref Proc: 0.1 ms]
      [Ref Enq: 0.0 ms]
      [Redirty Cards: 0.1 ms]
      [Humongous Register: 0.0 ms]
      [Humongous Reclaim: 0.0 ms]
      [Free CSet: 0.1 ms]
   [Eden: 258.0M(258.0M)->0.0B(255.0M) Survivors: 12288.0K->14336.0K Heap: 405.9M(472.0M)->149.9M(472.0M)]
 [Times: user=0.02 sys=0.00, real=0.01 secs] 
2024-07-06T11:35:03.874+0800: 658.040: [GC pause (G1 Evacuation Pause) (young), 0.0164658 secs]
   [Parallel Time: 15.9 ms, GC Workers: 2]
      [GC Worker Start (ms): Min: 658039.8, Avg: 658039.8, Max: 658039.8, Diff: 0.0]
      [Ext Root Scanning (ms): Min: 0.5, Avg: 0.5, Max: 0.6, Diff: 0.0, Sum: 1.1]
      [Update RS (ms): Min: 0.0, Avg: 0.0, Max: 0.0, Diff: 0.0, Sum: 0.0]
         [Processed Buffers: Min: 0, Avg: 2.5, Max: 5, Diff: 5, Sum: 5]
      [Scan RS (ms): Min: 0.1, Avg: 0.1, Max: 0.1, Diff: 0.0, Sum: 0.2]
      [Code Root Scanning (ms): Min: 0.0, Avg: 0.0, Max: 0.0, Diff: 0.0, Sum: 0.0]
      [Object Copy (ms): Min: 15.2, Avg: 15.2, Max: 15.2, Diff: 0.0, Sum: 30.4]
      [Termination (ms): Min: 0.0, Avg: 0.0, Max: 0.0, Diff: 0.0, Sum: 0.0]
         [Termination Attempts: Min: 1, Avg: 1.0, Max: 1, Diff: 0, Sum: 2]
      [GC Worker Other (ms): Min: 0.0, Avg: 0.0, Max: 0.0, Diff: 0.0, Sum: 0.0]
      [GC Worker Total (ms): Min: 15.9, Avg: 15.9, Max: 15.9, Diff: 0.0, Sum: 31.7]
      [GC Worker End (ms): Min: 658055.7, Avg: 658055.7, Max: 658055.7, Diff: 0.0]
   [Code Root Fixup: 0.0 ms]
   [Code Root Purge: 0.0 ms]
   [Clear CT: 0.1 ms]
   [Other: 0.4 ms]
      [Choose CSet: 0.0 ms]
      [Ref Proc: 0.1 ms]
      [Ref Enq: 0.0 ms]
      [Redirty Cards: 0.0 ms]
      [Humongous Register: 0.0 ms]
      [Humongous Reclaim: 0.0 ms]
      [Free CSet: 0.2 ms]
   [Eden: 255.0M(255.0M)->0.0B(255.0M) Survivors: 14336.0K->14336.0K Heap: 404.9M(472.0M)->150.4M(472.0M)]
 [Times: user=0.03 sys=0.00, real=0.02 secs] 
2024-07-06T11:35:04.319+0800: 658.486: [GC pause (G1 Evacuation Pause) (young), 0.0172757 secs]
   [Parallel Time: 16.7 ms, GC Workers: 2]
      [GC Worker Start (ms): Min: 658485.6, Avg: 658485.6, Max: 658485.6, Diff: 0.0]
      [Ext Root Scanning (ms): Min: 0.5, Avg: 0.5, Max: 0.5, Diff: 0.0, Sum: 1.1]
      [Update RS (ms): Min: 0.0, Avg: 0.0, Max: 0.0, Diff: 0.0, Sum: 0.1]
         [Processed Buffers: Min: 1, Avg: 2.0, Max: 3, Diff: 2, Sum: 4]
      [Scan RS (ms): Min: 0.1, Avg: 0.1, Max: 0.1, Diff: 0.0, Sum: 0.1]
      [Code Root Scanning (ms): Min: 0.0, Avg: 0.0, Max: 0.0, Diff: 0.0, Sum: 0.0]
      [Object Copy (ms): Min: 16.0, Avg: 16.0, Max: 16.1, Diff: 0.0, Sum: 32.1]
      [Termination (ms): Min: 0.0, Avg: 0.0, Max: 0.0, Diff: 0.0, Sum: 0.0]
         [Termination Attempts: Min: 1, Avg: 1.0, Max: 1, Diff: 0, Sum: 2]
      [GC Worker Other (ms): Min: 0.0, Avg: 0.0, Max: 0.0, Diff: 0.0, Sum: 0.0]
      [GC Worker Total (ms): Min: 16.7, Avg: 16.7, Max: 16.7, Diff: 0.0, Sum: 33.4]
      [GC Worker End (ms): Min: 658502.3, Avg: 658502.3, Max: 658502.3, Diff: 0.0]
   [Code Root Fixup: 0.0 ms]
   [Code Root Purge: 0.0 ms]
   [Clear CT: 0.1 ms]
   [Other: 0.4 ms]
      [Choose CSet: 0.0 ms]
      [Ref Proc: 0.1 ms]
      [Ref Enq: 0.0 ms]
      [Redirty Cards: 0.0 ms]
      [Humongous Register: 0.0 ms]
      [Humongous Reclaim: 0.0 ms]
      [Free CSet: 0.1 ms]
   [Eden: 255.0M(255.0M)->0.0B(253.0M) Survivors: 14336.0K->15360.0K Heap: 405.4M(472.0M)->150.9M(472.0M)]
 [Times: user=0.03 sys=0.00, real=0.02 secs] 
2024-07-06T11:35:04.764+0800: 658.930: [GC pause (G1 Evacuation Pause) (young), 0.0158927 secs]
   [Parallel Time: 15.3 ms, GC Workers: 2]
      [GC Worker Start (ms): Min: 658930.4, Avg: 658930.4, Max: 658930.4, Diff: 0.0]
      [Ext Root Scanning (ms): Min: 0.6, Avg: 0.6, Max: 0.6, Diff: 0.0, Sum: 1.1]
      [Update RS (ms): Min: 0.0, Avg: 0.0, Max: 0.0, Diff: 0.0, Sum: 0.1]
         [Processed Buffers: Min: 1, Avg: 2.5, Max: 4, Diff: 3, Sum: 5]
      [Scan RS (ms): Min: 0.1, Avg: 0.1, Max: 0.1, Diff: 0.0, Sum: 0.2]
      [Code Root Scanning (ms): Min: 0.0, Avg: 0.0, Max: 0.0, Diff: 0.0, Sum: 0.0]
      [Object Copy (ms): Min: 14.6, Avg: 14.6, Max: 14.6, Diff: 0.0, Sum: 29.1]
      [Termination (ms): Min: 0.0, Avg: 0.0, Max: 0.0, Diff: 0.0, Sum: 0.0]
         [Termination Attempts: Min: 3, Avg: 4.0, Max: 5, Diff: 2, Sum: 8]
      [GC Worker Other (ms): Min: 0.0, Avg: 0.0, Max: 0.0, Diff: 0.0, Sum: 0.0]
      [GC Worker Total (ms): Min: 15.2, Avg: 15.3, Max: 15.3, Diff: 0.0, Sum: 30.5]
      [GC Worker End (ms): Min: 658945.7, Avg: 658945.7, Max: 658945.7, Diff: 0.0]
   [Code Root Fixup: 0.0 ms]
   [Code Root Purge: 0.0 ms]
   [Clear CT: 0.1 ms]
   [Other: 0.4 ms]
      [Choose CSet: 0.0 ms]
      [Ref Proc: 0.1 ms]
      [Ref Enq: 0.0 ms]
      [Redirty Cards: 0.1 ms]
      [Humongous Register: 0.0 ms]
      [Humongous Reclaim: 0.0 ms]
      [Free CSet: 0.1 ms]
   [Eden: 253.0M(253.0M)->0.0B(253.0M) Survivors: 15360.0K->15360.0K Heap: 403.9M(472.0M)->150.9M(472.0M)]
 [Times: user=0.04 sys=0.00, real=0.02 secs] 
2024-07-06T11:35:05.209+0800: 659.376: [GC pause (G1 Evacuation Pause) (young), 0.0256497 secs]
   [Parallel Time: 24.2 ms, GC Workers: 2]
      [GC Worker Start (ms): Min: 659375.6, Avg: 659375.6, Max: 659375.6, Diff: 0.0]
      [Ext Root Scanning (ms): Min: 0.6, Avg: 0.6, Max: 0.6, Diff: 0.0, Sum: 1.1]
      [Update RS (ms): Min: 0.0, Avg: 0.0, Max: 0.0, Diff: 0.0, Sum: 0.1]
         [Processed Buffers: Min: 1, Avg: 2.5, Max: 4, Diff: 3, Sum: 5]
      [Scan RS (ms): Min: 0.1, Avg: 0.1, Max: 0.1, Diff: 0.0, Sum: 0.1]
      [Code Root Scanning (ms): Min: 0.0, Avg: 0.0, Max: 0.0, Diff: 0.0, Sum: 0.0]
      [Object Copy (ms): Min: 23.5, Avg: 23.5, Max: 23.5, Diff: 0.0, Sum: 47.0]
      [Termination (ms): Min: 0.0, Avg: 0.0, Max: 0.0, Diff: 0.0, Sum: 0.0]
         [Termination Attempts: Min: 1, Avg: 1.0, Max: 1, Diff: 0, Sum: 2]
      [GC Worker Other (ms): Min: 0.0, Avg: 0.0, Max: 0.0, Diff: 0.0, Sum: 0.0]
      [GC Worker Total (ms): Min: 24.2, Avg: 24.2, Max: 24.2, Diff: 0.0, Sum: 48.4]
      [GC Worker End (ms): Min: 659399.8, Avg: 659399.8, Max: 659399.8, Diff: 0.0]
   [Code Root Fixup: 0.0 ms]
   [Code Root Purge: 0.0 ms]
   [Clear CT: 0.2 ms]
   [Other: 1.2 ms]
      [Choose CSet: 0.0 ms]
      [Ref Proc: 0.9 ms]
      [Ref Enq: 0.0 ms]
      [Redirty Cards: 0.0 ms]
      [Humongous Register: 0.0 ms]
      [Humongous Reclaim: 0.0 ms]
      [Free CSet: 0.2 ms]
   [Eden: 253.0M(253.0M)->0.0B(250.0M) Survivors: 15360.0K->17408.0K Heap: 403.9M(472.0M)->153.4M(472.0M)]
 [Times: user=0.04 sys=0.00, real=0.03 secs] 
2024-07-06T11:35:05.665+0800: 659.832: [GC pause (G1 Evacuation Pause) (young), 0.0128463 secs]
   [Parallel Time: 12.3 ms, GC Workers: 2]
      [GC Worker Start (ms): Min: 659831.7, Avg: 659831.7, Max: 659831.7, Diff: 0.0]
      [Ext Root Scanning (ms): Min: 0.6, Avg: 0.6, Max: 0.6, Diff: 0.0, Sum: 1.1]
      [Update RS (ms): Min: 0.0, Avg: 0.0, Max: 0.0, Diff: 0.0, Sum: 0.1]
         [Processed Buffers: Min: 1, Avg: 2.5, Max: 4, Diff: 3, Sum: 5]
      [Scan RS (ms): Min: 0.1, Avg: 0.1, Max: 0.1, Diff: 0.0, Sum: 0.1]
      [Code Root Scanning (ms): Min: 0.0, Avg: 0.0, Max: 0.0, Diff: 0.0, Sum: 0.0]
      [Object Copy (ms): Min: 11.5, Avg: 11.5, Max: 11.5, Diff: 0.0, Sum: 23.1]
      [Termination (ms): Min: 0.0, Avg: 0.0, Max: 0.0, Diff: 0.0, Sum: 0.0]
         [Termination Attempts: Min: 1, Avg: 1.0, Max: 1, Diff: 0, Sum: 2]
      [GC Worker Other (ms): Min: 0.0, Avg: 0.0, Max: 0.0, Diff: 0.0, Sum: 0.0]
      [GC Worker Total (ms): Min: 12.2, Avg: 12.2, Max: 12.2, Diff: 0.0, Sum: 24.5]
      [GC Worker End (ms): Min: 659843.9, Avg: 659843.9, Max: 659843.9, Diff: 0.0]
   [Code Root Fixup: 0.0 ms]
   [Code Root Purge: 0.0 ms]
   [Clear CT: 0.1 ms]
   [Other: 0.4 ms]
      [Choose CSet: 0.0 ms]
      [Ref Proc: 0.1 ms]
      [Ref Enq: 0.0 ms]
      [Redirty Cards: 0.0 ms]
      [Humongous Register: 0.0 ms]
      [Humongous Reclaim: 0.0 ms]
      [Free CSet: 0.1 ms]
   [Eden: 250.0M(250.0M)->0.0B(254.0M) Survivors: 17408.0K->13312.0K Heap: 403.4M(472.0M)->148.9M(472.0M)]
 [Times: user=0.02 sys=0.00, real=0.02 secs] 
2024-07-06T11:35:06.072+0800: 660.239: [GC pause (G1 Evacuation Pause) (young), 0.0160823 secs]
   [Parallel Time: 15.5 ms, GC Workers: 2]
      [GC Worker Start (ms): Min: 660238.8, Avg: 660238.8, Max: 660238.8, Diff: 0.0]
      [Ext Root Scanning (ms): Min: 0.5, Avg: 0.5, Max: 0.5, Diff: 0.0, Sum: 1.1]
      [Update RS (ms): Min: 0.0, Avg: 0.0, Max: 0.0, Diff: 0.0, Sum: 0.1]
         [Processed Buffers: Min: 1, Avg: 2.5, Max: 4, Diff: 3, Sum: 5]
      [Scan RS (ms): Min: 0.1, Avg: 0.1, Max: 0.1, Diff: 0.0, Sum: 0.2]
      [Code Root Scanning (ms): Min: 0.0, Avg: 0.0, Max: 0.0, Diff: 0.0, Sum: 0.0]
      [Object Copy (ms): Min: 14.8, Avg: 14.8, Max: 14.8, Diff: 0.0, Sum: 29.6]
      [Termination (ms): Min: 0.0, Avg: 0.0, Max: 0.0, Diff: 0.0, Sum: 0.0]
         [Termination Attempts: Min: 1, Avg: 1.0, Max: 1, Diff: 0, Sum: 2]
      [GC Worker Other (ms): Min: 0.0, Avg: 0.0, Max: 0.0, Diff: 0.0, Sum: 0.0]
      [GC Worker Total (ms): Min: 15.4, Avg: 15.4, Max: 15.4, Diff: 0.0, Sum: 30.8]
      [GC Worker End (ms): Min: 660254.2, Avg: 660254.2, Max: 660254.2, Diff: 0.0]
   [Code Root Fixup: 0.0 ms]
   [Code Root Purge: 0.0 ms]
   [Clear CT: 0.2 ms]
   [Other: 0.4 ms]
      [Choose CSet: 0.0 ms]
      [Ref Proc: 0.1 ms]
      [Ref Enq: 0.0 ms]
      [Redirty Cards: 0.0 ms]
      [Humongous Register: 0.0 ms]
      [Humongous Reclaim: 0.0 ms]
      [Free CSet: 0.1 ms]
   [Eden: 254.0M(254.0M)->0.0B(251.0M) Survivors: 13312.0K->16384.0K Heap: 402.9M(472.0M)->152.4M(472.0M)]
 [Times: user=0.04 sys=0.00, real=0.02 secs] 
2024-07-06T11:35:06.537+0800: 660.703: [GC pause (G1 Evacuation Pause) (young), 0.0102404 secs]
   [Parallel Time: 9.6 ms, GC Workers: 2]
      [GC Worker Start (ms): Min: 660703.5, Avg: 660704.2, Max: 660705.0, Diff: 1.5]
      [Ext Root Scanning (ms): Min: 0.0, Avg: 0.4, Max: 0.7, Diff: 0.7, Sum: 0.7]
      [Update RS (ms): Min: 0.0, Avg: 0.0, Max: 0.0, Diff: 0.0, Sum: 0.0]
         [Processed Buffers: Min: 0, Avg: 2.5, Max: 5, Diff: 5, Sum: 5]
      [Scan RS (ms): Min: 0.0, Avg: 0.1, Max: 0.1, Diff: 0.1, Sum: 0.1]
      [Code Root Scanning (ms): Min: 0.0, Avg: 0.0, Max: 0.0, Diff: 0.0, Sum: 0.0]
      [Object Copy (ms): Min: 8.0, Avg: 8.4, Max: 8.7, Diff: 0.6, Sum: 16.7]
      [Termination (ms): Min: 0.0, Avg: 0.0, Max: 0.0, Diff: 0.0, Sum: 0.0]
         [Termination Attempts: Min: 1, Avg: 1.0, Max: 1, Diff: 0, Sum: 2]
      [GC Worker Other (ms): Min: 0.0, Avg: 0.0, Max: 0.0, Diff: 0.0, Sum: 0.0]
      [GC Worker Total (ms): Min: 8.1, Avg: 8.8, Max: 9.6, Diff: 1.5, Sum: 17.6]
      [GC Worker End (ms): Min: 660713.0, Avg: 660713.0, Max: 660713.0, Diff: 0.0]
   [Code Root Fixup: 0.0 ms]
   [Code Root Purge: 0.0 ms]
   [Clear CT: 0.1 ms]
   [Other: 0.5 ms]
      [Choose CSet: 0.0 ms]
      [Ref Proc: 0.1 ms]
      [Ref Enq: 0.0 ms]
      [Redirty Cards: 0.1 ms]
      [Humongous Register: 0.0 ms]
      [Humongous Reclaim: 0.0 ms]
      [Free CSet: 0.1 ms]
   [Eden: 251.0M(251.0M)->0.0B(262.0M) Survivors: 16384.0K->7168.0K Heap: 403.4M(472.0M)->142.9M(472.0M)]
 [Times: user=0.01 sys=0.00, real=0.01 secs] 
2024-07-06T11:35:06.980+0800: 661.146: [GC pause (G1 Evacuation Pause) (young), 0.0120680 secs]
   [Parallel Time: 11.4 ms, GC Workers: 2]
      [GC Worker Start (ms): Min: 661145.9, Avg: 661145.9, Max: 661146.0, Diff: 0.0]
      [Ext Root Scanning (ms): Min: 0.5, Avg: 0.6, Max: 0.6, Diff: 0.1, Sum: 1.1]
      [Update RS (ms): Min: 0.0, Avg: 0.0, Max: 0.0, Diff: 0.0, Sum: 0.1]
         [Processed Buffers: Min: 1, Avg: 2.5, Max: 4, Diff: 3, Sum: 5]
      [Scan RS (ms): Min: 0.1, Avg: 0.1, Max: 0.1, Diff: 0.0, Sum: 0.2]
      [Code Root Scanning (ms): Min: 0.0, Avg: 0.0, Max: 0.0, Diff: 0.0, Sum: 0.0]
      [Object Copy (ms): Min: 10.7, Avg: 10.7, Max: 10.7, Diff: 0.0, Sum: 21.3]
      [Termination (ms): Min: 0.0, Avg: 0.0, Max: 0.0, Diff: 0.0, Sum: 0.0]
         [Termination Attempts: Min: 1, Avg: 1.0, Max: 1, Diff: 0, Sum: 2]
      [GC Worker Other (ms): Min: 0.0, Avg: 0.0, Max: 0.0, Diff: 0.0, Sum: 0.1]
      [GC Worker Total (ms): Min: 11.4, Avg: 11.4, Max: 11.4, Diff: 0.0, Sum: 22.8]
      [GC Worker End (ms): Min: 661157.3, Avg: 661157.3, Max: 661157.3, Diff: 0.0]
   [Code Root Fixup: 0.0 ms]
   [Code Root Purge: 0.0 ms]
   [Clear CT: 0.2 ms]
   [Other: 0.5 ms]
      [Choose CSet: 0.0 ms]
      [Ref Proc: 0.1 ms]
      [Ref Enq: 0.0 ms]
      [Redirty Cards: 0.0 ms]
      [Humongous Register: 0.0 ms]
      [Humongous Reclaim: 0.0 ms]
      [Free CSet: 0.2 ms]
   [Eden: 262.0M(262.0M)->0.0B(259.0M) Survivors: 7168.0K->11264.0K Heap: 404.9M(472.0M)->146.9M(472.0M)]
 [Times: user=0.02 sys=0.00, real=0.01 secs] 
2024-07-06T11:35:07.447+0800: 661.613: [GC pause (G1 Evacuation Pause) (young), 0.0168699 secs]
   [Parallel Time: 16.3 ms, GC Workers: 2]
      [GC Worker Start (ms): Min: 661613.6, Avg: 661614.4, Max: 661615.2, Diff: 1.6]
      [Ext Root Scanning (ms): Min: 0.0, Avg: 0.4, Max: 0.8, Diff: 0.8, Sum: 0.8]
      [Update RS (ms): Min: 0.0, Avg: 0.0, Max: 0.0, Diff: 0.0, Sum: 0.0]
         [Processed Buffers: Min: 0, Avg: 2.5, Max: 5, Diff: 5, Sum: 5]
      [Scan RS (ms): Min: 0.0, Avg: 0.1, Max: 0.1, Diff: 0.1, Sum: 0.2]
      [Code Root Scanning (ms): Min: 0.0, Avg: 0.0, Max: 0.0, Diff: 0.0, Sum: 0.0]
      [Object Copy (ms): Min: 14.6, Avg: 14.9, Max: 15.2, Diff: 0.6, Sum: 29.8]
      [Termination (ms): Min: 0.0, Avg: 0.0, Max: 0.0, Diff: 0.0, Sum: 0.0]
         [Termination Attempts: Min: 1, Avg: 1.0, Max: 1, Diff: 0, Sum: 2]
      [GC Worker Other (ms): Min: 0.0, Avg: 0.0, Max: 0.0, Diff: 0.0, Sum: 0.0]
      [GC Worker Total (ms): Min: 14.6, Avg: 15.4, Max: 16.2, Diff: 1.6, Sum: 30.8]
      [GC Worker End (ms): Min: 661629.8, Avg: 661629.8, Max: 661629.8, Diff: 0.0]
   [Code Root Fixup: 0.0 ms]
   [Code Root Purge: 0.0 ms]
   [Clear CT: 0.1 ms]
   [Other: 0.4 ms]
      [Choose CSet: 0.0 ms]
      [Ref Proc: 0.1 ms]
      [Ref Enq: 0.0 ms]
      [Redirty Cards: 0.0 ms]
      [Humongous Register: 0.0 ms]
      [Humongous Reclaim: 0.0 ms]
      [Free CSet: 0.1 ms]
   [Eden: 259.0M(259.0M)->0.0B(256.0M) Survivors: 11264.0K->14336.0K Heap: 405.9M(472.0M)->149.9M(472.0M)]
 [Times: user=0.03 sys=0.00, real=0.01 secs] 
2024-07-06T11:35:07.857+0800: 662.024: [GC pause (G1 Evacuation Pause) (young), 0.0136083 secs]
   [Parallel Time: 13.1 ms, GC Workers: 2]
      [GC Worker Start (ms): Min: 662023.6, Avg: 662023.6, Max: 662023.6, Diff: 0.0]
      [Ext Root Scanning (ms): Min: 0.5, Avg: 0.5, Max: 0.5, Diff: 0.0, Sum: 1.0]
      [Update RS (ms): Min: 0.0, Avg: 0.0, Max: 0.0, Diff: 0.0, Sum: 0.1]
         [Processed Buffers: Min: 1, Avg: 2.5, Max: 4, Diff: 3, Sum: 5]
      [Scan RS (ms): Min: 0.1, Avg: 0.1, Max: 0.1, Diff: 0.0, Sum: 0.1]
      [Code Root Scanning (ms): Min: 0.0, Avg: 0.0, Max: 0.0, Diff: 0.0, Sum: 0.0]
      [Object Copy (ms): Min: 12.4, Avg: 12.4, Max: 12.4, Diff: 0.0, Sum: 24.8]
      [Termination (ms): Min: 0.0, Avg: 0.0, Max: 0.0, Diff: 0.0, Sum: 0.0]
         [Termination Attempts: Min: 1, Avg: 2.5, Max: 4, Diff: 3, Sum: 5]
      [GC Worker Other (ms): Min: 0.0, Avg: 0.0, Max: 0.0, Diff: 0.0, Sum: 0.0]
      [GC Worker Total (ms): Min: 13.0, Avg: 13.0, Max: 13.0, Diff: 0.0, Sum: 26.0]
      [GC Worker End (ms): Min: 662036.6, Avg: 662036.6, Max: 662036.6, Diff: 0.0]
   [Code Root Fixup: 0.0 ms]
   [Code Root Purge: 0.0 ms]
   [Clear CT: 0.1 ms]
   [Other: 0.4 ms]
      [Choose CSet: 0.0 ms]
      [Ref Proc: 0.1 ms]
      [Ref Enq: 0.0 ms]
      [Redirty Cards: 0.1 ms]
      [Humongous Register: 0.0 ms]
      [Humongous Reclaim: 0.0 ms]
      [Free CSet: 0.2 ms]
   [Eden: 256.0M(256.0M)->0.0B(255.0M) Survivors: 14336.0K->14336.0K Heap: 405.9M(472.0M)->149.9M(472.0M)]
 [Times: user=0.03 sys=0.00, real=0.01 secs] 
2024-07-06T11:35:08.301+0800: 662.467: [GC pause (G1 Evacuation Pause) (young), 0.0076100 secs]
   [Parallel Time: 7.1 ms, GC Workers: 2]
      [GC Worker Start (ms): Min: 662467.5, Avg: 662467.5, Max: 662467.5, Diff: 0.0]
      [Ext Root Scanning (ms): Min: 0.6, Avg: 0.6, Max: 0.6, Diff: 0.0, Sum: 1.2]
      [Update RS (ms): Min: 0.0, Avg: 0.0, Max: 0.0, Diff: 0.0, Sum: 0.1]
         [Processed Buffers: Min: 2, Avg: 2.5, Max: 3, Diff: 1, Sum: 5]
      [Scan RS (ms): Min: 0.1, Avg: 0.1, Max: 0.1, Diff: 0.0, Sum: 0.1]
      [Code Root Scanning (ms): Min: 0.0, Avg: 0.0, Max: 0.0, Diff: 0.0, Sum: 0.0]
      [Object Copy (ms): Min: 6.3, Avg: 6.3, Max: 6.3, Diff: 0.0, Sum: 12.6]
      [Termination (ms): Min: 0.0, Avg: 0.0, Max: 0.0, Diff: 0.0, Sum: 0.0]
         [Termination Attempts: Min: 1, Avg: 1.0, Max: 1, Diff: 0, Sum: 2]
      [GC Worker Other (ms): Min: 0.0, Avg: 0.0, Max: 0.0, Diff: 0.0, Sum: 0.0]
      [GC Worker Total (ms): Min: 7.0, Avg: 7.0, Max: 7.0, Diff: 0.0, Sum: 14.0]
      [GC Worker End (ms): Min: 662474.5, Avg: 662474.5, Max: 662474.5, Diff: 0.0]
   [Code Root Fixup: 0.0 ms]
   [Code Root Purge: 0.0 ms]
   [Clear CT: 0.1 ms]
   [Other: 0.4 ms]
      [Choose CSet: 0.0 ms]
      [Ref Proc: 0.1 ms]
      [Ref Enq: 0.0 ms]
      [Redirty Cards: 0.0 ms]
      [Humongous Register: 0.0 ms]
      [Humongous Reclaim: 0.0 ms]
      [Free CSet: 0.1 ms]
   [Eden: 255.0M(255.0M)->0.0B(264.0M) Survivors: 14336.0K->7168.0K Heap: 404.9M(472.0M)->143.4M(472.0M)]
 [Times: user=0.02 sys=0.00, real=0.01 secs] 
2024-07-06T11:35:08.725+0800: 662.891: [GC pause (G1 Evacuation Pause) (young), 0.0211741 secs]
   [Parallel Time: 20.7 ms, GC Workers: 2]
      [GC Worker Start (ms): Min: 662891.1, Avg: 662891.1, Max: 662891.1, Diff: 0.0]
      [Ext Root Scanning (ms): Min: 0.5, Avg: 0.5, Max: 0.5, Diff: 0.0, Sum: 0.9]
      [Update RS (ms): Min: 0.0, Avg: 0.0, Max: 0.0, Diff: 0.0, Sum: 0.0]
         [Processed Buffers: Min: 2, Avg: 2.5, Max: 3, Diff: 1, Sum: 5]
      [Scan RS (ms): Min: 0.1, Avg: 0.1, Max: 0.1, Diff: 0.0, Sum: 0.2]
      [Code Root Scanning (ms): Min: 0.0, Avg: 0.0, Max: 0.0, Diff: 0.0, Sum: 0.0]
      [Object Copy (ms): Min: 19.9, Avg: 19.9, Max: 20.0, Diff: 0.0, Sum: 39.9]
      [Termination (ms): Min: 0.0, Avg: 0.0, Max: 0.0, Diff: 0.0, Sum: 0.0]
         [Termination Attempts: Min: 1, Avg: 1.0, Max: 1, Diff: 0, Sum: 2]
      [GC Worker Other (ms): Min: 0.0, Avg: 0.0, Max: 0.0, Diff: 0.0, Sum: 0.0]
      [GC Worker Total (ms): Min: 20.6, Avg: 20.6, Max: 20.6, Diff: 0.0, Sum: 41.1]
      [GC Worker End (ms): Min: 662911.7, Avg: 662911.7, Max: 662911.7, Diff: 0.0]
   [Code Root Fixup: 0.0 ms]
   [Code Root Purge: 0.0 ms]
   [Clear CT: 0.1 ms]
   [Other: 0.4 ms]
      [Choose CSet: 0.0 ms]
      [Ref Proc: 0.1 ms]
      [Ref Enq: 0.0 ms]
      [Redirty Cards: 0.0 ms]
      [Humongous Register: 0.0 ms]
      [Humongous Reclaim: 0.0 ms]
      [Free CSet: 0.2 ms]
   [Eden: 264.0M(264.0M)->0.0B(249.0M) Survivors: 7168.0K->18432.0K Heap: 407.4M(472.0M)->154.4M(472.0M)]
 [Times: user=0.04 sys=0.00, real=0.02 secs] 
2024-07-06T11:35:09.201+0800: 663.368: [GC pause (G1 Evacuation Pause) (young), 0.0075210 secs]
   [Parallel Time: 6.9 ms, GC Workers: 2]
      [GC Worker Start (ms): Min: 663367.6, Avg: 663367.6, Max: 663367.7, Diff: 0.0]
      [Ext Root Scanning (ms): Min: 0.6, Avg: 0.6, Max: 0.7, Diff: 0.1, Sum: 1.3]
      [Update RS (ms): Min: 0.0, Avg: 0.0, Max: 0.1, Diff: 0.1, Sum: 0.1]
         [Processed Buffers: Min: 1, Avg: 2.5, Max: 4, Diff: 3, Sum: 5]
      [Scan RS (ms): Min: 0.1, Avg: 0.1, Max: 0.1, Diff: 0.0, Sum: 0.1]
      [Code Root Scanning (ms): Min: 0.0, Avg: 0.0, Max: 0.0, Diff: 0.0, Sum: 0.0]
      [Object Copy (ms): Min: 6.1, Avg: 6.1, Max: 6.1, Diff: 0.0, Sum: 12.2]
      [Termination (ms): Min: 0.0, Avg: 0.0, Max: 0.0, Diff: 0.0, Sum: 0.0]
         [Termination Attempts: Min: 1, Avg: 1.0, Max: 1, Diff: 0, Sum: 2]
      [GC Worker Other (ms): Min: 0.0, Avg: 0.0, Max: 0.0, Diff: 0.0, Sum: 0.0]
      [GC Worker Total (ms): Min: 6.8, Avg: 6.8, Max: 6.9, Diff: 0.0, Sum: 13.7]
      [GC Worker End (ms): Min: 663374.5, Avg: 663374.5, Max: 663374.5, Diff: 0.0]
   [Code Root Fixup: 0.0 ms]
   [Code Root Purge: 0.0 ms]
   [Clear CT: 0.1 ms]
   [Other: 0.5 ms]
      [Choose CSet: 0.0 ms]
      [Ref Proc: 0.1 ms]
      [Ref Enq: 0.0 ms]
      [Redirty Cards: 0.1 ms]
      [Humongous Register: 0.0 ms]
      [Humongous Reclaim: 0.0 ms]
      [Free CSet: 0.2 ms]
   [Eden: 249.0M(249.0M)->0.0B(264.0M) Survivors: 18432.0K->7168.0K Heap: 403.4M(472.0M)->143.4M(472.0M)]
 [Times: user=0.01 sys=0.00, real=0.01 secs] 
2024-07-06T11:35:09.623+0800: 663.789: [GC pause (G1 Evacuation Pause) (young), 0.0221498 secs]
   [Parallel Time: 21.7 ms, GC Workers: 2]
      [GC Worker Start (ms): Min: 663789.1, Avg: 663789.1, Max: 663789.1, Diff: 0.0]
      [Ext Root Scanning (ms): Min: 0.5, Avg: 0.5, Max: 0.5, Diff: 0.0, Sum: 1.0]
      [Update RS (ms): Min: 0.0, Avg: 0.0, Max: 0.0, Diff: 0.0, Sum: 0.1]
         [Processed Buffers: Min: 2, Avg: 2.5, Max: 3, Diff: 1, Sum: 5]
      [Scan RS (ms): Min: 0.1, Avg: 0.1, Max: 0.1, Diff: 0.0, Sum: 0.1]
      [Code Root Scanning (ms): Min: 0.0, Avg: 0.0, Max: 0.0, Diff: 0.0, Sum: 0.0]
      [Object Copy (ms): Min: 21.0, Avg: 21.0, Max: 21.0, Diff: 0.0, Sum: 41.9]
      [Termination (ms): Min: 0.0, Avg: 0.0, Max: 0.0, Diff: 0.0, Sum: 0.0]
         [Termination Attempts: Min: 1, Avg: 1.0, Max: 1, Diff: 0, Sum: 2]
      [GC Worker Other (ms): Min: 0.0, Avg: 0.0, Max: 0.0, Diff: 0.0, Sum: 0.0]
      [GC Worker Total (ms): Min: 21.6, Avg: 21.6, Max: 21.6, Diff: 0.0, Sum: 43.2]
      [GC Worker End (ms): Min: 663810.7, Avg: 663810.7, Max: 663810.7, Diff: 0.0]
   [Code Root Fixup: 0.0 ms]
   [Code Root Purge: 0.0 ms]
   [Clear CT: 0.1 ms]
   [Other: 0.4 ms]
      [Choose CSet: 0.0 ms]
      [Ref Proc: 0.1 ms]
      [Ref Enq: 0.0 ms]
      [Redirty Cards: 0.1 ms]
      [Humongous Register: 0.0 ms]
      [Humongous Reclaim: 0.0 ms]
      [Free CSet: 0.1 ms]
   [Eden: 264.0M(264.0M)->0.0B(245.0M) Survivors: 7168.0K->20480.0K Heap: 407.4M(472.0M)->156.4M(472.0M)]
 [Times: user=0.04 sys=0.00, real=0.02 secs] 
2024-07-06T11:35:10.067+0800: 664.233: [GC pause (G1 Evacuation Pause) (young), 0.0108941 secs]
   [Parallel Time: 10.3 ms, GC Workers: 2]
      [GC Worker Start (ms): Min: 664233.5, Avg: 664233.5, Max: 664233.5, Diff: 0.0]
      [Ext Root Scanning (ms): Min: 0.5, Avg: 0.5, Max: 0.5, Diff: 0.0, Sum: 1.0]
      [Update RS (ms): Min: 0.0, Avg: 0.0, Max: 0.0, Diff: 0.0, Sum: 0.0]
         [Processed Buffers: Min: 2, Avg: 2.5, Max: 3, Diff: 1, Sum: 5]
      [Scan RS (ms): Min: 0.1, Avg: 0.1, Max: 0.1, Diff: 0.0, Sum: 0.2]
      [Code Root Scanning (ms): Min: 0.0, Avg: 0.0, Max: 0.0, Diff: 0.0, Sum: 0.0]
      [Object Copy (ms): Min: 9.6, Avg: 9.6, Max: 9.6, Diff: 0.0, Sum: 19.2]
      [Termination (ms): Min: 0.0, Avg: 0.0, Max: 0.0, Diff: 0.0, Sum: 0.0]
         [Termination Attempts: Min: 1, Avg: 1.0, Max: 1, Diff: 0, Sum: 2]
      [GC Worker Other (ms): Min: 0.0, Avg: 0.0, Max: 0.0, Diff: 0.0, Sum: 0.0]
      [GC Worker Total (ms): Min: 10.2, Avg: 10.2, Max: 10.2, Diff: 0.0, Sum: 20.4]
      [GC Worker End (ms): Min: 664243.8, Avg: 664243.8, Max: 664243.8, Diff: 0.0]
   [Code Root Fixup: 0.0 ms]
   [Code Root Purge: 0.0 ms]
   [Clear CT: 0.1 ms]
   [Other: 0.5 ms]
      [Choose CSet: 0.0 ms]
      [Ref Proc: 0.1 ms]
      [Ref Enq: 0.0 ms]
      [Redirty Cards: 0.1 ms]
      [Humongous Register: 0.0 ms]
      [Humongous Reclaim: 0.0 ms]
      [Free CSet: 0.2 ms]
   [Eden: 245.0M(245.0M)->0.0B(260.0M) Survivors: 20480.0K->9216.0K Heap: 401.4M(472.0M)->145.5M(472.0M)]
 [Times: user=0.02 sys=0.00, real=0.01 secs] 
2024-07-06T11:35:10.463+0800: 664.629: [GC pause (G1 Evacuation Pause) (young), 0.0182019 secs]
   [Parallel Time: 17.7 ms, GC Workers: 2]
      [GC Worker Start (ms): Min: 664629.2, Avg: 664629.2, Max: 664629.2, Diff: 0.0]
      [Ext Root Scanning (ms): Min: 0.5, Avg: 0.5, Max: 0.5, Diff: 0.0, Sum: 1.0]
      [Update RS (ms): Min: 0.0, Avg: 0.0, Max: 0.0, Diff: 0.0, Sum: 0.1]
         [Processed Buffers: Min: 1, Avg: 3.0, Max: 5, Diff: 4, Sum: 6]
      [Scan RS (ms): Min: 0.1, Avg: 0.1, Max: 0.1, Diff: 0.0, Sum: 0.1]
      [Code Root Scanning (ms): Min: 0.0, Avg: 0.0, Max: 0.0, Diff: 0.0, Sum: 0.0]
      [Object Copy (ms): Min: 17.0, Avg: 17.0, Max: 17.0, Diff: 0.0, Sum: 34.0]
      [Termination (ms): Min: 0.0, Avg: 0.0, Max: 0.0, Diff: 0.0, Sum: 0.0]
         [Termination Attempts: Min: 1, Avg: 2.0, Max: 3, Diff: 2, Sum: 4]
      [GC Worker Other (ms): Min: 0.0, Avg: 0.0, Max: 0.0, Diff: 0.0, Sum: 0.0]
      [GC Worker Total (ms): Min: 17.6, Avg: 17.6, Max: 17.6, Diff: 0.0, Sum: 35.2]
      [GC Worker End (ms): Min: 664646.8, Avg: 664646.8, Max: 664646.8, Diff: 0.0]
   [Code Root Fixup: 0.0 ms]
   [Code Root Purge: 0.0 ms]
   [Clear CT: 0.1 ms]
   [Other: 0.4 ms]
      [Choose CSet: 0.0 ms]
      [Ref Proc: 0.1 ms]
      [Ref Enq: 0.0 ms]
      [Redirty Cards: 0.0 ms]
      [Humongous Register: 0.0 ms]
      [Humongous Reclaim: 0.0 ms]
      [Free CSet: 0.1 ms]
   [Eden: 260.0M(260.0M)->0.0B(249.0M) Survivors: 9216.0K->18432.0K Heap: 405.5M(472.0M)->154.0M(472.0M)]
 [Times: user=0.04 sys=0.00, real=0.02 secs] 
2024-07-06T11:35:10.923+0800: 665.089: [GC pause (G1 Evacuation Pause) (young), 0.0124321 secs]
   [Parallel Time: 12.0 ms, GC Workers: 2]
      [GC Worker Start (ms): Min: 665089.6, Avg: 665089.6, Max: 665089.6, Diff: 0.0]
      [Ext Root Scanning (ms): Min: 0.6, Avg: 0.6, Max: 0.6, Diff: 0.0, Sum: 1.1]
      [Update RS (ms): Min: 0.0, Avg: 0.0, Max: 0.0, Diff: 0.0, Sum: 0.1]
         [Processed Buffers: Min: 2, Avg: 2.5, Max: 3, Diff: 1, Sum: 5]
      [Scan RS (ms): Min: 0.1, Avg: 0.1, Max: 0.1, Diff: 0.0, Sum: 0.2]
      [Code Root Scanning (ms): Min: 0.0, Avg: 0.0, Max: 0.0, Diff: 0.0, Sum: 0.0]
      [Object Copy (ms): Min: 11.1, Avg: 11.2, Max: 11.2, Diff: 0.0, Sum: 22.3]
      [Termination (ms): Min: 0.0, Avg: 0.0, Max: 0.0, Diff: 0.0, Sum: 0.0]
         [Termination Attempts: Min: 1, Avg: 1.0, Max: 1, Diff: 0, Sum: 2]
      [GC Worker Other (ms): Min: 0.0, Avg: 0.0, Max: 0.0, Diff: 0.0, Sum: 0.0]
      [GC Worker Total (ms): Min: 11.9, Avg: 11.9, Max: 11.9, Diff: 0.0, Sum: 23.7]
      [GC Worker End (ms): Min: 665101.4, Avg: 665101.4, Max: 665101.4, Diff: 0.0]
   [Code Root Fixup: 0.0 ms]
   [Code Root Purge: 0.0 ms]
   [Clear CT: 0.1 ms]
   [Other: 0.4 ms]
      [Choose CSet: 0.0 ms]
      [Ref Proc: 0.1 ms]
      [Ref Enq: 0.0 ms]
      [Redirty Cards: 0.0 ms]
      [Humongous Register: 0.0 ms]
      [Humongous Reclaim: 0.0 ms]
      [Free CSet: 0.1 ms]
   [Eden: 249.0M(249.0M)->0.0B(257.0M) Survivors: 18432.0K->11264.0K Heap: 403.0M(472.0M)->147.5M(472.0M)]
 [Times: user=0.02 sys=0.00, real=0.02 secs] 
2024-07-06T11:35:11.333+0800: 665.499: [GC pause (G1 Evacuation Pause) (young), 0.0164674 secs]
   [Parallel Time: 15.9 ms, GC Workers: 2]
      [GC Worker Start (ms): Min: 665499.3, Avg: 665499.3, Max: 665499.3, Diff: 0.0]
      [Ext Root Scanning (ms): Min: 0.5, Avg: 0.5, Max: 0.5, Diff: 0.0, Sum: 1.0]
      [Update RS (ms): Min: 0.0, Avg: 0.0, Max: 0.0, Diff: 0.0, Sum: 0.1]
         [Processed Buffers: Min: 1, Avg: 2.5, Max: 4, Diff: 3, Sum: 5]
      [Scan RS (ms): Min: 0.1, Avg: 0.1, Max: 0.2, Diff: 0.1, Sum: 0.2]
      [Code Root Scanning (ms): Min: 0.0, Avg: 0.0, Max: 0.0, Diff: 0.0, Sum: 0.0]
      [Object Copy (ms): Min: 15.2, Avg: 15.2, Max: 15.2, Diff: 0.1, Sum: 30.4]
      [Termination (ms): Min: 0.0, Avg: 0.0, Max: 0.0, Diff: 0.0, Sum: 0.0]
         [Termination Attempts: Min: 2, Avg: 2.5, Max: 3, Diff: 1, Sum: 5]
      [GC Worker Other (ms): Min: 0.0, Avg: 0.0, Max: 0.0, Diff: 0.0, Sum: 0.0]
      [GC Worker Total (ms): Min: 15.9, Avg: 15.9, Max: 15.9, Diff: 0.0, Sum: 31.7]
      [GC Worker End (ms): Min: 665515.2, Avg: 665515.2, Max: 665515.2, Diff: 0.0]
   [Code Root Fixup: 0.0 ms]
   [Code Root Purge: 0.0 ms]
   [Clear CT: 0.1 ms]
   [Other: 0.4 ms]
      [Choose CSet: 0.0 ms]
      [Ref Proc: 0.1 ms]
      [Ref Enq: 0.0 ms]
      [Redirty Cards: 0.0 ms]
      [Humongous Register: 0.0 ms]
      [Humongous Reclaim: 0.0 ms]
      [Free CSet: 0.2 ms]
   [Eden: 257.0M(257.0M)->0.0B(253.0M) Survivors: 11264.0K->15360.0K Heap: 404.5M(472.0M)->151.5M(472.0M)]
 [Times: user=0.03 sys=0.00, real=0.02 secs] 
2024-07-06T11:35:11.807+0800: 665.973: [GC pause (G1 Evacuation Pause) (young), 0.0161213 secs]
   [Parallel Time: 15.5 ms, GC Workers: 2]
      [GC Worker Start (ms): Min: 665973.6, Avg: 665973.6, Max: 665973.6, Diff: 0.0]
      [Ext Root Scanning (ms): Min: 0.6, Avg: 0.6, Max: 0.6, Diff: 0.0, Sum: 1.1]
      [Update RS (ms): Min: 0.0, Avg: 0.0, Max: 0.0, Diff: 0.0, Sum: 0.1]
         [Processed Buffers: Min: 2, Avg: 2.5, Max: 3, Diff: 1, Sum: 5]
      [Scan RS (ms): Min: 0.1, Avg: 0.1, Max: 0.1, Diff: 0.0, Sum: 0.1]
      [Code Root Scanning (ms): Min: 0.0, Avg: 0.0, Max: 0.0, Diff: 0.0, Sum: 0.0]
      [Object Copy (ms): Min: 14.8, Avg: 14.8, Max: 14.8, Diff: 0.0, Sum: 29.5]
      [Termination (ms): Min: 0.0, Avg: 0.0, Max: 0.0, Diff: 0.0, Sum: 0.0]
         [Termination Attempts: Min: 1, Avg: 1.0, Max: 1, Diff: 0, Sum: 2]
      [GC Worker Other (ms): Min: 0.0, Avg: 0.0, Max: 0.0, Diff: 0.0, Sum: 0.0]
      [GC Worker Total (ms): Min: 15.4, Avg: 15.5, Max: 15.5, Diff: 0.0, Sum: 30.9]
      [GC Worker End (ms): Min: 665989.1, Avg: 665989.1, Max: 665989.1, Diff: 0.0]
   [Code Root Fixup: 0.0 ms]
   [Code Root Purge: 0.0 ms]
   [Clear CT: 0.2 ms]
   [Other: 0.4 ms]
      [Choose CSet: 0.0 ms]
      [Ref Proc: 0.1 ms]
      [Ref Enq: 0.0 ms]
      [Redirty Cards: 0.0 ms]
      [Humongous Register: 0.0 ms]
      [Humongous Reclaim: 0.0 ms]
      [Free CSet: 0.1 ms]
   [Eden: 253.0M(253.0M)->0.0B(254.0M) Survivors: 15360.0K->14336.0K Heap: 404.5M(472.0M)->150.0M(472.0M)]
 [Times: user=0.03 sys=0.00, real=0.01 secs] 
2024-07-06T11:35:12.285+0800: 666.451: [GC pause (G1 Evacuation Pause) (young), 0.0188681 secs]
   [Parallel Time: 18.2 ms, GC Workers: 2]
      [GC Worker Start (ms): Min: 666450.8, Avg: 666450.8, Max: 666450.8, Diff: 0.0]
      [Ext Root Scanning (ms): Min: 0.6, Avg: 0.6, Max: 0.6, Diff: 0.0, Sum: 1.2]
      [Update RS (ms): Min: 0.0, Avg: 0.0, Max: 0.0, Diff: 0.0, Sum: 0.1]
         [Processed Buffers: Min: 1, Avg: 2.5, Max: 4, Diff: 3, Sum: 5]
      [Scan RS (ms): Min: 0.1, Avg: 0.1, Max: 0.1, Diff: 0.0, Sum: 0.2]
      [Code Root Scanning (ms): Min: 0.0, Avg: 0.0, Max: 0.0, Diff: 0.0, Sum: 0.0]
      [Object Copy (ms): Min: 17.4, Avg: 17.4, Max: 17.4, Diff: 0.0, Sum: 34.8]
      [Termination (ms): Min: 0.0, Avg: 0.0, Max: 0.0, Diff: 0.0, Sum: 0.0]
         [Termination Attempts: Min: 1, Avg: 1.0, Max: 1, Diff: 0, Sum: 2]
      [GC Worker Other (ms): Min: 0.0, Avg: 0.0, Max: 0.0, Diff: 0.0, Sum: 0.1]
      [GC Worker Total (ms): Min: 18.1, Avg: 18.1, Max: 18.2, Diff: 0.0, Sum: 36.3]
      [GC Worker End (ms): Min: 666469.0, Avg: 666469.0, Max: 666469.0, Diff: 0.0]
   [Code Root Fixup: 0.0 ms]
   [Code Root Purge: 0.0 ms]
   [Clear CT: 0.1 ms]
   [Other: 0.5 ms]
      [Choose CSet: 0.0 ms]
      [Ref Proc: 0.1 ms]
      [Ref Enq: 0.0 ms]
      [Redirty Cards: 0.0 ms]
      [Humongous Register: 0.0 ms]
      [Humongous Reclaim: 0.0 ms]
      [Free CSet: 0.2 ms]
   [Eden: 254.0M(254.0M)->0.0B(254.0M) Survivors: 14336.0K->14336.0K Heap: 404.0M(472.0M)->150.5M(472.0M)]
 [Times: user=0.04 sys=0.00, real=0.02 secs] 
2024-07-06T11:35:12.715+0800: 666.882: [GC pause (G1 Evacuation Pause) (young), 0.0111119 secs]
   [Parallel Time: 10.5 ms, GC Workers: 2]
      [GC Worker Start (ms): Min: 666881.6, Avg: 666881.7, Max: 666881.7, Diff: 0.2]
      [Ext Root Scanning (ms): Min: 0.5, Avg: 2.2, Max: 3.8, Diff: 3.3, Sum: 4.4]
      [Update RS (ms): Min: 0.0, Avg: 0.0, Max: 0.0, Diff: 0.0, Sum: 0.0]
         [Processed Buffers: Min: 0, Avg: 2.5, Max: 5, Diff: 5, Sum: 5]
      [Scan RS (ms): Min: 0.0, Avg: 0.1, Max: 0.1, Diff: 0.1, Sum: 0.2]
      [Code Root Scanning (ms): Min: 0.0, Avg: 0.0, Max: 0.0, Diff: 0.0, Sum: 0.0]
      [Object Copy (ms): Min: 6.6, Avg: 8.1, Max: 9.6, Diff: 3.0, Sum: 16.2]
      [Termination (ms): Min: 0.0, Avg: 0.0, Max: 0.0, Diff: 0.0, Sum: 0.0]
         [Termination Attempts: Min: 1, Avg: 1.0, Max: 1, Diff: 0, Sum: 2]
      [GC Worker Other (ms): Min: 0.0, Avg: 0.0, Max: 0.0, Diff: 0.0, Sum: 0.0]
      [GC Worker Total (ms): Min: 10.3, Avg: 10.4, Max: 10.5, Diff: 0.2, Sum: 20.8]
      [GC Worker End (ms): Min: 666892.1, Avg: 666892.1, Max: 666892.1, Diff: 0.0]
   [Code Root Fixup: 0.0 ms]
   [Code Root Purge: 0.0 ms]
   [Clear CT: 0.1 ms]
   [Other: 0.5 ms]
      [Choose CSet: 0.0 ms]
      [Ref Proc: 0.2 ms]
      [Ref Enq: 0.0 ms]
      [Redirty Cards: 0.0 ms]
      [Humongous Register: 0.0 ms]
      [Humongous Reclaim: 0.0 ms]
      [Free CSet: 0.2 ms]
   [Eden: 254.0M(254.0M)->0.0B(259.0M) Survivors: 14336.0K->10240.0K Heap: 404.5M(472.0M)->146.5M(472.0M)]
 [Times: user=0.02 sys=0.00, real=0.00 secs] 
2024-07-06T11:35:13.175+0800: 667.341: [GC pause (G1 Evacuation Pause) (young), 0.0158923 secs]
   [Parallel Time: 15.4 ms, GC Workers: 2]
      [GC Worker Start (ms): Min: 667340.9, Avg: 667340.9, Max: 667340.9, Diff: 0.0]
      [Ext Root Scanning (ms): Min: 0.5, Avg: 0.5, Max: 0.5, Diff: 0.0, Sum: 1.0]
      [Update RS (ms): Min: 0.0, Avg: 0.0, Max: 0.0, Diff: 0.0, Sum: 0.1]
         [Processed Buffers: Min: 2, Avg: 2.5, Max: 3, Diff: 1, Sum: 5]
      [Scan RS (ms): Min: 0.1, Avg: 0.1, Max: 0.1, Diff: 0.0, Sum: 0.2]
      [Code Root Scanning (ms): Min: 0.0, Avg: 0.0, Max: 0.0, Diff: 0.0, Sum: 0.0]
      [Object Copy (ms): Min: 14.6, Avg: 14.6, Max: 14.6, Diff: 0.0, Sum: 29.3]
      [Termination (ms): Min: 0.0, Avg: 0.0, Max: 0.0, Diff: 0.0, Sum: 0.0]
         [Termination Attempts: Min: 1, Avg: 1.0, Max: 1, Diff: 0, Sum: 2]
      [GC Worker Other (ms): Min: 0.0, Avg: 0.0, Max: 0.0, Diff: 0.0, Sum: 0.0]
      [GC Worker Total (ms): Min: 15.3, Avg: 15.3, Max: 15.3, Diff: 0.0, Sum: 30.6]
      [GC Worker End (ms): Min: 667356.2, Avg: 667356.2, Max: 667356.2, Diff: 0.0]
   [Code Root Fixup: 0.0 ms]
   [Code Root Purge: 0.0 ms]
   [Clear CT: 0.1 ms]
   [Other: 0.4 ms]
      [Choose CSet: 0.0 ms]
      [Ref Proc: 0.1 ms]
      [Ref Enq: 0.0 ms]
      [Redirty Cards: 0.0 ms]
      [Humongous Register: 0.0 ms]
      [Humongous Reclaim: 0.0 ms]
      [Free CSet: 0.1 ms]
   [Eden: 259.0M(259.0M)->0.0B(254.0M) Survivors: 10240.0K->15360.0K Heap: 405.5M(472.0M)->151.0M(472.0M)]
 [Times: user=0.03 sys=0.00, real=0.02 secs] 
2024-07-06T11:35:13.631+0800: 667.797: [GC pause (G1 Evacuation Pause) (young), 0.0182499 secs]
   [Parallel Time: 17.8 ms, GC Workers: 2]
      [GC Worker Start (ms): Min: 667797.6, Avg: 667797.6, Max: 667797.6, Diff: 0.0]
      [Ext Root Scanning (ms): Min: 0.5, Avg: 0.5, Max: 0.5, Diff: 0.0, Sum: 1.1]
      [Update RS (ms): Min: 0.0, Avg: 0.0, Max: 0.0, Diff: 0.0, Sum: 0.1]
         [Processed Buffers: Min: 2, Avg: 2.5, Max: 3, Diff: 1, Sum: 5]
      [Scan RS (ms): Min: 0.1, Avg: 0.1, Max: 0.1, Diff: 0.0, Sum: 0.2]
      [Code Root Scanning (ms): Min: 0.0, Avg: 0.0, Max: 0.0, Diff: 0.0, Sum: 0.0]
      [Object Copy (ms): Min: 17.0, Avg: 17.0, Max: 17.0, Diff: 0.0, Sum: 34.0]
      [Termination (ms): Min: 0.0, Avg: 0.0, Max: 0.0, Diff: 0.0, Sum: 0.0]
         [Termination Attempts: Min: 1, Avg: 1.0, Max: 1, Diff: 0, Sum: 2]
      [GC Worker Other (ms): Min: 0.0, Avg: 0.0, Max: 0.0, Diff: 0.0, Sum: 0.0]
      [GC Worker Total (ms): Min: 17.7, Avg: 17.7, Max: 17.7, Diff: 0.0, Sum: 35.4]
      [GC Worker End (ms): Min: 667815.3, Avg: 667815.3, Max: 667815.3, Diff: 0.0]
   [Code Root Fixup: 0.0 ms]
   [Code Root Purge: 0.0 ms]
   [Clear CT: 0.1 ms]
   [Other: 0.4 ms]
      [Choose CSet: 0.0 ms]
      [Ref Proc: 0.1 ms]
      [Ref Enq: 0.0 ms]
      [Redirty Cards: 0.1 ms]
      [Humongous Register: 0.0 ms]
      [Humongous Reclaim: 0.0 ms]
      [Free CSet: 0.1 ms]
   [Eden: 254.0M(254.0M)->0.0B(252.0M) Survivors: 15360.0K->16384.0K Heap: 405.0M(472.0M)->152.5M(472.0M)]
 [Times: user=0.03 sys=0.00, real=0.02 secs] 
2024-07-06T11:35:14.051+0800: 668.217: [GC pause (G1 Evacuation Pause) (young), 0.0190172 secs]
   [Parallel Time: 18.4 ms, GC Workers: 2]
      [GC Worker Start (ms): Min: 668217.1, Avg: 668217.1, Max: 668217.1, Diff: 0.0]
      [Ext Root Scanning (ms): Min: 0.5, Avg: 0.5, Max: 0.5, Diff: 0.0, Sum: 1.0]
      [Update RS (ms): Min: 0.0, Avg: 0.0, Max: 0.0, Diff: 0.0, Sum: 0.1]
         [Processed Buffers: Min: 2, Avg: 2.5, Max: 3, Diff: 1, Sum: 5]
      [Scan RS (ms): Min: 0.1, Avg: 0.1, Max: 0.1, Diff: 0.0, Sum: 0.2]
      [Code Root Scanning (ms): Min: 0.0, Avg: 0.0, Max: 0.0, Diff: 0.0, Sum: 0.0]
      [Object Copy (ms): Min: 17.7, Avg: 17.7, Max: 17.7, Diff: 0.0, Sum: 35.5]
      [Termination (ms): Min: 0.0, Avg: 0.0, Max: 0.0, Diff: 0.0, Sum: 0.0]
         [Termination Attempts: Min: 2, Avg: 2.5, Max: 3, Diff: 1, Sum: 5]
      [GC Worker Other (ms): Min: 0.0, Avg: 0.0, Max: 0.0, Diff: 0.0, Sum: 0.0]
      [GC Worker Total (ms): Min: 18.4, Avg: 18.4, Max: 18.4, Diff: 0.0, Sum: 36.8]
      [GC Worker End (ms): Min: 668235.5, Avg: 668235.5, Max: 668235.5, Diff: 0.0]
   [Code Root Fixup: 0.0 ms]
   [Code Root Purge: 0.0 ms]
   [Clear CT: 0.1 ms]
   [Other: 0.5 ms]
      [Choose CSet: 0.0 ms]
      [Ref Proc: 0.1 ms]
      [Ref Enq: 0.0 ms]
      [Redirty Cards: 0.1 ms]
      [Humongous Register: 0.0 ms]
      [Humongous Reclaim: 0.0 ms]
      [Free CSet: 0.2 ms]
   [Eden: 252.0M(252.0M)->0.0B(250.0M) Survivors: 16384.0K->17408.0K Heap: 404.5M(472.0M)->153.0M(472.0M)]
 [Times: user=0.04 sys=0.00, real=0.02 secs] 
2024-07-06T11:35:14.455+0800: 668.621: [GC pause (G1 Evacuation Pause) (young), 0.0214408 secs]
   [Parallel Time: 21.0 ms, GC Workers: 2]
      [GC Worker Start (ms): Min: 668621.6, Avg: 668621.6, Max: 668621.6, Diff: 0.0]
      [Ext Root Scanning (ms): Min: 0.5, Avg: 0.5, Max: 0.6, Diff: 0.0, Sum: 1.1]
      [Update RS (ms): Min: 0.0, Avg: 0.0, Max: 0.0, Diff: 0.0, Sum: 0.1]
         [Processed Buffers: Min: 1, Avg: 2.5, Max: 4, Diff: 3, Sum: 5]
      [Scan RS (ms): Min: 0.1, Avg: 0.1, Max: 0.1, Diff: 0.0, Sum: 0.2]
      [Code Root Scanning (ms): Min: 0.0, Avg: 0.0, Max: 0.0, Diff: 0.0, Sum: 0.0]
      [Object Copy (ms): Min: 20.2, Avg: 20.2, Max: 20.2, Diff: 0.0, Sum: 40.4]
      [Termination (ms): Min: 0.0, Avg: 0.0, Max: 0.0, Diff: 0.0, Sum: 0.0]
         [Termination Attempts: Min: 1, Avg: 1.0, Max: 1, Diff: 0, Sum: 2]
      [GC Worker Other (ms): Min: 0.0, Avg: 0.0, Max: 0.0, Diff: 0.0, Sum: 0.0]
      [GC Worker Total (ms): Min: 20.9, Avg: 20.9, Max: 20.9, Diff: 0.0, Sum: 41.8]
      [GC Worker End (ms): Min: 668642.5, Avg: 668642.5, Max: 668642.5, Diff: 0.0]
   [Code Root Fixup: 0.0 ms]
   [Code Root Purge: 0.0 ms]
   [Clear CT: 0.1 ms]
   [Other: 0.4 ms]
      [Choose CSet: 0.0 ms]
      [Ref Proc: 0.1 ms]
      [Ref Enq: 0.0 ms]
      [Redirty Cards: 0.0 ms]
      [Humongous Register: 0.0 ms]
      [Humongous Reclaim: 0.0 ms]
      [Free CSet: 0.1 ms]
   [Eden: 250.0M(250.0M)->0.0B(248.0M) Survivors: 17408.0K->18432.0K Heap: 403.0M(472.0M)->154.5M(472.0M)]
 [Times: user=0.04 sys=0.01, real=0.02 secs] 
2024-07-06T11:35:14.913+0800: 669.079: [GC pause (G1 Evacuation Pause) (young), 0.0074613 secs]
   [Parallel Time: 7.0 ms, GC Workers: 2]
      [GC Worker Start (ms): Min: 669079.3, Avg: 669079.3, Max: 669079.3, Diff: 0.0]
      [Ext Root Scanning (ms): Min: 0.5, Avg: 0.5, Max: 0.5, Diff: 0.0, Sum: 1.1]
      [Update RS (ms): Min: 0.0, Avg: 0.0, Max: 0.0, Diff: 0.0, Sum: 0.1]
         [Processed Buffers: Min: 1, Avg: 2.5, Max: 4, Diff: 3, Sum: 5]
      [Scan RS (ms): Min: 0.1, Avg: 0.1, Max: 0.1, Diff: 0.0, Sum: 0.2]
      [Code Root Scanning (ms): Min: 0.0, Avg: 0.0, Max: 0.0, Diff: 0.0, Sum: 0.0]
      [Object Copy (ms): Min: 6.2, Avg: 6.2, Max: 6.3, Diff: 0.0, Sum: 12.5]
      [Termination (ms): Min: 0.0, Avg: 0.0, Max: 0.0, Diff: 0.0, Sum: 0.0]
         [Termination Attempts: Min: 1, Avg: 1.0, Max: 1, Diff: 0, Sum: 2]
      [GC Worker Other (ms): Min: 0.0, Avg: 0.0, Max: 0.1, Diff: 0.1, Sum: 0.1]
      [GC Worker Total (ms): Min: 6.9, Avg: 6.9, Max: 7.0, Diff: 0.0, Sum: 13.9]
      [GC Worker End (ms): Min: 669086.2, Avg: 669086.2, Max: 669086.2, Diff: 0.0]
   [Code Root Fixup: 0.0 ms]
   [Code Root Purge: 0.0 ms]
   [Clear CT: 0.1 ms]
   [Other: 0.3 ms]
      [Choose CSet: 0.0 ms]
      [Ref Proc: 0.1 ms]
      [Ref Enq: 0.0 ms]
      [Redirty Cards: 0.0 ms]
      [Humongous Register: 0.0 ms]
      [Humongous Reclaim: 0.0 ms]
      [Free CSet: 0.1 ms]
   [Eden: 248.0M(248.0M)->0.0B(263.0M) Survivors: 18432.0K->6144.0K Heap: 402.5M(472.0M)->142.5M(472.0M)]
 [Times: user=0.02 sys=0.00, real=0.01 secs] 
2024-07-06T11:35:15.343+0800: 669.509: [GC pause (G1 Evacuation Pause) (young), 0.0207325 secs]
   [Parallel Time: 20.2 ms, GC Workers: 2]
      [GC Worker Start (ms): Min: 669509.6, Avg: 669509.6, Max: 669509.6, Diff: 0.0]
      [Ext Root Scanning (ms): Min: 0.5, Avg: 0.6, Max: 0.6, Diff: 0.0, Sum: 1.1]
      [Update RS (ms): Min: 0.0, Avg: 0.0, Max: 0.0, Diff: 0.0, Sum: 0.1]
         [Processed Buffers: Min: 1, Avg: 2.5, Max: 4, Diff: 3, Sum: 5]
      [Scan RS (ms): Min: 0.1, Avg: 0.1, Max: 0.1, Diff: 0.0, Sum: 0.1]
      [Code Root Scanning (ms): Min: 0.0, Avg: 0.0, Max: 0.0, Diff: 0.0, Sum: 0.0]
      [Object Copy (ms): Min: 19.4, Avg: 19.4, Max: 19.5, Diff: 0.0, Sum: 38.9]
      [Termination (ms): Min: 0.0, Avg: 0.0, Max: 0.0, Diff: 0.0, Sum: 0.0]
         [Termination Attempts: Min: 1, Avg: 1.0, Max: 1, Diff: 0, Sum: 2]
      [GC Worker Other (ms): Min: 0.0, Avg: 0.0, Max: 0.0, Diff: 0.0, Sum: 0.0]
      [GC Worker Total (ms): Min: 20.1, Avg: 20.1, Max: 20.1, Diff: 0.0, Sum: 40.2]
      [GC Worker End (ms): Min: 669529.7, Avg: 669529.7, Max: 669529.7, Diff: 0.0]
   [Code Root Fixup: 0.0 ms]
   [Code Root Purge: 0.0 ms]
   [Clear CT: 0.1 ms]
   [Other: 0.4 ms]
      [Choose CSet: 0.0 ms]
      [Ref Proc: 0.1 ms]
      [Ref Enq: 0.0 ms]
      [Redirty Cards: 0.1 ms]
      [Humongous Register: 0.0 ms]
      [Humongous Reclaim: 0.0 ms]
      [Free CSet: 0.2 ms]
   [Eden: 263.0M(263.0M)->0.0B(247.0M) Survivors: 6144.0K->19456.0K Heap: 405.5M(472.0M)->155.0M(472.0M)]
 [Times: user=0.04 sys=0.00, real=0.02 secs] 
2024-07-06T11:35:15.857+0800: 670.023: [GC pause (G1 Evacuation Pause) (young), 0.0106120 secs]
   [Parallel Time: 10.0 ms, GC Workers: 2]
      [GC Worker Start (ms): Min: 670022.8, Avg: 670022.8, Max: 670022.9, Diff: 0.0]
      [Ext Root Scanning (ms): Min: 0.5, Avg: 0.5, Max: 0.5, Diff: 0.0, Sum: 1.1]
      [Update RS (ms): Min: 0.0, Avg: 0.0, Max: 0.0, Diff: 0.0, Sum: 0.1]
         [Processed Buffers: Min: 2, Avg: 2.5, Max: 3, Diff: 1, Sum: 5]
      [Scan RS (ms): Min: 0.1, Avg: 0.1, Max: 0.1, Diff: 0.0, Sum: 0.1]
      [Code Root Scanning (ms): Min: 0.0, Avg: 0.0, Max: 0.0, Diff: 0.0, Sum: 0.0]
      [Object Copy (ms): Min: 9.3, Avg: 9.3, Max: 9.3, Diff: 0.0, Sum: 18.6]
      [Termination (ms): Min: 0.0, Avg: 0.0, Max: 0.0, Diff: 0.0, Sum: 0.0]
         [Termination Attempts: Min: 1, Avg: 1.0, Max: 1, Diff: 0, Sum: 2]
      [GC Worker Other (ms): Min: 0.0, Avg: 0.0, Max: 0.0, Diff: 0.0, Sum: 0.0]
      [GC Worker Total (ms): Min: 9.9, Avg: 9.9, Max: 9.9, Diff: 0.0, Sum: 19.9]
      [GC Worker End (ms): Min: 670032.8, Avg: 670032.8, Max: 670032.8, Diff: 0.0]
   [Code Root Fixup: 0.0 ms]
   [Code Root Purge: 0.0 ms]
   [Clear CT: 0.2 ms]
   [Other: 0.4 ms]
      [Choose CSet: 0.0 ms]
      [Ref Proc: 0.1 ms]
      [Ref Enq: 0.0 ms]
      [Redirty Cards: 0.1 ms]
      [Humongous Register: 0.0 ms]
      [Humongous Reclaim: 0.0 ms]
      [Free CSet: 0.1 ms]
   [Eden: 247.0M(247.0M)->0.0B(258.0M) Survivors: 19456.0K->10240.0K Heap: 402.0M(472.0M)->146.1M(472.0M)]
 [Times: user=0.02 sys=0.00, real=0.01 secs] 
2024-07-06T11:35:16.271+0800: 670.437: [GC pause (G1 Evacuation Pause) (young), 0.0209616 secs]
   [Parallel Time: 20.3 ms, GC Workers: 2]
      [GC Worker Start (ms): Min: 670437.0, Avg: 670437.0, Max: 670437.0, Diff: 0.0]
      [Ext Root Scanning (ms): Min: 0.6, Avg: 0.6, Max: 0.6, Diff: 0.0, Sum: 1.2]
      [Update RS (ms): Min: 0.0, Avg: 0.0, Max: 0.0, Diff: 0.0, Sum: 0.1]
         [Processed Buffers: Min: 1, Avg: 3.0, Max: 5, Diff: 4, Sum: 6]
      [Scan RS (ms): Min: 0.1, Avg: 0.1, Max: 0.1, Diff: 0.0, Sum: 0.2]
      [Code Root Scanning (ms): Min: 0.0, Avg: 0.0, Max: 0.0, Diff: 0.0, Sum: 0.0]
      [Object Copy (ms): Min: 19.5, Avg: 19.5, Max: 19.5, Diff: 0.0, Sum: 39.0]
      [Termination (ms): Min: 0.0, Avg: 0.0, Max: 0.0, Diff: 0.0, Sum: 0.0]
         [Termination Attempts: Min: 1, Avg: 1.0, Max: 1, Diff: 0, Sum: 2]
      [GC Worker Other (ms): Min: 0.0, Avg: 0.0, Max: 0.0, Diff: 0.0, Sum: 0.1]
      [GC Worker Total (ms): Min: 20.3, Avg: 20.3, Max: 20.3, Diff: 0.0, Sum: 40.6]
      [GC Worker End (ms): Min: 670457.2, Avg: 670457.2, Max: 670457.3, Diff: 0.0]
   [Code Root Fixup: 0.0 ms]
   [Code Root Purge: 0.0 ms]
   [Clear CT: 0.1 ms]
   [Other: 0.5 ms]
      [Choose CSet: 0.0 ms]
      [Ref Proc: 0.1 ms]
      [Ref Enq: 0.0 ms]
      [Redirty Cards: 0.1 ms]
      [Humongous Register: 0.0 ms]
      [Humongous Reclaim: 0.0 ms]
      [Free CSet: 0.2 ms]
   [Eden: 258.0M(258.0M)->0.0B(249.0M) Survivors: 10240.0K->18432.0K Heap: 404.1M(472.0M)->154.1M(472.0M)]
 [Times: user=0.04 sys=0.00, real=0.02 secs] 
2024-07-06T11:35:16.731+0800: 670.897: [GC pause (G1 Evacuation Pause) (young), 0.0132497 secs]
   [Parallel Time: 12.7 ms, GC Workers: 2]
      [GC Worker Start (ms): Min: 670897.6, Avg: 670897.6, Max: 670897.6, Diff: 0.0]
      [Ext Root Scanning (ms): Min: 0.5, Avg: 0.5, Max: 0.6, Diff: 0.0, Sum: 1.1]
      [Update RS (ms): Min: 0.0, Avg: 0.0, Max: 0.0, Diff: 0.0, Sum: 0.1]
         [Processed Buffers: Min: 2, Avg: 3.0, Max: 4, Diff: 2, Sum: 6]
      [Scan RS (ms): Min: 0.1, Avg: 0.1, Max: 0.1, Diff: 0.0, Sum: 0.1]
      [Code Root Scanning (ms): Min: 0.0, Avg: 0.0, Max: 0.0, Diff: 0.0, Sum: 0.0]
      [Object Copy (ms): Min: 12.0, Avg: 12.0, Max: 12.0, Diff: 0.0, Sum: 24.0]
      [Termination (ms): Min: 0.0, Avg: 0.0, Max: 0.0, Diff: 0.0, Sum: 0.0]
         [Termination Attempts: Min: 1, Avg: 2.5, Max: 4, Diff: 3, Sum: 5]
      [GC Worker Other (ms): Min: 0.0, Avg: 0.0, Max: 0.0, Diff: 0.0, Sum: 0.0]
      [GC Worker Total (ms): Min: 12.7, Avg: 12.7, Max: 12.7, Diff: 0.0, Sum: 25.4]
      [GC Worker End (ms): Min: 670910.3, Avg: 670910.3, Max: 670910.3, Diff: 0.0]
   [Code Root Fixup: 0.0 ms]
   [Code Root Purge: 0.0 ms]
   [Clear CT: 0.1 ms]
   [Other: 0.4 ms]
      [Choose CSet: 0.0 ms]
      [Ref Proc: 0.1 ms]
      [Ref Enq: 0.0 ms]
      [Redirty Cards: 0.1 ms]
      [Humongous Register: 0.0 ms]
      [Humongous Reclaim: 0.0 ms]
      [Free CSet: 0.1 ms]
   [Eden: 249.0M(249.0M)->0.0B(256.0M) Survivors: 18432.0K->12288.0K Heap: 403.1M(472.0M)->148.1M(472.0M)]
 [Times: user=0.02 sys=0.00, real=0.01 secs] 
2024-07-06T11:35:17.161+0800: 671.327: [GC pause (G1 Evacuation Pause) (young), 0.0128226 secs]
   [Parallel Time: 12.3 ms, GC Workers: 2]
      [GC Worker Start (ms): Min: 671326.8, Avg: 671326.8, Max: 671326.8, Diff: 0.0]
      [Ext Root Scanning (ms): Min: 0.5, Avg: 0.5, Max: 0.6, Diff: 0.0, Sum: 1.1]
      [Update RS (ms): Min: 0.0, Avg: 0.0, Max: 0.0, Diff: 0.0, Sum: 0.1]
         [Processed Buffers: Min: 2, Avg: 2.5, Max: 3, Diff: 1, Sum: 5]
      [Scan RS (ms): Min: 0.1, Avg: 0.1, Max: 0.1, Diff: 0.0, Sum: 0.2]
      [Code Root Scanning (ms): Min: 0.0, Avg: 0.0, Max: 0.0, Diff: 0.0, Sum: 0.0]
      [Object Copy (ms): Min: 11.6, Avg: 11.6, Max: 11.6, Diff: 0.0, Sum: 23.2]
      [Termination (ms): Min: 0.0, Avg: 0.0, Max: 0.0, Diff: 0.0, Sum: 0.0]
         [Termination Attempts: Min: 1, Avg: 2.5, Max: 4, Diff: 3, Sum: 5]
      [GC Worker Other (ms): Min: 0.0, Avg: 0.0, Max: 0.0, Diff: 0.0, Sum: 0.0]
      [GC Worker Total (ms): Min: 12.3, Avg: 12.3, Max: 12.3, Diff: 0.0, Sum: 24.6]
      [GC Worker End (ms): Min: 671339.1, Avg: 671339.1, Max: 671339.1, Diff: 0.0]
   [Code Root Fixup: 0.0 ms]
   [Code Root Purge: 0.0 ms]
   [Clear CT: 0.1 ms]
   [Other: 0.4 ms]
      [Choose CSet: 0.0 ms]
      [Ref Proc: 0.1 ms]
      [Ref Enq: 0.0 ms]
      [Redirty Cards: 0.1 ms]
      [Humongous Register: 0.0 ms]
      [Humongous Reclaim: 0.0 ms]
      [Free CSet: 0.1 ms]
   [Eden: 256.0M(256.0M)->0.0B(254.0M) Survivors: 12288.0K->14336.0K Heap: 404.1M(472.0M)->150.1M(472.0M)]
 [Times: user=0.02 sys=0.00, real=0.01 secs] 
2024-07-06T11:35:17.665+0800: 671.831: [GC pause (G1 Evacuation Pause) (young), 0.0170197 secs]
   [Parallel Time: 16.5 ms, GC Workers: 2]
      [GC Worker Start (ms): Min: 671831.0, Avg: 671831.0, Max: 671831.0, Diff: 0.0]
      [Ext Root Scanning (ms): Min: 0.6, Avg: 0.6, Max: 0.6, Diff: 0.0, Sum: 1.2]
      [Update RS (ms): Min: 0.0, Avg: 0.0, Max: 0.0, Diff: 0.0, Sum: 0.1]
         [Processed Buffers: Min: 1, Avg: 2.5, Max: 4, Diff: 3, Sum: 5]
      [Scan RS (ms): Min: 0.1, Avg: 0.1, Max: 0.1, Diff: 0.0, Sum: 0.2]
      [Code Root Scanning (ms): Min: 0.0, Avg: 0.0, Max: 0.0, Diff: 0.0, Sum: 0.0]
      [Object Copy (ms): Min: 15.8, Avg: 15.8, Max: 15.8, Diff: 0.0, Sum: 31.5]
      [Termination (ms): Min: 0.0, Avg: 0.0, Max: 0.0, Diff: 0.0, Sum: 0.0]
         [Termination Attempts: Min: 1, Avg: 1.0, Max: 1, Diff: 0, Sum: 2]
      [GC Worker Other (ms): Min: 0.0, Avg: 0.0, Max: 0.0, Diff: 0.0, Sum: 0.0]
      [GC Worker Total (ms): Min: 16.5, Avg: 16.5, Max: 16.5, Diff: 0.0, Sum: 33.0]
      [GC Worker End (ms): Min: 671847.5, Avg: 671847.5, Max: 671847.5, Diff: 0.0]
   [Code Root Fixup: 0.0 ms]
   [Code Root Purge: 0.0 ms]
   [Clear CT: 0.1 ms]
   [Other: 0.4 ms]
      [Choose CSet: 0.0 ms]
      [Ref Proc: 0.1 ms]
      [Ref Enq: 0.0 ms]
      [Redirty Cards: 0.0 ms]
      [Humongous Register: 0.0 ms]
      [Humongous Reclaim: 0.0 ms]
      [Free CSet: 0.1 ms]
   [Eden: 254.0M(254.0M)->0.0B(255.0M) Survivors: 14336.0K->13312.0K Heap: 404.1M(472.0M)->149.6M(472.0M)]
 [Times: user=0.04 sys=0.00, real=0.02 secs] 
2024-07-06T11:35:18.119+0800: 672.285: [GC pause (G1 Evacuation Pause) (young), 0.0148228 secs]
   [Parallel Time: 14.3 ms, GC Workers: 2]
      [GC Worker Start (ms): Min: 672285.6, Avg: 672285.6, Max: 672285.6, Diff: 0.0]
      [Ext Root Scanning (ms): Min: 0.6, Avg: 0.6, Max: 0.6, Diff: 0.0, Sum: 1.2]
      [Update RS (ms): Min: 0.0, Avg: 0.0, Max: 0.1, Diff: 0.1, Sum: 0.1]
         [Processed Buffers: Min: 1, Avg: 2.5, Max: 4, Diff: 3, Sum: 5]
      [Scan RS (ms): Min: 0.1, Avg: 0.1, Max: 0.1, Diff: 0.0, Sum: 0.2]
      [Code Root Scanning (ms): Min: 0.0, Avg: 0.0, Max: 0.0, Diff: 0.0, Sum: 0.0]
      [Object Copy (ms): Min: 13.4, Avg: 13.4, Max: 13.5, Diff: 0.0, Sum: 26.9]
      [Termination (ms): Min: 0.0, Avg: 0.0, Max: 0.0, Diff: 0.0, Sum: 0.0]
         [Termination Attempts: Min: 1, Avg: 1.0, Max: 1, Diff: 0, Sum: 2]
      [GC Worker Other (ms): Min: 0.0, Avg: 0.0, Max: 0.0, Diff: 0.0, Sum: 0.0]
      [GC Worker Total (ms): Min: 14.2, Avg: 14.2, Max: 14.2, Diff: 0.0, Sum: 28.4]
      [GC Worker End (ms): Min: 672299.8, Avg: 672299.8, Max: 672299.8, Diff: 0.0]
   [Code Root Fixup: 0.0 ms]
   [Code Root Purge: 0.0 ms]
   [Clear CT: 0.1 ms]
   [Other: 0.4 ms]
      [Choose CSet: 0.0 ms]
      [Ref Proc: 0.1 ms]
      [Ref Enq: 0.0 ms]
      [Redirty Cards: 0.0 ms]
      [Humongous Register: 0.0 ms]
      [Humongous Reclaim: 0.0 ms]
      [Free CSet: 0.2 ms]
   [Eden: 255.0M(255.0M)->0.0B(255.0M) Survivors: 13312.0K->13312.0K Heap: 404.6M(472.0M)->149.1M(472.0M)]
 [Times: user=0.02 sys=0.00, real=0.01 secs] 
2024-07-06T11:35:18.695+0800: 672.861: [GC pause (G1 Evacuation Pause) (young), 0.0242726 secs]
   [Parallel Time: 23.5 ms, GC Workers: 2]
      [GC Worker Start (ms): Min: 672861.3, Avg: 672861.3, Max: 672861.3, Diff: 0.0]
      [Ext Root Scanning (ms): Min: 0.6, Avg: 0.6, Max: 0.6, Diff: 0.0, Sum: 1.2]
      [Update RS (ms): Min: 0.0, Avg: 0.0, Max: 0.1, Diff: 0.0, Sum: 0.1]
         [Processed Buffers: Min: 1, Avg: 2.5, Max: 4, Diff: 3, Sum: 5]
      [Scan RS (ms): Min: 0.1, Avg: 0.1, Max: 0.1, Diff: 0.0, Sum: 0.3]
      [Code Root Scanning (ms): Min: 0.0, Avg: 0.0, Max: 0.0, Diff: 0.0, Sum: 0.0]
      [Object Copy (ms): Min: 22.6, Avg: 22.6, Max: 22.6, Diff: 0.0, Sum: 45.2]
      [Termination (ms): Min: 0.0, Avg: 0.0, Max: 0.0, Diff: 0.0, Sum: 0.0]
         [Termination Attempts: Min: 1, Avg: 1.0, Max: 1, Diff: 0, Sum: 2]
