OpenJDK 64-Bit Server VM (25.412-b08) for linux-amd64 JRE (1.8.0_412-8u412-ga-1~22.04.1-b08), built on May 30 2024 06:02:10 by "buildd" with gcc 11.4.0
Memory: 4k page, physical 3644708k(2227420k free), swap 4194300k(4194300k free)
CommandLine flags: -XX:InitialHeapSize=58315328 -XX:MaxHeapSize=3221225472 -XX:+PrintGC -XX:+PrintGCDateStamps -XX:+PrintGCDetails -XX:+PrintGCTimeStamps -XX:+UseCompressedClassPointers -XX:+UseCompressedOops -XX:+UseParallelGC 
2024-07-04T22:39:12.794+0800: 12.108: [GC (Allocation Failure) [PSYoungGen: 14848K->1315K(16896K)] 14848K->1315K(55296K), 0.0041475 secs] [Times: user=0.00 sys=0.00, real=0.00 secs] 
2024-07-04T22:39:57.549+0800: 56.863: [GC (Allocation Failure) [PSYoungGen: 16163K->2042K(16896K)] 16163K->4161K(55296K), 0.0075541 secs] [Times: user=0.00 sys=0.01, real=0.01 secs] 
2024-07-04T22:39:57.610+0800: 56.924: [GC (Allocation Failure) [PSYoungGen: 16890K->2048K(16896K)] 19009K->7306K(55296K), 0.0058055 secs] [Times: user=0.01 sys=0.00, real=0.01 secs] 
2024-07-04T22:39:57.667+0800: 56.981: [GC (Allocation Failure) [PSYoungGen: 16888K->2048K(31744K)] 22147K->11205K(70144K), 0.0063530 secs] [Times: user=0.01 sys=0.00, real=0.00 secs] 
2024-07-04T22:39:57.753+0800: 57.067: [GC (Allocation Failure) [PSYoungGen: 31744K->2032K(31744K)] 40901K->15699K(70144K), 0.0082885 secs] [Times: user=0.01 sys=0.00, real=0.01 secs] 
2024-07-04T22:39:57.976+0800: 57.290: [GC (Allocation Failure) [PSYoungGen: 31728K->8674K(64512K)] 45395K->25047K(102912K), 0.0103094 secs] [Times: user=0.01 sys=0.00, real=0.01 secs] 
2024-07-04T22:39:58.517+0800: 57.831: [GC (Allocation Failure) [PSYoungGen: 64482K->12257K(68096K)] 80855K->44773K(106496K), 0.0493275 secs] [Times: user=0.08 sys=0.02, real=0.05 secs] 
2024-07-04T22:39:58.567+0800: 57.881: [Full GC (Ergonomics) [PSYoungGen: 12257K->0K(68096K)] [ParOldGen: 32516K->34026K(61440K)] 44773K->34026K(129536K), [Metaspace: 10257K->10257K(1058816K)], 0.1006544 secs] [Times: user=0.18 sys=0.00, real=0.10 secs] 
2024-07-04T22:39:59.594+0800: 58.908: [GC (Allocation Failure) [PSYoungGen: 55808K->12274K(131072K)] 89834K->46308K(192512K), 0.0190680 secs] [Times: user=0.04 sys=0.00, real=0.01 secs] 
2024-07-04T22:40:00.428+0800: 59.742: [GC (Allocation Failure) [PSYoungGen: 122354K->22497K(132608K)] 156388K->70650K(194048K), 0.0549657 secs] [Times: user=0.10 sys=0.01, real=0.05 secs] 
2024-07-04T22:40:00.483+0800: 59.797: [Full GC (Ergonomics) [PSYoungGen: 22497K->0K(132608K)] [ParOldGen: 48152K->45835K(83456K)] 70650K->45835K(216064K), [Metaspace: 11803K->11803K(1060864K)], 0.1583390 secs] [Times: user=0.30 sys=0.00, real=0.16 secs] 
2024-07-04T22:40:01.234+0800: 60.548: [GC (Allocation Failure) [PSYoungGen: 110080K->20112K(169984K)] 155915K->65955K(253440K), 0.0578771 secs] [Times: user=0.11 sys=0.00, real=0.05 secs] 
2024-07-04T22:40:01.842+0800: 61.156: [GC (Allocation Failure) [PSYoungGen: 169616K->30992K(194048K)] 215459K->94522K(277504K), 0.0722708 secs] [Times: user=0.14 sys=0.01, real=0.08 secs] 
2024-07-04T22:40:02.710+0800: 62.024: [GC (Allocation Failure) [PSYoungGen: 191760K->13467K(247296K)] 255290K->87484K(330752K), 0.0365359 secs] [Times: user=0.05 sys=0.01, real=0.04 secs] 
2024-07-04T22:40:02.746+0800: 62.061: [Full GC (Ergonomics) [PSYoungGen: 13467K->0K(247296K)] [ParOldGen: 74016K->45637K(92672K)] 87484K->45637K(339968K), [Metaspace: 11930K->11930K(1060864K)], 0.1376772 secs] [Times: user=0.26 sys=0.00, real=0.13 secs] 
2024-07-04T22:40:03.712+0800: 63.026: [GC (Allocation Failure) [PSYoungGen: 209408K->25517K(245248K)] 255045K->71162K(337920K), 0.0373781 secs] [Times: user=0.07 sys=0.00, real=0.04 secs] 
2024-07-04T22:40:04.497+0800: 63.811: [GC (Allocation Failure) [PSYoungGen: 234925K->21968K(315904K)] 280570K->80404K(408576K), 0.0582858 secs] [Times: user=0.11 sys=0.01, real=0.06 secs] 
2024-07-04T22:40:05.417+0800: 64.732: [GC (Allocation Failure) [PSYoungGen: 300496K->16295K(316416K)] 358932K->79327K(409088K), 0.0381001 secs] [Times: user=0.06 sys=0.02, real=0.04 secs] 
2024-07-04T22:40:06.277+0800: 65.591: [GC (Allocation Failure) [PSYoungGen: 294823K->16669K(388608K)] 357855K->80337K(481280K), 0.0201648 secs] [Times: user=0.04 sys=0.01, real=0.02 secs] 
2024-07-04T22:40:07.515+0800: 66.829: [GC (Allocation Failure) [PSYoungGen: 380189K->22624K(397312K)] 443857K->86308K(489984K), 0.0322363 secs] [Times: user=0.05 sys=0.01, real=0.03 secs] 
2024-07-04T22:40:08.433+0800: 67.747: [GC (Allocation Failure) [PSYoungGen: 386144K->23611K(465408K)] 449828K->87303K(558080K), 0.0330220 secs] [Times: user=0.05 sys=0.01, real=0.04 secs] 
2024-07-04T22:40:09.840+0800: 69.154: [GC (Allocation Failure) [PSYoungGen: 454715K->19274K(466432K)] 518407K->82975K(559104K), 0.0350857 secs] [Times: user=0.06 sys=0.01, real=0.04 secs] 
2024-07-04T22:40:11.120+0800: 70.435: [GC (Allocation Failure) [PSYoungGen: 450378K->27408K(538624K)] 514079K->91116K(631296K), 0.0383112 secs] [Times: user=0.06 sys=0.02, real=0.04 secs] 
2024-07-04T22:40:12.599+0800: 71.914: [GC (Allocation Failure) [PSYoungGen: 532240K->23131K(540672K)] 595948K->86840K(633344K), 0.0340965 secs] [Times: user=0.07 sys=0.00, real=0.03 secs] 
2024-07-04T22:40:14.010+0800: 73.324: [GC (Allocation Failure) [PSYoungGen: 527963K->28448K(620544K)] 591672K->92156K(713216K), 0.0379028 secs] [Times: user=0.07 sys=0.01, real=0.04 secs] 
2024-07-04T22:40:15.682+0800: 74.996: [GC (Allocation Failure) [PSYoungGen: 613152K->21456K(622080K)] 676860K->85164K(714752K), 0.0303037 secs] [Times: user=0.05 sys=0.01, real=0.03 secs] 
2024-07-04T22:40:17.152+0800: 76.466: [GC (Allocation Failure) [PSYoungGen: 606160K->23168K(704000K)] 669868K->86884K(796672K), 0.0378906 secs] [Times: user=0.06 sys=0.02, real=0.04 secs] 
2024-07-04T22:40:18.820+0800: 78.134: [GC (Allocation Failure) [PSYoungGen: 692864K->24320K(705536K)] 756580K->88036K(798208K), 0.0315427 secs] [Times: user=0.05 sys=0.01, real=0.03 secs] 
2024-07-04T22:40:20.445+0800: 79.760: [GC (Allocation Failure) [PSYoungGen: 694016K->15332K(759808K)] 757732K->79048K(852480K), 0.0168101 secs] [Times: user=0.03 sys=0.00, real=0.02 secs] 
2024-07-04T22:40:22.290+0800: 81.604: [GC (Allocation Failure) [PSYoungGen: 747492K->23216K(767488K)] 811208K->86932K(860160K), 0.0337348 secs] [Times: user=0.05 sys=0.01, real=0.03 secs] 
2024-07-04T22:40:24.007+0800: 83.321: [GC (Allocation Failure) [PSYoungGen: 755376K->25488K(833024K)] 819092K->89204K(925696K), 0.0635093 secs] [Times: user=0.11 sys=0.01, real=0.06 secs] 
2024-07-04T22:40:25.903+0800: 85.217: [GC (Allocation Failure) [PSYoungGen: 823696K->23248K(833536K)] 887412K->86964K(926208K), 0.0321345 secs] [Times: user=0.05 sys=0.01, real=0.04 secs] 
2024-07-04T22:40:27.547+0800: 86.861: [GC (Allocation Failure) [PSYoungGen: 821456K->20713K(897024K)] 885172K->84430K(989696K), 0.0233779 secs] [Times: user=0.05 sys=0.00, real=0.02 secs] 
2024-07-04T22:40:29.240+0800: 88.554: [GC (Allocation Failure) [PSYoungGen: 891113K->27280K(903680K)] 954830K->90996K(996352K), 0.0405769 secs] [Times: user=0.06 sys=0.01, real=0.04 secs] 
2024-07-04T22:40:30.961+0800: 90.275: [GC (Allocation Failure) [PSYoungGen: 897680K->22752K(981504K)] 961396K->86476K(1074176K), 0.0343718 secs] [Times: user=0.05 sys=0.02, real=0.04 secs] 
2024-07-04T22:40:32.924+0800: 92.239: [GC (Allocation Failure) [PSYoungGen: 973024K->20800K(983552K)] 1036748K->84532K(1076224K), 0.0276654 secs] [Times: user=0.04 sys=0.00, real=0.03 secs] 
2024-07-04T22:40:34.564+0800: 93.878: [GC (Allocation Failure) [PSYoungGen: 971072K->28112K(1013760K)] 1034804K->91860K(1106432K), 0.0340137 secs] [Times: user=0.05 sys=0.02, real=0.04 secs] 
2024-07-04T22:40:36.130+0800: 95.444: [GC (Allocation Failure) [PSYoungGen: 1009104K->26803K(1008128K)] 1072852K->90568K(1100800K), 0.0260876 secs] [Times: user=0.05 sys=0.00, real=0.03 secs] 
2024-07-04T22:40:37.746+0800: 97.060: [GC (Allocation Failure) [PSYoungGen: 1007795K->22912K(1015296K)] 1071560K->86684K(1107968K), 0.0231602 secs] [Times: user=0.04 sys=0.00, real=0.02 secs] 
2024-07-04T22:40:39.574+0800: 98.888: [GC (Allocation Failure) [PSYoungGen: 1003904K->24752K(1006080K)] 1067676K->88532K(1098752K), 0.0247400 secs] [Times: user=0.05 sys=0.00, real=0.02 secs] 
2024-07-04T22:40:41.085+0800: 100.399: [GC (Allocation Failure) [PSYoungGen: 1005744K->28000K(1012736K)] 1069524K->91788K(1105408K), 0.0271116 secs] [Times: user=0.05 sys=0.00, real=0.03 secs] 
2024-07-04T22:40:42.736+0800: 102.051: [GC (Allocation Failure) [PSYoungGen: 1007968K->15474K(1013760K)] 1071756K->79278K(1106432K), 0.0177669 secs] [Times: user=0.04 sys=0.00, real=0.02 secs] 
2024-07-04T22:40:44.354+0800: 103.669: [GC (Allocation Failure) [PSYoungGen: 995442K->16288K(1014272K)] 1059246K->80100K(1106944K), 0.0180905 secs] [Times: user=0.04 sys=0.00, real=0.01 secs] 
2024-07-04T22:40:45.999+0800: 105.313: [GC (Allocation Failure) [PSYoungGen: 996256K->26912K(1007104K)] 1060068K->90732K(1099776K), 0.0305861 secs] [Times: user=0.06 sys=0.00, real=0.03 secs] 
2024-07-04T22:40:47.715+0800: 107.029: [GC (Allocation Failure) [PSYoungGen: 1006880K->14295K(1013760K)] 1070700K->78123K(1106432K), 0.0187670 secs] [Times: user=0.03 sys=0.00, real=0.01 secs] 
2024-07-04T22:40:49.346+0800: 108.660: [GC (Allocation Failure) [PSYoungGen: 993239K->21398K(1000448K)] 1057067K->85242K(1093120K), 0.0252592 secs] [Times: user=0.04 sys=0.00, real=0.03 secs] 
2024-07-04T22:40:51.104+0800: 110.418: [GC (Allocation Failure) [PSYoungGen: 1000342K->22400K(1013760K)] 1064186K->86252K(1106432K), 0.0266060 secs] [Times: user=0.05 sys=0.00, real=0.03 secs] 
2024-07-04T22:40:52.480+0800: 111.795: [GC (Allocation Failure) [PSYoungGen: 1002368K->28512K(1012736K)] 1066220K->92372K(1105408K), 0.0286733 secs] [Times: user=0.05 sys=0.00, real=0.03 secs] 
2024-07-04T22:40:53.901+0800: 113.215: [GC (Allocation Failure) [PSYoungGen: 1008480K->10528K(1012224K)] 1072340K->74396K(1104896K), 0.0109280 secs] [Times: user=0.03 sys=0.00, real=0.01 secs] 
2024-07-04T22:40:55.346+0800: 114.660: [GC (Allocation Failure) [PSYoungGen: 988448K->17617K(1013248K)] 1052316K->81494K(1105920K), 0.0168297 secs] [Times: user=0.03 sys=0.00, real=0.01 secs] 
2024-07-04T22:40:56.800+0800: 116.114: [GC (Allocation Failure) [PSYoungGen: 995537K->24960K(1013248K)] 1059414K->88844K(1105920K), 0.0263319 secs] [Times: user=0.05 sys=0.00, real=0.03 secs] 
2024-07-04T22:40:58.180+0800: 117.494: [GC (Allocation Failure) [PSYoungGen: 1003904K->27264K(1013248K)] 1067788K->91156K(1105920K), 0.0261941 secs] [Times: user=0.05 sys=0.00, real=0.03 secs] 
2024-07-04T22:40:59.739+0800: 119.054: [GC (Allocation Failure) [PSYoungGen: 1006208K->25760K(1013248K)] 1070100K->89660K(1105920K), 0.0238191 secs] [Times: user=0.05 sys=0.00, real=0.02 secs] 
2024-07-04T22:41:01.572+0800: 120.886: [GC (Allocation Failure) [PSYoungGen: 1003680K->17786K(995840K)] 1067580K->81695K(1088512K), 0.0211041 secs] [Times: user=0.04 sys=0.00, real=0.02 secs] 
2024-07-04T22:41:03.244+0800: 122.558: [GC (Allocation Failure) [PSYoungGen: 995706K->25456K(1012736K)] 1059615K->89372K(1105408K), 0.0317316 secs] [Times: user=0.06 sys=0.00, real=0.04 secs] 
2024-07-04T22:41:04.949+0800: 124.264: [GC (Allocation Failure) [PSYoungGen: 1003376K->17584K(1012736K)] 1067292K->81508K(1105408K), 0.0195735 secs] [Times: user=0.03 sys=0.00, real=0.02 secs] 
2024-07-04T22:41:06.780+0800: 126.094: [GC (Allocation Failure) [PSYoungGen: 995504K->19840K(1011712K)] 1059428K->83772K(1104384K), 0.0264971 secs] [Times: user=0.05 sys=0.00, real=0.03 secs] 
2024-07-04T22:41:08.494+0800: 127.808: [GC (Allocation Failure) [PSYoungGen: 998784K->22288K(1012736K)] 1062716K->86228K(1105408K), 0.0294016 secs] [Times: user=0.05 sys=0.00, real=0.02 secs] 
2024-07-04T22:41:10.255+0800: 129.569: [GC (Allocation Failure) [PSYoungGen: 1001232K->16569K(1013760K)] 1065172K->80518K(1106432K), 0.0190978 secs] [Times: user=0.03 sys=0.00, real=0.02 secs] 
2024-07-04T22:41:11.969+0800: 131.283: [GC (Allocation Failure) [PSYoungGen: 998585K->28432K(1014272K)] 1062534K->92388K(1106944K), 0.0634914 secs] [Times: user=0.05 sys=0.01, real=0.06 secs] 
2024-07-04T22:41:13.705+0800: 133.020: [GC (Allocation Failure) [PSYoungGen: 1010448K->22043K(1014784K)] 1074404K->86008K(1107456K), 0.0233166 secs] [Times: user=0.05 sys=0.00, real=0.03 secs] 
2024-07-04T22:41:15.398+0800: 134.712: [GC (Allocation Failure) [PSYoungGen: 1003547K->23536K(1014272K)] 1067512K->87508K(1106944K), 0.0278701 secs] [Times: user=0.05 sys=0.00, real=0.02 secs] 
2024-07-04T22:41:17.070+0800: 136.384: [GC (Allocation Failure) [PSYoungGen: 1005040K->26768K(1013760K)] 1069012K->90748K(1106432K), 0.0299591 secs] [Times: user=0.06 sys=0.00, real=0.03 secs] 
2024-07-04T22:41:18.794+0800: 138.108: [GC (Allocation Failure) [PSYoungGen: 1008272K->20862K(1014784K)] 1072252K->84850K(1107456K), 0.0230166 secs] [Times: user=0.04 sys=0.00, real=0.02 secs] 
2024-07-04T22:41:20.522+0800: 139.836: [GC (Allocation Failure) [PSYoungGen: 1002366K->15698K(1014784K)] 1066354K->79694K(1107456K), 0.0188135 secs] [Times: user=0.04 sys=0.00, real=0.02 secs] 
2024-07-04T22:41:22.206+0800: 141.520: [GC (Allocation Failure) [PSYoungGen: 998226K->21936K(1015296K)] 1062222K->85940K(1107968K), 0.0288720 secs] [Times: user=0.05 sys=0.00, real=0.03 secs] 
2024-07-04T22:41:23.978+0800: 143.292: [GC (Allocation Failure) [PSYoungGen: 1004464K->23632K(1015296K)] 1068468K->87644K(1107968K), 0.0266803 secs] [Times: user=0.05 sys=0.00, real=0.02 secs] 
2024-07-04T22:41:25.378+0800: 144.693: [GC (Allocation Failure) [PSYoungGen: 1007696K->28160K(1015296K)] 1071708K->92188K(1107968K), 0.0283508 secs] [Times: user=0.04 sys=0.00, real=0.03 secs] 
2024-07-04T22:41:26.754+0800: 146.068: [GC (Allocation Failure) [PSYoungGen: 1012224K->18630K(1016320K)] 1076252K->82666K(1108992K), 0.0196456 secs] [Times: user=0.03 sys=0.00, real=0.02 secs] 
2024-07-04T22:41:28.162+0800: 147.476: [GC (Allocation Failure) [PSYoungGen: 1002182K->19504K(1003520K)] 1066218K->83548K(1096192K), 0.0208303 secs] [Times: user=0.04 sys=0.00, real=0.02 secs] 
2024-07-04T22:41:29.614+0800: 148.928: [GC (Allocation Failure) [PSYoungGen: 1003056K->24528K(1015296K)] 1067100K->88580K(1107968K), 0.0262209 secs] [Times: user=0.05 sys=0.00, real=0.02 secs] 
2024-07-04T22:41:31.063+0800: 150.377: [GC (Allocation Failure) [PSYoungGen: 1008080K->27744K(1015296K)] 1072132K->91804K(1107968K), 0.0314485 secs] [Times: user=0.05 sys=0.00, real=0.04 secs] 
2024-07-04T22:41:32.457+0800: 151.771: [GC (Allocation Failure) [PSYoungGen: 1011296K->16679K(1014784K)] 1075356K->80747K(1107456K), 0.0169196 secs] [Times: user=0.03 sys=0.00, real=0.01 secs] 
2024-07-04T22:41:33.952+0800: 153.266: [GC (Allocation Failure) [PSYoungGen: 998695K->24801K(1015296K)] 1062763K->88878K(1107968K), 0.0218341 secs] [Times: user=0.04 sys=0.00, real=0.03 secs] 
2024-07-04T22:41:35.416+0800: 154.730: [GC (Allocation Failure) [PSYoungGen: 1006817K->24768K(1015296K)] 1070894K->88852K(1107968K), 0.0251471 secs] [Times: user=0.05 sys=0.00, real=0.02 secs] 
2024-07-04T22:41:36.804+0800: 156.118: [GC (Allocation Failure) [PSYoungGen: 1007296K->14041K(1015296K)] 1071380K->78133K(1107968K), 0.0135212 secs] [Times: user=0.03 sys=0.00, real=0.02 secs] 
2024-07-04T22:41:38.245+0800: 157.559: [GC (Allocation Failure) [PSYoungGen: 996569K->30208K(1011200K)] 1060661K->94308K(1103872K), 0.0305134 secs] [Times: user=0.06 sys=0.00, real=0.04 secs] 
2024-07-04T22:41:39.848+0800: 159.162: [GC (Allocation Failure) [PSYoungGen: 1008128K->19824K(1013248K)] 1072228K->83932K(1105920K), 0.0208443 secs] [Times: user=0.03 sys=0.00, real=0.02 secs] 
2024-07-04T22:41:41.178+0800: 160.492: [GC (Allocation Failure) [PSYoungGen: 997744K->25472K(1012224K)] 1061852K->89588K(1104896K), 0.0265987 secs] [Times: user=0.05 sys=0.00, real=0.02 secs] 
2024-07-04T22:41:42.611+0800: 161.925: [GC (Allocation Failure) [PSYoungGen: 1004416K->29232K(1008640K)] 1068532K->93356K(1101312K), 0.0286346 secs] [Times: user=0.06 sys=0.00, real=0.03 secs] 
2024-07-04T22:41:44.031+0800: 163.345: [GC (Allocation Failure) [PSYoungGen: 1008176K->17632K(1013248K)] 1072300K->81764K(1105920K), 0.0187306 secs] [Times: user=0.04 sys=0.00, real=0.02 secs] 
2024-07-04T22:41:45.361+0800: 164.676: [GC (Allocation Failure) [PSYoungGen: 995040K->20042K(997888K)] 1059172K->84182K(1090560K), 0.0184186 secs] [Times: user=0.03 sys=0.00, real=0.02 secs] 
2024-07-04T22:41:46.778+0800: 166.092: [GC (Allocation Failure) [PSYoungGen: 997450K->28176K(1011200K)] 1061590K->92324K(1103872K), 0.0289837 secs] [Times: user=0.06 sys=0.00, real=0.03 secs] 
2024-07-04T22:41:48.228+0800: 167.542: [GC (Allocation Failure) [PSYoungGen: 1004560K->10869K(1012224K)] 1068708K->75026K(1104896K), 0.0125677 secs] [Times: user=0.03 sys=0.00, real=0.01 secs] 
2024-07-04T22:41:49.565+0800: 168.880: [GC (Allocation Failure) [PSYoungGen: 987253K->24389K(1012224K)] 1051410K->88553K(1104896K), 0.0217929 secs] [Times: user=0.04 sys=0.00, real=0.03 secs] 
2024-07-04T22:41:50.999+0800: 170.313: [GC (Allocation Failure) [PSYoungGen: 1000773K->25792K(1012224K)] 1064937K->89964K(1104896K), 0.0252531 secs] [Times: user=0.05 sys=0.00, real=0.02 secs] 
2024-07-04T22:41:52.430+0800: 171.744: [GC (Allocation Failure) [PSYoungGen: 1002176K->12472K(1011712K)] 1066348K->76653K(1104384K), 0.0128852 secs] [Times: user=0.03 sys=0.00, real=0.01 secs] 
2024-07-04T22:41:53.762+0800: 173.076: [GC (Allocation Failure) [PSYoungGen: 988344K->25641K(1012224K)] 1052525K->89830K(1104896K), 0.0227091 secs] [Times: user=0.04 sys=0.00, real=0.02 secs] 
2024-07-04T22:41:55.226+0800: 174.540: [GC (Allocation Failure) [PSYoungGen: 1001513K->24080K(1011200K)] 1065702K->88276K(1103872K), 0.0252135 secs] [Times: user=0.05 sys=0.00, real=0.02 secs] 
2024-07-04T22:41:56.607+0800: 175.921: [GC (Allocation Failure) [PSYoungGen: 999952K->21360K(1011712K)] 1064148K->85564K(1104384K), 0.0193432 secs] [Times: user=0.04 sys=0.00, real=0.02 secs] 
2024-07-04T22:41:57.938+0800: 177.252: [GC (Allocation Failure) [PSYoungGen: 997232K->25458K(1012224K)] 1061436K->89670K(1104896K), 0.0246579 secs] [Times: user=0.05 sys=0.00, real=0.02 secs] 
2024-07-04T22:41:59.361+0800: 178.675: [GC (Allocation Failure) [PSYoungGen: 1002866K->21488K(1012224K)] 1067078K->85708K(1104896K), 0.0221956 secs] [Times: user=0.04 sys=0.00, real=0.02 secs] 
2024-07-04T22:42:00.826+0800: 180.140: [GC (Allocation Failure) [PSYoungGen: 998896K->33776K(1002496K)] 1063116K->106256K(1095168K), 0.0456187 secs] [Times: user=0.09 sys=0.00, real=0.04 secs] 
2024-07-04T22:42:02.345+0800: 181.659: [GC (Allocation Failure) [PSYoungGen: 1002305K->18298K(1008640K)] 1074785K->90786K(1101312K), 0.0200588 secs] [Times: user=0.04 sys=0.00, real=0.02 secs] 
2024-07-04T22:42:03.765+0800: 183.079: [GC (Allocation Failure) [PSYoungGen: 987002K->28272K(1008128K)] 1059490K->100760K(1100800K), 0.0323945 secs] [Times: user=0.06 sys=0.00, real=0.04 secs] 
2024-07-04T22:42:05.234+0800: 184.548: [GC (Allocation Failure) [PSYoungGen: 997488K->13770K(1008640K)] 1069976K->86266K(1101312K), 0.0166454 secs] [Times: user=0.03 sys=0.00, real=0.01 secs] 
2024-07-04T22:42:06.614+0800: 185.928: [GC (Allocation Failure) [PSYoungGen: 982986K->18099K(1007616K)] 1055482K->90603K(1100288K), 0.0200313 secs] [Times: user=0.04 sys=0.00, real=0.02 secs] 
2024-07-04T22:42:08.074+0800: 187.388: [GC (Allocation Failure) [PSYoungGen: 987315K->29648K(1008128K)] 1059819K->102160K(1100800K), 0.0368167 secs] [Times: user=0.07 sys=0.00, real=0.03 secs] 
2024-07-04T22:42:09.566+0800: 188.880: [GC (Allocation Failure) [PSYoungGen: 998864K->27568K(1008640K)] 1071376K->100088K(1101312K), 0.0274146 secs] [Times: user=0.06 sys=0.00, real=0.02 secs] 
2024-07-04T22:42:11.062+0800: 190.376: [GC (Allocation Failure) [PSYoungGen: 996272K->25904K(994816K)] 1068792K->98432K(1087488K), 0.0295953 secs] [Times: user=0.05 sys=0.01, real=0.03 secs] 
2024-07-04T22:42:12.457+0800: 191.771: [GC (Allocation Failure) [PSYoungGen: 994608K->19488K(1008128K)] 1067136K->92024K(1100800K), 0.0208615 secs] [Times: user=0.04 sys=0.00, real=0.02 secs] 
2024-07-04T22:42:13.864+0800: 193.179: [GC (Allocation Failure) [PSYoungGen: 988704K->30560K(1007616K)] 1061240K->103104K(1100288K), 0.0320701 secs] [Times: user=0.06 sys=0.00, real=0.04 secs] 
2024-07-04T22:42:15.366+0800: 194.680: [GC (Allocation Failure) [PSYoungGen: 999776K->22530K(1009152K)] 1072320K->95082K(1101824K), 0.0226340 secs] [Times: user=0.04 sys=0.00, real=0.02 secs] 
2024-07-04T22:42:16.763+0800: 196.077: [GC (Allocation Failure) [PSYoungGen: 993282K->23945K(994816K)] 1065834K->96505K(1087488K), 0.0249397 secs] [Times: user=0.05 sys=0.00, real=0.03 secs] 
2024-07-04T22:42:18.170+0800: 197.484: [GC (Allocation Failure) [PSYoungGen: 994697K->31616K(1007104K)] 1067257K->104184K(1099776K), 0.0392680 secs] [Times: user=0.06 sys=0.00, real=0.04 secs] 
2024-07-04T22:42:19.583+0800: 198.898: [GC (Allocation Failure) [PSYoungGen: 1001856K->26144K(1008640K)] 1074424K->98720K(1101312K), 0.0290516 secs] [Times: user=0.05 sys=0.00, real=0.03 secs] 
2024-07-04T22:42:20.966+0800: 200.280: [GC (Allocation Failure) [PSYoungGen: 996384K->16819K(1010176K)] 1068960K->89403K(1102848K), 0.0184711 secs] [Times: user=0.04 sys=0.00, real=0.01 secs] 
2024-07-04T22:42:22.374+0800: 201.688: [GC (Allocation Failure) [PSYoungGen: 989619K->16134K(1010688K)] 1062203K->91486K(1103360K), 0.0223649 secs] [Times: user=0.04 sys=0.00, real=0.02 secs] 
2024-07-04T22:42:23.833+0800: 203.147: [GC (Allocation Failure) [PSYoungGen: 988934K->22592K(1007616K)] 1064286K->97952K(1100288K), 0.0242380 secs] [Times: user=0.05 sys=0.00, real=0.03 secs] 
2024-07-04T22:42:25.275+0800: 204.589: [GC (Allocation Failure) [PSYoungGen: 995392K->8154K(1009152K)] 1070752K->83523K(1101824K), 0.0093694 secs] [Times: user=0.02 sys=0.00, real=0.00 secs] 
2024-07-04T22:42:26.712+0800: 206.026: [GC (Allocation Failure) [PSYoungGen: 980954K->17392K(1011200K)] 1056323K->92768K(1103872K), 0.0191474 secs] [Times: user=0.04 sys=0.00, real=0.02 secs] 
2024-07-04T22:42:28.166+0800: 207.481: [GC (Allocation Failure) [PSYoungGen: 991216K->22848K(996864K)] 1066592K->98232K(1089536K), 0.0244588 secs] [Times: user=0.05 sys=0.00, real=0.02 secs] 
2024-07-04T22:42:29.686+0800: 209.000: [GC (Allocation Failure) [PSYoungGen: 996672K->17936K(1010688K)] 1072056K->93328K(1103360K), 0.0169229 secs] [Times: user=0.03 sys=0.00, real=0.01 secs] 
2024-07-04T22:42:31.006+0800: 210.320: [GC (Allocation Failure) [PSYoungGen: 992784K->31904K(1010176K)] 1068176K->107304K(1102848K), 0.0325672 secs] [Times: user=0.06 sys=0.00, real=0.03 secs] 
2024-07-04T22:42:32.450+0800: 211.765: [GC (Allocation Failure) [PSYoungGen: 1006752K->21616K(1011712K)] 1082152K->97024K(1104384K), 0.0228155 secs] [Times: user=0.04 sys=0.00, real=0.02 secs] 
2024-07-04T22:42:33.790+0800: 213.104: [GC (Allocation Failure) [PSYoungGen: 995952K->15163K(1010688K)] 1071360K->90579K(1103360K), 0.0158110 secs] [Times: user=0.03 sys=0.00, real=0.01 secs] 
2024-07-04T22:42:35.128+0800: 214.442: [GC (Allocation Failure) [PSYoungGen: 989499K->32384K(1006592K)] 1064915K->107808K(1099264K), 0.0297952 secs] [Times: user=0.06 sys=0.00, real=0.03 secs] 
2024-07-04T22:42:36.517+0800: 215.831: [GC (Allocation Failure) [PSYoungGen: 1003136K->22592K(1009664K)] 1078560K->98024K(1102336K), 0.0240700 secs] [Times: user=0.05 sys=0.00, real=0.02 secs] 
2024-07-04T22:42:37.846+0800: 217.160: [GC (Allocation Failure) [PSYoungGen: 993344K->14662K(1007104K)] 1068776K->90102K(1099776K), 0.0184101 secs] [Times: user=0.03 sys=0.00, real=0.01 secs] 
2024-07-04T22:42:39.308+0800: 218.622: [GC (Allocation Failure) [PSYoungGen: 986950K->13418K(1009152K)] 1062390K->88867K(1101824K), 0.0147453 secs] [Times: user=0.03 sys=0.00, real=0.01 secs] 
2024-07-04T22:42:40.748+0800: 220.062: [GC (Allocation Failure) [PSYoungGen: 985706K->20891K(1008640K)] 1061155K->96347K(1101312K), 0.0169312 secs] [Times: user=0.03 sys=0.00, real=0.01 secs] 
2024-07-04T22:42:42.110+0800: 221.424: [GC (Allocation Failure) [PSYoungGen: 995739K->27040K(1010176K)] 1071195K->102504K(1102848K), 0.0291152 secs] [Times: user=0.05 sys=0.00, real=0.03 secs] 
2024-07-04T22:42:43.694+0800: 223.008: [GC (Allocation Failure) [PSYoungGen: 1001888K->14248K(1012736K)] 1077352K->89721K(1105408K), 0.0207047 secs] [Times: user=0.04 sys=0.00, real=0.02 secs] 
2024-07-04T22:42:45.129+0800: 224.444: [GC (Allocation Failure) [PSYoungGen: 990632K->23755K(1012224K)] 1066105K->99235K(1104896K), 0.0224134 secs] [Times: user=0.04 sys=0.00, real=0.02 secs] 
2024-07-04T22:42:46.537+0800: 225.851: [GC (Allocation Failure) [PSYoungGen: 1000139K->26096K(1012224K)] 1075619K->101584K(1104896K), 0.0322355 secs] [Times: user=0.06 sys=0.00, real=0.03 secs] 
2024-07-04T22:42:48.014+0800: 227.328: [GC (Allocation Failure) [PSYoungGen: 1002480K->15387K(1012224K)] 1077968K->90883K(1104896K), 0.0186404 secs] [Times: user=0.03 sys=0.00, real=0.02 secs] 
2024-07-04T22:42:49.484+0800: 228.799: [GC (Allocation Failure) [PSYoungGen: 991771K->17296K(1010688K)] 1067267K->92800K(1103360K), 0.0198771 secs] [Times: user=0.04 sys=0.00, real=0.02 secs] 
2024-07-04T22:42:51.002+0800: 230.316: [GC (Allocation Failure) [PSYoungGen: 994192K->23232K(1011712K)] 1069696K->98744K(1104384K), 0.0267638 secs] [Times: user=0.05 sys=0.00, real=0.03 secs] 
2024-07-04T22:42:52.534+0800: 231.848: [GC (Allocation Failure) [PSYoungGen: 1000128K->25328K(1013248K)] 1075640K->100848K(1105920K), 0.0261896 secs] [Times: user=0.05 sys=0.00, real=0.02 secs] 
2024-07-04T22:42:54.118+0800: 233.433: [GC (Allocation Failure) [PSYoungGen: 1004272K->30320K(1009664K)] 1079792K->105848K(1102336K), 0.0311884 secs] [Times: user=0.06 sys=0.00, real=0.03 secs] 
2024-07-04T22:42:55.649+0800: 234.963: [GC (Allocation Failure) [PSYoungGen: 1009264K->27484K(1010688K)] 1084792K->103020K(1103360K), 0.0258909 secs] [Times: user=0.05 sys=0.00, real=0.03 secs] 
2024-07-04T22:42:57.212+0800: 236.526: [GC (Allocation Failure) [PSYoungGen: 1001308K->15418K(1011200K)] 1076844K->90962K(1103872K), 0.0138116 secs] [Times: user=0.03 sys=0.00, real=0.02 secs] 
2024-07-04T22:42:58.758+0800: 238.072: [GC (Allocation Failure) [PSYoungGen: 989242K->11063K(1010688K)] 1064786K->86615K(1103360K), 0.0169951 secs] [Times: user=0.03 sys=0.00, real=0.02 secs] 
2024-07-04T22:43:00.179+0800: 239.493: [GC (Allocation Failure) [PSYoungGen: 984887K->16592K(990720K)] 1060439K->92152K(1083392K), 0.0161177 secs] [Times: user=0.03 sys=0.00, real=0.02 secs] 
2024-07-04T22:43:01.687+0800: 241.002: [GC (Allocation Failure) [PSYoungGen: 990416K->24464K(1010688K)] 1065976K->100032K(1103360K), 0.0266066 secs] [Times: user=0.05 sys=0.00, real=0.03 secs] 
2024-07-04T22:43:03.111+0800: 242.425: [GC (Allocation Failure) [PSYoungGen: 998800K->23760K(1010688K)] 1074368K->99336K(1103360K), 0.0242843 secs] [Times: user=0.05 sys=0.00, real=0.03 secs] 
2024-07-04T22:43:04.541+0800: 243.855: [GC (Allocation Failure) [PSYoungGen: 998096K->25920K(1011200K)] 1073672K->101504K(1103872K), 0.0233750 secs] [Times: user=0.05 sys=0.00, real=0.02 secs] 
2024-07-04T22:43:05.990+0800: 245.304: [GC (Allocation Failure) [PSYoungGen: 1001280K->20233K(1011712K)] 1076864K->95826K(1104384K), 0.0170578 secs] [Times: user=0.04 sys=0.00, real=0.02 secs] 
2024-07-04T22:43:07.390+0800: 246.704: [GC (Allocation Failure) [PSYoungGen: 995593K->25024K(1011712K)] 1071186K->100624K(1104384K), 0.0244973 secs] [Times: user=0.04 sys=0.00, real=0.03 secs] 
2024-07-04T22:43:08.876+0800: 248.190: [GC (Allocation Failure) [PSYoungGen: 1001920K->28208K(1011712K)] 1077520K->103816K(1104384K), 0.0268388 secs] [Times: user=0.05 sys=0.00, real=0.02 secs] 
2024-07-04T22:43:10.349+0800: 249.663: [GC (Allocation Failure) [PSYoungGen: 1005104K->23456K(1012736K)] 1080712K->99072K(1105408K), 0.0200916 secs] [Times: user=0.04 sys=0.00, real=0.02 secs] 
2024-07-04T22:43:11.865+0800: 251.180: [GC (Allocation Failure) [PSYoungGen: 1000352K->25648K(1012224K)] 1075968K->101272K(1104896K), 0.0278808 secs] [Times: user=0.05 sys=0.00, real=0.03 secs] 
2024-07-04T22:43:13.269+0800: 252.583: [GC (Allocation Failure) [PSYoungGen: 1002544K->30112K(1010688K)] 1078168K->105744K(1103360K), 0.0295967 secs] [Times: user=0.06 sys=0.00, real=0.03 secs] 
2024-07-04T22:43:14.812+0800: 254.127: [GC (Allocation Failure) [PSYoungGen: 1005984K->18736K(1012224K)] 1081616K->94376K(1104896K), 0.0205360 secs] [Times: user=0.04 sys=0.00, real=0.02 secs] 
2024-07-04T22:43:16.293+0800: 255.608: [GC (Allocation Failure) [PSYoungGen: 994608K->24464K(1010688K)] 1070248K->100112K(1103360K), 0.0274474 secs] [Times: user=0.05 sys=0.00, real=0.03 secs] 
2024-07-04T22:43:17.699+0800: 257.013: [GC (Allocation Failure) [PSYoungGen: 1000848K->28960K(1011712K)] 1076496K->104616K(1104384K), 0.0281892 secs] [Times: user=0.05 sys=0.00, real=0.03 secs] 
2024-07-04T22:43:19.206+0800: 258.520: [GC (Allocation Failure) [PSYoungGen: 1005344K->23200K(1012224K)] 1081000K->98864K(1104896K), 0.0209806 secs] [Times: user=0.04 sys=0.00, real=0.02 secs] 
2024-07-04T22:43:20.707+0800: 260.022: [GC (Allocation Failure) [PSYoungGen: 1000096K->16970K(1012224K)] 1075760K->92642K(1104896K), 0.0188442 secs] [Times: user=0.04 sys=0.00, real=0.02 secs] 
2024-07-04T22:43:22.168+0800: 261.482: [GC (Allocation Failure) [PSYoungGen: 993866K->25920K(1012224K)] 1069538K->101600K(1104896K), 0.0267586 secs] [Times: user=0.06 sys=0.00, real=0.03 secs] 
2024-07-04T22:43:23.642+0800: 262.956: [GC (Allocation Failure) [PSYoungGen: 1003840K->17200K(1012736K)] 1079520K->92888K(1105408K), 0.0176762 secs] [Times: user=0.04 sys=0.00, real=0.02 secs] 
2024-07-04T22:43:25.110+0800: 264.424: [GC (Allocation Failure) [PSYoungGen: 995120K->22171K(1011712K)] 1070808K->97867K(1104384K), 0.0211570 secs] [Times: user=0.04 sys=0.00, real=0.02 secs] 
2024-07-04T22:43:26.595+0800: 265.909: [GC (Allocation Failure) [PSYoungGen: 1001115K->21899K(1012736K)] 1076811K->97603K(1105408K), 0.0192993 secs] [Times: user=0.04 sys=0.00, real=0.02 secs] 
2024-07-04T22:43:27.995+0800: 267.309: [GC (Allocation Failure) [PSYoungGen: 1000843K->27152K(1013760K)] 1076547K->102864K(1106432K), 0.0280361 secs] [Times: user=0.05 sys=0.00, real=0.02 secs] 
2024-07-04T22:43:29.546+0800: 268.860: [GC (Allocation Failure) [PSYoungGen: 1008144K->30416K(1011712K)] 1083856K->106136K(1104384K), 0.0288842 secs] [Times: user=0.06 sys=0.00, real=0.03 secs] 
2024-07-04T22:43:31.008+0800: 270.322: [GC (Allocation Failure) [PSYoungGen: 1011408K->11824K(1011200K)] 1087128K->87552K(1103872K), 0.0127067 secs] [Times: user=0.03 sys=0.00, real=0.01 secs] 
2024-07-04T22:43:32.418+0800: 271.732: [GC (Allocation Failure) [PSYoungGen: 987696K->23344K(1012224K)] 1063424K->99080K(1104896K), 0.0287371 secs] [Times: user=0.06 sys=0.00, real=0.03 secs] 
2024-07-04T22:43:33.924+0800: 273.238: [GC (Allocation Failure) [PSYoungGen: 999216K->21408K(1010176K)] 1074952K->97152K(1102848K), 0.0195029 secs] [Times: user=0.04 sys=0.00, real=0.02 secs] 
2024-07-04T22:43:35.394+0800: 274.708: [GC (Allocation Failure) [PSYoungGen: 998304K->15992K(1011200K)] 1074048K->91744K(1103872K), 0.0183885 secs] [Times: user=0.03 sys=0.00, real=0.01 secs] 
2024-07-04T22:43:36.822+0800: 276.136: [GC (Allocation Failure) [PSYoungGen: 992888K->20112K(1012224K)] 1068640K->95872K(1104896K), 0.0543172 secs] [Times: user=0.04 sys=0.00, real=0.06 secs] 
2024-07-04T22:43:38.314+0800: 277.628: [GC (Allocation Failure) [PSYoungGen: 1000080K->21712K(1013248K)] 1075840K->97480K(1105920K), 0.0257815 secs] [Times: user=0.05 sys=0.00, real=0.02 secs] 
2024-07-04T22:43:39.794+0800: 279.109: [GC (Allocation Failure) [PSYoungGen: 1001680K->29456K(1013248K)] 1077448K->105232K(1105920K), 0.0297494 secs] [Times: user=0.05 sys=0.00, real=0.02 secs] 
2024-07-04T22:43:41.293+0800: 280.607: [GC (Allocation Failure) [PSYoungGen: 1010448K->21296K(1014784K)] 1086224K->97080K(1107456K), 0.0233618 secs] [Times: user=0.05 sys=0.00, real=0.03 secs] 
2024-07-04T22:43:42.810+0800: 282.124: [GC (Allocation Failure) [PSYoungGen: 1002288K->21984K(1012224K)] 1078072K->97776K(1104896K), 0.0227725 secs] [Times: user=0.04 sys=0.00, real=0.02 secs] 
2024-07-04T22:43:44.244+0800: 283.558: [GC (Allocation Failure) [PSYoungGen: 1003488K->25536K(1013760K)] 1079280K->101336K(1106432K), 0.0286988 secs] [Times: user=0.06 sys=0.00, real=0.03 secs] 
2024-07-04T22:43:45.732+0800: 285.046: [GC (Allocation Failure) [PSYoungGen: 1007040K->29104K(1013248K)] 1082840K->104912K(1105920K), 0.0279381 secs] [Times: user=0.06 sys=0.00, real=0.03 secs] 
2024-07-04T22:43:47.142+0800: 286.456: [GC (Allocation Failure) [PSYoungGen: 1010096K->25216K(1014784K)] 1085904K->101032K(1107456K), 0.0251112 secs] [Times: user=0.04 sys=0.00, real=0.03 secs] 
2024-07-04T22:43:48.638+0800: 287.952: [GC (Allocation Failure) [PSYoungGen: 1006208K->23337K(1012224K)] 1082024K->99162K(1104896K), 0.0219859 secs] [Times: user=0.04 sys=0.00, real=0.02 secs] 
2024-07-04T22:43:50.052+0800: 289.366: [GC (Allocation Failure) [PSYoungGen: 1004841K->25936K(1013760K)] 1080666K->101768K(1106432K), 0.0258449 secs] [Times: user=0.05 sys=0.00, real=0.03 secs] 
2024-07-04T22:43:51.496+0800: 290.810: [GC (Allocation Failure) [PSYoungGen: 1007440K->10768K(1013760K)] 1083272K->86608K(1106432K), 0.0161949 secs] [Times: user=0.02 sys=0.00, real=0.01 secs] 
2024-07-04T22:43:52.997+0800: 292.312: [GC (Allocation Failure) [PSYoungGen: 991760K->15168K(1014784K)] 1067600K->91016K(1107456K), 0.0166701 secs] [Times: user=0.03 sys=0.01, real=0.02 secs] 
2024-07-04T22:43:54.516+0800: 293.830: [GC (Allocation Failure) [PSYoungGen: 996160K->21600K(1012736K)] 1072008K->97456K(1105408K), 0.0272559 secs] [Times: user=0.04 sys=0.00, real=0.02 secs] 
2024-07-04T22:43:55.960+0800: 295.274: [GC (Allocation Failure) [PSYoungGen: 1002592K->26336K(1013760K)] 1078448K->102200K(1106432K), 0.0308130 secs] [Times: user=0.06 sys=0.00, real=0.03 secs] 
2024-07-04T22:43:57.372+0800: 296.686: [GC (Allocation Failure) [PSYoungGen: 1007328K->30240K(1011200K)] 1083192K->106112K(1103872K), 0.0325822 secs] [Times: user=0.06 sys=0.00, real=0.03 secs] 
2024-07-04T22:43:58.901+0800: 298.215: [GC (Allocation Failure) [PSYoungGen: 1008160K->15245K(1013248K)] 1084032K->91125K(1105920K), 0.0154208 secs] [Times: user=0.03 sys=0.00, real=0.02 secs] 
2024-07-04T22:44:00.351+0800: 299.665: [GC (Allocation Failure) [PSYoungGen: 993165K->19426K(1012224K)] 1069045K->95314K(1104896K), 0.0208869 secs] [Times: user=0.04 sys=0.00, real=0.02 secs] 
2024-07-04T22:44:01.817+0800: 301.131: [GC (Allocation Failure) [PSYoungGen: 997346K->11221K(1012736K)] 1073234K->87118K(1105408K), 0.0098498 secs] [Times: user=0.02 sys=0.00, real=0.01 secs] 
2024-07-04T22:44:03.287+0800: 302.601: [GC (Allocation Failure) [PSYoungGen: 989141K->17049K(1012224K)] 1065038K->92954K(1104896K), 0.0183175 secs] [Times: user=0.03 sys=0.00, real=0.01 secs] 
2024-07-04T22:44:04.725+0800: 304.039: [GC (Allocation Failure) [PSYoungGen: 995481K->25936K(1012736K)] 1071386K->101848K(1105408K), 0.0232333 secs] [Times: user=0.04 sys=0.00, real=0.03 secs] 
2024-07-04T22:44:06.181+0800: 305.495: [GC (Allocation Failure) [PSYoungGen: 1004368K->17978K(1013760K)] 1080280K->93898K(1106432K), 0.0170888 secs] [Times: user=0.04 sys=0.00, real=0.02 secs] 
2024-07-04T22:44:07.612+0800: 306.926: [GC (Allocation Failure) [PSYoungGen: 997434K->26960K(1006592K)] 1073354K->102888K(1099264K), 0.0287868 secs] [Times: user=0.05 sys=0.00, real=0.03 secs] 
2024-07-04T22:44:09.114+0800: 308.428: [GC (Allocation Failure) [PSYoungGen: 1006416K->18288K(1014272K)] 1082344K->94224K(1106944K), 0.0179247 secs] [Times: user=0.03 sys=0.00, real=0.01 secs] 
2024-07-04T22:44:10.542+0800: 309.856: [GC (Allocation Failure) [PSYoungGen: 997232K->22224K(1001472K)] 1073168K->98168K(1094144K), 0.0223203 secs] [Times: user=0.04 sys=0.00, real=0.02 secs] 
2024-07-04T22:44:12.015+0800: 311.330: [GC (Allocation Failure) [PSYoungGen: 1001168K->24592K(1011712K)] 1077112K->100544K(1104384K), 0.0266161 secs] [Times: user=0.05 sys=0.00, real=0.02 secs] 
2024-07-04T22:44:13.585+0800: 312.900: [GC (Allocation Failure) [PSYoungGen: 1003024K->27328K(1012224K)] 1078976K->103288K(1104896K), 0.0280536 secs] [Times: user=0.05 sys=0.00, real=0.03 secs] 
2024-07-04T22:44:15.106+0800: 314.420: [GC (Allocation Failure) [PSYoungGen: 1005760K->15200K(1014272K)] 1081720K->91168K(1106944K), 0.0179517 secs] [Times: user=0.04 sys=0.00, real=0.01 secs] 
2024-07-04T22:44:16.597+0800: 315.911: [GC (Allocation Failure) [PSYoungGen: 995168K->14800K(1014272K)] 1071136K->90776K(1106944K), 0.0151360 secs] [Times: user=0.03 sys=0.00, real=0.01 secs] 
2024-07-04T22:44:17.928+0800: 317.242: [GC (Allocation Failure) [PSYoungGen: 994768K->25520K(1013248K)] 1070744K->101504K(1105920K), 0.0266349 secs] [Times: user=0.05 sys=0.00, real=0.03 secs] 
2024-07-04T22:44:19.372+0800: 318.686: [GC (Allocation Failure) [PSYoungGen: 1004464K->15760K(1013760K)] 1080448K->91752K(1106432K), 0.0156442 secs] [Times: user=0.03 sys=0.00, real=0.02 secs] 
2024-07-04T22:44:20.681+0800: 319.996: [GC (Allocation Failure) [PSYoungGen: 994704K->25712K(1013248K)] 1070696K->101712K(1105920K), 0.0589105 secs] [Times: user=0.05 sys=0.00, real=0.06 secs] 
2024-07-04T22:44:22.136+0800: 321.450: [GC (Allocation Failure) [PSYoungGen: 1004656K->22944K(1013760K)] 1080656K->98952K(1106432K), 0.0242901 secs] [Times: user=0.05 sys=0.00, real=0.02 secs] 
2024-07-04T22:44:23.574+0800: 322.888: [GC (Allocation Failure) [PSYoungGen: 1001888K->25696K(1013760K)] 1077896K->101712K(1106432K), 0.0265969 secs] [Times: user=0.04 sys=0.00, real=0.02 secs] 
2024-07-04T22:44:24.936+0800: 324.250: [GC (Allocation Failure) [PSYoungGen: 1005152K->28688K(1008640K)] 1081168K->104712K(1101312K), 0.0358453 secs] [Times: user=0.06 sys=0.00, real=0.03 secs] 
2024-07-04T22:44:26.390+0800: 325.705: [GC (Allocation Failure) [PSYoungGen: 1008144K->19728K(1013760K)] 1084168K->95760K(1106432K), 0.0237316 secs] [Times: user=0.05 sys=0.00, real=0.03 secs] 
2024-07-04T22:44:27.772+0800: 327.086: [GC (Allocation Failure) [PSYoungGen: 997648K->16759K(1012736K)] 1073680K->92799K(1105408K), 0.0141951 secs] [Times: user=0.03 sys=0.00, real=0.02 secs] 
2024-07-04T22:44:29.180+0800: 328.494: [GC (Allocation Failure) [PSYoungGen: 994679K->28272K(1011712K)] 1070719K->104320K(1104384K), 0.0321286 secs] [Times: user=0.06 sys=0.00, real=0.03 secs] 
2024-07-04T22:44:30.558+0800: 329.873: [GC (Allocation Failure) [PSYoungGen: 1005168K->16576K(1012736K)] 1081216K->92632K(1105408K), 0.0162017 secs] [Times: user=0.03 sys=0.00, real=0.02 secs] 
2024-07-04T22:44:31.967+0800: 331.281: [GC (Allocation Failure) [PSYoungGen: 993472K->26080K(1012224K)] 1069528K->102144K(1104896K), 0.0249759 secs] [Times: user=0.04 sys=0.00, real=0.02 secs] 
2024-07-04T22:44:33.433+0800: 332.747: [GC (Allocation Failure) [PSYoungGen: 1002976K->25344K(1012736K)] 1079040K->101416K(1105408K), 0.0256407 secs] [Times: user=0.05 sys=0.00, real=0.03 secs] 
2024-07-04T22:44:34.808+0800: 334.122: [GC (Allocation Failure) [PSYoungGen: 1002240K->24416K(1010688K)] 1078312K->100496K(1103360K), 0.0227500 secs] [Times: user=0.05 sys=0.00, real=0.02 secs] 
2024-07-04T22:44:36.233+0800: 335.547: [GC (Allocation Failure) [PSYoungGen: 1001312K->24592K(1011712K)] 1077392K->100680K(1104384K), 0.0219421 secs] [Times: user=0.04 sys=0.00, real=0.03 secs] 
2024-07-04T22:44:37.615+0800: 336.929: [GC (Allocation Failure) [PSYoungGen: 1001488K->21136K(1012224K)] 1077576K->97232K(1104896K), 0.0247421 secs] [Times: user=0.04 sys=0.00, real=0.02 secs] 
2024-07-04T22:44:39.002+0800: 338.316: [GC (Allocation Failure) [PSYoungGen: 1000592K->25616K(1013248K)] 1076688K->101720K(1105920K), 0.0260396 secs] [Times: user=0.05 sys=0.00, real=0.03 secs] 
2024-07-04T22:44:40.398+0800: 339.712: [GC (Allocation Failure) [PSYoungGen: 1005072K->24912K(1013760K)] 1081176K->101024K(1106432K), 0.0224930 secs] [Times: user=0.05 sys=0.00, real=0.02 secs] 
2024-07-04T22:44:41.802+0800: 341.116: [GC (Allocation Failure) [PSYoungGen: 1005904K->19030K(1014272K)] 1082016K->95151K(1106944K), 0.0199070 secs] [Times: user=0.04 sys=0.00, real=0.02 secs] 
2024-07-04T22:44:43.293+0800: 342.607: [GC (Allocation Failure) [PSYoungGen: 1000022K->17856K(1014272K)] 1076143K->93984K(1106944K), 0.0182065 secs] [Times: user=0.04 sys=0.00, real=0.02 secs] 
2024-07-04T22:44:44.786+0800: 344.100: [GC (Allocation Failure) [PSYoungGen: 999872K->13005K(1014784K)] 1076000K->89141K(1107456K), 0.0106931 secs] [Times: user=0.02 sys=0.00, real=0.01 secs] 
2024-07-04T22:44:46.128+0800: 345.442: [GC (Allocation Failure) [PSYoungGen: 995021K->29984K(1011200K)] 1071157K->106128K(1103872K), 0.0311818 secs] [Times: user=0.06 sys=0.00, real=0.03 secs] 
2024-07-04T22:44:47.588+0800: 346.902: [GC (Allocation Failure) [PSYoungGen: 1007904K->20435K(1013248K)] 1084048K->96587K(1105920K), 0.0196083 secs] [Times: user=0.03 sys=0.00, real=0.02 secs] 
2024-07-04T22:44:49.074+0800: 348.388: [GC (Allocation Failure) [PSYoungGen: 998355K->22896K(1011200K)] 1074507K->99056K(1103872K), 0.0244659 secs] [Times: user=0.05 sys=0.00, real=0.02 secs] 
2024-07-04T22:44:50.509+0800: 349.823: [GC (Allocation Failure) [PSYoungGen: 1001840K->21280K(1012736K)] 1078000K->97448K(1105408K), 0.0210837 secs] [Times: user=0.05 sys=0.00, real=0.02 secs] 
2024-07-04T22:44:51.998+0800: 351.312: [GC (Allocation Failure) [PSYoungGen: 1000224K->18386K(1013248K)] 1076392K->94562K(1105920K), 0.0218629 secs] [Times: user=0.04 sys=0.00, real=0.02 secs] 
2024-07-04T22:44:53.414+0800: 352.729: [GC (Allocation Failure) [PSYoungGen: 1000402K->31616K(1013760K)] 1076578K->107800K(1106432K), 0.0286786 secs] [Times: user=0.06 sys=0.00, real=0.02 secs] 
2024-07-04T22:44:54.866+0800: 354.180: [GC (Allocation Failure) [PSYoungGen: 1013632K->23152K(1014784K)] 1089816K->99344K(1107456K), 0.0256820 secs] [Times: user=0.05 sys=0.00, real=0.02 secs] 
2024-07-04T22:44:56.240+0800: 355.554: [GC (Allocation Failure) [PSYoungGen: 1003120K->26464K(1013760K)] 1079312K->102664K(1106432K), 0.0264544 secs] [Times: user=0.05 sys=0.00, real=0.03 secs] 
2024-07-04T22:44:57.727+0800: 357.041: [GC (Allocation Failure) [PSYoungGen: 1006432K->13664K(1013248K)] 1082632K->89872K(1105920K), 0.0143938 secs] [Times: user=0.03 sys=0.00, real=0.01 secs] 
2024-07-04T22:44:59.165+0800: 358.479: [GC (Allocation Failure) [PSYoungGen: 992608K->18976K(998400K)] 1068816K->95192K(1091072K), 0.0208974 secs] [Times: user=0.04 sys=0.00, real=0.03 secs] 
2024-07-04T22:45:00.526+0800: 359.840: [GC (Allocation Failure) [PSYoungGen: 997920K->16298K(1013248K)] 1074136K->92522K(1105920K), 0.0136414 secs] [Times: user=0.02 sys=0.00, real=0.01 secs] 
2024-07-04T22:45:01.885+0800: 361.200: [GC (Allocation Failure) [PSYoungGen: 995754K->28800K(1013248K)] 1071978K->105032K(1105920K), 0.0311719 secs] [Times: user=0.06 sys=0.00, real=0.04 secs] 
2024-07-04T22:45:03.309+0800: 362.624: [GC (Allocation Failure) [PSYoungGen: 1008256K->26000K(1013248K)] 1084488K->102240K(1105920K), 0.0248277 secs] [Times: user=0.04 sys=0.00, real=0.03 secs] 
2024-07-04T22:45:04.766+0800: 364.080: [GC (Allocation Failure) [PSYoungGen: 1003920K->21072K(999424K)] 1080160K->97320K(1092096K), 0.0229967 secs] [Times: user=0.04 sys=0.00, real=0.02 secs] 
2024-07-04T22:45:06.126+0800: 365.440: [GC (Allocation Failure) [PSYoungGen: 998992K->25840K(1012224K)] 1075240K->102096K(1104896K), 0.0270500 secs] [Times: user=0.05 sys=0.00, real=0.02 secs] 
2024-07-04T22:45:07.505+0800: 366.819: [GC (Allocation Failure) [PSYoungGen: 1003760K->30768K(1012224K)] 1080016K->107032K(1104896K), 0.0304272 secs] [Times: user=0.06 sys=0.00, real=0.04 secs] 
2024-07-04T22:45:09.091+0800: 368.405: [GC (Allocation Failure) [PSYoungGen: 1008688K->20304K(1012736K)] 1084952K->96576K(1105408K), 0.0271061 secs] [Times: user=0.05 sys=0.00, real=0.03 secs] 
2024-07-04T22:45:10.584+0800: 369.898: [GC (Allocation Failure) [PSYoungGen: 996688K->24432K(1000960K)] 1072960K->100712K(1093632K), 0.0258910 secs] [Times: user=0.05 sys=0.00, real=0.03 secs] 
2024-07-04T22:45:12.090+0800: 371.404: [GC (Allocation Failure) [PSYoungGen: 1000816K->6762K(1009664K)] 1077096K->83051K(1102336K), 0.0107804 secs] [Times: user=0.02 sys=0.00, real=0.01 secs] 
2024-07-04T22:45:13.671+0800: 372.985: [GC (Allocation Failure) [PSYoungGen: 981610K->17712K(1011200K)] 1057899K->94008K(1103872K), 0.0218962 secs] [Times: user=0.05 sys=0.00, real=0.02 secs] 
2024-07-04T22:45:15.202+0800: 374.516: [GC (Allocation Failure) [PSYoungGen: 992560K->23456K(1010688K)] 1068856K->99760K(1103360K), 0.0273281 secs] [Times: user=0.05 sys=0.00, real=0.03 secs] 
2024-07-04T22:45:16.683+0800: 375.997: [GC (Allocation Failure) [PSYoungGen: 999840K->27248K(1011712K)] 1076144K->103560K(1104384K), 0.0300672 secs] [Times: user=0.06 sys=0.00, real=0.03 secs] 
2024-07-04T22:45:18.102+0800: 377.416: [GC (Allocation Failure) [PSYoungGen: 1003632K->23152K(1011712K)] 1079944K->99472K(1104384K), 0.0205651 secs] [Times: user=0.04 sys=0.00, real=0.02 secs] 
2024-07-04T22:45:19.641+0800: 378.955: [GC (Allocation Failure) [PSYoungGen: 1000560K->21360K(1012224K)] 1076880K->97688K(1104896K), 0.0257128 secs] [Times: user=0.05 sys=0.00, real=0.03 secs] 
2024-07-04T22:45:20.960+0800: 380.275: [GC (Allocation Failure) [PSYoungGen: 998768K->14229K(1012736K)] 1075096K->90566K(1105408K), 0.0120865 secs] [Times: user=0.03 sys=0.00, real=0.01 secs] 
2024-07-04T22:45:22.324+0800: 381.638: [GC (Allocation Failure) [PSYoungGen: 993173K->30064K(1009152K)] 1069510K->106408K(1101824K), 0.0291022 secs] [Times: user=0.06 sys=0.00, real=0.03 secs] 
2024-07-04T22:45:23.746+0800: 383.060: [GC (Allocation Failure) [PSYoungGen: 1009008K->18368K(1013248K)] 1085352K->94720K(1105920K), 0.0230987 secs] [Times: user=0.04 sys=0.00, real=0.02 secs] 
2024-07-04T22:45:25.071+0800: 384.386: [GC (Allocation Failure) [PSYoungGen: 995776K->22086K(999936K)] 1072128K->98446K(1092608K), 0.0187997 secs] [Times: user=0.03 sys=0.00, real=0.02 secs] 
2024-07-04T22:45:26.449+0800: 385.763: [GC (Allocation Failure) [PSYoungGen: 999494K->27424K(1011200K)] 1075854K->103792K(1103872K), 0.0291835 secs] [Times: user=0.05 sys=0.00, real=0.03 secs] 
2024-07-04T22:45:27.924+0800: 387.239: [GC (Allocation Failure) [PSYoungGen: 1004320K->21616K(1011712K)] 1080688K->97992K(1104384K), 0.0203424 secs] [Times: user=0.04 sys=0.00, real=0.02 secs] 
2024-07-04T22:45:29.385+0800: 388.700: [GC (Allocation Failure) [PSYoungGen: 998512K->20768K(1012224K)] 1074888K->97152K(1104896K), 0.0232032 secs] [Times: user=0.04 sys=0.00, real=0.03 secs] 
2024-07-04T22:45:30.814+0800: 390.128: [GC (Allocation Failure) [PSYoungGen: 1000736K->23504K(1012736K)] 1077120K->99896K(1105408K), 0.0246892 secs] [Times: user=0.05 sys=0.00, real=0.02 secs] 
2024-07-04T22:45:32.304+0800: 391.618: [GC (Allocation Failure) [PSYoungGen: 1003472K->12473K(1014272K)] 1079864K->88874K(1106944K), 0.0139220 secs] [Times: user=0.03 sys=0.00, real=0.02 secs] 
2024-07-04T22:45:33.741+0800: 393.055: [GC (Allocation Failure) [PSYoungGen: 994489K->21145K(1003520K)] 1070890K->97553K(1096192K), 0.0212225 secs] [Times: user=0.04 sys=0.00, real=0.02 secs] 
2024-07-04T22:45:35.219+0800: 394.533: [GC (Allocation Failure) [PSYoungGen: 1003161K->26384K(1013760K)] 1079569K->102800K(1106432K), 0.0254687 secs] [Times: user=0.05 sys=0.00, real=0.02 secs] 
2024-07-04T22:45:36.702+0800: 396.016: [GC (Allocation Failure) [PSYoungGen: 1008400K->17808K(1014784K)] 1084816K->94232K(1107456K), 0.0176561 secs] [Times: user=0.03 sys=0.00, real=0.02 secs] 
2024-07-04T22:45:38.163+0800: 397.477: [GC (Allocation Failure) [PSYoungGen: 999824K->20384K(1014272K)] 1076248K->96816K(1106944K), 0.0199514 secs] [Times: user=0.03 sys=0.00, real=0.02 secs] 
2024-07-04T22:45:39.653+0800: 398.967: [GC (Allocation Failure) [PSYoungGen: 1003936K->22044K(1015296K)] 1080368K->98484K(1107968K), 0.0202511 secs] [Times: user=0.04 sys=0.00, real=0.02 secs] 
2024-07-04T22:45:41.105+0800: 400.419: [GC (Allocation Failure) [PSYoungGen: 1005596K->30688K(1010688K)] 1082036K->109158K(1103360K), 0.0336258 secs] [Times: user=0.06 sys=0.01, real=0.04 secs] 
2024-07-04T22:45:42.667+0800: 401.981: [GC (Allocation Failure) [PSYoungGen: 1010656K->30096K(1010176K)] 1089126K->108574K(1102848K), 0.0379798 secs] [Times: user=0.07 sys=0.00, real=0.03 secs] 
2024-07-04T22:45:44.166+0800: 403.480: [GC (Allocation Failure) [PSYoungGen: 1010064K->34128K(1007616K)] 1088542K->112606K(1100288K), 0.0360014 secs] [Times: user=0.07 sys=0.00, real=0.03 secs] 
2024-07-04T22:45:45.677+0800: 404.991: [GC (Allocation Failure) [PSYoungGen: 1005904K->22616K(1010176K)] 1084382K->101102K(1102848K), 0.0254198 secs] [Times: user=0.05 sys=0.00, real=0.02 secs] 
2024-07-04T22:45:47.202+0800: 406.517: [GC (Allocation Failure) [PSYoungGen: 994392K->29200K(1010176K)] 1072878K->107694K(1102848K), 0.0319073 secs] [Times: user=0.06 sys=0.00, real=0.04 secs] 
2024-07-04T22:45:48.676+0800: 407.990: [GC (Allocation Failure) [PSYoungGen: 1002000K->29968K(1003008K)] 1080494K->108470K(1095680K), 0.0310464 secs] [Times: user=0.06 sys=0.00, real=0.03 secs] 
2024-07-04T22:45:50.126+0800: 409.440: [GC (Allocation Failure) [PSYoungGen: 1002768K->21712K(1010688K)] 1081270K->100222K(1103360K), 0.0232896 secs] [Times: user=0.04 sys=0.00, real=0.02 secs] 
2024-07-04T22:45:51.527+0800: 410.841: [GC (Allocation Failure) [PSYoungGen: 993488K->29021K(1009664K)] 1071998K->107539K(1102336K), 0.0273683 secs] [Times: user=0.06 sys=0.00, real=0.03 secs] 
2024-07-04T22:45:52.980+0800: 412.294: [GC (Allocation Failure) [PSYoungGen: 1000797K->32704K(1008128K)] 1079315K->111230K(1100800K), 0.0334025 secs] [Times: user=0.06 sys=0.00, real=0.03 secs] 
2024-07-04T22:45:54.367+0800: 413.681: [GC (Allocation Failure) [PSYoungGen: 1002432K->39408K(1009152K)] 1080958K->118678K(1101824K), 0.0410670 secs] [Times: user=0.08 sys=0.00, real=0.04 secs] 
2024-07-04T22:45:55.862+0800: 415.176: [GC (Allocation Failure) [PSYoungGen: 1009136K->37440K(996864K)] 1088406K->116718K(1089536K), 0.0415158 secs] [Times: user=0.08 sys=0.01, real=0.04 secs] 
2024-07-04T22:45:57.342+0800: 416.656: [GC (Allocation Failure) [PSYoungGen: 994880K->37344K(994816K)] 1074158K->116622K(1087488K), 0.0396258 secs] [Times: user=0.08 sys=0.00, real=0.04 secs] 
2024-07-04T22:45:58.726+0800: 418.040: [GC (Allocation Failure) [PSYoungGen: 994784K->44416K(993280K)] 1074062K->123702K(1085952K), 0.0412819 secs] [Times: user=0.08 sys=0.00, real=0.05 secs] 
2024-07-04T22:46:00.142+0800: 419.456: [GC (Allocation Failure) [PSYoungGen: 990592K->44032K(990720K)] 1069878K->123326K(1083392K), 0.0451383 secs] [Times: user=0.09 sys=0.00, real=0.05 secs] 
2024-07-04T22:46:02.003+0800: 421.318: [GC (Allocation Failure) [PSYoungGen: 990208K->53735K(980480K)] 1069502K->136616K(1073152K), 0.0780776 secs] [Times: user=0.14 sys=0.00, real=0.08 secs] 
2024-07-04T22:46:04.190+0800: 423.504: [GC (Allocation Failure) [PSYoungGen: 980455K->54355K(981504K)] 1063336K->145513K(1074176K), 0.0582234 secs] [Times: user=0.11 sys=0.01, real=0.06 secs] 
2024-07-04T22:46:04.248+0800: 423.563: [Full GC (Ergonomics) [PSYoungGen: 54355K->0K(981504K)] [ParOldGen: 91157K->42800K(84992K)] 145513K->42800K(1066496K), [Metaspace: 12311K->12311K(1060864K)], 0.1499360 secs] [Times: user=0.28 sys=0.00, real=0.15 secs] 
2024-07-04T22:46:05.951+0800: 425.265: [GC (Allocation Failure) [PSYoungGen: 926720K->16809K(982528K)] 969520K->59610K(1067520K), 0.0222028 secs] [Times: user=0.04 sys=0.00, real=0.02 secs] 
2024-07-04T22:46:07.244+0800: 426.558: [GC (Allocation Failure) [PSYoungGen: 933289K->20752K(937472K)] 976090K->63552K(1022464K), 0.0332330 secs] [Times: user=0.06 sys=0.00, real=0.04 secs] 
2024-07-04T22:46:08.533+0800: 427.847: [GC (Allocation Failure) [PSYoungGen: 937232K->17249K(982528K)] 980032K->60050K(1067520K), 0.0203554 secs] [Times: user=0.03 sys=0.00, real=0.02 secs] 
2024-07-04T22:46:09.890+0800: 429.204: [GC (Allocation Failure) [PSYoungGen: 934241K->12624K(982016K)] 977042K->55424K(1067008K), 0.0156459 secs] [Times: user=0.03 sys=0.00, real=0.01 secs] 
2024-07-04T22:46:11.133+0800: 430.447: [GC (Allocation Failure) [PSYoungGen: 929616K->12720K(983040K)] 972416K->55520K(1068032K), 0.0158074 secs] [Times: user=0.03 sys=0.00, real=0.02 secs] 
2024-07-04T22:46:12.417+0800: 431.732: [GC (Allocation Failure) [PSYoungGen: 931248K->13600K(932352K)] 974048K->56400K(1017344K), 0.0170551 secs] [Times: user=0.03 sys=0.00, real=0.02 secs] 
2024-07-04T22:46:13.711+0800: 433.025: [GC (Allocation Failure) [PSYoungGen: 932128K->14240K(984064K)] 974928K->57040K(1069056K), 0.0174466 secs] [Times: user=0.03 sys=0.00, real=0.02 secs] 
2024-07-04T22:46:14.965+0800: 434.279: [GC (Allocation Failure) [PSYoungGen: 935328K->11504K(982528K)] 978128K->54304K(1067520K), 0.0142050 secs] [Times: user=0.03 sys=0.00, real=0.02 secs] 
2024-07-04T22:46:16.267+0800: 435.581: [GC (Allocation Failure) [PSYoungGen: 932592K->13511K(985088K)] 975392K->56311K(1070080K), 0.0174067 secs] [Times: user=0.03 sys=0.00, real=0.01 secs] 
2024-07-04T22:46:17.809+0800: 437.123: [GC (Allocation Failure) [PSYoungGen: 939719K->11344K(984576K)] 982519K->54144K(1069568K), 0.0300122 secs] [Times: user=0.03 sys=0.00, real=0.03 secs] 
2024-07-04T22:46:20.329+0800: 439.643: [GC (Allocation Failure) [PSYoungGen: 937552K->17454K(987136K)] 980352K->60254K(1072128K), 0.0384897 secs] [Times: user=0.04 sys=0.00, real=0.04 secs] 
2024-07-04T22:46:22.266+0800: 441.581: [GC (Allocation Failure) [PSYoungGen: 950830K->23232K(987648K)] 993630K->66032K(1072640K), 0.0652644 secs] [Times: user=0.06 sys=0.00, real=0.06 secs] 
2024-07-04T22:46:23.813+0800: 443.127: [GC (Allocation Failure) [PSYoungGen: 956608K->19344K(991232K)] 999408K->62144K(1076224K), 0.0211984 secs] [Times: user=0.04 sys=0.00, real=0.03 secs] 
2024-07-04T22:46:25.268+0800: 444.582: [GC (Allocation Failure) [PSYoungGen: 961936K->18058K(991744K)] 1004736K->60858K(1076736K), 0.0222656 secs] [Times: user=0.04 sys=0.00, real=0.02 secs] 
2024-07-04T22:46:26.804+0800: 446.118: [GC (Allocation Failure) [PSYoungGen: 960650K->20496K(995840K)] 1003450K->63296K(1080832K), 0.0244847 secs] [Times: user=0.05 sys=0.00, real=0.03 secs] 
2024-07-04T22:46:28.255+0800: 447.570: [GC (Allocation Failure) [PSYoungGen: 972816K->16672K(996864K)] 1015616K->64472K(1081856K), 0.0250310 secs] [Times: user=0.05 sys=0.00, real=0.02 secs] 
2024-07-04T22:46:29.696+0800: 449.010: [GC (Allocation Failure) [PSYoungGen: 968992K->11072K(1002496K)] 1016792K->58880K(1087488K), 0.0105185 secs] [Times: user=0.02 sys=0.00, real=0.01 secs] 
2024-07-04T22:46:31.187+0800: 450.501: [GC (Allocation Failure) [PSYoungGen: 972096K->9153K(1003008K)] 1019904K->56970K(1088000K), 0.0084905 secs] [Times: user=0.02 sys=0.00, real=0.01 secs] 
2024-07-04T22:46:32.557+0800: 451.871: [GC (Allocation Failure) [PSYoungGen: 970177K->8720K(1004544K)] 1017994K->56544K(1089536K), 0.0083062 secs] [Times: user=0.02 sys=0.00, real=0.00 secs] 
2024-07-04T22:46:33.978+0800: 453.292: [GC (Allocation Failure) [PSYoungGen: 973328K->8000K(1005568K)] 1021152K->55832K(1090560K), 0.0074275 secs] [Times: user=0.02 sys=0.00, real=0.00 secs] 
2024-07-04T22:46:35.330+0800: 454.644: [GC (Allocation Failure) [PSYoungGen: 972608K->12077K(1004032K)] 1020440K->59917K(1089024K), 0.0128739 secs] [Times: user=0.02 sys=0.00, real=0.01 secs] 
2024-07-04T22:46:36.773+0800: 456.087: [GC (Allocation Failure) [PSYoungGen: 979245K->12464K(1006080K)] 1027085K->60312K(1091072K), 0.0129238 secs] [Times: user=0.02 sys=0.00, real=0.02 secs] 
2024-07-04T22:46:38.191+0800: 457.506: [GC (Allocation Failure) [PSYoungGen: 979632K->13744K(1005056K)] 1027480K->61608K(1090048K), 0.0141530 secs] [Times: user=0.03 sys=0.00, real=0.01 secs] 
2024-07-04T22:46:39.706+0800: 459.020: [GC (Allocation Failure) [PSYoungGen: 986032K->13136K(1007616K)] 1033896K->61008K(1092608K), 0.0129357 secs] [Times: user=0.02 sys=0.00, real=0.01 secs] 
2024-07-04T22:46:41.041+0800: 460.355: [GC (Allocation Failure) [PSYoungGen: 985424K->10004K(1010176K)] 1033296K->57884K(1095168K), 0.0080821 secs] [Times: user=0.02 sys=0.00, real=0.01 secs] 
2024-07-04T22:46:42.384+0800: 461.698: [GC (Allocation Failure) [PSYoungGen: 989460K->11920K(1012224K)] 1037340K->59808K(1097216K), 0.0122226 secs] [Times: user=0.02 sys=0.00, real=0.02 secs] 
2024-07-04T22:46:43.760+0800: 463.075: [GC (Allocation Failure) [PSYoungGen: 991376K->10624K(1012736K)] 1039264K->58520K(1097728K), 0.0115824 secs] [Times: user=0.02 sys=0.00, real=0.01 secs] 
2024-07-04T22:46:45.070+0800: 464.384: [GC (Allocation Failure) [PSYoungGen: 994688K->14823K(1014784K)] 1042584K->62728K(1099776K), 0.0138306 secs] [Times: user=0.03 sys=0.00, real=0.01 secs] 
2024-07-04T22:46:46.439+0800: 465.753: [GC (Allocation Failure) [PSYoungGen: 998887K->12136K(1015296K)] 1046792K->60048K(1100288K), 0.0106741 secs] [Times: user=0.02 sys=0.00, real=0.01 secs] 
2024-07-04T22:46:47.810+0800: 467.125: [GC (Allocation Failure) [PSYoungGen: 1000808K->8614K(1016832K)] 1048720K->56534K(1101824K), 0.0081115 secs] [Times: user=0.01 sys=0.00, real=0.01 secs] 
2024-07-04T22:46:49.178+0800: 468.492: [GC (Allocation Failure) [PSYoungGen: 997286K->7468K(1018880K)] 1045206K->55396K(1103872K), 0.0074629 secs] [Times: user=0.01 sys=0.00, real=0.00 secs] 
2024-07-04T22:46:50.630+0800: 469.944: [GC (Allocation Failure) [PSYoungGen: 1000236K->6162K(1019904K)] 1048164K->54099K(1104896K), 0.0052411 secs] [Times: user=0.01 sys=0.00, real=0.01 secs] 
2024-07-04T22:46:52.060+0800: 471.374: [GC (Allocation Failure) [PSYoungGen: 998930K->11360K(1018368K)] 1046867K->59304K(1103360K), 0.0115348 secs] [Times: user=0.02 sys=0.00, real=0.01 secs] 
2024-07-04T22:46:53.548+0800: 472.863: [GC (Allocation Failure) [PSYoungGen: 1005664K->12372K(1019904K)] 1053608K->60325K(1104896K), 0.0129016 secs] [Times: user=0.02 sys=0.00, real=0.01 secs] 
2024-07-04T22:46:54.998+0800: 474.312: [GC (Allocation Failure) [PSYoungGen: 1006676K->13728K(1021440K)] 1054629K->61688K(1106432K), 0.0159059 secs] [Times: user=0.02 sys=0.00, real=0.02 secs] 
2024-07-04T22:46:56.533+0800: 475.847: [GC (Allocation Failure) [PSYoungGen: 1012128K->11978K(1022464K)] 1060088K->59946K(1107456K), 0.0111590 secs] [Times: user=0.02 sys=0.00, real=0.01 secs] 
2024-07-04T22:46:58.008+0800: 477.322: [GC (Allocation Failure) [PSYoungGen: 1010378K->13728K(1024000K)] 1058346K->61704K(1108992K), 0.0142209 secs] [Times: user=0.03 sys=0.00, real=0.01 secs] 
2024-07-04T22:46:59.468+0800: 478.782: [GC (Allocation Failure) [PSYoungGen: 1015200K->17264K(1024000K)] 1063176K->65248K(1108992K), 0.0159285 secs] [Times: user=0.03 sys=0.00, real=0.01 secs] 
2024-07-04T22:47:00.981+0800: 480.295: [GC (Allocation Failure) [PSYoungGen: 1018736K->10861K(1025536K)] 1066720K->58853K(1110528K), 0.0103652 secs] [Times: user=0.02 sys=0.00, real=0.01 secs] 
2024-07-04T22:47:02.438+0800: 481.752: [GC (Allocation Failure) [PSYoungGen: 1013869K->15952K(1025536K)] 1061861K->63952K(1110528K), 0.0156239 secs] [Times: user=0.03 sys=0.00, real=0.01 secs] 
2024-07-04T22:47:03.972+0800: 483.286: [GC (Allocation Failure) [PSYoungGen: 1018960K->8448K(1026048K)] 1066960K->56456K(1111040K), 0.0078792 secs] [Times: user=0.02 sys=0.00, real=0.01 secs] 
2024-07-04T22:47:05.393+0800: 484.708: [GC (Allocation Failure) [PSYoungGen: 1011968K->12864K(1016832K)] 1059976K->60880K(1101824K), 0.0134086 secs] [Times: user=0.02 sys=0.00, real=0.02 secs] 
2024-07-04T22:47:06.854+0800: 486.168: [GC (Allocation Failure) [PSYoungGen: 1016384K->12304K(1025536K)] 1064400K->60328K(1110528K), 0.0115838 secs] [Times: user=0.02 sys=0.00, real=0.00 secs] 
2024-07-04T22:47:08.312+0800: 487.626: [GC (Allocation Failure) [PSYoungGen: 1016336K->13153K(1025024K)] 1064360K->61186K(1110016K), 0.0135394 secs] [Times: user=0.03 sys=0.00, real=0.01 secs] 
2024-07-04T22:47:09.774+0800: 489.088: [GC (Allocation Failure) [PSYoungGen: 1017185K->13696K(1027072K)] 1065218K->61736K(1112064K), 0.0142498 secs] [Times: user=0.03 sys=0.00, real=0.01 secs] 
2024-07-04T22:47:11.220+0800: 490.534: [GC (Allocation Failure) [PSYoungGen: 1020288K->8970K(1026560K)] 1068328K->57018K(1111552K), 0.0131559 secs] [Times: user=0.01 sys=0.00, real=0.01 secs] 
2024-07-04T22:47:12.679+0800: 491.993: [GC (Allocation Failure) [PSYoungGen: 1015562K->15264K(1028096K)] 1063610K->63320K(1113088K), 0.0146770 secs] [Times: user=0.03 sys=0.00, real=0.01 secs] 
2024-07-04T22:47:14.104+0800: 493.419: [GC (Allocation Failure) [PSYoungGen: 1023392K->11712K(1028096K)] 1071448K->59776K(1113088K), 0.0105438 secs] [Times: user=0.02 sys=0.00, real=0.02 secs] 
2024-07-04T22:47:15.534+0800: 494.848: [GC (Allocation Failure) [PSYoungGen: 1019840K->11552K(1028096K)] 1067904K->59624K(1113088K), 0.0106380 secs] [Times: user=0.02 sys=0.00, real=0.01 secs] 
2024-07-04T22:47:17.006+0800: 496.320: [GC (Allocation Failure) [PSYoungGen: 1020704K->9856K(1028096K)] 1068776K->57936K(1113088K), 0.0087700 secs] [Times: user=0.01 sys=0.00, real=0.01 secs] 
2024-07-04T22:47:18.422+0800: 497.736: [GC (Allocation Failure) [PSYoungGen: 1019008K->10640K(1028608K)] 1067088K->58728K(1113600K), 0.0123356 secs] [Times: user=0.02 sys=0.00, real=0.02 secs] 
2024-07-04T22:47:19.862+0800: 499.177: [GC (Allocation Failure) [PSYoungGen: 1021328K->13344K(1029120K)] 1069416K->61440K(1114112K), 0.0124163 secs] [Times: user=0.03 sys=0.00, real=0.02 secs] 
2024-07-04T22:47:21.331+0800: 500.646: [GC (Allocation Failure) [PSYoungGen: 1024032K->16864K(1028096K)] 1072128K->64968K(1113088K), 0.0176837 secs] [Times: user=0.02 sys=0.01, real=0.02 secs] 
2024-07-04T22:47:22.826+0800: 502.140: [GC (Allocation Failure) [PSYoungGen: 1026528K->11194K(1029120K)] 1074632K->59306K(1114112K), 0.0117576 secs] [Times: user=0.01 sys=0.00, real=0.01 secs] 
2024-07-04T22:47:24.500+0800: 503.815: [GC (Allocation Failure) [PSYoungGen: 1020858K->11376K(1027584K)] 1068970K->59496K(1112576K), 0.0125806 secs] [Times: user=0.02 sys=0.00, real=0.01 secs] 
2024-07-04T22:47:26.238+0800: 505.552: [GC (Allocation Failure) [PSYoungGen: 1021552K->13728K(1028608K)] 1069672K->61856K(1113600K), 0.0180231 secs] [Times: user=0.03 sys=0.00, real=0.02 secs] 
2024-07-04T22:47:27.984+0800: 507.298: [GC (Allocation Failure) [PSYoungGen: 1023904K->12912K(1029120K)] 1072032K->61048K(1114112K), 0.0135434 secs] [Times: user=0.01 sys=0.01, real=0.02 secs] 
2024-07-04T22:47:29.705+0800: 509.019: [GC (Allocation Failure) [PSYoungGen: 1024624K->12874K(1029632K)] 1072760K->61018K(1114624K), 0.0129801 secs] [Times: user=0.02 sys=0.00, real=0.02 secs] 
2024-07-04T22:47:31.399+0800: 510.713: [GC (Allocation Failure) [PSYoungGen: 1024586K->10032K(1030656K)] 1072730K->58184K(1115648K), 0.0108390 secs] [Times: user=0.03 sys=0.00, real=0.01 secs] 
2024-07-04T22:47:33.053+0800: 512.367: [GC (Allocation Failure) [PSYoungGen: 1022768K->13536K(1026560K)] 1070920K->61696K(1111552K), 0.0151644 secs] [Times: user=0.03 sys=0.00, real=0.02 secs] 
2024-07-04T22:47:34.794+0800: 514.108: [GC (Allocation Failure) [PSYoungGen: 1026272K->17392K(1028096K)] 1074432K->65624K(1113088K), 0.0190773 secs] [Times: user=0.03 sys=0.00, real=0.01 secs] 
2024-07-04T22:47:36.550+0800: 515.864: [GC (Allocation Failure) [PSYoungGen: 1028080K->18784K(1029632K)] 1076312K->67024K(1114624K), 0.0203128 secs] [Times: user=0.04 sys=0.00, real=0.02 secs] 
2024-07-04T22:47:38.309+0800: 517.623: [GC (Allocation Failure) [PSYoungGen: 1029472K->13024K(1027584K)] 1077712K->61264K(1112576K), 0.0142988 secs] [Times: user=0.03 sys=0.00, real=0.01 secs] 
2024-07-04T22:47:40.008+0800: 519.322: [GC (Allocation Failure) [PSYoungGen: 1021664K->16416K(1025536K)] 1069904K->64664K(1110528K), 0.0179937 secs] [Times: user=0.04 sys=0.00, real=0.02 secs] 
2024-07-04T22:47:41.714+0800: 521.028: [GC (Allocation Failure) [PSYoungGen: 1025056K->20448K(1024000K)] 1073304K->68856K(1108992K), 0.0277289 secs] [Times: user=0.04 sys=0.00, real=0.02 secs] 
2024-07-04T22:47:43.150+0800: 522.464: [GC (Allocation Failure) [PSYoungGen: 1023968K->21576K(1025536K)] 1072376K->69992K(1110528K), 0.0218102 secs] [Times: user=0.04 sys=0.00, real=0.02 secs] 
2024-07-04T22:47:44.576+0800: 523.891: [GC (Allocation Failure) [PSYoungGen: 1025096K->18852K(1022464K)] 1073512K->67268K(1107456K), 0.0166516 secs] [Times: user=0.03 sys=0.00, real=0.01 secs] 
2024-07-04T22:47:45.998+0800: 525.312: [GC (Allocation Failure) [PSYoungGen: 1018276K->20009K(1019904K)] 1066692K->68434K(1104896K), 0.0189430 secs] [Times: user=0.03 sys=0.00, real=0.02 secs] 
2024-07-04T22:47:47.387+0800: 526.702: [GC (Allocation Failure) [PSYoungGen: 1019433K->16944K(1023488K)] 1067858K->65376K(1108480K), 0.0163704 secs] [Times: user=0.03 sys=0.00, real=0.01 secs] 
2024-07-04T22:47:48.793+0800: 528.108: [GC (Allocation Failure) [PSYoungGen: 1014832K->24800K(1022976K)] 1063264K->73240K(1107968K), 0.0221979 secs] [Times: user=0.04 sys=0.00, real=0.03 secs] 
2024-07-04T22:47:50.189+0800: 529.504: [GC (Allocation Failure) [PSYoungGen: 1022688K->22656K(1017856K)] 1071128K->71104K(1102848K), 0.0196323 secs] [Times: user=0.04 sys=0.00, real=0.02 secs] 
2024-07-04T22:47:51.571+0800: 530.885: [GC (Allocation Failure) [PSYoungGen: 1014912K->10735K(1003008K)] 1063360K->59192K(1088000K), 0.0094864 secs] [Times: user=0.02 sys=0.00, real=0.01 secs] 
2024-07-04T22:47:53.076+0800: 532.390: [GC (Allocation Failure) [PSYoungGen: 1002991K->20768K(1019904K)] 1051448K->69232K(1104896K), 0.0219407 secs] [Times: user=0.04 sys=0.00, real=0.02 secs] 
2024-07-04T22:47:54.510+0800: 533.824: [GC (Allocation Failure) [PSYoungGen: 1012000K->20090K(1019904K)] 1060464K->68562K(1104896K), 0.0207944 secs] [Times: user=0.03 sys=0.00, real=0.02 secs] 
2024-07-04T22:47:55.882+0800: 535.196: [GC (Allocation Failure) [PSYoungGen: 1011322K->24560K(1016832K)] 1059794K->73040K(1101824K), 0.0228783 secs] [Times: user=0.05 sys=0.00, real=0.02 secs] 
2024-07-04T22:47:57.293+0800: 536.607: [GC (Allocation Failure) [PSYoungGen: 1012720K->17936K(1018368K)] 1061200K->69719K(1103360K), 0.0208447 secs] [Times: user=0.04 sys=0.00, real=0.03 secs] 
2024-07-04T22:47:58.718+0800: 538.032: [GC (Allocation Failure) [PSYoungGen: 1006096K->12064K(1017856K)] 1057879K->64455K(1102848K), 0.0117721 secs] [Times: user=0.02 sys=0.00, real=0.01 secs] 
2024-07-04T22:48:00.105+0800: 539.419: [GC (Allocation Failure) [PSYoungGen: 1001248K->12080K(1018368K)] 1053639K->64479K(1103360K), 0.0112339 secs] [Times: user=0.02 sys=0.00, real=0.02 secs] 
2024-07-04T22:48:01.520+0800: 540.834: [GC (Allocation Failure) [PSYoungGen: 1001264K->11498K(1019392K)] 1053663K->63905K(1104384K), 0.0102868 secs] [Times: user=0.02 sys=0.00, real=0.01 secs] 
2024-07-04T22:48:03.222+0800: 542.536: [GC (Allocation Failure) [PSYoungGen: 1002218K->22928K(1013760K)] 1054625K->78609K(1098752K), 0.0262707 secs] [Times: user=0.05 sys=0.01, real=0.03 secs] 
2024-07-04T22:48:04.577+0800: 543.891: [GC (Allocation Failure) [PSYoungGen: 1013648K->21088K(1017856K)] 1069329K->77257K(1102848K), 0.0186446 secs] [Times: user=0.04 sys=0.00, real=0.02 secs] 
2024-07-04T22:48:05.978+0800: 545.292: [GC (Allocation Failure) [PSYoungGen: 1009248K->14480K(1003008K)] 1065417K->70657K(1088000K), 0.0124862 secs] [Times: user=0.03 sys=0.00, real=0.01 secs] 
2024-07-04T22:48:07.381+0800: 546.695: [GC (Allocation Failure) [PSYoungGen: 1002640K->18256K(1018368K)] 1058817K->74441K(1103360K), 0.0157976 secs] [Times: user=0.03 sys=0.00, real=0.02 secs] 
2024-07-04T22:48:08.885+0800: 548.199: [GC (Allocation Failure) [PSYoungGen: 1007440K->20208K(1017856K)] 1063625K->76401K(1102848K), 0.0184330 secs] [Times: user=0.03 sys=0.00, real=0.02 secs] 
2024-07-04T22:48:10.282+0800: 549.596: [GC (Allocation Failure) [PSYoungGen: 1009392K->24832K(1016832K)] 1065585K->81033K(1101824K), 0.0228095 secs] [Times: user=0.05 sys=0.00, real=0.02 secs] 
2024-07-04T22:48:11.698+0800: 551.012: [GC (Allocation Failure) [PSYoungGen: 1012992K->18009K(1018368K)] 1069193K->74218K(1103360K), 0.0155625 secs] [Times: user=0.03 sys=0.00, real=0.01 secs] 
2024-07-04T22:48:13.142+0800: 552.456: [GC (Allocation Failure) [PSYoungGen: 1006169K->19984K(1016832K)] 1062378K->76201K(1101824K), 0.0185906 secs] [Times: user=0.04 sys=0.00, real=0.02 secs] 
2024-07-04T22:48:14.622+0800: 553.936: [GC (Allocation Failure) [PSYoungGen: 1009168K->11832K(1017856K)] 1065385K->68057K(1102848K), 0.0115020 secs] [Times: user=0.02 sys=0.00, real=0.01 secs] 
2024-07-04T22:48:16.033+0800: 555.347: [GC (Allocation Failure) [PSYoungGen: 1001016K->19440K(1018880K)] 1057241K->75673K(1103872K), 0.0172750 secs] [Times: user=0.03 sys=0.00, real=0.02 secs] 
2024-07-04T22:48:17.478+0800: 556.792: [GC (Allocation Failure) [PSYoungGen: 1010672K->20112K(1019392K)] 1066905K->76353K(1104384K), 0.0190478 secs] [Times: user=0.04 sys=0.00, real=0.02 secs] 
2024-07-04T22:48:18.972+0800: 558.286: [GC (Allocation Failure) [PSYoungGen: 1011344K->15829K(1019392K)] 1067585K->72078K(1104384K), 0.0147044 secs] [Times: user=0.03 sys=0.00, real=0.02 secs] 
2024-07-04T22:48:20.400+0800: 559.714: [GC (Allocation Failure) [PSYoungGen: 1008085K->20848K(1019904K)] 1064334K->77105K(1104896K), 0.0188915 secs] [Times: user=0.04 sys=0.00, real=0.02 secs] 
2024-07-04T22:48:21.886+0800: 561.200: [GC (Allocation Failure) [PSYoungGen: 1013104K->17460K(1018880K)] 1069361K->73725K(1103872K), 0.0157976 secs] [Times: user=0.03 sys=0.00, real=0.01 secs] 
2024-07-04T22:48:23.277+0800: 562.591: [GC (Allocation Failure) [PSYoungGen: 1010740K->13477K(1019904K)] 1067005K->69750K(1104896K), 0.0119874 secs] [Times: user=0.02 sys=0.00, real=0.01 secs] 
2024-07-04T22:48:24.642+0800: 563.957: [GC (Allocation Failure) [PSYoungGen: 1006757K->14896K(1021952K)] 1063030K->78228K(1106944K), 0.0220944 secs] [Times: user=0.04 sys=0.00, real=0.02 secs] 
2024-07-04T22:48:26.025+0800: 565.339: [GC (Allocation Failure) [PSYoungGen: 1010224K->15664K(1011200K)] 1073556K->79004K(1096192K), 0.0142093 secs] [Times: user=0.02 sys=0.00, real=0.02 secs] 
2024-07-04T22:48:27.396+0800: 566.711: [GC (Allocation Failure) [PSYoungGen: 1010992K->14352K(1020928K)] 1074332K->77700K(1105920K), 0.0134275 secs] [Times: user=0.03 sys=0.00, real=0.01 secs] 
2024-07-04T22:48:28.780+0800: 568.094: [GC (Allocation Failure) [PSYoungGen: 1009680K->9472K(1020928K)] 1073028K->72828K(1105920K), 0.0100876 secs] [Times: user=0.02 sys=0.00, real=0.01 secs] 
2024-07-04T22:48:30.147+0800: 569.461: [GC (Allocation Failure) [PSYoungGen: 1004800K->18000K(1022464K)] 1068156K->81364K(1107456K), 0.0163887 secs] [Times: user=0.03 sys=0.00, real=0.01 secs] 
2024-07-04T22:48:31.497+0800: 570.811: [GC (Allocation Failure) [PSYoungGen: 1014864K->11840K(1022464K)] 1078228K->75212K(1107456K), 0.0093354 secs] [Times: user=0.02 sys=0.00, real=0.01 secs] 
2024-07-04T22:48:32.882+0800: 572.196: [GC (Allocation Failure) [PSYoungGen: 1008704K->6332K(1021952K)] 1072076K->69713K(1106944K), 0.0065482 secs] [Times: user=0.00 sys=0.00, real=0.01 secs] 
2024-07-04T22:48:34.270+0800: 573.584: [GC (Allocation Failure) [PSYoungGen: 1002684K->12896K(1022464K)] 1066065K->76284K(1107456K), 0.0122118 secs] [Times: user=0.03 sys=0.00, real=0.01 secs] 
2024-07-04T22:48:35.621+0800: 574.935: [GC (Allocation Failure) [PSYoungGen: 1009248K->11850K(1021440K)] 1072636K->75246K(1106432K), 0.0104352 secs] [Times: user=0.02 sys=0.00, real=0.01 secs] 
2024-07-04T22:48:37.027+0800: 576.341: [GC (Allocation Failure) [PSYoungGen: 1008714K->14864K(1021952K)] 1072110K->78268K(1106944K), 0.0137281 secs] [Times: user=0.03 sys=0.00, real=0.01 secs] 
2024-07-04T22:48:38.402+0800: 577.716: [GC (Allocation Failure) [PSYoungGen: 1011728K->14960K(1021952K)] 1075132K->78372K(1106944K), 0.0129542 secs] [Times: user=0.03 sys=0.00, real=0.02 secs] 
2024-07-04T22:48:39.774+0800: 579.088: [GC (Allocation Failure) [PSYoungGen: 1014384K->10784K(1022464K)] 1077796K->74204K(1107456K), 0.0096676 secs] [Times: user=0.02 sys=0.00, real=0.00 secs] 
2024-07-04T22:48:41.166+0800: 580.480: [GC (Allocation Failure) [PSYoungGen: 1010208K->4837K(1024512K)] 1073628K->68265K(1109504K), 0.0069967 secs] [Times: user=0.01 sys=0.00, real=0.00 secs] 
2024-07-04T22:48:42.550+0800: 581.864: [GC (Allocation Failure) [PSYoungGen: 1006309K->14240K(1025024K)] 1069737K->77676K(1110016K), 0.0135209 secs] [Times: user=0.03 sys=0.00, real=0.01 secs] 
2024-07-04T22:48:43.886+0800: 583.200: [GC (Allocation Failure) [PSYoungGen: 1015712K->19536K(1022464K)] 1079148K->82980K(1107456K), 0.0175939 secs] [Times: user=0.03 sys=0.00, real=0.01 secs] 
2024-07-04T22:48:45.310+0800: 584.624: [GC (Allocation Failure) [PSYoungGen: 1018960K->12332K(1024000K)] 1082404K->75785K(1108992K), 0.0112775 secs] [Times: user=0.02 sys=0.00, real=0.01 secs] 
2024-07-04T22:48:46.710+0800: 586.024: [GC (Allocation Failure) [PSYoungGen: 1011756K->12105K(1022464K)] 1075209K->75566K(1107456K), 0.0122724 secs] [Times: user=0.02 sys=0.00, real=0.01 secs] 
2024-07-04T22:48:48.078+0800: 587.392: [GC (Allocation Failure) [PSYoungGen: 1012553K->9888K(1023488K)] 1076014K->73356K(1108480K), 0.0117104 secs] [Times: user=0.02 sys=0.00, real=0.01 secs] 
2024-07-04T22:48:49.456+0800: 588.770: [GC (Allocation Failure) [PSYoungGen: 1010336K->12128K(1024000K)] 1073804K->75604K(1108992K), 0.0113074 secs] [Times: user=0.02 sys=0.00, real=0.01 secs] 
2024-07-04T22:48:50.820+0800: 590.134: [GC (Allocation Failure) [PSYoungGen: 1015136K->7936K(1025024K)] 1078612K->71420K(1110016K), 0.0087405 secs] [Times: user=0.02 sys=0.00, real=0.01 secs] 
2024-07-04T22:48:52.169+0800: 591.484: [GC (Allocation Failure) [PSYoungGen: 1010944K->13600K(1025536K)] 1074428K->77092K(1110528K), 0.0129760 secs] [Times: user=0.03 sys=0.00, real=0.01 secs] 
2024-07-04T22:48:53.517+0800: 592.831: [GC (Allocation Failure) [PSYoungGen: 1018144K->12560K(1026048K)] 1081636K->76061K(1111040K), 0.0155753 secs] [Times: user=0.02 sys=0.00, real=0.01 secs] 
2024-07-04T22:48:54.917+0800: 594.231: [GC (Allocation Failure) [PSYoungGen: 1017104K->10592K(1026560K)] 1080605K->74100K(1111552K), 0.0113876 secs] [Times: user=0.02 sys=0.00, real=0.01 secs] 
2024-07-04T22:48:56.266+0800: 595.580: [GC (Allocation Failure) [PSYoungGen: 1016672K->15968K(1026560K)] 1080180K->79484K(1111552K), 0.0148355 secs] [Times: user=0.02 sys=0.00, real=0.02 secs] 
2024-07-04T22:48:57.657+0800: 596.971: [GC (Allocation Failure) [PSYoungGen: 1022048K->15344K(1027584K)] 1085564K->78868K(1112576K), 0.0144974 secs] [Times: user=0.03 sys=0.00, real=0.01 secs] 
2024-07-04T22:48:59.025+0800: 598.339: [GC (Allocation Failure) [PSYoungGen: 1021936K->9376K(1027584K)] 1085460K->72908K(1112576K), 0.0084363 secs] [Times: user=0.01 sys=0.00, real=0.02 secs] 
2024-07-04T22:49:00.398+0800: 599.712: [GC (Allocation Failure) [PSYoungGen: 1015968K->13488K(1026560K)] 1079500K->77028K(1111552K), 0.0125079 secs] [Times: user=0.03 sys=0.00, real=0.01 secs] 
2024-07-04T22:49:01.762+0800: 601.076: [GC (Allocation Failure) [PSYoungGen: 1020080K->9792K(1027072K)] 1083620K->73340K(1112064K), 0.0091034 secs] [Times: user=0.02 sys=0.00, real=0.01 secs] 
2024-07-04T22:49:03.117+0800: 602.432: [GC (Allocation Failure) [PSYoungGen: 1016384K->11424K(1027072K)] 1079932K->74980K(1112064K), 0.0108049 secs] [Times: user=0.02 sys=0.00, real=0.01 secs] 
2024-07-04T22:49:04.466+0800: 603.780: [GC (Allocation Failure) [PSYoungGen: 1019552K->15808K(1027584K)] 1083108K->79372K(1112576K), 0.0142568 secs] [Times: user=0.03 sys=0.00, real=0.01 secs] 
2024-07-04T22:49:05.836+0800: 605.150: [GC (Allocation Failure) [PSYoungGen: 1023936K->13306K(1028608K)] 1087500K->76878K(1113600K), 0.0144225 secs] [Times: user=0.03 sys=0.00, real=0.01 secs] 
2024-07-04T22:49:07.259+0800: 606.573: [GC (Allocation Failure) [PSYoungGen: 1022458K->11232K(1028608K)] 1086030K->74812K(1113600K), 0.0099738 secs] [Times: user=0.02 sys=0.00, real=0.01 secs] 
2024-07-04T22:49:08.622+0800: 607.936: [GC (Allocation Failure) [PSYoungGen: 1020384K->8032K(1029120K)] 1083964K->71620K(1114112K), 0.0096847 secs] [Times: user=0.01 sys=0.00, real=0.01 secs] 
2024-07-04T22:49:10.013+0800: 609.327: [GC (Allocation Failure) [PSYoungGen: 1017696K->16528K(1026560K)] 1081284K->80124K(1111552K), 0.0152259 secs] [Times: user=0.03 sys=0.00, real=0.02 secs] 
2024-07-04T22:49:11.426+0800: 610.740: [GC (Allocation Failure) [PSYoungGen: 1026192K->12362K(1029120K)] 1089788K->75966K(1114112K), 0.0129028 secs] [Times: user=0.03 sys=0.00, real=0.01 secs] 
2024-07-04T22:49:12.836+0800: 612.150: [GC (Allocation Failure) [PSYoungGen: 1021002K->13408K(1028096K)] 1084606K->77020K(1113088K), 0.0151743 secs] [Times: user=0.02 sys=0.00, real=0.01 secs] 
2024-07-04T22:49:14.238+0800: 613.552: [GC (Allocation Failure) [PSYoungGen: 1022048K->8946K(1028096K)] 1085660K->72567K(1113088K), 0.0081613 secs] [Times: user=0.02 sys=0.00, real=0.01 secs] 
2024-07-04T22:49:15.650+0800: 614.964: [GC (Allocation Failure) [PSYoungGen: 1017586K->11296K(1028096K)] 1081207K->74924K(1113088K), 0.0116927 secs] [Times: user=0.02 sys=0.00, real=0.01 secs] 
2024-07-04T22:49:17.072+0800: 616.387: [GC (Allocation Failure) [PSYoungGen: 1019936K->9413K(1028608K)] 1083564K->73049K(1113600K), 0.0089161 secs] [Times: user=0.02 sys=0.00, real=0.01 secs] 
2024-07-04T22:49:18.462+0800: 617.776: [GC (Allocation Failure) [PSYoungGen: 1019589K->10665K(1028608K)] 1083225K->74310K(1113600K), 0.0093500 secs] [Times: user=0.02 sys=0.00, real=0.01 secs] 
2024-07-04T22:49:19.828+0800: 619.142: [GC (Allocation Failure) [PSYoungGen: 1020841K->15808K(1028608K)] 1084486K->79460K(1113600K), 0.0140526 secs] [Times: user=0.03 sys=0.00, real=0.01 secs] 
2024-07-04T22:49:21.190+0800: 620.504: [GC (Allocation Failure) [PSYoungGen: 1026496K->14250K(1029632K)] 1090148K->77910K(1114624K), 0.0128293 secs] [Times: user=0.02 sys=0.00, real=0.01 secs] 
2024-07-04T22:49:22.567+0800: 621.881: [GC (Allocation Failure) [PSYoungGen: 1024938K->9841K(1029632K)] 1088598K->73510K(1114624K), 0.0080989 secs] [Times: user=0.02 sys=0.00, real=0.01 secs] 
2024-07-04T22:49:23.930+0800: 623.244: [GC (Allocation Failure) [PSYoungGen: 1020529K->6202K(1017344K)] 1084198K->69878K(1102336K), 0.0069349 secs] [Times: user=0.00 sys=0.00, real=0.01 secs] 
2024-07-04T22:49:25.319+0800: 624.633: [GC (Allocation Failure) [PSYoungGen: 1016890K->6160K(1029120K)] 1080566K->69844K(1114112K), 0.0060838 secs] [Times: user=0.01 sys=0.00, real=0.00 secs] 
2024-07-04T22:49:26.682+0800: 625.996: [GC (Allocation Failure) [PSYoungGen: 1015824K->6544K(1029120K)] 1079508K->70236K(1114112K), 0.0081308 secs] [Times: user=0.02 sys=0.00, real=0.01 secs] 
2024-07-04T22:49:28.034+0800: 627.349: [GC (Allocation Failure) [PSYoungGen: 1016208K->12432K(1029120K)] 1079900K->76132K(1114112K), 0.0122649 secs] [Times: user=0.02 sys=0.00, real=0.01 secs] 
2024-07-04T22:49:29.382+0800: 628.696: [GC (Allocation Failure) [PSYoungGen: 1022096K->15312K(1025024K)] 1085796K->79020K(1110016K), 0.0136931 secs] [Times: user=0.03 sys=0.00, real=0.02 secs] 
2024-07-04T22:49:30.736+0800: 630.051: [GC (Allocation Failure) [PSYoungGen: 1024976K->11407K(1029120K)] 1088684K->75123K(1114112K), 0.0100764 secs] [Times: user=0.02 sys=0.00, real=0.01 secs] 
2024-07-04T22:49:32.109+0800: 631.423: [GC (Allocation Failure) [PSYoungGen: 1020559K->10336K(1019904K)] 1084275K->74060K(1104896K), 0.0099565 secs] [Times: user=0.01 sys=0.00, real=0.01 secs] 
2024-07-04T22:49:33.470+0800: 632.784: [GC (Allocation Failure) [PSYoungGen: 1019488K->12352K(1027584K)] 1083212K->76084K(1112576K), 0.0139073 secs] [Times: user=0.02 sys=0.00, real=0.01 secs] 
2024-07-04T22:49:34.863+0800: 634.177: [GC (Allocation Failure) [PSYoungGen: 1021504K->7968K(1027584K)] 1085236K->71708K(1112576K), 0.0087078 secs] [Times: user=0.02 sys=0.00, real=0.01 secs] 
2024-07-04T22:49:36.246+0800: 635.560: [GC (Allocation Failure) [PSYoungGen: 1017120K->9166K(1029120K)] 1080860K->72915K(1114112K), 0.0085979 secs] [Times: user=0.01 sys=0.00, real=0.01 secs] 
2024-07-04T22:49:37.613+0800: 636.927: [GC (Allocation Failure) [PSYoungGen: 1020878K->12848K(1029632K)] 1084627K->76604K(1114624K), 0.0122038 secs] [Times: user=0.02 sys=0.00, real=0.01 secs] 
2024-07-04T22:49:38.968+0800: 638.282: [GC (Allocation Failure) [PSYoungGen: 1024560K->15504K(1028608K)] 1088316K->79268K(1113600K), 0.0149502 secs] [Times: user=0.03 sys=0.00, real=0.01 secs] 
2024-07-04T22:49:40.344+0800: 639.658: [GC (Allocation Failure) [PSYoungGen: 1026192K->11466K(1029632K)] 1089956K->75238K(1114624K), 0.0109059 secs] [Times: user=0.02 sys=0.00, real=0.02 secs] 
2024-07-04T22:49:41.726+0800: 641.041: [GC (Allocation Failure) [PSYoungGen: 1022154K->8032K(1028096K)] 1085926K->71812K(1113088K), 0.0103140 secs] [Times: user=0.01 sys=0.00, real=0.01 secs] 
2024-07-04T22:49:43.089+0800: 642.403: [GC (Allocation Failure) [PSYoungGen: 1019232K->12496K(1029120K)] 1083012K->76284K(1114112K), 0.0120571 secs] [Times: user=0.02 sys=0.00, real=0.01 secs] 
2024-07-04T22:49:44.462+0800: 643.776: [GC (Allocation Failure) [PSYoungGen: 1023696K->15872K(1028608K)] 1087484K->79668K(1113600K), 0.0148938 secs] [Times: user=0.03 sys=0.00, real=0.02 secs] 
2024-07-04T22:49:45.813+0800: 645.127: [GC (Allocation Failure) [PSYoungGen: 1026560K->14448K(1025536K)] 1090356K->78252K(1110528K), 0.0140238 secs] [Times: user=0.02 sys=0.00, real=0.02 secs] 
2024-07-04T22:49:47.198+0800: 646.512: [GC (Allocation Failure) [PSYoungGen: 1025136K->11328K(1029632K)] 1088940K->75140K(1114624K), 0.0100883 secs] [Times: user=0.02 sys=0.00, real=0.01 secs] 
2024-07-04T22:49:48.555+0800: 647.870: [GC (Allocation Failure) [PSYoungGen: 1021504K->13216K(1023488K)] 1085316K->77036K(1108480K), 0.0126712 secs] [Times: user=0.02 sys=0.00, real=0.01 secs] 
2024-07-04T22:49:49.918+0800: 649.233: [GC (Allocation Failure) [PSYoungGen: 1023392K->12976K(1028608K)] 1087212K->76804K(1113600K), 0.0135738 secs] [Times: user=0.02 sys=0.00, real=0.01 secs] 
2024-07-04T22:49:51.409+0800: 650.723: [GC (Allocation Failure) [PSYoungGen: 1023152K->6848K(1028608K)] 1086980K->70684K(1113600K), 0.0065648 secs] [Times: user=0.01 sys=0.00, real=0.01 secs] 
2024-07-04T22:49:52.894+0800: 652.208: [GC (Allocation Failure) [PSYoungGen: 1017024K->9536K(1030144K)] 1080860K->73380K(1115136K), 0.0095699 secs] [Times: user=0.02 sys=0.00, real=0.00 secs] 
2024-07-04T22:49:54.482+0800: 653.796: [GC (Allocation Failure) [PSYoungGen: 1021248K->13312K(1030144K)] 1085092K->77164K(1115136K), 0.0159820 secs] [Times: user=0.03 sys=0.00, real=0.02 secs] 
2024-07-04T22:49:55.969+0800: 655.283: [GC (Allocation Failure) [PSYoungGen: 1025024K->17184K(1027072K)] 1088876K->81044K(1112064K), 0.0163568 secs] [Times: user=0.03 sys=0.00, real=0.01 secs] 
2024-07-04T22:49:57.458+0800: 656.773: [GC (Allocation Failure) [PSYoungGen: 1025824K->12033K(1028608K)] 1089684K->75902K(1113600K), 0.0170640 secs] [Times: user=0.02 sys=0.00, real=0.02 secs] 
2024-07-04T22:49:59.131+0800: 658.445: [GC (Allocation Failure) [PSYoungGen: 1020673K->10096K(1028096K)] 1084542K->73972K(1113088K), 0.0101059 secs] [Times: user=0.02 sys=0.00, real=0.01 secs] 
2024-07-04T22:50:00.633+0800: 659.947: [GC (Allocation Failure) [PSYoungGen: 1019760K->12976K(1028608K)] 1083636K->76860K(1113600K), 0.0126794 secs] [Times: user=0.02 sys=0.00, real=0.01 secs] 
2024-07-04T22:50:02.005+0800: 661.319: [GC (Allocation Failure) [PSYoungGen: 1022640K->16256K(1028096K)] 1086524K->80148K(1113088K), 0.0150717 secs] [Times: user=0.03 sys=0.00, real=0.02 secs] 
2024-07-04T22:50:03.454+0800: 662.769: [GC (Allocation Failure) [PSYoungGen: 1025920K->10800K(1029120K)] 1089812K->74700K(1114112K), 0.0097467 secs] [Times: user=0.02 sys=0.00, real=0.00 secs] 
2024-07-04T22:50:04.814+0800: 664.128: [GC (Allocation Failure) [PSYoungGen: 1020464K->10485K(1027584K)] 1084364K->74394K(1112576K), 0.0095781 secs] [Times: user=0.02 sys=0.00, real=0.00 secs] 
2024-07-04T22:50:06.188+0800: 665.502: [GC (Allocation Failure) [PSYoungGen: 1020661K->13520K(1028608K)] 1084570K->77436K(1113600K), 0.0135044 secs] [Times: user=0.03 sys=0.00, real=0.01 secs] 
2024-07-04T22:50:07.781+0800: 667.095: [GC (Allocation Failure) [PSYoungGen: 1023696K->10559K(1030144K)] 1087612K->74484K(1115136K), 0.0093012 secs] [Times: user=0.02 sys=0.00, real=0.01 secs] 
2024-07-04T22:50:09.162+0800: 668.477: [GC (Allocation Failure) [PSYoungGen: 1022271K->8480K(1030144K)] 1086196K->72412K(1115136K), 0.0082091 secs] [Times: user=0.01 sys=0.00, real=0.01 secs] 
2024-07-04T22:50:10.588+0800: 669.903: [GC (Allocation Failure) [PSYoungGen: 1020192K->10837K(1029120K)] 1084124K->74778K(1114112K), 0.0096477 secs] [Times: user=0.02 sys=0.00, real=0.01 secs] 
2024-07-04T22:50:11.950+0800: 671.264: [GC (Allocation Failure) [PSYoungGen: 1022549K->14864K(1029632K)] 1086490K->78812K(1114624K), 0.0139615 secs] [Times: user=0.02 sys=0.00, real=0.01 secs] 
2024-07-04T22:50:13.315+0800: 672.629: [GC (Allocation Failure) [PSYoungGen: 1026576K->16016K(1028096K)] 1090524K->79972K(1113088K), 0.0164375 secs] [Times: user=0.03 sys=0.00, real=0.01 secs] 
2024-07-04T22:50:14.730+0800: 674.044: [GC (Allocation Failure) [PSYoungGen: 1025680K->10986K(1029120K)] 1089636K->74950K(1114112K), 0.0113913 secs] [Times: user=0.02 sys=0.00, real=0.01 secs] 
2024-07-04T22:50:16.095+0800: 675.409: [GC (Allocation Failure) [PSYoungGen: 1020650K->11424K(1027584K)] 1084614K->75396K(1112576K), 0.0141337 secs] [Times: user=0.02 sys=0.00, real=0.01 secs] 
2024-07-04T22:50:17.461+0800: 676.775: [GC (Allocation Failure) [PSYoungGen: 1021600K->15024K(1028608K)] 1085572K->79004K(1113600K), 0.0146739 secs] [Times: user=0.03 sys=0.00, real=0.02 secs] 
2024-07-04T22:50:18.855+0800: 678.170: [GC (Allocation Failure) [PSYoungGen: 1025200K->18128K(1026560K)] 1089180K->82116K(1111552K), 0.0172562 secs] [Times: user=0.03 sys=0.00, real=0.01 secs] 
2024-07-04T22:50:20.286+0800: 679.600: [GC (Allocation Failure) [PSYoungGen: 1025744K->15024K(1028096K)] 1089732K->79020K(1113088K), 0.0132719 secs] [Times: user=0.02 sys=0.00, real=0.01 secs] 
2024-07-04T22:50:21.660+0800: 680.974: [GC (Allocation Failure) [PSYoungGen: 1022640K->13408K(1027072K)] 1086636K->77412K(1112064K), 0.0125385 secs] [Times: user=0.02 sys=0.00, real=0.01 secs] 
2024-07-04T22:50:22.993+0800: 682.307: [GC (Allocation Failure) [PSYoungGen: 1021024K->12096K(1027584K)] 1085028K->76108K(1112576K), 0.0110899 secs] [Times: user=0.02 sys=0.00, real=0.01 secs] 
2024-07-04T22:50:24.348+0800: 683.662: [GC (Allocation Failure) [PSYoungGen: 1019712K->7917K(1028608K)] 1083724K->71938K(1113600K), 0.0075440 secs] [Times: user=0.01 sys=0.00, real=0.01 secs] 
2024-07-04T22:50:25.718+0800: 685.032: [GC (Allocation Failure) [PSYoungGen: 1017069K->11088K(1028608K)] 1081090K->75116K(1113600K), 0.0124863 secs] [Times: user=0.03 sys=0.00, real=0.01 secs] 
2024-07-04T22:50:27.107+0800: 686.421: [GC (Allocation Failure) [PSYoungGen: 1020240K->14960K(1028096K)] 1084268K->78996K(1113088K), 0.0143896 secs] [Times: user=0.03 sys=0.00, real=0.01 secs] 
2024-07-04T22:50:28.477+0800: 687.791: [GC (Allocation Failure) [PSYoungGen: 1024112K->5690K(1028608K)] 1088148K->69735K(1113600K), 0.0058548 secs] [Times: user=0.01 sys=0.00, real=0.00 secs] 
2024-07-04T22:50:29.819+0800: 689.133: [GC (Allocation Failure) [PSYoungGen: 1014842K->10224K(1028608K)] 1078887K->74276K(1113600K), 0.0109395 secs] [Times: user=0.02 sys=0.00, real=0.01 secs] 
2024-07-04T22:50:31.158+0800: 690.472: [GC (Allocation Failure) [PSYoungGen: 1019376K->14560K(1028608K)] 1083428K->78620K(1113600K), 0.0133343 secs] [Times: user=0.02 sys=0.00, real=0.01 secs] 
2024-07-04T22:50:32.498+0800: 691.812: [GC (Allocation Failure) [PSYoungGen: 1023712K->18416K(1025536K)] 1087772K->82484K(1110528K), 0.0166484 secs] [Times: user=0.03 sys=0.00, real=0.02 secs] 
2024-07-04T22:50:33.843+0800: 693.157: [GC (Allocation Failure) [PSYoungGen: 1023984K->14976K(1027072K)] 1088052K->79052K(1112064K), 0.0124622 secs] [Times: user=0.03 sys=0.00, real=0.02 secs] 
2024-07-04T22:50:35.214+0800: 694.528: [GC (Allocation Failure) [PSYoungGen: 1020544K->9907K(1026048K)] 1084620K->74000K(1111040K), 0.0076952 secs] [Times: user=0.01 sys=0.00, real=0.00 secs] 
2024-07-04T22:50:36.566+0800: 695.880: [GC (Allocation Failure) [PSYoungGen: 1015475K->4363K(1026560K)] 1079568K->68464K(1111552K), 0.0037283 secs] [Times: user=0.00 sys=0.00, real=0.00 secs] 
2024-07-04T22:50:37.918+0800: 697.232: [GC (Allocation Failure) [PSYoungGen: 1009931K->7920K(1027072K)] 1074032K->72028K(1112064K), 0.0115388 secs] [Times: user=0.02 sys=0.00, real=0.01 secs] 
2024-07-04T22:50:39.262+0800: 698.576: [GC (Allocation Failure) [PSYoungGen: 1013488K->12352K(1018368K)] 1077596K->76468K(1103360K), 0.0132594 secs] [Times: user=0.02 sys=0.00, real=0.02 secs] 
2024-07-04T22:50:40.598+0800: 699.912: [GC (Allocation Failure) [PSYoungGen: 1017920K->17264K(1025536K)] 1082036K->81388K(1110528K), 0.0153427 secs] [Times: user=0.03 sys=0.00, real=0.01 secs] 
2024-07-04T22:50:41.932+0800: 701.246: [GC (Allocation Failure) [PSYoungGen: 1021808K->17680K(1022464K)] 1085932K->81812K(1107456K), 0.0161735 secs] [Times: user=0.02 sys=0.00, real=0.02 secs] 
2024-07-04T22:50:43.301+0800: 702.615: [GC (Allocation Failure) [PSYoungGen: 1022224K->10863K(1026048K)] 1086356K->75004K(1111040K), 0.0090591 secs] [Times: user=0.02 sys=0.00, real=0.01 secs] 
2024-07-04T22:50:44.653+0800: 703.967: [GC (Allocation Failure) [PSYoungGen: 1013871K->5168K(1025536K)] 1078012K->69316K(1110528K), 0.0043810 secs] [Times: user=0.01 sys=0.00, real=0.01 secs] 
2024-07-04T22:50:46.041+0800: 705.355: [GC (Allocation Failure) [PSYoungGen: 1008176K->7456K(1025536K)] 1072324K->71612K(1110528K), 0.0079140 secs] [Times: user=0.02 sys=0.00, real=0.01 secs] 
2024-07-04T22:50:47.402+0800: 706.716: [GC (Allocation Failure) [PSYoungGen: 1010464K->15648K(1025536K)] 1074620K->79812K(1110528K), 0.0160417 secs] [Times: user=0.03 sys=0.00, real=0.02 secs] 
2024-07-04T22:50:48.759+0800: 708.073: [GC (Allocation Failure) [PSYoungGen: 1018656K->17856K(1023488K)] 1082820K->82028K(1108480K), 0.0169800 secs] [Times: user=0.03 sys=0.00, real=0.02 secs] 
2024-07-04T22:50:50.113+0800: 709.427: [GC (Allocation Failure) [PSYoungGen: 1018293K->12085K(1024512K)] 1082466K->76266K(1109504K), 0.0108430 secs] [Times: user=0.02 sys=0.00, real=0.01 secs] 
2024-07-04T22:50:51.458+0800: 710.772: [GC (Allocation Failure) [PSYoungGen: 1012533K->11328K(1022464K)] 1076714K->75516K(1107456K), 0.0099640 secs] [Times: user=0.02 sys=0.00, real=0.01 secs] 
2024-07-04T22:50:52.826+0800: 712.140: [GC (Allocation Failure) [PSYoungGen: 1012800K->9104K(1023488K)] 1076988K->73300K(1108480K), 0.0091604 secs] [Times: user=0.02 sys=0.00, real=0.01 secs] 
2024-07-04T22:50:54.193+0800: 713.508: [GC (Allocation Failure) [PSYoungGen: 1010576K->14976K(1026048K)] 1074772K->79180K(1111040K), 0.0137476 secs] [Times: user=0.03 sys=0.00, real=0.02 secs] 
2024-07-04T22:50:55.563+0800: 714.877: [GC (Allocation Failure) [PSYoungGen: 1019520K->19344K(1024000K)] 1083724K->83556K(1108992K), 0.0282540 secs] [Times: user=0.03 sys=0.00, real=0.03 secs] 
2024-07-04T22:50:56.939+0800: 716.253: [GC (Allocation Failure) [PSYoungGen: 1023888K->13600K(1026048K)] 1088100K->77820K(1111040K), 0.0117805 secs] [Times: user=0.02 sys=0.00, real=0.01 secs] 
2024-07-04T22:50:58.292+0800: 717.606: [GC (Allocation Failure) [PSYoungGen: 1016096K->13280K(1015808K)] 1080316K->77508K(1100800K), 0.0125471 secs] [Times: user=0.02 sys=0.00, real=0.01 secs] 
2024-07-04T22:50:59.645+0800: 718.960: [GC (Allocation Failure) [PSYoungGen: 1015776K->11914K(1025536K)] 1080004K->76150K(1110528K), 0.0104014 secs] [Times: user=0.02 sys=0.00, real=0.02 secs] 
2024-07-04T22:51:01.012+0800: 720.327: [GC (Allocation Failure) [PSYoungGen: 1015434K->11584K(1024512K)] 1079670K->75828K(1109504K), 0.0114961 secs] [Times: user=0.03 sys=0.00, real=0.01 secs] 
2024-07-04T22:51:02.352+0800: 721.666: [GC (Allocation Failure) [PSYoungGen: 1015104K->18144K(1024512K)] 1079348K->82396K(1109504K), 0.0167621 secs] [Times: user=0.03 sys=0.00, real=0.02 secs] 
2024-07-04T22:51:04.262+0800: 723.576: [GC (Allocation Failure) [PSYoungGen: 1022176K->8989K(1026048K)] 1086428K->73250K(1111040K), 0.0083034 secs] [Times: user=0.02 sys=0.00, real=0.01 secs] 
2024-07-04T22:51:05.607+0800: 724.921: [GC (Allocation Failure) [PSYoungGen: 1013021K->13296K(1024512K)] 1077282K->77564K(1109504K), 0.0140387 secs] [Times: user=0.03 sys=0.00, real=0.01 secs] 
2024-07-04T22:51:06.987+0800: 726.301: [GC (Allocation Failure) [PSYoungGen: 1017840K->11849K(1025536K)] 1082108K->76126K(1110528K), 0.0104362 secs] [Times: user=0.01 sys=0.00, real=0.01 secs] 
2024-07-04T22:51:08.357+0800: 727.671: [GC (Allocation Failure) [PSYoungGen: 1016393K->8800K(1027072K)] 1080670K->73084K(1112064K), 0.0085652 secs] [Times: user=0.02 sys=0.00, real=0.00 secs] 
2024-07-04T22:51:09.710+0800: 729.025: [GC (Allocation Failure) [PSYoungGen: 1015904K->13472K(1027584K)] 1080188K->77764K(1112576K), 0.0140949 secs] [Times: user=0.02 sys=0.00, real=0.01 secs] 
2024-07-04T22:51:11.046+0800: 730.360: [GC (Allocation Failure) [PSYoungGen: 1020576K->15856K(1027584K)] 1084868K->80156K(1112576K), 0.0141799 secs] [Times: user=0.03 sys=0.00, real=0.01 secs] 
2024-07-04T22:51:12.473+0800: 731.787: [GC (Allocation Failure) [PSYoungGen: 1023472K->11247K(1028096K)] 1087772K->75555K(1113088K), 0.0101372 secs] [Times: user=0.02 sys=0.00, real=0.01 secs] 
2024-07-04T22:51:13.823+0800: 733.138: [GC (Allocation Failure) [PSYoungGen: 1018863K->13168K(1027072K)] 1083171K->77484K(1112064K), 0.0128828 secs] [Times: user=0.03 sys=0.00, real=0.02 secs] 
2024-07-04T22:51:15.180+0800: 734.494: [GC (Allocation Failure) [PSYoungGen: 1021296K->12768K(1027584K)] 1085612K->77092K(1112576K), 0.0122890 secs] [Times: user=0.03 sys=0.00, real=0.01 secs] 
2024-07-04T22:51:16.565+0800: 735.879: [GC (Allocation Failure) [PSYoungGen: 1020896K->9024K(1029120K)] 1085220K->73356K(1114112K), 0.0099285 secs] [Times: user=0.01 sys=0.00, real=0.02 secs] 
2024-07-04T22:51:17.925+0800: 737.239: [GC (Allocation Failure) [PSYoungGen: 1019200K->11776K(1029120K)] 1083532K->76116K(1114112K), 0.0113437 secs] [Times: user=0.02 sys=0.00, real=0.02 secs] 
2024-07-04T22:51:19.399+0800: 738.713: [GC (Allocation Failure) [PSYoungGen: 1021952K->15504K(1028608K)] 1086292K->79852K(1113600K), 0.0154875 secs] [Times: user=0.02 sys=0.00, real=0.02 secs] 
2024-07-04T22:51:20.736+0800: 740.050: [GC (Allocation Failure) [PSYoungGen: 1025680K->18928K(1029120K)] 1090028K->83388K(1114112K), 0.0174385 secs] [Times: user=0.03 sys=0.00, real=0.01 secs] 
2024-07-04T22:51:22.109+0800: 741.423: [GC (Allocation Failure) [PSYoungGen: 1029104K->15968K(1026048K)] 1093564K->80436K(1111040K), 0.0160445 secs] [Times: user=0.03 sys=0.00, real=0.01 secs] 
2024-07-04T22:51:23.472+0800: 742.786: [GC (Allocation Failure) [PSYoungGen: 1022560K->13984K(1027584K)] 1087028K->78452K(1112576K), 0.0133287 secs] [Times: user=0.03 sys=0.00, real=0.01 secs] 
2024-07-04T22:51:24.826+0800: 744.140: [GC (Allocation Failure) [PSYoungGen: 1020576K->15984K(1027072K)] 1085044K->80460K(1112064K), 0.0158017 secs] [Times: user=0.02 sys=0.00, real=0.01 secs] 
2024-07-04T22:51:26.202+0800: 745.516: [GC (Allocation Failure) [PSYoungGen: 1023088K->9104K(1027584K)] 1087564K->73588K(1112576K), 0.0087865 secs] [Times: user=0.01 sys=0.01, real=0.01 secs] 
2024-07-04T22:51:27.577+0800: 746.891: [GC (Allocation Failure) [PSYoungGen: 1016208K->13568K(1026560K)] 1080692K->78060K(1111552K), 0.0137907 secs] [Times: user=0.03 sys=0.00, real=0.01 secs] 
2024-07-04T22:51:28.954+0800: 748.268: [GC (Allocation Failure) [PSYoungGen: 1020672K->17520K(1027072K)] 1085164K->82020K(1112064K), 0.0160393 secs] [Times: user=0.03 sys=0.00, real=0.01 secs] 
2024-07-04T22:51:30.299+0800: 749.613: [GC (Allocation Failure) [PSYoungGen: 1024624K->17056K(1026560K)] 1089124K->81564K(1111552K), 0.0154121 secs] [Times: user=0.03 sys=0.00, real=0.02 secs] 
2024-07-04T22:51:31.668+0800: 750.982: [GC (Allocation Failure) [PSYoungGen: 1022624K->11712K(1027072K)] 1087132K->76228K(1112064K), 0.0092831 secs] [Times: user=0.02 sys=0.00, real=0.01 secs] 
2024-07-04T22:51:33.060+0800: 752.374: [GC (Allocation Failure) [PSYoungGen: 1017280K->10912K(1026048K)] 1081796K->75436K(1111040K), 0.0103902 secs] [Times: user=0.02 sys=0.00, real=0.01 secs] 
2024-07-04T22:51:34.421+0800: 753.736: [GC (Allocation Failure) [PSYoungGen: 1016480K->10960K(1026560K)] 1081004K->75492K(1111552K), 0.0115552 secs] [Times: user=0.02 sys=0.00, real=0.01 secs] 
2024-07-04T22:51:35.783+0800: 755.097: [GC (Allocation Failure) [PSYoungGen: 1016528K->11312K(1026560K)] 1081060K->75852K(1111552K), 0.0110284 secs] [Times: user=0.02 sys=0.00, real=0.02 secs] 
2024-07-04T22:51:37.118+0800: 756.432: [GC (Allocation Failure) [PSYoungGen: 1017904K->17744K(1027072K)] 1082444K->82292K(1112064K), 0.0183922 secs] [Times: user=0.03 sys=0.00, real=0.02 secs] 
2024-07-04T22:51:38.478+0800: 757.792: [GC (Allocation Failure) [PSYoungGen: 1024336K->16192K(1027072K)] 1088884K->80748K(1112064K), 0.0152222 secs] [Times: user=0.02 sys=0.00, real=0.01 secs] 
2024-07-04T22:51:39.852+0800: 759.166: [GC (Allocation Failure) [PSYoungGen: 1021760K->12041K(1017856K)] 1086316K->76606K(1102848K), 0.0096944 secs] [Times: user=0.02 sys=0.00, real=0.01 secs] 
2024-07-04T22:51:41.213+0800: 760.527: [GC (Allocation Failure) [PSYoungGen: 1017609K->5041K(1025536K)] 1082174K->69614K(1110528K), 0.0046220 secs] [Times: user=0.01 sys=0.00, real=0.01 secs] 
2024-07-04T22:51:42.569+0800: 761.883: [GC (Allocation Failure) [PSYoungGen: 1009585K->8192K(1026560K)] 1074158K->72772K(1111552K), 0.0093464 secs] [Times: user=0.02 sys=0.00, real=0.01 secs] 
2024-07-04T22:51:43.918+0800: 763.232: [GC (Allocation Failure) [PSYoungGen: 1012736K->13184K(1024512K)] 1077316K->77772K(1109504K), 0.0126383 secs] [Times: user=0.02 sys=0.00, real=0.01 secs] 
2024-07-04T22:51:45.252+0800: 764.566: [GC (Allocation Failure) [PSYoungGen: 1017728K->17664K(1025536K)] 1082316K->82260K(1110528K), 0.0168034 secs] [Times: user=0.03 sys=0.00, real=0.02 secs] 
2024-07-04T22:51:46.615+0800: 765.929: [GC (Allocation Failure) [PSYoungGen: 1022208K->12624K(1026560K)] 1086804K->77228K(1111552K), 0.0114320 secs] [Times: user=0.02 sys=0.00, real=0.01 secs] 
2024-07-04T22:51:47.992+0800: 767.306: [GC (Allocation Failure) [PSYoungGen: 1017168K->9776K(1026048K)] 1081772K->74388K(1111040K), 0.0086541 secs] [Times: user=0.01 sys=0.00, real=0.01 secs] 
2024-07-04T22:51:49.365+0800: 768.679: [GC (Allocation Failure) [PSYoungGen: 1014320K->4964K(1025536K)] 1078932K->69585K(1110528K), 0.0054124 secs] [Times: user=0.01 sys=0.00, real=0.01 secs] 
2024-07-04T22:51:50.704+0800: 770.018: [GC (Allocation Failure) [PSYoungGen: 1009508K->11376K(1026048K)] 1074129K->76004K(1111040K), 0.0109878 secs] [Times: user=0.02 sys=0.00, real=0.02 secs] 
2024-07-04T22:51:52.035+0800: 771.349: [GC (Allocation Failure) [PSYoungGen: 1015920K->16672K(1026560K)] 1080548K->81308K(1111552K), 0.0153359 secs] [Times: user=0.03 sys=0.00, real=0.01 secs] 
2024-07-04T22:51:53.398+0800: 772.712: [GC (Allocation Failure) [PSYoungGen: 1022240K->13020K(1027072K)] 1086876K->77665K(1112064K), 0.0116368 secs] [Times: user=0.02 sys=0.01, real=0.01 secs] 
2024-07-04T22:51:54.769+0800: 774.083: [GC (Allocation Failure) [PSYoungGen: 1018588K->12752K(1026048K)] 1083233K->77404K(1111040K), 0.0118770 secs] [Times: user=0.02 sys=0.00, real=0.01 secs] 
2024-07-04T22:51:56.150+0800: 775.464: [GC (Allocation Failure) [PSYoungGen: 1018832K->7728K(1026560K)] 1083484K->72388K(1111552K), 0.0075265 secs] [Times: user=0.02 sys=0.00, real=0.01 secs] 
2024-07-04T22:51:57.525+0800: 776.839: [GC (Allocation Failure) [PSYoungGen: 1013808K->8736K(1027072K)] 1078468K->73404K(1112064K), 0.0113309 secs] [Times: user=0.01 sys=0.00, real=0.02 secs] 
2024-07-04T22:51:58.976+0800: 778.291: [GC (Allocation Failure) [PSYoungGen: 1016352K->10037K(1027584K)] 1081020K->74714K(1112576K), 0.0097012 secs] [Times: user=0.02 sys=0.00, real=0.01 secs] 
2024-07-04T22:52:00.363+0800: 779.677: [GC (Allocation Failure) [PSYoungGen: 1017653K->8842K(1027584K)] 1082330K->73526K(1112576K), 0.0081606 secs] [Times: user=0.01 sys=0.00, real=0.01 secs] 
2024-07-04T22:52:01.728+0800: 781.042: [GC (Allocation Failure) [PSYoungGen: 1017994K->7605K(1028096K)] 1082678K->72298K(1113088K), 0.0075903 secs] [Times: user=0.01 sys=0.00, real=0.01 secs] 
2024-07-04T22:52:03.444+0800: 782.758: [GC (Allocation Failure) [PSYoungGen: 1016757K->13392K(1029632K)] 1081450K->78092K(1114624K), 0.0139355 secs] [Times: user=0.03 sys=0.00, real=0.02 secs] 
2024-07-04T22:52:38.594+0800: 817.908: [GC (Allocation Failure) [PSYoungGen: 1024080K->18918K(1029632K)] 1088780K->102087K(1114624K), 0.0155587 secs] [Times: user=0.03 sys=0.00, real=0.01 secs] 
2024-07-04T22:52:38.609+0800: 817.924: [Full GC (Ergonomics) [PSYoungGen: 18918K->0K(1029632K)] [ParOldGen: 83168K->43251K(100352K)] 102087K->43251K(1129984K), [Metaspace: 12396K->12396K(1060864K)], 0.0281626 secs] [Times: user=0.04 sys=0.00, real=0.03 secs] 
2024-07-04T22:53:18.144+0800: 857.458: [GC (Allocation Failure) [PSYoungGen: 1010688K->731K(1010176K)] 1053939K->43982K(1110528K), 0.0010307 secs] [Times: user=0.00 sys=0.00, real=0.00 secs] 
2024-07-04T22:53:57.430+0800: 896.744: [GC (Allocation Failure) [PSYoungGen: 991963K->715K(992256K)] 1035214K->43966K(1092608K), 0.0009355 secs] [Times: user=0.00 sys=0.00, real=0.00 secs] 
2024-07-04T22:54:39.338+0800: 938.652: [GC (Allocation Failure) [PSYoungGen: 991947K->525K(1019392K)] 1035198K->43777K(1119744K), 0.0011270 secs] [Times: user=0.01 sys=0.00, real=0.00 secs] 
2024-07-04T22:55:19.509+0800: 978.823: [GC (Allocation Failure) [PSYoungGen: 990733K->557K(1019392K)] 1033985K->43809K(1119744K), 0.0010818 secs] [Times: user=0.00 sys=0.00, real=0.00 secs] 
2024-07-04T22:55:59.885+0800: 1019.199: [GC (Allocation Failure) [PSYoungGen: 990765K->897K(1018368K)] 1034017K->44149K(1118720K), 0.0011144 secs] [Times: user=0.00 sys=0.00, real=0.01 secs] 
2024-07-04T22:56:40.014+0800: 1059.328: [GC (Allocation Failure) [PSYoungGen: 991105K->731K(1018880K)] 1034357K->43982K(1119232K), 0.0014551 secs] [Times: user=0.00 sys=0.00, real=0.00 secs] 
2024-07-04T22:57:19.978+0800: 1099.292: [GC (Allocation Failure) [PSYoungGen: 990939K->1000K(1019392K)] 1034190K->44252K(1119744K), 0.0016202 secs] [Times: user=0.00 sys=0.00, real=0.00 secs] 
2024-07-04T22:57:59.832+0800: 1139.146: [GC (Allocation Failure) [PSYoungGen: 993256K->708K(1019392K)] 1036508K->43959K(1119744K), 0.0009952 secs] [Times: user=0.00 sys=0.00, real=0.00 secs] 
2024-07-04T22:58:11.486+0800: 1150.800: [GC (Allocation Failure) [PSYoungGen: 992724K->5083K(1019392K)] 1035975K->48343K(1119744K), 0.0032365 secs] [Times: user=0.00 sys=0.00, real=0.00 secs] 
2024-07-04T22:58:18.575+0800: 1157.889: [GC (Allocation Failure) [PSYoungGen: 1000381K->6299K(1019904K)] 1043641K->49566K(1120256K), 0.0032680 secs] [Times: user=0.01 sys=0.00, real=0.00 secs] 
2024-07-04T22:58:25.634+0800: 1164.948: [GC (Allocation Failure) [PSYoungGen: 1001618K->6331K(1018368K)] 1044886K->49606K(1118720K), 0.0023592 secs] [Times: user=0.01 sys=0.00, real=0.00 secs] 
2024-07-04T22:58:32.365+0800: 1171.679: [GC (Allocation Failure) [PSYoungGen: 1005220K->5618K(1019904K)] 1048495K->48902K(1120256K), 0.0030894 secs] [Times: user=0.00 sys=0.00, real=0.01 secs] 
2024-07-04T22:58:38.942+0800: 1178.256: [GC (Allocation Failure) [PSYoungGen: 1004136K->3480K(1019904K)] 1047420K->46780K(1120256K), 0.0018606 secs] [Times: user=0.01 sys=0.00, real=0.00 secs] 
2024-07-04T22:58:45.362+0800: 1184.676: [GC (Allocation Failure) [PSYoungGen: 1005364K->4873K(1020928K)] 1048663K->48181K(1121280K), 0.0030267 secs] [Times: user=0.01 sys=0.00, real=0.00 secs] 
2024-07-04T22:58:52.109+0800: 1191.423: [GC (Allocation Failure) [PSYoungGen: 1006753K->4906K(1020928K)] 1050060K->48221K(1121280K), 0.0019063 secs] [Times: user=0.00 sys=0.00, real=0.00 secs] 
2024-07-04T22:58:59.233+0800: 1198.547: [GC (Allocation Failure) [PSYoungGen: 1009962K->3250K(1021952K)] 1053277K->46780K(1122304K), 0.0021531 secs] [Times: user=0.01 sys=0.00, real=0.01 secs] 
2024-07-04T22:59:05.698+0800: 1205.012: [GC (Allocation Failure) [PSYoungGen: 1008200K->4675K(1023488K)] 1051730K->48213K(1123840K), 0.0029557 secs] [Times: user=0.01 sys=0.00, real=0.00 secs] 
2024-07-04T22:59:12.239+0800: 1211.554: [GC (Allocation Failure) [PSYoungGen: 1012112K->4675K(1023488K)] 1055650K->48229K(1123840K), 0.0019387 secs] [Times: user=0.00 sys=0.00, real=0.00 secs] 
2024-07-04T22:59:19.330+0800: 1218.644: [GC (Allocation Failure) [PSYoungGen: 1012323K->4675K(1022464K)] 1055878K->48245K(1122816K), 0.0018575 secs] [Times: user=0.00 sys=0.00, real=0.00 secs] 
2024-07-04T22:59:26.126+0800: 1225.440: [GC (Allocation Failure) [PSYoungGen: 1014755K->4675K(1024000K)] 1058326K->48253K(1124352K), 0.0018485 secs] [Times: user=0.00 sys=0.00, real=0.00 secs] 
2024-07-04T22:59:32.638+0800: 1231.952: [GC (Allocation Failure) [PSYoungGen: 1014786K->4643K(1025024K)] 1058365K->48229K(1125376K), 0.0030785 secs] [Times: user=0.00 sys=0.00, real=0.00 secs] 
2024-07-04T22:59:39.010+0800: 1238.324: [GC (Allocation Failure) [PSYoungGen: 1017880K->4675K(1025536K)] 1061466K->48269K(1125888K), 0.0017561 secs] [Times: user=0.00 sys=0.00, real=0.00 secs] 
2024-07-04T22:59:45.325+0800: 1244.640: [GC (Allocation Failure) [PSYoungGen: 1017630K->4643K(1026560K)] 1061224K->48245K(1126912K), 0.0018347 secs] [Times: user=0.00 sys=0.00, real=0.01 secs] 
2024-07-04T22:59:51.972+0800: 1251.286: [GC (Allocation Failure) [PSYoungGen: 1020435K->3690K(1027072K)] 1064037K->48285K(1127424K), 0.0024089 secs] [Times: user=0.01 sys=0.00, real=0.01 secs] 
2024-07-04T22:59:58.725+0800: 1258.039: [GC (Allocation Failure) [PSYoungGen: 1019498K->3706K(1028096K)] 1064093K->48309K(1128448K), 0.0014980 secs] [Times: user=0.00 sys=0.00, real=0.01 secs] 
2024-07-04T23:00:05.511+0800: 1264.825: [GC (Allocation Failure) [PSYoungGen: 1022074K->2930K(1028608K)] 1066677K->47548K(1128960K), 0.0019677 secs] [Times: user=0.00 sys=0.00, real=0.00 secs] 
2024-07-04T23:00:13.922+0800: 1273.236: [GC (Allocation Failure) [PSYoungGen: 1020914K->3658K(1029120K)] 1065533K->48293K(1129472K), 0.0013237 secs] [Times: user=0.01 sys=0.00, real=0.00 secs] 
2024-07-04T23:00:21.158+0800: 1280.473: [GC (Allocation Failure) [PSYoungGen: 1023921K->3690K(1030144K)] 1068556K->48333K(1130496K), 0.0013820 secs] [Times: user=0.01 sys=0.00, real=0.00 secs] 
2024-07-04T23:00:27.922+0800: 1287.236: [GC (Allocation Failure) [PSYoungGen: 1024106K->3658K(1031680K)] 1068749K->48309K(1132032K), 0.0019658 secs] [Times: user=0.00 sys=0.00, real=0.00 secs] 
2024-07-04T23:00:34.714+0800: 1294.028: [GC (Allocation Failure) [PSYoungGen: 1025899K->3658K(1031680K)] 1070549K->48317K(1132032K), 0.0028151 secs] [Times: user=0.01 sys=0.00, real=0.00 secs] 
2024-07-04T23:00:41.909+0800: 1301.223: [GC (Allocation Failure) [PSYoungGen: 1025836K->3658K(1031680K)] 1070495K->48325K(1132032K), 0.0017444 secs] [Times: user=0.00 sys=0.00, real=0.00 secs] 
2024-07-04T23:00:48.678+0800: 1307.992: [GC (Allocation Failure) [PSYoungGen: 1027694K->3690K(1032704K)] 1072361K->48365K(1133056K), 0.0016151 secs] [Times: user=0.00 sys=0.00, real=0.00 secs] 
2024-07-04T23:00:55.258+0800: 1314.572: [GC (Allocation Failure) [PSYoungGen: 1028202K->3674K(1034752K)] 1072877K->48357K(1135104K), 0.0028024 secs] [Times: user=0.00 sys=0.00, real=0.00 secs] 
2024-07-04T23:01:01.830+0800: 1321.144: [GC (Allocation Failure) [PSYoungGen: 1030746K->2962K(1034752K)] 1075429K->47652K(1135104K), 0.0018262 secs] [Times: user=0.00 sys=0.00, real=0.00 secs] 
2024-07-04T23:01:08.753+0800: 1328.067: [GC (Allocation Failure) [PSYoungGen: 1029443K->3642K(1036288K)] 1074134K->48341K(1136640K), 0.0032684 secs] [Times: user=0.00 sys=0.00, real=0.01 secs] 
2024-07-04T23:01:15.702+0800: 1335.016: [GC (Allocation Failure) [PSYoungGen: 1033274K->2978K(1036800K)] 1077973K->47684K(1137152K), 0.0013860 secs] [Times: user=0.00 sys=0.00, real=0.00 secs] 
2024-07-04T23:01:22.530+0800: 1341.844: [GC (Allocation Failure) [PSYoungGen: 1032210K->3674K(1039360K)] 1076917K->48389K(1139712K), 0.0031126 secs] [Times: user=0.00 sys=0.00, real=0.00 secs] 
2024-07-04T23:01:29.263+0800: 1348.577: [GC (Allocation Failure) [PSYoungGen: 1035423K->3642K(1039360K)] 1080138K->48365K(1139712K), 0.0023791 secs] [Times: user=0.00 sys=0.00, real=0.01 secs] 
2024-07-04T23:01:36.012+0800: 1355.326: [GC (Allocation Failure) [PSYoungGen: 1035829K->3674K(1040896K)] 1080552K->48405K(1141248K), 0.0019089 secs] [Times: user=0.00 sys=0.00, real=0.00 secs] 
2024-07-04T23:01:42.850+0800: 1362.164: [GC (Allocation Failure) [PSYoungGen: 1037544K->3642K(1040896K)] 1082275K->48381K(1141248K), 0.0019994 secs] [Times: user=0.01 sys=0.00, real=0.00 secs] 
2024-07-04T23:01:49.677+0800: 1368.991: [GC (Allocation Failure) [PSYoungGen: 1037754K->3642K(1041408K)] 1082493K->48389K(1141760K), 0.0015862 secs] [Times: user=0.00 sys=0.01, real=0.00 secs] 
2024-07-04T23:01:57.182+0800: 1376.496: [GC (Allocation Failure) [PSYoungGen: 1038890K->3642K(1041408K)] 1083636K->48397K(1141760K), 0.0021677 secs] [Times: user=0.00 sys=0.00, real=0.00 secs] 
2024-07-04T23:02:04.053+0800: 1383.367: [GC (Allocation Failure) [PSYoungGen: 1038289K->3690K(1041408K)] 1083044K->48453K(1141760K), 0.0018300 secs] [Times: user=0.00 sys=0.00, real=0.01 secs] 
2024-07-04T23:02:10.718+0800: 1390.032: [GC (Allocation Failure) [PSYoungGen: 1039549K->2978K(1041920K)] 1084311K->47748K(1142272K), 0.0012305 secs] [Times: user=0.01 sys=0.00, real=0.00 secs] 
2024-07-04T23:02:17.660+0800: 1396.975: [GC (Allocation Failure) [PSYoungGen: 1038568K->3690K(1042944K)] 1083339K->48469K(1143296K), 0.0017947 secs] [Times: user=0.00 sys=0.01, real=0.00 secs] 
2024-07-04T23:02:24.510+0800: 1403.824: [GC (Allocation Failure) [PSYoungGen: 1040360K->3642K(1041408K)] 1085139K->48429K(1141760K), 0.0020833 secs] [Times: user=0.00 sys=0.00, real=0.00 secs] 
2024-07-04T23:02:31.384+0800: 1410.698: [GC (Allocation Failure) [PSYoungGen: 1040928K->3690K(1042432K)] 1085715K->48485K(1142784K), 0.0016125 secs] [Times: user=0.00 sys=0.00, real=0.00 secs] 
2024-07-04T23:02:38.198+0800: 1417.512: [GC (Allocation Failure) [PSYoungGen: 1040308K->3642K(1042432K)] 1085103K->48445K(1142784K), 0.0019126 secs] [Times: user=0.00 sys=0.00, real=0.00 secs] 
2024-07-04T23:02:45.074+0800: 1424.388: [GC (Allocation Failure) [PSYoungGen: 1040313K->3642K(1043456K)] 1085116K->48453K(1143808K), 0.0024418 secs] [Times: user=0.00 sys=0.00, real=0.00 secs] 
2024-07-04T23:02:51.946+0800: 1431.260: [GC (Allocation Failure) [PSYoungGen: 1041862K->3690K(1043456K)] 1086673K->48509K(1143808K), 0.0019289 secs] [Times: user=0.00 sys=0.00, real=0.00 secs] 
2024-07-04T23:02:58.894+0800: 1438.208: [GC (Allocation Failure) [PSYoungGen: 1041965K->3690K(1042432K)] 1086784K->48517K(1142784K), 0.0013780 secs] [Times: user=0.00 sys=0.00, real=0.00 secs] 
2024-07-04T23:03:05.779+0800: 1445.094: [GC (Allocation Failure) [PSYoungGen: 1042024K->3690K(1042944K)] 1086851K->48525K(1143296K), 0.0019738 secs] [Times: user=0.00 sys=0.00, real=0.00 secs] 
2024-07-04T23:03:12.537+0800: 1451.852: [GC (Allocation Failure) [PSYoungGen: 1041902K->3658K(1043968K)] 1086736K->48501K(1144320K), 0.0015726 secs] [Times: user=0.00 sys=0.00, real=0.00 secs] 
2024-07-04T23:03:19.374+0800: 1458.688: [GC (Allocation Failure) [PSYoungGen: 1042982K->3642K(1043968K)] 1087824K->48493K(1144320K), 0.0019628 secs] [Times: user=0.01 sys=0.00, real=0.00 secs] 
2024-07-04T23:03:26.159+0800: 1465.473: [GC (Allocation Failure) [PSYoungGen: 1042970K->3642K(1043968K)] 1087820K->48501K(1144320K), 0.0020834 secs] [Times: user=0.00 sys=0.00, real=0.00 secs] 
2024-07-04T23:03:32.951+0800: 1472.265: [GC (Allocation Failure) [PSYoungGen: 1042409K->3690K(1043968K)] 1087268K->48557K(1144320K), 0.0013418 secs] [Times: user=0.00 sys=0.00, real=0.00 secs] 
2024-07-04T23:03:39.684+0800: 1478.998: [GC (Allocation Failure) [PSYoungGen: 1042400K->3642K(1043968K)] 1087267K->48517K(1144320K), 0.0021825 secs] [Times: user=0.01 sys=0.00, real=0.01 secs] 
2024-07-04T23:03:46.472+0800: 1485.787: [GC (Allocation Failure) [PSYoungGen: 1042418K->3674K(1043968K)] 1087293K->48557K(1144320K), 0.0020280 secs] [Times: user=0.00 sys=0.00, real=0.01 secs] 
2024-07-04T23:03:53.170+0800: 1492.484: [GC (Allocation Failure) [PSYoungGen: 1042382K->3658K(1043456K)] 1087265K->48549K(1143808K), 0.0013135 secs] [Times: user=0.01 sys=0.00, real=0.00 secs] 
2024-07-04T23:04:00.028+0800: 1499.342: [GC (Allocation Failure) [PSYoungGen: 1042379K->3690K(1043968K)] 1087270K->48597K(1144320K), 0.0013958 secs] [Times: user=0.00 sys=0.00, real=0.00 secs] 
2024-07-04T23:04:07.110+0800: 1506.424: [GC (Allocation Failure) [PSYoungGen: 1043049K->3642K(1044480K)] 1087955K->48557K(1144832K), 0.0023012 secs] [Times: user=0.00 sys=0.00, real=0.00 secs] 
2024-07-04T23:04:15.610+0800: 1514.925: [GC (Allocation Failure) [PSYoungGen: 1044026K->176K(1040896K)] 1088941K->45098K(1141248K), 0.0014762 secs] [Times: user=0.00 sys=0.00, real=0.00 secs] 
2024-07-04T23:04:20.325+0800: 1519.639: [GC (Allocation Failure) [PSYoungGen: 1040560K->208K(1042944K)] 1085482K->45138K(1143296K), 0.0012306 secs] [Times: user=0.00 sys=0.00, real=0.01 secs] 
2024-07-04T23:04:24.766+0800: 1524.080: [GC (Allocation Failure) [PSYoungGen: 1038544K->208K(1038848K)] 1083474K->45146K(1139200K), 0.0011917 secs] [Times: user=0.00 sys=0.00, real=0.00 secs] 
2024-07-04T23:04:29.272+0800: 1528.586: [GC (Allocation Failure) [PSYoungGen: 1038544K->192K(1042944K)] 1083482K->45138K(1143296K), 0.0013595 secs] [Times: user=0.00 sys=0.00, real=0.00 secs] 
2024-07-04T23:04:33.782+0800: 1533.096: [GC (Allocation Failure) [PSYoungGen: 1037504K->192K(1042944K)] 1082450K->45146K(1143296K), 0.0015277 secs] [Times: user=0.00 sys=0.00, real=0.00 secs] 
2024-07-04T23:04:38.230+0800: 1537.544: [GC (Allocation Failure) [PSYoungGen: 1037504K->208K(1042944K)] 1082458K->45170K(1143296K), 0.0014335 secs] [Times: user=0.00 sys=0.00, real=0.00 secs] 
2024-07-04T23:04:42.682+0800: 1541.996: [GC (Allocation Failure) [PSYoungGen: 1037520K->192K(1042944K)] 1082482K->45162K(1143296K), 0.0010701 secs] [Times: user=0.00 sys=0.00, real=0.00 secs] 
2024-07-04T23:04:47.190+0800: 1546.504: [GC (Allocation Failure) [PSYoungGen: 1037504K->208K(1042944K)] 1082474K->45186K(1143296K), 0.0015844 secs] [Times: user=0.00 sys=0.00, real=0.00 secs] 
2024-07-04T23:04:51.499+0800: 1550.813: [GC (Allocation Failure) [PSYoungGen: 1037520K->208K(1042944K)] 1082498K->45194K(1143296K), 0.0014719 secs] [Times: user=0.00 sys=0.00, real=0.00 secs] 
2024-07-04T23:04:56.007+0800: 1555.321: [GC (Allocation Failure) [PSYoungGen: 1037520K->256K(1042944K)] 1082506K->45250K(1143296K), 0.0015005 secs] [Times: user=0.00 sys=0.00, real=0.00 secs] 
2024-07-04T23:05:00.534+0800: 1559.848: [GC (Allocation Failure) [PSYoungGen: 1037568K->208K(1037824K)] 1082562K->45210K(1138176K), 0.0015282 secs] [Times: user=0.00 sys=0.00, real=0.00 secs] 
2024-07-04T23:05:05.145+0800: 1564.459: [GC (Allocation Failure) [PSYoungGen: 1037520K->224K(1042432K)] 1082522K->45234K(1142784K), 0.0013955 secs] [Times: user=0.00 sys=0.00, real=0.01 secs] 
2024-07-04T23:05:09.714+0800: 1569.028: [GC (Allocation Failure) [PSYoungGen: 1037536K->256K(1042432K)] 1082546K->45274K(1142784K), 0.0013089 secs] [Times: user=0.00 sys=0.00, real=0.00 secs] 
2024-07-04T23:05:14.402+0800: 1573.716: [GC (Allocation Failure) [PSYoungGen: 1037568K->256K(1042944K)] 1082586K->45282K(1143296K), 0.0012993 secs] [Times: user=0.00 sys=0.00, real=0.00 secs] 
2024-07-04T23:05:18.781+0800: 1578.095: [GC (Allocation Failure) [PSYoungGen: 1038592K->224K(1042944K)] 1083618K->45258K(1143296K), 0.0014167 secs] [Times: user=0.00 sys=0.00, real=0.00 secs] 
2024-07-04T23:05:23.330+0800: 1582.644: [GC (Allocation Failure) [PSYoungGen: 1038560K->192K(1042944K)] 1083594K->45274K(1143296K), 0.0018174 secs] [Times: user=0.00 sys=0.00, real=0.00 secs] 
2024-07-04T23:05:27.806+0800: 1587.120: [GC (Allocation Failure) [PSYoungGen: 1039552K->208K(1043456K)] 1084634K->45306K(1143808K), 0.0013712 secs] [Times: user=0.00 sys=0.00, real=0.00 secs] 
2024-07-04T23:05:32.286+0800: 1591.600: [GC (Allocation Failure) [PSYoungGen: 1039568K->208K(1043456K)] 1084666K->45314K(1143808K), 0.0017570 secs] [Times: user=0.00 sys=0.00, real=0.00 secs] 
2024-07-04T23:05:36.798+0800: 1596.112: [GC (Allocation Failure) [PSYoungGen: 1040592K->208K(1043968K)] 1085698K->45322K(1144320K), 0.0014245 secs] [Times: user=0.00 sys=0.00, real=0.00 secs] 
2024-07-04T23:05:41.422+0800: 1600.737: [GC (Allocation Failure) [PSYoungGen: 1040592K->208K(1044992K)] 1085706K->45330K(1145344K), 0.0015343 secs] [Times: user=0.00 sys=0.00, real=0.00 secs] 
2024-07-04T23:05:45.888+0800: 1605.203: [GC (Allocation Failure) [PSYoungGen: 1041616K->208K(1041920K)] 1086738K->45338K(1142272K), 0.0015511 secs] [Times: user=0.00 sys=0.00, real=0.00 secs] 
2024-07-04T23:05:50.278+0800: 1609.592: [GC (Allocation Failure) [PSYoungGen: 1041616K->208K(1044480K)] 1086746K->45346K(1144832K), 0.0013524 secs] [Times: user=0.00 sys=0.00, real=0.00 secs] 
2024-07-04T23:05:54.856+0800: 1614.170: [GC (Allocation Failure) [PSYoungGen: 1041616K->208K(1044480K)] 1086754K->45354K(1144832K), 0.0013601 secs] [Times: user=0.00 sys=0.00, real=0.00 secs] 
2024-07-04T23:05:59.346+0800: 1618.660: [GC (Allocation Failure) [PSYoungGen: 1041616K->224K(1044480K)] 1086762K->45378K(1144832K), 0.0012167 secs] [Times: user=0.00 sys=0.00, real=0.00 secs] 
2024-07-04T23:06:03.842+0800: 1623.157: [GC (Allocation Failure) [PSYoungGen: 1042656K->208K(1044992K)] 1087810K->45370K(1145344K), 0.0014184 secs] [Times: user=0.01 sys=0.00, real=0.00 secs] 
2024-07-04T23:06:08.338+0800: 1627.652: [GC (Allocation Failure) [PSYoungGen: 1042640K->208K(1046016K)] 1087802K->45378K(1146368K), 0.0014382 secs] [Times: user=0.00 sys=0.00, real=0.00 secs] 
2024-07-04T23:06:12.747+0800: 1632.061: [GC (Allocation Failure) [PSYoungGen: 1043664K->208K(1046016K)] 1088834K->45386K(1146368K), 0.0015153 secs] [Times: user=0.00 sys=0.00, real=0.00 secs] 
2024-07-04T23:06:17.066+0800: 1636.380: [GC (Allocation Failure) [PSYoungGen: 1043664K->208K(1044992K)] 1088842K->45394K(1145344K), 0.0014098 secs] [Times: user=0.00 sys=0.00, real=0.00 secs] 
2024-07-04T23:06:21.347+0800: 1640.662: [GC (Allocation Failure) [PSYoungGen: 1043664K->208K(1045504K)] 1088850K->45402K(1145856K), 0.0014962 secs] [Times: user=0.00 sys=0.00, real=0.00 secs] 
2024-07-04T23:06:25.619+0800: 1644.933: [GC (Allocation Failure) [PSYoungGen: 1043664K->224K(1046528K)] 1088858K->45426K(1146880K), 0.0014101 secs] [Times: user=0.00 sys=0.00, real=0.00 secs] 
2024-07-04T23:06:29.902+0800: 1649.216: [GC (Allocation Failure) [PSYoungGen: 1044704K->224K(1046528K)] 1089906K->45434K(1146880K), 0.0013370 secs] [Times: user=0.00 sys=0.00, real=0.00 secs] 
2024-07-04T23:06:34.290+0800: 1653.604: [GC (Allocation Failure) [PSYoungGen: 1044704K->256K(1045504K)] 1089914K->45474K(1145856K), 0.0012364 secs] [Times: user=0.01 sys=0.00, real=0.00 secs] 
2024-07-04T23:06:39.046+0800: 1658.360: [GC (Allocation Failure) [PSYoungGen: 1044736K->272K(1046016K)] 1089954K->45498K(1146368K), 0.0011307 secs] [Times: user=0.00 sys=0.00, real=0.00 secs] 
2024-07-04T23:06:43.546+0800: 1662.860: [GC (Allocation Failure) [PSYoungGen: 1044752K->208K(1047040K)] 1089978K->45442K(1147392K), 0.0014204 secs] [Times: user=0.00 sys=0.00, real=0.00 secs] 
2024-07-04T23:06:48.219+0800: 1667.533: [GC (Allocation Failure) [PSYoungGen: 1045712K->208K(1047040K)] 1090946K->45450K(1147392K), 0.0015340 secs] [Times: user=0.00 sys=0.00, real=0.00 secs] 
2024-07-04T23:06:52.830+0800: 1672.144: [GC (Allocation Failure) [PSYoungGen: 1045712K->208K(1047040K)] 1090954K->45458K(1147392K), 0.0015810 secs] [Times: user=0.00 sys=0.00, real=0.00 secs] 
2024-07-04T23:06:57.079+0800: 1676.393: [GC (Allocation Failure) [PSYoungGen: 1045712K->208K(1047040K)] 1090962K->45466K(1147392K), 0.0012851 secs] [Times: user=0.00 sys=0.00, real=0.00 secs] 
2024-07-04T23:07:01.442+0800: 1680.756: [GC (Allocation Failure) [PSYoungGen: 1045712K->224K(1046016K)] 1090970K->45490K(1146368K), 0.0016334 secs] [Times: user=0.00 sys=0.00, real=0.00 secs] 
2024-07-04T23:07:06.030+0800: 1685.344: [GC (Allocation Failure) [PSYoungGen: 1045728K->224K(1046528K)] 1090994K->45498K(1146880K), 0.0013262 secs] [Times: user=0.00 sys=0.00, real=0.00 secs] 
2024-07-04T23:07:10.506+0800: 1689.820: [GC (Allocation Failure) [PSYoungGen: 1045728K->240K(1047552K)] 1091002K->45522K(1147904K), 0.0015522 secs] [Times: user=0.00 sys=0.00, real=0.00 secs] 
2024-07-04T23:07:14.976+0800: 1694.290: [GC (Allocation Failure) [PSYoungGen: 1046768K->208K(1047552K)] 1092050K->45498K(1147904K), 0.0014282 secs] [Times: user=0.00 sys=0.00, real=0.00 secs] 
2024-07-04T23:07:19.390+0800: 1698.704: [GC (Allocation Failure) [PSYoungGen: 1046736K->192K(1047552K)] 1092026K->45490K(1147904K), 0.0017815 secs] [Times: user=0.00 sys=0.00, real=0.00 secs] 
2024-07-04T23:07:23.919+0800: 1703.233: [GC (Allocation Failure) [PSYoungGen: 1046720K->208K(1047552K)] 1092018K->45514K(1147904K), 0.0014656 secs] [Times: user=0.00 sys=0.00, real=0.00 secs] 
2024-07-04T23:07:28.426+0800: 1707.740: [GC (Allocation Failure) [PSYoungGen: 1046736K->208K(1047552K)] 1092042K->45522K(1147904K), 0.0014429 secs] [Times: user=0.00 sys=0.00, real=0.00 secs] 
2024-07-04T23:07:33.010+0800: 1712.324: [GC (Allocation Failure) [PSYoungGen: 1046736K->208K(1047552K)] 1092050K->45530K(1147904K), 0.0013745 secs] [Times: user=0.00 sys=0.00, real=0.00 secs] 
2024-07-04T23:07:37.270+0800: 1716.584: [GC (Allocation Failure) [PSYoungGen: 1046736K->208K(1047552K)] 1092058K->45538K(1147904K), 0.0014959 secs] [Times: user=0.00 sys=0.00, real=0.00 secs] 
2024-07-04T23:07:41.715+0800: 1721.029: [GC (Allocation Failure) [PSYoungGen: 1046736K->224K(1047552K)] 1092066K->45562K(1147904K), 0.0012910 secs] [Times: user=0.00 sys=0.00, real=0.00 secs] 
2024-07-04T23:07:46.034+0800: 1725.348: [GC (Allocation Failure) [PSYoungGen: 1046752K->240K(1047552K)] 1092090K->45586K(1147904K), 0.0011205 secs] [Times: user=0.00 sys=0.00, real=0.00 secs] 
2024-07-04T23:07:50.298+0800: 1729.613: [GC (Allocation Failure) [PSYoungGen: 1046768K->240K(1047552K)] 1092114K->45594K(1147904K), 0.0014649 secs] [Times: user=0.00 sys=0.00, real=0.00 secs] 
2024-07-04T23:07:54.554+0800: 1733.868: [GC (Allocation Failure) [PSYoungGen: 1046768K->240K(1047040K)] 1092122K->45602K(1147392K), 0.0019875 secs] [Times: user=0.00 sys=0.00, real=0.00 secs] 
2024-07-04T23:07:58.837+0800: 1738.152: [GC (Allocation Failure) [PSYoungGen: 1046768K->240K(1047552K)] 1092130K->45610K(1147904K), 0.0011427 secs] [Times: user=0.01 sys=0.00, real=0.00 secs] 
2024-07-04T23:08:03.205+0800: 1742.519: [GC (Allocation Failure) [PSYoungGen: 1047280K->224K(1048064K)] 1092650K->45602K(1148416K), 0.0011499 secs] [Times: user=0.00 sys=0.00, real=0.01 secs] 
2024-07-04T23:08:07.642+0800: 1746.956: [GC (Allocation Failure) [PSYoungGen: 1047776K->208K(1048064K)] 1093154K->45594K(1148416K), 0.0014625 secs] [Times: user=0.00 sys=0.00, real=0.00 secs] 
2024-07-04T23:08:12.039+0800: 1751.354: [GC (Allocation Failure) [PSYoungGen: 1047760K->208K(1048064K)] 1093146K->45602K(1148416K), 0.0013439 secs] [Times: user=0.00 sys=0.00, real=0.00 secs] 
2024-07-04T23:08:16.438+0800: 1755.752: [GC (Allocation Failure) [PSYoungGen: 1047760K->240K(1048064K)] 1093154K->45642K(1148416K), 0.0014720 secs] [Times: user=0.00 sys=0.00, real=0.00 secs] 
2024-07-04T23:08:20.797+0800: 1760.111: [GC (Allocation Failure) [PSYoungGen: 1047792K->224K(1048064K)] 1093194K->45634K(1148416K), 0.0012481 secs] [Times: user=0.00 sys=0.00, real=0.00 secs] 
2024-07-04T23:08:25.250+0800: 1764.564: [GC (Allocation Failure) [PSYoungGen: 1047776K->192K(1048064K)] 1093186K->45610K(1148416K), 0.0012875 secs] [Times: user=0.00 sys=0.00, real=0.00 secs] 
2024-07-04T23:08:29.694+0800: 1769.008: [GC (Allocation Failure) [PSYoungGen: 1047744K->208K(1048064K)] 1093162K->45634K(1148416K), 0.0012675 secs] [Times: user=0.00 sys=0.00, real=0.00 secs] 
2024-07-04T23:08:34.057+0800: 1773.371: [GC (Allocation Failure) [PSYoungGen: 1047760K->208K(1048064K)] 1093186K->45642K(1148416K), 0.0014920 secs] [Times: user=0.00 sys=0.00, real=0.00 secs] 
2024-07-04T23:08:38.441+0800: 1777.755: [GC (Allocation Failure) [PSYoungGen: 1047760K->208K(1048064K)] 1093194K->45650K(1148416K), 0.0013186 secs] [Times: user=0.00 sys=0.00, real=0.00 secs] 
2024-07-04T23:08:42.821+0800: 1782.135: [GC (Allocation Failure) [PSYoungGen: 1047760K->208K(1048064K)] 1093202K->45658K(1148416K), 0.0012929 secs] [Times: user=0.00 sys=0.00, real=0.00 secs] 
2024-07-04T23:08:47.250+0800: 1786.564: [GC (Allocation Failure) [PSYoungGen: 1047760K->208K(1048064K)] 1093210K->45666K(1148416K), 0.0013336 secs] [Times: user=0.00 sys=0.00, real=0.00 secs] 
2024-07-04T23:08:51.580+0800: 1790.894: [GC (Allocation Failure) [PSYoungGen: 1047760K->208K(1048064K)] 1093218K->45674K(1148416K), 0.0012530 secs] [Times: user=0.00 sys=0.00, real=0.00 secs] 
2024-07-04T23:08:55.990+0800: 1795.304: [GC (Allocation Failure) [PSYoungGen: 1047760K->240K(1048064K)] 1093226K->45714K(1148416K), 0.0010700 secs] [Times: user=0.01 sys=0.00, real=0.00 secs] 
2024-07-04T23:09:00.369+0800: 1799.683: [GC (Allocation Failure) [PSYoungGen: 1047792K->240K(1048064K)] 1093266K->45722K(1148416K), 0.0011906 secs] [Times: user=0.01 sys=0.00, real=0.00 secs] 
2024-07-04T23:09:04.713+0800: 1804.028: [GC (Allocation Failure) [PSYoungGen: 1047792K->240K(1048064K)] 1093274K->45730K(1148416K), 0.0013844 secs] [Times: user=0.00 sys=0.00, real=0.01 secs] 
2024-07-04T23:09:09.066+0800: 1808.380: [GC (Allocation Failure) [PSYoungGen: 1047792K->240K(1048064K)] 1093282K->45738K(1148416K), 0.0014758 secs] [Times: user=0.00 sys=0.00, real=0.00 secs] 
2024-07-04T23:09:13.458+0800: 1812.772: [GC (Allocation Failure) [PSYoungGen: 1047792K->240K(1048064K)] 1093290K->45746K(1148416K), 0.0015557 secs] [Times: user=0.00 sys=0.00, real=0.00 secs] 
2024-07-04T23:09:17.882+0800: 1817.196: [GC (Allocation Failure) [PSYoungGen: 1047792K->208K(1048064K)] 1093298K->45722K(1148416K), 0.0014352 secs] [Times: user=0.00 sys=0.00, real=0.00 secs] 
2024-07-04T23:09:22.246+0800: 1821.560: [GC (Allocation Failure) [PSYoungGen: 1047760K->208K(1048064K)] 1093274K->45730K(1148416K), 0.0013704 secs] [Times: user=0.00 sys=0.00, real=0.00 secs] 
2024-07-04T23:09:26.618+0800: 1825.932: [GC (Allocation Failure) [PSYoungGen: 1047760K->208K(1048064K)] 1093282K->45738K(1148416K), 0.0012968 secs] [Times: user=0.00 sys=0.00, real=0.00 secs] 
2024-07-04T23:09:31.030+0800: 1830.344: [GC (Allocation Failure) [PSYoungGen: 1047760K->208K(1048064K)] 1093290K->45746K(1148416K), 0.0013388 secs] [Times: user=0.00 sys=0.00, real=0.00 secs] 
2024-07-04T23:09:35.407+0800: 1834.721: [GC (Allocation Failure) [PSYoungGen: 1047760K->208K(1048064K)] 1093298K->45754K(1148416K), 0.0014142 secs] [Times: user=0.00 sys=0.00, real=0.00 secs] 
2024-07-04T23:09:39.830+0800: 1839.144: [GC (Allocation Failure) [PSYoungGen: 1047760K->208K(1048064K)] 1093306K->45762K(1148416K), 0.0013607 secs] [Times: user=0.00 sys=0.00, real=0.00 secs] 
2024-07-04T23:09:44.250+0800: 1843.564: [GC (Allocation Failure) [PSYoungGen: 1047760K->208K(1048064K)] 1093314K->45770K(1148416K), 0.0014716 secs] [Times: user=0.01 sys=0.00, real=0.00 secs] 
2024-07-04T23:09:48.558+0800: 1847.873: [GC (Allocation Failure) [PSYoungGen: 1047760K->208K(1048064K)] 1093322K->45778K(1148416K), 0.0012662 secs] [Times: user=0.00 sys=0.00, real=0.00 secs] 
2024-07-04T23:09:52.818+0800: 1852.132: [GC (Allocation Failure) [PSYoungGen: 1047760K->208K(1048064K)] 1093330K->45786K(1148416K), 0.0012305 secs] [Times: user=0.01 sys=0.00, real=0.00 secs] 
2024-07-04T23:09:57.074+0800: 1856.388: [GC (Allocation Failure) [PSYoungGen: 1047760K->208K(1048064K)] 1093338K->45794K(1148416K), 0.0012733 secs] [Times: user=0.00 sys=0.00, real=0.00 secs] 
2024-07-04T23:10:01.352+0800: 1860.667: [GC (Allocation Failure) [PSYoungGen: 1047760K->208K(1048064K)] 1093346K->45802K(1148416K), 0.0013844 secs] [Times: user=0.00 sys=0.00, real=0.01 secs] 
2024-07-04T23:10:05.654+0800: 1864.968: [GC (Allocation Failure) [PSYoungGen: 1047760K->208K(1048064K)] 1093354K->45810K(1148416K), 0.0013701 secs] [Times: user=0.01 sys=0.00, real=0.00 secs] 
2024-07-04T23:10:09.939+0800: 1869.253: [GC (Allocation Failure) [PSYoungGen: 1047760K->208K(1048064K)] 1093362K->45818K(1148416K), 0.0012840 secs] [Times: user=0.01 sys=0.00, real=0.00 secs] 
2024-07-04T23:10:14.262+0800: 1873.576: [GC (Allocation Failure) [PSYoungGen: 1047760K->208K(1048064K)] 1093370K->45826K(1148416K), 0.0013163 secs] [Times: user=0.00 sys=0.00, real=0.00 secs] 
2024-07-04T23:10:19.574+0800: 1878.888: [GC (Allocation Failure) [PSYoungGen: 1047760K->336K(1048064K)] 1093378K->48010K(1148416K), 0.0014405 secs] [Times: user=0.01 sys=0.00, real=0.01 secs] 
2024-07-04T23:10:24.479+0800: 1883.793: [GC (Allocation Failure) [PSYoungGen: 1047888K->240K(1048064K)] 1095562K->48978K(1148416K), 0.0011712 secs] [Times: user=0.00 sys=0.00, real=0.00 secs] 
2024-07-04T23:10:29.276+0800: 1888.590: [GC (Allocation Failure) [PSYoungGen: 1047391K->272K(1048064K)] 1096130K->49018K(1148416K), 0.0010834 secs] [Times: user=0.00 sys=0.00, real=0.00 secs] 
2024-07-04T23:10:34.138+0800: 1893.452: [GC (Allocation Failure) [PSYoungGen: 1047824K->240K(1048064K)] 1096570K->50018K(1148416K), 0.0015997 secs] [Times: user=0.00 sys=0.00, real=0.00 secs] 
2024-07-04T23:10:38.975+0800: 1898.289: [GC (Allocation Failure) [PSYoungGen: 1047792K->224K(1048064K)] 1097570K->51034K(1148416K), 0.0016252 secs] [Times: user=0.00 sys=0.00, real=0.00 secs] 
2024-07-04T23:10:43.814+0800: 1903.128: [GC (Allocation Failure) [PSYoungGen: 1047260K->224K(1048064K)] 1098071K->52066K(1148416K), 0.0016961 secs] [Times: user=0.00 sys=0.00, real=0.01 secs] 
2024-07-04T23:10:48.691+0800: 1908.005: [GC (Allocation Failure) [PSYoungGen: 1047094K->224K(1048064K)] 1098937K->53098K(1148416K), 0.0016413 secs] [Times: user=0.00 sys=0.00, real=0.00 secs] 
2024-07-04T23:10:53.582+0800: 1912.896: [GC (Allocation Failure) [PSYoungGen: 1047776K->256K(1048064K)] 1100650K->54162K(1148416K), 0.0011964 secs] [Times: user=0.01 sys=0.00, real=0.00 secs] 
2024-07-04T23:10:58.391+0800: 1917.706: [GC (Allocation Failure) [PSYoungGen: 1047808K->224K(1048064K)] 1101714K->55162K(1148416K), 0.0016329 secs] [Times: user=0.00 sys=0.00, real=0.00 secs] 
2024-07-04T23:11:03.211+0800: 1922.525: [GC (Allocation Failure) [PSYoungGen: 1047776K->224K(1048064K)] 1102714K->56194K(1148416K), 0.0017140 secs] [Times: user=0.00 sys=0.00, real=0.00 secs] 
2024-07-04T23:11:08.006+0800: 1927.321: [GC (Allocation Failure) [PSYoungGen: 1046811K->224K(1048064K)] 1102782K->57226K(1148416K), 0.0011350 secs] [Times: user=0.00 sys=0.00, real=0.00 secs] 
2024-07-04T23:11:12.813+0800: 1932.127: [GC (Allocation Failure) [PSYoungGen: 1047776K->224K(1048064K)] 1104778K->58258K(1148416K), 0.0012018 secs] [Times: user=0.00 sys=0.00, real=0.01 secs] 
2024-07-04T23:11:17.615+0800: 1936.929: [GC (Allocation Failure) [PSYoungGen: 1047315K->224K(1048064K)] 1105350K->59291K(1148416K), 0.0011369 secs] [Times: user=0.00 sys=0.00, real=0.00 secs] 
2024-07-04T23:11:22.453+0800: 1941.767: [GC (Allocation Failure) [PSYoungGen: 1047776K->192K(1048064K)] 1106843K->60291K(1148416K), 0.0018152 secs] [Times: user=0.00 sys=0.00, real=0.01 secs] 
2024-07-04T23:11:27.262+0800: 1946.576: [GC (Allocation Failure) [PSYoungGen: 1047744K->224K(1048064K)] 1107843K->61355K(1148416K), 0.0012887 secs] [Times: user=0.00 sys=0.00, real=0.00 secs] 
2024-07-04T23:11:32.104+0800: 1951.418: [GC (Allocation Failure) [PSYoungGen: 1047776K->96K(1048064K)] 1108907K->62343K(1148416K), 0.0016447 secs] [Times: user=0.00 sys=0.00, real=0.01 secs] 
2024-07-04T23:11:36.933+0800: 1956.247: [GC (Allocation Failure) [PSYoungGen: 1047377K->128K(1048064K)] 1109624K->63407K(1148416K), 0.0010844 secs] [Times: user=0.00 sys=0.00, real=0.01 secs] 
2024-07-04T23:11:41.746+0800: 1961.060: [GC (Allocation Failure) [PSYoungGen: 1047680K->96K(1048064K)] 1110959K->64407K(1148416K), 0.0014685 secs] [Times: user=0.00 sys=0.00, real=0.00 secs] 
2024-07-04T23:11:46.574+0800: 1965.888: [GC (Allocation Failure) [PSYoungGen: 1047512K->96K(1048064K)] 1111823K->65439K(1148416K), 0.0015089 secs] [Times: user=0.00 sys=0.00, real=0.00 secs] 
2024-07-04T23:11:51.379+0800: 1970.693: [GC (Allocation Failure) [PSYoungGen: 1047648K->96K(1048064K)] 1112991K->66471K(1148416K), 0.0016265 secs] [Times: user=0.00 sys=0.00, real=0.00 secs] 
2024-07-04T23:11:56.211+0800: 1975.526: [GC (Allocation Failure) [PSYoungGen: 1047648K->96K(1048064K)] 1114023K->67503K(1148416K), 0.0016509 secs] [Times: user=0.00 sys=0.00, real=0.00 secs] 
2024-07-04T23:12:01.023+0800: 1980.337: [GC (Allocation Failure) [PSYoungGen: 1047430K->128K(1048064K)] 1114837K->68567K(1148416K), 0.0017242 secs] [Times: user=0.00 sys=0.00, real=0.00 secs] 
2024-07-04T23:12:05.893+0800: 1985.207: [GC (Allocation Failure) [PSYoungGen: 1047680K->112K(1048064K)] 1116119K->69583K(1148416K), 0.0012242 secs] [Times: user=0.00 sys=0.00, real=0.01 secs] 
2024-07-04T23:12:10.782+0800: 1990.096: [GC (Allocation Failure) [PSYoungGen: 1047664K->160K(1048064K)] 1117135K->70663K(1148416K), 0.0016915 secs] [Times: user=0.00 sys=0.00, real=0.00 secs] 
2024-07-04T23:12:15.794+0800: 1995.108: [GC (Allocation Failure) [PSYoungGen: 1047712K->128K(1048064K)] 1118215K->71663K(1148416K), 0.0011718 secs] [Times: user=0.00 sys=0.00, real=0.00 secs] 
2024-07-04T23:12:20.836+0800: 2000.150: [GC (Allocation Failure) [PSYoungGen: 1047680K->128K(1048064K)] 1119215K->71671K(1148416K), 0.0015244 secs] [Times: user=0.00 sys=0.00, real=0.00 secs] 
2024-07-04T23:12:25.656+0800: 2004.970: [GC (Allocation Failure) [PSYoungGen: 1047559K->128K(1048064K)] 1119102K->72703K(1148416K), 0.0010966 secs] [Times: user=0.00 sys=0.00, real=0.00 secs] 
2024-07-04T23:12:30.486+0800: 2009.800: [GC (Allocation Failure) [PSYoungGen: 1047620K->144K(1048064K)] 1120196K->73751K(1148416K), 0.0015147 secs] [Times: user=0.00 sys=0.00, real=0.00 secs] 
2024-07-04T23:12:35.322+0800: 2014.636: [GC (Allocation Failure) [PSYoungGen: 1047696K->128K(1048064K)] 1121303K->74767K(1148416K), 0.0015448 secs] [Times: user=0.00 sys=0.00, real=0.00 secs] 
2024-07-04T23:12:40.110+0800: 2019.424: [GC (Allocation Failure) [PSYoungGen: 1047680K->112K(1048064K)] 1122319K->75783K(1148416K), 0.0015093 secs] [Times: user=0.00 sys=0.00, real=0.00 secs] 
2024-07-04T23:12:44.926+0800: 2024.240: [GC (Allocation Failure) [PSYoungGen: 1047257K->112K(1048064K)] 1122928K->76815K(1148416K), 0.0014955 secs] [Times: user=0.00 sys=0.00, real=0.00 secs] 
2024-07-04T23:12:49.734+0800: 2029.048: [GC (Allocation Failure) [PSYoungGen: 1047664K->128K(1048064K)] 1124367K->77863K(1148416K), 0.0012107 secs] [Times: user=0.00 sys=0.00, real=0.00 secs] 
2024-07-04T23:12:54.586+0800: 2033.900: [GC (Allocation Failure) [PSYoungGen: 1046687K->144K(1048064K)] 1124423K->78911K(1148416K), 0.0017737 secs] [Times: user=0.00 sys=0.00, real=0.00 secs] 
2024-07-04T23:12:59.504+0800: 2038.819: [GC (Allocation Failure) [PSYoungGen: 1047696K->144K(1048064K)] 1126463K->79943K(1148416K), 0.0012550 secs] [Times: user=0.00 sys=0.00, real=0.01 secs] 
2024-07-04T23:13:04.383+0800: 2043.697: [GC (Allocation Failure) [PSYoungGen: 1047696K->128K(1048064K)] 1127495K->80959K(1148416K), 0.0011446 secs] [Times: user=0.00 sys=0.00, real=0.00 secs] 
2024-07-04T23:13:09.502+0800: 2048.816: [GC (Allocation Failure) [PSYoungGen: 1047680K->112K(1048064K)] 1128511K->81975K(1148416K), 0.0018029 secs] [Times: user=0.00 sys=0.00, real=0.00 secs] 
2024-07-04T23:13:14.612+0800: 2053.926: [GC (Allocation Failure) [PSYoungGen: 1047664K->128K(1048064K)] 1129527K->83023K(1148416K), 0.0012844 secs] [Times: user=0.01 sys=0.00, real=0.00 secs] 
2024-07-04T23:13:19.654+0800: 2058.968: [GC (Allocation Failure) [PSYoungGen: 1047541K->96K(1048064K)] 1130437K->84023K(1148416K), 0.0019278 secs] [Times: user=0.00 sys=0.00, real=0.00 secs] 
2024-07-04T23:13:24.694+0800: 2064.008: [GC (Allocation Failure) [PSYoungGen: 1047436K->128K(1048064K)] 1131363K->85087K(1148416K), 0.0012592 secs] [Times: user=0.00 sys=0.00, real=0.00 secs] 
2024-07-04T23:13:29.484+0800: 2068.798: [GC (Allocation Failure) [PSYoungGen: 1047680K->128K(1048064K)] 1132639K->86127K(1148416K), 0.0016441 secs] [Times: user=0.00 sys=0.00, real=0.00 secs] 
2024-07-04T23:13:34.281+0800: 2073.595: [GC (Allocation Failure) [PSYoungGen: 1047342K->128K(1048064K)] 1133341K->87159K(1148416K), 0.0015818 secs] [Times: user=0.00 sys=0.00, real=0.00 secs] 
2024-07-04T23:13:39.086+0800: 2078.400: [GC (Allocation Failure) [PSYoungGen: 1047409K->128K(1048064K)] 1134441K->88191K(1148416K), 0.0019809 secs] [Times: user=0.00 sys=0.00, real=0.00 secs] 
2024-07-04T23:13:44.137+0800: 2083.451: [GC (Allocation Failure) [PSYoungGen: 1046884K->128K(1048064K)] 1134948K->89223K(1148416K), 0.0016840 secs] [Times: user=0.00 sys=0.00, real=0.00 secs] 
2024-07-04T23:13:49.222+0800: 2088.536: [GC (Allocation Failure) [PSYoungGen: 1047680K->96K(1048064K)] 1136775K->89199K(1148416K), 0.0014931 secs] [Times: user=0.01 sys=0.00, real=0.00 secs] 
2024-07-04T23:13:54.248+0800: 2093.563: [GC (Allocation Failure) [PSYoungGen: 1047596K->128K(1048064K)] 1136699K->90263K(1148416K), 0.0016627 secs] [Times: user=0.00 sys=0.00, real=0.00 secs] 
2024-07-04T23:13:59.302+0800: 2098.617: [GC (Allocation Failure) [PSYoungGen: 1047680K->96K(1048064K)] 1137815K->90239K(1148416K), 0.0016461 secs] [Times: user=0.01 sys=0.00, real=0.00 secs] 
2024-07-04T23:14:04.346+0800: 2103.660: [GC (Allocation Failure) [PSYoungGen: 1047648K->128K(1048064K)] 1137791K->91303K(1148416K), 0.0022893 secs] [Times: user=0.00 sys=0.00, real=0.00 secs] 
2024-07-04T23:14:09.406+0800: 2108.720: [GC (Allocation Failure) [PSYoungGen: 1047436K->96K(1048064K)] 1138612K->92303K(1148416K), 0.0022495 secs] [Times: user=0.00 sys=0.00, real=0.00 secs] 
2024-07-04T23:14:14.394+0800: 2113.708: [GC (Allocation Failure) [PSYoungGen: 1047648K->96K(1048064K)] 1139855K->93335K(1148416K), 0.0024237 secs] [Times: user=0.00 sys=0.00, real=0.00 secs] 
2024-07-04T23:14:19.527+0800: 2118.842: [GC (Allocation Failure) [PSYoungGen: 1047008K->128K(1048064K)] 1140248K->94399K(1148416K), 0.0018161 secs] [Times: user=0.01 sys=0.00, real=0.00 secs] 
2024-07-04T23:14:24.289+0800: 2123.603: [GC (Allocation Failure) [PSYoungGen: 1047680K->128K(1048064K)] 1141951K->95431K(1148416K), 0.0020519 secs] [Times: user=0.00 sys=0.00, real=0.00 secs] 
2024-07-04T23:14:29.260+0800: 2128.574: [GC (Allocation Failure) [PSYoungGen: 1047353K->128K(1048064K)] 1142657K->96463K(1148416K), 0.0016212 secs] [Times: user=0.00 sys=0.00, real=0.00 secs] 
2024-07-04T23:14:34.130+0800: 2133.444: [GC (Allocation Failure) [PSYoungGen: 1047680K->96K(1048064K)] 1144015K->97463K(1148416K), 0.0022062 secs] [Times: user=0.00 sys=0.00, real=0.00 secs] 
2024-07-04T23:14:39.009+0800: 2138.323: [GC (Allocation Failure) [PSYoungGen: 1047137K->128K(1048064K)] 1144504K->98527K(1148416K), 0.0015828 secs] [Times: user=0.00 sys=0.00, real=0.00 secs] 
2024-07-04T23:14:43.876+0800: 2143.190: [GC (Allocation Failure) [PSYoungGen: 1047680K->96K(1048064K)] 1146079K->99527K(1148416K), 0.0019978 secs] [Times: user=0.00 sys=0.00, real=0.00 secs] 
2024-07-04T23:14:43.878+0800: 2143.192: [Full GC (Ergonomics) [PSYoungGen: 96K->0K(1048064K)] [ParOldGen: 99431K->46290K(118784K)] 99527K->46290K(1166848K), [Metaspace: 13501K->13497K(1062912K)], 0.0358061 secs] [Times: user=0.06 sys=0.00, real=0.04 secs] 
2024-07-04T23:14:48.708+0800: 2148.022: [GC (Allocation Failure) [PSYoungGen: 1046653K->96K(1048064K)] 1092943K->47410K(1166848K), 0.0010425 secs] [Times: user=0.00 sys=0.00, real=0.00 secs] 
2024-07-04T23:14:53.479+0800: 2152.793: [GC (Allocation Failure) [PSYoungGen: 1047648K->64K(1048064K)] 1094962K->48402K(1166848K), 0.0013272 secs] [Times: user=0.00 sys=0.00, real=0.00 secs] 
2024-07-04T23:14:58.290+0800: 2157.605: [GC (Allocation Failure) [PSYoungGen: 1047171K->128K(1048064K)] 1095510K->48466K(1166848K), 0.0009966 secs] [Times: user=0.00 sys=0.00, real=0.00 secs] 
2024-07-04T23:15:03.124+0800: 2162.438: [GC (Allocation Failure) [PSYoungGen: 1046878K->96K(1048064K)] 1095217K->49458K(1166848K), 0.0014706 secs] [Times: user=0.00 sys=0.00, real=0.00 secs] 
2024-07-04T23:15:07.941+0800: 2167.255: [GC (Allocation Failure) [PSYoungGen: 1047511K->80K(1048064K)] 1096874K->50466K(1166848K), 0.0011240 secs] [Times: user=0.00 sys=0.00, real=0.00 secs] 
2024-07-04T23:15:12.954+0800: 2172.268: [GC (Allocation Failure) [PSYoungGen: 1046684K->96K(1048064K)] 1097070K->51506K(1166848K), 0.0014703 secs] [Times: user=0.00 sys=0.00, real=0.00 secs] 
2024-07-04T23:15:17.750+0800: 2177.064: [GC (Allocation Failure) [PSYoungGen: 1047648K->128K(1048064K)] 1099058K->52562K(1166848K), 0.0010112 secs] [Times: user=0.00 sys=0.00, real=0.00 secs] 
2024-07-04T23:15:22.532+0800: 2181.846: [GC (Allocation Failure) [PSYoungGen: 1047680K->80K(1048064K)] 1100114K->53538K(1166848K), 0.0010466 secs] [Times: user=0.00 sys=0.00, real=0.00 secs] 
2024-07-04T23:15:27.326+0800: 2186.640: [GC (Allocation Failure) [PSYoungGen: 1047623K->96K(1048064K)] 1101082K->54578K(1166848K), 0.0010734 secs] [Times: user=0.00 sys=0.00, real=0.00 secs] 
2024-07-04T23:15:32.125+0800: 2191.439: [GC (Allocation Failure) [PSYoungGen: 1047648K->96K(1048064K)] 1102130K->55602K(1166848K), 0.0011144 secs] [Times: user=0.00 sys=0.00, real=0.01 secs] 
2024-07-04T23:15:36.924+0800: 2196.239: [GC (Allocation Failure) [PSYoungGen: 1047648K->96K(1048064K)] 1103154K->56626K(1166848K), 0.0010563 secs] [Times: user=0.01 sys=0.00, real=0.00 secs] 
2024-07-04T23:15:41.914+0800: 2201.228: [GC (Allocation Failure) [PSYoungGen: 1047368K->96K(1048064K)] 1103898K->57650K(1166848K), 0.0011384 secs] [Times: user=0.00 sys=0.00, real=0.00 secs] 
2024-07-04T23:15:46.996+0800: 2206.310: [GC (Allocation Failure) [PSYoungGen: 1047119K->96K(1048064K)] 1104674K->58674K(1166848K), 0.0010674 secs] [Times: user=0.00 sys=0.00, real=0.00 secs] 
2024-07-04T23:15:52.074+0800: 2211.388: [GC (Allocation Failure) [PSYoungGen: 1047648K->128K(1048064K)] 1106226K->59730K(1166848K), 0.0010742 secs] [Times: user=0.00 sys=0.00, real=0.00 secs] 
2024-07-04T23:15:57.153+0800: 2216.467: [GC (Allocation Failure) [PSYoungGen: 1047680K->96K(1048064K)] 1107282K->60722K(1166848K), 0.0010919 secs] [Times: user=0.00 sys=0.00, real=0.01 secs] 
2024-07-04T23:16:02.206+0800: 2221.520: [GC (Allocation Failure) [PSYoungGen: 1047648K->96K(1048064K)] 1108274K->61754K(1166848K), 0.0010720 secs] [Times: user=0.00 sys=0.00, real=0.00 secs] 
2024-07-04T23:16:07.238+0800: 2226.552: [GC (Allocation Failure) [PSYoungGen: 1047648K->96K(1048064K)] 1109306K->62786K(1166848K), 0.0010476 secs] [Times: user=0.00 sys=0.00, real=0.00 secs] 
2024-07-04T23:16:12.284+0800: 2231.598: [GC (Allocation Failure) [PSYoungGen: 1046985K->96K(1048064K)] 1109676K->63818K(1166848K), 0.0010730 secs] [Times: user=0.00 sys=0.00, real=0.00 secs] 
2024-07-04T23:16:18.542+0800: 2237.857: [GC (Allocation Failure) [PSYoungGen: 1047648K->501K(1024512K)] 1111370K->95932K(1143296K), 0.0388968 secs] [Times: user=0.07 sys=0.00, real=0.04 secs] 
2024-07-04T23:16:24.344+0800: 2243.659: [GC (Allocation Failure) [PSYoungGen: 1024501K->12259K(1036288K)] 1119932K->160790K(1185792K), 0.0617461 secs] [Times: user=0.10 sys=0.02, real=0.07 secs] 
2024-07-04T23:16:24.406+0800: 2243.720: [Full GC (Ergonomics) [PSYoungGen: 12259K->0K(1036288K)] [ParOldGen: 148530K->136976K(254976K)] 160790K->136976K(1291264K), [Metaspace: 21100K->21100K(1069056K)], 0.1787475 secs] [Times: user=0.31 sys=0.00, real=0.17 secs] 
2024-07-04T23:16:30.103+0800: 2249.417: [GC (Allocation Failure) [PSYoungGen: 1024000K->12274K(955392K)] 1160976K->202859K(1210368K), 0.0622576 secs] [Times: user=0.08 sys=0.05, real=0.06 secs] 
2024-07-04T23:16:35.431+0800: 2254.745: [GC (Allocation Failure) [PSYoungGen: 955378K->52734K(995840K)] 1145963K->264537K(1250816K), 0.0570014 secs] [Times: user=0.10 sys=0.01, real=0.06 secs] 
2024-07-04T23:16:35.488+0800: 2254.802: [Full GC (Ergonomics) [PSYoungGen: 52734K->2015K(995840K)] [ParOldGen: 211803K->254897K(406528K)] 264537K->256912K(1402368K), [Metaspace: 21119K->21119K(1069056K)], 0.2682027 secs] [Times: user=0.48 sys=0.03, real=0.27 secs] 
2024-07-04T23:16:39.599+0800: 2258.913: [GC (Allocation Failure) [PSYoungGen: 945119K->29068K(964096K)] 1200016K->283973K(1370624K), 0.0417521 secs] [Times: user=0.08 sys=0.00, real=0.04 secs] 
2024-07-04T23:16:40.706+0800: 2260.021: [GC (Allocation Failure) [PSYoungGen: 940428K->28867K(979968K)] 1195333K->283773K(1386496K), 0.0182806 secs] [Times: user=0.03 sys=0.00, real=0.01 secs] 
2024-07-04T23:16:41.513+0800: 2260.827: [GC (Allocation Failure) [PSYoungGen: 940227K->28883K(973824K)] 1195133K->283797K(1380352K), 0.0178434 secs] [Times: user=0.03 sys=0.00, real=0.02 secs] 
2024-07-04T23:16:42.390+0800: 2261.704: [GC (Allocation Failure) [PSYoungGen: 942291K->28899K(977920K)] 1197205K->283813K(1384448K), 0.0203031 secs] [Times: user=0.03 sys=0.00, real=0.02 secs] 
2024-07-04T23:16:43.201+0800: 2262.515: [GC (Allocation Failure) [PSYoungGen: 942307K->28947K(978944K)] 1197221K->283869K(1385472K), 0.0181945 secs] [Times: user=0.04 sys=0.00, real=0.02 secs] 
2024-07-04T23:16:43.953+0800: 2263.268: [GC (Allocation Failure) [PSYoungGen: 950547K->28899K(982528K)] 1205469K->283821K(1389056K), 0.0175469 secs] [Times: user=0.03 sys=0.00, real=0.02 secs] 
2024-07-04T23:16:44.697+0800: 2264.012: [GC (Allocation Failure) [PSYoungGen: 950499K->28947K(982016K)] 1205421K->283869K(1388544K), 0.0258169 secs] [Times: user=0.05 sys=0.00, real=0.02 secs] 
2024-07-04T23:16:45.522+0800: 2264.836: [GC (Allocation Failure) [PSYoungGen: 957715K->28883K(985600K)] 1212637K->283805K(1392128K), 0.0189508 secs] [Times: user=0.04 sys=0.00, real=0.02 secs] 
2024-07-04T23:16:46.274+0800: 2265.588: [GC (Allocation Failure) [PSYoungGen: 957651K->28931K(987136K)] 1212573K->283853K(1393664K), 0.0195037 secs] [Times: user=0.03 sys=0.00, real=0.02 secs] 
2024-07-04T23:16:47.010+0800: 2266.324: [GC (Allocation Failure) [PSYoungGen: 965379K->28883K(990208K)] 1220301K->283805K(1396736K), 0.0201886 secs] [Times: user=0.03 sys=0.00, real=0.02 secs] 
2024-07-04T23:16:47.757+0800: 2267.072: [GC (Allocation Failure) [PSYoungGen: 965331K->27139K(989696K)] 1220253K->283813K(1396224K), 0.0259768 secs] [Times: user=0.03 sys=0.00, real=0.02 secs] 
2024-07-04T23:16:48.493+0800: 2267.807: [GC (Allocation Failure) [PSYoungGen: 970243K->576K(992768K)] 1226917K->283777K(1399296K), 0.0337087 secs] [Times: user=0.05 sys=0.01, real=0.04 secs] 
2024-07-04T23:16:49.286+0800: 2268.600: [GC (Allocation Failure) [PSYoungGen: 943680K->672K(994816K)] 1226881K->283905K(1401344K), 0.0069726 secs] [Times: user=0.01 sys=0.00, real=0.00 secs] 
2024-07-04T23:16:50.002+0800: 2269.316: [GC (Allocation Failure) [PSYoungGen: 943776K->592K(944128K)] 1227009K->283849K(1350656K), 0.0094330 secs] [Times: user=0.01 sys=0.00, real=0.01 secs] 
2024-07-04T23:16:50.750+0800: 2270.064: [GC (Allocation Failure) [PSYoungGen: 943696K->672K(995328K)] 1226953K->283937K(1401856K), 0.0082560 secs] [Times: user=0.01 sys=0.00, real=0.01 secs] 
2024-07-04T23:16:51.494+0800: 2270.808: [GC (Allocation Failure) [PSYoungGen: 942752K->640K(943104K)] 1226017K->283913K(1349632K), 0.0075292 secs] [Times: user=0.01 sys=0.00, real=0.00 secs] 
2024-07-04T23:16:52.210+0800: 2271.524: [GC (Allocation Failure) [PSYoungGen: 942720K->672K(995328K)] 1225993K->283953K(1401856K), 0.0054679 secs] [Times: user=0.01 sys=0.00, real=0.01 secs] 
2024-07-04T23:16:52.908+0800: 2272.222: [GC (Allocation Failure) [PSYoungGen: 943776K->640K(994304K)] 1227057K->283921K(1400832K), 0.0053216 secs] [Times: user=0.00 sys=0.00, real=0.00 secs] 
2024-07-04T23:16:53.618+0800: 2272.932: [GC (Allocation Failure) [PSYoungGen: 943744K->640K(995840K)] 1227025K->283921K(1402368K), 0.0079878 secs] [Times: user=0.01 sys=0.00, real=0.01 secs] 
2024-07-04T23:16:54.474+0800: 2273.789: [GC (Allocation Failure) [PSYoungGen: 947328K->672K(995328K)] 1230609K->283953K(1401856K), 0.0083093 secs] [Times: user=0.01 sys=0.00, real=0.00 secs] 
2024-07-04T23:16:55.333+0800: 2274.648: [GC (Allocation Failure) [PSYoungGen: 947360K->640K(997888K)] 1230641K->283921K(1404416K), 0.0061767 secs] [Times: user=0.02 sys=0.00, real=0.01 secs] 
2024-07-04T23:16:56.180+0800: 2275.494: [GC (Allocation Failure) [PSYoungGen: 953472K->656K(997376K)] 1236753K->283937K(1403904K), 0.0058618 secs] [Times: user=0.01 sys=0.00, real=0.01 secs] 
2024-07-04T23:16:57.048+0800: 2276.362: [GC (Allocation Failure) [PSYoungGen: 953488K->672K(1002496K)] 1236769K->283953K(1409024K), 0.0074150 secs] [Times: user=0.01 sys=0.00, real=0.01 secs] 
2024-07-04T23:16:57.913+0800: 2277.228: [GC (Allocation Failure) [PSYoungGen: 961184K->656K(1001472K)] 1244465K->283937K(1408000K), 0.0059494 secs] [Times: user=0.01 sys=0.00, real=0.01 secs] 
2024-07-04T23:16:58.794+0800: 2278.108: [GC (Allocation Failure) [PSYoungGen: 961168K->672K(1005568K)] 1244449K->283953K(1412096K), 0.0064487 secs] [Times: user=0.01 sys=0.00, real=0.01 secs] 
2024-07-04T23:16:59.652+0800: 2278.966: [GC (Allocation Failure) [PSYoungGen: 968352K->704K(1004544K)] 1251633K->283985K(1411072K), 0.0082500 secs] [Times: user=0.01 sys=0.00, real=0.01 secs] 
2024-07-04T23:17:00.510+0800: 2279.824: [GC (Allocation Failure) [PSYoungGen: 968384K->672K(1009664K)] 1251665K->283961K(1416192K), 0.0079777 secs] [Times: user=0.01 sys=0.00, real=0.01 secs] 
2024-07-04T23:17:01.446+0800: 2280.760: [GC (Allocation Failure) [PSYoungGen: 976544K->672K(1008640K)] 1259833K->283969K(1415168K), 0.0063598 secs] [Times: user=0.02 sys=0.00, real=0.00 secs] 
2024-07-04T23:17:02.319+0800: 2281.633: [GC (Allocation Failure) [PSYoungGen: 976544K->672K(1014272K)] 1259841K->283977K(1420800K), 0.0079178 secs] [Times: user=0.01 sys=0.00, real=0.01 secs] 
2024-07-04T23:17:03.186+0800: 2282.501: [GC (Allocation Failure) [PSYoungGen: 984224K->672K(1012736K)] 1267529K->283993K(1419264K), 0.0083331 secs] [Times: user=0.01 sys=0.00, real=0.01 secs] 
2024-07-04T23:17:04.078+0800: 2283.393: [GC (Allocation Failure) [PSYoungGen: 984224K->704K(1017344K)] 1267545K->284041K(1423872K), 0.0090207 secs] [Times: user=0.01 sys=0.00, real=0.01 secs] 
2024-07-04T23:17:04.958+0800: 2284.272: [GC (Allocation Failure) [PSYoungGen: 990912K->640K(1015808K)] 1274249K->283985K(1422336K), 0.0086824 secs] [Times: user=0.01 sys=0.00, real=0.01 secs] 
2024-07-04T23:17:05.851+0800: 2285.166: [GC (Allocation Failure) [PSYoungGen: 990848K->640K(1021440K)] 1274193K->283993K(1427968K), 0.0080434 secs] [Times: user=0.01 sys=0.00, real=0.01 secs] 
2024-07-04T23:17:06.749+0800: 2286.063: [GC (Allocation Failure) [PSYoungGen: 998016K->672K(1019904K)] 1281369K->284033K(1426432K), 0.0071632 secs] [Times: user=0.01 sys=0.00, real=0.01 secs] 
2024-07-04T23:17:07.630+0800: 2286.945: [GC (Allocation Failure) [PSYoungGen: 998048K->672K(1024512K)] 1281409K->284049K(1431040K), 0.0060843 secs] [Times: user=0.01 sys=0.00, real=0.01 secs] 
2024-07-04T23:17:08.523+0800: 2287.837: [GC (Allocation Failure) [PSYoungGen: 1004192K->704K(1022976K)] 1287569K->284097K(1429504K), 0.0062728 secs] [Times: user=0.01 sys=0.00, real=0.01 secs] 
2024-07-04T23:17:09.421+0800: 2288.736: [GC (Allocation Failure) [PSYoungGen: 1004224K->704K(1027584K)] 1287617K->284105K(1434112K), 0.0059243 secs] [Times: user=0.01 sys=0.00, real=0.01 secs] 
2024-07-04T23:17:10.305+0800: 2289.619: [GC (Allocation Failure) [PSYoungGen: 1010368K->704K(1026560K)] 1293769K->284113K(1433088K), 0.0061875 secs] [Times: user=0.01 sys=0.00, real=0.01 secs] 
2024-07-04T23:17:11.194+0800: 2290.508: [GC (Allocation Failure) [PSYoungGen: 1010368K->720K(1030656K)] 1293777K->284137K(1437184K), 0.0058756 secs] [Times: user=0.01 sys=0.00, real=0.00 secs] 
2024-07-04T23:17:12.094+0800: 2291.408: [GC (Allocation Failure) [PSYoungGen: 1015504K->736K(1029632K)] 1298921K->284161K(1436160K), 0.0091891 secs] [Times: user=0.01 sys=0.00, real=0.01 secs] 
2024-07-04T23:17:13.002+0800: 2292.316: [GC (Allocation Failure) [PSYoungGen: 1015520K->656K(1032704K)] 1298945K->284089K(1439232K), 0.0092911 secs] [Times: user=0.01 sys=0.00, real=0.01 secs] 
2024-07-04T23:17:13.931+0800: 2293.245: [GC (Allocation Failure) [PSYoungGen: 1019536K->704K(1031680K)] 1302969K->284145K(1438208K), 0.0063588 secs] [Times: user=0.01 sys=0.00, real=0.01 secs] 
2024-07-04T23:17:14.843+0800: 2294.158: [GC (Allocation Failure) [PSYoungGen: 1019584K->624K(1034240K)] 1303025K->284081K(1440768K), 0.0064593 secs] [Times: user=0.01 sys=0.00, real=0.01 secs] 
2024-07-04T23:17:15.786+0800: 2295.100: [GC (Allocation Failure) [PSYoungGen: 1023088K->640K(1033728K)] 1306545K->284105K(1440256K), 0.0067060 secs] [Times: user=0.01 sys=0.00, real=0.00 secs] 
2024-07-04T23:17:16.718+0800: 2296.032: [GC (Allocation Failure) [PSYoungGen: 1023104K->672K(1036288K)] 1306569K->284145K(1442816K), 0.0059761 secs] [Times: user=0.01 sys=0.00, real=0.00 secs] 
2024-07-04T23:17:17.619+0800: 2296.933: [GC (Allocation Failure) [PSYoungGen: 1026720K->672K(1035776K)] 1310193K->284161K(1442304K), 0.0059435 secs] [Times: user=0.01 sys=0.00, real=0.00 secs] 
2024-07-04T23:17:18.531+0800: 2297.845: [GC (Allocation Failure) [PSYoungGen: 1026720K->672K(1037824K)] 1310209K->284169K(1444352K), 0.0081482 secs] [Times: user=0.01 sys=0.00, real=0.01 secs] 
2024-07-04T23:17:19.462+0800: 2298.777: [GC (Allocation Failure) [PSYoungGen: 1029792K->640K(1037312K)] 1313289K->284145K(1443840K), 0.0085299 secs] [Times: user=0.01 sys=0.00, real=0.01 secs] 
2024-07-04T23:17:20.407+0800: 2299.722: [GC (Allocation Failure) [PSYoungGen: 1029760K->640K(1039872K)] 1313265K->284153K(1446400K), 0.0063900 secs] [Times: user=0.01 sys=0.00, real=0.01 secs] 
2024-07-04T23:17:21.321+0800: 2300.635: [GC (Allocation Failure) [PSYoungGen: 1032832K->736K(1039360K)] 1316345K->284265K(1445888K), 0.0109281 secs] [Times: user=0.01 sys=0.00, real=0.01 secs] 
2024-07-04T23:17:22.270+0800: 2301.584: [GC (Allocation Failure) [PSYoungGen: 1032928K->720K(1040896K)] 1316457K->284257K(1447424K), 0.0083652 secs] [Times: user=0.01 sys=0.00, real=0.01 secs] 
2024-07-04T23:17:23.204+0800: 2302.518: [GC (Allocation Failure) [PSYoungGen: 1034960K->656K(1040384K)] 1318497K->284201K(1446912K), 0.0064818 secs] [Times: user=0.01 sys=0.00, real=0.01 secs] 
2024-07-04T23:17:24.130+0800: 2303.445: [GC (Allocation Failure) [PSYoungGen: 1034896K->688K(1041920K)] 1318441K->284249K(1448448K), 0.0112341 secs] [Times: user=0.02 sys=0.00, real=0.01 secs] 
2024-07-04T23:17:25.059+0800: 2304.373: [GC (Allocation Failure) [PSYoungGen: 1036976K->672K(1041408K)] 1320537K->284241K(1447936K), 0.0060214 secs] [Times: user=0.01 sys=0.00, real=0.00 secs] 
2024-07-04T23:17:25.970+0800: 2305.285: [GC (Allocation Failure) [PSYoungGen: 1036960K->704K(1042944K)] 1320529K->284281K(1449472K), 0.0064810 secs] [Times: user=0.01 sys=0.00, real=0.01 secs] 
2024-07-04T23:17:26.913+0800: 2306.227: [GC (Allocation Failure) [PSYoungGen: 1039040K->688K(1042944K)] 1322617K->284281K(1449472K), 0.0064305 secs] [Times: user=0.01 sys=0.00, real=0.01 secs] 
2024-07-04T23:17:27.837+0800: 2307.151: [GC (Allocation Failure) [PSYoungGen: 1039024K->656K(1042944K)] 1322617K->284257K(1449472K), 0.0059467 secs] [Times: user=0.01 sys=0.00, real=0.00 secs] 
2024-07-04T23:17:28.737+0800: 2308.051: [GC (Allocation Failure) [PSYoungGen: 1040016K->704K(1043456K)] 1323617K->284313K(1449984K), 0.0060610 secs] [Times: user=0.01 sys=0.00, real=0.00 secs] 
2024-07-04T23:17:29.624+0800: 2308.938: [GC (Allocation Failure) [PSYoungGen: 1040064K->704K(1044480K)] 1323673K->284321K(1451008K), 0.0059327 secs] [Times: user=0.01 sys=0.00, real=0.01 secs] 
2024-07-04T23:17:30.406+0800: 2309.720: [GC (Allocation Failure) [PSYoungGen: 1041600K->704K(1044480K)] 1325217K->284329K(1451008K), 0.0052322 secs] [Times: user=0.01 sys=0.00, real=0.00 secs] 
2024-07-04T23:17:31.210+0800: 2310.524: [GC (Allocation Failure) [PSYoungGen: 1041600K->704K(1043968K)] 1325225K->284337K(1450496K), 0.0055144 secs] [Times: user=0.01 sys=0.00, real=0.01 secs] 
2024-07-04T23:17:32.072+0800: 2311.386: [GC (Allocation Failure) [PSYoungGen: 1042112K->704K(1044480K)] 1325745K->284345K(1451008K), 0.0067816 secs] [Times: user=0.01 sys=0.00, real=0.01 secs] 
2024-07-04T23:17:32.863+0800: 2312.177: [GC (Allocation Failure) [PSYoungGen: 1042112K->704K(1044480K)] 1325753K->284353K(1451008K), 0.0076069 secs] [Times: user=0.01 sys=0.00, real=0.01 secs] 
2024-07-04T23:17:33.646+0800: 2312.960: [GC (Allocation Failure) [PSYoungGen: 1043136K->688K(1044992K)] 1326785K->284345K(1451520K), 0.0082962 secs] [Times: user=0.00 sys=0.00, real=0.01 secs] 
2024-07-04T23:17:34.482+0800: 2313.796: [GC (Allocation Failure) [PSYoungGen: 1043120K->656K(1046016K)] 1326777K->284321K(1452544K), 0.0076786 secs] [Times: user=0.01 sys=0.00, real=0.01 secs] 
2024-07-04T23:17:35.271+0800: 2314.585: [GC (Allocation Failure) [PSYoungGen: 1044112K->704K(1046016K)] 1327777K->284377K(1452544K), 0.0065344 secs] [Times: user=0.01 sys=0.00, real=0.01 secs] 
2024-07-04T23:17:36.120+0800: 2315.434: [GC (Allocation Failure) [PSYoungGen: 1044160K->672K(1044992K)] 1327833K->284353K(1451520K), 0.0066957 secs] [Times: user=0.01 sys=0.00, real=0.01 secs] 
2024-07-04T23:17:36.970+0800: 2316.284: [GC (Allocation Failure) [PSYoungGen: 1044128K->736K(1045504K)] 1327809K->284425K(1452032K), 0.0054327 secs] [Times: user=0.01 sys=0.00, real=0.01 secs] 
2024-07-04T23:17:37.766+0800: 2317.080: [GC (Allocation Failure) [PSYoungGen: 1044192K->688K(1046528K)] 1327881K->284385K(1453056K), 0.0054389 secs] [Times: user=0.01 sys=0.00, real=0.00 secs] 
2024-07-04T23:17:38.550+0800: 2317.865: [GC (Allocation Failure) [PSYoungGen: 1045168K->656K(1046528K)] 1328865K->284369K(1453056K), 0.0058657 secs] [Times: user=0.01 sys=0.00, real=0.01 secs] 
2024-07-04T23:17:39.382+0800: 2318.696: [GC (Allocation Failure) [PSYoungGen: 1045136K->704K(1046528K)] 1328849K->284425K(1453056K), 0.0052836 secs] [Times: user=0.01 sys=0.00, real=0.01 secs] 
2024-07-04T23:17:40.170+0800: 2319.484: [GC (Allocation Failure) [PSYoungGen: 1045184K->688K(1045504K)] 1328905K->284417K(1452032K), 0.0054419 secs] [Times: user=0.01 sys=0.00, real=0.01 secs] 
2024-07-04T23:17:40.959+0800: 2320.273: [GC (Allocation Failure) [PSYoungGen: 1045168K->672K(1046016K)] 1328897K->284409K(1452544K), 0.0055720 secs] [Times: user=0.01 sys=0.00, real=0.00 secs] 
2024-07-04T23:17:41.774+0800: 2321.088: [GC (Allocation Failure) [PSYoungGen: 1045152K->704K(1046016K)] 1328889K->284449K(1452544K), 0.0076124 secs] [Times: user=0.01 sys=0.00, real=0.00 secs] 
2024-07-04T23:17:42.578+0800: 2321.892: [GC (Allocation Failure) [PSYoungGen: 1045184K->672K(1047040K)] 1328929K->284425K(1453568K), 0.0065263 secs] [Times: user=0.01 sys=0.00, real=0.00 secs] 
2024-07-04T23:17:43.390+0800: 2322.704: [GC (Allocation Failure) [PSYoungGen: 1046176K->704K(1047040K)] 1329929K->284473K(1453568K), 0.0088664 secs] [Times: user=0.01 sys=0.00, real=0.01 secs] 
2024-07-04T23:17:44.207+0800: 2323.521: [GC (Allocation Failure) [PSYoungGen: 1046208K->704K(1047040K)] 1329977K->284481K(1453568K), 0.0073978 secs] [Times: user=0.01 sys=0.00, real=0.01 secs] 
2024-07-04T23:17:44.994+0800: 2324.308: [GC (Allocation Failure) [PSYoungGen: 1046208K->704K(1047040K)] 1329985K->284489K(1453568K), 0.0071321 secs] [Times: user=0.01 sys=0.00, real=0.00 secs] 
2024-07-04T23:17:45.830+0800: 2325.144: [GC (Allocation Failure) [PSYoungGen: 1046208K->688K(1047040K)] 1329993K->284481K(1453568K), 0.0083222 secs] [Times: user=0.01 sys=0.00, real=0.01 secs] 
2024-07-04T23:17:46.659+0800: 2325.974: [GC (Allocation Failure) [PSYoungGen: 1046192K->688K(1047040K)] 1329985K->284489K(1453568K), 0.0073229 secs] [Times: user=0.02 sys=0.00, real=0.01 secs] 
2024-07-04T23:17:47.494+0800: 2326.808: [GC (Allocation Failure) [PSYoungGen: 1046192K->688K(1047040K)] 1329993K->284505K(1453568K), 0.0088434 secs] [Times: user=0.01 sys=0.00, real=0.00 secs] 
2024-07-04T23:17:48.325+0800: 2327.640: [GC (Allocation Failure) [PSYoungGen: 1046192K->672K(1046528K)] 1330009K->284505K(1453056K), 0.0059563 secs] [Times: user=0.01 sys=0.00, real=0.01 secs] 
2024-07-04T23:17:49.134+0800: 2328.448: [GC (Allocation Failure) [PSYoungGen: 1046176K->688K(1046528K)] 1330009K->284529K(1453056K), 0.0090190 secs] [Times: user=0.01 sys=0.00, real=0.00 secs] 
2024-07-04T23:17:49.918+0800: 2329.232: [GC (Allocation Failure) [PSYoungGen: 1046192K->688K(1046528K)] 1330033K->284537K(1453056K), 0.0052783 secs] [Times: user=0.01 sys=0.00, real=0.00 secs] 
2024-07-04T23:17:50.726+0800: 2330.041: [GC (Allocation Failure) [PSYoungGen: 1046192K->736K(1047552K)] 1330041K->284593K(1454080K), 0.0067625 secs] [Times: user=0.01 sys=0.01, real=0.00 secs] 
2024-07-04T23:17:51.522+0800: 2330.836: [GC (Allocation Failure) [PSYoungGen: 1047264K->688K(1047552K)] 1331121K->284553K(1454080K), 0.0069334 secs] [Times: user=0.01 sys=0.00, real=0.01 secs] 
2024-07-04T23:17:52.349+0800: 2331.664: [GC (Allocation Failure) [PSYoungGen: 1047216K->672K(1047552K)] 1331081K->284545K(1454080K), 0.0053689 secs] [Times: user=0.01 sys=0.00, real=0.01 secs] 
2024-07-04T23:17:53.170+0800: 2332.484: [GC (Allocation Failure) [PSYoungGen: 1047200K->704K(1047552K)] 1331073K->284585K(1454080K), 0.0056757 secs] [Times: user=0.01 sys=0.00, real=0.01 secs] 
2024-07-04T23:17:53.950+0800: 2333.264: [GC (Allocation Failure) [PSYoungGen: 1047232K->672K(1047552K)] 1331113K->284561K(1454080K), 0.0052668 secs] [Times: user=0.01 sys=0.00, real=0.01 secs] 
2024-07-04T23:17:54.726+0800: 2334.040: [GC (Allocation Failure) [PSYoungGen: 1047200K->752K(1047552K)] 1331089K->284649K(1454080K), 0.0083349 secs] [Times: user=0.01 sys=0.00, real=0.01 secs] 
2024-07-04T23:17:55.584+0800: 2334.899: [GC (Allocation Failure) [PSYoungGen: 1047280K->736K(1047552K)] 1331177K->284641K(1454080K), 0.0073832 secs] [Times: user=0.01 sys=0.00, real=0.01 secs] 
2024-07-04T23:17:56.394+0800: 2335.708: [GC (Allocation Failure) [PSYoungGen: 1047264K->704K(1047552K)] 1331169K->284617K(1454080K), 0.0056316 secs] [Times: user=0.01 sys=0.00, real=0.00 secs] 
2024-07-04T23:17:57.200+0800: 2336.515: [GC (Allocation Failure) [PSYoungGen: 1047232K->736K(1047552K)] 1331145K->284657K(1454080K), 0.0055526 secs] [Times: user=0.01 sys=0.00, real=0.01 secs] 
2024-07-04T23:17:58.150+0800: 2337.464: [GC (Allocation Failure) [PSYoungGen: 1047264K->720K(1047552K)] 1331185K->284649K(1454080K), 0.0092216 secs] [Times: user=0.01 sys=0.00, real=0.01 secs] 
2024-07-04T23:17:58.948+0800: 2338.262: [GC (Allocation Failure) [PSYoungGen: 1047248K->656K(1047552K)] 1331177K->284593K(1454080K), 0.0066556 secs] [Times: user=0.01 sys=0.00, real=0.01 secs] 
2024-07-04T23:17:59.750+0800: 2339.064: [GC (Allocation Failure) [PSYoungGen: 1047184K->736K(1047552K)] 1331121K->284681K(1454080K), 0.0083105 secs] [Times: user=0.02 sys=0.00, real=0.01 secs] 
2024-07-04T23:18:00.630+0800: 2339.945: [GC (Allocation Failure) [PSYoungGen: 1047264K->704K(1047552K)] 1331209K->284657K(1454080K), 0.0090037 secs] [Times: user=0.02 sys=0.00, real=0.01 secs] 
2024-07-04T23:18:01.434+0800: 2340.748: [GC (Allocation Failure) [PSYoungGen: 1047232K->688K(1047552K)] 1331185K->284649K(1454080K), 0.0090420 secs] [Times: user=0.01 sys=0.00, real=0.00 secs] 
2024-07-04T23:18:02.256+0800: 2341.570: [GC (Allocation Failure) [PSYoungGen: 1047216K->736K(1047552K)] 1331177K->284705K(1454080K), 0.0065000 secs] [Times: user=0.01 sys=0.00, real=0.00 secs] 
2024-07-04T23:18:03.158+0800: 2342.472: [GC (Allocation Failure) [PSYoungGen: 1047264K->688K(1047552K)] 1331233K->284665K(1454080K), 0.0108883 secs] [Times: user=0.01 sys=0.00, real=0.01 secs] 
2024-07-04T23:18:03.952+0800: 2343.266: [GC (Allocation Failure) [PSYoungGen: 1047216K->704K(1047552K)] 1331193K->284689K(1454080K), 0.0064589 secs] [Times: user=0.01 sys=0.00, real=0.01 secs] 
2024-07-04T23:18:04.722+0800: 2344.036: [GC (Allocation Failure) [PSYoungGen: 1047232K->736K(1047552K)] 1331217K->284729K(1454080K), 0.0070511 secs] [Times: user=0.01 sys=0.00, real=0.01 secs] 
2024-07-04T23:18:05.600+0800: 2344.914: [GC (Allocation Failure) [PSYoungGen: 1047264K->672K(1047552K)] 1331257K->284673K(1454080K), 0.0054853 secs] [Times: user=0.01 sys=0.00, real=0.00 secs] 
2024-07-04T23:18:06.410+0800: 2345.724: [GC (Allocation Failure) [PSYoungGen: 1047200K->672K(1047552K)] 1331201K->284681K(1454080K), 0.0053742 secs] [Times: user=0.01 sys=0.00, real=0.01 secs] 
2024-07-04T23:18:07.215+0800: 2346.529: [GC (Allocation Failure) [PSYoungGen: 1047200K->688K(1047552K)] 1331209K->284705K(1454080K), 0.0080803 secs] [Times: user=0.01 sys=0.00, real=0.00 secs] 
2024-07-04T23:18:08.049+0800: 2347.363: [GC (Allocation Failure) [PSYoungGen: 1047216K->704K(1047552K)] 1331233K->284729K(1454080K), 0.0055671 secs] [Times: user=0.01 sys=0.00, real=0.01 secs] 
2024-07-04T23:18:08.822+0800: 2348.137: [GC (Allocation Failure) [PSYoungGen: 1047232K->752K(1047552K)] 1331257K->284785K(1454080K), 0.0053028 secs] [Times: user=0.01 sys=0.00, real=0.01 secs] 
2024-07-04T23:18:09.593+0800: 2348.907: [GC (Allocation Failure) [PSYoungGen: 1047280K->752K(1047552K)] 1331313K->284793K(1454080K), 0.0077770 secs] [Times: user=0.01 sys=0.00, real=0.01 secs] 
2024-07-04T23:18:10.428+0800: 2349.742: [GC (Allocation Failure) [PSYoungGen: 1047280K->688K(1047552K)] 1331321K->284737K(1454080K), 0.0067458 secs] [Times: user=0.01 sys=0.00, real=0.01 secs] 
2024-07-04T23:18:11.210+0800: 2350.524: [GC (Allocation Failure) [PSYoungGen: 1047216K->640K(1047552K)] 1331265K->284697K(1454080K), 0.0050207 secs] [Times: user=0.01 sys=0.00, real=0.01 secs] 
2024-07-04T23:18:12.011+0800: 2351.325: [GC (Allocation Failure) [PSYoungGen: 1047168K->688K(1047552K)] 1331225K->284753K(1454080K), 0.0062876 secs] [Times: user=0.01 sys=0.00, real=0.01 secs] 
2024-07-04T23:18:12.857+0800: 2352.171: [GC (Allocation Failure) [PSYoungGen: 1047216K->656K(1047552K)] 1331281K->284729K(1454080K), 0.0051541 secs] [Times: user=0.01 sys=0.00, real=0.00 secs] 
2024-07-04T23:18:13.638+0800: 2352.952: [GC (Allocation Failure) [PSYoungGen: 1047184K->720K(1047552K)] 1331257K->284801K(1454080K), 0.0070360 secs] [Times: user=0.00 sys=0.00, real=0.00 secs] 
2024-07-04T23:18:14.410+0800: 2353.724: [GC (Allocation Failure) [PSYoungGen: 1047248K->736K(1047552K)] 1331329K->284825K(1454080K), 0.0080086 secs] [Times: user=0.01 sys=0.00, real=0.01 secs] 
2024-07-04T23:18:15.247+0800: 2354.561: [GC (Allocation Failure) [PSYoungGen: 1047264K->656K(1047552K)] 1331353K->284761K(1454080K), 0.0072561 secs] [Times: user=0.01 sys=0.00, real=0.01 secs] 
2024-07-04T23:18:16.020+0800: 2355.334: [GC (Allocation Failure) [PSYoungGen: 1047184K->736K(1047552K)] 1331289K->284849K(1454080K), 0.0060685 secs] [Times: user=0.01 sys=0.00, real=0.01 secs] 
2024-07-04T23:18:16.822+0800: 2356.136: [GC (Allocation Failure) [PSYoungGen: 1047264K->688K(1047552K)] 1331377K->284809K(1454080K), 0.0054389 secs] [Times: user=0.01 sys=0.00, real=0.01 secs] 
2024-07-04T23:18:17.658+0800: 2356.973: [GC (Allocation Failure) [PSYoungGen: 1047216K->704K(1047552K)] 1331337K->284833K(1454080K), 0.0076127 secs] [Times: user=0.01 sys=0.00, real=0.01 secs] 
2024-07-04T23:18:18.430+0800: 2357.744: [GC (Allocation Failure) [PSYoungGen: 1047232K->688K(1047552K)] 1331361K->284825K(1454080K), 0.0084027 secs] [Times: user=0.01 sys=0.00, real=0.01 secs] 
2024-07-04T23:18:19.212+0800: 2358.526: [GC (Allocation Failure) [PSYoungGen: 1047216K->704K(1047552K)] 1331353K->284849K(1454080K), 0.0052769 secs] [Times: user=0.01 sys=0.00, real=0.01 secs] 
2024-07-04T23:18:20.026+0800: 2359.341: [GC (Allocation Failure) [PSYoungGen: 1047232K->704K(1047552K)] 1331377K->284865K(1454080K), 0.0077941 secs] [Times: user=0.01 sys=0.00, real=0.01 secs] 
2024-07-04T23:18:20.806+0800: 2360.120: [GC (Allocation Failure) [PSYoungGen: 1047232K->720K(1047552K)] 1331393K->284889K(1454080K), 0.0079953 secs] [Times: user=0.01 sys=0.00, real=0.01 secs] 
2024-07-04T23:18:21.598+0800: 2360.912: [GC (Allocation Failure) [PSYoungGen: 1047248K->688K(1047552K)] 1331417K->284865K(1454080K), 0.0053404 secs] [Times: user=0.01 sys=0.00, real=0.00 secs] 
2024-07-04T23:18:22.432+0800: 2361.747: [GC (Allocation Failure) [PSYoungGen: 1047216K->704K(1047552K)] 1331393K->284889K(1454080K), 0.0060100 secs] [Times: user=0.01 sys=0.00, real=0.01 secs] 
2024-07-04T23:18:23.218+0800: 2362.532: [GC (Allocation Failure) [PSYoungGen: 1047232K->688K(1047552K)] 1331417K->284881K(1454080K), 0.0083387 secs] [Times: user=0.01 sys=0.00, real=0.01 secs] 
2024-07-04T23:18:23.983+0800: 2363.297: [GC (Allocation Failure) [PSYoungGen: 1047216K->720K(1047552K)] 1331409K->284921K(1454080K), 0.0051723 secs] [Times: user=0.00 sys=0.00, real=0.01 secs] 
2024-07-04T23:18:24.787+0800: 2364.102: [GC (Allocation Failure) [PSYoungGen: 1047248K->688K(1047552K)] 1331449K->284897K(1454080K), 0.0073873 secs] [Times: user=0.01 sys=0.00, real=0.01 secs] 
2024-07-04T23:18:25.570+0800: 2364.884: [GC (Allocation Failure) [PSYoungGen: 1047216K->704K(1047552K)] 1331425K->284921K(1454080K), 0.0090620 secs] [Times: user=0.01 sys=0.00, real=0.01 secs] 
2024-07-04T23:18:26.343+0800: 2365.657: [GC (Allocation Failure) [PSYoungGen: 1047232K->688K(1047552K)] 1331449K->284913K(1454080K), 0.0052879 secs] [Times: user=0.01 sys=0.00, real=0.01 secs] 
2024-07-04T23:18:27.186+0800: 2366.500: [GC (Allocation Failure) [PSYoungGen: 1047216K->688K(1047552K)] 1331441K->284929K(1454080K), 0.0063357 secs] [Times: user=0.01 sys=0.00, real=0.00 secs] 
2024-07-04T23:18:27.986+0800: 2367.300: [GC (Allocation Failure) [PSYoungGen: 1047216K->656K(1047552K)] 1331457K->284905K(1454080K), 0.0080021 secs] [Times: user=0.01 sys=0.00, real=0.01 secs] 
2024-07-04T23:18:28.770+0800: 2368.084: [GC (Allocation Failure) [PSYoungGen: 1047184K->704K(1047552K)] 1331433K->284961K(1454080K), 0.0052487 secs] [Times: user=0.01 sys=0.00, real=0.01 secs] 
2024-07-04T23:18:29.596+0800: 2368.910: [GC (Allocation Failure) [PSYoungGen: 1047232K->704K(1047552K)] 1331489K->284977K(1454080K), 0.0063615 secs] [Times: user=0.01 sys=0.00, real=0.00 secs] 
2024-07-04T23:18:30.377+0800: 2369.692: [GC (Allocation Failure) [PSYoungGen: 1047232K->720K(1047552K)] 1331505K->285001K(1454080K), 0.0080596 secs] [Times: user=0.01 sys=0.00, real=0.00 secs] 
2024-07-04T23:18:31.154+0800: 2370.468: [GC (Allocation Failure) [PSYoungGen: 1047248K->656K(1047552K)] 1331529K->284945K(1454080K), 0.0089362 secs] [Times: user=0.01 sys=0.00, real=0.00 secs] 
2024-07-04T23:18:31.977+0800: 2371.292: [GC (Allocation Failure) [PSYoungGen: 1047184K->704K(1047552K)] 1331473K->285001K(1454080K), 0.0055712 secs] [Times: user=0.00 sys=0.00, real=0.00 secs] 
2024-07-04T23:18:32.762+0800: 2372.076: [GC (Allocation Failure) [PSYoungGen: 1047232K->672K(1047552K)] 1331529K->284977K(1454080K), 0.0051781 secs] [Times: user=0.01 sys=0.00, real=0.01 secs] 
2024-07-04T23:18:33.530+0800: 2372.844: [GC (Allocation Failure) [PSYoungGen: 1047200K->704K(1047552K)] 1331505K->285017K(1454080K), 0.0084175 secs] [Times: user=0.00 sys=0.00, real=0.01 secs] 
2024-07-04T23:18:34.334+0800: 2373.648: [GC (Allocation Failure) [PSYoungGen: 1047232K->688K(1047552K)] 1331545K->285009K(1454080K), 0.0082665 secs] [Times: user=0.01 sys=0.00, real=0.00 secs] 
2024-07-04T23:18:35.109+0800: 2374.423: [GC (Allocation Failure) [PSYoungGen: 1047216K->704K(1047552K)] 1331537K->285033K(1454080K), 0.0053546 secs] [Times: user=0.01 sys=0.00, real=0.01 secs] 
2024-07-04T23:18:35.882+0800: 2375.196: [GC (Allocation Failure) [PSYoungGen: 1047232K->672K(1047552K)] 1331561K->285009K(1454080K), 0.0052374 secs] [Times: user=0.01 sys=0.00, real=0.01 secs] 
2024-07-04T23:18:36.694+0800: 2376.008: [GC (Allocation Failure) [PSYoungGen: 1047200K->688K(1047552K)] 1331537K->285033K(1454080K), 0.0059205 secs] [Times: user=0.01 sys=0.00, real=0.00 secs] 
2024-07-04T23:18:37.485+0800: 2376.800: [GC (Allocation Failure) [PSYoungGen: 1047216K->688K(1047552K)] 1331561K->285041K(1454080K), 0.0082507 secs] [Times: user=0.01 sys=0.00, real=0.02 secs] 
2024-07-04T23:18:38.419+0800: 2377.733: [GC (Allocation Failure) [PSYoungGen: 1047216K->720K(1047552K)] 1331569K->285081K(1454080K), 0.0078214 secs] [Times: user=0.01 sys=0.00, real=0.01 secs] 
2024-07-04T23:18:39.269+0800: 2378.584: [GC (Allocation Failure) [PSYoungGen: 1047248K->720K(1047552K)] 1331609K->285089K(1454080K), 0.0083140 secs] [Times: user=0.01 sys=0.00, real=0.01 secs] 
2024-07-04T23:18:40.046+0800: 2379.360: [GC (Allocation Failure) [PSYoungGen: 1047248K->704K(1047552K)] 1331617K->285081K(1454080K), 0.0095523 secs] [Times: user=0.02 sys=0.00, real=0.01 secs] 
2024-07-04T23:18:40.823+0800: 2380.137: [GC (Allocation Failure) [PSYoungGen: 1047232K->736K(1047552K)] 1331609K->285121K(1454080K), 0.0091578 secs] [Times: user=0.01 sys=0.00, real=0.01 secs] 
2024-07-04T23:18:41.634+0800: 2380.948: [GC (Allocation Failure) [PSYoungGen: 1047264K->688K(1047552K)] 1331649K->285081K(1454080K), 0.0071856 secs] [Times: user=0.01 sys=0.00, real=0.00 secs] 
2024-07-04T23:18:42.438+0800: 2381.752: [GC (Allocation Failure) [PSYoungGen: 1047216K->672K(1047552K)] 1331609K->285073K(1454080K), 0.0080700 secs] [Times: user=0.01 sys=0.00, real=0.01 secs] 
2024-07-04T23:18:43.213+0800: 2382.527: [GC (Allocation Failure) [PSYoungGen: 1047200K->704K(1047552K)] 1331601K->285113K(1454080K), 0.0065335 secs] [Times: user=0.01 sys=0.00, real=0.01 secs] 
2024-07-04T23:18:44.036+0800: 2383.351: [GC (Allocation Failure) [PSYoungGen: 1047232K->688K(1047552K)] 1331641K->285105K(1454080K), 0.0058530 secs] [Times: user=0.01 sys=0.00, real=0.00 secs] 
2024-07-04T23:18:44.814+0800: 2384.128: [GC (Allocation Failure) [PSYoungGen: 1047216K->672K(1047552K)] 1331633K->285105K(1454080K), 0.0079961 secs] [Times: user=0.00 sys=0.00, real=0.00 secs] 
2024-07-04T23:18:45.586+0800: 2384.901: [GC (Allocation Failure) [PSYoungGen: 1047200K->688K(1047552K)] 1331633K->285129K(1454080K), 0.0052236 secs] [Times: user=0.01 sys=0.00, real=0.00 secs] 
2024-07-04T23:18:46.411+0800: 2385.725: [GC (Allocation Failure) [PSYoungGen: 1047216K->688K(1047552K)] 1331657K->285137K(1454080K), 0.0071748 secs] [Times: user=0.01 sys=0.00, real=0.01 secs] 
2024-07-04T23:18:47.208+0800: 2386.522: [GC (Allocation Failure) [PSYoungGen: 1047216K->736K(1047552K)] 1331665K->285193K(1454080K), 0.0053457 secs] [Times: user=0.00 sys=0.00, real=0.00 secs] 
2024-07-04T23:18:47.990+0800: 2387.304: [GC (Allocation Failure) [PSYoungGen: 1047264K->720K(1047552K)] 1331721K->285185K(1454080K), 0.0053026 secs] [Times: user=0.01 sys=0.00, real=0.01 secs] 
2024-07-04T23:18:48.830+0800: 2388.144: [GC (Allocation Failure) [PSYoungGen: 1047248K->736K(1047552K)] 1331713K->285209K(1454080K), 0.0064945 secs] [Times: user=0.01 sys=0.00, real=0.01 secs] 
2024-07-04T23:18:49.597+0800: 2388.911: [GC (Allocation Failure) [PSYoungGen: 1047264K->672K(1047552K)] 1331737K->285161K(1454080K), 0.0051999 secs] [Times: user=0.01 sys=0.00, real=0.00 secs] 
2024-07-04T23:18:50.375+0800: 2389.689: [GC (Allocation Failure) [PSYoungGen: 1047200K->672K(1047552K)] 1331689K->285177K(1454080K), 0.0076301 secs] [Times: user=0.01 sys=0.00, real=0.00 secs] 
2024-07-04T23:18:51.190+0800: 2390.504: [GC (Allocation Failure) [PSYoungGen: 1047200K->672K(1047552K)] 1331705K->285193K(1454080K), 0.0070397 secs] [Times: user=0.01 sys=0.00, real=0.01 secs] 
2024-07-04T23:18:51.964+0800: 2391.278: [GC (Allocation Failure) [PSYoungGen: 1047200K->672K(1047552K)] 1331721K->285201K(1454080K), 0.0061797 secs] [Times: user=0.01 sys=0.00, real=0.01 secs] 
2024-07-04T23:18:52.756+0800: 2392.070: [GC (Allocation Failure) [PSYoungGen: 1047200K->672K(1047552K)] 1331729K->285209K(1454080K), 0.0053500 secs] [Times: user=0.01 sys=0.00, real=0.00 secs] 
2024-07-04T23:18:53.586+0800: 2392.900: [GC (Allocation Failure) [PSYoungGen: 1047200K->688K(1047552K)] 1331737K->285233K(1454080K), 0.0053149 secs] [Times: user=0.01 sys=0.00, real=0.00 secs] 
2024-07-04T23:18:54.365+0800: 2393.679: [GC (Allocation Failure) [PSYoungGen: 1047216K->656K(1047552K)] 1331761K->285217K(1454080K), 0.0070851 secs] [Times: user=0.01 sys=0.00, real=0.01 secs] 
2024-07-04T23:18:55.148+0800: 2394.462: [GC (Allocation Failure) [PSYoungGen: 1047184K->704K(1047552K)] 1331745K->285273K(1454080K), 0.0062692 secs] [Times: user=0.01 sys=0.00, real=0.01 secs] 
2024-07-04T23:18:55.938+0800: 2395.253: [GC (Allocation Failure) [PSYoungGen: 1047232K->720K(1047552K)] 1331801K->285297K(1454080K), 0.0052161 secs] [Times: user=0.01 sys=0.00, real=0.00 secs] 
2024-07-04T23:18:56.718+0800: 2396.032: [GC (Allocation Failure) [PSYoungGen: 1047248K->672K(1047552K)] 1331825K->285265K(1454080K), 0.0116602 secs] [Times: user=0.01 sys=0.00, real=0.01 secs] 
2024-07-04T23:18:57.497+0800: 2396.812: [GC (Allocation Failure) [PSYoungGen: 1047200K->720K(1047552K)] 1331793K->285321K(1454080K), 0.0053818 secs] [Times: user=0.01 sys=0.00, real=0.00 secs] 
2024-07-04T23:18:58.271+0800: 2397.585: [GC (Allocation Failure) [PSYoungGen: 1047248K->672K(1047552K)] 1331849K->285281K(1454080K), 0.0072564 secs] [Times: user=0.01 sys=0.00, real=0.01 secs] 
2024-07-04T23:18:59.045+0800: 2398.359: [GC (Allocation Failure) [PSYoungGen: 1047200K->640K(1047552K)] 1331809K->285257K(1454080K), 0.0056764 secs] [Times: user=0.01 sys=0.00, real=0.01 secs] 
2024-07-04T23:18:59.808+0800: 2399.122: [GC (Allocation Failure) [PSYoungGen: 1047168K->704K(1047552K)] 1331785K->285329K(1454080K), 0.0051761 secs] [Times: user=0.01 sys=0.00, real=0.00 secs] 
2024-07-04T23:19:00.578+0800: 2399.892: [GC (Allocation Failure) [PSYoungGen: 1047232K->704K(1047552K)] 1331857K->285337K(1454080K), 0.0052596 secs] [Times: user=0.01 sys=0.00, real=0.00 secs] 
2024-07-04T23:19:01.354+0800: 2400.668: [GC (Allocation Failure) [PSYoungGen: 1047232K->688K(1047552K)] 1331865K->285329K(1454080K), 0.0076917 secs] [Times: user=0.01 sys=0.00, real=0.01 secs] 
2024-07-04T23:19:02.128+0800: 2401.442: [GC (Allocation Failure) [PSYoungGen: 1047216K->704K(1047552K)] 1331857K->285361K(1454080K), 0.0053788 secs] [Times: user=0.01 sys=0.00, real=0.01 secs] 
2024-07-04T23:19:02.910+0800: 2402.224: [GC (Allocation Failure) [PSYoungGen: 1047232K->688K(1047552K)] 1331889K->285361K(1454080K), 0.0052695 secs] [Times: user=0.01 sys=0.00, real=0.01 secs] 
2024-07-04T23:19:03.690+0800: 2403.004: [GC (Allocation Failure) [PSYoungGen: 1047216K->752K(1047552K)] 1331889K->285433K(1454080K), 0.0094700 secs] [Times: user=0.01 sys=0.00, real=0.01 secs] 
2024-07-04T23:19:04.467+0800: 2403.781: [GC (Allocation Failure) [PSYoungGen: 1047280K->704K(1047552K)] 1331961K->285393K(1454080K), 0.0074810 secs] [Times: user=0.01 sys=0.00, real=0.01 secs] 
2024-07-04T23:19:05.245+0800: 2404.559: [GC (Allocation Failure) [PSYoungGen: 1047232K->672K(1047552K)] 1331921K->285369K(1454080K), 0.0059033 secs] [Times: user=0.01 sys=0.00, real=0.01 secs] 
2024-07-04T23:19:06.018+0800: 2405.333: [GC (Allocation Failure) [PSYoungGen: 1047200K->720K(1047552K)] 1331897K->285425K(1454080K), 0.0117092 secs] [Times: user=0.02 sys=0.00, real=0.01 secs] 
2024-07-04T23:19:06.791+0800: 2406.105: [GC (Allocation Failure) [PSYoungGen: 1047248K->704K(1047552K)] 1331953K->285417K(1454080K), 0.0073622 secs] [Times: user=0.01 sys=0.00, real=0.01 secs] 
2024-07-04T23:19:07.582+0800: 2406.896: [GC (Allocation Failure) [PSYoungGen: 1047232K->640K(1047552K)] 1331945K->285361K(1454080K), 0.0082007 secs] [Times: user=0.01 sys=0.00, real=0.01 secs] 
2024-07-04T23:19:08.358+0800: 2407.672: [GC (Allocation Failure) [PSYoungGen: 1047168K->736K(1047552K)] 1331889K->285465K(1454080K), 0.0069981 secs] [Times: user=0.01 sys=0.00, real=0.00 secs] 
2024-07-04T23:19:09.144+0800: 2408.458: [GC (Allocation Failure) [PSYoungGen: 1047264K->704K(1047552K)] 1331993K->285441K(1454080K), 0.0053339 secs] [Times: user=0.01 sys=0.00, real=0.01 secs] 
2024-07-04T23:19:09.925+0800: 2409.240: [GC (Allocation Failure) [PSYoungGen: 1047232K->640K(1047552K)] 1331969K->285385K(1454080K), 0.0051779 secs] [Times: user=0.01 sys=0.00, real=0.01 secs] 
2024-07-04T23:19:10.698+0800: 2410.012: [GC (Allocation Failure) [PSYoungGen: 1047168K->720K(1047552K)] 1331913K->285473K(1454080K), 0.0075266 secs] [Times: user=0.01 sys=0.00, real=0.00 secs] 
2024-07-04T23:19:11.466+0800: 2410.780: [GC (Allocation Failure) [PSYoungGen: 1047248K->704K(1047552K)] 1332001K->285465K(1454080K), 0.0053230 secs] [Times: user=0.01 sys=0.00, real=0.01 secs] 
2024-07-04T23:19:12.242+0800: 2411.556: [GC (Allocation Failure) [PSYoungGen: 1047232K->656K(1047552K)] 1331993K->285425K(1454080K), 0.0090705 secs] [Times: user=0.01 sys=0.00, real=0.01 secs] 
2024-07-04T23:19:13.026+0800: 2412.341: [GC (Allocation Failure) [PSYoungGen: 1047184K->704K(1047552K)] 1331953K->285481K(1454080K), 0.0091581 secs] [Times: user=0.01 sys=0.00, real=0.01 secs] 
2024-07-04T23:19:13.810+0800: 2413.124: [GC (Allocation Failure) [PSYoungGen: 1047232K->688K(1047552K)] 1332009K->285473K(1454080K), 0.0059580 secs] [Times: user=0.00 sys=0.00, real=0.01 secs] 
2024-07-04T23:19:14.571+0800: 2413.886: [GC (Allocation Failure) [PSYoungGen: 1047216K->752K(1047552K)] 1332001K->285553K(1454080K), 0.0070292 secs] [Times: user=0.01 sys=0.00, real=0.01 secs] 
2024-07-04T23:19:15.330+0800: 2414.644: [GC (Allocation Failure) [PSYoungGen: 1047280K->736K(1047552K)] 1332081K->285545K(1454080K), 0.0081700 secs] [Times: user=0.01 sys=0.00, real=0.01 secs] 
2024-07-04T23:19:16.094+0800: 2415.408: [GC (Allocation Failure) [PSYoungGen: 1047264K->688K(1047552K)] 1332073K->285505K(1454080K), 0.0088363 secs] [Times: user=0.01 sys=0.00, real=0.00 secs] 
2024-07-04T23:19:16.873+0800: 2416.187: [GC (Allocation Failure) [PSYoungGen: 1047216K->720K(1047552K)] 1332033K->285545K(1454080K), 0.0082320 secs] [Times: user=0.01 sys=0.00, real=0.01 secs] 
2024-07-04T23:19:17.654+0800: 2416.969: [GC (Allocation Failure) [PSYoungGen: 1047248K->720K(1047552K)] 1332073K->285553K(1454080K), 0.0083928 secs] [Times: user=0.01 sys=0.00, real=0.00 secs] 
2024-07-04T23:19:18.422+0800: 2417.736: [GC (Allocation Failure) [PSYoungGen: 1047248K->672K(1047552K)] 1332081K->285513K(1454080K), 0.0090157 secs] [Times: user=0.01 sys=0.00, real=0.01 secs] 
2024-07-04T23:19:19.206+0800: 2418.520: [GC (Allocation Failure) [PSYoungGen: 1047200K->704K(1047552K)] 1332041K->285553K(1454080K), 0.0068543 secs] [Times: user=0.01 sys=0.00, real=0.00 secs] 
2024-07-04T23:19:19.966+0800: 2419.281: [GC (Allocation Failure) [PSYoungGen: 1047232K->720K(1047552K)] 1332081K->285577K(1454080K), 0.0053586 secs] [Times: user=0.01 sys=0.00, real=0.00 secs] 
2024-07-04T23:19:20.730+0800: 2420.044: [GC (Allocation Failure) [PSYoungGen: 1047248K->640K(1047552K)] 1332105K->285505K(1454080K), 0.0078010 secs] [Times: user=0.01 sys=0.00, real=0.01 secs] 
2024-07-04T23:19:21.494+0800: 2420.808: [GC (Allocation Failure) [PSYoungGen: 1047168K->736K(1047552K)] 1332033K->285609K(1454080K), 0.0091767 secs] [Times: user=0.01 sys=0.00, real=0.00 secs] 
2024-07-04T23:19:22.275+0800: 2421.589: [GC (Allocation Failure) [PSYoungGen: 1047264K->704K(1047552K)] 1332137K->285585K(1454080K), 0.0065809 secs] [Times: user=0.01 sys=0.00, real=0.00 secs] 
2024-07-04T23:19:23.043+0800: 2422.357: [GC (Allocation Failure) [PSYoungGen: 1047232K->640K(1047552K)] 1332113K->285529K(1454080K), 0.0052740 secs] [Times: user=0.01 sys=0.00, real=0.01 secs] 
2024-07-04T23:19:23.804+0800: 2423.118: [GC (Allocation Failure) [PSYoungGen: 1047168K->704K(1047552K)] 1332057K->285601K(1454080K), 0.0063091 secs] [Times: user=0.01 sys=0.00, real=0.01 secs] 
2024-07-04T23:19:24.596+0800: 2423.910: [GC (Allocation Failure) [PSYoungGen: 1047232K->672K(1047552K)] 1332129K->285585K(1454080K), 0.0083487 secs] [Times: user=0.02 sys=0.00, real=0.00 secs] 
2024-07-04T23:19:25.360+0800: 2424.674: [GC (Allocation Failure) [PSYoungGen: 1047200K->640K(1047552K)] 1332113K->285561K(1454080K), 0.0051263 secs] [Times: user=0.01 sys=0.00, real=0.00 secs] 
2024-07-04T23:19:26.124+0800: 2425.438: [GC (Allocation Failure) [PSYoungGen: 1047168K->672K(1047552K)] 1332089K->285601K(1454080K), 0.0050800 secs] [Times: user=0.00 sys=0.00, real=0.01 secs] 
2024-07-04T23:19:26.906+0800: 2426.220: [GC (Allocation Failure) [PSYoungGen: 1047200K->688K(1047552K)] 1332129K->285625K(1454080K), 0.0052384 secs] [Times: user=0.01 sys=0.00, real=0.00 secs] 
2024-07-04T23:19:27.674+0800: 2426.988: [GC (Allocation Failure) [PSYoungGen: 1047216K->752K(1047552K)] 1332153K->285697K(1454080K), 0.0051983 secs] [Times: user=0.01 sys=0.00, real=0.00 secs] 
2024-07-04T23:19:28.439+0800: 2427.753: [GC (Allocation Failure) [PSYoungGen: 1047280K->736K(1047552K)] 1332225K->285689K(1454080K), 0.0086569 secs] [Times: user=0.01 sys=0.00, real=0.01 secs] 
2024-07-04T23:19:29.209+0800: 2428.524: [GC (Allocation Failure) [PSYoungGen: 1047264K->688K(1047552K)] 1332217K->285649K(1454080K), 0.0053055 secs] [Times: user=0.01 sys=0.00, real=0.01 secs] 
2024-07-04T23:19:29.974+0800: 2429.288: [GC (Allocation Failure) [PSYoungGen: 1047216K->768K(1047552K)] 1332177K->285737K(1454080K), 0.0080251 secs] [Times: user=0.01 sys=0.00, real=0.00 secs] 
2024-07-04T23:19:30.738+0800: 2430.052: [GC (Allocation Failure) [PSYoungGen: 1047296K->720K(1047552K)] 1332265K->285697K(1454080K), 0.0069384 secs] [Times: user=0.01 sys=0.00, real=0.00 secs] 
2024-07-04T23:19:31.514+0800: 2430.828: [GC (Allocation Failure) [PSYoungGen: 1047248K->672K(1047552K)] 1332225K->285657K(1454080K), 0.0052933 secs] [Times: user=0.01 sys=0.00, real=0.00 secs] 
2024-07-04T23:19:32.301+0800: 2431.615: [GC (Allocation Failure) [PSYoungGen: 1047200K->720K(1047552K)] 1332185K->285713K(1454080K), 0.0074415 secs] [Times: user=0.01 sys=0.00, real=0.01 secs] 
2024-07-04T23:19:33.055+0800: 2432.369: [GC (Allocation Failure) [PSYoungGen: 1047248K->720K(1047552K)] 1332241K->285721K(1454080K), 0.0065321 secs] [Times: user=0.01 sys=0.00, real=0.00 secs] 
2024-07-04T23:19:33.822+0800: 2433.137: [GC (Allocation Failure) [PSYoungGen: 1047248K->672K(1047552K)] 1332249K->285681K(1454080K), 0.0053237 secs] [Times: user=0.00 sys=0.00, real=0.01 secs] 
2024-07-04T23:19:34.618+0800: 2433.932: [GC (Allocation Failure) [PSYoungGen: 1047200K->704K(1047552K)] 1332209K->285721K(1454080K), 0.0083257 secs] [Times: user=0.01 sys=0.00, real=0.01 secs] 
2024-07-04T23:19:35.386+0800: 2434.700: [GC (Allocation Failure) [PSYoungGen: 1047232K->688K(1047552K)] 1332249K->285721K(1454080K), 0.0091132 secs] [Times: user=0.01 sys=0.00, real=0.01 secs] 
2024-07-04T23:19:36.163+0800: 2435.477: [GC (Allocation Failure) [PSYoungGen: 1047216K->640K(1047552K)] 1332249K->285681K(1454080K), 0.0052005 secs] [Times: user=0.01 sys=0.00, real=0.01 secs] 
2024-07-04T23:19:36.966+0800: 2436.280: [GC (Allocation Failure) [PSYoungGen: 1047168K->688K(1047552K)] 1332209K->285745K(1454080K), 0.0079883 secs] [Times: user=0.01 sys=0.00, real=0.01 secs] 
2024-07-04T23:19:37.735+0800: 2437.049: [GC (Allocation Failure) [PSYoungGen: 1047216K->704K(1047552K)] 1332273K->285769K(1454080K), 0.0053489 secs] [Times: user=0.01 sys=0.00, real=0.00 secs] 
2024-07-04T23:19:38.498+0800: 2437.813: [GC (Allocation Failure) [PSYoungGen: 1047232K->624K(1047552K)] 1332297K->285697K(1454080K), 0.0086626 secs] [Times: user=0.01 sys=0.00, real=0.01 secs] 
2024-07-04T23:19:39.274+0800: 2438.588: [GC (Allocation Failure) [PSYoungGen: 1047152K->688K(1047552K)] 1332225K->285769K(1454080K), 0.0079893 secs] [Times: user=0.00 sys=0.00, real=0.00 secs] 
2024-07-04T23:19:40.050+0800: 2439.364: [GC (Allocation Failure) [PSYoungGen: 1047216K->704K(1047552K)] 1332297K->285793K(1454080K), 0.0078482 secs] [Times: user=0.01 sys=0.00, real=0.01 secs] 
2024-07-04T23:19:40.834+0800: 2440.148: [GC (Allocation Failure) [PSYoungGen: 1047232K->752K(1047552K)] 1332321K->285849K(1454080K), 0.0053496 secs] [Times: user=0.01 sys=0.00, real=0.00 secs] 
2024-07-04T23:19:41.604+0800: 2440.918: [GC (Allocation Failure) [PSYoungGen: 1047280K->736K(1047552K)] 1332377K->285841K(1454080K), 0.0053792 secs] [Times: user=0.00 sys=0.00, real=0.01 secs] 
2024-07-04T23:19:42.386+0800: 2441.700: [GC (Allocation Failure) [PSYoungGen: 1047264K->688K(1047552K)] 1332369K->285801K(1454080K), 0.0051985 secs] [Times: user=0.01 sys=0.00, real=0.00 secs] 
2024-07-04T23:19:43.148+0800: 2442.463: [GC (Allocation Failure) [PSYoungGen: 1047216K->720K(1047552K)] 1332329K->285841K(1454080K), 0.0059643 secs] [Times: user=0.01 sys=0.00, real=0.01 secs] 
2024-07-04T23:19:43.911+0800: 2443.225: [GC (Allocation Failure) [PSYoungGen: 1047248K->704K(1047552K)] 1332369K->285833K(1454080K), 0.0069849 secs] [Times: user=0.01 sys=0.00, real=0.01 secs] 
2024-07-04T23:19:44.694+0800: 2444.008: [GC (Allocation Failure) [PSYoungGen: 1047232K->640K(1047552K)] 1332361K->285785K(1454080K), 0.0052356 secs] [Times: user=0.01 sys=0.00, real=0.00 secs] 
2024-07-04T23:19:45.463+0800: 2444.777: [GC (Allocation Failure) [PSYoungGen: 1047168K->736K(1047552K)] 1332313K->285889K(1454080K), 0.0067167 secs] [Times: user=0.00 sys=0.00, real=0.01 secs] 
2024-07-04T23:19:46.230+0800: 2445.544: [GC (Allocation Failure) [PSYoungGen: 1047264K->720K(1047552K)] 1332417K->285881K(1454080K), 0.0072675 secs] [Times: user=0.01 sys=0.00, real=0.01 secs] 
2024-07-04T23:19:47.016+0800: 2446.330: [GC (Allocation Failure) [PSYoungGen: 1047248K->672K(1047552K)] 1332409K->285841K(1454080K), 0.0093294 secs] [Times: user=0.01 sys=0.00, real=0.00 secs] 
2024-07-04T23:19:47.818+0800: 2447.133: [GC (Allocation Failure) [PSYoungGen: 1047200K->704K(1047552K)] 1332369K->285881K(1454080K), 0.0070151 secs] [Times: user=0.01 sys=0.00, real=0.00 secs] 
2024-07-04T23:19:48.618+0800: 2447.933: [GC (Allocation Failure) [PSYoungGen: 1047232K->688K(1047552K)] 1332409K->285881K(1454080K), 0.0078756 secs] [Times: user=0.01 sys=0.00, real=0.01 secs] 
2024-07-04T23:19:49.392+0800: 2448.707: [GC (Allocation Failure) [PSYoungGen: 1047216K->656K(1047552K)] 1332409K->285857K(1454080K), 0.0089736 secs] [Times: user=0.01 sys=0.00, real=0.01 secs] 
2024-07-04T23:19:50.166+0800: 2449.480: [GC (Allocation Failure) [PSYoungGen: 1047184K->720K(1047552K)] 1332385K->285929K(1454080K), 0.0053756 secs] [Times: user=0.01 sys=0.00, real=0.00 secs] 
2024-07-04T23:19:50.926+0800: 2450.240: [GC (Allocation Failure) [PSYoungGen: 1047248K->704K(1047552K)] 1332457K->285921K(1454080K), 0.0073419 secs] [Times: user=0.01 sys=0.01, real=0.01 secs] 
2024-07-04T23:19:51.689+0800: 2451.003: [GC (Allocation Failure) [PSYoungGen: 1047232K->624K(1047552K)] 1332449K->285849K(1454080K), 0.0075559 secs] [Times: user=0.01 sys=0.00, real=0.01 secs] 
2024-07-04T23:19:52.475+0800: 2451.789: [GC (Allocation Failure) [PSYoungGen: 1047152K->704K(1047552K)] 1332377K->285937K(1454080K), 0.0071176 secs] [Times: user=0.01 sys=0.00, real=0.00 secs] 
2024-07-04T23:19:53.239+0800: 2452.554: [GC (Allocation Failure) [PSYoungGen: 1047232K->688K(1047552K)] 1332465K->285929K(1454080K), 0.0051964 secs] [Times: user=0.01 sys=0.00, real=0.00 secs] 
2024-07-04T23:19:54.006+0800: 2453.320: [GC (Allocation Failure) [PSYoungGen: 1047216K->752K(1047552K)] 1332457K->286001K(1454080K), 0.0072611 secs] [Times: user=0.00 sys=0.00, real=0.00 secs] 
2024-07-04T23:19:54.782+0800: 2454.096: [GC (Allocation Failure) [PSYoungGen: 1047280K->704K(1047552K)] 1332529K->285961K(1454080K), 0.0052560 secs] [Times: user=0.01 sys=0.00, real=0.01 secs] 
2024-07-04T23:19:55.581+0800: 2454.896: [GC (Allocation Failure) [PSYoungGen: 1047232K->656K(1047552K)] 1332489K->285921K(1454080K), 0.0052777 secs] [Times: user=0.01 sys=0.00, real=0.01 secs] 
2024-07-04T23:19:56.358+0800: 2455.673: [GC (Allocation Failure) [PSYoungGen: 1047184K->736K(1047552K)] 1332449K->286009K(1454080K), 0.0083169 secs] [Times: user=0.01 sys=0.00, real=0.01 secs] 
2024-07-04T23:19:57.175+0800: 2456.490: [GC (Allocation Failure) [PSYoungGen: 1047264K->720K(1047552K)] 1332537K->286001K(1454080K), 0.0053715 secs] [Times: user=0.01 sys=0.00, real=0.00 secs] 
2024-07-04T23:19:57.950+0800: 2457.264: [GC (Allocation Failure) [PSYoungGen: 1047248K->672K(1047552K)] 1332529K->285961K(1454080K), 0.0075596 secs] [Times: user=0.01 sys=0.00, real=0.01 secs] 
2024-07-04T23:19:58.730+0800: 2458.044: [GC (Allocation Failure) [PSYoungGen: 1047200K->736K(1047552K)] 1332489K->286033K(1454080K), 0.0095852 secs] [Times: user=0.01 sys=0.00, real=0.01 secs] 
2024-07-04T23:19:59.502+0800: 2458.816: [GC (Allocation Failure) [PSYoungGen: 1047264K->720K(1047552K)] 1332561K->286025K(1454080K), 0.0091839 secs] [Times: user=0.02 sys=0.00, real=0.01 secs] 
2024-07-04T23:20:00.273+0800: 2459.588: [GC (Allocation Failure) [PSYoungGen: 1047248K->672K(1047552K)] 1332553K->285985K(1454080K), 0.0089395 secs] [Times: user=0.01 sys=0.00, real=0.01 secs] 
2024-07-04T23:20:01.046+0800: 2460.361: [GC (Allocation Failure) [PSYoungGen: 1047200K->720K(1047552K)] 1332513K->286041K(1454080K), 0.0069514 secs] [Times: user=0.01 sys=0.00, real=0.00 secs] 
2024-07-04T23:20:01.838+0800: 2461.152: [GC (Allocation Failure) [PSYoungGen: 1047248K->704K(1047552K)] 1332569K->286033K(1454080K), 0.0081259 secs] [Times: user=0.01 sys=0.00, real=0.01 secs] 
2024-07-04T23:20:02.622+0800: 2461.936: [GC (Allocation Failure) [PSYoungGen: 1047232K->640K(1047552K)] 1332561K->285977K(1454080K), 0.0074336 secs] [Times: user=0.01 sys=0.00, real=0.01 secs] 
2024-07-04T23:20:03.390+0800: 2462.704: [GC (Allocation Failure) [PSYoungGen: 1047168K->688K(1047552K)] 1332505K->286033K(1454080K), 0.0084694 secs] [Times: user=0.01 sys=0.00, real=0.01 secs] 
2024-07-04T23:20:04.162+0800: 2463.476: [GC (Allocation Failure) [PSYoungGen: 1047216K->672K(1047552K)] 1332561K->286025K(1454080K), 0.0083050 secs] [Times: user=0.01 sys=0.00, real=0.01 secs] 
2024-07-04T23:20:04.930+0800: 2464.244: [GC (Allocation Failure) [PSYoungGen: 1047200K->640K(1047552K)] 1332553K->286001K(1454080K), 0.0068704 secs] [Times: user=0.01 sys=0.00, real=0.01 secs] 
2024-07-04T23:20:05.726+0800: 2465.040: [GC (Allocation Failure) [PSYoungGen: 1047168K->704K(1047552K)] 1332529K->286073K(1454080K), 0.0052686 secs] [Times: user=0.01 sys=0.00, real=0.00 secs] 
2024-07-04T23:20:06.497+0800: 2465.812: [GC (Allocation Failure) [PSYoungGen: 1047232K->688K(1047552K)] 1332601K->286065K(1454080K), 0.0055005 secs] [Times: user=0.01 sys=0.00, real=0.00 secs] 
2024-07-04T23:20:07.274+0800: 2466.588: [GC (Allocation Failure) [PSYoungGen: 1047216K->720K(1047552K)] 1332593K->286105K(1454080K), 0.0112347 secs] [Times: user=0.02 sys=0.00, real=0.01 secs] 
2024-07-04T23:20:08.068+0800: 2467.382: [GC (Allocation Failure) [PSYoungGen: 1047248K->736K(1047552K)] 1332633K->286129K(1454080K), 0.0053999 secs] [Times: user=0.01 sys=0.00, real=0.00 secs] 
2024-07-04T23:20:08.862+0800: 2468.176: [GC (Allocation Failure) [PSYoungGen: 1047264K->672K(1047552K)] 1332657K->286081K(1454080K), 0.0080620 secs] [Times: user=0.01 sys=0.00, real=0.01 secs] 
2024-07-04T23:20:09.633+0800: 2468.947: [GC (Allocation Failure) [PSYoungGen: 1047200K->720K(1047552K)] 1332609K->286145K(1454080K), 0.0055284 secs] [Times: user=0.01 sys=0.00, real=0.01 secs] 
2024-07-04T23:20:10.394+0800: 2469.708: [GC (Allocation Failure) [PSYoungGen: 1047248K->720K(1047552K)] 1332673K->286153K(1454080K), 0.0080052 secs] [Times: user=0.01 sys=0.00, real=0.00 secs] 
2024-07-04T23:20:11.167+0800: 2470.482: [GC (Allocation Failure) [PSYoungGen: 1047248K->672K(1047552K)] 1332681K->286113K(1454080K), 0.0083891 secs] [Times: user=0.01 sys=0.00, real=0.01 secs] 
2024-07-04T23:20:11.950+0800: 2471.264: [GC (Allocation Failure) [PSYoungGen: 1047200K->704K(1047552K)] 1332641K->286161K(1454080K), 0.0073365 secs] [Times: user=0.01 sys=0.00, real=0.01 secs] 
2024-07-04T23:20:12.728+0800: 2472.042: [GC (Allocation Failure) [PSYoungGen: 1047232K->688K(1047552K)] 1332689K->286153K(1454080K), 0.0085396 secs] [Times: user=0.01 sys=0.00, real=0.01 secs] 
2024-07-04T23:20:13.502+0800: 2472.816: [GC (Allocation Failure) [PSYoungGen: 1047216K->656K(1047552K)] 1332681K->286129K(1454080K), 0.0082700 secs] [Times: user=0.01 sys=0.00, real=0.01 secs] 
2024-07-04T23:20:14.275+0800: 2473.590: [GC (Allocation Failure) [PSYoungGen: 1047184K->720K(1047552K)] 1332657K->286201K(1454080K), 0.0062301 secs] [Times: user=0.01 sys=0.01, real=0.00 secs] 
2024-07-04T23:20:15.036+0800: 2474.350: [GC (Allocation Failure) [PSYoungGen: 1047248K->672K(1047552K)] 1332729K->286161K(1454080K), 0.0060388 secs] [Times: user=0.01 sys=0.00, real=0.00 secs] 
2024-07-04T23:20:15.830+0800: 2475.144: [GC (Allocation Failure) [PSYoungGen: 1047200K->656K(1047552K)] 1332689K->286153K(1454080K), 0.0096903 secs] [Times: user=0.02 sys=0.00, real=0.01 secs] 
2024-07-04T23:20:16.602+0800: 2475.916: [GC (Allocation Failure) [PSYoungGen: 1047184K->720K(1047552K)] 1332681K->286225K(1454080K), 0.0083306 secs] [Times: user=0.01 sys=0.00, real=0.01 secs] 
2024-07-04T23:20:17.368+0800: 2476.682: [GC (Allocation Failure) [PSYoungGen: 1047248K->704K(1047552K)] 1332753K->286217K(1454080K), 0.0052852 secs] [Times: user=0.01 sys=0.00, real=0.00 secs] 
2024-07-04T23:20:18.155+0800: 2477.469: [GC (Allocation Failure) [PSYoungGen: 1047232K->640K(1047552K)] 1332745K->286161K(1454080K), 0.0052426 secs] [Times: user=0.01 sys=0.00, real=0.00 secs] 
2024-07-04T23:20:18.934+0800: 2478.248: [GC (Allocation Failure) [PSYoungGen: 1047168K->688K(1047552K)] 1332689K->286225K(1454080K), 0.0090168 secs] [Times: user=0.01 sys=0.00, real=0.00 secs] 
2024-07-04T23:20:19.694+0800: 2479.008: [GC (Allocation Failure) [PSYoungGen: 1047216K->656K(1047552K)] 1332753K->286209K(1454080K), 0.0080696 secs] [Times: user=0.01 sys=0.00, real=0.00 secs] 
2024-07-04T23:20:20.466+0800: 2479.780: [GC (Allocation Failure) [PSYoungGen: 1047184K->768K(1047552K)] 1332737K->286329K(1454080K), 0.0080689 secs] [Times: user=0.01 sys=0.00, real=0.01 secs] 
2024-07-04T23:20:21.225+0800: 2480.539: [GC (Allocation Failure) [PSYoungGen: 1047296K->736K(1047552K)] 1332857K->286305K(1454080K), 0.0056498 secs] [Times: user=0.01 sys=0.00, real=0.01 secs] 
2024-07-04T23:20:22.005+0800: 2481.319: [GC (Allocation Failure) [PSYoungGen: 1047264K->672K(1047552K)] 1332833K->286249K(1454080K), 0.0055257 secs] [Times: user=0.01 sys=0.00, real=0.01 secs] 
2024-07-04T23:20:22.783+0800: 2482.097: [GC (Allocation Failure) [PSYoungGen: 1047200K->720K(1047552K)] 1332777K->286305K(1454080K), 0.0073355 secs] [Times: user=0.01 sys=0.00, real=0.01 secs] 
2024-07-04T23:20:23.547+0800: 2482.861: [GC (Allocation Failure) [PSYoungGen: 1047248K->720K(1047552K)] 1332833K->286313K(1454080K), 0.0081272 secs] [Times: user=0.01 sys=0.00, real=0.01 secs] 
2024-07-04T23:20:24.318+0800: 2483.632: [GC (Allocation Failure) [PSYoungGen: 1047248K->672K(1047552K)] 1332841K->286273K(1454080K), 0.0075501 secs] [Times: user=0.01 sys=0.00, real=0.01 secs] 
2024-07-04T23:20:25.098+0800: 2484.412: [GC (Allocation Failure) [PSYoungGen: 1047200K->704K(1047552K)] 1332801K->286313K(1454080K), 0.0081305 secs] [Times: user=0.01 sys=0.00, real=0.01 secs] 
2024-07-04T23:20:25.869+0800: 2485.184: [GC (Allocation Failure) [PSYoungGen: 1047232K->720K(1047552K)] 1332841K->286337K(1454080K), 0.0051068 secs] [Times: user=0.01 sys=0.00, real=0.01 secs] 
2024-07-04T23:20:26.642+0800: 2485.956: [GC (Allocation Failure) [PSYoungGen: 1047248K->672K(1047552K)] 1332865K->286297K(1454080K), 0.0086163 secs] [Times: user=0.01 sys=0.00, real=0.01 secs] 
2024-07-04T23:20:27.458+0800: 2486.772: [GC (Allocation Failure) [PSYoungGen: 1047200K->752K(1047552K)] 1332825K->286393K(1454080K), 0.0091319 secs] [Times: user=0.01 sys=0.00, real=0.01 secs] 
2024-07-04T23:20:28.227+0800: 2487.541: [GC (Allocation Failure) [PSYoungGen: 1047280K->704K(1047552K)] 1332921K->286353K(1454080K), 0.0065091 secs] [Times: user=0.01 sys=0.00, real=0.00 secs] 
2024-07-04T23:20:28.994+0800: 2488.308: [GC (Allocation Failure) [PSYoungGen: 1047232K->640K(1047552K)] 1332881K->286305K(1454080K), 0.0096017 secs] [Times: user=0.01 sys=0.00, real=0.00 secs] 
2024-07-04T23:20:29.783+0800: 2489.098: [GC (Allocation Failure) [PSYoungGen: 1047168K->688K(1047552K)] 1332833K->286369K(1454080K), 0.0072093 secs] [Times: user=0.01 sys=0.00, real=0.01 secs] 
2024-07-04T23:20:30.550+0800: 2489.865: [GC (Allocation Failure) [PSYoungGen: 1047216K->704K(1047552K)] 1332897K->286393K(1454080K), 0.0068015 secs] [Times: user=0.01 sys=0.00, real=0.01 secs] 
2024-07-04T23:20:31.313+0800: 2490.627: [GC (Allocation Failure) [PSYoungGen: 1047232K->672K(1047552K)] 1332921K->286369K(1454080K), 0.0053179 secs] [Times: user=0.01 sys=0.00, real=0.01 secs] 
2024-07-04T23:20:32.066+0800: 2491.380: [GC (Allocation Failure) [PSYoungGen: 1047200K->704K(1047552K)] 1332897K->286409K(1454080K), 0.0080957 secs] [Times: user=0.01 sys=0.00, real=0.01 secs] 
2024-07-04T23:20:32.841+0800: 2492.156: [GC (Allocation Failure) [PSYoungGen: 1047232K->688K(1047552K)] 1332937K->286401K(1454080K), 0.0074934 secs] [Times: user=0.01 sys=0.00, real=0.01 secs] 
2024-07-04T23:20:33.604+0800: 2492.918: [GC (Allocation Failure) [PSYoungGen: 1047216K->752K(1047552K)] 1332929K->286473K(1454080K), 0.0053878 secs] [Times: user=0.01 sys=0.00, real=0.01 secs] 
2024-07-04T23:20:34.386+0800: 2493.700: [GC (Allocation Failure) [PSYoungGen: 1047280K->736K(1047552K)] 1333001K->286465K(1454080K), 0.0051704 secs] [Times: user=0.01 sys=0.00, real=0.00 secs] 
2024-07-04T23:20:35.150+0800: 2494.464: [GC (Allocation Failure) [PSYoungGen: 1047264K->672K(1047552K)] 1332993K->286409K(1454080K), 0.0052598 secs] [Times: user=0.01 sys=0.00, real=0.01 secs] 
2024-07-04T23:20:35.930+0800: 2495.244: [GC (Allocation Failure) [PSYoungGen: 1047200K->736K(1047552K)] 1332937K->286481K(1454080K), 0.0053759 secs] [Times: user=0.01 sys=0.00, real=0.01 secs] 
2024-07-04T23:20:36.718+0800: 2496.032: [GC (Allocation Failure) [PSYoungGen: 1047264K->720K(1047552K)] 1333009K->286473K(1454080K), 0.0092973 secs] [Times: user=0.01 sys=0.00, real=0.01 secs] 
2024-07-04T23:20:37.535+0800: 2496.849: [GC (Allocation Failure) [PSYoungGen: 1047248K->656K(1047552K)] 1333001K->286417K(1454080K), 0.0101201 secs] [Times: user=0.01 sys=0.00, real=0.00 secs] 
2024-07-04T23:20:38.306+0800: 2497.621: [GC (Allocation Failure) [PSYoungGen: 1047184K->736K(1047552K)] 1332945K->286505K(1454080K), 0.0079465 secs] [Times: user=0.01 sys=0.00, real=0.01 secs] 
2024-07-04T23:20:39.078+0800: 2498.393: [GC (Allocation Failure) [PSYoungGen: 1047264K->704K(1047552K)] 1333033K->286481K(1454080K), 0.0084666 secs] [Times: user=0.01 sys=0.00, real=0.01 secs] 
2024-07-04T23:20:39.848+0800: 2499.162: [GC (Allocation Failure) [PSYoungGen: 1047232K->672K(1047552K)] 1333009K->286457K(1454080K), 0.0054453 secs] [Times: user=0.01 sys=0.00, real=0.01 secs] 
2024-07-04T23:20:40.614+0800: 2499.928: [GC (Allocation Failure) [PSYoungGen: 1047200K->720K(1047552K)] 1332985K->286521K(1454080K), 0.0071183 secs] [Times: user=0.01 sys=0.00, real=0.00 secs] 
2024-07-04T23:20:41.384+0800: 2500.698: [GC (Allocation Failure) [PSYoungGen: 1047248K->704K(1047552K)] 1333049K->286513K(1454080K), 0.0082392 secs] [Times: user=0.01 sys=0.00, real=0.01 secs] 
2024-07-04T23:20:42.154+0800: 2501.468: [GC (Allocation Failure) [PSYoungGen: 1047232K->640K(1047552K)] 1333041K->286457K(1454080K), 0.0053598 secs] [Times: user=0.01 sys=0.00, real=0.00 secs] 
2024-07-04T23:20:42.926+0800: 2502.240: [GC (Allocation Failure) [PSYoungGen: 1047168K->720K(1047552K)] 1332985K->286545K(1454080K), 0.0052218 secs] [Times: user=0.00 sys=0.00, real=0.00 secs] 
2024-07-04T23:20:43.706+0800: 2503.020: [GC (Allocation Failure) [PSYoungGen: 1047248K->688K(1047552K)] 1333073K->286529K(1454080K), 0.0087097 secs] [Times: user=0.01 sys=0.00, real=0.01 secs] 
2024-07-04T23:20:44.494+0800: 2503.808: [GC (Allocation Failure) [PSYoungGen: 1047216K->640K(1047552K)] 1333057K->286489K(1454080K), 0.0088783 secs] [Times: user=0.01 sys=0.00, real=0.00 secs] 
2024-07-04T23:20:45.272+0800: 2504.586: [GC (Allocation Failure) [PSYoungGen: 1047168K->704K(1047552K)] 1333017K->286561K(1454080K), 0.0090015 secs] [Times: user=0.00 sys=0.00, real=0.01 secs] 
2024-07-04T23:20:46.066+0800: 2505.380: [GC (Allocation Failure) [PSYoungGen: 1047232K->688K(1047552K)] 1333089K->286553K(1454080K), 0.0092508 secs] [Times: user=0.01 sys=0.00, real=0.01 secs] 
2024-07-04T23:20:46.838+0800: 2506.152: [GC (Allocation Failure) [PSYoungGen: 1047216K->736K(1047552K)] 1333081K->286609K(1454080K), 0.0085009 secs] [Times: user=0.01 sys=0.00, real=0.01 secs] 
2024-07-04T23:20:47.646+0800: 2506.960: [GC (Allocation Failure) [PSYoungGen: 1047264K->736K(1047552K)] 1333137K->286617K(1454080K), 0.0092309 secs] [Times: user=0.01 sys=0.00, real=0.01 secs] 
2024-07-04T23:20:48.426+0800: 2507.740: [GC (Allocation Failure) [PSYoungGen: 1047264K->672K(1047552K)] 1333145K->286561K(1454080K), 0.0083410 secs] [Times: user=0.01 sys=0.00, real=0.01 secs] 
2024-07-04T23:20:49.213+0800: 2508.527: [GC (Allocation Failure) [PSYoungGen: 1047200K->736K(1047552K)] 1333089K->286633K(1454080K), 0.0080806 secs] [Times: user=0.01 sys=0.00, real=0.01 secs] 
2024-07-04T23:20:49.982+0800: 2509.296: [GC (Allocation Failure) [PSYoungGen: 1047264K->720K(1047552K)] 1333161K->286633K(1454080K), 0.0101150 secs] [Times: user=0.01 sys=0.00, real=0.01 secs] 
2024-07-04T23:20:50.754+0800: 2510.069: [GC (Allocation Failure) [PSYoungGen: 1047248K->672K(1047552K)] 1333161K->286601K(1454080K), 0.0070904 secs] [Times: user=0.01 sys=0.01, real=0.00 secs] 
2024-07-04T23:20:51.530+0800: 2510.844: [GC (Allocation Failure) [PSYoungGen: 1047200K->704K(1047552K)] 1333129K->286649K(1454080K), 0.0069702 secs] [Times: user=0.01 sys=0.00, real=0.01 secs] 
2024-07-04T23:20:52.332+0800: 2511.647: [GC (Allocation Failure) [PSYoungGen: 1047232K->704K(1047552K)] 1333177K->286657K(1454080K), 0.0077567 secs] [Times: user=0.01 sys=0.00, real=0.01 secs] 
2024-07-04T23:20:53.099+0800: 2512.413: [GC (Allocation Failure) [PSYoungGen: 1047232K->672K(1047552K)] 1333185K->286633K(1454080K), 0.0073493 secs] [Times: user=0.01 sys=0.00, real=0.01 secs] 
2024-07-04T23:20:53.862+0800: 2513.176: [GC (Allocation Failure) [PSYoungGen: 1047200K->752K(1047552K)] 1333161K->286721K(1454080K), 0.0079568 secs] [Times: user=0.01 sys=0.00, real=0.01 secs] 
2024-07-04T23:20:54.638+0800: 2513.952: [GC (Allocation Failure) [PSYoungGen: 1047280K->704K(1047552K)] 1333249K->286681K(1454080K), 0.0080685 secs] [Times: user=0.01 sys=0.00, real=0.01 secs] 
2024-07-04T23:20:55.406+0800: 2514.720: [GC (Allocation Failure) [PSYoungGen: 1047232K->640K(1047552K)] 1333209K->286625K(1454080K), 0.0052431 secs] [Times: user=0.01 sys=0.00, real=0.00 secs] 
2024-07-04T23:20:56.176+0800: 2515.490: [GC (Allocation Failure) [PSYoungGen: 1047168K->720K(1047552K)] 1333153K->286713K(1454080K), 0.0060066 secs] [Times: user=0.01 sys=0.00, real=0.00 secs] 
2024-07-04T23:20:56.932+0800: 2516.246: [GC (Allocation Failure) [PSYoungGen: 1047248K->704K(1047552K)] 1333241K->286705K(1454080K), 0.0054014 secs] [Times: user=0.01 sys=0.00, real=0.01 secs] 
2024-07-04T23:20:57.754+0800: 2517.068: [GC (Allocation Failure) [PSYoungGen: 1047232K->640K(1047552K)] 1333233K->286649K(1454080K), 0.0090780 secs] [Times: user=0.01 sys=0.00, real=0.00 secs] 
2024-07-04T23:20:58.538+0800: 2517.853: [GC (Allocation Failure) [PSYoungGen: 1047168K->704K(1047552K)] 1333177K->286721K(1454080K), 0.0091031 secs] [Times: user=0.01 sys=0.00, real=0.01 secs] 
2024-07-04T23:20:59.303+0800: 2518.618: [GC (Allocation Failure) [PSYoungGen: 1047232K->656K(1047552K)] 1333249K->286681K(1454080K), 0.0052965 secs] [Times: user=0.01 sys=0.00, real=0.01 secs] 
2024-07-04T23:21:00.069+0800: 2519.383: [GC (Allocation Failure) [PSYoungGen: 1047184K->752K(1047552K)] 1333209K->286785K(1454080K), 0.0053896 secs] [Times: user=0.01 sys=0.00, real=0.01 secs] 
2024-07-04T23:21:00.830+0800: 2520.144: [GC (Allocation Failure) [PSYoungGen: 1047280K->704K(1047552K)] 1333313K->286753K(1454080K), 0.0076368 secs] [Times: user=0.01 sys=0.00, real=0.01 secs] 
2024-07-04T23:21:01.590+0800: 2520.904: [GC (Allocation Failure) [PSYoungGen: 1047232K->688K(1047552K)] 1333281K->286745K(1454080K), 0.0052671 secs] [Times: user=0.00 sys=0.00, real=0.01 secs] 
2024-07-04T23:21:02.374+0800: 2521.688: [GC (Allocation Failure) [PSYoungGen: 1047216K->704K(1047552K)] 1333273K->286769K(1454080K), 0.0053856 secs] [Times: user=0.01 sys=0.00, real=0.00 secs] 
2024-07-04T23:21:03.141+0800: 2522.455: [GC (Allocation Failure) [PSYoungGen: 1047232K->720K(1047552K)] 1333297K->286793K(1454080K), 0.0053251 secs] [Times: user=0.01 sys=0.00, real=0.01 secs] 
2024-07-04T23:21:03.902+0800: 2523.217: [GC (Allocation Failure) [PSYoungGen: 1047248K->640K(1047552K)] 1333321K->286721K(1454080K), 0.0051391 secs] [Times: user=0.01 sys=0.00, real=0.01 secs] 
2024-07-04T23:21:04.665+0800: 2523.980: [GC (Allocation Failure) [PSYoungGen: 1047168K->736K(1047552K)] 1333249K->286825K(1454080K), 0.0053594 secs] [Times: user=0.01 sys=0.00, real=0.01 secs] 
2024-07-04T23:21:05.426+0800: 2524.740: [GC (Allocation Failure) [PSYoungGen: 1047264K->704K(1047552K)] 1333353K->286801K(1454080K), 0.0052877 secs] [Times: user=0.01 sys=0.01, real=0.00 secs] 
2024-07-04T23:21:06.204+0800: 2525.518: [GC (Allocation Failure) [PSYoungGen: 1047232K->672K(1047552K)] 1333329K->286777K(1454080K), 0.0051328 secs] [Times: user=0.01 sys=0.00, real=0.01 secs] 
2024-07-04T23:21:06.978+0800: 2526.293: [GC (Allocation Failure) [PSYoungGen: 1047200K->688K(1047552K)] 1333305K->286801K(1454080K), 0.0076212 secs] [Times: user=0.01 sys=0.00, real=0.01 secs] 
2024-07-04T23:21:07.777+0800: 2527.091: [GC (Allocation Failure) [PSYoungGen: 1047216K->704K(1047552K)] 1333329K->286825K(1454080K), 0.0053776 secs] [Times: user=0.01 sys=0.00, real=0.00 secs] 
2024-07-04T23:21:08.546+0800: 2527.860: [GC (Allocation Failure) [PSYoungGen: 1047232K->640K(1047552K)] 1333353K->286769K(1454080K), 0.0069414 secs] [Times: user=0.01 sys=0.00, real=0.00 secs] 
2024-07-04T23:21:09.316+0800: 2528.631: [GC (Allocation Failure) [PSYoungGen: 1047168K->704K(1047552K)] 1333297K->286841K(1454080K), 0.0058574 secs] [Times: user=0.01 sys=0.00, real=0.00 secs] 
2024-07-04T23:21:10.080+0800: 2529.394: [GC (Allocation Failure) [PSYoungGen: 1047232K->704K(1047552K)] 1333369K->286849K(1454080K), 0.0051862 secs] [Times: user=0.01 sys=0.00, real=0.00 secs] 
2024-07-04T23:21:10.847+0800: 2530.161: [GC (Allocation Failure) [PSYoungGen: 1047232K->752K(1047552K)] 1333377K->286905K(1454080K), 0.0052153 secs] [Times: user=0.01 sys=0.00, real=0.00 secs] 
2024-07-04T23:21:11.602+0800: 2530.916: [GC (Allocation Failure) [PSYoungGen: 1047280K->736K(1047552K)] 1333433K->286897K(1454080K), 0.0053081 secs] [Times: user=0.01 sys=0.00, real=0.01 secs] 
2024-07-04T23:21:12.377+0800: 2531.691: [GC (Allocation Failure) [PSYoungGen: 1047264K->688K(1047552K)] 1333425K->286857K(1454080K), 0.0051957 secs] [Times: user=0.01 sys=0.00, real=0.00 secs] 
2024-07-04T23:21:13.137+0800: 2532.451: [GC (Allocation Failure) [PSYoungGen: 1047216K->752K(1047552K)] 1333385K->286929K(1454080K), 0.0090250 secs] [Times: user=0.01 sys=0.00, real=0.01 secs] 
2024-07-04T23:21:13.898+0800: 2533.212: [GC (Allocation Failure) [PSYoungGen: 1047280K->736K(1047552K)] 1333457K->286921K(1454080K), 0.0069297 secs] [Times: user=0.01 sys=0.00, real=0.00 secs] 
2024-07-04T23:21:14.682+0800: 2533.997: [GC (Allocation Failure) [PSYoungGen: 1047264K->704K(1047552K)] 1333449K->286897K(1454080K), 0.0053401 secs] [Times: user=0.01 sys=0.00, real=0.01 secs] 
2024-07-04T23:21:15.458+0800: 2534.772: [GC (Allocation Failure) [PSYoungGen: 1047232K->736K(1047552K)] 1333425K->286937K(1454080K), 0.0053071 secs] [Times: user=0.01 sys=0.00, real=0.00 secs] 
2024-07-04T23:21:16.231+0800: 2535.545: [GC (Allocation Failure) [PSYoungGen: 1047264K->720K(1047552K)] 1333465K->286929K(1454080K), 0.0051337 secs] [Times: user=0.01 sys=0.00, real=0.01 secs] 
2024-07-04T23:21:16.998+0800: 2536.312: [GC (Allocation Failure) [PSYoungGen: 1047248K->672K(1047552K)] 1333457K->286889K(1454080K), 0.0054552 secs] [Times: user=0.01 sys=0.00, real=0.00 secs] 
2024-07-04T23:21:17.761+0800: 2537.075: [GC (Allocation Failure) [PSYoungGen: 1047200K->736K(1047552K)] 1333417K->286961K(1454080K), 0.0081618 secs] [Times: user=0.01 sys=0.00, real=0.01 secs] 
2024-07-04T23:21:18.578+0800: 2537.892: [GC (Allocation Failure) [PSYoungGen: 1047264K->720K(1047552K)] 1333489K->286953K(1454080K), 0.0084972 secs] [Times: user=0.01 sys=0.00, real=0.01 secs] 
2024-07-04T23:21:19.355+0800: 2538.669: [GC (Allocation Failure) [PSYoungGen: 1047248K->640K(1047552K)] 1333481K->286881K(1454080K), 0.0064002 secs] [Times: user=0.00 sys=0.00, real=0.00 secs] 
2024-07-04T23:21:20.111+0800: 2539.425: [GC (Allocation Failure) [PSYoungGen: 1047168K->704K(1047552K)] 1333409K->286953K(1454080K), 0.0052900 secs] [Times: user=0.00 sys=0.00, real=0.01 secs] 
2024-07-04T23:21:20.878+0800: 2540.192: [GC (Allocation Failure) [PSYoungGen: 1047232K->736K(1047552K)] 1333481K->286993K(1454080K), 0.0090723 secs] [Times: user=0.01 sys=0.00, real=0.01 secs] 
2024-07-04T23:21:21.643+0800: 2540.958: [GC (Allocation Failure) [PSYoungGen: 1047264K->640K(1047552K)] 1333521K->286913K(1454080K), 0.0061535 secs] [Times: user=0.01 sys=0.00, real=0.01 secs] 
2024-07-04T23:21:22.402+0800: 2541.716: [GC (Allocation Failure) [PSYoungGen: 1047168K->720K(1047552K)] 1333441K->287001K(1454080K), 0.0075616 secs] [Times: user=0.01 sys=0.00, real=0.01 secs] 
2024-07-04T23:21:23.160+0800: 2542.474: [GC (Allocation Failure) [PSYoungGen: 1047248K->704K(1047552K)] 1333529K->287001K(1454080K), 0.0081636 secs] [Times: user=0.01 sys=0.00, real=0.01 secs] 
2024-07-04T23:21:23.930+0800: 2543.245: [GC (Allocation Failure) [PSYoungGen: 1047232K->640K(1047552K)] 1333529K->286945K(1454080K), 0.0068659 secs] [Times: user=0.01 sys=0.00, real=0.01 secs] 
2024-07-04T23:21:24.714+0800: 2544.028: [GC (Allocation Failure) [PSYoungGen: 1047168K->736K(1047552K)] 1333473K->287049K(1454080K), 0.0081426 secs] [Times: user=0.00 sys=0.00, real=0.00 secs] 
2024-07-04T23:21:25.502+0800: 2544.816: [GC (Allocation Failure) [PSYoungGen: 1047264K->688K(1047552K)] 1333577K->287017K(1454080K), 0.0081436 secs] [Times: user=0.01 sys=0.00, real=0.01 secs] 
2024-07-04T23:21:26.303+0800: 2545.617: [GC (Allocation Failure) [PSYoungGen: 1047216K->752K(1047552K)] 1333545K->287089K(1454080K), 0.0052611 secs] [Times: user=0.01 sys=0.00, real=0.01 secs] 
2024-07-04T23:21:27.070+0800: 2546.384: [GC (Allocation Failure) [PSYoungGen: 1047280K->736K(1047552K)] 1333617K->287089K(1454080K), 0.0089458 secs] [Times: user=0.01 sys=0.00, real=0.01 secs] 
2024-07-04T23:21:27.866+0800: 2547.181: [GC (Allocation Failure) [PSYoungGen: 1047264K->688K(1047552K)] 1333617K->287049K(1454080K), 0.0067298 secs] [Times: user=0.01 sys=0.00, real=0.00 secs] 
2024-07-04T23:21:28.686+0800: 2548.000: [GC (Allocation Failure) [PSYoungGen: 1047216K->720K(1047552K)] 1333577K->287089K(1454080K), 0.0081481 secs] [Times: user=0.01 sys=0.00, real=0.01 secs] 
2024-07-04T23:21:29.470+0800: 2548.784: [GC (Allocation Failure) [PSYoungGen: 1047248K->720K(1047552K)] 1333617K->287097K(1454080K), 0.0087994 secs] [Times: user=0.01 sys=0.00, real=0.01 secs] 
2024-07-04T23:21:30.237+0800: 2549.552: [GC (Allocation Failure) [PSYoungGen: 1047248K->640K(1047552K)] 1333625K->287025K(1454080K), 0.0053354 secs] [Times: user=0.01 sys=0.00, real=0.00 secs] 
2024-07-04T23:21:31.010+0800: 2550.324: [GC (Allocation Failure) [PSYoungGen: 1047168K->720K(1047552K)] 1333553K->287113K(1454080K), 0.0084791 secs] [Times: user=0.01 sys=0.00, real=0.01 secs] 
2024-07-04T23:21:31.774+0800: 2551.088: [GC (Allocation Failure) [PSYoungGen: 1047248K->688K(1047552K)] 1333641K->287089K(1454080K), 0.0084889 secs] [Times: user=0.01 sys=0.00, real=0.00 secs] 
2024-07-04T23:21:32.550+0800: 2551.865: [GC (Allocation Failure) [PSYoungGen: 1047216K->688K(1047552K)] 1333617K->287097K(1454080K), 0.0073322 secs] [Times: user=0.00 sys=0.00, real=0.01 secs] 
2024-07-04T23:21:33.315+0800: 2552.629: [GC (Allocation Failure) [PSYoungGen: 1047216K->720K(1047552K)] 1333625K->287145K(1454080K), 0.0074076 secs] [Times: user=0.01 sys=0.00, real=0.00 secs] 
2024-07-04T23:21:34.098+0800: 2553.413: [GC (Allocation Failure) [PSYoungGen: 1047248K->704K(1047552K)] 1333673K->287137K(1454080K), 0.0055423 secs] [Times: user=0.01 sys=0.00, real=0.00 secs] 
2024-07-04T23:21:34.874+0800: 2554.188: [GC (Allocation Failure) [PSYoungGen: 1047232K->640K(1047552K)] 1333665K->287081K(1454080K), 0.0052817 secs] [Times: user=0.01 sys=0.00, real=0.00 secs] 
2024-07-04T23:21:35.646+0800: 2554.960: [GC (Allocation Failure) [PSYoungGen: 1047168K->720K(1047552K)] 1333609K->287169K(1454080K), 0.0053000 secs] [Times: user=0.01 sys=0.00, real=0.00 secs] 
2024-07-04T23:21:36.430+0800: 2555.744: [GC (Allocation Failure) [PSYoungGen: 1047248K->704K(1047552K)] 1333697K->287161K(1454080K), 0.0054777 secs] [Times: user=0.01 sys=0.00, real=0.01 secs] 
2024-07-04T23:21:37.212+0800: 2556.526: [GC (Allocation Failure) [PSYoungGen: 1047232K->640K(1047552K)] 1333689K->287113K(1454080K), 0.0095131 secs] [Times: user=0.01 sys=0.00, real=0.01 secs] 
2024-07-04T23:21:38.003+0800: 2557.317: [GC (Allocation Failure) [PSYoungGen: 1047168K->688K(1047552K)] 1333641K->287169K(1454080K), 0.0079661 secs] [Times: user=0.01 sys=0.00, real=0.01 secs] 
2024-07-04T23:21:38.796+0800: 2558.110: [GC (Allocation Failure) [PSYoungGen: 1047216K->688K(1047552K)] 1333697K->287177K(1454080K), 0.0053088 secs] [Times: user=0.01 sys=0.00, real=0.00 secs] 
2024-07-04T23:21:39.594+0800: 2558.908: [GC (Allocation Failure) [PSYoungGen: 1047216K->752K(1047552K)] 1333705K->287249K(1454080K), 0.0068831 secs] [Times: user=0.01 sys=0.00, real=0.00 secs] 
2024-07-04T23:21:40.370+0800: 2559.684: [GC (Allocation Failure) [PSYoungGen: 1047280K->736K(1047552K)] 1333777K->287241K(1454080K), 0.0091375 secs] [Times: user=0.01 sys=0.00, real=0.01 secs] 
2024-07-04T23:21:41.158+0800: 2560.472: [GC (Allocation Failure) [PSYoungGen: 1047264K->672K(1047552K)] 1333769K->287185K(1454080K), 0.0057424 secs] [Times: user=0.01 sys=0.00, real=0.00 secs] 
2024-07-04T23:21:41.931+0800: 2561.245: [GC (Allocation Failure) [PSYoungGen: 1047200K->736K(1047552K)] 1333713K->287265K(1454080K), 0.0052844 secs] [Times: user=0.01 sys=0.00, real=0.01 secs] 
2024-07-04T23:21:42.705+0800: 2562.019: [GC (Allocation Failure) [PSYoungGen: 1047264K->704K(1047552K)] 1333793K->287241K(1454080K), 0.0057395 secs] [Times: user=0.01 sys=0.00, real=0.01 secs] 
2024-07-04T23:21:43.470+0800: 2562.784: [GC (Allocation Failure) [PSYoungGen: 1047232K->672K(1047552K)] 1333769K->287217K(1454080K), 0.0054512 secs] [Times: user=0.01 sys=0.00, real=0.01 secs] 
2024-07-04T23:21:44.266+0800: 2563.580: [GC (Allocation Failure) [PSYoungGen: 1047200K->736K(1047552K)] 1333745K->287289K(1454080K), 0.0054201 secs] [Times: user=0.01 sys=0.00, real=0.00 secs] 
2024-07-04T23:21:45.038+0800: 2564.353: [GC (Allocation Failure) [PSYoungGen: 1047264K->720K(1047552K)] 1333817K->287281K(1454080K), 0.0052804 secs] [Times: user=0.01 sys=0.00, real=0.00 secs] 
2024-07-04T23:21:45.814+0800: 2565.128: [GC (Allocation Failure) [PSYoungGen: 1047248K->672K(1047552K)] 1333809K->287241K(1454080K), 0.0052806 secs] [Times: user=0.01 sys=0.00, real=0.00 secs] 
2024-07-04T23:21:46.598+0800: 2565.913: [GC (Allocation Failure) [PSYoungGen: 1047200K->736K(1047552K)] 1333769K->287313K(1454080K), 0.0053274 secs] [Times: user=0.01 sys=0.00, real=0.00 secs] 
2024-07-04T23:21:47.366+0800: 2566.680: [GC (Allocation Failure) [PSYoungGen: 1047264K->704K(1047552K)] 1333841K->287289K(1454080K), 0.0053196 secs] [Times: user=0.00 sys=0.00, real=0.00 secs] 
2024-07-04T23:21:48.163+0800: 2567.477: [GC (Allocation Failure) [PSYoungGen: 1047232K->656K(1047552K)] 1333817K->287249K(1454080K), 0.0080970 secs] [Times: user=0.01 sys=0.00, real=0.01 secs] 
2024-07-04T23:21:48.959+0800: 2568.273: [GC (Allocation Failure) [PSYoungGen: 1047184K->688K(1047552K)] 1333777K->287297K(1454080K), 0.0068644 secs] [Times: user=0.01 sys=0.00, real=0.00 secs] 
2024-07-04T23:21:49.766+0800: 2569.080: [GC (Allocation Failure) [PSYoungGen: 1047216K->704K(1047552K)] 1333825K->287321K(1454080K), 0.0090837 secs] [Times: user=0.00 sys=0.00, real=0.01 secs] 
2024-07-04T23:21:50.550+0800: 2569.864: [GC (Allocation Failure) [PSYoungGen: 1047232K->640K(1047552K)] 1333849K->287265K(1454080K), 0.0091802 secs] [Times: user=0.01 sys=0.00, real=0.01 secs] 
2024-07-04T23:21:51.342+0800: 2570.656: [GC (Allocation Failure) [PSYoungGen: 1047168K->704K(1047552K)] 1333793K->287337K(1454080K), 0.0073223 secs] [Times: user=0.01 sys=0.00, real=0.01 secs] 
2024-07-04T23:21:52.102+0800: 2571.416: [GC (Allocation Failure) [PSYoungGen: 1047232K->720K(1047552K)] 1333865K->287361K(1454080K), 0.0071144 secs] [Times: user=0.01 sys=0.00, real=0.01 secs] 
2024-07-04T23:21:52.881+0800: 2572.196: [GC (Allocation Failure) [PSYoungGen: 1047248K->752K(1047552K)] 1333889K->287401K(1454080K), 0.0053889 secs] [Times: user=0.01 sys=0.00, real=0.01 secs] 
2024-07-04T23:21:53.662+0800: 2572.976: [GC (Allocation Failure) [PSYoungGen: 1047280K->736K(1047552K)] 1333929K->287393K(1454080K), 0.0067737 secs] [Times: user=0.01 sys=0.00, real=0.01 secs] 
2024-07-04T23:21:54.446+0800: 2573.760: [GC (Allocation Failure) [PSYoungGen: 1047264K->688K(1047552K)] 1333921K->287353K(1454080K), 0.0085287 secs] [Times: user=0.01 sys=0.00, real=0.01 secs] 
2024-07-04T23:21:55.230+0800: 2574.544: [GC (Allocation Failure) [PSYoungGen: 1047216K->736K(1047552K)] 1333881K->287417K(1454080K), 0.0092502 secs] [Times: user=0.01 sys=0.00, real=0.01 secs] 
2024-07-04T23:21:55.997+0800: 2575.312: [GC (Allocation Failure) [PSYoungGen: 1047264K->720K(1047552K)] 1333945K->287409K(1454080K), 0.0053025 secs] [Times: user=0.01 sys=0.00, real=0.00 secs] 
2024-07-04T23:21:56.758+0800: 2576.073: [GC (Allocation Failure) [PSYoungGen: 1047248K->672K(1047552K)] 1333937K->287369K(1454080K), 0.0052769 secs] [Times: user=0.00 sys=0.00, real=0.00 secs] 
2024-07-04T23:21:57.562+0800: 2576.876: [GC (Allocation Failure) [PSYoungGen: 1047200K->736K(1047552K)] 1333897K->287449K(1454080K), 0.0082854 secs] [Times: user=0.01 sys=0.00, real=0.01 secs] 
2024-07-04T23:21:58.342+0800: 2577.656: [GC (Allocation Failure) [PSYoungGen: 1047264K->720K(1047552K)] 1333977K->287449K(1454080K), 0.0113068 secs] [Times: user=0.01 sys=0.00, real=0.02 secs] 
2024-07-04T23:21:59.143+0800: 2578.457: [GC (Allocation Failure) [PSYoungGen: 1047248K->640K(1047552K)] 1333977K->287385K(1454080K), 0.0072952 secs] [Times: user=0.01 sys=0.00, real=0.01 secs] 
2024-07-04T23:21:59.943+0800: 2579.257: [GC (Allocation Failure) [PSYoungGen: 1047168K->720K(1047552K)] 1333913K->287473K(1454080K), 0.0078389 secs] [Times: user=0.01 sys=0.00, real=0.01 secs] 
2024-07-04T23:22:00.752+0800: 2580.066: [GC (Allocation Failure) [PSYoungGen: 1047248K->704K(1047552K)] 1334001K->287465K(1454080K), 0.0068736 secs] [Times: user=0.01 sys=0.00, real=0.01 secs] 
2024-07-04T23:22:01.574+0800: 2580.889: [GC (Allocation Failure) [PSYoungGen: 1047232K->688K(1047552K)] 1333993K->287457K(1454080K), 0.0098543 secs] [Times: user=0.01 sys=0.00, real=0.00 secs] 
2024-07-04T23:22:02.438+0800: 2581.752: [GC (Allocation Failure) [PSYoungGen: 1047216K->672K(1047552K)] 1333985K->287449K(1454080K), 0.0054361 secs] [Times: user=0.01 sys=0.00, real=0.00 secs] 
2024-07-04T23:22:03.226+0800: 2582.541: [GC (Allocation Failure) [PSYoungGen: 1047200K->672K(1047552K)] 1333977K->287457K(1454080K), 0.0052847 secs] [Times: user=0.01 sys=0.00, real=0.00 secs] 
2024-07-04T23:22:04.006+0800: 2583.320: [GC (Allocation Failure) [PSYoungGen: 1047200K->688K(1047552K)] 1333985K->287481K(1454080K), 0.0071969 secs] [Times: user=0.01 sys=0.00, real=0.00 secs] 
2024-07-04T23:22:04.806+0800: 2584.121: [GC (Allocation Failure) [PSYoungGen: 1047216K->672K(1047552K)] 1334009K->287481K(1454080K), 0.0084661 secs] [Times: user=0.01 sys=0.00, real=0.01 secs] 
2024-07-04T23:22:05.603+0800: 2584.917: [GC (Allocation Failure) [PSYoungGen: 1047200K->720K(1047552K)] 1334009K->287545K(1454080K), 0.0064378 secs] [Times: user=0.01 sys=0.00, real=0.01 secs] 
2024-07-04T23:22:06.406+0800: 2585.720: [GC (Allocation Failure) [PSYoungGen: 1047248K->704K(1047552K)] 1334073K->287545K(1454080K), 0.0094073 secs] [Times: user=0.01 sys=0.00, real=0.01 secs] 
2024-07-04T23:22:07.262+0800: 2586.576: [GC (Allocation Failure) [PSYoungGen: 1047232K->688K(1047552K)] 1334073K->287537K(1454080K), 0.0087442 secs] [Times: user=0.01 sys=0.00, real=0.01 secs] 
2024-07-04T23:22:08.080+0800: 2587.394: [GC (Allocation Failure) [PSYoungGen: 1047216K->704K(1047552K)] 1334065K->287569K(1454080K), 0.0070620 secs] [Times: user=0.01 sys=0.00, real=0.01 secs] 
2024-07-04T23:22:08.906+0800: 2588.220: [GC (Allocation Failure) [PSYoungGen: 1047232K->688K(1047552K)] 1334097K->287561K(1454080K), 0.0084003 secs] [Times: user=0.01 sys=0.00, real=0.01 secs] 
2024-07-04T23:22:09.708+0800: 2589.022: [GC (Allocation Failure) [PSYoungGen: 1047216K->688K(1047552K)] 1334089K->287577K(1454080K), 0.0061603 secs] [Times: user=0.01 sys=0.00, real=0.01 secs] 
2024-07-04T23:22:10.525+0800: 2589.839: [GC (Allocation Failure) [PSYoungGen: 1047216K->704K(1047552K)] 1334105K->287601K(1454080K), 0.0099796 secs] [Times: user=0.01 sys=0.00, real=0.02 secs] 
2024-07-04T23:22:11.361+0800: 2590.675: [GC (Allocation Failure) [PSYoungGen: 1047232K->752K(1047552K)] 1334129K->287657K(1454080K), 0.0055557 secs] [Times: user=0.01 sys=0.00, real=0.01 secs] 
2024-07-04T23:22:12.170+0800: 2591.485: [GC (Allocation Failure) [PSYoungGen: 1047280K->704K(1047552K)] 1334185K->287617K(1454080K), 0.0086563 secs] [Times: user=0.01 sys=0.00, real=0.01 secs] 
2024-07-04T23:22:12.971+0800: 2592.285: [GC (Allocation Failure) [PSYoungGen: 1047232K->672K(1047552K)] 1334145K->287593K(1454080K), 0.0053238 secs] [Times: user=0.00 sys=0.00, real=0.01 secs] 
2024-07-04T23:22:13.745+0800: 2593.060: [GC (Allocation Failure) [PSYoungGen: 1047200K->720K(1047552K)] 1334121K->287649K(1454080K), 0.0052816 secs] [Times: user=0.01 sys=0.00, real=0.01 secs] 
2024-07-04T23:22:14.519+0800: 2593.833: [GC (Allocation Failure) [PSYoungGen: 1047248K->704K(1047552K)] 1334177K->287641K(1454080K), 0.0055212 secs] [Times: user=0.01 sys=0.00, real=0.00 secs] 
2024-07-04T23:22:15.291+0800: 2594.605: [GC (Allocation Failure) [PSYoungGen: 1047232K->688K(1047552K)] 1334169K->287641K(1454080K), 0.0077840 secs] [Times: user=0.01 sys=0.00, real=0.01 secs] 
2024-07-04T23:22:16.098+0800: 2595.413: [GC (Allocation Failure) [PSYoungGen: 1047216K->704K(1047552K)] 1334169K->287665K(1454080K), 0.0054096 secs] [Times: user=0.01 sys=0.00, real=0.00 secs] 
2024-07-04T23:22:16.942+0800: 2596.257: [GC (Allocation Failure) [PSYoungGen: 1047232K->656K(1047552K)] 1334193K->287625K(1454080K), 0.0056285 secs] [Times: user=0.01 sys=0.00, real=0.01 secs] 
2024-07-04T23:22:17.770+0800: 2597.084: [GC (Allocation Failure) [PSYoungGen: 1047184K->736K(1047552K)] 1334153K->287721K(1454080K), 0.0085567 secs] [Times: user=0.01 sys=0.00, real=0.01 secs] 
2024-07-04T23:22:18.546+0800: 2597.860: [GC (Allocation Failure) [PSYoungGen: 1047264K->720K(1047552K)] 1334249K->287721K(1454080K), 0.0100449 secs] [Times: user=0.01 sys=0.00, real=0.01 secs] 
2024-07-04T23:22:19.312+0800: 2598.627: [GC (Allocation Failure) [PSYoungGen: 1047248K->688K(1047552K)] 1334249K->287697K(1454080K), 0.0058768 secs] [Times: user=0.01 sys=0.00, real=0.01 secs] 
2024-07-04T23:22:20.076+0800: 2599.390: [GC (Allocation Failure) [PSYoungGen: 1047216K->736K(1047552K)] 1334225K->287753K(1454080K), 0.0053142 secs] [Times: user=0.01 sys=0.00, real=0.00 secs] 
2024-07-04T23:22:20.843+0800: 2600.157: [GC (Allocation Failure) [PSYoungGen: 1047264K->720K(1047552K)] 1334281K->287745K(1454080K), 0.0066691 secs] [Times: user=0.00 sys=0.00, real=0.01 secs] 
2024-07-04T23:22:21.654+0800: 2600.968: [GC (Allocation Failure) [PSYoungGen: 1047248K->672K(1047552K)] 1334273K->287705K(1454080K), 0.0054395 secs] [Times: user=0.00 sys=0.00, real=0.00 secs] 
2024-07-04T23:22:22.478+0800: 2601.792: [GC (Allocation Failure) [PSYoungGen: 1047200K->704K(1047552K)] 1334233K->287745K(1454080K), 0.0052960 secs] [Times: user=0.01 sys=0.00, real=0.00 secs] 
2024-07-04T23:22:23.273+0800: 2602.587: [GC (Allocation Failure) [PSYoungGen: 1047232K->704K(1047552K)] 1334273K->287753K(1454080K), 0.0053326 secs] [Times: user=0.00 sys=0.00, real=0.01 secs] 
2024-07-04T23:22:24.062+0800: 2603.376: [GC (Allocation Failure) [PSYoungGen: 1047232K->656K(1047552K)] 1334281K->287721K(1454080K), 0.0080533 secs] [Times: user=0.01 sys=0.00, real=0.01 secs] 
2024-07-04T23:22:24.850+0800: 2604.164: [GC (Allocation Failure) [PSYoungGen: 1047184K->720K(1047552K)] 1334249K->287793K(1454080K), 0.0050843 secs] [Times: user=0.01 sys=0.00, real=0.01 secs] 
2024-07-04T23:22:25.613+0800: 2604.927: [GC (Allocation Failure) [PSYoungGen: 1047248K->704K(1047552K)] 1334321K->287785K(1454080K), 0.0052833 secs] [Times: user=0.01 sys=0.00, real=0.01 secs] 
2024-07-04T23:22:26.386+0800: 2605.701: [GC (Allocation Failure) [PSYoungGen: 1047232K->704K(1047552K)] 1334313K->287793K(1454080K), 0.0054405 secs] [Times: user=0.01 sys=0.00, real=0.00 secs] 
2024-07-04T23:22:27.178+0800: 2606.493: [GC (Allocation Failure) [PSYoungGen: 1047232K->720K(1047552K)] 1334321K->287825K(1454080K), 0.0078634 secs] [Times: user=0.01 sys=0.00, real=0.01 secs] 
2024-07-04T23:22:27.998+0800: 2607.312: [GC (Allocation Failure) [PSYoungGen: 1047248K->688K(1047552K)] 1334353K->287809K(1454080K), 0.0086326 secs] [Times: user=0.01 sys=0.00, real=0.01 secs] 
2024-07-04T23:22:28.818+0800: 2608.132: [GC (Allocation Failure) [PSYoungGen: 1047216K->704K(1047552K)] 1334337K->287833K(1454080K), 0.0089656 secs] [Times: user=0.01 sys=0.00, real=0.01 secs] 
2024-07-04T23:22:29.595+0800: 2608.909: [GC (Allocation Failure) [PSYoungGen: 1047232K->704K(1047552K)] 1334361K->287841K(1454080K), 0.0071351 secs] [Times: user=0.01 sys=0.00, real=0.00 secs] 
2024-07-04T23:22:30.353+0800: 2609.667: [GC (Allocation Failure) [PSYoungGen: 1047232K->704K(1047552K)] 1334369K->287849K(1454080K), 0.0059346 secs] [Times: user=0.01 sys=0.00, real=0.01 secs] 
2024-07-04T23:22:31.123+0800: 2610.437: [GC (Allocation Failure) [PSYoungGen: 1047232K->752K(1047552K)] 1334377K->287905K(1454080K), 0.0052975 secs] [Times: user=0.01 sys=0.00, real=0.01 secs] 
2024-07-04T23:22:31.901+0800: 2611.215: [GC (Allocation Failure) [PSYoungGen: 1047280K->736K(1047552K)] 1334433K->287897K(1454080K), 0.0054860 secs] [Times: user=0.01 sys=0.00, real=0.01 secs] 
2024-07-04T23:22:32.794+0800: 2612.108: [GC (Allocation Failure) [PSYoungGen: 1047264K->672K(1047552K)] 1334425K->287841K(1454080K), 0.0077835 secs] [Times: user=0.00 sys=0.00, real=0.00 secs] 
2024-07-04T23:22:33.670+0800: 2612.985: [GC (Allocation Failure) [PSYoungGen: 1047200K->688K(1047552K)] 1334369K->287865K(1454080K), 0.0070254 secs] [Times: user=0.01 sys=0.00, real=0.01 secs] 
2024-07-04T23:22:34.497+0800: 2613.811: [GC (Allocation Failure) [PSYoungGen: 1047216K->656K(1047552K)] 1334393K->287841K(1454080K), 0.0053535 secs] [Times: user=0.01 sys=0.00, real=0.00 secs] 
2024-07-04T23:22:35.274+0800: 2614.588: [GC (Allocation Failure) [PSYoungGen: 1047184K->704K(1047552K)] 1334369K->287897K(1454080K), 0.0071979 secs] [Times: user=0.01 sys=0.00, real=0.00 secs] 
2024-07-04T23:22:36.078+0800: 2615.393: [GC (Allocation Failure) [PSYoungGen: 1047232K->688K(1047552K)] 1334425K->287897K(1454080K), 0.0079983 secs] [Times: user=0.01 sys=0.00, real=0.01 secs] 
2024-07-04T23:22:36.886+0800: 2616.200: [GC (Allocation Failure) [PSYoungGen: 1047216K->672K(1047552K)] 1334425K->287897K(1454080K), 0.0075747 secs] [Times: user=0.01 sys=0.00, real=0.01 secs] 
2024-07-04T23:22:37.666+0800: 2616.980: [GC (Allocation Failure) [PSYoungGen: 1047200K->704K(1047552K)] 1334425K->287937K(1454080K), 0.0054420 secs] [Times: user=0.01 sys=0.00, real=0.00 secs] 
2024-07-04T23:22:38.481+0800: 2617.795: [GC (Allocation Failure) [PSYoungGen: 1047232K->624K(1047552K)] 1334465K->287865K(1454080K), 0.0053344 secs] [Times: user=0.01 sys=0.00, real=0.01 secs] 
2024-07-04T23:22:53.153+0800: 2632.467: [GC (Allocation Failure) [PSYoungGen: 1047152K->992K(1047552K)] 1334393K->288354K(1454080K), 0.0050251 secs] [Times: user=0.01 sys=0.00, real=0.01 secs] 
2024-07-04T23:23:08.930+0800: 2648.244: [GC (Allocation Failure) [PSYoungGen: 1047520K->848K(1047552K)] 1334882K->288226K(1454080K), 0.0037966 secs] [Times: user=0.00 sys=0.00, real=0.01 secs] 
2024-07-04T23:23:24.493+0800: 2663.807: [GC (Allocation Failure) [PSYoungGen: 1047376K->816K(1047552K)] 1334754K->288202K(1454080K), 0.0035965 secs] [Times: user=0.01 sys=0.00, real=0.01 secs] 
2024-07-04T23:23:40.163+0800: 2679.477: [GC (Allocation Failure) [PSYoungGen: 1047344K->832K(1047552K)] 1334730K->288234K(1454080K), 0.0037319 secs] [Times: user=0.01 sys=0.00, real=0.01 secs] 
2024-07-04T23:23:55.713+0800: 2695.027: [GC (Allocation Failure) [PSYoungGen: 1047360K->672K(1047552K)] 1334762K->288082K(1454080K), 0.0036258 secs] [Times: user=0.01 sys=0.00, real=0.01 secs] 
2024-07-04T23:24:11.202+0800: 2710.516: [GC (Allocation Failure) [PSYoungGen: 1047200K->832K(1047552K)] 1334610K->288250K(1454080K), 0.0054839 secs] [Times: user=0.01 sys=0.00, real=0.01 secs] 
2024-07-04T23:24:26.772+0800: 2726.086: [GC (Allocation Failure) [PSYoungGen: 1047360K->832K(1047552K)] 1334778K->288258K(1454080K), 0.0036301 secs] [Times: user=0.00 sys=0.00, real=0.01 secs] 
2024-07-04T23:24:43.044+0800: 2742.358: [GC (Allocation Failure) [PSYoungGen: 1047360K->816K(1047552K)] 1334786K->288250K(1454080K), 0.0042666 secs] [Times: user=0.01 sys=0.00, real=0.01 secs] 
2024-07-04T23:24:58.722+0800: 2758.036: [GC (Allocation Failure) [PSYoungGen: 1047344K->832K(1047552K)] 1334778K->288274K(1454080K), 0.0037406 secs] [Times: user=0.01 sys=0.00, real=0.00 secs] 
2024-07-04T23:25:14.349+0800: 2773.663: [GC (Allocation Failure) [PSYoungGen: 1047360K->816K(1047552K)] 1334802K->288266K(1454080K), 0.0038828 secs] [Times: user=0.01 sys=0.00, real=0.00 secs] 
2024-07-04T23:25:30.068+0800: 2789.382: [GC (Allocation Failure) [PSYoungGen: 1047344K->848K(1047552K)] 1334794K->288306K(1454080K), 0.0035944 secs] [Times: user=0.01 sys=0.00, real=0.00 secs] 
2024-07-04T23:25:45.560+0800: 2804.874: [GC (Allocation Failure) [PSYoungGen: 1047376K->848K(1047552K)] 1334834K->288314K(1454080K), 0.0058563 secs] [Times: user=0.01 sys=0.00, real=0.01 secs] 
2024-07-04T23:26:01.242+0800: 2820.556: [GC (Allocation Failure) [PSYoungGen: 1047376K->848K(1047552K)] 1334842K->288322K(1454080K), 0.0049319 secs] [Times: user=0.01 sys=0.00, real=0.01 secs] 
2024-07-04T23:26:16.807+0800: 2836.121: [GC (Allocation Failure) [PSYoungGen: 1047376K->816K(1047552K)] 1334850K->288298K(1454080K), 0.0036817 secs] [Times: user=0.01 sys=0.00, real=0.00 secs] 
2024-07-04T23:26:32.683+0800: 2851.998: [GC (Allocation Failure) [PSYoungGen: 1047344K->784K(1047552K)] 1334826K->288298K(1454080K), 0.0037058 secs] [Times: user=0.01 sys=0.00, real=0.01 secs] 
2024-07-04T23:26:48.135+0800: 2867.449: [GC (Allocation Failure) [PSYoungGen: 1047312K->544K(1047552K)] 1334826K->288354K(1454080K), 0.0036877 secs] [Times: user=0.01 sys=0.00, real=0.00 secs] 
2024-07-04T23:27:03.980+0800: 2883.294: [GC (Allocation Failure) [PSYoungGen: 1047072K->528K(1047552K)] 1334882K->288346K(1454080K), 0.0032306 secs] [Times: user=0.01 sys=0.00, real=0.00 secs] 
2024-07-04T23:27:19.587+0800: 2898.901: [GC (Allocation Failure) [PSYoungGen: 1047056K->560K(1047552K)] 1334874K->288386K(1454080K), 0.0034305 secs] [Times: user=0.01 sys=0.00, real=0.00 secs] 
2024-07-04T23:27:35.173+0800: 2914.487: [GC (Allocation Failure) [PSYoungGen: 1047088K->528K(1047552K)] 1334914K->288370K(1454080K), 0.0032900 secs] [Times: user=0.00 sys=0.00, real=0.01 secs] 
2024-07-04T23:27:50.681+0800: 2929.995: [GC (Allocation Failure) [PSYoungGen: 1047056K->512K(1047552K)] 1334898K->288362K(1454080K), 0.0038230 secs] [Times: user=0.01 sys=0.00, real=0.00 secs] 
2024-07-04T23:28:06.377+0800: 2945.692: [GC (Allocation Failure) [PSYoungGen: 1047040K->512K(1047552K)] 1334890K->288370K(1454080K), 0.0032066 secs] [Times: user=0.00 sys=0.00, real=0.00 secs] 
2024-07-04T23:28:21.997+0800: 2961.311: [GC (Allocation Failure) [PSYoungGen: 1047040K->560K(1047552K)] 1334898K->288426K(1454080K), 0.0033718 secs] [Times: user=0.00 sys=0.00, real=0.00 secs] 
2024-07-04T23:28:37.623+0800: 2976.937: [GC (Allocation Failure) [PSYoungGen: 1047088K->544K(1047552K)] 1334954K->288426K(1454080K), 0.0032568 secs] [Times: user=0.01 sys=0.00, real=0.01 secs] 
2024-07-04T23:28:58.290+0800: 2997.604: [GC (Allocation Failure) [PSYoungGen: 1021936K->160K(1046528K)] 1309818K->353586K(1453056K), 0.0292988 secs] [Times: user=0.02 sys=0.03, real=0.03 secs] 
2024-07-04T23:29:24.157+0800: 3023.471: [GC (Allocation Failure) [PSYoungGen: 1032461K->128K(1047040K)] 1385887K->386330K(1453568K), 0.0300409 secs] [Times: user=0.03 sys=0.02, real=0.03 secs] 
2024-07-04T23:29:24.187+0800: 3023.501: [Full GC (Ergonomics) [PSYoungGen: 128K->0K(1047040K)] [ParOldGen: 386202K->308995K(475136K)] 386330K->308995K(1522176K), [Metaspace: 22781K->22762K(1071104K)], 0.1639640 secs] [Times: user=0.29 sys=0.01, real=0.16 secs] 
2024-07-04T23:29:52.011+0800: 3051.325: [GC (Allocation Failure) [PSYoungGen: 1033507K->96K(1047040K)] 1342503K->341859K(1522176K), 0.0080427 secs] [Times: user=0.02 sys=0.00, real=0.01 secs] 
2024-07-04T23:30:19.816+0800: 3079.131: [GC (Allocation Failure) [PSYoungGen: 1034602K->128K(1047040K)] 1376365K->374659K(1522176K), 0.0083335 secs] [Times: user=0.01 sys=0.00, real=0.00 secs] 
2024-07-04T23:30:46.232+0800: 3105.546: [GC (Allocation Failure) [PSYoungGen: 1028663K->128K(1047040K)] 1403194K->407427K(1522176K), 0.0195083 secs] [Times: user=0.03 sys=0.00, real=0.02 secs] 
2024-07-04T23:31:13.959+0800: 3133.273: [GC (Allocation Failure) [PSYoungGen: 1026724K->112K(1047040K)] 1434023K->505715K(1555456K), 0.0514334 secs] [Times: user=0.05 sys=0.05, real=0.05 secs] 
2024-07-04T23:31:14.010+0800: 3133.324: [Full GC (Ergonomics) [PSYoungGen: 112K->0K(1047040K)] [ParOldGen: 505603K->309003K(549376K)] 505715K->309003K(1596416K), [Metaspace: 22769K->22769K(1071104K)], 0.1044678 secs] [Times: user=0.18 sys=0.00, real=0.11 secs] 
2024-07-04T23:31:43.577+0800: 3162.892: [GC (Allocation Failure) [PSYoungGen: 1030062K->64K(1047040K)] 1339066K->309068K(1596416K), 0.0020076 secs] [Times: user=0.01 sys=0.00, real=0.00 secs] 
2024-07-04T23:32:12.134+0800: 3191.448: [GC (Allocation Failure) [PSYoungGen: 1032355K->64K(1047040K)] 1341359K->309068K(1596416K), 0.0020163 secs] [Times: user=0.01 sys=0.00, real=0.00 secs] 
2024-07-04T23:32:40.704+0800: 3220.018: [GC (Allocation Failure) [PSYoungGen: 1033573K->96K(1047040K)] 1342577K->341868K(1596416K), 0.0092847 secs] [Times: user=0.02 sys=0.00, real=0.01 secs] 
2024-07-04T23:33:09.851+0800: 3249.166: [GC (Allocation Failure) [PSYoungGen: 1034620K->128K(1046016K)] 1376392K->374668K(1595392K), 0.0081629 secs] [Times: user=0.01 sys=0.00, real=0.01 secs] 
2024-07-04T23:33:38.552+0800: 3277.867: [GC (Allocation Failure) [PSYoungGen: 1035536K->128K(1046528K)] 1410076K->407436K(1595904K), 0.0086864 secs] [Times: user=0.02 sys=0.00, real=0.01 secs] 
2024-07-04T23:34:08.015+0800: 3307.329: [GC (Allocation Failure) [PSYoungGen: 1035873K->128K(1046528K)] 1443181K->407436K(1595904K), 0.0020265 secs] [Times: user=0.01 sys=0.00, real=0.00 secs] 
2024-07-04T23:34:36.536+0800: 3335.850: [GC (Allocation Failure) [PSYoungGen: 1036090K->80K(1047552K)] 1443398K->407388K(1596928K), 0.0021628 secs] [Times: user=0.00 sys=0.00, real=0.00 secs] 
2024-07-04T23:35:05.570+0800: 3364.884: [GC (Allocation Failure) [PSYoungGen: 1046608K->1008K(1047552K)] 1453916K->523461K(1596928K), 0.0227514 secs] [Times: user=0.03 sys=0.01, real=0.02 secs] 
2024-07-04T23:35:05.592+0800: 3364.907: [Full GC (Ergonomics) [PSYoungGen: 1008K->0K(1047552K)] [ParOldGen: 522452K->326768K(586752K)] 523461K->326768K(1634304K), [Metaspace: 22787K->22787K(1071104K)], 0.0930282 secs] [Times: user=0.16 sys=0.00, real=0.09 secs] 
2024-07-04T23:35:38.506+0800: 3397.820: [GC (Allocation Failure) [PSYoungGen: 1046528K->1008K(885760K)] 1373296K->449711K(1472512K), 0.0176536 secs] [Times: user=0.04 sys=0.00, real=0.01 secs] 
2024-07-04T23:36:07.486+0800: 3426.800: [GC (Allocation Failure) [PSYoungGen: 885744K->71141K(919040K)] 1334447K->519844K(1505792K), 0.0112341 secs] [Times: user=0.03 sys=0.00, real=0.01 secs] 
2024-07-04T23:36:32.613+0800: 3451.927: [GC (Allocation Failure) [PSYoungGen: 919013K->92153K(896000K)] 1367716K->571462K(1482752K), 0.0179433 secs] [Times: user=0.03 sys=0.00, real=0.02 secs] 
2024-07-04T23:36:32.631+0800: 3451.945: [Full GC (Ergonomics) [PSYoungGen: 92153K->0K(896000K)] [ParOldGen: 479308K->332528K(607744K)] 571462K->332528K(1503744K), [Metaspace: 22788K->22788K(1071104K)], 0.0963453 secs] [Times: user=0.17 sys=0.00, real=0.10 secs] 
2024-07-04T23:36:57.504+0800: 3476.818: [GC (Allocation Failure) [PSYoungGen: 803840K->122359K(892928K)] 1136368K->460317K(1500672K), 0.0185316 secs] [Times: user=0.03 sys=0.00, real=0.02 secs] 
2024-07-04T23:37:22.000+0800: 3501.314: [GC (Allocation Failure) [PSYoungGen: 892919K->105478K(855552K)] 1230877K->443437K(1463296K), 0.0173893 secs] [Times: user=0.04 sys=0.00, real=0.02 secs] 
2024-07-04T23:37:43.642+0800: 3522.956: [GC (Allocation Failure) [PSYoungGen: 838662K->112125K(815616K)] 1176621K->450083K(1423360K), 0.0163951 secs] [Times: user=0.03 sys=0.00, real=0.02 secs] 
2024-07-04T23:38:07.148+0800: 3546.463: [GC (Allocation Failure) [PSYoungGen: 815613K->85747K(814592K)] 1153571K->423705K(1422336K), 0.0147146 secs] [Times: user=0.03 sys=0.00, real=0.01 secs] 
2024-07-04T23:38:27.839+0800: 3567.154: [GC (Allocation Failure) [PSYoungGen: 761075K->100225K(748544K)] 1099033K->438183K(1356288K), 0.0151501 secs] [Times: user=0.03 sys=0.00, real=0.02 secs] 
2024-07-04T23:38:48.383+0800: 3587.697: [GC (Allocation Failure) [PSYoungGen: 748417K->88966K(765440K)] 1086375K->426924K(1373184K), 0.0159256 secs] [Times: user=0.03 sys=0.00, real=0.02 secs] 
2024-07-04T23:39:06.221+0800: 3605.535: [GC (Allocation Failure) [PSYoungGen: 711558K->117634K(715776K)] 1049516K->455592K(1323520K), 0.0168749 secs] [Times: user=0.03 sys=0.00, real=0.02 secs] 
2024-07-04T23:39:25.012+0800: 3624.326: [GC (Allocation Failure) [PSYoungGen: 715650K->121045K(745472K)] 1053608K->459004K(1353216K), 0.0182672 secs] [Times: user=0.02 sys=0.00, real=0.02 secs] 
2024-07-04T23:39:43.709+0800: 3643.023: [GC (Allocation Failure) [PSYoungGen: 696021K->98768K(651776K)] 1033980K->436726K(1259520K), 0.0153691 secs] [Times: user=0.03 sys=0.00, real=0.01 secs] 
2024-07-04T23:39:59.954+0800: 3659.268: [GC (Allocation Failure) [PSYoungGen: 651728K->124024K(707072K)] 989686K->461983K(1314816K), 0.0197345 secs] [Times: user=0.03 sys=0.00, real=0.02 secs] 
2024-07-04T23:40:16.082+0800: 3675.396: [GC (Allocation Failure) [PSYoungGen: 655992K->127532K(640000K)] 993951K->465490K(1247744K), 0.0195522 secs] [Times: user=0.03 sys=0.00, real=0.02 secs] 
2024-07-04T23:40:32.271+0800: 3691.585: [GC (Allocation Failure) [PSYoungGen: 639532K->109098K(663552K)] 977490K->447056K(1271296K), 0.0165163 secs] [Times: user=0.03 sys=0.00, real=0.02 secs] 
2024-07-04T23:40:47.410+0800: 3706.724: [GC (Allocation Failure) [PSYoungGen: 602154K->136404K(611328K)] 940112K->474363K(1219072K), 0.0190008 secs] [Times: user=0.04 sys=0.00, real=0.02 secs] 
2024-07-04T23:47:16.469+0800: 4095.783: [GC (Allocation Failure) [PSYoungGen: 584339K->15811K(644608K)] 922298K->353769K(1252352K), 0.0048691 secs] [Times: user=0.01 sys=0.01, real=0.01 secs] 
2024-07-04T23:47:30.947+0800: 4110.261: [GC (Allocation Failure) [PSYoungGen: 471165K->12654K(453632K)] 809123K->350612K(1061376K), 0.0072178 secs] [Times: user=0.01 sys=0.01, real=0.01 secs] 
2024-07-04T23:47:43.405+0800: 4122.719: [GC (Allocation Failure) [PSYoungGen: 451112K->34503K(602624K)] 789071K->381902K(1210368K), 0.0133715 secs] [Times: user=0.01 sys=0.00, real=0.02 secs] 
2024-07-04T23:47:58.853+0800: 4138.167: [GC (Allocation Failure) [PSYoungGen: 458402K->144K(410112K)] 805802K->347551K(1017856K), 0.0047391 secs] [Times: user=0.01 sys=0.00, real=0.01 secs] 
2024-07-04T23:48:11.283+0800: 4150.598: [GC (Allocation Failure) [PSYoungGen: 409744K->1706K(576000K)] 757151K->349121K(1183744K), 0.0033299 secs] [Times: user=0.01 sys=0.00, real=0.01 secs] 
2024-07-04T23:48:23.131+0800: 4162.446: [GC (Allocation Failure) [PSYoungGen: 391003K->34503K(416256K)] 738418K->381926K(1024000K), 0.0107304 secs] [Times: user=0.01 sys=0.01, real=0.01 secs] 
2024-07-04T23:48:35.700+0800: 4175.014: [GC (Allocation Failure) [PSYoungGen: 410510K->3253K(535552K)] 757934K->350684K(1143296K), 0.0035137 secs] [Times: user=0.00 sys=0.00, real=0.00 secs] 
2024-07-04T23:48:47.844+0800: 4187.159: [GC (Allocation Failure) [PSYoungGen: 359635K->3237K(359424K)] 707066K->350676K(967168K), 0.0036132 secs] [Times: user=0.00 sys=0.00, real=0.01 secs] 
2024-07-04T23:48:59.333+0800: 4198.647: [GC (Allocation Failure) [PSYoungGen: 358570K->1706K(501760K)] 706009K->349153K(1109504K), 0.0036316 secs] [Times: user=0.01 sys=0.00, real=0.01 secs] 
2024-07-04T23:49:08.551+0800: 4207.865: [GC (Allocation Failure) [PSYoungGen: 341664K->34503K(367616K)] 689111K->381958K(975360K), 0.0110192 secs] [Times: user=0.01 sys=0.01, real=0.01 secs] 
2024-07-04T23:49:20.446+0800: 4219.761: [GC (Allocation Failure) [PSYoungGen: 364893K->4831K(462848K)] 712348K->352294K(1070592K), 0.0038381 secs] [Times: user=0.00 sys=0.01, real=0.00 secs] 
2024-07-04T23:49:29.614+0800: 4228.928: [GC (Allocation Failure) [PSYoungGen: 309614K->3237K(315392K)] 657078K->350708K(923136K), 0.0036321 secs] [Times: user=0.00 sys=0.00, real=0.00 secs] 
2024-07-04T23:49:38.764+0800: 4238.078: [GC (Allocation Failure) [PSYoungGen: 308897K->3269K(429568K)] 656368K->350748K(1037312K), 0.0047429 secs] [Times: user=0.00 sys=0.00, real=0.01 secs] 
2024-07-04T23:49:48.011+0800: 4247.325: [GC (Allocation Failure) [PSYoungGen: 289983K->34503K(326656K)] 637462K->381990K(934400K), 0.0103031 secs] [Times: user=0.02 sys=0.00, real=0.01 secs] 
2024-07-04T23:49:57.654+0800: 4256.968: [GC (Allocation Failure) [PSYoungGen: 309271K->3237K(397824K)] 656759K->350732K(1005568K), 0.0034536 secs] [Times: user=0.00 sys=0.00, real=0.00 secs] 
2024-07-04T23:50:07.084+0800: 4266.398: [GC (Allocation Failure) [PSYoungGen: 258676K->3221K(277504K)] 606172K->350740K(885248K), 0.0034824 secs] [Times: user=0.00 sys=0.00, real=0.01 secs] 
2024-07-04T23:50:16.326+0800: 4275.640: [GC (Allocation Failure) [PSYoungGen: 258294K->3237K(370176K)] 605813K->350764K(977920K), 0.0034355 secs] [Times: user=0.00 sys=0.01, real=0.01 secs] 
2024-07-04T23:50:25.675+0800: 4284.989: [GC (Allocation Failure) [PSYoungGen: 257765K->3221K(261120K)] 605292K->350756K(868864K), 0.0035724 secs] [Times: user=0.01 sys=0.01, real=0.00 secs] 
2024-07-04T23:50:34.976+0800: 4294.290: [GC (Allocation Failure) [PSYoungGen: 258208K->3205K(342528K)] 605743K->350748K(950272K), 0.0032386 secs] [Times: user=0.01 sys=0.00, real=0.00 secs] 
2024-07-04T23:50:41.473+0800: 4300.787: [GC (Allocation Failure) [PSYoungGen: 238566K->34487K(277504K)] 586110K->382038K(885248K), 0.0096780 secs] [Times: user=0.02 sys=0.00, real=0.01 secs] 
2024-07-04T23:50:50.750+0800: 4310.064: [GC (Allocation Failure) [PSYoungGen: 258021K->3237K(321536K)] 605572K->350796K(929280K), 0.0033472 secs] [Times: user=0.01 sys=0.00, real=0.00 secs] 
2024-07-04T23:50:57.016+0800: 4316.331: [GC (Allocation Failure) [PSYoungGen: 238477K->34487K(263680K)] 586037K->382054K(871424K), 0.0094383 secs] [Times: user=0.01 sys=0.00, real=0.01 secs] 
2024-07-04T23:51:06.404+0800: 4325.718: [GC (Allocation Failure) [PSYoungGen: 258547K->3205K(303104K)] 606115K->350780K(910848K), 0.0050786 secs] [Times: user=0.00 sys=0.00, real=0.01 secs] 
2024-07-04T23:51:13.013+0800: 4332.327: [GC (Allocation Failure) [PSYoungGen: 206983K->3253K(219648K)] 554558K->350836K(827392K), 0.0036059 secs] [Times: user=0.00 sys=0.00, real=0.01 secs] 
2024-07-04T23:51:19.628+0800: 4338.942: [GC (Allocation Failure) [PSYoungGen: 207529K->3253K(282624K)] 555112K->350844K(890368K), 0.0043383 secs] [Times: user=0.00 sys=0.00, real=0.00 secs] 
2024-07-04T23:51:26.378+0800: 4345.692: [GC (Allocation Failure) [PSYoungGen: 207432K->3253K(207872K)] 555024K->350860K(815616K), 0.0049490 secs] [Times: user=0.00 sys=0.00, real=0.00 secs] 
2024-07-04T23:51:32.607+0800: 4351.921: [GC (Allocation Failure) [PSYoungGen: 207321K->3221K(263168K)] 554929K->350836K(870912K), 0.0032165 secs] [Times: user=0.00 sys=0.00, real=0.00 secs] 
2024-07-04T23:51:38.248+0800: 4357.563: [GC (Allocation Failure) [PSYoungGen: 187648K->34471K(228352K)] 535263K->382094K(836096K), 0.0091446 secs] [Times: user=0.02 sys=0.00, real=0.01 secs] 
2024-07-04T23:51:44.376+0800: 4363.690: [GC (Allocation Failure) [PSYoungGen: 207078K->3205K(250880K)] 554702K->350836K(858624K), 0.0032231 secs] [Times: user=0.01 sys=0.00, real=0.00 secs] 
2024-07-04T23:51:50.534+0800: 4369.848: [GC (Allocation Failure) [PSYoungGen: 188324K->34471K(218624K)] 535956K->382110K(826368K), 0.0091620 secs] [Times: user=0.02 sys=0.00, real=0.00 secs] 
2024-07-04T23:51:56.881+0800: 4376.195: [GC (Allocation Failure) [PSYoungGen: 206855K->3221K(241152K)] 554495K->350868K(848896K), 0.0033847 secs] [Times: user=0.00 sys=0.00, real=0.00 secs] 
2024-07-04T23:52:03.075+0800: 4382.389: [GC (Allocation Failure) [PSYoungGen: 157049K->3221K(178176K)] 504697K->350876K(785920K), 0.0047808 secs] [Times: user=0.01 sys=0.00, real=0.00 secs] 
2024-07-04T23:52:08.977+0800: 4388.291: [GC (Allocation Failure) [PSYoungGen: 156627K->3221K(226816K)] 504283K->350884K(834560K), 0.0029315 secs] [Times: user=0.01 sys=0.00, real=0.00 secs] 
2024-07-04T23:52:14.968+0800: 4394.282: [GC (Allocation Failure) [PSYoungGen: 156741K->3221K(169984K)] 504404K->350892K(777728K), 0.0031757 secs] [Times: user=0.01 sys=0.00, real=0.00 secs] 
2024-07-04T23:52:20.959+0800: 4400.273: [GC (Allocation Failure) [PSYoungGen: 156499K->3221K(211968K)] 504171K->350900K(819712K), 0.0031561 secs] [Times: user=0.00 sys=0.00, real=0.00 secs] 
2024-07-04T23:52:26.816+0800: 4406.130: [GC (Allocation Failure) [PSYoungGen: 156441K->3221K(162304K)] 504120K->350908K(770048K), 0.0030570 secs] [Times: user=0.01 sys=0.00, real=0.00 secs] 
2024-07-04T23:52:32.920+0800: 4412.234: [GC (Allocation Failure) [PSYoungGen: 156374K->3221K(199168K)] 504061K->350916K(806912K), 0.0030688 secs] [Times: user=0.01 sys=0.00, real=0.00 secs] 
2024-07-04T23:52:39.070+0800: 4418.384: [GC (Allocation Failure) [PSYoungGen: 157087K->3205K(155136K)] 504783K->350908K(762880K), 0.0031074 secs] [Times: user=0.01 sys=0.00, real=0.00 secs] 
2024-07-04T23:52:45.250+0800: 4424.564: [GC (Allocation Failure) [PSYoungGen: 153261K->64K(186880K)] 500964K->347775K(794624K), 0.0044358 secs] [Times: user=0.00 sys=0.00, real=0.01 secs] 
2024-07-04T23:52:48.600+0800: 4427.915: [GC (Allocation Failure) [PSYoungGen: 136599K->34471K(189952K)] 484310K->382190K(797696K), 0.0093670 secs] [Times: user=0.01 sys=0.00, real=0.01 secs] 
2024-07-04T23:52:54.741+0800: 4434.055: [GC (Allocation Failure) [PSYoungGen: 156208K->3189K(184832K)] 503928K->350916K(792576K), 0.0033173 secs] [Times: user=0.01 sys=0.00, real=0.00 secs] 
2024-07-04T23:52:57.944+0800: 4437.258: [GC (Allocation Failure) [PSYoungGen: 136666K->34471K(187392K)] 484394K->382206K(795136K), 0.0102572 secs] [Times: user=0.02 sys=0.00, real=0.02 secs] 
2024-07-04T23:53:04.109+0800: 4443.423: [GC (Allocation Failure) [PSYoungGen: 155923K->3221K(181248K)] 503659K->350964K(788992K), 0.0030655 secs] [Times: user=0.00 sys=0.00, real=0.00 secs] 
2024-07-04T23:53:07.358+0800: 4446.672: [GC (Allocation Failure) [PSYoungGen: 137252K->34471K(183808K)] 484995K->382222K(791552K), 0.0092474 secs] [Times: user=0.02 sys=0.00, real=0.01 secs] 
2024-07-04T23:53:13.457+0800: 4452.771: [GC (Allocation Failure) [PSYoungGen: 156593K->3221K(178176K)] 504344K->350980K(785920K), 0.0057305 secs] [Times: user=0.01 sys=0.00, real=0.00 secs] 
2024-07-04T23:53:16.717+0800: 4456.031: [GC (Allocation Failure) [PSYoungGen: 105887K->3189K(131072K)] 453646K->350956K(738816K), 0.0049736 secs] [Times: user=0.01 sys=0.00, real=0.00 secs] 
2024-07-04T23:53:20.031+0800: 4459.346: [GC (Allocation Failure) [PSYoungGen: 105643K->3221K(168448K)] 453411K->350996K(776192K), 0.0032565 secs] [Times: user=0.00 sys=0.00, real=0.01 secs] 
2024-07-04T23:53:23.283+0800: 4462.597: [GC (Allocation Failure) [PSYoungGen: 105652K->3205K(125952K)] 453428K->350988K(733696K), 0.0031525 secs] [Times: user=0.00 sys=0.00, real=0.01 secs] 
2024-07-04T23:53:26.712+0800: 4466.026: [GC (Allocation Failure) [PSYoungGen: 125176K->1664K(159232K)] 472959K->349463K(766976K), 0.0034037 secs] [Times: user=0.01 sys=0.00, real=0.01 secs] 
2024-07-04T23:53:27.632+0800: 4466.946: [GC (Allocation Failure) [PSYoungGen: 121299K->1120K(119296K)] 469099K->348927K(727040K), 0.0028206 secs] [Times: user=0.01 sys=0.00, real=0.01 secs] 
2024-07-04T23:53:28.510+0800: 4467.824: [GC (Allocation Failure) [PSYoungGen: 118859K->1632K(151552K)] 466666K->349447K(759296K), 0.0028662 secs] [Times: user=0.00 sys=0.00, real=0.00 secs] 
2024-07-04T23:53:29.386+0800: 4468.700: [GC (Allocation Failure) [PSYoungGen: 117102K->1632K(115712K)] 464917K->349455K(723456K), 0.0045471 secs] [Times: user=0.01 sys=0.00, real=0.00 secs] 
2024-07-04T23:53:30.262+0800: 4469.577: [GC (Allocation Failure) [PSYoungGen: 115254K->1120K(143360K)] 463078K->348951K(751104K), 0.0027326 secs] [Times: user=0.00 sys=0.00, real=0.00 secs] 
2024-07-04T23:53:31.099+0800: 4470.413: [GC (Allocation Failure) [PSYoungGen: 112566K->1120K(111104K)] 460397K->348959K(718848K), 0.0027051 secs] [Times: user=0.00 sys=0.01, real=0.00 secs] 
2024-07-04T23:53:31.923+0800: 4471.237: [GC (Allocation Failure) [PSYoungGen: 110414K->1632K(135168K)] 458253K->349479K(742912K), 0.0029606 secs] [Times: user=0.01 sys=0.00, real=0.01 secs] 
2024-07-04T23:53:32.739+0800: 4472.053: [GC (Allocation Failure) [PSYoungGen: 108911K->1632K(107520K)] 456758K->349487K(715264K), 0.0027783 secs] [Times: user=0.00 sys=0.00, real=0.00 secs] 
2024-07-04T23:53:33.527+0800: 4472.841: [GC (Allocation Failure) [PSYoungGen: 106893K->1632K(128000K)] 454749K->349495K(735744K), 0.0049338 secs] [Times: user=0.00 sys=0.00, real=0.00 secs] 
2024-07-04T23:53:34.288+0800: 4473.602: [GC (Allocation Failure) [PSYoungGen: 104637K->1120K(103424K)] 452500K->348991K(711168K), 0.0027776 secs] [Times: user=0.01 sys=0.00, real=0.00 secs] 
2024-07-04T23:53:35.049+0800: 4474.364: [GC (Allocation Failure) [PSYoungGen: 102518K->1120K(129536K)] 450390K->348999K(737280K), 0.0043637 secs] [Times: user=0.01 sys=0.00, real=0.01 secs] 
2024-07-04T23:53:35.823+0800: 4475.138: [GC (Allocation Failure) [PSYoungGen: 104121K->1152K(103424K)] 452000K->349039K(711168K), 0.0027242 secs] [Times: user=0.00 sys=0.00, real=0.01 secs] 
2024-07-04T23:53:36.587+0800: 4475.901: [GC (Allocation Failure) [PSYoungGen: 102548K->1632K(126464K)] 450436K->349527K(734208K), 0.0036367 secs] [Times: user=0.01 sys=0.00, real=0.00 secs] 
2024-07-04T23:53:37.390+0800: 4476.704: [GC (Allocation Failure) [PSYoungGen: 104827K->1152K(103424K)] 452722K->349055K(711168K), 0.0026642 secs] [Times: user=0.01 sys=0.00, real=0.00 secs] 
2024-07-04T23:53:38.124+0800: 4477.438: [GC (Allocation Failure) [PSYoungGen: 102595K->1152K(116224K)] 450499K->349063K(723968K), 0.0025614 secs] [Times: user=0.01 sys=0.00, real=0.01 secs] 
2024-07-04T23:53:38.845+0800: 4478.159: [GC (Allocation Failure) [PSYoungGen: 100997K->64K(99328K)] 448908K->349007K(707072K), 0.0038056 secs] [Times: user=0.00 sys=0.00, real=0.01 secs] 
2024-07-04T23:53:39.627+0800: 4478.941: [GC (Allocation Failure) [PSYoungGen: 98793K->608K(111616K)] 447736K->349559K(719360K), 0.0025820 secs] [Times: user=0.00 sys=0.01, real=0.00 secs] 
2024-07-04T23:53:40.391+0800: 4479.705: [GC (Allocation Failure) [PSYoungGen: 97776K->608K(96768K)] 446728K->349567K(704512K), 0.0026274 secs] [Times: user=0.00 sys=0.00, real=0.00 secs] 
2024-07-04T23:53:41.137+0800: 4480.451: [GC (Allocation Failure) [PSYoungGen: 96213K->96K(106496K)] 445173K->349063K(714240K), 0.0025143 secs] [Times: user=0.00 sys=0.00, real=0.00 secs] 
2024-07-04T23:53:41.883+0800: 4481.197: [GC (Allocation Failure) [PSYoungGen: 94134K->608K(93696K)] 443101K->349583K(701440K), 0.0026828 secs] [Times: user=0.01 sys=0.00, real=0.01 secs] 
2024-07-04T23:53:42.624+0800: 4481.938: [GC (Allocation Failure) [PSYoungGen: 93075K->128K(102400K)] 442051K->349111K(710144K), 0.0031774 secs] [Times: user=0.01 sys=0.00, real=0.01 secs] 
2024-07-04T23:53:43.339+0800: 4482.654: [GC (Allocation Failure) [PSYoungGen: 91033K->64K(90112K)] 440016K->349055K(697856K), 0.0036286 secs] [Times: user=0.00 sys=0.00, real=0.00 secs] 
2024-07-04T23:53:44.054+0800: 4483.368: [GC (Allocation Failure) [PSYoungGen: 89399K->640K(102912K)] 438391K->349639K(710656K), 0.0046035 secs] [Times: user=0.01 sys=0.00, real=0.00 secs] 
2024-07-04T23:53:44.758+0800: 4484.072: [GC (Allocation Failure) [PSYoungGen: 91020K->80K(101888K)] 440019K->349087K(709632K), 0.0040522 secs] [Times: user=0.01 sys=0.00, real=0.00 secs] 
2024-07-04T23:53:45.478+0800: 4484.792: [GC (Allocation Failure) [PSYoungGen: 90464K->608K(107520K)] 439471K->349623K(715264K), 0.0025407 secs] [Times: user=0.00 sys=0.00, real=0.00 secs] 
2024-07-04T23:53:46.262+0800: 4485.576: [GC (Allocation Failure) [PSYoungGen: 99343K->96K(108544K)] 448359K->349119K(716288K), 0.0024267 secs] [Times: user=0.00 sys=0.00, real=0.00 secs] 
2024-07-04T23:53:46.986+0800: 4486.301: [GC (Allocation Failure) [PSYoungGen: 98432K->608K(98304K)] 447455K->349639K(706048K), 0.0026120 secs] [Times: user=0.00 sys=0.00, real=0.00 secs] 
2024-07-04T23:53:47.704+0800: 4487.019: [GC (Allocation Failure) [PSYoungGen: 97778K->576K(104448K)] 446809K->349615K(712192K), 0.0023696 secs] [Times: user=0.01 sys=0.00, real=0.01 secs] 
2024-07-04T23:53:48.405+0800: 4487.720: [GC (Allocation Failure) [PSYoungGen: 96179K->96K(95232K)] 445218K->349143K(702976K), 0.0023997 secs] [Times: user=0.00 sys=0.00, real=0.01 secs] 
2024-07-04T23:53:49.096+0800: 4488.410: [GC (Allocation Failure) [PSYoungGen: 94133K->608K(100352K)] 443180K->349663K(708096K), 0.0023933 secs] [Times: user=0.01 sys=0.00, real=0.00 secs] 
2024-07-04T23:53:49.778+0800: 4489.092: [GC (Allocation Failure) [PSYoungGen: 93074K->128K(102400K)] 442129K->349191K(710144K), 0.0044046 secs] [Times: user=0.00 sys=0.00, real=0.00 secs] 
2024-07-04T23:53:50.474+0800: 4489.788: [GC (Allocation Failure) [PSYoungGen: 95210K->640K(101888K)] 444273K->349711K(709632K), 0.0046268 secs] [Times: user=0.01 sys=0.00, real=0.00 secs] 
2024-07-04T23:53:51.168+0800: 4490.482: [GC (Allocation Failure) [PSYoungGen: 95718K->608K(109056K)] 444789K->349687K(716800K), 0.0026295 secs] [Times: user=0.00 sys=0.00, real=0.00 secs] 
2024-07-04T23:53:51.937+0800: 4491.251: [GC (Allocation Failure) [PSYoungGen: 104113K->96K(109568K)] 453193K->349183K(717312K), 0.0022588 secs] [Times: user=0.00 sys=0.00, real=0.00 secs] 
2024-07-04T23:53:52.706+0800: 4492.020: [GC (Allocation Failure) [PSYoungGen: 103704K->640K(117760K)] 452791K->349735K(725504K), 0.0042781 secs] [Times: user=0.00 sys=0.00, real=0.00 secs] 
2024-07-04T23:53:53.542+0800: 4492.856: [GC (Allocation Failure) [PSYoungGen: 113788K->96K(117760K)] 462883K->349199K(725504K), 0.0023758 secs] [Times: user=0.00 sys=0.00, real=0.00 secs] 
2024-07-04T23:53:54.366+0800: 4493.680: [GC (Allocation Failure) [PSYoungGen: 112754K->608K(112128K)] 461857K->349719K(719872K), 0.0025763 secs] [Times: user=0.00 sys=0.00, real=0.00 secs] 
2024-07-04T23:53:55.185+0800: 4494.499: [GC (Allocation Failure) [PSYoungGen: 111712K->128K(109568K)] 460823K->349247K(717312K), 0.0026603 secs] [Times: user=0.01 sys=0.00, real=0.01 secs] 
2024-07-04T23:53:55.989+0800: 4495.303: [GC (Allocation Failure) [PSYoungGen: 108940K->96K(107520K)] 458060K->349223K(715264K), 0.0023991 secs] [Times: user=0.00 sys=0.00, real=0.00 secs] 
2024-07-04T23:53:56.766+0800: 4496.080: [GC (Allocation Failure) [PSYoungGen: 106855K->608K(108544K)] 455982K->349743K(716288K), 0.0038005 secs] [Times: user=0.01 sys=0.00, real=0.00 secs] 
2024-07-04T23:53:57.538+0800: 4496.852: [GC (Allocation Failure) [PSYoungGen: 105326K->608K(103936K)] 454461K->349751K(711680K), 0.0026476 secs] [Times: user=0.00 sys=0.00, real=0.00 secs] 
2024-07-04T23:53:58.276+0800: 4497.590: [GC (Allocation Failure) [PSYoungGen: 103162K->96K(101888K)] 452306K->349247K(709632K), 0.0022294 secs] [Times: user=0.01 sys=0.00, real=0.00 secs] 
2024-07-04T23:53:59.009+0800: 4498.323: [GC (Allocation Failure) [PSYoungGen: 101007K->608K(100864K)] 450158K->349767K(708608K), 0.0039095 secs] [Times: user=0.00 sys=0.00, real=0.00 secs] 
2024-07-04T23:53:59.707+0800: 4499.021: [GC (Allocation Failure) [PSYoungGen: 99966K->96K(101376K)] 449126K->349263K(709120K), 0.0023170 secs] [Times: user=0.00 sys=0.00, real=0.00 secs] 
2024-07-04T23:54:00.430+0800: 4499.744: [GC (Allocation Failure) [PSYoungGen: 98310K->64K(107008K)] 447478K->349239K(714752K), 0.0036440 secs] [Times: user=0.00 sys=0.00, real=0.01 secs] 
2024-07-04T23:54:01.198+0800: 4500.513: [GC (Allocation Failure) [PSYoungGen: 106259K->96K(107008K)] 455435K->349279K(714752K), 0.0022912 secs] [Times: user=0.01 sys=0.00, real=0.00 secs] 
2024-07-04T23:54:01.967+0800: 4501.282: [GC (Allocation Failure) [PSYoungGen: 104184K->96K(103424K)] 453367K->349287K(711168K), 0.0022235 secs] [Times: user=0.01 sys=0.00, real=0.00 secs] 
2024-07-04T23:54:02.736+0800: 4502.050: [GC (Allocation Failure) [PSYoungGen: 102536K->96K(103936K)] 451728K->349295K(711680K), 0.0023240 secs] [Times: user=0.00 sys=0.00, real=0.00 secs] 
2024-07-04T23:54:03.449+0800: 4502.763: [GC (Allocation Failure) [PSYoungGen: 101439K->96K(100352K)] 450638K->349303K(708096K), 0.0022628 secs] [Times: user=0.00 sys=0.00, real=0.00 secs] 
2024-07-04T23:54:04.151+0800: 4503.465: [GC (Allocation Failure) [PSYoungGen: 99873K->128K(100352K)] 449081K->349343K(708096K), 0.0036175 secs] [Times: user=0.00 sys=0.00, real=0.01 secs] 
2024-07-04T23:54:04.842+0800: 4504.156: [GC (Allocation Failure) [PSYoungGen: 98339K->608K(97792K)] 447555K->349831K(705536K), 0.0022863 secs] [Times: user=0.00 sys=0.00, real=0.00 secs] 
2024-07-04T23:54:05.521+0800: 4504.835: [GC (Allocation Failure) [PSYoungGen: 97253K->608K(96256K)] 446477K->349839K(704000K), 0.0022737 secs] [Times: user=0.01 sys=0.00, real=0.00 secs] 
2024-07-04T23:54:06.191+0800: 4505.505: [GC (Allocation Failure) [PSYoungGen: 95691K->640K(94720K)] 444922K->349879K(702464K), 0.0032331 secs] [Times: user=0.00 sys=0.00, real=0.01 secs] 
2024-07-04T23:54:06.854+0800: 4506.168: [GC (Allocation Failure) [PSYoungGen: 94155K->608K(93184K)] 443395K->349855K(700928K), 0.0023225 secs] [Times: user=0.00 sys=0.00, real=0.00 secs] 
2024-07-04T23:54:07.504+0800: 4506.818: [GC (Allocation Failure) [PSYoungGen: 92556K->96K(91136K)] 441804K->349351K(698880K), 0.0024405 secs] [Times: user=0.00 sys=0.00, real=0.01 secs] 
2024-07-04T23:54:08.142+0800: 4507.456: [GC (Allocation Failure) [PSYoungGen: 90478K->64K(99840K)] 439733K->349327K(707584K), 0.0032060 secs] [Times: user=0.00 sys=0.00, real=0.00 secs] 
2024-07-04T23:54:08.835+0800: 4508.149: [GC (Allocation Failure) [PSYoungGen: 98275K->640K(106496K)] 447538K->349911K(714240K), 0.0031697 secs] [Times: user=0.00 sys=0.00, real=0.00 secs] 
2024-07-04T23:54:09.574+0800: 4508.888: [GC (Allocation Failure) [PSYoungGen: 105269K->608K(106496K)] 454541K->349887K(714240K), 0.0034769 secs] [Times: user=0.00 sys=0.00, real=0.00 secs] 
2024-07-04T23:54:10.315+0800: 4509.629: [GC (Allocation Failure) [PSYoungGen: 105497K->96K(103424K)] 454777K->349383K(711168K), 0.0021419 secs] [Times: user=0.01 sys=0.00, real=0.00 secs] 
2024-07-04T23:54:11.038+0800: 4510.352: [GC (Allocation Failure) [PSYoungGen: 103007K->64K(113152K)] 452294K->349359K(720896K), 0.0036172 secs] [Times: user=0.01 sys=0.00, real=0.00 secs] 
2024-07-04T23:54:11.828+0800: 4511.143: [GC (Allocation Failure) [PSYoungGen: 111633K->64K(114176K)] 460928K->349367K(721920K), 0.0029138 secs] [Times: user=0.01 sys=0.00, real=0.00 secs] 
2024-07-04T23:54:12.630+0800: 4511.944: [GC (Allocation Failure) [PSYoungGen: 112683K->608K(111616K)] 461986K->349919K(719360K), 0.0026037 secs] [Times: user=0.00 sys=0.00, real=0.00 secs] 
2024-07-04T23:54:13.411+0800: 4512.725: [GC (Allocation Failure) [PSYoungGen: 111034K->608K(109568K)] 460346K->349927K(717312K), 0.0023698 secs] [Times: user=0.00 sys=0.00, real=0.00 secs] 
2024-07-04T23:54:14.179+0800: 4513.494: [GC (Allocation Failure) [PSYoungGen: 109136K->608K(107520K)] 458456K->349935K(715264K), 0.0022361 secs] [Times: user=0.00 sys=0.00, real=0.00 secs] 
2024-07-04T23:54:14.928+0800: 4514.242: [GC (Allocation Failure) [PSYoungGen: 106784K->96K(104960K)] 456112K->349431K(712704K), 0.0021875 secs] [Times: user=0.00 sys=0.00, real=0.00 secs] 
2024-07-04T23:54:15.656+0800: 4514.970: [GC (Allocation Failure) [PSYoungGen: 104207K->608K(104448K)] 453542K->349951K(712192K), 0.0023538 secs] [Times: user=0.00 sys=0.00, real=0.00 secs] 
2024-07-04T23:54:16.385+0800: 4515.699: [GC (Allocation Failure) [PSYoungGen: 103518K->608K(102400K)] 452861K->349959K(710144K), 0.0023560 secs] [Times: user=0.01 sys=0.00, real=0.01 secs] 
2024-07-04T23:54:17.102+0800: 4516.416: [GC (Allocation Failure) [PSYoungGen: 101959K->576K(100864K)] 451311K->349935K(708608K), 0.0027327 secs] [Times: user=0.01 sys=0.00, real=0.00 secs] 
2024-07-04T23:54:17.809+0800: 4517.123: [GC (Allocation Failure) [PSYoungGen: 100359K->96K(98816K)] 449718K->349463K(706560K), 0.0022436 secs] [Times: user=0.01 sys=0.00, real=0.00 secs] 
2024-07-04T23:54:18.498+0800: 4517.812: [GC (Allocation Failure) [PSYoungGen: 98311K->608K(98304K)] 447678K->349983K(706048K), 0.0022937 secs] [Times: user=0.00 sys=0.00, real=0.00 secs] 
2024-07-04T23:54:19.179+0800: 4518.493: [GC (Allocation Failure) [PSYoungGen: 97252K->608K(96256K)] 446627K->349991K(704000K), 0.0022395 secs] [Times: user=0.00 sys=0.00, real=0.00 secs] 
2024-07-04T23:54:19.852+0800: 4519.166: [GC (Allocation Failure) [PSYoungGen: 95690K->96K(94208K)] 445073K->349487K(701952K), 0.0023621 secs] [Times: user=0.00 sys=0.00, real=0.01 secs] 
2024-07-04T23:54:20.510+0800: 4519.824: [GC (Allocation Failure) [PSYoungGen: 93611K->608K(93184K)] 443002K->350007K(700928K), 0.0032310 secs] [Times: user=0.00 sys=0.00, real=0.00 secs] 
2024-07-04T23:54:21.157+0800: 4520.472: [GC (Allocation Failure) [PSYoungGen: 92552K->64K(100352K)] 441952K->349471K(708096K), 0.0034494 secs] [Times: user=0.00 sys=0.00, real=0.00 secs] 
2024-07-04T23:54:21.858+0800: 4521.172: [GC (Allocation Failure) [PSYoungGen: 99846K->608K(99328K)] 449253K->350023K(707072K), 0.0025362 secs] [Times: user=0.01 sys=0.00, real=0.00 secs] 
2024-07-04T23:54:22.554+0800: 4521.868: [GC (Allocation Failure) [PSYoungGen: 98819K->64K(107008K)] 448234K->349487K(714752K), 0.0034863 secs] [Times: user=0.00 sys=0.00, real=0.00 secs] 
2024-07-04T23:54:23.298+0800: 4522.612: [GC (Allocation Failure) [PSYoungGen: 105249K->96K(103936K)] 454672K->349527K(711680K), 0.0021859 secs] [Times: user=0.01 sys=0.00, real=0.00 secs] 
2024-07-04T23:54:24.020+0800: 4523.335: [GC (Allocation Failure) [PSYoungGen: 103089K->608K(103424K)] 452521K->350047K(711168K), 0.0022308 secs] [Times: user=0.01 sys=0.00, real=0.00 secs] 
2024-07-04T23:54:24.734+0800: 4524.049: [GC (Allocation Failure) [PSYoungGen: 102472K->576K(107008K)] 451911K->350023K(714752K), 0.0037988 secs] [Times: user=0.00 sys=0.01, real=0.00 secs] 
2024-07-04T23:54:25.474+0800: 4524.789: [GC (Allocation Failure) [PSYoungGen: 105696K->576K(107008K)] 455144K->350031K(714752K), 0.0035991 secs] [Times: user=0.01 sys=0.00, real=0.00 secs] 
2024-07-04T23:54:26.214+0800: 4525.528: [GC (Allocation Failure) [PSYoungGen: 105807K->608K(115200K)] 455262K->350071K(722944K), 0.0024389 secs] [Times: user=0.00 sys=0.00, real=0.00 secs] 
2024-07-04T23:54:27.020+0800: 4526.334: [GC (Allocation Failure) [PSYoungGen: 114345K->96K(112640K)] 463808K->349567K(720384K), 0.0021536 secs] [Times: user=0.00 sys=0.00, real=0.00 secs] 
2024-07-04T23:54:27.804+0800: 4527.118: [GC (Allocation Failure) [PSYoungGen: 111766K->608K(111104K)] 461238K->350087K(718848K), 0.0024255 secs] [Times: user=0.00 sys=0.00, real=0.01 secs] 
2024-07-04T23:54:28.576+0800: 4527.891: [GC (Allocation Failure) [PSYoungGen: 110194K->608K(109056K)] 459674K->350095K(716800K), 0.0028086 secs] [Times: user=0.00 sys=0.00, real=0.00 secs] 
2024-07-04T23:54:29.334+0800: 4528.648: [GC (Allocation Failure) [PSYoungGen: 108575K->608K(107008K)] 458062K->350103K(714752K), 0.0023368 secs] [Times: user=0.00 sys=0.00, real=0.00 secs] 
2024-07-04T23:54:30.080+0800: 4529.394: [GC (Allocation Failure) [PSYoungGen: 106271K->608K(104960K)] 455767K->350111K(712704K), 0.0023231 secs] [Times: user=0.00 sys=0.00, real=0.00 secs] 
2024-07-04T23:54:30.807+0800: 4530.121: [GC (Allocation Failure) [PSYoungGen: 104394K->608K(103424K)] 453897K->350119K(711168K), 0.0022746 secs] [Times: user=0.01 sys=0.00, real=0.00 secs] 
2024-07-04T23:54:31.528+0800: 4530.843: [GC (Allocation Failure) [PSYoungGen: 103000K->64K(101376K)] 452512K->349583K(709120K), 0.0027445 secs] [Times: user=0.00 sys=0.00, real=0.00 secs] 
2024-07-04T23:54:32.244+0800: 4531.558: [GC (Allocation Failure) [PSYoungGen: 100888K->96K(99840K)] 450407K->349623K(707584K), 0.0023145 secs] [Times: user=0.01 sys=0.00, real=0.01 secs] 
2024-07-04T23:54:32.937+0800: 4532.251: [GC (Allocation Failure) [PSYoungGen: 99350K->608K(99328K)] 448877K->350143K(707072K), 0.0023049 secs] [Times: user=0.01 sys=0.00, real=0.00 secs] 
2024-07-04T23:54:33.624+0800: 4532.938: [GC (Allocation Failure) [PSYoungGen: 98296K->64K(96768K)] 447831K->349607K(704512K), 0.0030696 secs] [Times: user=0.01 sys=0.00, real=0.01 secs] 
2024-07-04T23:54:34.299+0800: 4533.613: [GC (Allocation Failure) [PSYoungGen: 96191K->608K(96256K)] 445734K->350159K(704000K), 0.0022878 secs] [Times: user=0.00 sys=0.00, real=0.00 secs] 
2024-07-04T23:54:34.967+0800: 4534.281: [GC (Allocation Failure) [PSYoungGen: 95163K->64K(102912K)] 444715K->349623K(710656K), 0.0036733 secs] [Times: user=0.00 sys=0.00, real=0.00 secs] 
2024-07-04T23:54:35.686+0800: 4535.000: [GC (Allocation Failure) [PSYoungGen: 102458K->608K(102400K)] 452017K->350175K(710144K), 0.0025003 secs] [Times: user=0.00 sys=0.00, real=0.00 secs] 
2024-07-04T23:54:36.398+0800: 4535.712: [GC (Allocation Failure) [PSYoungGen: 101429K->96K(99840K)] 450997K->349671K(707584K), 0.0023226 secs] [Times: user=0.01 sys=0.00, real=0.00 secs] 
2024-07-04T23:54:37.093+0800: 4536.407: [GC (Allocation Failure) [PSYoungGen: 99356K->640K(99328K)] 448931K->350223K(707072K), 0.0024563 secs] [Times: user=0.00 sys=0.00, real=0.01 secs] 
2024-07-04T23:54:37.779+0800: 4537.093: [GC (Allocation Failure) [PSYoungGen: 98328K->96K(96768K)] 447911K->349687K(704512K), 0.0022253 secs] [Times: user=0.00 sys=0.00, real=0.00 secs] 
2024-07-04T23:54:38.454+0800: 4537.768: [GC (Allocation Failure) [PSYoungGen: 96222K->608K(96256K)] 445814K->350207K(704000K), 0.0023636 secs] [Times: user=0.00 sys=0.00, real=0.00 secs] 
2024-07-04T23:54:39.119+0800: 4538.433: [GC (Allocation Failure) [PSYoungGen: 95163K->96K(93696K)] 444763K->349703K(701440K), 0.0023179 secs] [Times: user=0.01 sys=0.00, real=0.00 secs] 
2024-07-04T23:54:39.774+0800: 4539.088: [GC (Allocation Failure) [PSYoungGen: 93090K->608K(93184K)] 442697K->350223K(700928K), 0.0022708 secs] [Times: user=0.01 sys=0.00, real=0.00 secs] 
2024-07-04T23:54:40.424+0800: 4539.739: [GC (Allocation Failure) [PSYoungGen: 92031K->96K(90624K)] 441646K->349719K(698368K), 0.0022825 secs] [Times: user=0.01 sys=0.00, real=0.01 secs] 
2024-07-04T23:54:41.058+0800: 4540.372: [GC (Allocation Failure) [PSYoungGen: 89957K->128K(90112K)] 439580K->349759K(697856K), 0.0030604 secs] [Times: user=0.00 sys=0.00, real=0.00 secs] 
2024-07-04T23:54:41.675+0800: 4540.990: [GC (Allocation Failure) [PSYoungGen: 88418K->608K(88064K)] 438050K->350247K(695808K), 0.0023034 secs] [Times: user=0.01 sys=0.00, real=0.00 secs] 
2024-07-04T23:54:42.290+0800: 4541.604: [GC (Allocation Failure) [PSYoungGen: 87332K->608K(87040K)] 436972K->350255K(694784K), 0.0022848 secs] [Times: user=0.00 sys=0.00, real=0.00 secs] 
2024-07-04T23:54:42.903+0800: 4542.218: [GC (Allocation Failure) [PSYoungGen: 86293K->96K(85504K)] 435941K->349751K(693248K), 0.0022416 secs] [Times: user=0.00 sys=0.00, real=0.01 secs] 
2024-07-04T23:54:43.502+0800: 4542.816: [GC (Allocation Failure) [PSYoungGen: 84735K->96K(85504K)] 434391K->349759K(693248K), 0.0021319 secs] [Times: user=0.01 sys=0.00, real=0.00 secs] 
2024-07-04T23:54:44.094+0800: 4543.408: [GC (Allocation Failure) [PSYoungGen: 83687K->96K(83456K)] 433350K->349767K(691200K), 0.0023494 secs] [Times: user=0.01 sys=0.00, real=0.00 secs] 
2024-07-04T23:54:44.674+0800: 4543.989: [GC (Allocation Failure) [PSYoungGen: 82644K->608K(82944K)] 432315K->350287K(690688K), 0.0022482 secs] [Times: user=0.01 sys=0.00, real=0.00 secs] 
2024-07-04T23:54:45.250+0800: 4544.564: [GC (Allocation Failure) [PSYoungGen: 82113K->96K(81408K)] 431792K->349783K(689152K), 0.0023329 secs] [Times: user=0.00 sys=0.00, real=0.00 secs] 
2024-07-04T23:54:45.822+0800: 4545.136: [GC (Allocation Failure) [PSYoungGen: 80560K->608K(81408K)] 430247K->350303K(689152K), 0.0023514 secs] [Times: user=0.00 sys=0.00, real=0.00 secs] 
2024-07-04T23:54:46.386+0800: 4545.700: [GC (Allocation Failure) [PSYoungGen: 80023K->96K(79360K)] 429718K->349799K(687104K), 0.0023808 secs] [Times: user=0.00 sys=0.01, real=0.01 secs] 
2024-07-04T23:54:46.957+0800: 4546.272: [GC (Allocation Failure) [PSYoungGen: 78471K->96K(79360K)] 428175K->349807K(687104K), 0.0022608 secs] [Times: user=0.00 sys=0.00, real=0.00 secs] 
2024-07-04T23:54:47.523+0800: 4546.837: [GC (Allocation Failure) [PSYoungGen: 77423K->96K(77312K)] 427134K->349815K(685056K), 0.0022593 secs] [Times: user=0.01 sys=0.00, real=0.00 secs] 
2024-07-04T23:54:48.070+0800: 4547.384: [GC (Allocation Failure) [PSYoungGen: 76891K->96K(76800K)] 426611K->349823K(684544K), 0.0021672 secs] [Times: user=0.00 sys=0.00, real=0.00 secs] 
2024-07-04T23:54:48.629+0800: 4547.943: [GC (Allocation Failure) [PSYoungGen: 75847K->608K(82944K)] 425575K->350343K(690688K), 0.0028592 secs] [Times: user=0.00 sys=0.00, real=0.00 secs] 
2024-07-04T23:54:49.240+0800: 4548.554: [GC (Allocation Failure) [PSYoungGen: 82114K->608K(89600K)] 431850K->350351K(697344K), 0.0024823 secs] [Times: user=0.01 sys=0.00, real=0.00 secs] 
2024-07-04T23:54:49.890+0800: 4549.204: [GC (Allocation Failure) [PSYoungGen: 88907K->96K(87552K)] 438650K->349847K(695296K), 0.0022617 secs] [Times: user=0.00 sys=0.00, real=0.00 secs] 
2024-07-04T23:54:50.519+0800: 4549.833: [GC (Allocation Failure) [PSYoungGen: 86826K->96K(87040K)] 436577K->349855K(694784K), 0.0020954 secs] [Times: user=0.00 sys=0.00, real=0.00 secs] 
2024-07-04T23:54:51.135+0800: 4550.449: [GC (Allocation Failure) [PSYoungGen: 85777K->96K(85504K)] 435537K->349863K(693248K), 0.0022518 secs] [Times: user=0.00 sys=0.00, real=0.00 secs] 
2024-07-04T23:54:51.737+0800: 4551.052: [GC (Allocation Failure) [PSYoungGen: 84733K->608K(84992K)] 434500K->350383K(692736K), 0.0022679 secs] [Times: user=0.01 sys=0.00, real=0.00 secs] 
2024-07-04T23:54:52.355+0800: 4551.669: [GC (Allocation Failure) [PSYoungGen: 84201K->64K(91648K)] 433977K->349847K(699392K), 0.0036110 secs] [Times: user=0.01 sys=0.00, real=0.00 secs] 
2024-07-04T23:54:53.028+0800: 4552.342: [GC (Allocation Failure) [PSYoungGen: 90973K->96K(90624K)] 440756K->349887K(698368K), 0.0021696 secs] [Times: user=0.01 sys=0.00, real=0.00 secs] 
2024-07-04T23:54:53.678+0800: 4552.993: [GC (Allocation Failure) [PSYoungGen: 89432K->608K(89088K)] 439224K->350407K(696832K), 0.0023535 secs] [Times: user=0.00 sys=0.00, real=0.00 secs] 
2024-07-04T23:54:54.318+0800: 4553.632: [GC (Allocation Failure) [PSYoungGen: 88378K->64K(96256K)] 438178K->349871K(704000K), 0.0033703 secs] [Times: user=0.00 sys=0.00, real=0.00 secs] 
2024-07-04T23:54:55.029+0800: 4554.343: [GC (Allocation Failure) [PSYoungGen: 95671K->608K(95232K)] 445479K->350423K(702976K), 0.0021898 secs] [Times: user=0.01 sys=0.00, real=0.00 secs] 
2024-07-04T23:54:55.698+0800: 4555.012: [GC (Allocation Failure) [PSYoungGen: 94643K->96K(93184K)] 444459K->349919K(700928K), 0.0022560 secs] [Times: user=0.01 sys=0.00, real=0.00 secs] 
2024-07-04T23:54:56.357+0800: 4555.671: [GC (Allocation Failure) [PSYoungGen: 92569K->96K(91648K)] 442392K->349927K(699392K), 0.0022719 secs] [Times: user=0.00 sys=0.00, real=0.00 secs] 
2024-07-04T23:54:57.005+0800: 4556.320: [GC (Allocation Failure) [PSYoungGen: 90998K->96K(90624K)] 440829K->349935K(698368K), 0.0022033 secs] [Times: user=0.00 sys=0.00, real=0.01 secs] 
2024-07-04T23:54:57.651+0800: 4556.965: [GC (Allocation Failure) [PSYoungGen: 89432K->608K(89088K)] 439271K->350455K(696832K), 0.0022554 secs] [Times: user=0.01 sys=0.00, real=0.00 secs] 
2024-07-04T23:54:58.276+0800: 4557.590: [GC (Allocation Failure) [PSYoungGen: 88377K->576K(87552K)] 438225K->350431K(695296K), 0.0023779 secs] [Times: user=0.00 sys=0.00, real=0.00 secs] 
2024-07-04T23:54:58.926+0800: 4558.240: [GC (Allocation Failure) [PSYoungGen: 86783K->64K(94208K)] 436639K->349927K(701952K), 0.0037817 secs] [Times: user=0.00 sys=0.00, real=0.00 secs] 
2024-07-04T23:54:59.608+0800: 4558.922: [GC (Allocation Failure) [PSYoungGen: 93582K->576K(96768K)] 443445K->350447K(704512K), 0.0032897 secs] [Times: user=0.01 sys=0.00, real=0.00 secs] 
2024-07-04T23:55:00.308+0800: 4559.623: [GC (Allocation Failure) [PSYoungGen: 96177K->640K(102400K)] 446048K->350519K(710144K), 0.0030008 secs] [Times: user=0.00 sys=0.00, real=0.00 secs] 
2024-07-04T23:55:01.042+0800: 4560.356: [GC (Allocation Failure) [PSYoungGen: 101588K->608K(102912K)] 451467K->350495K(710656K), 0.0024444 secs] [Times: user=0.01 sys=0.00, real=0.00 secs] 
2024-07-04T23:55:01.770+0800: 4561.084: [GC (Allocation Failure) [PSYoungGen: 101955K->608K(100864K)] 451843K->350503K(708608K), 0.0024136 secs] [Times: user=0.00 sys=0.00, real=0.00 secs] 
2024-07-04T23:55:02.514+0800: 4561.828: [GC (Allocation Failure) [PSYoungGen: 100388K->128K(98816K)] 450284K->350031K(706560K), 0.0031362 secs] [Times: user=0.00 sys=0.00, real=0.00 secs] 
2024-07-04T23:55:03.214+0800: 4562.528: [GC (Allocation Failure) [PSYoungGen: 98341K->128K(107008K)] 448244K->350039K(714752K), 0.0034337 secs] [Times: user=0.00 sys=0.00, real=0.00 secs] 
2024-07-04T23:55:03.995+0800: 4563.309: [GC (Allocation Failure) [PSYoungGen: 106291K->640K(109056K)] 456203K->350559K(716800K), 0.0036037 secs] [Times: user=0.00 sys=0.00, real=0.00 secs] 
2024-07-04T23:55:04.782+0800: 4564.096: [GC (Allocation Failure) [PSYoungGen: 107982K->640K(117248K)] 457901K->350567K(724992K), 0.0042812 secs] [Times: user=0.00 sys=0.00, real=0.01 secs] 
2024-07-04T23:55:05.626+0800: 4564.940: [GC (Allocation Failure) [PSYoungGen: 115938K->608K(117248K)] 465866K->350543K(724992K), 0.0025532 secs] [Times: user=0.00 sys=0.00, real=0.00 secs] 
2024-07-04T23:55:06.454+0800: 4565.768: [GC (Allocation Failure) [PSYoungGen: 115938K->96K(114176K)] 465873K->350039K(721920K), 0.0033819 secs] [Times: user=0.00 sys=0.00, real=0.00 secs] 
2024-07-04T23:55:07.284+0800: 4566.598: [GC (Allocation Failure) [PSYoungGen: 113408K->608K(113152K)] 463352K->350559K(720896K), 0.0027047 secs] [Times: user=0.00 sys=0.00, real=0.01 secs] 
2024-07-04T23:55:08.102+0800: 4567.416: [GC (Allocation Failure) [PSYoungGen: 112094K->608K(110592K)] 462045K->350567K(718336K), 0.0024777 secs] [Times: user=0.01 sys=0.00, real=0.00 secs] 
2024-07-04T23:55:08.900+0800: 4568.214: [GC (Allocation Failure) [PSYoungGen: 109671K->96K(108032K)] 459630K->350063K(715776K), 0.0022777 secs] [Times: user=0.00 sys=0.00, real=0.00 secs] 
2024-07-04T23:55:09.689+0800: 4569.004: [GC (Allocation Failure) [PSYoungGen: 107454K->640K(106496K)] 457422K->350615K(714240K), 0.0036609 secs] [Times: user=0.00 sys=0.00, real=0.00 secs] 
2024-07-04T23:55:10.462+0800: 4569.776: [GC (Allocation Failure) [PSYoungGen: 105774K->608K(104448K)] 455749K->350591K(712192K), 0.0026680 secs] [Times: user=0.01 sys=0.00, real=0.00 secs] 
2024-07-04T23:55:11.204+0800: 4570.519: [GC (Allocation Failure) [PSYoungGen: 103575K->96K(102400K)] 453558K->350087K(710144K), 0.0022569 secs] [Times: user=0.01 sys=0.00, real=0.01 secs] 
2024-07-04T23:55:11.921+0800: 4571.235: [GC (Allocation Failure) [PSYoungGen: 101658K->608K(101888K)] 451650K->350607K(709632K), 0.0025012 secs] [Times: user=0.01 sys=0.00, real=0.00 secs] 
2024-07-04T23:55:12.670+0800: 4571.984: [GC (Allocation Failure) [PSYoungGen: 100908K->96K(99328K)] 450908K->350103K(707072K), 0.0024805 secs] [Times: user=0.00 sys=0.00, real=0.00 secs] 
2024-07-04T23:55:13.370+0800: 4572.684: [GC (Allocation Failure) [PSYoungGen: 98834K->608K(98816K)] 448841K->350623K(706560K), 0.0026208 secs] [Times: user=0.00 sys=0.00, real=0.00 secs] 
2024-07-04T23:55:14.078+0800: 4573.392: [GC (Allocation Failure) [PSYoungGen: 97775K->608K(96768K)] 447790K->350631K(704512K), 0.0024370 secs] [Times: user=0.00 sys=0.00, real=0.00 secs] 
2024-07-04T23:55:14.809+0800: 4574.123: [GC (Allocation Failure) [PSYoungGen: 96212K->96K(94720K)] 446235K->350127K(702464K), 0.0023658 secs] [Times: user=0.00 sys=0.00, real=0.00 secs] 
2024-07-04T23:55:15.515+0800: 4574.829: [GC (Allocation Failure) [PSYoungGen: 94133K->96K(93184K)] 444165K->350135K(700928K), 0.0023519 secs] [Times: user=0.01 sys=0.00, real=0.00 secs] 
2024-07-04T23:55:16.181+0800: 4575.495: [GC (Allocation Failure) [PSYoungGen: 92562K->96K(92672K)] 442602K->350143K(700416K), 0.0022154 secs] [Times: user=0.00 sys=0.00, real=0.00 secs] 
2024-07-04T23:55:16.829+0800: 4576.144: [GC (Allocation Failure) [PSYoungGen: 90997K->608K(90624K)] 441045K->350663K(698368K), 0.0025851 secs] [Times: user=0.00 sys=0.00, real=0.00 secs] 
2024-07-04T23:55:17.505+0800: 4576.820: [GC (Allocation Failure) [PSYoungGen: 89944K->96K(88576K)] 439999K->350159K(696320K), 0.0022907 secs] [Times: user=0.01 sys=0.00, real=0.01 secs] 
2024-07-04T23:55:18.134+0800: 4577.448: [GC (Allocation Failure) [PSYoungGen: 87869K->96K(87040K)] 437933K->350167K(694784K), 0.0021754 secs] [Times: user=0.00 sys=0.00, real=0.00 secs] 
2024-07-04T23:55:18.754+0800: 4578.068: [GC (Allocation Failure) [PSYoungGen: 86298K->128K(87040K)] 436369K->350207K(694784K), 0.0035223 secs] [Times: user=0.00 sys=0.00, real=0.00 secs] 
2024-07-04T23:55:19.385+0800: 4578.699: [GC (Allocation Failure) [PSYoungGen: 85287K->64K(84992K)] 435366K->350151K(692736K), 0.0025549 secs] [Times: user=0.00 sys=0.00, real=0.01 secs] 
2024-07-04T23:55:20.027+0800: 4579.341: [GC (Allocation Failure) [PSYoungGen: 84179K->64K(92672K)] 434267K->350159K(700416K), 0.0037548 secs] [Times: user=0.00 sys=0.00, real=0.00 secs] 
2024-07-04T23:55:20.691+0800: 4580.005: [GC (Allocation Failure) [PSYoungGen: 91490K->96K(99840K)] 441586K->350199K(707584K), 0.0027034 secs] [Times: user=0.00 sys=0.00, real=0.00 secs] 
2024-07-04T23:55:21.401+0800: 4580.715: [GC (Allocation Failure) [PSYoungGen: 99355K->96K(108544K)] 449459K->350207K(716288K), 0.0023658 secs] [Times: user=0.00 sys=0.00, real=0.00 secs] 
2024-07-04T23:55:22.198+0800: 4581.512: [GC (Allocation Failure) [PSYoungGen: 107403K->96K(105984K)] 457514K->350215K(713728K), 0.0024536 secs] [Times: user=0.01 sys=0.00, real=0.00 secs] 
2024-07-04T23:55:22.950+0800: 4582.264: [GC (Allocation Failure) [PSYoungGen: 105342K->608K(104448K)] 455462K->350735K(712192K), 0.0023618 secs] [Times: user=0.00 sys=0.00, real=0.00 secs] 
2024-07-04T23:55:23.680+0800: 4582.994: [GC (Allocation Failure) [PSYoungGen: 103653K->576K(102912K)] 453781K->350711K(710656K), 0.0032227 secs] [Times: user=0.01 sys=0.00, real=0.00 secs] 
2024-07-04T23:55:24.453+0800: 4583.767: [GC (Allocation Failure) [PSYoungGen: 102438K->608K(111616K)] 452574K->350751K(719360K), 0.0048010 secs] [Times: user=0.01 sys=0.00, real=0.01 secs] 
2024-07-04T23:55:25.253+0800: 4584.567: [GC (Allocation Failure) [PSYoungGen: 110777K->96K(109056K)] 460920K->350759K(716800K), 0.0021977 secs] [Times: user=0.00 sys=0.00, real=0.01 secs] 
2024-07-04T23:55:26.028+0800: 4585.342: [GC (Allocation Failure) [PSYoungGen: 108640K->576K(107520K)] 459303K->351247K(715264K), 0.0026326 secs] [Times: user=0.01 sys=0.00, real=0.00 secs] 
2024-07-04T23:55:26.938+0800: 4586.252: [GC (Allocation Failure) [PSYoungGen: 107072K->608K(105472K)] 457743K->351287K(713216K), 0.0022671 secs] [Times: user=0.01 sys=0.00, real=0.00 secs] 
2024-07-04T23:55:27.628+0800: 4586.942: [GC (Allocation Failure) [PSYoungGen: 104749K->1152K(104448K)] 455429K->351839K(712192K), 0.0033898 secs] [Times: user=0.00 sys=0.00, real=0.00 secs] 
2024-07-04T23:55:28.310+0800: 4587.624: [GC (Allocation Failure) [PSYoungGen: 103944K->608K(102400K)] 454632K->352327K(710144K), 0.0022582 secs] [Times: user=0.00 sys=0.00, real=0.00 secs] 
2024-07-04T23:55:29.020+0800: 4588.335: [GC (Allocation Failure) [PSYoungGen: 101739K->1152K(101376K)] 453458K->352879K(709120K), 0.0029962 secs] [Times: user=0.01 sys=0.00, real=0.00 secs] 
2024-07-04T23:55:29.728+0800: 4589.042: [GC (Allocation Failure) [PSYoungGen: 100794K->608K(99328K)] 452521K->352343K(707072K), 0.0022701 secs] [Times: user=0.00 sys=0.00, real=0.00 secs] 
2024-07-04T23:55:30.401+0800: 4589.715: [GC (Allocation Failure) [PSYoungGen: 98733K->1120K(98304K)] 450469K->352863K(706048K), 0.0026314 secs] [Times: user=0.00 sys=0.00, real=0.00 secs] 
2024-07-04T23:55:31.065+0800: 4590.379: [GC (Allocation Failure) [PSYoungGen: 97708K->608K(96256K)] 449451K->352871K(704000K), 0.0025612 secs] [Times: user=0.01 sys=0.00, real=0.01 secs] 
2024-07-04T23:55:31.761+0800: 4591.075: [GC (Allocation Failure) [PSYoungGen: 95654K->640K(94720K)] 447917K->352911K(702464K), 0.0024955 secs] [Times: user=0.00 sys=0.00, real=0.00 secs] 
2024-07-04T23:55:32.418+0800: 4591.732: [GC (Allocation Failure) [PSYoungGen: 94132K->608K(102400K)] 446403K->352887K(710144K), 0.0038227 secs] [Times: user=0.01 sys=0.00, real=0.00 secs] 
2024-07-04T23:55:33.114+0800: 4592.428: [GC (Allocation Failure) [PSYoungGen: 101574K->1120K(111616K)] 453854K->353407K(719360K), 0.0038562 secs] [Times: user=0.00 sys=0.00, real=0.00 secs] 
2024-07-04T23:55:33.890+0800: 4593.205: [GC (Allocation Failure) [PSYoungGen: 111123K->608K(112640K)] 463411K->352903K(720384K), 0.0028443 secs] [Times: user=0.01 sys=0.00, real=0.00 secs] 
2024-07-04T23:55:34.674+0800: 4593.988: [GC (Allocation Failure) [PSYoungGen: 111795K->608K(113152K)] 464091K->352911K(720896K), 0.0041383 secs] [Times: user=0.00 sys=0.00, real=0.00 secs] 
2024-07-04T23:55:35.447+0800: 4594.761: [GC (Allocation Failure) [PSYoungGen: 112214K->640K(122880K)] 464518K->352951K(730624K), 0.0038949 secs] [Times: user=0.00 sys=0.00, real=0.00 secs] 
2024-07-04T23:55:36.302+0800: 4595.616: [GC (Allocation Failure) [PSYoungGen: 121686K->608K(122880K)] 473997K->352927K(730624K), 0.0025370 secs] [Times: user=0.01 sys=0.00, real=0.00 secs] 
2024-07-04T23:55:37.146+0800: 4596.460: [GC (Allocation Failure) [PSYoungGen: 121655K->1120K(133120K)] 473975K->353447K(740864K), 0.0042931 secs] [Times: user=0.00 sys=0.00, real=0.00 secs] 
2024-07-04T23:55:38.052+0800: 4597.366: [GC (Allocation Failure) [PSYoungGen: 132254K->1120K(133120K)] 484582K->353463K(740864K), 0.0025571 secs] [Times: user=0.00 sys=0.01, real=0.01 secs] 
2024-07-04T23:55:38.989+0800: 4598.303: [GC (Allocation Failure) [PSYoungGen: 132510K->96K(129536K)] 484853K->352959K(737280K), 0.0024390 secs] [Times: user=0.01 sys=0.00, real=0.00 secs] 
2024-07-04T23:55:39.906+0800: 4599.220: [GC (Allocation Failure) [PSYoungGen: 128854K->96K(128000K)] 481717K->352967K(735744K), 0.0022440 secs] [Times: user=0.00 sys=0.00, real=0.00 secs] 
2024-07-04T23:55:40.799+0800: 4600.114: [GC (Allocation Failure) [PSYoungGen: 126226K->576K(124928K)] 479098K->353455K(732672K), 0.0031855 secs] [Times: user=0.00 sys=0.00, real=0.00 secs] 
2024-07-04T23:55:41.710+0800: 4601.024: [GC (Allocation Failure) [PSYoungGen: 124314K->128K(121856K)] 477193K->353015K(729600K), 0.0028928 secs] [Times: user=0.00 sys=0.00, real=0.00 secs] 
2024-07-04T23:55:42.577+0800: 4601.892: [GC (Allocation Failure) [PSYoungGen: 121217K->96K(119296K)] 474105K->352991K(727040K), 0.0024766 secs] [Times: user=0.00 sys=0.01, real=0.00 secs] 
2024-07-04T23:55:43.430+0800: 4602.744: [GC (Allocation Failure) [PSYoungGen: 118525K->96K(118272K)] 471421K->352999K(726016K), 0.0024209 secs] [Times: user=0.01 sys=0.00, real=0.00 secs] 
2024-07-04T23:55:44.270+0800: 4603.584: [GC (Allocation Failure) [PSYoungGen: 116370K->96K(115200K)] 469274K->353007K(722944K), 0.0021828 secs] [Times: user=0.01 sys=0.00, real=0.00 secs] 
2024-07-04T23:55:45.081+0800: 4604.395: [GC (Allocation Failure) [PSYoungGen: 114472K->96K(114176K)] 467384K->353015K(721920K), 0.0022301 secs] [Times: user=0.00 sys=0.00, real=0.00 secs] 
2024-07-04T23:55:45.893+0800: 4605.207: [GC (Allocation Failure) [PSYoungGen: 112346K->128K(111104K)] 465266K->353055K(718848K), 0.0042301 secs] [Times: user=0.01 sys=0.00, real=0.01 secs] 
2024-07-04T23:55:46.694+0800: 4606.008: [GC (Allocation Failure) [PSYoungGen: 110644K->128K(110080K)] 463571K->353063K(717824K), 0.0033998 secs] [Times: user=0.00 sys=0.00, real=0.00 secs] 
2024-07-04T23:55:47.459+0800: 4606.774: [GC (Allocation Failure) [PSYoungGen: 108560K->608K(107520K)] 461496K->353551K(715264K), 0.0026155 secs] [Times: user=0.00 sys=0.00, real=0.00 secs] 
2024-07-04T23:55:48.234+0800: 4607.548: [GC (Allocation Failure) [PSYoungGen: 106792K->608K(105472K)] 459735K->353559K(713216K), 0.0026015 secs] [Times: user=0.01 sys=0.00, real=0.00 secs] 
2024-07-04T23:55:48.986+0800: 4608.301: [GC (Allocation Failure) [PSYoungGen: 105022K->640K(103936K)] 457973K->353599K(711680K), 0.0040839 secs] [Times: user=0.00 sys=0.00, real=0.00 secs] 
2024-07-04T23:55:49.746+0800: 4609.060: [GC (Allocation Failure) [PSYoungGen: 103083K->640K(102400K)] 456043K->353607K(710144K), 0.0027074 secs] [Times: user=0.00 sys=0.00, real=0.00 secs] 
2024-07-04T23:55:50.485+0800: 4609.800: [GC (Allocation Failure) [PSYoungGen: 101984K->640K(100864K)] 454951K->353615K(708608K), 0.0027365 secs] [Times: user=0.00 sys=0.00, real=0.01 secs] 
2024-07-04T23:55:51.214+0800: 4610.528: [GC (Allocation Failure) [PSYoungGen: 100422K->608K(99328K)] 453397K->353591K(707072K), 0.0024474 secs] [Times: user=0.00 sys=0.00, real=0.00 secs] 
2024-07-04T23:55:51.916+0800: 4611.230: [GC (Allocation Failure) [PSYoungGen: 98822K->608K(97792K)] 451805K->353599K(705536K), 0.0023593 secs] [Times: user=0.00 sys=0.00, real=0.00 secs] 
2024-07-04T23:55:52.621+0800: 4611.935: [GC (Allocation Failure) [PSYoungGen: 97255K->96K(95744K)] 450247K->353095K(703488K), 0.0023703 secs] [Times: user=0.01 sys=0.00, real=0.00 secs] 
2024-07-04T23:55:53.330+0800: 4612.644: [GC (Allocation Failure) [PSYoungGen: 95176K->608K(94720K)] 448175K->353615K(702464K), 0.0024400 secs] [Times: user=0.00 sys=0.00, real=0.00 secs] 
2024-07-04T23:55:54.010+0800: 4613.324: [GC (Allocation Failure) [PSYoungGen: 94119K->608K(93184K)] 447126K->353623K(700928K), 0.0025289 secs] [Times: user=0.00 sys=0.00, real=0.00 secs] 
2024-07-04T23:55:54.677+0800: 4613.991: [GC (Allocation Failure) [PSYoungGen: 92556K->608K(91648K)] 445572K->353631K(699392K), 0.0024707 secs] [Times: user=0.00 sys=0.00, real=0.00 secs] 
2024-07-04T23:55:55.334+0800: 4614.648: [GC (Allocation Failure) [PSYoungGen: 90990K->608K(90112K)] 444014K->353639K(697856K), 0.0026954 secs] [Times: user=0.01 sys=0.00, real=0.00 secs] 
2024-07-04T23:55:55.987+0800: 4615.301: [GC (Allocation Failure) [PSYoungGen: 89423K->608K(88576K)] 442454K->353647K(696320K), 0.0022865 secs] [Times: user=0.01 sys=0.00, real=0.00 secs] 
2024-07-04T23:55:56.618+0800: 4615.932: [GC (Allocation Failure) [PSYoungGen: 87856K->96K(87040K)] 440896K->353143K(694784K), 0.0024091 secs] [Times: user=0.01 sys=0.01, real=0.00 secs] 
2024-07-04T23:55:57.242+0800: 4616.556: [GC (Allocation Failure) [PSYoungGen: 86301K->608K(86528K)] 439348K->353663K(694272K), 0.0024108 secs] [Times: user=0.01 sys=0.00, real=0.00 secs] 
2024-07-04T23:55:57.894+0800: 4617.208: [GC (Allocation Failure) [PSYoungGen: 85764K->96K(84992K)] 438820K->353159K(692736K), 0.0027413 secs] [Times: user=0.00 sys=0.00, real=0.00 secs] 
2024-07-04T23:55:58.518+0800: 4617.832: [GC (Allocation Failure) [PSYoungGen: 84213K->96K(83968K)] 437276K->353167K(691712K), 0.0023100 secs] [Times: user=0.00 sys=0.00, real=0.00 secs] 
2024-07-04T23:55:59.130+0800: 4618.444: [GC (Allocation Failure) [PSYoungGen: 83165K->608K(83968K)] 436237K->353687K(691712K), 0.0023162 secs] [Times: user=0.00 sys=0.00, real=0.00 secs] 
2024-07-04T23:55:59.737+0800: 4619.051: [GC (Allocation Failure) [PSYoungGen: 82634K->96K(81920K)] 435713K->353183K(689664K), 0.0025205 secs] [Times: user=0.01 sys=0.00, real=0.00 secs] 
2024-07-04T23:56:00.355+0800: 4619.669: [GC (Allocation Failure) [PSYoungGen: 81081K->576K(81920K)] 434169K->353671K(689664K), 0.0025231 secs] [Times: user=0.01 sys=0.00, real=0.00 secs] 
2024-07-04T23:56:00.942+0800: 4620.256: [GC (Allocation Failure) [PSYoungGen: 80513K->608K(80384K)] 433608K->353711K(688128K), 0.0023688 secs] [Times: user=0.00 sys=0.00, real=0.00 secs] 
2024-07-04T23:56:01.513+0800: 4620.827: [GC (Allocation Failure) [PSYoungGen: 79506K->640K(79360K)] 432609K->353751K(687104K), 0.0026512 secs] [Times: user=0.01 sys=0.00, real=0.01 secs] 
2024-07-04T23:56:02.106+0800: 4621.420: [GC (Allocation Failure) [PSYoungGen: 78492K->96K(77824K)] 431604K->353215K(685568K), 0.0023800 secs] [Times: user=0.00 sys=0.00, real=0.00 secs] 
2024-07-04T23:56:02.702+0800: 4622.017: [GC (Allocation Failure) [PSYoungGen: 76903K->128K(85504K)] 430023K->353255K(693248K), 0.0033562 secs] [Times: user=0.01 sys=0.00, real=0.01 secs] 
2024-07-04T23:56:03.307+0800: 4622.621: [GC (Allocation Failure) [PSYoungGen: 83720K->608K(92160K)] 436848K->353743K(699904K), 0.0023188 secs] [Times: user=0.00 sys=0.00, real=0.00 secs] 
2024-07-04T23:56:03.978+0800: 4623.292: [GC (Allocation Failure) [PSYoungGen: 91512K->128K(99840K)] 444647K->353271K(707584K), 0.0046019 secs] [Times: user=0.00 sys=0.00, real=0.00 secs] 
2024-07-04T23:56:04.695+0800: 4624.009: [GC (Allocation Failure) [PSYoungGen: 99391K->608K(109056K)] 452535K->353759K(716800K), 0.0023226 secs] [Times: user=0.00 sys=0.00, real=0.00 secs] 
2024-07-04T23:56:05.509+0800: 4624.823: [GC (Allocation Failure) [PSYoungGen: 108419K->96K(117248K)] 461570K->353255K(724992K), 0.0022970 secs] [Times: user=0.00 sys=0.00, real=0.00 secs] 
2024-07-04T23:56:06.340+0800: 4625.654: [GC (Allocation Failure) [PSYoungGen: 116481K->608K(115712K)] 469640K->353775K(723456K), 0.0022829 secs] [Times: user=0.00 sys=0.00, real=0.00 secs] 
2024-07-04T23:56:07.168+0800: 4626.482: [GC (Allocation Failure) [PSYoungGen: 115266K->608K(113664K)] 468433K->353783K(721408K), 0.0024437 secs] [Times: user=0.00 sys=0.00, real=0.00 secs] 
2024-07-04T23:56:08.018+0800: 4627.332: [GC (Allocation Failure) [PSYoungGen: 112842K->608K(111616K)] 466018K->353791K(719360K), 0.0035715 secs] [Times: user=0.00 sys=0.00, real=0.00 secs] 
2024-07-04T23:56:08.822+0800: 4628.136: [GC (Allocation Failure) [PSYoungGen: 111176K->608K(109568K)] 464359K->353799K(717312K), 0.0022590 secs] [Times: user=0.00 sys=0.00, real=0.00 secs] 
2024-07-04T23:56:09.601+0800: 4628.915: [GC (Allocation Failure) [PSYoungGen: 109045K->640K(107520K)] 462236K->353839K(715264K), 0.0023883 secs] [Times: user=0.00 sys=0.00, real=0.00 secs] 
2024-07-04T23:56:10.389+0800: 4629.704: [GC (Allocation Failure) [PSYoungGen: 106973K->608K(105472K)] 460172K->353815K(713216K), 0.0022612 secs] [Times: user=0.01 sys=0.00, real=0.00 secs] 
2024-07-04T23:56:11.130+0800: 4630.444: [GC (Allocation Failure) [PSYoungGen: 104854K->640K(103936K)] 458062K->353855K(711680K), 0.0036926 secs] [Times: user=0.00 sys=0.00, real=0.01 secs] 
2024-07-04T23:56:11.862+0800: 4631.176: [GC (Allocation Failure) [PSYoungGen: 103084K->96K(101888K)] 456300K->353319K(709632K), 0.0027613 secs] [Times: user=0.01 sys=0.00, real=0.00 secs] 
2024-07-04T23:56:12.610+0800: 4631.924: [GC (Allocation Failure) [PSYoungGen: 101442K->592K(100864K)] 454666K->353823K(708608K), 0.0038737 secs] [Times: user=0.01 sys=0.00, real=0.01 secs] 
2024-07-04T23:56:13.335+0800: 4632.649: [GC (Allocation Failure) [PSYoungGen: 100371K->96K(98816K)] 453603K->353335K(706560K), 0.0022523 secs] [Times: user=0.00 sys=0.00, real=0.00 secs] 
2024-07-04T23:56:14.039+0800: 4633.353: [GC (Allocation Failure) [PSYoungGen: 98312K->96K(97280K)] 451552K->353343K(705024K), 0.0022005 secs] [Times: user=0.00 sys=0.00, real=0.00 secs] 
2024-07-04T23:56:14.752+0800: 4634.066: [GC (Allocation Failure) [PSYoungGen: 96741K->128K(96768K)] 449988K->353383K(704512K), 0.0032867 secs] [Times: user=0.00 sys=0.00, real=0.01 secs] 
2024-07-04T23:56:15.429+0800: 4634.743: [GC (Allocation Failure) [PSYoungGen: 95207K->640K(94720K)] 448462K->353903K(702464K), 0.0025783 secs] [Times: user=0.01 sys=0.00, real=0.00 secs] 
2024-07-04T23:56:16.107+0800: 4635.421: [GC (Allocation Failure) [PSYoungGen: 94153K->608K(93184K)] 447416K->353879K(700928K), 0.0024226 secs] [Times: user=0.00 sys=0.00, real=0.00 secs] 
2024-07-04T23:56:16.774+0800: 4636.088: [GC (Allocation Failure) [PSYoungGen: 92558K->64K(100352K)] 445829K->353343K(708096K), 0.0036649 secs] [Times: user=0.00 sys=0.00, real=0.00 secs] 
2024-07-04T23:56:17.527+0800: 4636.841: [GC (Allocation Failure) [PSYoungGen: 99847K->96K(99840K)] 453126K->353383K(707584K), 0.0022220 secs] [Times: user=0.00 sys=0.00, real=0.00 secs] 
2024-07-04T23:56:18.228+0800: 4637.543: [GC (Allocation Failure) [PSYoungGen: 98307K->96K(97280K)] 451594K->353391K(705024K), 0.0023665 secs] [Times: user=0.00 sys=0.00, real=0.00 secs] 
2024-07-04T23:56:18.922+0800: 4638.236: [GC (Allocation Failure) [PSYoungGen: 96741K->608K(96768K)] 450037K->353911K(704512K), 0.0022991 secs] [Times: user=0.00 sys=0.00, real=0.00 secs] 
2024-07-04T23:56:19.618+0800: 4638.932: [GC (Allocation Failure) [PSYoungGen: 95687K->608K(103936K)] 448990K->353919K(711680K), 0.0036909 secs] [Times: user=0.00 sys=0.00, real=0.00 secs] 
2024-07-04T23:56:20.358+0800: 4639.672: [GC (Allocation Failure) [PSYoungGen: 103054K->96K(101888K)] 456366K->353415K(709632K), 0.0023411 secs] [Times: user=0.01 sys=0.00, real=0.00 secs] 
2024-07-04T23:56:21.084+0800: 4640.398: [GC (Allocation Failure) [PSYoungGen: 101443K->608K(100864K)] 454763K->353935K(708608K), 0.0023409 secs] [Times: user=0.00 sys=0.00, real=0.01 secs] 
2024-07-04T23:56:21.818+0800: 4641.132: [GC (Allocation Failure) [PSYoungGen: 100385K->608K(99328K)] 453713K->353943K(707072K), 0.0026149 secs] [Times: user=0.01 sys=0.00, real=0.00 secs] 
2024-07-04T23:56:22.543+0800: 4641.858: [GC (Allocation Failure) [PSYoungGen: 98822K->608K(97792K)] 452158K->353951K(705536K), 0.0024607 secs] [Times: user=0.01 sys=0.00, real=0.01 secs] 
2024-07-04T23:56:23.245+0800: 4642.559: [GC (Allocation Failure) [PSYoungGen: 97256K->608K(96256K)] 450599K->353959K(704000K), 0.0023098 secs] [Times: user=0.00 sys=0.00, real=0.01 secs] 
2024-07-04T23:56:23.942+0800: 4643.256: [GC (Allocation Failure) [PSYoungGen: 95688K->64K(94208K)] 449040K->353423K(701952K), 0.0037021 secs] [Times: user=0.00 sys=0.00, real=0.01 secs] 
2024-07-04T23:56:24.641+0800: 4643.955: [GC (Allocation Failure) [PSYoungGen: 93578K->608K(93696K)] 446938K->353975K(701440K), 0.0024206 secs] [Times: user=0.00 sys=0.00, real=0.00 secs] 
2024-07-04T23:56:25.304+0800: 4644.618: [GC (Allocation Failure) [PSYoungGen: 92552K->640K(91648K)] 445919K->354015K(699392K), 0.0030469 secs] [Times: user=0.01 sys=0.00, real=0.01 secs] 
2024-07-04T23:56:25.958+0800: 4645.272: [GC (Allocation Failure) [PSYoungGen: 91022K->96K(89600K)] 444398K->353479K(697344K), 0.0023220 secs] [Times: user=0.00 sys=0.01, real=0.00 secs] 
2024-07-04T23:56:26.616+0800: 4645.930: [GC (Allocation Failure) [PSYoungGen: 88911K->96K(88064K)] 442295K->353487K(695808K), 0.0023801 secs] [Times: user=0.01 sys=0.00, real=0.00 secs] 
2024-07-04T23:56:27.242+0800: 4646.556: [GC (Allocation Failure) [PSYoungGen: 87341K->64K(96768K)] 440732K->353463K(704512K), 0.0035450 secs] [Times: user=0.00 sys=0.00, real=0.01 secs] 
2024-07-04T23:56:27.920+0800: 4647.234: [GC (Allocation Failure) [PSYoungGen: 95143K->608K(94720K)] 448543K->354015K(702464K), 0.0022759 secs] [Times: user=0.01 sys=0.00, real=0.00 secs] 
2024-07-04T23:56:28.593+0800: 4647.907: [GC (Allocation Failure) [PSYoungGen: 94121K->96K(92672K)] 447529K->353511K(700416K), 0.0023703 secs] [Times: user=0.00 sys=0.00, real=0.01 secs] 
2024-07-04T23:56:29.346+0800: 4648.660: [GC (Allocation Failure) [PSYoungGen: 92046K->64K(91136K)] 445461K->353487K(698880K), 0.0024222 secs] [Times: user=0.00 sys=0.00, real=0.00 secs] 
2024-07-04T23:56:30.066+0800: 4649.380: [GC (Allocation Failure) [PSYoungGen: 90443K->64K(99840K)] 443867K->353495K(707584K), 0.0040049 secs] [Times: user=0.00 sys=0.00, real=0.00 secs] 
2024-07-04T23:56:30.830+0800: 4650.144: [GC (Allocation Failure) [PSYoungGen: 97974K->576K(107008K)] 451406K->354015K(714752K), 0.0038385 secs] [Times: user=0.00 sys=0.00, real=0.01 secs] 
2024-07-04T23:56:31.695+0800: 4651.009: [GC (Allocation Failure) [PSYoungGen: 106232K->96K(107520K)] 459671K->353543K(715264K), 0.0039041 secs] [Times: user=0.00 sys=0.00, real=0.00 secs] 
2024-07-04T23:56:32.542+0800: 4651.857: [GC (Allocation Failure) [PSYoungGen: 105878K->608K(115712K)] 459325K->354063K(723456K), 0.0031205 secs] [Times: user=0.00 sys=0.00, real=0.00 secs] 
2024-07-04T23:56:33.453+0800: 4652.767: [GC (Allocation Failure) [PSYoungGen: 115246K->608K(116224K)] 468702K->354071K(723968K), 0.0033510 secs] [Times: user=0.00 sys=0.00, real=0.01 secs] 
2024-07-04T23:56:34.399+0800: 4653.714: [GC (Allocation Failure) [PSYoungGen: 115284K->608K(113664K)] 468747K->354079K(721408K), 0.0028681 secs] [Times: user=0.01 sys=0.00, real=0.00 secs] 
2024-07-04T23:56:35.291+0800: 4654.606: [GC (Allocation Failure) [PSYoungGen: 113149K->96K(122368K)] 466621K->353575K(730112K), 0.0043031 secs] [Times: user=0.01 sys=0.00, real=0.01 secs] 
2024-07-04T23:56:36.282+0800: 4655.596: [GC (Allocation Failure) [PSYoungGen: 121462K->64K(124416K)] 474941K->353551K(732160K), 0.0039544 secs] [Times: user=0.00 sys=0.00, real=0.01 secs] 
2024-07-04T23:56:37.254+0800: 4656.568: [GC (Allocation Failure) [PSYoungGen: 122828K->96K(120832K)] 476315K->353591K(728576K), 0.0024452 secs] [Times: user=0.00 sys=0.00, real=0.00 secs] 
2024-07-04T23:56:38.199+0800: 4657.513: [GC (Allocation Failure) [PSYoungGen: 119937K->128K(118784K)] 473432K->353631K(726528K), 0.0032499 secs] [Times: user=0.00 sys=0.00, real=0.00 secs] 
2024-07-04T23:56:39.171+0800: 4658.485: [GC (Allocation Failure) [PSYoungGen: 118289K->640K(117248K)] 471792K->354151K(724992K), 0.0036972 secs] [Times: user=0.00 sys=0.00, real=0.01 secs] 
2024-07-04T23:56:40.090+0800: 4659.404: [GC (Allocation Failure) [PSYoungGen: 116398K->576K(115200K)] 469909K->354095K(722944K), 0.0039168 secs] [Times: user=0.00 sys=0.00, real=0.01 secs] 
2024-07-04T23:56:41.030+0800: 4660.344: [GC (Allocation Failure) [PSYoungGen: 114699K->80K(112640K)] 468219K->353607K(720384K), 0.0041107 secs] [Times: user=0.00 sys=0.00, real=0.01 secs] 
2024-07-04T23:56:41.922+0800: 4661.236: [GC (Allocation Failure) [PSYoungGen: 112096K->64K(110592K)] 465623K->353599K(718336K), 0.0025398 secs] [Times: user=0.01 sys=0.00, real=0.00 secs] 
2024-07-04T23:56:42.804+0800: 4662.118: [GC (Allocation Failure) [PSYoungGen: 109781K->576K(109056K)] 463317K->354119K(716800K), 0.0025338 secs] [Times: user=0.01 sys=0.00, real=0.01 secs] 
2024-07-04T23:56:43.694+0800: 4663.008: [GC (Allocation Failure) [PSYoungGen: 108374K->96K(106496K)] 461917K->353647K(714240K), 0.0026082 secs] [Times: user=0.00 sys=0.00, real=0.00 secs] 
2024-07-04T23:56:44.541+0800: 4663.855: [GC (Allocation Failure) [PSYoungGen: 105781K->608K(104960K)] 459332K->354167K(712704K), 0.0025290 secs] [Times: user=0.00 sys=0.00, real=0.00 secs] 
2024-07-04T23:56:45.355+0800: 4664.669: [GC (Allocation Failure) [PSYoungGen: 104142K->96K(102912K)] 457702K->353663K(710656K), 0.0024269 secs] [Times: user=0.00 sys=0.00, real=0.00 secs] 
2024-07-04T23:56:46.193+0800: 4665.507: [GC (Allocation Failure) [PSYoungGen: 102006K->576K(101888K)] 455574K->354151K(709632K), 0.0025464 secs] [Times: user=0.01 sys=0.00, real=0.01 secs] 
2024-07-04T23:56:46.985+0800: 4666.299: [GC (Allocation Failure) [PSYoungGen: 100998K->640K(100352K)] 454574K->354223K(708096K), 0.0028864 secs] [Times: user=0.01 sys=0.00, real=0.01 secs] 
2024-07-04T23:56:47.769+0800: 4667.083: [GC (Allocation Failure) [PSYoungGen: 99666K->96K(98304K)] 453249K->353687K(706048K), 0.0025254 secs] [Times: user=0.00 sys=0.00, real=0.00 secs] 
2024-07-04T23:56:48.485+0800: 4667.799: [GC (Allocation Failure) [PSYoungGen: 97787K->96K(96768K)] 451378K->353695K(704512K), 0.0025405 secs] [Times: user=0.00 sys=0.00, real=0.01 secs] 
2024-07-04T23:56:49.172+0800: 4668.486: [GC (Allocation Failure) [PSYoungGen: 96216K->608K(96256K)] 449816K->354215K(704000K), 0.0025256 secs] [Times: user=0.00 sys=0.00, real=0.01 secs] 
2024-07-04T23:56:49.842+0800: 4669.157: [GC (Allocation Failure) [PSYoungGen: 95163K->608K(94208K)] 448771K->354223K(701952K), 0.0023941 secs] [Times: user=0.01 sys=0.00, real=0.00 secs] 
2024-07-04T23:56:50.527+0800: 4669.841: [GC (Allocation Failure) [PSYoungGen: 93601K->96K(92160K)] 447216K->353719K(699904K), 0.0021401 secs] [Times: user=0.01 sys=0.00, real=0.00 secs] 
2024-07-04T23:56:51.178+0800: 4670.493: [GC (Allocation Failure) [PSYoungGen: 91522K->96K(90624K)] 445146K->353727K(698368K), 0.0021932 secs] [Times: user=0.00 sys=0.00, real=0.00 secs] 
2024-07-04T23:56:51.812+0800: 4671.126: [GC (Allocation Failure) [PSYoungGen: 89952K->608K(90112K)] 443583K->354247K(697856K), 0.0023992 secs] [Times: user=0.01 sys=0.00, real=0.01 secs] 
2024-07-04T23:56:52.444+0800: 4671.758: [GC (Allocation Failure) [PSYoungGen: 88899K->608K(88064K)] 442538K->354255K(695808K), 0.0023201 secs] [Times: user=0.01 sys=0.00, real=0.01 secs] 
2024-07-04T23:56:53.094+0800: 4672.408: [GC (Allocation Failure) [PSYoungGen: 87336K->128K(94720K)] 440984K->353783K(702464K), 0.0037694 secs] [Times: user=0.00 sys=0.00, real=0.00 secs] 
2024-07-04T23:56:53.761+0800: 4673.076: [GC (Allocation Failure) [PSYoungGen: 94167K->608K(93696K)] 447823K->354271K(701440K), 0.0024653 secs] [Times: user=0.00 sys=0.00, real=0.00 secs] 
2024-07-04T23:56:54.418+0800: 4673.732: [GC (Allocation Failure) [PSYoungGen: 93076K->592K(101888K)] 446739K->354263K(709632K), 0.0039018 secs] [Times: user=0.01 sys=0.00, real=0.00 secs] 
2024-07-04T23:56:55.177+0800: 4674.492: [GC (Allocation Failure) [PSYoungGen: 100944K->608K(110592K)] 454616K->354287K(718336K), 0.0028370 secs] [Times: user=0.00 sys=0.00, real=0.00 secs] 
2024-07-04T23:56:55.999+0800: 4675.313: [GC (Allocation Failure) [PSYoungGen: 109772K->96K(108032K)] 463451K->353783K(715776K), 0.0022766 secs] [Times: user=0.01 sys=0.00, real=0.00 secs] 
2024-07-04T23:56:56.798+0800: 4676.112: [GC (Allocation Failure) [PSYoungGen: 107489K->64K(105984K)] 461176K->353759K(713728K), 0.0025210 secs] [Times: user=0.01 sys=0.00, real=0.00 secs] 
2024-07-04T23:56:57.606+0800: 4676.920: [GC (Allocation Failure) [PSYoungGen: 105176K->576K(112128K)] 458872K->354279K(719872K), 0.0046421 secs] [Times: user=0.01 sys=0.00, real=0.01 secs] 
2024-07-04T23:56:58.437+0800: 4677.752: [GC (Allocation Failure) [PSYoungGen: 110742K->96K(109056K)] 464446K->353807K(716800K), 0.0022456 secs] [Times: user=0.00 sys=0.00, real=0.00 secs] 
2024-07-04T23:56:59.206+0800: 4678.520: [GC (Allocation Failure) [PSYoungGen: 108570K->96K(108032K)] 462281K->353815K(715776K), 0.0027221 secs] [Times: user=0.00 sys=0.00, real=0.00 secs] 
2024-07-04T23:57:00.030+0800: 4679.344: [GC (Allocation Failure) [PSYoungGen: 106286K->64K(115200K)] 460006K->353791K(722944K), 0.0045816 secs] [Times: user=0.01 sys=0.00, real=0.01 secs] 
2024-07-04T23:57:00.848+0800: 4680.162: [GC (Allocation Failure) [PSYoungGen: 113728K->96K(112128K)] 467455K->353831K(719872K), 0.0022209 secs] [Times: user=0.01 sys=0.00, real=0.00 secs] 
2024-07-04T23:57:01.636+0800: 4680.951: [GC (Allocation Failure) [PSYoungGen: 111222K->96K(110080K)] 464958K->353839K(717824K), 0.0024815 secs] [Times: user=0.01 sys=0.00, real=0.00 secs] 
2024-07-04T23:57:02.444+0800: 4681.758: [GC (Allocation Failure) [PSYoungGen: 109664K->608K(108544K)] 463407K->354359K(716288K), 0.0026945 secs] [Times: user=0.00 sys=0.00, real=0.01 secs] 
2024-07-04T23:57:03.226+0800: 4682.540: [GC (Allocation Failure) [PSYoungGen: 107691K->640K(106496K)] 461443K->354399K(714240K), 0.0037699 secs] [Times: user=0.00 sys=0.00, real=0.00 secs] 
2024-07-04T23:57:03.998+0800: 4683.312: [GC (Allocation Failure) [PSYoungGen: 105889K->128K(113152K)] 459648K->353895K(720896K), 0.0041478 secs] [Times: user=0.01 sys=0.00, real=0.00 secs] 
2024-07-04T23:57:04.814+0800: 4684.128: [GC (Allocation Failure) [PSYoungGen: 111703K->128K(110080K)] 465471K->353903K(717824K), 0.0024557 secs] [Times: user=0.01 sys=0.00, real=0.00 secs] 
2024-07-04T23:57:05.629+0800: 4684.943: [GC (Allocation Failure) [PSYoungGen: 109696K->608K(108544K)] 463471K->354391K(716288K), 0.0023664 secs] [Times: user=0.00 sys=0.00, real=0.00 secs] 
2024-07-04T23:57:06.412+0800: 4685.726: [GC (Allocation Failure) [PSYoungGen: 107945K->576K(106496K)] 461729K->354367K(714240K), 0.0033337 secs] [Times: user=0.00 sys=0.00, real=0.01 secs] 
2024-07-04T23:57:07.198+0800: 4686.512: [GC (Allocation Failure) [PSYoungGen: 105833K->608K(114176K)] 459625K->354407K(721920K), 0.0048503 secs] [Times: user=0.00 sys=0.00, real=0.00 secs] 
2024-07-04T23:57:08.038+0800: 4687.352: [GC (Allocation Failure) [PSYoungGen: 112740K->608K(116224K)] 466539K->354415K(723968K), 0.0025329 secs] [Times: user=0.01 sys=0.00, real=0.00 secs] 
2024-07-04T23:57:08.882+0800: 4688.196: [GC (Allocation Failure) [PSYoungGen: 114870K->608K(113664K)] 468677K->354423K(721408K), 0.0023570 secs] [Times: user=0.00 sys=0.00, real=0.00 secs] 
2024-07-04T23:57:09.740+0800: 4689.054: [GC (Allocation Failure) [PSYoungGen: 112825K->608K(111616K)] 466641K->354431K(719360K), 0.0027278 secs] [Times: user=0.01 sys=0.00, real=0.00 secs] 
2024-07-04T23:57:10.554+0800: 4689.868: [GC (Allocation Failure) [PSYoungGen: 110765K->608K(109568K)] 464588K->354439K(717312K), 0.0023471 secs] [Times: user=0.01 sys=0.00, real=0.01 secs] 
2024-07-04T23:57:11.351+0800: 4690.665: [GC (Allocation Failure) [PSYoungGen: 109019K->608K(107520K)] 462851K->354447K(715264K), 0.0023288 secs] [Times: user=0.00 sys=0.00, real=0.00 secs] 
2024-07-04T23:57:12.164+0800: 4691.478: [GC (Allocation Failure) [PSYoungGen: 106980K->128K(104960K)] 460819K->353975K(712704K), 0.0032376 secs] [Times: user=0.00 sys=0.00, real=0.01 secs] 
2024-07-04T23:57:12.939+0800: 4692.253: [GC (Allocation Failure) [PSYoungGen: 104283K->608K(103936K)] 458131K->354463K(711680K), 0.0024035 secs] [Times: user=0.01 sys=0.00, real=0.00 secs] 
2024-07-04T23:57:13.682+0800: 4692.996: [GC (Allocation Failure) [PSYoungGen: 103100K->64K(101888K)] 456956K->353927K(709632K), 0.0022566 secs] [Times: user=0.00 sys=0.00, real=0.00 secs] 
2024-07-04T23:57:14.438+0800: 4693.752: [GC (Allocation Failure) [PSYoungGen: 101414K->64K(100352K)] 455277K->353935K(708096K), 0.0037862 secs] [Times: user=0.00 sys=0.01, real=0.00 secs] 
2024-07-04T23:57:15.186+0800: 4694.500: [GC (Allocation Failure) [PSYoungGen: 99845K->96K(99840K)] 453716K->353975K(707584K), 0.0021601 secs] [Times: user=0.01 sys=0.00, real=0.00 secs] 
2024-07-04T23:57:15.897+0800: 4695.211: [GC (Allocation Failure) [PSYoungGen: 98310K->96K(97280K)] 452190K->353983K(705024K), 0.0024254 secs] [Times: user=0.00 sys=0.00, real=0.00 secs] 
2024-07-04T23:57:16.597+0800: 4695.911: [GC (Allocation Failure) [PSYoungGen: 96743K->96K(96768K)] 450630K->353991K(704512K), 0.0021370 secs] [Times: user=0.00 sys=0.00, real=0.00 secs] 
2024-07-04T23:57:17.289+0800: 4696.603: [GC (Allocation Failure) [PSYoungGen: 95177K->592K(94720K)] 449072K->354503K(702464K), 0.0028181 secs] [Times: user=0.01 sys=0.00, real=0.00 secs] 
2024-07-04T23:57:18.001+0800: 4697.315: [GC (Allocation Failure) [PSYoungGen: 94105K->96K(93696K)] 448017K->354015K(701440K), 0.0023168 secs] [Times: user=0.00 sys=0.00, real=0.00 secs] 
2024-07-04T23:57:18.672+0800: 4697.986: [GC (Allocation Failure) [PSYoungGen: 92047K->608K(91648K)] 445966K->354535K(699392K), 0.0023147 secs] [Times: user=0.00 sys=0.00, real=0.01 secs] 
2024-07-04T23:57:19.352+0800: 4698.666: [GC (Allocation Failure) [PSYoungGen: 90988K->96K(90624K)] 444915K->354031K(698368K), 0.0022633 secs] [Times: user=0.01 sys=0.00, real=0.01 secs] 
2024-07-04T23:57:19.982+0800: 4699.296: [GC (Allocation Failure) [PSYoungGen: 88913K->608K(88576K)] 442848K->354551K(696320K), 0.0025963 secs] [Times: user=0.00 sys=0.00, real=0.00 secs] 
2024-07-04T23:57:20.631+0800: 4699.945: [GC (Allocation Failure) [PSYoungGen: 87855K->608K(87552K)] 441798K->354559K(695296K), 0.0027964 secs] [Times: user=0.01 sys=0.00, real=0.01 secs] 
2024-07-04T23:57:21.265+0800: 4700.579: [GC (Allocation Failure) [PSYoungGen: 86814K->64K(94208K)] 440766K->354023K(701952K), 0.0037324 secs] [Times: user=0.01 sys=0.00, real=0.01 secs] 
2024-07-04T23:57:21.954+0800: 4701.268: [GC (Allocation Failure) [PSYoungGen: 93580K->96K(93696K)] 447540K->354063K(701440K), 0.0022655 secs] [Times: user=0.00 sys=0.00, real=0.00 secs] 
2024-07-04T23:57:22.659+0800: 4701.974: [GC (Allocation Failure) [PSYoungGen: 92042K->64K(100352K)] 446009K->354039K(708096K), 0.0037460 secs] [Times: user=0.00 sys=0.00, real=0.00 secs] 
2024-07-04T23:57:23.390+0800: 4702.704: [GC (Allocation Failure) [PSYoungGen: 99843K->608K(107520K)] 453819K->354591K(715264K), 0.0023684 secs] [Times: user=0.01 sys=0.00, real=0.00 secs] 
2024-07-04T23:57:24.185+0800: 4703.499: [GC (Allocation Failure) [PSYoungGen: 106927K->96K(104960K)] 460910K->354087K(712704K), 0.0026029 secs] [Times: user=0.01 sys=0.00, real=0.01 secs] 
2024-07-04T23:57:24.969+0800: 4704.284: [GC (Allocation Failure) [PSYoungGen: 104309K->608K(103936K)] 458301K->354607K(711680K), 0.0024274 secs] [Times: user=0.00 sys=0.00, real=0.00 secs] 
2024-07-04T23:57:25.727+0800: 4705.041: [GC (Allocation Failure) [PSYoungGen: 103169K->64K(108544K)] 457169K->354071K(716288K), 0.0041376 secs] [Times: user=0.01 sys=0.00, real=0.00 secs] 
2024-07-04T23:57:26.564+0800: 4705.879: [GC (Allocation Failure) [PSYoungGen: 107458K->608K(106496K)] 461465K->354623K(714240K), 0.0022412 secs] [Times: user=0.00 sys=0.00, real=0.01 secs] 
2024-07-04T23:57:27.318+0800: 4706.632: [GC (Allocation Failure) [PSYoungGen: 105889K->608K(104448K)] 459904K->354631K(712192K), 0.0029325 secs] [Times: user=0.00 sys=0.00, real=0.00 secs] 
2024-07-04T23:57:28.069+0800: 4707.383: [GC (Allocation Failure) [PSYoungGen: 103555K->96K(102400K)] 457579K->354127K(710144K), 0.0022849 secs] [Times: user=0.00 sys=0.00, real=0.00 secs] 
2024-07-04T23:57:28.806+0800: 4708.120: [GC (Allocation Failure) [PSYoungGen: 101967K->608K(101376K)] 455999K->354647K(709120K), 0.0023549 secs] [Times: user=0.00 sys=0.00, real=0.00 secs] 
2024-07-04T23:57:29.541+0800: 4708.855: [GC (Allocation Failure) [PSYoungGen: 100908K->96K(99328K)] 454947K->354143K(707072K), 0.0025395 secs] [Times: user=0.00 sys=0.00, real=0.00 secs] 
2024-07-04T23:57:30.304+0800: 4709.619: [GC (Allocation Failure) [PSYoungGen: 98833K->608K(98304K)] 452881K->354663K(706048K), 0.0023230 secs] [Times: user=0.01 sys=0.00, real=0.01 secs] 
2024-07-04T23:57:31.025+0800: 4710.339: [GC (Allocation Failure) [PSYoungGen: 97774K->608K(96768K)] 451830K->354671K(704512K), 0.0024297 secs] [Times: user=0.01 sys=0.00, real=0.01 secs] 
2024-07-04T23:57:31.736+0800: 4711.051: [GC (Allocation Failure) [PSYoungGen: 96212K->576K(95232K)] 450276K->354647K(702976K), 0.0029553 secs] [Times: user=0.00 sys=0.00, real=0.00 secs] 
2024-07-04T23:57:32.462+0800: 4711.776: [GC (Allocation Failure) [PSYoungGen: 94613K->640K(93696K)] 448685K->354719K(701440K), 0.0026369 secs] [Times: user=0.00 sys=0.00, real=0.00 secs] 
2024-07-04T23:57:33.171+0800: 4712.486: [GC (Allocation Failure) [PSYoungGen: 93110K->608K(92160K)] 447190K->354695K(699904K), 0.0024775 secs] [Times: user=0.00 sys=0.00, real=0.01 secs] 
2024-07-04T23:57:33.854+0800: 4713.168: [GC (Allocation Failure) [PSYoungGen: 91511K->96K(90112K)] 445599K->354191K(697856K), 0.0023689 secs] [Times: user=0.00 sys=0.00, real=0.01 secs] 
2024-07-04T23:57:34.514+0800: 4713.828: [GC (Allocation Failure) [PSYoungGen: 89433K->96K(88576K)] 443529K->354199K(696320K), 0.0026590 secs] [Times: user=0.00 sys=0.00, real=0.00 secs] 
2024-07-04T23:57:35.164+0800: 4714.479: [GC (Allocation Failure) [PSYoungGen: 87863K->608K(88064K)] 441966K->354719K(695808K), 0.0022399 secs] [Times: user=0.00 sys=0.00, real=0.01 secs] 
2024-07-04T23:57:35.798+0800: 4715.112: [GC (Allocation Failure) [PSYoungGen: 86810K->96K(86016K)] 440921K->354215K(693760K), 0.0023682 secs] [Times: user=0.00 sys=0.00, real=0.00 secs] 
2024-07-04T23:57:36.428+0800: 4715.742: [GC (Allocation Failure) [PSYoungGen: 85258K->96K(86016K)] 439378K->354223K(693760K), 0.0023703 secs] [Times: user=0.01 sys=0.00, real=0.00 secs] 
2024-07-04T23:57:37.050+0800: 4716.364: [GC (Allocation Failure) [PSYoungGen: 84209K->64K(92160K)] 438337K->354199K(699904K), 0.0039436 secs] [Times: user=0.01 sys=0.00, real=0.01 secs] 
2024-07-04T23:57:37.778+0800: 4717.092: [GC (Allocation Failure) [PSYoungGen: 91490K->576K(100352K)] 445625K->354719K(708096K), 0.0039529 secs] [Times: user=0.00 sys=0.00, real=0.00 secs] 
2024-07-04T23:57:38.562+0800: 4717.876: [GC (Allocation Failure) [PSYoungGen: 99330K->64K(101376K)] 453473K->354215K(709120K), 0.0049395 secs] [Times: user=0.00 sys=0.00, real=0.01 secs] 
2024-07-04T23:57:39.363+0800: 4718.677: [GC (Allocation Failure) [PSYoungGen: 99408K->96K(101376K)] 453560K->354255K(709120K), 0.0026247 secs] [Times: user=0.00 sys=0.00, real=0.01 secs] 
2024-07-04T23:57:40.145+0800: 4719.459: [GC (Allocation Failure) [PSYoungGen: 99558K->96K(108544K)] 453717K->354263K(716288K), 0.0023837 secs] [Times: user=0.01 sys=0.00, real=0.01 secs] 
2024-07-04T23:57:40.909+0800: 4720.223: [GC (Allocation Failure) [PSYoungGen: 107852K->96K(107008K)] 462020K->354271K(714752K), 0.0021706 secs] [Times: user=0.00 sys=0.00, real=0.00 secs] 
2024-07-04T23:57:41.657+0800: 4720.971: [GC (Allocation Failure) [PSYoungGen: 105718K->96K(104448K)] 459893K->354279K(712192K), 0.0022447 secs] [Times: user=0.00 sys=0.00, real=0.00 secs] 
2024-07-04T23:57:42.410+0800: 4721.724: [GC (Allocation Failure) [PSYoungGen: 103545K->96K(103424K)] 457729K->354287K(711168K), 0.0021493 secs] [Times: user=0.00 sys=0.00, real=0.00 secs] 
2024-07-04T23:57:43.134+0800: 4722.448: [GC (Allocation Failure) [PSYoungGen: 102017K->96K(101376K)] 456208K->354295K(709120K), 0.0021596 secs] [Times: user=0.01 sys=0.00, real=0.00 secs] 
2024-07-04T23:57:43.846+0800: 4723.160: [GC (Allocation Failure) [PSYoungGen: 100925K->576K(100352K)] 455124K->354783K(708096K), 0.0036593 secs] [Times: user=0.00 sys=0.00, real=0.00 secs] 
2024-07-04T23:57:44.550+0800: 4723.864: [GC (Allocation Failure) [PSYoungGen: 99832K->96K(98304K)] 454040K->354311K(706048K), 0.0023142 secs] [Times: user=0.00 sys=0.00, real=0.00 secs] 
2024-07-04T23:57:45.246+0800: 4724.560: [GC (Allocation Failure) [PSYoungGen: 97790K->608K(97280K)] 452005K->354831K(705024K), 0.0023937 secs] [Times: user=0.00 sys=0.00, real=0.00 secs] 
2024-07-04T23:57:45.928+0800: 4725.243: [GC (Allocation Failure) [PSYoungGen: 96730K->64K(95232K)] 450954K->354295K(702976K), 0.0022168 secs] [Times: user=0.00 sys=0.00, real=0.00 secs] 
2024-07-04T23:57:46.601+0800: 4725.916: [GC (Allocation Failure) [PSYoungGen: 94624K->64K(94208K)] 448856K->354303K(701952K), 0.0033858 secs] [Times: user=0.00 sys=0.00, real=0.00 secs] 
2024-07-04T23:57:47.268+0800: 4726.582: [GC (Allocation Failure) [PSYoungGen: 93053K->96K(92160K)] 447292K->354343K(699904K), 0.0024065 secs] [Times: user=0.00 sys=0.00, real=0.00 secs] 
2024-07-04T23:57:47.922+0800: 4727.236: [GC (Allocation Failure) [PSYoungGen: 91520K->576K(100352K)] 445768K->354831K(708096K), 0.0036468 secs] [Times: user=0.00 sys=0.00, real=0.00 secs] 
2024-07-04T23:57:48.626+0800: 4727.940: [GC (Allocation Failure) [PSYoungGen: 99833K->576K(106496K)] 454089K->354839K(714240K), 0.0036380 secs] [Times: user=0.01 sys=0.00, real=0.00 secs] 
2024-07-04T23:57:49.374+0800: 4728.689: [GC (Allocation Failure) [PSYoungGen: 105744K->608K(106496K)] 460007K->354879K(714240K), 0.0022333 secs] [Times: user=0.00 sys=0.00, real=0.00 secs] 
2024-07-04T23:57:50.115+0800: 4729.430: [GC (Allocation Failure) [PSYoungGen: 105967K->80K(115200K)] 460239K->354359K(722944K), 0.0030650 secs] [Times: user=0.00 sys=0.00, real=0.00 secs] 
2024-07-04T23:57:50.920+0800: 4730.234: [GC (Allocation Failure) [PSYoungGen: 113915K->608K(113152K)] 468195K->354895K(720896K), 0.0026641 secs] [Times: user=0.00 sys=0.00, real=0.00 secs] 
2024-07-04T23:57:51.714+0800: 4731.028: [GC (Allocation Failure) [PSYoungGen: 112294K->128K(114688K)] 466581K->354935K(722432K), 0.0036537 secs] [Times: user=0.01 sys=0.00, real=0.00 secs] 
2024-07-04T23:57:52.538+0800: 4731.852: [GC (Allocation Failure) [PSYoungGen: 114260K->640K(113152K)] 469068K->355455K(720896K), 0.0025002 secs] [Times: user=0.01 sys=0.00, real=0.00 secs] 
2024-07-04T23:57:53.336+0800: 4732.650: [GC (Allocation Failure) [PSYoungGen: 112335K->96K(110592K)] 467151K->354919K(718336K), 0.0021489 secs] [Times: user=0.01 sys=0.00, real=0.00 secs] 
2024-07-04T23:57:54.118+0800: 4733.432: [GC (Allocation Failure) [PSYoungGen: 109714K->128K(109056K)] 464538K->354959K(716800K), 0.0038757 secs] [Times: user=0.00 sys=0.00, real=0.00 secs] 
2024-07-04T23:57:54.894+0800: 4734.208: [GC (Allocation Failure) [PSYoungGen: 108001K->64K(114688K)] 462832K->354903K(722432K), 0.0039313 secs] [Times: user=0.00 sys=0.00, real=0.00 secs] 
2024-07-04T23:57:55.712+0800: 4735.026: [GC (Allocation Failure) [PSYoungGen: 113362K->96K(114688K)] 468202K->354943K(722432K), 0.0037512 secs] [Times: user=0.01 sys=0.00, real=0.01 secs] 
2024-07-04T23:57:56.546+0800: 4735.860: [GC (Allocation Failure) [PSYoungGen: 113418K->64K(124416K)] 468266K->354919K(732160K), 0.0039569 secs] [Times: user=0.00 sys=0.00, real=0.00 secs] 
2024-07-04T23:57:57.450+0800: 4736.764: [GC (Allocation Failure) [PSYoungGen: 123297K->96K(124416K)] 478153K->354959K(732160K), 0.0030080 secs] [Times: user=0.00 sys=0.00, real=0.00 secs] 
2024-07-04T23:57:58.330+0800: 4737.644: [GC (Allocation Failure) [PSYoungGen: 123316K->64K(134656K)] 478180K->354935K(742400K), 0.0035471 secs] [Times: user=0.01 sys=0.00, real=0.01 secs] 
2024-07-04T23:57:59.276+0800: 4738.591: [GC (Allocation Failure) [PSYoungGen: 133291K->608K(132096K)] 488163K->355487K(739840K), 0.0032604 secs] [Times: user=0.01 sys=0.00, real=0.00 secs] 
2024-07-04T23:58:00.210+0800: 4739.525: [GC (Allocation Failure) [PSYoungGen: 131220K->96K(129024K)] 486099K->354983K(736768K), 0.0038803 secs] [Times: user=0.01 sys=0.00, real=0.01 secs] 
2024-07-04T23:58:01.162+0800: 4740.476: [GC (Allocation Failure) [PSYoungGen: 128104K->96K(126976K)] 482992K->354991K(734720K), 0.0022063 secs] [Times: user=0.00 sys=0.00, real=0.00 secs] 
2024-07-04T23:58:02.114+0800: 4741.428: [GC (Allocation Failure) [PSYoungGen: 125705K->128K(123904K)] 480601K->355031K(731648K), 0.0044528 secs] [Times: user=0.00 sys=0.01, real=0.00 secs] 
2024-07-04T23:58:03.050+0800: 4742.364: [GC (Allocation Failure) [PSYoungGen: 123321K->608K(121856K)] 478224K->355519K(729600K), 0.0021971 secs] [Times: user=0.00 sys=0.00, real=0.00 secs] 
2024-07-04T23:58:03.945+0800: 4743.259: [GC (Allocation Failure) [PSYoungGen: 121158K->576K(119296K)] 476069K->355495K(727040K), 0.0026907 secs] [Times: user=0.01 sys=0.00, real=0.01 secs] 
2024-07-04T23:58:04.823+0800: 4744.137: [GC (Allocation Failure) [PSYoungGen: 118478K->80K(116736K)] 473398K->355007K(724480K), 0.0035075 secs] [Times: user=0.00 sys=0.00, real=0.01 secs] 
2024-07-04T23:58:05.652+0800: 4744.966: [GC (Allocation Failure) [PSYoungGen: 115945K->608K(115200K)] 470873K->355543K(722944K), 0.0033265 secs] [Times: user=0.00 sys=0.00, real=0.01 secs] 
2024-07-04T23:58:06.474+0800: 4745.788: [GC (Allocation Failure) [PSYoungGen: 114746K->608K(113152K)] 469681K->355551K(720896K), 0.0037524 secs] [Times: user=0.00 sys=0.00, real=0.00 secs] 
2024-07-04T23:58:07.278+0800: 4746.592: [GC (Allocation Failure) [PSYoungGen: 112306K->64K(110592K)] 467250K->355015K(718336K), 0.0035239 secs] [Times: user=0.00 sys=0.00, real=0.00 secs] 
2024-07-04T23:58:08.077+0800: 4747.391: [GC (Allocation Failure) [PSYoungGen: 110144K->64K(109056K)] 465095K->355023K(716800K), 0.0031071 secs] [Times: user=0.00 sys=0.00, real=0.00 secs] 
2024-07-04T23:58:08.850+0800: 4748.164: [GC (Allocation Failure) [PSYoungGen: 107880K->96K(106496K)] 462840K->355063K(714240K), 0.0022358 secs] [Times: user=0.01 sys=0.00, real=0.00 secs] 
2024-07-04T23:58:09.640+0800: 4748.954: [GC (Allocation Failure) [PSYoungGen: 105721K->96K(104960K)] 460688K->355071K(712704K), 0.0024384 secs] [Times: user=0.00 sys=0.00, real=0.00 secs] 
2024-07-04T23:58:10.421+0800: 4749.735: [GC (Allocation Failure) [PSYoungGen: 103639K->96K(102912K)] 458614K->355079K(710656K), 0.0024335 secs] [Times: user=0.01 sys=0.00, real=0.00 secs] 
2024-07-04T23:58:11.149+0800: 4750.463: [GC (Allocation Failure) [PSYoungGen: 102076K->608K(101888K)] 457060K->355599K(709632K), 0.0022465 secs] [Times: user=0.00 sys=0.00, real=0.00 secs] 
2024-07-04T23:58:11.862+0800: 4751.176: [GC (Allocation Failure) [PSYoungGen: 100966K->96K(99840K)] 455958K->355095K(707584K), 0.0024295 secs] [Times: user=0.01 sys=0.00, real=0.00 secs] 
2024-07-04T23:58:12.604+0800: 4751.918: [GC (Allocation Failure) [PSYoungGen: 99354K->640K(108544K)] 454354K->355647K(716288K), 0.0045173 secs] [Times: user=0.01 sys=0.00, real=0.01 secs] 
2024-07-04T23:58:13.403+0800: 4752.717: [GC (Allocation Failure) [PSYoungGen: 107847K->96K(105984K)] 462855K->355111K(713728K), 0.0022874 secs] [Times: user=0.01 sys=0.00, real=0.00 secs] 
2024-07-04T23:58:14.182+0800: 4753.496: [GC (Allocation Failure) [PSYoungGen: 105474K->576K(104448K)] 460490K->355599K(712192K), 0.0036311 secs] [Times: user=0.01 sys=0.00, real=0.01 secs] 
2024-07-04T23:58:14.912+0800: 4754.227: [GC (Allocation Failure) [PSYoungGen: 103568K->128K(102400K)] 458592K->355159K(710144K), 0.0026390 secs] [Times: user=0.00 sys=0.00, real=0.01 secs] 
2024-07-04T23:58:15.674+0800: 4754.988: [GC (Allocation Failure) [PSYoungGen: 101994K->96K(101376K)] 457026K->355135K(709120K), 0.0023002 secs] [Times: user=0.01 sys=0.00, real=0.00 secs] 
2024-07-04T23:58:16.413+0800: 4755.728: [GC (Allocation Failure) [PSYoungGen: 100393K->96K(99328K)] 455432K->355143K(707072K), 0.0022171 secs] [Times: user=0.01 sys=0.00, real=0.01 secs] 
2024-07-04T23:58:17.151+0800: 4756.465: [GC (Allocation Failure) [PSYoungGen: 98827K->96K(98304K)] 453875K->355151K(706048K), 0.0022159 secs] [Times: user=0.01 sys=0.00, real=0.00 secs] 
2024-07-04T23:58:17.845+0800: 4757.160: [GC (Allocation Failure) [PSYoungGen: 97263K->64K(96256K)] 452318K->355127K(704000K), 0.0030399 secs] [Times: user=0.00 sys=0.00, real=0.01 secs] 
2024-07-04T23:58:18.538+0800: 4757.852: [GC (Allocation Failure) [PSYoungGen: 95665K->608K(95232K)] 450728K->355679K(702976K), 0.0023175 secs] [Times: user=0.00 sys=0.00, real=0.00 secs] 
2024-07-04T23:58:19.206+0800: 4758.521: [GC (Allocation Failure) [PSYoungGen: 94643K->608K(93696K)] 449714K->355687K(701440K), 0.0023591 secs] [Times: user=0.01 sys=0.00, real=0.00 secs] 
2024-07-04T23:58:19.895+0800: 4759.209: [GC (Allocation Failure) [PSYoungGen: 93080K->640K(101376K)] 448159K->355727K(709120K), 0.0042812 secs] [Times: user=0.00 sys=0.00, real=0.00 secs] 
2024-07-04T23:58:20.639+0800: 4759.953: [GC (Allocation Failure) [PSYoungGen: 100945K->64K(109568K)] 456032K->355671K(717312K), 0.0036409 secs] [Times: user=0.01 sys=0.00, real=0.00 secs] 
2024-07-04T23:58:21.425+0800: 4760.740: [GC (Allocation Failure) [PSYoungGen: 108986K->96K(108032K)] 464593K->355711K(715776K), 0.0022660 secs] [Times: user=0.00 sys=0.00, real=0.01 secs] 
2024-07-04T23:58:22.194+0800: 4761.508: [GC (Allocation Failure) [PSYoungGen: 106779K->608K(105984K)] 462394K->356231K(713728K), 0.0024628 secs] [Times: user=0.01 sys=0.00, real=0.00 secs] 
2024-07-04T23:58:22.951+0800: 4762.266: [GC (Allocation Failure) [PSYoungGen: 105449K->608K(103936K)] 461072K->356239K(711680K), 0.0024486 secs] [Times: user=0.00 sys=0.00, real=0.01 secs] 
2024-07-04T23:58:23.717+0800: 4763.031: [GC (Allocation Failure) [PSYoungGen: 103083K->96K(101888K)] 458714K->355735K(709632K), 0.0022924 secs] [Times: user=0.01 sys=0.00, real=0.00 secs] 
2024-07-04T23:58:24.466+0800: 4763.780: [GC (Allocation Failure) [PSYoungGen: 101456K->608K(100864K)] 457096K->356255K(708608K), 0.0023744 secs] [Times: user=0.01 sys=0.00, real=0.01 secs] 
2024-07-04T23:58:25.226+0800: 4764.540: [GC (Allocation Failure) [PSYoungGen: 100380K->608K(99328K)] 456028K->356263K(707072K), 0.0023173 secs] [Times: user=0.01 sys=0.00, real=0.00 secs] 
2024-07-04T23:58:25.964+0800: 4765.278: [GC (Allocation Failure) [PSYoungGen: 98823K->128K(97280K)] 454479K->355791K(705024K), 0.0027116 secs] [Times: user=0.01 sys=0.00, real=0.01 secs] 
2024-07-04T23:58:26.682+0800: 4765.996: [GC (Allocation Failure) [PSYoungGen: 96776K->96K(95744K)] 452439K->355767K(703488K), 0.0023733 secs] [Times: user=0.01 sys=0.00, real=0.00 secs] 
2024-07-04T23:58:27.355+0800: 4766.669: [GC (Allocation Failure) [PSYoungGen: 95173K->608K(95232K)] 450845K->356287K(702976K), 0.0022238 secs] [Times: user=0.00 sys=0.00, real=0.00 secs] 
2024-07-04T23:58:28.020+0800: 4767.334: [GC (Allocation Failure) [PSYoungGen: 94120K->96K(92672K)] 449799K->355783K(700416K), 0.0022039 secs] [Times: user=0.00 sys=0.00, real=0.00 secs] 
2024-07-04T23:58:28.695+0800: 4768.009: [GC (Allocation Failure) [PSYoungGen: 92046K->96K(92160K)] 447733K->355791K(699904K), 0.0021846 secs] [Times: user=0.01 sys=0.00, real=0.00 secs] 
2024-07-04T23:58:29.354+0800: 4768.668: [GC (Allocation Failure) [PSYoungGen: 90475K->64K(89600K)] 446170K->355767K(697344K), 0.0034475 secs] [Times: user=0.00 sys=0.00, real=0.00 secs] 
2024-07-04T23:58:29.990+0800: 4769.304: [GC (Allocation Failure) [PSYoungGen: 88877K->592K(97792K)] 444581K->356303K(705536K), 0.0036118 secs] [Times: user=0.00 sys=0.00, real=0.01 secs] 
2024-07-04T23:58:30.689+0800: 4770.003: [GC (Allocation Failure) [PSYoungGen: 97239K->640K(105984K)] 452950K->356359K(713728K), 0.0026109 secs] [Times: user=0.01 sys=0.00, real=0.00 secs] 
2024-07-04T23:58:31.430+0800: 4770.744: [GC (Allocation Failure) [PSYoungGen: 105380K->64K(114176K)] 461100K->355791K(721920K), 0.0035395 secs] [Times: user=0.00 sys=0.01, real=0.01 secs] 
2024-07-04T23:58:32.240+0800: 4771.554: [GC (Allocation Failure) [PSYoungGen: 113251K->608K(112640K)] 468978K->356343K(720384K), 0.0023344 secs] [Times: user=0.00 sys=0.00, real=0.00 secs] 
2024-07-04T23:58:33.035+0800: 4772.349: [GC (Allocation Failure) [PSYoungGen: 111748K->96K(110080K)] 467484K->355839K(717824K), 0.0025690 secs] [Times: user=0.01 sys=0.00, real=0.00 secs] 
2024-07-04T23:58:33.845+0800: 4773.159: [GC (Allocation Failure) [PSYoungGen: 109155K->576K(108544K)] 464898K->356327K(716288K), 0.0027126 secs] [Times: user=0.00 sys=0.00, real=0.01 secs] 
2024-07-04T23:58:34.636+0800: 4773.950: [GC (Allocation Failure) [PSYoungGen: 107932K->640K(106496K)] 463684K->356399K(714240K), 0.0025245 secs] [Times: user=0.00 sys=0.00, real=0.00 secs] 
2024-07-04T23:58:35.416+0800: 4774.730: [GC (Allocation Failure) [PSYoungGen: 106034K->608K(104448K)] 461794K->356375K(712192K), 0.0029173 secs] [Times: user=0.00 sys=0.00, real=0.00 secs] 
2024-07-04T23:58:36.188+0800: 4775.502: [GC (Allocation Failure) [PSYoungGen: 103645K->608K(102912K)] 459413K->356383K(710656K), 0.0024140 secs] [Times: user=0.00 sys=0.01, real=0.00 secs] 
2024-07-04T23:58:36.909+0800: 4776.223: [GC (Allocation Failure) [PSYoungGen: 102149K->64K(100864K)] 457924K->355847K(708608K), 0.0022998 secs] [Times: user=0.00 sys=0.00, real=0.00 secs] 
2024-07-04T23:58:37.656+0800: 4776.970: [GC (Allocation Failure) [PSYoungGen: 100361K->64K(100352K)] 456145K->355855K(708096K), 0.0023056 secs] [Times: user=0.01 sys=0.00, real=0.00 secs] 
2024-07-04T23:58:38.419+0800: 4777.733: [GC (Allocation Failure) [PSYoungGen: 98796K->64K(97792K)] 454588K->355863K(705536K), 0.0034546 secs] [Times: user=0.00 sys=0.00, real=0.00 secs] 
2024-07-04T23:58:39.157+0800: 4778.471: [GC (Allocation Failure) [PSYoungGen: 97231K->576K(106496K)] 453030K->356383K(714240K), 0.0039867 secs] [Times: user=0.00 sys=0.00, real=0.00 secs] 
2024-07-04T23:58:39.949+0800: 4779.263: [GC (Allocation Failure) [PSYoungGen: 105299K->64K(103424K)] 461107K->355879K(711168K), 0.0024804 secs] [Times: user=0.01 sys=0.00, real=0.00 secs] 
2024-07-04T23:58:40.720+0800: 4780.035: [GC (Allocation Failure) [PSYoungGen: 102715K->608K(102912K)] 458530K->356431K(710656K), 0.0023309 secs] [Times: user=0.00 sys=0.00, real=0.00 secs] 
2024-07-04T23:58:41.470+0800: 4780.784: [GC (Allocation Failure) [PSYoungGen: 101550K->608K(100864K)] 457374K->356439K(708608K), 0.0025320 secs] [Times: user=0.00 sys=0.00, real=0.00 secs] 
2024-07-04T23:58:42.218+0800: 4781.532: [GC (Allocation Failure) [PSYoungGen: 100393K->64K(98816K)] 456224K->355903K(706560K), 0.0026500 secs] [Times: user=0.01 sys=0.00, real=0.00 secs] 
2024-07-04T23:58:42.938+0800: 4782.252: [GC (Allocation Failure) [PSYoungGen: 98280K->592K(107520K)] 454119K->356439K(715264K), 0.0041263 secs] [Times: user=0.00 sys=0.00, real=0.00 secs] 
2024-07-04T23:58:43.726+0800: 4783.040: [GC (Allocation Failure) [PSYoungGen: 106814K->608K(105472K)] 462662K->356463K(713216K), 0.0024513 secs] [Times: user=0.00 sys=0.00, real=0.01 secs] 
2024-07-04T23:58:44.462+0800: 4783.776: [GC (Allocation Failure) [PSYoungGen: 104681K->96K(103424K)] 460537K->355959K(711168K), 0.0023101 secs] [Times: user=0.00 sys=0.00, real=0.00 secs] 
2024-07-04T23:58:45.211+0800: 4784.525: [GC (Allocation Failure) [PSYoungGen: 102548K->64K(102912K)] 458412K->355935K(710656K), 0.0034425 secs] [Times: user=0.01 sys=0.00, real=0.01 secs] 
2024-07-04T23:58:45.965+0800: 4785.280: [GC (Allocation Failure) [PSYoungGen: 101405K->64K(100352K)] 457276K->355943K(708096K), 0.0028230 secs] [Times: user=0.01 sys=0.00, real=0.01 secs] 
2024-07-04T23:58:46.701+0800: 4786.015: [GC (Allocation Failure) [PSYoungGen: 99840K->576K(109568K)] 455720K->356463K(717312K), 0.0037858 secs] [Times: user=0.00 sys=0.00, real=0.00 secs] 
2024-07-04T23:58:47.519+0800: 4786.833: [GC (Allocation Failure) [PSYoungGen: 108374K->96K(106496K)] 464262K->355991K(714240K), 0.0023509 secs] [Times: user=0.01 sys=0.00, real=0.00 secs] 
2024-07-04T23:58:48.301+0800: 4787.615: [GC (Allocation Failure) [PSYoungGen: 105788K->64K(105472K)] 461684K->355967K(713216K), 0.0023099 secs] [Times: user=0.00 sys=0.00, real=0.00 secs] 
2024-07-04T23:58:49.077+0800: 4788.391: [GC (Allocation Failure) [PSYoungGen: 103781K->96K(102912K)] 459684K->356007K(710656K), 0.0023156 secs] [Times: user=0.00 sys=0.00, real=0.00 secs] 
2024-07-04T23:58:49.823+0800: 4789.137: [GC (Allocation Failure) [PSYoungGen: 102046K->96K(101888K)] 457958K->356015K(709632K), 0.0021923 secs] [Times: user=0.00 sys=0.00, real=0.00 secs] 
2024-07-04T23:58:50.589+0800: 4789.904: [GC (Allocation Failure) [PSYoungGen: 100706K->608K(100352K)] 456625K->356535K(708096K), 0.0024186 secs] [Times: user=0.00 sys=0.00, real=0.00 secs] 
2024-07-04T23:58:51.332+0800: 4790.646: [GC (Allocation Failure) [PSYoungGen: 99861K->608K(98816K)] 455789K->356543K(706560K), 0.0022992 secs] [Times: user=0.00 sys=0.00, real=0.01 secs] 
2024-07-04T23:58:52.062+0800: 4791.377: [GC (Allocation Failure) [PSYoungGen: 98302K->128K(96768K)] 454238K->356583K(704512K), 0.0035648 secs] [Times: user=0.00 sys=0.00, real=0.01 secs] 
2024-07-04T23:58:52.796+0800: 4792.110: [GC (Allocation Failure) [PSYoungGen: 96255K->96K(95744K)] 452710K->356559K(703488K), 0.0025059 secs] [Times: user=0.01 sys=0.00, real=0.00 secs] 
2024-07-04T23:58:53.509+0800: 4792.823: [GC (Allocation Failure) [PSYoungGen: 94655K->576K(94208K)] 451119K->357047K(701952K), 0.0030728 secs] [Times: user=0.01 sys=0.00, real=0.00 secs] 
2024-07-04T23:58:54.198+0800: 4793.512: [GC (Allocation Failure) [PSYoungGen: 93565K->96K(92160K)] 450036K->356575K(699904K), 0.0023864 secs] [Times: user=0.01 sys=0.00, real=0.00 secs] 
2024-07-04T23:58:54.854+0800: 4794.168: [GC (Allocation Failure) [PSYoungGen: 91523K->64K(99840K)] 448003K->356551K(707584K), 0.0038388 secs] [Times: user=0.00 sys=0.00, real=0.00 secs] 
2024-07-04T23:58:55.599+0800: 4794.913: [GC (Allocation Failure) [PSYoungGen: 99320K->608K(98816K)] 455807K->357103K(706560K), 0.0024117 secs] [Times: user=0.01 sys=0.00, real=0.00 secs] 
2024-07-04T23:58:56.342+0800: 4795.656: [GC (Allocation Failure) [PSYoungGen: 98297K->608K(97280K)] 454793K->357111K(705024K), 0.0026106 secs] [Times: user=0.01 sys=0.00, real=0.00 secs] 
2024-07-04T23:58:57.062+0800: 4796.376: [GC (Allocation Failure) [PSYoungGen: 96735K->576K(105472K)] 453239K->357087K(713216K), 0.0038564 secs] [Times: user=0.00 sys=0.00, real=0.01 secs] 
2024-07-04T23:58:57.809+0800: 4797.123: [GC (Allocation Failure) [PSYoungGen: 104669K->128K(103424K)] 461181K->356647K(711168K), 0.0023608 secs] [Times: user=0.01 sys=0.00, real=0.00 secs] 
2024-07-04T23:58:58.537+0800: 4797.851: [GC (Allocation Failure) [PSYoungGen: 102615K->128K(102912K)] 459135K->356655K(710656K), 0.0030992 secs] [Times: user=0.00 sys=0.00, real=0.00 secs] 
2024-07-04T23:58:59.296+0800: 4798.610: [GC (Allocation Failure) [PSYoungGen: 101470K->64K(109568K)] 457998K->356599K(717312K), 0.0037930 secs] [Times: user=0.00 sys=0.00, real=0.00 secs] 
2024-07-04T23:59:00.065+0800: 4799.379: [GC (Allocation Failure) [PSYoungGen: 108452K->608K(107520K)] 464988K->357151K(715264K), 0.0024088 secs] [Times: user=0.01 sys=0.00, real=0.01 secs] 
2024-07-04T23:59:00.817+0800: 4800.131: [GC (Allocation Failure) [PSYoungGen: 107014K->64K(104960K)] 463558K->357127K(712704K), 0.0024818 secs] [Times: user=0.00 sys=0.00, real=0.00 secs] 
2024-07-04T23:59:01.583+0800: 4800.897: [GC (Allocation Failure) [PSYoungGen: 104451K->576K(103936K)] 461515K->357647K(711680K), 0.0026922 secs] [Times: user=0.01 sys=0.00, real=0.01 secs] 
2024-07-04T23:59:02.361+0800: 4801.675: [GC (Allocation Failure) [PSYoungGen: 103068K->640K(102400K)] 460140K->357719K(710144K), 0.0029827 secs] [Times: user=0.00 sys=0.00, real=0.00 secs] 
2024-07-04T23:59:03.104+0800: 4802.419: [GC (Allocation Failure) [PSYoungGen: 101625K->608K(100864K)] 458704K->357695K(708608K), 0.0029234 secs] [Times: user=0.00 sys=0.00, real=0.01 secs] 
2024-07-04T23:59:03.838+0800: 4803.152: [GC (Allocation Failure) [PSYoungGen: 100385K->576K(99328K)] 457473K->357671K(707072K), 0.0025828 secs] [Times: user=0.00 sys=0.00, real=0.00 secs] 
2024-07-04T23:59:04.582+0800: 4803.896: [GC (Allocation Failure) [PSYoungGen: 98790K->64K(97280K)] 455886K->357167K(705024K), 0.0037199 secs] [Times: user=0.00 sys=0.00, real=0.01 secs] 
2024-07-04T23:59:05.296+0800: 4804.611: [GC (Allocation Failure) [PSYoungGen: 96711K->64K(95744K)] 453815K->357175K(703488K), 0.0027235 secs] [Times: user=0.01 sys=0.00, real=0.00 secs] 
2024-07-04T23:59:06.019+0800: 4805.333: [GC (Allocation Failure) [PSYoungGen: 95141K->608K(95232K)] 452253K->357727K(702976K), 0.0022959 secs] [Times: user=0.00 sys=0.00, real=0.00 secs] 
2024-07-04T23:59:06.712+0800: 4806.026: [GC (Allocation Failure) [PSYoungGen: 94123K->64K(92672K)] 451243K->357191K(700416K), 0.0034348 secs] [Times: user=0.00 sys=0.00, real=0.01 secs] 
2024-07-04T23:59:07.397+0800: 4806.712: [GC (Allocation Failure) [PSYoungGen: 92013K->96K(92160K)] 449140K->357231K(699904K), 0.0022358 secs] [Times: user=0.00 sys=0.00, real=0.00 secs] 
2024-07-04T23:59:08.055+0800: 4807.369: [GC (Allocation Failure) [PSYoungGen: 90474K->608K(90112K)] 447609K->357751K(697856K), 0.0023937 secs] [Times: user=0.01 sys=0.00, real=0.00 secs] 
2024-07-04T23:59:08.703+0800: 4808.017: [GC (Allocation Failure) [PSYoungGen: 89420K->96K(88064K)] 446564K->357247K(695808K), 0.0023040 secs] [Times: user=0.00 sys=0.00, real=0.00 secs] 
2024-07-04T23:59:09.354+0800: 4808.668: [GC (Allocation Failure) [PSYoungGen: 87347K->576K(96256K)] 444498K->357735K(704000K), 0.0043483 secs] [Times: user=0.00 sys=0.00, real=0.00 secs] 
2024-07-04T23:59:10.049+0800: 4809.363: [GC (Allocation Failure) [PSYoungGen: 95655K->96K(103424K)] 452815K->357263K(711168K), 0.0023109 secs] [Times: user=0.01 sys=0.00, real=0.00 secs] 
2024-07-04T23:59:10.770+0800: 4810.084: [GC (Allocation Failure) [PSYoungGen: 101482K->64K(105472K)] 458649K->357239K(713216K), 0.0028642 secs] [Times: user=0.00 sys=0.00, real=0.00 secs] 
2024-07-04T23:59:11.502+0800: 4810.816: [GC (Allocation Failure) [PSYoungGen: 103895K->64K(104960K)] 461070K->357247K(712704K), 0.0033534 secs] [Times: user=0.01 sys=0.00, real=0.00 secs] 
2024-07-04T23:59:12.286+0800: 4811.600: [GC (Allocation Failure) [PSYoungGen: 103713K->64K(113664K)] 460896K->357255K(721408K), 0.0040394 secs] [Times: user=0.01 sys=0.00, real=0.00 secs] 
2024-07-04T23:59:13.139+0800: 4812.454: [GC (Allocation Failure) [PSYoungGen: 112605K->640K(113664K)] 469796K->357839K(721408K), 0.0040461 secs] [Times: user=0.00 sys=0.00, real=0.00 secs] 
2024-07-04T23:59:13.983+0800: 4813.297: [GC (Allocation Failure) [PSYoungGen: 112962K->608K(122880K)] 470162K->357815K(730624K), 0.0026872 secs] [Times: user=0.00 sys=0.00, real=0.01 secs] 
2024-07-04T23:59:14.847+0800: 4814.161: [GC (Allocation Failure) [PSYoungGen: 122311K->96K(123392K)] 479519K->357311K(731136K), 0.0036234 secs] [Times: user=0.01 sys=0.00, real=0.00 secs] 
2024-07-04T23:59:15.718+0800: 4815.032: [GC (Allocation Failure) [PSYoungGen: 121669K->608K(120320K)] 478885K->357831K(728064K), 0.0024025 secs] [Times: user=0.00 sys=0.00, real=0.00 secs] 
2024-07-04T23:59:16.566+0800: 4815.880: [GC (Allocation Failure) [PSYoungGen: 119552K->96K(117760K)] 476776K->357327K(725504K), 0.0022891 secs] [Times: user=0.01 sys=0.00, real=0.00 secs] 
2024-07-04T23:59:17.398+0800: 4816.713: [GC (Allocation Failure) [PSYoungGen: 116907K->608K(116224K)] 474139K->357847K(723968K), 0.0026139 secs] [Times: user=0.01 sys=0.00, real=0.00 secs] 
2024-07-04T23:59:18.218+0800: 4817.532: [GC (Allocation Failure) [PSYoungGen: 115404K->96K(113664K)] 472643K->357343K(721408K), 0.0023366 secs] [Times: user=0.00 sys=0.00, real=0.00 secs] 
2024-07-04T23:59:19.050+0800: 4818.364: [GC (Allocation Failure) [PSYoungGen: 112896K->608K(112128K)] 470144K->357863K(719872K), 0.0026019 secs] [Times: user=0.00 sys=0.00, real=0.00 secs] 
2024-07-04T23:59:19.878+0800: 4819.192: [GC (Allocation Failure) [PSYoungGen: 111650K->576K(110080K)] 468905K->357839K(717824K), 0.0043346 secs] [Times: user=0.01 sys=0.00, real=0.00 secs] 
2024-07-04T23:59:20.692+0800: 4820.007: [GC (Allocation Failure) [PSYoungGen: 109194K->96K(107520K)] 466458K->357367K(715264K), 0.0023286 secs] [Times: user=0.00 sys=0.00, real=0.01 secs] 
2024-07-04T23:59:21.486+0800: 4820.800: [GC (Allocation Failure) [PSYoungGen: 106959K->576K(106496K)] 464231K->357855K(714240K), 0.0040415 secs] [Times: user=0.00 sys=0.00, real=0.00 secs] 
2024-07-04T23:59:22.280+0800: 4821.594: [GC (Allocation Failure) [PSYoungGen: 105318K->64K(103424K)] 462598K->357351K(711168K), 0.0025265 secs] [Times: user=0.01 sys=0.00, real=0.00 secs] 
2024-07-04T23:59:23.092+0800: 4822.406: [GC (Allocation Failure) [PSYoungGen: 102514K->640K(102912K)] 459802K->357935K(710656K), 0.0030036 secs] [Times: user=0.01 sys=0.00, real=0.01 secs] 
2024-07-04T23:59:23.811+0800: 4823.126: [GC (Allocation Failure) [PSYoungGen: 101645K->64K(100352K)] 458941K->357367K(708096K), 0.0033078 secs] [Times: user=0.00 sys=0.00, real=0.01 secs] 
2024-07-04T23:59:24.517+0800: 4823.831: [GC (Allocation Failure) [PSYoungGen: 99843K->96K(99840K)] 457146K->357407K(707584K), 0.0023502 secs] [Times: user=0.00 sys=0.00, real=0.00 secs] 
2024-07-04T23:59:25.262+0800: 4824.576: [GC (Allocation Failure) [PSYoungGen: 98314K->64K(97280K)] 455626K->357383K(705024K), 0.0032822 secs] [Times: user=0.01 sys=0.00, real=0.00 secs] 
2024-07-04T23:59:25.999+0800: 4825.314: [GC (Allocation Failure) [PSYoungGen: 96711K->96K(96256K)] 454030K->357423K(704000K), 0.0021319 secs] [Times: user=0.00 sys=0.00, real=0.00 secs] 
2024-07-04T23:59:26.726+0800: 4826.040: [GC (Allocation Failure) [PSYoungGen: 95175K->608K(94720K)] 452503K->357943K(702464K), 0.0023601 secs] [Times: user=0.00 sys=0.00, real=0.00 secs] 
2024-07-04T23:59:27.461+0800: 4826.775: [GC (Allocation Failure) [PSYoungGen: 94304K->1088K(93696K)] 451639K->358431K(701440K), 0.0028579 secs] [Times: user=0.01 sys=0.00, real=0.00 secs] 
2024-07-04T23:59:27.664+0800: 4826.978: [GC (Allocation Failure) [PSYoungGen: 93248K->1008K(102400K)] 450591K->358655K(710144K), 0.0024706 secs] [Times: user=0.00 sys=0.00, real=0.01 secs] 
2024-07-04T23:59:27.860+0800: 4827.174: [GC (Allocation Failure) [PSYoungGen: 102384K->1408K(115200K)] 460031K->359063K(722944K), 0.0034712 secs] [Times: user=0.01 sys=0.00, real=0.00 secs] 
2024-07-04T23:59:28.088+0800: 4827.403: [GC (Allocation Failure) [PSYoungGen: 115072K->1024K(123904K)] 472727K->359503K(731648K), 0.0028627 secs] [Times: user=0.00 sys=0.00, real=0.00 secs] 
2024-07-04T23:59:28.327+0800: 4827.642: [GC (Allocation Failure) [PSYoungGen: 123904K->1344K(125440K)] 482383K->359823K(733184K), 0.0043970 secs] [Times: user=0.00 sys=0.00, real=0.00 secs] 
2024-07-04T23:59:28.551+0800: 4827.865: [GC (Allocation Failure) [PSYoungGen: 124224K->1424K(141824K)] 482703K->359903K(749568K), 0.0027893 secs] [Times: user=0.00 sys=0.00, real=0.01 secs] 
2024-07-04T23:59:28.801+0800: 4828.115: [GC (Allocation Failure) [PSYoungGen: 140688K->1952K(141824K)] 499167K->360431K(749568K), 0.0049712 secs] [Times: user=0.00 sys=0.00, real=0.01 secs] 
2024-07-04T23:59:29.051+0800: 4828.365: [GC (Allocation Failure) [PSYoungGen: 141216K->1440K(161792K)] 499695K->359919K(769536K), 0.0039817 secs] [Times: user=0.01 sys=0.00, real=0.01 secs] 
2024-07-04T23:59:29.331+0800: 4828.646: [GC (Allocation Failure) [PSYoungGen: 160160K->2000K(161792K)] 518639K->360495K(769536K), 0.0029026 secs] [Times: user=0.00 sys=0.01, real=0.01 secs] 
2024-07-04T23:59:29.617+0800: 4828.931: [GC (Allocation Failure) [PSYoungGen: 160720K->1152K(182784K)] 519215K->359655K(790528K), 0.0025815 secs] [Times: user=0.01 sys=0.00, real=0.00 secs] 
2024-07-04T23:59:29.942+0800: 4829.257: [GC (Allocation Failure) [PSYoungGen: 181376K->1760K(183296K)] 539879K->360271K(791040K), 0.0048471 secs] [Times: user=0.01 sys=0.00, real=0.01 secs] 
2024-07-04T23:59:30.264+0800: 4829.578: [GC (Allocation Failure) [PSYoungGen: 181984K->1600K(206848K)] 540495K->360119K(814592K), 0.0027454 secs] [Times: user=0.00 sys=0.00, real=0.01 secs] 
2024-07-04T23:59:30.627+0800: 4829.942: [GC (Allocation Failure) [PSYoungGen: 205888K->1824K(207360K)] 564407K->360351K(815104K), 0.0039362 secs] [Times: user=0.01 sys=0.00, real=0.00 secs] 
2024-07-04T23:59:31.004+0800: 4830.318: [GC (Allocation Failure) [PSYoungGen: 206112K->2096K(232960K)] 564639K->360631K(840704K), 0.0029692 secs] [Times: user=0.00 sys=0.00, real=0.01 secs] 
2024-07-04T23:59:31.415+0800: 4830.729: [GC (Allocation Failure) [PSYoungGen: 232496K->736K(233472K)] 591031K->359279K(841216K), 0.0037665 secs] [Times: user=0.00 sys=0.01, real=0.00 secs] 
2024-07-04T23:59:31.823+0800: 4831.138: [GC (Allocation Failure) [PSYoungGen: 231136K->1664K(262144K)] 589679K->360215K(869888K), 0.0039012 secs] [Times: user=0.01 sys=0.00, real=0.01 secs] 
2024-07-04T23:59:32.307+0800: 4831.621: [GC (Allocation Failure) [PSYoungGen: 260736K->1920K(262144K)] 619287K->360479K(869888K), 0.0028766 secs] [Times: user=0.01 sys=0.00, real=0.00 secs] 
2024-07-04T23:59:32.763+0800: 4832.077: [GC (Allocation Failure) [PSYoungGen: 260992K->1312K(290304K)] 619551K->359879K(898048K), 0.0027153 secs] [Times: user=0.00 sys=0.00, real=0.00 secs] 
2024-07-04T23:59:33.287+0800: 4832.601: [GC (Allocation Failure) [PSYoungGen: 290080K->1872K(291840K)] 648647K->360447K(899584K), 0.0031387 secs] [Times: user=0.00 sys=0.01, real=0.00 secs] 
2024-07-04T23:59:33.795+0800: 4833.110: [GC (Allocation Failure) [PSYoungGen: 290640K->1664K(324096K)] 649215K->360247K(931840K), 0.0045504 secs] [Times: user=0.01 sys=0.00, real=0.00 secs] 
2024-07-04T23:59:34.378+0800: 4833.692: [GC (Allocation Failure) [PSYoungGen: 322688K->1152K(324096K)] 681271K->359743K(931840K), 0.0026693 secs] [Times: user=0.01 sys=0.00, real=0.00 secs] 
2024-07-04T23:59:34.951+0800: 4834.265: [GC (Allocation Failure) [PSYoungGen: 322176K->1232K(356352K)] 680767K->359831K(964096K), 0.0027450 secs] [Times: user=0.00 sys=0.00, real=0.00 secs] 
2024-07-04T23:59:35.595+0800: 4834.909: [GC (Allocation Failure) [PSYoungGen: 355536K->2016K(357376K)] 714135K->360623K(965120K), 0.0039188 secs] [Times: user=0.00 sys=0.00, real=0.00 secs] 
2024-07-04T23:59:36.242+0800: 4835.556: [GC (Allocation Failure) [PSYoungGen: 356320K->1792K(391168K)] 714927K->360407K(998912K), 0.0029037 secs] [Times: user=0.01 sys=0.00, real=0.00 secs] 
2024-07-04T23:59:36.940+0800: 4836.254: [GC (Allocation Failure) [PSYoungGen: 390912K->1248K(392704K)] 749527K->359871K(1000448K), 0.0049853 secs] [Times: user=0.01 sys=0.00, real=0.00 secs] 
2024-07-04T23:59:37.681+0800: 4836.996: [GC (Allocation Failure) [PSYoungGen: 390880K->1824K(429056K)] 749503K->360455K(1036800K), 0.0028531 secs] [Times: user=0.00 sys=0.00, real=0.00 secs] 
2024-07-04T23:59:38.402+0800: 4837.717: [GC (Allocation Failure) [PSYoungGen: 428832K->1888K(430080K)] 787463K->360519K(1037824K), 0.0042700 secs] [Times: user=0.00 sys=0.01, real=0.01 secs] 
2024-07-04T23:59:39.148+0800: 4838.462: [GC (Allocation Failure) [PSYoungGen: 428896K->736K(466432K)] 787527K->359367K(1074176K), 0.0025082 secs] [Times: user=0.01 sys=0.00, real=0.00 secs] 
2024-07-04T23:59:39.951+0800: 4839.265: [GC (Allocation Failure) [PSYoungGen: 466144K->1728K(468992K)] 824775K->360359K(1076736K), 0.0029283 secs] [Times: user=0.01 sys=0.00, real=0.00 secs] 
2024-07-04T23:59:40.770+0800: 4840.084: [GC (Allocation Failure) [PSYoungGen: 467648K->1408K(506368K)] 826279K->360039K(1114112K), 0.0026914 secs] [Times: user=0.00 sys=0.00, real=0.00 secs] 
2024-07-04T23:59:41.627+0800: 4840.941: [GC (Allocation Failure) [PSYoungGen: 505728K->928K(507392K)] 864359K->359559K(1115136K), 0.0029942 secs] [Times: user=0.00 sys=0.00, real=0.00 secs] 
2024-07-04T23:59:42.508+0800: 4841.822: [GC (Allocation Failure) [PSYoungGen: 505248K->1120K(546816K)] 863879K->359751K(1154560K), 0.0035035 secs] [Times: user=0.01 sys=0.00, real=0.00 secs] 
2024-07-04T23:59:43.435+0800: 4842.749: [GC (Allocation Failure) [PSYoungGen: 545376K->1264K(546816K)] 904007K->359895K(1154560K), 0.0047337 secs] [Times: user=0.00 sys=0.00, real=0.00 secs] 
2024-07-04T23:59:44.377+0800: 4843.691: [GC (Allocation Failure) [PSYoungGen: 545520K->1920K(589824K)] 904151K->360551K(1197568K), 0.0031683 secs] [Times: user=0.00 sys=0.00, real=0.00 secs] 
2024-07-04T23:59:45.440+0800: 4844.755: [GC (Allocation Failure) [PSYoungGen: 589696K->1120K(566784K)] 948327K->359751K(1174528K), 0.0028961 secs] [Times: user=0.01 sys=0.00, real=0.00 secs] 
2024-07-04T23:59:46.468+0800: 4845.782: [GC (Allocation Failure) [PSYoungGen: 566368K->1376K(545280K)] 924999K->360007K(1153024K), 0.0029607 secs] [Times: user=0.00 sys=0.00, real=0.00 secs] 
2024-07-04T23:59:47.385+0800: 4846.699: [GC (Allocation Failure) [PSYoungGen: 545120K->1456K(524800K)] 903751K->360087K(1132544K), 0.0024791 secs] [Times: user=0.00 sys=0.00, real=0.01 secs] 
2024-07-04T23:59:48.255+0800: 4847.569: [GC (Allocation Failure) [PSYoungGen: 524720K->2112K(506368K)] 883351K->360743K(1114112K), 0.0041308 secs] [Times: user=0.00 sys=0.00, real=0.00 secs] 
2024-07-04T23:59:49.099+0800: 4848.414: [GC (Allocation Failure) [PSYoungGen: 505920K->1440K(486400K)] 864551K->360071K(1094144K), 0.0025004 secs] [Times: user=0.01 sys=0.00, real=0.00 secs] 
2024-07-04T23:59:49.919+0800: 4849.234: [GC (Allocation Failure) [PSYoungGen: 486304K->1536K(468480K)] 844935K->360503K(1076224K), 0.0026062 secs] [Times: user=0.01 sys=0.00, real=0.00 secs] 
2024-07-04T23:59:50.698+0800: 4850.012: [GC (Allocation Failure) [PSYoungGen: 468480K->2032K(452096K)] 827447K->361007K(1059840K), 0.0025331 secs] [Times: user=0.01 sys=0.00, real=0.00 secs] 
2024-07-04T23:59:51.462+0800: 4850.776: [GC (Allocation Failure) [PSYoungGen: 452080K->1680K(435712K)] 811055K->360655K(1043456K), 0.0025583 secs] [Times: user=0.01 sys=0.00, real=0.00 secs] 
2024-07-04T23:59:52.222+0800: 4851.537: [GC (Allocation Failure) [PSYoungGen: 435344K->1696K(470016K)] 794319K->360679K(1077760K), 0.0048018 secs] [Times: user=0.01 sys=0.00, real=0.01 secs] 
2024-07-04T23:59:53.126+0800: 4852.440: [GC (Allocation Failure) [PSYoungGen: 469664K->1472K(452608K)] 828647K->360463K(1060352K), 0.0033061 secs] [Times: user=0.00 sys=0.01, real=0.00 secs] 
2024-07-04T23:59:54.029+0800: 4853.343: [GC (Allocation Failure) [PSYoungGen: 452544K->1312K(436224K)] 811535K->360311K(1043968K), 0.0027083 secs] [Times: user=0.01 sys=0.00, real=0.00 secs] 
2024-07-04T23:59:54.858+0800: 4854.173: [GC (Allocation Failure) [PSYoungGen: 436000K->1152K(420864K)] 794999K->360159K(1028608K), 0.0038906 secs] [Times: user=0.00 sys=0.00, real=0.00 secs] 
2024-07-04T23:59:55.639+0800: 4854.953: [GC (Allocation Failure) [PSYoungGen: 420480K->2080K(458240K)] 779487K->361095K(1065984K), 0.0056032 secs] [Times: user=0.00 sys=0.00, real=0.00 secs] 
2024-07-04T23:59:56.447+0800: 4855.761: [GC (Allocation Failure) [PSYoungGen: 457760K->1536K(494080K)] 816775K->360831K(1101824K), 0.0023570 secs] [Times: user=0.00 sys=0.00, real=0.00 secs] 
2024-07-04T23:59:57.300+0800: 4856.614: [GC (Allocation Failure) [PSYoungGen: 494080K->1472K(475648K)] 853375K->360775K(1083392K), 0.0024082 secs] [Times: user=0.00 sys=0.00, real=0.00 secs] 
2024-07-04T23:59:58.090+0800: 4857.404: [GC (Allocation Failure) [PSYoungGen: 475584K->1952K(458752K)] 834887K->361255K(1066496K), 0.0032185 secs] [Times: user=0.01 sys=0.00, real=0.00 secs] 
2024-07-04T23:59:58.862+0800: 4858.177: [GC (Allocation Failure) [PSYoungGen: 458656K->2016K(442368K)] 817959K->361327K(1050112K), 0.0024569 secs] [Times: user=0.00 sys=0.00, real=0.00 secs] 
2024-07-04T23:59:59.621+0800: 4858.935: [GC (Allocation Failure) [PSYoungGen: 442336K->1536K(425984K)] 801647K->360871K(1033728K), 0.0024119 secs] [Times: user=0.01 sys=0.00, real=0.00 secs] 
2024-07-05T00:00:00.358+0800: 4859.672: [GC (Allocation Failure) [PSYoungGen: 425984K->1344K(411136K)] 785319K->360687K(1018880K), 0.0024902 secs] [Times: user=0.00 sys=0.00, real=0.00 secs] 
2024-07-05T00:00:01.051+0800: 4860.365: [GC (Allocation Failure) [PSYoungGen: 410944K->1152K(396800K)] 770287K->360495K(1004544K), 0.0024131 secs] [Times: user=0.00 sys=0.00, real=0.01 secs] 
2024-07-05T00:00:01.743+0800: 4861.057: [GC (Allocation Failure) [PSYoungGen: 396416K->1456K(428544K)] 755759K->360807K(1036288K), 0.0041801 secs] [Times: user=0.00 sys=0.01, real=0.01 secs] 
2024-07-05T00:00:02.587+0800: 4861.902: [GC (Allocation Failure) [PSYoungGen: 428464K->1824K(463872K)] 787815K->361183K(1071616K), 0.0040804 secs] [Times: user=0.00 sys=0.00, real=0.00 secs] 
2024-07-05T00:00:03.561+0800: 4862.875: [GC (Allocation Failure) [PSYoungGen: 463648K->2048K(446976K)] 823007K->361415K(1054720K), 0.0027170 secs] [Times: user=0.00 sys=0.00, real=0.00 secs] 
2024-07-05T00:00:04.476+0800: 4863.791: [GC (Allocation Failure) [PSYoungGen: 446976K->1504K(430592K)] 806343K->361175K(1038336K), 0.0027216 secs] [Times: user=0.00 sys=0.00, real=0.00 secs] 
2024-07-05T00:00:05.252+0800: 4864.566: [GC (Allocation Failure) [PSYoungGen: 430560K->2048K(416256K)] 790231K->361727K(1024000K), 0.0024905 secs] [Times: user=0.00 sys=0.00, real=0.01 secs] 
2024-07-05T00:00:05.949+0800: 4865.263: [GC (Allocation Failure) [PSYoungGen: 415744K->1152K(400896K)] 775423K->360831K(1008640K), 0.0024098 secs] [Times: user=0.00 sys=0.00, real=0.00 secs] 
2024-07-05T00:00:06.680+0800: 4865.994: [GC (Allocation Failure) [PSYoungGen: 400512K->1248K(387072K)] 760191K->360935K(994816K), 0.0026420 secs] [Times: user=0.01 sys=0.00, real=0.00 secs] 
2024-07-05T00:00:07.347+0800: 4866.662: [GC (Allocation Failure) [PSYoungGen: 386784K->1440K(373760K)] 746471K->361135K(981504K), 0.0025041 secs] [Times: user=0.00 sys=0.00, real=0.00 secs] 
2024-07-05T00:00:08.075+0800: 4867.389: [GC (Allocation Failure) [PSYoungGen: 373664K->1472K(360960K)] 733359K->361175K(968704K), 0.0025780 secs] [Times: user=0.01 sys=0.00, real=0.00 secs] 
2024-07-05T00:00:08.756+0800: 4868.070: [GC (Allocation Failure) [PSYoungGen: 360894K->1664K(349184K)] 720598K->361375K(956928K), 0.0024682 secs] [Times: user=0.00 sys=0.00, real=0.00 secs] 
2024-07-05T00:00:09.375+0800: 4868.690: [GC (Allocation Failure) [PSYoungGen: 348800K->1280K(377344K)] 708511K->360999K(985088K), 0.0043435 secs] [Times: user=0.00 sys=0.00, real=0.00 secs] 
2024-07-05T00:00:10.034+0800: 4869.348: [GC (Allocation Failure) [PSYoungGen: 377088K->1184K(407552K)] 736807K->360911K(1015296K), 0.0024776 secs] [Times: user=0.00 sys=0.00, real=0.00 secs] 
2024-07-05T00:00:10.766+0800: 4870.080: [GC (Allocation Failure) [PSYoungGen: 407200K->1696K(393728K)] 766927K->361431K(1001472K), 0.0024835 secs] [Times: user=0.01 sys=0.00, real=0.00 secs] 
2024-07-05T00:00:11.423+0800: 4870.737: [GC (Allocation Failure) [PSYoungGen: 393376K->1536K(379392K)] 753111K->361279K(987136K), 0.0028149 secs] [Times: user=0.00 sys=0.00, real=0.00 secs] 
2024-07-05T00:00:12.063+0800: 4871.378: [GC (Allocation Failure) [PSYoungGen: 379392K->1664K(411136K)] 739135K->361415K(1018880K), 0.0035412 secs] [Times: user=0.00 sys=0.00, real=0.01 secs] 
2024-07-05T00:00:12.820+0800: 4872.135: [GC (Allocation Failure) [PSYoungGen: 410752K->1952K(444928K)] 770503K->361711K(1052672K), 0.0033271 secs] [Times: user=0.00 sys=0.00, real=0.00 secs] 
2024-07-05T00:00:13.723+0800: 4873.037: [GC (Allocation Failure) [PSYoungGen: 444832K->1968K(482304K)] 804591K->361735K(1090048K), 0.0047226 secs] [Times: user=0.01 sys=0.00, real=0.01 secs] 
2024-07-05T00:00:14.583+0800: 4873.897: [GC (Allocation Failure) [PSYoungGen: 482224K->1168K(520704K)] 841991K->360943K(1128448K), 0.0026035 secs] [Times: user=0.01 sys=0.00, real=0.00 secs] 
2024-07-05T00:00:15.486+0800: 4874.800: [GC (Allocation Failure) [PSYoungGen: 520336K->1648K(501760K)] 880111K->361431K(1109504K), 0.0024669 secs] [Times: user=0.01 sys=0.00, real=0.00 secs] 
2024-07-05T00:00:16.321+0800: 4875.636: [GC (Allocation Failure) [PSYoungGen: 501360K->1440K(540672K)] 861143K->361231K(1148416K), 0.0040481 secs] [Times: user=0.01 sys=0.00, real=0.00 secs] 
2024-07-05T00:00:17.226+0800: 4876.541: [GC (Allocation Failure) [PSYoungGen: 540576K->1856K(559616K)] 900367K->361655K(1167360K), 0.0048384 secs] [Times: user=0.00 sys=0.00, real=0.00 secs] 
2024-07-05T00:00:18.161+0800: 4877.475: [GC (Allocation Failure) [PSYoungGen: 558912K->1920K(586240K)] 918711K->361727K(1193984K), 0.0030914 secs] [Times: user=0.01 sys=0.00, real=0.00 secs] 
2024-07-05T00:00:19.155+0800: 4878.469: [GC (Allocation Failure) [PSYoungGen: 585600K->1568K(586240K)] 945407K->361383K(1193984K), 0.0050798 secs] [Times: user=0.01 sys=0.00, real=0.00 secs] 
2024-07-05T00:00:20.176+0800: 4879.490: [GC (Allocation Failure) [PSYoungGen: 585248K->1504K(632320K)] 945063K->361327K(1240064K), 0.0038878 secs] [Times: user=0.01 sys=0.00, real=0.00 secs] 
2024-07-05T00:00:21.270+0800: 4880.584: [GC (Allocation Failure) [PSYoungGen: 632288K->1456K(607744K)] 992111K->361287K(1215488K), 0.0029161 secs] [Times: user=0.01 sys=0.00, real=0.00 secs] 
2024-07-05T00:00:22.341+0800: 4881.655: [GC (Allocation Failure) [PSYoungGen: 607664K->1696K(584704K)] 967495K->361535K(1192448K), 0.0030480 secs] [Times: user=0.01 sys=0.00, real=0.00 secs] 
2024-07-05T00:00:23.339+0800: 4882.653: [GC (Allocation Failure) [PSYoungGen: 584352K->832K(561152K)] 944191K->360679K(1168896K), 0.0032359 secs] [Times: user=0.01 sys=0.00, real=0.00 secs] 
2024-07-05T00:00:24.322+0800: 4883.636: [GC (Allocation Failure) [PSYoungGen: 560960K->1184K(540160K)] 920807K->361039K(1147904K), 0.0026596 secs] [Times: user=0.01 sys=0.00, real=0.00 secs] 
2024-07-05T00:00:25.258+0800: 4884.572: [GC (Allocation Failure) [PSYoungGen: 539808K->1104K(519680K)] 899663K->360967K(1127424K), 0.0024003 secs] [Times: user=0.00 sys=0.00, real=0.00 secs] 
2024-07-05T00:00:26.137+0800: 4885.452: [GC (Allocation Failure) [PSYoungGen: 519248K->1952K(500736K)] 879111K->361823K(1108480K), 0.0024713 secs] [Times: user=0.00 sys=0.00, real=0.00 secs] 
2024-07-05T00:00:26.997+0800: 4886.311: [GC (Allocation Failure) [PSYoungGen: 500640K->1408K(481792K)] 860511K->361287K(1089536K), 0.0028205 secs] [Times: user=0.00 sys=0.00, real=0.00 secs] 
2024-07-05T00:00:27.926+0800: 4887.240: [GC (Allocation Failure) [PSYoungGen: 481664K->1504K(463872K)] 841543K->361391K(1071616K), 0.0027570 secs] [Times: user=0.01 sys=0.00, real=0.00 secs] 
2024-07-05T00:00:28.719+0800: 4888.033: [GC (Allocation Failure) [PSYoungGen: 463840K->1360K(446976K)] 823727K->361255K(1054720K), 0.0023957 secs] [Times: user=0.00 sys=0.00, real=0.00 secs] 
2024-07-05T00:00:29.511+0800: 4888.825: [GC (Allocation Failure) [PSYoungGen: 446800K->1600K(431616K)] 806695K->361503K(1039360K), 0.0025950 secs] [Times: user=0.00 sys=0.00, real=0.00 secs] 
2024-07-05T00:00:30.254+0800: 4889.568: [GC (Allocation Failure) [PSYoungGen: 431168K->1632K(416256K)] 791071K->361543K(1024000K), 0.0042060 secs] [Times: user=0.00 sys=0.00, real=0.00 secs] 
2024-07-05T00:00:30.963+0800: 4890.277: [GC (Allocation Failure) [PSYoungGen: 415840K->1536K(400896K)] 775751K->361671K(1008640K), 0.0023876 secs] [Times: user=0.00 sys=0.00, real=0.00 secs] 
2024-07-05T00:00:31.627+0800: 4890.941: [GC (Allocation Failure) [PSYoungGen: 400896K->1424K(387072K)] 761031K->361559K(994816K), 0.0024122 secs] [Times: user=0.01 sys=0.00, real=0.00 secs] 
2024-07-05T00:00:32.396+0800: 4891.710: [GC (Allocation Failure) [PSYoungGen: 386960K->1856K(374272K)] 747095K->361991K(982016K), 0.0032480 secs] [Times: user=0.00 sys=0.00, real=0.00 secs] 
2024-07-05T00:00:33.023+0800: 4892.337: [GC (Allocation Failure) [PSYoungGen: 374080K->1984K(361472K)] 734215K->362119K(969216K), 0.0027203 secs] [Times: user=0.00 sys=0.00, real=0.01 secs] 
2024-07-05T00:00:33.632+0800: 4892.946: [GC (Allocation Failure) [PSYoungGen: 361408K->992K(390144K)] 721543K->361127K(997888K), 0.0035074 secs] [Times: user=0.01 sys=0.00, real=0.01 secs] 
2024-07-05T00:00:34.314+0800: 4893.628: [GC (Allocation Failure) [PSYoungGen: 390112K->1952K(424960K)] 750247K->362087K(1032704K), 0.0041497 secs] [Times: user=0.00 sys=0.00, real=0.01 secs] 
2024-07-05T00:00:35.026+0800: 4894.341: [GC (Allocation Failure) [PSYoungGen: 424864K->1632K(461312K)] 784999K->361767K(1069056K), 0.0032125 secs] [Times: user=0.00 sys=0.00, real=0.00 secs] 
2024-07-05T00:00:35.789+0800: 4895.103: [GC (Allocation Failure) [PSYoungGen: 460896K->800K(498688K)] 821031K->360935K(1106432K), 0.0028190 secs] [Times: user=0.00 sys=0.00, real=0.00 secs] 
2024-07-05T00:00:36.630+0800: 4895.944: [GC (Allocation Failure) [PSYoungGen: 498464K->1120K(542208K)] 858599K->361255K(1149952K), 0.0046216 secs] [Times: user=0.01 sys=0.00, real=0.01 secs] 
2024-07-05T00:00:37.533+0800: 4896.847: [GC (Allocation Failure) [PSYoungGen: 541792K->1632K(586240K)] 901927K->361767K(1193984K), 0.0024468 secs] [Times: user=0.00 sys=0.00, real=0.01 secs] 
2024-07-05T00:00:38.504+0800: 4897.818: [GC (Allocation Failure) [PSYoungGen: 585824K->1440K(563200K)] 945959K->361575K(1170944K), 0.0025326 secs] [Times: user=0.01 sys=0.00, real=0.01 secs] 
2024-07-05T00:00:39.454+0800: 4898.768: [GC (Allocation Failure) [PSYoungGen: 563104K->1152K(541696K)] 923239K->361287K(1149440K), 0.0037615 secs] [Times: user=0.00 sys=0.00, real=0.01 secs] 
2024-07-05T00:00:40.343+0800: 4899.657: [GC (Allocation Failure) [PSYoungGen: 541312K->1920K(521728K)] 901447K->362055K(1129472K), 0.0024595 secs] [Times: user=0.00 sys=0.00, real=0.01 secs] 
2024-07-05T00:00:41.208+0800: 4900.522: [GC (Allocation Failure) [PSYoungGen: 521600K->2000K(502272K)] 881735K->362135K(1110016K), 0.0024751 secs] [Times: user=0.00 sys=0.00, real=0.00 secs] 
2024-07-05T00:00:42.034+0800: 4901.348: [GC (Allocation Failure) [PSYoungGen: 502224K->1536K(483328K)] 862359K->361687K(1091072K), 0.0028775 secs] [Times: user=0.00 sys=0.00, real=0.00 secs] 
2024-07-05T00:00:42.838+0800: 4902.153: [GC (Allocation Failure) [PSYoungGen: 483328K->1120K(465408K)] 843479K->361279K(1073152K), 0.0025489 secs] [Times: user=0.00 sys=0.00, real=0.00 secs] 
2024-07-05T00:00:43.619+0800: 4902.933: [GC (Allocation Failure) [PSYoungGen: 464992K->1152K(448512K)] 825151K->361311K(1056256K), 0.0036072 secs] [Times: user=0.00 sys=0.00, real=0.00 secs] 
2024-07-05T00:00:44.451+0800: 4903.765: [GC (Allocation Failure) [PSYoungGen: 448128K->1872K(433152K)] 808287K->362039K(1040896K), 0.0027047 secs] [Times: user=0.00 sys=0.00, real=0.00 secs] 
2024-07-05T00:00:45.290+0800: 4904.605: [GC (Allocation Failure) [PSYoungGen: 432976K->1952K(417792K)] 793143K->362127K(1025536K), 0.0040996 secs] [Times: user=0.00 sys=0.00, real=0.01 secs] 
2024-07-05T00:00:46.045+0800: 4905.359: [GC (Allocation Failure) [PSYoungGen: 417696K->1568K(402944K)] 777871K->361751K(1010688K), 0.0025994 secs] [Times: user=0.00 sys=0.00, real=0.01 secs] 
2024-07-05T00:00:46.715+0800: 4906.029: [GC (Allocation Failure) [PSYoungGen: 402464K->1536K(435200K)] 762647K->362015K(1042944K), 0.0037828 secs] [Times: user=0.00 sys=0.00, real=0.00 secs] 
2024-07-05T00:00:47.452+0800: 4906.767: [GC (Allocation Failure) [PSYoungGen: 435200K->1456K(419840K)] 795679K->361943K(1027584K), 0.0024368 secs] [Times: user=0.00 sys=0.00, real=0.01 secs] 
2024-07-05T00:00:48.149+0800: 4907.463: [GC (Allocation Failure) [PSYoungGen: 419760K->1152K(404992K)] 780247K->361639K(1012736K), 0.0025000 secs] [Times: user=0.00 sys=0.00, real=0.00 secs] 
2024-07-05T00:00:48.835+0800: 4908.149: [GC (Allocation Failure) [PSYoungGen: 404608K->1216K(437760K)] 765095K->361711K(1045504K), 0.0035929 secs] [Times: user=0.01 sys=0.00, real=0.00 secs] 
2024-07-05T00:00:49.595+0800: 4908.909: [GC (Allocation Failure) [PSYoungGen: 437440K->1472K(472064K)] 797935K->361975K(1079808K), 0.0028492 secs] [Times: user=0.00 sys=0.00, real=0.00 secs] 
2024-07-05T00:00:50.534+0800: 4909.849: [GC (Allocation Failure) [PSYoungGen: 472000K->1696K(509952K)] 832503K->362207K(1117696K), 0.0041604 secs] [Times: user=0.00 sys=0.00, real=0.00 secs] 
2024-07-05T00:00:51.440+0800: 4910.754: [GC (Allocation Failure) [PSYoungGen: 509600K->1344K(490496K)] 870111K->361863K(1098240K), 0.0023831 secs] [Times: user=0.01 sys=0.00, real=0.00 secs] 
2024-07-05T00:00:52.313+0800: 4911.627: [GC (Allocation Failure) [PSYoungGen: 490304K->1568K(473088K)] 850823K->362095K(1080832K), 0.0024838 secs] [Times: user=0.01 sys=0.00, real=0.01 secs] 
2024-07-05T00:00:53.134+0800: 4912.449: [GC (Allocation Failure) [PSYoungGen: 472608K->2048K(455680K)] 833135K->362591K(1063424K), 0.0040093 secs] [Times: user=0.00 sys=0.01, real=0.00 secs] 
2024-07-05T00:00:53.984+0800: 4913.298: [GC (Allocation Failure) [PSYoungGen: 455680K->1824K(439296K)] 816223K->362375K(1047040K), 0.0027228 secs] [Times: user=0.01 sys=0.00, real=0.01 secs] 
2024-07-05T00:00:54.768+0800: 4914.082: [GC (Allocation Failure) [PSYoungGen: 439072K->1536K(422912K)] 799623K->362207K(1030656K), 0.0035278 secs] [Times: user=0.01 sys=0.00, real=0.00 secs] 
2024-07-05T00:00:55.496+0800: 4914.810: [GC (Allocation Failure) [PSYoungGen: 422912K->1120K(408064K)] 783583K->361799K(1015808K), 0.0024758 secs] [Times: user=0.00 sys=0.00, real=0.00 secs] 
2024-07-05T00:00:56.183+0800: 4915.497: [GC (Allocation Failure) [PSYoungGen: 407648K->1984K(394240K)] 768327K->362663K(1001984K), 0.0024361 secs] [Times: user=0.00 sys=0.00, real=0.00 secs] 
2024-07-05T00:00:56.829+0800: 4916.143: [GC (Allocation Failure) [PSYoungGen: 394176K->1600K(380416K)] 754855K->362287K(988160K), 0.0028112 secs] [Times: user=0.00 sys=0.00, real=0.00 secs] 
2024-07-05T00:00:57.471+0800: 4916.786: [GC (Allocation Failure) [PSYoungGen: 379968K->1280K(410624K)] 740655K->361975K(1018368K), 0.0034031 secs] [Times: user=0.00 sys=0.00, real=0.01 secs] 
2024-07-05T00:00:58.164+0800: 4917.479: [GC (Allocation Failure) [PSYoungGen: 410368K->1216K(444928K)] 771063K->361919K(1052672K), 0.0038178 secs] [Times: user=0.00 sys=0.00, real=0.01 secs] 
2024-07-05T00:00:58.920+0800: 4918.234: [GC (Allocation Failure) [PSYoungGen: 444608K->1632K(482816K)] 805311K->362343K(1090560K), 0.0032653 secs] [Times: user=0.01 sys=0.00, real=0.00 secs] 
2024-07-05T00:00:59.714+0800: 4919.028: [GC (Allocation Failure) [PSYoungGen: 482400K->2048K(521728K)] 843111K->362767K(1129472K), 0.0028460 secs] [Times: user=0.01 sys=0.00, real=0.00 secs] 
2024-07-05T00:01:00.575+0800: 4919.890: [GC (Allocation Failure) [PSYoungGen: 521728K->1248K(501760K)] 882447K->361975K(1109504K), 0.0024772 secs] [Times: user=0.00 sys=0.00, real=0.00 secs] 
2024-07-05T00:01:01.426+0800: 4920.740: [GC (Allocation Failure) [PSYoungGen: 501472K->2032K(483840K)] 862199K->362767K(1091584K), 0.0026757 secs] [Times: user=0.00 sys=0.00, real=0.00 secs] 
2024-07-05T00:01:02.244+0800: 4921.558: [GC (Allocation Failure) [PSYoungGen: 483824K->1728K(465920K)] 844559K->362471K(1073664K), 0.0025373 secs] [Times: user=0.01 sys=0.00, real=0.01 secs] 
2024-07-05T00:01:03.011+0800: 4922.325: [GC (Allocation Failure) [PSYoungGen: 465600K->1808K(449024K)] 826343K->362559K(1056768K), 0.0026853 secs] [Times: user=0.00 sys=0.00, real=0.01 secs] 
2024-07-05T00:01:03.782+0800: 4923.096: [GC (Allocation Failure) [PSYoungGen: 448784K->704K(483328K)] 809535K->361463K(1091072K), 0.0048304 secs] [Times: user=0.00 sys=0.00, real=0.01 secs] 
2024-07-05T00:01:04.629+0800: 4923.943: [GC (Allocation Failure) [PSYoungGen: 483008K->1584K(466432K)] 843767K->362351K(1074176K), 0.0025309 secs] [Times: user=0.01 sys=0.00, real=0.00 secs] 
2024-07-05T00:01:05.399+0800: 4924.714: [GC (Allocation Failure) [PSYoungGen: 465968K->2080K(450048K)] 826735K->362855K(1057792K), 0.0024590 secs] [Times: user=0.00 sys=0.00, real=0.00 secs] 
2024-07-05T00:01:06.167+0800: 4925.481: [GC (Allocation Failure) [PSYoungGen: 449568K->608K(432128K)] 810343K->361391K(1039872K), 0.0036634 secs] [Times: user=0.01 sys=0.00, real=0.00 secs] 
2024-07-05T00:01:06.893+0800: 4926.207: [GC (Allocation Failure) [PSYoungGen: 431712K->1312K(417280K)] 792495K->362103K(1025024K), 0.0025377 secs] [Times: user=0.00 sys=0.00, real=0.01 secs] 
2024-07-05T00:01:07.587+0800: 4926.901: [GC (Allocation Failure) [PSYoungGen: 417056K->1568K(402944K)] 777847K->362367K(1010688K), 0.0024879 secs] [Times: user=0.00 sys=0.00, real=0.00 secs] 
2024-07-05T00:01:08.256+0800: 4927.570: [GC (Allocation Failure) [PSYoungGen: 402464K->1280K(388608K)] 763263K->362087K(996352K), 0.0031471 secs] [Times: user=0.00 sys=0.00, real=0.00 secs] 
2024-07-05T00:01:08.902+0800: 4928.216: [GC (Allocation Failure) [PSYoungGen: 388352K->1376K(421888K)] 749159K->362191K(1029632K), 0.0044317 secs] [Times: user=0.00 sys=0.00, real=0.01 secs] 
2024-07-05T00:01:09.635+0800: 4928.950: [GC (Allocation Failure) [PSYoungGen: 421728K->1744K(459776K)] 782543K->362567K(1067520K), 0.0042401 secs] [Times: user=0.00 sys=0.00, real=0.00 secs] 
2024-07-05T00:01:10.408+0800: 4929.722: [GC (Allocation Failure) [PSYoungGen: 459472K->1984K(499712K)] 820295K->362815K(1107456K), 0.0033406 secs] [Times: user=0.00 sys=0.00, real=0.00 secs] 
2024-07-05T00:01:11.247+0800: 4930.561: [GC (Allocation Failure) [PSYoungGen: 499648K->1536K(540160K)] 860479K->362647K(1147904K), 0.0025540 secs] [Times: user=0.01 sys=0.00, real=0.00 secs] 
2024-07-05T00:01:12.178+0800: 4931.493: [GC (Allocation Failure) [PSYoungGen: 540160K->1008K(581120K)] 901271K->362119K(1188864K), 0.0035135 secs] [Times: user=0.00 sys=0.00, real=0.00 secs] 
2024-07-05T00:01:13.161+0800: 4932.475: [GC (Allocation Failure) [PSYoungGen: 579568K->1408K(557568K)] 940679K->362519K(1165312K), 0.0027220 secs] [Times: user=0.00 sys=0.00, real=0.00 secs] 
2024-07-05T00:01:14.124+0800: 4933.438: [GC (Allocation Failure) [PSYoungGen: 557440K->1664K(536576K)] 918551K->362775K(1144320K), 0.0033780 secs] [Times: user=0.01 sys=0.00, real=0.01 secs] 
2024-07-05T00:01:15.020+0800: 4934.334: [GC (Allocation Failure) [PSYoungGen: 536192K->1504K(515584K)] 897303K->362615K(1123328K), 0.0026607 secs] [Times: user=0.00 sys=0.00, real=0.00 secs] 
2024-07-05T00:01:15.888+0800: 4935.202: [GC (Allocation Failure) [PSYoungGen: 515552K->1328K(496128K)] 876663K->362439K(1103872K), 0.0042453 secs] [Times: user=0.01 sys=0.00, real=0.00 secs] 
2024-07-05T00:01:16.735+0800: 4936.049: [GC (Allocation Failure) [PSYoungGen: 495920K->1968K(478208K)] 857031K->363079K(1085952K), 0.0025869 secs] [Times: user=0.01 sys=0.00, real=0.00 secs] 
2024-07-05T00:01:17.571+0800: 4936.885: [GC (Allocation Failure) [PSYoungGen: 478128K->2096K(461312K)] 839239K->363207K(1069056K), 0.0026443 secs] [Times: user=0.01 sys=0.00, real=0.00 secs] 
2024-07-05T00:01:18.352+0800: 4937.666: [GC (Allocation Failure) [PSYoungGen: 460848K->1024K(442880K)] 821959K->362999K(1050624K), 0.0031466 secs] [Times: user=0.00 sys=0.00, real=0.01 secs] 
2024-07-05T00:01:19.089+0800: 4938.403: [GC (Allocation Failure) [PSYoungGen: 442880K->1344K(427520K)] 804855K->363319K(1035264K), 0.0024684 secs] [Times: user=0.01 sys=0.00, real=0.00 secs] 
2024-07-05T00:01:19.803+0800: 4939.117: [GC (Allocation Failure) [PSYoungGen: 427328K->1600K(412672K)] 789303K->363575K(1020416K), 0.0035049 secs] [Times: user=0.00 sys=0.00, real=0.01 secs] 
2024-07-05T00:01:20.484+0800: 4939.799: [GC (Allocation Failure) [PSYoungGen: 412224K->1536K(444928K)] 774199K->363511K(1052672K), 0.0034857 secs] [Times: user=0.01 sys=0.00, real=0.01 secs] 
2024-07-05T00:01:21.219+0800: 4940.533: [GC (Allocation Failure) [PSYoungGen: 444928K->2032K(429568K)] 806903K->364023K(1037312K), 0.0024716 secs] [Times: user=0.01 sys=0.00, real=0.00 secs] 
2024-07-05T00:01:21.959+0800: 4941.273: [GC (Allocation Failure) [PSYoungGen: 429552K->1568K(464896K)] 791543K->363559K(1072640K), 0.0042131 secs] [Times: user=0.00 sys=0.00, real=0.00 secs] 
2024-07-05T00:01:22.795+0800: 4942.109: [GC (Allocation Failure) [PSYoungGen: 464416K->1536K(447488K)] 826407K->363839K(1055232K), 0.0024312 secs] [Times: user=0.01 sys=0.00, real=0.00 secs] 
2024-07-05T00:01:23.544+0800: 4942.858: [GC (Allocation Failure) [PSYoungGen: 447488K->1312K(483840K)] 809791K->363615K(1091584K), 0.0037996 secs] [Times: user=0.01 sys=0.00, real=0.01 secs] 
2024-07-05T00:01:24.342+0800: 4943.656: [GC (Allocation Failure) [PSYoungGen: 483616K->1424K(523264K)] 845919K->363727K(1131008K), 0.0036848 secs] [Times: user=0.00 sys=0.00, real=0.00 secs] 
2024-07-05T00:01:25.226+0800: 4944.540: [GC (Allocation Failure) [PSYoungGen: 523152K->1728K(504320K)] 885455K->364031K(1112064K), 0.0026820 secs] [Times: user=0.00 sys=0.00, real=0.00 secs] 
2024-07-05T00:01:26.194+0800: 4945.508: [GC (Allocation Failure) [PSYoungGen: 504000K->1920K(485376K)] 866303K->364223K(1093120K), 0.0039601 secs] [Times: user=0.01 sys=0.00, real=0.00 secs] 
2024-07-05T00:01:27.019+0800: 4946.333: [GC (Allocation Failure) [PSYoungGen: 485248K->1536K(467456K)] 847551K->363839K(1075200K), 0.0024495 secs] [Times: user=0.01 sys=0.00, real=0.00 secs] 
2024-07-05T00:01:27.996+0800: 4947.310: [GC (Allocation Failure) [PSYoungGen: 466944K->1536K(450048K)] 829247K->363839K(1057792K), 0.0026778 secs] [Times: user=0.00 sys=0.00, real=0.00 secs] 
2024-07-05T00:01:28.846+0800: 4948.160: [GC (Allocation Failure) [PSYoungGen: 450048K->1904K(434176K)] 812351K->364207K(1041920K), 0.0024847 secs] [Times: user=0.01 sys=0.00, real=0.00 secs] 
2024-07-05T00:01:29.565+0800: 4948.879: [GC (Allocation Failure) [PSYoungGen: 434032K->1504K(418304K)] 796335K->363807K(1026048K), 0.0028648 secs] [Times: user=0.00 sys=0.00, real=0.01 secs] 
2024-07-05T00:01:30.264+0800: 4949.578: [GC (Allocation Failure) [PSYoungGen: 418272K->2032K(403968K)] 780575K->364335K(1011712K), 0.0024434 secs] [Times: user=0.00 sys=0.00, real=0.01 secs] 
2024-07-05T00:01:30.932+0800: 4950.246: [GC (Allocation Failure) [PSYoungGen: 403952K->2016K(390144K)] 766255K->364335K(997888K), 0.0024383 secs] [Times: user=0.00 sys=0.00, real=0.01 secs] 
2024-07-05T00:01:31.599+0800: 4950.913: [GC (Allocation Failure) [PSYoungGen: 390112K->1184K(376320K)] 752431K->363503K(984064K), 0.0027349 secs] [Times: user=0.00 sys=0.00, real=0.00 secs] 
2024-07-05T00:01:32.250+0800: 4951.565: [GC (Allocation Failure) [PSYoungGen: 375968K->1888K(406528K)] 738287K->364207K(1014272K), 0.0035981 secs] [Times: user=0.01 sys=0.00, real=0.01 secs] 
2024-07-05T00:01:32.937+0800: 4952.251: [GC (Allocation Failure) [PSYoungGen: 406368K->1216K(391680K)] 768687K->363535K(999424K), 0.0026654 secs] [Times: user=0.00 sys=0.00, real=0.00 secs] 
2024-07-05T00:01:33.595+0800: 4952.909: [GC (Allocation Failure) [PSYoungGen: 391360K->1232K(422912K)] 753679K->363551K(1030656K), 0.0028939 secs] [Times: user=0.01 sys=0.00, real=0.00 secs] 
2024-07-05T00:01:34.362+0800: 4953.676: [GC (Allocation Failure) [PSYoungGen: 422608K->1280K(458240K)] 784927K->363607K(1065984K), 0.0042398 secs] [Times: user=0.01 sys=0.00, real=0.01 secs] 
2024-07-05T00:01:35.146+0800: 4954.460: [GC (Allocation Failure) [PSYoungGen: 457984K->400K(493056K)] 820311K->362735K(1100800K), 0.0024107 secs] [Times: user=0.00 sys=0.00, real=0.00 secs] 
2024-07-05T00:01:35.962+0800: 4955.277: [GC (Allocation Failure) [PSYoungGen: 492944K->816K(535040K)] 855279K->363159K(1142784K), 0.0039940 secs] [Times: user=0.01 sys=0.00, real=0.01 secs] 
2024-07-05T00:01:36.847+0800: 4956.162: [GC (Allocation Failure) [PSYoungGen: 533296K->1808K(514560K)] 895639K->364159K(1122304K), 0.0026276 secs] [Times: user=0.01 sys=0.00, real=0.00 secs] 
2024-07-05T00:01:37.732+0800: 4957.046: [GC (Allocation Failure) [PSYoungGen: 514320K->1840K(495616K)] 876671K->364199K(1103360K), 0.0024805 secs] [Times: user=0.00 sys=0.00, real=0.01 secs] 
2024-07-05T00:01:38.548+0800: 4957.862: [GC (Allocation Failure) [PSYoungGen: 495408K->1280K(476672K)] 857767K->363647K(1084416K), 0.0022946 secs] [Times: user=0.00 sys=0.00, real=0.00 secs] 
2024-07-05T00:01:39.414+0800: 4958.728: [GC (Allocation Failure) [PSYoungGen: 476416K->2032K(459776K)] 838783K->364415K(1067520K), 0.0027708 secs] [Times: user=0.01 sys=0.00, real=0.00 secs] 
2024-07-05T00:01:40.211+0800: 4959.526: [GC (Allocation Failure) [PSYoungGen: 459760K->2032K(443392K)] 822143K->364463K(1051136K), 0.0024558 secs] [Times: user=0.00 sys=0.00, real=0.01 secs] 
2024-07-05T00:01:40.944+0800: 4960.259: [GC (Allocation Failure) [PSYoungGen: 443376K->1728K(427520K)] 805807K->364167K(1035264K), 0.0031024 secs] [Times: user=0.00 sys=0.00, real=0.01 secs] 
2024-07-05T00:01:41.661+0800: 4960.975: [GC (Allocation Failure) [PSYoungGen: 427200K->1632K(412160K)] 789639K->364071K(1019904K), 0.0026953 secs] [Times: user=0.01 sys=0.00, real=0.00 secs] 
2024-07-05T00:01:42.383+0800: 4961.697: [GC (Allocation Failure) [PSYoungGen: 411744K->1600K(397824K)] 774183K->364047K(1005568K), 0.0037984 secs] [Times: user=0.00 sys=0.00, real=0.01 secs] 
2024-07-05T00:01:43.050+0800: 4962.365: [GC (Allocation Failure) [PSYoungGen: 397376K->1632K(431104K)] 759823K->364087K(1038848K), 0.0039841 secs] [Times: user=0.01 sys=0.00, real=0.01 secs] 
2024-07-05T00:01:43.802+0800: 4963.116: [GC (Allocation Failure) [PSYoungGen: 430688K->1168K(464896K)] 793143K->363631K(1072640K), 0.0025704 secs] [Times: user=0.00 sys=0.00, real=0.00 secs] 
2024-07-05T00:01:44.623+0800: 4963.938: [GC (Allocation Failure) [PSYoungGen: 464528K->1824K(503808K)] 826991K->364295K(1111552K), 0.0041200 secs] [Times: user=0.00 sys=0.00, real=0.01 secs] 
2024-07-05T00:01:45.480+0800: 4964.794: [GC (Allocation Failure) [PSYoungGen: 503584K->1984K(546816K)] 866055K->364463K(1154560K), 0.0047195 secs] [Times: user=0.00 sys=0.00, real=0.00 secs] 
2024-07-05T00:01:46.407+0800: 4965.722: [GC (Allocation Failure) [PSYoungGen: 546752K->1536K(550912K)] 909231K->364527K(1158656K), 0.0025999 secs] [Times: user=0.00 sys=0.00, real=0.00 secs] 
2024-07-05T00:01:47.344+0800: 4966.658: [GC (Allocation Failure) [PSYoungGen: 550912K->1600K(530432K)] 913903K->364591K(1138176K), 0.0027783 secs] [Times: user=0.01 sys=0.00, real=0.01 secs] 
2024-07-05T00:01:48.237+0800: 4967.551: [GC (Allocation Failure) [PSYoungGen: 529984K->1024K(509440K)] 892975K->364287K(1117184K), 0.0030064 secs] [Times: user=0.00 sys=0.00, real=0.00 secs] 
2024-07-05T00:01:49.098+0800: 4968.413: [GC (Allocation Failure) [PSYoungGen: 509440K->1888K(491520K)] 872703K->365151K(1099264K), 0.0041613 secs] [Times: user=0.01 sys=0.00, real=0.00 secs] 
2024-07-05T00:01:49.936+0800: 4969.250: [GC (Allocation Failure) [PSYoungGen: 491360K->1472K(473088K)] 854623K->364735K(1080832K), 0.0026447 secs] [Times: user=0.00 sys=0.00, real=0.00 secs] 
2024-07-05T00:01:50.714+0800: 4970.028: [GC (Allocation Failure) [PSYoungGen: 473024K->1632K(456192K)] 836287K->364895K(1063936K), 0.0026829 secs] [Times: user=0.00 sys=0.00, real=0.00 secs] 
2024-07-05T00:01:51.475+0800: 4970.789: [GC (Allocation Failure) [PSYoungGen: 455776K->1856K(439808K)] 819039K->365119K(1047552K), 0.0037653 secs] [Times: user=0.00 sys=0.00, real=0.00 secs] 
2024-07-05T00:01:52.243+0800: 4971.558: [GC (Allocation Failure) [PSYoungGen: 439616K->1536K(423936K)] 802879K->364799K(1031680K), 0.0025158 secs] [Times: user=0.00 sys=0.00, real=0.01 secs] 
2024-07-05T00:01:53.060+0800: 4972.374: [GC (Allocation Failure) [PSYoungGen: 423424K->1536K(408576K)] 786687K->365175K(1016320K), 0.0027273 secs] [Times: user=0.01 sys=0.00, real=0.00 secs] 
2024-07-05T00:01:53.878+0800: 4973.192: [GC (Allocation Failure) [PSYoungGen: 408576K->672K(393728K)] 772215K->364311K(1001472K), 0.0024439 secs] [Times: user=0.00 sys=0.00, real=0.00 secs] 
2024-07-05T00:01:54.551+0800: 4973.865: [GC (Allocation Failure) [PSYoungGen: 393376K->1440K(425984K)] 757015K->365079K(1033728K), 0.0045612 secs] [Times: user=0.00 sys=0.00, real=0.01 secs] 
2024-07-05T00:01:55.287+0800: 4974.601: [GC (Allocation Failure) [PSYoungGen: 425888K->1744K(459776K)] 789527K->365383K(1067520K), 0.0026210 secs] [Times: user=0.00 sys=0.00, real=0.00 secs] 
2024-07-05T00:01:56.060+0800: 4975.374: [GC (Allocation Failure) [PSYoungGen: 459472K->1744K(443392K)] 823111K->365383K(1051136K), 0.0024691 secs] [Times: user=0.00 sys=0.00, real=0.00 secs] 
2024-07-05T00:01:56.794+0800: 4976.108: [GC (Allocation Failure) [PSYoungGen: 443088K->1456K(427008K)] 806727K->365095K(1034752K), 0.0024965 secs] [Times: user=0.00 sys=0.00, real=0.00 secs] 
2024-07-05T00:01:57.518+0800: 4976.833: [GC (Allocation Failure) [PSYoungGen: 426928K->832K(411136K)] 790567K->364471K(1018880K), 0.0036856 secs] [Times: user=0.01 sys=0.00, real=0.00 secs] 
2024-07-05T00:01:58.215+0800: 4977.529: [GC (Allocation Failure) [PSYoungGen: 410944K->2032K(397824K)] 774583K->365679K(1005568K), 0.0025040 secs] [Times: user=0.01 sys=0.00, real=0.00 secs] 
2024-07-05T00:01:58.927+0800: 4978.241: [GC (Allocation Failure) [PSYoungGen: 397808K->1216K(383488K)] 761455K->364871K(991232K), 0.0024365 secs] [Times: user=0.00 sys=0.00, real=0.00 secs] 
2024-07-05T00:01:59.633+0800: 4978.947: [GC (Allocation Failure) [PSYoungGen: 383168K->1216K(370176K)] 746823K->364879K(977920K), 0.0027522 secs] [Times: user=0.01 sys=0.00, real=0.01 secs] 
2024-07-05T00:02:00.301+0800: 4979.616: [GC (Allocation Failure) [PSYoungGen: 369856K->1424K(357888K)] 733519K->365095K(965632K), 0.0027926 secs] [Times: user=0.00 sys=0.00, real=0.00 secs] 
2024-07-05T00:02:00.907+0800: 4980.221: [GC (Allocation Failure) [PSYoungGen: 357776K->1568K(388608K)] 721447K->365247K(996352K), 0.0041658 secs] [Times: user=0.01 sys=0.00, real=0.00 secs] 
2024-07-05T00:02:01.568+0800: 4980.883: [GC (Allocation Failure) [PSYoungGen: 388128K->1120K(419840K)] 751807K->364807K(1027584K), 0.0023838 secs] [Times: user=0.00 sys=0.00, real=0.00 secs] 
2024-07-05T00:02:02.347+0800: 4981.661: [GC (Allocation Failure) [PSYoungGen: 419424K->1312K(454656K)] 783111K->365007K(1062400K), 0.0037332 secs] [Times: user=0.00 sys=0.00, real=0.00 secs] 
2024-07-05T00:02:03.117+0800: 4982.431: [GC (Allocation Failure) [PSYoungGen: 454432K->1824K(491008K)] 818127K->365527K(1098752K), 0.0024712 secs] [Times: user=0.00 sys=0.00, real=0.00 secs] 
2024-07-05T00:02:03.978+0800: 4983.292: [GC (Allocation Failure) [PSYoungGen: 490784K->960K(530944K)] 854487K->364671K(1138688K), 0.0047586 secs] [Times: user=0.00 sys=0.00, real=0.00 secs] 
2024-07-05T00:02:04.858+0800: 4984.172: [GC (Allocation Failure) [PSYoungGen: 530880K->1376K(532480K)] 894591K->365095K(1140224K), 0.0040661 secs] [Times: user=0.01 sys=0.00, real=0.00 secs] 
2024-07-05T00:02:05.733+0800: 4985.047: [GC (Allocation Failure) [PSYoungGen: 531296K->1968K(532480K)] 895015K->365695K(1140224K), 0.0027235 secs] [Times: user=0.01 sys=0.00, real=0.01 secs] 
2024-07-05T00:02:06.629+0800: 4985.943: [GC (Allocation Failure) [PSYoungGen: 531888K->2112K(573952K)] 895615K->365847K(1181696K), 0.0032983 secs] [Times: user=0.01 sys=0.00, real=0.00 secs] 
2024-07-05T00:02:07.597+0800: 4986.911: [GC (Allocation Failure) [PSYoungGen: 573504K->448K(549888K)] 937239K->364191K(1157632K), 0.0025271 secs] [Times: user=0.00 sys=0.00, real=0.00 secs] 
2024-07-05T00:02:08.693+0800: 4988.007: [GC (Allocation Failure) [PSYoungGen: 549824K->1984K(530432K)] 913567K->365735K(1138176K), 0.0034610 secs] [Times: user=0.01 sys=0.00, real=0.01 secs] 
2024-07-05T00:02:09.768+0800: 4989.082: [GC (Allocation Failure) [PSYoungGen: 530368K->1632K(510464K)] 894119K->365391K(1118208K), 0.0026845 secs] [Times: user=0.01 sys=0.00, real=0.00 secs] 
2024-07-05T00:02:10.781+0800: 4990.095: [GC (Allocation Failure) [PSYoungGen: 510048K->1952K(491520K)] 873807K->365719K(1099264K), 0.0028114 secs] [Times: user=0.01 sys=0.00, real=0.00 secs] 
2024-07-05T00:02:11.620+0800: 4990.934: [GC (Allocation Failure) [PSYoungGen: 491424K->1648K(473600K)] 855191K->365423K(1081344K), 0.0028443 secs] [Times: user=0.00 sys=0.01, real=0.00 secs] 
2024-07-05T00:02:12.441+0800: 4991.756: [GC (Allocation Failure) [PSYoungGen: 473200K->1936K(456192K)] 836975K->365719K(1063936K), 0.0025105 secs] [Times: user=0.01 sys=0.00, real=0.00 secs] 
2024-07-05T00:02:13.196+0800: 4992.510: [GC (Allocation Failure) [PSYoungGen: 456080K->2080K(440320K)] 819863K->365871K(1048064K), 0.0026855 secs] [Times: user=0.01 sys=0.00, real=0.00 secs] 
2024-07-05T00:02:13.935+0800: 4993.249: [GC (Allocation Failure) [PSYoungGen: 439840K->1088K(423424K)] 803631K->364887K(1031168K), 0.0029669 secs] [Times: user=0.00 sys=0.00, real=0.00 secs] 
2024-07-05T00:02:14.657+0800: 4993.971: [GC (Allocation Failure) [PSYoungGen: 422976K->2080K(409600K)] 786775K->365887K(1017344K), 0.0028365 secs] [Times: user=0.00 sys=0.00, real=0.00 secs] 
2024-07-05T00:02:15.355+0800: 4994.669: [GC (Allocation Failure) [PSYoungGen: 409120K->2112K(395264K)] 772927K->365927K(1003008K), 0.0025045 secs] [Times: user=0.00 sys=0.00, real=0.00 secs] 
2024-07-05T00:02:16.038+0800: 4995.352: [GC (Allocation Failure) [PSYoungGen: 394816K->1952K(380928K)] 758631K->365775K(988672K), 0.0030122 secs] [Times: user=0.00 sys=0.00, real=0.00 secs] 
2024-07-05T00:02:16.697+0800: 4996.011: [GC (Allocation Failure) [PSYoungGen: 380832K->1568K(368128K)] 744655K->365399K(975872K), 0.0028626 secs] [Times: user=0.01 sys=0.00, real=0.00 secs] 
2024-07-05T00:02:17.329+0800: 4996.644: [GC (Allocation Failure) [PSYoungGen: 367648K->1632K(355840K)] 731479K->365471K(963584K), 0.0025046 secs] [Times: user=0.00 sys=0.00, real=0.00 secs] 
2024-07-05T00:02:17.926+0800: 4997.240: [GC (Allocation Failure) [PSYoungGen: 355424K->1200K(343552K)] 719263K->365047K(951296K), 0.0024105 secs] [Times: user=0.00 sys=0.00, real=0.01 secs] 
2024-07-05T00:02:18.496+0800: 4997.810: [GC (Allocation Failure) [PSYoungGen: 343216K->1104K(371712K)] 707063K->364959K(979456K), 0.0033699 secs] [Times: user=0.00 sys=0.00, real=0.00 secs] 
2024-07-05T00:02:19.116+0800: 4998.431: [GC (Allocation Failure) [PSYoungGen: 371280K->1216K(401920K)] 735135K->365079K(1009664K), 0.0024207 secs] [Times: user=0.01 sys=0.00, real=0.00 secs] 
2024-07-05T00:02:19.807+0800: 4999.122: [GC (Allocation Failure) [PSYoungGen: 401600K->1888K(439296K)] 765463K->365759K(1047040K), 0.0059184 secs] [Times: user=0.01 sys=0.00, real=0.00 secs] 
2024-07-05T00:02:20.534+0800: 4999.848: [GC (Allocation Failure) [PSYoungGen: 439136K->1808K(477184K)] 803007K->365687K(1084928K), 0.0024209 secs] [Times: user=0.00 sys=0.00, real=0.00 secs] 
2024-07-05T00:02:21.390+0800: 5000.704: [GC (Allocation Failure) [PSYoungGen: 476944K->1280K(518656K)] 840823K->365167K(1126400K), 0.0047617 secs] [Times: user=0.00 sys=0.00, real=0.01 secs] 
2024-07-05T00:02:22.270+0800: 5001.584: [GC (Allocation Failure) [PSYoungGen: 518400K->1872K(553984K)] 882287K->365767K(1161728K), 0.0024705 secs] [Times: user=0.01 sys=0.00, real=0.00 secs] 
2024-07-05T00:02:23.190+0800: 5002.504: [GC (Allocation Failure) [PSYoungGen: 553296K->1408K(553984K)] 917191K->365311K(1161728K), 0.0042460 secs] [Times: user=0.01 sys=0.00, real=0.01 secs] 
2024-07-05T00:02:24.100+0800: 5003.414: [GC (Allocation Failure) [PSYoungGen: 552832K->1776K(597504K)] 916735K->365687K(1205248K), 0.0029310 secs] [Times: user=0.01 sys=0.00, real=0.00 secs] 
2024-07-05T00:02:25.086+0800: 5004.400: [GC (Allocation Failure) [PSYoungGen: 597232K->1088K(573952K)] 961143K->365007K(1181696K), 0.0026954 secs] [Times: user=0.00 sys=0.00, real=0.00 secs] 
2024-07-05T00:02:26.026+0800: 5005.340: [GC (Allocation Failure) [PSYoungGen: 573504K->1152K(551936K)] 937423K->365079K(1159680K), 0.0043066 secs] [Times: user=0.00 sys=0.00, real=0.00 secs] 
2024-07-05T00:02:26.928+0800: 5006.242: [GC (Allocation Failure) [PSYoungGen: 551552K->1152K(530944K)] 915479K->365087K(1138688K), 0.0037209 secs] [Times: user=0.01 sys=0.00, real=0.00 secs] 
2024-07-05T00:02:27.813+0800: 5007.127: [GC (Allocation Failure) [PSYoungGen: 530560K->1376K(510976K)] 894495K->365319K(1118720K), 0.0031003 secs] [Times: user=0.00 sys=0.00, real=0.01 secs] 
2024-07-05T00:02:28.651+0800: 5007.965: [GC (Allocation Failure) [PSYoungGen: 510816K->1120K(492032K)] 874759K->365071K(1099776K), 0.0036014 secs] [Times: user=0.00 sys=0.00, real=0.01 secs] 
2024-07-05T00:02:29.455+0800: 5008.769: [GC (Allocation Failure) [PSYoungGen: 491616K->1936K(474624K)] 855567K->365895K(1082368K), 0.0025702 secs] [Times: user=0.01 sys=0.00, real=0.00 secs] 
2024-07-05T00:02:30.233+0800: 5009.547: [GC (Allocation Failure) [PSYoungGen: 474512K->1760K(457216K)] 838471K->365727K(1064960K), 0.0031378 secs] [Times: user=0.01 sys=0.00, real=0.01 secs] 
2024-07-05T00:02:30.990+0800: 5010.304: [GC (Allocation Failure) [PSYoungGen: 456928K->1536K(440320K)] 820895K->365615K(1048064K), 0.0023974 secs] [Times: user=0.00 sys=0.00, real=0.00 secs] 
2024-07-05T00:02:31.718+0800: 5011.033: [GC (Allocation Failure) [PSYoungGen: 440320K->1536K(424448K)] 804399K->365615K(1032192K), 0.0027643 secs] [Times: user=0.00 sys=0.00, real=0.00 secs] 
2024-07-05T00:02:32.430+0800: 5011.744: [GC (Allocation Failure) [PSYoungGen: 424448K->1792K(410112K)] 788527K->365871K(1017856K), 0.0026617 secs] [Times: user=0.01 sys=0.00, real=0.00 secs] 
2024-07-05T00:02:33.117+0800: 5012.431: [GC (Allocation Failure) [PSYoungGen: 409856K->1856K(395776K)] 773935K->365943K(1003520K), 0.0029608 secs] [Times: user=0.01 sys=0.00, real=0.00 secs] 
2024-07-05T00:02:33.770+0800: 5013.084: [GC (Allocation Failure) [PSYoungGen: 395584K->1536K(428032K)] 759671K->365639K(1035776K), 0.0041332 secs] [Times: user=0.01 sys=0.00, real=0.01 secs] 
2024-07-05T00:02:34.481+0800: 5013.795: [GC (Allocation Failure) [PSYoungGen: 428032K->848K(461824K)] 792135K->364959K(1069568K), 0.0023494 secs] [Times: user=0.00 sys=0.00, real=0.00 secs] 
2024-07-05T00:02:35.235+0800: 5014.549: [GC (Allocation Failure) [PSYoungGen: 461648K->2032K(445952K)] 825759K->366143K(1053696K), 0.0024629 secs] [Times: user=0.01 sys=0.00, real=0.00 secs] 
2024-07-05T00:02:35.965+0800: 5015.279: [GC (Allocation Failure) [PSYoungGen: 445936K->720K(429056K)] 810047K->364839K(1036800K), 0.0024598 secs] [Times: user=0.01 sys=0.00, real=0.01 secs] 
2024-07-05T00:02:36.667+0800: 5015.981: [GC (Allocation Failure) [PSYoungGen: 428752K->2080K(465920K)] 792871K->366207K(1073664K), 0.0043761 secs] [Times: user=0.01 sys=0.00, real=0.00 secs] 
2024-07-05T00:02:37.424+0800: 5016.738: [GC (Allocation Failure) [PSYoungGen: 465440K->752K(502784K)] 829567K->364887K(1110528K), 0.0033194 secs] [Times: user=0.01 sys=0.00, real=0.01 secs] 
2024-07-05T00:02:38.254+0800: 5017.569: [GC (Allocation Failure) [PSYoungGen: 502512K->1488K(545280K)] 866647K->365631K(1153024K), 0.0042124 secs] [Times: user=0.00 sys=0.00, real=0.00 secs] 
2024-07-05T00:02:39.154+0800: 5018.468: [GC (Allocation Failure) [PSYoungGen: 545232K->1344K(582656K)] 909375K->365495K(1190400K), 0.0026020 secs] [Times: user=0.01 sys=0.00, real=0.00 secs] 
2024-07-05T00:02:40.103+0800: 5019.417: [GC (Allocation Failure) [PSYoungGen: 581440K->1952K(589312K)] 945591K->366111K(1197056K), 0.0043143 secs] [Times: user=0.01 sys=0.00, real=0.01 secs] 
2024-07-05T00:02:41.069+0800: 5020.384: [GC (Allocation Failure) [PSYoungGen: 588704K->800K(565248K)] 952863K->364967K(1172992K), 0.0026710 secs] [Times: user=0.00 sys=0.00, real=0.00 secs] 
2024-07-05T00:02:41.989+0800: 5021.303: [GC (Allocation Failure) [PSYoungGen: 565024K->1776K(544768K)] 929191K->365951K(1152512K), 0.0027523 secs] [Times: user=0.00 sys=0.00, real=0.00 secs] 
2024-07-05T00:02:42.901+0800: 5022.216: [GC (Allocation Failure) [PSYoungGen: 544496K->1904K(524288K)] 908671K->366087K(1132032K), 0.0026033 secs] [Times: user=0.00 sys=0.00, real=0.00 secs] 
2024-07-05T00:02:43.763+0800: 5023.077: [GC (Allocation Failure) [PSYoungGen: 524144K->1488K(504320K)] 888327K->365679K(1112064K), 0.0025076 secs] [Times: user=0.00 sys=0.00, real=0.00 secs] 
2024-07-05T00:02:44.591+0800: 5023.905: [GC (Allocation Failure) [PSYoungGen: 504272K->928K(484864K)] 868463K->365127K(1092608K), 0.0036940 secs] [Times: user=0.00 sys=0.00, real=0.01 secs] 
2024-07-05T00:02:45.388+0800: 5024.702: [GC (Allocation Failure) [PSYoungGen: 484768K->1632K(467968K)] 848967K->365839K(1075712K), 0.0030834 secs] [Times: user=0.00 sys=0.01, real=0.00 secs] 
2024-07-05T00:02:46.161+0800: 5025.476: [GC (Allocation Failure) [PSYoungGen: 467552K->2000K(451072K)] 831759K->366215K(1058816K), 0.0025297 secs] [Times: user=0.00 sys=0.00, real=0.00 secs] 
2024-07-05T00:02:46.903+0800: 5026.217: [GC (Allocation Failure) [PSYoungGen: 451024K->1472K(434176K)] 815239K->365695K(1041920K), 0.0027920 secs] [Times: user=0.01 sys=0.00, real=0.00 secs] 
2024-07-05T00:02:47.621+0800: 5026.935: [GC (Allocation Failure) [PSYoungGen: 434112K->1216K(418816K)] 798335K->365447K(1026560K), 0.0023957 secs] [Times: user=0.01 sys=0.00, real=0.00 secs] 
2024-07-05T00:02:48.305+0800: 5027.619: [GC (Allocation Failure) [PSYoungGen: 418496K->1152K(403968K)] 782727K->365391K(1011712K), 0.0024819 secs] [Times: user=0.00 sys=0.00, real=0.01 secs] 
2024-07-05T00:02:48.969+0800: 5028.283: [GC (Allocation Failure) [PSYoungGen: 403584K->1728K(390656K)] 767823K->365975K(998400K), 0.0025297 secs] [Times: user=0.00 sys=0.00, real=0.00 secs] 
2024-07-05T00:02:49.608+0800: 5028.922: [GC (Allocation Failure) [PSYoungGen: 390336K->1920K(377344K)] 754583K->366175K(985088K), 0.0025269 secs] [Times: user=0.00 sys=0.00, real=0.00 secs] 
2024-07-05T00:02:50.225+0800: 5029.539: [GC (Allocation Failure) [PSYoungGen: 377216K->1792K(364544K)] 741471K->366055K(972288K), 0.0026571 secs] [Times: user=0.01 sys=0.00, real=0.01 secs] 
2024-07-05T00:02:50.822+0800: 5030.136: [GC (Allocation Failure) [PSYoungGen: 364288K->1440K(394752K)] 728551K->365711K(1002496K), 0.0041232 secs] [Times: user=0.01 sys=0.00, real=0.01 secs] 
2024-07-05T00:02:51.474+0800: 5030.788: [GC (Allocation Failure) [PSYoungGen: 394656K->1440K(429568K)] 758927K->365719K(1037312K), 0.0040225 secs] [Times: user=0.00 sys=0.00, real=0.00 secs] 
2024-07-05T00:02:52.198+0800: 5031.512: [GC (Allocation Failure) [PSYoungGen: 429472K->2080K(470016K)] 793751K->366367K(1077760K), 0.0042739 secs] [Times: user=0.00 sys=0.00, real=0.00 secs] 
2024-07-05T00:02:52.996+0800: 5032.310: [GC (Allocation Failure) [PSYoungGen: 469536K->1056K(510976K)] 833823K->365351K(1118720K), 0.0036830 secs] [Times: user=0.00 sys=0.00, real=0.00 secs] 
2024-07-05T00:02:53.852+0800: 5033.167: [GC (Allocation Failure) [PSYoungGen: 510496K->512K(552448K)] 874791K->364815K(1160192K), 0.0023541 secs] [Times: user=0.00 sys=0.00, real=0.01 secs] 
2024-07-05T00:02:54.766+0800: 5034.080: [GC (Allocation Failure) [PSYoungGen: 552448K->1952K(572928K)] 916751K->366263K(1180672K), 0.0043291 secs] [Times: user=0.00 sys=0.00, real=0.00 secs] 
2024-07-05T00:02:55.727+0800: 5035.041: [GC (Allocation Failure) [PSYoungGen: 572320K->1408K(602112K)] 936631K->365727K(1209856K), 0.0027936 secs] [Times: user=0.00 sys=0.00, real=0.00 secs] 
2024-07-05T00:02:56.730+0800: 5036.044: [GC (Allocation Failure) [PSYoungGen: 600448K->1056K(601600K)] 964767K->365383K(1209344K), 0.0046331 secs] [Times: user=0.00 sys=0.00, real=0.01 secs] 
2024-07-05T00:02:57.750+0800: 5037.065: [GC (Allocation Failure) [PSYoungGen: 600096K->1488K(577536K)] 964423K->365823K(1185280K), 0.0027083 secs] [Times: user=0.00 sys=0.00, real=0.00 secs] 
2024-07-05T00:02:58.710+0800: 5038.025: [GC (Allocation Failure) [PSYoungGen: 577488K->928K(555008K)] 941823K->365271K(1162752K), 0.0027312 secs] [Times: user=0.00 sys=0.00, real=0.00 secs] 
2024-07-05T00:02:59.627+0800: 5038.941: [GC (Allocation Failure) [PSYoungGen: 554912K->1744K(535040K)] 919255K->366095K(1142784K), 0.0029266 secs] [Times: user=0.00 sys=0.01, real=0.00 secs] 
2024-07-05T00:03:00.514+0800: 5039.829: [GC (Allocation Failure) [PSYoungGen: 534736K->1408K(514560K)] 899087K->365767K(1122304K), 0.0029912 secs] [Times: user=0.00 sys=0.00, real=0.00 secs] 
2024-07-05T00:03:01.354+0800: 5040.669: [GC (Allocation Failure) [PSYoungGen: 514432K->1920K(495616K)] 878791K->366287K(1103360K), 0.0041476 secs] [Times: user=0.00 sys=0.01, real=0.00 secs] 
2024-07-05T00:03:02.186+0800: 5041.501: [GC (Allocation Failure) [PSYoungGen: 495488K->1600K(477184K)] 859855K->365975K(1084928K), 0.0038940 secs] [Times: user=0.00 sys=0.00, real=0.00 secs] 
2024-07-05T00:03:03.025+0800: 5042.339: [GC (Allocation Failure) [PSYoungGen: 476736K->1264K(515072K)] 841111K->365647K(1122816K), 0.0040281 secs] [Times: user=0.00 sys=0.00, real=0.01 secs] 
2024-07-05T00:03:03.896+0800: 5043.210: [GC (Allocation Failure) [PSYoungGen: 514800K->2048K(558080K)] 879183K->366439K(1165824K), 0.0038856 secs] [Times: user=0.01 sys=0.00, real=0.00 secs] 
2024-07-05T00:03:04.823+0800: 5044.137: [GC (Allocation Failure) [PSYoungGen: 557568K->1536K(601600K)] 921959K->366207K(1209344K), 0.0036760 secs] [Times: user=0.01 sys=0.00, real=0.01 secs] 
2024-07-05T00:03:05.811+0800: 5045.125: [GC (Allocation Failure) [PSYoungGen: 601600K->1840K(578560K)] 966271K->366519K(1186304K), 0.0027491 secs] [Times: user=0.01 sys=0.00, real=0.00 secs] 
2024-07-05T00:03:06.753+0800: 5046.067: [GC (Allocation Failure) [PSYoungGen: 578352K->928K(555520K)] 943031K->365607K(1163264K), 0.0023514 secs] [Times: user=0.01 sys=0.00, real=0.01 secs] 
2024-07-05T00:03:07.667+0800: 5046.981: [GC (Allocation Failure) [PSYoungGen: 555424K->1792K(535552K)] 920103K->366479K(1143296K), 0.0043944 secs] [Times: user=0.01 sys=0.00, real=0.00 secs] 
2024-07-05T00:03:08.561+0800: 5047.875: [GC (Allocation Failure) [PSYoungGen: 535296K->1376K(515072K)] 899983K->366071K(1122816K), 0.0024399 secs] [Times: user=0.01 sys=0.00, real=0.00 secs] 
2024-07-05T00:03:09.426+0800: 5048.740: [GC (Allocation Failure) [PSYoungGen: 514912K->1888K(496128K)] 879607K->366591K(1103872K), 0.0029285 secs] [Times: user=0.01 sys=0.00, real=0.00 secs] 
2024-07-05T00:03:10.243+0800: 5049.557: [GC (Allocation Failure) [PSYoungGen: 495968K->1408K(477184K)] 860671K->366119K(1084928K), 0.0035804 secs] [Times: user=0.01 sys=0.00, real=0.01 secs] 
2024-07-05T00:03:11.024+0800: 5050.339: [GC (Allocation Failure) [PSYoungGen: 477056K->1920K(460288K)] 841767K->366639K(1068032K), 0.0028424 secs] [Times: user=0.01 sys=0.00, real=0.01 secs] 
2024-07-05T00:03:11.786+0800: 5051.101: [GC (Allocation Failure) [PSYoungGen: 460160K->1104K(496128K)] 824879K->365831K(1103872K), 0.0039823 secs] [Times: user=0.01 sys=0.00, real=0.00 secs] 
2024-07-05T00:03:12.618+0800: 5051.932: [GC (Allocation Failure) [PSYoungGen: 495696K->1472K(477696K)] 860423K->366207K(1085440K), 0.0029117 secs] [Times: user=0.00 sys=0.00, real=0.00 secs] 
2024-07-05T00:03:13.430+0800: 5052.744: [GC (Allocation Failure) [PSYoungGen: 477632K->1504K(515584K)] 842367K->366247K(1123328K), 0.0038873 secs] [Times: user=0.00 sys=0.00, real=0.01 secs] 
2024-07-05T00:03:14.293+0800: 5053.607: [GC (Allocation Failure) [PSYoungGen: 515552K->1552K(496640K)] 880295K->366303K(1104384K), 0.0030083 secs] [Times: user=0.00 sys=0.00, real=0.01 secs] 
2024-07-05T00:03:15.114+0800: 5054.429: [GC (Allocation Failure) [PSYoungGen: 496144K->1920K(478208K)] 860895K->366679K(1085952K), 0.0025363 secs] [Times: user=0.00 sys=0.00, real=0.00 secs] 
2024-07-05T00:03:15.906+0800: 5055.220: [GC (Allocation Failure) [PSYoungGen: 478080K->1280K(460288K)] 842839K->366047K(1068032K), 0.0027346 secs] [Times: user=0.01 sys=0.00, real=0.00 secs] 
2024-07-05T00:03:16.679+0800: 5055.994: [GC (Allocation Failure) [PSYoungGen: 460032K->1472K(443392K)] 824799K->366247K(1051136K), 0.0025826 secs] [Times: user=0.01 sys=0.00, real=0.00 secs] 
2024-07-05T00:03:17.417+0800: 5056.731: [GC (Allocation Failure) [PSYoungGen: 443328K->1888K(428032K)] 808103K->366671K(1035776K), 0.0029828 secs] [Times: user=0.00 sys=0.00, real=0.00 secs] 
2024-07-05T00:03:18.131+0800: 5057.445: [GC (Allocation Failure) [PSYoungGen: 427872K->1216K(412160K)] 792655K->366007K(1019904K), 0.0023856 secs] [Times: user=0.01 sys=0.00, real=0.00 secs] 
2024-07-05T00:03:18.803+0800: 5058.117: [GC (Allocation Failure) [PSYoungGen: 411840K->1872K(398336K)] 776631K->366671K(1006080K), 0.0028770 secs] [Times: user=0.00 sys=0.00, real=0.01 secs] 
2024-07-05T00:03:19.461+0800: 5058.775: [GC (Allocation Failure) [PSYoungGen: 398160K->1360K(384000K)] 762959K->366167K(991744K), 0.0025418 secs] [Times: user=0.00 sys=0.00, real=0.00 secs] 
2024-07-05T00:03:20.088+0800: 5059.402: [GC (Allocation Failure) [PSYoungGen: 383824K->1856K(415744K)] 748631K->366671K(1023488K), 0.0037467 secs] [Times: user=0.00 sys=0.00, real=0.00 secs] 
2024-07-05T00:03:20.774+0800: 5060.088: [GC (Allocation Failure) [PSYoungGen: 415552K->608K(447488K)] 780367K->365431K(1055232K), 0.0023625 secs] [Times: user=0.01 sys=0.00, real=0.00 secs] 
2024-07-05T00:03:21.504+0800: 5060.818: [GC (Allocation Failure) [PSYoungGen: 447072K->1968K(483840K)] 811895K->366799K(1091584K), 0.0029120 secs] [Times: user=0.00 sys=0.01, real=0.01 secs] 
2024-07-05T00:03:22.308+0800: 5061.622: [GC (Allocation Failure) [PSYoungGen: 483760K->1504K(465408K)] 848591K->366343K(1073152K), 0.0024161 secs] [Times: user=0.00 sys=0.00, real=0.00 secs] 
2024-07-05T00:03:23.086+0800: 5062.400: [GC (Allocation Failure) [PSYoungGen: 465376K->960K(448000K)] 830215K->365807K(1055744K), 0.0026604 secs] [Times: user=0.00 sys=0.00, real=0.01 secs] 
2024-07-05T00:03:23.831+0800: 5063.145: [GC (Allocation Failure) [PSYoungGen: 447936K->1632K(484864K)] 812783K->366487K(1092608K), 0.0042773 secs] [Times: user=0.01 sys=0.00, real=0.01 secs] 
2024-07-05T00:03:24.631+0800: 5063.945: [GC (Allocation Failure) [PSYoungGen: 484448K->1312K(523776K)] 849303K->366175K(1131520K), 0.0038133 secs] [Times: user=0.01 sys=0.00, real=0.01 secs] 
2024-07-05T00:03:25.505+0800: 5064.819: [GC (Allocation Failure) [PSYoungGen: 523552K->1568K(565248K)] 888415K->366439K(1172992K), 0.0027831 secs] [Times: user=0.01 sys=0.00, real=0.01 secs] 
2024-07-05T00:03:26.439+0800: 5065.753: [GC (Allocation Failure) [PSYoungGen: 564768K->1600K(543744K)] 929639K->366479K(1151488K), 0.0029515 secs] [Times: user=0.00 sys=0.00, real=0.00 secs] 
2024-07-05T00:03:27.336+0800: 5066.650: [GC (Allocation Failure) [PSYoungGen: 543296K->1536K(522752K)] 908175K->366496K(1130496K), 0.0025094 secs] [Times: user=0.00 sys=0.00, real=0.00 secs] 
2024-07-05T00:03:28.200+0800: 5067.514: [GC (Allocation Failure) [PSYoungGen: 522752K->1232K(503296K)] 887712K->366192K(1111040K), 0.0028013 secs] [Times: user=0.00 sys=0.00, real=0.00 secs] 
2024-07-05T00:03:29.018+0800: 5068.333: [GC (Allocation Failure) [PSYoungGen: 502992K->1312K(484864K)] 867952K->366272K(1092608K), 0.0025632 secs] [Times: user=0.01 sys=0.00, real=0.00 secs] 
2024-07-05T00:03:29.813+0800: 5069.127: [GC (Allocation Failure) [PSYoungGen: 484640K->1312K(466944K)] 849600K->366272K(1074688K), 0.0037200 secs] [Times: user=0.01 sys=0.00, real=0.01 secs] 
2024-07-05T00:03:30.710+0800: 5070.024: [GC (Allocation Failure) [PSYoungGen: 466720K->1888K(450560K)] 831680K->366848K(1058304K), 0.0043147 secs] [Times: user=0.00 sys=0.00, real=0.01 secs] 
2024-07-05T00:03:31.458+0800: 5070.772: [GC (Allocation Failure) [PSYoungGen: 450400K->1408K(433664K)] 815360K->366368K(1041408K), 0.0028222 secs] [Times: user=0.01 sys=0.00, real=0.00 secs] 
2024-07-05T00:03:32.177+0800: 5071.491: [GC (Allocation Failure) [PSYoungGen: 433536K->1808K(418816K)] 798496K->366768K(1026560K), 0.0026882 secs] [Times: user=0.01 sys=0.00, real=0.00 secs] 
2024-07-05T00:03:32.873+0800: 5072.187: [GC (Allocation Failure) [PSYoungGen: 418576K->1728K(403968K)] 783536K->366688K(1011712K), 0.0029340 secs] [Times: user=0.00 sys=0.00, real=0.01 secs] 
2024-07-05T00:03:33.540+0800: 5072.855: [GC (Allocation Failure) [PSYoungGen: 403648K->752K(434688K)] 768608K->365712K(1042432K), 0.0030263 secs] [Times: user=0.00 sys=0.00, real=0.00 secs] 
2024-07-05T00:03:34.281+0800: 5073.595: [GC (Allocation Failure) [PSYoungGen: 434416K->1728K(470528K)] 799376K->366688K(1078272K), 0.0032576 secs] [Times: user=0.01 sys=0.00, real=0.00 secs] 
2024-07-05T00:03:35.060+0800: 5074.374: [GC (Allocation Failure) [PSYoungGen: 470208K->1728K(507904K)] 835168K->366696K(1115648K), 0.0031485 secs] [Times: user=0.01 sys=0.00, real=0.00 secs] 
2024-07-05T00:03:35.900+0800: 5075.214: [GC (Allocation Failure) [PSYoungGen: 507584K->1440K(549888K)] 872552K->366416K(1157632K), 0.0049590 secs] [Times: user=0.01 sys=0.00, real=0.00 secs] 
2024-07-05T00:03:36.810+0800: 5076.124: [GC (Allocation Failure) [PSYoungGen: 549792K->1664K(593920K)] 914768K->366648K(1201664K), 0.0024922 secs] [Times: user=0.00 sys=0.00, real=0.00 secs] 
2024-07-05T00:03:37.787+0800: 5077.101: [GC (Allocation Failure) [PSYoungGen: 593536K->1296K(570368K)] 958520K->366288K(1178112K), 0.0028070 secs] [Times: user=0.01 sys=0.00, real=0.00 secs] 
2024-07-05T00:03:38.727+0800: 5078.041: [GC (Allocation Failure) [PSYoungGen: 570128K->448K(547328K)] 935120K->365448K(1155072K), 0.0023533 secs] [Times: user=0.00 sys=0.00, real=0.00 secs] 
2024-07-05T00:03:39.641+0800: 5078.955: [GC (Allocation Failure) [PSYoungGen: 547264K->1344K(528384K)] 912264K->366352K(1136128K), 0.0026678 secs] [Times: user=0.00 sys=0.00, real=0.00 secs] 
2024-07-05T00:03:40.500+0800: 5079.814: [GC (Allocation Failure) [PSYoungGen: 527168K->1136K(507392K)] 892176K->366152K(1115136K), 0.0025424 secs] [Times: user=0.00 sys=0.00, real=0.00 secs] 
2024-07-05T00:03:41.335+0800: 5080.649: [GC (Allocation Failure) [PSYoungGen: 506992K->1120K(488448K)] 872008K->366144K(1096192K), 0.0034829 secs] [Times: user=0.00 sys=0.01, real=0.00 secs] 
2024-07-05T00:03:42.150+0800: 5081.464: [GC (Allocation Failure) [PSYoungGen: 488032K->1648K(471040K)] 853056K->366680K(1078784K), 0.0036274 secs] [Times: user=0.01 sys=0.00, real=0.00 secs] 
2024-07-05T00:03:42.927+0800: 5082.241: [GC (Allocation Failure) [PSYoungGen: 470640K->1856K(454144K)] 835672K->366896K(1061888K), 0.0026629 secs] [Times: user=0.01 sys=0.00, real=0.00 secs] 
2024-07-05T00:03:43.674+0800: 5082.988: [GC (Allocation Failure) [PSYoungGen: 453952K->768K(436736K)] 818992K->365816K(1044480K), 0.0036065 secs] [Times: user=0.00 sys=0.00, real=0.00 secs] 
2024-07-05T00:03:44.417+0800: 5083.732: [GC (Allocation Failure) [PSYoungGen: 436480K->1568K(422400K)] 801528K->366624K(1030144K), 0.0028342 secs] [Times: user=0.00 sys=0.00, real=0.00 secs] 
2024-07-05T00:03:45.110+0800: 5084.424: [GC (Allocation Failure) [PSYoungGen: 421920K->1824K(407552K)] 786976K->366888K(1015296K), 0.0025768 secs] [Times: user=0.00 sys=0.00, real=0.00 secs] 
2024-07-05T00:03:45.779+0800: 5085.093: [GC (Allocation Failure) [PSYoungGen: 407328K->1472K(392704K)] 772392K->366544K(1000448K), 0.0024584 secs] [Times: user=0.01 sys=0.00, real=0.00 secs] 
2024-07-05T00:03:46.430+0800: 5085.744: [GC (Allocation Failure) [PSYoungGen: 392640K->1312K(424960K)] 757712K->366392K(1032704K), 0.0040577 secs] [Times: user=0.00 sys=0.00, real=0.01 secs] 
2024-07-05T00:03:47.131+0800: 5086.445: [GC (Allocation Failure) [PSYoungGen: 424736K->1856K(459264K)] 789816K->366944K(1067008K), 0.0024863 secs] [Times: user=0.01 sys=0.00, real=0.01 secs] 
2024-07-05T00:03:47.902+0800: 5087.217: [GC (Allocation Failure) [PSYoungGen: 459072K->1088K(494592K)] 824160K->366184K(1102336K), 0.0029286 secs] [Times: user=0.00 sys=0.00, real=0.00 secs] 
2024-07-05T00:03:48.723+0800: 5088.037: [GC (Allocation Failure) [PSYoungGen: 494144K->1744K(476672K)] 859240K->366848K(1084416K), 0.0026088 secs] [Times: user=0.01 sys=0.00, real=0.01 secs] 
2024-07-05T00:03:49.511+0800: 5088.825: [GC (Allocation Failure) [PSYoungGen: 476368K->1520K(458752K)] 841472K->366632K(1066496K), 0.0025371 secs] [Times: user=0.00 sys=0.00, real=0.01 secs] 
2024-07-05T00:03:50.264+0800: 5089.578: [GC (Allocation Failure) [PSYoungGen: 458736K->1184K(442368K)] 823848K->366304K(1050112K), 0.0032984 secs] [Times: user=0.00 sys=0.00, real=0.01 secs] 
2024-07-05T00:03:50.997+0800: 5090.311: [GC (Allocation Failure) [PSYoungGen: 442016K->1232K(478208K)] 807136K->366360K(1085952K), 0.0042075 secs] [Times: user=0.00 sys=0.00, real=0.00 secs] 
2024-07-05T00:03:51.786+0800: 5091.100: [GC (Allocation Failure) [PSYoungGen: 477904K->1632K(519168K)] 843032K->366768K(1126912K), 0.0043722 secs] [Times: user=0.00 sys=0.01, real=0.01 secs] 
2024-07-05T00:03:52.653+0800: 5091.967: [GC (Allocation Failure) [PSYoungGen: 518752K->2032K(560640K)] 883888K->367200K(1168384K), 0.0025231 secs] [Times: user=0.00 sys=0.00, real=0.01 secs] 
2024-07-05T00:03:53.599+0800: 5092.913: [GC (Allocation Failure) [PSYoungGen: 560624K->2096K(539648K)] 925792K->367272K(1147392K), 0.0033292 secs] [Times: user=0.01 sys=0.00, real=0.00 secs] 
2024-07-05T00:03:54.496+0800: 5093.810: [GC (Allocation Failure) [PSYoungGen: 539184K->1024K(517632K)] 904360K->366744K(1125376K), 0.0024224 secs] [Times: user=0.01 sys=0.00, real=0.00 secs] 
2024-07-05T00:03:55.342+0800: 5094.656: [GC (Allocation Failure) [PSYoungGen: 517632K->1888K(499200K)] 883352K->367608K(1106944K), 0.0024926 secs] [Times: user=0.01 sys=0.00, real=0.00 secs] 
2024-07-05T00:03:56.166+0800: 5095.480: [GC (Allocation Failure) [PSYoungGen: 499040K->1392K(480256K)] 864760K->367112K(1088000K), 0.0026237 secs] [Times: user=0.00 sys=0.00, real=0.00 secs] 
2024-07-05T00:03:56.953+0800: 5096.268: [GC (Allocation Failure) [PSYoungGen: 480112K->1504K(462848K)] 845832K->367224K(1070592K), 0.0024728 secs] [Times: user=0.01 sys=0.00, real=0.01 secs] 
2024-07-05T00:03:57.718+0800: 5097.032: [GC (Allocation Failure) [PSYoungGen: 462816K->1728K(446464K)] 828536K->367448K(1054208K), 0.0024077 secs] [Times: user=0.01 sys=0.00, real=0.00 secs] 
2024-07-05T00:03:58.460+0800: 5097.774: [GC (Allocation Failure) [PSYoungGen: 446144K->1504K(430080K)] 811864K->367224K(1037824K), 0.0024852 secs] [Times: user=0.00 sys=0.00, real=0.00 secs] 
2024-07-05T00:03:59.171+0800: 5098.485: [GC (Allocation Failure) [PSYoungGen: 430048K->1664K(415232K)] 795768K->367384K(1022976K), 0.0042639 secs] [Times: user=0.00 sys=0.00, real=0.01 secs] 
2024-07-05T00:03:59.855+0800: 5099.169: [GC (Allocation Failure) [PSYoungGen: 414848K->1216K(448512K)] 780568K->366936K(1056256K), 0.0037377 secs] [Times: user=0.01 sys=0.00, real=0.00 secs] 
2024-07-05T00:04:00.589+0800: 5099.903: [GC (Allocation Failure) [PSYoungGen: 448192K->1952K(484352K)] 813912K->367672K(1092096K), 0.0024651 secs] [Times: user=0.00 sys=0.00, real=0.00 secs] 
2024-07-05T00:04:01.392+0800: 5100.706: [GC (Allocation Failure) [PSYoungGen: 484256K->2032K(466432K)] 849976K->367752K(1074176K), 0.0025223 secs] [Times: user=0.01 sys=0.00, real=0.01 secs] 
2024-07-05T00:04:02.193+0800: 5101.507: [GC (Allocation Failure) [PSYoungGen: 466416K->1536K(449024K)] 832136K->367408K(1056768K), 0.0028729 secs] [Times: user=0.01 sys=0.00, real=0.01 secs] 
2024-07-05T00:04:02.938+0800: 5102.252: [GC (Allocation Failure) [PSYoungGen: 449024K->1216K(485376K)] 814896K->367088K(1093120K), 0.0044664 secs] [Times: user=0.01 sys=0.00, real=0.00 secs] 
2024-07-05T00:04:03.744+0800: 5103.058: [GC (Allocation Failure) [PSYoungGen: 485056K->1760K(526848K)] 850928K->367632K(1134592K), 0.0044407 secs] [Times: user=0.01 sys=0.00, real=0.01 secs] 
2024-07-05T00:04:04.647+0800: 5103.961: [GC (Allocation Failure) [PSYoungGen: 526560K->1632K(568320K)] 892432K->367504K(1176064K), 0.0024893 secs] [Times: user=0.00 sys=0.00, real=0.00 secs] 
2024-07-05T00:04:05.578+0800: 5104.892: [GC (Allocation Failure) [PSYoungGen: 567904K->1520K(546304K)] 933776K->367440K(1154048K), 0.0023748 secs] [Times: user=0.01 sys=0.00, real=0.00 secs] 
2024-07-05T00:04:06.472+0800: 5105.786: [GC (Allocation Failure) [PSYoungGen: 546288K->1600K(526336K)] 912208K->367528K(1134080K), 0.0026212 secs] [Times: user=0.00 sys=0.00, real=0.01 secs] 
2024-07-05T00:04:07.357+0800: 5106.671: [GC (Allocation Failure) [PSYoungGen: 525888K->1856K(506368K)] 891816K->367784K(1114112K), 0.0025552 secs] [Times: user=0.00 sys=0.00, real=0.00 secs] 
2024-07-05T00:04:08.212+0800: 5107.526: [GC (Allocation Failure) [PSYoungGen: 506176K->1664K(487424K)] 872104K->367600K(1095168K), 0.0026449 secs] [Times: user=0.00 sys=0.00, real=0.01 secs] 
2024-07-05T00:04:09.031+0800: 5108.345: [GC (Allocation Failure) [PSYoungGen: 487040K->1536K(468992K)] 852976K->368008K(1076736K), 0.0042009 secs] [Times: user=0.00 sys=0.00, real=0.01 secs] 
2024-07-05T00:04:09.840+0800: 5109.154: [GC (Allocation Failure) [PSYoungGen: 468992K->1568K(452608K)] 835464K->368048K(1060352K), 0.0032575 secs] [Times: user=0.00 sys=0.00, real=0.00 secs] 
2024-07-05T00:04:10.602+0800: 5109.916: [GC (Allocation Failure) [PSYoungGen: 452128K->1792K(489472K)] 818608K->368272K(1097216K), 0.0044339 secs] [Times: user=0.01 sys=0.00, real=0.01 secs] 
2024-07-05T00:04:11.431+0800: 5110.745: [GC (Allocation Failure) [PSYoungGen: 489216K->1312K(529920K)] 855696K->367800K(1137664K), 0.0040728 secs] [Times: user=0.00 sys=0.00, real=0.01 secs] 
2024-07-05T00:04:12.335+0800: 5111.649: [GC (Allocation Failure) [PSYoungGen: 529696K->1696K(572416K)] 896184K->368192K(1180160K), 0.0028380 secs] [Times: user=0.00 sys=0.00, real=0.00 secs] 
2024-07-05T00:04:13.296+0800: 5112.610: [GC (Allocation Failure) [PSYoungGen: 572064K->2048K(550912K)] 938560K->368552K(1158656K), 0.0025696 secs] [Times: user=0.00 sys=0.00, real=0.00 secs] 
2024-07-05T00:04:14.238+0800: 5113.553: [GC (Allocation Failure) [PSYoungGen: 550400K->1024K(528384K)] 916904K->368016K(1136128K), 0.0024407 secs] [Times: user=0.01 sys=0.00, real=0.00 secs] 
2024-07-05T00:04:15.142+0800: 5114.457: [GC (Allocation Failure) [PSYoungGen: 528384K->1536K(508928K)] 895376K->368528K(1116672K), 0.0025530 secs] [Times: user=0.01 sys=0.00, real=0.00 secs] 
2024-07-05T00:04:16.003+0800: 5115.317: [GC (Allocation Failure) [PSYoungGen: 508928K->1280K(489984K)] 875920K->368272K(1097728K), 0.0032939 secs] [Times: user=0.01 sys=0.00, real=0.01 secs] 
2024-07-05T00:04:16.823+0800: 5116.137: [GC (Allocation Failure) [PSYoungGen: 489728K->1440K(472064K)] 856720K->368432K(1079808K), 0.0023901 secs] [Times: user=0.01 sys=0.00, real=0.00 secs] 
2024-07-05T00:04:17.626+0800: 5116.940: [GC (Allocation Failure) [PSYoungGen: 471968K->1696K(455168K)] 838960K->368688K(1062912K), 0.0045048 secs] [Times: user=0.01 sys=0.00, real=0.00 secs] 
2024-07-05T00:04:18.387+0800: 5117.701: [GC (Allocation Failure) [PSYoungGen: 454816K->2032K(438784K)] 821808K->369024K(1046528K), 0.0026361 secs] [Times: user=0.01 sys=0.00, real=0.00 secs] 
2024-07-05T00:04:19.128+0800: 5118.442: [GC (Allocation Failure) [PSYoungGen: 438768K->1536K(422400K)] 805760K->368656K(1030144K), 0.0034746 secs] [Times: user=0.01 sys=0.00, real=0.00 secs] 
2024-07-05T00:04:19.837+0800: 5119.151: [GC (Allocation Failure) [PSYoungGen: 422400K->1824K(408064K)] 789520K->368944K(1015808K), 0.0028937 secs] [Times: user=0.00 sys=0.00, real=0.00 secs] 
2024-07-05T00:04:20.522+0800: 5119.837: [GC (Allocation Failure) [PSYoungGen: 407840K->1440K(441344K)] 774960K->368560K(1049088K), 0.0039740 secs] [Times: user=0.00 sys=0.00, real=0.01 secs] 
2024-07-05T00:04:21.246+0800: 5120.560: [GC (Allocation Failure) [PSYoungGen: 441248K->640K(478720K)] 808368K->367760K(1086464K), 0.0040273 secs] [Times: user=0.00 sys=0.01, real=0.00 secs] 
2024-07-05T00:04:22.059+0800: 5121.373: [GC (Allocation Failure) [PSYoungGen: 478336K->1984K(519168K)] 845456K->369104K(1126912K), 0.0029035 secs] [Times: user=0.01 sys=0.00, real=0.00 secs] 
2024-07-05T00:04:22.953+0800: 5122.267: [GC (Allocation Failure) [PSYoungGen: 519104K->1952K(499712K)] 886224K->369072K(1107456K), 0.0025157 secs] [Times: user=0.01 sys=0.00, real=0.01 secs] 
2024-07-05T00:04:23.813+0800: 5123.128: [GC (Allocation Failure) [PSYoungGen: 499616K->1280K(480768K)] 866736K->368400K(1088512K), 0.0023620 secs] [Times: user=0.01 sys=0.00, real=0.01 secs] 
2024-07-05T00:04:24.634+0800: 5123.949: [GC (Allocation Failure) [PSYoungGen: 480512K->1456K(463360K)] 847632K->368576K(1071104K), 0.0024804 secs] [Times: user=0.01 sys=0.00, real=0.00 secs] 
2024-07-05T00:04:25.412+0800: 5124.726: [GC (Allocation Failure) [PSYoungGen: 463280K->2112K(447488K)] 830400K->369232K(1055232K), 0.0026421 secs] [Times: user=0.00 sys=0.00, real=0.01 secs] 
2024-07-05T00:04:26.180+0800: 5125.494: [GC (Allocation Failure) [PSYoungGen: 447040K->1760K(431104K)] 814160K->368888K(1038848K), 0.0026716 secs] [Times: user=0.00 sys=0.00, real=0.00 secs] 
2024-07-05T00:04:26.899+0800: 5126.213: [GC (Allocation Failure) [PSYoungGen: 430816K->1024K(414720K)] 797944K->368264K(1022464K), 0.0024846 secs] [Times: user=0.00 sys=0.00, real=0.00 secs] 
2024-07-05T00:04:27.602+0800: 5126.916: [GC (Allocation Failure) [PSYoungGen: 414720K->1184K(400896K)] 781960K->368432K(1008640K), 0.0024507 secs] [Times: user=0.00 sys=0.00, real=0.00 secs] 
2024-07-05T00:04:28.267+0800: 5127.582: [GC (Allocation Failure) [PSYoungGen: 400544K->1824K(387584K)] 767792K->369072K(995328K), 0.0029973 secs] [Times: user=0.01 sys=0.00, real=0.00 secs] 
2024-07-05T00:04:28.923+0800: 5128.237: [GC (Allocation Failure) [PSYoungGen: 387360K->1344K(373760K)] 754608K->368600K(981504K), 0.0024716 secs] [Times: user=0.00 sys=0.00, real=0.00 secs] 
2024-07-05T00:04:29.549+0800: 5128.864: [GC (Allocation Failure) [PSYoungGen: 373568K->672K(403456K)] 740824K->367936K(1011200K), 0.0038969 secs] [Times: user=0.01 sys=0.00, real=0.00 secs] 
2024-07-05T00:04:30.228+0800: 5129.542: [GC (Allocation Failure) [PSYoungGen: 403104K->1424K(436224K)] 770368K->368696K(1043968K), 0.0025080 secs] [Times: user=0.01 sys=0.00, real=0.00 secs] 
2024-07-05T00:04:30.963+0800: 5130.278: [GC (Allocation Failure) [PSYoungGen: 436112K->1792K(473088K)] 803384K->369072K(1080832K), 0.0041518 secs] [Times: user=0.01 sys=0.00, real=0.01 secs] 
2024-07-05T00:04:31.751+0800: 5131.066: [GC (Allocation Failure) [PSYoungGen: 472832K->1984K(512512K)] 840112K->369272K(1120256K), 0.0035535 secs] [Times: user=0.01 sys=0.00, real=0.01 secs] 
2024-07-05T00:04:32.646+0800: 5131.960: [GC (Allocation Failure) [PSYoungGen: 512448K->960K(492544K)] 879736K->368256K(1100288K), 0.0023948 secs] [Times: user=0.01 sys=0.00, real=0.00 secs] 
2024-07-05T00:04:33.491+0800: 5132.805: [GC (Allocation Failure) [PSYoungGen: 492480K->1440K(531968K)] 859776K->368744K(1139712K), 0.0037376 secs] [Times: user=0.00 sys=0.00, real=0.01 secs] 
2024-07-05T00:04:34.416+0800: 5133.730: [GC (Allocation Failure) [PSYoungGen: 531872K->1440K(512000K)] 899176K->368752K(1119744K), 0.0029618 secs] [Times: user=0.01 sys=0.00, real=0.00 secs] 
2024-07-05T00:04:35.275+0800: 5134.589: [GC (Allocation Failure) [PSYoungGen: 511904K->2032K(493568K)] 879216K->369352K(1101312K), 0.0026559 secs] [Times: user=0.00 sys=0.00, real=0.00 secs] 
2024-07-05T00:04:36.119+0800: 5135.433: [GC (Allocation Failure) [PSYoungGen: 493552K->1920K(475136K)] 860872K->369248K(1082880K), 0.0040003 secs] [Times: user=0.00 sys=0.00, real=0.00 secs] 
2024-07-05T00:04:36.914+0800: 5136.228: [GC (Allocation Failure) [PSYoungGen: 475008K->832K(456704K)] 842336K->368168K(1064448K), 0.0034995 secs] [Times: user=0.01 sys=0.00, real=0.00 secs] 
2024-07-05T00:04:37.679+0800: 5136.994: [GC (Allocation Failure) [PSYoungGen: 456512K->2032K(441344K)] 823848K->369376K(1049088K), 0.0027155 secs] [Times: user=0.00 sys=0.00, real=0.00 secs] 
2024-07-05T00:04:38.419+0800: 5137.733: [GC (Allocation Failure) [PSYoungGen: 441328K->1568K(425472K)] 808672K->368920K(1033216K), 0.0025502 secs] [Times: user=0.00 sys=0.00, real=0.00 secs] 
2024-07-05T00:04:39.143+0800: 5138.458: [GC (Allocation Failure) [PSYoungGen: 424992K->1936K(410624K)] 792344K->369296K(1018368K), 0.0029398 secs] [Times: user=0.01 sys=0.00, real=0.01 secs] 
2024-07-05T00:04:39.836+0800: 5139.150: [GC (Allocation Failure) [PSYoungGen: 410512K->1808K(396288K)] 777872K->369176K(1004032K), 0.0025627 secs] [Times: user=0.01 sys=0.00, real=0.00 secs] 
2024-07-05T00:04:40.500+0800: 5139.815: [GC (Allocation Failure) [PSYoungGen: 396048K->1120K(427520K)] 763416K->368496K(1035264K), 0.0037530 secs] [Times: user=0.01 sys=0.00, real=0.00 secs] 
2024-07-05T00:04:41.215+0800: 5140.529: [GC (Allocation Failure) [PSYoungGen: 427104K->1648K(412672K)] 794480K->369032K(1020416K), 0.0024599 secs] [Times: user=0.00 sys=0.00, real=0.00 secs] 
2024-07-05T00:04:41.899+0800: 5141.213: [GC (Allocation Failure) [PSYoungGen: 412272K->1776K(398336K)] 779656K->369168K(1006080K), 0.0025682 secs] [Times: user=0.00 sys=0.00, real=0.00 secs] 
2024-07-05T00:04:42.591+0800: 5141.905: [GC (Allocation Failure) [PSYoungGen: 398064K->1440K(431104K)] 765456K->368840K(1038848K), 0.0042355 secs] [Times: user=0.00 sys=0.00, real=0.01 secs] 
2024-07-05T00:04:43.308+0800: 5142.622: [GC (Allocation Failure) [PSYoungGen: 431008K->2048K(466432K)] 798408K->369456K(1074176K), 0.0024753 secs] [Times: user=0.01 sys=0.00, real=0.00 secs] 
2024-07-05T00:04:44.098+0800: 5143.412: [GC (Allocation Failure) [PSYoungGen: 466432K->1440K(449024K)] 833840K->368856K(1056768K), 0.0025714 secs] [Times: user=0.01 sys=0.00, real=0.00 secs] 
2024-07-05T00:04:44.862+0800: 5144.176: [GC (Allocation Failure) [PSYoungGen: 448928K->1888K(433152K)] 816344K->369312K(1040896K), 0.0024825 secs] [Times: user=0.01 sys=0.00, real=0.00 secs] 
2024-07-05T00:04:45.585+0800: 5144.899: [GC (Allocation Failure) [PSYoungGen: 432992K->864K(416768K)] 800416K->368296K(1024512K), 0.0023827 secs] [Times: user=0.00 sys=0.00, real=0.01 secs] 
2024-07-05T00:04:46.295+0800: 5145.610: [GC (Allocation Failure) [PSYoungGen: 416608K->1600K(402944K)] 784040K->369040K(1010688K), 0.0034307 secs] [Times: user=0.01 sys=0.00, real=0.00 secs] 
2024-07-05T00:04:46.966+0800: 5146.280: [GC (Allocation Failure) [PSYoungGen: 402496K->160K(387584K)] 769936K->367608K(995328K), 0.0024240 secs] [Times: user=0.00 sys=0.00, real=0.00 secs] 
2024-07-05T00:04:47.626+0800: 5146.941: [GC (Allocation Failure) [PSYoungGen: 387232K->2080K(422400K)] 754680K->369536K(1030144K), 0.0043126 secs] [Times: user=0.01 sys=0.00, real=0.00 secs] 
2024-07-05T00:04:48.330+0800: 5147.644: [GC (Allocation Failure) [PSYoungGen: 421920K->1888K(457216K)] 789376K->369352K(1064960K), 0.0034899 secs] [Times: user=0.00 sys=0.00, real=0.01 secs] 
2024-07-05T00:04:49.089+0800: 5148.403: [GC (Allocation Failure) [PSYoungGen: 457056K->1968K(494080K)] 824520K->369440K(1101824K), 0.0024058 secs] [Times: user=0.00 sys=0.00, real=0.00 secs] 
2024-07-05T00:04:49.920+0800: 5149.234: [GC (Allocation Failure) [PSYoungGen: 494000K->1120K(475136K)] 861472K->368600K(1082880K), 0.0024903 secs] [Times: user=0.00 sys=0.00, real=0.00 secs] 
2024-07-05T00:04:50.722+0800: 5150.036: [GC (Allocation Failure) [PSYoungGen: 474720K->1088K(457728K)] 842200K->368576K(1065472K), 0.0026102 secs] [Times: user=0.00 sys=0.00, real=0.00 secs] 
2024-07-05T00:04:51.484+0800: 5150.798: [GC (Allocation Failure) [PSYoungGen: 457280K->848K(440832K)] 824768K->368344K(1048576K), 0.0024328 secs] [Times: user=0.00 sys=0.00, real=0.01 secs] 
2024-07-05T00:04:52.258+0800: 5151.572: [GC (Allocation Failure) [PSYoungGen: 440656K->1600K(425984K)] 808152K->369104K(1033728K), 0.0025535 secs] [Times: user=0.01 sys=0.00, real=0.00 secs] 
2024-07-05T00:04:52.974+0800: 5152.288: [GC (Allocation Failure) [PSYoungGen: 425536K->1056K(410624K)] 793040K->368568K(1018368K), 0.0038938 secs] [Times: user=0.00 sys=0.00, real=0.00 secs] 
2024-07-05T00:04:53.681+0800: 5152.995: [GC (Allocation Failure) [PSYoungGen: 410144K->1216K(396288K)] 777656K->368736K(1004032K), 0.0030257 secs] [Times: user=0.00 sys=0.00, real=0.00 secs] 
2024-07-05T00:04:54.373+0800: 5153.687: [GC (Allocation Failure) [PSYoungGen: 395968K->1440K(382464K)] 763488K->368968K(990208K), 0.0024514 secs] [Times: user=0.00 sys=0.00, real=0.01 secs] 
2024-07-05T00:04:55.035+0800: 5154.349: [GC (Allocation Failure) [PSYoungGen: 382368K->1120K(414720K)] 749896K->368656K(1022464K), 0.0046632 secs] [Times: user=0.00 sys=0.00, real=0.00 secs] 
2024-07-05T00:04:55.739+0800: 5155.053: [GC (Allocation Failure) [PSYoungGen: 414304K->1056K(451072K)] 781840K->368600K(1058816K), 0.0039697 secs] [Times: user=0.00 sys=0.00, real=0.00 secs] 
2024-07-05T00:04:56.501+0800: 5155.815: [GC (Allocation Failure) [PSYoungGen: 450592K->2032K(492544K)] 818136K->369584K(1100288K), 0.0045385 secs] [Times: user=0.01 sys=0.00, real=0.01 secs] 
2024-07-05T00:04:57.327+0800: 5156.641: [GC (Allocation Failure) [PSYoungGen: 492528K->1408K(524288K)] 860080K->368968K(1132032K), 0.0032537 secs] [Times: user=0.01 sys=0.00, real=0.00 secs] 
2024-07-05T00:04:58.211+0800: 5157.525: [GC (Allocation Failure) [PSYoungGen: 523136K->1888K(536064K)] 890696K->369456K(1143808K), 0.0043458 secs] [Times: user=0.00 sys=0.00, real=0.01 secs] 
2024-07-05T00:04:59.115+0800: 5158.429: [GC (Allocation Failure) [PSYoungGen: 535392K->1824K(536064K)] 902960K->369400K(1143808K), 0.0039188 secs] [Times: user=0.00 sys=0.01, real=0.00 secs] 
2024-07-05T00:05:00.015+0800: 5159.329: [GC (Allocation Failure) [PSYoungGen: 535328K->1632K(582144K)] 902904K->369216K(1189888K), 0.0046055 secs] [Times: user=0.00 sys=0.00, real=0.00 secs] 
2024-07-05T00:05:01.004+0800: 5160.319: [GC (Allocation Failure) [PSYoungGen: 581216K->1984K(582144K)] 948800K->369576K(1189888K), 0.0031662 secs] [Times: user=0.00 sys=0.00, real=0.01 secs] 
2024-07-05T00:05:01.987+0800: 5161.301: [GC (Allocation Failure) [PSYoungGen: 581568K->1120K(628224K)] 949160K->368720K(1235968K), 0.0038463 secs] [Times: user=0.01 sys=0.00, real=0.00 secs] 
2024-07-05T00:05:03.072+0800: 5162.386: [GC (Allocation Failure) [PSYoungGen: 627808K->1600K(629248K)] 995408K->369208K(1236992K), 0.0039644 secs] [Times: user=0.00 sys=0.00, real=0.01 secs] 
2024-07-05T00:05:04.143+0800: 5163.457: [GC (Allocation Failure) [PSYoungGen: 628288K->1600K(604160K)] 995896K->369216K(1211904K), 0.0029719 secs] [Times: user=0.00 sys=0.00, real=0.01 secs] 
2024-07-05T00:05:05.155+0800: 5164.469: [GC (Allocation Failure) [PSYoungGen: 603712K->1856K(580608K)] 971328K->369480K(1188352K), 0.0041997 secs] [Times: user=0.00 sys=0.00, real=0.00 secs] 
2024-07-05T00:05:06.144+0800: 5165.458: [GC (Allocation Failure) [PSYoungGen: 580416K->928K(557056K)] 948040K->368560K(1164800K), 0.0025980 secs] [Times: user=0.00 sys=0.00, real=0.01 secs] 
2024-07-05T00:05:07.083+0800: 5166.397: [GC (Allocation Failure) [PSYoungGen: 556960K->1632K(536576K)] 924592K->369272K(1144320K), 0.0044366 secs] [Times: user=0.00 sys=0.00, real=0.01 secs] 
2024-07-05T00:05:07.989+0800: 5167.304: [GC (Allocation Failure) [PSYoungGen: 536160K->1824K(516096K)] 903800K->369472K(1123840K), 0.0027591 secs] [Times: user=0.01 sys=0.00, real=0.00 secs] 
2024-07-05T00:05:08.847+0800: 5168.162: [GC (Allocation Failure) [PSYoungGen: 515872K->2112K(497152K)] 883520K->369768K(1104896K), 0.0028635 secs] [Times: user=0.01 sys=0.00, real=0.00 secs] 
2024-07-05T00:05:09.693+0800: 5169.007: [GC (Allocation Failure) [PSYoungGen: 496704K->1024K(477184K)] 864360K->369640K(1084928K), 0.0026387 secs] [Times: user=0.00 sys=0.00, real=0.01 secs] 
2024-07-05T00:05:10.482+0800: 5169.796: [GC (Allocation Failure) [PSYoungGen: 477184K->1504K(516608K)] 845800K->370120K(1124352K), 0.0046172 secs] [Times: user=0.00 sys=0.01, real=0.01 secs] 
2024-07-05T00:05:11.326+0800: 5170.640: [GC (Allocation Failure) [PSYoungGen: 515040K->1392K(557568K)] 883656K->370008K(1165312K), 0.0046280 secs] [Times: user=0.00 sys=0.00, real=0.00 secs] 
2024-07-05T00:05:12.282+0800: 5171.596: [GC (Allocation Failure) [PSYoungGen: 557424K->1184K(603648K)] 926040K->369800K(1211392K), 0.0042815 secs] [Times: user=0.00 sys=0.00, real=0.01 secs] 
2024-07-05T00:05:13.292+0800: 5172.606: [GC (Allocation Failure) [PSYoungGen: 603296K->1600K(652288K)] 971912K->370216K(1260032K), 0.0034003 secs] [Times: user=0.00 sys=0.00, real=0.01 secs] 
2024-07-05T00:05:14.382+0800: 5173.697: [GC (Allocation Failure) [PSYoungGen: 651840K->1536K(626176K)] 1020456K->370152K(1233920K), 0.0033204 secs] [Times: user=0.00 sys=0.00, real=0.01 secs] 
2024-07-05T00:05:15.430+0800: 5174.745: [GC (Allocation Failure) [PSYoungGen: 626176K->1408K(601600K)] 994792K->370024K(1209344K), 0.0024086 secs] [Times: user=0.01 sys=0.00, real=0.00 secs] 
2024-07-05T00:05:16.429+0800: 5175.743: [GC (Allocation Failure) [PSYoungGen: 601472K->1344K(578048K)] 970088K->369960K(1185792K), 0.0043877 secs] [Times: user=0.01 sys=0.00, real=0.00 secs] 
2024-07-05T00:05:17.415+0800: 5176.730: [GC (Allocation Failure) [PSYoungGen: 577856K->1312K(556032K)] 946472K->369928K(1163776K), 0.0036839 secs] [Times: user=0.00 sys=0.00, real=0.00 secs] 
2024-07-05T00:05:18.367+0800: 5177.681: [GC (Allocation Failure) [PSYoungGen: 555808K->1248K(535040K)] 924424K->369864K(1142784K), 0.0027378 secs] [Times: user=0.00 sys=0.00, real=0.00 secs] 
2024-07-05T00:05:19.251+0800: 5178.565: [GC (Allocation Failure) [PSYoungGen: 534752K->2064K(516096K)] 903368K->370680K(1123840K), 0.0027526 secs] [Times: user=0.01 sys=0.00, real=0.00 secs] 
2024-07-05T00:05:20.104+0800: 5179.418: [GC (Allocation Failure) [PSYoungGen: 515600K->2016K(496128K)] 884216K->370632K(1103872K), 0.0050581 secs] [Times: user=0.00 sys=0.00, real=0.01 secs] 
2024-07-05T00:05:20.942+0800: 5180.256: [GC (Allocation Failure) [PSYoungGen: 496096K->1024K(476672K)] 864712K->370408K(1084416K), 0.0025853 secs] [Times: user=0.00 sys=0.00, real=0.00 secs] 
2024-07-05T00:05:21.733+0800: 5181.047: [GC (Allocation Failure) [PSYoungGen: 476672K->2112K(460800K)] 846056K->371496K(1068544K), 0.0034682 secs] [Times: user=0.01 sys=0.00, real=0.01 secs] 
2024-07-05T00:05:22.545+0800: 5181.860: [GC (Allocation Failure) [PSYoungGen: 460352K->1952K(443392K)] 829736K->371336K(1051136K), 0.0027597 secs] [Times: user=0.00 sys=0.00, real=0.01 secs] 
2024-07-05T00:05:23.291+0800: 5182.605: [GC (Allocation Failure) [PSYoungGen: 443296K->1664K(478720K)] 812680K->371048K(1086464K), 0.0037759 secs] [Times: user=0.01 sys=0.00, real=0.01 secs] 
2024-07-05T00:05:24.115+0800: 5183.430: [GC (Allocation Failure) [PSYoungGen: 478336K->1184K(460800K)] 847720K->370568K(1068544K), 0.0028208 secs] [Times: user=0.01 sys=0.00, real=0.00 secs] 
2024-07-05T00:05:24.891+0800: 5184.205: [GC (Allocation Failure) [PSYoungGen: 460448K->1472K(498176K)] 829832K->370856K(1105920K), 0.0039765 secs] [Times: user=0.00 sys=0.00, real=0.01 secs] 
2024-07-05T00:05:25.722+0800: 5185.037: [GC (Allocation Failure) [PSYoungGen: 498112K->1248K(539136K)] 867496K->370632K(1146880K), 0.0039648 secs] [Times: user=0.00 sys=0.00, real=0.01 secs] 
2024-07-05T00:05:26.615+0800: 5185.929: [GC (Allocation Failure) [PSYoungGen: 538848K->1616K(582144K)] 908232K->371000K(1189888K), 0.0030044 secs] [Times: user=0.01 sys=0.00, real=0.00 secs] 
2024-07-05T00:05:27.606+0800: 5186.920: [GC (Allocation Failure) [PSYoungGen: 581712K->1600K(559616K)] 951096K->370984K(1167360K), 0.0037078 secs] [Times: user=0.00 sys=0.00, real=0.00 secs] 
2024-07-05T00:11:38.559+0800: 5557.873: [GC (Allocation Failure) [PSYoungGen: 559168K->566K(537088K)] 928552K->369950K(1144832K), 0.0035254 secs] [Times: user=0.01 sys=0.00, real=0.00 secs] 
2024-07-05T00:11:51.548+0800: 5570.862: [GC (Allocation Failure) [PSYoungGen: 536630K->160K(516096K)] 906014K->369544K(1123840K), 0.0023879 secs] [Times: user=0.00 sys=0.00, real=0.00 secs] 
2024-07-05T00:12:04.013+0800: 5583.327: [GC (Allocation Failure) [PSYoungGen: 515744K->534K(498688K)] 885128K->369918K(1106432K), 0.0025033 secs] [Times: user=0.00 sys=0.00, real=0.01 secs] 
2024-07-05T00:12:16.141+0800: 5595.456: [GC (Allocation Failure) [PSYoungGen: 496662K->1315K(479232K)] 866046K->370700K(1086976K), 0.0039517 secs] [Times: user=0.00 sys=0.00, real=0.00 secs] 
2024-07-05T00:12:27.842+0800: 5607.156: [GC (Allocation Failure) [PSYoungGen: 479011K->534K(461312K)] 848396K->369918K(1069056K), 0.0025203 secs] [Times: user=0.00 sys=0.00, real=0.00 secs] 
2024-07-05T00:12:39.184+0800: 5618.499: [GC (Allocation Failure) [PSYoungGen: 460632K->941K(444416K)] 830016K->370325K(1052160K), 0.0025859 secs] [Times: user=0.00 sys=0.00, real=0.01 secs] 
2024-07-05T00:12:50.128+0800: 5629.443: [GC (Allocation Failure) [PSYoungGen: 444333K->176K(428032K)] 813717K->369568K(1035776K), 0.0023947 secs] [Times: user=0.00 sys=0.00, real=0.00 secs] 
2024-07-05T00:13:00.625+0800: 5639.939: [GC (Allocation Failure) [PSYoungGen: 427396K->566K(413184K)] 796788K->369966K(1020928K), 0.0026827 secs] [Times: user=0.00 sys=0.00, real=0.01 secs] 
2024-07-05T00:13:10.754+0800: 5650.068: [GC (Allocation Failure) [PSYoungGen: 412614K->534K(398848K)] 782014K->369942K(1006592K), 0.0039689 secs] [Times: user=0.01 sys=0.00, real=0.00 secs] 
2024-07-05T00:13:20.564+0800: 5659.878: [GC (Allocation Failure) [PSYoungGen: 398358K->550K(385024K)] 767766K->369966K(992768K), 0.0025041 secs] [Times: user=0.00 sys=0.00, real=0.01 secs] 
2024-07-05T00:13:30.161+0800: 5669.475: [GC (Allocation Failure) [PSYoungGen: 384450K->160K(371200K)] 753867K->369584K(978944K), 0.0022990 secs] [Times: user=0.00 sys=0.00, real=0.00 secs] 
2024-07-05T00:13:39.516+0800: 5678.830: [GC (Allocation Failure) [PSYoungGen: 370745K->355K(358400K)] 740169K->369787K(966144K), 0.0023848 secs] [Times: user=0.00 sys=0.00, real=0.00 secs] 
2024-07-05T00:13:48.558+0800: 5687.872: [GC (Allocation Failure) [PSYoungGen: 358108K->160K(348160K)] 727540K->369600K(955904K), 0.0025434 secs] [Times: user=0.01 sys=0.00, real=0.00 secs] 
2024-07-05T00:13:57.800+0800: 5697.114: [GC (Allocation Failure) [PSYoungGen: 345745K->323K(334848K)] 715185K->369771K(942592K), 0.0032568 secs] [Times: user=0.01 sys=0.00, real=0.00 secs] 
2024-07-05T00:14:06.627+0800: 5705.941: [GC (Allocation Failure) [PSYoungGen: 334659K->550K(326144K)] 704107K->370006K(933888K), 0.0035026 secs] [Times: user=0.00 sys=0.00, real=0.00 secs] 
2024-07-05T00:14:15.054+0800: 5714.368: [GC (Allocation Failure) [PSYoungGen: 324031K->909K(313856K)] 693487K->370405K(921600K), 0.0024115 secs] [Times: user=0.01 sys=0.00, real=0.00 secs] 
2024-07-05T00:14:23.220+0800: 5722.534: [GC (Allocation Failure) [PSYoungGen: 313399K->534K(303616K)] 682895K->370038K(911360K), 0.0024362 secs] [Times: user=0.01 sys=0.00, real=0.00 secs] 
2024-07-05T00:14:31.106+0800: 5730.420: [GC (Allocation Failure) [PSYoungGen: 303126K->893K(293888K)] 672630K->370405K(901632K), 0.0040585 secs] [Times: user=0.00 sys=0.00, real=0.00 secs] 
2024-07-05T00:14:38.730+0800: 5738.044: [GC (Allocation Failure) [PSYoungGen: 293661K->144K(284160K)] 663173K->369664K(891904K), 0.0023727 secs] [Times: user=0.00 sys=0.00, real=0.00 secs] 
2024-07-05T00:14:46.090+0800: 5745.404: [GC (Allocation Failure) [PSYoungGen: 283792K->534K(275968K)] 653312K->370062K(883712K), 0.0025420 secs] [Times: user=0.00 sys=0.00, real=0.00 secs] 
2024-07-05T00:14:53.196+0800: 5752.510: [GC (Allocation Failure) [PSYoungGen: 275478K->144K(267264K)] 645006K->369680K(875008K), 0.0024755 secs] [Times: user=0.00 sys=0.00, real=0.00 secs] 
2024-07-05T00:15:00.135+0800: 5759.449: [GC (Allocation Failure) [PSYoungGen: 266752K->502K(259072K)] 636289K->370046K(866816K), 0.0025475 secs] [Times: user=0.00 sys=0.00, real=0.00 secs] 
2024-07-05T00:15:06.848+0800: 5766.163: [GC (Allocation Failure) [PSYoungGen: 259062K->502K(252928K)] 628606K->370054K(860672K), 0.0025018 secs] [Times: user=0.01 sys=0.00, real=0.00 secs] 
2024-07-05T00:15:13.400+0800: 5772.714: [GC (Allocation Failure) [PSYoungGen: 251297K->1088K(245248K)] 620849K->370648K(852992K), 0.0025459 secs] [Times: user=0.00 sys=0.00, real=0.00 secs] 
2024-07-05T00:15:19.928+0800: 5779.242: [GC (Allocation Failure) [PSYoungGen: 244638K->307K(237056K)] 614198K->369875K(844800K), 0.0022702 secs] [Times: user=0.00 sys=0.00, real=0.00 secs] 
2024-07-05T00:15:26.172+0800: 5785.486: [GC (Allocation Failure) [PSYoungGen: 236589K->470K(230400K)] 606157K->370046K(838144K), 0.0033429 secs] [Times: user=0.01 sys=0.00, real=0.01 secs] 
2024-07-05T00:15:32.204+0800: 5791.518: [GC (Allocation Failure) [PSYoungGen: 230335K->112K(224768K)] 599912K->369704K(832512K), 0.0023917 secs] [Times: user=0.00 sys=0.00, real=0.01 secs] 
2024-07-05T00:15:37.601+0800: 5796.915: [GC (Allocation Failure) [PSYoungGen: 223344K->96K(217600K)] 592936K->369696K(825344K), 0.0028914 secs] [Times: user=0.01 sys=0.00, real=0.00 secs] 
2024-07-05T00:15:42.938+0800: 5802.252: [GC (Allocation Failure) [PSYoungGen: 217109K->893K(212480K)] 586709K->370501K(820224K), 0.0024256 secs] [Times: user=0.00 sys=0.00, real=0.00 secs] 
2024-07-05T00:15:48.115+0800: 5807.429: [GC (Allocation Failure) [PSYoungGen: 211473K->518K(206336K)] 581081K->370134K(814080K), 0.0024990 secs] [Times: user=0.00 sys=0.00, real=0.00 secs] 
2024-07-05T00:15:53.062+0800: 5812.376: [GC (Allocation Failure) [PSYoungGen: 205821K->1088K(201216K)] 575437K->370712K(808960K), 0.0040960 secs] [Times: user=0.00 sys=0.00, real=0.01 secs] 
2024-07-05T00:15:57.915+0800: 5817.229: [GC (Allocation Failure) [PSYoungGen: 200746K->275K(195072K)] 570370K->369907K(802816K), 0.0029817 secs] [Times: user=0.00 sys=0.00, real=0.00 secs] 
2024-07-05T00:16:02.912+0800: 5822.226: [GC (Allocation Failure) [PSYoungGen: 194814K->307K(190976K)] 564446K->369947K(798720K), 0.0023001 secs] [Times: user=0.01 sys=0.00, real=0.01 secs] 
2024-07-05T00:16:07.830+0800: 5827.144: [GC (Allocation Failure) [PSYoungGen: 189666K->518K(185856K)] 559307K->370166K(793600K), 0.0025526 secs] [Times: user=0.00 sys=0.00, real=0.00 secs] 
2024-07-05T00:16:12.316+0800: 5831.630: [GC (Allocation Failure) [PSYoungGen: 185292K->112K(180736K)] 554940K->369768K(788480K), 0.0022799 secs] [Times: user=0.00 sys=0.00, real=0.00 secs] 
2024-07-05T00:16:16.661+0800: 5835.975: [GC (Allocation Failure) [PSYoungGen: 179972K->470K(176128K)] 549629K->370134K(783872K), 0.0039327 secs] [Times: user=0.00 sys=0.00, real=0.00 secs] 
2024-07-05T00:16:21.249+0800: 5840.563: [GC (Allocation Failure) [PSYoungGen: 175764K->502K(173056K)] 545428K->370174K(780800K), 0.0023411 secs] [Times: user=0.01 sys=0.00, real=0.00 secs] 
2024-07-05T00:16:25.712+0800: 5845.026: [GC (Allocation Failure) [PSYoungGen: 171765K->470K(167936K)] 541438K->370150K(775680K), 0.0031492 secs] [Times: user=0.01 sys=0.00, real=0.01 secs] 
2024-07-05T00:16:30.036+0800: 5849.350: [GC (Allocation Failure) [PSYoungGen: 167834K->80K(164864K)] 537515K->369768K(772608K), 0.0029405 secs] [Times: user=0.00 sys=0.00, real=0.00 secs] 
2024-07-05T00:16:34.273+0800: 5853.587: [GC (Allocation Failure) [PSYoungGen: 163408K->80K(160256K)] 533096K->369776K(768000K), 0.0027521 secs] [Times: user=0.01 sys=0.00, real=0.01 secs] 
2024-07-05T00:16:38.334+0800: 5857.648: [GC (Allocation Failure) [PSYoungGen: 159722K->877K(157696K)] 529418K->370581K(765440K), 0.0024372 secs] [Times: user=0.00 sys=0.00, real=0.00 secs] 
2024-07-05T00:16:42.384+0800: 5861.698: [GC (Allocation Failure) [PSYoungGen: 156996K->1251K(154112K)] 526701K->370964K(761856K), 0.0034232 secs] [Times: user=0.01 sys=0.00, real=0.01 secs] 
2024-07-05T00:16:46.330+0800: 5865.644: [GC (Allocation Failure) [PSYoungGen: 153802K->861K(150016K)] 523515K->370581K(757760K), 0.0032305 secs] [Times: user=0.00 sys=0.00, real=0.00 secs] 
2024-07-05T00:16:50.205+0800: 5869.519: [GC (Allocation Failure) [PSYoungGen: 149681K->518K(146944K)] 519402K->370246K(754688K), 0.0032932 secs] [Times: user=0.01 sys=0.00, real=0.01 secs] 
2024-07-05T00:16:53.956+0800: 5873.271: [GC (Allocation Failure) [PSYoungGen: 146332K->323K(143360K)] 516061K->370059K(751104K), 0.0024507 secs] [Times: user=0.01 sys=0.00, real=0.00 secs] 
2024-07-05T00:16:57.644+0800: 5876.958: [GC (Allocation Failure) [PSYoungGen: 142989K->323K(140288K)] 512726K->370067K(748032K), 0.0025282 secs] [Times: user=0.00 sys=0.00, real=0.01 secs] 
2024-07-05T00:17:01.152+0800: 5880.466: [GC (Allocation Failure) [PSYoungGen: 139935K->518K(138240K)] 509679K->370270K(745984K), 0.0031309 secs] [Times: user=0.00 sys=0.00, real=0.01 secs] 
2024-07-05T00:17:04.663+0800: 5883.977: [GC (Allocation Failure) [PSYoungGen: 137222K->518K(134656K)] 506974K->370278K(742400K), 0.0025863 secs] [Times: user=0.00 sys=0.00, real=0.01 secs] 
2024-07-05T00:17:08.135+0800: 5887.449: [GC (Allocation Failure) [PSYoungGen: 134146K->112K(131584K)] 503906K->369880K(739328K), 0.0032401 secs] [Times: user=0.00 sys=0.00, real=0.00 secs] 
2024-07-05T00:17:11.498+0800: 5890.813: [GC (Allocation Failure) [PSYoungGen: 131075K->861K(129536K)] 500843K->370637K(737280K), 0.0034673 secs] [Times: user=0.00 sys=0.00, real=0.00 secs] 
2024-07-05T00:17:14.819+0800: 5894.133: [GC (Allocation Failure) [PSYoungGen: 129184K->80K(126464K)] 498960K->369864K(734208K), 0.0042112 secs] [Times: user=0.00 sys=0.00, real=0.00 secs] 
2024-07-05T00:17:18.066+0800: 5897.380: [GC (Allocation Failure) [PSYoungGen: 125799K->518K(124416K)] 495583K->370310K(732160K), 0.0025895 secs] [Times: user=0.00 sys=0.00, real=0.00 secs] 
2024-07-05T00:17:21.245+0800: 5900.559: [GC (Allocation Failure) [PSYoungGen: 123850K->518K(121856K)] 493642K->370318K(729600K), 0.0025818 secs] [Times: user=0.00 sys=0.00, real=0.01 secs] 
2024-07-05T00:17:24.346+0800: 5903.661: [GC (Allocation Failure) [PSYoungGen: 121312K->1104K(119808K)] 491112K->370912K(727552K), 0.0034778 secs] [Times: user=0.00 sys=0.00, real=0.00 secs] 
2024-07-05T00:17:27.429+0800: 5906.744: [GC (Allocation Failure) [PSYoungGen: 119350K->323K(116736K)] 489158K->370139K(724480K), 0.0030324 secs] [Times: user=0.00 sys=0.00, real=0.00 secs] 
2024-07-05T00:17:30.425+0800: 5909.739: [GC (Allocation Failure) [PSYoungGen: 116171K->470K(114688K)] 485988K->370294K(722432K), 0.0029278 secs] [Times: user=0.00 sys=0.00, real=0.01 secs] 
2024-07-05T00:17:33.353+0800: 5912.667: [GC (Allocation Failure) [PSYoungGen: 114359K->518K(113664K)] 484184K->370350K(721408K), 0.0023280 secs] [Times: user=0.00 sys=0.00, real=0.01 secs] 
2024-07-05T00:22:27.261+0800: 6206.575: [GC (Allocation Failure) [PSYoungGen: 112646K->192K(110592K)] 482478K->370032K(718336K), 0.0023599 secs] [Times: user=0.01 sys=0.00, real=0.00 secs] 
2024-07-05T00:23:37.378+0800: 6276.692: [GC (Allocation Failure) [PSYoungGen: 95687K->640K(109568K)] 465527K->393920K(717312K), 0.0100816 secs] [Times: user=0.02 sys=0.00, real=0.01 secs] 
2024-07-05T00:23:37.630+0800: 6276.944: [GC (Allocation Failure) [PSYoungGen: 78210K->640K(124416K)] 471490K->487632K(732160K), 0.0140349 secs] [Times: user=0.02 sys=0.00, real=0.01 secs] 
2024-07-05T00:23:37.946+0800: 6277.260: [GC (Allocation Failure) [PSYoungGen: 124032K->720K(145408K)] 611024K->550184K(753152K), 0.0250876 secs] [Times: user=0.05 sys=0.01, real=0.02 secs] 
2024-07-05T00:23:38.305+0800: 6277.619: [GC (Allocation Failure) [PSYoungGen: 145104K->688K(168960K)] 694568K->550160K(776704K), 0.0032656 secs] [Times: user=0.01 sys=0.00, real=0.01 secs] 
2024-07-05T00:23:38.780+0800: 6278.094: [GC (Allocation Failure) [PSYoungGen: 168624K->640K(195072K)] 718096K->550120K(802816K), 0.0031858 secs] [Times: user=0.00 sys=0.00, real=0.00 secs] 
2024-07-05T00:23:39.246+0800: 6278.560: [GC (Allocation Failure) [PSYoungGen: 194688K->688K(223744K)] 744168K->550176K(831488K), 0.0032586 secs] [Times: user=0.01 sys=0.00, real=0.00 secs] 
2024-07-05T00:23:39.719+0800: 6279.033: [GC (Allocation Failure) [PSYoungGen: 223408K->656K(256000K)] 772896K->550152K(863744K), 0.0058482 secs] [Times: user=0.01 sys=0.00, real=0.00 secs] 
2024-07-05T00:23:39.997+0800: 6279.311: [GC (Allocation Failure) [PSYoungGen: 255632K->656K(292352K)] 805128K->550160K(900096K), 0.0032277 secs] [Times: user=0.00 sys=0.00, real=0.00 secs] 
2024-07-05T00:23:40.354+0800: 6279.668: [GC (Allocation Failure) [PSYoungGen: 291984K->224K(331776K)] 841488K->550208K(939520K), 0.0033721 secs] [Times: user=0.00 sys=0.00, real=0.00 secs] 
2024-07-05T00:23:40.739+0800: 6280.053: [GC (Allocation Failure) [PSYoungGen: 331488K->224K(375808K)] 881472K->550232K(983552K), 0.0028258 secs] [Times: user=0.01 sys=0.00, real=0.00 secs] 
2024-07-05T00:23:41.165+0800: 6280.479: [GC (Allocation Failure) [PSYoungGen: 375520K->224K(424448K)] 925528K->550240K(1032192K), 0.0027662 secs] [Times: user=0.00 sys=0.00, real=0.01 secs] 
2024-07-05T00:23:41.620+0800: 6280.935: [GC (Allocation Failure) [PSYoungGen: 423136K->192K(475136K)] 973152K->550216K(1082880K), 0.0029799 secs] [Times: user=0.01 sys=0.00, real=0.00 secs] 
2024-07-05T00:23:42.123+0800: 6281.437: [GC (Allocation Failure) [PSYoungGen: 474816K->128K(532992K)] 1024840K->550160K(1140736K), 0.0039564 secs] [Times: user=0.01 sys=0.00, real=0.01 secs] 
2024-07-05T00:23:42.755+0800: 6282.069: [GC (Allocation Failure) [PSYoungGen: 531584K->128K(594432K)] 1081616K->550168K(1202176K), 0.0049014 secs] [Times: user=0.01 sys=0.00, real=0.00 secs] 
2024-07-05T00:23:43.325+0800: 6282.640: [GC (Allocation Failure) [PSYoungGen: 594048K->160K(612352K)] 1144088K->550208K(1220096K), 0.0029510 secs] [Times: user=0.00 sys=0.00, real=0.01 secs] 
2024-07-05T00:23:43.967+0800: 6283.281: [GC (Allocation Failure) [PSYoungGen: 610976K->256K(660992K)] 1161024K->550312K(1268736K), 0.0029310 secs] [Times: user=0.00 sys=0.00, real=0.00 secs] 
2024-07-05T00:23:44.610+0800: 6283.924: [GC (Allocation Failure) [PSYoungGen: 660224K->96K(660992K)] 1210280K->550212K(1268736K), 0.0045217 secs] [Times: user=0.01 sys=0.00, real=0.01 secs] 
2024-07-05T00:23:45.290+0800: 6284.605: [GC (Allocation Failure) [PSYoungGen: 660064K->224K(726528K)] 1210180K->550340K(1334272K), 0.0026959 secs] [Times: user=0.01 sys=0.00, real=0.00 secs] 
2024-07-05T00:23:46.046+0800: 6285.360: [GC (Allocation Failure) [PSYoungGen: 726240K->128K(730112K)] 1276356K->550308K(1337856K), 0.0029301 secs] [Times: user=0.01 sys=0.00, real=0.00 secs] 
2024-07-05T00:23:46.831+0800: 6286.145: [GC (Allocation Failure) [PSYoungGen: 729216K->176K(796160K)] 1279396K->550356K(1403904K), 0.0040078 secs] [Times: user=0.00 sys=0.00, real=0.01 secs] 
2024-07-05T00:23:47.672+0800: 6286.986: [GC (Allocation Failure) [PSYoungGen: 795312K->160K(796160K)] 1345492K->550340K(1403904K), 0.0031293 secs] [Times: user=0.00 sys=0.00, real=0.01 secs] 
2024-07-05T00:23:48.507+0800: 6287.821: [GC (Allocation Failure) [PSYoungGen: 795296K->192K(762880K)] 1345476K->550372K(1370624K), 0.0028897 secs] [Times: user=0.01 sys=0.00, real=0.00 secs] 
2024-07-05T00:23:49.313+0800: 6288.627: [GC (Allocation Failure) [PSYoungGen: 762560K->192K(732160K)] 1312740K->550372K(1339904K), 0.0028809 secs] [Times: user=0.00 sys=0.00, real=0.01 secs] 
2024-07-05T00:23:50.038+0800: 6289.352: [GC (Allocation Failure) [PSYoungGen: 731328K->192K(797696K)] 1281508K->550372K(1405440K), 0.0054048 secs] [Times: user=0.01 sys=0.00, real=0.00 secs] 
2024-07-05T00:23:50.837+0800: 6290.151: [GC (Allocation Failure) [PSYoungGen: 797376K->160K(866304K)] 1347556K->550340K(1474048K), 0.0028567 secs] [Times: user=0.01 sys=0.00, real=0.00 secs] 
2024-07-05T00:23:51.714+0800: 6291.028: [GC (Allocation Failure) [PSYoungGen: 865440K->224K(829440K)] 1415620K->550404K(1437184K), 0.0036737 secs] [Times: user=0.00 sys=0.00, real=0.00 secs] 
2024-07-05T00:23:52.538+0800: 6291.852: [GC (Allocation Failure) [PSYoungGen: 829152K->128K(866816K)] 1379332K->550308K(1474560K), 0.0049577 secs] [Times: user=0.00 sys=0.00, real=0.00 secs] 
2024-07-05T00:23:53.410+0800: 6292.724: [GC (Allocation Failure) [PSYoungGen: 865920K->224K(829952K)] 1416100K->550404K(1437696K), 0.0027317 secs] [Times: user=0.01 sys=0.00, real=0.00 secs] 
2024-07-05T00:23:54.221+0800: 6293.536: [GC (Allocation Failure) [PSYoungGen: 829664K->160K(796160K)] 1379844K->550340K(1403904K), 0.0028394 secs] [Times: user=0.00 sys=0.00, real=0.00 secs] 
2024-07-05T00:23:55.004+0800: 6294.318: [GC (Allocation Failure) [PSYoungGen: 795296K->160K(762880K)] 1345476K->550340K(1370624K), 0.0027767 secs] [Times: user=0.00 sys=0.01, real=0.01 secs] 
2024-07-05T00:23:55.751+0800: 6295.065: [GC (Allocation Failure) [PSYoungGen: 762528K->224K(732160K)] 1312708K->550404K(1339904K), 0.0027057 secs] [Times: user=0.00 sys=0.00, real=0.00 secs] 
2024-07-05T00:23:56.475+0800: 6295.789: [GC (Allocation Failure) [PSYoungGen: 731360K->192K(701952K)] 1281540K->550372K(1309696K), 0.0038680 secs] [Times: user=0.01 sys=0.00, real=0.00 secs] 
2024-07-05T00:23:57.150+0800: 6296.465: [GC (Allocation Failure) [PSYoungGen: 701632K->160K(673792K)] 1251812K->550340K(1281536K), 0.0028251 secs] [Times: user=0.00 sys=0.00, real=0.00 secs] 
2024-07-05T00:23:57.828+0800: 6297.142: [GC (Allocation Failure) [PSYoungGen: 673440K->160K(647168K)] 1223620K->550340K(1254912K), 0.0028244 secs] [Times: user=0.00 sys=0.00, real=0.00 secs] 
2024-07-05T00:23:58.478+0800: 6297.792: [GC (Allocation Failure) [PSYoungGen: 646816K->192K(621568K)] 1196996K->550380K(1229312K), 0.0027799 secs] [Times: user=0.01 sys=0.00, real=0.00 secs] 
2024-07-05T00:23:59.089+0800: 6298.403: [GC (Allocation Failure) [PSYoungGen: 621248K->192K(596992K)] 1171436K->550388K(1204736K), 0.0027370 secs] [Times: user=0.01 sys=0.00, real=0.00 secs] 
2024-07-05T00:23:59.695+0800: 6299.009: [GC (Allocation Failure) [PSYoungGen: 596672K->160K(573952K)] 1146868K->550364K(1181696K), 0.0027886 secs] [Times: user=0.00 sys=0.00, real=0.00 secs] 
2024-07-05T00:24:00.267+0800: 6299.581: [GC (Allocation Failure) [PSYoungGen: 573600K->160K(551936K)] 1123804K->550372K(1159680K), 0.0029460 secs] [Times: user=0.01 sys=0.00, real=0.00 secs] 
2024-07-05T00:24:00.827+0800: 6300.141: [GC (Allocation Failure) [PSYoungGen: 551584K->128K(530944K)] 1101796K->550348K(1138688K), 0.0027624 secs] [Times: user=0.00 sys=0.00, real=0.00 secs] 
2024-07-05T00:24:01.358+0800: 6300.672: [GC (Allocation Failure) [PSYoungGen: 530560K->224K(577536K)] 1080780K->550452K(1185280K), 0.0027626 secs] [Times: user=0.00 sys=0.00, real=0.00 secs] 
2024-07-05T00:24:01.942+0800: 6301.256: [GC (Allocation Failure) [PSYoungGen: 577248K->160K(630784K)] 1127476K->550396K(1238528K), 0.0040011 secs] [Times: user=0.00 sys=0.01, real=0.01 secs] 
2024-07-05T00:24:02.570+0800: 6301.884: [GC (Allocation Failure) [PSYoungGen: 630432K->144K(691200K)] 1180668K->550388K(1298944K), 0.0043090 secs] [Times: user=0.00 sys=0.00, real=0.01 secs] 
2024-07-05T00:24:03.270+0800: 6302.584: [GC (Allocation Failure) [PSYoungGen: 690832K->256K(754688K)] 1241076K->550508K(1362432K), 0.0027207 secs] [Times: user=0.00 sys=0.00, real=0.00 secs] 
2024-07-05T00:24:04.030+0800: 6303.344: [GC (Allocation Failure) [PSYoungGen: 754432K->192K(823808K)] 1304684K->550452K(1431552K), 0.0039201 secs] [Times: user=0.00 sys=0.00, real=0.01 secs] 
2024-07-05T00:24:04.837+0800: 6304.152: [GC (Allocation Failure) [PSYoungGen: 823488K->256K(895488K)] 1373748K->550524K(1503232K), 0.0027493 secs] [Times: user=0.01 sys=0.00, real=0.00 secs] 
2024-07-05T00:24:05.774+0800: 6305.088: [GC (Allocation Failure) [PSYoungGen: 895232K->224K(858112K)] 1445500K->550500K(1465856K), 0.0040042 secs] [Times: user=0.01 sys=0.00, real=0.00 secs] 
2024-07-05T00:24:06.665+0800: 6305.979: [GC (Allocation Failure) [PSYoungGen: 857824K->224K(822272K)] 1408100K->550508K(1430016K), 0.0028659 secs] [Times: user=0.00 sys=0.00, real=0.01 secs] 
2024-07-05T00:24:07.546+0800: 6306.860: [GC (Allocation Failure) [PSYoungGen: 821984K->160K(788480K)] 1372268K->550452K(1396224K), 0.0049382 secs] [Times: user=0.00 sys=0.00, real=0.00 secs] 
2024-07-05T00:24:08.422+0800: 6307.736: [GC (Allocation Failure) [PSYoungGen: 788128K->192K(756224K)] 1338420K->550492K(1363968K), 0.0028283 secs] [Times: user=0.01 sys=0.00, real=0.00 secs] 
2024-07-05T00:24:09.229+0800: 6308.543: [GC (Allocation Failure) [PSYoungGen: 755904K->176K(725504K)] 1306204K->550484K(1333248K), 0.0047720 secs] [Times: user=0.01 sys=0.00, real=0.01 secs] 
2024-07-05T00:24:09.947+0800: 6309.261: [GC (Allocation Failure) [PSYoungGen: 725168K->96K(790016K)] 1275476K->550412K(1397760K), 0.0040197 secs] [Times: user=0.00 sys=0.00, real=0.00 secs] 
2024-07-05T00:24:10.731+0800: 6310.045: [GC (Allocation Failure) [PSYoungGen: 789600K->192K(860160K)] 1339916K->550516K(1467904K), 0.0038894 secs] [Times: user=0.00 sys=0.00, real=0.01 secs] 
2024-07-05T00:24:11.582+0800: 6310.896: [GC (Allocation Failure) [PSYoungGen: 859840K->160K(824320K)] 1410164K->550492K(1432064K), 0.0028313 secs] [Times: user=0.00 sys=0.00, real=0.00 secs] 
2024-07-05T00:24:12.396+0800: 6311.710: [GC (Allocation Failure) [PSYoungGen: 823968K->160K(790016K)] 1374300K->550500K(1397760K), 0.0041163 secs] [Times: user=0.01 sys=0.00, real=0.00 secs] 
2024-07-05T00:24:13.183+0800: 6312.497: [GC (Allocation Failure) [PSYoungGen: 789664K->160K(757760K)] 1340004K->550508K(1365504K), 0.0028757 secs] [Times: user=0.01 sys=0.00, real=0.01 secs] 
2024-07-05T00:24:13.925+0800: 6313.240: [GC (Allocation Failure) [PSYoungGen: 757408K->192K(727040K)] 1307756K->550548K(1334784K), 0.0028140 secs] [Times: user=0.00 sys=0.00, real=0.01 secs] 
2024-07-05T00:24:14.646+0800: 6313.960: [GC (Allocation Failure) [PSYoungGen: 726720K->160K(790016K)] 1277076K->550524K(1397760K), 0.0044863 secs] [Times: user=0.01 sys=0.00, real=0.00 secs] 
2024-07-05T00:24:15.462+0800: 6314.776: [GC (Allocation Failure) [PSYoungGen: 789664K->192K(860672K)] 1340028K->550564K(1468416K), 0.0046010 secs] [Times: user=0.00 sys=0.00, real=0.01 secs] 
2024-07-05T00:24:16.394+0800: 6315.708: [GC (Allocation Failure) [PSYoungGen: 860352K->192K(902656K)] 1410724K->550572K(1510400K), 0.0051157 secs] [Times: user=0.01 sys=0.00, real=0.00 secs] 
2024-07-05T00:24:17.313+0800: 6316.627: [GC (Allocation Failure) [PSYoungGen: 902336K->112K(864768K)] 1452716K->550500K(1472512K), 0.0029314 secs] [Times: user=0.01 sys=0.00, real=0.01 secs] 
2024-07-05T00:24:18.257+0800: 6317.571: [GC (Allocation Failure) [PSYoungGen: 864368K->128K(828416K)] 1414756K->550524K(1436160K), 0.0038826 secs] [Times: user=0.00 sys=0.00, real=0.00 secs] 
2024-07-05T00:24:19.132+0800: 6318.447: [GC (Allocation Failure) [PSYoungGen: 828032K->96K(794112K)] 1378428K->550500K(1401856K), 0.0036106 secs] [Times: user=0.00 sys=0.00, real=0.01 secs] 
2024-07-05T00:24:19.948+0800: 6319.263: [GC (Allocation Failure) [PSYoungGen: 793696K->192K(761344K)] 1344100K->550604K(1369088K), 0.0028134 secs] [Times: user=0.00 sys=0.00, real=0.00 secs] 
2024-07-05T00:24:20.718+0800: 6320.032: [GC (Allocation Failure) [PSYoungGen: 761024K->160K(730112K)] 1311436K->550580K(1337856K), 0.0038299 secs] [Times: user=0.00 sys=0.00, real=0.00 secs] 
2024-07-05T00:24:21.450+0800: 6320.765: [GC (Allocation Failure) [PSYoungGen: 729760K->160K(795136K)] 1280180K->550588K(1402880K), 0.0049125 secs] [Times: user=0.00 sys=0.00, real=0.01 secs] 
2024-07-05T00:24:22.250+0800: 6321.564: [GC (Allocation Failure) [PSYoungGen: 794784K->160K(762368K)] 1345212K->550596K(1370112K), 0.0027857 secs] [Times: user=0.01 sys=0.00, real=0.00 secs] 
2024-07-05T00:24:23.008+0800: 6322.322: [GC (Allocation Failure) [PSYoungGen: 762016K->128K(731136K)] 1312452K->550564K(1338880K), 0.0039189 secs] [Times: user=0.00 sys=0.00, real=0.00 secs] 
2024-07-05T00:24:23.741+0800: 6323.055: [GC (Allocation Failure) [PSYoungGen: 730752K->192K(701440K)] 1281188K->550636K(1309184K), 0.0028881 secs] [Times: user=0.01 sys=0.00, real=0.00 secs] 
2024-07-05T00:24:24.430+0800: 6323.744: [GC (Allocation Failure) [PSYoungGen: 701120K->160K(673280K)] 1251564K->550612K(1281024K), 0.0027137 secs] [Times: user=0.00 sys=0.00, real=0.00 secs] 
2024-07-05T00:24:25.098+0800: 6324.412: [GC (Allocation Failure) [PSYoungGen: 672928K->192K(734208K)] 1223380K->550644K(1341952K), 0.0049003 secs] [Times: user=0.00 sys=0.00, real=0.00 secs] 
2024-07-05T00:24:25.817+0800: 6325.131: [GC (Allocation Failure) [PSYoungGen: 733888K->160K(798720K)] 1284340K->550620K(1406464K), 0.0027800 secs] [Times: user=0.00 sys=0.00, real=0.00 secs] 
2024-07-05T00:24:26.603+0800: 6325.917: [GC (Allocation Failure) [PSYoungGen: 798368K->192K(765952K)] 1348828K->550660K(1373696K), 0.0028020 secs] [Times: user=0.00 sys=0.00, real=0.01 secs] 
2024-07-05T00:24:27.350+0800: 6326.664: [GC (Allocation Failure) [PSYoungGen: 765632K->128K(734720K)] 1316100K->550604K(1342464K), 0.0027919 secs] [Times: user=0.01 sys=0.00, real=0.00 secs] 
2024-07-05T00:24:28.070+0800: 6327.384: [GC (Allocation Failure) [PSYoungGen: 734336K->224K(705024K)] 1284812K->550708K(1312768K), 0.0028310 secs] [Times: user=0.01 sys=0.00, real=0.00 secs] 
2024-07-05T00:24:28.803+0800: 6328.117: [GC (Allocation Failure) [PSYoungGen: 704736K->160K(676864K)] 1255220K->550652K(1284608K), 0.0030690 secs] [Times: user=0.00 sys=0.00, real=0.01 secs] 
2024-07-05T00:24:29.516+0800: 6328.830: [GC (Allocation Failure) [PSYoungGen: 676512K->192K(649728K)] 1227004K->550692K(1257472K), 0.0027629 secs] [Times: user=0.00 sys=0.00, real=0.00 secs] 
2024-07-05T00:24:30.174+0800: 6329.488: [GC (Allocation Failure) [PSYoungGen: 649408K->96K(624128K)] 1199908K->550596K(1231872K), 0.0044038 secs] [Times: user=0.01 sys=0.00, real=0.00 secs] 
2024-07-05T00:24:30.819+0800: 6330.134: [GC (Allocation Failure) [PSYoungGen: 623712K->256K(599552K)] 1174212K->550764K(1207296K), 0.0026672 secs] [Times: user=0.00 sys=0.01, real=0.00 secs] 
2024-07-05T00:24:31.485+0800: 6330.799: [GC (Allocation Failure) [PSYoungGen: 599296K->192K(576512K)] 1149804K->550708K(1184256K), 0.0027672 secs] [Times: user=0.01 sys=0.00, real=0.01 secs] 
2024-07-05T00:24:32.068+0800: 6331.383: [GC (Allocation Failure) [PSYoungGen: 576192K->256K(628224K)] 1126708K->550772K(1235968K), 0.0040050 secs] [Times: user=0.00 sys=0.00, real=0.00 secs] 
2024-07-05T00:24:32.794+0800: 6332.108: [GC (Allocation Failure) [PSYoungGen: 627968K->192K(687104K)] 1178484K->550724K(1294848K), 0.0046473 secs] [Times: user=0.00 sys=0.01, real=0.01 secs] 
2024-07-05T00:24:33.534+0800: 6332.848: [GC (Allocation Failure) [PSYoungGen: 686784K->128K(748544K)] 1237316K->550668K(1356288K), 0.0026781 secs] [Times: user=0.00 sys=0.00, real=0.00 secs] 
2024-07-05T00:24:34.322+0800: 6333.636: [GC (Allocation Failure) [PSYoungGen: 748160K->128K(718336K)] 1298700K->550676K(1326080K), 0.0028661 secs] [Times: user=0.01 sys=0.00, real=0.00 secs] 
2024-07-05T00:24:35.091+0800: 6334.405: [GC (Allocation Failure) [PSYoungGen: 717952K->224K(689152K)] 1268500K->550780K(1296896K), 0.0027230 secs] [Times: user=0.01 sys=0.00, real=0.01 secs] 
2024-07-05T00:24:35.868+0800: 6335.182: [GC (Allocation Failure) [PSYoungGen: 688864K->240K(661504K)] 1239420K->550796K(1269248K), 0.0039200 secs] [Times: user=0.01 sys=0.00, real=0.00 secs] 
2024-07-05T00:24:36.588+0800: 6335.903: [GC (Allocation Failure) [PSYoungGen: 661232K->160K(635392K)] 1211788K->550724K(1243136K), 0.0027881 secs] [Times: user=0.00 sys=0.00, real=0.00 secs] 
2024-07-05T00:24:37.229+0800: 6336.543: [GC (Allocation Failure) [PSYoungGen: 635040K->224K(610304K)] 1185604K->550796K(1218048K), 0.0027732 secs] [Times: user=0.00 sys=0.00, real=0.00 secs] 
2024-07-05T00:24:37.835+0800: 6337.149: [GC (Allocation Failure) [PSYoungGen: 610016K->192K(665088K)] 1160588K->550764K(1272832K), 0.0042048 secs] [Times: user=0.01 sys=0.00, real=0.00 secs] 
2024-07-05T00:24:38.494+0800: 6337.808: [GC (Allocation Failure) [PSYoungGen: 664768K->160K(727552K)] 1215340K->550740K(1335296K), 0.0045243 secs] [Times: user=0.01 sys=0.00, real=0.00 secs] 
2024-07-05T00:24:39.254+0800: 6338.568: [GC (Allocation Failure) [PSYoungGen: 727200K->160K(797696K)] 1277780K->550748K(1405440K), 0.0049435 secs] [Times: user=0.00 sys=0.00, real=0.00 secs] 
2024-07-05T00:24:40.058+0800: 6339.373: [GC (Allocation Failure) [PSYoungGen: 797344K->160K(874496K)] 1347932K->550756K(1482240K), 0.0045078 secs] [Times: user=0.01 sys=0.00, real=0.00 secs] 
2024-07-05T00:24:40.946+0800: 6340.260: [GC (Allocation Failure) [PSYoungGen: 874144K->160K(937984K)] 1424740K->550764K(1545728K), 0.0027319 secs] [Times: user=0.00 sys=0.00, real=0.00 secs] 
2024-07-05T00:24:41.878+0800: 6341.192: [GC (Allocation Failure) [PSYoungGen: 937632K->192K(937984K)] 1488236K->550796K(1545728K), 0.0041708 secs] [Times: user=0.01 sys=0.00, real=0.00 secs] 
2024-07-05T00:24:42.861+0800: 6342.176: [GC (Allocation Failure) [PSYoungGen: 937664K->192K(898048K)] 1488268K->550804K(1505792K), 0.0027966 secs] [Times: user=0.00 sys=0.00, real=0.00 secs] 
2024-07-05T00:24:43.828+0800: 6343.142: [GC (Allocation Failure) [PSYoungGen: 897728K->96K(860160K)] 1448340K->550708K(1467904K), 0.0039027 secs] [Times: user=0.01 sys=0.00, real=0.00 secs] 
2024-07-05T00:24:44.797+0800: 6344.111: [GC (Allocation Failure) [PSYoungGen: 859744K->256K(824320K)] 1410356K->550876K(1432064K), 0.0027757 secs] [Times: user=0.01 sys=0.00, real=0.00 secs] 
2024-07-05T00:24:45.643+0800: 6344.957: [GC (Allocation Failure) [PSYoungGen: 824064K->160K(790016K)] 1374684K->550788K(1397760K), 0.0029519 secs] [Times: user=0.01 sys=0.00, real=0.01 secs] 
2024-07-05T00:24:46.453+0800: 6345.767: [GC (Allocation Failure) [PSYoungGen: 789664K->192K(757760K)] 1340292K->550828K(1365504K), 0.0030098 secs] [Times: user=0.01 sys=0.00, real=0.01 secs] 
2024-07-05T00:24:47.212+0800: 6346.527: [GC (Allocation Failure) [PSYoungGen: 757440K->192K(727040K)] 1308076K->550836K(1334784K), 0.0035733 secs] [Times: user=0.00 sys=0.00, real=0.01 secs] 
2024-07-05T00:24:47.942+0800: 6347.256: [GC (Allocation Failure) [PSYoungGen: 726720K->128K(697856K)] 1277364K->550780K(1305600K), 0.0047879 secs] [Times: user=0.01 sys=0.00, real=0.01 secs] 
2024-07-05T00:24:48.665+0800: 6347.979: [GC (Allocation Failure) [PSYoungGen: 697472K->224K(669696K)] 1248124K->550884K(1277440K), 0.0028870 secs] [Times: user=0.00 sys=0.00, real=0.01 secs] 
2024-07-05T00:24:49.332+0800: 6348.647: [GC (Allocation Failure) [PSYoungGen: 669408K->128K(728576K)] 1220068K->550788K(1336320K), 0.0038537 secs] [Times: user=0.00 sys=0.00, real=0.01 secs] 
2024-07-05T00:24:50.102+0800: 6349.416: [GC (Allocation Failure) [PSYoungGen: 728192K->160K(698880K)] 1278852K->550828K(1306624K), 0.0030682 secs] [Times: user=0.00 sys=0.00, real=0.00 secs] 
2024-07-05T00:24:50.829+0800: 6350.143: [GC (Allocation Failure) [PSYoungGen: 698528K->192K(670720K)] 1249196K->550868K(1278464K), 0.0028354 secs] [Times: user=0.00 sys=0.00, real=0.00 secs] 
2024-07-05T00:24:51.497+0800: 6350.811: [GC (Allocation Failure) [PSYoungGen: 670400K->192K(644096K)] 1221076K->550876K(1251840K), 0.0027535 secs] [Times: user=0.00 sys=0.00, real=0.00 secs] 
2024-07-05T00:24:52.150+0800: 6351.465: [GC (Allocation Failure) [PSYoungGen: 643776K->128K(618496K)] 1194460K->550820K(1226240K), 0.0032728 secs] [Times: user=0.00 sys=0.00, real=0.01 secs] 
2024-07-05T00:24:52.825+0800: 6352.139: [GC (Allocation Failure) [PSYoungGen: 618112K->256K(594432K)] 1168804K->550956K(1202176K), 0.0028156 secs] [Times: user=0.00 sys=0.00, real=0.01 secs] 
2024-07-05T00:24:53.412+0800: 6352.726: [GC (Allocation Failure) [PSYoungGen: 594176K->192K(571392K)] 1144876K->550900K(1179136K), 0.0027897 secs] [Times: user=0.00 sys=0.00, real=0.01 secs] 
2024-07-05T00:24:54.059+0800: 6353.373: [GC (Allocation Failure) [PSYoungGen: 571072K->160K(622592K)] 1121780K->550876K(1230336K), 0.0042751 secs] [Times: user=0.01 sys=0.00, real=0.00 secs] 
2024-07-05T00:24:54.788+0800: 6354.102: [GC (Allocation Failure) [PSYoungGen: 622240K->160K(677888K)] 1172956K->550884K(1285632K), 0.0033771 secs] [Times: user=0.00 sys=0.00, real=0.00 secs] 
2024-07-05T00:24:55.586+0800: 6354.900: [GC (Allocation Failure) [PSYoungGen: 677536K->192K(739328K)] 1228260K->550924K(1347072K), 0.0045028 secs] [Times: user=0.00 sys=0.00, real=0.00 secs] 
2024-07-05T00:24:56.334+0800: 6355.648: [GC (Allocation Failure) [PSYoungGen: 739008K->160K(709120K)] 1289740K->550892K(1316864K), 0.0027951 secs] [Times: user=0.01 sys=0.00, real=0.00 secs] 
2024-07-05T00:24:57.022+0800: 6356.336: [GC (Allocation Failure) [PSYoungGen: 708768K->128K(680448K)] 1259500K->550868K(1288192K), 0.0028287 secs] [Times: user=0.01 sys=0.00, real=0.00 secs] 
2024-07-05T00:24:57.734+0800: 6357.048: [GC (Allocation Failure) [PSYoungGen: 680064K->224K(742912K)] 1230804K->550972K(1350656K), 0.0051901 secs] [Times: user=0.01 sys=0.00, real=0.00 secs] 
2024-07-05T00:24:58.545+0800: 6357.860: [GC (Allocation Failure) [PSYoungGen: 742624K->224K(712704K)] 1293372K->550972K(1320448K), 0.0028126 secs] [Times: user=0.01 sys=0.00, real=0.01 secs] 
2024-07-05T00:24:59.334+0800: 6358.649: [GC (Allocation Failure) [PSYoungGen: 712416K->240K(776704K)] 1263164K->550996K(1384448K), 0.0043951 secs] [Times: user=0.00 sys=0.00, real=0.00 secs] 
2024-07-05T00:25:00.189+0800: 6359.504: [GC (Allocation Failure) [PSYoungGen: 776432K->144K(744960K)] 1327188K->550900K(1352704K), 0.0033085 secs] [Times: user=0.00 sys=0.00, real=0.00 secs] 
2024-07-05T00:25:00.982+0800: 6360.296: [GC (Allocation Failure) [PSYoungGen: 744592K->160K(811008K)] 1295348K->550924K(1418752K), 0.0044887 secs] [Times: user=0.00 sys=0.00, real=0.01 secs] 
2024-07-05T00:25:01.852+0800: 6361.166: [GC (Allocation Failure) [PSYoungGen: 810656K->224K(777728K)] 1361420K->550996K(1385472K), 0.0026863 secs] [Times: user=0.01 sys=0.00, real=0.01 secs] 
2024-07-05T00:25:02.690+0800: 6362.004: [GC (Allocation Failure) [PSYoungGen: 777440K->160K(745984K)] 1328212K->550932K(1353728K), 0.0047422 secs] [Times: user=0.00 sys=0.00, real=0.01 secs] 
2024-07-05T00:25:03.514+0800: 6362.829: [GC (Allocation Failure) [PSYoungGen: 745632K->160K(715776K)] 1296404K->550940K(1323520K), 0.0030069 secs] [Times: user=0.01 sys=0.00, real=0.00 secs] 
2024-07-05T00:25:04.343+0800: 6363.657: [GC (Allocation Failure) [PSYoungGen: 715424K->224K(687104K)] 1266204K->551004K(1294848K), 0.0040088 secs] [Times: user=0.01 sys=0.00, real=0.01 secs] 
2024-07-05T00:25:05.034+0800: 6364.348: [GC (Allocation Failure) [PSYoungGen: 686816K->128K(659456K)] 1237596K->550916K(1267200K), 0.0027980 secs] [Times: user=0.00 sys=0.00, real=0.00 secs] 
2024-07-05T00:25:05.730+0800: 6365.044: [GC (Allocation Failure) [PSYoungGen: 659072K->224K(717824K)] 1209860K->551012K(1325568K), 0.0043946 secs] [Times: user=0.01 sys=0.00, real=0.01 secs] 
2024-07-05T00:25:06.490+0800: 6365.804: [GC (Allocation Failure) [PSYoungGen: 717536K->192K(688640K)] 1268324K->550988K(1296384K), 0.0027180 secs] [Times: user=0.00 sys=0.00, real=0.00 secs] 
2024-07-05T00:25:07.228+0800: 6366.542: [GC (Allocation Failure) [PSYoungGen: 688320K->160K(660992K)] 1239116K->550964K(1268736K), 0.0028323 secs] [Times: user=0.01 sys=0.00, real=0.00 secs] 
2024-07-05T00:25:07.897+0800: 6367.212: [GC (Allocation Failure) [PSYoungGen: 660640K->128K(634880K)] 1211444K->550940K(1242624K), 0.0030364 secs] [Times: user=0.01 sys=0.00, real=0.00 secs] 
2024-07-05T00:25:08.565+0800: 6367.880: [GC (Allocation Failure) [PSYoungGen: 634496K->192K(609792K)] 1185308K->551012K(1217536K), 0.0028767 secs] [Times: user=0.00 sys=0.00, real=0.01 secs] 
2024-07-05T00:25:09.236+0800: 6368.550: [GC (Allocation Failure) [PSYoungGen: 609472K->128K(664576K)] 1160292K->550948K(1272320K), 0.0047459 secs] [Times: user=0.01 sys=0.00, real=0.00 secs] 
2024-07-05T00:25:09.894+0800: 6369.208: [GC (Allocation Failure) [PSYoungGen: 664192K->160K(728064K)] 1215012K->550988K(1335808K), 0.0049974 secs] [Times: user=0.01 sys=0.00, real=0.00 secs] 
2024-07-05T00:25:10.620+0800: 6369.934: [GC (Allocation Failure) [PSYoungGen: 727712K->160K(795136K)] 1278540K->550996K(1402880K), 0.0028866 secs] [Times: user=0.00 sys=0.00, real=0.00 secs] 
2024-07-05T00:25:11.421+0800: 6370.735: [GC (Allocation Failure) [PSYoungGen: 794784K->192K(762368K)] 1345620K->551036K(1370112K), 0.0029006 secs] [Times: user=0.00 sys=0.00, real=0.00 secs] 
2024-07-05T00:25:12.183+0800: 6371.497: [GC (Allocation Failure) [PSYoungGen: 762048K->96K(731136K)] 1312892K->550948K(1338880K), 0.0033997 secs] [Times: user=0.00 sys=0.00, real=0.01 secs] 
2024-07-05T00:25:12.943+0800: 6372.258: [GC (Allocation Failure) [PSYoungGen: 730720K->160K(701440K)] 1281572K->551020K(1309184K), 0.0029645 secs] [Times: user=0.00 sys=0.00, real=0.01 secs] 
2024-07-05T00:25:13.669+0800: 6372.983: [GC (Allocation Failure) [PSYoungGen: 701088K->224K(673280K)] 1251948K->551092K(1281024K), 0.0028516 secs] [Times: user=0.00 sys=0.00, real=0.00 secs] 
2024-07-05T00:25:14.357+0800: 6373.671: [GC (Allocation Failure) [PSYoungGen: 672992K->112K(646656K)] 1223860K->550988K(1254400K), 0.0034426 secs] [Times: user=0.01 sys=0.00, real=0.00 secs] 
2024-07-05T00:25:14.996+0800: 6374.310: [GC (Allocation Failure) [PSYoungGen: 646256K->160K(621056K)] 1197132K->551044K(1228800K), 0.0029984 secs] [Times: user=0.01 sys=0.00, real=0.00 secs] 
2024-07-05T00:25:15.629+0800: 6374.943: [GC (Allocation Failure) [PSYoungGen: 620704K->224K(596480K)] 1171588K->551116K(1204224K), 0.0028106 secs] [Times: user=0.01 sys=0.00, real=0.00 secs] 
2024-07-05T00:25:16.243+0800: 6375.557: [GC (Allocation Failure) [PSYoungGen: 596192K->224K(573440K)] 1147084K->551124K(1181184K), 0.0028172 secs] [Times: user=0.01 sys=0.00, real=0.01 secs] 
2024-07-05T00:25:16.837+0800: 6376.151: [GC (Allocation Failure) [PSYoungGen: 573152K->192K(551424K)] 1124052K->551100K(1159168K), 0.0028257 secs] [Times: user=0.00 sys=0.00, real=0.00 secs] 
2024-07-05T00:25:17.388+0800: 6376.702: [GC (Allocation Failure) [PSYoungGen: 551104K->160K(530432K)] 1102012K->551076K(1138176K), 0.0028895 secs] [Times: user=0.01 sys=0.00, real=0.00 secs] 
2024-07-05T00:25:17.950+0800: 6377.264: [GC (Allocation Failure) [PSYoungGen: 530080K->144K(581632K)] 1080996K->551068K(1189376K), 0.0049058 secs] [Times: user=0.00 sys=0.00, real=0.01 secs] 
2024-07-05T00:25:18.515+0800: 6377.829: [GC (Allocation Failure) [PSYoungGen: 581264K->224K(638464K)] 1132188K->551156K(1246208K), 0.0036700 secs] [Times: user=0.01 sys=0.00, real=0.00 secs] 
2024-07-05T00:25:19.205+0800: 6378.519: [GC (Allocation Failure) [PSYoungGen: 638176K->192K(701440K)] 1189108K->551132K(1309184K), 0.0041304 secs] [Times: user=0.01 sys=0.00, real=0.01 secs] 
2024-07-05T00:25:19.921+0800: 6379.235: [GC (Allocation Failure) [PSYoungGen: 701120K->160K(767488K)] 1252060K->551108K(1375232K), 0.0030759 secs] [Times: user=0.00 sys=0.00, real=0.00 secs] 
2024-07-05T00:25:20.693+0800: 6380.007: [GC (Allocation Failure) [PSYoungGen: 767136K->160K(838144K)] 1318084K->551116K(1445888K), 0.0033887 secs] [Times: user=0.00 sys=0.00, real=0.01 secs] 
2024-07-05T00:25:21.518+0800: 6380.832: [GC (Allocation Failure) [PSYoungGen: 837792K->192K(803328K)] 1388748K->551148K(1411072K), 0.0028650 secs] [Times: user=0.00 sys=0.00, real=0.00 secs] 
2024-07-05T00:25:22.366+0800: 6381.680: [GC (Allocation Failure) [PSYoungGen: 803008K->192K(875008K)] 1353964K->551156K(1482752K), 0.0046932 secs] [Times: user=0.01 sys=0.00, real=0.00 secs] 
2024-07-05T00:25:23.223+0800: 6382.537: [GC (Allocation Failure) [PSYoungGen: 874688K->160K(838656K)] 1425652K->551132K(1446400K), 0.0027964 secs] [Times: user=0.00 sys=0.00, real=0.01 secs] 
2024-07-05T00:25:24.064+0800: 6383.378: [GC (Allocation Failure) [PSYoungGen: 838304K->160K(803840K)] 1389276K->551132K(1411584K), 0.0039807 secs] [Times: user=0.01 sys=0.00, real=0.01 secs] 
2024-07-05T00:25:24.898+0800: 6384.212: [GC (Allocation Failure) [PSYoungGen: 803488K->128K(875008K)] 1354460K->551108K(1482752K), 0.0049460 secs] [Times: user=0.01 sys=0.00, real=0.00 secs] 
2024-07-05T00:25:25.789+0800: 6385.103: [GC (Allocation Failure) [PSYoungGen: 874624K->224K(838656K)] 1425604K->551204K(1446400K), 0.0028530 secs] [Times: user=0.00 sys=0.00, real=0.00 secs] 
2024-07-05T00:25:26.641+0800: 6385.956: [GC (Allocation Failure) [PSYoungGen: 838368K->128K(803840K)] 1389348K->551116K(1411584K), 0.0046045 secs] [Times: user=0.00 sys=0.00, real=0.01 secs] 
2024-07-05T00:25:27.466+0800: 6386.780: [GC (Allocation Failure) [PSYoungGen: 803456K->160K(875008K)] 1354444K->551148K(1482752K), 0.0045579 secs] [Times: user=0.00 sys=0.00, real=0.00 secs] 
2024-07-05T00:25:28.344+0800: 6387.658: [GC (Allocation Failure) [PSYoungGen: 874656K->96K(838656K)] 1425644K->551092K(1446400K), 0.0037877 secs] [Times: user=0.01 sys=0.00, real=0.01 secs] 
2024-07-05T00:25:29.222+0800: 6388.537: [GC (Allocation Failure) [PSYoungGen: 838240K->160K(803840K)] 1389236K->551156K(1411584K), 0.0027621 secs] [Times: user=0.00 sys=0.00, real=0.00 secs] 
2024-07-05T00:25:30.042+0800: 6389.356: [GC (Allocation Failure) [PSYoungGen: 803488K->160K(770560K)] 1354484K->551164K(1378304K), 0.0046151 secs] [Times: user=0.00 sys=0.00, real=0.01 secs] 
2024-07-05T00:25:30.834+0800: 6390.149: [GC (Allocation Failure) [PSYoungGen: 770208K->192K(738816K)] 1321212K->551196K(1346560K), 0.0027956 secs] [Times: user=0.01 sys=0.00, real=0.00 secs] 
2024-07-05T00:25:31.581+0800: 6390.896: [GC (Allocation Failure) [PSYoungGen: 738496K->96K(708608K)] 1289500K->551108K(1316352K), 0.0037267 secs] [Times: user=0.00 sys=0.00, real=0.00 secs] 
2024-07-05T00:25:32.314+0800: 6391.628: [GC (Allocation Failure) [PSYoungGen: 708192K->192K(771072K)] 1259204K->551212K(1378816K), 0.0044025 secs] [Times: user=0.00 sys=0.00, real=0.00 secs] 
2024-07-05T00:25:33.081+0800: 6392.396: [GC (Allocation Failure) [PSYoungGen: 770752K->256K(739328K)] 1321772K->551284K(1347072K), 0.0027485 secs] [Times: user=0.00 sys=0.00, real=0.00 secs] 
2024-07-05T00:25:33.841+0800: 6393.155: [GC (Allocation Failure) [PSYoungGen: 739072K->224K(709120K)] 1290100K->551260K(1316864K), 0.0028370 secs] [Times: user=0.00 sys=0.00, real=0.00 secs] 
2024-07-05T00:25:34.598+0800: 6393.912: [GC (Allocation Failure) [PSYoungGen: 708832K->256K(680448K)] 1259868K->551300K(1288192K), 0.0027454 secs] [Times: user=0.00 sys=0.00, real=0.00 secs] 
2024-07-05T00:25:35.302+0800: 6394.617: [GC (Allocation Failure) [PSYoungGen: 680192K->128K(653312K)] 1231236K->551180K(1261056K), 0.0038833 secs] [Times: user=0.01 sys=0.00, real=0.01 secs] 
2024-07-05T00:25:35.937+0800: 6395.252: [GC (Allocation Failure) [PSYoungGen: 652928K->192K(627200K)] 1203980K->551252K(1234944K), 0.0027754 secs] [Times: user=0.01 sys=0.00, real=0.00 secs] 
2024-07-05T00:25:36.641+0800: 6395.955: [GC (Allocation Failure) [PSYoungGen: 626880K->128K(602624K)] 1177940K->551196K(1210368K), 0.0031162 secs] [Times: user=0.00 sys=0.00, real=0.00 secs] 
2024-07-05T00:25:37.240+0800: 6396.554: [GC (Allocation Failure) [PSYoungGen: 602240K->176K(657408K)] 1153308K->551244K(1265152K), 0.0041784 secs] [Times: user=0.01 sys=0.00, real=0.00 secs] 
2024-07-05T00:25:38.160+0800: 6397.474: [GC (Allocation Failure) [PSYoungGen: 657072K->112K(631296K)] 1208140K->551188K(1239040K), 0.0029536 secs] [Times: user=0.00 sys=0.00, real=0.00 secs] 
2024-07-05T00:25:38.816+0800: 6398.130: [GC (Allocation Failure) [PSYoungGen: 630896K->160K(688128K)] 1181972K->551244K(1295872K), 0.0042359 secs] [Times: user=0.01 sys=0.00, real=0.00 secs] 
2024-07-05T00:25:39.604+0800: 6398.918: [GC (Allocation Failure) [PSYoungGen: 687776K->176K(750080K)] 1238860K->551268K(1357824K), 0.0038150 secs] [Times: user=0.00 sys=0.00, real=0.01 secs] 
2024-07-05T00:25:40.448+0800: 6399.763: [GC (Allocation Failure) [PSYoungGen: 749744K->208K(719360K)] 1300836K->551300K(1327104K), 0.0027677 secs] [Times: user=0.00 sys=0.00, real=0.00 secs] 
2024-07-05T00:25:41.211+0800: 6400.525: [GC (Allocation Failure) [PSYoungGen: 719056K->144K(690176K)] 1270148K->551244K(1297920K), 0.0029693 secs] [Times: user=0.01 sys=0.00, real=0.01 secs] 
2024-07-05T00:25:41.905+0800: 6401.219: [GC (Allocation Failure) [PSYoungGen: 689808K->128K(662528K)] 1240908K->551236K(1270272K), 0.0034743 secs] [Times: user=0.01 sys=0.00, real=0.01 secs] 
2024-07-05T00:25:42.579+0800: 6401.893: [GC (Allocation Failure) [PSYoungGen: 662144K->208K(636416K)] 1213252K->551316K(1244160K), 0.0027765 secs] [Times: user=0.00 sys=0.00, real=0.00 secs] 
2024-07-05T00:25:43.255+0800: 6402.569: [GC (Allocation Failure) [PSYoungGen: 636112K->208K(611328K)] 1187220K->551324K(1219072K), 0.0042147 secs] [Times: user=0.01 sys=0.00, real=0.00 secs] 
2024-07-05T00:25:43.869+0800: 6403.183: [GC (Allocation Failure) [PSYoungGen: 611024K->176K(666624K)] 1162140K->551300K(1274368K), 0.0033826 secs] [Times: user=0.00 sys=0.00, real=0.00 secs] 
2024-07-05T00:25:44.547+0800: 6403.861: [GC (Allocation Failure) [PSYoungGen: 666288K->208K(730112K)] 1217412K->551340K(1337856K), 0.0048454 secs] [Times: user=0.00 sys=0.00, real=0.00 secs] 
2024-07-05T00:25:45.327+0800: 6404.642: [GC (Allocation Failure) [PSYoungGen: 729808K->208K(796160K)] 1280940K->551348K(1403904K), 0.0029117 secs] [Times: user=0.00 sys=0.00, real=0.00 secs] 
2024-07-05T00:25:46.173+0800: 6405.488: [GC (Allocation Failure) [PSYoungGen: 795856K->192K(763392K)] 1346996K->551340K(1371136K), 0.0026807 secs] [Times: user=0.00 sys=0.00, real=0.01 secs] 
2024-07-05T00:25:46.970+0800: 6406.284: [GC (Allocation Failure) [PSYoungGen: 763072K->192K(732160K)] 1314220K->551348K(1339904K), 0.0043568 secs] [Times: user=0.01 sys=0.00, real=0.01 secs] 
2024-07-05T00:25:47.742+0800: 6407.056: [GC (Allocation Failure) [PSYoungGen: 731840K->208K(702464K)] 1282996K->551372K(1310208K), 0.0027755 secs] [Times: user=0.00 sys=0.00, real=0.00 secs] 
2024-07-05T00:25:48.469+0800: 6407.784: [GC (Allocation Failure) [PSYoungGen: 702160K->208K(674304K)] 1253324K->551380K(1282048K), 0.0027841 secs] [Times: user=0.01 sys=0.00, real=0.00 secs] 
2024-07-05T00:25:49.170+0800: 6408.484: [GC (Allocation Failure) [PSYoungGen: 674000K->208K(647680K)] 1225172K->551396K(1255424K), 0.0029807 secs] [Times: user=0.01 sys=0.00, real=0.00 secs] 
2024-07-05T00:25:49.815+0800: 6409.130: [GC (Allocation Failure) [PSYoungGen: 647376K->256K(622080K)] 1198564K->551444K(1229824K), 0.0029815 secs] [Times: user=0.01 sys=0.00, real=0.00 secs] 
2024-07-05T00:25:50.482+0800: 6409.796: [GC (Allocation Failure) [PSYoungGen: 621824K->128K(597504K)] 1173012K->551324K(1205248K), 0.0027807 secs] [Times: user=0.00 sys=0.00, real=0.00 secs] 
2024-07-05T00:25:51.086+0800: 6410.400: [GC (Allocation Failure) [PSYoungGen: 597120K->160K(574464K)] 1148316K->551356K(1182208K), 0.0029702 secs] [Times: user=0.01 sys=0.00, real=0.00 secs] 
2024-07-05T00:25:51.684+0800: 6410.999: [GC (Allocation Failure) [PSYoungGen: 574112K->160K(552448K)] 1125308K->551364K(1160192K), 0.0028322 secs] [Times: user=0.00 sys=0.00, real=0.01 secs] 
2024-07-05T00:25:52.262+0800: 6411.576: [GC (Allocation Failure) [PSYoungGen: 552096K->144K(602112K)] 1103300K->551356K(1209856K), 0.0039476 secs] [Times: user=0.01 sys=0.00, real=0.01 secs] 
2024-07-05T00:25:52.888+0800: 6412.202: [GC (Allocation Failure) [PSYoungGen: 601744K->160K(655872K)] 1152956K->551372K(1263616K), 0.0029415 secs] [Times: user=0.01 sys=0.00, real=0.00 secs] 
2024-07-05T00:25:53.585+0800: 6412.899: [GC (Allocation Failure) [PSYoungGen: 655520K->192K(714240K)] 1206732K->551412K(1321984K), 0.0034369 secs] [Times: user=0.01 sys=0.00, real=0.01 secs] 
2024-07-05T00:25:54.314+0800: 6413.628: [GC (Allocation Failure) [PSYoungGen: 713920K->144K(777728K)] 1265140K->551364K(1385472K), 0.0037254 secs] [Times: user=0.01 sys=0.00, real=0.00 secs] 
2024-07-05T00:25:55.158+0800: 6414.472: [GC (Allocation Failure) [PSYoungGen: 777360K->192K(745984K)] 1328580K->551420K(1353728K), 0.0028013 secs] [Times: user=0.00 sys=0.00, real=0.00 secs] 
2024-07-05T00:25:55.942+0800: 6415.256: [GC (Allocation Failure) [PSYoungGen: 745664K->192K(715776K)] 1296892K->551420K(1323520K), 0.0029382 secs] [Times: user=0.00 sys=0.00, real=0.00 secs] 
2024-07-05T00:25:56.698+0800: 6416.012: [GC (Allocation Failure) [PSYoungGen: 715456K->224K(780800K)] 1266684K->551460K(1388544K), 0.0056338 secs] [Times: user=0.01 sys=0.00, real=0.00 secs] 
2024-07-05T00:25:57.508+0800: 6416.822: [GC (Allocation Failure) [PSYoungGen: 780512K->128K(851456K)] 1331748K->551372K(1459200K), 0.0041544 secs] [Times: user=0.00 sys=0.00, real=0.00 secs] 
2024-07-05T00:25:58.373+0800: 6417.688: [GC (Allocation Failure) [PSYoungGen: 851072K->128K(816128K)] 1402316K->551372K(1423872K), 0.0029479 secs] [Times: user=0.01 sys=0.00, real=0.01 secs] 
2024-07-05T00:25:59.237+0800: 6418.551: [GC (Allocation Failure) [PSYoungGen: 815744K->112K(782336K)] 1366988K->551364K(1390080K), 0.0033971 secs] [Times: user=0.00 sys=0.00, real=0.00 secs] 
2024-07-05T00:26:00.035+0800: 6419.350: [GC (Allocation Failure) [PSYoungGen: 781936K->192K(750080K)] 1333188K->551452K(1357824K), 0.0027146 secs] [Times: user=0.00 sys=0.00, real=0.00 secs] 
2024-07-05T00:26:00.813+0800: 6420.127: [GC (Allocation Failure) [PSYoungGen: 749760K->144K(719360K)] 1301020K->551412K(1327104K), 0.0047538 secs] [Times: user=0.00 sys=0.00, real=0.01 secs] 
2024-07-05T00:26:01.555+0800: 6420.869: [GC (Allocation Failure) [PSYoungGen: 718992K->192K(690176K)] 1270260K->551468K(1297920K), 0.0028414 secs] [Times: user=0.00 sys=0.00, real=0.00 secs] 
2024-07-05T00:26:02.381+0800: 6421.695: [GC (Allocation Failure) [PSYoungGen: 689856K->192K(662528K)] 1241132K->551468K(1270272K), 0.0048638 secs] [Times: user=0.01 sys=0.00, real=0.01 secs] 
2024-07-05T00:26:03.076+0800: 6422.390: [GC (Allocation Failure) [PSYoungGen: 662208K->192K(636416K)] 1213484K->551476K(1244160K), 0.0027270 secs] [Times: user=0.01 sys=0.00, real=0.00 secs] 
2024-07-05T00:26:03.802+0800: 6423.116: [GC (Allocation Failure) [PSYoungGen: 636096K->192K(611328K)] 1187380K->551476K(1219072K), 0.0029283 secs] [Times: user=0.01 sys=0.00, real=0.00 secs] 
2024-07-05T00:26:04.434+0800: 6423.748: [GC (Allocation Failure) [PSYoungGen: 611008K->160K(587264K)] 1162292K->551452K(1195008K), 0.0028556 secs] [Times: user=0.01 sys=0.00, real=0.00 secs] 
2024-07-05T00:26:05.107+0800: 6424.421: [GC (Allocation Failure) [PSYoungGen: 586912K->192K(564736K)] 1138204K->551484K(1172480K), 0.0041183 secs] [Times: user=0.01 sys=0.00, real=0.00 secs] 
2024-07-05T00:26:05.674+0800: 6424.988: [GC (Allocation Failure) [PSYoungGen: 564416K->160K(543232K)] 1115708K->551460K(1150976K), 0.0028125 secs] [Times: user=0.00 sys=0.00, real=0.00 secs] 
2024-07-05T00:26:06.283+0800: 6425.597: [GC (Allocation Failure) [PSYoungGen: 542880K->128K(593920K)] 1094180K->551436K(1201664K), 0.0040899 secs] [Times: user=0.01 sys=0.00, real=0.01 secs] 
2024-07-05T00:26:06.858+0800: 6426.172: [GC (Allocation Failure) [PSYoungGen: 593536K->192K(649216K)] 1144844K->551508K(1256960K), 0.0031521 secs] [Times: user=0.00 sys=0.00, real=0.00 secs] 
2024-07-05T00:26:07.558+0800: 6426.873: [GC (Allocation Failure) [PSYoungGen: 648896K->192K(712192K)] 1200212K->551516K(1319936K), 0.0049114 secs] [Times: user=0.01 sys=0.00, real=0.00 secs] 
2024-07-05T00:26:08.311+0800: 6427.625: [GC (Allocation Failure) [PSYoungGen: 711872K->160K(781312K)] 1263196K->551484K(1389056K), 0.0043596 secs] [Times: user=0.01 sys=0.00, real=0.01 secs] 
2024-07-05T00:26:09.154+0800: 6428.468: [GC (Allocation Failure) [PSYoungGen: 780960K->192K(856064K)] 1332284K->551524K(1463808K), 0.0044237 secs] [Times: user=0.01 sys=0.00, real=0.00 secs] 
2024-07-05T00:26:10.039+0800: 6429.353: [GC (Allocation Failure) [PSYoungGen: 855744K->224K(932864K)] 1407076K->551564K(1540608K), 0.0027966 secs] [Times: user=0.00 sys=0.00, real=0.00 secs] 
2024-07-05T00:26:10.987+0800: 6430.301: [GC (Allocation Failure) [PSYoungGen: 932576K->192K(893440K)] 1483916K->551540K(1501184K), 0.0027616 secs] [Times: user=0.01 sys=0.00, real=0.00 secs] 
2024-07-05T00:26:11.918+0800: 6431.232: [GC (Allocation Failure) [PSYoungGen: 893120K->160K(856064K)] 1444468K->551516K(1463808K), 0.0027967 secs] [Times: user=0.00 sys=0.00, real=0.00 secs] 
2024-07-05T00:26:12.830+0800: 6432.144: [GC (Allocation Failure) [PSYoungGen: 855712K->192K(820224K)] 1407068K->551556K(1427968K), 0.0029712 secs] [Times: user=0.00 sys=0.00, real=0.00 secs] 
2024-07-05T00:26:13.662+0800: 6432.977: [GC (Allocation Failure) [PSYoungGen: 819904K->224K(786432K)] 1371268K->551588K(1394176K), 0.0027312 secs] [Times: user=0.00 sys=0.00, real=0.00 secs] 
2024-07-05T00:26:14.466+0800: 6433.780: [GC (Allocation Failure) [PSYoungGen: 786144K->192K(754176K)] 1337508K->551564K(1361920K), 0.0029131 secs] [Times: user=0.00 sys=0.00, real=0.00 secs] 
2024-07-05T00:26:15.266+0800: 6434.580: [GC (Allocation Failure) [PSYoungGen: 753856K->160K(723456K)] 1305228K->551540K(1331200K), 0.0029105 secs] [Times: user=0.01 sys=0.00, real=0.00 secs] 
2024-07-05T00:26:16.054+0800: 6435.368: [GC (Allocation Failure) [PSYoungGen: 723104K->192K(694272K)] 1274484K->551580K(1302016K), 0.0027200 secs] [Times: user=0.01 sys=0.00, real=0.00 secs] 
2024-07-05T00:26:16.746+0800: 6436.060: [GC (Allocation Failure) [PSYoungGen: 693952K->96K(666624K)] 1245340K->551492K(1274368K), 0.0039575 secs] [Times: user=0.00 sys=0.00, real=0.00 secs] 
2024-07-05T00:26:17.424+0800: 6436.738: [GC (Allocation Failure) [PSYoungGen: 666208K->160K(640000K)] 1217604K->551564K(1247744K), 0.0039540 secs] [Times: user=0.01 sys=0.00, real=0.01 secs] 
2024-07-05T00:26:18.090+0800: 6437.405: [GC (Allocation Failure) [PSYoungGen: 639648K->192K(614912K)] 1191052K->551604K(1222656K), 0.0028002 secs] [Times: user=0.00 sys=0.00, real=0.00 secs] 
2024-07-05T00:26:18.730+0800: 6438.044: [GC (Allocation Failure) [PSYoungGen: 614592K->192K(590848K)] 1166004K->551612K(1198592K), 0.0040100 secs] [Times: user=0.00 sys=0.00, real=0.01 secs] 
2024-07-05T00:26:19.338+0800: 6438.652: [GC (Allocation Failure) [PSYoungGen: 590528K->144K(643584K)] 1141948K->551572K(1251328K), 0.0032983 secs] [Times: user=0.00 sys=0.00, real=0.00 secs] 
2024-07-05T00:26:20.024+0800: 6439.338: [GC (Allocation Failure) [PSYoungGen: 643216K->144K(617984K)] 1194644K->551580K(1225728K), 0.0028520 secs] [Times: user=0.00 sys=0.00, real=0.01 secs] 
2024-07-05T00:26:20.648+0800: 6439.962: [GC (Allocation Failure) [PSYoungGen: 617616K->144K(674304K)] 1169052K->551588K(1282048K), 0.0038855 secs] [Times: user=0.00 sys=0.00, real=0.00 secs] 
2024-07-05T00:26:21.340+0800: 6440.654: [GC (Allocation Failure) [PSYoungGen: 673936K->192K(647680K)] 1225380K->551644K(1255424K), 0.0028991 secs] [Times: user=0.01 sys=0.00, real=0.00 secs] 
2024-07-05T00:26:22.011+0800: 6441.325: [GC (Allocation Failure) [PSYoungGen: 647360K->144K(707072K)] 1198812K->551604K(1314816K), 0.0042577 secs] [Times: user=0.00 sys=0.00, real=0.01 secs] 
2024-07-05T00:26:22.794+0800: 6442.109: [GC (Allocation Failure) [PSYoungGen: 706704K->192K(771584K)] 1258164K->551660K(1379328K), 0.0039513 secs] [Times: user=0.01 sys=0.00, real=0.00 secs] 
2024-07-05T00:26:23.623+0800: 6442.938: [GC (Allocation Failure) [PSYoungGen: 771264K->256K(739840K)] 1322732K->551732K(1347584K), 0.0026707 secs] [Times: user=0.00 sys=0.00, real=0.01 secs] 
2024-07-05T00:26:24.404+0800: 6443.718: [GC (Allocation Failure) [PSYoungGen: 739584K->192K(709632K)] 1291060K->551676K(1317376K), 0.0028967 secs] [Times: user=0.01 sys=0.00, real=0.01 secs] 
2024-07-05T00:26:25.145+0800: 6444.459: [GC (Allocation Failure) [PSYoungGen: 709312K->128K(680960K)] 1260796K->551620K(1288704K), 0.0030978 secs] [Times: user=0.01 sys=0.00, real=0.01 secs] 
2024-07-05T00:26:25.859+0800: 6445.174: [GC (Allocation Failure) [PSYoungGen: 680576K->128K(653824K)] 1232068K->551628K(1261568K), 0.0040304 secs] [Times: user=0.01 sys=0.00, real=0.00 secs] 
2024-07-05T00:26:26.536+0800: 6445.850: [GC (Allocation Failure) [PSYoungGen: 653440K->192K(627712K)] 1204940K->551700K(1235456K), 0.0027248 secs] [Times: user=0.01 sys=0.00, real=0.00 secs] 
2024-07-05T00:26:27.209+0800: 6446.523: [GC (Allocation Failure) [PSYoungGen: 627392K->160K(603136K)] 1178900K->551676K(1210880K), 0.0029781 secs] [Times: user=0.01 sys=0.00, real=0.00 secs] 
2024-07-05T00:26:27.818+0800: 6447.132: [GC (Allocation Failure) [PSYoungGen: 602784K->160K(579584K)] 1154300K->551684K(1187328K), 0.0028261 secs] [Times: user=0.00 sys=0.00, real=0.00 secs] 
2024-07-05T00:26:28.424+0800: 6447.738: [GC (Allocation Failure) [PSYoungGen: 579232K->224K(557056K)] 1130756K->551748K(1164800K), 0.0030091 secs] [Times: user=0.01 sys=0.00, real=0.01 secs] 
2024-07-05T00:26:28.994+0800: 6448.308: [GC (Allocation Failure) [PSYoungGen: 556768K->160K(607744K)] 1108292K->551692K(1215488K), 0.0038659 secs] [Times: user=0.01 sys=0.00, real=0.00 secs] 
2024-07-05T00:26:29.630+0800: 6448.944: [GC (Allocation Failure) [PSYoungGen: 607392K->256K(584192K)] 1158924K->551788K(1191936K), 0.0027135 secs] [Times: user=0.01 sys=0.00, real=0.00 secs] 
2024-07-05T00:26:30.211+0800: 6449.526: [GC (Allocation Failure) [PSYoungGen: 583936K->160K(636416K)] 1135468K->551700K(1244160K), 0.0030575 secs] [Times: user=0.01 sys=0.00, real=0.01 secs] 
2024-07-05T00:26:30.878+0800: 6450.192: [GC (Allocation Failure) [PSYoungGen: 636064K->224K(695296K)] 1187604K->551764K(1303040K), 0.0041163 secs] [Times: user=0.00 sys=0.00, real=0.00 secs] 
2024-07-05T00:26:31.610+0800: 6450.924: [GC (Allocation Failure) [PSYoungGen: 695008K->256K(667648K)] 1246548K->551804K(1275392K), 0.0027320 secs] [Times: user=0.01 sys=0.00, real=0.00 secs] 
2024-07-05T00:26:32.302+0800: 6451.616: [GC (Allocation Failure) [PSYoungGen: 667392K->128K(641024K)] 1218940K->551684K(1248768K), 0.0027502 secs] [Times: user=0.00 sys=0.00, real=0.00 secs] 
2024-07-05T00:26:32.966+0800: 6452.280: [GC (Allocation Failure) [PSYoungGen: 640640K->160K(699904K)] 1192196K->551724K(1307648K), 0.0045298 secs] [Times: user=0.01 sys=0.00, real=0.00 secs] 
2024-07-05T00:26:33.725+0800: 6453.039: [GC (Allocation Failure) [PSYoungGen: 699552K->288K(671744K)] 1251116K->551860K(1279488K), 0.0027086 secs] [Times: user=0.00 sys=0.00, real=0.01 secs] 
2024-07-05T00:26:34.468+0800: 6453.782: [GC (Allocation Failure) [PSYoungGen: 671520K->256K(645120K)] 1223092K->551828K(1252864K), 0.0028669 secs] [Times: user=0.00 sys=0.00, real=0.00 secs] 
2024-07-05T00:26:35.097+0800: 6454.411: [GC (Allocation Failure) [PSYoungGen: 644864K->256K(619520K)] 1196436K->551836K(1227264K), 0.0029976 secs] [Times: user=0.00 sys=0.00, real=0.00 secs] 
2024-07-05T00:26:35.800+0800: 6455.114: [GC (Allocation Failure) [PSYoungGen: 619264K->224K(595456K)] 1170844K->551812K(1203200K), 0.0028161 secs] [Times: user=0.01 sys=0.00, real=0.00 secs] 
2024-07-05T00:26:36.406+0800: 6455.720: [GC (Allocation Failure) [PSYoungGen: 595168K->160K(650240K)] 1146756K->551756K(1257984K), 0.0045365 secs] [Times: user=0.01 sys=0.00, real=0.00 secs] 
2024-07-05T00:26:37.073+0800: 6456.387: [GC (Allocation Failure) [PSYoungGen: 649888K->224K(708608K)] 1201484K->551828K(1316352K), 0.0029866 secs] [Times: user=0.01 sys=0.00, real=0.01 secs] 
2024-07-05T00:26:37.811+0800: 6457.125: [GC (Allocation Failure) [PSYoungGen: 708320K->224K(679936K)] 1259924K->551828K(1287680K), 0.0027356 secs] [Times: user=0.01 sys=0.00, real=0.01 secs] 
2024-07-05T00:26:38.529+0800: 6457.843: [GC (Allocation Failure) [PSYoungGen: 679648K->128K(652800K)] 1231252K->551740K(1260544K), 0.0032017 secs] [Times: user=0.00 sys=0.00, real=0.00 secs] 
2024-07-05T00:26:39.242+0800: 6458.556: [GC (Allocation Failure) [PSYoungGen: 652416K->128K(627200K)] 1204028K->551740K(1234944K), 0.0031411 secs] [Times: user=0.01 sys=0.00, real=0.00 secs] 
2024-07-05T00:26:39.977+0800: 6459.291: [GC (Allocation Failure) [PSYoungGen: 626816K->160K(602624K)] 1178428K->551780K(1210368K), 0.0033220 secs] [Times: user=0.00 sys=0.00, real=0.00 secs] 
2024-07-05T00:26:40.669+0800: 6459.983: [GC (Allocation Failure) [PSYoungGen: 602272K->224K(579072K)] 1153892K->551844K(1186816K), 0.0029108 secs] [Times: user=0.01 sys=0.00, real=0.00 secs] 
2024-07-05T00:26:41.346+0800: 6460.660: [GC (Allocation Failure) [PSYoungGen: 578784K->96K(556544K)] 1130404K->551724K(1164288K), 0.0038805 secs] [Times: user=0.00 sys=0.01, real=0.01 secs] 
2024-07-05T00:26:41.918+0800: 6461.232: [GC (Allocation Failure) [PSYoungGen: 556128K->240K(607744K)] 1107756K->551868K(1215488K), 0.0039184 secs] [Times: user=0.01 sys=0.00, real=0.00 secs] 
2024-07-05T00:26:42.612+0800: 6461.926: [GC (Allocation Failure) [PSYoungGen: 607472K->192K(663552K)] 1159100K->551828K(1271296K), 0.0036021 secs] [Times: user=0.00 sys=0.00, real=0.01 secs] 
2024-07-05T00:26:43.259+0800: 6462.574: [GC (Allocation Failure) [PSYoungGen: 663232K->224K(722944K)] 1214868K->551860K(1330688K), 0.0028795 secs] [Times: user=0.00 sys=0.00, real=0.00 secs] 
2024-07-05T00:26:44.040+0800: 6463.354: [GC (Allocation Failure) [PSYoungGen: 722656K->160K(693760K)] 1274292K->551804K(1301504K), 0.0027917 secs] [Times: user=0.00 sys=0.00, real=0.00 secs] 
2024-07-05T00:26:44.797+0800: 6464.111: [GC (Allocation Failure) [PSYoungGen: 693408K->256K(666112K)] 1245052K->551908K(1273856K), 0.0029138 secs] [Times: user=0.00 sys=0.00, real=0.00 secs] 
2024-07-05T00:26:45.543+0800: 6464.858: [GC (Allocation Failure) [PSYoungGen: 665856K->96K(639488K)] 1217508K->551748K(1247232K), 0.0031155 secs] [Times: user=0.01 sys=0.00, real=0.01 secs] 
2024-07-05T00:26:46.206+0800: 6465.520: [GC (Allocation Failure) [PSYoungGen: 639072K->96K(697344K)] 1190724K->551756K(1305088K), 0.0047971 secs] [Times: user=0.00 sys=0.00, real=0.00 secs] 
2024-07-05T00:26:46.932+0800: 6466.246: [GC (Allocation Failure) [PSYoungGen: 696928K->192K(760832K)] 1248588K->551852K(1368576K), 0.0038001 secs] [Times: user=0.01 sys=0.01, real=0.01 secs] 
2024-07-05T00:26:47.723+0800: 6467.037: [GC (Allocation Failure) [PSYoungGen: 760512K->160K(829952K)] 1312172K->551828K(1437696K), 0.0041905 secs] [Times: user=0.00 sys=0.00, real=0.01 secs] 
2024-07-05T00:26:48.570+0800: 6467.884: [GC (Allocation Failure) [PSYoungGen: 829600K->192K(795648K)] 1381268K->551860K(1403392K), 0.0027328 secs] [Times: user=0.01 sys=0.00, real=0.00 secs] 
2024-07-05T00:26:49.533+0800: 6468.847: [GC (Allocation Failure) [PSYoungGen: 795328K->160K(762880K)] 1346996K->551836K(1370624K), 0.0029060 secs] [Times: user=0.00 sys=0.00, real=0.01 secs] 
2024-07-05T00:26:50.414+0800: 6469.728: [GC (Allocation Failure) [PSYoungGen: 762528K->224K(731648K)] 1314204K->551908K(1339392K), 0.0028076 secs] [Times: user=0.00 sys=0.00, real=0.01 secs] 
2024-07-05T00:26:51.235+0800: 6470.549: [GC (Allocation Failure) [PSYoungGen: 731360K->128K(701952K)] 1283044K->551820K(1309696K), 0.0044021 secs] [Times: user=0.01 sys=0.00, real=0.00 secs] 
2024-07-05T00:26:52.010+0800: 6471.324: [GC (Allocation Failure) [PSYoungGen: 701568K->96K(673792K)] 1253260K->551796K(1281536K), 0.0031360 secs] [Times: user=0.01 sys=0.00, real=0.00 secs] 
2024-07-05T00:26:52.757+0800: 6472.071: [GC (Allocation Failure) [PSYoungGen: 673376K->160K(647168K)] 1225076K->551868K(1254912K), 0.0046944 secs] [Times: user=0.00 sys=0.00, real=0.00 secs] 
2024-07-05T00:26:53.463+0800: 6472.777: [GC (Allocation Failure) [PSYoungGen: 646816K->128K(621568K)] 1198524K->551844K(1229312K), 0.0033000 secs] [Times: user=0.00 sys=0.00, real=0.01 secs] 
2024-07-05T00:26:54.179+0800: 6473.493: [GC (Allocation Failure) [PSYoungGen: 621184K->224K(596992K)] 1172900K->551948K(1204736K), 0.0027989 secs] [Times: user=0.01 sys=0.00, real=0.00 secs] 
2024-07-05T00:26:54.825+0800: 6474.139: [GC (Allocation Failure) [PSYoungGen: 596704K->160K(573952K)] 1148428K->551892K(1181696K), 0.0029493 secs] [Times: user=0.00 sys=0.00, real=0.01 secs] 
2024-07-05T00:26:55.466+0800: 6474.780: [GC (Allocation Failure) [PSYoungGen: 573600K->128K(551936K)] 1125332K->551868K(1159680K), 0.0039416 secs] [Times: user=0.01 sys=0.00, real=0.00 secs] 
2024-07-05T00:26:56.045+0800: 6475.360: [GC (Allocation Failure) [PSYoungGen: 551552K->192K(530944K)] 1103292K->551940K(1138688K), 0.0029052 secs] [Times: user=0.01 sys=0.00, real=0.01 secs] 
2024-07-05T00:26:56.657+0800: 6475.972: [GC (Allocation Failure) [PSYoungGen: 530624K->224K(510976K)] 1082372K->551980K(1118720K), 0.0028517 secs] [Times: user=0.01 sys=0.00, real=0.00 secs] 
2024-07-05T00:26:57.170+0800: 6476.484: [GC (Allocation Failure) [PSYoungGen: 510688K->160K(561664K)] 1062444K->551924K(1169408K), 0.0049225 secs] [Times: user=0.01 sys=0.00, real=0.01 secs] 
2024-07-05T00:26:57.742+0800: 6477.056: [GC (Allocation Failure) [PSYoungGen: 561312K->208K(618496K)] 1113076K->551980K(1226240K), 0.0039884 secs] [Times: user=0.01 sys=0.00, real=0.01 secs] 
2024-07-05T00:26:58.458+0800: 6477.772: [GC (Allocation Failure) [PSYoungGen: 618192K->192K(679936K)] 1169964K->551972K(1287680K), 0.0039337 secs] [Times: user=0.01 sys=0.00, real=0.00 secs] 
2024-07-05T00:26:59.222+0800: 6478.536: [GC (Allocation Failure) [PSYoungGen: 679616K->192K(747520K)] 1231396K->551980K(1355264K), 0.0045169 secs] [Times: user=0.01 sys=0.00, real=0.01 secs] 
2024-07-05T00:27:00.026+0800: 6479.341: [GC (Allocation Failure) [PSYoungGen: 747200K->224K(817664K)] 1298988K->552020K(1425408K), 0.0028911 secs] [Times: user=0.01 sys=0.00, real=0.00 secs] 
2024-07-05T00:27:00.935+0800: 6480.249: [GC (Allocation Failure) [PSYoungGen: 817376K->192K(783872K)] 1369172K->551988K(1391616K), 0.0028568 secs] [Times: user=0.01 sys=0.00, real=0.00 secs] 
2024-07-05T00:27:01.745+0800: 6481.059: [GC (Allocation Failure) [PSYoungGen: 783552K->128K(751616K)] 1335348K->551932K(1359360K), 0.0030426 secs] [Times: user=0.00 sys=0.00, real=0.01 secs] 
2024-07-05T00:27:02.576+0800: 6481.890: [GC (Allocation Failure) [PSYoungGen: 751232K->224K(720896K)] 1303036K->552036K(1328640K), 0.0028276 secs] [Times: user=0.01 sys=0.00, real=0.00 secs] 
2024-07-05T00:27:03.326+0800: 6482.640: [GC (Allocation Failure) [PSYoungGen: 720608K->128K(691712K)] 1272420K->551948K(1299456K), 0.0046274 secs] [Times: user=0.00 sys=0.00, real=0.00 secs] 
2024-07-05T00:27:04.054+0800: 6483.368: [GC (Allocation Failure) [PSYoungGen: 691328K->128K(754688K)] 1243148K->551956K(1362432K), 0.0047270 secs] [Times: user=0.01 sys=0.00, real=0.00 secs] 
2024-07-05T00:27:04.869+0800: 6484.183: [GC (Allocation Failure) [PSYoungGen: 754304K->224K(723968K)] 1306132K->552060K(1331712K), 0.0028294 secs] [Times: user=0.00 sys=0.00, real=0.00 secs] 
2024-07-05T00:27:05.662+0800: 6484.976: [GC (Allocation Failure) [PSYoungGen: 723680K->256K(694784K)] 1275516K->552100K(1302528K), 0.0027945 secs] [Times: user=0.00 sys=0.00, real=0.00 secs] 
2024-07-05T00:27:06.422+0800: 6485.736: [GC (Allocation Failure) [PSYoungGen: 694528K->256K(667136K)] 1246372K->552108K(1274880K), 0.0047621 secs] [Times: user=0.01 sys=0.00, real=0.01 secs] 
2024-07-05T00:27:07.139+0800: 6486.453: [GC (Allocation Failure) [PSYoungGen: 666880K->192K(640512K)] 1218732K->552052K(1248256K), 0.0027716 secs] [Times: user=0.00 sys=0.00, real=0.00 secs] 
2024-07-05T00:27:07.776+0800: 6487.090: [GC (Allocation Failure) [PSYoungGen: 640192K->192K(615424K)] 1192052K->552060K(1223168K), 0.0029602 secs] [Times: user=0.01 sys=0.00, real=0.00 secs] 
2024-07-05T00:27:08.438+0800: 6487.752: [GC (Allocation Failure) [PSYoungGen: 615104K->256K(591360K)] 1166972K->552132K(1199104K), 0.0028062 secs] [Times: user=0.00 sys=0.00, real=0.00 secs] 
2024-07-05T00:27:09.065+0800: 6488.379: [GC (Allocation Failure) [PSYoungGen: 591104K->192K(568320K)] 1142980K->552076K(1176064K), 0.0029599 secs] [Times: user=0.01 sys=0.00, real=0.01 secs] 
2024-07-05T00:27:09.770+0800: 6489.084: [GC (Allocation Failure) [PSYoungGen: 568000K->128K(619520K)] 1119884K->552020K(1227264K), 0.0046881 secs] [Times: user=0.00 sys=0.00, real=0.01 secs] 
2024-07-05T00:27:10.458+0800: 6489.772: [GC (Allocation Failure) [PSYoungGen: 619136K->128K(595456K)] 1171028K->552028K(1203200K), 0.0029111 secs] [Times: user=0.00 sys=0.00, real=0.00 secs] 
2024-07-05T00:27:11.102+0800: 6490.416: [GC (Allocation Failure) [PSYoungGen: 595072K->128K(651776K)] 1146972K->552036K(1259520K), 0.0047513 secs] [Times: user=0.00 sys=0.00, real=0.01 secs] 
2024-07-05T00:27:11.819+0800: 6491.133: [GC (Allocation Failure) [PSYoungGen: 651392K->256K(710656K)] 1203300K->552172K(1318400K), 0.0027007 secs] [Times: user=0.01 sys=0.00, real=0.00 secs] 
2024-07-05T00:27:12.597+0800: 6491.912: [GC (Allocation Failure) [PSYoungGen: 710400K->128K(681984K)] 1262316K->552052K(1289728K), 0.0028839 secs] [Times: user=0.01 sys=0.00, real=0.00 secs] 
2024-07-05T00:27:13.294+0800: 6492.608: [GC (Allocation Failure) [PSYoungGen: 681600K->160K(654848K)] 1233524K->552092K(1262592K), 0.0038917 secs] [Times: user=0.00 sys=0.00, real=0.01 secs] 
2024-07-05T00:27:14.052+0800: 6493.366: [GC (Allocation Failure) [PSYoungGen: 654496K->176K(714240K)] 1206428K->552116K(1321984K), 0.0043783 secs] [Times: user=0.01 sys=0.00, real=0.01 secs] 
2024-07-05T00:27:14.885+0800: 6494.199: [GC (Allocation Failure) [PSYoungGen: 713904K->160K(778752K)] 1265844K->552108K(1386496K), 0.0041817 secs] [Times: user=0.01 sys=0.00, real=0.01 secs] 
2024-07-05T00:27:15.760+0800: 6495.074: [GC (Allocation Failure) [PSYoungGen: 778400K->192K(747008K)] 1330348K->552148K(1354752K), 0.0030054 secs] [Times: user=0.01 sys=0.00, real=0.00 secs] 
2024-07-05T00:27:16.552+0800: 6495.866: [GC (Allocation Failure) [PSYoungGen: 746688K->192K(716800K)] 1298644K->552156K(1324544K), 0.0029389 secs] [Times: user=0.01 sys=0.00, real=0.01 secs] 
2024-07-05T00:27:17.307+0800: 6496.621: [GC (Allocation Failure) [PSYoungGen: 716480K->256K(688128K)] 1268444K->552228K(1295872K), 0.0041786 secs] [Times: user=0.01 sys=0.00, real=0.00 secs] 
2024-07-05T00:27:18.038+0800: 6497.352: [GC (Allocation Failure) [PSYoungGen: 687872K->256K(660480K)] 1239844K->552236K(1268224K), 0.0030012 secs] [Times: user=0.01 sys=0.00, real=0.00 secs] 
2024-07-05T00:27:18.720+0800: 6498.034: [GC (Allocation Failure) [PSYoungGen: 660224K->224K(634368K)] 1212204K->552212K(1242112K), 0.0035237 secs] [Times: user=0.00 sys=0.00, real=0.00 secs] 
2024-07-05T00:27:19.390+0800: 6498.704: [GC (Allocation Failure) [PSYoungGen: 634080K->192K(609280K)] 1186068K->552188K(1217024K), 0.0027622 secs] [Times: user=0.01 sys=0.00, real=0.00 secs] 
2024-07-05T00:27:20.018+0800: 6499.332: [GC (Allocation Failure) [PSYoungGen: 608960K->160K(585728K)] 1160956K->552164K(1193472K), 0.0039861 secs] [Times: user=0.01 sys=0.00, real=0.00 secs] 
2024-07-05T00:27:20.640+0800: 6499.954: [GC (Allocation Failure) [PSYoungGen: 585376K->224K(563200K)] 1137380K->552236K(1170944K), 0.0028228 secs] [Times: user=0.01 sys=0.00, real=0.00 secs] 
2024-07-05T00:27:21.202+0800: 6500.516: [GC (Allocation Failure) [PSYoungGen: 562912K->192K(617984K)] 1114924K->552212K(1225728K), 0.0048017 secs] [Times: user=0.00 sys=0.00, real=0.01 secs] 
2024-07-05T00:27:21.874+0800: 6501.188: [GC (Allocation Failure) [PSYoungGen: 617664K->192K(678400K)] 1169684K->552228K(1286144K), 0.0040074 secs] [Times: user=0.00 sys=0.00, real=0.00 secs] 
2024-07-05T00:27:22.625+0800: 6501.939: [GC (Allocation Failure) [PSYoungGen: 678080K->160K(741376K)] 1230116K->552204K(1349120K), 0.0028495 secs] [Times: user=0.01 sys=0.00, real=0.01 secs] 
2024-07-05T00:27:23.375+0800: 6502.689: [GC (Allocation Failure) [PSYoungGen: 741024K->128K(711168K)] 1293068K->552180K(1318912K), 0.0026785 secs] [Times: user=0.01 sys=0.00, real=0.00 secs] 
2024-07-05T00:27:24.102+0800: 6503.417: [GC (Allocation Failure) [PSYoungGen: 710784K->192K(682496K)] 1262836K->552244K(1290240K), 0.0040493 secs] [Times: user=0.01 sys=0.00, real=0.01 secs] 
2024-07-05T00:27:24.853+0800: 6504.167: [GC (Allocation Failure) [PSYoungGen: 682176K->256K(655360K)] 1234228K->552316K(1263104K), 0.0027124 secs] [Times: user=0.00 sys=0.00, real=0.01 secs] 
2024-07-05T00:27:25.588+0800: 6504.902: [GC (Allocation Failure) [PSYoungGen: 655104K->160K(629248K)] 1207164K->552228K(1236992K), 0.0027613 secs] [Times: user=0.01 sys=0.00, real=0.00 secs] 
2024-07-05T00:27:26.237+0800: 6505.552: [GC (Allocation Failure) [PSYoungGen: 628896K->192K(604672K)] 1180964K->552268K(1212416K), 0.0029096 secs] [Times: user=0.01 sys=0.00, real=0.00 secs] 
2024-07-05T00:27:26.884+0800: 6506.198: [GC (Allocation Failure) [PSYoungGen: 604352K->224K(581120K)] 1156428K->552308K(1188864K), 0.0030346 secs] [Times: user=0.01 sys=0.00, real=0.01 secs] 
2024-07-05T00:27:27.470+0800: 6506.784: [GC (Allocation Failure) [PSYoungGen: 580832K->160K(558592K)] 1132916K->552244K(1166336K), 0.0028362 secs] [Times: user=0.00 sys=0.00, real=0.00 secs] 
2024-07-05T00:27:28.065+0800: 6507.379: [GC (Allocation Failure) [PSYoungGen: 558240K->192K(537088K)] 1110324K->552284K(1144832K), 0.0027608 secs] [Times: user=0.01 sys=0.00, real=0.01 secs] 
2024-07-05T00:27:28.597+0800: 6507.911: [GC (Allocation Failure) [PSYoungGen: 536768K->208K(516608K)] 1088860K->552308K(1124352K), 0.0030376 secs] [Times: user=0.01 sys=0.00, real=0.00 secs] 
2024-07-05T00:27:29.163+0800: 6508.478: [GC (Allocation Failure) [PSYoungGen: 516304K->160K(497152K)] 1068404K->552268K(1104896K), 0.0030489 secs] [Times: user=0.01 sys=0.00, real=0.01 secs] 
2024-07-05T00:27:29.715+0800: 6509.030: [GC (Allocation Failure) [PSYoungGen: 496800K->128K(543744K)] 1048908K->552244K(1151488K), 0.0038058 secs] [Times: user=0.01 sys=0.00, real=0.00 secs] 
2024-07-05T00:27:30.357+0800: 6509.671: [GC (Allocation Failure) [PSYoungGen: 543360K->224K(594432K)] 1095476K->552340K(1202176K), 0.0031461 secs] [Times: user=0.01 sys=0.00, real=0.00 secs] 
2024-07-05T00:27:31.057+0800: 6510.371: [GC (Allocation Failure) [PSYoungGen: 594144K->160K(571392K)] 1146260K->552284K(1179136K), 0.0028713 secs] [Times: user=0.01 sys=0.00, real=0.00 secs] 
2024-07-05T00:27:31.629+0800: 6510.943: [GC (Allocation Failure) [PSYoungGen: 571040K->144K(627200K)] 1123164K->552276K(1234944K), 0.0049574 secs] [Times: user=0.00 sys=0.00, real=0.00 secs] 
2024-07-05T00:27:32.321+0800: 6511.636: [GC (Allocation Failure) [PSYoungGen: 626832K->160K(688128K)] 1178964K->552300K(1295872K), 0.0039026 secs] [Times: user=0.01 sys=0.00, real=0.00 secs] 
2024-07-05T00:27:33.018+0800: 6512.332: [GC (Allocation Failure) [PSYoungGen: 687776K->96K(753664K)] 1239916K->552244K(1361408K), 0.0034872 secs] [Times: user=0.00 sys=0.00, real=0.00 secs] 
2024-07-05T00:27:33.821+0800: 6513.135: [GC (Allocation Failure) [PSYoungGen: 753248K->160K(821760K)] 1305396K->552316K(1429504K), 0.0028139 secs] [Times: user=0.01 sys=0.00, real=0.00 secs] 
2024-07-05T00:27:34.683+0800: 6513.997: [GC (Allocation Failure) [PSYoungGen: 821408K->128K(787968K)] 1373564K->552292K(1395712K), 0.0027787 secs] [Times: user=0.00 sys=0.00, real=0.01 secs] 
2024-07-05T00:27:35.517+0800: 6514.831: [GC (Allocation Failure) [PSYoungGen: 787584K->160K(755712K)] 1339748K->552332K(1363456K), 0.0040570 secs] [Times: user=0.01 sys=0.00, real=0.00 secs] 
2024-07-05T00:27:36.327+0800: 6515.642: [GC (Allocation Failure) [PSYoungGen: 755360K->192K(724992K)] 1307532K->552372K(1332736K), 0.0029517 secs] [Times: user=0.01 sys=0.00, real=0.00 secs] 
2024-07-05T00:27:37.117+0800: 6516.432: [GC (Allocation Failure) [PSYoungGen: 724672K->192K(695808K)] 1276852K->552388K(1303552K), 0.0048676 secs] [Times: user=0.00 sys=0.00, real=0.00 secs] 
2024-07-05T00:27:37.876+0800: 6517.190: [GC (Allocation Failure) [PSYoungGen: 695488K->192K(667648K)] 1247684K->552396K(1275392K), 0.0028882 secs] [Times: user=0.00 sys=0.00, real=0.00 secs] 
2024-07-05T00:27:38.604+0800: 6517.918: [GC (Allocation Failure) [PSYoungGen: 667328K->160K(641024K)] 1219532K->552372K(1248768K), 0.0041548 secs] [Times: user=0.01 sys=0.00, real=0.01 secs] 
2024-07-05T00:27:39.381+0800: 6518.695: [GC (Allocation Failure) [PSYoungGen: 640672K->160K(615936K)] 1192884K->552380K(1223680K), 0.0034615 secs] [Times: user=0.01 sys=0.00, real=0.00 secs] 
2024-07-05T00:27:40.011+0800: 6519.325: [GC (Allocation Failure) [PSYoungGen: 615584K->176K(672768K)] 1167804K->552404K(1280512K), 0.0041896 secs] [Times: user=0.00 sys=0.00, real=0.01 secs] 
2024-07-05T00:27:40.766+0800: 6520.081: [GC (Allocation Failure) [PSYoungGen: 672432K->256K(646144K)] 1224660K->552492K(1253888K), 0.0026922 secs] [Times: user=0.00 sys=0.00, real=0.00 secs] 
2024-07-05T00:27:41.438+0800: 6520.752: [GC (Allocation Failure) [PSYoungGen: 645888K->160K(620544K)] 1198124K->552404K(1228288K), 0.0039260 secs] [Times: user=0.00 sys=0.00, real=0.00 secs] 
2024-07-05T00:27:42.050+0800: 6521.364: [GC (Allocation Failure) [PSYoungGen: 620192K->96K(678400K)] 1172436K->552348K(1286144K), 0.0038461 secs] [Times: user=0.00 sys=0.00, real=0.01 secs] 
2024-07-05T00:27:42.826+0800: 6522.140: [GC (Allocation Failure) [PSYoungGen: 677984K->144K(741376K)] 1230236K->552404K(1349120K), 0.0039808 secs] [Times: user=0.01 sys=0.00, real=0.00 secs] 
2024-07-05T00:27:43.593+0800: 6522.907: [GC (Allocation Failure) [PSYoungGen: 741008K->192K(812032K)] 1293268K->552460K(1419776K), 0.0049392 secs] [Times: user=0.00 sys=0.00, real=0.01 secs] 
2024-07-05T00:27:44.415+0800: 6523.729: [GC (Allocation Failure) [PSYoungGen: 811712K->192K(778240K)] 1363980K->552468K(1385984K), 0.0029800 secs] [Times: user=0.01 sys=0.00, real=0.00 secs] 
2024-07-05T00:27:45.214+0800: 6524.528: [GC (Allocation Failure) [PSYoungGen: 777920K->176K(850944K)] 1330196K->552460K(1458688K), 0.0050562 secs] [Times: user=0.01 sys=0.00, real=0.00 secs] 
2024-07-05T00:27:46.103+0800: 6525.417: [GC (Allocation Failure) [PSYoungGen: 850608K->128K(930816K)] 1402892K->552420K(1538560K), 0.0048840 secs] [Times: user=0.01 sys=0.00, real=0.01 secs] 
2024-07-05T00:27:47.053+0800: 6526.367: [GC (Allocation Failure) [PSYoungGen: 930432K->224K(891392K)] 1482724K->552524K(1499136K), 0.0029076 secs] [Times: user=0.01 sys=0.00, real=0.01 secs] 
2024-07-05T00:27:47.965+0800: 6527.279: [GC (Allocation Failure) [PSYoungGen: 891104K->160K(854016K)] 1443404K->552468K(1461760K), 0.0027192 secs] [Times: user=0.00 sys=0.00, real=0.01 secs] 
2024-07-05T00:27:48.876+0800: 6528.190: [GC (Allocation Failure) [PSYoungGen: 853664K->192K(818688K)] 1405972K->552500K(1426432K), 0.0027591 secs] [Times: user=0.00 sys=0.00, real=0.00 secs] 
2024-07-05T00:27:49.747+0800: 6529.061: [GC (Allocation Failure) [PSYoungGen: 818368K->224K(784896K)] 1370676K->552540K(1392640K), 0.0027420 secs] [Times: user=0.01 sys=0.00, real=0.00 secs] 
2024-07-05T00:27:50.593+0800: 6529.907: [GC (Allocation Failure) [PSYoungGen: 784608K->224K(752640K)] 1336924K->552548K(1360384K), 0.0028259 secs] [Times: user=0.00 sys=0.00, real=0.01 secs] 
2024-07-05T00:27:51.409+0800: 6530.724: [GC (Allocation Failure) [PSYoungGen: 752352K->224K(721920K)] 1304676K->552556K(1329664K), 0.0028518 secs] [Times: user=0.01 sys=0.00, real=0.00 secs] 
2024-07-05T00:27:52.198+0800: 6531.512: [GC (Allocation Failure) [PSYoungGen: 721632K->96K(692736K)] 1273964K->552436K(1300480K), 0.0028964 secs] [Times: user=0.01 sys=0.00, real=0.00 secs] 
2024-07-05T00:27:52.923+0800: 6532.237: [GC (Allocation Failure) [PSYoungGen: 692320K->160K(665088K)] 1244660K->552508K(1272832K), 0.0030564 secs] [Times: user=0.00 sys=0.00, real=0.01 secs] 
2024-07-05T00:27:53.646+0800: 6532.960: [GC (Allocation Failure) [PSYoungGen: 664736K->240K(638464K)] 1217084K->552596K(1246208K), 0.0054277 secs] [Times: user=0.01 sys=0.00, real=0.00 secs] 
2024-07-05T00:27:54.328+0800: 6533.642: [GC (Allocation Failure) [PSYoungGen: 638192K->160K(613376K)] 1190548K->552524K(1221120K), 0.0030897 secs] [Times: user=0.01 sys=0.00, real=0.00 secs] 
2024-07-05T00:27:55.012+0800: 6534.326: [GC (Allocation Failure) [PSYoungGen: 613024K->160K(589312K)] 1165388K->552532K(1197056K), 0.0039759 secs] [Times: user=0.01 sys=0.00, real=0.01 secs] 
2024-07-05T00:27:55.627+0800: 6534.941: [GC (Allocation Failure) [PSYoungGen: 588960K->192K(566272K)] 1141332K->552572K(1174016K), 0.0029006 secs] [Times: user=0.00 sys=0.00, real=0.00 secs] 
2024-07-05T00:27:56.278+0800: 6535.592: [GC (Allocation Failure) [PSYoungGen: 565952K->160K(620032K)] 1118332K->552548K(1227776K), 0.0048920 secs] [Times: user=0.01 sys=0.00, real=0.00 secs] 
2024-07-05T00:27:56.912+0800: 6536.226: [GC (Allocation Failure) [PSYoungGen: 619680K->160K(679936K)] 1172068K->552556K(1287680K), 0.0039970 secs] [Times: user=0.01 sys=0.00, real=0.01 secs] 
2024-07-05T00:27:57.662+0800: 6536.976: [GC (Allocation Failure) [PSYoungGen: 679584K->192K(743936K)] 1231980K->552596K(1351680K), 0.0034332 secs] [Times: user=0.00 sys=0.00, real=0.01 secs] 
2024-07-05T00:27:58.441+0800: 6537.755: [GC (Allocation Failure) [PSYoungGen: 743616K->160K(814592K)] 1296020K->552572K(1422336K), 0.0045490 secs] [Times: user=0.01 sys=0.00, real=0.00 secs] 
2024-07-05T00:27:59.303+0800: 6538.617: [GC (Allocation Failure) [PSYoungGen: 814240K->256K(780800K)] 1366652K->552676K(1388544K), 0.0027021 secs] [Times: user=0.01 sys=0.00, real=0.00 secs] 
2024-07-05T00:28:00.174+0800: 6539.489: [GC (Allocation Failure) [PSYoungGen: 780544K->256K(748544K)] 1332964K->552684K(1356288K), 0.0028620 secs] [Times: user=0.00 sys=0.00, real=0.00 secs] 
2024-07-05T00:28:01.007+0800: 6540.321: [GC (Allocation Failure) [PSYoungGen: 748288K->224K(718336K)] 1300716K->552660K(1326080K), 0.0028592 secs] [Times: user=0.00 sys=0.00, real=0.00 secs] 
2024-07-05T00:28:01.844+0800: 6541.158: [GC (Allocation Failure) [PSYoungGen: 718048K->224K(689152K)] 1270484K->552668K(1296896K), 0.0028400 secs] [Times: user=0.01 sys=0.00, real=0.01 secs] 
2024-07-05T00:28:02.616+0800: 6541.930: [GC (Allocation Failure) [PSYoungGen: 688864K->160K(661504K)] 1241308K->552612K(1269248K), 0.0028742 secs] [Times: user=0.01 sys=0.00, real=0.00 secs] 
2024-07-05T00:28:03.265+0800: 6542.580: [GC (Allocation Failure) [PSYoungGen: 661152K->144K(635392K)] 1213604K->552604K(1243136K), 0.0038598 secs] [Times: user=0.00 sys=0.00, real=0.01 secs] 
2024-07-05T00:28:03.948+0800: 6543.262: [GC (Allocation Failure) [PSYoungGen: 635024K->224K(610304K)] 1187484K->552692K(1218048K), 0.0040560 secs] [Times: user=0.01 sys=0.00, real=0.00 secs] 
2024-07-05T00:28:04.574+0800: 6543.889: [GC (Allocation Failure) [PSYoungGen: 610016K->256K(586240K)] 1162484K->552724K(1193984K), 0.0027422 secs] [Times: user=0.00 sys=0.00, real=0.00 secs] 
2024-07-05T00:28:05.174+0800: 6544.489: [GC (Allocation Failure) [PSYoungGen: 585984K->224K(563712K)] 1138452K->552700K(1171456K), 0.0029739 secs] [Times: user=0.00 sys=0.00, real=0.00 secs] 
2024-07-05T00:28:05.754+0800: 6545.068: [GC (Allocation Failure) [PSYoungGen: 563424K->128K(616448K)] 1115900K->552604K(1224192K), 0.0043017 secs] [Times: user=0.00 sys=0.00, real=0.00 secs] 
2024-07-05T00:28:06.390+0800: 6545.704: [GC (Allocation Failure) [PSYoungGen: 616064K->224K(592384K)] 1168540K->552708K(1200128K), 0.0027368 secs] [Times: user=0.01 sys=0.00, real=0.00 secs] 
2024-07-05T00:28:07.002+0800: 6546.316: [GC (Allocation Failure) [PSYoungGen: 592096K->96K(647680K)] 1144580K->552580K(1255424K), 0.0037333 secs] [Times: user=0.01 sys=0.00, real=0.01 secs] 
2024-07-05T00:28:07.662+0800: 6546.976: [GC (Allocation Failure) [PSYoungGen: 647264K->192K(710656K)] 1199748K->552684K(1318400K), 0.0047717 secs] [Times: user=0.01 sys=0.00, real=0.01 secs] 
2024-07-05T00:28:08.418+0800: 6547.732: [GC (Allocation Failure) [PSYoungGen: 710336K->224K(779264K)] 1262828K->552716K(1387008K), 0.0041956 secs] [Times: user=0.01 sys=0.00, real=0.00 secs] 
2024-07-05T00:28:09.244+0800: 6548.558: [GC (Allocation Failure) [PSYoungGen: 778976K->160K(850432K)] 1331468K->552660K(1458176K), 0.0027979 secs] [Times: user=0.01 sys=0.00, real=0.01 secs] 
2024-07-05T00:28:10.144+0800: 6549.458: [GC (Allocation Failure) [PSYoungGen: 850080K->256K(815104K)] 1402580K->552764K(1422848K), 0.0043428 secs] [Times: user=0.00 sys=0.00, real=0.01 secs] 
2024-07-05T00:28:11.004+0800: 6550.318: [GC (Allocation Failure) [PSYoungGen: 814848K->160K(781312K)] 1367356K->552676K(1389056K), 0.0041321 secs] [Times: user=0.01 sys=0.00, real=0.01 secs] 
2024-07-05T00:28:11.838+0800: 6551.152: [GC (Allocation Failure) [PSYoungGen: 780960K->160K(852992K)] 1333476K->552684K(1460736K), 0.0048662 secs] [Times: user=0.00 sys=0.00, real=0.00 secs] 
2024-07-05T00:28:12.784+0800: 6552.098: [GC (Allocation Failure) [PSYoungGen: 852640K->160K(817664K)] 1405164K->552692K(1425408K), 0.0028089 secs] [Times: user=0.00 sys=0.00, real=0.01 secs] 
2024-07-05T00:28:13.622+0800: 6552.936: [GC (Allocation Failure) [PSYoungGen: 817312K->160K(783872K)] 1369844K->552692K(1391616K), 0.0028122 secs] [Times: user=0.00 sys=0.00, real=0.00 secs] 
2024-07-05T00:28:14.417+0800: 6553.731: [GC (Allocation Failure) [PSYoungGen: 783520K->192K(751616K)] 1336052K->552732K(1359360K), 0.0026719 secs] [Times: user=0.01 sys=0.00, real=0.00 secs] 
2024-07-05T00:28:15.178+0800: 6554.492: [GC (Allocation Failure) [PSYoungGen: 751296K->192K(720896K)] 1303836K->552732K(1328640K), 0.0030074 secs] [Times: user=0.00 sys=0.00, real=0.00 secs] 
2024-07-05T00:28:15.912+0800: 6555.227: [GC (Allocation Failure) [PSYoungGen: 720576K->208K(691712K)] 1273116K->552756K(1299456K), 0.0038526 secs] [Times: user=0.01 sys=0.00, real=0.01 secs] 
2024-07-05T00:28:16.618+0800: 6555.932: [GC (Allocation Failure) [PSYoungGen: 691408K->192K(664064K)] 1243956K->552740K(1271808K), 0.0030763 secs] [Times: user=0.01 sys=0.00, real=0.00 secs] 
2024-07-05T00:28:17.304+0800: 6556.618: [GC (Allocation Failure) [PSYoungGen: 663744K->160K(637440K)] 1216292K->552716K(1245184K), 0.0029367 secs] [Times: user=0.00 sys=0.00, real=0.01 secs] 
2024-07-05T00:28:17.960+0800: 6557.275: [GC (Allocation Failure) [PSYoungGen: 637088K->160K(612352K)] 1189644K->552716K(1220096K), 0.0049388 secs] [Times: user=0.00 sys=0.00, real=0.00 secs] 
2024-07-05T00:28:18.610+0800: 6557.924: [GC (Allocation Failure) [PSYoungGen: 612000K->128K(668672K)] 1164556K->552692K(1276416K), 0.0036341 secs] [Times: user=0.01 sys=0.00, real=0.01 secs] 
2024-07-05T00:28:19.310+0800: 6558.625: [GC (Allocation Failure) [PSYoungGen: 668288K->192K(731136K)] 1220852K->552756K(1338880K), 0.0042707 secs] [Times: user=0.00 sys=0.00, real=0.01 secs] 
2024-07-05T00:28:20.070+0800: 6559.384: [GC (Allocation Failure) [PSYoungGen: 730816K->192K(800768K)] 1283380K->552764K(1408512K), 0.0045921 secs] [Times: user=0.00 sys=0.00, real=0.01 secs] 
2024-07-05T00:28:20.898+0800: 6560.213: [GC (Allocation Failure) [PSYoungGen: 800448K->256K(768000K)] 1353020K->552836K(1375744K), 0.0027045 secs] [Times: user=0.00 sys=0.00, real=0.00 secs] 
2024-07-05T00:28:21.687+0800: 6561.001: [GC (Allocation Failure) [PSYoungGen: 767744K->192K(736768K)] 1320324K->552772K(1344512K), 0.0042786 secs] [Times: user=0.01 sys=0.00, real=0.00 secs] 
2024-07-05T00:28:22.482+0800: 6561.796: [GC (Allocation Failure) [PSYoungGen: 736448K->192K(707072K)] 1289028K->552780K(1314816K), 0.0028801 secs] [Times: user=0.01 sys=0.00, real=0.00 secs] 
2024-07-05T00:28:23.210+0800: 6562.524: [GC (Allocation Failure) [PSYoungGen: 706752K->224K(678400K)] 1259340K->552820K(1286144K), 0.0027182 secs] [Times: user=0.01 sys=0.00, real=0.00 secs] 
2024-07-05T00:28:23.933+0800: 6563.247: [GC (Allocation Failure) [PSYoungGen: 678112K->160K(651264K)] 1230708K->552764K(1259008K), 0.0048098 secs] [Times: user=0.01 sys=0.00, real=0.01 secs] 
2024-07-05T00:28:24.588+0800: 6563.902: [GC (Allocation Failure) [PSYoungGen: 650912K->256K(625664K)] 1203516K->552860K(1233408K), 0.0029253 secs] [Times: user=0.00 sys=0.00, real=0.00 secs] 
2024-07-05T00:28:25.228+0800: 6564.542: [GC (Allocation Failure) [PSYoungGen: 625408K->256K(601088K)] 1178012K->552868K(1208832K), 0.0028830 secs] [Times: user=0.00 sys=0.00, real=0.00 secs] 
2024-07-05T00:28:25.886+0800: 6565.200: [GC (Allocation Failure) [PSYoungGen: 600832K->192K(577536K)] 1153444K->552812K(1185280K), 0.0029307 secs] [Times: user=0.00 sys=0.00, real=0.00 secs] 
2024-07-05T00:28:26.471+0800: 6565.785: [GC (Allocation Failure) [PSYoungGen: 577216K->224K(631296K)] 1129836K->552844K(1239040K), 0.0042210 secs] [Times: user=0.00 sys=0.00, real=0.01 secs] 
2024-07-05T00:28:27.198+0800: 6566.512: [GC (Allocation Failure) [PSYoungGen: 631008K->144K(692224K)] 1183628K->552772K(1299968K), 0.0050966 secs] [Times: user=0.00 sys=0.00, real=0.00 secs] 
2024-07-05T00:28:27.990+0800: 6567.304: [GC (Allocation Failure) [PSYoungGen: 691856K->256K(755712K)] 1244484K->552884K(1363456K), 0.0027736 secs] [Times: user=0.01 sys=0.00, real=0.00 secs] 
2024-07-05T00:28:28.774+0800: 6568.089: [GC (Allocation Failure) [PSYoungGen: 755456K->160K(724992K)] 1308084K->552796K(1332736K), 0.0028048 secs] [Times: user=0.00 sys=0.00, real=0.00 secs] 
2024-07-05T00:28:29.550+0800: 6568.864: [GC (Allocation Failure) [PSYoungGen: 724640K->224K(695808K)] 1277276K->552868K(1303552K), 0.0043776 secs] [Times: user=0.01 sys=0.00, real=0.01 secs] 
2024-07-05T00:28:30.264+0800: 6569.578: [GC (Allocation Failure) [PSYoungGen: 695520K->160K(667648K)] 1248164K->552812K(1275392K), 0.0027253 secs] [Times: user=0.01 sys=0.00, real=0.01 secs] 
2024-07-05T00:28:30.955+0800: 6570.270: [GC (Allocation Failure) [PSYoungGen: 667296K->160K(641024K)] 1219948K->552820K(1248768K), 0.0041183 secs] [Times: user=0.01 sys=0.00, real=0.00 secs] 
2024-07-05T00:28:31.611+0800: 6570.925: [GC (Allocation Failure) [PSYoungGen: 640672K->192K(615936K)] 1193332K->552852K(1223680K), 0.0028927 secs] [Times: user=0.00 sys=0.00, real=0.01 secs] 
2024-07-05T00:28:32.256+0800: 6571.570: [GC (Allocation Failure) [PSYoungGen: 615616K->160K(591872K)] 1168276K->552828K(1199616K), 0.0029302 secs] [Times: user=0.00 sys=0.00, real=0.00 secs] 
2024-07-05T00:28:32.902+0800: 6572.217: [GC (Allocation Failure) [PSYoungGen: 591520K->192K(568832K)] 1144188K->552868K(1176576K), 0.0028204 secs] [Times: user=0.01 sys=0.00, real=0.00 secs] 
2024-07-05T00:28:33.513+0800: 6572.828: [GC (Allocation Failure) [PSYoungGen: 568512K->192K(546816K)] 1121188K->552868K(1154560K), 0.0029526 secs] [Times: user=0.01 sys=0.00, real=0.01 secs] 
2024-07-05T00:28:34.106+0800: 6573.420: [GC (Allocation Failure) [PSYoungGen: 546496K->256K(525824K)] 1099172K->552940K(1133568K), 0.0028119 secs] [Times: user=0.00 sys=0.00, real=0.00 secs] 
2024-07-05T00:28:34.654+0800: 6573.968: [GC (Allocation Failure) [PSYoungGen: 525568K->160K(505856K)] 1078252K->552844K(1113600K), 0.0027680 secs] [Times: user=0.01 sys=0.00, real=0.00 secs] 
2024-07-05T00:28:35.208+0800: 6574.522: [GC (Allocation Failure) [PSYoungGen: 505504K->160K(486912K)] 1058188K->552852K(1094656K), 0.0028273 secs] [Times: user=0.01 sys=0.00, real=0.00 secs] 
2024-07-05T00:28:35.706+0800: 6575.020: [GC (Allocation Failure) [PSYoungGen: 486560K->256K(468992K)] 1039252K->552956K(1076736K), 0.0027523 secs] [Times: user=0.00 sys=0.00, real=0.00 secs] 
2024-07-05T00:28:36.194+0800: 6575.508: [GC (Allocation Failure) [PSYoungGen: 468736K->224K(512512K)] 1021436K->552932K(1120256K), 0.0031145 secs] [Times: user=0.00 sys=0.00, real=0.00 secs] 
2024-07-05T00:28:36.738+0800: 6576.052: [GC (Allocation Failure) [PSYoungGen: 512224K->96K(561152K)] 1064932K->552812K(1168896K), 0.0036148 secs] [Times: user=0.00 sys=0.00, real=0.00 secs] 
2024-07-05T00:28:37.362+0800: 6576.676: [GC (Allocation Failure) [PSYoungGen: 560736K->224K(613376K)] 1113452K->552948K(1221120K), 0.0029561 secs] [Times: user=0.00 sys=0.00, real=0.00 secs] 
2024-07-05T00:28:38.038+0800: 6577.352: [GC (Allocation Failure) [PSYoungGen: 613088K->224K(589312K)] 1165812K->552956K(1197056K), 0.0029717 secs] [Times: user=0.01 sys=0.00, real=0.00 secs] 
2024-07-05T00:28:38.674+0800: 6577.988: [GC (Allocation Failure) [PSYoungGen: 589024K->160K(646144K)] 1141756K->552892K(1253888K), 0.0049550 secs] [Times: user=0.00 sys=0.00, real=0.00 secs] 
2024-07-05T00:28:39.406+0800: 6578.720: [GC (Allocation Failure) [PSYoungGen: 645792K->112K(710144K)] 1198524K->552852K(1317888K), 0.0051635 secs] [Times: user=0.01 sys=0.00, real=0.00 secs] 
2024-07-05T00:28:40.194+0800: 6579.508: [GC (Allocation Failure) [PSYoungGen: 709744K->96K(781824K)] 1262484K->552844K(1389568K), 0.0054046 secs] [Times: user=0.01 sys=0.00, real=0.00 secs] 
2024-07-05T00:28:41.060+0800: 6580.375: [GC (Allocation Failure) [PSYoungGen: 781408K->96K(856576K)] 1334156K->552852K(1464320K), 0.0033182 secs] [Times: user=0.00 sys=0.00, real=0.00 secs] 
2024-07-05T00:28:42.010+0800: 6581.324: [GC (Allocation Failure) [PSYoungGen: 856160K->112K(937472K)] 1408916K->552876K(1545216K), 0.0048474 secs] [Times: user=0.01 sys=0.00, real=0.01 secs] 
2024-07-05T00:28:43.024+0800: 6582.338: [GC (Allocation Failure) [PSYoungGen: 937072K->128K(898048K)] 1489836K->552892K(1505792K), 0.0040586 secs] [Times: user=0.01 sys=0.00, real=0.01 secs] 
2024-07-05T00:28:43.987+0800: 6583.302: [GC (Allocation Failure) [PSYoungGen: 897664K->176K(860160K)] 1450428K->552948K(1467904K), 0.0040425 secs] [Times: user=0.00 sys=0.00, real=0.00 secs] 
2024-07-05T00:28:44.931+0800: 6584.245: [GC (Allocation Failure) [PSYoungGen: 859824K->192K(824320K)] 1412596K->552964K(1432064K), 0.0029532 secs] [Times: user=0.00 sys=0.00, real=0.01 secs] 
2024-07-05T00:28:45.918+0800: 6585.232: [GC (Allocation Failure) [PSYoungGen: 824000K->192K(790016K)] 1376772K->552972K(1397760K), 0.0035646 secs] [Times: user=0.00 sys=0.00, real=0.00 secs] 
2024-07-05T00:28:46.761+0800: 6586.075: [GC (Allocation Failure) [PSYoungGen: 789696K->256K(757760K)] 1342476K->553044K(1365504K), 0.0028379 secs] [Times: user=0.01 sys=0.00, real=0.00 secs] 
2024-07-05T00:28:47.566+0800: 6586.880: [GC (Allocation Failure) [PSYoungGen: 757504K->112K(727040K)] 1310292K->552900K(1334784K), 0.0046121 secs] [Times: user=0.00 sys=0.00, real=0.00 secs] 
2024-07-05T00:28:48.310+0800: 6587.624: [GC (Allocation Failure) [PSYoungGen: 726640K->192K(697856K)] 1279428K->552988K(1305600K), 0.0029487 secs] [Times: user=0.00 sys=0.00, real=0.00 secs] 
2024-07-05T00:28:49.047+0800: 6588.362: [GC (Allocation Failure) [PSYoungGen: 697536K->224K(669696K)] 1250332K->553020K(1277440K), 0.0029228 secs] [Times: user=0.01 sys=0.00, real=0.00 secs] 
2024-07-05T00:28:49.742+0800: 6589.056: [GC (Allocation Failure) [PSYoungGen: 669408K->192K(643072K)] 1222204K->552996K(1250816K), 0.0030031 secs] [Times: user=0.00 sys=0.00, real=0.00 secs] 
2024-07-05T00:28:50.430+0800: 6589.744: [GC (Allocation Failure) [PSYoungGen: 642752K->192K(617472K)] 1195556K->552996K(1225216K), 0.0028548 secs] [Times: user=0.00 sys=0.00, real=0.00 secs] 
2024-07-05T00:28:51.045+0800: 6590.360: [GC (Allocation Failure) [PSYoungGen: 617152K->192K(593408K)] 1169956K->553004K(1201152K), 0.0028939 secs] [Times: user=0.00 sys=0.00, real=0.01 secs] 
2024-07-05T00:28:51.653+0800: 6590.967: [GC (Allocation Failure) [PSYoungGen: 593088K->224K(570368K)] 1145900K->553036K(1178112K), 0.0027603 secs] [Times: user=0.01 sys=0.00, real=0.01 secs] 
2024-07-05T00:28:52.268+0800: 6591.582: [GC (Allocation Failure) [PSYoungGen: 570080K->256K(548352K)] 1122892K->553076K(1156096K), 0.0027400 secs] [Times: user=0.00 sys=0.00, real=0.00 secs] 
2024-07-05T00:28:52.826+0800: 6592.140: [GC (Allocation Failure) [PSYoungGen: 548096K->112K(527360K)] 1100916K->552940K(1135104K), 0.0035009 secs] [Times: user=0.00 sys=0.00, real=0.00 secs] 
2024-07-05T00:28:53.374+0800: 6592.688: [GC (Allocation Failure) [PSYoungGen: 526960K->192K(507392K)] 1079788K->553020K(1115136K), 0.0026798 secs] [Times: user=0.01 sys=0.00, real=0.00 secs] 
2024-07-05T00:28:53.902+0800: 6593.216: [GC (Allocation Failure) [PSYoungGen: 507072K->112K(557056K)] 1059900K->552948K(1164800K), 0.0047499 secs] [Times: user=0.00 sys=0.00, real=0.01 secs] 
2024-07-05T00:28:54.499+0800: 6593.813: [GC (Allocation Failure) [PSYoungGen: 556656K->128K(610304K)] 1109492K->552972K(1218048K), 0.0029943 secs] [Times: user=0.00 sys=0.00, real=0.00 secs] 
2024-07-05T00:28:55.163+0800: 6594.477: [GC (Allocation Failure) [PSYoungGen: 609920K->256K(668672K)] 1162764K->553108K(1276416K), 0.0036616 secs] [Times: user=0.00 sys=0.00, real=0.01 secs] 
2024-07-05T00:28:55.906+0800: 6595.220: [GC (Allocation Failure) [PSYoungGen: 668416K->208K(732160K)] 1221268K->553060K(1339904K), 0.0040155 secs] [Times: user=0.01 sys=0.00, real=0.00 secs] 
2024-07-05T00:28:56.705+0800: 6596.019: [GC (Allocation Failure) [PSYoungGen: 731856K->128K(799232K)] 1284708K->552988K(1406976K), 0.0034025 secs] [Times: user=0.01 sys=0.00, real=0.01 secs] 
2024-07-05T00:28:57.586+0800: 6596.900: [GC (Allocation Failure) [PSYoungGen: 798848K->256K(766464K)] 1351708K->553124K(1374208K), 0.0030260 secs] [Times: user=0.00 sys=0.00, real=0.00 secs] 
2024-07-05T00:28:58.407+0800: 6597.721: [GC (Allocation Failure) [PSYoungGen: 766208K->192K(735232K)] 1319076K->553060K(1342976K), 0.0027165 secs] [Times: user=0.00 sys=0.00, real=0.00 secs] 
2024-07-05T00:28:59.175+0800: 6598.489: [GC (Allocation Failure) [PSYoungGen: 734912K->96K(705536K)] 1287780K->552972K(1313280K), 0.0045302 secs] [Times: user=0.00 sys=0.00, real=0.00 secs] 
2024-07-05T00:28:59.922+0800: 6599.236: [GC (Allocation Failure) [PSYoungGen: 705120K->128K(677376K)] 1257996K->553012K(1285120K), 0.0038375 secs] [Times: user=0.01 sys=0.00, real=0.01 secs] 
2024-07-05T00:29:00.653+0800: 6599.967: [GC (Allocation Failure) [PSYoungGen: 676992K->160K(739840K)] 1229876K->553052K(1347584K), 0.0046315 secs] [Times: user=0.00 sys=0.00, real=0.01 secs] 
2024-07-05T00:29:01.434+0800: 6600.748: [GC (Allocation Failure) [PSYoungGen: 739488K->224K(709632K)] 1292380K->553124K(1317376K), 0.0027730 secs] [Times: user=0.01 sys=0.00, real=0.00 secs] 
2024-07-05T00:29:02.199+0800: 6601.513: [GC (Allocation Failure) [PSYoungGen: 709344K->176K(680960K)] 1262244K->553084K(1288704K), 0.0044641 secs] [Times: user=0.01 sys=0.00, real=0.00 secs] 
2024-07-05T00:29:02.897+0800: 6602.211: [GC (Allocation Failure) [PSYoungGen: 680624K->208K(653824K)] 1233532K->553132K(1261568K), 0.0031122 secs] [Times: user=0.01 sys=0.00, real=0.00 secs] 
2024-07-05T00:29:03.571+0800: 6602.885: [GC (Allocation Failure) [PSYoungGen: 653520K->192K(627712K)] 1206444K->553124K(1235456K), 0.0028459 secs] [Times: user=0.01 sys=0.00, real=0.00 secs] 
2024-07-05T00:29:04.258+0800: 6603.572: [GC (Allocation Failure) [PSYoungGen: 627392K->112K(603136K)] 1180324K->553052K(1210880K), 0.0035771 secs] [Times: user=0.01 sys=0.00, real=0.00 secs] 
2024-07-05T00:29:04.870+0800: 6604.184: [GC (Allocation Failure) [PSYoungGen: 602736K->192K(579584K)] 1155676K->553140K(1187328K), 0.0028436 secs] [Times: user=0.01 sys=0.00, real=0.00 secs] 
2024-07-05T00:29:05.485+0800: 6604.799: [GC (Allocation Failure) [PSYoungGen: 579264K->128K(557056K)] 1132212K->553076K(1164800K), 0.0028247 secs] [Times: user=0.01 sys=0.00, real=0.01 secs] 
2024-07-05T00:29:06.044+0800: 6605.358: [GC (Allocation Failure) [PSYoungGen: 556672K->192K(535552K)] 1109620K->553148K(1143296K), 0.0029026 secs] [Times: user=0.00 sys=0.00, real=0.01 secs] 
2024-07-05T00:29:06.634+0800: 6605.948: [GC (Allocation Failure) [PSYoungGen: 535232K->96K(585216K)] 1088188K->553060K(1192960K), 0.0040430 secs] [Times: user=0.00 sys=0.00, real=0.00 secs] 
2024-07-05T00:29:07.206+0800: 6606.520: [GC (Allocation Failure) [PSYoungGen: 584800K->256K(638976K)] 1137764K->553228K(1246720K), 0.0028263 secs] [Times: user=0.00 sys=0.00, real=0.01 secs] 
2024-07-05T00:29:07.899+0800: 6607.213: [GC (Allocation Failure) [PSYoungGen: 638720K->192K(613888K)] 1191692K->553172K(1221632K), 0.0027745 secs] [Times: user=0.01 sys=0.00, real=0.00 secs] 
2024-07-05T00:29:08.511+0800: 6607.826: [GC (Allocation Failure) [PSYoungGen: 613568K->160K(589824K)] 1166548K->553148K(1197568K), 0.0027434 secs] [Times: user=0.00 sys=0.00, real=0.01 secs] 
2024-07-05T00:29:09.158+0800: 6608.472: [GC (Allocation Failure) [PSYoungGen: 589472K->144K(667648K)] 1142460K->553140K(1275392K), 0.0218397 secs] [Times: user=0.01 sys=0.00, real=0.02 secs] 
2024-07-05T00:29:09.943+0800: 6609.257: [GC (Allocation Failure) [PSYoungGen: 667280K->224K(749568K)] 1220276K->553228K(1357312K), 0.0028171 secs] [Times: user=0.01 sys=0.00, real=0.01 secs] 
2024-07-05T00:29:10.780+0800: 6610.095: [GC (Allocation Failure) [PSYoungGen: 749280K->224K(836608K)] 1302284K->553236K(1444352K), 0.0037870 secs] [Times: user=0.00 sys=0.00, real=0.00 secs] 
2024-07-05T00:29:11.687+0800: 6611.001: [GC (Allocation Failure) [PSYoungGen: 836320K->256K(926208K)] 1389332K->553276K(1533952K), 0.0027230 secs] [Times: user=0.01 sys=0.00, real=0.00 secs] 
2024-07-05T00:29:12.669+0800: 6611.983: [GC (Allocation Failure) [PSYoungGen: 925952K->160K(1017856K)] 1478972K->553188K(1625600K), 0.0028750 secs] [Times: user=0.00 sys=0.00, real=0.00 secs] 
2024-07-05T00:29:13.795+0800: 6613.109: [GC (Allocation Failure) [PSYoungGen: 1017504K->192K(1020416K)] 1570532K->553228K(1628160K), 0.0039662 secs] [Times: user=0.00 sys=0.00, real=0.00 secs] 
2024-07-05T00:29:14.837+0800: 6614.152: [GC (Allocation Failure) [PSYoungGen: 1020096K->160K(976896K)] 1573132K->553196K(1584640K), 0.0039926 secs] [Times: user=0.00 sys=0.00, real=0.00 secs] 
2024-07-05T00:29:15.950+0800: 6615.264: [GC (Allocation Failure) [PSYoungGen: 976544K->224K(935424K)] 1529580K->553260K(1543168K), 0.0049446 secs] [Times: user=0.01 sys=0.00, real=0.01 secs] 
2024-07-05T00:29:16.923+0800: 6616.237: [GC (Allocation Failure) [PSYoungGen: 935136K->192K(896000K)] 1488172K->553228K(1503744K), 0.0028498 secs] [Times: user=0.01 sys=0.00, real=0.00 secs] 
2024-07-05T00:29:17.930+0800: 6617.244: [GC (Allocation Failure) [PSYoungGen: 895680K->192K(858624K)] 1448716K->553228K(1466368K), 0.0028117 secs] [Times: user=0.00 sys=0.00, real=0.00 secs] 
2024-07-05T00:29:18.835+0800: 6618.149: [GC (Allocation Failure) [PSYoungGen: 858304K->192K(822784K)] 1411340K->553236K(1430528K), 0.0043362 secs] [Times: user=0.00 sys=0.00, real=0.00 secs] 
2024-07-05T00:29:19.715+0800: 6619.029: [GC (Allocation Failure) [PSYoungGen: 822464K->256K(788480K)] 1375508K->553308K(1396224K), 0.0029611 secs] [Times: user=0.00 sys=0.00, real=0.00 secs] 
2024-07-05T00:29:20.570+0800: 6619.885: [GC (Allocation Failure) [PSYoungGen: 788224K->192K(756224K)] 1341276K->553252K(1363968K), 0.0028325 secs] [Times: user=0.00 sys=0.00, real=0.00 secs] 
2024-07-05T00:29:21.389+0800: 6620.703: [GC (Allocation Failure) [PSYoungGen: 755904K->192K(725504K)] 1308964K->553260K(1333248K), 0.0030065 secs] [Times: user=0.01 sys=0.00, real=0.00 secs] 
2024-07-05T00:29:22.195+0800: 6621.509: [GC (Allocation Failure) [PSYoungGen: 725184K->160K(696320K)] 1278252K->553236K(1304064K), 0.0031568 secs] [Times: user=0.00 sys=0.00, real=0.00 secs] 
2024-07-05T00:29:22.967+0800: 6622.282: [GC (Allocation Failure) [PSYoungGen: 695968K->160K(668160K)] 1249044K->553244K(1275904K), 0.0028365 secs] [Times: user=0.01 sys=0.00, real=0.00 secs] 
2024-07-05T00:29:23.611+0800: 6622.925: [GC (Allocation Failure) [PSYoungGen: 667808K->224K(641536K)] 1220892K->553316K(1249280K), 0.0027363 secs] [Times: user=0.00 sys=0.00, real=0.01 secs] 
2024-07-05T00:29:24.317+0800: 6623.631: [GC (Allocation Failure) [PSYoungGen: 641248K->160K(616448K)] 1194340K->553260K(1224192K), 0.0034249 secs] [Times: user=0.01 sys=0.00, real=0.00 secs] 
2024-07-05T00:29:25.025+0800: 6624.340: [GC (Allocation Failure) [PSYoungGen: 616096K->192K(592384K)] 1169196K->553300K(1200128K), 0.0029198 secs] [Times: user=0.00 sys=0.00, real=0.01 secs] 
2024-07-05T00:29:25.633+0800: 6624.948: [GC (Allocation Failure) [PSYoungGen: 592064K->240K(569344K)] 1145172K->553356K(1177088K), 0.0040520 secs] [Times: user=0.00 sys=0.00, real=0.01 secs] 
2024-07-05T00:29:26.284+0800: 6625.598: [GC (Allocation Failure) [PSYoungGen: 569072K->128K(547328K)] 1122188K->553252K(1155072K), 0.0027386 secs] [Times: user=0.01 sys=0.00, real=0.01 secs] 
2024-07-05T00:29:26.839+0800: 6626.153: [GC (Allocation Failure) [PSYoungGen: 546944K->224K(526336K)] 1100068K->553356K(1134080K), 0.0028182 secs] [Times: user=0.00 sys=0.00, real=0.00 secs] 
2024-07-05T00:29:27.364+0800: 6626.678: [GC (Allocation Failure) [PSYoungGen: 526048K->224K(506368K)] 1079180K->553364K(1114112K), 0.0027939 secs] [Times: user=0.00 sys=0.00, real=0.01 secs] 
2024-07-05T00:29:27.941+0800: 6627.255: [GC (Allocation Failure) [PSYoungGen: 506080K->160K(487424K)] 1059220K->553308K(1095168K), 0.0029573 secs] [Times: user=0.01 sys=0.00, real=0.00 secs] 
2024-07-05T00:29:28.443+0800: 6627.758: [GC (Allocation Failure) [PSYoungGen: 487072K->192K(469504K)] 1040220K->553348K(1077248K), 0.0028858 secs] [Times: user=0.01 sys=0.00, real=0.01 secs] 
2024-07-05T00:29:28.921+0800: 6628.235: [GC (Allocation Failure) [PSYoungGen: 469184K->256K(517120K)] 1022340K->553420K(1124864K), 0.0047763 secs] [Times: user=0.00 sys=0.00, real=0.00 secs] 
2024-07-05T00:29:29.470+0800: 6628.784: [GC (Allocation Failure) [PSYoungGen: 516864K->160K(568832K)] 1070028K->553332K(1176576K), 0.0030321 secs] [Times: user=0.01 sys=0.00, real=0.00 secs] 
2024-07-05T00:29:30.116+0800: 6629.431: [GC (Allocation Failure) [PSYoungGen: 568480K->256K(623616K)] 1121652K->553436K(1231360K), 0.0029406 secs] [Times: user=0.01 sys=0.00, real=0.00 secs] 
2024-07-05T00:29:30.753+0800: 6630.068: [GC (Allocation Failure) [PSYoungGen: 623360K->128K(681472K)] 1176540K->553316K(1289216K), 0.0026836 secs] [Times: user=0.00 sys=0.00, real=0.01 secs] 
2024-07-05T00:29:31.469+0800: 6630.783: [GC (Allocation Failure) [PSYoungGen: 681088K->160K(744960K)] 1234276K->553356K(1352704K), 0.0039444 secs] [Times: user=0.01 sys=0.00, real=0.00 secs] 
2024-07-05T00:29:32.290+0800: 6631.604: [GC (Allocation Failure) [PSYoungGen: 744608K->128K(816640K)] 1297804K->553332K(1424384K), 0.0055448 secs] [Times: user=0.00 sys=0.00, real=0.01 secs] 
2024-07-05T00:29:33.171+0800: 6632.485: [GC (Allocation Failure) [PSYoungGen: 816256K->192K(782848K)] 1369460K->553404K(1390592K), 0.0027674 secs] [Times: user=0.00 sys=0.00, real=0.01 secs] 
2024-07-05T00:29:34.071+0800: 6633.385: [GC (Allocation Failure) [PSYoungGen: 782528K->192K(750592K)] 1335740K->553412K(1358336K), 0.0032181 secs] [Times: user=0.00 sys=0.00, real=0.01 secs] 
2024-07-05T00:29:34.965+0800: 6634.279: [GC (Allocation Failure) [PSYoungGen: 750272K->160K(719872K)] 1303492K->553388K(1327616K), 0.0040781 secs] [Times: user=0.00 sys=0.00, real=0.01 secs] 
2024-07-05T00:29:35.829+0800: 6635.144: [GC (Allocation Failure) [PSYoungGen: 719520K->192K(690688K)] 1272748K->553420K(1298432K), 0.0028412 secs] [Times: user=0.01 sys=0.00, real=0.00 secs] 
2024-07-05T00:29:36.521+0800: 6635.836: [GC (Allocation Failure) [PSYoungGen: 690368K->128K(663040K)] 1243596K->553364K(1270784K), 0.0028113 secs] [Times: user=0.00 sys=0.00, real=0.00 secs] 
2024-07-05T00:29:37.236+0800: 6636.551: [GC (Allocation Failure) [PSYoungGen: 662656K->224K(636928K)] 1215892K->553460K(1244672K), 0.0028400 secs] [Times: user=0.00 sys=0.00, real=0.00 secs] 
2024-07-05T00:29:37.928+0800: 6637.242: [GC (Allocation Failure) [PSYoungGen: 636640K->128K(611840K)] 1189876K->553372K(1219584K), 0.0036531 secs] [Times: user=0.01 sys=0.00, real=0.00 secs] 
2024-07-05T00:29:38.526+0800: 6637.840: [GC (Allocation Failure) [PSYoungGen: 611456K->192K(587776K)] 1164700K->553444K(1195520K), 0.0028240 secs] [Times: user=0.00 sys=0.00, real=0.00 secs] 
2024-07-05T00:29:39.313+0800: 6638.627: [GC (Allocation Failure) [PSYoungGen: 587456K->96K(565248K)] 1140708K->553356K(1172992K), 0.0028232 secs] [Times: user=0.01 sys=0.00, real=0.01 secs] 
2024-07-05T00:29:41.110+0800: 6640.424: [GC (Allocation Failure) [PSYoungGen: 564832K->480K(543744K)] 1118092K->557029K(1151488K), 0.0082339 secs] [Times: user=0.01 sys=0.01, real=0.01 secs] 
2024-07-05T00:29:42.138+0800: 6641.453: [GC (Allocation Failure) [PSYoungGen: 543712K->494K(523264K)] 1100261K->559362K(1131008K), 0.0058664 secs] [Times: user=0.01 sys=0.00, real=0.00 secs] 
2024-07-05T00:29:42.990+0800: 6642.304: [GC (Allocation Failure) [PSYoungGen: 523246K->1618K(576000K)] 1082114K->560494K(1183744K), 0.0073896 secs] [Times: user=0.01 sys=0.00, real=0.01 secs] 
2024-07-05T00:29:43.964+0800: 6643.278: [GC (Allocation Failure) [PSYoungGen: 575058K->2528K(631296K)] 1133934K->561870K(1239040K), 0.0054185 secs] [Times: user=0.01 sys=0.00, real=0.01 secs] 
2024-07-05T00:29:44.962+0800: 6644.277: [GC (Allocation Failure) [PSYoungGen: 631264K->3546K(692224K)] 1190606K->562896K(1299968K), 0.0054699 secs] [Times: user=0.01 sys=0.00, real=0.01 secs] 
2024-07-05T00:29:45.983+0800: 6645.298: [GC (Allocation Failure) [PSYoungGen: 692186K->1535K(758272K)] 1251536K->562868K(1366016K), 0.0075574 secs] [Times: user=0.01 sys=0.00, real=0.01 secs] 
2024-07-05T00:29:47.114+0800: 6646.428: [GC (Allocation Failure) [PSYoungGen: 758271K->3912K(835072K)] 1319604K->565253K(1442816K), 0.0061757 secs] [Times: user=0.01 sys=0.00, real=0.01 secs] 
2024-07-05T00:29:48.385+0800: 6647.700: [GC (Allocation Failure) [PSYoungGen: 834888K->3978K(914432K)] 1396229K->565326K(1522176K), 0.0061898 secs] [Times: user=0.01 sys=0.00, real=0.01 secs] 
2024-07-05T00:29:49.845+0800: 6649.159: [GC (Allocation Failure) [PSYoungGen: 914314K->4095K(1004544K)] 1475662K->565452K(1612288K), 0.0106826 secs] [Times: user=0.01 sys=0.00, real=0.02 secs] 
2024-07-05T00:29:51.362+0800: 6650.676: [GC (Allocation Failure) [PSYoungGen: 1004543K->3558K(1007616K)] 1565900K->565295K(1615360K), 0.0058102 secs] [Times: user=0.01 sys=0.00, real=0.01 secs] 
2024-07-05T00:29:52.827+0800: 6652.142: [GC (Allocation Failure) [PSYoungGen: 1007590K->4529K(965632K)] 1569327K->566274K(1573376K), 0.0060150 secs] [Times: user=0.01 sys=0.00, real=0.00 secs] 
2024-07-05T00:29:54.271+0800: 6653.585: [GC (Allocation Failure) [PSYoungGen: 965553K->2530K(922624K)] 1527298K->566192K(1530368K), 0.0065670 secs] [Times: user=0.01 sys=0.00, real=0.01 secs] 
2024-07-05T00:29:55.667+0800: 6654.981: [GC (Allocation Failure) [PSYoungGen: 922594K->4800K(1004032K)] 1486256K->568748K(1611776K), 0.0091625 secs] [Times: user=0.01 sys=0.00, real=0.01 secs] 
2024-07-05T00:29:57.172+0800: 6656.487: [GC (Allocation Failure) [PSYoungGen: 1001664K->4704K(1013248K)] 1565612K->568660K(1620992K), 0.0079411 secs] [Times: user=0.01 sys=0.01, real=0.01 secs] 
2024-07-05T00:29:58.632+0800: 6657.946: [GC (Allocation Failure) [PSYoungGen: 1010272K->4667K(967680K)] 1574228K->568623K(1575424K), 0.0073021 secs] [Times: user=0.01 sys=0.00, real=0.01 secs] 
2024-07-05T00:30:00.122+0800: 6659.436: [GC (Allocation Failure) [PSYoungGen: 967227K->3048K(1006080K)] 1531183K->568575K(1613824K), 0.0092495 secs] [Times: user=0.01 sys=0.01, real=0.01 secs] 
2024-07-05T00:30:01.678+0800: 6660.992: [GC (Allocation Failure) [PSYoungGen: 1006056K->4659K(1010688K)] 1571583K->570872K(1618432K), 0.0102959 secs] [Times: user=0.01 sys=0.00, real=0.01 secs] 
2024-07-05T00:30:03.229+0800: 6662.543: [GC (Allocation Failure) [PSYoungGen: 1007667K->4285K(1040896K)] 1573880K->570538K(1648640K), 0.0076587 secs] [Times: user=0.02 sys=0.00, real=0.01 secs] 
2024-07-05T00:30:04.762+0800: 6664.076: [GC (Allocation Failure) [PSYoungGen: 1037501K->4797K(1040896K)] 1603754K->571051K(1648640K), 0.0075477 secs] [Times: user=0.01 sys=0.01, real=0.01 secs] 
2024-07-05T00:30:06.343+0800: 6665.657: [GC (Allocation Failure) [PSYoungGen: 1038013K->4805K(993792K)] 1604267K->571059K(1601536K), 0.0065425 secs] [Times: user=0.01 sys=0.00, real=0.01 secs] 
2024-07-05T00:30:07.886+0800: 6667.200: [GC (Allocation Failure) [PSYoungGen: 993477K->4192K(951296K)] 1559731K->570944K(1559040K), 0.0074954 secs] [Times: user=0.01 sys=0.01, real=0.01 secs] 
2024-07-05T00:30:09.313+0800: 6668.627: [GC (Allocation Failure) [PSYoungGen: 950880K->2324K(1033728K)] 1517632K->569420K(1641472K), 0.0108446 secs] [Times: user=0.03 sys=0.00, real=0.01 secs] 
2024-07-05T00:30:10.772+0800: 6670.086: [GC (Allocation Failure) [PSYoungGen: 1029908K->3789K(1035264K)] 1597004K->570885K(1643008K), 0.0068355 secs] [Times: user=0.02 sys=0.00, real=0.01 secs] 
2024-07-05T00:30:12.319+0800: 6671.633: [GC (Allocation Failure) [PSYoungGen: 1031373K->3825K(1039360K)] 1598469K->570921K(1647104K), 0.0078372 secs] [Times: user=0.01 sys=0.00, real=0.01 secs] 
2024-07-05T00:30:13.863+0800: 6673.177: [GC (Allocation Failure) [PSYoungGen: 1037553K->2654K(992256K)] 1604649K->570233K(1600000K), 0.0053127 secs] [Times: user=0.01 sys=0.00, real=0.01 secs] 
2024-07-05T00:30:15.276+0800: 6674.590: [GC (Allocation Failure) [PSYoungGen: 991838K->3504K(950784K)] 1559417K->571179K(1558528K), 0.0068160 secs] [Times: user=0.01 sys=0.01, real=0.00 secs] 
2024-07-05T00:30:16.680+0800: 6675.994: [GC (Allocation Failure) [PSYoungGen: 950704K->3226K(910848K)] 1518379K->571051K(1518592K), 0.0055714 secs] [Times: user=0.00 sys=0.01, real=0.01 secs] 
2024-07-05T00:30:18.114+0800: 6677.428: [GC (Allocation Failure) [PSYoungGen: 910490K->2911K(871936K)] 1478315K->571104K(1479680K), 0.0057644 secs] [Times: user=0.01 sys=0.00, real=0.00 secs] 
2024-07-05T00:30:19.447+0800: 6678.761: [GC (Allocation Failure) [PSYoungGen: 871775K->2892K(835584K)] 1439968K->571093K(1443328K), 0.0063507 secs] [Times: user=0.01 sys=0.00, real=0.00 secs] 
2024-07-05T00:30:20.683+0800: 6679.997: [GC (Allocation Failure) [PSYoungGen: 835404K->2943K(800768K)] 1403605K->571144K(1408512K), 0.0051864 secs] [Times: user=0.01 sys=0.00, real=0.01 secs] 
2024-07-05T00:30:21.875+0800: 6681.189: [GC (Allocation Failure) [PSYoungGen: 800639K->2502K(767488K)] 1368840K->571080K(1375232K), 0.0069405 secs] [Times: user=0.02 sys=0.00, real=0.00 secs] 
2024-07-05T00:30:23.153+0800: 6682.467: [GC (Allocation Failure) [PSYoungGen: 767430K->2009K(735744K)] 1336008K->570947K(1343488K), 0.0065165 secs] [Times: user=0.01 sys=0.00, real=0.01 secs] 
2024-07-05T00:30:24.273+0800: 6683.587: [GC (Allocation Failure) [PSYoungGen: 735705K->2169K(706560K)] 1304643K->571115K(1314304K), 0.0047135 secs] [Times: user=0.01 sys=0.00, real=0.01 secs] 
2024-07-05T00:30:25.358+0800: 6684.672: [GC (Allocation Failure) [PSYoungGen: 706169K->2121K(678400K)] 1275115K->571075K(1286144K), 0.0061500 secs] [Times: user=0.01 sys=0.00, real=0.00 secs] 
2024-07-05T00:30:26.416+0800: 6685.730: [GC (Allocation Failure) [PSYoungGen: 677961K->2219K(651264K)] 1246915K->571181K(1259008K), 0.0057693 secs] [Times: user=0.01 sys=0.00, real=0.00 secs] 
2024-07-05T00:30:27.437+0800: 6686.752: [GC (Allocation Failure) [PSYoungGen: 650923K->2123K(625664K)] 1219885K->571093K(1233408K), 0.0046411 secs] [Times: user=0.01 sys=0.00, real=0.00 secs] 
2024-07-05T00:30:28.437+0800: 6687.751: [GC (Allocation Failure) [PSYoungGen: 625227K->2107K(601088K)] 1194197K->571085K(1208832K), 0.0040821 secs] [Times: user=0.01 sys=0.00, real=0.00 secs] 
2024-07-05T00:30:29.444+0800: 6688.759: [GC (Allocation Failure) [PSYoungGen: 600635K->2043K(577536K)] 1169613K->571029K(1185280K), 0.0044273 secs] [Times: user=0.01 sys=0.00, real=0.01 secs] 
2024-07-05T00:30:30.481+0800: 6689.796: [GC (Allocation Failure) [PSYoungGen: 577531K->2041K(555520K)] 1146517K->571035K(1163264K), 0.0066394 secs] [Times: user=0.01 sys=0.00, real=0.01 secs] 
2024-07-05T00:30:31.317+0800: 6690.632: [GC (Allocation Failure) [PSYoungGen: 555513K->2059K(535040K)] 1124507K->571061K(1142784K), 0.0041009 secs] [Times: user=0.01 sys=0.00, real=0.00 secs] 
2024-07-05T00:30:32.153+0800: 6691.467: [GC (Allocation Failure) [PSYoungGen: 534539K->1231K(514048K)] 1103541K->570241K(1121792K), 0.0039111 secs] [Times: user=0.01 sys=0.00, real=0.01 secs] 
2024-07-05T00:30:33.021+0800: 6692.335: [GC (Allocation Failure) [PSYoungGen: 513743K->2153K(496128K)] 1082753K->571171K(1103872K), 0.0051471 secs] [Times: user=0.01 sys=0.00, real=0.01 secs] 
2024-07-05T00:30:33.785+0800: 6693.099: [GC (Allocation Failure) [PSYoungGen: 495721K->2155K(542208K)] 1064739K->571181K(1149952K), 0.0048879 secs] [Times: user=0.00 sys=0.00, real=0.01 secs] 
2024-07-05T00:30:34.626+0800: 6693.940: [GC (Allocation Failure) [PSYoungGen: 541803K->1244K(592384K)] 1110829K->570278K(1200128K), 0.0052952 secs] [Times: user=0.00 sys=0.00, real=0.00 secs] 
2024-07-05T00:30:35.540+0800: 6694.855: [GC (Allocation Failure) [PSYoungGen: 592092K->2171K(570368K)] 1161126K->571213K(1178112K), 0.0044013 secs] [Times: user=0.01 sys=0.00, real=0.00 secs] 
2024-07-05T00:30:36.374+0800: 6695.688: [GC (Allocation Failure) [PSYoungGen: 569979K->2187K(548352K)] 1139021K->571237K(1156096K), 0.0044736 secs] [Times: user=0.00 sys=0.00, real=0.00 secs] 
2024-07-05T00:30:37.154+0800: 6696.468: [GC (Allocation Failure) [PSYoungGen: 547979K->2267K(600064K)] 1117029K->571325K(1207808K), 0.0048498 secs] [Times: user=0.01 sys=0.00, real=0.00 secs] 
2024-07-05T00:30:38.092+0800: 6697.407: [GC (Allocation Failure) [PSYoungGen: 599771K->1420K(576000K)] 1168829K->570486K(1183744K), 0.0039608 secs] [Times: user=0.01 sys=0.00, real=0.01 secs] 
2024-07-05T00:30:38.979+0800: 6698.294: [GC (Allocation Failure) [PSYoungGen: 575884K->2185K(555008K)] 1144950K->571259K(1162752K), 0.0045730 secs] [Times: user=0.01 sys=0.00, real=0.00 secs] 
2024-07-05T00:30:39.791+0800: 6699.105: [GC (Allocation Failure) [PSYoungGen: 554633K->2235K(534016K)] 1123707K->571317K(1141760K), 0.0045520 secs] [Times: user=0.01 sys=0.00, real=0.01 secs] 
2024-07-05T00:30:40.615+0800: 6699.929: [GC (Allocation Failure) [PSYoungGen: 533691K->2139K(514048K)] 1102773K->571229K(1121792K), 0.0042098 secs] [Times: user=0.01 sys=0.00, real=0.00 secs] 
2024-07-05T00:30:41.415+0800: 6700.730: [GC (Allocation Failure) [PSYoungGen: 513627K->2155K(562688K)] 1082717K->571253K(1170432K), 0.0054436 secs] [Times: user=0.01 sys=0.00, real=0.00 secs] 
2024-07-05T00:30:42.268+0800: 6701.583: [GC (Allocation Failure) [PSYoungGen: 562283K->2137K(615424K)] 1131381K->571235K(1223168K), 0.0044686 secs] [Times: user=0.01 sys=0.00, real=0.00 secs] 
2024-07-05T00:30:43.200+0800: 6702.514: [GC (Allocation Failure) [PSYoungGen: 615001K->2107K(591360K)] 1184099K->571213K(1199104K), 0.0042288 secs] [Times: user=0.00 sys=0.00, real=0.00 secs] 
2024-07-05T00:30:44.119+0800: 6703.434: [GC (Allocation Failure) [PSYoungGen: 590907K->1990K(567808K)] 1160013K->571104K(1175552K), 0.0038375 secs] [Times: user=0.01 sys=0.00, real=0.00 secs] 
2024-07-05T00:30:45.010+0800: 6704.324: [GC (Allocation Failure) [PSYoungGen: 567750K->2185K(546816K)] 1136864K->571307K(1154560K), 0.0046140 secs] [Times: user=0.01 sys=0.00, real=0.01 secs] 
2024-07-05T00:30:45.848+0800: 6705.162: [GC (Allocation Failure) [PSYoungGen: 546441K->2137K(526336K)] 1115563K->571259K(1134080K), 0.0046103 secs] [Times: user=0.00 sys=0.00, real=0.00 secs] 
2024-07-05T00:30:46.635+0800: 6705.949: [GC (Allocation Failure) [PSYoungGen: 525913K->1516K(505344K)] 1095035K->571301K(1113088K), 0.0045660 secs] [Times: user=0.01 sys=0.00, real=0.00 secs] 
2024-07-05T00:30:47.477+0800: 6706.791: [GC (Allocation Failure) [PSYoungGen: 505324K->1967K(486912K)] 1075109K->571752K(1094656K), 0.0048025 secs] [Times: user=0.01 sys=0.00, real=0.00 secs] 
2024-07-05T00:30:48.234+0800: 6707.549: [GC (Allocation Failure) [PSYoungGen: 486831K->2254K(534016K)] 1056616K->572039K(1141760K), 0.0049586 secs] [Times: user=0.01 sys=0.00, real=0.00 secs] 
2024-07-05T00:30:49.063+0800: 6708.377: [GC (Allocation Failure) [PSYoungGen: 533710K->2222K(584192K)] 1103495K->572007K(1191936K), 0.0044198 secs] [Times: user=0.00 sys=0.00, real=0.01 secs] 
2024-07-05T00:30:50.034+0800: 6709.349: [GC (Allocation Failure) [PSYoungGen: 583854K->1527K(560640K)] 1153639K->571886K(1168384K), 0.0041375 secs] [Times: user=0.00 sys=0.00, real=0.00 secs] 
2024-07-05T00:30:50.873+0800: 6710.187: [GC (Allocation Failure) [PSYoungGen: 560631K->2593K(540672K)] 1130990K->572952K(1148416K), 0.0043416 secs] [Times: user=0.01 sys=0.00, real=0.01 secs] 
2024-07-05T00:30:51.634+0800: 6710.948: [GC (Allocation Failure) [PSYoungGen: 540193K->2036K(519168K)] 1110552K->572929K(1126912K), 0.0044478 secs] [Times: user=0.01 sys=0.00, real=0.00 secs] 
2024-07-05T00:30:52.461+0800: 6711.776: [GC (Allocation Failure) [PSYoungGen: 519156K->1996K(567296K)] 1090049K->572890K(1175040K), 0.0047082 secs] [Times: user=0.01 sys=0.00, real=0.01 secs] 
2024-07-05T00:30:53.318+0800: 6712.632: [GC (Allocation Failure) [PSYoungGen: 567244K->2555K(622080K)] 1138138K->574226K(1229824K), 0.0055179 secs] [Times: user=0.00 sys=0.01, real=0.00 secs] 
2024-07-05T00:30:54.206+0800: 6713.520: [GC (Allocation Failure) [PSYoungGen: 622075K->3569K(685056K)] 1193746K->575565K(1292800K), 0.0069561 secs] [Times: user=0.01 sys=0.00, real=0.01 secs] 
2024-07-05T00:30:55.215+0800: 6714.529: [GC (Allocation Failure) [PSYoungGen: 685041K->1507K(752128K)] 1257037K->576331K(1359872K), 0.0068042 secs] [Times: user=0.01 sys=0.00, real=0.00 secs] 
2024-07-05T00:30:56.350+0800: 6715.664: [GC (Allocation Failure) [PSYoungGen: 752099K->3932K(828928K)] 1326923K->578756K(1436672K), 0.0059221 secs] [Times: user=0.01 sys=0.00, real=0.01 secs] 
2024-07-05T00:30:57.626+0800: 6716.940: [GC (Allocation Failure) [PSYoungGen: 828764K->4028K(910336K)] 1403588K->578860K(1518080K), 0.0073472 secs] [Times: user=0.01 sys=0.00, real=0.00 secs] 
2024-07-05T00:30:59.017+0800: 6718.331: [GC (Allocation Failure) [PSYoungGen: 910268K->4064K(961024K)] 1485100K->578953K(1568768K), 0.0060268 secs] [Times: user=0.01 sys=0.00, real=0.00 secs] 
2024-07-05T00:31:00.489+0800: 6719.803: [GC (Allocation Failure) [PSYoungGen: 959968K->3953K(996864K)] 1534857K->578842K(1604608K), 0.0075294 secs] [Times: user=0.01 sys=0.00, real=0.01 secs] 
2024-07-05T00:31:01.935+0800: 6721.249: [GC (Allocation Failure) [PSYoungGen: 995697K->3759K(953344K)] 1570586K->578647K(1561088K), 0.0060220 secs] [Times: user=0.01 sys=0.00, real=0.00 secs] 
2024-07-05T00:31:03.424+0800: 6722.738: [GC (Allocation Failure) [PSYoungGen: 953007K->2039K(910848K)] 1527895K->578840K(1518592K), 0.0073910 secs] [Times: user=0.01 sys=0.00, real=0.01 secs] 
2024-07-05T00:31:04.845+0800: 6724.159: [GC (Allocation Failure) [PSYoungGen: 910839K->3983K(992256K)] 1487640K->581275K(1600000K), 0.0094906 secs] [Times: user=0.01 sys=0.00, real=0.02 secs] 
2024-07-05T00:31:06.380+0800: 6725.695: [GC (Allocation Failure) [PSYoungGen: 990607K->3930K(948736K)] 1567899K->581222K(1556480K), 0.0076368 secs] [Times: user=0.02 sys=0.00, real=0.01 secs] 
2024-07-05T00:31:07.836+0800: 6727.150: [GC (Allocation Failure) [PSYoungGen: 948570K->3446K(908288K)] 1525862K->580738K(1516032K), 0.0055098 secs] [Times: user=0.01 sys=0.00, real=0.00 secs] 
2024-07-05T00:31:09.205+0800: 6728.519: [GC (Allocation Failure) [PSYoungGen: 908150K->3708K(870912K)] 1485442K->581049K(1478656K), 0.0061745 secs] [Times: user=0.01 sys=0.00, real=0.01 secs] 
2024-07-05T00:31:10.638+0800: 6729.952: [GC (Allocation Failure) [PSYoungGen: 870524K->3469K(834048K)] 1447865K->581308K(1441792K), 0.0061157 secs] [Times: user=0.01 sys=0.01, real=0.00 secs] 
2024-07-05T00:31:11.844+0800: 6731.159: [GC (Allocation Failure) [PSYoungGen: 833933K->3448K(799744K)] 1411772K->581415K(1407488K), 0.0065920 secs] [Times: user=0.02 sys=0.00, real=0.01 secs] 
2024-07-05T00:31:13.029+0800: 6732.343: [GC (Allocation Failure) [PSYoungGen: 799608K->3082K(766976K)] 1377575K->581359K(1374720K), 0.0062198 secs] [Times: user=0.01 sys=0.00, real=0.01 secs] 
2024-07-05T00:31:14.172+0800: 6733.486: [GC (Allocation Failure) [PSYoungGen: 766474K->3135K(735744K)] 1344751K->581444K(1343488K), 0.0068237 secs] [Times: user=0.01 sys=0.00, real=0.01 secs] 
2024-07-05T00:31:15.245+0800: 6734.559: [GC (Allocation Failure) [PSYoungGen: 735295K->3033K(705536K)] 1313604K->581342K(1313280K), 0.0055409 secs] [Times: user=0.01 sys=0.00, real=0.01 secs] 
2024-07-05T00:31:16.354+0800: 6735.668: [GC (Allocation Failure) [PSYoungGen: 705497K->2700K(677376K)] 1283806K->581194K(1285120K), 0.0050940 secs] [Times: user=0.01 sys=0.00, real=0.00 secs] 
2024-07-05T00:31:17.415+0800: 6736.729: [GC (Allocation Failure) [PSYoungGen: 677004K->1968K(649216K)] 1255498K->580461K(1256960K), 0.0054455 secs] [Times: user=0.01 sys=0.00, real=0.00 secs] 
2024-07-05T00:31:18.372+0800: 6737.686: [GC (Allocation Failure) [PSYoungGen: 649136K->2927K(713728K)] 1227629K->581420K(1321472K), 0.0083545 secs] [Times: user=0.01 sys=0.01, real=0.01 secs] 
2024-07-05T00:31:19.422+0800: 6738.736: [GC (Allocation Failure) [PSYoungGen: 713583K->2812K(784896K)] 1292076K->581306K(1392640K), 0.0071722 secs] [Times: user=0.01 sys=0.00, real=0.01 secs] 
2024-07-05T00:31:20.586+0800: 6739.900: [GC (Allocation Failure) [PSYoungGen: 784636K->2796K(860160K)] 1363130K->581290K(1467904K), 0.0053515 secs] [Times: user=0.01 sys=0.00, real=0.00 secs] 
2024-07-05T00:31:21.846+0800: 6741.160: [GC (Allocation Failure) [PSYoungGen: 859884K->2425K(945664K)] 1438378K->581303K(1553408K), 0.0095386 secs] [Times: user=0.00 sys=0.00, real=0.01 secs] 
2024-07-05T00:31:23.229+0800: 6742.543: [GC (Allocation Failure) [PSYoungGen: 945529K->1372K(904704K)] 1524407K->580546K(1512448K), 0.0043523 secs] [Times: user=0.01 sys=0.00, real=0.00 secs] 
2024-07-05T00:31:24.525+0800: 6743.839: [GC (Allocation Failure) [PSYoungGen: 904540K->2169K(867840K)] 1483714K->581351K(1475584K), 0.0064241 secs] [Times: user=0.01 sys=0.00, real=0.01 secs] 
2024-07-05T00:31:25.814+0800: 6745.129: [GC (Allocation Failure) [PSYoungGen: 867449K->2233K(831488K)] 1446631K->581423K(1439232K), 0.0045452 secs] [Times: user=0.01 sys=0.00, real=0.00 secs] 
2024-07-05T00:31:27.034+0800: 6746.348: [GC (Allocation Failure) [PSYoungGen: 831161K->2107K(797184K)] 1410351K->581306K(1404928K), 0.0043309 secs] [Times: user=0.01 sys=0.00, real=0.00 secs] 
2024-07-05T00:31:28.184+0800: 6747.498: [GC (Allocation Failure) [PSYoungGen: 796731K->2011K(763904K)] 1375930K->581218K(1371648K), 0.0048783 secs] [Times: user=0.01 sys=0.00, real=0.01 secs] 
2024-07-05T00:31:29.313+0800: 6748.627: [GC (Allocation Failure) [PSYoungGen: 763867K->2091K(733184K)] 1343074K->581306K(1340928K), 0.0044959 secs] [Times: user=0.01 sys=0.00, real=0.01 secs] 
2024-07-05T00:31:30.441+0800: 6749.755: [GC (Allocation Failure) [PSYoungGen: 732715K->2249K(703488K)] 1311930K->581471K(1311232K), 0.0045169 secs] [Times: user=0.01 sys=0.00, real=0.00 secs] 
2024-07-05T00:31:31.480+0800: 6750.794: [GC (Allocation Failure) [PSYoungGen: 703177K->2139K(675328K)] 1282399K->581370K(1283072K), 0.0058231 secs] [Times: user=0.01 sys=0.00, real=0.01 secs] 
2024-07-05T00:31:32.585+0800: 6751.899: [GC (Allocation Failure) [PSYoungGen: 674907K->101K(646656K)] 1254138K->579339K(1254400K), 0.0031910 secs] [Times: user=0.00 sys=0.00, real=0.01 secs] 
2024-07-05T00:31:33.554+0800: 6752.868: [GC (Allocation Failure) [PSYoungGen: 646245K->2091K(625152K)] 1225483K->581338K(1232896K), 0.0080495 secs] [Times: user=0.00 sys=0.01, real=0.00 secs] 
2024-07-05T00:31:34.504+0800: 6753.818: [GC (Allocation Failure) [PSYoungGen: 622635K->2057K(598528K)] 1201882K->581311K(1206272K), 0.0043544 secs] [Times: user=0.01 sys=0.00, real=0.01 secs] 
2024-07-05T00:31:35.370+0800: 6754.684: [GC (Allocation Failure) [PSYoungGen: 598025K->2118K(575488K)] 1177279K->581380K(1183232K), 0.0045097 secs] [Times: user=0.01 sys=0.00, real=0.01 secs] 
2024-07-05T00:31:36.232+0800: 6755.547: [GC (Allocation Failure) [PSYoungGen: 575046K->2169K(553472K)] 1154308K->581439K(1161216K), 0.0041829 secs] [Times: user=0.01 sys=0.00, real=0.01 secs] 
2024-07-05T00:31:37.133+0800: 6756.448: [GC (Allocation Failure) [PSYoungGen: 553081K->2091K(532480K)] 1132351K->581370K(1140224K), 0.0045802 secs] [Times: user=0.01 sys=0.00, real=0.01 secs] 
2024-07-05T00:31:37.916+0800: 6757.230: [GC (Allocation Failure) [PSYoungGen: 532011K->2187K(582656K)] 1111290K->581474K(1190400K), 0.0058238 secs] [Times: user=0.01 sys=0.00, real=0.00 secs] 
2024-07-05T00:31:38.776+0800: 6758.090: [GC (Allocation Failure) [PSYoungGen: 582283K->2203K(638464K)] 1161570K->581498K(1246208K), 0.0053765 secs] [Times: user=0.01 sys=0.00, real=0.00 secs] 
2024-07-05T00:31:39.737+0800: 6759.051: [GC (Allocation Failure) [PSYoungGen: 638107K->2089K(613376K)] 1217402K->581391K(1221120K), 0.0040730 secs] [Times: user=0.01 sys=0.00, real=0.00 secs] 
2024-07-05T00:31:40.692+0800: 6760.006: [GC (Allocation Failure) [PSYoungGen: 612905K->2057K(589312K)] 1192207K->581367K(1197056K), 0.0039997 secs] [Times: user=0.01 sys=0.00, real=0.01 secs] 
2024-07-05T00:31:41.610+0800: 6760.924: [GC (Allocation Failure) [PSYoungGen: 588809K->2089K(566784K)] 1168119K->581407K(1174528K), 0.0041663 secs] [Times: user=0.01 sys=0.00, real=0.01 secs] 
2024-07-05T00:31:42.417+0800: 6761.731: [GC (Allocation Failure) [PSYoungGen: 566313K->2134K(545280K)] 1145631K->581460K(1153024K), 0.0043915 secs] [Times: user=0.01 sys=0.00, real=0.00 secs] 
2024-07-05T00:31:43.220+0800: 6762.534: [GC (Allocation Failure) [PSYoungGen: 544854K->1515K(523776K)] 1124180K->581362K(1131520K), 0.0048210 secs] [Times: user=0.01 sys=0.00, real=0.00 secs] 
2024-07-05T00:31:44.035+0800: 6763.349: [GC (Allocation Failure) [PSYoungGen: 523755K->2042K(504832K)] 1103602K->581897K(1112576K), 0.0048765 secs] [Times: user=0.01 sys=0.00, real=0.00 secs] 
2024-07-05T00:31:44.742+0800: 6764.056: [GC (Allocation Failure) [PSYoungGen: 504826K->2590K(557568K)] 1084681K->582445K(1165312K), 0.0066037 secs] [Times: user=0.01 sys=0.00, real=0.01 secs] 
2024-07-05T00:31:45.577+0800: 6764.891: [GC (Allocation Failure) [PSYoungGen: 557086K->2555K(612864K)] 1136941K->582418K(1220608K), 0.0047340 secs] [Times: user=0.00 sys=0.00, real=0.00 secs] 
2024-07-05T00:31:46.525+0800: 6765.840: [GC (Allocation Failure) [PSYoungGen: 612859K->1011K(670208K)] 1192722K->581989K(1277952K), 0.0042070 secs] [Times: user=0.00 sys=0.00, real=0.01 secs] 
2024-07-05T00:31:47.530+0800: 6766.844: [GC (Allocation Failure) [PSYoungGen: 670195K->3042K(739328K)] 1251173K->584206K(1347072K), 0.0075512 secs] [Times: user=0.01 sys=0.00, real=0.01 secs] 
2024-07-05T00:31:48.626+0800: 6767.940: [GC (Allocation Failure) [PSYoungGen: 739298K->2541K(812544K)] 1320462K->584814K(1420288K), 0.0067639 secs] [Times: user=0.01 sys=0.00, real=0.00 secs] 
2024-07-05T00:31:49.844+0800: 6769.158: [GC (Allocation Failure) [PSYoungGen: 812525K->4081K(892416K)] 1394798K->586422K(1500160K), 0.0056288 secs] [Times: user=0.01 sys=0.00, real=0.01 secs] 
2024-07-05T00:31:51.172+0800: 6770.486: [GC (Allocation Failure) [PSYoungGen: 892401K->2024K(935424K)] 1474742K->586943K(1543168K), 0.0068487 secs] [Times: user=0.02 sys=0.00, real=0.01 secs] 
2024-07-05T00:31:52.510+0800: 6771.825: [GC (Allocation Failure) [PSYoungGen: 935400K->4244K(898560K)] 1520319K->589163K(1506304K), 0.0053262 secs] [Times: user=0.01 sys=0.00, real=0.01 secs] 
2024-07-05T00:31:53.832+0800: 6773.146: [GC (Allocation Failure) [PSYoungGen: 898196K->1009K(857600K)] 1483115K->589400K(1465344K), 0.0074140 secs] [Times: user=0.02 sys=0.00, real=0.01 secs] 
2024-07-05T00:31:55.092+0800: 6774.407: [GC (Allocation Failure) [PSYoungGen: 857585K->3014K(823808K)] 1445976K->591822K(1431552K), 0.0063243 secs] [Times: user=0.01 sys=0.00, real=0.01 secs] 
2024-07-05T00:31:56.312+0800: 6775.626: [GC (Allocation Failure) [PSYoungGen: 823750K->2886K(790016K)] 1412558K->591694K(1397760K), 0.0048608 secs] [Times: user=0.01 sys=0.00, real=0.01 secs] 
2024-07-05T00:31:57.498+0800: 6776.813: [GC (Allocation Failure) [PSYoungGen: 789830K->2886K(757760K)] 1378638K->591694K(1365504K), 0.0050733 secs] [Times: user=0.01 sys=0.00, real=0.00 secs] 
2024-07-05T00:31:58.630+0800: 6777.944: [GC (Allocation Failure) [PSYoungGen: 757574K->2854K(727040K)] 1346382K->591662K(1334784K), 0.0053541 secs] [Times: user=0.01 sys=0.00, real=0.01 secs] 
2024-07-05T00:31:59.721+0800: 6779.035: [GC (Allocation Failure) [PSYoungGen: 726822K->2963K(697856K)] 1315630K->591771K(1305600K), 0.0051007 secs] [Times: user=0.01 sys=0.00, real=0.01 secs] 
2024-07-05T00:32:00.798+0800: 6780.112: [GC (Allocation Failure) [PSYoungGen: 697747K->2968K(670208K)] 1286555K->591777K(1277952K), 0.0051181 secs] [Times: user=0.01 sys=0.00, real=0.00 secs] 
2024-07-05T00:32:01.814+0800: 6781.128: [GC (Allocation Failure) [PSYoungGen: 670104K->1182K(642048K)] 1258913K->589991K(1249792K), 0.0039655 secs] [Times: user=0.00 sys=0.00, real=0.00 secs] 
2024-07-05T00:32:02.816+0800: 6782.131: [GC (Allocation Failure) [PSYoungGen: 641694K->2667K(618496K)] 1230503K->591778K(1226240K), 0.0052487 secs] [Times: user=0.00 sys=0.00, real=0.00 secs] 
2024-07-05T00:32:03.729+0800: 6783.043: [GC (Allocation Failure) [PSYoungGen: 618091K->2618K(594432K)] 1207202K->591729K(1202176K), 0.0062950 secs] [Times: user=0.00 sys=0.00, real=0.01 secs] 
2024-07-05T00:32:04.619+0800: 6783.933: [GC (Allocation Failure) [PSYoungGen: 593978K->2318K(650240K)] 1183089K->591731K(1257984K), 0.0062754 secs] [Times: user=0.00 sys=0.00, real=0.00 secs] 
2024-07-05T00:32:05.600+0800: 6784.915: [GC (Allocation Failure) [PSYoungGen: 649998K->2414K(711680K)] 1239411K->591827K(1319424K), 0.0055747 secs] [Times: user=0.01 sys=0.00, real=0.01 secs] 
2024-07-05T00:32:06.640+0800: 6785.954: [GC (Allocation Failure) [PSYoungGen: 711534K->2347K(683008K)] 1300947K->591761K(1290752K), 0.0046114 secs] [Times: user=0.00 sys=0.00, real=0.00 secs] 
2024-07-05T00:32:07.674+0800: 6786.988: [GC (Allocation Failure) [PSYoungGen: 682795K->1061K(654848K)] 1272209K->590474K(1262592K), 0.0057058 secs] [Times: user=0.01 sys=0.00, real=0.01 secs] 
2024-07-05T00:32:08.661+0800: 6787.975: [GC (Allocation Failure) [PSYoungGen: 654373K->2411K(629760K)] 1243786K->591825K(1237504K), 0.0050015 secs] [Times: user=0.01 sys=0.00, real=0.01 secs] 
2024-07-05T00:32:09.594+0800: 6788.908: [GC (Allocation Failure) [PSYoungGen: 629611K->2318K(689664K)] 1219025K->591731K(1297408K), 0.0065741 secs] [Times: user=0.01 sys=0.00, real=0.00 secs] 
2024-07-05T00:32:10.635+0800: 6789.949: [GC (Allocation Failure) [PSYoungGen: 689422K->2217K(756224K)] 1278835K->591854K(1363968K), 0.0064107 secs] [Times: user=0.01 sys=0.00, real=0.00 secs] 
2024-07-05T00:32:11.791+0800: 6791.105: [GC (Allocation Failure) [PSYoungGen: 755881K->2155K(725504K)] 1345518K->591801K(1333248K), 0.0048212 secs] [Times: user=0.01 sys=0.00, real=0.01 secs] 
2024-07-05T00:32:12.880+0800: 6792.194: [GC (Allocation Failure) [PSYoungGen: 725099K->2155K(696320K)] 1314745K->591809K(1304064K), 0.0046269 secs] [Times: user=0.01 sys=0.00, real=0.00 secs] 
2024-07-05T00:32:13.938+0800: 6793.252: [GC (Allocation Failure) [PSYoungGen: 695915K->2027K(668160K)] 1285569K->591689K(1275904K), 0.0041391 secs] [Times: user=0.01 sys=0.00, real=0.00 secs] 
2024-07-05T00:32:14.967+0800: 6794.281: [GC (Allocation Failure) [PSYoungGen: 668139K->2233K(642048K)] 1257801K->591902K(1249792K), 0.0047583 secs] [Times: user=0.01 sys=0.00, real=0.00 secs] 
2024-07-05T00:32:15.975+0800: 6795.289: [GC (Allocation Failure) [PSYoungGen: 641721K->646K(615424K)] 1231390K->590323K(1223168K), 0.0034151 secs] [Times: user=0.01 sys=0.00, real=0.00 secs] 
2024-07-05T00:32:16.906+0800: 6796.220: [GC (Allocation Failure) [PSYoungGen: 615046K->2187K(592896K)] 1204723K->591873K(1200640K), 0.0046950 secs] [Times: user=0.01 sys=0.00, real=0.00 secs] 
2024-07-05T00:32:17.781+0800: 6797.095: [GC (Allocation Failure) [PSYoungGen: 592523K->2235K(569856K)] 1182209K->591921K(1177600K), 0.0049721 secs] [Times: user=0.01 sys=0.00, real=0.00 secs] 
2024-07-05T00:32:18.617+0800: 6797.931: [GC (Allocation Failure) [PSYoungGen: 569531K->2203K(547840K)] 1159217K->591897K(1155584K), 0.0044686 secs] [Times: user=0.00 sys=0.00, real=0.00 secs] 
2024-07-05T00:32:19.488+0800: 6798.802: [GC (Allocation Failure) [PSYoungGen: 547483K->1420K(525824K)] 1137177K->591121K(1133568K), 0.0041759 secs] [Times: user=0.01 sys=0.00, real=0.00 secs] 
2024-07-05T00:32:20.301+0800: 6799.615: [GC (Allocation Failure) [PSYoungGen: 525708K->2118K(506880K)] 1115409K->591827K(1114624K), 0.0052649 secs] [Times: user=0.01 sys=0.00, real=0.01 secs] 
2024-07-05T00:32:21.034+0800: 6800.348: [GC (Allocation Failure) [PSYoungGen: 506438K->2009K(487424K)] 1096147K->591726K(1095168K), 0.0042357 secs] [Times: user=0.01 sys=0.00, real=0.00 secs] 
2024-07-05T00:32:21.806+0800: 6801.120: [GC (Allocation Failure) [PSYoungGen: 487385K->1308K(468992K)] 1077102K->591033K(1076736K), 0.0037607 secs] [Times: user=0.01 sys=0.00, real=0.00 secs] 
2024-07-05T00:32:22.533+0800: 6801.848: [GC (Allocation Failure) [PSYoungGen: 468764K->2219K(517120K)] 1058489K->591945K(1124864K), 0.0069293 secs] [Times: user=0.01 sys=0.00, real=0.01 secs] 
2024-07-05T00:32:23.283+0800: 6802.597: [GC (Allocation Failure) [PSYoungGen: 516779K->2251K(569856K)] 1106505K->591985K(1177600K), 0.0054449 secs] [Times: user=0.01 sys=0.00, real=0.01 secs] 
2024-07-05T00:32:24.179+0800: 6803.493: [GC (Allocation Failure) [PSYoungGen: 569547K->1308K(626176K)] 1159281K->591049K(1233920K), 0.0052150 secs] [Times: user=0.00 sys=0.00, real=0.00 secs] 
2024-07-05T00:32:25.137+0800: 6804.451: [GC (Allocation Failure) [PSYoungGen: 625948K->2217K(688640K)] 1215689K->591966K(1296384K), 0.0048541 secs] [Times: user=0.00 sys=0.01, real=0.00 secs] 
2024-07-05T00:32:26.166+0800: 6805.480: [GC (Allocation Failure) [PSYoungGen: 688297K->2014K(757760K)] 1278046K->591771K(1365504K), 0.0078300 secs] [Times: user=0.01 sys=0.00, real=0.01 secs] 
2024-07-05T00:32:27.298+0800: 6806.612: [GC (Allocation Failure) [PSYoungGen: 757726K->2169K(832000K)] 1347483K->591934K(1439744K), 0.0051874 secs] [Times: user=0.01 sys=0.00, real=0.00 secs] 
2024-07-05T00:32:28.542+0800: 6807.856: [GC (Allocation Failure) [PSYoungGen: 831609K->2078K(879104K)] 1421374K->591851K(1486848K), 0.0076761 secs] [Times: user=0.01 sys=0.00, real=0.01 secs] 
2024-07-05T00:32:29.855+0800: 6809.169: [GC (Allocation Failure) [PSYoungGen: 878110K->2217K(841728K)] 1467883K->591998K(1449472K), 0.0053237 secs] [Times: user=0.01 sys=0.00, real=0.00 secs] 
2024-07-05T00:32:31.128+0800: 6810.443: [GC (Allocation Failure) [PSYoungGen: 841385K->2107K(806912K)] 1431166K->591889K(1414656K), 0.0064263 secs] [Times: user=0.00 sys=0.00, real=0.01 secs] 
2024-07-05T00:32:32.354+0800: 6811.668: [GC (Allocation Failure) [PSYoungGen: 806459K->1530K(883712K)] 1396241K->591965K(1491456K), 0.0086023 secs] [Times: user=0.01 sys=0.00, real=0.00 secs] 
2024-07-05T00:32:33.674+0800: 6812.988: [GC (Allocation Failure) [PSYoungGen: 883706K->1940K(911360K)] 1474141K->592375K(1519104K), 0.0068041 secs] [Times: user=0.01 sys=0.00, real=0.00 secs] 
2024-07-05T00:32:35.033+0800: 6814.348: [GC (Allocation Failure) [PSYoungGen: 910228K->2674K(872960K)] 1500663K->593109K(1480704K), 0.0068891 secs] [Times: user=0.01 sys=0.00, real=0.01 secs] 
2024-07-05T00:32:36.314+0800: 6815.628: [GC (Allocation Failure) [PSYoungGen: 872562K->2768K(957952K)] 1462997K->593203K(1565696K), 0.0091679 secs] [Times: user=0.01 sys=0.00, real=0.00 secs] 
2024-07-05T00:32:37.769+0800: 6817.083: [GC (Allocation Failure) [PSYoungGen: 957648K->498K(966144K)] 1548083K->593170K(1573888K), 0.0067998 secs] [Times: user=0.01 sys=0.00, real=0.01 secs] 
2024-07-05T00:32:39.284+0800: 6818.599: [GC (Allocation Failure) [PSYoungGen: 966130K->2894K(927744K)] 1558802K->595566K(1535488K), 0.0061546 secs] [Times: user=0.01 sys=0.00, real=0.01 secs] 
2024-07-05T00:32:40.677+0800: 6819.991: [GC (Allocation Failure) [PSYoungGen: 927566K->1013K(886784K)] 1520238K->595310K(1494528K), 0.0053368 secs] [Times: user=0.01 sys=0.00, real=0.00 secs] 
2024-07-05T00:32:41.994+0800: 6821.308: [GC (Allocation Failure) [PSYoungGen: 886773K->1809K(850432K)] 1481070K->596106K(1458176K), 0.0050558 secs] [Times: user=0.00 sys=0.00, real=0.00 secs] 
2024-07-05T00:32:43.258+0800: 6822.572: [GC (Allocation Failure) [PSYoungGen: 850193K->3500K(816640K)] 1444490K->597798K(1424384K), 0.0071307 secs] [Times: user=0.01 sys=0.00, real=0.00 secs] 
2024-07-05T00:32:44.494+0800: 6823.809: [GC (Allocation Failure) [PSYoungGen: 816556K->3570K(782848K)] 1410854K->597867K(1390592K), 0.0059560 secs] [Times: user=0.00 sys=0.01, real=0.00 secs] 
2024-07-05T00:32:45.762+0800: 6825.076: [GC (Allocation Failure) [PSYoungGen: 782834K->1505K(749056K)] 1377131K->597863K(1356800K), 0.0067066 secs] [Times: user=0.01 sys=0.00, real=0.01 secs] 
2024-07-05T00:32:46.891+0800: 6826.205: [GC (Allocation Failure) [PSYoungGen: 749025K->3848K(721408K)] 1345383K->600206K(1329152K), 0.0062555 secs] [Times: user=0.02 sys=0.00, real=0.01 secs] 
2024-07-05T00:32:47.985+0800: 6827.299: [GC (Allocation Failure) [PSYoungGen: 721160K->2305K(690688K)] 1317518K->598663K(1298432K), 0.0048813 secs] [Times: user=0.01 sys=0.00, real=0.01 secs] 
2024-07-05T00:32:49.039+0800: 6828.353: [GC (Allocation Failure) [PSYoungGen: 690433K->3475K(664064K)] 1286791K->599833K(1271808K), 0.0059922 secs] [Times: user=0.01 sys=0.00, real=0.00 secs] 
2024-07-05T00:32:50.034+0800: 6829.348: [GC (Allocation Failure) [PSYoungGen: 663955K->3569K(728064K)] 1260313K->600329K(1335808K), 0.0078276 secs] [Times: user=0.01 sys=0.00, real=0.00 secs] 
2024-07-05T00:32:51.152+0800: 6830.466: [GC (Allocation Failure) [PSYoungGen: 728049K->3885K(801792K)] 1324809K->601144K(1409536K), 0.0087599 secs] [Times: user=0.02 sys=0.00, real=0.01 secs] 
2024-07-05T00:32:52.358+0800: 6831.672: [GC (Allocation Failure) [PSYoungGen: 801581K->3064K(879616K)] 1398840K->601151K(1487360K), 0.0062315 secs] [Times: user=0.01 sys=0.00, real=0.00 secs] 
2024-07-05T00:32:53.651+0800: 6832.966: [GC (Allocation Failure) [PSYoungGen: 879608K->4270K(953344K)] 1477695K->602357K(1561088K), 0.0072253 secs] [Times: user=0.01 sys=0.00, real=0.01 secs] 
2024-07-05T00:32:55.048+0800: 6834.362: [GC (Allocation Failure) [PSYoungGen: 952494K->2755K(910848K)] 1550581K->601090K(1518592K), 0.0058408 secs] [Times: user=0.01 sys=0.00, real=0.00 secs] 
2024-07-05T00:32:56.382+0800: 6835.696: [GC (Allocation Failure) [PSYoungGen: 910531K->4141K(965632K)] 1508866K->602476K(1573376K), 0.0078103 secs] [Times: user=0.02 sys=0.00, real=0.01 secs] 
2024-07-05T00:32:57.837+0800: 6837.151: [GC (Allocation Failure) [PSYoungGen: 964141K->4062K(923136K)] 1562476K->602397K(1530880K), 0.0070586 secs] [Times: user=0.01 sys=0.00, real=0.00 secs] 
2024-07-05T00:32:59.258+0800: 6838.572: [GC (Allocation Failure) [PSYoungGen: 923102K->3901K(884224K)] 1521437K->602443K(1491968K), 0.0072879 secs] [Times: user=0.01 sys=0.00, real=0.00 secs] 
2024-07-05T00:33:00.596+0800: 6839.910: [GC (Allocation Failure) [PSYoungGen: 884029K->3581K(846848K)] 1482571K->602475K(1454592K), 0.0073671 secs] [Times: user=0.01 sys=0.00, real=0.00 secs] 
2024-07-05T00:33:01.866+0800: 6841.181: [GC (Allocation Failure) [PSYoungGen: 846845K->3439K(811520K)] 1445739K->602340K(1419264K), 0.0060619 secs] [Times: user=0.01 sys=0.00, real=0.00 secs] 
2024-07-05T00:33:03.077+0800: 6842.392: [GC (Allocation Failure) [PSYoungGen: 811375K->3501K(778240K)] 1410276K->602411K(1385984K), 0.0064112 secs] [Times: user=0.01 sys=0.00, real=0.00 secs] 
2024-07-05T00:33:04.285+0800: 6843.599: [GC (Allocation Failure) [PSYoungGen: 778157K->3260K(852480K)] 1377067K->602384K(1460224K), 0.0086295 secs] [Times: user=0.01 sys=0.00, real=0.02 secs] 
2024-07-05T00:33:05.583+0800: 6844.897: [GC (Allocation Failure) [PSYoungGen: 852156K->2994K(816640K)] 1451280K->602413K(1424384K), 0.0064023 secs] [Times: user=0.00 sys=0.00, real=0.01 secs] 
2024-07-05T00:33:06.868+0800: 6846.182: [GC (Allocation Failure) [PSYoungGen: 816562K->2225K(782336K)] 1415981K->601653K(1390080K), 0.0048309 secs] [Times: user=0.00 sys=0.01, real=0.00 secs] 
2024-07-05T00:33:08.057+0800: 6847.371: [GC (Allocation Failure) [PSYoungGen: 782001K->2199K(750592K)] 1381429K->601626K(1358336K), 0.0043771 secs] [Times: user=0.01 sys=0.00, real=0.00 secs] 
2024-07-05T00:33:09.239+0800: 6848.554: [GC (Allocation Failure) [PSYoungGen: 750231K->2498K(720384K)] 1349658K->602424K(1328128K), 0.0055124 secs] [Times: user=0.01 sys=0.01, real=0.00 secs] 
2024-07-05T00:33:10.314+0800: 6849.628: [GC (Allocation Failure) [PSYoungGen: 720322K->2589K(691712K)] 1320248K->602531K(1299456K), 0.0058140 secs] [Times: user=0.01 sys=0.00, real=0.00 secs] 
2024-07-05T00:33:11.486+0800: 6850.800: [GC (Allocation Failure) [PSYoungGen: 691229K->2145K(663552K)] 1291171K->602480K(1271296K), 0.0063125 secs] [Times: user=0.01 sys=0.00, real=0.00 secs] 
2024-07-05T00:33:12.705+0800: 6852.019: [GC (Allocation Failure) [PSYoungGen: 663137K->2217K(637440K)] 1263472K->602592K(1245184K), 0.0055414 secs] [Times: user=0.01 sys=0.00, real=0.01 secs] 
2024-07-05T00:33:13.798+0800: 6853.112: [GC (Allocation Failure) [PSYoungGen: 637097K->2075K(612352K)] 1237472K->602459K(1220096K), 0.0076949 secs] [Times: user=0.01 sys=0.00, real=0.01 secs] 
2024-07-05T00:33:14.888+0800: 6854.202: [GC (Allocation Failure) [PSYoungGen: 611867K->2137K(588288K)] 1212251K->602528K(1196032K), 0.0062022 secs] [Times: user=0.01 sys=0.00, real=0.01 secs] 
2024-07-05T00:33:15.882+0800: 6855.196: [GC (Allocation Failure) [PSYoungGen: 587865K->2171K(646144K)] 1188256K->602571K(1253888K), 0.0078218 secs] [Times: user=0.01 sys=0.00, real=0.01 secs] 
2024-07-05T00:33:17.043+0800: 6856.358: [GC (Allocation Failure) [PSYoungGen: 645755K->2169K(620544K)] 1246155K->602576K(1228288K), 0.0047502 secs] [Times: user=0.00 sys=0.00, real=0.01 secs] 
2024-07-05T00:33:18.017+0800: 6857.331: [GC (Allocation Failure) [PSYoungGen: 620153K->2169K(596480K)] 1220560K->602584K(1204224K), 0.0051612 secs] [Times: user=0.01 sys=0.00, real=0.00 secs] 
2024-07-05T00:33:18.946+0800: 6858.260: [GC (Allocation Failure) [PSYoungGen: 596089K->2217K(573440K)] 1196504K->602640K(1181184K), 0.0048045 secs] [Times: user=0.01 sys=0.00, real=0.00 secs] 
2024-07-05T00:33:20.013+0800: 6859.327: [GC (Allocation Failure) [PSYoungGen: 573097K->854K(549888K)] 1173520K->601285K(1157632K), 0.0038956 secs] [Times: user=0.00 sys=0.00, real=0.01 secs] 
2024-07-05T00:33:20.914+0800: 6860.229: [GC (Allocation Failure) [PSYoungGen: 549718K->2171K(530432K)] 1150149K->602611K(1138176K), 0.0058775 secs] [Times: user=0.00 sys=0.01, real=0.00 secs] 
2024-07-05T00:33:21.789+0800: 6861.103: [GC (Allocation Failure) [PSYoungGen: 530043K->2121K(510464K)] 1130483K->602568K(1118208K), 0.0056274 secs] [Times: user=0.01 sys=0.00, real=0.01 secs] 
2024-07-05T00:33:22.727+0800: 6862.041: [GC (Allocation Failure) [PSYoungGen: 510025K->1995K(491008K)] 1110472K->602451K(1098752K), 0.0041333 secs] [Times: user=0.00 sys=0.00, real=0.00 secs] 
2024-07-05T00:33:23.495+0800: 6862.809: [GC (Allocation Failure) [PSYoungGen: 490955K->2171K(473600K)] 1091411K->602635K(1081344K), 0.0046039 secs] [Times: user=0.01 sys=0.00, real=0.00 secs] 
2024-07-05T00:33:24.171+0800: 6863.485: [GC (Allocation Failure) [PSYoungGen: 473211K->2123K(518656K)] 1073675K->602595K(1126400K), 0.0043687 secs] [Times: user=0.01 sys=0.00, real=0.01 secs] 
2024-07-05T00:33:25.085+0800: 6864.400: [GC (Allocation Failure) [PSYoungGen: 518219K->1796K(568832K)] 1118691K->602275K(1176576K), 0.0064829 secs] [Times: user=0.01 sys=0.00, real=0.01 secs] 
2024-07-05T00:33:26.144+0800: 6865.458: [GC (Allocation Failure) [PSYoungGen: 568580K->2137K(624128K)] 1169059K->602624K(1231872K), 0.0051652 secs] [Times: user=0.01 sys=0.00, real=0.01 secs] 
2024-07-05T00:33:27.055+0800: 6866.369: [GC (Allocation Failure) [PSYoungGen: 623705K->2153K(684032K)] 1224192K->602656K(1291776K), 0.0053376 secs] [Times: user=0.01 sys=0.00, real=0.00 secs] 
2024-07-05T00:33:28.144+0800: 6867.458: [GC (Allocation Failure) [PSYoungGen: 683625K->2094K(656896K)] 1284128K->602605K(1264640K), 0.0049117 secs] [Times: user=0.01 sys=0.00, real=0.01 secs] 
2024-07-05T00:33:29.159+0800: 6868.473: [GC (Allocation Failure) [PSYoungGen: 656430K->2233K(630784K)] 1256941K->602752K(1238528K), 0.0046710 secs] [Times: user=0.01 sys=0.00, real=0.00 secs] 
2024-07-05T00:33:30.123+0800: 6869.438: [GC (Allocation Failure) [PSYoungGen: 630457K->853K(604672K)] 1230976K->601372K(1212416K), 0.0034507 secs] [Times: user=0.01 sys=0.00, real=0.01 secs] 
2024-07-05T00:33:31.054+0800: 6870.368: [GC (Allocation Failure) [PSYoungGen: 604501K->2059K(582656K)] 1205020K->602587K(1190400K), 0.0064435 secs] [Times: user=0.01 sys=0.00, real=0.00 secs] 
2024-07-05T00:33:31.908+0800: 6871.222: [GC (Allocation Failure) [PSYoungGen: 582155K->2217K(638976K)] 1182683K->602752K(1246720K), 0.0062065 secs] [Times: user=0.01 sys=0.00, real=0.01 secs] 
2024-07-05T00:33:32.845+0800: 6872.160: [GC (Allocation Failure) [PSYoungGen: 638633K->2089K(613888K)] 1239168K->602632K(1221632K), 0.0046499 secs] [Times: user=0.00 sys=0.00, real=0.01 secs] 
2024-07-05T00:33:33.766+0800: 6873.080: [GC (Allocation Failure) [PSYoungGen: 613417K->2137K(589824K)] 1213960K->602688K(1197568K), 0.0047610 secs] [Times: user=0.01 sys=0.00, real=0.00 secs] 
2024-07-05T00:33:34.763+0800: 6874.077: [GC (Allocation Failure) [PSYoungGen: 589401K->1606K(566784K)] 1189952K->602158K(1174528K), 0.0044194 secs] [Times: user=0.00 sys=0.00, real=0.01 secs] 
2024-07-05T00:33:35.614+0800: 6874.929: [GC (Allocation Failure) [PSYoungGen: 566342K->2041K(545280K)] 1166894K->602600K(1153024K), 0.0040376 secs] [Times: user=0.01 sys=0.00, real=0.00 secs] 
2024-07-05T00:33:36.418+0800: 6875.732: [GC (Allocation Failure) [PSYoungGen: 545273K->2027K(524800K)] 1145832K->602595K(1132544K), 0.0040648 secs] [Times: user=0.01 sys=0.00, real=0.00 secs] 
2024-07-05T00:33:37.243+0800: 6876.557: [GC (Allocation Failure) [PSYoungGen: 524779K->983K(504320K)] 1125347K->601550K(1112064K), 0.0036566 secs] [Times: user=0.00 sys=0.00, real=0.01 secs] 
2024-07-05T00:33:37.994+0800: 6877.308: [GC (Allocation Failure) [PSYoungGen: 504279K->2091K(486912K)] 1104846K->602667K(1094656K), 0.0041914 secs] [Times: user=0.01 sys=0.00, real=0.00 secs] 
2024-07-05T00:33:38.656+0800: 6877.970: [GC (Allocation Failure) [PSYoungGen: 486443K->2121K(468992K)] 1087019K->602696K(1076736K), 0.0044569 secs] [Times: user=0.01 sys=0.00, real=0.00 secs] 
2024-07-05T00:33:39.388+0800: 6878.702: [GC (Allocation Failure) [PSYoungGen: 468553K->2139K(452096K)] 1069128K->602723K(1059840K), 0.0045174 secs] [Times: user=0.01 sys=0.00, real=0.00 secs] 
2024-07-05T00:33:40.036+0800: 6879.351: [GC (Allocation Failure) [PSYoungGen: 451675K->1527K(498688K)] 1052259K->602735K(1106432K), 0.0070474 secs] [Times: user=0.01 sys=0.00, real=0.00 secs] 
2024-07-05T00:33:40.797+0800: 6880.111: [GC (Allocation Failure) [PSYoungGen: 498679K->2545K(551424K)] 1099887K->603752K(1159168K), 0.0044760 secs] [Times: user=0.01 sys=0.00, real=0.00 secs] 
2024-07-05T00:33:41.630+0800: 6880.944: [GC (Allocation Failure) [PSYoungGen: 551409K->2531K(606720K)] 1152616K->603747K(1214464K), 0.0044669 secs] [Times: user=0.01 sys=0.00, real=0.01 secs] 
2024-07-05T00:33:42.544+0800: 6881.858: [GC (Allocation Failure) [PSYoungGen: 606691K->2670K(668160K)] 1207907K->603885K(1275904K), 0.0059389 secs] [Times: user=0.00 sys=0.00, real=0.01 secs] 
2024-07-05T00:33:43.498+0800: 6882.812: [GC (Allocation Failure) [PSYoungGen: 667758K->997K(734208K)] 1268973K->603883K(1341952K), 0.0067504 secs] [Times: user=0.01 sys=0.00, real=0.00 secs] 
2024-07-05T00:33:44.569+0800: 6883.883: [GC (Allocation Failure) [PSYoungGen: 734181K->3392K(810496K)] 1337067K->606279K(1418240K), 0.0057497 secs] [Times: user=0.01 sys=0.00, real=0.01 secs] 
2024-07-05T00:33:45.794+0800: 6885.108: [GC (Allocation Failure) [PSYoungGen: 810304K->3052K(890880K)] 1413191K->606303K(1498624K), 0.0073764 secs] [Times: user=0.01 sys=0.00, real=0.01 secs] 
2024-07-05T00:33:47.229+0800: 6886.543: [GC (Allocation Failure) [PSYoungGen: 890860K->3792K(926208K)] 1494111K->607044K(1533952K), 0.0060932 secs] [Times: user=0.01 sys=0.00, real=0.01 secs] 
2024-07-05T00:33:48.637+0800: 6887.951: [GC (Allocation Failure) [PSYoungGen: 925904K->4003K(887296K)] 1529156K->607254K(1495040K), 0.0066524 secs] [Times: user=0.01 sys=0.00, real=0.00 secs] 
2024-07-05T00:33:49.946+0800: 6889.260: [GC (Allocation Failure) [PSYoungGen: 887203K->3960K(850432K)] 1490454K->607211K(1458176K), 0.0068340 secs] [Times: user=0.01 sys=0.00, real=0.00 secs] 
2024-07-05T00:33:51.191+0800: 6890.505: [GC (Allocation Failure) [PSYoungGen: 850296K->1507K(812544K)] 1453547K->606352K(1420288K), 0.0056160 secs] [Times: user=0.02 sys=0.00, real=0.01 secs] 
2024-07-05T00:33:52.402+0800: 6891.716: [GC (Allocation Failure) [PSYoungGen: 812515K->3090K(781312K)] 1417360K->607935K(1389056K), 0.0060906 secs] [Times: user=0.01 sys=0.00, real=0.01 secs] 
2024-07-05T00:33:53.550+0800: 6892.864: [GC (Allocation Failure) [PSYoungGen: 780818K->3074K(749568K)] 1385663K->607919K(1357312K), 0.0065092 secs] [Times: user=0.01 sys=0.00, real=0.01 secs] 
2024-07-05T00:33:54.659+0800: 6893.973: [GC (Allocation Failure) [PSYoungGen: 749058K->2976K(718848K)] 1353903K->607821K(1326592K), 0.0066813 secs] [Times: user=0.01 sys=0.00, real=0.01 secs] 
2024-07-05T00:33:55.742+0800: 6895.056: [GC (Allocation Failure) [PSYoungGen: 718752K->3047K(690176K)] 1323597K->608673K(1297920K), 0.0064255 secs] [Times: user=0.01 sys=0.01, real=0.01 secs] 
2024-07-05T00:33:56.755+0800: 6896.069: [GC (Allocation Failure) [PSYoungGen: 690151K->4063K(760832K)] 1295777K->610203K(1368576K), 0.0085533 secs] [Times: user=0.01 sys=0.01, real=0.00 secs] 
2024-07-05T00:33:57.870+0800: 6897.184: [GC (Allocation Failure) [PSYoungGen: 760799K->2534K(837632K)] 1366939K->610111K(1445376K), 0.0082533 secs] [Times: user=0.01 sys=0.00, real=0.01 secs] 
2024-07-05T00:33:57.878+0800: 6897.192: [Full GC (Ergonomics) [PSYoungGen: 2534K->0K(837632K)] [ParOldGen: 607577K->277760K(456704K)] 610111K->277760K(1294336K), [Metaspace: 25738K->25697K(1073152K)], 0.1136584 secs] [Times: user=0.18 sys=0.00, real=0.11 secs] 
2024-07-05T00:33:59.221+0800: 6898.535: [GC (Allocation Failure) [PSYoungGen: 835072K->2512K(931328K)] 1112832K->280272K(1388032K), 0.0054070 secs] [Times: user=0.01 sys=0.00, real=0.01 secs] 
2024-07-05T00:34:00.608+0800: 6899.922: [GC (Allocation Failure) [PSYoungGen: 931280K->2052K(892416K)] 1209040K->279812K(1349120K), 0.0043075 secs] [Times: user=0.00 sys=0.00, real=0.00 secs] 
2024-07-05T00:34:01.930+0800: 6901.244: [GC (Allocation Failure) [PSYoungGen: 891908K->2318K(855552K)] 1169668K->280078K(1312256K), 0.0050434 secs] [Times: user=0.01 sys=0.00, real=0.01 secs] 
2024-07-05T00:34:03.241+0800: 6902.555: [GC (Allocation Failure) [PSYoungGen: 855310K->2443K(820736K)] 1133070K->280204K(1277440K), 0.0041578 secs] [Times: user=0.01 sys=0.00, real=0.00 secs] 
2024-07-05T00:34:04.519+0800: 6903.833: [GC (Allocation Failure) [PSYoungGen: 820619K->2558K(787456K)] 1098380K->280318K(1244160K), 0.0047316 secs] [Times: user=0.01 sys=0.00, real=0.00 secs] 
2024-07-05T00:34:05.694+0800: 6905.008: [GC (Allocation Failure) [PSYoungGen: 787454K->2571K(756224K)] 1065214K->280332K(1212928K), 0.0062869 secs] [Times: user=0.01 sys=0.00, real=0.00 secs] 
2024-07-05T00:34:06.868+0800: 6906.182: [GC (Allocation Failure) [PSYoungGen: 755723K->2494K(725504K)] 1033484K->280254K(1182208K), 0.0051883 secs] [Times: user=0.00 sys=0.00, real=0.00 secs] 
2024-07-05T00:34:07.952+0800: 6907.266: [GC (Allocation Failure) [PSYoungGen: 725438K->2430K(696832K)] 1003198K->280190K(1153536K), 0.0036576 secs] [Times: user=0.00 sys=0.00, real=0.01 secs] 
2024-07-05T00:34:09.034+0800: 6908.349: [GC (Allocation Failure) [PSYoungGen: 696702K->1338K(668160K)] 974462K->279098K(1124864K), 0.0033850 secs] [Times: user=0.00 sys=0.00, real=0.00 secs] 
2024-07-05T00:34:10.055+0800: 6909.369: [GC (Allocation Failure) [PSYoungGen: 667962K->2478K(643072K)] 945722K->280238K(1099776K), 0.0056954 secs] [Times: user=0.00 sys=0.00, real=0.00 secs] 
2024-07-05T00:34:11.003+0800: 6910.317: [GC (Allocation Failure) [PSYoungGen: 642990K->2427K(618496K)] 920750K->280188K(1075200K), 0.0045074 secs] [Times: user=0.01 sys=0.00, real=0.01 secs] 
2024-07-05T00:34:11.912+0800: 6911.227: [GC (Allocation Failure) [PSYoungGen: 618363K->2529K(594944K)] 896124K->280289K(1051648K), 0.0047036 secs] [Times: user=0.01 sys=0.01, real=0.01 secs] 
2024-07-05T00:34:12.890+0800: 6912.204: [GC (Allocation Failure) [PSYoungGen: 594913K->2601K(572928K)] 872673K->280361K(1029632K), 0.0062075 secs] [Times: user=0.01 sys=0.00, real=0.01 secs] 
2024-07-05T00:34:13.760+0800: 6913.074: [GC (Allocation Failure) [PSYoungGen: 572457K->1665K(550400K)] 850217K->279426K(1007104K), 0.0030929 secs] [Times: user=0.00 sys=0.00, real=0.00 secs] 
2024-07-05T00:34:14.588+0800: 6913.902: [GC (Allocation Failure) [PSYoungGen: 550017K->2105K(530432K)] 827778K->280209K(987136K), 0.0043711 secs] [Times: user=0.01 sys=0.00, real=0.00 secs] 
2024-07-05T00:34:15.338+0800: 6914.652: [GC (Allocation Failure) [PSYoungGen: 529977K->2041K(510464K)] 808081K->280153K(967168K), 0.0033576 secs] [Times: user=0.00 sys=0.00, real=0.00 secs] 
2024-07-05T00:34:16.121+0800: 6915.435: [GC (Allocation Failure) [PSYoungGen: 510457K->1436K(491520K)] 788569K->279556K(948224K), 0.0030312 secs] [Times: user=0.01 sys=0.00, real=0.00 secs] 
2024-07-05T00:34:16.859+0800: 6916.173: [GC (Allocation Failure) [PSYoungGen: 491420K->2073K(474624K)] 769540K->280201K(931328K), 0.0038668 secs] [Times: user=0.00 sys=0.00, real=0.00 secs] 
2024-07-05T00:34:17.526+0800: 6916.841: [GC (Allocation Failure) [PSYoungGen: 474137K->2234K(457728K)] 752265K->280371K(914432K), 0.0051278 secs] [Times: user=0.00 sys=0.00, real=0.00 secs] 
2024-07-05T00:34:18.241+0800: 6917.555: [GC (Allocation Failure) [PSYoungGen: 457402K->2075K(441856K)] 735539K->280220K(898560K), 0.0032680 secs] [Times: user=0.00 sys=0.00, real=0.00 secs] 
2024-07-05T00:34:18.864+0800: 6918.178: [GC (Allocation Failure) [PSYoungGen: 441371K->2102K(426496K)] 719516K->280255K(883200K), 0.0033863 secs] [Times: user=0.00 sys=0.00, real=0.01 secs] 
2024-07-05T00:34:19.539+0800: 6918.853: [GC (Allocation Failure) [PSYoungGen: 426038K->1292K(410624K)] 704191K->279445K(867328K), 0.0026023 secs] [Times: user=0.00 sys=0.00, real=0.00 secs] 
2024-07-05T00:34:20.126+0800: 6919.440: [GC (Allocation Failure) [PSYoungGen: 410380K->2203K(456704K)] 688533K->280364K(913408K), 0.0050024 secs] [Times: user=0.00 sys=0.00, real=0.00 secs] 
2024-07-05T00:34:20.854+0800: 6920.168: [GC (Allocation Failure) [PSYoungGen: 456347K->1606K(505856K)] 734508K->279775K(962560K), 0.0038411 secs] [Times: user=0.00 sys=0.00, real=0.00 secs] 
2024-07-05T00:34:21.631+0800: 6920.945: [GC (Allocation Failure) [PSYoungGen: 505414K->2137K(562176K)] 783583K->280313K(1018880K), 0.0048406 secs] [Times: user=0.01 sys=0.00, real=0.01 secs] 
2024-07-05T00:34:22.428+0800: 6921.742: [GC (Allocation Failure) [PSYoungGen: 561753K->2139K(623616K)] 839929K->280324K(1080320K), 0.0042939 secs] [Times: user=0.01 sys=0.00, real=0.00 secs] 
2024-07-05T00:34:23.414+0800: 6922.729: [GC (Allocation Failure) [PSYoungGen: 623195K->2251K(599552K)] 901380K->280444K(1056256K), 0.0050530 secs] [Times: user=0.01 sys=0.00, real=0.00 secs] 
2024-07-05T00:34:24.314+0800: 6923.628: [GC (Allocation Failure) [PSYoungGen: 599243K->1404K(576000K)] 877436K->279604K(1032704K), 0.0036692 secs] [Times: user=0.00 sys=0.00, real=0.00 secs] 
2024-07-05T00:34:25.201+0800: 6924.515: [GC (Allocation Failure) [PSYoungGen: 575868K->2187K(555520K)] 854068K->280396K(1012224K), 0.0034864 secs] [Times: user=0.00 sys=0.00, real=0.00 secs] 
2024-07-05T00:34:25.989+0800: 6925.303: [GC (Allocation Failure) [PSYoungGen: 555147K->2171K(535040K)] 833356K->280380K(991744K), 0.0056032 secs] [Times: user=0.00 sys=0.00, real=0.01 secs] 
2024-07-05T00:34:26.765+0800: 6926.080: [GC (Allocation Failure) [PSYoungGen: 534651K->2121K(515072K)] 812860K->280337K(971776K), 0.0031559 secs] [Times: user=0.01 sys=0.00, real=0.01 secs] 
2024-07-05T00:34:27.574+0800: 6926.888: [GC (Allocation Failure) [PSYoungGen: 514633K->1505K(495104K)] 792849K->280332K(951808K), 0.0035172 secs] [Times: user=0.01 sys=0.00, real=0.00 secs] 
2024-07-05T00:34:28.274+0800: 6927.588: [GC (Allocation Failure) [PSYoungGen: 495073K->2251K(478208K)] 773900K->281078K(934912K), 0.0044359 secs] [Times: user=0.01 sys=0.00, real=0.00 secs] 
2024-07-05T00:34:28.996+0800: 6928.310: [GC (Allocation Failure) [PSYoungGen: 477899K->911K(459776K)] 756726K->279738K(916480K), 0.0028953 secs] [Times: user=0.00 sys=0.00, real=0.00 secs] 
2024-07-05T00:34:29.692+0800: 6929.006: [GC (Allocation Failure) [PSYoungGen: 459663K->2123K(444928K)] 738490K->280950K(901632K), 0.0040844 secs] [Times: user=0.01 sys=0.00, real=0.01 secs] 
2024-07-05T00:34:30.366+0800: 6929.680: [GC (Allocation Failure) [PSYoungGen: 444491K->2331K(493568K)] 723318K->281166K(950272K), 0.0051507 secs] [Times: user=0.01 sys=0.00, real=0.00 secs] 
2024-07-05T00:34:31.150+0800: 6930.464: [GC (Allocation Failure) [PSYoungGen: 493339K->2075K(550400K)] 772174K->281038K(1007104K), 0.0064427 secs] [Times: user=0.01 sys=0.00, real=0.01 secs] 
2024-07-05T00:34:31.971+0800: 6931.285: [GC (Allocation Failure) [PSYoungGen: 549915K->1526K(610304K)] 828878K->281142K(1067008K), 0.0034585 secs] [Times: user=0.01 sys=0.00, real=0.01 secs] 
2024-07-05T00:34:32.900+0800: 6932.214: [GC (Allocation Failure) [PSYoungGen: 610294K->2522K(678912K)] 889910K->282146K(1135616K), 0.0055019 secs] [Times: user=0.00 sys=0.00, real=0.01 secs] 
2024-07-05T00:34:33.909+0800: 6933.223: [GC (Allocation Failure) [PSYoungGen: 678874K->2214K(652288K)] 958498K->282247K(1108992K), 0.0037445 secs] [Times: user=0.00 sys=0.00, real=0.00 secs] 
2024-07-05T00:34:34.911+0800: 6934.225: [GC (Allocation Failure) [PSYoungGen: 651942K->815K(625664K)] 931975K->280857K(1082368K), 0.0025006 secs] [Times: user=0.00 sys=0.00, real=0.00 secs] 
2024-07-05T00:34:35.864+0800: 6935.178: [GC (Allocation Failure) [PSYoungGen: 625455K->1704K(602624K)] 905497K->282166K(1059328K), 0.0033030 secs] [Times: user=0.01 sys=0.00, real=0.01 secs] 
2024-07-05T00:34:36.741+0800: 6936.055: [GC (Allocation Failure) [PSYoungGen: 602280K->2301K(580096K)] 882742K->282763K(1036800K), 0.0043343 secs] [Times: user=0.00 sys=0.00, real=0.00 secs] 
2024-07-05T00:34:37.554+0800: 6936.868: [GC (Allocation Failure) [PSYoungGen: 579837K->2027K(557568K)] 860299K->282611K(1014272K), 0.0040980 secs] [Times: user=0.01 sys=0.00, real=0.00 secs] 
2024-07-05T00:34:38.445+0800: 6937.759: [GC (Allocation Failure) [PSYoungGen: 557547K->1993K(536576K)] 838131K->283051K(993280K), 0.0031750 secs] [Times: user=0.00 sys=0.00, real=0.01 secs] 
2024-07-05T00:34:39.320+0800: 6938.634: [GC (Allocation Failure) [PSYoungGen: 536521K->1490K(516096K)] 817579K->283303K(972800K), 0.0044126 secs] [Times: user=0.01 sys=0.00, real=0.00 secs] 
2024-07-05T00:34:40.079+0800: 6939.393: [GC (Allocation Failure) [PSYoungGen: 516050K->2137K(498176K)] 797863K->283950K(954880K), 0.0040211 secs] [Times: user=0.01 sys=0.00, real=0.00 secs] 
2024-07-05T00:34:40.858+0800: 6940.172: [GC (Allocation Failure) [PSYoungGen: 497753K->1963K(479744K)] 779566K->283784K(936448K), 0.0046529 secs] [Times: user=0.00 sys=0.00, real=0.00 secs] 
2024-07-05T00:34:41.622+0800: 6940.936: [GC (Allocation Failure) [PSYoungGen: 479659K->1399K(461824K)] 761480K->283971K(918528K), 0.0048833 secs] [Times: user=0.00 sys=0.00, real=0.01 secs] 
2024-07-05T00:34:42.323+0800: 6941.637: [GC (Allocation Failure) [PSYoungGen: 461687K->2169K(446464K)] 744259K->284740K(903168K), 0.0034343 secs] [Times: user=0.01 sys=0.00, real=0.01 secs] 
2024-07-05T00:34:43.018+0800: 6942.332: [GC (Allocation Failure) [PSYoungGen: 446073K->1394K(495104K)] 728644K->284724K(951808K), 0.0054178 secs] [Times: user=0.00 sys=0.00, real=0.00 secs] 
2024-07-05T00:34:43.740+0800: 6943.054: [GC (Allocation Failure) [PSYoungGen: 494962K->2219K(551424K)] 778292K->285550K(1008128K), 0.0046363 secs] [Times: user=0.00 sys=0.00, real=0.00 secs] 
2024-07-05T00:34:44.546+0800: 6943.860: [GC (Allocation Failure) [PSYoungGen: 551083K->2233K(611328K)] 834414K->285571K(1068032K), 0.0037881 secs] [Times: user=0.01 sys=0.00, real=0.00 secs] 
2024-07-05T00:34:45.486+0800: 6944.800: [GC (Allocation Failure) [PSYoungGen: 611001K->722K(586240K)] 894339K->284697K(1042944K), 0.0051245 secs] [Times: user=0.01 sys=0.00, real=0.00 secs] 
2024-07-05T00:34:46.394+0800: 6945.708: [GC (Allocation Failure) [PSYoungGen: 585938K->2185K(565760K)] 869913K->286160K(1022464K), 0.0047453 secs] [Times: user=0.01 sys=0.00, real=0.00 secs] 
2024-07-05T00:34:47.189+0800: 6946.503: [GC (Allocation Failure) [PSYoungGen: 565385K->2166K(544768K)] 849360K->286149K(1001472K), 0.0035198 secs] [Times: user=0.01 sys=0.00, real=0.00 secs] 
2024-07-05T00:34:48.025+0800: 6947.339: [GC (Allocation Failure) [PSYoungGen: 544374K->2166K(524800K)] 828357K->286157K(981504K), 0.0034119 secs] [Times: user=0.01 sys=0.00, real=0.01 secs] 
2024-07-05T00:34:48.853+0800: 6948.167: [GC (Allocation Failure) [PSYoungGen: 524406K->1349K(504320K)] 808397K->286094K(961024K), 0.0034647 secs] [Times: user=0.01 sys=0.00, real=0.01 secs] 
2024-07-05T00:34:49.628+0800: 6948.942: [GC (Allocation Failure) [PSYoungGen: 504133K->2217K(486912K)] 788878K->286962K(943616K), 0.0052441 secs] [Times: user=0.00 sys=0.00, real=0.00 secs] 
2024-07-05T00:34:50.453+0800: 6949.767: [GC (Allocation Failure) [PSYoungGen: 486569K->2057K(469504K)] 771314K->286810K(926208K), 0.0031579 secs] [Times: user=0.00 sys=0.00, real=0.01 secs] 
2024-07-05T00:34:51.218+0800: 6950.532: [GC (Allocation Failure) [PSYoungGen: 469001K->1413K(451584K)] 753754K->286913K(908288K), 0.0050566 secs] [Times: user=0.01 sys=0.00, real=0.00 secs] 
2024-07-05T00:34:51.905+0800: 6951.219: [GC (Allocation Failure) [PSYoungGen: 451461K->2059K(436736K)] 736961K->287559K(893440K), 0.0029741 secs] [Times: user=0.01 sys=0.00, real=0.01 secs] 
2024-07-05T00:34:52.653+0800: 6951.967: [GC (Allocation Failure) [PSYoungGen: 436235K->1381K(420352K)] 721735K->287631K(877056K), 0.0036064 secs] [Times: user=0.01 sys=0.00, real=0.01 secs] 
2024-07-05T00:34:53.236+0800: 6952.550: [GC (Allocation Failure) [PSYoungGen: 420197K->2121K(407040K)] 706447K->288371K(863744K), 0.0039180 secs] [Times: user=0.01 sys=0.00, real=0.00 secs] 
2024-07-05T00:34:53.895+0800: 6953.209: [GC (Allocation Failure) [PSYoungGen: 406601K->1472K(451072K)] 692851K->288481K(907776K), 0.0049529 secs] [Times: user=0.00 sys=0.00, real=0.00 secs] 
2024-07-05T00:34:54.586+0800: 6953.900: [GC (Allocation Failure) [PSYoungGen: 451008K->2235K(504832K)] 738017K->289245K(961536K), 0.0059681 secs] [Times: user=0.00 sys=0.00, real=0.00 secs] 
2024-07-05T00:34:55.359+0800: 6954.673: [GC (Allocation Failure) [PSYoungGen: 504507K->2105K(562176K)] 791517K->289122K(1018880K), 0.0039729 secs] [Times: user=0.01 sys=0.00, real=0.00 secs] 
2024-07-05T00:34:56.271+0800: 6955.585: [GC (Allocation Failure) [PSYoungGen: 561721K->1413K(540160K)] 848738K->289189K(996864K), 0.0033353 secs] [Times: user=0.01 sys=0.00, real=0.01 secs] 
2024-07-05T00:34:57.059+0800: 6956.373: [GC (Allocation Failure) [PSYoungGen: 540037K->2198K(601088K)] 827813K->289974K(1057792K), 0.0050678 secs] [Times: user=0.00 sys=0.00, real=0.00 secs] 
2024-07-05T00:34:57.918+0800: 6957.233: [GC (Allocation Failure) [PSYoungGen: 600726K->2091K(667136K)] 888502K->289875K(1123840K), 0.0049308 secs] [Times: user=0.01 sys=0.00, real=0.00 secs] 
2024-07-05T00:34:58.917+0800: 6958.231: [GC (Allocation Failure) [PSYoungGen: 666667K->2153K(641024K)] 954451K->289945K(1097728K), 0.0034983 secs] [Times: user=0.01 sys=0.00, real=0.00 secs] 
2024-07-05T00:34:59.896+0800: 6959.210: [GC (Allocation Failure) [PSYoungGen: 640617K->754K(614912K)] 928409K->289183K(1071616K), 0.0049370 secs] [Times: user=0.00 sys=0.00, real=0.00 secs] 
2024-07-05T00:35:00.850+0800: 6960.164: [GC (Allocation Failure) [PSYoungGen: 614642K->2249K(592896K)] 903071K->290677K(1049600K), 0.0036649 secs] [Times: user=0.00 sys=0.00, real=0.00 secs] 
2024-07-05T00:35:01.710+0800: 6961.024: [GC (Allocation Failure) [PSYoungGen: 592585K->2217K(570368K)] 881013K->290653K(1027072K), 0.0055799 secs] [Times: user=0.01 sys=0.00, real=0.01 secs] 
2024-07-05T00:35:02.568+0800: 6961.883: [GC (Allocation Failure) [PSYoungGen: 570025K->2137K(548864K)] 858461K->290581K(1005568K), 0.0033252 secs] [Times: user=0.00 sys=0.00, real=0.00 secs] 
2024-07-05T00:35:03.402+0800: 6962.716: [GC (Allocation Failure) [PSYoungGen: 548441K->736K(526848K)] 836885K->289825K(983552K), 0.0027894 secs] [Times: user=0.00 sys=0.00, real=0.00 secs] 
2024-07-05T00:35:04.229+0800: 6963.543: [GC (Allocation Failure) [PSYoungGen: 526560K->2089K(508928K)] 815649K->291178K(965632K), 0.0035413 secs] [Times: user=0.01 sys=0.00, real=0.00 secs] 
2024-07-05T00:35:04.962+0800: 6964.276: [GC (Allocation Failure) [PSYoungGen: 508457K->2105K(490496K)] 797546K->291202K(947200K), 0.0033253 secs] [Times: user=0.00 sys=0.00, real=0.00 secs] 
2024-07-05T00:35:05.786+0800: 6965.101: [GC (Allocation Failure) [PSYoungGen: 490041K->1010K(471552K)] 779138K->290805K(928256K), 0.0030993 secs] [Times: user=0.01 sys=0.00, real=0.00 secs] 
2024-07-05T00:35:06.529+0800: 6965.844: [GC (Allocation Failure) [PSYoungGen: 471538K->2217K(456192K)] 761333K->292012K(912896K), 0.0053797 secs] [Times: user=0.01 sys=0.01, real=0.01 secs] 
2024-07-05T00:35:07.197+0800: 6966.512: [GC (Allocation Failure) [PSYoungGen: 455849K->2105K(440320K)] 745644K->291900K(897024K), 0.0037481 secs] [Times: user=0.01 sys=0.00, real=0.00 secs] 
2024-07-05T00:35:07.914+0800: 6967.228: [GC (Allocation Failure) [PSYoungGen: 439865K->2139K(424960K)] 729660K->291942K(881664K), 0.0033855 secs] [Times: user=0.01 sys=0.00, real=0.00 secs] 
2024-07-05T00:35:08.513+0800: 6967.828: [GC (Allocation Failure) [PSYoungGen: 424539K->2203K(410112K)] 714342K->292014K(866816K), 0.0038891 secs] [Times: user=0.00 sys=0.00, real=0.01 secs] 
2024-07-05T00:35:09.173+0800: 6968.487: [GC (Allocation Failure) [PSYoungGen: 409755K->1362K(456192K)] 699566K->291932K(912896K), 0.0059649 secs] [Times: user=0.01 sys=0.00, real=0.01 secs] 
2024-07-05T00:35:09.908+0800: 6969.222: [GC (Allocation Failure) [PSYoungGen: 456018K->2059K(507904K)] 746588K->292629K(964608K), 0.0034249 secs] [Times: user=0.01 sys=0.00, real=0.00 secs] 
2024-07-05T00:35:10.753+0800: 6970.067: [GC (Allocation Failure) [PSYoungGen: 507403K->384K(487424K)] 797973K->291537K(944128K), 0.0028568 secs] [Times: user=0.00 sys=0.00, real=0.01 secs] 
2024-07-05T00:35:11.486+0800: 6970.800: [GC (Allocation Failure) [PSYoungGen: 487296K->2011K(473088K)] 778449K->293164K(929792K), 0.0029389 secs] [Times: user=0.00 sys=0.00, real=0.00 secs] 
2024-07-05T00:35:12.207+0800: 6971.521: [GC (Allocation Failure) [PSYoungGen: 471515K->2201K(455168K)] 762668K->293362K(911872K), 0.0048687 secs] [Times: user=0.01 sys=0.00, real=0.00 secs] 
2024-07-05T00:35:12.917+0800: 6972.231: [GC (Allocation Failure) [PSYoungGen: 454809K->1317K(438272K)] 745970K->293232K(894976K), 0.0032611 secs] [Times: user=0.00 sys=0.00, real=0.00 secs] 
2024-07-05T00:35:13.557+0800: 6972.871: [GC (Allocation Failure) [PSYoungGen: 438053K->2091K(423936K)] 729968K->294007K(880640K), 0.0034877 secs] [Times: user=0.00 sys=0.00, real=0.00 secs] 
2024-07-05T00:35:14.220+0800: 6973.534: [GC (Allocation Failure) [PSYoungGen: 423467K->1042K(408576K)] 715383K->293655K(865280K), 0.0037725 secs] [Times: user=0.00 sys=0.00, real=0.00 secs] 
2024-07-05T00:35:14.870+0800: 6974.184: [GC (Allocation Failure) [PSYoungGen: 408082K->2187K(455680K)] 700695K->294801K(912384K), 0.0055323 secs] [Times: user=0.01 sys=0.00, real=0.01 secs] 
2024-07-05T00:35:15.596+0800: 6974.910: [GC (Allocation Failure) [PSYoungGen: 455307K->1276K(438784K)] 747921K->293897K(895488K), 0.0026125 secs] [Times: user=0.00 sys=0.00, real=0.00 secs] 
2024-07-05T00:35:16.265+0800: 6975.579: [GC (Allocation Failure) [PSYoungGen: 438524K->1482K(423424K)] 731145K->294744K(880128K), 0.0039351 secs] [Times: user=0.01 sys=0.00, real=0.01 secs] 
2024-07-05T00:35:16.855+0800: 6976.169: [GC (Allocation Failure) [PSYoungGen: 423370K->2187K(409600K)] 716632K->295457K(866304K), 0.0035025 secs] [Times: user=0.00 sys=0.00, real=0.00 secs] 
2024-07-05T00:35:17.507+0800: 6976.821: [GC (Allocation Failure) [PSYoungGen: 409227K->1381K(394752K)] 702497K->295401K(851456K), 0.0034115 secs] [Times: user=0.01 sys=0.00, real=0.00 secs] 
2024-07-05T00:35:18.066+0800: 6977.380: [GC (Allocation Failure) [PSYoungGen: 394597K->2233K(439296K)] 688617K->296253K(896000K), 0.0036505 secs] [Times: user=0.00 sys=0.00, real=0.00 secs] 
2024-07-05T00:35:18.765+0800: 6978.079: [GC (Allocation Failure) [PSYoungGen: 438969K->1458K(489472K)] 732989K->296233K(946176K), 0.0064770 secs] [Times: user=0.00 sys=0.00, real=0.01 secs] 
2024-07-05T00:35:19.498+0800: 6978.812: [GC (Allocation Failure) [PSYoungGen: 489394K->2134K(547840K)] 784169K->296909K(1004544K), 0.0050543 secs] [Times: user=0.01 sys=0.00, real=0.00 secs] 
2024-07-05T00:35:20.386+0800: 6979.700: [GC (Allocation Failure) [PSYoungGen: 547414K->2075K(610304K)] 842189K->296859K(1067008K), 0.0045122 secs] [Times: user=0.00 sys=0.00, real=0.00 secs] 
2024-07-05T00:35:21.377+0800: 6980.692: [GC (Allocation Failure) [PSYoungGen: 609819K->1362K(678400K)] 904603K->296900K(1135104K), 0.0057595 secs] [Times: user=0.01 sys=0.00, real=0.00 secs] 
2024-07-05T00:35:22.410+0800: 6981.724: [GC (Allocation Failure) [PSYoungGen: 678226K->2187K(754688K)] 973764K->297725K(1211392K), 0.0048405 secs] [Times: user=0.01 sys=0.00, real=0.01 secs] 
2024-07-05T00:35:23.510+0800: 6982.824: [GC (Allocation Failure) [PSYoungGen: 754315K->2134K(724480K)] 1049853K->297680K(1181184K), 0.0036548 secs] [Times: user=0.01 sys=0.00, real=0.01 secs] 
2024-07-05T00:35:24.604+0800: 6983.918: [GC (Allocation Failure) [PSYoungGen: 724054K->1531K(694784K)] 1019600K->297669K(1151488K), 0.0037961 secs] [Times: user=0.01 sys=0.00, real=0.01 secs] 
2024-07-05T00:35:25.721+0800: 6985.035: [GC (Allocation Failure) [PSYoungGen: 694779K->2166K(668672K)] 990917K->298690K(1125376K), 0.0040669 secs] [Times: user=0.01 sys=0.00, real=0.00 secs] 
2024-07-05T00:35:26.723+0800: 6986.037: [GC (Allocation Failure) [PSYoungGen: 668278K->2105K(642560K)] 964802K->298636K(1099264K), 0.0047010 secs] [Times: user=0.00 sys=0.00, real=0.01 secs] 
2024-07-05T00:35:27.792+0800: 6987.106: [GC (Allocation Failure) [PSYoungGen: 642105K->2233K(617984K)] 938636K->298772K(1074688K), 0.0042964 secs] [Times: user=0.01 sys=0.00, real=0.01 secs] 
2024-07-05T00:35:28.751+0800: 6988.065: [GC (Allocation Failure) [PSYoungGen: 617657K->352K(592384K)] 914196K->297475K(1049088K), 0.0026622 secs] [Times: user=0.01 sys=0.00, real=0.00 secs] 
2024-07-05T00:35:29.668+0800: 6988.982: [GC (Allocation Failure) [PSYoungGen: 592224K->2203K(572928K)] 889347K->299327K(1029632K), 0.0036685 secs] [Times: user=0.01 sys=0.00, real=0.00 secs] 
2024-07-05T00:35:30.547+0800: 6989.861: [GC (Allocation Failure) [PSYoungGen: 571547K->2233K(550400K)] 868671K->299356K(1007104K), 0.0039442 secs] [Times: user=0.01 sys=0.00, real=0.00 secs] 
2024-07-05T00:35:31.396+0800: 6990.710: [GC (Allocation Failure) [PSYoungGen: 550073K->2201K(529920K)] 847196K->299324K(986624K), 0.0037162 secs] [Times: user=0.01 sys=0.00, real=0.00 secs] 
2024-07-05T00:35:32.257+0800: 6991.571: [GC (Allocation Failure) [PSYoungGen: 529561K->2118K(510464K)] 826684K->299241K(967168K), 0.0038234 secs] [Times: user=0.01 sys=0.00, real=0.00 secs] 
2024-07-05T00:35:32.993+0800: 6992.307: [GC (Allocation Failure) [PSYoungGen: 510022K->2155K(492032K)] 807145K->299278K(948736K), 0.0054688 secs] [Times: user=0.01 sys=0.00, real=0.01 secs] 
2024-07-05T00:35:33.700+0800: 6993.014: [GC (Allocation Failure) [PSYoungGen: 491627K->2166K(474112K)] 788750K->299289K(930816K), 0.0035031 secs] [Times: user=0.01 sys=0.00, real=0.00 secs] 
2024-07-05T00:35:34.501+0800: 6993.815: [GC (Allocation Failure) [PSYoungGen: 473718K->2201K(457216K)] 770841K->299332K(913920K), 0.0041874 secs] [Times: user=0.01 sys=0.00, real=0.00 secs] 
2024-07-05T00:35:35.164+0800: 6994.478: [GC (Allocation Failure) [PSYoungGen: 456857K->1516K(440320K)] 753988K->299171K(897024K), 0.0040423 secs] [Times: user=0.01 sys=0.00, real=0.01 secs] 
2024-07-05T00:35:35.891+0800: 6995.206: [GC (Allocation Failure) [PSYoungGen: 440300K->1578K(425472K)] 737955K->299232K(882176K), 0.0035529 secs] [Times: user=0.01 sys=0.00, real=0.01 secs] 
2024-07-05T00:35:36.516+0800: 6995.830: [GC (Allocation Failure) [PSYoungGen: 425002K->2747K(411648K)] 722656K->300401K(868352K), 0.0042048 secs] [Times: user=0.01 sys=0.00, real=0.00 secs] 
2024-07-05T00:35:37.170+0800: 6996.484: [GC (Allocation Failure) [PSYoungGen: 411323K->1951K(396800K)] 708977K->299605K(853504K), 0.0034720 secs] [Times: user=0.01 sys=0.00, real=0.00 secs] 
2024-07-05T00:35:37.770+0800: 6997.084: [GC (Allocation Failure) [PSYoungGen: 396703K->2185K(440832K)] 694357K->300402K(897536K), 0.0036554 secs] [Times: user=0.01 sys=0.00, real=0.00 secs] 
2024-07-05T00:35:38.413+0800: 6997.727: [GC (Allocation Failure) [PSYoungGen: 440457K->1974K(424960K)] 738674K->300199K(881664K), 0.0032898 secs] [Times: user=0.00 sys=0.00, real=0.01 secs] 
2024-07-05T00:35:39.059+0800: 6998.373: [GC (Allocation Failure) [PSYoungGen: 424886K->1253K(472064K)] 723111K->300232K(928768K), 0.0049193 secs] [Times: user=0.01 sys=0.00, real=0.00 secs] 
2024-07-05T00:35:39.760+0800: 6999.074: [GC (Allocation Failure) [PSYoungGen: 471781K->2294K(525312K)] 770760K->301274K(982016K), 0.0038025 secs] [Times: user=0.01 sys=0.00, real=0.00 secs] 
2024-07-05T00:35:40.575+0800: 6999.889: [GC (Allocation Failure) [PSYoungGen: 525046K->1285K(582144K)] 824026K->301019K(1038848K), 0.0043376 secs] [Times: user=0.00 sys=0.00, real=0.00 secs] 
2024-07-05T00:36:06.306+0800: 7025.620: [GC (Allocation Failure) [PSYoungGen: 581893K->3058K(561664K)] 881627K->305631K(1018368K), 0.0083066 secs] [Times: user=0.01 sys=0.00, real=0.01 secs] 
2024-07-05T00:36:07.658+0800: 7026.972: [GC (Allocation Failure) [PSYoungGen: 561650K->2048K(539648K)] 864223K->307190K(996352K), 0.0066785 secs] [Times: user=0.01 sys=0.00, real=0.00 secs] 
2024-07-05T00:36:08.661+0800: 7027.975: [GC (Allocation Failure) [PSYoungGen: 539648K->1968K(519680K)] 844790K->308832K(976384K), 0.0053404 secs] [Times: user=0.01 sys=0.00, real=0.01 secs] 
2024-07-05T00:36:09.663+0800: 7028.978: [GC (Allocation Failure) [PSYoungGen: 519600K->1952K(500736K)] 826464K->308835K(957440K), 0.0048196 secs] [Times: user=0.01 sys=0.00, real=0.01 secs] 
2024-07-05T00:36:10.567+0800: 7029.881: [GC (Allocation Failure) [PSYoungGen: 500640K->1968K(482816K)] 807523K->308859K(939520K), 0.0046757 secs] [Times: user=0.01 sys=0.00, real=0.00 secs] 
2024-07-05T00:36:11.528+0800: 7030.843: [GC (Allocation Failure) [PSYoungGen: 482736K->2800K(466432K)] 789627K->309699K(923136K), 0.0071411 secs] [Times: user=0.01 sys=0.00, real=0.01 secs] 
2024-07-05T00:36:12.372+0800: 7031.687: [GC (Allocation Failure) [PSYoungGen: 466160K->2000K(449024K)] 773059K->308939K(905728K), 0.0028250 secs] [Times: user=0.00 sys=0.00, real=0.01 secs] 
2024-07-05T00:36:13.152+0800: 7032.466: [GC (Allocation Failure) [PSYoungGen: 448976K->2112K(433664K)] 755915K->309059K(890368K), 0.0028674 secs] [Times: user=0.00 sys=0.00, real=0.01 secs] 
2024-07-05T00:36:13.876+0800: 7033.190: [GC (Allocation Failure) [PSYoungGen: 433216K->2032K(418304K)] 740163K->308987K(875008K), 0.0028174 secs] [Times: user=0.01 sys=0.00, real=0.00 secs] 
2024-07-05T00:36:14.568+0800: 7033.883: [GC (Allocation Failure) [PSYoungGen: 418288K->3824K(466432K)] 725243K->310819K(923136K), 0.0069384 secs] [Times: user=0.01 sys=0.00, real=0.01 secs] 
2024-07-05T00:36:15.379+0800: 7034.693: [GC (Allocation Failure) [PSYoungGen: 466160K->2032K(448000K)] 773155K->309035K(904704K), 0.0029954 secs] [Times: user=0.01 sys=0.00, real=0.00 secs] 
2024-07-05T00:36:16.107+0800: 7035.421: [GC (Allocation Failure) [PSYoungGen: 447984K->1968K(432128K)] 754987K->308979K(888832K), 0.0040630 secs] [Times: user=0.01 sys=0.00, real=0.00 secs] 
2024-07-05T00:36:16.758+0800: 7036.072: [GC (Allocation Failure) [PSYoungGen: 432048K->1920K(417280K)] 739059K->308939K(873984K), 0.0029171 secs] [Times: user=0.01 sys=0.00, real=0.00 secs] 
2024-07-05T00:36:17.372+0800: 7036.686: [GC (Allocation Failure) [PSYoungGen: 417152K->2016K(402944K)] 724171K->309043K(859648K), 0.0030587 secs] [Times: user=0.00 sys=0.00, real=0.01 secs] 
2024-07-05T00:36:17.893+0800: 7037.207: [GC (Allocation Failure) [PSYoungGen: 402912K->2048K(389120K)] 709939K->309107K(845824K), 0.0028343 secs] [Times: user=0.00 sys=0.00, real=0.01 secs] 
2024-07-05T00:36:18.432+0800: 7037.746: [GC (Allocation Failure) [PSYoungGen: 389120K->2064K(376832K)] 696179K->309155K(833536K), 0.0027040 secs] [Times: user=0.00 sys=0.01, real=0.01 secs] 
2024-07-05T00:36:18.962+0800: 7038.277: [GC (Allocation Failure) [PSYoungGen: 376336K->1888K(364032K)] 683427K->308995K(820736K), 0.0033151 secs] [Times: user=0.00 sys=0.00, real=0.01 secs] 
2024-07-05T00:36:19.417+0800: 7038.731: [GC (Allocation Failure) [PSYoungGen: 363872K->2144K(352768K)] 670979K->309267K(809472K), 0.0030008 secs] [Times: user=0.01 sys=0.00, real=0.00 secs] 
2024-07-05T00:36:19.845+0800: 7039.159: [GC (Allocation Failure) [PSYoungGen: 352352K->1936K(391168K)] 659475K->309099K(847872K), 0.0029182 secs] [Times: user=0.01 sys=0.00, real=0.01 secs] 
2024-07-05T00:36:20.296+0800: 7039.610: [GC (Allocation Failure) [PSYoungGen: 391056K->2096K(435200K)] 698219K->309299K(891904K), 0.0027950 secs] [Times: user=0.00 sys=0.00, real=0.00 secs] 
2024-07-05T00:36:20.838+0800: 7040.152: [GC (Allocation Failure) [PSYoungGen: 434736K->1904K(485376K)] 741939K->309115K(942080K), 0.0049108 secs] [Times: user=0.01 sys=0.00, real=0.00 secs] 
2024-07-05T00:36:21.429+0800: 7040.744: [GC (Allocation Failure) [PSYoungGen: 485232K->2016K(540160K)] 792443K->309243K(996864K), 0.0028291 secs] [Times: user=0.00 sys=0.00, real=0.00 secs] 
2024-07-05T00:36:22.071+0800: 7041.385: [GC (Allocation Failure) [PSYoungGen: 540128K->1872K(600064K)] 847355K->309107K(1056768K), 0.0030767 secs] [Times: user=0.01 sys=0.00, real=0.01 secs] 
2024-07-05T00:36:22.864+0800: 7042.178: [GC (Allocation Failure) [PSYoungGen: 599888K->1936K(577024K)] 907123K->309179K(1033728K), 0.0035908 secs] [Times: user=0.00 sys=0.00, real=0.01 secs] 
2024-07-05T00:36:23.530+0800: 7042.844: [GC (Allocation Failure) [PSYoungGen: 576912K->1936K(640512K)] 884155K->309187K(1097216K), 0.0046269 secs] [Times: user=0.01 sys=0.00, real=0.01 secs] 
2024-07-05T00:36:24.287+0800: 7043.602: [GC (Allocation Failure) [PSYoungGen: 640400K->1952K(710144K)] 947651K->309211K(1166848K), 0.0038712 secs] [Times: user=0.01 sys=0.00, real=0.00 secs] 
2024-07-05T00:36:25.110+0800: 7044.424: [GC (Allocation Failure) [PSYoungGen: 710048K->1936K(681984K)] 1017307K->309203K(1138688K), 0.0028652 secs] [Times: user=0.01 sys=0.00, real=0.00 secs] 
2024-07-05T00:36:26.182+0800: 7045.496: [GC (Allocation Failure) [PSYoungGen: 681872K->1968K(655360K)] 989139K->309251K(1112064K), 0.0028012 secs] [Times: user=0.01 sys=0.00, real=0.00 secs] 
2024-07-05T00:36:26.931+0800: 7046.245: [GC (Allocation Failure) [PSYoungGen: 655280K->2000K(629760K)] 962563K->309291K(1086464K), 0.0042277 secs] [Times: user=0.01 sys=0.00, real=0.01 secs] 
2024-07-05T00:36:27.674+0800: 7046.988: [GC (Allocation Failure) [PSYoungGen: 629712K->1936K(605696K)] 937003K->309235K(1062400K), 0.0032304 secs] [Times: user=0.00 sys=0.00, real=0.00 secs] 
2024-07-05T00:36:28.356+0800: 7047.670: [GC (Allocation Failure) [PSYoungGen: 605584K->1984K(582656K)] 912883K->309291K(1039360K), 0.0031740 secs] [Times: user=0.01 sys=0.00, real=0.00 secs] 
2024-07-05T00:36:29.034+0800: 7048.348: [GC (Allocation Failure) [PSYoungGen: 582592K->1888K(560640K)] 889899K->309203K(1017344K), 0.0049844 secs] [Times: user=0.00 sys=0.00, real=0.00 secs] 
2024-07-05T00:36:29.706+0800: 7049.021: [GC (Allocation Failure) [PSYoungGen: 560480K->2048K(540160K)] 867795K->309371K(996864K), 0.0028403 secs] [Times: user=0.00 sys=0.00, real=0.00 secs] 
2024-07-05T00:36:30.315+0800: 7049.629: [GC (Allocation Failure) [PSYoungGen: 539648K->2016K(519680K)] 846971K->309387K(976384K), 0.0028258 secs] [Times: user=0.00 sys=0.00, real=0.00 secs] 
2024-07-05T00:36:30.934+0800: 7050.248: [GC (Allocation Failure) [PSYoungGen: 519648K->2048K(577024K)] 827019K->309451K(1033728K), 0.0048129 secs] [Times: user=0.01 sys=0.00, real=0.00 secs] 
2024-07-05T00:36:31.709+0800: 7051.023: [GC (Allocation Failure) [PSYoungGen: 576512K->992K(553984K)] 883915K->309473K(1010688K), 0.0028001 secs] [Times: user=0.01 sys=0.00, real=0.00 secs] 
2024-07-05T00:36:32.378+0800: 7051.693: [GC (Allocation Failure) [PSYoungGen: 553952K->1952K(534528K)] 862433K->310641K(991232K), 0.0028142 secs] [Times: user=0.01 sys=0.00, real=0.00 secs] 
2024-07-05T00:36:33.031+0800: 7052.346: [GC (Allocation Failure) [PSYoungGen: 534432K->1888K(514560K)] 843121K->310585K(971264K), 0.0040800 secs] [Times: user=0.01 sys=0.00, real=0.01 secs] 
2024-07-05T00:36:33.661+0800: 7052.975: [GC (Allocation Failure) [PSYoungGen: 514400K->1984K(495616K)] 823097K->310697K(952320K), 0.0028494 secs] [Times: user=0.01 sys=0.00, real=0.00 secs] 
2024-07-05T00:36:34.247+0800: 7053.561: [GC (Allocation Failure) [PSYoungGen: 495552K->1504K(477184K)] 804265K->310785K(933888K), 0.0028013 secs] [Times: user=0.00 sys=0.00, real=0.00 secs] 
2024-07-05T00:36:34.787+0800: 7054.101: [GC (Allocation Failure) [PSYoungGen: 477152K->1968K(460800K)] 786433K->311361K(917504K), 0.0027551 secs] [Times: user=0.01 sys=0.00, real=0.00 secs] 
2024-07-05T00:36:35.301+0800: 7054.615: [GC (Allocation Failure) [PSYoungGen: 460720K->2032K(511488K)] 770113K->312967K(968192K), 0.0040698 secs] [Times: user=0.01 sys=0.00, real=0.00 secs] 
2024-07-05T00:36:35.913+0800: 7055.227: [GC (Allocation Failure) [PSYoungGen: 511472K->2112K(568320K)] 822407K->314127K(1025024K), 0.0036862 secs] [Times: user=0.01 sys=0.00, real=0.01 secs] 
2024-07-05T00:36:36.610+0800: 7055.924: [GC (Allocation Failure) [PSYoungGen: 567872K->1904K(629760K)] 879887K->314077K(1086464K), 0.0036106 secs] [Times: user=0.01 sys=0.00, real=0.01 secs] 
2024-07-05T00:36:37.315+0800: 7056.630: [GC (Allocation Failure) [PSYoungGen: 629616K->1920K(605696K)] 941789K->314101K(1062400K), 0.0028096 secs] [Times: user=0.00 sys=0.00, real=0.00 secs] 
2024-07-05T00:36:38.006+0800: 7057.320: [GC (Allocation Failure) [PSYoungGen: 605568K->1984K(671744K)] 917749K->314173K(1128448K), 0.0048754 secs] [Times: user=0.00 sys=0.00, real=0.00 secs] 
2024-07-05T00:36:38.792+0800: 7058.106: [GC (Allocation Failure) [PSYoungGen: 671680K->1936K(645632K)] 983869K->314133K(1102336K), 0.0038163 secs] [Times: user=0.01 sys=0.00, real=0.01 secs] 
2024-07-05T00:36:39.553+0800: 7058.867: [GC (Allocation Failure) [PSYoungGen: 645520K->2000K(620544K)] 957717K->314205K(1077248K), 0.0028090 secs] [Times: user=0.01 sys=0.00, real=0.01 secs] 
2024-07-05T00:36:40.252+0800: 7059.566: [GC (Allocation Failure) [PSYoungGen: 620496K->1968K(596992K)] 932701K->314181K(1053696K), 0.0029494 secs] [Times: user=0.00 sys=0.00, real=0.01 secs] 
2024-07-05T00:36:40.920+0800: 7060.234: [GC (Allocation Failure) [PSYoungGen: 596912K->1968K(574464K)] 909125K->314189K(1031168K), 0.0027270 secs] [Times: user=0.00 sys=0.00, real=0.00 secs] 
2024-07-05T00:36:41.587+0800: 7060.901: [GC (Allocation Failure) [PSYoungGen: 574384K->2032K(552960K)] 886605K->314261K(1009664K), 0.0031191 secs] [Times: user=0.00 sys=0.00, real=0.00 secs] 
2024-07-05T00:36:42.216+0800: 7061.530: [GC (Allocation Failure) [PSYoungGen: 552944K->1520K(531968K)] 865173K->314277K(988672K), 0.0049444 secs] [Times: user=0.01 sys=0.00, real=0.00 secs] 
2024-07-05T00:36:42.810+0800: 7062.124: [GC (Allocation Failure) [PSYoungGen: 531952K->2192K(513536K)] 844709K->315013K(970240K), 0.0028604 secs] [Times: user=0.00 sys=0.00, real=0.00 secs] 
2024-07-05T00:36:43.390+0800: 7062.704: [GC (Allocation Failure) [PSYoungGen: 513168K->1536K(569344K)] 825989K->314757K(1026048K), 0.0044176 secs] [Times: user=0.01 sys=0.00, real=0.01 secs] 
2024-07-05T00:36:44.043+0800: 7063.358: [GC (Allocation Failure) [PSYoungGen: 569344K->2016K(548352K)] 882565K->315907K(1005056K), 0.0029910 secs] [Times: user=0.01 sys=0.00, real=0.01 secs] 
2024-07-05T00:36:44.657+0800: 7063.971: [GC (Allocation Failure) [PSYoungGen: 548320K->1872K(527872K)] 862211K->315891K(984576K), 0.0031218 secs] [Times: user=0.01 sys=0.00, real=0.00 secs] 
2024-07-05T00:36:45.252+0800: 7064.566: [GC (Allocation Failure) [PSYoungGen: 527696K->1984K(508416K)] 841715K->316012K(965120K), 0.0027858 secs] [Times: user=0.00 sys=0.00, real=0.01 secs] 
2024-07-05T00:36:45.825+0800: 7065.139: [GC (Allocation Failure) [PSYoungGen: 508352K->1536K(489472K)] 822380K->316028K(946176K), 0.0026821 secs] [Times: user=0.00 sys=0.00, real=0.01 secs] 
2024-07-05T00:36:46.390+0800: 7065.705: [GC (Allocation Failure) [PSYoungGen: 489472K->1952K(544768K)] 803964K->317026K(1001472K), 0.0049584 secs] [Times: user=0.00 sys=0.00, real=0.01 secs] 
2024-07-05T00:36:47.009+0800: 7066.323: [GC (Allocation Failure) [PSYoungGen: 544672K->1984K(524800K)] 859746K->317074K(981504K), 0.0026308 secs] [Times: user=0.00 sys=0.00, real=0.00 secs] 
2024-07-05T00:36:47.608+0800: 7066.922: [GC (Allocation Failure) [PSYoungGen: 524736K->2544K(586240K)] 839826K->319277K(1042944K), 0.0054769 secs] [Times: user=0.01 sys=0.00, real=0.00 secs] 
2024-07-05T00:36:48.314+0800: 7067.628: [GC (Allocation Failure) [PSYoungGen: 586224K->1008K(650240K)] 902957K->319871K(1106944K), 0.0031601 secs] [Times: user=0.00 sys=0.00, real=0.01 secs] 
2024-07-05T00:36:49.041+0800: 7068.355: [GC (Allocation Failure) [PSYoungGen: 650224K->1952K(626176K)] 969087K->321143K(1082880K), 0.0029084 secs] [Times: user=0.00 sys=0.00, real=0.00 secs] 
2024-07-05T00:36:49.751+0800: 7069.065: [GC (Allocation Failure) [PSYoungGen: 626080K->1936K(602112K)] 945271K->321135K(1058816K), 0.0028589 secs] [Times: user=0.00 sys=0.00, real=0.00 secs] 
2024-07-05T00:36:50.426+0800: 7069.741: [GC (Allocation Failure) [PSYoungGen: 602000K->1984K(579072K)] 921199K->321191K(1035776K), 0.0028565 secs] [Times: user=0.01 sys=0.00, real=0.00 secs] 
2024-07-05T00:36:51.072+0800: 7070.386: [GC (Allocation Failure) [PSYoungGen: 579008K->1936K(557056K)] 898215K->321151K(1013760K), 0.0027859 secs] [Times: user=0.01 sys=0.00, real=0.01 secs] 
2024-07-05T00:36:51.743+0800: 7071.057: [GC (Allocation Failure) [PSYoungGen: 556944K->1888K(536064K)] 876159K->321111K(992768K), 0.0027796 secs] [Times: user=0.00 sys=0.00, real=0.01 secs] 
2024-07-05T00:36:52.416+0800: 7071.730: [GC (Allocation Failure) [PSYoungGen: 535904K->2048K(516608K)] 855127K->321279K(973312K), 0.0047551 secs] [Times: user=0.01 sys=0.00, real=0.00 secs] 
2024-07-05T00:36:53.042+0800: 7072.356: [GC (Allocation Failure) [PSYoungGen: 516096K->1952K(497152K)] 835327K->321191K(953856K), 0.0029758 secs] [Times: user=0.00 sys=0.00, real=0.00 secs] 
2024-07-05T00:36:53.605+0800: 7072.919: [GC (Allocation Failure) [PSYoungGen: 497056K->1888K(479232K)] 816295K->321135K(935936K), 0.0027834 secs] [Times: user=0.00 sys=0.00, real=0.01 secs] 
2024-07-05T00:36:54.142+0800: 7073.456: [GC (Allocation Failure) [PSYoungGen: 479072K->2304K(533504K)] 798319K->321559K(990208K), 0.0047663 secs] [Times: user=0.01 sys=0.00, real=0.01 secs] 
2024-07-05T00:36:54.750+0800: 7074.064: [GC (Allocation Failure) [PSYoungGen: 533248K->1968K(590848K)] 852503K->321231K(1047552K), 0.0027617 secs] [Times: user=0.01 sys=0.00, real=0.00 secs] 
2024-07-05T00:36:55.416+0800: 7074.731: [GC (Allocation Failure) [PSYoungGen: 590768K->2064K(568832K)] 910031K->321335K(1025536K), 0.0035527 secs] [Times: user=0.00 sys=0.00, real=0.00 secs] 
2024-07-05T00:36:56.049+0800: 7075.364: [GC (Allocation Failure) [PSYoungGen: 568336K->2048K(546816K)] 887607K->321327K(1003520K), 0.0027952 secs] [Times: user=0.00 sys=0.00, real=0.00 secs] 
2024-07-05T00:36:56.672+0800: 7075.986: [GC (Allocation Failure) [PSYoungGen: 546816K->1936K(526336K)] 866095K->321223K(983040K), 0.0037448 secs] [Times: user=0.00 sys=0.00, real=0.01 secs] 
2024-07-05T00:36:57.272+0800: 7076.586: [GC (Allocation Failure) [PSYoungGen: 526224K->1920K(506880K)] 845511K->321215K(963584K), 0.0027313 secs] [Times: user=0.00 sys=0.00, real=0.01 secs] 
2024-07-05T00:36:57.835+0800: 7077.149: [GC (Allocation Failure) [PSYoungGen: 506752K->1968K(488448K)] 826047K->321271K(945152K), 0.0029587 secs] [Times: user=0.01 sys=0.00, real=0.00 secs] 
2024-07-05T00:36:58.382+0800: 7077.696: [GC (Allocation Failure) [PSYoungGen: 488368K->1888K(543744K)] 807671K->321199K(1000448K), 0.0051608 secs] [Times: user=0.00 sys=0.00, real=0.01 secs] 
2024-07-05T00:36:58.987+0800: 7078.301: [GC (Allocation Failure) [PSYoungGen: 543584K->2064K(606720K)] 862895K->321383K(1063424K), 0.0041084 secs] [Times: user=0.00 sys=0.00, real=0.00 secs] 
2024-07-05T00:36:59.673+0800: 7078.987: [GC (Allocation Failure) [PSYoungGen: 606224K->2000K(674304K)] 925543K->321327K(1131008K), 0.0034492 secs] [Times: user=0.01 sys=0.00, real=0.01 secs] 
2024-07-05T00:37:00.429+0800: 7079.743: [GC (Allocation Failure) [PSYoungGen: 674256K->1920K(648192K)] 993583K->321255K(1104896K), 0.0029564 secs] [Times: user=0.00 sys=0.00, real=0.00 secs] 
2024-07-05T00:37:01.150+0800: 7080.464: [GC (Allocation Failure) [PSYoungGen: 648064K->1520K(622592K)] 967399K->321511K(1079296K), 0.0028211 secs] [Times: user=0.00 sys=0.00, real=0.00 secs] 
2024-07-05T00:37:01.865+0800: 7081.179: [GC (Allocation Failure) [PSYoungGen: 622576K->2160K(599552K)] 942567K->322734K(1056256K), 0.0045557 secs] [Times: user=0.00 sys=0.00, real=0.01 secs] 
2024-07-05T00:37:02.572+0800: 7081.886: [GC (Allocation Failure) [PSYoungGen: 599152K->1536K(576000K)] 919726K->322568K(1032704K), 0.0038411 secs] [Times: user=0.00 sys=0.00, real=0.01 secs] 
2024-07-05T00:37:03.195+0800: 7082.509: [GC (Allocation Failure) [PSYoungGen: 576000K->2160K(640000K)] 897032K->323871K(1096704K), 0.0041276 secs] [Times: user=0.00 sys=0.00, real=0.00 secs] 
2024-07-05T00:37:03.919+0800: 7083.233: [GC (Allocation Failure) [PSYoungGen: 639600K->1536K(614400K)] 961311K->323631K(1071104K), 0.0027967 secs] [Times: user=0.01 sys=0.00, real=0.00 secs] 
2024-07-05T00:37:04.656+0800: 7083.970: [GC (Allocation Failure) [PSYoungGen: 614400K->1952K(591360K)] 936495K->324701K(1048064K), 0.0041477 secs] [Times: user=0.01 sys=0.00, real=0.00 secs] 
2024-07-05T00:37:05.330+0800: 7084.644: [GC (Allocation Failure) [PSYoungGen: 591264K->2000K(655872K)] 914013K->324789K(1112576K), 0.0044060 secs] [Times: user=0.01 sys=0.00, real=0.01 secs] 
2024-07-05T00:37:06.066+0800: 7085.380: [GC (Allocation Failure) [PSYoungGen: 655824K->1984K(630272K)] 978613K->324781K(1086976K), 0.0028011 secs] [Times: user=0.01 sys=0.00, real=0.00 secs] 
2024-07-05T00:37:06.761+0800: 7086.075: [GC (Allocation Failure) [PSYoungGen: 630208K->1520K(605696K)] 953005K->324749K(1062400K), 0.0029993 secs] [Times: user=0.01 sys=0.00, real=0.00 secs] 
2024-07-05T00:37:07.433+0800: 7086.747: [GC (Allocation Failure) [PSYoungGen: 605680K->2240K(583680K)] 928909K->325477K(1040384K), 0.0029928 secs] [Times: user=0.01 sys=0.00, real=0.01 secs] 
2024-07-05T00:37:08.076+0800: 7087.390: [GC (Allocation Failure) [PSYoungGen: 583360K->1520K(560640K)] 906597K->325427K(1017344K), 0.0038727 secs] [Times: user=0.01 sys=0.00, real=0.00 secs] 
2024-07-05T00:37:08.718+0800: 7088.032: [GC (Allocation Failure) [PSYoungGen: 560624K->2544K(624640K)] 884531K->327097K(1081344K), 0.0055533 secs] [Times: user=0.00 sys=0.00, real=0.00 secs] 
2024-07-05T00:37:09.418+0800: 7088.732: [GC (Allocation Failure) [PSYoungGen: 624624K->1520K(694784K)] 949177K->326633K(1151488K), 0.0047859 secs] [Times: user=0.01 sys=0.00, real=0.00 secs] 
2024-07-05T00:37:10.182+0800: 7089.497: [GC (Allocation Failure) [PSYoungGen: 694768K->1968K(724992K)] 1019881K->328213K(1181696K), 0.0031944 secs] [Times: user=0.01 sys=0.00, real=0.00 secs] 
2024-07-05T00:37:10.991+0800: 7090.305: [GC (Allocation Failure) [PSYoungGen: 723888K->1920K(772608K)] 1050133K->328173K(1229312K), 0.0043897 secs] [Times: user=0.01 sys=0.01, real=0.01 secs] 
2024-07-05T00:37:11.864+0800: 7091.178: [GC (Allocation Failure) [PSYoungGen: 771456K->1920K(740352K)] 1097709K->328181K(1197056K), 0.0035892 secs] [Times: user=0.01 sys=0.00, real=0.01 secs] 
2024-07-05T00:37:12.696+0800: 7092.010: [GC (Allocation Failure) [PSYoungGen: 740224K->1504K(710144K)] 1066485K->328277K(1166848K), 0.0031503 secs] [Times: user=0.01 sys=0.01, real=0.00 secs] 
2024-07-05T00:37:13.486+0800: 7092.800: [GC (Allocation Failure) [PSYoungGen: 710112K->2064K(683008K)] 1036885K->329420K(1139712K), 0.0045322 secs] [Times: user=0.00 sys=0.00, real=0.00 secs] 
2024-07-05T00:37:14.243+0800: 7093.557: [GC (Allocation Failure) [PSYoungGen: 682512K->2016K(655872K)] 1009868K->329380K(1112576K), 0.0029361 secs] [Times: user=0.01 sys=0.00, real=0.01 secs] 
2024-07-05T00:37:14.978+0800: 7094.292: [GC (Allocation Failure) [PSYoungGen: 655840K->1984K(630272K)] 983204K->329356K(1086976K), 0.0030211 secs] [Times: user=0.00 sys=0.00, real=0.00 secs] 
2024-07-05T00:37:15.684+0800: 7094.998: [GC (Allocation Failure) [PSYoungGen: 630208K->1536K(605696K)] 957580K->329379K(1062400K), 0.0031806 secs] [Times: user=0.01 sys=0.00, real=0.01 secs] 
2024-07-05T00:37:16.350+0800: 7095.664: [GC (Allocation Failure) [PSYoungGen: 605696K->1936K(583168K)] 933539K->329852K(1039872K), 0.0037988 secs] [Times: user=0.01 sys=0.00, real=0.01 secs] 
2024-07-05T00:37:17.018+0800: 7096.333: [GC (Allocation Failure) [PSYoungGen: 583056K->2016K(561152K)] 910972K->329940K(1017856K), 0.0027043 secs] [Times: user=0.01 sys=0.00, real=0.00 secs] 
2024-07-05T00:37:17.631+0800: 7096.945: [GC (Allocation Failure) [PSYoungGen: 561120K->2560K(540672K)] 889044K->331660K(997376K), 0.0039697 secs] [Times: user=0.01 sys=0.00, real=0.01 secs] 
2024-07-05T00:37:18.229+0800: 7097.543: [GC (Allocation Failure) [PSYoungGen: 540672K->1008K(598528K)] 869772K->333623K(1055232K), 0.0044986 secs] [Times: user=0.01 sys=0.00, real=0.01 secs] 
2024-07-05T00:37:18.912+0800: 7098.226: [GC (Allocation Failure) [PSYoungGen: 598512K->2000K(576512K)] 931127K->335039K(1033216K), 0.0035190 secs] [Times: user=0.01 sys=0.00, real=0.01 secs] 
2024-07-05T00:37:19.559+0800: 7098.873: [GC (Allocation Failure) [PSYoungGen: 576464K->3696K(641536K)] 909503K->336767K(1098240K), 0.0038349 secs] [Times: user=0.01 sys=0.00, real=0.00 secs] 
2024-07-05T00:37:20.277+0800: 7099.591: [GC (Allocation Failure) [PSYoungGen: 641136K->3744K(711168K)] 974207K->336823K(1167872K), 0.0040102 secs] [Times: user=0.01 sys=0.00, real=0.00 secs] 
2024-07-05T00:37:21.066+0800: 7100.380: [GC (Allocation Failure) [PSYoungGen: 710816K->512K(758784K)] 1043895K->335288K(1215488K), 0.0046470 secs] [Times: user=0.01 sys=0.00, real=0.00 secs] 
2024-07-05T00:37:21.925+0800: 7101.239: [GC (Allocation Failure) [PSYoungGen: 758784K->2016K(729600K)] 1093560K->336800K(1186304K), 0.0033653 secs] [Times: user=0.01 sys=0.00, real=0.01 secs] 
2024-07-05T00:37:22.729+0800: 7102.043: [GC (Allocation Failure) [PSYoungGen: 729568K->1968K(700416K)] 1064352K->336856K(1157120K), 0.0028614 secs] [Times: user=0.01 sys=0.00, real=0.00 secs] 
2024-07-05T00:37:23.526+0800: 7102.840: [GC (Allocation Failure) [PSYoungGen: 700336K->1920K(672768K)] 1035224K->336816K(1129472K), 0.0029825 secs] [Times: user=0.00 sys=0.00, real=0.00 secs] 
2024-07-05T00:37:24.279+0800: 7103.593: [GC (Allocation Failure) [PSYoungGen: 672640K->2032K(646656K)] 1007536K->336936K(1103360K), 0.0030112 secs] [Times: user=0.00 sys=0.00, real=0.00 secs] 
2024-07-05T00:37:24.998+0800: 7104.312: [GC (Allocation Failure) [PSYoungGen: 646640K->3904K(623616K)] 981544K->338816K(1080320K), 0.0039883 secs] [Times: user=0.00 sys=0.00, real=0.00 secs] 
2024-07-05T00:37:25.698+0800: 7105.012: [GC (Allocation Failure) [PSYoungGen: 623424K->2144K(598016K)] 958336K->337064K(1054720K), 0.0035148 secs] [Times: user=0.00 sys=0.00, real=0.00 secs] 
2024-07-05T00:37:26.364+0800: 7105.679: [GC (Allocation Failure) [PSYoungGen: 597600K->1904K(574976K)] 932520K->336832K(1031680K), 0.0032154 secs] [Times: user=0.00 sys=0.00, real=0.01 secs] 
2024-07-05T00:37:27.000+0800: 7106.315: [GC (Allocation Failure) [PSYoungGen: 574832K->1936K(553472K)] 909760K->336872K(1010176K), 0.0034033 secs] [Times: user=0.01 sys=0.00, real=0.00 secs] 
2024-07-05T00:37:27.772+0800: 7107.087: [GC (Allocation Failure) [PSYoungGen: 553360K->3728K(535040K)] 888296K->338672K(991744K), 0.0039489 secs] [Times: user=0.00 sys=0.00, real=0.01 secs] 
2024-07-05T00:37:28.374+0800: 7107.688: [GC (Allocation Failure) [PSYoungGen: 534672K->1904K(513536K)] 869616K->336856K(970240K), 0.0028441 secs] [Times: user=0.01 sys=0.00, real=0.00 secs] 
2024-07-05T00:37:28.971+0800: 7108.285: [GC (Allocation Failure) [PSYoungGen: 513392K->1984K(494592K)] 848344K->336944K(951296K), 0.0028582 secs] [Times: user=0.01 sys=0.00, real=0.01 secs] 
2024-07-05T00:37:29.525+0800: 7108.839: [GC (Allocation Failure) [PSYoungGen: 494528K->1952K(476672K)] 829488K->336920K(933376K), 0.0034197 secs] [Times: user=0.00 sys=0.00, real=0.01 secs] 
2024-07-05T00:37:30.046+0800: 7109.360: [GC (Allocation Failure) [PSYoungGen: 476576K->1968K(530944K)] 811544K->336944K(987648K), 0.0048515 secs] [Times: user=0.00 sys=0.00, real=0.00 secs] 
2024-07-05T00:37:30.653+0800: 7109.967: [GC (Allocation Failure) [PSYoungGen: 530864K->2000K(589824K)] 865840K->336984K(1046528K), 0.0030806 secs] [Times: user=0.01 sys=0.00, real=0.01 secs] 
2024-07-05T00:37:31.296+0800: 7110.610: [GC (Allocation Failure) [PSYoungGen: 589776K->1984K(567296K)] 924760K->336976K(1024000K), 0.0028142 secs] [Times: user=0.00 sys=0.00, real=0.00 secs] 
2024-07-05T00:37:31.937+0800: 7111.251: [GC (Allocation Failure) [PSYoungGen: 567232K->1872K(545792K)] 902224K->336872K(1002496K), 0.0031319 secs] [Times: user=0.01 sys=0.00, real=0.00 secs] 
2024-07-05T00:37:32.558+0800: 7111.872: [GC (Allocation Failure) [PSYoungGen: 545616K->1920K(606208K)] 880616K->336928K(1062912K), 0.0046671 secs] [Times: user=0.00 sys=0.00, real=0.00 secs] 
2024-07-05T00:37:33.351+0800: 7112.666: [GC (Allocation Failure) [PSYoungGen: 606080K->1952K(583168K)] 941088K->336968K(1039872K), 0.0028980 secs] [Times: user=0.00 sys=0.00, real=0.01 secs] 
2024-07-05T00:37:34.017+0800: 7113.331: [GC (Allocation Failure) [PSYoungGen: 583072K->1952K(561152K)] 918088K->336976K(1017856K), 0.0028755 secs] [Times: user=0.00 sys=0.00, real=0.00 secs] 
2024-07-05T00:37:34.627+0800: 7113.941: [GC (Allocation Failure) [PSYoungGen: 561056K->1920K(540160K)] 896080K->336952K(996864K), 0.0028252 secs] [Times: user=0.01 sys=0.00, real=0.00 secs] 
2024-07-05T00:37:35.238+0800: 7114.552: [GC (Allocation Failure) [PSYoungGen: 540032K->2048K(599552K)] 875064K->337088K(1056256K), 0.0048866 secs] [Times: user=0.00 sys=0.00, real=0.00 secs] 
2024-07-05T00:37:35.916+0800: 7115.231: [GC (Allocation Failure) [PSYoungGen: 599040K->1872K(576512K)] 934080K->336920K(1033216K), 0.0027956 secs] [Times: user=0.00 sys=0.00, real=0.00 secs] 
2024-07-05T00:37:36.551+0800: 7115.865: [GC (Allocation Failure) [PSYoungGen: 576336K->1968K(555008K)] 911384K->337024K(1011712K), 0.0029068 secs] [Times: user=0.00 sys=0.00, real=0.01 secs] 
2024-07-05T00:37:37.185+0800: 7116.499: [GC (Allocation Failure) [PSYoungGen: 554928K->1984K(534528K)] 889984K->337048K(991232K), 0.0029689 secs] [Times: user=0.00 sys=0.00, real=0.01 secs] 
2024-07-05T00:37:37.775+0800: 7117.089: [GC (Allocation Failure) [PSYoungGen: 534464K->1968K(514560K)] 869528K->337040K(971264K), 0.0029384 secs] [Times: user=0.00 sys=0.00, real=0.00 secs] 
2024-07-05T00:37:38.348+0800: 7117.662: [GC (Allocation Failure) [PSYoungGen: 514480K->1888K(495616K)] 849552K->336968K(952320K), 0.0027405 secs] [Times: user=0.00 sys=0.00, real=0.00 secs] 
2024-07-05T00:37:38.901+0800: 7118.215: [GC (Allocation Failure) [PSYoungGen: 495456K->1904K(477696K)] 830536K->336992K(934400K), 0.0029136 secs] [Times: user=0.01 sys=0.00, real=0.00 secs] 
2024-07-05T00:37:39.445+0800: 7118.760: [GC (Allocation Failure) [PSYoungGen: 477552K->2032K(460800K)] 812640K->337128K(917504K), 0.0038392 secs] [Times: user=0.01 sys=0.00, real=0.01 secs] 
2024-07-05T00:37:39.950+0800: 7119.264: [GC (Allocation Failure) [PSYoungGen: 460784K->1952K(444416K)] 795880K->337056K(901120K), 0.0029495 secs] [Times: user=0.00 sys=0.00, real=0.00 secs] 
2024-07-05T00:37:40.446+0800: 7119.760: [GC (Allocation Failure) [PSYoungGen: 444320K->1936K(429056K)] 779424K->337048K(885760K), 0.0028339 secs] [Times: user=0.00 sys=0.00, real=0.00 secs] 
2024-07-05T00:37:40.931+0800: 7120.245: [GC (Allocation Failure) [PSYoungGen: 428944K->1936K(478720K)] 764056K->337056K(935424K), 0.0044475 secs] [Times: user=0.00 sys=0.00, real=0.01 secs] 
2024-07-05T00:37:41.462+0800: 7120.776: [GC (Allocation Failure) [PSYoungGen: 478608K->2000K(536576K)] 813728K->337128K(993280K), 0.0051656 secs] [Times: user=0.01 sys=0.00, real=0.01 secs] 
2024-07-05T00:37:42.076+0800: 7121.390: [GC (Allocation Failure) [PSYoungGen: 536528K->1952K(600064K)] 871656K->337088K(1056768K), 0.0037607 secs] [Times: user=0.01 sys=0.00, real=0.00 secs] 
2024-07-05T00:37:42.730+0800: 7122.045: [GC (Allocation Failure) [PSYoungGen: 599968K->1504K(668160K)] 935104K->337208K(1124864K), 0.0029042 secs] [Times: user=0.00 sys=0.00, real=0.00 secs] 
2024-07-05T00:37:43.468+0800: 7122.782: [GC (Allocation Failure) [PSYoungGen: 668128K->1984K(713728K)] 1003832K->338270K(1170432K), 0.0030793 secs] [Times: user=0.00 sys=0.00, real=0.00 secs] 
2024-07-05T00:37:44.264+0800: 7123.578: [GC (Allocation Failure) [PSYoungGen: 713152K->2064K(685568K)] 1049438K->338366K(1142272K), 0.0032950 secs] [Times: user=0.01 sys=0.00, real=0.01 secs] 
2024-07-05T00:37:45.029+0800: 7124.343: [GC (Allocation Failure) [PSYoungGen: 685072K->1936K(658432K)] 1021374K->338246K(1115136K), 0.0035426 secs] [Times: user=0.01 sys=0.00, real=0.00 secs] 
2024-07-05T00:37:45.764+0800: 7125.079: [GC (Allocation Failure) [PSYoungGen: 658320K->1008K(631808K)] 994630K->338412K(1088512K), 0.0035541 secs] [Times: user=0.01 sys=0.00, real=0.01 secs] 
2024-07-05T00:37:46.466+0800: 7125.780: [GC (Allocation Failure) [PSYoungGen: 631792K->2000K(608256K)] 969196K->339684K(1064960K), 0.0045965 secs] [Times: user=0.00 sys=0.00, real=0.00 secs] 
2024-07-05T00:37:47.144+0800: 7126.458: [GC (Allocation Failure) [PSYoungGen: 608208K->1952K(585216K)] 945892K->339652K(1041920K), 0.0034851 secs] [Times: user=0.00 sys=0.00, real=0.01 secs] 
2024-07-05T00:37:47.788+0800: 7127.102: [GC (Allocation Failure) [PSYoungGen: 585120K->2528K(563712K)] 922820K->340692K(1020416K), 0.0036462 secs] [Times: user=0.00 sys=0.01, real=0.00 secs] 
2024-07-05T00:37:48.412+0800: 7127.726: [GC (Allocation Failure) [PSYoungGen: 563680K->1024K(624640K)] 901844K->342171K(1081344K), 0.0042318 secs] [Times: user=0.00 sys=0.00, real=0.01 secs] 
2024-07-05T00:37:49.118+0800: 7128.432: [GC (Allocation Failure) [PSYoungGen: 624640K->1984K(601600K)] 965787K->343691K(1058304K), 0.0034137 secs] [Times: user=0.01 sys=0.00, real=0.00 secs] 
2024-07-05T00:37:49.810+0800: 7129.124: [GC (Allocation Failure) [PSYoungGen: 601536K->1936K(578560K)] 943243K->343659K(1035264K), 0.0034566 secs] [Times: user=0.00 sys=0.00, real=0.01 secs] 
2024-07-05T00:37:50.442+0800: 7129.756: [GC (Allocation Failure) [PSYoungGen: 578448K->2384K(557056K)] 920171K->344115K(1013760K), 0.0039439 secs] [Times: user=0.01 sys=0.00, real=0.01 secs] 
2024-07-05T00:37:51.071+0800: 7130.386: [GC (Allocation Failure) [PSYoungGen: 556880K->1904K(535552K)] 898611K->343643K(992256K), 0.0029267 secs] [Times: user=0.00 sys=0.00, real=0.01 secs] 
2024-07-05T00:37:51.685+0800: 7131.000: [GC (Allocation Failure) [PSYoungGen: 535408K->1952K(515584K)] 877147K->343699K(972288K), 0.0034424 secs] [Times: user=0.00 sys=0.00, real=0.01 secs] 
2024-07-05T00:37:52.263+0800: 7131.577: [GC (Allocation Failure) [PSYoungGen: 515488K->1920K(496640K)] 857235K->343675K(953344K), 0.0035115 secs] [Times: user=0.00 sys=0.00, real=0.01 secs] 
2024-07-05T00:37:52.815+0800: 7132.129: [GC (Allocation Failure) [PSYoungGen: 496512K->2080K(551424K)] 838267K->343843K(1008128K), 0.0033647 secs] [Times: user=0.00 sys=0.00, real=0.00 secs] 
2024-07-05T00:37:53.418+0800: 7132.732: [GC (Allocation Failure) [PSYoungGen: 550944K->2032K(612864K)] 892707K->343835K(1069568K), 0.0043956 secs] [Times: user=0.01 sys=0.00, real=0.00 secs] 
2024-07-05T00:37:54.111+0800: 7133.425: [GC (Allocation Failure) [PSYoungGen: 612848K->1904K(679936K)] 954651K->343715K(1136640K), 0.0032551 secs] [Times: user=0.01 sys=0.00, real=0.01 secs] 
2024-07-05T00:37:54.878+0800: 7134.192: [GC (Allocation Failure) [PSYoungGen: 679792K->1984K(653312K)] 1021603K->343803K(1110016K), 0.0028760 secs] [Times: user=0.00 sys=0.00, real=0.00 secs] 
2024-07-05T00:37:55.608+0800: 7134.923: [GC (Allocation Failure) [PSYoungGen: 653248K->1904K(628224K)] 995067K->343731K(1084928K), 0.0034041 secs] [Times: user=0.00 sys=0.00, real=0.00 secs] 
2024-07-05T00:37:56.314+0800: 7135.628: [GC (Allocation Failure) [PSYoungGen: 628080K->2448K(604672K)] 969907K->344283K(1061376K), 0.0030436 secs] [Times: user=0.00 sys=0.00, real=0.01 secs] 
2024-07-05T00:37:56.982+0800: 7136.296: [GC (Allocation Failure) [PSYoungGen: 604560K->3056K(671232K)] 946395K->345633K(1127936K), 0.0053267 secs] [Times: user=0.00 sys=0.00, real=0.01 secs] 
2024-07-05T00:37:57.726+0800: 7137.040: [GC (Allocation Failure) [PSYoungGen: 671216K->1008K(720896K)] 1013793K->348512K(1177600K), 0.0055376 secs] [Times: user=0.01 sys=0.00, real=0.00 secs] 
2024-07-05T00:37:58.534+0800: 7137.848: [GC (Allocation Failure) [PSYoungGen: 720880K->2256K(724992K)] 1068384K->350495K(1181696K), 0.0060354 secs] [Times: user=0.00 sys=0.00, real=0.00 secs] 
2024-07-05T00:37:59.421+0800: 7138.736: [GC (Allocation Failure) [PSYoungGen: 722128K->3680K(806912K)] 1070367K->352228K(1263616K), 0.0051271 secs] [Times: user=0.01 sys=0.00, real=0.01 secs] 
2024-07-05T00:38:00.357+0800: 7139.671: [GC (Allocation Failure) [PSYoungGen: 805984K->1968K(807424K)] 1154532K->350524K(1264128K), 0.0035293 secs] [Times: user=0.01 sys=0.00, real=0.00 secs] 
2024-07-05T00:38:01.255+0800: 7140.570: [GC (Allocation Failure) [PSYoungGen: 804272K->1872K(771584K)] 1152828K->350436K(1228288K), 0.0032991 secs] [Times: user=0.00 sys=0.00, real=0.00 secs] 
2024-07-05T00:38:02.110+0800: 7141.424: [GC (Allocation Failure) [PSYoungGen: 771408K->2000K(740352K)] 1119972K->350572K(1197056K), 0.0038408 secs] [Times: user=0.01 sys=0.00, real=0.00 secs] 
2024-07-05T00:38:02.946+0800: 7142.260: [GC (Allocation Failure) [PSYoungGen: 740304K->1952K(710656K)] 1088876K->350532K(1167360K), 0.0033007 secs] [Times: user=0.00 sys=0.00, real=0.00 secs] 
2024-07-05T00:38:03.782+0800: 7143.096: [GC (Allocation Failure) [PSYoungGen: 710560K->2000K(682496K)] 1059140K->350588K(1139200K), 0.0040715 secs] [Times: user=0.00 sys=0.00, real=0.01 secs] 
2024-07-05T00:38:04.561+0800: 7143.876: [GC (Allocation Failure) [PSYoungGen: 682448K->2000K(655872K)] 1031036K->350596K(1112576K), 0.0032860 secs] [Times: user=0.00 sys=0.00, real=0.00 secs] 
2024-07-05T00:38:05.317+0800: 7144.632: [GC (Allocation Failure) [PSYoungGen: 655824K->1952K(630272K)] 1004420K->350556K(1086976K), 0.0034739 secs] [Times: user=0.01 sys=0.00, real=0.00 secs] 
2024-07-05T00:38:06.009+0800: 7145.324: [GC (Allocation Failure) [PSYoungGen: 630176K->2016K(606208K)] 978780K->350628K(1062912K), 0.0030503 secs] [Times: user=0.01 sys=0.00, real=0.00 secs] 
2024-07-05T00:38:07.031+0800: 7146.345: [GC (Allocation Failure) [PSYoungGen: 606176K->2400K(583680K)] 954788K->351020K(1040384K), 0.0037169 secs] [Times: user=0.00 sys=0.01, real=0.01 secs] 
2024-07-05T00:38:07.691+0800: 7147.005: [GC (Allocation Failure) [PSYoungGen: 583520K->4064K(563200K)] 932140K->352997K(1019904K), 0.0045607 secs] [Times: user=0.00 sys=0.00, real=0.01 secs] 
2024-07-05T00:38:08.341+0800: 7147.655: [GC (Allocation Failure) [PSYoungGen: 563168K->1920K(540160K)] 912101K->352426K(996864K), 0.0049667 secs] [Times: user=0.01 sys=0.00, real=0.01 secs] 
2024-07-05T00:38:08.938+0800: 7148.252: [GC (Allocation Failure) [PSYoungGen: 540032K->1968K(601088K)] 890538K->352482K(1057792K), 0.0045287 secs] [Times: user=0.00 sys=0.00, real=0.00 secs] 
2024-07-05T00:38:09.606+0800: 7148.920: [GC (Allocation Failure) [PSYoungGen: 601008K->1936K(670208K)] 951522K->352458K(1126912K), 0.0048636 secs] [Times: user=0.00 sys=0.00, real=0.00 secs] 
2024-07-05T00:38:10.354+0800: 7149.668: [GC (Allocation Failure) [PSYoungGen: 670096K->2064K(745472K)] 1020618K->352594K(1202176K), 0.0035225 secs] [Times: user=0.01 sys=0.00, real=0.01 secs] 
2024-07-05T00:38:11.171+0800: 7150.485: [GC (Allocation Failure) [PSYoungGen: 744976K->2096K(715776K)] 1095506K->352634K(1172480K), 0.0033635 secs] [Times: user=0.01 sys=0.00, real=0.01 secs] 
2024-07-05T00:38:11.974+0800: 7151.288: [GC (Allocation Failure) [PSYoungGen: 715312K->1984K(687104K)] 1065850K->352530K(1143808K), 0.0029044 secs] [Times: user=0.00 sys=0.00, real=0.00 secs] 
2024-07-05T00:38:12.737+0800: 7152.052: [GC (Allocation Failure) [PSYoungGen: 687040K->1888K(659968K)] 1037586K->352442K(1116672K), 0.0033047 secs] [Times: user=0.01 sys=0.00, real=0.00 secs] 
2024-07-05T00:38:13.468+0800: 7152.782: [GC (Allocation Failure) [PSYoungGen: 659808K->1952K(634368K)] 1010362K->352514K(1091072K), 0.0031602 secs] [Times: user=0.01 sys=0.00, real=0.00 secs] 
2024-07-05T00:38:14.164+0800: 7153.478: [GC (Allocation Failure) [PSYoungGen: 634272K->2432K(610304K)] 984834K->353002K(1067008K), 0.0035757 secs] [Times: user=0.00 sys=0.01, real=0.01 secs] 
2024-07-05T00:38:14.838+0800: 7154.152: [GC (Allocation Failure) [PSYoungGen: 610176K->1920K(586752K)] 960746K->352498K(1043456K), 0.0039164 secs] [Times: user=0.01 sys=0.01, real=0.00 secs] 
2024-07-05T00:38:15.490+0800: 7154.804: [GC (Allocation Failure) [PSYoungGen: 586624K->1984K(564736K)] 937202K->352570K(1021440K), 0.0035314 secs] [Times: user=0.01 sys=0.00, real=0.00 secs] 
2024-07-05T00:38:16.114+0800: 7155.428: [GC (Allocation Failure) [PSYoungGen: 564672K->2368K(544256K)] 915258K->352962K(1000960K), 0.0041982 secs] [Times: user=0.01 sys=0.00, real=0.00 secs] 
2024-07-05T00:38:16.710+0800: 7156.025: [GC (Allocation Failure) [PSYoungGen: 544064K->2000K(604160K)] 894658K->352602K(1060864K), 0.0041935 secs] [Times: user=0.00 sys=0.00, real=0.01 secs] 
2024-07-05T00:38:17.386+0800: 7156.700: [GC (Allocation Failure) [PSYoungGen: 604112K->2016K(672768K)] 954714K->352626K(1129472K), 0.0046897 secs] [Times: user=0.01 sys=0.00, real=0.00 secs] 
2024-07-05T00:38:18.134+0800: 7157.448: [GC (Allocation Failure) [PSYoungGen: 672736K->2016K(749568K)] 1023346K->352634K(1206272K), 0.0050762 secs] [Times: user=0.00 sys=0.00, real=0.00 secs] 
2024-07-05T00:38:18.976+0800: 7158.290: [GC (Allocation Failure) [PSYoungGen: 749536K->2592K(833024K)] 1100154K->353218K(1289728K), 0.0034799 secs] [Times: user=0.01 sys=0.00, real=0.00 secs] 
2024-07-05T00:38:19.904+0800: 7159.219: [GC (Allocation Failure) [PSYoungGen: 832544K->2048K(798720K)] 1183170K->352682K(1255424K), 0.0034780 secs] [Times: user=0.01 sys=0.00, real=0.01 secs] 
2024-07-05T00:38:20.789+0800: 7160.103: [GC (Allocation Failure) [PSYoungGen: 798208K->2000K(765952K)] 1148842K->352642K(1222656K), 0.0030247 secs] [Times: user=0.01 sys=0.00, real=0.00 secs] 
2024-07-05T00:38:21.645+0800: 7160.959: [GC (Allocation Failure) [PSYoungGen: 765904K->1920K(735232K)] 1116546K->352570K(1191936K), 0.0033311 secs] [Times: user=0.00 sys=0.00, real=0.01 secs] 
2024-07-05T00:38:22.466+0800: 7161.780: [GC (Allocation Failure) [PSYoungGen: 735104K->1952K(706048K)] 1085754K->352610K(1162752K), 0.0055741 secs] [Times: user=0.00 sys=0.00, real=0.00 secs] 
2024-07-05T00:38:23.245+0800: 7162.560: [GC (Allocation Failure) [PSYoungGen: 705952K->2000K(678400K)] 1056610K->352666K(1135104K), 0.0036716 secs] [Times: user=0.01 sys=0.00, real=0.01 secs] 
2024-07-05T00:38:24.006+0800: 7163.320: [GC (Allocation Failure) [PSYoungGen: 678352K->2048K(651776K)] 1029018K->352722K(1108480K), 0.0046287 secs] [Times: user=0.00 sys=0.00, real=0.00 secs] 
2024-07-05T00:38:24.728+0800: 7164.043: [GC (Allocation Failure) [PSYoungGen: 651776K->2048K(626688K)] 1002450K->352730K(1083392K), 0.0039860 secs] [Times: user=0.01 sys=0.00, real=0.00 secs] 
2024-07-05T00:38:25.417+0800: 7164.731: [GC (Allocation Failure) [PSYoungGen: 626688K->1920K(695808K)] 977370K->352610K(1152512K), 0.0049363 secs] [Times: user=0.00 sys=0.00, real=0.00 secs] 
2024-07-05T00:38:26.189+0800: 7165.503: [GC (Allocation Failure) [PSYoungGen: 695680K->1936K(668672K)] 1046370K->352634K(1125376K), 0.0038412 secs] [Times: user=0.01 sys=0.00, real=0.00 secs] 
2024-07-05T00:38:26.929+0800: 7166.243: [GC (Allocation Failure) [PSYoungGen: 668560K->1952K(642560K)] 1019258K->352658K(1099264K), 0.0030559 secs] [Times: user=0.00 sys=0.00, real=0.00 secs] 
2024-07-05T00:38:27.648+0800: 7166.962: [GC (Allocation Failure) [PSYoungGen: 642464K->1888K(617984K)] 993170K->352602K(1074688K), 0.0034007 secs] [Times: user=0.00 sys=0.00, real=0.00 secs] 
2024-07-05T00:38:28.332+0800: 7167.646: [GC (Allocation Failure) [PSYoungGen: 617824K->1952K(594432K)] 968538K->352674K(1051136K), 0.0029433 secs] [Times: user=0.01 sys=0.00, real=0.01 secs] 
2024-07-05T00:38:28.994+0800: 7168.308: [GC (Allocation Failure) [PSYoungGen: 594336K->1968K(571904K)] 945058K->352698K(1028608K), 0.0044440 secs] [Times: user=0.00 sys=0.00, real=0.00 secs] 
2024-07-05T00:38:29.630+0800: 7168.944: [GC (Allocation Failure) [PSYoungGen: 571824K->1520K(635904K)] 922554K->352821K(1092608K), 0.0051781 secs] [Times: user=0.01 sys=0.00, real=0.01 secs] 
2024-07-05T00:38:30.333+0800: 7169.647: [GC (Allocation Failure) [PSYoungGen: 635888K->1936K(706560K)] 987189K->353955K(1163264K), 0.0034228 secs] [Times: user=0.00 sys=0.00, real=0.01 secs] 
2024-07-05T00:38:31.119+0800: 7170.433: [GC (Allocation Failure) [PSYoungGen: 706448K->2032K(785920K)] 1058467K->354107K(1242624K), 0.0051554 secs] [Times: user=0.00 sys=0.00, real=0.00 secs] 
2024-07-05T00:38:32.003+0800: 7171.317: [GC (Allocation Failure) [PSYoungGen: 785904K->1920K(754176K)] 1137979K->354003K(1210880K), 0.0030766 secs] [Times: user=0.00 sys=0.00, real=0.01 secs] 
2024-07-05T00:38:32.822+0800: 7172.136: [GC (Allocation Failure) [PSYoungGen: 754048K->1536K(723456K)] 1106131K->356111K(1180160K), 0.0042717 secs] [Times: user=0.00 sys=0.00, real=0.01 secs] 
2024-07-05T00:38:33.632+0800: 7172.946: [GC (Allocation Failure) [PSYoungGen: 723456K->2016K(695296K)] 1078031K->357173K(1152000K), 0.0035179 secs] [Times: user=0.01 sys=0.00, real=0.01 secs] 
2024-07-05T00:38:34.405+0800: 7173.719: [GC (Allocation Failure) [PSYoungGen: 695264K->2048K(668672K)] 1050421K->357221K(1125376K), 0.0033178 secs] [Times: user=0.01 sys=0.00, real=0.01 secs] 
2024-07-05T00:38:35.147+0800: 7174.461: [GC (Allocation Failure) [PSYoungGen: 668160K->1920K(642048K)] 1023333K->357102K(1098752K), 0.0031220 secs] [Times: user=0.00 sys=0.00, real=0.00 secs] 
2024-07-05T00:38:35.850+0800: 7175.164: [GC (Allocation Failure) [PSYoungGen: 641920K->1920K(617472K)] 997102K->357109K(1074176K), 0.0049835 secs] [Times: user=0.00 sys=0.00, real=0.01 secs] 
2024-07-05T00:38:36.526+0800: 7175.840: [GC (Allocation Failure) [PSYoungGen: 617344K->2000K(593920K)] 972533K->357197K(1050624K), 0.0035929 secs] [Times: user=0.01 sys=0.00, real=0.00 secs] 
2024-07-05T00:38:37.186+0800: 7176.500: [GC (Allocation Failure) [PSYoungGen: 593872K->1920K(571392K)] 949069K->357125K(1028096K), 0.0029553 secs] [Times: user=0.01 sys=0.00, real=0.00 secs] 
2024-07-05T00:38:37.820+0800: 7177.134: [GC (Allocation Failure) [PSYoungGen: 571264K->1984K(549888K)] 926469K->357198K(1006592K), 0.0039743 secs] [Times: user=0.01 sys=0.00, real=0.00 secs] 
2024-07-05T00:38:38.430+0800: 7177.744: [GC (Allocation Failure) [PSYoungGen: 549824K->2080K(612352K)] 905038K->357301K(1069056K), 0.0050751 secs] [Times: user=0.01 sys=0.00, real=0.01 secs] 
2024-07-05T00:38:39.107+0800: 7178.421: [GC (Allocation Failure) [PSYoungGen: 611872K->2032K(678400K)] 967093K->357261K(1135104K), 0.0029199 secs] [Times: user=0.00 sys=0.00, real=0.00 secs] 
2024-07-05T00:38:39.858+0800: 7179.172: [GC (Allocation Failure) [PSYoungGen: 678384K->2032K(651776K)] 1033613K->357269K(1108480K), 0.0028886 secs] [Times: user=0.00 sys=0.00, real=0.00 secs] 
2024-07-05T00:38:40.585+0800: 7179.899: [GC (Allocation Failure) [PSYoungGen: 651760K->2112K(627200K)] 1006997K->357358K(1083904K), 0.0033963 secs] [Times: user=0.01 sys=0.00, real=0.01 secs] 
2024-07-05T00:38:41.272+0800: 7180.586: [GC (Allocation Failure) [PSYoungGen: 626752K->1984K(602624K)] 981998K->357237K(1059328K), 0.0028730 secs] [Times: user=0.00 sys=0.00, real=0.01 secs] 
2024-07-05T00:38:41.952+0800: 7181.266: [GC (Allocation Failure) [PSYoungGen: 602560K->1952K(579584K)] 957813K->357213K(1036288K), 0.0037470 secs] [Times: user=0.00 sys=0.00, real=0.01 secs] 
2024-07-05T00:38:42.594+0800: 7181.908: [GC (Allocation Failure) [PSYoungGen: 579488K->1536K(557056K)] 934749K->359044K(1013760K), 0.0041465 secs] [Times: user=0.01 sys=0.00, real=0.00 secs] 
2024-07-05T00:38:43.221+0800: 7182.536: [GC (Allocation Failure) [PSYoungGen: 557056K->2016K(620544K)] 914564K->361089K(1077248K), 0.0052048 secs] [Times: user=0.00 sys=0.00, real=0.01 secs] 
2024-07-05T00:38:43.905+0800: 7183.219: [GC (Allocation Failure) [PSYoungGen: 620512K->2128K(689152K)] 979585K->361217K(1145856K), 0.0031469 secs] [Times: user=0.01 sys=0.00, real=0.01 secs] 
2024-07-05T00:38:44.690+0800: 7184.004: [GC (Allocation Failure) [PSYoungGen: 688720K->1872K(764416K)] 1047809K->360969K(1221120K), 0.0045331 secs] [Times: user=0.01 sys=0.00, real=0.01 secs] 
2024-07-05T00:38:45.530+0800: 7184.844: [GC (Allocation Failure) [PSYoungGen: 764240K->1968K(733696K)] 1123337K->361073K(1190400K), 0.0030426 secs] [Times: user=0.00 sys=0.00, real=0.00 secs] 
2024-07-05T00:38:46.357+0800: 7185.671: [GC (Allocation Failure) [PSYoungGen: 733616K->1968K(704512K)] 1092721K->361081K(1161216K), 0.0046209 secs] [Times: user=0.01 sys=0.00, real=0.00 secs] 
2024-07-05T00:38:47.153+0800: 7186.467: [GC (Allocation Failure) [PSYoungGen: 704432K->1936K(676864K)] 1063545K->361057K(1133568K), 0.0032444 secs] [Times: user=0.00 sys=0.00, real=0.01 secs] 
2024-07-05T00:38:47.902+0800: 7187.216: [GC (Allocation Failure) [PSYoungGen: 676752K->2000K(650240K)] 1035873K->361129K(1106944K), 0.0038216 secs] [Times: user=0.00 sys=0.00, real=0.00 secs] 
2024-07-05T00:38:48.619+0800: 7187.933: [GC (Allocation Failure) [PSYoungGen: 650192K->1984K(625152K)] 1009321K->361121K(1081856K), 0.0041040 secs] [Times: user=0.01 sys=0.00, real=0.00 secs] 
2024-07-05T00:38:49.299+0800: 7188.613: [GC (Allocation Failure) [PSYoungGen: 625088K->1920K(601088K)] 984225K->361065K(1057792K), 0.0035016 secs] [Times: user=0.01 sys=0.00, real=0.00 secs] 
2024-07-05T00:38:49.974+0800: 7189.288: [GC (Allocation Failure) [PSYoungGen: 600960K->2560K(578560K)] 960105K->363018K(1035264K), 0.0038898 secs] [Times: user=0.01 sys=0.00, real=0.01 secs] 
2024-07-05T00:38:50.612+0800: 7189.926: [GC (Allocation Failure) [PSYoungGen: 578560K->1984K(642048K)] 939018K->364440K(1098752K), 0.0048129 secs] [Times: user=0.01 sys=0.00, real=0.01 secs] 
2024-07-05T00:38:51.322+0800: 7190.637: [GC (Allocation Failure) [PSYoungGen: 641984K->1936K(617472K)] 1004440K->364400K(1074176K), 0.0029146 secs] [Times: user=0.00 sys=0.00, real=0.00 secs] 
2024-07-05T00:38:52.004+0800: 7191.318: [GC (Allocation Failure) [PSYoungGen: 617360K->1888K(686080K)] 979824K->364360K(1142784K), 0.0050901 secs] [Times: user=0.01 sys=0.00, real=0.01 secs] 
2024-07-05T00:38:52.785+0800: 7192.099: [GC (Allocation Failure) [PSYoungGen: 685920K->1904K(658944K)] 1048392K->364384K(1115648K), 0.0030438 secs] [Times: user=0.00 sys=0.00, real=0.01 secs] 
2024-07-05T00:38:53.538+0800: 7192.852: [GC (Allocation Failure) [PSYoungGen: 658800K->1952K(633344K)] 1021280K->364440K(1090048K), 0.0029208 secs] [Times: user=0.00 sys=0.00, real=0.00 secs] 
2024-07-05T00:38:54.232+0800: 7193.546: [GC (Allocation Failure) [PSYoungGen: 633248K->1936K(608768K)] 995736K->364432K(1065472K), 0.0038401 secs] [Times: user=0.00 sys=0.00, real=0.01 secs] 
2024-07-05T00:38:54.914+0800: 7194.228: [GC (Allocation Failure) [PSYoungGen: 608656K->1984K(585728K)] 971152K->364488K(1042432K), 0.0028706 secs] [Times: user=0.01 sys=0.00, real=0.00 secs] 
2024-07-05T00:38:55.561+0800: 7194.875: [GC (Allocation Failure) [PSYoungGen: 585664K->1952K(563712K)] 948168K->364464K(1020416K), 0.0029465 secs] [Times: user=0.00 sys=0.00, real=0.00 secs] 
2024-07-05T00:38:56.198+0800: 7195.512: [GC (Allocation Failure) [PSYoungGen: 563616K->1904K(542720K)] 926128K->364424K(999424K), 0.0046228 secs] [Times: user=0.00 sys=0.00, real=0.00 secs] 
2024-07-05T00:38:56.806+0800: 7196.120: [GC (Allocation Failure) [PSYoungGen: 542576K->2544K(605184K)] 905096K->366088K(1061888K), 0.0053804 secs] [Times: user=0.00 sys=0.00, real=0.00 secs] 
2024-07-05T00:38:57.487+0800: 7196.801: [GC (Allocation Failure) [PSYoungGen: 605168K->2080K(673792K)] 968712K->366862K(1130496K), 0.0039956 secs] [Times: user=0.01 sys=0.00, real=0.00 secs] 
2024-07-05T00:38:58.252+0800: 7197.566: [GC (Allocation Failure) [PSYoungGen: 673312K->1872K(748544K)] 1038094K->366804K(1205248K), 0.0039944 secs] [Times: user=0.01 sys=0.00, real=0.01 secs] 
2024-07-05T00:38:59.092+0800: 7198.406: [GC (Allocation Failure) [PSYoungGen: 748368K->1984K(718848K)] 1113300K->366932K(1175552K), 0.0036167 secs] [Times: user=0.00 sys=0.00, real=0.01 secs] 
2024-07-05T00:38:59.916+0800: 7199.230: [GC (Allocation Failure) [PSYoungGen: 718784K->2416K(690688K)] 1083732K->367372K(1147392K), 0.0031168 secs] [Times: user=0.01 sys=0.00, real=0.00 secs] 
2024-07-05T00:39:00.690+0800: 7200.004: [GC (Allocation Failure) [PSYoungGen: 690544K->2192K(663552K)] 1055500K->367156K(1120256K), 0.0053207 secs] [Times: user=0.00 sys=0.00, real=0.01 secs] 
2024-07-05T00:39:01.458+0800: 7200.772: [GC (Allocation Failure) [PSYoungGen: 663184K->2352K(637952K)] 1028148K->367324K(1094656K), 0.0029180 secs] [Times: user=0.00 sys=0.00, real=0.00 secs] 
2024-07-05T00:39:02.169+0800: 7201.483: [GC (Allocation Failure) [PSYoungGen: 637744K->2048K(613376K)] 1002716K->367028K(1070080K), 0.0029953 secs] [Times: user=0.00 sys=0.00, real=0.00 secs] 
2024-07-05T00:39:02.866+0800: 7202.180: [GC (Allocation Failure) [PSYoungGen: 612864K->1536K(588800K)] 977844K->366940K(1045504K), 0.0045670 secs] [Times: user=0.00 sys=0.00, real=0.00 secs] 
2024-07-05T00:39:03.553+0800: 7202.868: [GC (Allocation Failure) [PSYoungGen: 588800K->3056K(567808K)] 954204K->369725K(1024512K), 0.0041904 secs] [Times: user=0.00 sys=0.00, real=0.01 secs] 
2024-07-05T00:39:04.180+0800: 7203.494: [GC (Allocation Failure) [PSYoungGen: 567792K->1952K(630272K)] 934461K->370871K(1086976K), 0.0045763 secs] [Times: user=0.01 sys=0.00, real=0.00 secs] 
2024-07-05T00:39:04.887+0800: 7204.202: [GC (Allocation Failure) [PSYoungGen: 630176K->2160K(699392K)] 999095K->371087K(1156096K), 0.0032213 secs] [Times: user=0.01 sys=0.00, real=0.00 secs] 
2024-07-05T00:39:05.674+0800: 7204.988: [GC (Allocation Failure) [PSYoungGen: 698992K->1888K(775680K)] 1067919K->370823K(1232384K), 0.0046910 secs] [Times: user=0.01 sys=0.00, real=0.00 secs] 
2024-07-05T00:39:06.578+0800: 7205.893: [GC (Allocation Failure) [PSYoungGen: 775520K->1920K(744448K)] 1144455K->370863K(1201152K), 0.0033113 secs] [Times: user=0.00 sys=0.01, real=0.00 secs] 
2024-07-05T00:39:07.433+0800: 7206.747: [GC (Allocation Failure) [PSYoungGen: 744320K->1968K(714752K)] 1113263K->370919K(1171456K), 0.0030226 secs] [Times: user=0.00 sys=0.00, real=0.01 secs] 
2024-07-05T00:39:08.234+0800: 7207.548: [GC (Allocation Failure) [PSYoungGen: 714672K->2064K(687104K)] 1083623K->371023K(1143808K), 0.0029900 secs] [Times: user=0.00 sys=0.00, real=0.01 secs] 
2024-07-05T00:39:08.994+0800: 7208.309: [GC (Allocation Failure) [PSYoungGen: 686608K->2000K(659456K)] 1055567K->370967K(1116160K), 0.0030339 secs] [Times: user=0.01 sys=0.00, real=0.00 secs] 
2024-07-05T00:39:09.742+0800: 7209.056: [GC (Allocation Failure) [PSYoungGen: 659408K->1920K(633856K)] 1028375K->370895K(1090560K), 0.0045980 secs] [Times: user=0.00 sys=0.00, real=0.01 secs] 
2024-07-05T00:39:10.538+0800: 7209.852: [GC (Allocation Failure) [PSYoungGen: 633728K->2256K(609792K)] 1002703K->371239K(1066496K), 0.0032975 secs] [Times: user=0.01 sys=0.00, real=0.00 secs] 
2024-07-05T00:39:11.246+0800: 7210.560: [GC (Allocation Failure) [PSYoungGen: 609488K->2064K(586752K)] 978471K->371055K(1043456K), 0.0032787 secs] [Times: user=0.01 sys=0.00, real=0.00 secs] 
2024-07-05T00:39:11.918+0800: 7211.232: [GC (Allocation Failure) [PSYoungGen: 586256K->1504K(563712K)] 955247K->371077K(1020416K), 0.0029758 secs] [Times: user=0.01 sys=0.00, real=0.00 secs] 
2024-07-05T00:39:12.550+0800: 7211.864: [GC (Allocation Failure) [PSYoungGen: 563680K->2128K(543744K)] 933253K->372283K(1000448K), 0.0031638 secs] [Times: user=0.00 sys=0.00, real=0.00 secs] 
2024-07-05T00:39:13.175+0800: 7212.489: [GC (Allocation Failure) [PSYoungGen: 543312K->2032K(523264K)] 913467K->372195K(979968K), 0.0044087 secs] [Times: user=0.01 sys=0.00, real=0.00 secs] 
2024-07-05T00:39:13.762+0800: 7213.077: [GC (Allocation Failure) [PSYoungGen: 523248K->1920K(504320K)] 893411K->372091K(961024K), 0.0031133 secs] [Times: user=0.01 sys=0.00, real=0.00 secs] 
2024-07-05T00:39:14.332+0800: 7213.646: [GC (Allocation Failure) [PSYoungGen: 504192K->2048K(562688K)] 874363K->372227K(1019392K), 0.0052906 secs] [Times: user=0.01 sys=0.00, real=0.01 secs] 
2024-07-05T00:39:14.979+0800: 7214.293: [GC (Allocation Failure) [PSYoungGen: 562176K->2368K(625152K)] 932355K->372555K(1081856K), 0.0031186 secs] [Times: user=0.01 sys=0.00, real=0.00 secs] 
2024-07-05T00:39:15.704+0800: 7215.018: [GC (Allocation Failure) [PSYoungGen: 624960K->1504K(692224K)] 995147K->372195K(1148928K), 0.0035414 secs] [Times: user=0.01 sys=0.00, real=0.01 secs] 
2024-07-05T00:39:16.483+0800: 7215.797: [GC (Allocation Failure) [PSYoungGen: 692192K->1872K(768512K)] 1062883K->373153K(1225216K), 0.0047621 secs] [Times: user=0.01 sys=0.00, real=0.01 secs] 
2024-07-05T00:39:17.341+0800: 7216.655: [GC (Allocation Failure) [PSYoungGen: 768336K->1904K(737792K)] 1139617K->373193K(1194496K), 0.0029499 secs] [Times: user=0.00 sys=0.00, real=0.00 secs] 
2024-07-05T00:39:18.161+0800: 7217.475: [GC (Allocation Failure) [PSYoungGen: 737648K->2976K(709632K)] 1108937K->374273K(1166336K), 0.0035304 secs] [Times: user=0.00 sys=0.00, real=0.00 secs] 
2024-07-05T00:39:18.946+0800: 7218.260: [GC (Allocation Failure) [PSYoungGen: 709536K->1520K(679936K)] 1080833K->373313K(1136640K), 0.0028711 secs] [Times: user=0.01 sys=0.00, real=0.00 secs] 
2024-07-05T00:39:19.710+0800: 7219.024: [GC (Allocation Failure) [PSYoungGen: 679920K->1936K(653824K)] 1051713K->374343K(1110528K), 0.0048605 secs] [Times: user=0.01 sys=0.00, real=0.01 secs] 
2024-07-05T00:39:20.485+0800: 7219.799: [GC (Allocation Failure) [PSYoungGen: 653712K->2224K(628736K)] 1026119K->374647K(1085440K), 0.0030403 secs] [Times: user=0.01 sys=0.00, real=0.01 secs] 
2024-07-05T00:39:21.221+0800: 7220.535: [GC (Allocation Failure) [PSYoungGen: 628400K->1968K(604160K)] 1000823K->374399K(1060864K), 0.0030982 secs] [Times: user=0.00 sys=0.00, real=0.00 secs] 
2024-07-05T00:39:21.907+0800: 7221.221: [GC (Allocation Failure) [PSYoungGen: 604080K->2016K(581120K)] 976511K->374535K(1037824K), 0.0030059 secs] [Times: user=0.01 sys=0.00, real=0.00 secs] 
2024-07-05T00:39:22.558+0800: 7221.872: [GC (Allocation Failure) [PSYoungGen: 581088K->3040K(560128K)] 953607K->376773K(1016832K), 0.0057274 secs] [Times: user=0.01 sys=0.00, real=0.00 secs] 
2024-07-05T00:39:23.183+0800: 7222.497: [GC (Allocation Failure) [PSYoungGen: 560096K->1536K(537600K)] 933829K->376470K(994304K), 0.0033665 secs] [Times: user=0.01 sys=0.00, real=0.01 secs] 
2024-07-05T00:39:23.796+0800: 7223.110: [GC (Allocation Failure) [PSYoungGen: 537600K->1888K(518144K)] 912534K->377780K(974848K), 0.0031828 secs] [Times: user=0.01 sys=0.00, real=0.00 secs] 
2024-07-05T00:39:24.385+0800: 7223.700: [GC (Allocation Failure) [PSYoungGen: 517984K->2000K(499200K)] 893876K->377900K(955904K), 0.0029964 secs] [Times: user=0.00 sys=0.00, real=0.01 secs] 
2024-07-05T00:39:24.965+0800: 7224.279: [GC (Allocation Failure) [PSYoungGen: 499152K->1936K(556544K)] 875052K->377844K(1013248K), 0.0054200 secs] [Times: user=0.01 sys=0.00, real=0.01 secs] 
2024-07-05T00:39:25.679+0800: 7224.993: [GC (Allocation Failure) [PSYoungGen: 556432K->1920K(619520K)] 932340K->377836K(1076224K), 0.0041031 secs] [Times: user=0.00 sys=0.00, real=0.00 secs] 
2024-07-05T00:39:26.491+0800: 7225.806: [GC (Allocation Failure) [PSYoungGen: 619392K->1920K(595968K)] 995308K->377844K(1052672K), 0.0031456 secs] [Times: user=0.01 sys=0.00, real=0.01 secs] 
2024-07-05T00:39:27.138+0800: 7226.453: [GC (Allocation Failure) [PSYoungGen: 595840K->1936K(573440K)] 971764K->377868K(1030144K), 0.0032188 secs] [Times: user=0.01 sys=0.00, real=0.00 secs] 
2024-07-05T00:39:27.793+0800: 7227.107: [GC (Allocation Failure) [PSYoungGen: 573328K->1904K(551936K)] 949260K->377844K(1008640K), 0.0033982 secs] [Times: user=0.01 sys=0.00, real=0.01 secs] 
2024-07-05T00:39:28.399+0800: 7227.713: [GC (Allocation Failure) [PSYoungGen: 551792K->1984K(531456K)] 927732K->377932K(988160K), 0.0031250 secs] [Times: user=0.01 sys=0.00, real=0.00 secs] 
2024-07-05T00:39:28.988+0800: 7228.302: [GC (Allocation Failure) [PSYoungGen: 531392K->3072K(513024K)] 907340K->379724K(969728K), 0.0039499 secs] [Times: user=0.01 sys=0.00, real=0.00 secs] 
2024-07-05T00:39:29.555+0800: 7228.869: [GC (Allocation Failure) [PSYoungGen: 513024K->1504K(570368K)] 889676K->381679K(1027072K), 0.0048938 secs] [Times: user=0.01 sys=0.00, real=0.00 secs] 
2024-07-05T00:39:30.231+0800: 7229.545: [GC (Allocation Failure) [PSYoungGen: 570336K->2080K(636928K)] 950511K->382917K(1093632K), 0.0042914 secs] [Times: user=0.01 sys=0.00, real=0.01 secs] 
2024-07-05T00:39:30.934+0800: 7230.248: [GC (Allocation Failure) [PSYoungGen: 636448K->1936K(708608K)] 1017285K->382789K(1165312K), 0.0042660 secs] [Times: user=0.00 sys=0.01, real=0.01 secs] 
2024-07-05T00:39:31.736+0800: 7231.050: [GC (Allocation Failure) [PSYoungGen: 708496K->1920K(680448K)] 1089349K->382781K(1137152K), 0.0030106 secs] [Times: user=0.00 sys=0.00, real=0.00 secs] 
2024-07-05T00:39:32.503+0800: 7231.817: [GC (Allocation Failure) [PSYoungGen: 680320K->1920K(653824K)] 1061181K->382789K(1110528K), 0.0031489 secs] [Times: user=0.00 sys=0.01, real=0.01 secs] 
2024-07-05T00:39:33.233+0800: 7232.547: [GC (Allocation Failure) [PSYoungGen: 653696K->1984K(628224K)] 1034565K->382861K(1084928K), 0.0032588 secs] [Times: user=0.01 sys=0.00, real=0.01 secs] 
2024-07-05T00:39:33.945+0800: 7233.259: [GC (Allocation Failure) [PSYoungGen: 628160K->2080K(604672K)] 1009037K->382965K(1061376K), 0.0033494 secs] [Times: user=0.01 sys=0.00, real=0.01 secs] 
2024-07-05T00:39:34.634+0800: 7233.949: [GC (Allocation Failure) [PSYoungGen: 604192K->1920K(581120K)] 985077K->382813K(1037824K), 0.0043646 secs] [Times: user=0.01 sys=0.00, real=0.00 secs] 
2024-07-05T00:39:35.289+0800: 7234.603: [GC (Allocation Failure) [PSYoungGen: 580992K->1968K(559104K)] 961885K->382869K(1015808K), 0.0034352 secs] [Times: user=0.00 sys=0.00, real=0.00 secs] 
2024-07-05T00:39:35.908+0800: 7235.222: [GC (Allocation Failure) [PSYoungGen: 559024K->2192K(538624K)] 939925K->383101K(995328K), 0.0036978 secs] [Times: user=0.00 sys=0.00, real=0.00 secs] 
2024-07-05T00:39:36.511+0800: 7235.826: [GC (Allocation Failure) [PSYoungGen: 538256K->1936K(518144K)] 919165K->382853K(974848K), 0.0030456 secs] [Times: user=0.01 sys=0.00, real=0.01 secs] 
2024-07-05T00:39:37.102+0800: 7236.416: [GC (Allocation Failure) [PSYoungGen: 518032K->1984K(576000K)] 898949K->382909K(1032704K), 0.0049539 secs] [Times: user=0.01 sys=0.00, real=0.01 secs] 
2024-07-05T00:39:37.753+0800: 7237.068: [GC (Allocation Failure) [PSYoungGen: 575936K->1888K(638976K)] 956861K->382821K(1095680K), 0.0030311 secs] [Times: user=0.01 sys=0.00, real=0.01 secs] 
2024-07-05T00:39:38.480+0800: 7237.794: [GC (Allocation Failure) [PSYoungGen: 638816K->1936K(614400K)] 1019749K->382877K(1071104K), 0.0030204 secs] [Times: user=0.00 sys=0.00, real=0.00 secs] 
2024-07-05T00:39:39.172+0800: 7238.487: [GC (Allocation Failure) [PSYoungGen: 614288K->2176K(591360K)] 995229K->383125K(1048064K), 0.0032563 secs] [Times: user=0.00 sys=0.00, real=0.01 secs] 
2024-07-05T00:39:39.844+0800: 7239.158: [GC (Allocation Failure) [PSYoungGen: 590976K->2224K(568832K)] 971925K->383181K(1025536K), 0.0035107 secs] [Times: user=0.00 sys=0.00, real=0.01 secs] 
2024-07-05T00:39:40.532+0800: 7239.847: [GC (Allocation Failure) [PSYoungGen: 568496K->2032K(546816K)] 949453K->382997K(1003520K), 0.0030746 secs] [Times: user=0.01 sys=0.00, real=0.01 secs] 
2024-07-05T00:39:41.129+0800: 7240.443: [GC (Allocation Failure) [PSYoungGen: 546800K->3056K(527360K)] 927765K->384696K(984064K), 0.0041828 secs] [Times: user=0.00 sys=0.00, real=0.00 secs] 
2024-07-05T00:39:41.714+0800: 7241.028: [GC (Allocation Failure) [PSYoungGen: 527344K->1504K(584704K)] 908984K->385476K(1041408K), 0.0044422 secs] [Times: user=0.01 sys=0.00, real=0.00 secs] 
2024-07-05T00:39:42.404+0800: 7241.718: [GC (Allocation Failure) [PSYoungGen: 584672K->1920K(648704K)] 968644K->387024K(1105408K), 0.0032656 secs] [Times: user=0.00 sys=0.00, real=0.01 secs] 
2024-07-05T00:39:43.123+0800: 7242.437: [GC (Allocation Failure) [PSYoungGen: 648576K->1904K(623616K)] 1033680K->387016K(1080320K), 0.0031029 secs] [Times: user=0.01 sys=0.00, real=0.01 secs] 
2024-07-05T00:39:43.805+0800: 7243.119: [GC (Allocation Failure) [PSYoungGen: 623472K->2000K(599552K)] 1008584K->387120K(1056256K), 0.0030985 secs] [Times: user=0.00 sys=0.00, real=0.01 secs] 
2024-07-05T00:39:44.468+0800: 7243.782: [GC (Allocation Failure) [PSYoungGen: 599504K->1904K(576512K)] 984624K->387032K(1033216K), 0.0031247 secs] [Times: user=0.00 sys=0.00, real=0.00 secs] 
2024-07-05T00:39:45.118+0800: 7244.432: [GC (Allocation Failure) [PSYoungGen: 576368K->2608K(640000K)] 961496K->387744K(1096704K), 0.0051024 secs] [Times: user=0.00 sys=0.00, real=0.00 secs] 
2024-07-05T00:39:45.829+0800: 7245.143: [GC (Allocation Failure) [PSYoungGen: 639536K->2000K(614400K)] 1024672K->387144K(1071104K), 0.0029327 secs] [Times: user=0.01 sys=0.00, real=0.00 secs] 
2024-07-05T00:39:46.510+0800: 7245.824: [GC (Allocation Failure) [PSYoungGen: 614352K->1920K(590848K)] 999496K->387072K(1047552K), 0.0043668 secs] [Times: user=0.01 sys=0.00, real=0.01 secs] 
2024-07-05T00:39:47.158+0800: 7246.472: [GC (Allocation Failure) [PSYoungGen: 590720K->3568K(659968K)] 975872K->388856K(1116672K), 0.0054777 secs] [Times: user=0.01 sys=0.00, real=0.00 secs] 
2024-07-05T00:39:47.888+0800: 7247.202: [GC (Allocation Failure) [PSYoungGen: 659952K->1904K(713728K)] 1045240K->388440K(1170432K), 0.0040323 secs] [Times: user=0.01 sys=0.00, real=0.00 secs] 
2024-07-05T00:39:48.696+0800: 7248.010: [GC (Allocation Failure) [PSYoungGen: 711536K->1952K(734720K)] 1098072K->388496K(1191424K), 0.0037051 secs] [Times: user=0.01 sys=0.00, real=0.00 secs] 
2024-07-05T00:39:49.514+0800: 7248.828: [GC (Allocation Failure) [PSYoungGen: 732576K->1872K(703488K)] 1119120K->388424K(1160192K), 0.0042199 secs] [Times: user=0.01 sys=0.00, real=0.00 secs] 
2024-07-05T00:39:50.394+0800: 7249.709: [GC (Allocation Failure) [PSYoungGen: 703312K->1968K(675840K)] 1089864K->388528K(1132544K), 0.0039983 secs] [Times: user=0.01 sys=0.00, real=0.00 secs] 
2024-07-05T00:39:51.177+0800: 7250.491: [GC (Allocation Failure) [PSYoungGen: 675760K->1968K(649216K)] 1062320K->388536K(1105920K), 0.0039273 secs] [Times: user=0.01 sys=0.00, real=0.00 secs] 
2024-07-05T00:39:51.915+0800: 7251.230: [GC (Allocation Failure) [PSYoungGen: 649136K->1984K(624128K)] 1035704K->388560K(1080832K), 0.0030597 secs] [Times: user=0.00 sys=0.00, real=0.00 secs] 
2024-07-05T00:39:52.658+0800: 7251.972: [GC (Allocation Failure) [PSYoungGen: 624064K->1952K(600064K)] 1010640K->388536K(1056768K), 0.0048405 secs] [Times: user=0.00 sys=0.00, real=0.00 secs] 
2024-07-05T00:39:53.320+0800: 7252.634: [GC (Allocation Failure) [PSYoungGen: 599968K->1904K(577024K)] 986552K->388496K(1033728K), 0.0032605 secs] [Times: user=0.01 sys=0.00, real=0.00 secs] 
2024-07-05T00:39:53.964+0800: 7253.278: [GC (Allocation Failure) [PSYoungGen: 576880K->1968K(555520K)] 963472K->388568K(1012224K), 0.0037718 secs] [Times: user=0.01 sys=0.00, real=0.01 secs] 
2024-07-05T00:39:54.586+0800: 7253.900: [GC (Allocation Failure) [PSYoungGen: 555440K->1952K(535040K)] 942040K->388560K(991744K), 0.0030781 secs] [Times: user=0.00 sys=0.00, real=0.00 secs] 
2024-07-05T00:39:55.244+0800: 7254.558: [GC (Allocation Failure) [PSYoungGen: 534944K->3568K(600576K)] 921552K->392532K(1057280K), 0.0082013 secs] [Times: user=0.01 sys=0.00, real=0.01 secs] 
2024-07-05T00:39:55.939+0800: 7255.253: [GC (Allocation Failure) [PSYoungGen: 600560K->2032K(668160K)] 989524K->391594K(1124864K), 0.0032217 secs] [Times: user=0.00 sys=0.00, real=0.00 secs] 
2024-07-05T00:39:56.692+0800: 7256.006: [GC (Allocation Failure) [PSYoungGen: 668144K->1920K(719360K)] 1057706K->391498K(1176064K), 0.0038767 secs] [Times: user=0.01 sys=0.00, real=0.01 secs] 
2024-07-05T00:39:57.487+0800: 7256.801: [GC (Allocation Failure) [PSYoungGen: 716672K->2032K(747008K)] 1106250K->391618K(1203712K), 0.0035401 secs] [Times: user=0.01 sys=0.00, real=0.00 secs] 
2024-07-05T00:39:58.343+0800: 7257.657: [GC (Allocation Failure) [PSYoungGen: 744432K->1984K(746496K)] 1134018K->391578K(1203200K), 0.0048416 secs] [Times: user=0.01 sys=0.00, real=0.01 secs] 
2024-07-05T00:39:59.171+0800: 7258.486: [GC (Allocation Failure) [PSYoungGen: 744384K->2016K(714752K)] 1133978K->391618K(1171456K), 0.0034899 secs] [Times: user=0.01 sys=0.00, real=0.01 secs] 
2024-07-05T00:39:59.970+0800: 7259.284: [GC (Allocation Failure) [PSYoungGen: 714720K->1952K(686592K)] 1104322K->391562K(1143296K), 0.0050561 secs] [Times: user=0.01 sys=0.00, real=0.01 secs] 
2024-07-05T00:40:00.750+0800: 7260.064: [GC (Allocation Failure) [PSYoungGen: 686496K->2544K(659968K)] 1076106K->392162K(1116672K), 0.0038128 secs] [Times: user=0.01 sys=0.00, real=0.01 secs] 
2024-07-05T00:40:01.489+0800: 7260.803: [GC (Allocation Failure) [PSYoungGen: 659952K->2160K(634368K)] 1049570K->391786K(1091072K), 0.0039802 secs] [Times: user=0.01 sys=0.00, real=0.00 secs] 
2024-07-05T00:40:02.233+0800: 7261.547: [GC (Allocation Failure) [PSYoungGen: 633968K->3568K(704000K)] 1023594K->393357K(1160704K), 0.0045996 secs] [Times: user=0.01 sys=0.00, real=0.01 secs] 
2024-07-05T00:40:03.054+0800: 7262.368: [GC (Allocation Failure) [PSYoungGen: 703984K->1888K(781824K)] 1093773K->393027K(1238528K), 0.0062332 secs] [Times: user=0.01 sys=0.00, real=0.00 secs] 
2024-07-05T00:40:03.962+0800: 7263.276: [GC (Allocation Failure) [PSYoungGen: 781664K->2048K(817664K)] 1172803K->393195K(1274368K), 0.0047883 secs] [Times: user=0.01 sys=0.00, real=0.01 secs] 
2024-07-05T00:40:04.904+0800: 7264.219: [GC (Allocation Failure) [PSYoungGen: 816640K->2144K(783872K)] 1207787K->393299K(1240576K), 0.0038023 secs] [Times: user=0.01 sys=0.00, real=0.01 secs] 
2024-07-05T00:40:05.834+0800: 7265.148: [GC (Allocation Failure) [PSYoungGen: 783456K->2016K(751616K)] 1174611K->393555K(1208320K), 0.0031513 secs] [Times: user=0.00 sys=0.00, real=0.00 secs] 
2024-07-05T00:40:06.674+0800: 7265.989: [GC (Allocation Failure) [PSYoungGen: 751584K->2592K(722432K)] 1143123K->394251K(1179136K), 0.0034619 secs] [Times: user=0.00 sys=0.00, real=0.00 secs] 
2024-07-05T00:40:07.483+0800: 7266.797: [GC (Allocation Failure) [PSYoungGen: 721952K->2016K(692736K)] 1113611K->393683K(1149440K), 0.0030697 secs] [Times: user=0.01 sys=0.00, real=0.01 secs] 
2024-07-05T00:40:08.269+0800: 7267.584: [GC (Allocation Failure) [PSYoungGen: 692704K->3552K(667136K)] 1084371K->395827K(1123840K), 0.0043168 secs] [Times: user=0.00 sys=0.00, real=0.01 secs] 
2024-07-05T00:40:09.034+0800: 7268.348: [GC (Allocation Failure) [PSYoungGen: 667104K->1968K(639488K)] 1059379K->395083K(1096192K), 0.0047368 secs] [Times: user=0.00 sys=0.00, real=0.00 secs] 
2024-07-05T00:40:09.790+0800: 7269.104: [GC (Allocation Failure) [PSYoungGen: 639408K->1984K(614912K)] 1032523K->395107K(1071616K), 0.0046584 secs] [Times: user=0.01 sys=0.00, real=0.01 secs] 
2024-07-05T00:40:10.520+0800: 7269.834: [GC (Allocation Failure) [PSYoungGen: 614848K->1872K(591360K)] 1007971K->395003K(1048064K), 0.0031161 secs] [Times: user=0.00 sys=0.00, real=0.00 secs] 
2024-07-05T00:40:11.179+0800: 7270.493: [GC (Allocation Failure) [PSYoungGen: 591184K->3728K(659456K)] 984315K->396867K(1116160K), 0.0055590 secs] [Times: user=0.01 sys=0.00, real=0.00 secs] 
2024-07-05T00:40:11.912+0800: 7271.227: [GC (Allocation Failure) [PSYoungGen: 659088K->2064K(732672K)] 1052227K->395211K(1189376K), 0.0052939 secs] [Times: user=0.01 sys=0.00, real=0.01 secs] 
2024-07-05T00:40:12.730+0800: 7272.044: [GC (Allocation Failure) [PSYoungGen: 732176K->1904K(702976K)] 1125323K->395059K(1159680K), 0.0030221 secs] [Times: user=0.00 sys=0.00, real=0.00 secs] 
2024-07-05T00:40:13.502+0800: 7272.816: [GC (Allocation Failure) [PSYoungGen: 702832K->3120K(676864K)] 1095987K->396283K(1133568K), 0.0036749 secs] [Times: user=0.00 sys=0.00, real=0.01 secs] 
2024-07-05T00:40:14.254+0800: 7273.568: [GC (Allocation Failure) [PSYoungGen: 676400K->2080K(649216K)] 1069563K->395251K(1105920K), 0.0040454 secs] [Times: user=0.00 sys=0.00, real=0.00 secs] 
2024-07-05T00:40:14.974+0800: 7274.288: [GC (Allocation Failure) [PSYoungGen: 648736K->2016K(720384K)] 1041907K->395195K(1177088K), 0.0052703 secs] [Times: user=0.00 sys=0.00, real=0.00 secs] 
2024-07-05T00:40:16.048+0800: 7275.363: [GC (Allocation Failure) [PSYoungGen: 720352K->2032K(691712K)] 1113531K->395219K(1148416K), 0.0036784 secs] [Times: user=0.01 sys=0.00, real=0.00 secs] 
2024-07-05T00:40:16.889+0800: 7276.204: [GC (Allocation Failure) [PSYoungGen: 691696K->2640K(665600K)] 1084883K->395835K(1122304K), 0.0040003 secs] [Times: user=0.01 sys=0.00, real=0.00 secs] 
2024-07-05T00:40:17.667+0800: 7276.981: [GC (Allocation Failure) [PSYoungGen: 665168K->1968K(638464K)] 1058363K->395171K(1095168K), 0.0030121 secs] [Times: user=0.00 sys=0.01, real=0.00 secs] 
2024-07-05T00:40:18.392+0800: 7277.706: [GC (Allocation Failure) [PSYoungGen: 638384K->1936K(613888K)] 1031587K->395155K(1070592K), 0.0038317 secs] [Times: user=0.00 sys=0.00, real=0.01 secs] 
2024-07-05T00:40:19.110+0800: 7278.424: [GC (Allocation Failure) [PSYoungGen: 613776K->2048K(590848K)] 1006995K->395275K(1047552K), 0.0030980 secs] [Times: user=0.01 sys=0.00, real=0.00 secs] 
2024-07-05T00:40:19.770+0800: 7279.084: [GC (Allocation Failure) [PSYoungGen: 590336K->1952K(567808K)] 983563K->395187K(1024512K), 0.0035422 secs] [Times: user=0.01 sys=0.00, real=0.01 secs] 
2024-07-05T00:40:20.408+0800: 7279.722: [GC (Allocation Failure) [PSYoungGen: 567712K->1968K(546304K)] 960947K->395211K(1003008K), 0.0037547 secs] [Times: user=0.00 sys=0.00, real=0.00 secs] 
2024-07-05T00:40:21.008+0800: 7280.322: [GC (Allocation Failure) [PSYoungGen: 546224K->2112K(526336K)] 939467K->395363K(983040K), 0.0039889 secs] [Times: user=0.01 sys=0.00, real=0.00 secs] 
2024-07-05T00:40:21.596+0800: 7280.910: [GC (Allocation Failure) [PSYoungGen: 525888K->2080K(584192K)] 919139K->395339K(1040896K), 0.0040512 secs] [Times: user=0.01 sys=0.00, real=0.00 secs] 
2024-07-05T00:40:22.252+0800: 7281.566: [GC (Allocation Failure) [PSYoungGen: 583712K->2288K(562176K)] 976971K->395555K(1018880K), 0.0031135 secs] [Times: user=0.00 sys=0.00, real=0.01 secs] 
2024-07-05T00:40:22.877+0800: 7282.192: [GC (Allocation Failure) [PSYoungGen: 561904K->2336K(541184K)] 955171K->395611K(997888K), 0.0032460 secs] [Times: user=0.00 sys=0.00, real=0.00 secs] 
2024-07-05T00:40:23.487+0800: 7282.801: [GC (Allocation Failure) [PSYoungGen: 540960K->1968K(600064K)] 934235K->395251K(1056768K), 0.0041637 secs] [Times: user=0.00 sys=0.00, real=0.00 secs] 
2024-07-05T00:40:24.184+0800: 7283.498: [GC (Allocation Failure) [PSYoungGen: 599984K->1984K(577024K)] 993267K->395275K(1033728K), 0.0032529 secs] [Times: user=0.01 sys=0.00, real=0.01 secs] 
2024-07-05T00:40:24.847+0800: 7284.161: [GC (Allocation Failure) [PSYoungGen: 576960K->2048K(556032K)] 970251K->395347K(1012736K), 0.0030707 secs] [Times: user=0.01 sys=0.00, real=0.00 secs] 
2024-07-05T00:40:25.481+0800: 7284.795: [GC (Allocation Failure) [PSYoungGen: 555520K->1856K(535040K)] 948819K->395163K(991744K), 0.0030417 secs] [Times: user=0.01 sys=0.00, real=0.00 secs] 
2024-07-05T00:40:26.093+0800: 7285.407: [GC (Allocation Failure) [PSYoungGen: 534848K->2016K(515072K)] 928155K->395331K(971776K), 0.0028922 secs] [Times: user=0.00 sys=0.00, real=0.01 secs] 
2024-07-05T00:40:26.665+0800: 7285.979: [GC (Allocation Failure) [PSYoungGen: 515040K->1936K(496128K)] 908355K->395259K(952832K), 0.0030106 secs] [Times: user=0.00 sys=0.00, real=0.01 secs] 
2024-07-05T00:40:27.223+0800: 7286.537: [GC (Allocation Failure) [PSYoungGen: 496016K->1888K(478208K)] 889339K->395219K(934912K), 0.0030863 secs] [Times: user=0.00 sys=0.00, real=0.01 secs] 
2024-07-05T00:40:27.758+0800: 7287.072: [GC (Allocation Failure) [PSYoungGen: 478048K->1888K(532992K)] 871379K->395227K(989696K), 0.0054311 secs] [Times: user=0.00 sys=0.01, real=0.00 secs] 
2024-07-05T00:40:28.370+0800: 7287.684: [GC (Allocation Failure) [PSYoungGen: 532832K->1968K(592384K)] 926171K->395315K(1049088K), 0.0029277 secs] [Times: user=0.01 sys=0.00, real=0.00 secs] 
2024-07-05T00:40:29.040+0800: 7288.354: [GC (Allocation Failure) [PSYoungGen: 592304K->1952K(569856K)] 985651K->395307K(1026560K), 0.0030322 secs] [Times: user=0.00 sys=0.00, real=0.00 secs] 
2024-07-05T00:40:29.732+0800: 7289.046: [GC (Allocation Failure) [PSYoungGen: 569760K->2000K(548352K)] 963115K->395363K(1005056K), 0.0034205 secs] [Times: user=0.01 sys=0.00, real=0.01 secs] 
2024-07-05T00:40:30.382+0800: 7289.697: [GC (Allocation Failure) [PSYoungGen: 548304K->1936K(610304K)] 941667K->395307K(1067008K), 0.0052691 secs] [Times: user=0.00 sys=0.00, real=0.01 secs] 
2024-07-05T00:40:31.116+0800: 7290.430: [GC (Allocation Failure) [PSYoungGen: 610192K->2016K(586752K)] 1003563K->395395K(1043456K), 0.0029489 secs] [Times: user=0.00 sys=0.00, real=0.00 secs] 
2024-07-05T00:40:31.786+0800: 7291.100: [GC (Allocation Failure) [PSYoungGen: 586720K->1920K(564736K)] 980099K->395307K(1021440K), 0.0030248 secs] [Times: user=0.00 sys=0.00, real=0.00 secs] 
2024-07-05T00:40:32.478+0800: 7291.792: [GC (Allocation Failure) [PSYoungGen: 564608K->1520K(626176K)] 957995K->395622K(1082880K), 0.0048091 secs] [Times: user=0.00 sys=0.00, real=0.00 secs] 
2024-07-05T00:40:33.204+0800: 7292.518: [GC (Allocation Failure) [PSYoungGen: 626160K->1920K(602624K)] 1020262K->396604K(1059328K), 0.0031414 secs] [Times: user=0.01 sys=0.00, real=0.01 secs] 
2024-07-05T00:40:33.871+0800: 7293.185: [GC (Allocation Failure) [PSYoungGen: 602496K->2000K(668672K)] 997180K->396692K(1125376K), 0.0044387 secs] [Times: user=0.01 sys=0.00, real=0.01 secs] 
2024-07-05T00:40:34.620+0800: 7293.934: [GC (Allocation Failure) [PSYoungGen: 668624K->1872K(642560K)] 1063316K->396572K(1099264K), 0.0031026 secs] [Times: user=0.01 sys=0.00, real=0.00 secs] 
2024-07-05T00:40:35.336+0800: 7294.650: [GC (Allocation Failure) [PSYoungGen: 642384K->1504K(617472K)] 1037084K->396652K(1074176K), 0.0030312 secs] [Times: user=0.00 sys=0.00, real=0.00 secs] 
2024-07-05T00:40:36.026+0800: 7295.340: [GC (Allocation Failure) [PSYoungGen: 617440K->1984K(594432K)] 1012588K->397802K(1051136K), 0.0049740 secs] [Times: user=0.00 sys=0.00, real=0.00 secs] 
2024-07-05T00:40:36.681+0800: 7295.995: [GC (Allocation Failure) [PSYoungGen: 594368K->2016K(571904K)] 990186K->397842K(1028608K), 0.0035378 secs] [Times: user=0.01 sys=0.00, real=0.00 secs] 
2024-07-05T00:40:37.320+0800: 7296.634: [GC (Allocation Failure) [PSYoungGen: 571872K->1952K(634880K)] 967698K->397786K(1091584K), 0.0040466 secs] [Times: user=0.01 sys=0.00, real=0.00 secs] 
2024-07-05T00:40:38.022+0800: 7297.336: [GC (Allocation Failure) [PSYoungGen: 634784K->1536K(704000K)] 1030618K->397802K(1160704K), 0.0039995 secs] [Times: user=0.00 sys=0.00, real=0.01 secs] 
2024-07-05T00:40:38.811+0800: 7298.126: [GC (Allocation Failure) [PSYoungGen: 704000K->1968K(764416K)] 1100266K->398896K(1221120K), 0.0042028 secs] [Times: user=0.00 sys=0.00, real=0.01 secs] 
2024-07-05T00:40:39.652+0800: 7298.966: [GC (Allocation Failure) [PSYoungGen: 763824K->1984K(781824K)] 1160752K->398920K(1238528K), 0.0047491 secs] [Times: user=0.01 sys=0.01, real=0.01 secs] 
2024-07-05T00:40:40.541+0800: 7299.855: [GC (Allocation Failure) [PSYoungGen: 781248K->1920K(749568K)] 1178184K->398864K(1206272K), 0.0038966 secs] [Times: user=0.01 sys=0.00, real=0.00 secs] 
2024-07-05T00:40:41.376+0800: 7300.691: [GC (Allocation Failure) [PSYoungGen: 749440K->1008K(718336K)] 1146384K->399006K(1175040K), 0.0037350 secs] [Times: user=0.01 sys=0.00, real=0.00 secs] 
2024-07-05T00:40:42.166+0800: 7301.480: [GC (Allocation Failure) [PSYoungGen: 718320K->1952K(690688K)] 1116318K->400748K(1147392K), 0.0047359 secs] [Times: user=0.00 sys=0.00, real=0.00 secs] 
2024-07-05T00:40:42.942+0800: 7302.256: [GC (Allocation Failure) [PSYoungGen: 690592K->1888K(663552K)] 1089388K->400692K(1120256K), 0.0031111 secs] [Times: user=0.01 sys=0.00, real=0.00 secs] 
2024-07-05T00:40:43.669+0800: 7302.984: [GC (Allocation Failure) [PSYoungGen: 663392K->1888K(637952K)] 1062196K->400700K(1094656K), 0.0033457 secs] [Times: user=0.01 sys=0.00, real=0.00 secs] 
2024-07-05T00:40:44.378+0800: 7303.692: [GC (Allocation Failure) [PSYoungGen: 637792K->1504K(612864K)] 1036604K->400828K(1069568K), 0.0038134 secs] [Times: user=0.01 sys=0.00, real=0.00 secs] 
2024-07-05T00:40:45.048+0800: 7304.363: [GC (Allocation Failure) [PSYoungGen: 612832K->1936K(589824K)] 1012156K->401851K(1046528K), 0.0036501 secs] [Times: user=0.01 sys=0.00, real=0.00 secs] 
2024-07-05T00:40:45.710+0800: 7305.024: [GC (Allocation Failure) [PSYoungGen: 589712K->2000K(567296K)] 989627K->401923K(1024000K), 0.0032482 secs] [Times: user=0.00 sys=0.00, real=0.00 secs] 
2024-07-05T00:40:46.350+0800: 7305.664: [GC (Allocation Failure) [PSYoungGen: 567248K->1936K(545792K)] 967171K->401867K(1002496K), 0.0031006 secs] [Times: user=0.01 sys=0.00, real=0.00 secs] 
2024-07-05T00:40:46.942+0800: 7306.256: [GC (Allocation Failure) [PSYoungGen: 545680K->1536K(606208K)] 945611K->401899K(1062912K), 0.0053505 secs] [Times: user=0.01 sys=0.00, real=0.01 secs] 
2024-07-05T00:40:47.692+0800: 7307.006: [GC (Allocation Failure) [PSYoungGen: 606208K->1984K(674304K)] 1006571K->402913K(1131008K), 0.0043897 secs] [Times: user=0.00 sys=0.00, real=0.01 secs] 
2024-07-05T00:40:48.453+0800: 7307.767: [GC (Allocation Failure) [PSYoungGen: 674240K->2016K(648192K)] 1075169K->402953K(1104896K), 0.0031043 secs] [Times: user=0.01 sys=0.00, real=0.01 secs] 
2024-07-05T00:40:49.189+0800: 7308.503: [GC (Allocation Failure) [PSYoungGen: 648160K->1936K(623104K)] 1049097K->402881K(1079808K), 0.0032126 secs] [Times: user=0.00 sys=0.00, real=0.00 secs] 
2024-07-05T00:40:49.880+0800: 7309.194: [GC (Allocation Failure) [PSYoungGen: 622992K->1504K(598528K)] 1023937K->402983K(1055232K), 0.0038435 secs] [Times: user=0.00 sys=0.00, real=0.00 secs] 
2024-07-05T00:40:50.569+0800: 7309.883: [GC (Allocation Failure) [PSYoungGen: 598496K->2016K(576512K)] 999975K->403519K(1033216K), 0.0030539 secs] [Times: user=0.00 sys=0.00, real=0.00 secs] 
2024-07-05T00:40:51.196+0800: 7310.510: [GC (Allocation Failure) [PSYoungGen: 576480K->1952K(555008K)] 977983K->403527K(1011712K), 0.0029598 secs] [Times: user=0.01 sys=0.00, real=0.00 secs] 
2024-07-05T00:40:51.825+0800: 7311.140: [GC (Allocation Failure) [PSYoungGen: 554912K->2096K(616448K)] 956487K->403679K(1073152K), 0.0050998 secs] [Times: user=0.00 sys=0.00, real=0.01 secs] 
2024-07-05T00:40:52.542+0800: 7311.856: [GC (Allocation Failure) [PSYoungGen: 615984K->1008K(682496K)] 1017567K->403621K(1139200K), 0.0040095 secs] [Times: user=0.01 sys=0.00, real=0.01 secs] 
2024-07-05T00:40:53.297+0800: 7312.611: [GC (Allocation Failure) [PSYoungGen: 682480K->1968K(656896K)] 1085093K->404629K(1113600K), 0.0030474 secs] [Times: user=0.01 sys=0.00, real=0.00 secs] 
2024-07-05T00:40:54.025+0800: 7313.339: [GC (Allocation Failure) [PSYoungGen: 656816K->1936K(631296K)] 1059477K->404605K(1088000K), 0.0030601 secs] [Times: user=0.01 sys=0.00, real=0.01 secs] 
2024-07-05T00:40:54.715+0800: 7314.029: [GC (Allocation Failure) [PSYoungGen: 631184K->2560K(700416K)] 1033853K->406403K(1157120K), 0.0052219 secs] [Times: user=0.01 sys=0.00, real=0.00 secs] 
2024-07-05T00:40:55.498+0800: 7314.812: [GC (Allocation Failure) [PSYoungGen: 700416K->1008K(765952K)] 1104259K->408284K(1222656K), 0.0057903 secs] [Times: user=0.00 sys=0.00, real=0.00 secs] 
2024-07-05T00:40:56.366+0800: 7315.680: [GC (Allocation Failure) [PSYoungGen: 765936K->2048K(768512K)] 1173212K->409994K(1225216K), 0.0052040 secs] [Times: user=0.01 sys=0.00, real=0.00 secs] 
2024-07-05T00:40:57.195+0800: 7316.509: [GC (Allocation Failure) [PSYoungGen: 766976K->3552K(854016K)] 1174922K->411526K(1310720K), 0.0048349 secs] [Times: user=0.01 sys=0.00, real=0.00 secs] 
2024-07-05T00:40:58.176+0800: 7317.491: [GC (Allocation Failure) [PSYoungGen: 853984K->1888K(817664K)] 1261958K->409870K(1274368K), 0.0037014 secs] [Times: user=0.01 sys=0.00, real=0.00 secs] 
2024-07-05T00:40:59.095+0800: 7318.409: [GC (Allocation Failure) [PSYoungGen: 817504K->2544K(784896K)] 1225486K->411727K(1241600K), 0.0045795 secs] [Times: user=0.00 sys=0.00, real=0.00 secs] 
2024-07-05T00:40:59.987+0800: 7319.302: [GC (Allocation Failure) [PSYoungGen: 784880K->1952K(752640K)] 1194063K->412533K(1209344K), 0.0041588 secs] [Times: user=0.00 sys=0.00, real=0.00 secs] 
2024-07-05T00:41:00.846+0800: 7320.160: [GC (Allocation Failure) [PSYoungGen: 752544K->1952K(722432K)] 1163125K->412541K(1179136K), 0.0050007 secs] [Times: user=0.00 sys=0.00, real=0.00 secs] 
2024-07-05T00:41:01.678+0800: 7320.993: [GC (Allocation Failure) [PSYoungGen: 722336K->2016K(801792K)] 1132925K->412613K(1258496K), 0.0060309 secs] [Times: user=0.00 sys=0.00, real=0.00 secs] 
2024-07-05T00:41:02.642+0800: 7321.956: [GC (Allocation Failure) [PSYoungGen: 801760K->2000K(769536K)] 1212357K->412605K(1226240K), 0.0033814 secs] [Times: user=0.00 sys=0.00, real=0.01 secs] 
2024-07-05T00:41:03.513+0800: 7322.827: [GC (Allocation Failure) [PSYoungGen: 769488K->2096K(739328K)] 1180093K->412709K(1196032K), 0.0031271 secs] [Times: user=0.00 sys=0.00, real=0.01 secs] 
2024-07-05T00:41:04.367+0800: 7323.681: [GC (Allocation Failure) [PSYoungGen: 738864K->1984K(709120K)] 1149477K->412605K(1165824K), 0.0030940 secs] [Times: user=0.01 sys=0.00, real=0.00 secs] 
2024-07-05T00:41:05.163+0800: 7324.478: [GC (Allocation Failure) [PSYoungGen: 709056K->1936K(680960K)] 1119677K->412565K(1137664K), 0.0030205 secs] [Times: user=0.01 sys=0.00, real=0.01 secs] 
2024-07-05T00:41:05.927+0800: 7325.241: [GC (Allocation Failure) [PSYoungGen: 680848K->2032K(654336K)] 1091477K->412661K(1111040K), 0.0035482 secs] [Times: user=0.01 sys=0.00, real=0.00 secs] 
2024-07-05T00:41:06.662+0800: 7325.976: [GC (Allocation Failure) [PSYoungGen: 654320K->1904K(628736K)] 1064949K->412541K(1085440K), 0.0030457 secs] [Times: user=0.01 sys=0.00, real=0.00 secs] 
2024-07-05T00:41:07.362+0800: 7326.676: [GC (Allocation Failure) [PSYoungGen: 628592K->1840K(604672K)] 1039229K->412477K(1061376K), 0.0030543 secs] [Times: user=0.00 sys=0.00, real=0.00 secs] 
2024-07-05T00:41:08.049+0800: 7327.364: [GC (Allocation Failure) [PSYoungGen: 604464K->1920K(581632K)] 1015101K->412557K(1038336K), 0.0031644 secs] [Times: user=0.00 sys=0.00, real=0.00 secs] 
2024-07-05T00:41:08.702+0800: 7328.016: [GC (Allocation Failure) [PSYoungGen: 581504K->2160K(560128K)] 992141K->412805K(1016832K), 0.0040998 secs] [Times: user=0.00 sys=0.00, real=0.01 secs] 
2024-07-05T00:41:09.337+0800: 7328.651: [GC (Allocation Failure) [PSYoungGen: 559728K->1952K(538624K)] 970373K->412605K(995328K), 0.0033820 secs] [Times: user=0.01 sys=0.00, real=0.00 secs] 
2024-07-05T00:41:09.944+0800: 7329.258: [GC (Allocation Failure) [PSYoungGen: 538528K->1904K(518656K)] 949181K->412565K(975360K), 0.0031238 secs] [Times: user=0.01 sys=0.00, real=0.01 secs] 
2024-07-05T00:41:10.527+0800: 7329.841: [GC (Allocation Failure) [PSYoungGen: 518512K->2016K(499712K)] 929173K->412685K(956416K), 0.0031040 secs] [Times: user=0.00 sys=0.00, real=0.00 secs] 
2024-07-05T00:41:11.075+0800: 7330.389: [GC (Allocation Failure) [PSYoungGen: 499680K->1936K(481792K)] 910349K->412613K(938496K), 0.0031390 secs] [Times: user=0.00 sys=0.00, real=0.00 secs] 
2024-07-05T00:41:11.610+0800: 7330.924: [GC (Allocation Failure) [PSYoungGen: 481680K->1920K(464384K)] 892357K->412605K(921088K), 0.0030243 secs] [Times: user=0.01 sys=0.00, real=0.00 secs] 
2024-07-05T00:41:12.118+0800: 7331.432: [GC (Allocation Failure) [PSYoungGen: 464256K->1872K(448000K)] 874941K->412565K(904704K), 0.0029688 secs] [Times: user=0.01 sys=0.00, real=0.00 secs] 
2024-07-05T00:41:12.642+0800: 7331.956: [GC (Allocation Failure) [PSYoungGen: 447824K->2416K(432640K)] 858517K->413117K(889344K), 0.0032605 secs] [Times: user=0.01 sys=0.00, real=0.00 secs] 
2024-07-05T00:41:13.118+0800: 7332.433: [GC (Allocation Failure) [PSYoungGen: 432496K->1952K(479744K)] 843197K->412661K(936448K), 0.0031199 secs] [Times: user=0.01 sys=0.00, real=0.00 secs] 
2024-07-05T00:41:13.645+0800: 7332.960: [GC (Allocation Failure) [PSYoungGen: 479648K->3056K(535552K)] 890357K->414472K(992256K), 0.0040191 secs] [Times: user=0.01 sys=0.00, real=0.01 secs] 
2024-07-05T00:41:14.247+0800: 7333.561: [GC (Allocation Failure) [PSYoungGen: 535536K->1504K(596480K)] 946952K->415818K(1053184K), 0.0046257 secs] [Times: user=0.01 sys=0.00, real=0.00 secs] 
2024-07-05T00:41:14.921+0800: 7334.235: [GC (Allocation Failure) [PSYoungGen: 596448K->1920K(665088K)] 1010762K->416322K(1121792K), 0.0032839 secs] [Times: user=0.00 sys=0.00, real=0.00 secs] 
2024-07-05T00:41:15.658+0800: 7334.972: [GC (Allocation Failure) [PSYoungGen: 664960K->1984K(738304K)] 1079362K->416394K(1195008K), 0.0034465 secs] [Times: user=0.00 sys=0.00, real=0.00 secs] 
2024-07-05T00:41:16.482+0800: 7335.796: [GC (Allocation Failure) [PSYoungGen: 738240K->3696K(711168K)] 1152650K->418114K(1167872K), 0.0041153 secs] [Times: user=0.00 sys=0.00, real=0.01 secs] 
2024-07-05T00:41:17.283+0800: 7336.597: [GC (Allocation Failure) [PSYoungGen: 710768K->1904K(680960K)] 1125186K->416330K(1137664K), 0.0031852 secs] [Times: user=0.00 sys=0.00, real=0.01 secs] 
2024-07-05T00:41:18.054+0800: 7337.368: [GC (Allocation Failure) [PSYoungGen: 680816K->2752K(655360K)] 1095242K->417186K(1112064K), 0.0033671 secs] [Times: user=0.00 sys=0.00, real=0.00 secs] 
2024-07-05T00:41:18.806+0800: 7338.120: [GC (Allocation Failure) [PSYoungGen: 655040K->2016K(628736K)] 1069474K->416458K(1085440K), 0.0035179 secs] [Times: user=0.01 sys=0.00, real=0.00 secs] 
2024-07-05T00:41:19.504+0800: 7338.818: [GC (Allocation Failure) [PSYoungGen: 628704K->1984K(604672K)] 1043146K->416434K(1061376K), 0.0031116 secs] [Times: user=0.01 sys=0.00, real=0.01 secs] 
2024-07-05T00:41:20.197+0800: 7339.512: [GC (Allocation Failure) [PSYoungGen: 604608K->2048K(582144K)] 1019058K->416506K(1038848K), 0.0033773 secs] [Times: user=0.01 sys=0.00, real=0.00 secs] 
2024-07-05T00:41:20.859+0800: 7340.173: [GC (Allocation Failure) [PSYoungGen: 581632K->2048K(559616K)] 996090K->416514K(1016320K), 0.0031987 secs] [Times: user=0.00 sys=0.00, real=0.00 secs] 
2024-07-05T00:41:21.481+0800: 7340.795: [GC (Allocation Failure) [PSYoungGen: 559616K->1872K(538624K)] 974082K->416346K(995328K), 0.0036308 secs] [Times: user=0.01 sys=0.00, real=0.00 secs] 
2024-07-05T00:41:22.104+0800: 7341.418: [GC (Allocation Failure) [PSYoungGen: 538448K->1952K(518656K)] 952922K->416434K(975360K), 0.0044717 secs] [Times: user=0.01 sys=0.00, real=0.01 secs] 
2024-07-05T00:41:22.692+0800: 7342.006: [GC (Allocation Failure) [PSYoungGen: 518560K->1856K(576512K)] 933042K->416346K(1033216K), 0.0043160 secs] [Times: user=0.01 sys=0.00, real=0.01 secs] 
2024-07-05T00:41:23.363+0800: 7342.677: [GC (Allocation Failure) [PSYoungGen: 576320K->2096K(643072K)] 990810K->416594K(1099776K), 0.0048387 secs] [Times: user=0.00 sys=0.00, real=0.01 secs] 
2024-07-05T00:41:24.088+0800: 7343.403: [GC (Allocation Failure) [PSYoungGen: 642608K->2032K(713216K)] 1057106K->416538K(1169920K), 0.0031131 secs] [Times: user=0.00 sys=0.00, real=0.00 secs] 
2024-07-05T00:41:24.887+0800: 7344.201: [GC (Allocation Failure) [PSYoungGen: 713200K->1984K(685056K)] 1127706K->416498K(1141760K), 0.0032029 secs] [Times: user=0.01 sys=0.00, real=0.00 secs] 
2024-07-05T00:41:25.647+0800: 7344.961: [GC (Allocation Failure) [PSYoungGen: 684992K->1968K(658432K)] 1099506K->416490K(1115136K), 0.0031707 secs] [Times: user=0.00 sys=0.00, real=0.00 secs] 
2024-07-05T00:41:26.381+0800: 7345.695: [GC (Allocation Failure) [PSYoungGen: 658352K->1856K(632832K)] 1072874K->416386K(1089536K), 0.0030115 secs] [Times: user=0.01 sys=0.00, real=0.00 secs] 
2024-07-05T00:41:27.089+0800: 7346.403: [GC (Allocation Failure) [PSYoungGen: 632640K->1904K(608256K)] 1047170K->416442K(1064960K), 0.0030709 secs] [Times: user=0.01 sys=0.00, real=0.00 secs] 
2024-07-05T00:41:27.765+0800: 7347.079: [GC (Allocation Failure) [PSYoungGen: 608112K->1888K(585216K)] 1022650K->416434K(1041920K), 0.0036897 secs] [Times: user=0.00 sys=0.00, real=0.01 secs] 
2024-07-05T00:41:28.418+0800: 7347.732: [GC (Allocation Failure) [PSYoungGen: 585056K->2000K(563200K)] 999602K->416554K(1019904K), 0.0047207 secs] [Times: user=0.01 sys=0.00, real=0.00 secs] 
2024-07-05T00:41:29.048+0800: 7348.362: [GC (Allocation Failure) [PSYoungGen: 563152K->2016K(542208K)] 977706K->416578K(998912K), 0.0032684 secs] [Times: user=0.01 sys=0.00, real=0.00 secs] 
2024-07-05T00:41:29.654+0800: 7348.968: [GC (Allocation Failure) [PSYoungGen: 542176K->1888K(601600K)] 956738K->416458K(1058304K), 0.0041201 secs] [Times: user=0.01 sys=0.00, real=0.00 secs] 
2024-07-05T00:41:30.359+0800: 7349.673: [GC (Allocation Failure) [PSYoungGen: 601440K->1936K(578560K)] 1016010K->416514K(1035264K), 0.0031453 secs] [Times: user=0.01 sys=0.00, real=0.00 secs] 
2024-07-05T00:41:31.008+0800: 7350.323: [GC (Allocation Failure) [PSYoungGen: 578448K->2544K(642048K)] 993026K->418429K(1098752K), 0.0041602 secs] [Times: user=0.01 sys=0.00, real=0.00 secs] 
2024-07-05T00:41:31.723+0800: 7351.037: [GC (Allocation Failure) [PSYoungGen: 642032K->2128K(712704K)] 1057917K->420055K(1169408K), 0.0044795 secs] [Times: user=0.01 sys=0.00, real=0.01 secs] 
2024-07-05T00:41:32.537+0800: 7351.851: [GC (Allocation Failure) [PSYoungGen: 712272K->2368K(684544K)] 1130199K->420303K(1141248K), 0.0031287 secs] [Times: user=0.01 sys=0.00, real=0.00 secs] 
2024-07-05T00:41:33.306+0800: 7352.620: [GC (Allocation Failure) [PSYoungGen: 684352K->2176K(657920K)] 1102287K->420119K(1114624K), 0.0033574 secs] [Times: user=0.01 sys=0.00, real=0.00 secs] 
2024-07-05T00:41:34.059+0800: 7353.373: [GC (Allocation Failure) [PSYoungGen: 657536K->2144K(632320K)] 1075479K->420095K(1089024K), 0.0031291 secs] [Times: user=0.00 sys=0.00, real=0.00 secs] 
2024-07-05T00:41:34.766+0800: 7354.080: [GC (Allocation Failure) [PSYoungGen: 631904K->1904K(607744K)] 1049855K->419863K(1064448K), 0.0031612 secs] [Times: user=0.00 sys=0.00, real=0.00 secs] 
2024-07-05T00:41:35.452+0800: 7354.766: [GC (Allocation Failure) [PSYoungGen: 607600K->1952K(584704K)] 1025559K->419919K(1041408K), 0.0031092 secs] [Times: user=0.01 sys=0.00, real=0.01 secs] 
2024-07-05T00:41:36.114+0800: 7355.428: [GC (Allocation Failure) [PSYoungGen: 584608K->2368K(563200K)] 1002575K->420343K(1019904K), 0.0031922 secs] [Times: user=0.00 sys=0.00, real=0.00 secs] 
2024-07-05T00:41:36.760+0800: 7356.074: [GC (Allocation Failure) [PSYoungGen: 563008K->1904K(541696K)] 980983K->419887K(998400K), 0.0030263 secs] [Times: user=0.01 sys=0.00, real=0.00 secs] 
2024-07-05T00:41:37.348+0800: 7356.662: [GC (Allocation Failure) [PSYoungGen: 541552K->1904K(521728K)] 959535K->419895K(978432K), 0.0031484 secs] [Times: user=0.00 sys=0.00, real=0.00 secs] 
2024-07-05T00:41:37.940+0800: 7357.255: [GC (Allocation Failure) [PSYoungGen: 521584K->1984K(502784K)] 939575K->419983K(959488K), 0.0036234 secs] [Times: user=0.01 sys=0.00, real=0.00 secs] 
2024-07-05T00:41:38.506+0800: 7357.820: [GC (Allocation Failure) [PSYoungGen: 502720K->2064K(558592K)] 920719K->420071K(1015296K), 0.0043668 secs] [Times: user=0.01 sys=0.00, real=0.00 secs] 
2024-07-05T00:41:39.135+0800: 7358.449: [GC (Allocation Failure) [PSYoungGen: 558096K->2032K(622080K)] 976103K->420063K(1078784K), 0.0049514 secs] [Times: user=0.01 sys=0.00, real=0.00 secs] 
2024-07-05T00:41:39.867+0800: 7359.182: [GC (Allocation Failure) [PSYoungGen: 622064K->2000K(694272K)] 1040095K->420039K(1150976K), 0.0053766 secs] [Times: user=0.00 sys=0.00, real=0.00 secs] 
2024-07-05T00:41:40.650+0800: 7359.964: [GC (Allocation Failure) [PSYoungGen: 694224K->2400K(772608K)] 1112263K->420447K(1229312K), 0.0033991 secs] [Times: user=0.01 sys=0.00, real=0.00 secs] 
2024-07-05T00:41:41.530+0800: 7360.844: [GC (Allocation Failure) [PSYoungGen: 772448K->1984K(774656K)] 1190495K->420039K(1231360K), 0.0051894 secs] [Times: user=0.01 sys=0.00, real=0.01 secs] 
2024-07-05T00:41:42.426+0800: 7361.741: [GC (Allocation Failure) [PSYoungGen: 773568K->1920K(742400K)] 1191623K->419983K(1199104K), 0.0035632 secs] [Times: user=0.01 sys=0.00, real=0.00 secs] 
2024-07-05T00:41:43.250+0800: 7362.564: [GC (Allocation Failure) [PSYoungGen: 742272K->2032K(823808K)] 1160335K->420103K(1280512K), 0.0052232 secs] [Times: user=0.01 sys=0.00, real=0.01 secs] 
2024-07-05T00:41:44.186+0800: 7363.500: [GC (Allocation Failure) [PSYoungGen: 823792K->2048K(856576K)] 1241863K->420127K(1313280K), 0.0050548 secs] [Times: user=0.01 sys=0.00, real=0.00 secs] 
2024-07-05T00:41:45.139+0800: 7364.453: [GC (Allocation Failure) [PSYoungGen: 856064K->2112K(821248K)] 1274143K->420199K(1277952K), 0.0034595 secs] [Times: user=0.00 sys=0.00, real=0.00 secs] 
2024-07-05T00:41:46.070+0800: 7365.384: [GC (Allocation Failure) [PSYoungGen: 820800K->1024K(786432K)] 1238887K->420138K(1243136K), 0.0049235 secs] [Times: user=0.01 sys=0.00, real=0.01 secs] 
2024-07-05T00:41:46.956+0800: 7366.271: [GC (Allocation Failure) [PSYoungGen: 786432K->1984K(755712K)] 1205546K->421298K(1212416K), 0.0031528 secs] [Times: user=0.01 sys=0.00, real=0.00 secs] 
2024-07-05T00:41:47.868+0800: 7367.183: [GC (Allocation Failure) [PSYoungGen: 755648K->2544K(726016K)] 1174962K->423141K(1182720K), 0.0041516 secs] [Times: user=0.00 sys=0.00, real=0.00 secs] 
2024-07-05T00:41:48.679+0800: 7367.993: [GC (Allocation Failure) [PSYoungGen: 726000K->1984K(696832K)] 1146597K->424658K(1153536K), 0.0054991 secs] [Times: user=0.01 sys=0.00, real=0.00 secs] 
2024-07-05T00:41:49.473+0800: 7368.787: [GC (Allocation Failure) [PSYoungGen: 696768K->2000K(669184K)] 1119442K->424690K(1125888K), 0.0036445 secs] [Times: user=0.01 sys=0.00, real=0.01 secs] 
2024-07-05T00:41:50.246+0800: 7369.560: [GC (Allocation Failure) [PSYoungGen: 669136K->2000K(643072K)] 1091826K->424698K(1099776K), 0.0031697 secs] [Times: user=0.00 sys=0.00, real=0.00 secs] 
2024-07-05T00:41:50.947+0800: 7370.262: [GC (Allocation Failure) [PSYoungGen: 643024K->2128K(618496K)] 1065722K->424834K(1075200K), 0.0030782 secs] [Times: user=0.01 sys=0.00, real=0.00 secs] 
2024-07-05T00:41:51.670+0800: 7370.984: [GC (Allocation Failure) [PSYoungGen: 618064K->1936K(594432K)] 1040770K->424650K(1051136K), 0.0031324 secs] [Times: user=0.01 sys=0.00, real=0.00 secs] 
2024-07-05T00:41:52.367+0800: 7371.681: [GC (Allocation Failure) [PSYoungGen: 594320K->2032K(571904K)] 1017034K->424802K(1028608K), 0.0031433 secs] [Times: user=0.01 sys=0.00, real=0.00 secs] 
2024-07-05T00:41:53.007+0800: 7372.321: [GC (Allocation Failure) [PSYoungGen: 571888K->2080K(550912K)] 994658K->424858K(1007616K), 0.0032473 secs] [Times: user=0.01 sys=0.00, real=0.00 secs] 
2024-07-05T00:41:53.621+0800: 7372.935: [GC (Allocation Failure) [PSYoungGen: 550432K->2000K(529920K)] 973210K->424786K(986624K), 0.0034795 secs] [Times: user=0.01 sys=0.00, real=0.00 secs] 
2024-07-05T00:41:54.219+0800: 7373.533: [GC (Allocation Failure) [PSYoungGen: 529872K->3056K(511488K)] 952658K->426546K(968192K), 0.0042652 secs] [Times: user=0.00 sys=0.00, real=0.00 secs] 
2024-07-05T00:41:54.805+0800: 7374.120: [GC (Allocation Failure) [PSYoungGen: 511472K->1536K(567296K)] 934962K->427214K(1024000K), 0.0043914 secs] [Times: user=0.01 sys=0.00, real=0.01 secs] 
2024-07-05T00:41:55.448+0800: 7374.763: [GC (Allocation Failure) [PSYoungGen: 567296K->2016K(631296K)] 992974K->427782K(1088000K), 0.0037870 secs] [Times: user=0.00 sys=0.00, real=0.00 secs] 
2024-07-05T00:41:56.154+0800: 7375.468: [GC (Allocation Failure) [PSYoungGen: 631264K->2064K(700416K)] 1057030K->427838K(1157120K), 0.0032757 secs] [Times: user=0.01 sys=0.00, real=0.00 secs] 
2024-07-05T00:41:56.949+0800: 7376.264: [GC (Allocation Failure) [PSYoungGen: 699920K->1936K(776192K)] 1125694K->427718K(1232896K), 0.0045137 secs] [Times: user=0.00 sys=0.00, real=0.01 secs] 
2024-07-05T00:41:57.833+0800: 7377.147: [GC (Allocation Failure) [PSYoungGen: 776080K->3040K(745984K)] 1201862K->429734K(1202688K), 0.0043080 secs] [Times: user=0.01 sys=0.00, real=0.01 secs] 
2024-07-05T00:41:58.688+0800: 7378.003: [GC (Allocation Failure) [PSYoungGen: 745952K->1920K(715264K)] 1172646K->429158K(1171968K), 0.0051527 secs] [Times: user=0.00 sys=0.00, real=0.01 secs] 
2024-07-05T00:41:59.499+0800: 7378.813: [GC (Allocation Failure) [PSYoungGen: 715136K->1968K(687104K)] 1142374K->429214K(1143808K), 0.0031289 secs] [Times: user=0.00 sys=0.00, real=0.00 secs] 
2024-07-05T00:42:00.285+0800: 7379.599: [GC (Allocation Failure) [PSYoungGen: 687024K->2016K(659968K)] 1114270K->429270K(1116672K), 0.0032917 secs] [Times: user=0.00 sys=0.00, real=0.01 secs] 
2024-07-05T00:42:01.043+0800: 7380.357: [GC (Allocation Failure) [PSYoungGen: 659936K->2048K(634880K)] 1087190K->429310K(1091584K), 0.0030737 secs] [Times: user=0.01 sys=0.00, real=0.01 secs] 
2024-07-05T00:42:01.783+0800: 7381.097: [GC (Allocation Failure) [PSYoungGen: 634368K->1984K(609792K)] 1061630K->429254K(1066496K), 0.0035219 secs] [Times: user=0.00 sys=0.00, real=0.01 secs] 
2024-07-05T00:42:02.487+0800: 7381.801: [GC (Allocation Failure) [PSYoungGen: 609728K->2032K(586752K)] 1036998K->429310K(1043456K), 0.0032318 secs] [Times: user=0.00 sys=0.00, real=0.00 secs] 
2024-07-05T00:42:03.154+0800: 7382.468: [GC (Allocation Failure) [PSYoungGen: 586736K->2000K(564736K)] 1014014K->429286K(1021440K), 0.0030902 secs] [Times: user=0.01 sys=0.00, real=0.00 secs] 
2024-07-05T00:42:03.802+0800: 7383.116: [GC (Allocation Failure) [PSYoungGen: 564688K->1888K(543744K)] 991974K->429182K(1000448K), 0.0034133 secs] [Times: user=0.01 sys=0.00, real=0.00 secs] 
2024-07-05T00:42:04.423+0800: 7383.737: [GC (Allocation Failure) [PSYoungGen: 543584K->1840K(523776K)] 970878K->429142K(980480K), 0.0042435 secs] [Times: user=0.01 sys=0.00, real=0.01 secs] 
2024-07-05T00:42:05.014+0800: 7384.328: [GC (Allocation Failure) [PSYoungGen: 523568K->2032K(504320K)] 950870K->429342K(961024K), 0.0030715 secs] [Times: user=0.01 sys=0.00, real=0.00 secs] 
2024-07-05T00:42:05.584+0800: 7384.898: [GC (Allocation Failure) [PSYoungGen: 504304K->2000K(485888K)] 931614K->429318K(942592K), 0.0032472 secs] [Times: user=0.00 sys=0.00, real=0.01 secs] 
2024-07-05T00:42:06.139+0800: 7385.453: [GC (Allocation Failure) [PSYoungGen: 485840K->1936K(541696K)] 913158K->429262K(998400K), 0.0054836 secs] [Times: user=0.01 sys=0.00, real=0.00 secs] 
2024-07-05T00:42:06.737+0800: 7386.052: [GC (Allocation Failure) [PSYoungGen: 541584K->2032K(605184K)] 968910K->429366K(1061888K), 0.0045255 secs] [Times: user=0.01 sys=0.00, real=0.00 secs] 
2024-07-05T00:42:08.218+0800: 7387.532: [GC (Allocation Failure) [PSYoungGen: 605168K->2544K(686592K)] 1032502K->449522K(1143296K), 0.0263109 secs] [Times: user=0.05 sys=0.00, real=0.02 secs] 
2024-07-05T00:42:11.383+0800: 7390.697: [GC (Allocation Failure) [PSYoungGen: 686576K->10736K(783872K)] 1133554K->466273K(1240576K), 0.0196015 secs] [Times: user=0.04 sys=0.00, real=0.02 secs] 
2024-07-05T00:42:11.403+0800: 7390.717: [Full GC (Ergonomics) [PSYoungGen: 10736K->0K(783872K)] [ParOldGen: 455537K->299125K(497664K)] 466273K->299125K(1281536K), [Metaspace: 36088K->36088K(1083392K)], 0.1589312 secs] [Times: user=0.28 sys=0.00, real=0.16 secs] 
2024-07-05T00:42:13.082+0800: 7392.396: [GC (Allocation Failure) [PSYoungGen: 773120K->8704K(799232K)] 1072245K->317970K(1296896K), 0.0296032 secs] [Times: user=0.06 sys=0.00, real=0.03 secs] 
2024-07-05T00:42:14.340+0800: 7393.654: [GC (Allocation Failure) [PSYoungGen: 799232K->17472K(809984K)] 1108498K->334768K(1307648K), 0.0202297 secs] [Times: user=0.04 sys=0.00, real=0.02 secs] 
2024-07-05T00:42:15.424+0800: 7394.739: [GC (Allocation Failure) [PSYoungGen: 808000K->17440K(932864K)] 1125296K->334752K(1430528K), 0.0194729 secs] [Times: user=0.03 sys=0.01, real=0.02 secs] 
2024-07-05T00:42:16.545+0800: 7395.859: [GC (Allocation Failure) [PSYoungGen: 928288K->17312K(934912K)] 1245600K->334632K(1432576K), 0.0185981 secs] [Times: user=0.03 sys=0.01, real=0.02 secs] 
2024-07-05T00:42:17.719+0800: 7397.034: [GC (Allocation Failure) [PSYoungGen: 928160K->17456K(1019904K)] 1245480K->334784K(1517568K), 0.0188284 secs] [Times: user=0.02 sys=0.01, real=0.02 secs] 
2024-07-05T00:42:18.962+0800: 7398.276: [GC (Allocation Failure) [PSYoungGen: 1011760K->17472K(1012224K)] 1329088K->334808K(1509888K), 0.0202415 secs] [Times: user=0.02 sys=0.02, real=0.02 secs] 
2024-07-05T00:42:20.206+0800: 7399.520: [GC (Allocation Failure) [PSYoungGen: 1011776K->17456K(1019392K)] 1329112K->334800K(1517056K), 0.0163386 secs] [Times: user=0.02 sys=0.00, real=0.01 secs] 
2024-07-05T00:42:21.417+0800: 7400.732: [GC (Allocation Failure) [PSYoungGen: 1008688K->17456K(1009152K)] 1326032K->334808K(1506816K), 0.0142518 secs] [Times: user=0.03 sys=0.00, real=0.01 secs] 
2024-07-05T00:42:22.659+0800: 7401.973: [GC (Allocation Failure) [PSYoungGen: 1008688K->17456K(1019392K)] 1326040K->334816K(1517056K), 0.0160464 secs] [Times: user=0.03 sys=0.00, real=0.02 secs] 
2024-07-05T00:42:23.856+0800: 7403.171: [GC (Allocation Failure) [PSYoungGen: 1007664K->17440K(1019392K)] 1325024K->334808K(1517056K), 0.0140314 secs] [Times: user=0.03 sys=0.00, real=0.01 secs] 
2024-07-05T00:42:25.042+0800: 7404.356: [GC (Allocation Failure) [PSYoungGen: 1007648K->17440K(1019392K)] 1325016K->334816K(1517056K), 0.0143161 secs] [Times: user=0.03 sys=0.00, real=0.02 secs] 
2024-07-05T00:42:26.246+0800: 7405.560: [GC (Allocation Failure) [PSYoungGen: 1007648K->17472K(1019392K)] 1325024K->334856K(1517056K), 0.0140385 secs] [Times: user=0.02 sys=0.00, real=0.01 secs] 
2024-07-05T00:42:27.459+0800: 7406.773: [GC (Allocation Failure) [PSYoungGen: 1007680K->17472K(1018368K)] 1325064K->334864K(1516032K), 0.0139762 secs] [Times: user=0.03 sys=0.00, real=0.01 secs] 
2024-07-05T00:42:28.657+0800: 7407.971: [GC (Allocation Failure) [PSYoungGen: 1007680K->17472K(1018880K)] 1325072K->334872K(1516544K), 0.0141322 secs] [Times: user=0.03 sys=0.00, real=0.01 secs] 
2024-07-05T00:42:29.905+0800: 7409.219: [GC (Allocation Failure) [PSYoungGen: 1007680K->15904K(1017856K)] 1325080K->333312K(1515520K), 0.0141418 secs] [Times: user=0.02 sys=0.00, real=0.02 secs] 
2024-07-05T00:42:31.205+0800: 7410.519: [GC (Allocation Failure) [PSYoungGen: 1007136K->17440K(1018880K)] 1324544K->334856K(1516544K), 0.0145790 secs] [Times: user=0.02 sys=0.00, real=0.02 secs] 
2024-07-05T00:42:32.443+0800: 7411.757: [GC (Allocation Failure) [PSYoungGen: 1008672K->17472K(1020416K)] 1326088K->334896K(1518080K), 0.0191543 secs] [Times: user=0.04 sys=0.00, real=0.02 secs] 
2024-07-05T00:42:33.654+0800: 7412.968: [GC (Allocation Failure) [PSYoungGen: 1011264K->17488K(1020928K)] 1328688K->334920K(1518592K), 0.0147001 secs] [Times: user=0.03 sys=0.00, real=0.01 secs] 
2024-07-05T00:42:34.873+0800: 7414.187: [GC (Allocation Failure) [PSYoungGen: 1011280K->17440K(1020416K)] 1328712K->334880K(1518080K), 0.0140202 secs] [Times: user=0.03 sys=0.00, real=0.02 secs] 
2024-07-05T00:42:36.083+0800: 7415.398: [GC (Allocation Failure) [PSYoungGen: 1012256K->17440K(1020928K)] 1329696K->334888K(1518592K), 0.0142237 secs] [Times: user=0.02 sys=0.01, real=0.02 secs] 
2024-07-05T00:42:37.256+0800: 7416.570: [GC (Allocation Failure) [PSYoungGen: 1012256K->17440K(1022464K)] 1329704K->334896K(1520128K), 0.0150628 secs] [Times: user=0.03 sys=0.00, real=0.01 secs] 
2024-07-05T00:42:38.477+0800: 7417.792: [GC (Allocation Failure) [PSYoungGen: 1014304K->16176K(1013248K)] 1331760K->333640K(1510912K), 0.0128197 secs] [Times: user=0.02 sys=0.00, real=0.01 secs] 
2024-07-05T00:42:39.760+0800: 7419.074: [GC (Allocation Failure) [PSYoungGen: 1013040K->18016K(1021952K)] 1330504K->335488K(1519616K), 0.0151078 secs] [Times: user=0.03 sys=0.00, real=0.02 secs] 
2024-07-05T00:42:40.956+0800: 7420.271: [GC (Allocation Failure) [PSYoungGen: 1015392K->17216K(1021952K)] 1332864K->334696K(1519616K), 0.0147823 secs] [Times: user=0.03 sys=0.00, real=0.01 secs] 
2024-07-05T00:42:42.127+0800: 7421.441: [GC (Allocation Failure) [PSYoungGen: 1014592K->17680K(1023488K)] 1332072K->335168K(1521152K), 0.0157111 secs] [Times: user=0.03 sys=0.00, real=0.01 secs] 
2024-07-05T00:42:43.325+0800: 7422.639: [GC (Allocation Failure) [PSYoungGen: 1017616K->17440K(1023488K)] 1335104K->334936K(1521152K), 0.0146613 secs] [Times: user=0.03 sys=0.00, real=0.02 secs] 
2024-07-05T00:42:44.481+0800: 7423.795: [GC (Allocation Failure) [PSYoungGen: 1017376K->18208K(1025024K)] 1334872K->335712K(1522688K), 0.0145973 secs] [Times: user=0.03 sys=0.00, real=0.02 secs] 
2024-07-05T00:42:45.654+0800: 7424.968: [GC (Allocation Failure) [PSYoungGen: 1019680K->17440K(1019392K)] 1337184K->334952K(1517056K), 0.0146209 secs] [Times: user=0.02 sys=0.00, real=0.01 secs] 
2024-07-05T00:42:46.842+0800: 7426.156: [GC (Allocation Failure) [PSYoungGen: 1018912K->17472K(1025024K)] 1336424K->334992K(1522688K), 0.0139845 secs] [Times: user=0.02 sys=0.00, real=0.02 secs] 
2024-07-05T00:42:48.044+0800: 7427.359: [GC (Allocation Failure) [PSYoungGen: 1019456K->17440K(1024512K)] 1336976K->334968K(1522176K), 0.0152071 secs] [Times: user=0.03 sys=0.00, real=0.02 secs] 
2024-07-05T00:42:49.242+0800: 7428.556: [GC (Allocation Failure) [PSYoungGen: 1019424K->17472K(1025024K)] 1336952K->335008K(1522688K), 0.0136176 secs] [Times: user=0.02 sys=0.00, real=0.02 secs] 
2024-07-05T00:42:50.469+0800: 7429.783: [GC (Allocation Failure) [PSYoungGen: 1020480K->17456K(1025024K)] 1338016K->335000K(1522688K), 0.0141916 secs] [Times: user=0.03 sys=0.00, real=0.01 secs] 
2024-07-05T00:42:51.666+0800: 7430.980: [GC (Allocation Failure) [PSYoungGen: 1020464K->17504K(1026048K)] 1338008K->335056K(1523712K), 0.0150300 secs] [Times: user=0.03 sys=0.00, real=0.01 secs] 
2024-07-05T00:42:52.958+0800: 7432.272: [GC (Allocation Failure) [PSYoungGen: 1022048K->17696K(1026048K)] 1339600K->335256K(1523712K), 0.0156959 secs] [Times: user=0.03 sys=0.00, real=0.02 secs] 
2024-07-05T00:42:54.208+0800: 7433.522: [GC (Allocation Failure) [PSYoungGen: 1022240K->17456K(1026560K)] 1339800K->335024K(1524224K), 0.0148367 secs] [Times: user=0.02 sys=0.00, real=0.01 secs] 
2024-07-05T00:42:55.445+0800: 7434.759: [GC (Allocation Failure) [PSYoungGen: 1023024K->17504K(1026560K)] 1340592K->335080K(1524224K), 0.0140990 secs] [Times: user=0.03 sys=0.00, real=0.02 secs] 
2024-07-05T00:42:56.671+0800: 7435.985: [GC (Allocation Failure) [PSYoungGen: 1023072K->17456K(1027072K)] 1340648K->335040K(1524736K), 0.0154204 secs] [Times: user=0.03 sys=0.00, real=0.02 secs] 
2024-07-05T00:42:57.905+0800: 7437.219: [GC (Allocation Failure) [PSYoungGen: 1024048K->17440K(1027072K)] 1341632K->335032K(1524736K), 0.0143396 secs] [Times: user=0.03 sys=0.00, real=0.02 secs] 
2024-07-05T00:42:59.120+0800: 7438.434: [GC (Allocation Failure) [PSYoungGen: 1024032K->17440K(1027072K)] 1341624K->335040K(1524736K), 0.0142824 secs] [Times: user=0.02 sys=0.00, real=0.02 secs] 
2024-07-05T00:43:00.341+0800: 7439.656: [GC (Allocation Failure) [PSYoungGen: 1025056K->17168K(1027584K)] 1342656K->334776K(1525248K), 0.0136549 secs] [Times: user=0.03 sys=0.00, real=0.02 secs] 
2024-07-05T00:43:01.562+0800: 7440.876: [GC (Allocation Failure) [PSYoungGen: 1024784K->15424K(1028608K)] 1342392K->333040K(1526272K), 0.0137489 secs] [Times: user=0.02 sys=0.00, real=0.02 secs] 
2024-07-05T00:43:02.796+0800: 7442.110: [GC (Allocation Failure) [PSYoungGen: 1024064K->15408K(1028608K)] 1341680K->333032K(1526272K), 0.0119545 secs] [Times: user=0.02 sys=0.00, real=0.01 secs] 
2024-07-05T00:43:04.025+0800: 7443.339: [GC (Allocation Failure) [PSYoungGen: 1024048K->17440K(1028608K)] 1341672K->335072K(1526272K), 0.0142834 secs] [Times: user=0.03 sys=0.00, real=0.02 secs] 
2024-07-05T00:43:05.279+0800: 7444.594: [GC (Allocation Failure) [PSYoungGen: 1026080K->17456K(1028608K)] 1343712K->335096K(1526272K), 0.0158299 secs] [Times: user=0.02 sys=0.00, real=0.02 secs] 
2024-07-05T00:43:06.506+0800: 7445.820: [GC (Allocation Failure) [PSYoungGen: 1026096K->17440K(1027584K)] 1343736K->335088K(1525248K), 0.0139775 secs] [Times: user=0.03 sys=0.00, real=0.01 secs] 
2024-07-05T00:43:07.762+0800: 7447.076: [GC (Allocation Failure) [PSYoungGen: 1026080K->17472K(1028096K)] 1343728K->335128K(1525760K), 0.0161047 secs] [Times: user=0.03 sys=0.00, real=0.02 secs] 
2024-07-05T00:43:08.958+0800: 7448.272: [GC (Allocation Failure) [PSYoungGen: 1026112K->17456K(1029120K)] 1343768K->335120K(1526784K), 0.0170047 secs] [Times: user=0.03 sys=0.00, real=0.02 secs] 
2024-07-05T00:43:10.197+0800: 7449.512: [GC (Allocation Failure) [PSYoungGen: 1027120K->17456K(1029120K)] 1344784K->335128K(1526784K), 0.0144816 secs] [Times: user=0.02 sys=0.00, real=0.01 secs] 
2024-07-05T00:43:11.499+0800: 7450.814: [GC (Allocation Failure) [PSYoungGen: 1027120K->17472K(1029120K)] 1344792K->335152K(1526784K), 0.0142090 secs] [Times: user=0.03 sys=0.00, real=0.02 secs] 
2024-07-05T00:43:12.754+0800: 7452.068: [GC (Allocation Failure) [PSYoungGen: 1027136K->17488K(1029120K)] 1344816K->335176K(1526784K), 0.0144239 secs] [Times: user=0.03 sys=0.00, real=0.01 secs] 
2024-07-05T00:43:13.954+0800: 7453.268: [GC (Allocation Failure) [PSYoungGen: 1027152K->17440K(1028096K)] 1344840K->335136K(1525760K), 0.0146088 secs] [Times: user=0.02 sys=0.00, real=0.01 secs] 
2024-07-05T00:43:15.144+0800: 7454.458: [GC (Allocation Failure) [PSYoungGen: 1027104K->16256K(1028608K)] 1344800K->333960K(1526272K), 0.0127705 secs] [Times: user=0.03 sys=0.00, real=0.02 secs] 
2024-07-05T00:43:16.416+0800: 7455.731: [GC (Allocation Failure) [PSYoungGen: 1025920K->17440K(1029632K)] 1343624K->335152K(1527296K), 0.0143325 secs] [Times: user=0.02 sys=0.00, real=0.01 secs] 
2024-07-05T00:43:17.646+0800: 7456.960: [GC (Allocation Failure) [PSYoungGen: 1028128K->17472K(1029632K)] 1345840K->335192K(1527296K), 0.0141514 secs] [Times: user=0.02 sys=0.00, real=0.01 secs] 
2024-07-05T00:43:18.881+0800: 7458.195: [GC (Allocation Failure) [PSYoungGen: 1028160K->17440K(1029632K)] 1345880K->335168K(1527296K), 0.0137611 secs] [Times: user=0.02 sys=0.00, real=0.02 secs] 
2024-07-05T00:43:20.130+0800: 7459.444: [GC (Allocation Failure) [PSYoungGen: 1028128K->17456K(1029632K)] 1345856K->335192K(1527296K), 0.0163594 secs] [Times: user=0.03 sys=0.00, real=0.02 secs] 
2024-07-05T00:43:21.423+0800: 7460.738: [GC (Allocation Failure) [PSYoungGen: 1028144K->17616K(1029632K)] 1345880K->335360K(1527296K), 0.0145584 secs] [Times: user=0.03 sys=0.00, real=0.02 secs] 
2024-07-05T00:43:22.717+0800: 7462.031: [GC (Allocation Failure) [PSYoungGen: 1028304K->17984K(1029632K)] 1346048K->335736K(1527296K), 0.0166341 secs] [Times: user=0.02 sys=0.00, real=0.02 secs] 
2024-07-05T00:43:23.946+0800: 7463.260: [GC (Allocation Failure) [PSYoungGen: 1028672K->17456K(1029632K)] 1346424K->335216K(1527296K), 0.0141338 secs] [Times: user=0.02 sys=0.00, real=0.01 secs] 
2024-07-05T00:43:25.154+0800: 7464.468: [GC (Allocation Failure) [PSYoungGen: 1028144K->17488K(1029632K)] 1345904K->335256K(1527296K), 0.0147592 secs] [Times: user=0.02 sys=0.00, real=0.01 secs] 
2024-07-05T00:43:26.343+0800: 7465.657: [GC (Allocation Failure) [PSYoungGen: 1028176K->17904K(1029632K)] 1345944K->335680K(1527296K), 0.0141818 secs] [Times: user=0.02 sys=0.00, real=0.02 secs] 
2024-07-05T00:43:27.530+0800: 7466.844: [GC (Allocation Failure) [PSYoungGen: 1028592K->15696K(1029632K)] 1346368K->333480K(1527296K), 0.0124499 secs] [Times: user=0.02 sys=0.00, real=0.01 secs] 
2024-07-05T00:43:28.721+0800: 7468.035: [GC (Allocation Failure) [PSYoungGen: 1026384K->17472K(1029632K)] 1344168K->335264K(1527296K), 0.0162294 secs] [Times: user=0.03 sys=0.00, real=0.02 secs] 
2024-07-05T00:43:29.929+0800: 7469.243: [GC (Allocation Failure) [PSYoungGen: 1028160K->17472K(1029632K)] 1345952K->335272K(1527296K), 0.0146587 secs] [Times: user=0.03 sys=0.00, real=0.01 secs] 
2024-07-05T00:43:31.185+0800: 7470.499: [GC (Allocation Failure) [PSYoungGen: 1028160K->18416K(1029632K)] 1345960K->336224K(1527296K), 0.0149289 secs] [Times: user=0.03 sys=0.00, real=0.02 secs] 
2024-07-05T00:43:32.470+0800: 7471.784: [GC (Allocation Failure) [PSYoungGen: 1029104K->18912K(1029632K)] 1346912K->337592K(1527296K), 0.0157059 secs] [Times: user=0.03 sys=0.00, real=0.01 secs] 
2024-07-05T00:43:33.824+0800: 7473.138: [GC (Allocation Failure) [PSYoungGen: 1029600K->17456K(1027584K)] 1348280K->336328K(1525248K), 0.0170705 secs] [Times: user=0.03 sys=0.00, real=0.02 secs] 
2024-07-05T00:43:35.047+0800: 7474.361: [GC (Allocation Failure) [PSYoungGen: 1026096K->17440K(1028608K)] 1344968K->336320K(1526272K), 0.0141900 secs] [Times: user=0.03 sys=0.00, real=0.01 secs] 
2024-07-05T00:43:36.259+0800: 7475.573: [GC (Allocation Failure) [PSYoungGen: 1026080K->17472K(1028096K)] 1344960K->336360K(1525760K), 0.0153816 secs] [Times: user=0.03 sys=0.00, real=0.02 secs] 
2024-07-05T00:43:37.475+0800: 7476.789: [GC (Allocation Failure) [PSYoungGen: 1026624K->18256K(1028608K)] 1345512K->337152K(1526272K), 0.0143365 secs] [Times: user=0.02 sys=0.00, real=0.01 secs] 
2024-07-05T00:43:38.707+0800: 7478.021: [GC (Allocation Failure) [PSYoungGen: 1027408K->16608K(1029120K)] 1346304K->335512K(1526784K), 0.0129092 secs] [Times: user=0.03 sys=0.00, real=0.01 secs] 
2024-07-05T00:43:39.964+0800: 7479.278: [GC (Allocation Failure) [PSYoungGen: 1026272K->15360K(1025536K)] 1345176K->334272K(1523200K), 0.0120719 secs] [Times: user=0.03 sys=0.00, real=0.02 secs] 
2024-07-05T00:43:41.201+0800: 7480.515: [GC (Allocation Failure) [PSYoungGen: 1025024K->17856K(1028608K)] 1343936K->336776K(1526272K), 0.0142352 secs] [Times: user=0.03 sys=0.00, real=0.02 secs] 
2024-07-05T00:43:42.437+0800: 7481.751: [GC (Allocation Failure) [PSYoungGen: 1026496K->17504K(1026560K)] 1345416K->336432K(1524224K), 0.0137847 secs] [Times: user=0.03 sys=0.00, real=0.01 secs] 
2024-07-05T00:43:43.657+0800: 7482.971: [GC (Allocation Failure) [PSYoungGen: 1026144K->17456K(1028096K)] 1345072K->336392K(1525760K), 0.0143695 secs] [Times: user=0.03 sys=0.00, real=0.01 secs] 
2024-07-05T00:43:44.849+0800: 7484.164: [GC (Allocation Failure) [PSYoungGen: 1026096K->17456K(1028096K)] 1345032K->336400K(1525760K), 0.0158923 secs] [Times: user=0.03 sys=0.00, real=0.01 secs] 
2024-07-05T00:43:46.076+0800: 7485.390: [GC (Allocation Failure) [PSYoungGen: 1026096K->17552K(1028096K)] 1345040K->336504K(1525760K), 0.0157144 secs] [Times: user=0.03 sys=0.00, real=0.01 secs] 
2024-07-05T00:43:47.246+0800: 7486.561: [GC (Allocation Failure) [PSYoungGen: 1027216K->17440K(1028608K)] 1346168K->336400K(1526272K), 0.0138818 secs] [Times: user=0.03 sys=0.00, real=0.01 secs] 
2024-07-05T00:43:48.442+0800: 7487.756: [GC (Allocation Failure) [PSYoungGen: 1027104K->17424K(1029632K)] 1346064K->336392K(1527296K), 0.0141175 secs] [Times: user=0.03 sys=0.00, real=0.02 secs] 
2024-07-05T00:43:49.646+0800: 7488.960: [GC (Allocation Failure) [PSYoungGen: 1028112K->16288K(1029632K)] 1347080K->335264K(1527296K), 0.0126685 secs] [Times: user=0.02 sys=0.00, real=0.01 secs] 
2024-07-05T00:43:50.881+0800: 7490.195: [GC (Allocation Failure) [PSYoungGen: 1026976K->17472K(1029632K)] 1345952K->336456K(1527296K), 0.0141136 secs] [Times: user=0.03 sys=0.00, real=0.02 secs] 
2024-07-05T00:43:52.098+0800: 7491.412: [GC (Allocation Failure) [PSYoungGen: 1028160K->17456K(1029632K)] 1347144K->336448K(1527296K), 0.0161101 secs] [Times: user=0.03 sys=0.00, real=0.02 secs] 
2024-07-05T00:43:53.296+0800: 7492.610: [GC (Allocation Failure) [PSYoungGen: 1028144K->17440K(1029632K)] 1347136K->336440K(1527296K), 0.0145911 secs] [Times: user=0.03 sys=0.00, real=0.01 secs] 
2024-07-05T00:43:54.478+0800: 7493.792: [GC (Allocation Failure) [PSYoungGen: 1028128K->17472K(1028608K)] 1347128K->336480K(1526272K), 0.0154766 secs] [Times: user=0.03 sys=0.00, real=0.02 secs] 
2024-07-05T00:43:55.664+0800: 7494.978: [GC (Allocation Failure) [PSYoungGen: 1028160K->17456K(1029120K)] 1347168K->336472K(1526784K), 0.0141160 secs] [Times: user=0.02 sys=0.00, real=0.02 secs] 
2024-07-05T00:43:56.860+0800: 7496.174: [GC (Allocation Failure) [PSYoungGen: 1028144K->17440K(1029120K)] 1347160K->336464K(1526784K), 0.0140057 secs] [Times: user=0.03 sys=0.00, real=0.02 secs] 
2024-07-05T00:43:58.124+0800: 7497.438: [GC (Allocation Failure) [PSYoungGen: 1028128K->17472K(1030144K)] 1347152K->336504K(1527808K), 0.0138629 secs] [Times: user=0.03 sys=0.00, real=0.02 secs] 
2024-07-05T00:43:59.357+0800: 7498.672: [GC (Allocation Failure) [PSYoungGen: 1029184K->17456K(1030144K)] 1348216K->336496K(1527808K), 0.0140396 secs] [Times: user=0.03 sys=0.01, real=0.01 secs] 
2024-07-05T00:44:00.590+0800: 7499.904: [GC (Allocation Failure) [PSYoungGen: 1029168K->17440K(1030144K)] 1348208K->336488K(1527808K), 0.0159098 secs] [Times: user=0.03 sys=0.00, real=0.02 secs] 
2024-07-05T00:44:01.848+0800: 7501.162: [GC (Allocation Failure) [PSYoungGen: 1029152K->17472K(1030144K)] 1348200K->336528K(1527808K), 0.0150240 secs] [Times: user=0.03 sys=0.00, real=0.01 secs] 
2024-07-05T00:44:03.153+0800: 7502.467: [GC (Allocation Failure) [PSYoungGen: 1029184K->17472K(1030144K)] 1348240K->336536K(1527808K), 0.0140730 secs] [Times: user=0.02 sys=0.00, real=0.02 secs] 
2024-07-05T00:44:04.414+0800: 7503.728: [GC (Allocation Failure) [PSYoungGen: 1029184K->17440K(1030144K)] 1348248K->336512K(1527808K), 0.0138288 secs] [Times: user=0.02 sys=0.00, real=0.01 secs] 
2024-07-05T00:44:05.589+0800: 7504.903: [GC (Allocation Failure) [PSYoungGen: 1029152K->17472K(1029632K)] 1348224K->336552K(1527296K), 0.0138695 secs] [Times: user=0.03 sys=0.00, real=0.01 secs] 
2024-07-05T00:44:06.777+0800: 7506.091: [GC (Allocation Failure) [PSYoungGen: 1029184K->17456K(1030144K)] 1348264K->336544K(1527808K), 0.0148567 secs] [Times: user=0.03 sys=0.00, real=0.01 secs] 
2024-07-05T00:44:08.056+0800: 7507.370: [GC (Allocation Failure) [PSYoungGen: 1029680K->17904K(1029632K)] 1348768K->337368K(1527296K), 0.0151262 secs] [Times: user=0.02 sys=0.00, real=0.01 secs] 
2024-07-05T00:44:09.427+0800: 7508.741: [GC (Allocation Failure) [PSYoungGen: 1029616K->17488K(1030144K)] 1349080K->339376K(1527808K), 0.0173714 secs] [Times: user=0.03 sys=0.00, real=0.01 secs] 
2024-07-05T00:44:10.874+0800: 7510.188: [GC (Allocation Failure) [PSYoungGen: 1029200K->17488K(1030144K)] 1351088K->339424K(1527808K), 0.0162807 secs] [Times: user=0.03 sys=0.00, real=0.01 secs] 
2024-07-05T00:44:12.239+0800: 7511.554: [GC (Allocation Failure) [PSYoungGen: 1029200K->17440K(1030144K)] 1351136K->339384K(1527808K), 0.0139067 secs] [Times: user=0.03 sys=0.00, real=0.01 secs] 
2024-07-05T00:44:13.417+0800: 7512.731: [GC (Allocation Failure) [PSYoungGen: 1029152K->17440K(1030144K)] 1351096K->339392K(1527808K), 0.0140752 secs] [Times: user=0.03 sys=0.00, real=0.01 secs] 
2024-07-05T00:44:14.593+0800: 7513.907: [GC (Allocation Failure) [PSYoungGen: 1029152K->17440K(1029632K)] 1351104K->339400K(1527296K), 0.0137752 secs] [Times: user=0.03 sys=0.00, real=0.02 secs] 
2024-07-05T00:44:15.810+0800: 7515.124: [GC (Allocation Failure) [PSYoungGen: 1029152K->17472K(1029632K)] 1351112K->339440K(1527296K), 0.0144042 secs] [Times: user=0.03 sys=0.00, real=0.01 secs] 
2024-07-05T00:44:17.023+0800: 7516.337: [GC (Allocation Failure) [PSYoungGen: 1029184K->17904K(1029632K)] 1351152K->340464K(1527296K), 0.0148698 secs] [Times: user=0.03 sys=0.00, real=0.02 secs] 
2024-07-05T00:44:18.197+0800: 7517.512: [GC (Allocation Failure) [PSYoungGen: 1029616K->17472K(1030144K)] 1352176K->341184K(1527808K), 0.0143786 secs] [Times: user=0.02 sys=0.00, real=0.01 secs] 
2024-07-05T00:44:19.415+0800: 7518.730: [GC (Allocation Failure) [PSYoungGen: 1029184K->17424K(1030144K)] 1352896K->341144K(1527808K), 0.0143910 secs] [Times: user=0.02 sys=0.00, real=0.01 secs] 
2024-07-05T00:44:20.617+0800: 7519.932: [GC (Allocation Failure) [PSYoungGen: 1029136K->17472K(1030144K)] 1352856K->341200K(1527808K), 0.0143451 secs] [Times: user=0.03 sys=0.00, real=0.01 secs] 
2024-07-05T00:44:21.786+0800: 7521.100: [GC (Allocation Failure) [PSYoungGen: 1029184K->17360K(1030144K)] 1352912K->341096K(1527808K), 0.0159348 secs] [Times: user=0.02 sys=0.00, real=0.01 secs] 
2024-07-05T00:44:22.957+0800: 7522.272: [GC (Allocation Failure) [PSYoungGen: 1029072K->17456K(1030144K)] 1352808K->341200K(1527808K), 0.0161161 secs] [Times: user=0.02 sys=0.00, real=0.01 secs] 
2024-07-05T00:44:24.162+0800: 7523.476: [GC (Allocation Failure) [PSYoungGen: 1029168K->18416K(1030144K)] 1352912K->343360K(1527808K), 0.0169910 secs] [Times: user=0.03 sys=0.00, real=0.02 secs] 
2024-07-05T00:44:25.396+0800: 7524.711: [GC (Allocation Failure) [PSYoungGen: 1030128K->18432K(1027072K)] 1355072K->345384K(1524736K), 0.0161578 secs] [Times: user=0.03 sys=0.00, real=0.01 secs] 
2024-07-05T00:44:26.568+0800: 7525.882: [GC (Allocation Failure) [PSYoungGen: 1027072K->17392K(1028608K)] 1354024K->344368K(1526272K), 0.0141424 secs] [Times: user=0.02 sys=0.00, real=0.01 secs] 
2024-07-05T00:44:27.741+0800: 7527.055: [GC (Allocation Failure) [PSYoungGen: 1026032K->17904K(1027584K)] 1353008K->344896K(1525248K), 0.0153170 secs] [Times: user=0.03 sys=0.00, real=0.02 secs] 
2024-07-05T00:44:28.967+0800: 7528.281: [GC (Allocation Failure) [PSYoungGen: 1026544K->17456K(1028096K)] 1353536K->344456K(1525760K), 0.0140671 secs] [Times: user=0.03 sys=0.00, real=0.01 secs] 
2024-07-05T00:44:30.163+0800: 7529.477: [GC (Allocation Failure) [PSYoungGen: 1026096K->17456K(1029120K)] 1353096K->344464K(1526784K), 0.0157275 secs] [Times: user=0.03 sys=0.00, real=0.02 secs] 
2024-07-05T00:44:31.380+0800: 7530.694: [GC (Allocation Failure) [PSYoungGen: 1027120K->17008K(1029120K)] 1354128K->344024K(1526784K), 0.0142225 secs] [Times: user=0.02 sys=0.00, real=0.02 secs] 
2024-07-05T00:44:32.568+0800: 7531.882: [GC (Allocation Failure) [PSYoungGen: 1026672K->17536K(1029120K)] 1353688K->344560K(1526784K), 0.0138671 secs] [Times: user=0.02 sys=0.00, real=0.01 secs] 
2024-07-05T00:44:33.734+0800: 7533.048: [GC (Allocation Failure) [PSYoungGen: 1027200K->17504K(1029120K)] 1354224K->344536K(1526784K), 0.0138865 secs] [Times: user=0.03 sys=0.00, real=0.01 secs] 
2024-07-05T00:44:34.901+0800: 7534.215: [GC (Allocation Failure) [PSYoungGen: 1027168K->17472K(1029120K)] 1354200K->344512K(1526784K), 0.0141156 secs] [Times: user=0.03 sys=0.00, real=0.02 secs] 
2024-07-05T00:44:36.068+0800: 7535.383: [GC (Allocation Failure) [PSYoungGen: 1027136K->17440K(1027584K)] 1354176K->344488K(1525248K), 0.0140604 secs] [Times: user=0.03 sys=0.00, real=0.01 secs] 
2024-07-05T00:44:37.254+0800: 7536.568: [GC (Allocation Failure) [PSYoungGen: 1027104K->17440K(1028608K)] 1354152K->344496K(1526272K), 0.0156913 secs] [Times: user=0.02 sys=0.00, real=0.01 secs] 
2024-07-05T00:44:38.457+0800: 7537.771: [GC (Allocation Failure) [PSYoungGen: 1027104K->18944K(1028608K)] 1354160K->346976K(1526272K), 0.0154651 secs] [Times: user=0.03 sys=0.00, real=0.01 secs] 
2024-07-05T00:44:39.654+0800: 7538.968: [GC (Allocation Failure) [PSYoungGen: 1028608K->16176K(1028608K)] 1356640K->346072K(1526272K), 0.0154544 secs] [Times: user=0.03 sys=0.00, real=0.01 secs] 
2024-07-05T00:44:40.849+0800: 7540.163: [GC (Allocation Failure) [PSYoungGen: 1024816K->17744K(1028608K)] 1354712K->347648K(1526272K), 0.0143709 secs] [Times: user=0.03 sys=0.00, real=0.01 secs] 
2024-07-05T00:44:42.019+0800: 7541.333: [GC (Allocation Failure) [PSYoungGen: 1026384K->17792K(1027584K)] 1356288K->347704K(1525248K), 0.0156569 secs] [Times: user=0.02 sys=0.00, real=0.02 secs] 
2024-07-05T00:44:43.227+0800: 7542.541: [GC (Allocation Failure) [PSYoungGen: 1026432K->17328K(1028096K)] 1356344K->347248K(1525760K), 0.0138751 secs] [Times: user=0.03 sys=0.00, real=0.01 secs] 
2024-07-05T00:44:44.387+0800: 7543.701: [GC (Allocation Failure) [PSYoungGen: 1025968K->17536K(1029120K)] 1355888K->347464K(1526784K), 0.0135547 secs] [Times: user=0.03 sys=0.00, real=0.01 secs] 
2024-07-05T00:44:45.637+0800: 7544.951: [GC (Allocation Failure) [PSYoungGen: 1027200K->17472K(1029120K)] 1357128K->347408K(1526784K), 0.0140485 secs] [Times: user=0.02 sys=0.00, real=0.01 secs] 
2024-07-05T00:44:46.983+0800: 7546.298: [GC (Allocation Failure) [PSYoungGen: 1027136K->17456K(1028096K)] 1357072K->347400K(1525760K), 0.0163183 secs] [Times: user=0.03 sys=0.00, real=0.02 secs] 
2024-07-05T00:44:48.178+0800: 7547.492: [GC (Allocation Failure) [PSYoungGen: 1027120K->17456K(1028608K)] 1357064K->347408K(1526272K), 0.0157833 secs] [Times: user=0.03 sys=0.00, real=0.02 secs] 
2024-07-05T00:44:49.447+0800: 7548.762: [GC (Allocation Failure) [PSYoungGen: 1027120K->17456K(1029632K)] 1357072K->347416K(1527296K), 0.0141596 secs] [Times: user=0.02 sys=0.00, real=0.01 secs] 
2024-07-05T00:44:50.653+0800: 7549.967: [GC (Allocation Failure) [PSYoungGen: 1028144K->17440K(1029632K)] 1358104K->347408K(1527296K), 0.0151532 secs] [Times: user=0.03 sys=0.00, real=0.02 secs] 
2024-07-05T00:44:51.881+0800: 7551.196: [GC (Allocation Failure) [PSYoungGen: 1028128K->18944K(1027584K)] 1358096K->350192K(1525248K), 0.0157672 secs] [Times: user=0.03 sys=0.00, real=0.02 secs] 
2024-07-05T00:44:53.142+0800: 7552.456: [GC (Allocation Failure) [PSYoungGen: 1027584K->17456K(1028608K)] 1358832K->351200K(1526272K), 0.0155215 secs] [Times: user=0.03 sys=0.00, real=0.02 secs] 
2024-07-05T00:44:54.496+0800: 7553.810: [GC (Allocation Failure) [PSYoungGen: 1026096K->17456K(1028096K)] 1359840K->351216K(1525760K), 0.0147639 secs] [Times: user=0.01 sys=0.01, real=0.01 secs] 
2024-07-05T00:44:55.735+0800: 7555.049: [GC (Allocation Failure) [PSYoungGen: 1026608K->17104K(1028608K)] 1360368K->350872K(1526272K), 0.0153900 secs] [Times: user=0.02 sys=0.00, real=0.01 secs] 
2024-07-05T00:44:56.987+0800: 7556.301: [GC (Allocation Failure) [PSYoungGen: 1026256K->17488K(1029120K)] 1360024K->351264K(1526784K), 0.0155089 secs] [Times: user=0.03 sys=0.00, real=0.01 secs] 
2024-07-05T00:44:58.183+0800: 7557.497: [GC (Allocation Failure) [PSYoungGen: 1027152K->17472K(1029120K)] 1360928K->351256K(1526784K), 0.0141985 secs] [Times: user=0.03 sys=0.00, real=0.02 secs] 
2024-07-05T00:44:59.594+0800: 7558.908: [GC (Allocation Failure) [PSYoungGen: 1027136K->17472K(1028096K)] 1360920K->351264K(1525760K), 0.0137566 secs] [Times: user=0.03 sys=0.00, real=0.01 secs] 
2024-07-05T00:45:00.816+0800: 7560.130: [GC (Allocation Failure) [PSYoungGen: 1027136K->15056K(1028608K)] 1360928K->348856K(1526272K), 0.0116235 secs] [Times: user=0.03 sys=0.00, real=0.01 secs] 
2024-07-05T00:45:02.113+0800: 7561.427: [GC (Allocation Failure) [PSYoungGen: 1024720K->17456K(1029120K)] 1358520K->351264K(1526784K), 0.0162835 secs] [Times: user=0.03 sys=0.00, real=0.02 secs] 
2024-07-05T00:45:03.566+0800: 7562.881: [GC (Allocation Failure) [PSYoungGen: 1027120K->17440K(1027584K)] 1360928K->351256K(1525248K), 0.0177461 secs] [Times: user=0.03 sys=0.00, real=0.01 secs] 
2024-07-05T00:45:05.013+0800: 7564.328: [GC (Allocation Failure) [PSYoungGen: 1027104K->17472K(1028608K)] 1360920K->351296K(1526272K), 0.0161799 secs] [Times: user=0.03 sys=0.00, real=0.02 secs] 
2024-07-05T00:45:06.356+0800: 7565.670: [GC (Allocation Failure) [PSYoungGen: 1027136K->17072K(1028608K)] 1360960K->350904K(1526272K), 0.0154122 secs] [Times: user=0.03 sys=0.00, real=0.01 secs] 
2024-07-05T00:45:07.577+0800: 7566.891: [GC (Allocation Failure) [PSYoungGen: 1026736K->17456K(1029632K)] 1360568K->351296K(1527296K), 0.0141536 secs] [Times: user=0.03 sys=0.00, real=0.01 secs] 
2024-07-05T00:45:08.822+0800: 7568.136: [GC (Allocation Failure) [PSYoungGen: 1028144K->17440K(1029632K)] 1361984K->351288K(1527296K), 0.0144780 secs] [Times: user=0.03 sys=0.00, real=0.02 secs] 
2024-07-05T00:45:10.177+0800: 7569.491: [GC (Allocation Failure) [PSYoungGen: 1028128K->17456K(1028608K)] 1361976K->351312K(1526272K), 0.0146200 secs] [Times: user=0.03 sys=0.00, real=0.01 secs] 
2024-07-05T00:45:11.471+0800: 7570.786: [GC (Allocation Failure) [PSYoungGen: 1028144K->17456K(1029120K)] 1362000K->351320K(1526784K), 0.0141322 secs] [Times: user=0.02 sys=0.00, real=0.02 secs] 
2024-07-05T00:45:12.665+0800: 7571.979: [GC (Allocation Failure) [PSYoungGen: 1028144K->17488K(1030144K)] 1362008K->351360K(1527808K), 0.0142102 secs] [Times: user=0.02 sys=0.00, real=0.02 secs] 
2024-07-05T00:45:13.886+0800: 7573.200: [GC (Allocation Failure) [PSYoungGen: 1029200K->18192K(1030144K)] 1363072K->352072K(1527808K), 0.0152426 secs] [Times: user=0.03 sys=0.00, real=0.01 secs] 
2024-07-05T00:45:15.126+0800: 7574.440: [GC (Allocation Failure) [PSYoungGen: 1029904K->17504K(1030144K)] 1363784K->351392K(1527808K), 0.0158199 secs] [Times: user=0.03 sys=0.00, real=0.01 secs] 
2024-07-05T00:45:16.353+0800: 7575.667: [GC (Allocation Failure) [PSYoungGen: 1029216K->18416K(1030144K)] 1363104K->352568K(1527808K), 0.0152444 secs] [Times: user=0.03 sys=0.00, real=0.02 secs] 
2024-07-05T00:45:17.552+0800: 7576.866: [GC (Allocation Failure) [PSYoungGen: 1030128K->17504K(1029120K)] 1364280K->353352K(1526784K), 0.0153178 secs] [Times: user=0.03 sys=0.00, real=0.02 secs] 
2024-07-05T00:45:18.780+0800: 7578.094: [GC (Allocation Failure) [PSYoungGen: 1028192K->17456K(1029632K)] 1364040K->353356K(1527296K), 0.0150585 secs] [Times: user=0.02 sys=0.00, real=0.02 secs] 
2024-07-05T00:45:20.045+0800: 7579.359: [GC (Allocation Failure) [PSYoungGen: 1028144K->17472K(1029632K)] 1364044K->353380K(1527296K), 0.0153540 secs] [Times: user=0.03 sys=0.00, real=0.02 secs] 
2024-07-05T00:45:21.265+0800: 7580.579: [GC (Allocation Failure) [PSYoungGen: 1028160K->17440K(1028608K)] 1364068K->353356K(1526272K), 0.0138378 secs] [Times: user=0.03 sys=0.00, real=0.02 secs] 
2024-07-05T00:45:22.472+0800: 7581.786: [GC (Allocation Failure) [PSYoungGen: 1028128K->17472K(1029120K)] 1364044K->353396K(1526784K), 0.0144963 secs] [Times: user=0.02 sys=0.00, real=0.02 secs] 
2024-07-05T00:45:23.652+0800: 7582.967: [GC (Allocation Failure) [PSYoungGen: 1028160K->17328K(1029120K)] 1364084K->353260K(1526784K), 0.0163909 secs] [Times: user=0.03 sys=0.00, real=0.02 secs] 
2024-07-05T00:45:24.846+0800: 7584.160: [GC (Allocation Failure) [PSYoungGen: 1028016K->17408K(1030144K)] 1363948K->353348K(1527808K), 0.0155513 secs] [Times: user=0.03 sys=0.00, real=0.01 secs] 
2024-07-05T00:45:26.082+0800: 7585.396: [GC (Allocation Failure) [PSYoungGen: 1029120K->17456K(1030144K)] 1365060K->353404K(1527808K), 0.0158193 secs] [Times: user=0.03 sys=0.01, real=0.02 secs] 
2024-07-05T00:45:27.276+0800: 7586.590: [GC (Allocation Failure) [PSYoungGen: 1029168K->17472K(1030144K)] 1365116K->353428K(1527808K), 0.0140896 secs] [Times: user=0.02 sys=0.00, real=0.01 secs] 
2024-07-05T00:45:28.454+0800: 7587.768: [GC (Allocation Failure) [PSYoungGen: 1029184K->17472K(1030144K)] 1365140K->353436K(1527808K), 0.0159663 secs] [Times: user=0.03 sys=0.00, real=0.01 secs] 
2024-07-05T00:45:29.649+0800: 7588.963: [GC (Allocation Failure) [PSYoungGen: 1029184K->17456K(1030144K)] 1365148K->353428K(1527808K), 0.0151900 secs] [Times: user=0.03 sys=0.00, real=0.01 secs] 
2024-07-05T00:45:30.967+0800: 7590.281: [GC (Allocation Failure) [PSYoungGen: 1029168K->17376K(1030144K)] 1365140K->353356K(1527808K), 0.0157773 secs] [Times: user=0.02 sys=0.01, real=0.01 secs] 
2024-07-05T00:45:32.147+0800: 7591.461: [GC (Allocation Failure) [PSYoungGen: 1029088K->17024K(1030144K)] 1365068K->353012K(1527808K), 0.0133245 secs] [Times: user=0.03 sys=0.00, real=0.01 secs] 
2024-07-05T00:45:33.477+0800: 7592.791: [GC (Allocation Failure) [PSYoungGen: 1028736K->15056K(1030144K)] 1364724K->351052K(1527808K), 0.0119860 secs] [Times: user=0.03 sys=0.00, real=0.01 secs] 
2024-07-05T00:45:34.708+0800: 7594.022: [GC (Allocation Failure) [PSYoungGen: 1026768K->17472K(1030144K)] 1362764K->353476K(1527808K), 0.0140286 secs] [Times: user=0.03 sys=0.00, real=0.01 secs] 
2024-07-05T00:45:35.902+0800: 7595.216: [GC (Allocation Failure) [PSYoungGen: 1029184K->18400K(1030144K)] 1365188K->354412K(1527808K), 0.0156929 secs] [Times: user=0.03 sys=0.00, real=0.02 secs] 
2024-07-05T00:45:37.108+0800: 7596.422: [GC (Allocation Failure) [PSYoungGen: 1030112K->17472K(1029120K)] 1366124K->353492K(1526784K), 0.0137872 secs] [Times: user=0.03 sys=0.00, real=0.01 secs] 
2024-07-05T00:45:38.307+0800: 7597.621: [GC (Allocation Failure) [PSYoungGen: 1028160K->17472K(1029632K)] 1364180K->353500K(1527296K), 0.0144841 secs] [Times: user=0.02 sys=0.00, real=0.01 secs] 
2024-07-05T00:45:39.542+0800: 7598.856: [GC (Allocation Failure) [PSYoungGen: 1028160K->17472K(1028608K)] 1364188K->353508K(1526272K), 0.0144978 secs] [Times: user=0.03 sys=0.00, real=0.02 secs] 
2024-07-05T00:45:40.744+0800: 7600.059: [GC (Allocation Failure) [PSYoungGen: 1028160K->17456K(1029120K)] 1364196K->353500K(1526784K), 0.0147866 secs] [Times: user=0.03 sys=0.00, real=0.02 secs] 
2024-07-05T00:45:41.933+0800: 7601.247: [GC (Allocation Failure) [PSYoungGen: 1028144K->17456K(1030144K)] 1364188K->353508K(1527808K), 0.0137516 secs] [Times: user=0.03 sys=0.00, real=0.02 secs] 
2024-07-05T00:45:43.127+0800: 7602.442: [GC (Allocation Failure) [PSYoungGen: 1029168K->17456K(1030144K)] 1365220K->353516K(1527808K), 0.0150272 secs] [Times: user=0.02 sys=0.00, real=0.01 secs] 
2024-07-05T00:45:44.334+0800: 7603.648: [GC (Allocation Failure) [PSYoungGen: 1029168K->17472K(1030144K)] 1365228K->353540K(1527808K), 0.0156161 secs] [Times: user=0.02 sys=0.00, real=0.01 secs] 
2024-07-05T00:45:45.560+0800: 7604.874: [GC (Allocation Failure) [PSYoungGen: 1029184K->16272K(1030144K)] 1365252K->352348K(1527808K), 0.0123178 secs] [Times: user=0.03 sys=0.00, real=0.01 secs] 
2024-07-05T00:45:46.770+0800: 7606.084: [GC (Allocation Failure) [PSYoungGen: 1027984K->17184K(1030144K)] 1364060K->353268K(1527808K), 0.0154853 secs] [Times: user=0.02 sys=0.01, real=0.02 secs] 
2024-07-05T00:45:47.938+0800: 7607.252: [GC (Allocation Failure) [PSYoungGen: 1028896K->17440K(1030144K)] 1364980K->353532K(1527808K), 0.0152760 secs] [Times: user=0.03 sys=0.00, real=0.01 secs] 
2024-07-05T00:45:49.106+0800: 7608.421: [GC (Allocation Failure) [PSYoungGen: 1029152K->17472K(1030144K)] 1365244K->353572K(1527808K), 0.0142200 secs] [Times: user=0.02 sys=0.00, real=0.01 secs] 
2024-07-05T00:45:50.274+0800: 7609.588: [GC (Allocation Failure) [PSYoungGen: 1029184K->17472K(1030144K)] 1365284K->353580K(1527808K), 0.0157106 secs] [Times: user=0.03 sys=0.00, real=0.01 secs] 
2024-07-05T00:45:51.447+0800: 7610.761: [GC (Allocation Failure) [PSYoungGen: 1029184K->17424K(1030144K)] 1365292K->353540K(1527808K), 0.0140517 secs] [Times: user=0.03 sys=0.00, real=0.01 secs] 
2024-07-05T00:45:52.630+0800: 7611.945: [GC (Allocation Failure) [PSYoungGen: 1029136K->17472K(1030144K)] 1365252K->353596K(1527808K), 0.0138125 secs] [Times: user=0.03 sys=0.00, real=0.01 secs] 
2024-07-05T00:45:53.810+0800: 7613.124: [GC (Allocation Failure) [PSYoungGen: 1029184K->17472K(1030144K)] 1365308K->353604K(1527808K), 0.0167689 secs] [Times: user=0.03 sys=0.00, real=0.02 secs] 
2024-07-05T00:45:55.038+0800: 7614.352: [GC (Allocation Failure) [PSYoungGen: 1029184K->18416K(1030144K)] 1365316K->356812K(1527808K), 0.0168993 secs] [Times: user=0.03 sys=0.00, real=0.02 secs] 
2024-07-05T00:45:56.238+0800: 7615.552: [GC (Allocation Failure) [PSYoungGen: 1030128K->17600K(1028096K)] 1368524K->356004K(1525760K), 0.0152249 secs] [Times: user=0.03 sys=0.00, real=0.01 secs] 
2024-07-05T00:45:57.426+0800: 7616.740: [GC (Allocation Failure) [PSYoungGen: 1027264K->17488K(1029120K)] 1365668K->355940K(1526784K), 0.0148414 secs] [Times: user=0.03 sys=0.00, real=0.01 secs] 
2024-07-05T00:45:58.577+0800: 7617.891: [GC (Allocation Failure) [PSYoungGen: 1027152K->17472K(1028096K)] 1365604K->355932K(1525760K), 0.0147204 secs] [Times: user=0.02 sys=0.00, real=0.01 secs] 
2024-07-05T00:45:59.729+0800: 7619.044: [GC (Allocation Failure) [PSYoungGen: 1027136K->17472K(1028608K)] 1365596K->355940K(1526272K), 0.0158509 secs] [Times: user=0.03 sys=0.00, real=0.01 secs] 
2024-07-05T00:46:00.916+0800: 7620.230: [GC (Allocation Failure) [PSYoungGen: 1027136K->17424K(1029632K)] 1365604K->355900K(1527296K), 0.0137125 secs] [Times: user=0.03 sys=0.00, real=0.01 secs] 
2024-07-05T00:46:02.091+0800: 7621.405: [GC (Allocation Failure) [PSYoungGen: 1028112K->17376K(1029632K)] 1366588K->355860K(1527296K), 0.0140719 secs] [Times: user=0.03 sys=0.00, real=0.01 secs] 
2024-07-05T00:46:03.292+0800: 7622.607: [GC (Allocation Failure) [PSYoungGen: 1028064K->17344K(1029632K)] 1366548K->355836K(1527296K), 0.0146751 secs] [Times: user=0.03 sys=0.00, real=0.02 secs] 
2024-07-05T00:46:04.500+0800: 7623.814: [GC (Allocation Failure) [PSYoungGen: 1028032K->15888K(1029632K)] 1366524K->354388K(1527296K), 0.0120826 secs] [Times: user=0.02 sys=0.00, real=0.01 secs] 
2024-07-05T00:46:05.712+0800: 7625.027: [GC (Allocation Failure) [PSYoungGen: 1026576K->18464K(1028608K)] 1365076K->356972K(1526272K), 0.0143758 secs] [Times: user=0.03 sys=0.00, real=0.02 secs] 
2024-07-05T00:46:06.927+0800: 7626.241: [GC (Allocation Failure) [PSYoungGen: 1028128K->17456K(1029120K)] 1366636K->355972K(1526784K), 0.0142443 secs] [Times: user=0.03 sys=0.00, real=0.01 secs] 
2024-07-05T00:46:08.149+0800: 7627.463: [GC (Allocation Failure) [PSYoungGen: 1027120K->17504K(1029120K)] 1365636K->356028K(1526784K), 0.0137468 secs] [Times: user=0.02 sys=0.00, real=0.01 secs] 
2024-07-05T00:46:09.354+0800: 7628.668: [GC (Allocation Failure) [PSYoungGen: 1027680K->17488K(1029120K)] 1366204K->356020K(1526784K), 0.0151005 secs] [Times: user=0.02 sys=0.00, real=0.01 secs] 
2024-07-05T00:46:10.579+0800: 7629.894: [GC (Allocation Failure) [PSYoungGen: 1027664K->17440K(1029632K)] 1366196K->355980K(1527296K), 0.0151756 secs] [Times: user=0.02 sys=0.00, real=0.02 secs] 
2024-07-05T00:46:11.782+0800: 7631.096: [GC (Allocation Failure) [PSYoungGen: 1028128K->17440K(1028608K)] 1366668K->355988K(1526272K), 0.0152938 secs] [Times: user=0.03 sys=0.00, real=0.02 secs] 
2024-07-05T00:46:12.986+0800: 7632.300: [GC (Allocation Failure) [PSYoungGen: 1028128K->17472K(1029120K)] 1366676K->356028K(1526784K), 0.0146069 secs] [Times: user=0.03 sys=0.00, real=0.01 secs] 
2024-07-05T00:46:14.184+0800: 7633.498: [GC (Allocation Failure) [PSYoungGen: 1028160K->17456K(1029120K)] 1366716K->356020K(1526784K), 0.0138891 secs] [Times: user=0.03 sys=0.00, real=0.02 secs] 
2024-07-05T00:46:15.372+0800: 7634.686: [GC (Allocation Failure) [PSYoungGen: 1028144K->17392K(1030144K)] 1366708K->355964K(1527808K), 0.0139950 secs] [Times: user=0.03 sys=0.00, real=0.02 secs] 
2024-07-05T00:46:16.605+0800: 7635.920: [GC (Allocation Failure) [PSYoungGen: 1029104K->16480K(1030144K)] 1367676K->355060K(1527808K), 0.0135206 secs] [Times: user=0.02 sys=0.00, real=0.02 secs] 
2024-07-05T00:46:17.810+0800: 7637.124: [GC (Allocation Failure) [PSYoungGen: 1028192K->18352K(1029120K)] 1366772K->356940K(1526784K), 0.0141901 secs] [Times: user=0.03 sys=0.00, real=0.01 secs] 
2024-07-05T00:46:18.977+0800: 7638.292: [GC (Allocation Failure) [PSYoungGen: 1029040K->17440K(1029632K)] 1367628K->356036K(1527296K), 0.0156367 secs] [Times: user=0.02 sys=0.00, real=0.01 secs] 
2024-07-05T00:46:20.165+0800: 7639.479: [GC (Allocation Failure) [PSYoungGen: 1028128K->18048K(1029632K)] 1366724K->356652K(1527296K), 0.0152243 secs] [Times: user=0.03 sys=0.00, real=0.02 secs] 
2024-07-05T00:46:21.382+0800: 7640.696: [GC (Allocation Failure) [PSYoungGen: 1028736K->17456K(1029632K)] 1367340K->356068K(1527296K), 0.0139094 secs] [Times: user=0.03 sys=0.00, real=0.02 secs] 
2024-07-05T00:46:22.543+0800: 7641.858: [GC (Allocation Failure) [PSYoungGen: 1028144K->17424K(1028608K)] 1366756K->356044K(1526272K), 0.0144663 secs] [Times: user=0.02 sys=0.00, real=0.02 secs] 
2024-07-05T00:46:23.710+0800: 7643.024: [GC (Allocation Failure) [PSYoungGen: 1028112K->17408K(1029120K)] 1366732K->356036K(1526784K), 0.0157086 secs] [Times: user=0.02 sys=0.00, real=0.02 secs] 
2024-07-05T00:46:24.932+0800: 7644.246: [GC (Allocation Failure) [PSYoungGen: 1028096K->18416K(1029120K)] 1366724K->357164K(1526784K), 0.0166662 secs] [Times: user=0.03 sys=0.00, real=0.02 secs] 
2024-07-05T00:46:26.147+0800: 7645.461: [GC (Allocation Failure) [PSYoungGen: 1029104K->16400K(1029632K)] 1367852K->355164K(1527296K), 0.0141356 secs] [Times: user=0.02 sys=0.00, real=0.01 secs] 
2024-07-05T00:46:27.327+0800: 7646.641: [GC (Allocation Failure) [PSYoungGen: 1027088K->17920K(1029632K)] 1365852K->356812K(1527296K), 0.0145719 secs] [Times: user=0.03 sys=0.00, real=0.01 secs] 
2024-07-05T00:46:28.521+0800: 7647.835: [GC (Allocation Failure) [PSYoungGen: 1028608K->17520K(1029632K)] 1367500K->356420K(1527296K), 0.0142208 secs] [Times: user=0.02 sys=0.00, real=0.02 secs] 
2024-07-05T00:46:29.718+0800: 7649.032: [GC (Allocation Failure) [PSYoungGen: 1028208K->17472K(1029632K)] 1367108K->356380K(1527296K), 0.0176608 secs] [Times: user=0.03 sys=0.00, real=0.02 secs] 
2024-07-05T00:46:30.942+0800: 7650.256: [GC (Allocation Failure) [PSYoungGen: 1028160K->17440K(1029632K)] 1367068K->356356K(1527296K), 0.0142743 secs] [Times: user=0.03 sys=0.01, real=0.02 secs] 
2024-07-05T00:46:32.118+0800: 7651.432: [GC (Allocation Failure) [PSYoungGen: 1028128K->17440K(1028608K)] 1367044K->356364K(1526272K), 0.0137365 secs] [Times: user=0.03 sys=0.00, real=0.01 secs] 
2024-07-05T00:46:33.301+0800: 7652.616: [GC (Allocation Failure) [PSYoungGen: 1028128K->17456K(1029120K)] 1367052K->356388K(1526784K), 0.0139561 secs] [Times: user=0.02 sys=0.00, real=0.02 secs] 
2024-07-05T00:46:34.484+0800: 7653.799: [GC (Allocation Failure) [PSYoungGen: 1028144K->17472K(1030144K)] 1367076K->356412K(1527808K), 0.0144464 secs] [Times: user=0.03 sys=0.00, real=0.02 secs] 
2024-07-05T00:46:35.712+0800: 7655.026: [GC (Allocation Failure) [PSYoungGen: 1029184K->18432K(1030144K)] 1368124K->359380K(1527808K), 0.0168762 secs] [Times: user=0.03 sys=0.00, real=0.02 secs] 
2024-07-05T00:46:36.940+0800: 7656.254: [GC (Allocation Failure) [PSYoungGen: 1030144K->18400K(1024000K)] 1371092K->365056K(1521664K), 0.0207644 secs] [Times: user=0.04 sys=0.01, real=0.02 secs] 
2024-07-05T00:46:38.128+0800: 7657.442: [GC (Allocation Failure) [PSYoungGen: 1023968K->18336K(1027072K)] 1370624K->367043K(1524736K), 0.0155280 secs] [Times: user=0.03 sys=0.00, real=0.01 secs] 
2024-07-05T00:46:39.320+0800: 7658.635: [GC (Allocation Failure) [PSYoungGen: 1023904K->17472K(1027072K)] 1372611K->366187K(1524736K), 0.0142160 secs] [Times: user=0.02 sys=0.00, real=0.02 secs] 
2024-07-05T00:46:40.484+0800: 7659.798: [GC (Allocation Failure) [PSYoungGen: 1023040K->17424K(1023488K)] 1371755K->366147K(1521152K), 0.0138626 secs] [Times: user=0.02 sys=0.00, real=0.02 secs] 
2024-07-05T00:46:41.632+0800: 7660.946: [GC (Allocation Failure) [PSYoungGen: 1022992K->18160K(1026560K)] 1371715K->366891K(1524224K), 0.0146472 secs] [Times: user=0.03 sys=0.00, real=0.02 secs] 
2024-07-05T00:46:42.780+0800: 7662.094: [GC (Allocation Failure) [PSYoungGen: 1023728K->17824K(1026560K)] 1372459K->366563K(1524224K), 0.0147709 secs] [Times: user=0.03 sys=0.00, real=0.02 secs] 
2024-07-05T00:46:43.942+0800: 7663.256: [GC (Allocation Failure) [PSYoungGen: 1023392K->17440K(1027072K)] 1372131K->366187K(1524736K), 0.0155630 secs] [Times: user=0.03 sys=0.00, real=0.02 secs] 
2024-07-05T00:46:45.123+0800: 7664.437: [GC (Allocation Failure) [PSYoungGen: 1024032K->17440K(1027072K)] 1372779K->366195K(1524736K), 0.0148009 secs] [Times: user=0.03 sys=0.00, real=0.02 secs] 
2024-07-05T00:46:46.342+0800: 7665.656: [GC (Allocation Failure) [PSYoungGen: 1024032K->17456K(1028096K)] 1372787K->366219K(1525760K), 0.0153551 secs] [Times: user=0.02 sys=0.00, real=0.02 secs] 
2024-07-05T00:46:47.546+0800: 7666.860: [GC (Allocation Failure) [PSYoungGen: 1025072K->17456K(1028096K)] 1373835K->366227K(1525760K), 0.0155617 secs] [Times: user=0.03 sys=0.00, real=0.01 secs] 
2024-07-05T00:46:48.725+0800: 7668.040: [GC (Allocation Failure) [PSYoungGen: 1025072K->17472K(1027072K)] 1373843K->366251K(1524736K), 0.0141328 secs] [Times: user=0.03 sys=0.01, real=0.02 secs] 
2024-07-05T00:46:49.885+0800: 7669.199: [GC (Allocation Failure) [PSYoungGen: 1025088K->18432K(1027584K)] 1373867K->367219K(1525248K), 0.0147016 secs] [Times: user=0.03 sys=0.00, real=0.02 secs] 
2024-07-05T00:46:51.048+0800: 7670.362: [GC (Allocation Failure) [PSYoungGen: 1026048K->17424K(1028608K)] 1374835K->366219K(1526272K), 0.0139312 secs] [Times: user=0.03 sys=0.00, real=0.01 secs] 
2024-07-05T00:46:52.251+0800: 7671.566: [GC (Allocation Failure) [PSYoungGen: 1026064K->17472K(1028608K)] 1374859K->366275K(1526272K), 0.0153814 secs] [Times: user=0.03 sys=0.00, real=0.02 secs] 
2024-07-05T00:46:53.462+0800: 7672.776: [GC (Allocation Failure) [PSYoungGen: 1026112K->17440K(1028608K)] 1374915K->366251K(1526272K), 0.0148281 secs] [Times: user=0.03 sys=0.00, real=0.02 secs] 
2024-07-05T00:46:54.663+0800: 7673.977: [GC (Allocation Failure) [PSYoungGen: 1026080K->17440K(1026560K)] 1374891K->366259K(1524224K), 0.0143228 secs] [Times: user=0.03 sys=0.00, real=0.02 secs] 
2024-07-05T00:46:55.882+0800: 7675.196: [GC (Allocation Failure) [PSYoungGen: 1026080K->17440K(1028096K)] 1374899K->366267K(1525760K), 0.0146784 secs] [Times: user=0.03 sys=0.00, real=0.02 secs] 
2024-07-05T00:46:57.076+0800: 7676.390: [GC (Allocation Failure) [PSYoungGen: 1026080K->19440K(1028096K)] 1374907K->368275K(1525760K), 0.0154523 secs] [Times: user=0.03 sys=0.00, real=0.01 secs] 
2024-07-05T00:46:58.248+0800: 7677.562: [GC (Allocation Failure) [PSYoungGen: 1028080K->15872K(1028608K)] 1376915K->364715K(1526272K), 0.0126184 secs] [Times: user=0.02 sys=0.00, real=0.01 secs] 
2024-07-05T00:46:59.441+0800: 7678.755: [GC (Allocation Failure) [PSYoungGen: 1024512K->17904K(1028608K)] 1373355K->366755K(1526272K), 0.0135837 secs] [Times: user=0.02 sys=0.00, real=0.02 secs] 
2024-07-05T00:47:00.642+0800: 7679.956: [GC (Allocation Failure) [PSYoungGen: 1026544K->17360K(1028608K)] 1375395K->366219K(1526272K), 0.0156591 secs] [Times: user=0.03 sys=0.00, real=0.02 secs] 
2024-07-05T00:47:01.834+0800: 7681.148: [GC (Allocation Failure) [PSYoungGen: 1026000K->18336K(1028608K)] 1374859K->367203K(1526272K), 0.0141628 secs] [Times: user=0.03 sys=0.00, real=0.01 secs] 
2024-07-05T00:47:03.025+0800: 7682.339: [GC (Allocation Failure) [PSYoungGen: 1026976K->17456K(1028608K)] 1375843K->366331K(1526272K), 0.0144220 secs] [Times: user=0.03 sys=0.00, real=0.02 secs] 
2024-07-05T00:47:04.222+0800: 7683.536: [GC (Allocation Failure) [PSYoungGen: 1026096K->17456K(1026560K)] 1374971K->366339K(1524224K), 0.0159559 secs] [Times: user=0.03 sys=0.00, real=0.02 secs] 
2024-07-05T00:47:05.445+0800: 7684.759: [GC (Allocation Failure) [PSYoungGen: 1026096K->17136K(1028096K)] 1374979K->366027K(1525760K), 0.0144578 secs] [Times: user=0.02 sys=0.00, real=0.02 secs] 
2024-07-05T00:47:06.616+0800: 7685.930: [GC (Allocation Failure) [PSYoungGen: 1025776K->17472K(1028096K)] 1374667K->366371K(1525760K), 0.0139175 secs] [Times: user=0.03 sys=0.00, real=0.01 secs] 
2024-07-05T00:47:07.783+0800: 7687.097: [GC (Allocation Failure) [PSYoungGen: 1026112K->19424K(1027072K)] 1375011K->369227K(1524736K), 0.0170354 secs] [Times: user=0.03 sys=0.00, real=0.02 secs] 
2024-07-05T00:47:08.944+0800: 7688.258: [GC (Allocation Failure) [PSYoungGen: 1027040K->17456K(1028096K)] 1376843K->368179K(1525760K), 0.0144527 secs] [Times: user=0.02 sys=0.01, real=0.02 secs] 
2024-07-05T00:47:10.173+0800: 7689.487: [GC (Allocation Failure) [PSYoungGen: 1025072K->17296K(1027584K)] 1375795K->368027K(1525248K), 0.0140882 secs] [Times: user=0.03 sys=0.00, real=0.02 secs] 
2024-07-05T00:47:11.395+0800: 7690.709: [GC (Allocation Failure) [PSYoungGen: 1025424K->17456K(1028096K)] 1376155K->368195K(1525760K), 0.0156877 secs] [Times: user=0.02 sys=0.00, real=0.01 secs] 
2024-07-05T00:47:12.582+0800: 7691.896: [GC (Allocation Failure) [PSYoungGen: 1025584K->17472K(1028608K)] 1376323K->368219K(1526272K), 0.0149297 secs] [Times: user=0.03 sys=0.00, real=0.02 secs] 
2024-07-05T00:47:13.784+0800: 7693.098: [GC (Allocation Failure) [PSYoungGen: 1026112K->17392K(1026048K)] 1376859K->368147K(1523712K), 0.0141533 secs] [Times: user=0.03 sys=0.00, real=0.02 secs] 
2024-07-05T00:47:15.014+0800: 7694.329: [GC (Allocation Failure) [PSYoungGen: 1026032K->18592K(1027584K)] 1376787K->369355K(1525248K), 0.0149352 secs] [Times: user=0.03 sys=0.00, real=0.01 secs] 
2024-07-05T00:47:16.212+0800: 7695.526: [GC (Allocation Failure) [PSYoungGen: 1026720K->18224K(1028096K)] 1377483K->368995K(1525760K), 0.0141122 secs] [Times: user=0.03 sys=0.00, real=0.02 secs] 
2024-07-05T00:47:17.414+0800: 7696.728: [GC (Allocation Failure) [PSYoungGen: 1026352K->17328K(1027584K)] 1377123K->368107K(1525248K), 0.0139682 secs] [Times: user=0.03 sys=0.00, real=0.01 secs] 
2024-07-05T00:47:18.605+0800: 7697.920: [GC (Allocation Failure) [PSYoungGen: 1025968K->17296K(1028096K)] 1376747K->368083K(1525760K), 0.0140688 secs] [Times: user=0.03 sys=0.00, real=0.02 secs] 
2024-07-05T00:47:19.807+0800: 7699.121: [GC (Allocation Failure) [PSYoungGen: 1025936K->17488K(1029120K)] 1376723K->368283K(1526784K), 0.0170004 secs] [Times: user=0.03 sys=0.00, real=0.01 secs] 
2024-07-05T00:47:20.997+0800: 7700.311: [GC (Allocation Failure) [PSYoungGen: 1027152K->17472K(1029120K)] 1377947K->368275K(1526784K), 0.0145251 secs] [Times: user=0.02 sys=0.00, real=0.01 secs] 
2024-07-05T00:47:22.178+0800: 7701.492: [GC (Allocation Failure) [PSYoungGen: 1027136K->17488K(1029120K)] 1377939K->368299K(1526784K), 0.0161345 secs] [Times: user=0.03 sys=0.00, real=0.02 secs] 
2024-07-05T00:47:23.346+0800: 7702.660: [GC (Allocation Failure) [PSYoungGen: 1027152K->17456K(1027584K)] 1377963K->368275K(1525248K), 0.0147592 secs] [Times: user=0.03 sys=0.00, real=0.01 secs] 
2024-07-05T00:47:24.518+0800: 7703.832: [GC (Allocation Failure) [PSYoungGen: 1027120K->17472K(1028608K)] 1377939K->368299K(1526272K), 0.0151100 secs] [Times: user=0.03 sys=0.00, real=0.01 secs] 
2024-07-05T00:47:25.705+0800: 7705.019: [GC (Allocation Failure) [PSYoungGen: 1027136K->17456K(1028608K)] 1377963K->368291K(1526272K), 0.0147001 secs] [Times: user=0.03 sys=0.00, real=0.02 secs] 
2024-07-05T00:47:26.868+0800: 7706.182: [GC (Allocation Failure) [PSYoungGen: 1027120K->16976K(1029632K)] 1377955K->367819K(1527296K), 0.0140805 secs] [Times: user=0.03 sys=0.00, real=0.01 secs] 
2024-07-05T00:47:28.033+0800: 7707.347: [GC (Allocation Failure) [PSYoungGen: 1027664K->17712K(1029632K)] 1378507K->368563K(1527296K), 0.0143596 secs] [Times: user=0.02 sys=0.00, real=0.02 secs] 
2024-07-05T00:47:29.211+0800: 7708.525: [GC (Allocation Failure) [PSYoungGen: 1028400K->16784K(1029632K)] 1379251K->367643K(1527296K), 0.0130159 secs] [Times: user=0.03 sys=0.00, real=0.01 secs] 
2024-07-05T00:47:30.395+0800: 7709.709: [GC (Allocation Failure) [PSYoungGen: 1027472K->17152K(1029632K)] 1378331K->368019K(1527296K), 0.0138775 secs] [Times: user=0.03 sys=0.00, real=0.01 secs] 
2024-07-05T00:47:31.558+0800: 7710.872: [GC (Allocation Failure) [PSYoungGen: 1027840K->18000K(1029632K)] 1378707K->368875K(1527296K), 0.0149371 secs] [Times: user=0.03 sys=0.00, real=0.01 secs] 
2024-07-05T00:47:32.717+0800: 7712.031: [GC (Allocation Failure) [PSYoungGen: 1028688K->17472K(1029632K)] 1379563K->368355K(1527296K), 0.0147739 secs] [Times: user=0.03 sys=0.00, real=0.01 secs] 
2024-07-05T00:47:33.905+0800: 7713.219: [GC (Allocation Failure) [PSYoungGen: 1028160K->17120K(1029632K)] 1379043K->368011K(1527296K), 0.0141468 secs] [Times: user=0.03 sys=0.00, real=0.02 secs] 
2024-07-05T00:47:35.133+0800: 7714.447: [GC (Allocation Failure) [PSYoungGen: 1027808K->17472K(1029632K)] 1378699K->368371K(1527296K), 0.0140227 secs] [Times: user=0.03 sys=0.00, real=0.02 secs] 
2024-07-05T00:47:36.345+0800: 7715.660: [GC (Allocation Failure) [PSYoungGen: 1028160K->17216K(1028608K)] 1379059K->368123K(1526272K), 0.0141633 secs] [Times: user=0.02 sys=0.00, real=0.02 secs] 
2024-07-05T00:47:37.568+0800: 7716.882: [GC (Allocation Failure) [PSYoungGen: 1027904K->17440K(1029120K)] 1378811K->368355K(1526784K), 0.0150259 secs] [Times: user=0.02 sys=0.01, real=0.01 secs] 
2024-07-05T00:47:38.762+0800: 7718.076: [GC (Allocation Failure) [PSYoungGen: 1028128K->17408K(1030144K)] 1379043K->368331K(1527808K), 0.0153715 secs] [Times: user=0.03 sys=0.00, real=0.02 secs] 
2024-07-05T00:47:39.950+0800: 7719.264: [GC (Allocation Failure) [PSYoungGen: 1029120K->17856K(1030144K)] 1380043K->368787K(1527808K), 0.0145928 secs] [Times: user=0.02 sys=0.00, real=0.01 secs] 
2024-07-05T00:47:41.143+0800: 7720.457: [GC (Allocation Failure) [PSYoungGen: 1029568K->17600K(1030144K)] 1380499K->368539K(1527808K), 0.0144507 secs] [Times: user=0.03 sys=0.00, real=0.02 secs] 
2024-07-05T00:47:42.374+0800: 7721.688: [GC (Allocation Failure) [PSYoungGen: 1029312K->17648K(1030144K)] 1380251K->368595K(1527808K), 0.0162691 secs] [Times: user=0.03 sys=0.00, real=0.01 secs] 
2024-07-05T00:47:43.549+0800: 7722.863: [GC (Allocation Failure) [PSYoungGen: 1029360K->17696K(1030144K)] 1380307K->368651K(1527808K), 0.0143865 secs] [Times: user=0.03 sys=0.00, real=0.01 secs] 
2024-07-05T00:47:44.725+0800: 7724.039: [GC (Allocation Failure) [PSYoungGen: 1029408K->18224K(1030144K)] 1380363K->369187K(1527808K), 0.0144886 secs] [Times: user=0.03 sys=0.00, real=0.02 secs] 
2024-07-05T00:47:45.905+0800: 7725.220: [GC (Allocation Failure) [PSYoungGen: 1029936K->17312K(1030144K)] 1380899K->368283K(1527808K), 0.0137440 secs] [Times: user=0.03 sys=0.00, real=0.02 secs] 
2024-07-05T00:47:47.101+0800: 7726.415: [GC (Allocation Failure) [PSYoungGen: 1029024K->17184K(1030144K)] 1379995K->368163K(1527808K), 0.0137527 secs] [Times: user=0.03 sys=0.00, real=0.02 secs] 
2024-07-05T00:47:48.298+0800: 7727.612: [GC (Allocation Failure) [PSYoungGen: 1028896K->17568K(1030144K)] 1379875K->368555K(1527808K), 0.0156322 secs] [Times: user=0.03 sys=0.00, real=0.02 secs] 
2024-07-05T00:47:49.498+0800: 7728.812: [GC (Allocation Failure) [PSYoungGen: 1029280K->17488K(1030144K)] 1380267K->368483K(1527808K), 0.0154028 secs] [Times: user=0.02 sys=0.01, real=0.02 secs] 
2024-07-05T00:47:50.685+0800: 7729.999: [GC (Allocation Failure) [PSYoungGen: 1029200K->18320K(1029120K)] 1380195K->369323K(1526784K), 0.0146854 secs] [Times: user=0.03 sys=0.00, real=0.02 secs] 
2024-07-05T00:47:51.859+0800: 7731.173: [GC (Allocation Failure) [PSYoungGen: 1029008K->17424K(1029632K)] 1380011K->368435K(1527296K), 0.0140493 secs] [Times: user=0.03 sys=0.00, real=0.01 secs] 
2024-07-05T00:47:53.054+0800: 7732.368: [GC (Allocation Failure) [PSYoungGen: 1028112K->17488K(1029632K)] 1379123K->368507K(1527296K), 0.0141689 secs] [Times: user=0.03 sys=0.00, real=0.01 secs] 
2024-07-05T00:47:54.242+0800: 7733.556: [GC (Allocation Failure) [PSYoungGen: 1028688K->17456K(1029632K)] 1379707K->368483K(1527296K), 0.0139734 secs] [Times: user=0.03 sys=0.00, real=0.02 secs] 
2024-07-05T00:47:55.409+0800: 7734.723: [GC (Allocation Failure) [PSYoungGen: 1028656K->17568K(1030144K)] 1379683K->368603K(1527808K), 0.0142676 secs] [Times: user=0.02 sys=0.00, real=0.01 secs] 
2024-07-05T00:47:56.586+0800: 7735.900: [GC (Allocation Failure) [PSYoungGen: 1029280K->17760K(1030144K)] 1380315K->368803K(1527808K), 0.0139601 secs] [Times: user=0.03 sys=0.00, real=0.02 secs] 
2024-07-05T00:47:57.764+0800: 7737.078: [GC (Allocation Failure) [PSYoungGen: 1029472K->17456K(1030144K)] 1380515K->368507K(1527808K), 0.0154797 secs] [Times: user=0.03 sys=0.00, real=0.02 secs] 
2024-07-05T00:47:58.979+0800: 7738.294: [GC (Allocation Failure) [PSYoungGen: 1029168K->17792K(1030144K)] 1380219K->368851K(1527808K), 0.0143612 secs] [Times: user=0.02 sys=0.00, real=0.02 secs] 
2024-07-05T00:48:00.205+0800: 7739.519: [GC (Allocation Failure) [PSYoungGen: 1029504K->17712K(1030144K)] 1380563K->368779K(1527808K), 0.0149045 secs] [Times: user=0.03 sys=0.00, real=0.02 secs] 
2024-07-05T00:48:01.402+0800: 7740.716: [GC (Allocation Failure) [PSYoungGen: 1029424K->17344K(1030144K)] 1380491K->368419K(1527808K), 0.0147747 secs] [Times: user=0.02 sys=0.00, real=0.02 secs] 
2024-07-05T00:48:02.570+0800: 7741.884: [GC (Allocation Failure) [PSYoungGen: 1029056K->17456K(1030144K)] 1380131K->368539K(1527808K), 0.0139029 secs] [Times: user=0.03 sys=0.00, real=0.01 secs] 
2024-07-05T00:48:03.730+0800: 7743.044: [GC (Allocation Failure) [PSYoungGen: 1029168K->17456K(1030144K)] 1380251K->368547K(1527808K), 0.0146072 secs] [Times: user=0.03 sys=0.00, real=0.01 secs] 
2024-07-05T00:48:04.927+0800: 7744.242: [GC (Allocation Failure) [PSYoungGen: 1029168K->17472K(1030144K)] 1380259K->368571K(1527808K), 0.0147948 secs] [Times: user=0.03 sys=0.00, real=0.01 secs] 
2024-07-05T00:48:06.168+0800: 7745.482: [GC (Allocation Failure) [PSYoungGen: 1029184K->17472K(1030144K)] 1380283K->368579K(1527808K), 0.0149620 secs] [Times: user=0.03 sys=0.00, real=0.01 secs] 
2024-07-05T00:48:07.334+0800: 7746.648: [GC (Allocation Failure) [PSYoungGen: 1029184K->15248K(1030144K)] 1380291K->366363K(1527808K), 0.0119090 secs] [Times: user=0.02 sys=0.00, real=0.01 secs] 
2024-07-05T00:48:09.433+0800: 7748.747: [GC (Allocation Failure) [PSYoungGen: 1026946K->18421K(1030144K)] 1378061K->388362K(1527808K), 0.0336975 secs] [Times: user=0.06 sys=0.00, real=0.04 secs] 
2024-07-05T00:48:10.277+0800: 7749.591: [GC (Allocation Failure) [PSYoungGen: 1030133K->6109K(1011712K)] 1400074K->394555K(1509376K), 0.0278447 secs] [Times: user=0.05 sys=0.00, real=0.02 secs] 
2024-07-05T00:48:11.097+0800: 7750.411: [GC (Allocation Failure) [PSYoungGen: 999389K->7101K(1000448K)] 1387835K->399251K(1498112K), 0.0091549 secs] [Times: user=0.02 sys=0.00, real=0.01 secs] 
Heap
 PSYoungGen      total 1000448K, used 178941K [0x0000000780000000, 0x00000007c0000000, 0x00000007c0000000)
  eden space 993280K, 17% used [0x0000000780000000,0x000000078a7d01d8,0x00000007bca00000)
  from space 7168K, 99% used [0x00000007bca00000,0x00000007bd0ef590,0x00000007bd100000)
  to   space 28672K, 0% used [0x00000007be400000,0x00000007be400000,0x00000007c0000000)
 ParOldGen       total 497664K, used 392150K [0x0000000700000000, 0x000000071e600000, 0x0000000780000000)
  object space 497664K, 78% used [0x0000000700000000,0x0000000717ef59a0,0x000000071e600000)
 Metaspace       used 41228K, capacity 42000K, committed 42368K, reserved 1087488K
  class space    used 4032K, capacity 4183K, committed 4224K, reserved 1048576K
