OpenJDK 64-Bit Server VM (25.322-b1) for linux-amd64 JRE (1.8.0_322-b1), built on Feb 15 2022 08:25:37 by "root" with gcc 4.4.7 20120313 (Red Hat 4.4.7-23)
Memory: 4k page, physical 3644708k(1220152k free), swap 4194300k(4194300k free)
CommandLine flags: -XX:InitialHeapSize=58315328 -XX:MaxHeapSize=3221225472 -XX:+PrintGC -XX:+PrintGCDateStamps -XX:+PrintGCDetails -XX:+PrintGCTimeStamps -XX:+RequireSharedSpaces -XX:+UseCompressedClassPointers -XX:+UseCompressedOops -XX:+UseG1GC -XX:+UseSharedSpaces 
2024-07-07T15:41:00.833+0800: 0.425: [GC pause (G1 Evacuation Pause) (young), 0.0028706 secs]
   [Parallel Time: 2.4 ms, GC Workers: 2]
      [GC Worker Start (ms): Min: 424.9, Avg: 424.9, Max: 424.9, Diff: 0.0]
      [Ext Root Scanning (ms): Min: 1.1, Avg: 1.7, Max: 2.3, Diff: 1.2, Sum: 3.3]
      [Update RS (ms): Min: 0.0, Avg: 0.0, Max: 0.0, Diff: 0.0, Sum: 0.0]
         [Processed Buffers: Min: 0, Avg: 0.0, Max: 0, Diff: 0, Sum: 0]
      [Scan RS (ms): Min: 0.0, Avg: 0.0, Max: 0.0, Diff: 0.0, Sum: 0.0]
      [Code Root Scanning (ms): Min: 0.0, Avg: 0.1, Max: 0.2, Diff: 0.2, Sum: 0.2]
      [Object Copy (ms): Min: 0.1, Avg: 0.6, Max: 1.1, Diff: 1.0, Sum: 1.1]
      [Termination (ms): Min: 0.0, Avg: 0.0, Max: 0.0, Diff: 0.0, Sum: 0.0]
         [Termination Attempts: Min: 1, Avg: 1.0, Max: 1, Diff: 0, Sum: 2]
      [GC Worker Other (ms): Min: 0.0, Avg: 0.0, Max: 0.0, Diff: 0.0, Sum: 0.0]
      [GC Worker Total (ms): Min: 2.3, Avg: 2.3, Max: 2.3, Diff: 0.0, Sum: 4.6]
      [GC Worker End (ms): Min: 427.2, Avg: 427.2, Max: 427.2, Diff: 0.0]
   [Code Root Fixup: 0.0 ms]
   [Code Root Purge: 0.0 ms]
   [Clear CT: 0.0 ms]
   [Other: 0.4 ms]
      [Choose CSet: 0.0 ms]
      [Ref Proc: 0.2 ms]
      [Ref Enq: 0.0 ms]
      [Redirty Cards: 0.1 ms]
      [Humongous Register: 0.0 ms]
      [Humongous Reclaim: 0.0 ms]
      [Free CSet: 0.1 ms]
   [Eden: 7168.0K(7168.0K)->0.0B(9216.0K) Survivors: 0.0B->1024.0K Heap: 7168.0K(57344.0K)->1274.5K(57344.0K)]
 [Times: user=0.00 sys=0.00, real=0.01 secs] 
2024-07-07T15:42:40.190+0800: 99.781: [GC pause (G1 Evacuation Pause) (young), 0.0029617 secs]
   [Parallel Time: 2.4 ms, GC Workers: 2]
      [GC Worker Start (ms): Min: 99781.0, Avg: 99781.1, Max: 99781.2, Diff: 0.2]
      [Ext Root Scanning (ms): Min: 0.5, Avg: 1.3, Max: 2.1, Diff: 1.7, Sum: 2.6]
      [Update RS (ms): Min: 0.0, Avg: 0.4, Max: 0.8, Diff: 0.8, Sum: 0.8]
         [Processed Buffers: Min: 0, Avg: 1.5, Max: 3, Diff: 3, Sum: 3]
      [Scan RS (ms): Min: 0.0, Avg: 0.0, Max: 0.0, Diff: 0.0, Sum: 0.0]
      [Code Root Scanning (ms): Min: 0.0, Avg: 0.2, Max: 0.4, Diff: 0.4, Sum: 0.4]
      [Object Copy (ms): Min: 0.1, Avg: 0.4, Max: 0.6, Diff: 0.4, Sum: 0.7]
      [Termination (ms): Min: 0.0, Avg: 0.0, Max: 0.1, Diff: 0.1, Sum: 0.1]
         [Termination Attempts: Min: 1, Avg: 1.0, Max: 1, Diff: 0, Sum: 2]
      [GC Worker Other (ms): Min: 0.0, Avg: 0.0, Max: 0.0, Diff: 0.0, Sum: 0.0]
      [GC Worker Total (ms): Min: 2.2, Avg: 2.3, Max: 2.4, Diff: 0.2, Sum: 4.5]
      [GC Worker End (ms): Min: 99783.3, Avg: 99783.3, Max: 99783.4, Diff: 0.0]
   [Code Root Fixup: 0.0 ms]
   [Code Root Purge: 0.0 ms]
   [Clear CT: 0.1 ms]
   [Other: 0.5 ms]
      [Choose CSet: 0.0 ms]
      [Ref Proc: 0.2 ms]
      [Ref Enq: 0.0 ms]
      [Redirty Cards: 0.1 ms]
      [Humongous Register: 0.0 ms]
      [Humongous Reclaim: 0.0 ms]
      [Free CSet: 0.1 ms]
   [Eden: 9216.0K(9216.0K)->0.0B(31744.0K) Survivors: 1024.0K->2048.0K Heap: 10490.5K(57344.0K)->1334.5K(57344.0K)]
 [Times: user=0.00 sys=0.00, real=0.00 secs] 
2024-07-07T15:45:51.134+0800: 290.725: [GC pause (G1 Evacuation Pause) (young), 0.0168267 secs]
   [Parallel Time: 14.5 ms, GC Workers: 2]
      [GC Worker Start (ms): Min: 290725.5, Avg: 290726.6, Max: 290727.7, Diff: 2.2]
      [Ext Root Scanning (ms): Min: 1.3, Avg: 7.4, Max: 13.6, Diff: 12.3, Sum: 14.8]
      [Update RS (ms): Min: 0.0, Avg: 0.3, Max: 0.6, Diff: 0.6, Sum: 0.6]
         [Processed Buffers: Min: 0, Avg: 1.0, Max: 2, Diff: 2, Sum: 2]
      [Scan RS (ms): Min: 0.0, Avg: 0.0, Max: 0.1, Diff: 0.0, Sum: 0.1]
      [Code Root Scanning (ms): Min: 0.0, Avg: 0.4, Max: 0.8, Diff: 0.8, Sum: 0.8]
      [Object Copy (ms): Min: 0.9, Avg: 5.3, Max: 9.6, Diff: 8.7, Sum: 10.5]
      [Termination (ms): Min: 0.0, Avg: 0.0, Max: 0.0, Diff: 0.0, Sum: 0.0]
         [Termination Attempts: Min: 1, Avg: 1.0, Max: 1, Diff: 0, Sum: 2]
      [GC Worker Other (ms): Min: 0.0, Avg: 0.0, Max: 0.0, Diff: 0.0, Sum: 0.0]
      [GC Worker Total (ms): Min: 12.3, Avg: 13.4, Max: 14.4, Diff: 2.2, Sum: 26.7]
      [GC Worker End (ms): Min: 290739.9, Avg: 290739.9, Max: 290739.9, Diff: 0.0]
   [Code Root Fixup: 0.0 ms]
   [Code Root Purge: 0.0 ms]
   [Clear CT: 0.1 ms]
   [Other: 2.1 ms]
      [Choose CSet: 0.0 ms]
      [Ref Proc: 1.8 ms]
      [Ref Enq: 0.0 ms]
      [Redirty Cards: 0.1 ms]
      [Humongous Register: 0.0 ms]
      [Humongous Reclaim: 0.0 ms]
      [Free CSet: 0.2 ms]
   [Eden: 31744.0K(31744.0K)->0.0B(28672.0K) Survivors: 2048.0K->5120.0K Heap: 35187.9K(57344.0K)->10641.4K(57344.0K)]
 [Times: user=0.02 sys=0.00, real=0.02 secs] 
2024-07-07T15:45:51.388+0800: 290.979: [GC pause (G1 Evacuation Pause) (young), 0.0103817 secs]
   [Parallel Time: 10.0 ms, GC Workers: 2]
      [GC Worker Start (ms): Min: 290979.5, Avg: 290979.6, Max: 290979.8, Diff: 0.4]
      [Ext Root Scanning (ms): Min: 2.0, Avg: 5.5, Max: 9.0, Diff: 7.0, Sum: 10.9]
      [Update RS (ms): Min: 0.0, Avg: 0.9, Max: 1.8, Diff: 1.8, Sum: 1.8]
         [Processed Buffers: Min: 0, Avg: 2.5, Max: 5, Diff: 5, Sum: 5]
      [Scan RS (ms): Min: 0.6, Avg: 0.7, Max: 0.8, Diff: 0.3, Sum: 1.4]
      [Code Root Scanning (ms): Min: 0.3, Avg: 0.4, Max: 0.5, Diff: 0.2, Sum: 0.8]
      [Object Copy (ms): Min: 0.0, Avg: 2.2, Max: 4.4, Diff: 4.3, Sum: 4.4]
      [Termination (ms): Min: 0.0, Avg: 0.0, Max: 0.0, Diff: 0.0, Sum: 0.0]
         [Termination Attempts: Min: 1, Avg: 1.0, Max: 1, Diff: 0, Sum: 2]
      [GC Worker Other (ms): Min: 0.0, Avg: 0.0, Max: 0.0, Diff: 0.0, Sum: 0.0]
      [GC Worker Total (ms): Min: 9.5, Avg: 9.7, Max: 9.8, Diff: 0.4, Sum: 19.3]
      [GC Worker End (ms): Min: 290989.3, Avg: 290989.3, Max: 290989.3, Diff: 0.0]
   [Code Root Fixup: 0.0 ms]
   [Code Root Purge: 0.0 ms]
   [Clear CT: 0.1 ms]
   [Other: 0.3 ms]
      [Choose CSet: 0.0 ms]
      [Ref Proc: 0.1 ms]
      [Ref Enq: 0.0 ms]
      [Redirty Cards: 0.0 ms]
      [Humongous Register: 0.0 ms]
      [Humongous Reclaim: 0.0 ms]
      [Free CSet: 0.1 ms]
   [Eden: 28672.0K(28672.0K)->0.0B(28672.0K) Survivors: 5120.0K->1024.0K Heap: 43532.2K(57344.0K)->14061.2K(57344.0K)]
 [Times: user=0.01 sys=0.00, real=0.01 secs] 
2024-07-07T15:45:51.506+0800: 291.097: [GC pause (G1 Evacuation Pause) (young), 0.0015837 secs]
   [Parallel Time: 1.2 ms, GC Workers: 2]
      [GC Worker Start (ms): Min: 291097.3, Avg: 291097.3, Max: 291097.3, Diff: 0.0]
      [Ext Root Scanning (ms): Min: 0.5, Avg: 0.5, Max: 0.5, Diff: 0.1, Sum: 1.0]
      [Update RS (ms): Min: 0.3, Avg: 0.4, Max: 0.4, Diff: 0.0, Sum: 0.7]
         [Processed Buffers: Min: 3, Avg: 4.5, Max: 6, Diff: 3, Sum: 9]
      [Scan RS (ms): Min: 0.0, Avg: 0.1, Max: 0.2, Diff: 0.1, Sum: 0.2]
      [Code Root Scanning (ms): Min: 0.0, Avg: 0.0, Max: 0.1, Diff: 0.1, Sum: 0.1]
      [Object Copy (ms): Min: 0.0, Avg: 0.1, Max: 0.2, Diff: 0.2, Sum: 0.2]
      [Termination (ms): Min: 0.0, Avg: 0.1, Max: 0.1, Diff: 0.1, Sum: 0.1]
         [Termination Attempts: Min: 1, Avg: 3.5, Max: 6, Diff: 5, Sum: 7]
      [GC Worker Other (ms): Min: 0.0, Avg: 0.0, Max: 0.0, Diff: 0.0, Sum: 0.0]
      [GC Worker Total (ms): Min: 1.1, Avg: 1.2, Max: 1.2, Diff: 0.0, Sum: 2.3]
      [GC Worker End (ms): Min: 291098.5, Avg: 291098.5, Max: 291098.5, Diff: 0.0]
   [Code Root Fixup: 0.0 ms]
   [Code Root Purge: 0.0 ms]
   [Clear CT: 0.0 ms]
   [Other: 0.3 ms]
      [Choose CSet: 0.0 ms]
      [Ref Proc: 0.2 ms]
      [Ref Enq: 0.0 ms]
      [Redirty Cards: 0.0 ms]
      [Humongous Register: 0.0 ms]
      [Humongous Reclaim: 0.0 ms]
      [Free CSet: 0.0 ms]
   [Eden: 28672.0K(28672.0K)->0.0B(30720.0K) Survivors: 1024.0K->1024.0K Heap: 46952.0K(57344.0K)->14249.2K(57344.0K)]
 [Times: user=0.00 sys=0.00, real=0.00 secs] 
2024-07-07T15:45:51.612+0800: 291.203: [GC pause (G1 Evacuation Pause) (young), 0.0016414 secs]
   [Parallel Time: 1.0 ms, GC Workers: 2]
      [GC Worker Start (ms): Min: 291203.0, Avg: 291203.0, Max: 291203.0, Diff: 0.0]
      [Ext Root Scanning (ms): Min: 0.5, Avg: 0.5, Max: 0.6, Diff: 0.0, Sum: 1.1]
      [Update RS (ms): Min: 0.0, Avg: 0.1, Max: 0.2, Diff: 0.2, Sum: 0.3]
         [Processed Buffers: Min: 1, Avg: 2.5, Max: 4, Diff: 3, Sum: 5]
      [Scan RS (ms): Min: 0.0, Avg: 0.0, Max: 0.0, Diff: 0.0, Sum: 0.0]
      [Code Root Scanning (ms): Min: 0.0, Avg: 0.1, Max: 0.1, Diff: 0.1, Sum: 0.1]
      [Object Copy (ms): Min: 0.1, Avg: 0.2, Max: 0.2, Diff: 0.1, Sum: 0.3]
      [Termination (ms): Min: 0.0, Avg: 0.0, Max: 0.0, Diff: 0.0, Sum: 0.0]
         [Termination Attempts: Min: 1, Avg: 1.0, Max: 1, Diff: 0, Sum: 2]
      [GC Worker Other (ms): Min: 0.0, Avg: 0.0, Max: 0.0, Diff: 0.0, Sum: 0.0]
      [GC Worker Total (ms): Min: 0.9, Avg: 0.9, Max: 0.9, Diff: 0.0, Sum: 1.9]
      [GC Worker End (ms): Min: 291203.9, Avg: 291203.9, Max: 291203.9, Diff: 0.0]
   [Code Root Fixup: 0.0 ms]
   [Code Root Purge: 0.0 ms]
   [Clear CT: 0.0 ms]
   [Other: 0.6 ms]
      [Choose CSet: 0.0 ms]
      [Ref Proc: 0.4 ms]
      [Ref Enq: 0.0 ms]
      [Redirty Cards: 0.0 ms]
      [Humongous Register: 0.0 ms]
      [Humongous Reclaim: 0.0 ms]
      [Free CSet: 0.1 ms]
   [Eden: 30720.0K(30720.0K)->0.0B(28672.0K) Survivors: 1024.0K->1024.0K Heap: 51297.3K(57344.0K)->16076.6K(58368.0K)]
 [Times: user=0.00 sys=0.00, real=0.00 secs] 
2024-07-07T15:45:51.704+0800: 291.296: [GC pause (G1 Evacuation Pause) (young), 0.0013069 secs]
   [Parallel Time: 1.0 ms, GC Workers: 2]
      [GC Worker Start (ms): Min: 291296.0, Avg: 291296.0, Max: 291296.0, Diff: 0.0]
      [Ext Root Scanning (ms): Min: 0.5, Avg: 0.5, Max: 0.5, Diff: 0.0, Sum: 1.1]
      [Update RS (ms): Min: 0.2, Avg: 0.2, Max: 0.2, Diff: 0.0, Sum: 0.4]
         [Processed Buffers: Min: 2, Avg: 3.0, Max: 4, Diff: 2, Sum: 6]
      [Scan RS (ms): Min: 0.0, Avg: 0.0, Max: 0.0, Diff: 0.0, Sum: 0.0]
      [Code Root Scanning (ms): Min: 0.0, Avg: 0.1, Max: 0.1, Diff: 0.1, Sum: 0.1]
      [Object Copy (ms): Min: 0.0, Avg: 0.1, Max: 0.1, Diff: 0.1, Sum: 0.2]
      [Termination (ms): Min: 0.0, Avg: 0.0, Max: 0.1, Diff: 0.1, Sum: 0.1]
         [Termination Attempts: Min: 1, Avg: 1.0, Max: 1, Diff: 0, Sum: 2]
      [GC Worker Other (ms): Min: 0.0, Avg: 0.0, Max: 0.0, Diff: 0.0, Sum: 0.0]
      [GC Worker Total (ms): Min: 0.9, Avg: 0.9, Max: 0.9, Diff: 0.0, Sum: 1.9]
      [GC Worker End (ms): Min: 291296.9, Avg: 291296.9, Max: 291296.9, Diff: 0.0]
   [Code Root Fixup: 0.0 ms]
   [Code Root Purge: 0.0 ms]
   [Clear CT: 0.0 ms]
   [Other: 0.3 ms]
      [Choose CSet: 0.0 ms]
      [Ref Proc: 0.1 ms]
      [Ref Enq: 0.0 ms]
      [Redirty Cards: 0.0 ms]
      [Humongous Register: 0.0 ms]
      [Humongous Reclaim: 0.0 ms]
      [Free CSet: 0.0 ms]
   [Eden: 28672.0K(28672.0K)->0.0B(32768.0K) Survivors: 1024.0K->1024.0K Heap: 48967.3K(58368.0K)->13436.8K(58368.0K)]
 [Times: user=0.00 sys=0.00, real=0.00 secs] 
2024-07-07T15:45:51.806+0800: 291.398: [GC pause (G1 Evacuation Pause) (young), 0.0017191 secs]
   [Parallel Time: 1.4 ms, GC Workers: 2]
      [GC Worker Start (ms): Min: 291397.7, Avg: 291397.8, Max: 291397.8, Diff: 0.0]
      [Ext Root Scanning (ms): Min: 0.7, Avg: 0.7, Max: 0.7, Diff: 0.0, Sum: 1.3]
      [Update RS (ms): Min: 0.2, Avg: 0.3, Max: 0.4, Diff: 0.2, Sum: 0.6]
         [Processed Buffers: Min: 1, Avg: 2.5, Max: 4, Diff: 3, Sum: 5]
      [Scan RS (ms): Min: 0.0, Avg: 0.0, Max: 0.1, Diff: 0.1, Sum: 0.1]
      [Code Root Scanning (ms): Min: 0.0, Avg: 0.1, Max: 0.2, Diff: 0.2, Sum: 0.2]
      [Object Copy (ms): Min: 0.1, Avg: 0.2, Max: 0.4, Diff: 0.3, Sum: 0.4]
      [Termination (ms): Min: 0.0, Avg: 0.0, Max: 0.0, Diff: 0.0, Sum: 0.0]
         [Termination Attempts: Min: 1, Avg: 1.0, Max: 1, Diff: 0, Sum: 2]
      [GC Worker Other (ms): Min: 0.0, Avg: 0.0, Max: 0.0, Diff: 0.0, Sum: 0.0]
      [GC Worker Total (ms): Min: 1.3, Avg: 1.3, Max: 1.3, Diff: 0.0, Sum: 2.6]
      [GC Worker End (ms): Min: 291399.1, Avg: 291399.1, Max: 291399.1, Diff: 0.0]
   [Code Root Fixup: 0.0 ms]
   [Code Root Purge: 0.0 ms]
   [Clear CT: 0.0 ms]
   [Other: 0.3 ms]
      [Choose CSet: 0.0 ms]
      [Ref Proc: 0.1 ms]
      [Ref Enq: 0.0 ms]
      [Redirty Cards: 0.0 ms]
      [Humongous Register: 0.0 ms]
      [Humongous Reclaim: 0.0 ms]
      [Free CSet: 0.1 ms]
   [Eden: 31744.0K(32768.0K)->0.0B(30720.0K) Survivors: 1024.0K->1024.0K Heap: 51509.0K(58368.0K)->15579.2K(59392.0K)]
 [Times: user=0.00 sys=0.00, real=0.00 secs] 
2024-07-07T15:45:51.926+0800: 291.518: [GC pause (G1 Evacuation Pause) (young), 0.0014236 secs]
   [Parallel Time: 1.1 ms, GC Workers: 2]
      [GC Worker Start (ms): Min: 291517.6, Avg: 291517.6, Max: 291517.6, Diff: 0.0]
      [Ext Root Scanning (ms): Min: 0.5, Avg: 0.5, Max: 0.5, Diff: 0.0, Sum: 1.0]
      [Update RS (ms): Min: 0.1, Avg: 0.2, Max: 0.3, Diff: 0.1, Sum: 0.4]
         [Processed Buffers: Min: 1, Avg: 2.5, Max: 4, Diff: 3, Sum: 5]
      [Scan RS (ms): Min: 0.0, Avg: 0.0, Max: 0.0, Diff: 0.0, Sum: 0.0]
      [Code Root Scanning (ms): Min: 0.0, Avg: 0.1, Max: 0.2, Diff: 0.2, Sum: 0.2]
      [Object Copy (ms): Min: 0.2, Avg: 0.2, Max: 0.2, Diff: 0.0, Sum: 0.3]
      [Termination (ms): Min: 0.0, Avg: 0.0, Max: 0.0, Diff: 0.0, Sum: 0.1]
         [Termination Attempts: Min: 1, Avg: 1.0, Max: 1, Diff: 0, Sum: 2]
      [GC Worker Other (ms): Min: 0.0, Avg: 0.0, Max: 0.0, Diff: 0.0, Sum: 0.0]
      [GC Worker Total (ms): Min: 1.0, Avg: 1.0, Max: 1.0, Diff: 0.0, Sum: 2.1]
      [GC Worker End (ms): Min: 291518.6, Avg: 291518.6, Max: 291518.6, Diff: 0.0]
   [Code Root Fixup: 0.0 ms]
   [Code Root Purge: 0.0 ms]
   [Clear CT: 0.1 ms]
   [Other: 0.3 ms]
      [Choose CSet: 0.0 ms]
      [Ref Proc: 0.1 ms]
      [Ref Enq: 0.0 ms]
      [Redirty Cards: 0.0 ms]
      [Humongous Register: 0.0 ms]
      [Humongous Reclaim: 0.0 ms]
      [Free CSet: 0.1 ms]
   [Eden: 30720.0K(30720.0K)->0.0B(33792.0K) Survivors: 1024.0K->1024.0K Heap: 50518.0K(59392.0K)->13467.4K(59392.0K)]
 [Times: user=0.01 sys=0.00, real=0.00 secs] 
Heap
 garbage-first heap   total 59392K, used 50454K [0x0000000740000000, 0x00000007401001d0, 0x0000000800000000)
  region size 1024K, 34 young (34816K), 1 survivors (1024K)
 Metaspace       used 6543K, capacity 6778K, committed 6912K, reserved 1056768K
  class space    used 671K, capacity 725K, committed 768K, reserved 1048576K
