OpenJDK 64-Bit Server VM (25.412-b11) for linux-amd64 JRE (1.8.0_412-b11), built on May  7 2024 14:31:44 by "root" with gcc 7.3.0
Memory: 4k page, physical 3644696k(1532944k free), swap 4194300k(4194300k free)
CommandLine flags: -XX:+G1ParallelFullGC -XX:InitialHeapSize=58315136 -XX:MaxHeapSize=3221225472 -XX:+PrintGC -XX:+PrintGCDateStamps -XX:+PrintGCDetails -XX:+PrintGCTimeStamps -XX:+UnlockExperimentalVMOptions -XX:+UseCompressedClassPointers -XX:+UseCompressedOops -XX:+UseFastSerializer -XX:+UseG1GC -XX:-UseNUMA 
2024-07-11T22:46:52.499+0800: 0.214: [GC pause (G1 Evacuation Pause) (young), 0.0028404 secs]
   [Parallel Time: 2.4 ms, GC Workers: 2]
      [GC Worker Start (ms): Min: 214.2, Avg: 214.2, Max: 214.2, Diff: 0.0]
      [Ext Root Scanning (ms): Min: 0.8, Avg: 0.9, Max: 0.9, Diff: 0.1, Sum: 1.7]
      [Update RS (ms): Min: 0.0, Avg: 0.0, Max: 0.0, Diff: 0.0, Sum: 0.0]
         [Processed Buffers: Min: 0, Avg: 0.0, Max: 0, Diff: 0, Sum: 0]
      [Scan RS (ms): Min: 0.0, Avg: 0.0, Max: 0.0, Diff: 0.0, Sum: 0.0]
      [Code Root Scanning (ms): Min: 0.0, Avg: 0.0, Max: 0.1, Diff: 0.1, Sum: 0.1]
      [Object Copy (ms): Min: 1.3, Avg: 1.4, Max: 1.5, Diff: 0.2, Sum: 2.8]
      [Termination (ms): Min: 0.0, Avg: 0.0, Max: 0.0, Diff: 0.0, Sum: 0.0]
         [Termination Attempts: Min: 1, Avg: 1.0, Max: 1, Diff: 0, Sum: 2]
      [GC Worker Other (ms): Min: 0.0, Avg: 0.0, Max: 0.0, Diff: 0.0, Sum: 0.0]
      [GC Worker Total (ms): Min: 2.3, Avg: 2.3, Max: 2.4, Diff: 0.0, Sum: 4.7]
      [GC Worker End (ms): Min: 216.5, Avg: 216.5, Max: 216.5, Diff: 0.0]
   [Code Root Fixup: 0.0 ms]
   [Code Root Purge: 0.0 ms]
   [Clear CT: 0.0 ms]
   [Other: 0.4 ms]
      [Choose CSet: 0.0 ms]
      [Ref Proc: 0.2 ms]
      [Ref Enq: 0.0 ms]
      [Redirty Cards: 0.0 ms]
      [Humongous Register: 0.0 ms]
      [Humongous Reclaim: 0.0 ms]
      [Free CSet: 0.0 ms]
   [Eden: 6144.0K(6144.0K)->0.0B(10240.0K) Survivors: 0.0B->2048.0K Heap: 6144.0K(57344.0K)->1191.5K(57344.0K)]
 [Times: user=0.01 sys=0.00, real=0.01 secs] 
2024-07-11T22:48:24.323+0800: 92.038: [GC pause (G1 Evacuation Pause) (young), 0.0045478 secs]
   [Parallel Time: 4.0 ms, GC Workers: 2]
      [GC Worker Start (ms): Min: 92038.0, Avg: 92038.5, Max: 92039.1, Diff: 1.1]
      [Ext Root Scanning (ms): Min: 0.1, Avg: 1.0, Max: 2.0, Diff: 1.9, Sum: 2.1]
      [Update RS (ms): Min: 0.0, Avg: 0.0, Max: 0.0, Diff: 0.0, Sum: 0.0]
         [Processed Buffers: Min: 0, Avg: 0.0, Max: 0, Diff: 0, Sum: 0]
      [Scan RS (ms): Min: 0.0, Avg: 0.0, Max: 0.0, Diff: 0.0, Sum: 0.0]
      [Code Root Scanning (ms): Min: 0.0, Avg: 0.1, Max: 0.2, Diff: 0.2, Sum: 0.2]
      [Object Copy (ms): Min: 2.0, Avg: 2.3, Max: 2.6, Diff: 0.6, Sum: 4.5]
      [Termination (ms): Min: 0.0, Avg: 0.0, Max: 0.1, Diff: 0.1, Sum: 0.1]
         [Termination Attempts: Min: 1, Avg: 1.0, Max: 1, Diff: 0, Sum: 2]
      [GC Worker Other (ms): Min: 0.0, Avg: 0.0, Max: 0.0, Diff: 0.0, Sum: 0.0]
      [GC Worker Total (ms): Min: 2.9, Avg: 3.5, Max: 4.0, Diff: 1.1, Sum: 6.9]
      [GC Worker End (ms): Min: 92042.0, Avg: 92042.0, Max: 92042.0, Diff: 0.0]
   [Code Root Fixup: 0.0 ms]
   [Code Root Purge: 0.0 ms]
   [Clear CT: 0.1 ms]
   [Other: 0.4 ms]
      [Choose CSet: 0.0 ms]
      [Ref Proc: 0.2 ms]
      [Ref Enq: 0.0 ms]
      [Redirty Cards: 0.1 ms]
      [Humongous Register: 0.0 ms]
      [Humongous Reclaim: 0.0 ms]
      [Free CSet: 0.0 ms]
   [Eden: 10240.0K(10240.0K)->0.0B(30720.0K) Survivors: 2048.0K->2048.0K Heap: 11431.5K(57344.0K)->2064.5K(57344.0K)]
 [Times: user=0.00 sys=0.00, real=0.00 secs] 
2024-07-11T22:51:02.747+0800: 250.462: [GC pause (G1 Evacuation Pause) (young), 0.0123734 secs]
   [Parallel Time: 10.0 ms, GC Workers: 2]
      [GC Worker Start (ms): Min: 250462.3, Avg: 250464.0, Max: 250465.7, Diff: 3.5]
      [Ext Root Scanning (ms): Min: 0.0, Avg: 1.2, Max: 2.4, Diff: 2.4, Sum: 2.4]
      [Update RS (ms): Min: 0.0, Avg: 0.0, Max: 0.0, Diff: 0.0, Sum: 0.0]
         [Processed Buffers: Min: 0, Avg: 0.5, Max: 1, Diff: 1, Sum: 1]
      [Scan RS (ms): Min: 0.0, Avg: 0.0, Max: 0.0, Diff: 0.0, Sum: 0.0]
      [Code Root Scanning (ms): Min: 0.2, Avg: 0.3, Max: 0.5, Diff: 0.4, Sum: 0.7]
      [Object Copy (ms): Min: 6.3, Avg: 6.7, Max: 7.0, Diff: 0.7, Sum: 13.3]
      [Termination (ms): Min: 0.0, Avg: 0.0, Max: 0.0, Diff: 0.0, Sum: 0.0]
         [Termination Attempts: Min: 1, Avg: 1.0, Max: 1, Diff: 0, Sum: 2]
      [GC Worker Other (ms): Min: 0.0, Avg: 0.0, Max: 0.0, Diff: 0.0, Sum: 0.0]
      [GC Worker Total (ms): Min: 6.5, Avg: 8.3, Max: 10.0, Diff: 3.5, Sum: 16.5]
      [GC Worker End (ms): Min: 250472.2, Avg: 250472.2, Max: 250472.2, Diff: 0.0]
   [Code Root Fixup: 0.0 ms]
   [Code Root Purge: 0.0 ms]
   [Clear CT: 0.1 ms]
   [Other: 2.2 ms]
      [Choose CSet: 0.0 ms]
      [Ref Proc: 2.0 ms]
      [Ref Enq: 0.0 ms]
      [Redirty Cards: 0.1 ms]
      [Humongous Register: 0.0 ms]
      [Humongous Reclaim: 0.0 ms]
      [Free CSet: 0.0 ms]
   [Eden: 30720.0K(30720.0K)->0.0B(28672.0K) Survivors: 2048.0K->4096.0K Heap: 34893.9K(57344.0K)->8607.9K(57344.0K)]
 [Times: user=0.01 sys=0.00, real=0.01 secs] 
2024-07-11T22:51:02.954+0800: 250.668: [GC pause (G1 Evacuation Pause) (young), 0.0087912 secs]
   [Parallel Time: 5.7 ms, GC Workers: 2]
      [GC Worker Start (ms): Min: 250668.5, Avg: 250668.5, Max: 250668.6, Diff: 0.0]
      [Ext Root Scanning (ms): Min: 0.8, Avg: 0.9, Max: 1.1, Diff: 0.3, Sum: 1.9]
      [Update RS (ms): Min: 0.0, Avg: 0.1, Max: 0.1, Diff: 0.1, Sum: 0.1]
         [Processed Buffers: Min: 1, Avg: 1.0, Max: 1, Diff: 0, Sum: 2]
      [Scan RS (ms): Min: 0.3, Avg: 0.3, Max: 0.3, Diff: 0.0, Sum: 0.6]
      [Code Root Scanning (ms): Min: 0.1, Avg: 0.4, Max: 0.7, Diff: 0.6, Sum: 0.7]
      [Object Copy (ms): Min: 3.4, Avg: 4.0, Max: 4.5, Diff: 1.0, Sum: 7.9]
      [Termination (ms): Min: 0.0, Avg: 0.0, Max: 0.0, Diff: 0.0, Sum: 0.0]
         [Termination Attempts: Min: 1, Avg: 1.5, Max: 2, Diff: 1, Sum: 3]
      [GC Worker Other (ms): Min: 0.0, Avg: 0.0, Max: 0.0, Diff: 0.0, Sum: 0.0]
      [GC Worker Total (ms): Min: 5.6, Avg: 5.7, Max: 5.7, Diff: 0.0, Sum: 11.3]
      [GC Worker End (ms): Min: 250674.2, Avg: 250674.2, Max: 250674.2, Diff: 0.0]
   [Code Root Fixup: 0.0 ms]
   [Code Root Purge: 0.0 ms]
   [Clear CT: 0.1 ms]
   [Other: 3.0 ms]
      [Choose CSet: 0.0 ms]
      [Ref Proc: 2.7 ms]
      [Ref Enq: 0.0 ms]
      [Redirty Cards: 0.1 ms]
      [Humongous Register: 0.0 ms]
      [Humongous Reclaim: 0.0 ms]
      [Free CSet: 0.0 ms]
   [Eden: 26624.0K(18432.0K)->0.0B(22528.0K) Survivors: 4096.0K->4096.0K Heap: 39450.7K(57344.0K)->16227.7K(57344.0K)]
 [Times: user=0.01 sys=0.00, real=0.01 secs] 
2024-07-11T22:51:03.058+0800: 250.773: [GC pause (G1 Humongous Allocation) (young) (initial-mark), 0.0014475 secs]
   [Parallel Time: 1.1 ms, GC Workers: 2]
      [GC Worker Start (ms): Min: 250772.9, Avg: 250772.9, Max: 250772.9, Diff: 0.0]
      [Ext Root Scanning (ms): Min: 0.6, Avg: 0.6, Max: 0.7, Diff: 0.0, Sum: 1.3]
      [Update RS (ms): Min: 0.1, Avg: 0.1, Max: 0.2, Diff: 0.0, Sum: 0.3]
         [Processed Buffers: Min: 2, Avg: 4.0, Max: 6, Diff: 4, Sum: 8]
      [Scan RS (ms): Min: 0.0, Avg: 0.0, Max: 0.1, Diff: 0.1, Sum: 0.1]
      [Code Root Scanning (ms): Min: 0.0, Avg: 0.0, Max: 0.1, Diff: 0.1, Sum: 0.1]
      [Object Copy (ms): Min: 0.1, Avg: 0.2, Max: 0.2, Diff: 0.2, Sum: 0.3]
      [Termination (ms): Min: 0.0, Avg: 0.0, Max: 0.0, Diff: 0.0, Sum: 0.0]
         [Termination Attempts: Min: 1, Avg: 1.0, Max: 1, Diff: 0, Sum: 2]
      [GC Worker Other (ms): Min: 0.0, Avg: 0.0, Max: 0.0, Diff: 0.0, Sum: 0.0]
      [GC Worker Total (ms): Min: 1.0, Avg: 1.0, Max: 1.0, Diff: 0.0, Sum: 2.1]
      [GC Worker End (ms): Min: 250774.0, Avg: 250774.0, Max: 250774.0, Diff: 0.0]
   [Code Root Fixup: 0.0 ms]
   [Code Root Purge: 0.0 ms]
   [Clear CT: 0.0 ms]
   [Other: 0.3 ms]
      [Choose CSet: 0.0 ms]
      [Ref Proc: 0.1 ms]
      [Ref Enq: 0.0 ms]
      [Redirty Cards: 0.0 ms]
      [Humongous Register: 0.0 ms]
      [Humongous Reclaim: 0.0 ms]
      [Free CSet: 0.0 ms]
   [Eden: 22528.0K(22528.0K)->0.0B(28672.0K) Survivors: 4096.0K->2048.0K Heap: 40428.7K(57344.0K)->12275.1K(57344.0K)]
 [Times: user=0.00 sys=0.00, real=0.00 secs] 
2024-07-11T22:51:03.060+0800: 250.774: [GC concurrent-root-region-scan-start]
2024-07-11T22:51:03.060+0800: 250.775: [GC concurrent-root-region-scan-end, 0.0007469 secs]
2024-07-11T22:51:03.060+0800: 250.775: [GC concurrent-mark-start]
2024-07-11T22:51:03.076+0800: 250.791: [GC concurrent-mark-end, 0.0159424 secs]
2024-07-11T22:51:03.077+0800: 250.791: [GC remark 2024-07-11T22:51:03.077+0800: 250.791: [Finalize Marking, 0.0000612 secs] 2024-07-11T22:51:03.077+0800: 250.791: [GC ref-proc, 0.0001799 secs] 2024-07-11T22:51:03.077+0800: 250.791: [Unloading, 0.0032543 secs], 0.0036885 secs]
 [Times: user=0.01 sys=0.00, real=0.00 secs] 
2024-07-11T22:51:03.083+0800: 250.798: [GC cleanup 14868K->14868K(57344K), 0.0002744 secs]
 [Times: user=0.00 sys=0.00, real=0.00 secs] 
2024-07-11T22:51:03.202+0800: 250.917: [GC pause (G1 Evacuation Pause) (young), 0.0020724 secs]
   [Parallel Time: 1.7 ms, GC Workers: 2]
      [GC Worker Start (ms): Min: 250916.7, Avg: 250917.5, Max: 250918.3, Diff: 1.6]
      [Ext Root Scanning (ms): Min: 0.0, Avg: 0.4, Max: 0.9, Diff: 0.9, Sum: 0.9]
      [Update RS (ms): Min: 0.0, Avg: 0.1, Max: 0.1, Diff: 0.1, Sum: 0.1]
         [Processed Buffers: Min: 0, Avg: 3.0, Max: 6, Diff: 6, Sum: 6]
      [Scan RS (ms): Min: 0.0, Avg: 0.0, Max: 0.0, Diff: 0.0, Sum: 0.0]
      [Code Root Scanning (ms): Min: 0.0, Avg: 0.1, Max: 0.1, Diff: 0.1, Sum: 0.1]
      [Object Copy (ms): Min: 0.0, Avg: 0.2, Max: 0.4, Diff: 0.4, Sum: 0.4]
      [Termination (ms): Min: 0.0, Avg: 0.1, Max: 0.1, Diff: 0.1, Sum: 0.1]
         [Termination Attempts: Min: 1, Avg: 1.0, Max: 1, Diff: 0, Sum: 2]
      [GC Worker Other (ms): Min: 0.0, Avg: 0.0, Max: 0.0, Diff: 0.0, Sum: 0.0]
      [GC Worker Total (ms): Min: 0.0, Avg: 0.8, Max: 1.6, Diff: 1.6, Sum: 1.6]
      [GC Worker End (ms): Min: 250918.3, Avg: 250918.3, Max: 250918.3, Diff: 0.0]
   [Code Root Fixup: 0.0 ms]
   [Code Root Purge: 0.0 ms]
   [Clear CT: 0.0 ms]
   [Other: 0.4 ms]
      [Choose CSet: 0.0 ms]
      [Ref Proc: 0.2 ms]
      [Ref Enq: 0.0 ms]
      [Redirty Cards: 0.0 ms]
      [Humongous Register: 0.0 ms]
      [Humongous Reclaim: 0.0 ms]
      [Free CSet: 0.0 ms]
   [Eden: 26624.0K(28672.0K)->0.0B(28672.0K) Survivors: 2048.0K->2048.0K Heap: 45227.2K(57344.0K)->13510.9K(59392.0K)]
 [Times: user=0.00 sys=0.00, real=0.00 secs] 
2024-07-11T22:51:03.346+0800: 251.061: [GC pause (G1 Evacuation Pause) (young), 0.0022038 secs]
   [Parallel Time: 1.8 ms, GC Workers: 2]
      [GC Worker Start (ms): Min: 251060.9, Avg: 251061.7, Max: 251062.6, Diff: 1.7]
      [Ext Root Scanning (ms): Min: 0.0, Avg: 0.4, Max: 0.9, Diff: 0.9, Sum: 0.9]
      [Update RS (ms): Min: 0.0, Avg: 0.1, Max: 0.1, Diff: 0.1, Sum: 0.1]
         [Processed Buffers: Min: 0, Avg: 2.5, Max: 5, Diff: 5, Sum: 5]
      [Scan RS (ms): Min: 0.0, Avg: 0.0, Max: 0.0, Diff: 0.0, Sum: 0.0]
      [Code Root Scanning (ms): Min: 0.0, Avg: 0.1, Max: 0.1, Diff: 0.1, Sum: 0.1]
      [Object Copy (ms): Min: 0.0, Avg: 0.2, Max: 0.5, Diff: 0.5, Sum: 0.5]
      [Termination (ms): Min: 0.0, Avg: 0.1, Max: 0.1, Diff: 0.1, Sum: 0.1]
         [Termination Attempts: Min: 1, Avg: 1.0, Max: 1, Diff: 0, Sum: 2]
      [GC Worker Other (ms): Min: 0.0, Avg: 0.0, Max: 0.0, Diff: 0.0, Sum: 0.0]
      [GC Worker Total (ms): Min: 0.0, Avg: 0.9, Max: 1.8, Diff: 1.8, Sum: 1.8]
      [GC Worker End (ms): Min: 251062.6, Avg: 251062.6, Max: 251062.6, Diff: 0.0]
   [Code Root Fixup: 0.0 ms]
   [Code Root Purge: 0.0 ms]
   [Clear CT: 0.0 ms]
   [Other: 0.4 ms]
      [Choose CSet: 0.0 ms]
      [Ref Proc: 0.1 ms]
      [Ref Enq: 0.0 ms]
      [Redirty Cards: 0.1 ms]
      [Humongous Register: 0.0 ms]
      [Humongous Reclaim: 0.0 ms]
      [Free CSet: 0.0 ms]
   [Eden: 28672.0K(28672.0K)->0.0B(30720.0K) Survivors: 2048.0K->2048.0K Heap: 46401.7K(59392.0K)->13391.8K(61440.0K)]
 [Times: user=0.00 sys=0.00, real=0.00 secs] 
2024-07-11T22:51:03.460+0800: 251.174: [GC pause (G1 Evacuation Pause) (young), 0.0016338 secs]
   [Parallel Time: 1.2 ms, GC Workers: 2]
      [GC Worker Start (ms): Min: 251174.5, Avg: 251174.5, Max: 251174.5, Diff: 0.0]
      [Ext Root Scanning (ms): Min: 0.7, Avg: 0.7, Max: 0.7, Diff: 0.0, Sum: 1.4]
      [Update RS (ms): Min: 0.1, Avg: 0.1, Max: 0.1, Diff: 0.0, Sum: 0.1]
         [Processed Buffers: Min: 1, Avg: 2.0, Max: 3, Diff: 2, Sum: 4]
      [Scan RS (ms): Min: 0.0, Avg: 0.0, Max: 0.0, Diff: 0.0, Sum: 0.0]
      [Code Root Scanning (ms): Min: 0.0, Avg: 0.1, Max: 0.1, Diff: 0.1, Sum: 0.1]
      [Object Copy (ms): Min: 0.3, Avg: 0.3, Max: 0.4, Diff: 0.1, Sum: 0.6]
      [Termination (ms): Min: 0.0, Avg: 0.0, Max: 0.0, Diff: 0.0, Sum: 0.0]
         [Termination Attempts: Min: 1, Avg: 1.5, Max: 2, Diff: 1, Sum: 3]
      [GC Worker Other (ms): Min: 0.0, Avg: 0.0, Max: 0.0, Diff: 0.0, Sum: 0.0]
      [GC Worker Total (ms): Min: 1.1, Avg: 1.2, Max: 1.2, Diff: 0.0, Sum: 2.3]
      [GC Worker End (ms): Min: 251175.6, Avg: 251175.6, Max: 251175.6, Diff: 0.0]
   [Code Root Fixup: 0.0 ms]
   [Code Root Purge: 0.0 ms]
   [Clear CT: 0.0 ms]
   [Other: 0.4 ms]
      [Choose CSet: 0.0 ms]
      [Ref Proc: 0.2 ms]
      [Ref Enq: 0.0 ms]
      [Redirty Cards: 0.0 ms]
      [Humongous Register: 0.0 ms]
      [Humongous Reclaim: 0.0 ms]
      [Free CSet: 0.0 ms]
   [Eden: 30720.0K(30720.0K)->0.0B(30720.0K) Survivors: 2048.0K->2048.0K Heap: 48330.6K(61440.0K)->13453.8K(63488.0K)]
 [Times: user=0.00 sys=0.00, real=0.01 secs] 
2024-07-11T22:51:03.573+0800: 251.288: [GC pause (G1 Humongous Allocation) (young) (initial-mark), 0.0019328 secs]
   [Parallel Time: 1.2 ms, GC Workers: 2]
      [GC Worker Start (ms): Min: 251288.1, Avg: 251288.1, Max: 251288.1, Diff: 0.0]
      [Ext Root Scanning (ms): Min: 0.6, Avg: 0.6, Max: 0.7, Diff: 0.1, Sum: 1.2]
      [Update RS (ms): Min: 0.1, Avg: 0.1, Max: 0.1, Diff: 0.1, Sum: 0.2]
         [Processed Buffers: Min: 1, Avg: 2.5, Max: 4, Diff: 3, Sum: 5]
      [Scan RS (ms): Min: 0.0, Avg: 0.0, Max: 0.0, Diff: 0.0, Sum: 0.0]
      [Code Root Scanning (ms): Min: 0.0, Avg: 0.1, Max: 0.2, Diff: 0.2, Sum: 0.2]
      [Object Copy (ms): Min: 0.3, Avg: 0.3, Max: 0.4, Diff: 0.0, Sum: 0.7]
      [Termination (ms): Min: 0.0, Avg: 0.0, Max: 0.0, Diff: 0.0, Sum: 0.0]
         [Termination Attempts: Min: 1, Avg: 1.0, Max: 1, Diff: 0, Sum: 2]
      [GC Worker Other (ms): Min: 0.0, Avg: 0.0, Max: 0.0, Diff: 0.0, Sum: 0.0]
      [GC Worker Total (ms): Min: 1.2, Avg: 1.2, Max: 1.2, Diff: 0.0, Sum: 2.3]
      [GC Worker End (ms): Min: 251289.2, Avg: 251289.2, Max: 251289.2, Diff: 0.0]
   [Code Root Fixup: 0.0 ms]
   [Code Root Purge: 0.0 ms]
   [Clear CT: 0.1 ms]
   [Other: 0.6 ms]
      [Choose CSet: 0.0 ms]
      [Ref Proc: 0.3 ms]
      [Ref Enq: 0.0 ms]
      [Redirty Cards: 0.1 ms]
      [Humongous Register: 0.0 ms]
      [Humongous Reclaim: 0.0 ms]
      [Free CSet: 0.0 ms]
   [Eden: 26624.0K(30720.0K)->0.0B(34816.0K) Survivors: 2048.0K->2048.0K Heap: 43436.5K(63488.0K)->11413.3K(63488.0K)]
 [Times: user=0.00 sys=0.00, real=0.00 secs] 
2024-07-11T22:51:03.575+0800: 251.290: [GC concurrent-root-region-scan-start]
2024-07-11T22:51:03.576+0800: 251.291: [GC concurrent-root-region-scan-end, 0.0008554 secs]
2024-07-11T22:51:03.576+0800: 251.291: [GC concurrent-mark-start]
2024-07-11T22:51:03.587+0800: 251.301: [GC concurrent-mark-end, 0.0104015 secs]
2024-07-11T22:51:03.587+0800: 251.301: [GC remark 2024-07-11T22:51:03.587+0800: 251.301: [Finalize Marking, 0.0000915 secs] 2024-07-11T22:51:03.587+0800: 251.302: [GC ref-proc, 0.0001744 secs] 2024-07-11T22:51:03.587+0800: 251.302: [Unloading, 0.0043506 secs], 0.0047793 secs]
 [Times: user=0.01 sys=0.00, real=0.00 secs] 
2024-07-11T22:51:03.592+0800: 251.306: [GC cleanup 14199K->14199K(63488K), 0.0003540 secs]
 [Times: user=0.00 sys=0.00, real=0.00 secs] 
2024-07-11T22:51:03.703+0800: 251.418: [GC pause (G1 Evacuation Pause) (young), 0.0020519 secs]
   [Parallel Time: 1.5 ms, GC Workers: 2]
      [GC Worker Start (ms): Min: 251418.1, Avg: 251418.1, Max: 251418.1, Diff: 0.0]
      [Ext Root Scanning (ms): Min: 0.6, Avg: 0.7, Max: 0.7, Diff: 0.0, Sum: 1.3]
      [Update RS (ms): Min: 0.1, Avg: 0.1, Max: 0.1, Diff: 0.1, Sum: 0.2]
         [Processed Buffers: Min: 1, Avg: 2.5, Max: 4, Diff: 3, Sum: 5]
      [Scan RS (ms): Min: 0.0, Avg: 0.0, Max: 0.0, Diff: 0.0, Sum: 0.0]
      [Code Root Scanning (ms): Min: 0.0, Avg: 0.2, Max: 0.3, Diff: 0.3, Sum: 0.3]
      [Object Copy (ms): Min: 0.3, Avg: 0.4, Max: 0.5, Diff: 0.2, Sum: 0.9]
      [Termination (ms): Min: 0.0, Avg: 0.0, Max: 0.0, Diff: 0.0, Sum: 0.0]
         [Termination Attempts: Min: 1, Avg: 1.0, Max: 1, Diff: 0, Sum: 2]
      [GC Worker Other (ms): Min: 0.0, Avg: 0.0, Max: 0.0, Diff: 0.0, Sum: 0.0]
      [GC Worker Total (ms): Min: 1.3, Avg: 1.4, Max: 1.4, Diff: 0.0, Sum: 2.7]
      [GC Worker End (ms): Min: 251419.4, Avg: 251419.4, Max: 251419.4, Diff: 0.0]
   [Code Root Fixup: 0.0 ms]
   [Code Root Purge: 0.0 ms]
   [Clear CT: 0.0 ms]
   [Other: 0.5 ms]
      [Choose CSet: 0.0 ms]
      [Ref Proc: 0.2 ms]
      [Ref Enq: 0.0 ms]
      [Redirty Cards: 0.1 ms]
      [Humongous Register: 0.0 ms]
      [Humongous Reclaim: 0.0 ms]
      [Free CSet: 0.0 ms]
   [Eden: 32768.0K(34816.0K)->0.0B(32768.0K) Survivors: 2048.0K->2048.0K Heap: 50509.5K(63488.0K)->13461.8K(65536.0K)]
 [Times: user=0.00 sys=0.00, real=0.00 secs] 
Heap
 garbage-first heap   total 65536K, used 34003K [0x0000000700000000, 0x00000007c0000000)
  region size 2048K, 11 young (22528K), 1 survivors (2048K)
 Metaspace       used 15487K, capacity 15643K, committed 16128K, reserved 1062912K
  class space    used 1585K, capacity 1665K, committed 1792K, reserved 1048576K
