OpenJDK 64-Bit Server VM (25.412-b08) for linux-amd64 JRE (1.8.0_412-8u412-ga-1~22.04.1-b08), built on May 30 2024 06:02:10 by "buildd" with gcc 11.4.0
Memory: 4k page, physical 3644708k(1965196k free), swap 4194300k(4194300k free)
CommandLine flags: -XX:InitialHeapSize=58315328 -XX:MaxHeapSize=734003200 -XX:+PrintGC -XX:+PrintGCDateStamps -XX:+PrintGCDetails -XX:+PrintGCTimeStamps -XX:+UseCompressedClassPointers -XX:+UseCompressedOops -XX:+UseParallelGC 
2024-07-05T00:48:22.662+0800: 11.373: [GC (Allocation Failure) [PSYoungGen: 14848K->1347K(16896K)] 14848K->1347K(55296K), 0.0039532 secs] [Times: user=0.00 sys=0.01, real=0.01 secs] 
2024-07-05T00:49:04.159+0800: 52.870: [GC (Allocation Failure) [PSYoungGen: 16195K->2048K(16896K)] 16195K->4163K(55296K), 0.0054103 secs] [Times: user=0.01 sys=0.00, real=0.00 secs] 
2024-07-05T00:49:04.209+0800: 52.920: [GC (Allocation Failure) [PSYoungGen: 16896K->2048K(16896K)] 19011K->7290K(55296K), 0.0064442 secs] [Times: user=0.01 sys=0.00, real=0.01 secs] 
2024-07-05T00:49:04.263+0800: 52.974: [GC (Allocation Failure) [PSYoungGen: 16893K->2032K(31744K)] 22135K->11252K(70144K), 0.0066183 secs] [Times: user=0.00 sys=0.01, real=0.01 secs] 
2024-07-05T00:49:04.349+0800: 53.060: [GC (Allocation Failure) [PSYoungGen: 31728K->2032K(31744K)] 40948K->15677K(70144K), 0.0131894 secs] [Times: user=0.01 sys=0.00, real=0.01 secs] 
2024-07-05T00:49:04.576+0800: 53.286: [GC (Allocation Failure) [PSYoungGen: 31728K->8673K(65024K)] 45373K->24966K(103424K), 0.0088733 secs] [Times: user=0.00 sys=0.01, real=0.00 secs] 
2024-07-05T00:49:05.013+0800: 53.723: [GC (Allocation Failure) [PSYoungGen: 64993K->11770K(68096K)] 81286K->44560K(106496K), 0.0316602 secs] [Times: user=0.04 sys=0.02, real=0.03 secs] 
2024-07-05T00:49:05.044+0800: 53.755: [Full GC (Ergonomics) [PSYoungGen: 11770K->0K(68096K)] [ParOldGen: 32789K->31899K(59904K)] 44560K->31899K(128000K), [Metaspace: 10180K->10180K(1058816K)], 0.0947392 secs] [Times: user=0.16 sys=0.01, real=0.10 secs] 
2024-07-05T00:49:05.865+0800: 54.575: [GC (Allocation Failure) [PSYoungGen: 56320K->11988K(131072K)] 88219K->43888K(190976K), 0.0209789 secs] [Times: user=0.03 sys=0.01, real=0.03 secs] 
2024-07-05T00:49:06.555+0800: 55.266: [GC (Allocation Failure) [PSYoungGen: 123092K->21989K(133120K)] 154992K->68737K(193024K), 0.0544469 secs] [Times: user=0.09 sys=0.01, real=0.05 secs] 
2024-07-05T00:49:06.610+0800: 55.320: [Full GC (Ergonomics) [PSYoungGen: 21989K->0K(133120K)] [ParOldGen: 46748K->46368K(83968K)] 68737K->46368K(217088K), [Metaspace: 11751K->11751K(1060864K)], 0.1483257 secs] [Times: user=0.28 sys=0.00, real=0.15 secs] 
2024-07-05T00:49:07.298+0800: 56.009: [GC (Allocation Failure) [PSYoungGen: 111104K->19456K(168960K)] 157472K->65832K(252928K), 0.0361231 secs] [Times: user=0.06 sys=0.01, real=0.04 secs] 
2024-07-05T00:49:07.834+0800: 56.545: [GC (Allocation Failure) [PSYoungGen: 168448K->32748K(194048K)] 214824K->97688K(278016K), 0.0778235 secs] [Times: user=0.13 sys=0.02, real=0.07 secs] 
2024-07-05T00:49:07.912+0800: 56.623: [Full GC (Ergonomics) [PSYoungGen: 32748K->0K(194048K)] [ParOldGen: 64939K->55242K(103424K)] 97688K->55242K(297472K), [Metaspace: 11878K->11878K(1060864K)], 0.1795501 secs] [Times: user=0.34 sys=0.00, real=0.18 secs] 
2024-07-05T00:49:08.846+0800: 57.556: [GC (Allocation Failure) [PSYoungGen: 161280K->19704K(195584K)] 216522K->74954K(299008K), 0.0491059 secs] [Times: user=0.09 sys=0.01, real=0.05 secs] 
2024-07-05T00:49:09.324+0800: 58.035: [GC (Allocation Failure) [PSYoungGen: 170744K->24944K(194048K)] 225994K->97042K(297472K), 0.0708059 secs] [Times: user=0.13 sys=0.01, real=0.08 secs] 
2024-07-05T00:49:09.858+0800: 58.569: [GC (Allocation Failure) [PSYoungGen: 175984K->23504K(195072K)] 248082K->100834K(298496K), 0.0293025 secs] [Times: user=0.05 sys=0.01, real=0.03 secs] 
2024-07-05T00:49:10.490+0800: 59.200: [GC (Allocation Failure) [PSYoungGen: 175056K->11008K(162816K)] 252386K->95615K(266240K), 0.0378850 secs] [Times: user=0.07 sys=0.01, real=0.04 secs] 
2024-07-05T00:49:10.528+0800: 59.238: [Full GC (Ergonomics) [PSYoungGen: 11008K->0K(162816K)] [ParOldGen: 84607K->44714K(101888K)] 95615K->44714K(264704K), [Metaspace: 11910K->11910K(1060864K)], 0.1286049 secs] [Times: user=0.24 sys=0.00, real=0.13 secs] 
2024-07-05T00:49:11.085+0800: 59.795: [GC (Allocation Failure) [PSYoungGen: 151552K->29888K(192000K)] 196266K->74610K(293888K), 0.0344425 secs] [Times: user=0.07 sys=0.00, real=0.04 secs] 
2024-07-05T00:49:11.536+0800: 60.247: [GC (Allocation Failure) [PSYoungGen: 179904K->17712K(194048K)] 224626K->70629K(295936K), 0.0268738 secs] [Times: user=0.05 sys=0.00, real=0.02 secs] 
2024-07-05T00:49:11.973+0800: 60.684: [GC (Allocation Failure) [PSYoungGen: 167728K->18544K(189440K)] 220645K->72918K(291328K), 0.0389127 secs] [Times: user=0.08 sys=0.00, real=0.04 secs] 
2024-07-05T00:49:12.449+0800: 61.159: [GC (Allocation Failure) [PSYoungGen: 171120K->22272K(192000K)] 225494K->78523K(293888K), 0.0231051 secs] [Times: user=0.05 sys=0.00, real=0.02 secs] 
2024-07-05T00:49:12.946+0800: 61.656: [GC (Allocation Failure) [PSYoungGen: 174848K->18160K(194560K)] 231099K->82077K(296448K), 0.0279333 secs] [Times: user=0.05 sys=0.00, real=0.03 secs] 
2024-07-05T00:49:13.520+0800: 62.231: [GC (Allocation Failure) [PSYoungGen: 178416K->17360K(197120K)] 242333K->93742K(299008K), 0.0355424 secs] [Times: user=0.07 sys=0.01, real=0.04 secs] 
2024-07-05T00:49:13.919+0800: 62.629: [GC (Allocation Failure) [PSYoungGen: 177616K->34240K(195072K)] 253998K->116726K(296960K), 0.0491892 secs] [Times: user=0.09 sys=0.00, real=0.05 secs] 
2024-07-05T00:49:14.506+0800: 63.216: [GC (Allocation Failure) [PSYoungGen: 193984K->10912K(199168K)] 276470K->95454K(301056K), 0.0134522 secs] [Times: user=0.03 sys=0.00, real=0.02 secs] 
2024-07-05T00:49:15.009+0800: 63.720: [GC (Allocation Failure) [PSYoungGen: 170656K->17552K(196096K)] 255198K->106142K(297984K), 0.0288874 secs] [Times: user=0.05 sys=0.00, real=0.03 secs] 
2024-07-05T00:49:15.038+0800: 63.749: [Full GC (Ergonomics) [PSYoungGen: 17552K->0K(196096K)] [ParOldGen: 88590K->49197K(110592K)] 106142K->49197K(306688K), [Metaspace: 11975K->11975K(1060864K)], 0.1604514 secs] [Times: user=0.31 sys=0.00, real=0.16 secs] 
2024-07-05T00:49:15.612+0800: 64.322: [GC (Allocation Failure) [PSYoungGen: 159744K->35328K(195584K)] 208941K->84533K(306176K), 0.0420630 secs] [Times: user=0.08 sys=0.00, real=0.05 secs] 
2024-07-05T00:49:16.154+0800: 64.865: [GC (Allocation Failure) [PSYoungGen: 195072K->16320K(198144K)] 244277K->65533K(308736K), 0.0293781 secs] [Times: user=0.05 sys=0.00, real=0.02 secs] 
2024-07-05T00:49:16.637+0800: 65.348: [GC (Allocation Failure) [PSYoungGen: 172480K->21376K(177664K)] 221693K->74149K(288256K), 0.0325934 secs] [Times: user=0.06 sys=0.00, real=0.03 secs] 
2024-07-05T00:49:17.078+0800: 65.789: [GC (Allocation Failure) [PSYoungGen: 177536K->31728K(193024K)] 230309K->84509K(303616K), 0.0324427 secs] [Times: user=0.06 sys=0.00, real=0.03 secs] 
2024-07-05T00:49:17.634+0800: 66.345: [GC (Allocation Failure) [PSYoungGen: 185840K->18496K(195072K)] 238621K->71285K(305664K), 0.0194668 secs] [Times: user=0.03 sys=0.00, real=0.01 secs] 
2024-07-05T00:49:18.098+0800: 66.809: [GC (Allocation Failure) [PSYoungGen: 172608K->22000K(193536K)] 225397K->74797K(304128K), 0.0275717 secs] [Times: user=0.04 sys=0.00, real=0.02 secs] 
2024-07-05T00:49:18.468+0800: 67.179: [GC (Allocation Failure) [PSYoungGen: 179696K->25008K(196096K)] 232493K->77813K(306688K), 0.0235971 secs] [Times: user=0.05 sys=0.00, real=0.02 secs] 
2024-07-05T00:49:18.925+0800: 67.636: [GC (Allocation Failure) [PSYoungGen: 182704K->27120K(199680K)] 235509K->79933K(310272K), 0.0279665 secs] [Times: user=0.05 sys=0.00, real=0.03 secs] 
2024-07-05T00:49:19.287+0800: 67.997: [GC (Allocation Failure) [PSYoungGen: 188912K->18704K(180736K)] 241725K->71525K(291328K), 0.0187004 secs] [Times: user=0.03 sys=0.00, real=0.01 secs] 
2024-07-05T00:49:19.797+0800: 68.507: [GC (Allocation Failure) [PSYoungGen: 180496K->7664K(198656K)] 233317K->60493K(309248K), 0.0100678 secs] [Times: user=0.02 sys=0.00, real=0.01 secs] 
2024-07-05T00:49:20.172+0800: 68.883: [GC (Allocation Failure) [PSYoungGen: 168944K->25328K(199680K)] 221773K->78157K(310272K), 0.0316019 secs] [Times: user=0.07 sys=0.00, real=0.03 secs] 
2024-07-05T00:49:20.598+0800: 69.308: [GC (Allocation Failure) [PSYoungGen: 186608K->26703K(199168K)] 239437K->79540K(309760K), 0.0271331 secs] [Times: user=0.06 sys=0.00, real=0.02 secs] 
2024-07-05T00:49:21.077+0800: 69.788: [GC (Allocation Failure) [PSYoungGen: 187471K->19264K(180224K)] 240308K->72110K(290816K), 0.0183244 secs] [Times: user=0.04 sys=0.00, real=0.02 secs] 
2024-07-05T00:49:21.430+0800: 70.141: [GC (Allocation Failure) [PSYoungGen: 180032K->25408K(198656K)] 232878K->78253K(309248K), 0.0265947 secs] [Times: user=0.05 sys=0.00, real=0.03 secs] 
2024-07-05T00:49:21.790+0800: 70.500: [GC (Allocation Failure) [PSYoungGen: 186688K->17015K(198656K)] 239533K->69868K(309248K), 0.0208306 secs] [Times: user=0.04 sys=0.00, real=0.02 secs] 
2024-07-05T00:49:22.187+0800: 70.898: [GC (Allocation Failure) [PSYoungGen: 178295K->28240K(198656K)] 231148K->81101K(309248K), 0.0325281 secs] [Times: user=0.07 sys=0.00, real=0.03 secs] 
2024-07-05T00:49:22.601+0800: 71.312: [GC (Allocation Failure) [PSYoungGen: 190544K->22864K(200192K)] 243405K->75733K(310784K), 0.0331674 secs] [Times: user=0.07 sys=0.00, real=0.04 secs] 
2024-07-05T00:49:23.000+0800: 71.711: [GC (Allocation Failure) [PSYoungGen: 185168K->22857K(198656K)] 238037K->75735K(309248K), 0.0215722 secs] [Times: user=0.04 sys=0.00, real=0.02 secs] 
2024-07-05T00:49:23.410+0800: 72.121: [GC (Allocation Failure) [PSYoungGen: 187209K->26480K(199680K)] 240087K->79365K(310272K), 0.0512134 secs] [Times: user=0.09 sys=0.01, real=0.05 secs] 
2024-07-05T00:49:23.854+0800: 72.565: [GC (Allocation Failure) [PSYoungGen: 190832K->20912K(201728K)] 243717K->73805K(312320K), 0.0214321 secs] [Times: user=0.04 sys=0.00, real=0.02 secs] 
2024-07-05T00:49:24.158+0800: 72.868: [GC (Allocation Failure) [PSYoungGen: 188336K->29344K(202240K)] 241229K->82245K(312832K), 0.0561184 secs] [Times: user=0.11 sys=0.00, real=0.06 secs] 
2024-07-05T00:49:24.641+0800: 73.352: [GC (Allocation Failure) [PSYoungGen: 196768K->18474K(203264K)] 249669K->71384K(313856K), 0.0184724 secs] [Times: user=0.03 sys=0.00, real=0.02 secs] 
2024-07-05T00:49:25.084+0800: 73.794: [GC (Allocation Failure) [PSYoungGen: 185898K->9872K(177664K)] 238808K->63327K(288256K), 0.0128609 secs] [Times: user=0.03 sys=0.00, real=0.02 secs] 
2024-07-05T00:49:25.441+0800: 74.152: [GC (Allocation Failure) [PSYoungGen: 177296K->25136K(202240K)] 230751K->84121K(312832K), 0.0445777 secs] [Times: user=0.07 sys=0.00, real=0.04 secs] 
2024-07-05T00:49:25.860+0800: 74.571: [GC (Allocation Failure) [PSYoungGen: 191024K->26839K(193024K)] 250009K->90616K(303616K), 0.0330061 secs] [Times: user=0.06 sys=0.00, real=0.03 secs] 
2024-07-05T00:49:26.257+0800: 74.968: [GC (Allocation Failure) [PSYoungGen: 192727K->12370K(201728K)] 256504K->85195K(312320K), 0.0194902 secs] [Times: user=0.04 sys=0.00, real=0.02 secs] 
2024-07-05T00:49:26.610+0800: 75.321: [GC (Allocation Failure) [PSYoungGen: 177234K->18592K(183808K)] 250059K->96658K(294400K), 0.0504515 secs] [Times: user=0.10 sys=0.00, real=0.05 secs] 
2024-07-05T00:49:27.001+0800: 75.712: [GC (Allocation Failure) [PSYoungGen: 183456K->32928K(196608K)] 261522K->117267K(307200K), 0.0452285 secs] [Times: user=0.08 sys=0.00, real=0.05 secs] 
2024-07-05T00:49:27.423+0800: 76.134: [GC (Allocation Failure) [PSYoungGen: 193696K->12448K(199680K)] 278035K->98155K(310272K), 0.0165724 secs] [Times: user=0.04 sys=0.00, real=0.02 secs] 
2024-07-05T00:49:27.816+0800: 76.527: [GC (Allocation Failure) [PSYoungGen: 173216K->16576K(197632K)] 258923K->104571K(308224K), 0.0213579 secs] [Times: user=0.04 sys=0.00, real=0.02 secs] 
2024-07-05T00:49:28.106+0800: 76.817: [GC (Allocation Failure) [PSYoungGen: 177344K->27872K(198656K)] 265339K->125735K(309248K), 0.0450559 secs] [Times: user=0.08 sys=0.01, real=0.04 secs] 
2024-07-05T00:49:28.484+0800: 77.195: [GC (Allocation Failure) [PSYoungGen: 188640K->17904K(199680K)] 286503K->124223K(310272K), 0.0303149 secs] [Times: user=0.04 sys=0.01, real=0.04 secs] 
2024-07-05T00:49:28.515+0800: 77.225: [Full GC (Ergonomics) [PSYoungGen: 17904K->0K(199680K)] [ParOldGen: 106319K->52860K(117248K)] 124223K->52860K(316928K), [Metaspace: 12053K->12053K(1060864K)], 0.1698787 secs] [Times: user=0.32 sys=0.00, real=0.16 secs] 
2024-07-05T00:49:28.970+0800: 77.681: [GC (Allocation Failure) [PSYoungGen: 161792K->27696K(199680K)] 214652K->80556K(316928K), 0.0337931 secs] [Times: user=0.07 sys=0.00, real=0.03 secs] 
2024-07-05T00:49:29.359+0800: 78.069: [GC (Allocation Failure) [PSYoungGen: 189488K->18624K(199168K)] 242348K->79161K(316416K), 0.0301962 secs] [Times: user=0.06 sys=0.00, real=0.03 secs] 
2024-07-05T00:49:29.748+0800: 78.459: [GC (Allocation Failure) [PSYoungGen: 180928K->21072K(199680K)] 241465K->89834K(316928K), 0.0343704 secs] [Times: user=0.06 sys=0.00, real=0.03 secs] 
2024-07-05T00:49:30.122+0800: 78.833: [GC (Allocation Failure) [PSYoungGen: 183376K->23657K(200704K)] 252138K->98964K(317952K), 0.0319699 secs] [Times: user=0.06 sys=0.00, real=0.04 secs] 
2024-07-05T00:49:30.482+0800: 79.193: [GC (Allocation Failure) [PSYoungGen: 188521K->22608K(200192K)] 263828K->102211K(317440K), 0.0371122 secs] [Times: user=0.08 sys=0.00, real=0.04 secs] 
2024-07-05T00:49:30.840+0800: 79.551: [GC (Allocation Failure) [PSYoungGen: 187472K->18258K(202240K)] 267075K->103121K(319488K), 0.0255627 secs] [Times: user=0.05 sys=0.00, real=0.03 secs] 
2024-07-05T00:49:31.151+0800: 79.862: [GC (Allocation Failure) [PSYoungGen: 186194K->28272K(201728K)] 271057K->115872K(318976K), 0.0319276 secs] [Times: user=0.06 sys=0.00, real=0.03 secs] 
2024-07-05T00:49:31.453+0800: 80.164: [GC (Allocation Failure) [PSYoungGen: 196208K->22368K(203776K)] 283808K->114632K(321024K), 0.0245120 secs] [Times: user=0.05 sys=0.00, real=0.03 secs] 
2024-07-05T00:49:31.828+0800: 80.538: [GC (Allocation Failure) [PSYoungGen: 192352K->9632K(203776K)] 284616K->105060K(321024K), 0.0154989 secs] [Times: user=0.03 sys=0.00, real=0.01 secs] 
2024-07-05T00:49:32.113+0800: 80.824: [GC (Allocation Failure) [PSYoungGen: 179616K->24832K(203776K)] 275044K->129696K(321024K), 0.0386721 secs] [Times: user=0.08 sys=0.00, real=0.04 secs] 
2024-07-05T00:49:32.377+0800: 81.088: [GC (Allocation Failure) [PSYoungGen: 193792K->33376K(202752K)] 298656K->138328K(320000K), 0.0323905 secs] [Times: user=0.07 sys=0.00, real=0.03 secs] 
2024-07-05T00:49:32.716+0800: 81.426: [GC (Allocation Failure) [PSYoungGen: 202336K->12175K(197632K)] 307288K->117135K(314880K), 0.0115763 secs] [Times: user=0.02 sys=0.00, real=0.01 secs] 
2024-07-05T00:49:32.990+0800: 81.700: [GC (Allocation Failure) [PSYoungGen: 173967K->16496K(200192K)] 278927K->125848K(317440K), 0.0249406 secs] [Times: user=0.04 sys=0.00, real=0.03 secs] 
2024-07-05T00:49:33.015+0800: 81.725: [Full GC (Ergonomics) [PSYoungGen: 16496K->0K(200192K)] [ParOldGen: 109352K->48453K(117248K)] 125848K->48453K(317440K), [Metaspace: 12060K->12060K(1060864K)], 0.1512248 secs] [Times: user=0.28 sys=0.01, real=0.15 secs] 
2024-07-05T00:49:33.411+0800: 82.122: [GC (Allocation Failure) [PSYoungGen: 161792K->33312K(195072K)] 210245K->81765K(312320K), 0.0381664 secs] [Times: user=0.06 sys=0.00, real=0.04 secs] 
2024-07-05T00:49:33.715+0800: 82.426: [GC (Allocation Failure) [PSYoungGen: 191008K->18240K(198144K)] 239461K->75067K(315392K), 0.0275764 secs] [Times: user=0.06 sys=0.00, real=0.02 secs] 
2024-07-05T00:49:34.019+0800: 82.730: [GC (Allocation Failure) [PSYoungGen: 175936K->13680K(196096K)] 232763K->77147K(313344K), 0.0222353 secs] [Times: user=0.04 sys=0.00, real=0.02 secs] 
2024-07-05T00:49:34.252+0800: 82.963: [GC (Allocation Failure) [PSYoungGen: 172400K->26704K(197632K)] 235867K->92155K(314880K), 0.0284779 secs] [Times: user=0.06 sys=0.00, real=0.03 secs] 
2024-07-05T00:49:34.538+0800: 83.248: [GC (Allocation Failure) [PSYoungGen: 185424K->18496K(197120K)] 250875K->90416K(314368K), 0.0266560 secs] [Times: user=0.06 sys=0.00, real=0.02 secs] 
2024-07-05T00:49:34.840+0800: 83.550: [GC (Allocation Failure) [PSYoungGen: 178752K->21574K(198144K)] 250672K->97298K(315392K), 0.0266253 secs] [Times: user=0.05 sys=0.00, real=0.03 secs] 
2024-07-05T00:49:35.143+0800: 83.853: [GC (Allocation Failure) [PSYoungGen: 181830K->15692K(200192K)] 257554K->94265K(317440K), 0.0364298 secs] [Times: user=0.07 sys=0.00, real=0.04 secs] 
2024-07-05T00:49:35.458+0800: 84.169: [GC (Allocation Failure) [PSYoungGen: 180044K->20464K(200192K)] 258617K->106258K(317440K), 0.0312717 secs] [Times: user=0.06 sys=0.00, real=0.03 secs] 
2024-07-05T00:49:35.710+0800: 84.421: [GC (Allocation Failure) [PSYoungGen: 184816K->28576K(199680K)] 270610K->120023K(316928K), 0.0362677 secs] [Times: user=0.06 sys=0.00, real=0.04 secs] 
2024-07-05T00:49:36.085+0800: 84.796: [GC (Allocation Failure) [PSYoungGen: 193952K->20880K(201216K)] 285399K->117818K(318464K), 0.0468742 secs] [Times: user=0.09 sys=0.00, real=0.05 secs] 
2024-07-05T00:49:36.422+0800: 85.132: [GC (Allocation Failure) [PSYoungGen: 186256K->19349K(200192K)] 283194K->120767K(317440K), 0.0262300 secs] [Times: user=0.05 sys=0.00, real=0.03 secs] 
2024-07-05T00:49:36.718+0800: 85.428: [GC (Allocation Failure) [PSYoungGen: 187285K->22048K(201728K)] 288703K->125701K(318976K), 0.0244613 secs] [Times: user=0.04 sys=0.00, real=0.02 secs] 
2024-07-05T00:49:37.050+0800: 85.760: [GC (Allocation Failure) [PSYoungGen: 189984K->18160K(203264K)] 293637K->129867K(320512K), 0.0289844 secs] [Times: user=0.05 sys=0.01, real=0.03 secs] 
2024-07-05T00:49:37.079+0800: 85.789: [Full GC (Ergonomics) [PSYoungGen: 18160K->0K(203264K)] [ParOldGen: 111707K->47990K(121856K)] 129867K->47990K(325120K), [Metaspace: 12112K->12112K(1060864K)], 0.1351683 secs] [Times: user=0.25 sys=0.00, real=0.14 secs] 
2024-07-05T00:49:37.501+0800: 86.211: [GC (Allocation Failure) [PSYoungGen: 172032K->32240K(204288K)] 220022K->80926K(326144K), 0.0368692 secs] [Times: user=0.07 sys=0.00, real=0.04 secs] 
2024-07-05T00:49:37.790+0800: 86.500: [GC (Allocation Failure) [PSYoungGen: 204272K->18749K(203264K)] 252958K->76745K(325120K), 0.0320614 secs] [Times: user=0.07 sys=0.00, real=0.03 secs] 
2024-07-05T00:49:38.066+0800: 86.776: [GC (Allocation Failure) [PSYoungGen: 187709K->20736K(189952K)] 245705K->80889K(311808K), 0.0218438 secs] [Times: user=0.04 sys=0.00, real=0.02 secs] 
2024-07-05T00:49:38.335+0800: 87.046: [GC (Allocation Failure) [PSYoungGen: 189696K->22896K(203776K)] 249849K->90106K(325632K), 0.0315546 secs] [Times: user=0.06 sys=0.00, real=0.03 secs] 
2024-07-05T00:49:38.653+0800: 87.364: [GC (Allocation Failure) [PSYoungGen: 192880K->13842K(203264K)] 260090K->87244K(325120K), 0.0224996 secs] [Times: user=0.05 sys=0.00, real=0.03 secs] 
2024-07-05T00:49:38.901+0800: 87.612: [GC (Allocation Failure) [PSYoungGen: 183826K->25536K(204288K)] 257228K->100156K(326144K), 0.0268797 secs] [Times: user=0.05 sys=0.00, real=0.03 secs] 
2024-07-05T00:49:39.163+0800: 87.874: [GC (Allocation Failure) [PSYoungGen: 196544K->31152K(202240K)] 271164K->110228K(324096K), 0.0387713 secs] [Times: user=0.08 sys=0.00, real=0.04 secs] 
2024-07-05T00:49:39.471+0800: 88.182: [GC (Allocation Failure) [PSYoungGen: 202160K->8015K(200192K)] 281236K->87948K(322048K), 0.0091462 secs] [Times: user=0.01 sys=0.00, real=0.01 secs] 
2024-07-05T00:49:39.702+0800: 88.413: [GC (Allocation Failure) [PSYoungGen: 171855K->20432K(184320K)] 251788K->102365K(306176K), 0.0275434 secs] [Times: user=0.06 sys=0.00, real=0.03 secs] 
2024-07-05T00:49:39.944+0800: 88.655: [GC (Allocation Failure) [PSYoungGen: 184272K->33024K(196608K)] 266205K->124433K(318464K), 0.0445263 secs] [Times: user=0.09 sys=0.00, real=0.05 secs] 
2024-07-05T00:49:40.246+0800: 88.956: [GC (Allocation Failure) [PSYoungGen: 193792K->13008K(199680K)] 285201K->105905K(321536K), 0.0132645 secs] [Times: user=0.03 sys=0.00, real=0.02 secs] 
2024-07-05T00:49:40.502+0800: 89.212: [GC (Allocation Failure) [PSYoungGen: 173776K->15936K(197632K)] 266673K->113477K(319488K), 0.0244696 secs] [Times: user=0.04 sys=0.00, real=0.03 secs] 
2024-07-05T00:49:40.716+0800: 89.426: [GC (Allocation Failure) [PSYoungGen: 176704K->31488K(198656K)] 274245K->138741K(320512K), 0.0459079 secs] [Times: user=0.09 sys=0.01, real=0.04 secs] 
2024-07-05T00:49:40.989+0800: 89.699: [GC (Allocation Failure) [PSYoungGen: 192256K->17848K(199680K)] 299509K->126578K(321536K), 0.0181452 secs] [Times: user=0.03 sys=0.00, real=0.02 secs] 
2024-07-05T00:49:41.282+0800: 89.993: [GC (Allocation Failure) [PSYoungGen: 177592K->12576K(198656K)] 286322K->127481K(320512K), 0.0240167 secs] [Times: user=0.04 sys=0.00, real=0.03 secs] 
2024-07-05T00:49:41.306+0800: 90.017: [Full GC (Ergonomics) [PSYoungGen: 12576K->0K(198656K)] [ParOldGen: 114905K->46358K(126464K)] 127481K->46358K(325120K), [Metaspace: 12117K->12117K(1060864K)], 0.1392195 secs] [Times: user=0.26 sys=0.00, real=0.13 secs] 
2024-07-05T00:49:41.626+0800: 90.337: [GC (Allocation Failure) [PSYoungGen: 159744K->30176K(196608K)] 206102K->76535K(323072K), 0.0332427 secs] [Times: user=0.07 sys=0.00, real=0.03 secs] 
2024-07-05T00:49:41.874+0800: 90.584: [GC (Allocation Failure) [PSYoungGen: 187872K->19712K(198144K)] 234231K->67703K(324608K), 0.0198718 secs] [Times: user=0.04 sys=0.00, real=0.02 secs] 
2024-07-05T00:49:42.174+0800: 90.884: [GC (Allocation Failure) [PSYoungGen: 177408K->10752K(198144K)] 225399K->64605K(324608K), 0.0189574 secs] [Times: user=0.04 sys=0.00, real=0.01 secs] 
2024-07-05T00:49:42.373+0800: 91.084: [GC (Allocation Failure) [PSYoungGen: 169984K->28896K(198144K)] 223837K->92673K(324608K), 0.0422932 secs] [Times: user=0.08 sys=0.00, real=0.05 secs] 
2024-07-05T00:49:42.626+0800: 91.336: [GC (Allocation Failure) [PSYoungGen: 188128K->21213K(197120K)] 251905K->86143K(323584K), 0.0219330 secs] [Times: user=0.04 sys=0.00, real=0.02 secs] 
2024-07-05T00:49:42.882+0800: 91.593: [GC (Allocation Failure) [PSYoungGen: 180445K->10208K(197632K)] 245375K->76323K(324096K), 0.0137236 secs] [Times: user=0.03 sys=0.00, real=0.02 secs] 
2024-07-05T00:49:43.079+0800: 91.789: [GC (Allocation Failure) [PSYoungGen: 169440K->26592K(198144K)] 235555K->98441K(324608K), 0.0342277 secs] [Times: user=0.06 sys=0.01, real=0.03 secs] 
2024-07-05T00:49:43.323+0800: 92.033: [GC (Allocation Failure) [PSYoungGen: 186336K->26496K(199168K)] 258185K->103250K(325632K), 0.0313683 secs] [Times: user=0.06 sys=0.00, real=0.04 secs] 
2024-07-05T00:49:43.604+0800: 92.315: [GC (Allocation Failure) [PSYoungGen: 186240K->10776K(199168K)] 262994K->91182K(325632K), 0.0156595 secs] [Times: user=0.03 sys=0.00, real=0.02 secs] 
2024-07-05T00:49:43.809+0800: 92.520: [GC (Allocation Failure) [PSYoungGen: 170520K->25536K(199168K)] 250926K->112427K(325632K), 0.0355517 secs] [Times: user=0.07 sys=0.00, real=0.03 secs] 
2024-07-05T00:49:44.033+0800: 92.744: [GC (Allocation Failure) [PSYoungGen: 185280K->26560K(198144K)] 272171K->118783K(324608K), 0.0313772 secs] [Times: user=0.06 sys=0.00, real=0.03 secs] 
2024-07-05T00:49:44.302+0800: 93.012: [GC (Allocation Failure) [PSYoungGen: 185280K->11861K(198656K)] 277503K->107831K(325120K), 0.0232626 secs] [Times: user=0.03 sys=0.00, real=0.02 secs] 
2024-07-05T00:49:44.525+0800: 93.236: [GC (Allocation Failure) [PSYoungGen: 170581K->23760K(197632K)] 266551K->127338K(324096K), 0.0347104 secs] [Times: user=0.07 sys=0.00, real=0.04 secs] 
2024-07-05T00:49:44.765+0800: 93.476: [GC (Allocation Failure) [PSYoungGen: 182992K->27071K(198144K)] 286570K->136183K(324608K), 0.0329906 secs] [Times: user=0.07 sys=0.00, real=0.04 secs] 
2024-07-05T00:49:45.031+0800: 93.741: [GC (Allocation Failure) [PSYoungGen: 186303K->13883K(199168K)] 295415K->127202K(325632K), 0.0200744 secs] [Times: user=0.03 sys=0.00, real=0.02 secs] 
2024-07-05T00:49:45.261+0800: 93.972: [GC (Allocation Failure) [PSYoungGen: 174139K->22000K(182272K)] 287458K->143970K(308736K), 0.0373152 secs] [Times: user=0.06 sys=0.01, real=0.04 secs] 
2024-07-05T00:49:45.299+0800: 94.009: [Full GC (Ergonomics) [PSYoungGen: 22000K->0K(182272K)] [ParOldGen: 121970K->51971K(135168K)] 143970K->51971K(317440K), [Metaspace: 12142K->12142K(1060864K)], 0.1741929 secs] [Times: user=0.34 sys=0.00, real=0.17 secs] 
2024-07-05T00:49:45.666+0800: 94.377: [GC (Allocation Failure) [PSYoungGen: 160256K->37312K(192512K)] 212227K->89283K(327680K), 0.0428104 secs] [Times: user=0.08 sys=0.00, real=0.04 secs] 
2024-07-05T00:49:45.965+0800: 94.676: [GC (Allocation Failure) [PSYoungGen: 191936K->5429K(160256K)] 243907K->62161K(295424K), 0.0133510 secs] [Times: user=0.03 sys=0.00, real=0.02 secs] 
2024-07-05T00:49:46.195+0800: 94.906: [GC (Allocation Failure) [PSYoungGen: 160053K->21152K(197632K)] 216785K->80347K(332800K), 0.0241702 secs] [Times: user=0.05 sys=0.00, real=0.02 secs] 
2024-07-05T00:49:46.386+0800: 95.096: [GC (Allocation Failure) [PSYoungGen: 175776K->32144K(186880K)] 234971K->100513K(322048K), 0.0425534 secs] [Times: user=0.07 sys=0.00, real=0.05 secs] 
2024-07-05T00:49:46.685+0800: 95.396: [GC (Allocation Failure) [PSYoungGen: 186768K->3174K(193024K)] 255137K->73407K(328192K), 0.0056513 secs] [Times: user=0.01 sys=0.00, real=0.01 secs] 
2024-07-05T00:49:46.864+0800: 95.575: [GC (Allocation Failure) [PSYoungGen: 152678K->23904K(194048K)] 222911K->95476K(329216K), 0.0254513 secs] [Times: user=0.05 sys=0.00, real=0.03 secs] 
2024-07-05T00:49:47.060+0800: 95.771: [GC (Allocation Failure) [PSYoungGen: 173408K->26122K(193024K)] 244980K->106559K(328192K), 0.0352415 secs] [Times: user=0.06 sys=0.00, real=0.04 secs] 
2024-07-05T00:49:47.344+0800: 96.054: [GC (Allocation Failure) [PSYoungGen: 176650K->9824K(193536K)] 257087K->97613K(328704K), 0.0209371 secs] [Times: user=0.04 sys=0.00, real=0.02 secs] 
2024-07-05T00:49:47.529+0800: 96.240: [GC (Allocation Failure) [PSYoungGen: 160352K->29632K(193536K)] 248141K->126841K(328704K), 0.0418236 secs] [Times: user=0.09 sys=0.00, real=0.04 secs] 
2024-07-05T00:49:47.768+0800: 96.478: [GC (Allocation Failure) [PSYoungGen: 180160K->17494K(168448K)] 277369K->115544K(303616K), 0.0169179 secs] [Times: user=0.03 sys=0.00, real=0.01 secs] 
2024-07-05T00:49:48.018+0800: 96.729: [GC (Allocation Failure) [PSYoungGen: 168022K->13952K(195072K)] 266072K->117916K(330240K), 0.0234178 secs] [Times: user=0.04 sys=0.00, real=0.02 secs] 
2024-07-05T00:49:48.206+0800: 96.916: [GC (Allocation Failure) [PSYoungGen: 166528K->32720K(194048K)] 270492K->147204K(329216K), 0.0482750 secs] [Times: user=0.08 sys=0.01, real=0.05 secs] 
2024-07-05T00:49:48.528+0800: 97.238: [GC (Allocation Failure) [PSYoungGen: 185296K->18976K(195072K)] 299780K->142753K(330240K), 0.0314243 secs] [Times: user=0.06 sys=0.00, real=0.03 secs] 
2024-07-05T00:49:48.559+0800: 97.270: [Full GC (Ergonomics) [PSYoungGen: 18976K->0K(195072K)] [ParOldGen: 123777K->54011K(144896K)] 142753K->54011K(339968K), [Metaspace: 12144K->12144K(1060864K)], 0.1675557 secs] [Times: user=0.32 sys=0.00, real=0.17 secs] 
2024-07-05T00:49:49.007+0800: 97.718: [GC (Allocation Failure) [PSYoungGen: 152576K->20080K(194560K)] 206587K->74091K(339456K), 0.0282165 secs] [Times: user=0.05 sys=0.00, real=0.03 secs] 
2024-07-05T00:49:49.231+0800: 97.942: [GC (Allocation Failure) [PSYoungGen: 172656K->21083K(194560K)] 226667K->81104K(339456K), 0.0310115 secs] [Times: user=0.06 sys=0.00, real=0.03 secs] 
2024-07-05T00:49:49.462+0800: 98.172: [GC (Allocation Failure) [PSYoungGen: 177243K->24160K(194560K)] 237264K->92745K(339456K), 0.0346660 secs] [Times: user=0.07 sys=0.00, real=0.04 secs] 
2024-07-05T00:49:49.712+0800: 98.423: [GC (Allocation Failure) [PSYoungGen: 180320K->16560K(198656K)] 248905K->96287K(343552K), 0.0314103 secs] [Times: user=0.06 sys=0.00, real=0.03 secs] 
2024-07-05T00:49:49.940+0800: 98.650: [GC (Allocation Failure) [PSYoungGen: 178864K->22969K(199168K)] 258591K->105400K(344064K), 0.0259576 secs] [Times: user=0.05 sys=0.00, real=0.03 secs] 
2024-07-05T00:49:50.190+0800: 98.901: [GC (Allocation Failure) [PSYoungGen: 185273K->22080K(199680K)] 267704K->108467K(344576K), 0.0268725 secs] [Times: user=0.05 sys=0.00, real=0.03 secs] 
2024-07-05T00:49:50.441+0800: 99.152: [GC (Allocation Failure) [PSYoungGen: 187456K->16792K(200704K)] 273843K->108700K(345600K), 0.0250993 secs] [Times: user=0.05 sys=0.00, real=0.03 secs] 
2024-07-05T00:49:50.666+0800: 99.376: [GC (Allocation Failure) [PSYoungGen: 182168K->28192K(201216K)] 274076K->122030K(346112K), 0.0334636 secs] [Times: user=0.06 sys=0.00, real=0.03 secs] 
2024-07-05T00:49:50.951+0800: 99.662: [GC (Allocation Failure) [PSYoungGen: 195104K->16736K(202752K)] 288942K->119292K(347648K), 0.0310420 secs] [Times: user=0.06 sys=0.00, real=0.03 secs] 
2024-07-05T00:49:51.196+0800: 99.906: [GC (Allocation Failure) [PSYoungGen: 183648K->23648K(201216K)] 286204K->128408K(346112K), 0.0251126 secs] [Times: user=0.05 sys=0.00, real=0.02 secs] 
2024-07-05T00:49:51.458+0800: 100.169: [GC (Allocation Failure) [PSYoungGen: 191072K->21520K(202240K)] 295832K->129210K(347136K), 0.0250408 secs] [Times: user=0.05 sys=0.00, real=0.02 secs] 
2024-07-05T00:49:51.705+0800: 100.415: [GC (Allocation Failure) [PSYoungGen: 188944K->19376K(201728K)] 296634K->132526K(346624K), 0.0268350 secs] [Times: user=0.06 sys=0.00, real=0.03 secs] 
2024-07-05T00:49:51.953+0800: 100.663: [GC (Allocation Failure) [PSYoungGen: 189360K->25152K(202752K)] 302510K->140834K(347648K), 0.0284409 secs] [Times: user=0.05 sys=0.00, real=0.03 secs] 
2024-07-05T00:49:52.209+0800: 100.919: [GC (Allocation Failure) [PSYoungGen: 195136K->21878K(204288K)] 310818K->142432K(349184K), 0.0274187 secs] [Times: user=0.05 sys=0.00, real=0.03 secs] 
2024-07-05T00:49:52.471+0800: 101.182: [GC (Allocation Failure) [PSYoungGen: 194422K->20864K(204800K)] 314976K->144226K(349696K), 0.0247643 secs] [Times: user=0.04 sys=0.00, real=0.03 secs] 
2024-07-05T00:49:52.741+0800: 101.452: [GC (Allocation Failure) [PSYoungGen: 193408K->16944K(205824K)] 316770K->148364K(350720K), 0.0308356 secs] [Times: user=0.05 sys=0.00, real=0.03 secs] 
2024-07-05T00:49:52.980+0800: 101.691: [GC (Allocation Failure) [PSYoungGen: 191536K->28512K(205824K)] 322956K->165164K(350720K), 0.0379919 secs] [Times: user=0.07 sys=0.01, real=0.04 secs] 
2024-07-05T00:49:53.018+0800: 101.729: [Full GC (Ergonomics) [PSYoungGen: 28512K->0K(205824K)] [ParOldGen: 136652K->55653K(147968K)] 165164K->55653K(353792K), [Metaspace: 12144K->12144K(1060864K)], 0.1759722 secs] [Times: user=0.33 sys=0.00, real=0.18 secs] 
2024-07-05T00:49:53.418+0800: 102.128: [GC (Allocation Failure) [PSYoungGen: 174592K->31714K(200704K)] 230245K->87368K(348672K), 0.0374361 secs] [Times: user=0.07 sys=0.00, real=0.04 secs] 
2024-07-05T00:49:53.705+0800: 102.416: [GC (Allocation Failure) [PSYoungGen: 199650K->12758K(180736K)] 255304K->77790K(328704K), 0.0286518 secs] [Times: user=0.06 sys=0.00, real=0.04 secs] 
2024-07-05T00:49:53.950+0800: 102.661: [GC (Allocation Failure) [PSYoungGen: 180694K->21616K(204288K)] 245726K->93844K(352256K), 0.0324784 secs] [Times: user=0.06 sys=0.00, real=0.03 secs] 
2024-07-05T00:49:54.175+0800: 102.886: [GC (Allocation Failure) [PSYoungGen: 190064K->33888K(202752K)] 262292K->111396K(350720K), 0.0391946 secs] [Times: user=0.07 sys=0.01, real=0.04 secs] 
2024-07-05T00:49:54.450+0800: 103.160: [GC (Allocation Failure) [PSYoungGen: 202336K->14361K(198656K)] 279844K->92681K(346624K), 0.0146856 secs] [Times: user=0.02 sys=0.00, real=0.01 secs] 
2024-07-05T00:49:54.716+0800: 103.426: [GC (Allocation Failure) [PSYoungGen: 177177K->14480K(200704K)] 255497K->97722K(348672K), 0.0244041 secs] [Times: user=0.04 sys=0.00, real=0.02 secs] 
2024-07-05T00:49:54.930+0800: 103.641: [GC (Allocation Failure) [PSYoungGen: 177296K->30352K(197120K)] 260538K->123098K(345088K), 0.0438957 secs] [Times: user=0.09 sys=0.00, real=0.05 secs] 
2024-07-05T00:49:55.271+0800: 103.982: [GC (Allocation Failure) [PSYoungGen: 190096K->20909K(199168K)] 282842K->115015K(347136K), 0.0242906 secs] [Times: user=0.05 sys=0.00, real=0.03 secs] 
2024-07-05T00:49:55.576+0800: 104.287: [GC (Allocation Failure) [PSYoungGen: 180653K->9712K(199168K)] 274759K->104932K(347136K), 0.0137880 secs] [Times: user=0.03 sys=0.00, real=0.01 secs] 
2024-07-05T00:49:55.777+0800: 104.488: [GC (Allocation Failure) [PSYoungGen: 170992K->27600K(199680K)] 266212K->128034K(347648K), 0.0353255 secs] [Times: user=0.07 sys=0.00, real=0.03 secs] 
2024-07-05T00:49:56.015+0800: 104.726: [GC (Allocation Failure) [PSYoungGen: 188880K->25451K(199680K)] 289314K->130941K(347648K), 0.0295945 secs] [Times: user=0.06 sys=0.01, real=0.02 secs] 
2024-07-05T00:49:56.294+0800: 105.004: [GC (Allocation Failure) [PSYoungGen: 186219K->8094K(168960K)] 291709K->116730K(316928K), 0.0153850 secs] [Times: user=0.02 sys=0.00, real=0.01 secs] 
2024-07-05T00:49:56.494+0800: 105.205: [GC (Allocation Failure) [PSYoungGen: 168862K->25344K(199168K)] 277498K->139989K(347136K), 0.0342621 secs] [Times: user=0.06 sys=0.00, real=0.03 secs] 
2024-07-05T00:49:56.759+0800: 105.470: [GC (Allocation Failure) [PSYoungGen: 185088K->26558K(199168K)] 299733K->146111K(347136K), 0.0368973 secs] [Times: user=0.07 sys=0.00, real=0.04 secs] 
2024-07-05T00:49:57.074+0800: 105.785: [GC (Allocation Failure) [PSYoungGen: 186302K->13344K(199168K)] 305855K->136805K(347136K), 0.0180172 secs] [Times: user=0.04 sys=0.00, real=0.01 secs] 
2024-07-05T00:49:57.295+0800: 106.006: [GC (Allocation Failure) [PSYoungGen: 173088K->23232K(183296K)] 296549K->154660K(331264K), 0.0349636 secs] [Times: user=0.07 sys=0.00, real=0.03 secs] 
2024-07-05T00:49:57.510+0800: 106.221: [GC (Allocation Failure) [PSYoungGen: 182976K->28208K(197120K)] 314404K->165380K(345088K), 0.0342998 secs] [Times: user=0.06 sys=0.00, real=0.03 secs] 
2024-07-05T00:49:57.781+0800: 106.492: [GC (Allocation Failure) [PSYoungGen: 186928K->12768K(198144K)] 324100K->153869K(346112K), 0.0198451 secs] [Times: user=0.04 sys=0.00, real=0.02 secs] 
2024-07-05T00:49:57.801+0800: 106.512: [Full GC (Ergonomics) [PSYoungGen: 12768K->0K(198144K)] [ParOldGen: 141100K->43095K(138752K)] 153869K->43095K(336896K), [Metaspace: 12154K->12154K(1060864K)], 0.1095404 secs] [Times: user=0.20 sys=0.01, real=0.11 secs] 
2024-07-05T00:49:58.125+0800: 106.836: [GC (Allocation Failure) [PSYoungGen: 158720K->25584K(198656K)] 201815K->68679K(337408K), 0.0328457 secs] [Times: user=0.06 sys=0.00, real=0.04 secs] 
2024-07-05T00:49:58.344+0800: 107.055: [GC (Allocation Failure) [PSYoungGen: 185840K->26720K(199168K)] 228935K->79871K(337920K), 0.0404114 secs] [Times: user=0.08 sys=0.00, real=0.04 secs] 
2024-07-05T00:49:58.634+0800: 107.344: [GC (Allocation Failure) [PSYoungGen: 186976K->22832K(197120K)] 240127K->82230K(335872K), 0.0305150 secs] [Times: user=0.06 sys=0.00, real=0.02 secs] 
2024-07-05T00:49:58.956+0800: 107.667: [GC (Allocation Failure) [PSYoungGen: 183088K->18512K(198144K)] 242486K->87951K(336896K), 0.0325745 secs] [Times: user=0.06 sys=0.00, real=0.03 secs] 
2024-07-05T00:49:59.191+0800: 107.902: [GC (Allocation Failure) [PSYoungGen: 178768K->19739K(198656K)] 248207K->93030K(337408K), 0.0254602 secs] [Times: user=0.05 sys=0.00, real=0.03 secs] 
2024-07-05T00:49:59.426+0800: 108.136: [GC (Allocation Failure) [PSYoungGen: 183579K->23552K(199680K)] 256870K->99937K(338432K), 0.0266101 secs] [Times: user=0.06 sys=0.00, real=0.02 secs] 
2024-07-05T00:49:59.670+0800: 108.380: [GC (Allocation Failure) [PSYoungGen: 187392K->19896K(200192K)] 263777K->101481K(338944K), 0.0266018 secs] [Times: user=0.05 sys=0.00, real=0.03 secs] 
2024-07-05T00:49:59.920+0800: 108.631: [GC (Allocation Failure) [PSYoungGen: 187320K->27520K(201728K)] 268905K->112063K(340480K), 0.0312460 secs] [Times: user=0.06 sys=0.00, real=0.03 secs] 
2024-07-05T00:50:00.185+0800: 108.896: [GC (Allocation Failure) [PSYoungGen: 194944K->18272K(203264K)] 279487K->107400K(342016K), 0.0240960 secs] [Times: user=0.05 sys=0.00, real=0.03 secs] 
2024-07-05T00:50:00.442+0800: 109.152: [GC (Allocation Failure) [PSYoungGen: 187232K->16278K(203264K)] 276360K->107068K(342016K), 0.0185536 secs] [Times: user=0.04 sys=0.00, real=0.02 secs] 
2024-07-05T00:50:00.673+0800: 109.384: [GC (Allocation Failure) [PSYoungGen: 185238K->23296K(203264K)] 276028K->120714K(342016K), 0.0317121 secs] [Times: user=0.06 sys=0.00, real=0.03 secs] 
2024-07-05T00:50:00.903+0800: 109.613: [GC (Allocation Failure) [PSYoungGen: 193280K->26528K(203776K)] 290698K->129414K(342528K), 0.0311696 secs] [Times: user=0.06 sys=0.00, real=0.04 secs] 
2024-07-05T00:50:01.173+0800: 109.884: [GC (Allocation Failure) [PSYoungGen: 196512K->21904K(203264K)] 299398K->128891K(342016K), 0.0277002 secs] [Times: user=0.05 sys=0.00, real=0.03 secs] 
2024-07-05T00:50:01.457+0800: 110.168: [GC (Allocation Failure) [PSYoungGen: 192400K->12608K(203776K)] 299387K->125151K(342528K), 0.0244321 secs] [Times: user=0.05 sys=0.00, real=0.02 secs] 
2024-07-05T00:50:01.678+0800: 110.388: [GC (Allocation Failure) [PSYoungGen: 183104K->26752K(203776K)] 295647K->140287K(342528K), 0.0291501 secs] [Times: user=0.06 sys=0.00, real=0.03 secs] 
2024-07-05T00:50:01.934+0800: 110.644: [GC (Allocation Failure) [PSYoungGen: 196736K->25200K(195584K)] 310271K->143293K(334336K), 0.0266536 secs] [Times: user=0.05 sys=0.00, real=0.02 secs] 
2024-07-05T00:50:02.206+0800: 110.916: [GC (Allocation Failure) [PSYoungGen: 195184K->15968K(204288K)] 313277K->137270K(343040K), 0.0207459 secs] [Times: user=0.04 sys=0.00, real=0.02 secs] 
2024-07-05T00:50:02.458+0800: 111.168: [GC (Allocation Failure) [PSYoungGen: 185440K->19728K(189440K)] 306742K->149351K(328192K), 0.0316567 secs] [Times: user=0.07 sys=0.00, real=0.03 secs] 
2024-07-05T00:50:02.489+0800: 111.200: [Full GC (Ergonomics) [PSYoungGen: 19728K->0K(189440K)] [ParOldGen: 129622K->49664K(150528K)] 149351K->49664K(339968K), [Metaspace: 12171K->12171K(1060864K)], 0.1512281 secs] [Times: user=0.28 sys=0.00, real=0.15 secs] 
2024-07-05T00:50:02.832+0800: 111.542: [GC (Allocation Failure) [PSYoungGen: 169472K->33248K(196096K)] 219136K->85582K(346624K), 0.0400251 secs] [Times: user=0.08 sys=0.00, real=0.04 secs] 
2024-07-05T00:50:03.120+0800: 111.830: [GC (Allocation Failure) [PSYoungGen: 196064K->19744K(200704K)] 248398K->90564K(351232K), 0.0467048 secs] [Times: user=0.09 sys=0.00, real=0.05 secs] 
2024-07-05T00:50:03.393+0800: 112.104: [GC (Allocation Failure) [PSYoungGen: 182560K->13256K(199680K)] 253380K->87197K(350208K), 0.0198078 secs] [Times: user=0.04 sys=0.00, real=0.02 secs] 
2024-07-05T00:50:03.597+0800: 112.307: [GC (Allocation Failure) [PSYoungGen: 177096K->27792K(200704K)] 251037K->102954K(351232K), 0.0306885 secs] [Times: user=0.06 sys=0.00, real=0.03 secs] 
2024-07-05T00:50:03.853+0800: 112.564: [GC (Allocation Failure) [PSYoungGen: 191632K->16913K(200704K)] 266794K->96532K(351232K), 0.0224777 secs] [Times: user=0.04 sys=0.00, real=0.03 secs] 
2024-07-05T00:50:04.086+0800: 112.796: [GC (Allocation Failure) [PSYoungGen: 180753K->18779K(200704K)] 260372K->99636K(351232K), 0.0222944 secs] [Times: user=0.04 sys=0.00, real=0.02 secs] 
2024-07-05T00:50:04.317+0800: 113.028: [GC (Allocation Failure) [PSYoungGen: 182619K->24048K(201216K)] 263476K->111986K(351744K), 0.0307339 secs] [Times: user=0.06 sys=0.00, real=0.03 secs] 
2024-07-05T00:50:04.576+0800: 113.287: [GC (Allocation Failure) [PSYoungGen: 189424K->17648K(200704K)] 277362K->111247K(351232K), 0.0267127 secs] [Times: user=0.06 sys=0.00, real=0.02 secs] 
2024-07-05T00:50:04.818+0800: 113.528: [GC (Allocation Failure) [PSYoungGen: 183024K->27200K(201216K)] 276623K->123197K(351744K), 0.0313662 secs] [Times: user=0.06 sys=0.00, real=0.03 secs] 
2024-07-05T00:50:05.082+0800: 113.793: [GC (Allocation Failure) [PSYoungGen: 193600K->22423K(202240K)] 289597K->123017K(352768K), 0.0313126 secs] [Times: user=0.06 sys=0.00, real=0.03 secs] 
2024-07-05T00:50:05.417+0800: 114.128: [GC (Allocation Failure) [PSYoungGen: 188823K->7280K(201728K)] 289417K->109596K(352256K), 0.0120860 secs] [Times: user=0.02 sys=0.00, real=0.01 secs] 
2024-07-05T00:50:05.635+0800: 114.345: [GC (Allocation Failure) [PSYoungGen: 174192K->24624K(202752K)] 276508K->132530K(353280K), 0.0330049 secs] [Times: user=0.07 sys=0.00, real=0.03 secs] 
2024-07-05T00:50:05.862+0800: 114.572: [GC (Allocation Failure) [PSYoungGen: 191536K->27584K(200704K)] 299442K->140150K(351232K), 0.0294407 secs] [Times: user=0.06 sys=0.00, real=0.03 secs] 
2024-07-05T00:50:06.130+0800: 114.840: [GC (Allocation Failure) [PSYoungGen: 192448K->17776K(201728K)] 305014K->134978K(352256K), 0.0237907 secs] [Times: user=0.04 sys=0.00, real=0.03 secs] 
2024-07-05T00:50:06.418+0800: 115.128: [GC (Allocation Failure) [PSYoungGen: 182640K->19024K(199680K)] 299842K->144966K(350208K), 0.0315552 secs] [Times: user=0.06 sys=0.00, real=0.03 secs] 
2024-07-05T00:50:06.654+0800: 115.364: [GC (Allocation Failure) [PSYoungGen: 184912K->30848K(200704K)] 310854K->163126K(351232K), 0.0398371 secs] [Times: user=0.07 sys=0.01, real=0.04 secs] 
2024-07-05T00:50:06.933+0800: 115.644: [GC (Allocation Failure) [PSYoungGen: 196736K->18432K(202240K)] 329014K->155826K(352768K), 0.0234097 secs] [Times: user=0.05 sys=0.00, real=0.03 secs] 
2024-07-05T00:50:07.190+0800: 115.900: [GC (Allocation Failure) [PSYoungGen: 183296K->13520K(201216K)] 320690K->152947K(351744K), 0.0183892 secs] [Times: user=0.04 sys=0.00, real=0.02 secs] 
2024-07-05T00:50:07.407+0800: 116.118: [GC (Allocation Failure) [PSYoungGen: 178384K->26944K(200704K)] 317811K->167116K(351232K), 0.0289867 secs] [Times: user=0.05 sys=0.00, real=0.03 secs] 
2024-07-05T00:50:07.436+0800: 116.147: [Full GC (Ergonomics) [PSYoungGen: 26944K->0K(200704K)] [ParOldGen: 140172K->54990K(160768K)] 167116K->54990K(361472K), [Metaspace: 12215K->12215K(1060864K)], 0.1717570 secs] [Times: user=0.33 sys=0.00, real=0.17 secs] 
2024-07-05T00:50:07.828+0800: 116.539: [GC (Allocation Failure) [PSYoungGen: 164352K->26072K(201216K)] 219342K->81063K(361984K), 0.0319538 secs] [Times: user=0.06 sys=0.00, real=0.03 secs] 
2024-07-05T00:50:08.073+0800: 116.783: [GC (Allocation Failure) [PSYoungGen: 190424K->19659K(199168K)] 245415K->82555K(359936K), 0.0322515 secs] [Times: user=0.06 sys=0.00, real=0.03 secs] 
2024-07-05T00:50:08.332+0800: 117.043: [GC (Allocation Failure) [PSYoungGen: 184011K->22240K(200192K)] 246907K->93574K(360960K), 0.0334225 secs] [Times: user=0.06 sys=0.00, real=0.03 secs] 
2024-07-05T00:50:08.592+0800: 117.302: [GC (Allocation Failure) [PSYoungGen: 186592K->20777K(200704K)] 257926K->98267K(361472K), 0.0292338 secs] [Times: user=0.05 sys=0.01, real=0.03 secs] 
2024-07-05T00:50:08.841+0800: 117.551: [GC (Allocation Failure) [PSYoungGen: 188713K->25552K(201728K)] 266203K->106251K(362496K), 0.0320053 secs] [Times: user=0.06 sys=0.00, real=0.03 secs] 
2024-07-05T00:50:09.117+0800: 117.827: [GC (Allocation Failure) [PSYoungGen: 193488K->13360K(203776K)] 274187K->98951K(364544K), 0.0209148 secs] [Times: user=0.04 sys=0.00, real=0.02 secs] 
2024-07-05T00:50:09.333+0800: 118.044: [GC (Allocation Failure) [PSYoungGen: 183344K->28336K(198656K)] 268935K->114931K(359424K), 0.0295556 secs] [Times: user=0.06 sys=0.00, real=0.03 secs] 
2024-07-05T00:50:09.613+0800: 118.324: [GC (Allocation Failure) [PSYoungGen: 198320K->16720K(203264K)] 284915K->112615K(364032K), 0.0249328 secs] [Times: user=0.05 sys=0.00, real=0.03 secs] 
2024-07-05T00:50:09.844+0800: 118.554: [GC (Allocation Failure) [PSYoungGen: 184144K->22231K(189952K)] 280039K->120202K(350720K), 0.0232322 secs] [Times: user=0.04 sys=0.00, real=0.03 secs] 
2024-07-05T00:50:10.092+0800: 118.802: [GC (Allocation Failure) [PSYoungGen: 189655K->20944K(203264K)] 287626K->122750K(364032K), 0.0277103 secs] [Times: user=0.05 sys=0.00, real=0.03 secs] 
2024-07-05T00:50:10.333+0800: 119.044: [GC (Allocation Failure) [PSYoungGen: 189904K->27408K(201728K)] 291710K->134699K(362496K), 0.0331886 secs] [Times: user=0.07 sys=0.00, real=0.04 secs] 
2024-07-05T00:50:10.606+0800: 119.316: [GC (Allocation Failure) [PSYoungGen: 196368K->19760K(204800K)] 303659K->130522K(365568K), 0.0249900 secs] [Times: user=0.05 sys=0.00, real=0.02 secs] 
2024-07-05T00:50:10.870+0800: 119.581: [GC (Allocation Failure) [PSYoungGen: 190768K->15728K(204288K)] 301530K->133976K(365056K), 0.0265250 secs] [Times: user=0.05 sys=0.00, real=0.03 secs] 
2024-07-05T00:50:11.109+0800: 119.820: [GC (Allocation Failure) [PSYoungGen: 186736K->27664K(203264K)] 304984K->150025K(364032K), 0.0334143 secs] [Times: user=0.07 sys=0.00, real=0.03 secs] 
2024-07-05T00:50:11.379+0800: 120.090: [GC (Allocation Failure) [PSYoungGen: 197648K->16634K(204288K)] 320009K->139051K(365056K), 0.0189967 secs] [Times: user=0.04 sys=0.00, real=0.02 secs] 
2024-07-05T00:50:11.601+0800: 120.312: [GC (Allocation Failure) [PSYoungGen: 186618K->25648K(204288K)] 309035K->148602K(365056K), 0.0246191 secs] [Times: user=0.05 sys=0.00, real=0.03 secs] 
2024-07-05T00:50:11.869+0800: 120.579: [GC (Allocation Failure) [PSYoungGen: 195632K->18752K(188928K)] 318586K->149882K(349696K), 0.0283396 secs] [Times: user=0.05 sys=0.00, real=0.03 secs] 
2024-07-05T00:50:12.111+0800: 120.821: [GC (Allocation Failure) [PSYoungGen: 188736K->29056K(201728K)] 319866K->164582K(362496K), 0.0345196 secs] [Times: user=0.06 sys=0.00, real=0.03 secs] 
2024-07-05T00:50:12.382+0800: 121.092: [GC (Allocation Failure) [PSYoungGen: 196992K->20048K(203264K)] 332518K->158885K(364032K), 0.0247925 secs] [Times: user=0.05 sys=0.00, real=0.03 secs] 
2024-07-05T00:50:12.639+0800: 121.350: [GC (Allocation Failure) [PSYoungGen: 187984K->14346K(202752K)] 326821K->156631K(363520K), 0.0203279 secs] [Times: user=0.04 sys=0.00, real=0.02 secs] 
2024-07-05T00:50:12.858+0800: 121.568: [GC (Allocation Failure) [PSYoungGen: 183306K->26144K(203264K)] 325591K->169151K(364032K), 0.0273168 secs] [Times: user=0.06 sys=0.00, real=0.02 secs] 
2024-07-05T00:50:13.110+0800: 121.820: [GC (Allocation Failure) [PSYoungGen: 195104K->27084K(201728K)] 338111K->174656K(362496K), 0.0313802 secs] [Times: user=0.06 sys=0.00, real=0.03 secs] 
2024-07-05T00:50:13.381+0800: 122.092: [GC (Allocation Failure) [PSYoungGen: 193996K->16173K(202752K)] 341568K->167605K(363520K), 0.0234457 secs] [Times: user=0.04 sys=0.00, real=0.02 secs] 
2024-07-05T00:50:13.626+0800: 122.337: [GC (Allocation Failure) [PSYoungGen: 183085K->19728K(200192K)] 334517K->180112K(360960K), 0.0339144 secs] [Times: user=0.06 sys=0.00, real=0.03 secs] 
2024-07-05T00:50:13.660+0800: 122.371: [Full GC (Ergonomics) [PSYoungGen: 19728K->0K(200192K)] [ParOldGen: 160384K->49939K(160256K)] 180112K->49939K(360448K), [Metaspace: 12233K->12233K(1060864K)], 0.1513368 secs] [Times: user=0.28 sys=0.00, real=0.15 secs] 
2024-07-05T00:50:13.998+0800: 122.709: [GC (Allocation Failure) [PSYoungGen: 167424K->34288K(201728K)] 217363K->85284K(361984K), 0.0378044 secs] [Times: user=0.08 sys=0.00, real=0.04 secs] 
2024-07-05T00:50:14.274+0800: 122.984: [GC (Allocation Failure) [PSYoungGen: 201712K->19760K(200704K)] 252708K->80498K(360960K), 0.0356683 secs] [Times: user=0.06 sys=0.00, real=0.03 secs] 
2024-07-05T00:50:14.542+0800: 123.252: [GC (Allocation Failure) [PSYoungGen: 183600K->12208K(201216K)] 244338K->75194K(361472K), 0.0174168 secs] [Times: user=0.03 sys=0.00, real=0.02 secs] 
2024-07-05T00:50:14.740+0800: 123.450: [GC (Allocation Failure) [PSYoungGen: 176048K->27680K(199168K)] 239034K->96022K(359424K), 0.0311097 secs] [Times: user=0.07 sys=0.00, real=0.03 secs] 
2024-07-05T00:50:14.977+0800: 123.688: [GC (Allocation Failure) [PSYoungGen: 189472K->20840K(182784K)] 257814K->94190K(343040K), 0.0251046 secs] [Times: user=0.05 sys=0.00, real=0.02 secs] 
2024-07-05T00:50:15.230+0800: 123.940: [GC (Allocation Failure) [PSYoungGen: 182632K->17322K(200192K)] 255982K->92748K(360448K), 0.0206498 secs] [Times: user=0.04 sys=0.00, real=0.02 secs] 
2024-07-05T00:50:15.453+0800: 124.163: [GC (Allocation Failure) [PSYoungGen: 180650K->25152K(199680K)] 256076K->107916K(359936K), 0.0363287 secs] [Times: user=0.07 sys=0.00, real=0.04 secs] 
2024-07-05T00:50:15.731+0800: 124.442: [GC (Allocation Failure) [PSYoungGen: 188480K->25200K(201728K)] 271244K->113836K(361984K), 0.0327086 secs] [Times: user=0.06 sys=0.00, real=0.03 secs] 
2024-07-05T00:50:15.994+0800: 124.704: [GC (Allocation Failure) [PSYoungGen: 191088K->16432K(201728K)] 279724K->108895K(361984K), 0.0226523 secs] [Times: user=0.04 sys=0.00, real=0.02 secs] 
2024-07-05T00:50:16.236+0800: 124.947: [GC (Allocation Failure) [PSYoungGen: 182320K->20176K(201216K)] 274783K->121355K(361472K), 0.0321472 secs] [Times: user=0.06 sys=0.00, real=0.03 secs] 
2024-07-05T00:50:16.455+0800: 125.166: [GC (Allocation Failure) [PSYoungGen: 187600K->30432K(201728K)] 288779K->137815K(361984K), 0.0401084 secs] [Times: user=0.08 sys=0.00, real=0.04 secs] 
2024-07-05T00:50:16.737+0800: 125.447: [GC (Allocation Failure) [PSYoungGen: 197856K->20992K(203264K)] 305239K->133044K(363520K), 0.0279548 secs] [Times: user=0.05 sys=0.00, real=0.02 secs] 
2024-07-05T00:50:16.997+0800: 125.707: [GC (Allocation Failure) [PSYoungGen: 187904K->12496K(202240K)] 299956K->127921K(362496K), 0.0184077 secs] [Times: user=0.04 sys=0.00, real=0.02 secs] 
2024-07-05T00:50:17.206+0800: 125.917: [GC (Allocation Failure) [PSYoungGen: 179408K->26752K(201728K)] 294833K->142878K(361984K), 0.0297733 secs] [Times: user=0.06 sys=0.00, real=0.03 secs] 
2024-07-05T00:50:17.448+0800: 126.158: [GC (Allocation Failure) [PSYoungGen: 192640K->22843K(188928K)] 308766K->143386K(349184K), 0.0252895 secs] [Times: user=0.05 sys=0.00, real=0.02 secs] 
2024-07-05T00:50:17.704+0800: 126.415: [GC (Allocation Failure) [PSYoungGen: 188731K->14438K(201728K)] 309274K->137369K(361984K), 0.0169098 secs] [Times: user=0.03 sys=0.00, real=0.02 secs] 
2024-07-05T00:50:17.934+0800: 126.644: [GC (Allocation Failure) [PSYoungGen: 180838K->23264K(201728K)] 303769K->152883K(361984K), 0.0336040 secs] [Times: user=0.06 sys=0.00, real=0.03 secs] 
2024-07-05T00:50:18.152+0800: 126.863: [GC (Allocation Failure) [PSYoungGen: 189664K->28368K(201728K)] 319283K->163299K(361984K), 0.0334210 secs] [Times: user=0.06 sys=0.00, real=0.03 secs] 
2024-07-05T00:50:18.423+0800: 127.133: [GC (Allocation Failure) [PSYoungGen: 195280K->16816K(202752K)] 330211K->154854K(363008K), 0.0194949 secs] [Times: user=0.04 sys=0.00, real=0.02 secs] 
2024-07-05T00:50:18.694+0800: 127.404: [GC (Allocation Failure) [PSYoungGen: 183728K->16976K(201216K)] 321766K->164269K(361472K), 0.0327028 secs] [Times: user=0.06 sys=0.00, real=0.03 secs] 
2024-07-05T00:50:18.915+0800: 127.626: [GC (Allocation Failure) [PSYoungGen: 184400K->31072K(198656K)] 331693K->184205K(358912K), 0.0393674 secs] [Times: user=0.08 sys=0.00, real=0.04 secs] 
2024-07-05T00:50:18.955+0800: 127.665: [Full GC (Ergonomics) [PSYoungGen: 31072K->0K(198656K)] [ParOldGen: 153133K->57529K(172544K)] 184205K->57529K(371200K), [Metaspace: 12235K->12235K(1060864K)], 0.1804571 secs] [Times: user=0.34 sys=0.01, real=0.18 secs] 
2024-07-05T00:50:19.348+0800: 128.059: [GC (Allocation Failure) [PSYoungGen: 167424K->28457K(200192K)] 224953K->85986K(372736K), 0.0335979 secs] [Times: user=0.07 sys=0.00, real=0.03 secs] 
2024-07-05T00:50:19.634+0800: 128.345: [GC (Allocation Failure) [PSYoungGen: 191273K->10768K(174080K)] 248802K->79682K(346624K), 0.0316353 secs] [Times: user=0.06 sys=0.00, real=0.03 secs] 
2024-07-05T00:50:19.850+0800: 128.560: [GC (Allocation Failure) [PSYoungGen: 173584K->26320K(199168K)] 242498K->104582K(371712K), 0.0396030 secs] [Times: user=0.07 sys=0.00, real=0.04 secs] 
2024-07-05T00:50:20.077+0800: 128.788: [GC (Allocation Failure) [PSYoungGen: 187067K->27984K(188928K)] 265330K->111428K(361472K), 0.0327122 secs] [Times: user=0.06 sys=0.00, real=0.03 secs] 
2024-07-05T00:50:20.357+0800: 129.067: [GC (Allocation Failure) [PSYoungGen: 188752K->12395K(199168K)] 272196K->99940K(371712K), 0.0177484 secs] [Times: user=0.03 sys=0.00, real=0.02 secs] 
2024-07-05T00:50:20.578+0800: 129.288: [GC (Allocation Failure) [PSYoungGen: 172139K->24496K(184320K)] 259684K->119685K(356864K), 0.0377209 secs] [Times: user=0.06 sys=0.01, real=0.04 secs] 
2024-07-05T00:50:20.805+0800: 129.516: [GC (Allocation Failure) [PSYoungGen: 184240K->25216K(199168K)] 279429K->126237K(371712K), 0.0312364 secs] [Times: user=0.06 sys=0.00, real=0.04 secs] 
2024-07-05T00:50:21.063+0800: 129.774: [GC (Allocation Failure) [PSYoungGen: 185472K->16553K(198656K)] 286493K->121404K(371200K), 0.0203132 secs] [Times: user=0.03 sys=0.00, real=0.02 secs] 
2024-07-05T00:50:21.294+0800: 130.005: [GC (Allocation Failure) [PSYoungGen: 176809K->20880K(198144K)] 281660K->134659K(370688K), 0.0337488 secs] [Times: user=0.06 sys=0.00, real=0.03 secs] 
2024-07-05T00:50:21.512+0800: 130.222: [GC (Allocation Failure) [PSYoungGen: 183169K->27536K(198656K)] 296948K->147447K(371200K), 0.0355139 secs] [Times: user=0.06 sys=0.00, real=0.04 secs] 
2024-07-05T00:50:21.772+0800: 130.483: [GC (Allocation Failure) [PSYoungGen: 189840K->18816K(200704K)] 309751K->143951K(373248K), 0.0244445 secs] [Times: user=0.05 sys=0.00, real=0.03 secs] 
2024-07-05T00:50:22.027+0800: 130.737: [GC (Allocation Failure) [PSYoungGen: 184192K->18224K(201216K)] 309327K->152038K(373760K), 0.0307202 secs] [Times: user=0.06 sys=0.00, real=0.03 secs] 
2024-07-05T00:50:22.250+0800: 130.960: [GC (Allocation Failure) [PSYoungGen: 183600K->28704K(200192K)] 317414K->168214K(372736K), 0.0369993 secs] [Times: user=0.07 sys=0.00, real=0.04 secs] 
2024-07-05T00:50:22.515+0800: 131.225: [GC (Allocation Failure) [PSYoungGen: 193568K->19152K(201728K)] 333078K->162581K(374272K), 0.0235163 secs] [Times: user=0.04 sys=0.00, real=0.02 secs] 
2024-07-05T00:50:22.767+0800: 131.478: [GC (Allocation Failure) [PSYoungGen: 184016K->14298K(201216K)] 327445K->160688K(373760K), 0.0188600 secs] [Times: user=0.04 sys=0.01, real=0.02 secs] 
2024-07-05T00:50:22.976+0800: 131.687: [GC (Allocation Failure) [PSYoungGen: 180186K->26736K(201728K)] 326576K->173843K(374272K), 0.0284491 secs] [Times: user=0.05 sys=0.00, real=0.02 secs] 
2024-07-05T00:50:23.215+0800: 131.926: [GC (Allocation Failure) [PSYoungGen: 192624K->22736K(201216K)] 339731K->174343K(373760K), 0.0266750 secs] [Times: user=0.06 sys=0.00, real=0.02 secs] 
2024-07-05T00:50:23.469+0800: 132.180: [GC (Allocation Failure) [PSYoungGen: 189136K->16549K(201728K)] 340743K->170898K(374272K), 0.0192390 secs] [Times: user=0.04 sys=0.00, real=0.02 secs] 
2024-07-05T00:50:23.708+0800: 132.418: [GC (Allocation Failure) [PSYoungGen: 182949K->20656K(201216K)] 337298K->183076K(373760K), 0.0335331 secs] [Times: user=0.07 sys=0.00, real=0.03 secs] 
2024-07-05T00:50:23.741+0800: 132.452: [Full GC (Ergonomics) [PSYoungGen: 20656K->0K(201216K)] [ParOldGen: 162420K->50562K(171520K)] 183076K->50562K(372736K), [Metaspace: 12235K->12235K(1060864K)], 0.1524341 secs] [Times: user=0.29 sys=0.00, real=0.16 secs] 
2024-07-05T00:50:24.090+0800: 132.801: [GC (Allocation Failure) [PSYoungGen: 168448K->32864K(201728K)] 219010K->83426K(373248K), 0.0374028 secs] [Times: user=0.08 sys=0.00, real=0.04 secs] 
2024-07-05T00:50:24.364+0800: 133.075: [GC (Allocation Failure) [PSYoungGen: 201312K->21056K(203264K)] 251874K->79471K(374784K), 0.0321683 secs] [Times: user=0.07 sys=0.00, real=0.04 secs] 
2024-07-05T00:50:24.631+0800: 133.342: [GC (Allocation Failure) [PSYoungGen: 187456K->13534K(201728K)] 245871K->76030K(373248K), 0.0193225 secs] [Times: user=0.04 sys=0.00, real=0.02 secs] 
2024-07-05T00:50:24.845+0800: 133.555: [GC (Allocation Failure) [PSYoungGen: 179934K->27184K(201728K)] 242430K->90617K(373248K), 0.0283386 secs] [Times: user=0.06 sys=0.00, real=0.03 secs] 
2024-07-05T00:50:25.106+0800: 133.816: [GC (Allocation Failure) [PSYoungGen: 193072K->17978K(202240K)] 256505K->85936K(373760K), 0.0244662 secs] [Times: user=0.04 sys=0.00, real=0.02 secs] 
2024-07-05T00:50:25.354+0800: 134.064: [GC (Allocation Failure) [PSYoungGen: 183866K->21664K(199168K)] 251824K->90867K(370688K), 0.0224144 secs] [Times: user=0.04 sys=0.00, real=0.02 secs] 
2024-07-05T00:50:25.613+0800: 134.324: [GC (Allocation Failure) [PSYoungGen: 188064K->21408K(200704K)] 257267K->98927K(372224K), 0.0319325 secs] [Times: user=0.06 sys=0.00, real=0.03 secs] 
2024-07-05T00:50:25.850+0800: 134.560: [GC (Allocation Failure) [PSYoungGen: 187808K->25152K(203776K)] 265327K->108812K(375296K), 0.0326749 secs] [Times: user=0.06 sys=0.00, real=0.03 secs] 
2024-07-05T00:50:26.109+0800: 134.819: [GC (Allocation Failure) [PSYoungGen: 196160K->23600K(204288K)] 279820K->111589K(375808K), 0.0291207 secs] [Times: user=0.06 sys=0.00, real=0.03 secs] 
2024-07-05T00:50:26.375+0800: 135.086: [GC (Allocation Failure) [PSYoungGen: 194608K->14013K(204800K)] 282597K->107518K(376320K), 0.0219551 secs] [Times: user=0.04 sys=0.00, real=0.02 secs] 
2024-07-05T00:50:26.600+0800: 135.311: [GC (Allocation Failure) [PSYoungGen: 186045K->27200K(199680K)] 279550K->122059K(371200K), 0.0290433 secs] [Times: user=0.06 sys=0.00, real=0.03 secs] 
2024-07-05T00:50:26.858+0800: 135.568: [GC (Allocation Failure) [PSYoungGen: 199232K->20221K(205312K)] 294091K->119636K(376832K), 0.0257097 secs] [Times: user=0.05 sys=0.00, real=0.02 secs] 
2024-07-05T00:50:27.099+0800: 135.810: [GC (Allocation Failure) [PSYoungGen: 191229K->21440K(192512K)] 290644K->122761K(364032K), 0.0223903 secs] [Times: user=0.04 sys=0.00, real=0.02 secs] 
2024-07-05T00:50:27.361+0800: 136.071: [GC (Allocation Failure) [PSYoungGen: 192448K->19248K(203776K)] 293769K->128624K(375296K), 0.0295466 secs] [Times: user=0.06 sys=0.00, real=0.03 secs] 
2024-07-05T00:50:27.586+0800: 136.296: [GC (Allocation Failure) [PSYoungGen: 190768K->30480K(203264K)] 300144K->146036K(374784K), 0.0382858 secs] [Times: user=0.08 sys=0.00, real=0.03 secs] 
2024-07-05T00:50:27.857+0800: 136.568: [GC (Allocation Failure) [PSYoungGen: 202000K->16912K(204800K)] 317556K->133076K(376320K), 0.0181161 secs] [Times: user=0.04 sys=0.00, real=0.02 secs] 
2024-07-05T00:50:28.098+0800: 136.808: [GC (Allocation Failure) [PSYoungGen: 187920K->17562K(188928K)] 304084K->134265K(360448K), 0.0195629 secs] [Times: user=0.03 sys=0.00, real=0.02 secs] 
2024-07-05T00:50:28.338+0800: 137.048: [GC (Allocation Failure) [PSYoungGen: 188570K->23088K(204800K)] 305273K->146637K(376320K), 0.0318675 secs] [Times: user=0.07 sys=0.00, real=0.03 secs] 
2024-07-05T00:50:28.575+0800: 137.285: [GC (Allocation Failure) [PSYoungGen: 194608K->27168K(204288K)] 318157K->156277K(375808K), 0.0343725 secs] [Times: user=0.06 sys=0.00, real=0.03 secs] 
2024-07-05T00:50:28.866+0800: 137.576: [GC (Allocation Failure) [PSYoungGen: 198688K->19200K(205312K)] 327797K->150119K(376832K), 0.0209600 secs] [Times: user=0.04 sys=0.00, real=0.02 secs] 
2024-07-05T00:50:29.127+0800: 137.837: [GC (Allocation Failure) [PSYoungGen: 190720K->14960K(204800K)] 321639K->153219K(376320K), 0.0248283 secs] [Times: user=0.05 sys=0.00, real=0.02 secs] 
2024-07-05T00:50:29.350+0800: 138.060: [GC (Allocation Failure) [PSYoungGen: 186480K->27120K(203264K)] 324739K->169295K(374784K), 0.0329687 secs] [Times: user=0.06 sys=0.00, real=0.03 secs] 
2024-07-05T00:50:29.597+0800: 138.308: [GC (Allocation Failure) [PSYoungGen: 197104K->24320K(204288K)] 339279K->166607K(375808K), 0.0229477 secs] [Times: user=0.05 sys=0.00, real=0.02 secs] 
2024-07-05T00:50:29.855+0800: 138.566: [GC (Allocation Failure) [PSYoungGen: 194304K->18000K(202752K)] 336591K->163179K(374272K), 0.0208763 secs] [Times: user=0.03 sys=0.00, real=0.02 secs] 
2024-07-05T00:50:30.110+0800: 138.820: [GC (Allocation Failure) [PSYoungGen: 188496K->19024K(203776K)] 333675K->172664K(375296K), 0.0333779 secs] [Times: user=0.06 sys=0.00, real=0.03 secs] 
2024-07-05T00:50:30.338+0800: 139.049: [GC (Allocation Failure) [PSYoungGen: 189520K->30880K(200704K)] 343160K->190944K(372224K), 0.0395547 secs] [Times: user=0.08 sys=0.00, real=0.04 secs] 
2024-07-05T00:50:30.601+0800: 139.311: [GC (Allocation Failure) [PSYoungGen: 198816K->19498K(203264K)] 358880K->180170K(374784K), 0.0204059 secs] [Times: user=0.04 sys=0.00, real=0.02 secs] 
2024-07-05T00:50:30.621+0800: 139.332: [Full GC (Ergonomics) [PSYoungGen: 19498K->0K(203264K)] [ParOldGen: 160672K->47089K(173056K)] 180170K->47089K(376320K), [Metaspace: 12242K->12242K(1060864K)], 0.1242457 secs] [Times: user=0.24 sys=0.00, real=0.12 secs] 
2024-07-05T00:50:30.991+0800: 139.702: [GC (Allocation Failure) [PSYoungGen: 167936K->20304K(200192K)] 215025K->67393K(373248K), 0.0279493 secs] [Times: user=0.06 sys=0.00, real=0.03 secs] 
2024-07-05T00:50:31.224+0800: 139.934: [GC (Allocation Failure) [PSYoungGen: 189264K->25904K(202240K)] 236353K->87264K(375296K), 0.0480666 secs] [Times: user=0.09 sys=0.00, real=0.05 secs] 
2024-07-05T00:50:31.471+0800: 140.182: [GC (Allocation Failure) [PSYoungGen: 194864K->29232K(201728K)] 256224K->95796K(374784K), 0.0324376 secs] [Times: user=0.06 sys=0.00, real=0.03 secs] 
2024-07-05T00:50:31.746+0800: 140.456: [GC (Allocation Failure) [PSYoungGen: 197168K->15649K(203264K)] 263732K->84766K(376320K), 0.0168433 secs] [Times: user=0.04 sys=0.00, real=0.01 secs] 
2024-07-05T00:50:31.988+0800: 140.698: [GC (Allocation Failure) [PSYoungGen: 183585K->17920K(202240K)] 252702K->94985K(375296K), 0.0286705 secs] [Times: user=0.05 sys=0.00, real=0.03 secs] 
2024-07-05T00:50:32.209+0800: 140.920: [GC (Allocation Failure) [PSYoungGen: 185856K->30352K(198656K)] 262921K->113097K(371712K), 0.0415348 secs] [Times: user=0.07 sys=0.01, real=0.04 secs] 
2024-07-05T00:50:32.464+0800: 141.175: [GC (Allocation Failure) [PSYoungGen: 198288K->22613K(203264K)] 281033K->106158K(376320K), 0.0223645 secs] [Times: user=0.04 sys=0.00, real=0.03 secs] 
2024-07-05T00:50:32.725+0800: 141.435: [GC (Allocation Failure) [PSYoungGen: 189013K->12112K(201728K)] 272558K->97099K(374784K), 0.0144969 secs] [Times: user=0.03 sys=0.00, real=0.02 secs] 
2024-07-05T00:50:32.938+0800: 141.649: [GC (Allocation Failure) [PSYoungGen: 178512K->25248K(202240K)] 263499K->116361K(375296K), 0.0341151 secs] [Times: user=0.07 sys=0.00, real=0.03 secs] 
2024-07-05T00:50:33.166+0800: 141.877: [GC (Allocation Failure) [PSYoungGen: 191648K->27376K(202240K)] 282761K->123822K(375296K), 0.0333021 secs] [Times: user=0.06 sys=0.00, real=0.03 secs] 
2024-07-05T00:50:33.439+0800: 142.150: [GC (Allocation Failure) [PSYoungGen: 193776K->15616K(202240K)] 290222K->115113K(375296K), 0.0190774 secs] [Times: user=0.03 sys=0.00, real=0.02 secs] 
2024-07-05T00:50:33.676+0800: 142.387: [GC (Allocation Failure) [PSYoungGen: 181504K->18464K(184832K)] 281001K->126905K(357888K), 0.0310493 secs] [Times: user=0.06 sys=0.00, real=0.03 secs] 
2024-07-05T00:50:33.905+0800: 142.616: [GC (Allocation Failure) [PSYoungGen: 184352K->32496K(198144K)] 292793K->146653K(371200K), 0.0504781 secs] [Times: user=0.10 sys=0.00, real=0.06 secs] 
2024-07-05T00:50:34.176+0800: 142.887: [GC (Allocation Failure) [PSYoungGen: 195312K->18336K(200704K)] 309469K->138179K(373760K), 0.0241212 secs] [Times: user=0.05 sys=0.00, real=0.02 secs] 
2024-07-05T00:50:34.426+0800: 143.136: [GC (Allocation Failure) [PSYoungGen: 181152K->13472K(200192K)] 300995K->138533K(373248K), 0.0214094 secs] [Times: user=0.03 sys=0.00, real=0.02 secs] 
2024-07-05T00:50:34.628+0800: 143.338: [GC (Allocation Failure) [PSYoungGen: 176800K->28272K(192000K)] 301861K->155205K(365056K), 0.0304977 secs] [Times: user=0.06 sys=0.00, real=0.03 secs] 
2024-07-05T00:50:34.870+0800: 143.581: [GC (Allocation Failure) [PSYoungGen: 191600K->19328K(201216K)] 318533K->146277K(374272K), 0.0177525 secs] [Times: user=0.03 sys=0.00, real=0.02 secs] 
2024-07-05T00:50:35.114+0800: 143.824: [GC (Allocation Failure) [PSYoungGen: 182144K->13664K(176640K)] 309093K->141519K(349696K), 0.0167077 secs] [Times: user=0.02 sys=0.00, real=0.01 secs] 
2024-07-05T00:50:35.334+0800: 144.045: [GC (Allocation Failure) [PSYoungGen: 176480K->25296K(199680K)] 304335K->159514K(372736K), 0.0336449 secs] [Times: user=0.06 sys=0.00, real=0.03 secs] 
2024-07-05T00:50:35.571+0800: 144.282: [GC (Allocation Failure) [PSYoungGen: 188112K->23801K(199680K)] 322330K->163424K(372736K), 0.0300548 secs] [Times: user=0.06 sys=0.00, real=0.03 secs] 
2024-07-05T00:50:35.818+0800: 144.529: [GC (Allocation Failure) [PSYoungGen: 186617K->18567K(200192K)] 326240K->161560K(373248K), 0.0241126 secs] [Times: user=0.04 sys=0.00, real=0.02 secs] 
2024-07-05T00:50:36.073+0800: 144.784: [GC (Allocation Failure) [PSYoungGen: 183943K->21040K(200704K)] 326936K->172587K(373760K), 0.0357493 secs] [Times: user=0.07 sys=0.00, real=0.04 secs] 
2024-07-05T00:50:36.311+0800: 145.022: [GC (Allocation Failure) [PSYoungGen: 186416K->25856K(202752K)] 337963K->183943K(375808K), 0.0339288 secs] [Times: user=0.06 sys=0.00, real=0.03 secs] 
2024-07-05T00:50:36.572+0800: 145.282: [GC (Allocation Failure) [PSYoungGen: 194304K->22464K(202752K)] 352391K->184764K(375808K), 0.0277576 secs] [Times: user=0.06 sys=0.00, real=0.03 secs] 
2024-07-05T00:50:36.599+0800: 145.310: [Full GC (Ergonomics) [PSYoungGen: 22464K->0K(202752K)] [ParOldGen: 162300K->53391K(183296K)] 184764K->53391K(386048K), [Metaspace: 12243K->12243K(1060864K)], 0.1620777 secs] [Times: user=0.31 sys=0.00, real=0.16 secs] 
2024-07-05T00:50:36.990+0800: 145.701: [GC (Allocation Failure) [PSYoungGen: 168448K->19882K(202752K)] 221839K->73273K(386048K), 0.0256432 secs] [Times: user=0.05 sys=0.00, real=0.03 secs] 
2024-07-05T00:50:37.222+0800: 145.933: [GC (Allocation Failure) [PSYoungGen: 190378K->27216K(203264K)] 243769K->86589K(386560K), 0.0394753 secs] [Times: user=0.07 sys=0.01, real=0.04 secs] 
2024-07-05T00:50:37.480+0800: 146.191: [GC (Allocation Failure) [PSYoungGen: 197712K->21333K(204800K)] 257085K->85271K(388096K), 0.0252728 secs] [Times: user=0.05 sys=0.00, real=0.03 secs] 
2024-07-05T00:50:37.738+0800: 146.448: [GC (Allocation Failure) [PSYoungGen: 193365K->19868K(204800K)] 257303K->86068K(388096K), 0.0230289 secs] [Times: user=0.04 sys=0.00, real=0.02 secs] 
2024-07-05T00:50:38.002+0800: 146.713: [GC (Allocation Failure) [PSYoungGen: 191900K->19088K(205312K)] 258100K->93289K(388608K), 0.0297437 secs] [Times: user=0.05 sys=0.00, real=0.03 secs] 
2024-07-05T00:50:38.228+0800: 146.939: [GC (Allocation Failure) [PSYoungGen: 192656K->30336K(204288K)] 266857K->110917K(387584K), 0.0398063 secs] [Times: user=0.07 sys=0.01, real=0.04 secs] 
2024-07-05T00:50:38.502+0800: 147.212: [GC (Allocation Failure) [PSYoungGen: 203904K->20712K(205824K)] 284485K->101950K(389120K), 0.0221149 secs] [Times: user=0.04 sys=0.00, real=0.02 secs] 
2024-07-05T00:50:38.777+0800: 147.487: [GC (Allocation Failure) [PSYoungGen: 192744K->13207K(204800K)] 273982K->95548K(388096K), 0.0150147 secs] [Times: user=0.03 sys=0.00, real=0.01 secs] 
2024-07-05T00:50:39.017+0800: 147.728: [GC (Allocation Failure) [PSYoungGen: 185239K->22704K(205312K)] 267580K->111207K(388608K), 0.0319051 secs] [Times: user=0.06 sys=0.00, real=0.03 secs] 
2024-07-05T00:50:39.250+0800: 147.961: [GC (Allocation Failure) [PSYoungGen: 195248K->31952K(204800K)] 283751K->125543K(388096K), 0.0382086 secs] [Times: user=0.07 sys=0.00, real=0.04 secs] 
2024-07-05T00:50:39.526+0800: 148.237: [GC (Allocation Failure) [PSYoungGen: 204496K->16782K(201728K)] 298087K->111098K(385024K), 0.0167285 secs] [Times: user=0.04 sys=0.00, real=0.01 secs] 
2024-07-05T00:50:39.782+0800: 148.493: [GC (Allocation Failure) [PSYoungGen: 184718K->12576K(203264K)] 279034K->110222K(386560K), 0.0175209 secs] [Times: user=0.03 sys=0.00, real=0.02 secs] 
2024-07-05T00:50:39.993+0800: 148.703: [GC (Allocation Failure) [PSYoungGen: 180512K->26944K(201216K)] 278158K->132267K(384512K), 0.0376486 secs] [Times: user=0.08 sys=0.00, real=0.04 secs] 
2024-07-05T00:50:40.288+0800: 148.999: [GC (Allocation Failure) [PSYoungGen: 192832K->22617K(202240K)] 298155K->128540K(385536K), 0.0219674 secs] [Times: user=0.05 sys=0.00, real=0.02 secs] 
2024-07-05T00:50:40.537+0800: 149.247: [GC (Allocation Failure) [PSYoungGen: 188505K->17568K(201216K)] 294428K->125850K(384512K), 0.0185549 secs] [Times: user=0.04 sys=0.00, real=0.02 secs] 
2024-07-05T00:50:40.778+0800: 149.488: [GC (Allocation Failure) [PSYoungGen: 184480K->20688K(201728K)] 292762K->137251K(385024K), 0.0352874 secs] [Times: user=0.07 sys=0.00, real=0.03 secs] 
2024-07-05T00:50:41.009+0800: 149.719: [GC (Allocation Failure) [PSYoungGen: 187600K->26992K(201728K)] 304163K->149927K(385024K), 0.0361076 secs] [Times: user=0.07 sys=0.00, real=0.03 secs] 
2024-07-05T00:50:41.285+0800: 149.996: [GC (Allocation Failure) [PSYoungGen: 195440K->22544K(202752K)] 318375K->148739K(386048K), 0.0286703 secs] [Times: user=0.06 sys=0.00, real=0.04 secs] 
2024-07-05T00:50:41.554+0800: 150.264: [GC (Allocation Failure) [PSYoungGen: 190992K->15296K(204288K)] 317187K->146443K(387584K), 0.0222493 secs] [Times: user=0.05 sys=0.00, real=0.03 secs] 
2024-07-05T00:50:41.783+0800: 150.494: [GC (Allocation Failure) [PSYoungGen: 186304K->26800K(204288K)] 317451K->159177K(387584K), 0.0288084 secs] [Times: user=0.06 sys=0.00, real=0.03 secs] 
2024-07-05T00:50:42.040+0800: 150.750: [GC (Allocation Failure) [PSYoungGen: 197808K->19856K(204288K)] 330185K->156897K(387584K), 0.0252622 secs] [Times: user=0.05 sys=0.00, real=0.02 secs] 
2024-07-05T00:50:42.300+0800: 151.011: [GC (Allocation Failure) [PSYoungGen: 190864K->20480K(204288K)] 327905K->159481K(387584K), 0.0224838 secs] [Times: user=0.04 sys=0.00, real=0.02 secs] 
2024-07-05T00:50:42.567+0800: 151.277: [GC (Allocation Failure) [PSYoungGen: 191488K->18112K(204800K)] 330489K->165186K(388096K), 0.0288676 secs] [Times: user=0.05 sys=0.00, real=0.03 secs] 
2024-07-05T00:50:42.792+0800: 151.503: [GC (Allocation Failure) [PSYoungGen: 190656K->29856K(204288K)] 337730K->183078K(387584K), 0.0382187 secs] [Times: user=0.07 sys=0.00, real=0.04 secs] 
2024-07-05T00:50:43.055+0800: 151.766: [GC (Allocation Failure) [PSYoungGen: 202400K->20624K(205312K)] 355622K->174454K(388608K), 0.0206311 secs] [Times: user=0.04 sys=0.00, real=0.02 secs] 
2024-07-05T00:50:43.317+0800: 152.028: [GC (Allocation Failure) [PSYoungGen: 191632K->14279K(204288K)] 345462K->169207K(387584K), 0.0155800 secs] [Times: user=0.03 sys=0.00, real=0.01 secs] 
2024-07-05T00:50:43.546+0800: 152.256: [GC (Allocation Failure) [PSYoungGen: 185287K->22560K(204800K)] 340215K->184144K(388096K), 0.0336710 secs] [Times: user=0.06 sys=0.00, real=0.03 secs] 
2024-07-05T00:50:43.769+0800: 152.480: [GC (Allocation Failure) [PSYoungGen: 194080K->32752K(204288K)] 355664K->200024K(387584K), 0.0404707 secs] [Times: user=0.08 sys=0.00, real=0.04 secs] 
2024-07-05T00:50:44.045+0800: 152.756: [GC (Allocation Failure) [PSYoungGen: 204272K->16650K(198144K)] 371544K->189225K(381440K), 0.0232009 secs] [Times: user=0.05 sys=0.00, real=0.03 secs] 
2024-07-05T00:50:44.309+0800: 153.019: [GC (Allocation Failure) [PSYoungGen: 180490K->14720K(201216K)] 353065K->190588K(384512K), 0.0209409 secs] [Times: user=0.04 sys=0.00, real=0.02 secs] 
2024-07-05T00:50:44.330+0800: 153.040: [Full GC (Ergonomics) [PSYoungGen: 14720K->0K(201216K)] [ParOldGen: 175868K->44624K(179200K)] 190588K->44624K(380416K), [Metaspace: 12243K->12243K(1060864K)], 0.1246937 secs] [Times: user=0.23 sys=0.01, real=0.13 secs] 
2024-07-05T00:50:44.640+0800: 153.351: [GC (Allocation Failure) [PSYoungGen: 163840K->30176K(198144K)] 208464K->74800K(377344K), 0.0331109 secs] [Times: user=0.07 sys=0.00, real=0.04 secs] 
2024-07-05T00:50:44.875+0800: 153.586: [GC (Allocation Failure) [PSYoungGen: 190944K->22384K(199680K)] 235568K->68936K(378880K), 0.0234585 secs] [Times: user=0.05 sys=0.00, real=0.02 secs] 
2024-07-05T00:50:45.142+0800: 153.853: [GC (Allocation Failure) [PSYoungGen: 183152K->9641K(199168K)] 229704K->57796K(378368K), 0.0166525 secs] [Times: user=0.02 sys=0.00, real=0.02 secs] 
2024-07-05T00:50:45.352+0800: 154.063: [GC (Allocation Failure) [PSYoungGen: 171433K->26032K(199680K)] 219588K->79869K(378880K), 0.0333898 secs] [Times: user=0.07 sys=0.00, real=0.03 secs] 
2024-07-05T00:50:45.593+0800: 154.304: [GC (Allocation Failure) [PSYoungGen: 187824K->24155K(199168K)] 241661K->82980K(378368K), 0.0434137 secs] [Times: user=0.08 sys=0.00, real=0.05 secs] 
2024-07-05T00:50:45.867+0800: 154.578: [GC (Allocation Failure) [PSYoungGen: 186459K->16048K(199680K)] 245284K->78113K(378880K), 0.0192900 secs] [Times: user=0.04 sys=0.00, real=0.02 secs] 
2024-07-05T00:50:46.105+0800: 154.816: [GC (Allocation Failure) [PSYoungGen: 178352K->22720K(199168K)] 240417K->92642K(378368K), 0.0341626 secs] [Times: user=0.06 sys=0.00, real=0.04 secs] 
2024-07-05T00:50:46.350+0800: 155.060: [GC (Allocation Failure) [PSYoungGen: 187072K->23696K(200192K)] 256994K->99758K(379392K), 0.0309998 secs] [Times: user=0.06 sys=0.00, real=0.03 secs] 
2024-07-05T00:50:46.594+0800: 155.305: [GC (Allocation Failure) [PSYoungGen: 188048K->23600K(201216K)] 264110K->103778K(380416K), 0.0359756 secs] [Times: user=0.05 sys=0.00, real=0.03 secs] 
2024-07-05T00:50:46.863+0800: 155.574: [GC (Allocation Failure) [PSYoungGen: 191024K->16112K(202240K)] 271202K->104948K(381440K), 0.0273715 secs] [Times: user=0.05 sys=0.00, real=0.03 secs] 
2024-07-05T00:50:47.082+0800: 155.793: [GC (Allocation Failure) [PSYoungGen: 183536K->27232K(202240K)] 272372K->119388K(381440K), 0.0307964 secs] [Times: user=0.06 sys=0.00, real=0.03 secs] 
2024-07-05T00:50:47.344+0800: 156.055: [GC (Allocation Failure) [PSYoungGen: 195168K->18816K(203264K)] 287324K->119891K(382464K), 0.0272410 secs] [Times: user=0.05 sys=0.00, real=0.03 secs] 
2024-07-05T00:50:47.578+0800: 156.288: [GC (Allocation Failure) [PSYoungGen: 186752K->21264K(201216K)] 287827K->126020K(380416K), 0.0249955 secs] [Times: user=0.05 sys=0.00, real=0.02 secs] 
2024-07-05T00:50:47.822+0800: 156.532: [GC (Allocation Failure) [PSYoungGen: 190224K->22432K(202240K)] 294980K->130543K(381440K), 0.0265206 secs] [Times: user=0.06 sys=0.00, real=0.03 secs] 
2024-07-05T00:50:48.066+0800: 156.777: [GC (Allocation Failure) [PSYoungGen: 191236K->20534K(204288K)] 299348K->133925K(383488K), 0.0271140 secs] [Times: user=0.05 sys=0.00, real=0.02 secs] 
2024-07-05T00:50:48.309+0800: 157.020: [GC (Allocation Failure) [PSYoungGen: 193590K->24912K(204800K)] 306981K->141311K(384000K), 0.0305762 secs] [Times: user=0.06 sys=0.00, real=0.03 secs] 
2024-07-05T00:50:48.574+0800: 157.284: [GC (Allocation Failure) [PSYoungGen: 197968K->21062K(205824K)] 314367K->142331K(385024K), 0.0308874 secs] [Times: user=0.06 sys=0.00, real=0.02 secs] 
2024-07-05T00:50:48.837+0800: 157.548: [GC (Allocation Failure) [PSYoungGen: 196166K->23776K(206336K)] 317435K->147536K(385536K), 0.0270475 secs] [Times: user=0.05 sys=0.00, real=0.02 secs] 
2024-07-05T00:50:49.130+0800: 157.841: [GC (Allocation Failure) [PSYoungGen: 198880K->15664K(206848K)] 322640K->148214K(386048K), 0.0303723 secs] [Times: user=0.05 sys=0.00, real=0.03 secs] 
2024-07-05T00:50:49.365+0800: 158.076: [GC (Allocation Failure) [PSYoungGen: 191792K->27568K(203776K)] 324342K->164014K(382976K), 0.0338394 secs] [Times: user=0.07 sys=0.00, real=0.04 secs] 
2024-07-05T00:50:49.620+0800: 158.331: [GC (Allocation Failure) [PSYoungGen: 203696K->27440K(204288K)] 340142K->164134K(383488K), 0.0250058 secs] [Times: user=0.05 sys=0.00, real=0.02 secs] 
2024-07-05T00:50:49.896+0800: 158.607: [GC (Allocation Failure) [PSYoungGen: 199472K->14667K(186880K)] 336166K->153341K(366080K), 0.0157731 secs] [Times: user=0.03 sys=0.00, real=0.01 secs] 
2024-07-05T00:50:50.151+0800: 158.862: [GC (Allocation Failure) [PSYoungGen: 186699K->18832K(205312K)] 325373K->165670K(384512K), 0.0321571 secs] [Times: user=0.06 sys=0.00, real=0.03 secs] 
2024-07-05T00:50:50.386+0800: 159.096: [GC (Allocation Failure) [PSYoungGen: 190352K->30032K(201728K)] 337190K->182615K(380928K), 0.0379076 secs] [Times: user=0.08 sys=0.00, real=0.03 secs] 
2024-07-05T00:50:50.644+0800: 159.354: [GC (Allocation Failure) [PSYoungGen: 201552K->22907K(204288K)] 354135K->176210K(383488K), 0.0225251 secs] [Times: user=0.04 sys=0.00, real=0.03 secs] 
2024-07-05T00:50:50.911+0800: 159.622: [GC (Allocation Failure) [PSYoungGen: 191867K->12647K(203264K)] 345170K->167566K(382464K), 0.0147576 secs] [Times: user=0.03 sys=0.00, real=0.02 secs] 
2024-07-05T00:50:51.138+0800: 159.848: [GC (Allocation Failure) [PSYoungGen: 181607K->23488K(202752K)] 336526K->185190K(381952K), 0.0335242 secs] [Times: user=0.06 sys=0.00, real=0.03 secs] 
2024-07-05T00:50:51.362+0800: 160.072: [GC (Allocation Failure) [PSYoungGen: 192960K->31024K(200704K)] 354662K->198094K(379904K), 0.0381203 secs] [Times: user=0.07 sys=0.00, real=0.04 secs] 
2024-07-05T00:50:51.640+0800: 160.350: [GC (Allocation Failure) [PSYoungGen: 200496K->15600K(202240K)] 367566K->186221K(381440K), 0.0191398 secs] [Times: user=0.04 sys=0.00, real=0.02 secs] 
2024-07-05T00:50:51.659+0800: 160.370: [Full GC (Ergonomics) [PSYoungGen: 15600K->0K(202240K)] [ParOldGen: 170621K->45974K(184832K)] 186221K->45974K(387072K), [Metaspace: 12243K->12243K(1060864K)], 0.1099605 secs] [Times: user=0.20 sys=0.00, real=0.11 secs] 
2024-07-05T00:50:52.003+0800: 160.714: [GC (Allocation Failure) [PSYoungGen: 165888K->21504K(187904K)] 211862K->67478K(372736K), 0.0287303 secs] [Times: user=0.05 sys=0.00, real=0.03 secs] 
2024-07-05T00:50:52.223+0800: 160.933: [GC (Allocation Failure) [PSYoungGen: 187392K->28976K(199168K)] 233366K->84642K(384000K), 0.0455135 secs] [Times: user=0.09 sys=0.00, real=0.05 secs] 
2024-07-05T00:50:52.488+0800: 161.199: [GC (Allocation Failure) [PSYoungGen: 193221K->21032K(200704K)] 248887K->77178K(385536K), 0.0199439 secs] [Times: user=0.04 sys=0.00, real=0.02 secs] 
2024-07-05T00:50:52.739+0800: 161.450: [GC (Allocation Failure) [PSYoungGen: 185384K->12509K(201728K)] 241530K->69761K(386560K), 0.0153204 secs] [Times: user=0.03 sys=0.00, real=0.02 secs] 
2024-07-05T00:50:52.956+0800: 161.667: [GC (Allocation Failure) [PSYoungGen: 179421K->25392K(202240K)] 236673K->88511K(387072K), 0.0341830 secs] [Times: user=0.06 sys=0.00, real=0.03 secs] 
2024-07-05T00:50:53.190+0800: 161.900: [GC (Allocation Failure) [PSYoungGen: 192304K->27654K(201728K)] 255423K->96126K(386560K), 0.0344281 secs] [Times: user=0.06 sys=0.00, real=0.03 secs] 
2024-07-05T00:50:53.459+0800: 162.170: [GC (Allocation Failure) [PSYoungGen: 193542K->15929K(202240K)] 262014K->87475K(387072K), 0.0194112 secs] [Times: user=0.04 sys=0.00, real=0.02 secs] 
2024-07-05T00:50:53.695+0800: 162.405: [GC (Allocation Failure) [PSYoungGen: 181817K->18448K(200192K)] 253363K->99172K(385024K), 0.0317938 secs] [Times: user=0.06 sys=0.00, real=0.03 secs] 
2024-07-05T00:50:53.910+0800: 162.621: [GC (Allocation Failure) [PSYoungGen: 184336K->31776K(198144K)] 265060K->118468K(382976K), 0.0402107 secs] [Times: user=0.08 sys=0.00, real=0.04 secs] 
2024-07-05T00:50:54.190+0800: 162.901: [GC (Allocation Failure) [PSYoungGen: 197664K->18109K(201728K)] 284356K->105881K(386560K), 0.0212433 secs] [Times: user=0.04 sys=0.00, real=0.02 secs] 
2024-07-05T00:50:54.450+0800: 163.160: [GC (Allocation Failure) [PSYoungGen: 181949K->11056K(200704K)] 269721K->99374K(385536K), 0.0137890 secs] [Times: user=0.03 sys=0.00, real=0.01 secs] 
2024-07-05T00:50:54.658+0800: 163.368: [GC (Allocation Failure) [PSYoungGen: 174896K->27520K(199168K)] 263214K->120892K(384000K), 0.0337784 secs] [Times: user=0.07 sys=0.00, real=0.03 secs] 
2024-07-05T00:50:54.892+0800: 163.603: [GC (Allocation Failure) [PSYoungGen: 189312K->23366K(200192K)] 282684K->121746K(385024K), 0.0256267 secs] [Times: user=0.05 sys=0.00, real=0.03 secs] 
2024-07-05T00:50:55.146+0800: 163.856: [GC (Allocation Failure) [PSYoungGen: 185158K->14326K(199168K)] 283538K->115278K(384000K), 0.0182271 secs] [Times: user=0.03 sys=0.00, real=0.01 secs] 
2024-07-05T00:50:55.366+0800: 164.077: [GC (Allocation Failure) [PSYoungGen: 177142K->24448K(199680K)] 278094K->132632K(384512K), 0.0352223 secs] [Times: user=0.06 sys=0.01, real=0.03 secs] 
2024-07-05T00:50:55.593+0800: 164.304: [GC (Allocation Failure) [PSYoungGen: 187264K->27068K(200704K)] 295448K->140941K(385536K), 0.0330535 secs] [Times: user=0.07 sys=0.00, real=0.04 secs] 
2024-07-05T00:50:55.876+0800: 164.586: [GC (Allocation Failure) [PSYoungGen: 190908K->16823K(201216K)] 304781K->135305K(386048K), 0.0214161 secs] [Times: user=0.04 sys=0.00, real=0.02 secs] 
2024-07-05T00:50:56.118+0800: 164.828: [GC (Allocation Failure) [PSYoungGen: 180663K->20208K(198144K)] 299145K->147752K(382976K), 0.0345696 secs] [Times: user=0.07 sys=0.00, real=0.03 secs] 
2024-07-05T00:50:56.338+0800: 165.048: [GC (Allocation Failure) [PSYoungGen: 184560K->29216K(199680K)] 312104K->163236K(384512K), 0.0379749 secs] [Times: user=0.08 sys=0.00, real=0.04 secs] 
2024-07-05T00:50:56.606+0800: 165.316: [GC (Allocation Failure) [PSYoungGen: 193568K->21584K(201728K)] 327588K->161025K(386560K), 0.0283269 secs] [Times: user=0.05 sys=0.00, real=0.03 secs] 
2024-07-05T00:50:56.864+0800: 165.575: [GC (Allocation Failure) [PSYoungGen: 187984K->12464K(201728K)] 327425K->156217K(386560K), 0.0192543 secs] [Times: user=0.04 sys=0.00, real=0.02 secs] 
2024-07-05T00:50:57.070+0800: 165.780: [GC (Allocation Failure) [PSYoungGen: 178864K->27840K(200704K)] 322617K->172406K(385536K), 0.0286356 secs] [Times: user=0.05 sys=0.00, real=0.03 secs] 
2024-07-05T00:50:57.322+0800: 166.032: [GC (Allocation Failure) [PSYoungGen: 192704K->20088K(201728K)] 337270K->169272K(386560K), 0.0243415 secs] [Times: user=0.04 sys=0.00, real=0.03 secs] 
2024-07-05T00:50:57.569+0800: 166.279: [GC (Allocation Failure) [PSYoungGen: 184952K->15739K(200704K)] 334136K->166605K(385536K), 0.0175572 secs] [Times: user=0.03 sys=0.00, real=0.02 secs] 
2024-07-05T00:50:57.793+0800: 166.503: [GC (Allocation Failure) [PSYoungGen: 181627K->24640K(201216K)] 332493K->182358K(386048K), 0.0377335 secs] [Times: user=0.07 sys=0.00, real=0.04 secs] 
2024-07-05T00:50:58.030+0800: 166.740: [GC (Allocation Failure) [PSYoungGen: 190528K->27472K(201216K)] 348246K->190846K(386048K), 0.0326483 secs] [Times: user=0.06 sys=0.00, real=0.03 secs] 
2024-07-05T00:50:58.297+0800: 167.008: [GC (Allocation Failure) [PSYoungGen: 193360K->16706K(202240K)] 356734K->184137K(387072K), 0.0204120 secs] [Times: user=0.03 sys=0.01, real=0.02 secs] 
2024-07-05T00:50:58.554+0800: 167.264: [GC (Allocation Failure) [PSYoungGen: 182594K->19136K(199680K)] 350025K->195127K(384512K), 0.0400323 secs] [Times: user=0.07 sys=0.00, real=0.04 secs] 
2024-07-05T00:50:58.594+0800: 167.305: [Full GC (Ergonomics) [PSYoungGen: 19136K->0K(199680K)] [ParOldGen: 175991K->49039K(193024K)] 195127K->49039K(392704K), [Metaspace: 12243K->12243K(1060864K)], 0.1538225 secs] [Times: user=0.29 sys=0.00, real=0.15 secs] 
2024-07-05T00:50:58.934+0800: 167.645: [GC (Allocation Failure) [PSYoungGen: 166400K->32720K(201216K)] 215439K->81759K(394240K), 0.0357225 secs] [Times: user=0.06 sys=0.00, real=0.03 secs] 
2024-07-05T00:50:59.218+0800: 167.929: [GC (Allocation Failure) [PSYoungGen: 199120K->18944K(201728K)] 248159K->75031K(394752K), 0.0319202 secs] [Times: user=0.06 sys=0.00, real=0.03 secs] 
2024-07-05T00:50:59.471+0800: 168.182: [GC (Allocation Failure) [PSYoungGen: 183296K->15408K(180224K)] 239383K->74056K(373248K), 0.0193558 secs] [Times: user=0.03 sys=0.00, real=0.02 secs] 
2024-07-05T00:50:59.686+0800: 168.396: [GC (Allocation Failure) [PSYoungGen: 179760K->26576K(200192K)] 238408K->86497K(393216K), 0.0270890 secs] [Times: user=0.05 sys=0.01, real=0.03 secs] 
2024-07-05T00:50:59.927+0800: 168.638: [GC (Allocation Failure) [PSYoungGen: 190416K->19056K(200704K)] 250337K->83633K(393728K), 0.0240592 secs] [Times: user=0.05 sys=0.00, real=0.02 secs] 
2024-07-05T00:51:00.166+0800: 168.876: [GC (Allocation Failure) [PSYoungGen: 182896K->21024K(199168K)] 247473K->87295K(392192K), 0.0226799 secs] [Times: user=0.04 sys=0.00, real=0.02 secs] 
2024-07-05T00:51:00.408+0800: 169.119: [GC (Allocation Failure) [PSYoungGen: 186912K->21408K(200192K)] 253183K->96196K(393216K), 0.0323715 secs] [Times: user=0.06 sys=0.00, real=0.03 secs] 
2024-07-05T00:51:00.639+0800: 169.349: [GC (Allocation Failure) [PSYoungGen: 187296K->26188K(203776K)] 262084K->107041K(396800K), 0.0330533 secs] [Times: user=0.06 sys=0.00, real=0.03 secs] 
2024-07-05T00:51:00.903+0800: 169.614: [GC (Allocation Failure) [PSYoungGen: 196684K->22720K(204288K)] 277537K->108115K(397312K), 0.0273485 secs] [Times: user=0.05 sys=0.00, real=0.03 secs] 
2024-07-05T00:51:01.174+0800: 169.884: [GC (Allocation Failure) [PSYoungGen: 193216K->14560K(203776K)] 278611K->108925K(396800K), 0.0269431 secs] [Times: user=0.05 sys=0.00, real=0.02 secs] 
2024-07-05T00:51:01.403+0800: 170.114: [GC (Allocation Failure) [PSYoungGen: 185568K->27536K(204288K)] 279933K->124781K(397312K), 0.0314768 secs] [Times: user=0.07 sys=0.00, real=0.04 secs] 
2024-07-05T00:51:01.650+0800: 170.360: [GC (Allocation Failure) [PSYoungGen: 198544K->25019K(204288K)] 295789K->127007K(397312K), 0.0308389 secs] [Times: user=0.05 sys=0.00, real=0.03 secs] 
2024-07-05T00:51:01.923+0800: 170.634: [GC (Allocation Failure) [PSYoungGen: 195003K->13541K(204288K)] 296991K->118645K(397312K), 0.0172690 secs] [Times: user=0.03 sys=0.00, real=0.02 secs] 
2024-07-05T00:51:02.161+0800: 170.872: [GC (Allocation Failure) [PSYoungGen: 183525K->20336K(202240K)] 288629K->133110K(395264K), 0.0325123 secs] [Times: user=0.06 sys=0.00, real=0.03 secs] 
2024-07-05T00:51:02.386+0800: 171.097: [GC (Allocation Failure) [PSYoungGen: 190320K->32672K(202752K)] 303094K->150798K(395776K), 0.0400179 secs] [Times: user=0.08 sys=0.00, real=0.04 secs] 
2024-07-05T00:51:02.656+0800: 171.367: [GC (Allocation Failure) [PSYoungGen: 202656K->16993K(202752K)] 320782K->136063K(395776K), 0.0242955 secs] [Times: user=0.03 sys=0.00, real=0.02 secs] 
2024-07-05T00:51:02.924+0800: 171.635: [GC (Allocation Failure) [PSYoungGen: 183905K->13168K(202752K)] 302975K->134686K(395776K), 0.0168276 secs] [Times: user=0.03 sys=0.00, real=0.02 secs] 
2024-07-05T00:51:03.128+0800: 171.838: [GC (Allocation Failure) [PSYoungGen: 180080K->26912K(200704K)] 301598K->157234K(393728K), 0.0386735 secs] [Times: user=0.08 sys=0.00, real=0.04 secs] 
2024-07-05T00:51:03.371+0800: 172.082: [GC (Allocation Failure) [PSYoungGen: 191776K->24827K(201728K)] 322098K->160535K(394752K), 0.0292816 secs] [Times: user=0.06 sys=0.00, real=0.03 secs] 
2024-07-05T00:51:03.629+0800: 172.340: [GC (Allocation Failure) [PSYoungGen: 189691K->16095K(200192K)] 325399K->155084K(393216K), 0.0195297 secs] [Times: user=0.04 sys=0.00, real=0.02 secs] 
2024-07-05T00:51:03.866+0800: 172.576: [GC (Allocation Failure) [PSYoungGen: 181471K->21824K(201216K)] 320460K->168819K(394240K), 0.0340465 secs] [Times: user=0.06 sys=0.00, real=0.03 secs] 
2024-07-05T00:51:04.088+0800: 172.798: [GC (Allocation Failure) [PSYoungGen: 187200K->26944K(202240K)] 334195K->180083K(395264K), 0.0335361 secs] [Times: user=0.06 sys=0.00, real=0.03 secs] 
2024-07-05T00:51:04.350+0800: 173.060: [GC (Allocation Failure) [PSYoungGen: 194368K->23264K(202752K)] 347507K->181152K(395776K), 0.0292029 secs] [Times: user=0.06 sys=0.00, real=0.03 secs] 
2024-07-05T00:51:04.610+0800: 173.320: [GC (Allocation Failure) [PSYoungGen: 190688K->14270K(203264K)] 348576K->177743K(396288K), 0.0252928 secs] [Times: user=0.04 sys=0.00, real=0.03 secs] 
2024-07-05T00:51:04.830+0800: 173.540: [GC (Allocation Failure) [PSYoungGen: 182718K->27728K(196608K)] 346191K->192634K(389632K), 0.0295411 secs] [Times: user=0.06 sys=0.00, real=0.03 secs] 
2024-07-05T00:51:05.088+0800: 173.798: [GC (Allocation Failure) [PSYoungGen: 196176K->16256K(203264K)] 361082K->185719K(396288K), 0.0242783 secs] [Times: user=0.05 sys=0.00, real=0.02 secs] 
2024-07-05T00:51:05.314+0800: 174.025: [GC (Allocation Failure) [PSYoungGen: 183680K->22816K(190464K)] 353143K->193480K(383488K), 0.0225724 secs] [Times: user=0.04 sys=0.00, real=0.02 secs] 
2024-07-05T00:51:05.569+0800: 174.280: [GC (Allocation Failure) [PSYoungGen: 190240K->21856K(203776K)] 360904K->200088K(396800K), 0.0475085 secs] [Times: user=0.09 sys=0.00, real=0.05 secs] 
2024-07-05T00:51:05.834+0800: 174.545: [GC (Allocation Failure) [PSYoungGen: 190816K->19899K(202240K)] 369048K->204179K(395264K), 0.0301865 secs] [Times: user=0.04 sys=0.01, real=0.02 secs] 
2024-07-05T00:51:05.865+0800: 174.575: [Full GC (Ergonomics) [PSYoungGen: 19899K->0K(202240K)] [ParOldGen: 184280K->46741K(194560K)] 204179K->46741K(396800K), [Metaspace: 12243K->12243K(1060864K)], 0.1263133 secs] [Times: user=0.24 sys=0.00, real=0.13 secs] 
2024-07-05T00:51:06.209+0800: 174.920: [GC (Allocation Failure) [PSYoungGen: 168960K->30096K(201216K)] 215701K->76837K(395776K), 0.0381699 secs] [Times: user=0.08 sys=0.00, real=0.04 secs] 
2024-07-05T00:51:06.462+0800: 175.173: [GC (Allocation Failure) [PSYoungGen: 198544K->21030K(203264K)] 245285K->80273K(397824K), 0.0397548 secs] [Times: user=0.08 sys=0.00, real=0.04 secs] 
2024-07-05T00:51:06.822+0800: 175.532: [GC (Allocation Failure) [PSYoungGen: 189437K->13561K(202752K)] 248681K->78776K(397312K), 0.0217150 secs] [Times: user=0.04 sys=0.00, real=0.02 secs] 
2024-07-05T00:51:07.063+0800: 175.773: [GC (Allocation Failure) [PSYoungGen: 183545K->19568K(203776K)] 248760K->92560K(398336K), 0.0301927 secs] [Times: user=0.06 sys=0.00, real=0.03 secs] 
2024-07-05T00:51:07.286+0800: 175.997: [GC (Allocation Failure) [PSYoungGen: 189552K->31248K(200192K)] 262544K->113808K(394752K), 0.0392862 secs] [Times: user=0.08 sys=0.00, real=0.03 secs] 
2024-07-05T00:51:07.538+0800: 176.249: [GC (Allocation Failure) [PSYoungGen: 198160K->19161K(202752K)] 280720K->103154K(397312K), 0.0180411 secs] [Times: user=0.03 sys=0.00, real=0.02 secs] 
2024-07-05T00:51:07.837+0800: 176.548: [GC (Allocation Failure) [PSYoungGen: 186073K->11648K(202752K)] 270066K->98709K(397312K), 0.0174777 secs] [Times: user=0.04 sys=0.00, real=0.02 secs] 
2024-07-05T00:51:08.054+0800: 176.764: [GC (Allocation Failure) [PSYoungGen: 179584K->25760K(194048K)] 266645K->122913K(388608K), 0.0410592 secs] [Times: user=0.08 sys=0.00, real=0.04 secs] 
2024-07-05T00:51:08.283+0800: 176.993: [GC (Allocation Failure) [PSYoungGen: 193696K->31488K(198656K)] 290849K->129073K(393216K), 0.0301165 secs] [Times: user=0.05 sys=0.00, real=0.03 secs] 
2024-07-05T00:51:08.569+0800: 177.279: [GC (Allocation Failure) [PSYoungGen: 194304K->9222K(172544K)] 291889K->109533K(367104K), 0.0111747 secs] [Times: user=0.02 sys=0.00, real=0.01 secs] 
2024-07-05T00:51:08.788+0800: 177.498: [GC (Allocation Failure) [PSYoungGen: 172038K->20640K(201728K)] 272349K->125626K(396288K), 0.0280849 secs] [Times: user=0.06 sys=0.00, real=0.03 secs] 
2024-07-05T00:51:08.992+0800: 177.702: [GC (Allocation Failure) [PSYoungGen: 183456K->33712K(196608K)] 288442K->148488K(391168K), 0.0437936 secs] [Times: user=0.09 sys=0.00, real=0.05 secs] 
2024-07-05T00:51:09.272+0800: 177.983: [GC (Allocation Failure) [PSYoungGen: 196528K->12394K(198656K)] 311304K->128754K(393216K), 0.0131017 secs] [Times: user=0.02 sys=0.00, real=0.01 secs] 
2024-07-05T00:51:09.514+0800: 178.224: [GC (Allocation Failure) [PSYoungGen: 171114K->17056K(176128K)] 287474K->137528K(370688K), 0.0231370 secs] [Times: user=0.04 sys=0.00, real=0.02 secs] 
2024-07-05T00:51:09.717+0800: 178.427: [GC (Allocation Failure) [PSYoungGen: 175776K->33504K(193536K)] 296248K->163824K(388096K), 0.0496055 secs] [Times: user=0.09 sys=0.00, real=0.05 secs] 
2024-07-05T00:51:09.997+0800: 178.707: [GC (Allocation Failure) [PSYoungGen: 188128K->12491K(196608K)] 318448K->144727K(391168K), 0.0141499 secs] [Times: user=0.02 sys=0.00, real=0.01 secs] 
2024-07-05T00:51:10.244+0800: 178.954: [GC (Allocation Failure) [PSYoungGen: 167115K->16976K(194048K)] 299351K->153659K(388608K), 0.0251988 secs] [Times: user=0.05 sys=0.00, real=0.03 secs] 
2024-07-05T00:51:10.462+0800: 179.172: [GC (Allocation Failure) [PSYoungGen: 172112K->30352K(195584K)] 308795K->176971K(390144K), 0.0464322 secs] [Times: user=0.09 sys=0.00, real=0.05 secs] 
2024-07-05T00:51:10.740+0800: 179.451: [GC (Allocation Failure) [PSYoungGen: 185488K->15472K(197120K)] 332107K->166989K(391680K), 0.0204341 secs] [Times: user=0.04 sys=0.00, real=0.02 secs] 
2024-07-05T00:51:10.978+0800: 179.689: [GC (Allocation Failure) [PSYoungGen: 171120K->17888K(173568K)] 322637K->177456K(368128K), 0.0285517 secs] [Times: user=0.05 sys=0.00, real=0.03 secs] 
2024-07-05T00:51:11.178+0800: 179.888: [GC (Allocation Failure) [PSYoungGen: 173536K->31568K(193536K)] 333104K->197080K(388096K), 0.0428583 secs] [Times: user=0.08 sys=0.00, real=0.04 secs] 
2024-07-05T00:51:11.439+0800: 180.149: [GC (Allocation Failure) [PSYoungGen: 185680K->14960K(195584K)] 351192K->186957K(390144K), 0.0225916 secs] [Times: user=0.04 sys=0.00, real=0.02 secs] 
2024-07-05T00:51:11.686+0800: 180.397: [GC (Allocation Failure) [PSYoungGen: 169072K->19488K(193536K)] 341069K->198807K(388096K), 0.0295805 secs] [Times: user=0.06 sys=0.00, real=0.03 secs] 
2024-07-05T00:51:11.887+0800: 180.598: [GC (Allocation Failure) [PSYoungGen: 175648K->26640K(195584K)] 354967K->212199K(390144K), 0.0338770 secs] [Times: user=0.06 sys=0.00, real=0.03 secs] 
2024-07-05T00:51:11.921+0800: 180.632: [Full GC (Ergonomics) [PSYoungGen: 26640K->0K(195584K)] [ParOldGen: 185559K->53177K(206336K)] 212199K->53177K(401920K), [Metaspace: 12247K->12247K(1060864K)], 0.1483960 secs] [Times: user=0.28 sys=0.00, real=0.15 secs] 
2024-07-05T00:51:12.285+0800: 180.996: [GC (Allocation Failure) [PSYoungGen: 156160K->25664K(199168K)] 209337K->78841K(405504K), 0.0346908 secs] [Times: user=0.07 sys=0.00, real=0.04 secs] 
2024-07-05T00:51:12.539+0800: 181.250: [GC (Allocation Failure) [PSYoungGen: 185408K->19840K(179712K)] 238585K->90317K(386048K), 0.0473922 secs] [Times: user=0.09 sys=0.00, real=0.05 secs] 
2024-07-05T00:51:12.770+0800: 181.480: [GC (Allocation Failure) [PSYoungGen: 179584K->26608K(197632K)] 250061K->103633K(403968K), 0.0349784 secs] [Times: user=0.06 sys=0.00, real=0.03 secs] 
2024-07-05T00:51:13.024+0800: 181.734: [GC (Allocation Failure) [PSYoungGen: 186352K->21152K(197632K)] 263377K->102956K(403968K), 0.0261693 secs] [Times: user=0.05 sys=0.00, real=0.03 secs] 
2024-07-05T00:51:13.271+0800: 181.982: [GC (Allocation Failure) [PSYoungGen: 180896K->16528K(200192K)] 262700K->109076K(406528K), 0.0306067 secs] [Times: user=0.06 sys=0.00, real=0.03 secs] 
2024-07-05T00:51:13.482+0800: 182.193: [GC (Allocation Failure) [PSYoungGen: 179856K->30688K(199680K)] 272404K->127393K(406016K), 0.0367114 secs] [Times: user=0.07 sys=0.00, real=0.04 secs] 
2024-07-05T00:51:13.746+0800: 182.456: [GC (Allocation Failure) [PSYoungGen: 194016K->19072K(201216K)] 290721K->120595K(407552K), 0.0259681 secs] [Times: user=0.05 sys=0.00, real=0.02 secs] 
2024-07-05T00:51:13.999+0800: 182.710: [GC (Allocation Failure) [PSYoungGen: 181888K->12080K(200192K)] 283411K->115776K(406528K), 0.0162911 secs] [Times: user=0.03 sys=0.00, real=0.02 secs] 
2024-07-05T00:51:14.194+0800: 182.904: [GC (Allocation Failure) [PSYoungGen: 174896K->27856K(199168K)] 278592K->132032K(405504K), 0.0288778 secs] [Times: user=0.06 sys=0.00, real=0.02 secs] 
2024-07-05T00:51:14.440+0800: 183.150: [GC (Allocation Failure) [PSYoungGen: 189648K->19786K(181760K)] 293824K->128480K(388096K), 0.0229976 secs] [Times: user=0.05 sys=0.00, real=0.02 secs] 
2024-07-05T00:51:14.705+0800: 183.415: [GC (Allocation Failure) [PSYoungGen: 181578K->12106K(199168K)] 290272K->122141K(405504K), 0.0157535 secs] [Times: user=0.03 sys=0.00, real=0.02 secs] 
2024-07-05T00:51:14.925+0800: 183.636: [GC (Allocation Failure) [PSYoungGen: 174410K->26192K(199680K)] 284445K->141569K(406016K), 0.0355101 secs] [Times: user=0.07 sys=0.00, real=0.04 secs] 
2024-07-05T00:51:15.176+0800: 183.887: [GC (Allocation Failure) [PSYoungGen: 188496K->25046K(201216K)] 303873K->145416K(407552K), 0.0312715 secs] [Times: user=0.06 sys=0.00, real=0.03 secs] 
2024-07-05T00:51:15.463+0800: 184.173: [GC (Allocation Failure) [PSYoungGen: 188886K->11509K(201216K)] 309256K->134443K(407552K), 0.0164566 secs] [Times: user=0.03 sys=0.00, real=0.02 secs] 
2024-07-05T00:51:15.698+0800: 184.408: [GC (Allocation Failure) [PSYoungGen: 175349K->21760K(199168K)] 298283K->151809K(405504K), 0.0339141 secs] [Times: user=0.07 sys=0.00, real=0.03 secs] 
2024-07-05T00:51:15.938+0800: 184.648: [GC (Allocation Failure) [PSYoungGen: 185600K->34048K(198144K)] 315649K->169089K(404480K), 0.0424382 secs] [Times: user=0.08 sys=0.00, real=0.04 secs] 
2024-07-05T00:51:16.226+0800: 184.936: [GC (Allocation Failure) [PSYoungGen: 197888K->9597K(198656K)] 332929K->145683K(404992K), 0.0113549 secs] [Times: user=0.02 sys=0.00, real=0.02 secs] 
2024-07-05T00:51:16.447+0800: 185.157: [GC (Allocation Failure) [PSYoungGen: 168317K->19440K(178176K)] 304403K->158582K(384512K), 0.0246761 secs] [Times: user=0.05 sys=0.00, real=0.02 secs] 
2024-07-05T00:51:16.646+0800: 185.356: [GC (Allocation Failure) [PSYoungGen: 178160K->33904K(194048K)] 317302K->182826K(400384K), 0.0478629 secs] [Times: user=0.09 sys=0.00, real=0.05 secs] 
2024-07-05T00:51:16.924+0800: 185.635: [GC (Allocation Failure) [PSYoungGen: 189552K->10549K(197120K)] 338474K->161060K(403456K), 0.0114294 secs] [Times: user=0.02 sys=0.00, real=0.02 secs] 
2024-07-05T00:51:17.146+0800: 185.856: [GC (Allocation Failure) [PSYoungGen: 166197K->19312K(194048K)] 316708K->173119K(400384K), 0.0281142 secs] [Times: user=0.05 sys=0.00, real=0.03 secs] 
2024-07-05T00:51:17.358+0800: 186.069: [GC (Allocation Failure) [PSYoungGen: 174960K->34400K(195584K)] 328767K->198111K(401920K), 0.0469276 secs] [Times: user=0.09 sys=0.00, real=0.04 secs] 
2024-07-05T00:51:17.633+0800: 186.344: [GC (Allocation Failure) [PSYoungGen: 190048K->9512K(195584K)] 353759K->175088K(401920K), 0.0114689 secs] [Times: user=0.03 sys=0.00, real=0.01 secs] 
2024-07-05T00:51:17.843+0800: 186.554: [GC (Allocation Failure) [PSYoungGen: 162088K->19792K(172544K)] 327664K->188655K(378880K), 0.0244256 secs] [Times: user=0.05 sys=0.00, real=0.03 secs] 
2024-07-05T00:51:18.025+0800: 186.735: [GC (Allocation Failure) [PSYoungGen: 172368K->36304K(189952K)] 341231K->214647K(396288K), 0.0498190 secs] [Times: user=0.09 sys=0.01, real=0.06 secs] 
2024-07-05T00:51:18.309+0800: 187.019: [GC (Allocation Failure) [PSYoungGen: 185296K->5608K(154624K)] 363639K->189602K(360960K), 0.0131125 secs] [Times: user=0.03 sys=0.00, real=0.01 secs] 
2024-07-05T00:51:18.507+0800: 187.218: [GC (Allocation Failure) [PSYoungGen: 154600K->23248K(194560K)] 338594K->210223K(400896K), 0.0285798 secs] [Times: user=0.06 sys=0.00, real=0.03 secs] 
2024-07-05T00:51:18.707+0800: 187.418: [GC (Allocation Failure) [PSYoungGen: 172240K->24928K(174080K)] 359215K->221105K(380416K), 0.0337773 secs] [Times: user=0.06 sys=0.00, real=0.03 secs] 
2024-07-05T00:51:18.741+0800: 187.452: [Full GC (Ergonomics) [PSYoungGen: 24928K->0K(174080K)] [ParOldGen: 196177K->50625K(209408K)] 221105K->50625K(383488K), [Metaspace: 12247K->12247K(1060864K)], 0.1193262 secs] [Times: user=0.22 sys=0.00, real=0.12 secs] 
2024-07-05T00:51:19.101+0800: 187.811: [GC (Allocation Failure) [PSYoungGen: 148992K->21040K(194048K)] 199617K->71665K(403456K), 0.0353822 secs] [Times: user=0.07 sys=0.00, real=0.04 secs] 
2024-07-05T00:51:19.299+0800: 188.010: [GC (Allocation Failure) [PSYoungGen: 172080K->29648K(192000K)] 222705K->101006K(401408K), 0.0650099 secs] [Times: user=0.13 sys=0.00, real=0.06 secs] 
2024-07-05T00:51:19.556+0800: 188.267: [GC (Allocation Failure) [PSYoungGen: 180688K->18164K(196608K)] 252046K->90394K(406016K), 0.0177813 secs] [Times: user=0.03 sys=0.00, real=0.02 secs] 
2024-07-05T00:51:19.827+0800: 188.537: [GC (Allocation Failure) [PSYoungGen: 173812K->13376K(196608K)] 246042K->89815K(406016K), 0.0221902 secs] [Times: user=0.04 sys=0.00, real=0.02 secs] 
2024-07-05T00:51:20.030+0800: 188.740: [GC (Allocation Failure) [PSYoungGen: 169024K->30496K(195072K)] 245463K->117279K(404480K), 0.0484873 secs] [Times: user=0.08 sys=0.00, real=0.05 secs] 
2024-07-05T00:51:20.312+0800: 189.023: [GC (Allocation Failure) [PSYoungGen: 185120K->17168K(196608K)] 271903K->105255K(406016K), 0.0164948 secs] [Times: user=0.03 sys=0.00, real=0.02 secs] 
2024-07-05T00:51:20.578+0800: 189.288: [GC (Allocation Failure) [PSYoungGen: 171792K->14224K(194048K)] 259879K->106811K(403456K), 0.0229376 secs] [Times: user=0.04 sys=0.00, real=0.02 secs] 
2024-07-05T00:51:20.771+0800: 189.482: [GC (Allocation Failure) [PSYoungGen: 169872K->31360K(195584K)] 262459K->134383K(404992K), 0.0484020 secs] [Times: user=0.09 sys=0.00, real=0.05 secs] 
2024-07-05T00:51:21.040+0800: 189.750: [GC (Allocation Failure) [PSYoungGen: 187008K->18384K(197120K)] 290031K->127863K(406528K), 0.0265783 secs] [Times: user=0.05 sys=0.00, real=0.03 secs] 
2024-07-05T00:51:21.284+0800: 189.995: [GC (Allocation Failure) [PSYoungGen: 174544K->13296K(196608K)] 284023K->128433K(406016K), 0.0218483 secs] [Times: user=0.04 sys=0.00, real=0.03 secs] 
2024-07-05T00:51:21.478+0800: 190.189: [GC (Allocation Failure) [PSYoungGen: 169456K->30176K(194560K)] 284593K->146913K(403968K), 0.0323194 secs] [Times: user=0.06 sys=0.00, real=0.03 secs] 
2024-07-05T00:51:21.722+0800: 190.433: [GC (Allocation Failure) [PSYoungGen: 184800K->18688K(196608K)] 301537K->140689K(406016K), 0.0227427 secs] [Times: user=0.04 sys=0.00, real=0.02 secs] 
2024-07-05T00:51:21.959+0800: 190.669: [GC (Allocation Failure) [PSYoungGen: 173312K->13744K(194048K)] 295313K->142855K(403456K), 0.0224925 secs] [Times: user=0.04 sys=0.00, real=0.02 secs] 
2024-07-05T00:51:22.154+0800: 190.864: [GC (Allocation Failure) [PSYoungGen: 169904K->31648K(195584K)] 299015K->162715K(404992K), 0.0351158 secs] [Times: user=0.07 sys=0.00, real=0.03 secs] 
2024-07-05T00:51:22.412+0800: 191.122: [GC (Allocation Failure) [PSYoungGen: 187808K->18656K(197632K)] 318875K->157190K(407040K), 0.0274140 secs] [Times: user=0.05 sys=0.00, real=0.03 secs] 
2024-07-05T00:51:22.660+0800: 191.371: [GC (Allocation Failure) [PSYoungGen: 174816K->14000K(196608K)] 313350K->159342K(406016K), 0.0232357 secs] [Times: user=0.05 sys=0.00, real=0.02 secs] 
2024-07-05T00:51:22.857+0800: 191.568: [GC (Allocation Failure) [PSYoungGen: 170160K->28416K(195584K)] 315502K->175834K(404992K), 0.0310155 secs] [Times: user=0.07 sys=0.00, real=0.03 secs] 
2024-07-05T00:51:23.095+0800: 191.806: [GC (Allocation Failure) [PSYoungGen: 184064K->20256K(196608K)] 331482K->173632K(406016K), 0.0297896 secs] [Times: user=0.05 sys=0.00, real=0.02 secs] 
2024-07-05T00:51:23.340+0800: 192.051: [GC (Allocation Failure) [PSYoungGen: 175904K->15056K(197120K)] 329280K->176334K(406528K), 0.0259232 secs] [Times: user=0.05 sys=0.00, real=0.03 secs] 
2024-07-05T00:51:23.541+0800: 192.252: [GC (Allocation Failure) [PSYoungGen: 173264K->24944K(196608K)] 334542K->188443K(406016K), 0.0275867 secs] [Times: user=0.05 sys=0.00, real=0.03 secs] 
2024-07-05T00:51:23.780+0800: 192.491: [GC (Allocation Failure) [PSYoungGen: 183152K->21584K(197632K)] 346651K->189301K(407040K), 0.0272499 secs] [Times: user=0.05 sys=0.00, real=0.03 secs] 
2024-07-05T00:51:24.026+0800: 192.736: [GC (Allocation Failure) [PSYoungGen: 183376K->15200K(198656K)] 351093K->188005K(408064K), 0.0228984 secs] [Times: user=0.04 sys=0.00, real=0.02 secs] 
2024-07-05T00:51:24.234+0800: 192.945: [GC (Allocation Failure) [PSYoungGen: 176992K->27344K(200192K)] 349797K->201615K(409600K), 0.0339895 secs] [Times: user=0.06 sys=0.00, real=0.03 secs] 
2024-07-05T00:51:24.502+0800: 193.212: [GC (Allocation Failure) [PSYoungGen: 191184K->18864K(182784K)] 365455K->202530K(392192K), 0.0307044 secs] [Times: user=0.06 sys=0.00, real=0.03 secs] 
2024-07-05T00:51:24.761+0800: 193.472: [GC (Allocation Failure) [PSYoungGen: 182704K->18070K(201728K)] 366370K->204996K(411136K), 0.0238802 secs] [Times: user=0.05 sys=0.00, real=0.02 secs] 
2024-07-05T00:51:25.008+0800: 193.719: [GC (Allocation Failure) [PSYoungGen: 183958K->25008K(200704K)] 370884K->214450K(410112K), 0.0293101 secs] [Times: user=0.05 sys=0.00, real=0.03 secs] 
2024-07-05T00:51:25.253+0800: 193.964: [GC (Allocation Failure) [PSYoungGen: 190896K->26350K(202240K)] 380338K->220580K(411648K), 0.0320939 secs] [Times: user=0.06 sys=0.00, real=0.03 secs] 
2024-07-05T00:51:25.552+0800: 194.262: [GC (Allocation Failure) [PSYoungGen: 193262K->12658K(202752K)] 387492K->209605K(412160K), 0.0193026 secs] [Times: user=0.03 sys=0.00, real=0.02 secs] 
2024-07-05T00:51:25.802+0800: 194.512: [GC (Allocation Failure) [PSYoungGen: 179570K->20720K(199680K)] 376517K->225783K(409088K), 0.0365902 secs] [Times: user=0.06 sys=0.00, real=0.04 secs] 
2024-07-05T00:51:25.838+0800: 194.549: [Full GC (Ergonomics) [PSYoungGen: 20720K->0K(199680K)] [ParOldGen: 205063K->50710K(212992K)] 225783K->50710K(412672K), [Metaspace: 12247K->12247K(1060864K)], 0.1703294 secs] [Times: user=0.32 sys=0.00, real=0.17 secs] 
2024-07-05T00:51:26.194+0800: 194.905: [GC (Allocation Failure) [PSYoungGen: 166912K->34288K(201216K)] 217622K->86172K(414208K), 0.0396447 secs] [Times: user=0.07 sys=0.00, real=0.04 secs] 
2024-07-05T00:51:26.461+0800: 195.172: [GC (Allocation Failure) [PSYoungGen: 201200K->17401K(200192K)] 253084K->79301K(413184K), 0.0298729 secs] [Times: user=0.05 sys=0.00, real=0.03 secs] 
2024-07-05T00:51:26.734+0800: 195.444: [GC (Allocation Failure) [PSYoungGen: 180217K->14416K(200704K)] 242117K->82480K(413696K), 0.0243650 secs] [Times: user=0.05 sys=0.00, real=0.02 secs] 
2024-07-05T00:51:26.941+0800: 195.652: [GC (Allocation Failure) [PSYoungGen: 177232K->29968K(198144K)] 245296K->108628K(411136K), 0.0456018 secs] [Times: user=0.09 sys=0.00, real=0.05 secs] 
2024-07-05T00:51:27.190+0800: 195.900: [GC (Allocation Failure) [PSYoungGen: 190736K->20521K(199680K)] 269396K->100550K(412672K), 0.0202992 secs] [Times: user=0.03 sys=0.00, real=0.02 secs] 
2024-07-05T00:51:27.462+0800: 196.172: [GC (Allocation Failure) [PSYoungGen: 181289K->11136K(199168K)] 261318K->95848K(412160K), 0.0180565 secs] [Times: user=0.03 sys=0.00, real=0.02 secs] 
2024-07-05T00:51:27.663+0800: 196.373: [GC (Allocation Failure) [PSYoungGen: 172928K->27456K(199680K)] 257640K->121920K(412672K), 0.0414263 secs] [Times: user=0.08 sys=0.00, real=0.04 secs] 
2024-07-05T00:51:27.890+0800: 196.600: [GC (Allocation Failure) [PSYoungGen: 189248K->25392K(200192K)] 283712K->120600K(413184K), 0.0226041 secs] [Times: user=0.05 sys=0.00, real=0.02 secs] 
2024-07-05T00:51:28.166+0800: 196.876: [GC (Allocation Failure) [PSYoungGen: 186672K->6878K(168448K)] 281880K->103206K(381440K), 0.0092663 secs] [Times: user=0.01 sys=0.00, real=0.01 secs] 
2024-07-05T00:51:28.366+0800: 197.076: [GC (Allocation Failure) [PSYoungGen: 168158K->23888K(199680K)] 264486K->126073K(412672K), 0.0327491 secs] [Times: user=0.06 sys=0.00, real=0.03 secs] 
2024-07-05T00:51:28.585+0800: 197.296: [GC (Allocation Failure) [PSYoungGen: 184144K->31200K(191488K)] 286329K->138053K(404480K), 0.0368161 secs] [Times: user=0.07 sys=0.00, real=0.04 secs] 
2024-07-05T00:51:28.877+0800: 197.588: [GC (Allocation Failure) [PSYoungGen: 191456K->8135K(196608K)] 298309K->118042K(409600K), 0.0112418 secs] [Times: user=0.02 sys=0.00, real=0.01 secs] 
2024-07-05T00:51:29.082+0800: 197.792: [GC (Allocation Failure) [PSYoungGen: 163783K->22304K(178176K)] 273690K->137339K(391168K), 0.0305146 secs] [Times: user=0.06 sys=0.00, real=0.03 secs] 
2024-07-05T00:51:29.289+0800: 198.000: [GC (Allocation Failure) [PSYoungGen: 177952K->31856K(193536K)] 292987K->151600K(406528K), 0.0360726 secs] [Times: user=0.07 sys=0.00, real=0.03 secs] 
2024-07-05T00:51:29.577+0800: 198.287: [GC (Allocation Failure) [PSYoungGen: 185456K->2636K(156672K)] 305200K->123364K(369664K), 0.0043134 secs] [Times: user=0.01 sys=0.00, real=0.00 secs] 
2024-07-05T00:51:29.783+0800: 198.494: [GC (Allocation Failure) [PSYoungGen: 156236K->23696K(196096K)] 276964K->145547K(409088K), 0.0301290 secs] [Times: user=0.05 sys=0.00, real=0.03 secs] 
2024-07-05T00:51:30.034+0800: 198.744: [GC (Allocation Failure) [PSYoungGen: 176272K->22982K(175616K)] 298123K->153722K(388608K), 0.0341793 secs] [Times: user=0.07 sys=0.00, real=0.03 secs] 
2024-07-05T00:51:30.290+0800: 199.000: [GC (Allocation Failure) [PSYoungGen: 175558K->17984K(195584K)] 306298K->152507K(408576K), 0.0220321 secs] [Times: user=0.04 sys=0.00, real=0.02 secs] 
2024-07-05T00:51:30.517+0800: 199.227: [GC (Allocation Failure) [PSYoungGen: 172096K->23760K(194048K)] 306619K->167313K(407040K), 0.0371111 secs] [Times: user=0.07 sys=0.00, real=0.04 secs] 
2024-07-05T00:51:30.754+0800: 199.465: [GC (Allocation Failure) [PSYoungGen: 177479K->19642K(197120K)] 321033K->169428K(410112K), 0.0308609 secs] [Times: user=0.06 sys=0.00, real=0.02 secs] 
2024-07-05T00:51:31.010+0800: 199.721: [GC (Allocation Failure) [PSYoungGen: 178362K->15813K(196096K)] 328148K->167801K(409088K), 0.0195779 secs] [Times: user=0.04 sys=0.00, real=0.02 secs] 
2024-07-05T00:51:31.238+0800: 199.948: [GC (Allocation Failure) [PSYoungGen: 174533K->24752K(198656K)] 326521K->183524K(411648K), 0.0355451 secs] [Times: user=0.07 sys=0.00, real=0.03 secs] 
2024-07-05T00:51:31.472+0800: 200.183: [GC (Allocation Failure) [PSYoungGen: 187056K->25003K(199168K)] 345828K->189095K(412160K), 0.0402263 secs] [Times: user=0.06 sys=0.00, real=0.04 secs] 
2024-07-05T00:51:31.744+0800: 200.454: [GC (Allocation Failure) [PSYoungGen: 187307K->14128K(200704K)] 351399K->181786K(413696K), 0.0187737 secs] [Times: user=0.03 sys=0.00, real=0.02 secs] 
2024-07-05T00:51:31.967+0800: 200.678: [GC (Allocation Failure) [PSYoungGen: 178992K->23024K(201216K)] 346650K->197931K(414208K), 0.0334272 secs] [Times: user=0.06 sys=0.00, real=0.03 secs] 
2024-07-05T00:51:32.195+0800: 200.906: [GC (Allocation Failure) [PSYoungGen: 187888K->26960K(200704K)] 362795K->207403K(413696K), 0.0336875 secs] [Times: user=0.07 sys=0.00, real=0.03 secs] 
2024-07-05T00:51:32.460+0800: 201.171: [GC (Allocation Failure) [PSYoungGen: 191824K->18112K(201728K)] 372267K->202658K(414720K), 0.0226019 secs] [Times: user=0.04 sys=0.00, real=0.02 secs] 
2024-07-05T00:51:32.717+0800: 201.428: [GC (Allocation Failure) [PSYoungGen: 182976K->17664K(199680K)] 367522K->211428K(412672K), 0.0304353 secs] [Times: user=0.06 sys=0.00, real=0.03 secs] 
2024-07-05T00:51:32.934+0800: 201.644: [GC (Allocation Failure) [PSYoungGen: 183552K->30848K(200704K)] 377316K->230448K(413696K), 0.0407342 secs] [Times: user=0.08 sys=0.00, real=0.04 secs] 
2024-07-05T00:51:33.202+0800: 201.913: [GC (Allocation Failure) [PSYoungGen: 196736K->17600K(202240K)] 396336K->217880K(415232K), 0.0200839 secs] [Times: user=0.04 sys=0.00, real=0.02 secs] 
2024-07-05T00:51:33.447+0800: 202.158: [GC (Allocation Failure) [PSYoungGen: 182464K->14322K(179200K)] 382744K->215140K(392192K), 0.0166738 secs] [Times: user=0.03 sys=0.00, real=0.01 secs] 
2024-07-05T00:51:33.658+0800: 202.368: [GC (Allocation Failure) [PSYoungGen: 179186K->26928K(199680K)] 380004K->233243K(412672K), 0.0354840 secs] [Times: user=0.06 sys=0.00, real=0.03 secs] 
2024-07-05T00:51:33.693+0800: 202.404: [Full GC (Ergonomics) [PSYoungGen: 26928K->0K(199680K)] [ParOldGen: 206315K->54766K(221696K)] 233243K->54766K(421376K), [Metaspace: 12247K->12247K(1060864K)], 0.1742926 secs] [Times: user=0.34 sys=0.00, real=0.18 secs] 
2024-07-05T00:51:34.075+0800: 202.785: [GC (Allocation Failure) [PSYoungGen: 163840K->27382K(200704K)] 218606K->82149K(422400K), 0.0325184 secs] [Times: user=0.06 sys=0.00, real=0.03 secs] 
2024-07-05T00:51:34.326+0800: 203.036: [GC (Allocation Failure) [PSYoungGen: 191222K->17808K(201216K)] 245989K->80362K(422912K), 0.0298534 secs] [Times: user=0.05 sys=0.00, real=0.03 secs] 
2024-07-05T00:51:34.576+0800: 203.287: [GC (Allocation Failure) [PSYoungGen: 182160K->21664K(186368K)] 244714K->92252K(408064K), 0.0339221 secs] [Times: user=0.06 sys=0.00, real=0.03 secs] 
2024-07-05T00:51:34.802+0800: 203.512: [GC (Allocation Failure) [PSYoungGen: 186016K->29264K(198656K)] 256604K->105848K(420352K), 0.0372699 secs] [Times: user=0.07 sys=0.00, real=0.04 secs] 
2024-07-05T00:51:35.087+0800: 203.798: [GC (Allocation Failure) [PSYoungGen: 192592K->14640K(200192K)] 269176K->94000K(421888K), 0.0185834 secs] [Times: user=0.04 sys=0.00, real=0.02 secs] 
2024-07-05T00:51:35.366+0800: 204.076: [GC (Allocation Failure) [PSYoungGen: 177968K->16704K(199680K)] 257328K->105639K(421376K), 0.0346777 secs] [Times: user=0.06 sys=0.00, real=0.03 secs] 
2024-07-05T00:51:35.597+0800: 204.308: [GC (Allocation Failure) [PSYoungGen: 181568K->32832K(198144K)] 270503K->127171K(419840K), 0.0401493 secs] [Times: user=0.08 sys=0.00, real=0.04 secs] 
2024-07-05T00:51:35.869+0800: 204.580: [GC (Allocation Failure) [PSYoungGen: 197696K->18080K(200704K)] 292035K->118473K(422400K), 0.0322119 secs] [Times: user=0.06 sys=0.00, real=0.03 secs] 
2024-07-05T00:51:36.143+0800: 204.853: [GC (Allocation Failure) [PSYoungGen: 179872K->12608K(199680K)] 280265K->114330K(421376K), 0.0153510 secs] [Times: user=0.03 sys=0.00, real=0.02 secs] 
2024-07-05T00:51:36.346+0800: 205.056: [GC (Allocation Failure) [PSYoungGen: 174400K->27776K(198656K)] 276122K->135021K(420352K), 0.0330954 secs] [Times: user=0.06 sys=0.00, real=0.03 secs] 
2024-07-05T00:51:36.602+0800: 205.312: [GC (Allocation Failure) [PSYoungGen: 188544K->17238K(199680K)] 295789K->129547K(421376K), 0.0245852 secs] [Times: user=0.05 sys=0.00, real=0.03 secs] 
2024-07-05T00:51:36.836+0800: 205.546: [GC (Allocation Failure) [PSYoungGen: 178006K->18795K(196608K)] 290315K->132378K(418304K), 0.0196271 secs] [Times: user=0.04 sys=0.00, real=0.02 secs] 
2024-07-05T00:51:37.062+0800: 205.772: [GC (Allocation Failure) [PSYoungGen: 180587K->25136K(198144K)] 294170K->145774K(419840K), 0.0338904 secs] [Times: user=0.06 sys=0.00, real=0.04 secs] 
2024-07-05T00:51:37.314+0800: 206.024: [GC (Allocation Failure) [PSYoungGen: 186928K->18874K(199680K)] 307566K->145245K(421376K), 0.0263326 secs] [Times: user=0.05 sys=0.00, real=0.02 secs] 
2024-07-05T00:51:37.540+0800: 206.251: [GC (Allocation Failure) [PSYoungGen: 184250K->22496K(200704K)] 310621K->150804K(422400K), 0.0234716 secs] [Times: user=0.05 sys=0.00, real=0.02 secs] 
2024-07-05T00:51:37.789+0800: 206.499: [GC (Allocation Failure) [PSYoungGen: 187872K->20848K(199680K)] 316180K->157248K(421376K), 0.0307002 secs] [Times: user=0.06 sys=0.00, real=0.03 secs] 
2024-07-05T00:51:38.026+0800: 206.736: [GC (Allocation Failure) [PSYoungGen: 189296K->22411K(201728K)] 325696K->164879K(423424K), 0.0298970 secs] [Times: user=0.05 sys=0.00, real=0.03 secs] 
2024-07-05T00:51:38.278+0800: 206.988: [GC (Allocation Failure) [PSYoungGen: 190859K->22864K(203776K)] 333327K->169200K(425472K), 0.0284763 secs] [Times: user=0.06 sys=0.00, real=0.03 secs] 
2024-07-05T00:51:38.537+0800: 207.248: [GC (Allocation Failure) [PSYoungGen: 195408K->21152K(204800K)] 341744K->172916K(426496K), 0.0287120 secs] [Times: user=0.06 sys=0.00, real=0.03 secs] 
2024-07-05T00:51:38.789+0800: 207.499: [GC (Allocation Failure) [PSYoungGen: 193696K->25376K(205824K)] 345460K->180320K(427520K), 0.0305833 secs] [Times: user=0.06 sys=0.00, real=0.03 secs] 
2024-07-05T00:51:39.058+0800: 207.768: [GC (Allocation Failure) [PSYoungGen: 199968K->15056K(206336K)] 354912K->174976K(428032K), 0.0227172 secs] [Times: user=0.04 sys=0.00, real=0.02 secs] 
2024-07-05T00:51:39.291+0800: 208.002: [GC (Allocation Failure) [PSYoungGen: 189648K->27008K(204800K)] 349568K->188330K(426496K), 0.0284530 secs] [Times: user=0.06 sys=0.00, real=0.03 secs] 
2024-07-05T00:51:39.546+0800: 208.256: [GC (Allocation Failure) [PSYoungGen: 200064K->21051K(205824K)] 361386K->186958K(427520K), 0.0270311 secs] [Times: user=0.05 sys=0.00, real=0.02 secs] 
2024-07-05T00:51:39.798+0800: 208.508: [GC (Allocation Failure) [PSYoungGen: 194107K->23952K(205824K)] 360014K->192106K(427520K), 0.0263830 secs] [Times: user=0.05 sys=0.00, real=0.02 secs] 
2024-07-05T00:51:40.076+0800: 208.787: [GC (Allocation Failure) [PSYoungGen: 198032K->17146K(205824K)] 366186K->190101K(427520K), 0.0241031 secs] [Times: user=0.04 sys=0.00, real=0.02 secs] 
2024-07-05T00:51:40.320+0800: 209.031: [GC (Allocation Failure) [PSYoungGen: 191226K->25152K(205824K)] 364181K->199456K(427520K), 0.0269315 secs] [Times: user=0.05 sys=0.00, real=0.03 secs] 
2024-07-05T00:51:40.593+0800: 209.303: [GC (Allocation Failure) [PSYoungGen: 199232K->17648K(206336K)] 373536K->198626K(428032K), 0.0265514 secs] [Times: user=0.05 sys=0.00, real=0.03 secs] 
2024-07-05T00:51:40.824+0800: 209.535: [GC (Allocation Failure) [PSYoungGen: 191728K->27472K(204800K)] 372706K->212903K(426496K), 0.0342761 secs] [Times: user=0.07 sys=0.00, real=0.04 secs] 
2024-07-05T00:51:41.102+0800: 209.813: [GC (Allocation Failure) [PSYoungGen: 200528K->15008K(188416K)] 385959K->200502K(410112K), 0.0149018 secs] [Times: user=0.03 sys=0.00, real=0.02 secs] 
2024-07-05T00:51:41.330+0800: 210.040: [GC (Allocation Failure) [PSYoungGen: 188064K->24672K(205312K)] 373558K->210608K(427008K), 0.0275745 secs] [Times: user=0.04 sys=0.00, real=0.03 secs] 
2024-07-05T00:51:41.595+0800: 210.305: [GC (Allocation Failure) [PSYoungGen: 196704K->19680K(192000K)] 382640K->212886K(413696K), 0.0281375 secs] [Times: user=0.05 sys=0.00, real=0.02 secs] 
2024-07-05T00:51:41.838+0800: 210.548: [GC (Allocation Failure) [PSYoungGen: 191712K->22265K(204800K)] 384918K->220480K(426496K), 0.0280338 secs] [Times: user=0.05 sys=0.00, real=0.03 secs] 
2024-07-05T00:51:42.098+0800: 210.808: [GC (Allocation Failure) [PSYoungGen: 194809K->20816K(204288K)] 393024K->222557K(425984K), 0.0257312 secs] [Times: user=0.05 sys=0.00, real=0.02 secs] 
2024-07-05T00:51:42.337+0800: 211.048: [GC (Allocation Failure) [PSYoungGen: 193360K->23792K(205312K)] 395101K->231001K(427008K), 0.0309076 secs] [Times: user=0.06 sys=0.00, real=0.03 secs] 
2024-07-05T00:51:42.600+0800: 211.311: [GC (Allocation Failure) [PSYoungGen: 198384K->21200K(205312K)] 405593K->232384K(427008K), 0.0285970 secs] [Times: user=0.05 sys=0.00, real=0.03 secs] 
2024-07-05T00:51:42.848+0800: 211.559: [GC (Allocation Failure) [PSYoungGen: 195792K->20507K(207360K)] 406976K->237171K(429056K), 0.0293432 secs] [Times: user=0.05 sys=0.00, real=0.03 secs] 
2024-07-05T00:51:42.878+0800: 211.588: [Full GC (Ergonomics) [PSYoungGen: 20507K->0K(207360K)] [ParOldGen: 216664K->47305K(217088K)] 237171K->47305K(424448K), [Metaspace: 12247K->12247K(1060864K)], 0.1205104 secs] [Times: user=0.23 sys=0.00, real=0.12 secs] 
2024-07-05T00:51:43.232+0800: 211.943: [GC (Allocation Failure) [PSYoungGen: 177664K->29168K(206848K)] 224969K->76865K(423936K), 0.0383768 secs] [Times: user=0.07 sys=0.00, real=0.04 secs] 
2024-07-05T00:51:43.488+0800: 212.198: [GC (Allocation Failure) [PSYoungGen: 206832K->24972K(206848K)] 254529K->89493K(423936K), 0.0478690 secs] [Times: user=0.10 sys=0.00, real=0.05 secs] 
2024-07-05T00:51:43.769+0800: 212.480: [GC (Allocation Failure) [PSYoungGen: 200076K->21584K(197120K)] 264597K->91004K(414208K), 0.0279132 secs] [Times: user=0.05 sys=0.00, real=0.03 secs] 
2024-07-05T00:51:44.018+0800: 212.728: [GC (Allocation Failure) [PSYoungGen: 196688K->22192K(206336K)] 266108K->97085K(423424K), 0.0284792 secs] [Times: user=0.06 sys=0.00, real=0.03 secs] 
2024-07-05T00:51:44.275+0800: 212.986: [GC (Allocation Failure) [PSYoungGen: 197808K->22176K(205824K)] 272701K->100603K(422912K), 0.0266260 secs] [Times: user=0.06 sys=0.00, real=0.02 secs] 
2024-07-05T00:51:44.522+0800: 213.233: [GC (Allocation Failure) [PSYoungGen: 197792K->20667K(207872K)] 276219K->104483K(424960K), 0.0269259 secs] [Times: user=0.05 sys=0.00, real=0.03 secs] 
2024-07-05T00:51:44.782+0800: 213.492: [GC (Allocation Failure) [PSYoungGen: 198843K->23136K(207360K)] 282659K->110037K(424448K), 0.0282078 secs] [Times: user=0.05 sys=0.00, real=0.03 secs] 
2024-07-05T00:51:45.030+0800: 213.741: [GC (Allocation Failure) [PSYoungGen: 201246K->23545K(208384K)] 288147K->115675K(425472K), 0.0288096 secs] [Times: user=0.05 sys=0.00, real=0.03 secs] 
2024-07-05T00:51:45.302+0800: 214.012: [GC (Allocation Failure) [PSYoungGen: 203257K->21152K(208384K)] 295387K->117147K(425472K), 0.0259737 secs] [Times: user=0.05 sys=0.00, real=0.03 secs] 
2024-07-05T00:51:45.550+0800: 214.261: [GC (Allocation Failure) [PSYoungGen: 200864K->23664K(209408K)] 296859K->125138K(426496K), 0.0298350 secs] [Times: user=0.05 sys=0.01, real=0.03 secs] 
2024-07-05T00:51:45.834+0800: 214.545: [GC (Allocation Failure) [PSYoungGen: 204912K->20080K(209408K)] 306386K->124226K(426496K), 0.0391414 secs] [Times: user=0.08 sys=0.00, real=0.03 secs] 
2024-07-05T00:51:46.087+0800: 214.798: [GC (Allocation Failure) [PSYoungGen: 201328K->23792K(210432K)] 305474K->133350K(427520K), 0.0304774 secs] [Times: user=0.06 sys=0.00, real=0.03 secs] 
2024-07-05T00:51:46.376+0800: 215.087: [GC (Allocation Failure) [PSYoungGen: 206064K->18240K(210432K)] 315622K->129557K(427520K), 0.0210890 secs] [Times: user=0.04 sys=0.00, real=0.02 secs] 
2024-07-05T00:51:46.610+0800: 215.321: [GC (Allocation Failure) [PSYoungGen: 200512K->28128K(203264K)] 311829K->144482K(420352K), 0.0354050 secs] [Times: user=0.07 sys=0.00, real=0.03 secs] 
2024-07-05T00:51:46.874+0800: 215.585: [GC (Allocation Failure) [PSYoungGen: 203232K->21928K(206848K)] 319586K->144163K(423936K), 0.0260621 secs] [Times: user=0.05 sys=0.00, real=0.02 secs] 
2024-07-05T00:51:47.122+0800: 215.833: [GC (Allocation Failure) [PSYoungGen: 197032K->20400K(205312K)] 319267K->145334K(422400K), 0.0238235 secs] [Times: user=0.04 sys=0.00, real=0.03 secs] 
2024-07-05T00:51:47.390+0800: 216.101: [GC (Allocation Failure) [PSYoungGen: 196016K->18624K(206336K)] 320950K->150472K(423424K), 0.0286261 secs] [Times: user=0.05 sys=0.00, real=0.03 secs] 
2024-07-05T00:51:47.622+0800: 216.332: [GC (Allocation Failure) [PSYoungGen: 194240K->29168K(204800K)] 326088K->167092K(421888K), 0.0458228 secs] [Times: user=0.07 sys=0.00, real=0.05 secs] 
2024-07-05T00:51:47.898+0800: 216.609: [GC (Allocation Failure) [PSYoungGen: 203248K->19176K(206336K)] 341172K->157501K(423424K), 0.0186644 secs] [Times: user=0.03 sys=0.00, real=0.02 secs] 
2024-07-05T00:51:48.141+0800: 216.852: [GC (Allocation Failure) [PSYoungGen: 193256K->18992K(205312K)] 331581K->158419K(422400K), 0.0188982 secs] [Times: user=0.03 sys=0.00, real=0.02 secs] 
2024-07-05T00:51:48.395+0800: 217.105: [GC (Allocation Failure) [PSYoungGen: 193072K->19696K(205824K)] 332499K->166768K(422912K), 0.0302866 secs] [Times: user=0.06 sys=0.00, real=0.02 secs] 
2024-07-05T00:51:48.624+0800: 217.335: [GC (Allocation Failure) [PSYoungGen: 193776K->31168K(202240K)] 340848K->184376K(419328K), 0.0405237 secs] [Times: user=0.08 sys=0.00, real=0.04 secs] 
2024-07-05T00:51:48.900+0800: 217.610: [GC (Allocation Failure) [PSYoungGen: 202176K->17021K(204800K)] 355384K->170950K(421888K), 0.0183855 secs] [Times: user=0.04 sys=0.00, real=0.02 secs] 
2024-07-05T00:51:49.142+0800: 217.853: [GC (Allocation Failure) [PSYoungGen: 188029K->18066K(203776K)] 341958K->172532K(420864K), 0.0182051 secs] [Times: user=0.04 sys=0.00, real=0.02 secs] 
2024-07-05T00:51:49.378+0800: 218.088: [GC (Allocation Failure) [PSYoungGen: 189074K->23072K(204288K)] 343540K->184389K(421376K), 0.0349950 secs] [Times: user=0.06 sys=0.00, real=0.03 secs] 
2024-07-05T00:51:49.616+0800: 218.327: [GC (Allocation Failure) [PSYoungGen: 194080K->26764K(204800K)] 355397K->193633K(421888K), 0.0324736 secs] [Times: user=0.06 sys=0.00, real=0.03 secs] 
2024-07-05T00:51:49.885+0800: 218.596: [GC (Allocation Failure) [PSYoungGen: 198796K->22528K(195072K)] 365665K->193498K(412160K), 0.0278268 secs] [Times: user=0.06 sys=0.00, real=0.03 secs] 
2024-07-05T00:51:50.147+0800: 218.857: [GC (Allocation Failure) [PSYoungGen: 194560K->15034K(204288K)] 365530K->191596K(421376K), 0.0245976 secs] [Times: user=0.04 sys=0.00, real=0.02 secs] 
2024-07-05T00:51:50.386+0800: 219.097: [GC (Allocation Failure) [PSYoungGen: 187066K->26528K(204800K)] 363628K->204256K(421888K), 0.0284248 secs] [Times: user=0.06 sys=0.00, real=0.03 secs] 
2024-07-05T00:51:50.634+0800: 219.345: [GC (Allocation Failure) [PSYoungGen: 198560K->21110K(204288K)] 376288K->203430K(421376K), 0.0260192 secs] [Times: user=0.05 sys=0.00, real=0.02 secs] 
2024-07-05T00:51:50.885+0800: 219.596: [GC (Allocation Failure) [PSYoungGen: 193654K->22608K(204800K)] 375974K->207172K(421888K), 0.0266933 secs] [Times: user=0.05 sys=0.00, real=0.03 secs] 
2024-07-05T00:51:51.152+0800: 219.862: [GC (Allocation Failure) [PSYoungGen: 195152K->17296K(206336K)] 379716K->209014K(423424K), 0.0286332 secs] [Times: user=0.06 sys=0.00, real=0.03 secs] 
2024-07-05T00:51:51.379+0800: 220.090: [GC (Allocation Failure) [PSYoungGen: 191888K->28352K(203264K)] 383606K->224718K(420352K), 0.0339737 secs] [Times: user=0.07 sys=0.00, real=0.03 secs] 
2024-07-05T00:51:51.650+0800: 220.361: [GC (Allocation Failure) [PSYoungGen: 202944K->18480K(205824K)] 399310K->214967K(422912K), 0.0189537 secs] [Times: user=0.03 sys=0.00, real=0.02 secs] 
2024-07-05T00:51:51.888+0800: 220.599: [GC (Allocation Failure) [PSYoungGen: 191024K->21328K(194048K)] 387511K->218984K(411136K), 0.0210226 secs] [Times: user=0.04 sys=0.00, real=0.02 secs] 
2024-07-05T00:51:52.148+0800: 220.859: [GC (Allocation Failure) [PSYoungGen: 193872K->19520K(204800K)] 391528K->224768K(421888K), 0.0305417 secs] [Times: user=0.06 sys=0.00, real=0.03 secs] 
2024-07-05T00:51:52.377+0800: 221.088: [GC (Allocation Failure) [PSYoungGen: 192576K->30336K(204288K)] 397824K->241836K(421376K), 0.0411883 secs] [Times: user=0.07 sys=0.00, real=0.04 secs] 
2024-07-05T00:51:52.418+0800: 221.129: [Full GC (Ergonomics) [PSYoungGen: 30336K->0K(204288K)] [ParOldGen: 211500K->57310K(233472K)] 241836K->57310K(437760K), [Metaspace: 12247K->12247K(1060864K)], 0.1823512 secs] [Times: user=0.35 sys=0.00, real=0.18 secs] 
2024-07-05T00:51:52.832+0800: 221.543: [GC (Allocation Failure) [PSYoungGen: 173056K->25808K(204288K)] 230366K->83118K(437760K), 0.0328270 secs] [Times: user=0.07 sys=0.00, real=0.03 secs] 
2024-07-05T00:51:53.090+0800: 221.800: [GC (Allocation Failure) [PSYoungGen: 196816K->17413K(204800K)] 254126K->83709K(438272K), 0.0331235 secs] [Times: user=0.06 sys=0.00, real=0.03 secs] 
2024-07-05T00:51:53.340+0800: 222.051: [GC (Allocation Failure) [PSYoungGen: 188421K->22256K(202752K)] 254717K->95406K(436224K), 0.0310361 secs] [Times: user=0.06 sys=0.00, real=0.03 secs] 
2024-07-05T00:51:53.566+0800: 222.276: [GC (Allocation Failure) [PSYoungGen: 193776K->27968K(203776K)] 266926K->106654K(437248K), 0.0331190 secs] [Times: user=0.07 sys=0.00, real=0.04 secs] 
2024-07-05T00:51:53.838+0800: 222.548: [GC (Allocation Failure) [PSYoungGen: 199488K->21616K(205824K)] 278174K->103532K(439296K), 0.0260085 secs] [Times: user=0.05 sys=0.00, real=0.02 secs] 
2024-07-05T00:51:54.104+0800: 222.815: [GC (Allocation Failure) [PSYoungGen: 194160K->11904K(184832K)] 276076K->98648K(418304K), 0.0202206 secs] [Times: user=0.04 sys=0.00, real=0.02 secs] 
2024-07-05T00:51:54.322+0800: 223.033: [GC (Allocation Failure) [PSYoungGen: 184448K->25616K(204800K)] 271192K->113054K(438272K), 0.0279305 secs] [Times: user=0.05 sys=0.00, real=0.03 secs] 
2024-07-05T00:51:54.550+0800: 223.260: [GC (Allocation Failure) [PSYoungGen: 196624K->27744K(199168K)] 284062K->119650K(432640K), 0.0331040 secs] [Times: user=0.05 sys=0.00, real=0.03 secs] 
2024-07-05T00:51:54.827+0800: 223.538: [GC (Allocation Failure) [PSYoungGen: 198752K->15504K(203776K)] 290658K->110021K(437248K), 0.0172887 secs] [Times: user=0.03 sys=0.00, real=0.01 secs] 
2024-07-05T00:51:55.068+0800: 223.779: [GC (Allocation Failure) [PSYoungGen: 184464K->18480K(187904K)] 278981K->121748K(421376K), 0.0306291 secs] [Times: user=0.06 sys=0.00, real=0.03 secs] 
2024-07-05T00:51:55.287+0800: 223.997: [GC (Allocation Failure) [PSYoungGen: 187440K->31008K(200192K)] 290708K->140048K(433664K), 0.0402523 secs] [Times: user=0.07 sys=0.00, real=0.04 secs] 
2024-07-05T00:51:55.538+0800: 224.249: [GC (Allocation Failure) [PSYoungGen: 196896K->19509K(202240K)] 305936K->129477K(435712K), 0.0190056 secs] [Times: user=0.04 sys=0.00, real=0.02 secs] 
2024-07-05T00:51:55.806+0800: 224.516: [GC (Allocation Failure) [PSYoungGen: 185397K->11408K(202240K)] 295365K->125005K(435712K), 0.0170583 secs] [Times: user=0.03 sys=0.00, real=0.01 secs] 
2024-07-05T00:51:56.018+0800: 224.728: [GC (Allocation Failure) [PSYoungGen: 178320K->26032K(193024K)] 291917K->148509K(426496K), 0.0387387 secs] [Times: user=0.08 sys=0.00, real=0.04 secs] 
2024-07-05T00:51:56.246+0800: 224.956: [GC (Allocation Failure) [PSYoungGen: 192944K->29872K(199168K)] 315421K->152837K(432640K), 0.0276946 secs] [Times: user=0.06 sys=0.00, real=0.02 secs] 
2024-07-05T00:51:56.531+0800: 225.242: [GC (Allocation Failure) [PSYoungGen: 192688K->10422K(173568K)] 315653K->135371K(407040K), 0.0195010 secs] [Times: user=0.03 sys=0.00, real=0.02 secs] 
2024-07-05T00:51:56.751+0800: 225.462: [GC (Allocation Failure) [PSYoungGen: 173238K->21296K(201728K)] 298187K->152169K(435200K), 0.0296864 secs] [Times: user=0.06 sys=0.00, real=0.03 secs] 
2024-07-05T00:51:56.959+0800: 225.670: [GC (Allocation Failure) [PSYoungGen: 184624K->32768K(196608K)] 315497K->168561K(430080K), 0.0379204 secs] [Times: user=0.08 sys=0.00, real=0.04 secs] 
2024-07-05T00:51:57.228+0800: 225.939: [GC (Allocation Failure) [PSYoungGen: 196096K->13584K(199168K)] 331889K->154363K(432640K), 0.0173139 secs] [Times: user=0.04 sys=0.00, real=0.01 secs] 
2024-07-05T00:51:57.467+0800: 226.177: [GC (Allocation Failure) [PSYoungGen: 173328K->17664K(177664K)] 314107K->164417K(411136K), 0.0265985 secs] [Times: user=0.05 sys=0.00, real=0.02 secs] 
2024-07-05T00:51:57.666+0800: 226.376: [GC (Allocation Failure) [PSYoungGen: 177408K->32400K(195072K)] 324161K->184985K(428544K), 0.0431137 secs] [Times: user=0.08 sys=0.00, real=0.04 secs] 
2024-07-05T00:51:57.926+0800: 226.636: [GC (Allocation Failure) [PSYoungGen: 189072K->14064K(197632K)] 341657K->172019K(431104K), 0.0184356 secs] [Times: user=0.04 sys=0.00, real=0.01 secs] 
2024-07-05T00:51:58.158+0800: 226.869: [GC (Allocation Failure) [PSYoungGen: 170736K->16816K(195072K)] 328691K->180738K(428544K), 0.0242592 secs] [Times: user=0.05 sys=0.00, real=0.02 secs] 
2024-07-05T00:51:58.348+0800: 227.058: [GC (Allocation Failure) [PSYoungGen: 174000K->32240K(196608K)] 337922K->201254K(430080K), 0.0390431 secs] [Times: user=0.07 sys=0.00, real=0.04 secs] 
2024-07-05T00:51:58.606+0800: 227.317: [GC (Allocation Failure) [PSYoungGen: 189424K->13447K(197632K)] 358438K->183429K(431104K), 0.0134601 secs] [Times: user=0.02 sys=0.00, real=0.01 secs] 
2024-07-05T00:51:58.838+0800: 227.548: [GC (Allocation Failure) [PSYoungGen: 169607K->16592K(173056K)] 339589K->190973K(406528K), 0.0243550 secs] [Times: user=0.05 sys=0.00, real=0.02 secs] 
2024-07-05T00:51:59.031+0800: 227.742: [GC (Allocation Failure) [PSYoungGen: 172752K->33680K(192512K)] 347133K->218026K(425984K), 0.0464075 secs] [Times: user=0.09 sys=0.00, real=0.05 secs] 
2024-07-05T00:51:59.292+0800: 228.003: [GC (Allocation Failure) [PSYoungGen: 186256K->12162K(195584K)] 370602K->198372K(429056K), 0.0138958 secs] [Times: user=0.03 sys=0.00, real=0.02 secs] 
2024-07-05T00:51:59.513+0800: 228.224: [GC (Allocation Failure) [PSYoungGen: 164738K->18096K(192000K)] 350948K->208731K(425472K), 0.0250432 secs] [Times: user=0.04 sys=0.00, real=0.03 secs] 
2024-07-05T00:51:59.700+0800: 228.411: [GC (Allocation Failure) [PSYoungGen: 171184K->34672K(194048K)] 361819K->235443K(427520K), 0.0479671 secs] [Times: user=0.10 sys=0.00, real=0.05 secs] 
2024-07-05T00:51:59.982+0800: 228.692: [GC (Allocation Failure) [PSYoungGen: 187760K->8475K(194560K)] 388531K->211230K(428032K), 0.0124171 secs] [Times: user=0.02 sys=0.00, real=0.02 secs] 
2024-07-05T00:52:00.191+0800: 228.902: [GC (Allocation Failure) [PSYoungGen: 159003K->19408K(169984K)] 361758K->226097K(403456K), 0.0252861 secs] [Times: user=0.05 sys=0.00, real=0.03 secs] 
2024-07-05T00:52:00.378+0800: 229.089: [GC (Allocation Failure) [PSYoungGen: 169936K->31232K(190464K)] 376625K->247521K(423936K), 0.0421073 secs] [Times: user=0.08 sys=0.00, real=0.04 secs] 
2024-07-05T00:52:00.666+0800: 229.377: [GC (Allocation Failure) [PSYoungGen: 179712K->7744K(192512K)] 396001K->228461K(425984K), 0.0159115 secs] [Times: user=0.02 sys=0.01, real=0.01 secs] 
2024-07-05T00:52:00.851+0800: 229.561: [GC (Allocation Failure) [PSYoungGen: 156224K->25872K(194560K)] 376941K->252055K(428032K), 0.0362265 secs] [Times: user=0.07 sys=0.00, real=0.04 secs] 
2024-07-05T00:52:00.887+0800: 229.598: [Full GC (Ergonomics) [PSYoungGen: 25872K->0K(194560K)] [ParOldGen: 226183K->53865K(235008K)] 252055K->53865K(429568K), [Metaspace: 12247K->12247K(1060864K)], 0.1716314 secs] [Times: user=0.33 sys=0.00, real=0.17 secs] 
2024-07-05T00:52:01.236+0800: 229.946: [GC (Allocation Failure) [PSYoungGen: 150475K->28774K(179712K)] 204340K->82639K(414720K), 0.0323586 secs] [Times: user=0.06 sys=0.00, real=0.03 secs] 
2024-07-05T00:52:01.502+0800: 230.213: [GC (Allocation Failure) [PSYoungGen: 179302K->11008K(194560K)] 233167K->76705K(429568K), 0.0312810 secs] [Times: user=0.06 sys=0.00, real=0.03 secs] 
2024-07-05T00:52:01.693+0800: 230.404: [GC (Allocation Failure) [PSYoungGen: 161024K->30672K(180736K)] 226721K->105617K(415744K), 0.0442051 secs] [Times: user=0.09 sys=0.00, real=0.05 secs] 
2024-07-05T00:52:01.935+0800: 230.645: [GC (Allocation Failure) [PSYoungGen: 180688K->16463K(194560K)] 255633K->92377K(429568K), 0.0180821 secs] [Times: user=0.03 sys=0.00, real=0.01 secs] 
2024-07-05T00:52:02.169+0800: 230.880: [GC (Allocation Failure) [PSYoungGen: 165455K->15520K(164864K)] 241369K->96928K(399872K), 0.0235510 secs] [Times: user=0.04 sys=0.00, real=0.02 secs] 
2024-07-05T00:52:02.348+0800: 231.058: [GC (Allocation Failure) [PSYoungGen: 164512K->34384K(188416K)] 245920K->126239K(423424K), 0.0482807 secs] [Times: user=0.09 sys=0.00, real=0.05 secs] 
2024-07-05T00:52:02.614+0800: 231.325: [GC (Allocation Failure) [PSYoungGen: 180304K->7296K(191488K)] 272159K->101331K(426496K), 0.0100836 secs] [Times: user=0.02 sys=0.00, real=0.00 secs] 
2024-07-05T00:52:02.800+0800: 231.510: [GC (Allocation Failure) [PSYoungGen: 153216K->20960K(188928K)] 247251K->117705K(423936K), 0.0242601 secs] [Times: user=0.05 sys=0.00, real=0.02 secs] 
2024-07-05T00:52:02.983+0800: 231.694: [GC (Allocation Failure) [PSYoungGen: 168416K->28080K(190976K)] 265161K->134053K(425984K), 0.0363510 secs] [Times: user=0.07 sys=0.00, real=0.04 secs] 
2024-07-05T00:52:03.258+0800: 231.968: [GC (Allocation Failure) [PSYoungGen: 175536K->9216K(194560K)] 281509K->121986K(429568K), 0.0189932 secs] [Times: user=0.04 sys=0.00, real=0.02 secs] 
2024-07-05T00:52:03.438+0800: 232.149: [GC (Allocation Failure) [PSYoungGen: 160256K->28992K(180224K)] 273026K->150622K(415232K), 0.0407262 secs] [Times: user=0.08 sys=0.00, real=0.04 secs] 
2024-07-05T00:52:03.663+0800: 232.374: [GC (Allocation Failure) [PSYoungGen: 180032K->19168K(196096K)] 301662K->141342K(431104K), 0.0171044 secs] [Times: user=0.03 sys=0.00, real=0.02 secs] 
2024-07-05T00:52:03.910+0800: 232.620: [GC (Allocation Failure) [PSYoungGen: 170720K->13040K(164864K)] 292894K->141090K(399872K), 0.0213390 secs] [Times: user=0.05 sys=0.00, real=0.02 secs] 
2024-07-05T00:52:04.094+0800: 232.804: [GC (Allocation Failure) [PSYoungGen: 164592K->31200K(191488K)] 292642K->169826K(426496K), 0.0452348 secs] [Times: user=0.08 sys=0.00, real=0.04 secs] 
2024-07-05T00:52:04.344+0800: 233.055: [GC (Allocation Failure) [PSYoungGen: 180704K->14594K(193536K)] 319330K->154580K(428544K), 0.0149083 secs] [Times: user=0.03 sys=0.00, real=0.02 secs] 
2024-07-05T00:52:04.564+0800: 233.275: [GC (Allocation Failure) [PSYoungGen: 164098K->16304K(190976K)] 304084K->161749K(425984K), 0.0241639 secs] [Times: user=0.05 sys=0.00, real=0.03 secs] 
2024-07-05T00:52:04.754+0800: 233.464: [GC (Allocation Failure) [PSYoungGen: 168368K->34544K(193024K)] 313813K->190218K(428032K), 0.0476206 secs] [Times: user=0.10 sys=0.00, real=0.04 secs] 
2024-07-05T00:52:05.028+0800: 233.738: [GC (Allocation Failure) [PSYoungGen: 186608K->8736K(194048K)] 342282K->166550K(429056K), 0.0112926 secs] [Times: user=0.02 sys=0.00, real=0.01 secs] 
2024-07-05T00:52:05.230+0800: 233.940: [GC (Allocation Failure) [PSYoungGen: 158240K->20256K(169984K)] 316054K->180993K(404992K), 0.0246804 secs] [Times: user=0.05 sys=0.00, real=0.03 secs] 
2024-07-05T00:52:05.417+0800: 234.128: [GC (Allocation Failure) [PSYoungGen: 169760K->33088K(188928K)] 330497K->203497K(423936K), 0.0430778 secs] [Times: user=0.09 sys=0.00, real=0.04 secs] 
2024-07-05T00:52:05.697+0800: 234.408: [GC (Allocation Failure) [PSYoungGen: 180032K->3360K(191488K)] 350441K->178595K(426496K), 0.0106230 secs] [Times: user=0.02 sys=0.00, real=0.01 secs] 
2024-07-05T00:52:05.866+0800: 234.576: [GC (Allocation Failure) [PSYoungGen: 150304K->26704K(193024K)] 325539K->205189K(428032K), 0.0323853 secs] [Times: user=0.06 sys=0.00, real=0.03 secs] 
2024-07-05T00:52:06.077+0800: 234.788: [GC (Allocation Failure) [PSYoungGen: 174160K->21264K(168960K)] 352645K->204073K(403968K), 0.0213876 secs] [Times: user=0.04 sys=0.00, real=0.02 secs] 
2024-07-05T00:52:06.324+0800: 235.035: [GC (Allocation Failure) [PSYoungGen: 168720K->12784K(192000K)] 351529K->203341K(427008K), 0.0249122 secs] [Times: user=0.05 sys=0.00, real=0.03 secs] 
2024-07-05T00:52:06.506+0800: 235.217: [GC (Allocation Failure) [PSYoungGen: 161264K->32656K(190976K)] 351821K->234149K(425984K), 0.0509146 secs] [Times: user=0.10 sys=0.00, real=0.05 secs] 
2024-07-05T00:52:06.784+0800: 235.494: [GC (Allocation Failure) [PSYoungGen: 181136K->12116K(194560K)] 382629K->215441K(429568K), 0.0146302 secs] [Times: user=0.02 sys=0.00, real=0.02 secs] 
2024-07-05T00:52:06.997+0800: 235.708: [GC (Allocation Failure) [PSYoungGen: 161620K->18336K(167936K)] 364945K->226555K(402944K), 0.0259943 secs] [Times: user=0.05 sys=0.00, real=0.02 secs] 
2024-07-05T00:52:07.176+0800: 235.887: [GC (Allocation Failure) [PSYoungGen: 167840K->36160K(187904K)] 376059K->254564K(422912K), 0.0493303 secs] [Times: user=0.09 sys=0.00, real=0.04 secs] 
2024-07-05T00:52:07.455+0800: 236.165: [GC (Allocation Failure) [PSYoungGen: 182080K->3104K(191488K)] 400484K->223673K(426496K), 0.0072312 secs] [Times: user=0.01 sys=0.00, real=0.00 secs] 
2024-07-05T00:52:07.626+0800: 236.337: [GC (Allocation Failure) [PSYoungGen: 149024K->24192K(192000K)] 369593K->245996K(427008K), 0.0258040 secs] [Times: user=0.05 sys=0.00, real=0.02 secs] 
2024-07-05T00:52:07.652+0800: 236.363: [Full GC (Ergonomics) [PSYoungGen: 24192K->0K(192000K)] [ParOldGen: 221804K->53052K(242688K)] 245996K->53052K(434688K), [Metaspace: 12247K->12247K(1060864K)], 0.1640295 secs] [Times: user=0.31 sys=0.00, real=0.17 secs] 
2024-07-05T00:52:07.984+0800: 236.695: [GC (Allocation Failure) [PSYoungGen: 146432K->27502K(192000K)] 199484K->80555K(434688K), 0.0292273 secs] [Times: user=0.06 sys=0.00, real=0.03 secs] 
2024-07-05T00:52:08.245+0800: 236.955: [GC (Allocation Failure) [PSYoungGen: 173934K->11696K(192000K)] 226987K->76310K(434688K), 0.0303198 secs] [Times: user=0.06 sys=0.00, real=0.04 secs] 
2024-07-05T00:52:08.430+0800: 237.140: [GC (Allocation Failure) [PSYoungGen: 159152K->32144K(179712K)] 223766K->106826K(422400K), 0.0477016 secs] [Times: user=0.08 sys=0.00, real=0.05 secs] 
2024-07-05T00:52:08.683+0800: 237.393: [GC (Allocation Failure) [PSYoungGen: 179600K->12633K(193024K)] 254282K->88860K(435712K), 0.0130528 secs] [Times: user=0.02 sys=0.00, real=0.02 secs] 
2024-07-05T00:52:08.896+0800: 237.607: [GC (Allocation Failure) [PSYoungGen: 158553K->17056K(163328K)] 234780K->98767K(406016K), 0.0236925 secs] [Times: user=0.05 sys=0.00, real=0.02 secs] 
2024-07-05T00:52:09.068+0800: 237.779: [GC (Allocation Failure) [PSYoungGen: 162976K->34048K(187392K)] 244687K->125851K(430080K), 0.0465518 secs] [Times: user=0.09 sys=0.00, real=0.05 secs] 
2024-07-05T00:52:09.350+0800: 238.060: [GC (Allocation Failure) [PSYoungGen: 177408K->4681K(189952K)] 269211K->101680K(432640K), 0.0139784 secs] [Times: user=0.03 sys=0.00, real=0.01 secs] 
2024-07-05T00:52:09.519+0800: 238.229: [GC (Allocation Failure) [PSYoungGen: 148041K->26960K(191488K)] 245040K->127700K(434176K), 0.0313235 secs] [Times: user=0.06 sys=0.00, real=0.03 secs] 
2024-07-05T00:52:09.725+0800: 238.436: [GC (Allocation Failure) [PSYoungGen: 171344K->19703K(164352K)] 272084K->124895K(407040K), 0.0219918 secs] [Times: user=0.04 sys=0.00, real=0.03 secs] 
2024-07-05T00:52:09.960+0800: 238.671: [GC (Allocation Failure) [PSYoungGen: 164087K->13376K(189952K)] 269279K->126353K(432640K), 0.0254483 secs] [Times: user=0.05 sys=0.00, real=0.03 secs] 
2024-07-05T00:52:10.138+0800: 238.848: [GC (Allocation Failure) [PSYoungGen: 158784K->34768K(188928K)] 271761K->158281K(431616K), 0.0505552 secs] [Times: user=0.10 sys=0.00, real=0.05 secs] 
2024-07-05T00:52:10.407+0800: 239.118: [GC (Allocation Failure) [PSYoungGen: 180176K->6923K(192000K)] 303689K->132940K(434688K), 0.0130254 secs] [Times: user=0.02 sys=0.00, real=0.01 secs] 
2024-07-05T00:52:10.597+0800: 239.307: [GC (Allocation Failure) [PSYoungGen: 152331K->21296K(166912K)] 278348K->150160K(409600K), 0.0249708 secs] [Times: user=0.05 sys=0.00, real=0.02 secs] 
2024-07-05T00:52:10.783+0800: 239.493: [GC (Allocation Failure) [PSYoungGen: 166704K->27871K(189440K)] 295568K->165851K(432128K), 0.0367387 secs] [Times: user=0.07 sys=0.00, real=0.04 secs] 
2024-07-05T00:52:11.053+0800: 239.763: [GC (Allocation Failure) [PSYoungGen: 172767K->9328K(189952K)] 310747K->156389K(432640K), 0.0237515 secs] [Times: user=0.05 sys=0.00, real=0.03 secs] 
2024-07-05T00:52:11.229+0800: 239.939: [GC (Allocation Failure) [PSYoungGen: 154224K->30816K(190976K)] 301285K->186330K(433664K), 0.0420536 secs] [Times: user=0.08 sys=0.00, real=0.04 secs] 
2024-07-05T00:52:11.471+0800: 240.182: [GC (Allocation Failure) [PSYoungGen: 177248K->13194K(192512K)] 332762K->169764K(435200K), 0.0131919 secs] [Times: user=0.03 sys=0.00, real=0.01 secs] 
2024-07-05T00:52:11.686+0800: 240.396: [GC (Allocation Failure) [PSYoungGen: 159626K->16976K(187904K)] 316196K->178515K(430592K), 0.0246351 secs] [Times: user=0.04 sys=0.00, real=0.02 secs] 
2024-07-05T00:52:11.866+0800: 240.576: [GC (Allocation Failure) [PSYoungGen: 164432K->34304K(190464K)] 325971K->205799K(433152K), 0.0462578 secs] [Times: user=0.09 sys=0.00, real=0.04 secs] 
2024-07-05T00:52:12.138+0800: 240.849: [GC (Allocation Failure) [PSYoungGen: 181760K->7941K(192512K)] 353255K->185986K(435200K), 0.0159972 secs] [Times: user=0.03 sys=0.00, real=0.02 secs] 
2024-07-05T00:52:12.326+0800: 241.037: [GC (Allocation Failure) [PSYoungGen: 154373K->23984K(170496K)] 332418K->206632K(413184K), 0.0300154 secs] [Times: user=0.06 sys=0.00, real=0.03 secs] 
2024-07-05T00:52:12.530+0800: 241.240: [GC (Allocation Failure) [PSYoungGen: 170416K->24793K(191488K)] 353064K->212350K(434176K), 0.0299369 secs] [Times: user=0.06 sys=0.00, real=0.03 secs] 
2024-07-05T00:52:12.779+0800: 241.490: [GC (Allocation Failure) [PSYoungGen: 171737K->9968K(190976K)] 359294K->206174K(433664K), 0.0224456 secs] [Times: user=0.04 sys=0.00, real=0.02 secs] 
2024-07-05T00:52:12.951+0800: 241.661: [GC (Allocation Failure) [PSYoungGen: 156912K->31072K(190976K)] 353118K->234678K(433664K), 0.0403884 secs] [Times: user=0.08 sys=0.00, real=0.04 secs] 
2024-07-05T00:52:13.193+0800: 241.904: [GC (Allocation Failure) [PSYoungGen: 178528K->12999K(193024K)] 382134K->217678K(435712K), 0.0145406 secs] [Times: user=0.02 sys=0.00, real=0.02 secs] 
2024-07-05T00:52:13.408+0800: 242.119: [GC (Allocation Failure) [PSYoungGen: 160455K->17024K(187904K)] 365134K->226486K(430592K), 0.0238917 secs] [Times: user=0.05 sys=0.00, real=0.02 secs] 
2024-07-05T00:52:13.588+0800: 242.298: [GC (Allocation Failure) [PSYoungGen: 165504K->33616K(190976K)] 374966K->253034K(433664K), 0.0467132 secs] [Times: user=0.09 sys=0.00, real=0.05 secs] 
2024-07-05T00:52:13.861+0800: 242.572: [GC (Allocation Failure) [PSYoungGen: 182096K->9510K(193536K)] 401514K->235382K(436224K), 0.0178066 secs] [Times: user=0.04 sys=0.00, real=0.02 secs] 
2024-07-05T00:52:14.054+0800: 242.764: [GC (Allocation Failure) [PSYoungGen: 157478K->23472K(171520K)] 383350K->254805K(414208K), 0.0329333 secs] [Times: user=0.06 sys=0.00, real=0.04 secs] 
2024-07-05T00:52:14.087+0800: 242.797: [Full GC (Ergonomics) [PSYoungGen: 23472K->0K(171520K)] [ParOldGen: 231333K->53081K(245760K)] 254805K->53081K(417280K), [Metaspace: 12247K->12247K(1060864K)], 0.1669309 secs] [Times: user=0.32 sys=0.00, real=0.16 secs] 
2024-07-05T00:52:14.425+0800: 243.136: [GC (Allocation Failure) [PSYoungGen: 147968K->31186K(189440K)] 201049K->84267K(435200K), 0.0339185 secs] [Times: user=0.06 sys=0.00, real=0.04 secs] 
2024-07-05T00:52:14.682+0800: 243.393: [GC (Allocation Failure) [PSYoungGen: 177106K->8800K(191488K)] 230187K->74177K(437248K), 0.0280856 secs] [Times: user=0.06 sys=0.00, real=0.03 secs] 
2024-07-05T00:52:14.865+0800: 243.576: [GC (Allocation Failure) [PSYoungGen: 154720K->30064K(190464K)] 220097K->102213K(436224K), 0.0390042 secs] [Times: user=0.08 sys=0.00, real=0.04 secs] 
2024-07-05T00:52:15.102+0800: 243.813: [GC (Allocation Failure) [PSYoungGen: 175472K->14800K(192000K)] 247621K->92291K(437760K), 0.0203691 secs] [Times: user=0.03 sys=0.00, real=0.02 secs] 
2024-07-05T00:52:15.318+0800: 244.028: [GC (Allocation Failure) [PSYoungGen: 160208K->16208K(188928K)] 237699K->100380K(434688K), 0.0240103 secs] [Times: user=0.05 sys=0.00, real=0.02 secs] 
2024-07-05T00:52:15.496+0800: 244.207: [GC (Allocation Failure) [PSYoungGen: 163152K->29824K(190464K)] 247324K->118368K(436224K), 0.0348299 secs] [Times: user=0.07 sys=0.00, real=0.03 secs] 
2024-07-05T00:52:15.763+0800: 244.473: [GC (Allocation Failure) [PSYoungGen: 176768K->11394K(194560K)] 265312K->105114K(440320K), 0.0192401 secs] [Times: user=0.04 sys=0.00, real=0.02 secs] 
2024-07-05T00:52:15.964+0800: 244.675: [GC (Allocation Failure) [PSYoungGen: 161410K->23840K(174080K)] 255130K->124665K(419840K), 0.0336040 secs] [Times: user=0.07 sys=0.00, real=0.04 secs] 
2024-07-05T00:52:16.168+0800: 244.879: [GC (Allocation Failure) [PSYoungGen: 173856K->26974K(193024K)] 274681K->133087K(438784K), 0.0316360 secs] [Times: user=0.07 sys=0.00, real=0.03 secs] 
2024-07-05T00:52:16.435+0800: 245.145: [GC (Allocation Failure) [PSYoungGen: 176990K->8240K(193024K)] 283103K->122151K(438784K), 0.0188791 secs] [Times: user=0.03 sys=0.00, real=0.01 secs] 
2024-07-05T00:52:16.613+0800: 245.324: [GC (Allocation Failure) [PSYoungGen: 158256K->28992K(193536K)] 272167K->150383K(439296K), 0.0542155 secs] [Times: user=0.11 sys=0.00, real=0.06 secs] 
2024-07-05T00:52:16.864+0800: 245.575: [GC (Allocation Failure) [PSYoungGen: 179520K->18713K(169472K)] 300911K->140769K(415232K), 0.0167536 secs] [Times: user=0.04 sys=0.00, real=0.02 secs] 
2024-07-05T00:52:17.099+0800: 245.810: [GC (Allocation Failure) [PSYoungGen: 169241K->13504K(195072K)] 291297K->141949K(440832K), 0.0232286 secs] [Times: user=0.04 sys=0.00, real=0.02 secs] 
2024-07-05T00:52:17.286+0800: 245.996: [GC (Allocation Failure) [PSYoungGen: 166080K->32464K(194048K)] 294525K->171729K(439808K), 0.0493642 secs] [Times: user=0.09 sys=0.00, real=0.05 secs] 
2024-07-05T00:52:17.545+0800: 246.255: [GC (Allocation Failure) [PSYoungGen: 185040K->14114K(195584K)] 324305K->155180K(441344K), 0.0154668 secs] [Times: user=0.03 sys=0.00, real=0.02 secs] 
2024-07-05T00:52:17.770+0800: 246.480: [GC (Allocation Failure) [PSYoungGen: 165666K->16112K(167936K)] 306732K->162216K(413696K), 0.0232123 secs] [Times: user=0.04 sys=0.00, real=0.02 secs] 
2024-07-05T00:52:17.950+0800: 246.661: [GC (Allocation Failure) [PSYoungGen: 167664K->34288K(189952K)] 313768K->190404K(435712K), 0.0476924 secs] [Times: user=0.09 sys=0.00, real=0.05 secs] 
2024-07-05T00:52:18.219+0800: 246.930: [GC (Allocation Failure) [PSYoungGen: 182768K->8111K(193024K)] 338884K->166347K(438784K), 0.0108195 secs] [Times: user=0.03 sys=0.00, real=0.01 secs] 
2024-07-05T00:52:18.413+0800: 247.124: [GC (Allocation Failure) [PSYoungGen: 156591K->20480K(188928K)] 314827K->181434K(434688K), 0.0238788 secs] [Times: user=0.04 sys=0.00, real=0.03 secs] 
2024-07-05T00:52:18.598+0800: 247.308: [GC (Allocation Failure) [PSYoungGen: 169984K->31168K(191488K)] 330938K->201339K(437248K), 0.0412399 secs] [Times: user=0.08 sys=0.00, real=0.04 secs] 
2024-07-05T00:52:18.881+0800: 247.591: [GC (Allocation Failure) [PSYoungGen: 180672K->3904K(193536K)] 350843K->178658K(439296K), 0.0107603 secs] [Times: user=0.02 sys=0.00, real=0.01 secs] 
2024-07-05T00:52:19.055+0800: 247.766: [GC (Allocation Failure) [PSYoungGen: 153408K->26416K(176128K)] 328162K->204840K(421888K), 0.0318170 secs] [Times: user=0.06 sys=0.00, real=0.03 secs] 
2024-07-05T00:52:19.266+0800: 247.976: [GC (Allocation Failure) [PSYoungGen: 175920K->21904K(195584K)] 354344K->204776K(441344K), 0.0227255 secs] [Times: user=0.04 sys=0.00, real=0.02 secs] 
2024-07-05T00:52:19.522+0800: 248.232: [GC (Allocation Failure) [PSYoungGen: 172432K->12064K(162816K)] 355304K->202139K(408576K), 0.0225512 secs] [Times: user=0.04 sys=0.00, real=0.02 secs] 
2024-07-05T00:52:19.701+0800: 248.412: [GC (Allocation Failure) [PSYoungGen: 162592K->30864K(190464K)] 352667K->230939K(436224K), 0.0446238 secs] [Times: user=0.08 sys=0.00, real=0.05 secs] 
2024-07-05T00:52:19.950+0800: 248.660: [GC (Allocation Failure) [PSYoungGen: 179306K->14651K(192512K)] 379381K->215950K(438272K), 0.0151212 secs] [Times: user=0.03 sys=0.00, real=0.01 secs] 
2024-07-05T00:52:20.170+0800: 248.880: [GC (Allocation Failure) [PSYoungGen: 163131K->16704K(189440K)] 364430K->223406K(435200K), 0.0249134 secs] [Times: user=0.05 sys=0.00, real=0.03 secs] 
2024-07-05T00:52:20.359+0800: 249.069: [GC (Allocation Failure) [PSYoungGen: 168256K->34464K(192512K)] 374958K->251282K(438272K), 0.0479590 secs] [Times: user=0.10 sys=0.00, real=0.05 secs] 
2024-07-05T00:52:20.633+0800: 249.344: [GC (Allocation Failure) [PSYoungGen: 186016K->8291K(194048K)] 402834K->227137K(439808K), 0.0111896 secs] [Times: user=0.02 sys=0.00, real=0.01 secs] 
2024-07-05T00:52:20.833+0800: 249.544: [GC (Allocation Failure) [PSYoungGen: 157795K->19936K(169472K)] 376641K->242230K(415232K), 0.0245846 secs] [Times: user=0.05 sys=0.00, real=0.03 secs] 
2024-07-05T00:52:21.023+0800: 249.734: [GC (Allocation Failure) [PSYoungGen: 169440K->30048K(189952K)] 391734K->261706K(435712K), 0.0406771 secs] [Times: user=0.08 sys=0.00, real=0.04 secs] 
2024-07-05T00:52:21.298+0800: 250.008: [GC (Allocation Failure) [PSYoungGen: 178016K->10168K(191488K)] 409674K->247439K(437248K), 0.0203775 secs] [Times: user=0.04 sys=0.00, real=0.02 secs] 
2024-07-05T00:52:21.318+0800: 250.029: [Full GC (Ergonomics) [PSYoungGen: 10168K->0K(191488K)] [ParOldGen: 237270K->41369K(240128K)] 247439K->41369K(431616K), [Metaspace: 12247K->12247K(1060864K)], 0.0999619 secs] [Times: user=0.18 sys=0.00, real=0.10 secs] 
2024-07-05T00:52:21.587+0800: 250.298: [GC (Allocation Failure) [PSYoungGen: 147968K->28352K(193536K)] 189337K->69721K(433664K), 0.0316641 secs] [Times: user=0.06 sys=0.00, real=0.03 secs] 
2024-07-05T00:52:21.803+0800: 250.514: [GC (Allocation Failure) [PSYoungGen: 178880K->23577K(174592K)] 220249K->74419K(414720K), 0.0352899 secs] [Times: user=0.06 sys=0.00, real=0.04 secs] 
2024-07-05T00:52:22.065+0800: 250.776: [GC (Allocation Failure) [PSYoungGen: 174105K->11216K(194048K)] 224947K->69839K(434176K), 0.0211823 secs] [Times: user=0.04 sys=0.00, real=0.03 secs] 
2024-07-05T00:52:22.247+0800: 250.958: [GC (Allocation Failure) [PSYoungGen: 162768K->30928K(194048K)] 221391K->97707K(434176K), 0.0424823 secs] [Times: user=0.09 sys=0.00, real=0.04 secs] 
2024-07-05T00:52:22.492+0800: 251.203: [GC (Allocation Failure) [PSYoungGen: 182480K->16326K(194560K)] 249259K->84041K(434688K), 0.0164560 secs] [Times: user=0.03 sys=0.00, real=0.02 secs] 
2024-07-05T00:52:22.730+0800: 251.440: [GC (Allocation Failure) [PSYoungGen: 168390K->14640K(194560K)] 236105K->87896K(434688K), 0.0240864 secs] [Times: user=0.04 sys=0.00, real=0.03 secs] 
2024-07-05T00:52:22.915+0800: 251.626: [GC (Allocation Failure) [PSYoungGen: 166704K->33200K(192000K)] 239960K->116620K(432128K), 0.0461403 secs] [Times: user=0.09 sys=0.00, real=0.04 secs] 
2024-07-05T00:52:23.180+0800: 251.891: [GC (Allocation Failure) [PSYoungGen: 183728K->10985K(194560K)] 267148K->96486K(434688K), 0.0144583 secs] [Times: user=0.03 sys=0.00, real=0.02 secs] 
2024-07-05T00:52:23.409+0800: 252.119: [GC (Allocation Failure) [PSYoungGen: 161513K->17808K(190976K)] 247014K->107370K(431104K), 0.0224458 secs] [Times: user=0.04 sys=0.00, real=0.02 secs] 
2024-07-05T00:52:23.594+0800: 252.305: [GC (Allocation Failure) [PSYoungGen: 168848K->29936K(193024K)] 258410K->129202K(433152K), 0.0413614 secs] [Times: user=0.08 sys=0.00, real=0.04 secs] 
2024-07-05T00:52:23.860+0800: 252.570: [GC (Allocation Failure) [PSYoungGen: 180976K->13115K(195584K)] 280242K->118133K(435712K), 0.0199944 secs] [Times: user=0.04 sys=0.00, real=0.02 secs] 
2024-07-05T00:52:24.069+0800: 252.780: [GC (Allocation Failure) [PSYoungGen: 165691K->21648K(174592K)] 270709K->135195K(414720K), 0.0322863 secs] [Times: user=0.06 sys=0.01, real=0.03 secs] 
2024-07-05T00:52:24.271+0800: 252.982: [GC (Allocation Failure) [PSYoungGen: 174224K->28547K(193024K)] 287771K->147823K(433152K), 0.0346078 secs] [Times: user=0.07 sys=0.01, real=0.03 secs] 
2024-07-05T00:52:24.538+0800: 253.248: [GC (Allocation Failure) [PSYoungGen: 180611K->9360K(194048K)] 299887K->133261K(434176K), 0.0170004 secs] [Times: user=0.03 sys=0.00, real=0.02 secs] 
2024-07-05T00:52:24.738+0800: 253.448: [GC (Allocation Failure) [PSYoungGen: 161424K->25696K(196608K)] 285325K->156251K(436736K), 0.0358672 secs] [Times: user=0.07 sys=0.00, real=0.04 secs] 
2024-07-05T00:52:24.962+0800: 253.672: [GC (Allocation Failure) [PSYoungGen: 180320K->24489K(179200K)] 310875K->160308K(419328K), 0.0300128 secs] [Times: user=0.06 sys=0.00, real=0.03 secs] 
2024-07-05T00:52:25.226+0800: 253.936: [GC (Allocation Failure) [PSYoungGen: 179113K->10010K(195584K)] 314932K->148969K(435712K), 0.0150986 secs] [Times: user=0.03 sys=0.00, real=0.01 secs] 
2024-07-05T00:52:25.415+0800: 254.125: [GC (Allocation Failure) [PSYoungGen: 164634K->26752K(195584K)] 303593K->171644K(435712K), 0.0353204 secs] [Times: user=0.07 sys=0.00, real=0.03 secs] 
2024-07-05T00:52:25.642+0800: 254.353: [GC (Allocation Failure) [PSYoungGen: 181376K->22453K(195072K)] 326268K->172465K(435200K), 0.0277779 secs] [Times: user=0.05 sys=0.00, real=0.03 secs] 
2024-07-05T00:52:25.894+0800: 254.605: [GC (Allocation Failure) [PSYoungGen: 178613K->12106K(196096K)] 328625K->164289K(436224K), 0.0155171 secs] [Times: user=0.03 sys=0.00, real=0.01 secs] 
2024-07-05T00:52:26.088+0800: 254.799: [GC (Allocation Failure) [PSYoungGen: 168266K->27424K(197120K)] 320449K->185181K(437248K), 0.0345968 secs] [Times: user=0.07 sys=0.00, real=0.03 secs] 
2024-07-05T00:52:26.326+0800: 255.036: [GC (Allocation Failure) [PSYoungGen: 185120K->20225K(178176K)] 342877K->183271K(418304K), 0.0261590 secs] [Times: user=0.05 sys=0.00, real=0.02 secs] 
2024-07-05T00:52:26.570+0800: 255.280: [GC (Allocation Failure) [PSYoungGen: 177868K->13440K(197632K)] 340913K->178152K(437760K), 0.0165587 secs] [Times: user=0.03 sys=0.00, real=0.02 secs] 
2024-07-05T00:52:26.790+0800: 255.500: [GC (Allocation Failure) [PSYoungGen: 172672K->27072K(197120K)] 337384K->197414K(437248K), 0.0337053 secs] [Times: user=0.06 sys=0.00, real=0.03 secs] 
2024-07-05T00:52:27.026+0800: 255.736: [GC (Allocation Failure) [PSYoungGen: 186304K->21495K(198656K)] 356646K->197101K(438784K), 0.0271684 secs] [Times: user=0.06 sys=0.00, real=0.03 secs] 
2024-07-05T00:52:27.271+0800: 255.981: [GC (Allocation Failure) [PSYoungGen: 183287K->16640K(199168K)] 358893K->194208K(439296K), 0.0187220 secs] [Times: user=0.04 sys=0.00, real=0.02 secs] 
2024-07-05T00:52:27.488+0800: 256.199: [GC (Allocation Failure) [PSYoungGen: 178432K->24336K(200704K)] 356000K->208875K(440832K), 0.0340061 secs] [Times: user=0.06 sys=0.00, real=0.03 secs] 
2024-07-05T00:52:27.726+0800: 256.436: [GC (Allocation Failure) [PSYoungGen: 188688K->22448K(200704K)] 373227K->212651K(440832K), 0.0318203 secs] [Times: user=0.05 sys=0.00, real=0.03 secs] 
2024-07-05T00:52:27.970+0800: 256.680: [GC (Allocation Failure) [PSYoungGen: 186800K->19424K(201216K)] 377003K->212817K(441344K), 0.0219530 secs] [Times: user=0.04 sys=0.00, real=0.02 secs] 
2024-07-05T00:52:28.219+0800: 256.930: [GC (Allocation Failure) [PSYoungGen: 186336K->19872K(201216K)] 379729K->221094K(441344K), 0.0306965 secs] [Times: user=0.06 sys=0.00, real=0.03 secs] 
2024-07-05T00:52:28.438+0800: 257.148: [GC (Allocation Failure) [PSYoungGen: 186784K->26208K(202752K)] 388006K->233810K(442880K), 0.0332002 secs] [Times: user=0.07 sys=0.00, real=0.03 secs] 
2024-07-05T00:52:28.706+0800: 257.416: [GC (Allocation Failure) [PSYoungGen: 195680K->20800K(203264K)] 403282K->232460K(443392K), 0.0258813 secs] [Times: user=0.05 sys=0.00, real=0.02 secs] 
2024-07-05T00:52:28.947+0800: 257.658: [GC (Allocation Failure) [PSYoungGen: 190272K->19531K(203264K)] 401932K->236147K(443392K), 0.0259014 secs] [Times: user=0.05 sys=0.00, real=0.02 secs] 
2024-07-05T00:52:29.191+0800: 257.902: [GC (Allocation Failure) [PSYoungGen: 191563K->23824K(203776K)] 408179K->243223K(443904K), 0.0276916 secs] [Times: user=0.05 sys=0.00, real=0.03 secs] 
2024-07-05T00:52:29.445+0800: 258.155: [GC (Allocation Failure) [PSYoungGen: 195856K->19061K(205824K)] 415255K->243432K(445952K), 0.0267823 secs] [Times: user=0.05 sys=0.00, real=0.03 secs] 
2024-07-05T00:52:29.689+0800: 258.399: [GC (Allocation Failure) [PSYoungGen: 194165K->25264K(206336K)] 418536K->252125K(446464K), 0.0288876 secs] [Times: user=0.06 sys=0.00, real=0.03 secs] 
2024-07-05T00:52:29.950+0800: 258.660: [GC (Allocation Failure) [PSYoungGen: 200368K->18685K(206848K)] 427229K->250360K(446976K), 0.0248276 secs] [Times: user=0.05 sys=0.00, real=0.03 secs] 
2024-07-05T00:52:29.975+0800: 258.685: [Full GC (Ergonomics) [PSYoungGen: 18685K->0K(206848K)] [ParOldGen: 231674K->45404K(245248K)] 250360K->45404K(452096K), [Metaspace: 12247K->12247K(1060864K)], 0.1196920 secs] [Times: user=0.22 sys=0.00, real=0.12 secs] 
2024-07-05T00:52:30.309+0800: 259.020: [GC (Allocation Failure) [PSYoungGen: 175616K->31216K(206848K)] 221020K->77972K(452096K), 0.0397547 secs] [Times: user=0.07 sys=0.00, real=0.04 secs] 
2024-07-05T00:52:30.584+0800: 259.295: [GC (Allocation Failure) [PSYoungGen: 206832K->19960K(202752K)] 253588K->85089K(448000K), 0.0458920 secs] [Times: user=0.09 sys=0.00, real=0.05 secs] 
2024-07-05T00:52:30.832+0800: 259.543: [GC (Allocation Failure) [PSYoungGen: 190968K->26976K(198144K)] 256097K->96332K(443392K), 0.0320857 secs] [Times: user=0.06 sys=0.00, real=0.03 secs] 
2024-07-05T00:52:31.105+0800: 259.816: [GC (Allocation Failure) [PSYoungGen: 197915K->16253K(204288K)] 267271K->90374K(449536K), 0.0223180 secs] [Times: user=0.04 sys=0.00, real=0.03 secs] 
2024-07-05T00:52:31.327+0800: 260.038: [GC (Allocation Failure) [PSYoungGen: 186237K->25360K(204288K)] 260358K->100911K(449536K), 0.0265302 secs] [Times: user=0.05 sys=0.01, real=0.03 secs] 
2024-07-05T00:52:31.598+0800: 260.308: [GC (Allocation Failure) [PSYoungGen: 195344K->19184K(203264K)] 270895K->102467K(448512K), 0.0291782 secs] [Times: user=0.06 sys=0.00, real=0.03 secs] 
2024-07-05T00:52:31.825+0800: 260.536: [GC (Allocation Failure) [PSYoungGen: 189168K->23440K(203776K)] 272451K->111299K(449024K), 0.0274331 secs] [Times: user=0.05 sys=0.00, real=0.03 secs] 
2024-07-05T00:52:32.087+0800: 260.798: [GC (Allocation Failure) [PSYoungGen: 193424K->21472K(202752K)] 281283K->112820K(448000K), 0.0270761 secs] [Times: user=0.05 sys=0.00, real=0.03 secs] 
2024-07-05T00:52:32.327+0800: 261.038: [GC (Allocation Failure) [PSYoungGen: 192992K->22574K(203776K)] 284340K->119422K(449024K), 0.0282905 secs] [Times: user=0.05 sys=0.00, real=0.03 secs] 
2024-07-05T00:52:32.578+0800: 261.288: [GC (Allocation Failure) [PSYoungGen: 194094K->22800K(205312K)] 290942K->123529K(450560K), 0.0282394 secs] [Times: user=0.05 sys=0.00, real=0.03 secs] 
2024-07-05T00:52:32.838+0800: 261.548: [GC (Allocation Failure) [PSYoungGen: 197904K->24576K(205824K)] 298633K->130701K(451072K), 0.0307664 secs] [Times: user=0.06 sys=0.00, real=0.03 secs] 
2024-07-05T00:52:33.096+0800: 261.807: [GC (Allocation Failure) [PSYoungGen: 199680K->23040K(206848K)] 305805K->132976K(452096K), 0.0278580 secs] [Times: user=0.05 sys=0.00, real=0.02 secs] 
2024-07-05T00:52:33.354+0800: 262.064: [GC (Allocation Failure) [PSYoungGen: 200192K->17845K(207360K)] 310128K->133237K(452608K), 0.0254660 secs] [Times: user=0.05 sys=0.00, real=0.02 secs] 
2024-07-05T00:52:33.595+0800: 262.306: [GC (Allocation Failure) [PSYoungGen: 194997K->23984K(208384K)] 310389K->141715K(453632K), 0.0270590 secs] [Times: user=0.06 sys=0.00, real=0.02 secs] 
2024-07-05T00:52:33.844+0800: 262.554: [GC (Allocation Failure) [PSYoungGen: 202160K->23755K(208384K)] 319891K->146315K(453632K), 0.0282862 secs] [Times: user=0.06 sys=0.00, real=0.03 secs] 
2024-07-05T00:52:34.105+0800: 262.816: [GC (Allocation Failure) [PSYoungGen: 201931K->22208K(206336K)] 324491K->148469K(451584K), 0.0272270 secs] [Times: user=0.05 sys=0.00, real=0.03 secs] 
2024-07-05T00:52:34.357+0800: 263.068: [GC (Allocation Failure) [PSYoungGen: 200384K->20491K(207360K)] 326645K->152192K(452608K), 0.0267763 secs] [Times: user=0.05 sys=0.00, real=0.02 secs] 
2024-07-05T00:52:34.614+0800: 263.324: [GC (Allocation Failure) [PSYoungGen: 198667K->22784K(208896K)] 330368K->157570K(454144K), 0.0308566 secs] [Times: user=0.05 sys=0.00, real=0.02 secs] 
2024-07-05T00:52:34.859+0800: 263.570: [GC (Allocation Failure) [PSYoungGen: 203520K->24768K(209408K)] 338306K->164818K(454656K), 0.0293950 secs] [Times: user=0.06 sys=0.00, real=0.03 secs] 
2024-07-05T00:52:35.134+0800: 263.845: [GC (Allocation Failure) [PSYoungGen: 205504K->20800K(209920K)] 345554K->163139K(455168K), 0.0240372 secs] [Times: user=0.05 sys=0.00, real=0.02 secs] 
2024-07-05T00:52:35.381+0800: 264.092: [GC (Allocation Failure) [PSYoungGen: 202048K->22896K(204288K)] 344387K->170651K(449536K), 0.0280644 secs] [Times: user=0.06 sys=0.00, real=0.03 secs] 
2024-07-05T00:52:35.653+0800: 264.364: [GC (Allocation Failure) [PSYoungGen: 204144K->18704K(209408K)] 351899K->168809K(454656K), 0.0231340 secs] [Times: user=0.04 sys=0.00, real=0.03 secs] 
2024-07-05T00:52:35.883+0800: 264.594: [GC (Allocation Failure) [PSYoungGen: 199952K->28128K(209408K)] 350057K->184337K(454656K), 0.0356204 secs] [Times: user=0.07 sys=0.00, real=0.04 secs] 
2024-07-05T00:52:36.151+0800: 264.862: [GC (Allocation Failure) [PSYoungGen: 209376K->21927K(205312K)] 365585K->184720K(450560K), 0.0290986 secs] [Times: user=0.05 sys=0.00, real=0.03 secs] 
2024-07-05T00:52:36.406+0800: 265.116: [GC (Allocation Failure) [PSYoungGen: 198055K->20912K(207360K)] 360848K->186945K(452608K), 0.0251837 secs] [Times: user=0.05 sys=0.00, real=0.02 secs] 
2024-07-05T00:52:36.685+0800: 265.396: [GC (Allocation Failure) [PSYoungGen: 197040K->17584K(207360K)] 363073K->190695K(452608K), 0.0276130 secs] [Times: user=0.05 sys=0.00, real=0.03 secs] 
2024-07-05T00:52:36.918+0800: 265.628: [GC (Allocation Failure) [PSYoungGen: 193712K->28160K(204800K)] 366823K->206883K(450048K), 0.0378222 secs] [Times: user=0.08 sys=0.00, real=0.04 secs] 
2024-07-05T00:52:37.186+0800: 265.896: [GC (Allocation Failure) [PSYoungGen: 204288K->21936K(206848K)] 383011K->200907K(452096K), 0.0208885 secs] [Times: user=0.04 sys=0.00, real=0.02 secs] 
2024-07-05T00:52:37.434+0800: 266.144: [GC (Allocation Failure) [PSYoungGen: 196528K->19312K(194048K)] 375499K->200311K(439296K), 0.0198026 secs] [Times: user=0.03 sys=0.00, real=0.01 secs] 
2024-07-05T00:52:37.694+0800: 266.404: [GC (Allocation Failure) [PSYoungGen: 193904K->18496K(205824K)] 374903K->207259K(451072K), 0.0292504 secs] [Times: user=0.05 sys=0.00, real=0.02 secs] 
2024-07-05T00:52:37.922+0800: 266.632: [GC (Allocation Failure) [PSYoungGen: 193088K->29648K(204288K)] 381851K->224792K(449536K), 0.0394374 secs] [Times: user=0.08 sys=0.00, real=0.04 secs] 
2024-07-05T00:52:38.190+0800: 266.900: [GC (Allocation Failure) [PSYoungGen: 204240K->21461K(206336K)] 399384K->217173K(451584K), 0.0209785 secs] [Times: user=0.04 sys=0.00, real=0.02 secs] 
2024-07-05T00:52:38.442+0800: 267.152: [GC (Allocation Failure) [PSYoungGen: 194517K->17499K(205312K)] 390229K->214818K(450560K), 0.0182873 secs] [Times: user=0.04 sys=0.00, real=0.02 secs] 
2024-07-05T00:52:38.690+0800: 267.400: [GC (Allocation Failure) [PSYoungGen: 190555K->20272K(205824K)] 387874K->225344K(451072K), 0.0314992 secs] [Times: user=0.07 sys=0.00, real=0.03 secs] 
2024-07-05T00:52:38.918+0800: 267.628: [GC (Allocation Failure) [PSYoungGen: 193840K->31616K(205312K)] 398912K->242812K(450560K), 0.0404914 secs] [Times: user=0.08 sys=0.00, real=0.04 secs] 
2024-07-05T00:52:39.194+0800: 267.904: [GC (Allocation Failure) [PSYoungGen: 204954K->18954K(204288K)] 416151K->230974K(449536K), 0.0198793 secs] [Times: user=0.04 sys=0.00, real=0.02 secs] 
2024-07-05T00:52:39.446+0800: 268.156: [GC (Allocation Failure) [PSYoungGen: 189962K->14640K(185856K)] 401982K->227206K(431104K), 0.0151501 secs] [Times: user=0.03 sys=0.00, real=0.01 secs] 
2024-07-05T00:52:39.674+0800: 268.384: [GC (Allocation Failure) [PSYoungGen: 185648K->24176K(204800K)] 398214K->242621K(450048K), 0.0330253 secs] [Times: user=0.07 sys=0.00, real=0.03 secs] 
2024-07-05T00:52:39.900+0800: 268.611: [GC (Allocation Failure) [PSYoungGen: 194672K->27488K(198144K)] 413117K->251293K(443392K), 0.0342822 secs] [Times: user=0.07 sys=0.00, real=0.04 secs] 
2024-07-05T00:52:40.170+0800: 268.880: [GC (Allocation Failure) [PSYoungGen: 197984K->21152K(204800K)] 421789K->248698K(450048K), 0.0248635 secs] [Times: user=0.05 sys=0.00, real=0.03 secs] 
2024-07-05T00:52:40.431+0800: 269.142: [GC (Allocation Failure) [PSYoungGen: 191136K->14944K(203776K)] 418682K->250992K(449024K), 0.0269239 secs] [Times: user=0.06 sys=0.00, real=0.03 secs] 
2024-07-05T00:52:40.458+0800: 269.169: [Full GC (Ergonomics) [PSYoungGen: 14944K->0K(203776K)] [ParOldGen: 236048K->45129K(253440K)] 250992K->45129K(457216K), [Metaspace: 12247K->12247K(1060864K)], 0.1272387 secs] [Times: user=0.23 sys=0.00, real=0.12 secs] 
2024-07-05T00:52:40.776+0800: 269.487: [GC (Allocation Failure) [PSYoungGen: 169984K->29552K(200704K)] 215113K->74681K(454144K), 0.0317152 secs] [Times: user=0.06 sys=0.00, real=0.03 secs] 
2024-07-05T00:52:41.018+0800: 269.729: [GC (Allocation Failure) [PSYoungGen: 196464K->23008K(202752K)] 241593K->70277K(456192K), 0.0264541 secs] [Times: user=0.05 sys=0.00, real=0.02 secs] 
2024-07-05T00:52:41.275+0800: 269.986: [GC (Allocation Failure) [PSYoungGen: 189920K->14816K(202752K)] 237189K->64310K(456192K), 0.0166010 secs] [Times: user=0.03 sys=0.00, real=0.01 secs] 
2024-07-05T00:52:41.508+0800: 270.218: [GC (Allocation Failure) [PSYoungGen: 183264K->22176K(203264K)] 232758K->79149K(456704K), 0.0325591 secs] [Times: user=0.06 sys=0.00, real=0.03 secs] 
2024-07-05T00:52:41.730+0800: 270.440: [GC (Allocation Failure) [PSYoungGen: 190624K->32416K(199680K)] 247597K->94969K(453120K), 0.0395807 secs] [Times: user=0.07 sys=0.00, real=0.04 secs] 
2024-07-05T00:52:41.996+0800: 270.707: [GC (Allocation Failure) [PSYoungGen: 198304K->15888K(202240K)] 260857K->82927K(455680K), 0.0222161 secs] [Times: user=0.04 sys=0.00, real=0.02 secs] 
2024-07-05T00:52:42.254+0800: 270.965: [GC (Allocation Failure) [PSYoungGen: 181776K->16496K(201216K)] 248815K->89266K(454656K), 0.0247275 secs] [Times: user=0.05 sys=0.00, real=0.02 secs] 
2024-07-05T00:52:42.466+0800: 271.176: [GC (Allocation Failure) [PSYoungGen: 182384K->28800K(201728K)] 255154K->106266K(455168K), 0.0348174 secs] [Times: user=0.06 sys=0.00, real=0.03 secs] 
2024-07-05T00:52:42.708+0800: 271.419: [GC (Allocation Failure) [PSYoungGen: 194688K->22619K(201728K)] 272154K->100517K(455168K), 0.0211074 secs] [Times: user=0.04 sys=0.00, real=0.02 secs] 
2024-07-05T00:52:42.964+0800: 271.675: [GC (Allocation Failure) [PSYoungGen: 188507K->11821K(201728K)] 266405K->91328K(455168K), 0.0134788 secs] [Times: user=0.03 sys=0.00, real=0.02 secs] 
2024-07-05T00:52:43.174+0800: 271.884: [GC (Allocation Failure) [PSYoungGen: 177709K->24896K(202240K)] 257216K->110637K(455680K), 0.0345074 secs] [Times: user=0.06 sys=0.00, real=0.03 secs] 
2024-07-05T00:52:43.393+0800: 272.104: [GC (Allocation Failure) [PSYoungGen: 191296K->28736K(195584K)] 277037K->119621K(449024K), 0.0323093 secs] [Times: user=0.07 sys=0.00, real=0.03 secs] 
2024-07-05T00:52:43.662+0800: 272.372: [GC (Allocation Failure) [PSYoungGen: 195136K->15904K(201728K)] 286021K->109905K(455168K), 0.0179143 secs] [Times: user=0.03 sys=0.00, real=0.02 secs] 
2024-07-05T00:52:43.898+0800: 272.608: [GC (Allocation Failure) [PSYoungGen: 180256K->18256K(182784K)] 274257K->120926K(436224K), 0.0299160 secs] [Times: user=0.06 sys=0.00, real=0.03 secs] 
2024-07-05T00:52:44.105+0800: 272.816: [GC (Allocation Failure) [PSYoungGen: 182608K->31952K(197632K)] 285278K->140498K(451072K), 0.0418271 secs] [Times: user=0.08 sys=0.00, real=0.05 secs] 
2024-07-05T00:52:44.366+0800: 273.077: [GC (Allocation Failure) [PSYoungGen: 193744K->15920K(200192K)] 302290K->125434K(453632K), 0.0159580 secs] [Times: user=0.03 sys=0.00, real=0.01 secs] 
2024-07-05T00:52:44.605+0800: 273.316: [GC (Allocation Failure) [PSYoungGen: 177712K->13952K(199680K)] 287226K->127838K(453120K), 0.0191031 secs] [Times: user=0.04 sys=0.00, real=0.02 secs] 
2024-07-05T00:52:44.799+0800: 273.510: [GC (Allocation Failure) [PSYoungGen: 176256K->29344K(192000K)] 290142K->151274K(445440K), 0.0391507 secs] [Times: user=0.08 sys=0.00, real=0.04 secs] 
2024-07-05T00:52:45.042+0800: 273.753: [GC (Allocation Failure) [PSYoungGen: 191648K->21432K(201216K)] 313578K->144302K(454656K), 0.0213228 secs] [Times: user=0.04 sys=0.00, real=0.02 secs] 
2024-07-05T00:52:45.295+0800: 274.006: [GC (Allocation Failure) [PSYoungGen: 183224K->11546K(199168K)] 306094K->135523K(452608K), 0.0130683 secs] [Times: user=0.03 sys=0.00, real=0.01 secs] 
2024-07-05T00:52:45.491+0800: 274.201: [GC (Allocation Failure) [PSYoungGen: 173338K->26432K(199168K)] 297315K->155754K(452608K), 0.0332415 secs] [Times: user=0.06 sys=0.00, real=0.03 secs] 
2024-07-05T00:52:45.726+0800: 274.436: [GC (Allocation Failure) [PSYoungGen: 187712K->23993K(199680K)] 317034K->158483K(453120K), 0.0284549 secs] [Times: user=0.05 sys=0.00, real=0.03 secs] 
2024-07-05T00:52:45.982+0800: 274.692: [GC (Allocation Failure) [PSYoungGen: 185273K->13095K(199680K)] 319763K->150688K(453120K), 0.0196274 secs] [Times: user=0.03 sys=0.00, real=0.02 secs] 
2024-07-05T00:52:46.199+0800: 274.910: [GC (Allocation Failure) [PSYoungGen: 175399K->23808K(199680K)] 312992K->168802K(453120K), 0.0341470 secs] [Times: user=0.07 sys=0.00, real=0.03 secs] 
2024-07-05T00:52:46.415+0800: 275.126: [GC (Allocation Failure) [PSYoungGen: 186112K->28256K(199680K)] 331106K->178730K(453120K), 0.0338850 secs] [Times: user=0.07 sys=0.00, real=0.03 secs] 
2024-07-05T00:52:46.681+0800: 275.391: [GC (Allocation Failure) [PSYoungGen: 191072K->15542K(200704K)] 341546K->170227K(454144K), 0.0200969 secs] [Times: user=0.04 sys=0.00, real=0.02 secs] 
2024-07-05T00:52:46.929+0800: 275.639: [GC (Allocation Failure) [PSYoungGen: 178358K->19840K(197120K)] 333043K->183497K(450560K), 0.0343551 secs] [Times: user=0.06 sys=0.00, real=0.03 secs] 
2024-07-05T00:52:47.140+0800: 275.851: [GC (Allocation Failure) [PSYoungGen: 183168K->30352K(199168K)] 346825K->200025K(452608K), 0.0379780 secs] [Times: user=0.07 sys=0.00, real=0.04 secs] 
2024-07-05T00:52:47.404+0800: 276.114: [GC (Allocation Failure) [PSYoungGen: 193680K->17664K(201216K)] 363353K->191908K(454656K), 0.0216559 secs] [Times: user=0.04 sys=0.00, real=0.02 secs] 
2024-07-05T00:52:47.651+0800: 276.362: [GC (Allocation Failure) [PSYoungGen: 180992K->16336K(179712K)] 355236K->197838K(433152K), 0.0271890 secs] [Times: user=0.05 sys=0.00, real=0.03 secs] 
2024-07-05T00:52:47.859+0800: 276.569: [GC (Allocation Failure) [PSYoungGen: 179664K->30256K(197632K)] 361166K->216290K(451072K), 0.0370770 secs] [Times: user=0.07 sys=0.00, real=0.04 secs] 
2024-07-05T00:52:48.104+0800: 276.815: [GC (Allocation Failure) [PSYoungGen: 191536K->19834K(199680K)] 377570K->206292K(453120K), 0.0207475 secs] [Times: user=0.03 sys=0.00, real=0.02 secs] 
2024-07-05T00:52:48.356+0800: 277.067: [GC (Allocation Failure) [PSYoungGen: 181114K->10608K(199168K)] 367572K->197604K(452608K), 0.0133336 secs] [Times: user=0.02 sys=0.00, real=0.01 secs] 
2024-07-05T00:52:48.553+0800: 277.264: [GC (Allocation Failure) [PSYoungGen: 173424K->27536K(200192K)] 360420K->219614K(453632K), 0.0340807 secs] [Times: user=0.07 sys=0.00, real=0.04 secs] 
2024-07-05T00:52:48.791+0800: 277.502: [GC (Allocation Failure) [PSYoungGen: 190352K->22747K(200192K)] 382430K->219845K(453632K), 0.0285344 secs] [Times: user=0.05 sys=0.00, real=0.03 secs] 
2024-07-05T00:52:49.045+0800: 277.755: [GC (Allocation Failure) [PSYoungGen: 185563K->14758K(200192K)] 382661K->214236K(453632K), 0.0174158 secs] [Times: user=0.03 sys=0.00, real=0.02 secs] 
2024-07-05T00:52:49.262+0800: 277.973: [GC (Allocation Failure) [PSYoungGen: 177574K->24416K(200704K)] 377052K->230903K(454144K), 0.0337524 secs] [Times: user=0.06 sys=0.00, real=0.04 secs] 
2024-07-05T00:52:49.485+0800: 278.195: [GC (Allocation Failure) [PSYoungGen: 188256K->27011K(200704K)] 394743K->239519K(454144K), 0.0343997 secs] [Times: user=0.07 sys=0.00, real=0.04 secs] 
2024-07-05T00:52:49.739+0800: 278.450: [GC (Allocation Failure) [PSYoungGen: 190851K->17408K(200192K)] 403359K->234408K(453632K), 0.0212433 secs] [Times: user=0.04 sys=0.00, real=0.02 secs] 
2024-07-05T00:52:49.981+0800: 278.691: [GC (Allocation Failure) [PSYoungGen: 181760K->19216K(200704K)] 398760K->245467K(454144K), 0.0335761 secs] [Times: user=0.07 sys=0.00, real=0.04 secs] 
2024-07-05T00:52:50.196+0800: 278.906: [GC (Allocation Failure) [PSYoungGen: 183568K->31680K(198144K)] 409819K->264423K(451584K), 0.0403931 secs] [Times: user=0.07 sys=0.00, real=0.04 secs] 
2024-07-05T00:52:50.462+0800: 279.172: [GC (Allocation Failure) [PSYoungGen: 194496K->18240K(200704K)] 427239K->256316K(454144K), 0.0249847 secs] [Times: user=0.05 sys=0.00, real=0.03 secs] 
2024-07-05T00:52:50.714+0800: 279.425: [GC (Allocation Failure) [PSYoungGen: 181056K->14624K(199680K)] 419132K->258688K(453120K), 0.0249577 secs] [Times: user=0.04 sys=0.00, real=0.02 secs] 
2024-07-05T00:52:50.739+0800: 279.450: [Full GC (Ergonomics) [PSYoungGen: 14624K->0K(199680K)] [ParOldGen: 244064K->45689K(257024K)] 258688K->45689K(456704K), [Metaspace: 12247K->12247K(1060864K)], 0.1246850 secs] [Times: user=0.24 sys=0.00, real=0.12 secs] 
2024-07-05T00:52:51.051+0800: 279.762: [GC (Allocation Failure) [PSYoungGen: 163840K->31152K(195072K)] 209529K->76841K(452096K), 0.0334951 secs] [Times: user=0.07 sys=0.00, real=0.03 secs] 
2024-07-05T00:52:51.292+0800: 280.002: [GC (Allocation Failure) [PSYoungGen: 194992K->21128K(201216K)] 240681K->69086K(458240K), 0.0234213 secs] [Times: user=0.05 sys=0.00, real=0.03 secs] 
2024-07-05T00:52:51.547+0800: 280.258: [GC (Allocation Failure) [PSYoungGen: 183411K->10749K(199680K)] 231369K->59809K(456704K), 0.0125463 secs] [Times: user=0.03 sys=0.00, real=0.01 secs] 
2024-07-05T00:52:51.752+0800: 280.462: [GC (Allocation Failure) [PSYoungGen: 173053K->26336K(200192K)] 222113K->80754K(457216K), 0.0340811 secs] [Times: user=0.06 sys=0.01, real=0.04 secs] 
2024-07-05T00:52:51.974+0800: 280.685: [GC (Allocation Failure) [PSYoungGen: 188640K->26336K(200192K)] 243058K->85882K(457216K), 0.0294619 secs] [Times: user=0.05 sys=0.00, real=0.02 secs] 
2024-07-05T00:52:52.240+0800: 280.950: [GC (Allocation Failure) [PSYoungGen: 188640K->12939K(200192K)] 248186K->76060K(457216K), 0.0181027 secs] [Times: user=0.03 sys=0.00, real=0.02 secs] 
2024-07-05T00:52:52.455+0800: 281.165: [GC (Allocation Failure) [PSYoungGen: 174731K->23088K(185344K)] 237852K->93782K(442368K), 0.0336692 secs] [Times: user=0.07 sys=0.00, real=0.03 secs] 
2024-07-05T00:52:52.667+0800: 281.378: [GC (Allocation Failure) [PSYoungGen: 184880K->28848K(198144K)] 255574K->105050K(455168K), 0.0347191 secs] [Times: user=0.07 sys=0.00, real=0.03 secs] 
2024-07-05T00:52:52.937+0800: 281.648: [GC (Allocation Failure) [PSYoungGen: 189616K->14889K(199168K)] 265818K->95618K(456192K), 0.0194465 secs] [Times: user=0.04 sys=0.00, real=0.02 secs] 
2024-07-05T00:52:53.166+0800: 281.877: [GC (Allocation Failure) [PSYoungGen: 175657K->19952K(197632K)] 256386K->109434K(454656K), 0.0312393 secs] [Times: user=0.06 sys=0.00, real=0.03 secs] 
2024-07-05T00:52:53.374+0800: 282.085: [GC (Allocation Failure) [PSYoungGen: 182256K->31728K(199168K)] 271738K->127254K(456192K), 0.0387959 secs] [Times: user=0.07 sys=0.00, real=0.03 secs] 
2024-07-05T00:52:53.634+0800: 282.345: [GC (Allocation Failure) [PSYoungGen: 194032K->16272K(200192K)] 289558K->116974K(457216K), 0.0209326 secs] [Times: user=0.04 sys=0.00, real=0.02 secs] 
2024-07-05T00:52:53.872+0800: 282.583: [GC (Allocation Failure) [PSYoungGen: 177552K->17072K(178688K)] 278254K->125221K(435712K), 0.0272161 secs] [Times: user=0.05 sys=0.00, real=0.03 secs] 
2024-07-05T00:52:54.074+0800: 282.784: [GC (Allocation Failure) [PSYoungGen: 178352K->31648K(196096K)] 286501K->145057K(453120K), 0.0406643 secs] [Times: user=0.07 sys=0.00, real=0.04 secs] 
2024-07-05T00:52:54.331+0800: 283.042: [GC (Allocation Failure) [PSYoungGen: 190368K->17024K(198656K)] 303777K->135411K(455680K), 0.0214955 secs] [Times: user=0.04 sys=0.00, real=0.02 secs] 
2024-07-05T00:52:54.571+0800: 283.282: [GC (Allocation Failure) [PSYoungGen: 175744K->14704K(196608K)] 294131K->139223K(453632K), 0.0229354 secs] [Times: user=0.04 sys=0.00, real=0.03 secs] 
2024-07-05T00:52:54.768+0800: 283.479: [GC (Allocation Failure) [PSYoungGen: 174448K->30800K(198144K)] 298967K->163253K(455168K), 0.0386408 secs] [Times: user=0.08 sys=0.00, real=0.04 secs] 
2024-07-05T00:52:55.015+0800: 283.726: [GC (Allocation Failure) [PSYoungGen: 190544K->18874K(198656K)] 322997K->152352K(455680K), 0.0202581 secs] [Times: user=0.04 sys=0.00, real=0.02 secs] 
2024-07-05T00:52:55.262+0800: 283.973: [GC (Allocation Failure) [PSYoungGen: 178106K->12544K(198144K)] 311584K->150165K(455168K), 0.0175648 secs] [Times: user=0.04 sys=0.00, real=0.02 secs] 
2024-07-05T00:52:55.457+0800: 284.167: [GC (Allocation Failure) [PSYoungGen: 171776K->29024K(197632K)] 309397K->173405K(454656K), 0.0375691 secs] [Times: user=0.08 sys=0.00, real=0.04 secs] 
2024-07-05T00:52:55.701+0800: 284.412: [GC (Allocation Failure) [PSYoungGen: 187744K->20592K(179712K)] 332125K->165638K(436736K), 0.0204331 secs] [Times: user=0.03 sys=0.01, real=0.02 secs] 
2024-07-05T00:52:55.949+0800: 284.660: [GC (Allocation Failure) [PSYoungGen: 179312K->9989K(197632K)] 324358K->156141K(454656K), 0.0142579 secs] [Times: user=0.02 sys=0.00, real=0.01 secs] 
2024-07-05T00:52:56.140+0800: 284.850: [GC (Allocation Failure) [PSYoungGen: 169221K->28240K(198144K)] 315373K->179674K(455168K), 0.0349737 secs] [Times: user=0.07 sys=0.00, real=0.04 secs] 
2024-07-05T00:52:56.374+0800: 285.084: [GC (Allocation Failure) [PSYoungGen: 187414K->23323K(198656K)] 338848K->179885K(455680K), 0.0291737 secs] [Times: user=0.05 sys=0.00, real=0.02 secs] 
2024-07-05T00:52:56.646+0800: 285.357: [GC (Allocation Failure) [PSYoungGen: 183067K->10346K(198656K)] 339629K->169337K(455680K), 0.0218705 secs] [Times: user=0.05 sys=0.00, real=0.02 secs] 
2024-07-05T00:52:56.848+0800: 285.558: [GC (Allocation Failure) [PSYoungGen: 170090K->26272K(198656K)] 329081K->190968K(455680K), 0.0347534 secs] [Times: user=0.07 sys=0.00, real=0.03 secs] 
2024-07-05T00:52:57.072+0800: 285.783: [GC (Allocation Failure) [PSYoungGen: 186016K->25874K(199168K)] 350712K->195594K(456192K), 0.0295953 secs] [Times: user=0.05 sys=0.00, real=0.03 secs] 
2024-07-05T00:52:57.334+0800: 286.045: [GC (Allocation Failure) [PSYoungGen: 185618K->11144K(199168K)] 355338K->184310K(456192K), 0.0160896 secs] [Times: user=0.03 sys=0.00, real=0.01 secs] 
2024-07-05T00:52:57.537+0800: 286.247: [GC (Allocation Failure) [PSYoungGen: 170888K->24432K(184320K)] 344054K->204576K(441344K), 0.0347174 secs] [Times: user=0.07 sys=0.00, real=0.03 secs] 
2024-07-05T00:52:57.754+0800: 286.464: [GC (Allocation Failure) [PSYoungGen: 184176K->28416K(197632K)] 364320K->213904K(454656K), 0.0356907 secs] [Times: user=0.06 sys=0.00, real=0.03 secs] 
2024-07-05T00:52:58.025+0800: 286.736: [GC (Allocation Failure) [PSYoungGen: 187136K->11787K(198656K)] 372624K->201382K(455680K), 0.0176857 secs] [Times: user=0.03 sys=0.00, real=0.02 secs] 
2024-07-05T00:52:58.236+0800: 286.946: [GC (Allocation Failure) [PSYoungGen: 170507K->22896K(196608K)] 360102K->220284K(453632K), 0.0342861 secs] [Times: user=0.07 sys=0.00, real=0.03 secs] 
2024-07-05T00:52:58.444+0800: 287.154: [GC (Allocation Failure) [PSYoungGen: 181616K->28880K(197632K)] 379004K->231668K(454656K), 0.0350431 secs] [Times: user=0.06 sys=0.00, real=0.04 secs] 
2024-07-05T00:52:58.716+0800: 287.427: [GC (Allocation Failure) [PSYoungGen: 187600K->12377K(198656K)] 390388K->218417K(455680K), 0.0165407 secs] [Times: user=0.03 sys=0.00, real=0.01 secs] 
2024-07-05T00:52:58.932+0800: 287.642: [GC (Allocation Failure) [PSYoungGen: 171097K->21632K(180736K)] 377137K->235729K(437760K), 0.0330300 secs] [Times: user=0.06 sys=0.00, real=0.03 secs] 
2024-07-05T00:52:59.135+0800: 287.846: [GC (Allocation Failure) [PSYoungGen: 180352K->30336K(195584K)] 394449K->249955K(452608K), 0.0357969 secs] [Times: user=0.07 sys=0.00, real=0.03 secs] 
2024-07-05T00:52:59.402+0800: 288.112: [GC (Allocation Failure) [PSYoungGen: 187520K->13058K(197120K)] 407139K->236765K(454144K), 0.0182516 secs] [Times: user=0.03 sys=0.00, real=0.02 secs] 
2024-07-05T00:52:59.620+0800: 288.331: [GC (Allocation Failure) [PSYoungGen: 170242K->19936K(194560K)] 393949K->251560K(451584K), 0.0304034 secs] [Times: user=0.06 sys=0.00, real=0.03 secs] 
2024-07-05T00:52:59.819+0800: 288.529: [GC (Allocation Failure) [PSYoungGen: 178656K->32208K(196608K)] 410280K->269386K(453632K), 0.0393473 secs] [Times: user=0.08 sys=0.00, real=0.04 secs] 
2024-07-05T00:53:00.094+0800: 288.804: [GC (Allocation Failure) [PSYoungGen: 190928K->13360K(198656K)] 428106K->255522K(455680K), 0.0195137 secs] [Times: user=0.04 sys=0.00, real=0.01 secs] 
2024-07-05T00:53:00.321+0800: 289.031: [GC (Allocation Failure) [PSYoungGen: 171568K->18768K(177152K)] 413730K->267998K(434176K), 0.0314447 secs] [Times: user=0.06 sys=0.00, real=0.03 secs] 
2024-07-05T00:53:00.352+0800: 289.063: [Full GC (Ergonomics) [PSYoungGen: 18768K->0K(177152K)] [ParOldGen: 249229K->49591K(265216K)] 267998K->49591K(442368K), [Metaspace: 12247K->12247K(1060864K)], 0.1467679 secs] [Times: user=0.28 sys=0.00, real=0.15 secs] 
2024-07-05T00:53:00.668+0800: 289.379: [GC (Allocation Failure) [PSYoungGen: 158208K->35376K(192512K)] 207799K->84967K(457728K), 0.0380039 secs] [Times: user=0.08 sys=0.00, real=0.04 secs] 
2024-07-05T00:53:00.927+0800: 289.637: [GC (Allocation Failure) [PSYoungGen: 188976K->12624K(196096K)] 238567K->70668K(461312K), 0.0227506 secs] [Times: user=0.05 sys=0.00, real=0.02 secs] 
2024-07-05T00:53:01.145+0800: 289.855: [GC (Allocation Failure) [PSYoungGen: 166224K->18768K(192512K)] 224268K->83697K(457728K), 0.0280010 secs] [Times: user=0.06 sys=0.00, real=0.03 secs] 
2024-07-05T00:53:01.338+0800: 290.048: [GC (Allocation Failure) [PSYoungGen: 172880K->31536K(194560K)] 237809K->102005K(459776K), 0.0410542 secs] [Times: user=0.07 sys=0.00, real=0.04 secs] 
2024-07-05T00:53:01.616+0800: 290.327: [GC (Allocation Failure) [PSYoungGen: 185648K->11947K(196608K)] 256117K->87643K(461824K), 0.0186137 secs] [Times: user=0.04 sys=0.00, real=0.02 secs] 
2024-07-05T00:53:01.826+0800: 290.537: [GC (Allocation Failure) [PSYoungGen: 166059K->21616K(176128K)] 241755K->104642K(441344K), 0.0313307 secs] [Times: user=0.06 sys=0.00, real=0.03 secs] 
2024-07-05T00:53:02.024+0800: 290.735: [GC (Allocation Failure) [PSYoungGen: 175728K->29152K(192512K)] 258754K->118074K(457728K), 0.0377087 secs] [Times: user=0.07 sys=0.00, real=0.04 secs] 
2024-07-05T00:53:02.296+0800: 291.006: [GC (Allocation Failure) [PSYoungGen: 181728K->11125K(194048K)] 270650K->104322K(459264K), 0.0172844 secs] [Times: user=0.03 sys=0.00, real=0.01 secs] 
2024-07-05T00:53:02.496+0800: 291.206: [GC (Allocation Failure) [PSYoungGen: 163701K->23888K(195584K)] 256898K->124748K(460800K), 0.0340045 secs] [Times: user=0.06 sys=0.00, real=0.03 secs] 
2024-07-05T00:53:02.710+0800: 291.420: [GC (Allocation Failure) [PSYoungGen: 180048K->29442K(196608K)] 280908K->135572K(461824K), 0.0352500 secs] [Times: user=0.06 sys=0.00, real=0.03 secs] 
2024-07-05T00:53:02.990+0800: 291.701: [GC (Allocation Failure) [PSYoungGen: 185602K->8416K(196096K)] 291732K->117713K(461312K), 0.0137298 secs] [Times: user=0.03 sys=0.00, real=0.01 secs] 
2024-07-05T00:53:03.182+0800: 291.892: [GC (Allocation Failure) [PSYoungGen: 163040K->24640K(196608K)] 272337K->140019K(461824K), 0.0342841 secs] [Times: user=0.07 sys=0.00, real=0.04 secs] 
2024-07-05T00:53:03.390+0800: 292.100: [GC (Allocation Failure) [PSYoungGen: 179264K->27490K(196608K)] 294643K->147722K(461824K), 0.0302204 secs] [Times: user=0.06 sys=0.00, real=0.03 secs] 
2024-07-05T00:53:03.662+0800: 292.372: [GC (Allocation Failure) [PSYoungGen: 182626K->6453K(161792K)] 302858K->129585K(427008K), 0.0126404 secs] [Times: user=0.02 sys=0.00, real=0.02 secs] 
2024-07-05T00:53:03.847+0800: 292.558: [GC (Allocation Failure) [PSYoungGen: 161589K->26544K(196096K)] 284721K->155553K(461312K), 0.0346588 secs] [Times: user=0.06 sys=0.00, real=0.03 secs] 
2024-07-05T00:53:04.058+0800: 292.769: [GC (Allocation Failure) [PSYoungGen: 180144K->24491K(178176K)] 309153K->158265K(443392K), 0.0271169 secs] [Times: user=0.05 sys=0.00, real=0.02 secs] 
2024-07-05T00:53:04.326+0800: 293.037: [GC (Allocation Failure) [PSYoungGen: 178091K->9856K(195072K)] 311865K->149871K(460288K), 0.0220428 secs] [Times: user=0.04 sys=0.00, real=0.02 secs] 
2024-07-05T00:53:04.511+0800: 293.222: [GC (Allocation Failure) [PSYoungGen: 163456K->29056K(195072K)] 303471K->178127K(460288K), 0.0407662 secs] [Times: user=0.08 sys=0.00, real=0.04 secs] 
2024-07-05T00:53:04.738+0800: 293.448: [GC (Allocation Failure) [PSYoungGen: 182656K->19845K(194560K)] 331727K->169652K(459776K), 0.0190488 secs] [Times: user=0.04 sys=0.00, real=0.02 secs] 
2024-07-05T00:53:04.988+0800: 293.699: [GC (Allocation Failure) [PSYoungGen: 173957K->12496K(195072K)] 323764K->167563K(460288K), 0.0204127 secs] [Times: user=0.04 sys=0.00, real=0.02 secs] 
2024-07-05T00:53:05.173+0800: 293.884: [GC (Allocation Failure) [PSYoungGen: 166608K->30336K(195072K)] 321675K->195331K(460288K), 0.0431504 secs] [Times: user=0.08 sys=0.00, real=0.05 secs] 
2024-07-05T00:53:05.418+0800: 294.129: [GC (Allocation Failure) [PSYoungGen: 184960K->17584K(196608K)] 349955K->183643K(461824K), 0.0182791 secs] [Times: user=0.03 sys=0.00, real=0.02 secs] 
2024-07-05T00:53:05.661+0800: 294.372: [GC (Allocation Failure) [PSYoungGen: 172208K->13952K(195584K)] 338267K->185075K(460800K), 0.0208215 secs] [Times: user=0.04 sys=0.00, real=0.02 secs] 
2024-07-05T00:53:05.850+0800: 294.560: [GC (Allocation Failure) [PSYoungGen: 170112K->31296K(196096K)] 341235K->212123K(461312K), 0.0447623 secs] [Times: user=0.08 sys=0.00, real=0.05 secs] 
2024-07-05T00:53:06.098+0800: 294.808: [GC (Allocation Failure) [PSYoungGen: 187406K->16512K(197632K)] 368233K->198651K(462848K), 0.0164792 secs] [Times: user=0.03 sys=0.00, real=0.02 secs] 
2024-07-05T00:53:06.337+0800: 295.048: [GC (Allocation Failure) [PSYoungGen: 172160K->14288K(169984K)] 354299K->201428K(435200K), 0.0216426 secs] [Times: user=0.04 sys=0.00, real=0.02 secs] 
2024-07-05T00:53:06.525+0800: 295.236: [GC (Allocation Failure) [PSYoungGen: 169936K->31392K(193536K)] 357076K->228100K(458752K), 0.0449239 secs] [Times: user=0.08 sys=0.00, real=0.05 secs] 
2024-07-05T00:53:06.788+0800: 295.499: [GC (Allocation Failure) [PSYoungGen: 184992K->14605K(195584K)] 381700K->212645K(460800K), 0.0153121 secs] [Times: user=0.03 sys=0.00, real=0.01 secs] 
2024-07-05T00:53:07.018+0800: 295.728: [GC (Allocation Failure) [PSYoungGen: 168205K->16016K(193536K)] 366245K->218968K(458752K), 0.0322488 secs] [Times: user=0.05 sys=0.00, real=0.03 secs] 
2024-07-05T00:53:07.218+0800: 295.928: [GC (Allocation Failure) [PSYoungGen: 171664K->32352K(195584K)] 374616K->244724K(460800K), 0.0445035 secs] [Times: user=0.09 sys=0.00, real=0.04 secs] 
2024-07-05T00:53:07.482+0800: 296.193: [GC (Allocation Failure) [PSYoungGen: 188000K->12697K(196608K)] 400372K->226578K(461824K), 0.0134225 secs] [Times: user=0.03 sys=0.00, real=0.02 secs] 
2024-07-05T00:53:07.708+0800: 296.419: [GC (Allocation Failure) [PSYoungGen: 166809K->16848K(171008K)] 380690K->235279K(436224K), 0.0232367 secs] [Times: user=0.05 sys=0.00, real=0.02 secs] 
2024-07-05T00:53:07.898+0800: 296.609: [GC (Allocation Failure) [PSYoungGen: 170960K->33264K(192000K)] 389391K->261923K(457216K), 0.0461388 secs] [Times: user=0.09 sys=0.00, real=0.04 secs] 
2024-07-05T00:53:08.161+0800: 296.872: [GC (Allocation Failure) [PSYoungGen: 184816K->10036K(194560K)] 413475K->240400K(459776K), 0.0120540 secs] [Times: user=0.02 sys=0.00, real=0.01 secs] 
2024-07-05T00:53:08.400+0800: 297.111: [GC (Allocation Failure) [PSYoungGen: 161588K->17440K(191488K)] 391952K->252822K(456704K), 0.0234680 secs] [Times: user=0.04 sys=0.00, real=0.02 secs] 
2024-07-05T00:53:08.586+0800: 297.297: [GC (Allocation Failure) [PSYoungGen: 170016K->33712K(193536K)] 405398K->278818K(458752K), 0.0461442 secs] [Times: user=0.09 sys=0.00, real=0.04 secs] 
2024-07-05T00:53:08.862+0800: 297.572: [GC (Allocation Failure) [PSYoungGen: 186288K->9558K(194560K)] 431394K->260288K(459776K), 0.0174047 secs] [Times: user=0.03 sys=0.01, real=0.02 secs] 
2024-07-05T00:53:09.062+0800: 297.772: [GC (Allocation Failure) [PSYoungGen: 160086K->22000K(172544K)] 410816K->278211K(437760K), 0.0316288 secs] [Times: user=0.06 sys=0.00, real=0.03 secs] 
2024-07-05T00:53:09.093+0800: 297.804: [Full GC (Ergonomics) [PSYoungGen: 22000K->0K(172544K)] [ParOldGen: 256211K->51760K(274944K)] 278211K->51760K(447488K), [Metaspace: 12247K->12247K(1060864K)], 0.1592731 secs] [Times: user=0.30 sys=0.00, real=0.16 secs] 
2024-07-05T00:53:09.417+0800: 298.127: [GC (Allocation Failure) [PSYoungGen: 150528K->32928K(190976K)] 202288K->84688K(465920K), 0.0338286 secs] [Times: user=0.07 sys=0.00, real=0.03 secs] 
2024-07-05T00:53:09.690+0800: 298.400: [GC (Allocation Failure) [PSYoungGen: 181408K->7209K(193024K)] 233168K->66775K(467968K), 0.0220227 secs] [Times: user=0.04 sys=0.00, real=0.02 secs] 
2024-07-05T00:53:09.872+0800: 298.582: [GC (Allocation Failure) [PSYoungGen: 155689K->27344K(193536K)] 215255K->93159K(468480K), 0.0352263 secs] [Times: user=0.07 sys=0.00, real=0.04 secs] 
2024-07-05T00:53:10.088+0800: 298.799: [GC (Allocation Failure) [PSYoungGen: 175824K->20032K(168960K)] 241639K->90763K(443904K), 0.0241844 secs] [Times: user=0.05 sys=0.00, real=0.02 secs] 
2024-07-05T00:53:10.332+0800: 299.042: [GC (Allocation Failure) [PSYoungGen: 168512K->13280K(192512K)] 239243K->90747K(467456K), 0.0222258 secs] [Times: user=0.04 sys=0.00, real=0.03 secs] 
2024-07-05T00:53:10.508+0800: 299.219: [GC (Allocation Failure) [PSYoungGen: 162784K->32368K(191488K)] 240251K->119219K(466432K), 0.0446865 secs] [Times: user=0.09 sys=0.00, real=0.04 secs] 
2024-07-05T00:53:10.759+0800: 299.470: [GC (Allocation Failure) [PSYoungGen: 181872K->12474K(195072K)] 268723K->100877K(470016K), 0.0128547 secs] [Times: user=0.03 sys=0.00, real=0.01 secs] 
2024-07-05T00:53:10.973+0800: 299.684: [GC (Allocation Failure) [PSYoungGen: 163002K->17936K(168960K)] 251405K->111059K(443904K), 0.0235164 secs] [Times: user=0.05 sys=0.00, real=0.03 secs] 
2024-07-05T00:53:11.158+0800: 299.869: [GC (Allocation Failure) [PSYoungGen: 168464K->35376K(188416K)] 261587K->138507K(463360K), 0.0487688 secs] [Times: user=0.10 sys=0.00, real=0.05 secs] 
2024-07-05T00:53:11.434+0800: 300.144: [GC (Allocation Failure) [PSYoungGen: 182320K->6493K(192000K)] 285451K->115742K(466944K), 0.0136439 secs] [Times: user=0.03 sys=0.00, real=0.02 secs] 
2024-07-05T00:53:11.622+0800: 300.332: [GC (Allocation Failure) [PSYoungGen: 153437K->22896K(190976K)] 262686K->135592K(465920K), 0.0289703 secs] [Times: user=0.05 sys=0.00, real=0.03 secs] 
2024-07-05T00:53:11.819+0800: 300.529: [GC (Allocation Failure) [PSYoungGen: 170864K->26400K(192000K)] 283560K->143836K(466944K), 0.0295125 secs] [Times: user=0.06 sys=0.00, real=0.03 secs] 
2024-07-05T00:53:12.084+0800: 300.794: [GC (Allocation Failure) [PSYoungGen: 174368K->9664K(193536K)] 291804K->134387K(468480K), 0.0248757 secs] [Times: user=0.04 sys=0.00, real=0.03 secs] 
2024-07-05T00:53:12.273+0800: 300.983: [GC (Allocation Failure) [PSYoungGen: 160192K->29968K(180736K)] 284915K->163091K(455680K), 0.0417472 secs] [Times: user=0.08 sys=0.00, real=0.05 secs] 
2024-07-05T00:53:12.514+0800: 301.224: [GC (Allocation Failure) [PSYoungGen: 180431K->17488K(195584K)] 313555K->151460K(470528K), 0.0169201 secs] [Times: user=0.03 sys=0.00, real=0.01 secs] 
2024-07-05T00:53:12.747+0800: 301.458: [GC (Allocation Failure) [PSYoungGen: 168016K->14336K(165376K)] 301988K->153973K(440320K), 0.0212748 secs] [Times: user=0.04 sys=0.00, real=0.02 secs] 
2024-07-05T00:53:12.924+0800: 301.635: [GC (Allocation Failure) [PSYoungGen: 164864K->32304K(189952K)] 304501K->180958K(464896K), 0.0432467 secs] [Times: user=0.08 sys=0.00, real=0.05 secs] 
2024-07-05T00:53:13.174+0800: 301.885: [GC (Allocation Failure) [PSYoungGen: 180272K->13040K(192512K)] 328926K->169072K(467456K), 0.0208403 secs] [Times: user=0.04 sys=0.00, real=0.02 secs] 
2024-07-05T00:53:13.391+0800: 302.102: [GC (Allocation Failure) [PSYoungGen: 161008K->18544K(188928K)] 317040K->180458K(463872K), 0.0275245 secs] [Times: user=0.05 sys=0.00, real=0.03 secs] 
2024-07-05T00:53:13.579+0800: 302.290: [GC (Allocation Failure) [PSYoungGen: 169072K->28512K(192000K)] 330986K->196210K(466944K), 0.0350368 secs] [Times: user=0.06 sys=0.00, real=0.04 secs] 
2024-07-05T00:53:13.833+0800: 302.543: [GC (Allocation Failure) [PSYoungGen: 179040K->13017K(196096K)] 346738K->185802K(471040K), 0.0202383 secs] [Times: user=0.04 sys=0.00, real=0.02 secs] 
2024-07-05T00:53:14.041+0800: 302.752: [GC (Allocation Failure) [PSYoungGen: 167641K->23152K(196096K)] 340426K->204484K(471040K), 0.0357776 secs] [Times: user=0.07 sys=0.00, real=0.04 secs] 
2024-07-05T00:53:14.256+0800: 302.967: [GC (Allocation Failure) [PSYoungGen: 177776K->27136K(195584K)] 359108K->214348K(470528K), 0.0344733 secs] [Times: user=0.07 sys=0.00, real=0.03 secs] 
2024-07-05T00:53:14.518+0800: 303.228: [GC (Allocation Failure) [PSYoungGen: 182272K->12454K(196096K)] 369484K->204191K(471040K), 0.0191712 secs] [Times: user=0.04 sys=0.00, real=0.02 secs] 
2024-07-05T00:53:14.723+0800: 303.433: [GC (Allocation Failure) [PSYoungGen: 167590K->24848K(197632K)] 359327K->224217K(472576K), 0.0375705 secs] [Times: user=0.06 sys=0.00, real=0.04 secs] 
2024-07-05T00:53:14.946+0800: 303.657: [GC (Allocation Failure) [PSYoungGen: 182032K->25158K(197632K)] 381401K->230200K(472576K), 0.0319725 secs] [Times: user=0.06 sys=0.00, real=0.03 secs] 
2024-07-05T00:53:15.198+0800: 303.909: [GC (Allocation Failure) [PSYoungGen: 182342K->13936K(197632K)] 387384K->222586K(472576K), 0.0186511 secs] [Times: user=0.04 sys=0.00, real=0.02 secs] 
2024-07-05T00:53:15.410+0800: 304.121: [GC (Allocation Failure) [PSYoungGen: 172144K->24400K(197632K)] 380794K->240711K(472576K), 0.0351485 secs] [Times: user=0.07 sys=0.00, real=0.03 secs] 
2024-07-05T00:53:15.634+0800: 304.344: [GC (Allocation Failure) [PSYoungGen: 182608K->24896K(198656K)] 398919K->247071K(473600K), 0.0323634 secs] [Times: user=0.06 sys=0.00, real=0.03 secs] 
2024-07-05T00:53:15.886+0800: 304.597: [GC (Allocation Failure) [PSYoungGen: 184640K->15714K(198656K)] 406815K->241760K(473600K), 0.0208460 secs] [Times: user=0.04 sys=0.00, real=0.02 secs] 
2024-07-05T00:53:16.110+0800: 304.820: [GC (Allocation Failure) [PSYoungGen: 175458K->22512K(198656K)] 401504K->257077K(473600K), 0.0347192 secs] [Times: user=0.07 sys=0.00, real=0.03 secs] 
2024-07-05T00:53:16.334+0800: 305.044: [GC (Allocation Failure) [PSYoungGen: 184304K->27201K(198656K)] 418869K->268147K(473600K), 0.0355088 secs] [Times: user=0.06 sys=0.00, real=0.03 secs] 
2024-07-05T00:53:16.590+0800: 305.300: [GC (Allocation Failure) [PSYoungGen: 188993K->17648K(200704K)] 429939K->263443K(475648K), 0.0232162 secs] [Times: user=0.04 sys=0.00, real=0.02 secs] 
2024-07-05T00:53:16.838+0800: 305.549: [GC (Allocation Failure) [PSYoungGen: 181488K->19392K(183296K)] 427283K->274228K(458240K), 0.0352944 secs] [Times: user=0.07 sys=0.00, real=0.04 secs] 
2024-07-05T00:53:17.054+0800: 305.764: [GC (Allocation Failure) [PSYoungGen: 183232K->30544K(198144K)] 438068K->291952K(473088K), 0.0432674 secs] [Times: user=0.08 sys=0.00, real=0.04 secs] 
2024-07-05T00:53:17.326+0800: 306.037: [GC (Allocation Failure) [PSYoungGen: 193360K->20160K(200192K)] 454768K->286740K(475136K), 0.0271451 secs] [Times: user=0.06 sys=0.00, real=0.02 secs] 
2024-07-05T00:53:17.353+0800: 306.064: [Full GC (Ergonomics) [PSYoungGen: 20160K->0K(200192K)] [ParOldGen: 266580K->52026K(278528K)] 286740K->52026K(478720K), [Metaspace: 12247K->12247K(1060864K)], 0.1535340 secs] [Times: user=0.29 sys=0.00, real=0.16 secs] 
2024-07-05T00:53:17.731+0800: 306.442: [GC (Allocation Failure) [PSYoungGen: 162816K->17680K(199168K)] 214842K->69706K(477696K), 0.0238599 secs] [Times: user=0.05 sys=0.00, real=0.03 secs] 
2024-07-05T00:53:17.938+0800: 306.648: [GC (Allocation Failure) [PSYoungGen: 182544K->28176K(200704K)] 234570K->86182K(479232K), 0.0384354 secs] [Times: user=0.07 sys=0.00, real=0.04 secs] 
2024-07-05T00:53:18.190+0800: 306.901: [GC (Allocation Failure) [PSYoungGen: 193040K->19242K(201728K)] 251046K->81962K(480256K), 0.0213452 secs] [Times: user=0.04 sys=0.00, real=0.02 secs] 
2024-07-05T00:53:18.434+0800: 307.144: [GC (Allocation Failure) [PSYoungGen: 185130K->16726K(201728K)] 247850K->80760K(480256K), 0.0177399 secs] [Times: user=0.04 sys=0.00, real=0.01 secs] 
2024-07-05T00:53:18.658+0800: 307.368: [GC (Allocation Failure) [PSYoungGen: 182614K->24256K(202240K)] 246648K->94646K(480768K), 0.0326892 secs] [Times: user=0.06 sys=0.00, real=0.03 secs] 
2024-07-05T00:53:18.890+0800: 307.600: [GC (Allocation Failure) [PSYoungGen: 191680K->25472K(202240K)] 262070K->101490K(480768K), 0.0315919 secs] [Times: user=0.06 sys=0.00, real=0.03 secs] 
2024-07-05T00:53:19.143+0800: 307.854: [GC (Allocation Failure) [PSYoungGen: 192896K->19744K(202240K)] 268914K->99854K(480768K), 0.0244946 secs] [Times: user=0.05 sys=0.00, real=0.03 secs] 
2024-07-05T00:53:19.398+0800: 308.108: [GC (Allocation Failure) [PSYoungGen: 188192K->17408K(202752K)] 268302K->106207K(481280K), 0.0303878 secs] [Times: user=0.06 sys=0.00, real=0.03 secs] 
2024-07-05T00:53:19.616+0800: 308.327: [GC (Allocation Failure) [PSYoungGen: 185856K->29872K(200704K)] 274655K->124063K(479232K), 0.0373527 secs] [Times: user=0.07 sys=0.00, real=0.04 secs] 
2024-07-05T00:53:19.877+0800: 308.588: [GC (Allocation Failure) [PSYoungGen: 196784K->18554K(202752K)] 290975K->113185K(481280K), 0.0198967 secs] [Times: user=0.03 sys=0.00, real=0.02 secs] 
2024-07-05T00:53:20.120+0800: 308.831: [GC (Allocation Failure) [PSYoungGen: 185466K->16485K(201728K)] 280097K->111654K(480256K), 0.0172363 secs] [Times: user=0.03 sys=0.00, real=0.02 secs] 
2024-07-05T00:53:20.343+0800: 309.054: [GC (Allocation Failure) [PSYoungGen: 184421K->24560K(202752K)] 279590K->126432K(481280K), 0.0366991 secs] [Times: user=0.06 sys=0.00, real=0.04 secs] 
2024-07-05T00:53:20.578+0800: 309.288: [GC (Allocation Failure) [PSYoungGen: 192496K->26847K(202240K)] 294368K->134227K(480768K), 0.0325641 secs] [Times: user=0.06 sys=0.00, real=0.03 secs] 
2024-07-05T00:53:20.834+0800: 309.544: [GC (Allocation Failure) [PSYoungGen: 194783K->18640K(203264K)] 302163K->130576K(481792K), 0.0224090 secs] [Times: user=0.04 sys=0.00, real=0.02 secs] 
2024-07-05T00:53:21.092+0800: 309.803: [GC (Allocation Failure) [PSYoungGen: 186576K->18016K(202240K)] 298512K->138292K(480768K), 0.0318295 secs] [Times: user=0.06 sys=0.00, real=0.03 secs] 
2024-07-05T00:53:21.314+0800: 310.024: [GC (Allocation Failure) [PSYoungGen: 186976K->30096K(202752K)] 307252K->156245K(481280K), 0.0394964 secs] [Times: user=0.07 sys=0.00, real=0.04 secs] 
2024-07-05T00:53:21.579+0800: 310.290: [GC (Allocation Failure) [PSYoungGen: 199056K->17566K(203264K)] 325205K->144147K(481792K), 0.0185127 secs] [Times: user=0.03 sys=0.00, real=0.02 secs] 
2024-07-05T00:53:21.822+0800: 310.532: [GC (Allocation Failure) [PSYoungGen: 184990K->15797K(183296K)] 311571K->142916K(461824K), 0.0163071 secs] [Times: user=0.02 sys=0.00, real=0.02 secs] 
2024-07-05T00:53:22.045+0800: 310.755: [GC (Allocation Failure) [PSYoungGen: 183221K->24704K(202240K)] 310340K->158471K(480768K), 0.0339004 secs] [Times: user=0.07 sys=0.00, real=0.04 secs] 
2024-07-05T00:53:22.278+0800: 310.989: [GC (Allocation Failure) [PSYoungGen: 192122K->26329K(202240K)] 325889K->165752K(480768K), 0.0314124 secs] [Times: user=0.06 sys=0.00, real=0.03 secs] 
2024-07-05T00:53:22.536+0800: 311.247: [GC (Allocation Failure) [PSYoungGen: 193753K->17984K(203264K)] 333176K->161468K(481792K), 0.0242477 secs] [Times: user=0.04 sys=0.00, real=0.02 secs] 
2024-07-05T00:53:22.794+0800: 311.504: [GC (Allocation Failure) [PSYoungGen: 186432K->18352K(203264K)] 329916K->170547K(481792K), 0.0307701 secs] [Times: user=0.06 sys=0.01, real=0.03 secs] 
2024-07-05T00:53:23.010+0800: 311.721: [GC (Allocation Failure) [PSYoungGen: 186800K->31120K(200192K)] 338995K->189655K(478720K), 0.0415416 secs] [Times: user=0.08 sys=0.00, real=0.04 secs] 
2024-07-05T00:53:23.274+0800: 311.984: [GC (Allocation Failure) [PSYoungGen: 197008K->17648K(202240K)] 355543K->176855K(480768K), 0.0197799 secs] [Times: user=0.03 sys=0.00, real=0.02 secs] 
2024-07-05T00:53:23.519+0800: 312.230: [GC (Allocation Failure) [PSYoungGen: 183536K->13682K(201728K)] 342743K->173427K(480256K), 0.0149869 secs] [Times: user=0.03 sys=0.00, real=0.02 secs] 
2024-07-05T00:53:23.732+0800: 312.442: [GC (Allocation Failure) [PSYoungGen: 180082K->26240K(202240K)] 339827K->191491K(480768K), 0.0336040 secs] [Times: user=0.06 sys=0.00, real=0.03 secs] 
2024-07-05T00:53:23.973+0800: 312.684: [GC (Allocation Failure) [PSYoungGen: 192640K->23641K(202240K)] 357891K->194160K(480768K), 0.0296490 secs] [Times: user=0.06 sys=0.00, real=0.03 secs] 
2024-07-05T00:53:24.220+0800: 312.931: [GC (Allocation Failure) [PSYoungGen: 190041K->18720K(185344K)] 360560K->192429K(463872K), 0.0224229 secs] [Times: user=0.04 sys=0.00, real=0.02 secs] 
2024-07-05T00:53:24.466+0800: 313.177: [GC (Allocation Failure) [PSYoungGen: 185120K->20160K(202752K)] 358829K->202280K(481280K), 0.0332095 secs] [Times: user=0.07 sys=0.00, real=0.03 secs] 
2024-07-05T00:53:24.693+0800: 313.404: [GC (Allocation Failure) [PSYoungGen: 188096K->28320K(201728K)] 370216K->216960K(480256K), 0.0358330 secs] [Times: user=0.07 sys=0.00, real=0.04 secs] 
2024-07-05T00:53:24.956+0800: 313.667: [GC (Allocation Failure) [PSYoungGen: 196256K->20736K(203264K)] 384896K->213393K(481792K), 0.0252036 secs] [Times: user=0.05 sys=0.00, real=0.02 secs] 
2024-07-05T00:53:25.205+0800: 313.915: [GC (Allocation Failure) [PSYoungGen: 190208K->16040K(203264K)] 382865K->212861K(481792K), 0.0215722 secs] [Times: user=0.04 sys=0.00, real=0.03 secs] 
2024-07-05T00:53:25.429+0800: 314.140: [GC (Allocation Failure) [PSYoungGen: 185512K->25584K(203776K)] 382333K->224104K(482304K), 0.0279384 secs] [Times: user=0.05 sys=0.00, real=0.03 secs] 
2024-07-05T00:53:25.669+0800: 314.380: [GC (Allocation Failure) [PSYoungGen: 195568K->23995K(204288K)] 394088K->227531K(482816K), 0.0285629 secs] [Times: user=0.06 sys=0.00, real=0.03 secs] 
2024-07-05T00:53:25.921+0800: 314.631: [GC (Allocation Failure) [PSYoungGen: 193979K->19456K(203264K)] 397515K->226421K(481792K), 0.0225210 secs] [Times: user=0.04 sys=0.00, real=0.02 secs] 
2024-07-05T00:53:26.177+0800: 314.887: [GC (Allocation Failure) [PSYoungGen: 189952K->18656K(203776K)] 396917K->233723K(482304K), 0.0302182 secs] [Times: user=0.06 sys=0.00, real=0.03 secs] 
2024-07-05T00:53:26.399+0800: 315.110: [GC (Allocation Failure) [PSYoungGen: 189152K->30496K(201216K)] 404219K->251856K(479744K), 0.0442876 secs] [Times: user=0.07 sys=0.00, real=0.04 secs] 
2024-07-05T00:53:26.690+0800: 315.401: [GC (Allocation Failure) [PSYoungGen: 199456K->16128K(203776K)] 420816K->237992K(482304K), 0.0167569 secs] [Times: user=0.04 sys=0.00, real=0.02 secs] 
2024-07-05T00:53:26.920+0800: 315.630: [GC (Allocation Failure) [PSYoungGen: 185088K->18201K(201728K)] 406952K->240515K(480256K), 0.0183277 secs] [Times: user=0.03 sys=0.00, real=0.02 secs] 
2024-07-05T00:53:27.149+0800: 315.859: [GC (Allocation Failure) [PSYoungGen: 187161K->23232K(202752K)] 409475K->252475K(481280K), 0.0306115 secs] [Times: user=0.06 sys=0.00, real=0.03 secs] 
2024-07-05T00:53:27.385+0800: 316.096: [GC (Allocation Failure) [PSYoungGen: 192192K->25376K(204288K)] 421435K->260284K(482816K), 0.0320430 secs] [Times: user=0.06 sys=0.00, real=0.04 secs] 
2024-07-05T00:53:27.637+0800: 316.348: [GC (Allocation Failure) [PSYoungGen: 196384K->23440K(204800K)] 431292K->262641K(483328K), 0.0287716 secs] [Times: user=0.06 sys=0.00, real=0.03 secs] 
2024-07-05T00:53:27.897+0800: 316.608: [GC (Allocation Failure) [PSYoungGen: 194448K->14025K(204800K)] 433649K->258675K(483328K), 0.0229377 secs] [Times: user=0.04 sys=0.00, real=0.02 secs] 
2024-07-05T00:53:28.118+0800: 316.829: [GC (Allocation Failure) [PSYoungGen: 185545K->27264K(199168K)] 430195K->273347K(477696K), 0.0306604 secs] [Times: user=0.05 sys=0.00, real=0.03 secs] 
2024-07-05T00:53:28.374+0800: 317.085: [GC (Allocation Failure) [PSYoungGen: 198784K->19304K(204800K)] 444867K->269952K(483328K), 0.0247512 secs] [Times: user=0.05 sys=0.00, real=0.02 secs] 
2024-07-05T00:53:28.609+0800: 317.319: [GC (Allocation Failure) [PSYoungGen: 189800K->22608K(193536K)] 440448K->275341K(472064K), 0.0245313 secs] [Times: user=0.05 sys=0.00, real=0.02 secs] 
2024-07-05T00:53:28.868+0800: 317.579: [GC (Allocation Failure) [PSYoungGen: 193104K->19600K(203776K)] 445837K->279972K(482304K), 0.0308515 secs] [Times: user=0.06 sys=0.00, real=0.03 secs] 
2024-07-05T00:53:29.094+0800: 317.805: [GC (Allocation Failure) [PSYoungGen: 190608K->26288K(203264K)] 450980K->292360K(481792K), 0.0334545 secs] [Times: user=0.07 sys=0.00, real=0.03 secs] 
2024-07-05T00:53:29.360+0800: 318.070: [GC (Allocation Failure) [PSYoungGen: 197296K->19952K(205824K)] 463368K->289110K(484352K), 0.0258625 secs] [Times: user=0.05 sys=0.00, real=0.03 secs] 
2024-07-05T00:53:29.386+0800: 318.096: [Full GC (Ergonomics) [PSYoungGen: 19952K->0K(205824K)] [ParOldGen: 269158K->50238K(282112K)] 289110K->50238K(487936K), [Metaspace: 12247K->12247K(1060864K)], 0.1475341 secs] [Times: user=0.28 sys=0.00, real=0.14 secs] 
2024-07-05T00:53:29.747+0800: 318.457: [GC (Allocation Failure) [PSYoungGen: 173523K->24960K(205824K)] 223762K->75199K(487936K), 0.0286261 secs] [Times: user=0.05 sys=0.00, real=0.03 secs] 
2024-07-05T00:53:29.999+0800: 318.710: [GC (Allocation Failure) [PSYoungGen: 198528K->21728K(204288K)] 248767K->78998K(486400K), 0.0333165 secs] [Times: user=0.06 sys=0.00, real=0.03 secs] 
2024-07-05T00:53:30.245+0800: 318.955: [GC (Allocation Failure) [PSYoungGen: 195808K->24179K(205312K)] 253078K->86826K(487424K), 0.0295984 secs] [Times: user=0.06 sys=0.00, real=0.04 secs] 
2024-07-05T00:53:30.506+0800: 319.216: [GC (Allocation Failure) [PSYoungGen: 198259K->21616K(206336K)] 260906K->88198K(488448K), 0.0270068 secs] [Times: user=0.05 sys=0.00, real=0.02 secs] 
2024-07-05T00:53:30.761+0800: 319.472: [GC (Allocation Failure) [PSYoungGen: 197744K->20571K(206848K)] 264326K->92622K(488960K), 0.0269230 secs] [Times: user=0.06 sys=0.00, real=0.03 secs] 
2024-07-05T00:53:31.016+0800: 319.727: [GC (Allocation Failure) [PSYoungGen: 196699K->23216K(207360K)] 268750K->98460K(489472K), 0.0275873 secs] [Times: user=0.05 sys=0.00, real=0.02 secs] 
2024-07-05T00:53:31.262+0800: 319.972: [GC (Allocation Failure) [PSYoungGen: 200880K->24131K(207360K)] 276124K->104624K(489472K), 0.0291675 secs] [Times: user=0.06 sys=0.00, real=0.03 secs] 
2024-07-05T00:53:31.528+0800: 320.239: [GC (Allocation Failure) [PSYoungGen: 201795K->21136K(207872K)] 282288K->105136K(489984K), 0.0261185 secs] [Times: user=0.04 sys=0.00, real=0.03 secs] 
2024-07-05T00:53:31.776+0800: 320.487: [GC (Allocation Failure) [PSYoungGen: 200336K->21355K(208384K)] 284336K->110872K(490496K), 0.0274267 secs] [Times: user=0.05 sys=0.00, real=0.02 secs] 
2024-07-05T00:53:32.040+0800: 320.751: [GC (Allocation Failure) [PSYoungGen: 200555K->20896K(208384K)] 290072K->113753K(490496K), 0.0263027 secs] [Times: user=0.05 sys=0.00, real=0.03 secs] 
2024-07-05T00:53:32.277+0800: 320.988: [GC (Allocation Failure) [PSYoungGen: 201632K->27152K(208896K)] 294489K->125425K(491008K), 0.0326868 secs] [Times: user=0.06 sys=0.00, real=0.03 secs] 
2024-07-05T00:53:32.556+0800: 321.267: [GC (Allocation Failure) [PSYoungGen: 207888K->18416K(208896K)] 306161K->119375K(491008K), 0.0218988 secs] [Times: user=0.04 sys=0.00, real=0.02 secs] 
2024-07-05T00:53:32.794+0800: 321.505: [GC (Allocation Failure) [PSYoungGen: 197616K->23504K(202752K)] 298575K->128363K(484864K), 0.0268505 secs] [Times: user=0.05 sys=0.00, real=0.02 secs] 
2024-07-05T00:53:33.072+0800: 321.783: [GC (Allocation Failure) [PSYoungGen: 202704K->18272K(208384K)] 307563K->124633K(490496K), 0.0228428 secs] [Times: user=0.04 sys=0.00, real=0.03 secs] 
2024-07-05T00:53:33.300+0800: 322.011: [GC (Allocation Failure) [PSYoungGen: 197472K->29168K(208384K)] 303833K->140537K(490496K), 0.0338587 secs] [Times: user=0.07 sys=0.00, real=0.04 secs] 
2024-07-05T00:53:33.573+0800: 322.284: [GC (Allocation Failure) [PSYoungGen: 208368K->17794K(202240K)] 319737K->129371K(484352K), 0.0170884 secs] [Times: user=0.03 sys=0.00, real=0.02 secs] 
2024-07-05T00:53:33.798+0800: 322.508: [GC (Allocation Failure) [PSYoungGen: 189826K->24288K(205312K)] 301403K->136763K(487424K), 0.0244075 secs] [Times: user=0.05 sys=0.00, real=0.02 secs] 
2024-07-05T00:53:34.059+0800: 322.769: [GC (Allocation Failure) [PSYoungGen: 196320K->19152K(203776K)] 308795K->138579K(485888K), 0.0298583 secs] [Times: user=0.05 sys=0.00, real=0.03 secs] 
2024-07-05T00:53:34.335+0800: 323.045: [GC (Allocation Failure) [PSYoungGen: 191696K->24144K(204800K)] 311123K->148447K(486912K), 0.0282559 secs] [Times: user=0.05 sys=0.00, real=0.02 secs] 
2024-07-05T00:53:34.598+0800: 323.309: [GC (Allocation Failure) [PSYoungGen: 196688K->19728K(205312K)] 320991K->147163K(487424K), 0.0236145 secs] [Times: user=0.04 sys=0.00, real=0.02 secs] 
2024-07-05T00:53:34.830+0800: 323.540: [GC (Allocation Failure) [PSYoungGen: 193808K->24608K(205824K)] 321243K->157047K(487936K), 0.0327169 secs] [Times: user=0.05 sys=0.00, real=0.03 secs] 
2024-07-05T00:53:35.098+0800: 323.809: [GC (Allocation Failure) [PSYoungGen: 198688K->20896K(204800K)] 331127K->156081K(486912K), 0.0246994 secs] [Times: user=0.05 sys=0.00, real=0.02 secs] 
2024-07-05T00:53:35.340+0800: 324.051: [GC (Allocation Failure) [PSYoungGen: 196000K->21099K(205824K)] 331185K->161552K(487936K), 0.0269639 secs] [Times: user=0.05 sys=0.00, real=0.03 secs] 
2024-07-05T00:53:35.602+0800: 324.312: [GC (Allocation Failure) [PSYoungGen: 196203K->21456K(206336K)] 336656K->165241K(488448K), 0.0284010 secs] [Times: user=0.05 sys=0.00, real=0.03 secs] 
2024-07-05T00:53:35.838+0800: 324.548: [GC (Allocation Failure) [PSYoungGen: 199120K->25744K(207360K)] 342905K->175041K(489472K), 0.0315636 secs] [Times: user=0.06 sys=0.00, real=0.03 secs] 
2024-07-05T00:53:36.111+0800: 324.822: [GC (Allocation Failure) [PSYoungGen: 203408K->20720K(208384K)] 352705K->172934K(490496K), 0.0242894 secs] [Times: user=0.05 sys=0.00, real=0.03 secs] 
2024-07-05T00:53:36.357+0800: 325.067: [GC (Allocation Failure) [PSYoungGen: 199408K->22057K(208384K)] 351622K->179383K(490496K), 0.0277059 secs] [Times: user=0.05 sys=0.00, real=0.02 secs] 
2024-07-05T00:53:36.630+0800: 325.340: [GC (Allocation Failure) [PSYoungGen: 200745K->20112K(208384K)] 358071K->180485K(490496K), 0.0289086 secs] [Times: user=0.05 sys=0.00, real=0.03 secs] 
2024-07-05T00:53:36.880+0800: 325.591: [GC (Allocation Failure) [PSYoungGen: 199824K->26976K(208384K)] 360197K->192881K(490496K), 0.0332752 secs] [Times: user=0.07 sys=0.00, real=0.03 secs] 
2024-07-05T00:53:37.159+0800: 325.870: [GC (Allocation Failure) [PSYoungGen: 206688K->14976K(207360K)] 372593K->181473K(489472K), 0.0171674 secs] [Times: user=0.03 sys=0.00, real=0.02 secs] 
2024-07-05T00:53:37.384+0800: 326.095: [GC (Allocation Failure) [PSYoungGen: 192128K->23840K(207872K)] 358625K->190779K(489984K), 0.0229193 secs] [Times: user=0.04 sys=0.00, real=0.03 secs] 
2024-07-05T00:53:37.652+0800: 326.362: [GC (Allocation Failure) [PSYoungGen: 200992K->18912K(206848K)] 367931K->191793K(488960K), 0.0245882 secs] [Times: user=0.05 sys=0.00, real=0.03 secs] 
2024-07-05T00:53:37.880+0800: 326.590: [GC (Allocation Failure) [PSYoungGen: 196064K->27616K(204800K)] 368945K->205621K(486912K), 0.0330758 secs] [Times: user=0.06 sys=0.00, real=0.03 secs] 
2024-07-05T00:53:38.150+0800: 326.860: [GC (Allocation Failure) [PSYoungGen: 204768K->16173K(206848K)] 382773K->194266K(488960K), 0.0162227 secs] [Times: user=0.03 sys=0.00, real=0.02 secs] 
2024-07-05T00:53:38.375+0800: 327.086: [GC (Allocation Failure) [PSYoungGen: 191277K->23696K(199168K)] 369370K->202326K(481280K), 0.0230719 secs] [Times: user=0.04 sys=0.00, real=0.02 secs] 
2024-07-05T00:53:38.650+0800: 327.360: [GC (Allocation Failure) [PSYoungGen: 198800K->18592K(206336K)] 377430K->204513K(488448K), 0.0277712 secs] [Times: user=0.05 sys=0.00, real=0.03 secs] 
2024-07-05T00:53:38.881+0800: 327.591: [GC (Allocation Failure) [PSYoungGen: 193696K->28384K(203776K)] 379617K->219649K(485888K), 0.0355446 secs] [Times: user=0.07 sys=0.00, real=0.04 secs] 
2024-07-05T00:53:39.153+0800: 327.864: [GC (Allocation Failure) [PSYoungGen: 203488K->16441K(205824K)] 394753K->208083K(487936K), 0.0173519 secs] [Times: user=0.04 sys=0.00, real=0.02 secs] 
2024-07-05T00:53:39.390+0800: 328.100: [GC (Allocation Failure) [PSYoungGen: 189497K->21827K(195072K)] 381139K->214007K(477184K), 0.0215658 secs] [Times: user=0.03 sys=0.01, real=0.02 secs] 
2024-07-05T00:53:39.644+0800: 328.354: [GC (Allocation Failure) [PSYoungGen: 194883K->20144K(205824K)] 387063K->220128K(487936K), 0.0310122 secs] [Times: user=0.06 sys=0.00, real=0.04 secs] 
2024-07-05T00:53:39.875+0800: 328.586: [GC (Allocation Failure) [PSYoungGen: 194224K->27680K(204800K)] 394208K->233760K(486912K), 0.0371376 secs] [Times: user=0.07 sys=0.00, real=0.03 secs] 
2024-07-05T00:53:40.154+0800: 328.864: [GC (Allocation Failure) [PSYoungGen: 201760K->19568K(206848K)] 407840K->229012K(488960K), 0.0247819 secs] [Times: user=0.05 sys=0.00, real=0.02 secs] 
2024-07-05T00:53:40.398+0800: 329.108: [GC (Allocation Failure) [PSYoungGen: 194160K->20987K(195584K)] 403604K->234476K(477696K), 0.0256601 secs] [Times: user=0.04 sys=0.00, real=0.02 secs] 
2024-07-05T00:53:40.650+0800: 329.361: [GC (Allocation Failure) [PSYoungGen: 195579K->21424K(205824K)] 409068K->238109K(487936K), 0.0256661 secs] [Times: user=0.05 sys=0.00, real=0.03 secs] 
2024-07-05T00:53:40.881+0800: 329.592: [GC (Allocation Failure) [PSYoungGen: 196528K->25792K(205312K)] 413213K->247965K(487424K), 0.0317726 secs] [Times: user=0.06 sys=0.00, real=0.03 secs] 
2024-07-05T00:53:41.159+0800: 329.869: [GC (Allocation Failure) [PSYoungGen: 200896K->21264K(207872K)] 423069K->246396K(489984K), 0.0278014 secs] [Times: user=0.05 sys=0.00, real=0.03 secs] 
2024-07-05T00:53:41.415+0800: 330.125: [GC (Allocation Failure) [PSYoungGen: 198928K->19056K(207872K)] 424060K->249480K(489984K), 0.0261732 secs] [Times: user=0.05 sys=0.00, real=0.02 secs] 
2024-07-05T00:53:41.668+0800: 330.378: [GC (Allocation Failure) [PSYoungGen: 196720K->22176K(207872K)] 427144K->255346K(489984K), 0.0268336 secs] [Times: user=0.05 sys=0.00, real=0.03 secs] 
2024-07-05T00:53:41.901+0800: 330.612: [GC (Allocation Failure) [PSYoungGen: 200864K->27952K(207872K)] 434034K->266366K(489984K), 0.0336455 secs] [Times: user=0.06 sys=0.00, real=0.04 secs] 
2024-07-05T00:53:42.181+0800: 330.891: [GC (Allocation Failure) [PSYoungGen: 206640K->19296K(207872K)] 445054K->260396K(489984K), 0.0232403 secs] [Times: user=0.04 sys=0.00, real=0.02 secs] 
2024-07-05T00:53:42.430+0800: 331.140: [GC (Allocation Failure) [PSYoungGen: 196448K->21238K(198656K)] 437548K->266258K(480768K), 0.0275634 secs] [Times: user=0.05 sys=0.00, real=0.03 secs] 
2024-07-05T00:53:42.692+0800: 331.403: [GC (Allocation Failure) [PSYoungGen: 198390K->19936K(207360K)] 443410K->267931K(489472K), 0.0245137 secs] [Times: user=0.05 sys=0.00, real=0.03 secs] 
2024-07-05T00:53:42.919+0800: 331.630: [GC (Allocation Failure) [PSYoungGen: 197600K->28208K(206848K)] 445595K->281643K(488960K), 0.0364671 secs] [Times: user=0.07 sys=0.00, real=0.04 secs] 
2024-07-05T00:53:43.195+0800: 331.906: [GC (Allocation Failure) [PSYoungGen: 205872K->16096K(207360K)] 459307K->270243K(489472K), 0.0172572 secs] [Times: user=0.03 sys=0.00, real=0.01 secs] 
2024-07-05T00:53:43.428+0800: 332.139: [GC (Allocation Failure) [PSYoungGen: 192224K->21360K(197632K)] 446371K->275949K(479744K), 0.0204208 secs] [Times: user=0.04 sys=0.00, real=0.02 secs] 
2024-07-05T00:53:43.681+0800: 332.392: [GC (Allocation Failure) [PSYoungGen: 197488K->20128K(206848K)] 452077K->282468K(488960K), 0.0282766 secs] [Times: user=0.06 sys=0.00, real=0.03 secs] 
2024-07-05T00:53:43.911+0800: 332.622: [GC (Allocation Failure) [PSYoungGen: 196768K->27968K(206336K)] 459108K->296461K(488448K), 0.0349883 secs] [Times: user=0.07 sys=0.00, real=0.04 secs] 
2024-07-05T00:53:44.187+0800: 332.897: [GC (Allocation Failure) [PSYoungGen: 204608K->15968K(206336K)] 473101K->285164K(488448K), 0.0177832 secs] [Times: user=0.03 sys=0.00, real=0.01 secs] 
2024-07-05T00:53:44.422+0800: 333.132: [GC (Allocation Failure) [PSYoungGen: 191072K->20864K(196096K)] 460268K->290502K(478208K), 0.0336584 secs] [Times: user=0.04 sys=0.00, real=0.04 secs] 
2024-07-05T00:53:44.687+0800: 333.398: [GC (Allocation Failure) [PSYoungGen: 195968K->21104K(207360K)] 465606K->298430K(489472K), 0.0320715 secs] [Times: user=0.06 sys=0.00, real=0.03 secs] 
2024-07-05T00:53:44.719+0800: 333.430: [Full GC (Ergonomics) [PSYoungGen: 21104K->0K(207360K)] [ParOldGen: 277326K->51204K(288768K)] 298430K->51204K(496128K), [Metaspace: 12247K->12247K(1060864K)], 0.1594503 secs] [Times: user=0.29 sys=0.01, real=0.16 secs] 
2024-07-05T00:53:45.080+0800: 333.791: [GC (Allocation Failure) [PSYoungGen: 176640K->29664K(206336K)] 227844K->83601K(495104K), 0.0359893 secs] [Times: user=0.08 sys=0.00, real=0.04 secs] 
2024-07-05T00:53:45.357+0800: 334.068: [GC (Allocation Failure) [PSYoungGen: 206304K->22064K(206336K)] 260241K->90262K(495104K), 0.0432853 secs] [Times: user=0.08 sys=0.00, real=0.04 secs] 
2024-07-05T00:53:45.624+0800: 334.334: [GC (Allocation Failure) [PSYoungGen: 196144K->17840K(206336K)] 264342K->92236K(495104K), 0.0264683 secs] [Times: user=0.05 sys=0.00, real=0.03 secs] 
2024-07-05T00:53:45.872+0800: 334.583: [GC (Allocation Failure) [PSYoungGen: 191920K->21936K(204288K)] 266316K->103405K(493056K), 0.0289623 secs] [Times: user=0.06 sys=0.00, real=0.03 secs] 
2024-07-05T00:53:46.096+0800: 334.807: [GC (Allocation Failure) [PSYoungGen: 196016K->30704K(205312K)] 277485K->117789K(494080K), 0.0367446 secs] [Times: user=0.07 sys=0.00, real=0.03 secs] 
2024-07-05T00:53:46.370+0800: 335.081: [GC (Allocation Failure) [PSYoungGen: 204784K->19392K(205824K)] 291869K->110187K(494592K), 0.0246102 secs] [Times: user=0.04 sys=0.00, real=0.03 secs] 
2024-07-05T00:53:46.646+0800: 335.356: [GC (Allocation Failure) [PSYoungGen: 191936K->16493K(205312K)] 282731K->110244K(494080K), 0.0211793 secs] [Times: user=0.03 sys=0.00, real=0.02 secs] 
2024-07-05T00:53:46.876+0800: 335.587: [GC (Allocation Failure) [PSYoungGen: 189037K->24576K(205312K)] 282788K->120035K(494080K), 0.0262966 secs] [Times: user=0.05 sys=0.00, real=0.02 secs] 
2024-07-05T00:53:47.102+0800: 335.813: [GC (Allocation Failure) [PSYoungGen: 197120K->27024K(199680K)] 292579K->127403K(488448K), 0.0304791 secs] [Times: user=0.06 sys=0.00, real=0.03 secs] 
2024-07-05T00:53:47.367+0800: 336.077: [GC (Allocation Failure) [PSYoungGen: 199568K->21008K(205824K)] 299947K->124597K(494592K), 0.0239819 secs] [Times: user=0.04 sys=0.00, real=0.02 secs] 
2024-07-05T00:53:47.630+0800: 336.340: [GC (Allocation Failure) [PSYoungGen: 193040K->14960K(204800K)] 296629K->126675K(493568K), 0.0261918 secs] [Times: user=0.05 sys=0.00, real=0.03 secs] 
2024-07-05T00:53:47.848+0800: 336.558: [GC (Allocation Failure) [PSYoungGen: 186992K->27200K(204288K)] 298707K->142259K(493056K), 0.0315169 secs] [Times: user=0.07 sys=0.00, real=0.03 secs] 
2024-07-05T00:53:48.090+0800: 336.801: [GC (Allocation Failure) [PSYoungGen: 198208K->23682K(204800K)] 313267K->138749K(493568K), 0.0216991 secs] [Times: user=0.04 sys=0.00, real=0.02 secs] 
2024-07-05T00:53:48.340+0800: 337.051: [GC (Allocation Failure) [PSYoungGen: 194690K->18576K(203776K)] 309757K->136197K(492544K), 0.0206511 secs] [Times: user=0.04 sys=0.00, real=0.02 secs] 
2024-07-05T00:53:48.594+0800: 337.305: [GC (Allocation Failure) [PSYoungGen: 190096K->18656K(204288K)] 307717K->144722K(493056K), 0.0305940 secs] [Times: user=0.06 sys=0.00, real=0.02 secs] 
2024-07-05T00:53:48.814+0800: 337.525: [GC (Allocation Failure) [PSYoungGen: 190176K->30640K(201216K)] 316242K->163062K(489984K), 0.0396670 secs] [Times: user=0.07 sys=0.00, real=0.04 secs] 
2024-07-05T00:53:49.082+0800: 337.792: [GC (Allocation Failure) [PSYoungGen: 199600K->18218K(203776K)] 332022K->151249K(492544K), 0.0185604 secs] [Times: user=0.03 sys=0.00, real=0.02 secs] 
2024-07-05T00:53:49.327+0800: 338.037: [GC (Allocation Failure) [PSYoungGen: 187178K->15589K(203264K)] 320209K->149157K(492032K), 0.0173755 secs] [Times: user=0.03 sys=0.00, real=0.01 secs] 
2024-07-05T00:53:49.551+0800: 338.262: [GC (Allocation Failure) [PSYoungGen: 185061K->24656K(203776K)] 318629K->164312K(492544K), 0.0318882 secs] [Times: user=0.06 sys=0.00, real=0.03 secs] 
2024-07-05T00:53:49.782+0800: 338.492: [GC (Allocation Failure) [PSYoungGen: 194128K->25817K(204288K)] 333784K->170998K(493056K), 0.0310025 secs] [Times: user=0.06 sys=0.00, real=0.03 secs] 
2024-07-05T00:53:50.042+0800: 338.752: [GC (Allocation Failure) [PSYoungGen: 195801K->20720K(190976K)] 340982K->169927K(479744K), 0.0243572 secs] [Times: user=0.05 sys=0.00, real=0.03 secs] 
2024-07-05T00:53:50.301+0800: 339.012: [GC (Allocation Failure) [PSYoungGen: 190704K->16432K(203264K)] 339911K->174389K(492032K), 0.0282250 secs] [Times: user=0.06 sys=0.00, real=0.03 secs] 
2024-07-05T00:53:50.527+0800: 339.238: [GC (Allocation Failure) [PSYoungGen: 186416K->28800K(203264K)] 344373K->191325K(492032K), 0.0355478 secs] [Times: user=0.07 sys=0.00, real=0.03 secs] 
2024-07-05T00:53:50.786+0800: 339.496: [GC (Allocation Failure) [PSYoungGen: 198784K->19992K(204288K)] 361309K->182765K(493056K), 0.0191438 secs] [Times: user=0.04 sys=0.00, real=0.01 secs] 
2024-07-05T00:53:51.030+0800: 339.740: [GC (Allocation Failure) [PSYoungGen: 189976K->17378K(203776K)] 352749K->181249K(492544K), 0.0200839 secs] [Times: user=0.04 sys=0.00, real=0.02 secs] 
2024-07-05T00:53:51.272+0800: 339.982: [GC (Allocation Failure) [PSYoungGen: 187362K->21968K(203264K)] 351233K->193236K(492032K), 0.0325598 secs] [Times: user=0.06 sys=0.01, real=0.03 secs] 
2024-07-05T00:53:51.498+0800: 340.208: [GC (Allocation Failure) [PSYoungGen: 192976K->29568K(203776K)] 364244K->206728K(492544K), 0.0372694 secs] [Times: user=0.08 sys=0.00, real=0.04 secs] 
2024-07-05T00:53:51.770+0800: 340.481: [GC (Allocation Failure) [PSYoungGen: 200576K->20720K(204800K)] 377736K->201988K(493568K), 0.0271065 secs] [Times: user=0.05 sys=0.00, real=0.03 secs] 
2024-07-05T00:53:52.028+0800: 340.739: [GC (Allocation Failure) [PSYoungGen: 191180K->15042K(204288K)] 372449K->200327K(493056K), 0.0208094 secs] [Times: user=0.04 sys=0.00, real=0.02 secs] 
2024-07-05T00:53:52.254+0800: 340.964: [GC (Allocation Failure) [PSYoungGen: 185538K->26304K(203776K)] 370823K->212726K(492544K), 0.0290386 secs] [Times: user=0.06 sys=0.00, real=0.02 secs] 
2024-07-05T00:53:52.492+0800: 341.202: [GC (Allocation Failure) [PSYoungGen: 196288K->24786K(204288K)] 382710K->215869K(493056K), 0.0284204 secs] [Times: user=0.06 sys=0.00, real=0.03 secs] 
2024-07-05T00:53:52.741+0800: 341.451: [GC (Allocation Failure) [PSYoungGen: 194770K->19072K(202240K)] 385853K->213610K(491008K), 0.0222713 secs] [Times: user=0.05 sys=0.00, real=0.02 secs] 
2024-07-05T00:53:52.998+0800: 341.708: [GC (Allocation Failure) [PSYoungGen: 189056K->18448K(203264K)] 383594K->220809K(492032K), 0.0321802 secs] [Times: user=0.06 sys=0.00, real=0.03 secs] 
2024-07-05T00:53:53.222+0800: 341.932: [GC (Allocation Failure) [PSYoungGen: 188432K->29872K(201728K)] 390793K->238305K(490496K), 0.0383200 secs] [Times: user=0.08 sys=0.00, real=0.04 secs] 
2024-07-05T00:53:53.486+0800: 342.196: [GC (Allocation Failure) [PSYoungGen: 198832K->17840K(203776K)] 407265K->226697K(492544K), 0.0191022 secs] [Times: user=0.04 sys=0.00, real=0.01 secs] 
2024-07-05T00:53:53.725+0800: 342.435: [GC (Allocation Failure) [PSYoungGen: 186800K->16998K(203264K)] 395657K->226401K(492032K), 0.0175942 secs] [Times: user=0.04 sys=0.00, real=0.02 secs] 
2024-07-05T00:53:53.957+0800: 342.668: [GC (Allocation Failure) [PSYoungGen: 186470K->24096K(203776K)] 395873K->240116K(492544K), 0.0334578 secs] [Times: user=0.07 sys=0.00, real=0.03 secs] 
2024-07-05T00:53:54.185+0800: 342.896: [GC (Allocation Failure) [PSYoungGen: 193568K->26640K(203776K)] 409588K->248128K(492544K), 0.0317022 secs] [Times: user=0.06 sys=0.00, real=0.04 secs] 
2024-07-05T00:53:54.454+0800: 343.165: [GC (Allocation Failure) [PSYoungGen: 196624K->23328K(204288K)] 418112K->249661K(493056K), 0.0298228 secs] [Times: user=0.06 sys=0.00, real=0.02 secs] 
2024-07-05T00:53:54.717+0800: 343.428: [GC (Allocation Failure) [PSYoungGen: 193312K->14729K(204288K)] 419645K->246635K(493056K), 0.0238406 secs] [Times: user=0.05 sys=0.00, real=0.02 secs] 
2024-07-05T00:53:54.938+0800: 343.648: [GC (Allocation Failure) [PSYoungGen: 185225K->27488K(198144K)] 417131K->260991K(486912K), 0.0321319 secs] [Times: user=0.06 sys=0.00, real=0.03 secs] 
2024-07-05T00:53:55.195+0800: 343.906: [GC (Allocation Failure) [PSYoungGen: 197984K->18674K(204288K)] 431487K->256705K(493056K), 0.0234044 secs] [Times: user=0.05 sys=0.00, real=0.02 secs] 
2024-07-05T00:53:55.434+0800: 344.144: [GC (Allocation Failure) [PSYoungGen: 188146K->21746K(191488K)] 426177K->261207K(480256K), 0.0241362 secs] [Times: user=0.04 sys=0.00, real=0.02 secs] 
2024-07-05T00:53:55.688+0800: 344.398: [GC (Allocation Failure) [PSYoungGen: 191218K->20688K(202752K)] 430679K->268449K(491520K), 0.0327185 secs] [Times: user=0.06 sys=0.00, real=0.03 secs] 
2024-07-05T00:53:55.914+0800: 344.624: [GC (Allocation Failure) [PSYoungGen: 190672K->27680K(202240K)] 438433K->281661K(491008K), 0.0347733 secs] [Times: user=0.07 sys=0.00, real=0.03 secs] 
2024-07-05T00:53:56.182+0800: 344.892: [GC (Allocation Failure) [PSYoungGen: 197664K->21040K(205312K)] 451645K->279039K(494080K), 0.0284200 secs] [Times: user=0.05 sys=0.00, real=0.03 secs] 
2024-07-05T00:53:56.438+0800: 345.148: [GC (Allocation Failure) [PSYoungGen: 194096K->17013K(205312K)] 452095K->279596K(494080K), 0.0231745 secs] [Times: user=0.05 sys=0.00, real=0.02 secs] 
2024-07-05T00:53:56.671+0800: 345.382: [GC (Allocation Failure) [PSYoungGen: 190069K->24688K(206336K)] 452652K->288942K(495104K), 0.0275151 secs] [Times: user=0.05 sys=0.00, real=0.03 secs] 
2024-07-05T00:53:56.927+0800: 345.638: [GC (Allocation Failure) [PSYoungGen: 198768K->25449K(199680K)] 463022K->294444K(488448K), 0.0311252 secs] [Times: user=0.07 sys=0.00, real=0.03 secs] 
2024-07-05T00:53:57.187+0800: 345.898: [GC (Allocation Failure) [PSYoungGen: 199529K->23728K(206336K)] 468524K->296571K(495104K), 0.0286533 secs] [Times: user=0.06 sys=0.00, real=0.03 secs] 
2024-07-05T00:53:57.451+0800: 346.162: [GC (Allocation Failure) [PSYoungGen: 197296K->14954K(205824K)] 470139K->293277K(494592K), 0.0244339 secs] [Times: user=0.05 sys=0.00, real=0.03 secs] 
2024-07-05T00:53:57.682+0800: 346.392: [GC (Allocation Failure) [PSYoungGen: 188522K->26416K(204288K)] 466845K->306053K(493056K), 0.0316566 secs] [Times: user=0.06 sys=0.00, real=0.03 secs] 
2024-07-05T00:53:57.927+0800: 346.637: [GC (Allocation Failure) [PSYoungGen: 198448K->21616K(205312K)] 478085K->305841K(494080K), 0.0285479 secs] [Times: user=0.05 sys=0.00, real=0.03 secs] 
2024-07-05T00:53:57.955+0800: 346.666: [Full GC (Ergonomics) [PSYoungGen: 21616K->0K(205312K)] [ParOldGen: 284225K->48578K(289280K)] 305841K->48578K(494592K), [Metaspace: 12247K->12247K(1060864K)], 0.1293494 secs] [Times: user=0.23 sys=0.01, real=0.12 secs] 
2024-07-05T00:53:58.302+0800: 347.013: [GC (Allocation Failure) [PSYoungGen: 172032K->29520K(203264K)] 220610K->78099K(492544K), 0.0361710 secs] [Times: user=0.07 sys=0.00, real=0.04 secs] 
2024-07-05T00:53:58.578+0800: 347.288: [GC (Allocation Failure) [PSYoungGen: 200528K->17488K(204800K)] 249107K->81730K(494080K), 0.0410998 secs] [Times: user=0.08 sys=0.00, real=0.04 secs] 
2024-07-05T00:53:58.811+0800: 347.522: [GC (Allocation Failure) [PSYoungGen: 188496K->29984K(201728K)] 252738K->99054K(491008K), 0.0353787 secs] [Times: user=0.07 sys=0.00, real=0.04 secs] 
2024-07-05T00:53:59.078+0800: 347.788: [GC (Allocation Failure) [PSYoungGen: 197920K->16208K(203264K)] 266990K->85454K(492544K), 0.0164662 secs] [Times: user=0.03 sys=0.00, real=0.02 secs] 
2024-07-05T00:53:59.307+0800: 348.018: [GC (Allocation Failure) [PSYoungGen: 184144K->19190K(202240K)] 253390K->88895K(491520K), 0.0185695 secs] [Times: user=0.04 sys=0.00, real=0.02 secs] 
2024-07-05T00:53:59.541+0800: 348.252: [GC (Allocation Failure) [PSYoungGen: 187126K->23136K(202752K)] 256831K->99933K(492032K), 0.0301649 secs] [Times: user=0.06 sys=0.00, real=0.03 secs] 
2024-07-05T00:53:59.778+0800: 348.488: [GC (Allocation Failure) [PSYoungGen: 191072K->23600K(203264K)] 267869K->106066K(492544K), 0.0302387 secs] [Times: user=0.06 sys=0.00, real=0.03 secs] 
2024-07-05T00:54:00.031+0800: 348.741: [GC (Allocation Failure) [PSYoungGen: 193584K->24000K(203264K)] 276050K->110461K(492544K), 0.0293679 secs] [Times: user=0.06 sys=0.00, real=0.03 secs] 
2024-07-05T00:54:00.294+0800: 349.004: [GC (Allocation Failure) [PSYoungGen: 193984K->14425K(204288K)] 280445K->106283K(493568K), 0.0225852 secs] [Times: user=0.05 sys=0.00, real=0.02 secs] 
2024-07-05T00:54:00.514+0800: 349.225: [GC (Allocation Failure) [PSYoungGen: 185945K->27568K(199168K)] 277803K->120851K(488448K), 0.0315703 secs] [Times: user=0.05 sys=0.00, real=0.02 secs] 
2024-07-05T00:54:00.774+0800: 349.484: [GC (Allocation Failure) [PSYoungGen: 199088K->18114K(204800K)] 292371K->115961K(494080K), 0.0238236 secs] [Times: user=0.04 sys=0.00, real=0.02 secs] 
2024-07-05T00:54:01.009+0800: 349.720: [GC (Allocation Failure) [PSYoungGen: 188610K->23792K(194560K)] 286457K->122841K(483840K), 0.0236807 secs] [Times: user=0.05 sys=0.00, real=0.02 secs] 
2024-07-05T00:54:01.274+0800: 349.984: [GC (Allocation Failure) [PSYoungGen: 194288K->19760K(204288K)] 293337K->126097K(493568K), 0.0285929 secs] [Times: user=0.05 sys=0.00, real=0.02 secs] 
2024-07-05T00:54:01.499+0800: 350.209: [GC (Allocation Failure) [PSYoungGen: 190768K->24448K(203776K)] 297105K->136121K(493056K), 0.0309828 secs] [Times: user=0.06 sys=0.00, real=0.03 secs] 
2024-07-05T00:54:01.765+0800: 350.476: [GC (Allocation Failure) [PSYoungGen: 195456K->21104K(204288K)] 307129K->136198K(493568K), 0.0256986 secs] [Times: user=0.05 sys=0.00, real=0.03 secs] 
2024-07-05T00:54:02.008+0800: 350.718: [GC (Allocation Failure) [PSYoungGen: 194160K->20720K(204800K)] 309254K->141191K(494080K), 0.0271086 secs] [Times: user=0.06 sys=0.00, real=0.03 secs] 
2024-07-05T00:54:02.279+0800: 350.990: [GC (Allocation Failure) [PSYoungGen: 193776K->22000K(206336K)] 314247K->146586K(495616K), 0.0274322 secs] [Times: user=0.05 sys=0.00, real=0.03 secs] 
2024-07-05T00:54:02.513+0800: 351.224: [GC (Allocation Failure) [PSYoungGen: 198128K->29120K(206336K)] 322714K->159034K(495616K), 0.0346852 secs] [Times: user=0.07 sys=0.00, real=0.04 secs] 
2024-07-05T00:54:02.796+0800: 351.506: [GC (Allocation Failure) [PSYoungGen: 205248K->21792K(207360K)] 335162K->154662K(496640K), 0.0255909 secs] [Times: user=0.05 sys=0.00, real=0.02 secs] 
2024-07-05T00:54:03.065+0800: 351.775: [GC (Allocation Failure) [PSYoungGen: 197408K->16120K(206848K)] 330278K->153266K(496128K), 0.0233611 secs] [Times: user=0.05 sys=0.00, real=0.03 secs] 
2024-07-05T00:54:03.319+0800: 352.029: [GC (Allocation Failure) [PSYoungGen: 191736K->23728K(206848K)] 328882K->162662K(496128K), 0.0340313 secs] [Times: user=0.06 sys=0.00, real=0.03 secs] 
2024-07-05T00:54:03.560+0800: 352.270: [GC (Allocation Failure) [PSYoungGen: 199344K->28208K(204288K)] 338278K->171854K(493568K), 0.0326962 secs] [Times: user=0.06 sys=0.00, real=0.03 secs] 
2024-07-05T00:54:03.846+0800: 352.556: [GC (Allocation Failure) [PSYoungGen: 203824K->15328K(205824K)] 347470K->159910K(495104K), 0.0166690 secs] [Times: user=0.03 sys=0.00, real=0.02 secs] 
2024-07-05T00:54:04.114+0800: 352.825: [GC (Allocation Failure) [PSYoungGen: 188384K->12960K(186368K)] 332966K->160875K(475648K), 0.0181388 secs] [Times: user=0.03 sys=0.00, real=0.01 secs] 
2024-07-05T00:54:04.336+0800: 353.047: [GC (Allocation Failure) [PSYoungGen: 186016K->26736K(203264K)] 333931K->182675K(492544K), 0.0379275 secs] [Times: user=0.07 sys=0.00, real=0.04 secs] 
2024-07-05T00:54:04.583+0800: 353.293: [GC (Allocation Failure) [PSYoungGen: 196720K->25449K(204288K)] 352659K->182013K(493568K), 0.0249337 secs] [Times: user=0.05 sys=0.00, real=0.03 secs] 
2024-07-05T00:54:04.844+0800: 353.554: [GC (Allocation Failure) [PSYoungGen: 195433K->19312K(203264K)] 351997K->179263K(492544K), 0.0244249 secs] [Times: user=0.04 sys=0.00, real=0.03 secs] 
2024-07-05T00:54:05.109+0800: 353.819: [GC (Allocation Failure) [PSYoungGen: 189296K->17552K(203776K)] 349247K->185638K(493056K), 0.0294671 secs] [Times: user=0.06 sys=0.00, real=0.03 secs] 
2024-07-05T00:54:05.356+0800: 354.066: [GC (Allocation Failure) [PSYoungGen: 187536K->29600K(201216K)] 355622K->203370K(490496K), 0.0433537 secs] [Times: user=0.08 sys=0.00, real=0.04 secs] 
2024-07-05T00:54:05.678+0800: 354.389: [GC (Allocation Failure) [PSYoungGen: 197536K->20392K(203264K)] 371306K->194523K(492544K), 0.0235868 secs] [Times: user=0.04 sys=0.00, real=0.02 secs] 
2024-07-05T00:54:05.945+0800: 354.656: [GC (Allocation Failure) [PSYoungGen: 188328K->17664K(201216K)] 362459K->193036K(490496K), 0.0219237 secs] [Times: user=0.04 sys=0.00, real=0.03 secs] 
2024-07-05T00:54:06.182+0800: 354.893: [GC (Allocation Failure) [PSYoungGen: 186624K->23232K(202752K)] 361996K->206251K(492032K), 0.0339510 secs] [Times: user=0.06 sys=0.00, real=0.04 secs] 
2024-07-05T00:54:06.418+0800: 355.129: [GC (Allocation Failure) [PSYoungGen: 192192K->25785K(204288K)] 375211K->214669K(493568K), 0.0338261 secs] [Times: user=0.07 sys=0.00, real=0.03 secs] 
2024-07-05T00:54:06.698+0800: 355.408: [GC (Allocation Failure) [PSYoungGen: 197305K->23824K(204800K)] 386189K->217254K(494080K), 0.0304111 secs] [Times: user=0.06 sys=0.00, real=0.03 secs] 
2024-07-05T00:54:06.964+0800: 355.675: [GC (Allocation Failure) [PSYoungGen: 195344K->14078K(205312K)] 388774K->213036K(494592K), 0.0226667 secs] [Times: user=0.04 sys=0.00, real=0.03 secs] 
2024-07-05T00:54:07.191+0800: 355.902: [GC (Allocation Failure) [PSYoungGen: 186110K->26656K(199168K)] 385068K->227055K(488448K), 0.0303579 secs] [Times: user=0.05 sys=0.00, real=0.03 secs] 
2024-07-05T00:54:07.440+0800: 356.151: [GC (Allocation Failure) [PSYoungGen: 198688K->23211K(205312K)] 399087K->228135K(494592K), 0.0280854 secs] [Times: user=0.05 sys=0.00, real=0.03 secs] 
2024-07-05T00:54:07.702+0800: 356.412: [GC (Allocation Failure) [PSYoungGen: 194219K->17993K(189440K)] 399143K->225851K(478720K), 0.0224092 secs] [Times: user=0.04 sys=0.00, real=0.02 secs] 
2024-07-05T00:54:07.951+0800: 356.662: [GC (Allocation Failure) [PSYoungGen: 189001K->19152K(204288K)] 396859K->235684K(493568K), 0.0312942 secs] [Times: user=0.06 sys=0.00, real=0.03 secs] 
2024-07-05T00:54:08.174+0800: 356.884: [GC (Allocation Failure) [PSYoungGen: 190672K->31104K(203776K)] 407204K->253839K(493056K), 0.0402294 secs] [Times: user=0.08 sys=0.00, real=0.04 secs] 
2024-07-05T00:54:08.445+0800: 357.156: [GC (Allocation Failure) [PSYoungGen: 202624K->17886K(204288K)] 425359K->241438K(493568K), 0.0192408 secs] [Times: user=0.04 sys=0.00, real=0.02 secs] 
2024-07-05T00:54:08.694+0800: 357.404: [GC (Allocation Failure) [PSYoungGen: 187358K->15655K(203776K)] 410910K->239752K(493056K), 0.0184229 secs] [Times: user=0.03 sys=0.00, real=0.01 secs] 
2024-07-05T00:54:08.920+0800: 357.631: [GC (Allocation Failure) [PSYoungGen: 185127K->24720K(203776K)] 409224K->255530K(493056K), 0.0331582 secs] [Times: user=0.06 sys=0.00, real=0.03 secs] 
2024-07-05T00:54:09.151+0800: 357.862: [GC (Allocation Failure) [PSYoungGen: 194192K->27536K(197120K)] 425002K->263914K(486400K), 0.0357107 secs] [Times: user=0.07 sys=0.00, real=0.04 secs] 
2024-07-05T00:54:09.434+0800: 358.144: [GC (Allocation Failure) [PSYoungGen: 197008K->17136K(203776K)] 433386K->256442K(493056K), 0.0197930 secs] [Times: user=0.04 sys=0.00, real=0.01 secs] 
2024-07-05T00:54:09.692+0800: 358.403: [GC (Allocation Failure) [PSYoungGen: 185584K->17600K(186368K)] 424890K->264897K(475648K), 0.0299869 secs] [Times: user=0.06 sys=0.00, real=0.03 secs] 
2024-07-05T00:54:09.910+0800: 358.621: [GC (Allocation Failure) [PSYoungGen: 186048K->29568K(201216K)] 433345K->282649K(490496K), 0.0389982 secs] [Times: user=0.08 sys=0.00, real=0.04 secs] 
2024-07-05T00:54:10.179+0800: 358.889: [GC (Allocation Failure) [PSYoungGen: 196480K->18906K(202752K)] 449561K->272491K(492032K), 0.0225422 secs] [Times: user=0.04 sys=0.00, real=0.02 secs] 
2024-07-05T00:54:10.437+0800: 359.148: [GC (Allocation Failure) [PSYoungGen: 185818K->14151K(202240K)] 439403K->268274K(491520K), 0.0154660 secs] [Times: user=0.03 sys=0.00, real=0.01 secs] 
2024-07-05T00:54:10.662+0800: 359.373: [GC (Allocation Failure) [PSYoungGen: 181575K->24832K(202752K)] 435698K->284729K(492032K), 0.0349137 secs] [Times: user=0.06 sys=0.00, real=0.04 secs] 
2024-07-05T00:54:10.893+0800: 359.603: [GC (Allocation Failure) [PSYoungGen: 192256K->27220K(202240K)] 452153K->292366K(491520K), 0.0341239 secs] [Times: user=0.06 sys=0.00, real=0.04 secs] 
2024-07-05T00:54:11.162+0800: 359.873: [GC (Allocation Failure) [PSYoungGen: 194132K->20064K(187392K)] 459278K->289850K(476672K), 0.0297141 secs] [Times: user=0.06 sys=0.00, real=0.03 secs] 
2024-07-05T00:54:11.429+0800: 360.139: [GC (Allocation Failure) [PSYoungGen: 186976K->17984K(202752K)] 456762K->295608K(492032K), 0.0302194 secs] [Times: user=0.06 sys=0.00, real=0.03 secs] 
2024-07-05T00:54:11.653+0800: 360.364: [GC (Allocation Failure) [PSYoungGen: 185920K->30336K(202240K)] 463544K->312996K(491520K), 0.0385913 secs] [Times: user=0.07 sys=0.00, real=0.04 secs] 
2024-07-05T00:54:11.692+0800: 360.402: [Full GC (Ergonomics) [PSYoungGen: 30336K->0K(202240K)] [ParOldGen: 282660K->57764K(305152K)] 312996K->57764K(507392K), [Metaspace: 12247K->12247K(1060864K)], 0.1912194 secs] [Times: user=0.37 sys=0.00, real=0.19 secs] 
2024-07-05T00:54:12.116+0800: 360.827: [GC (Allocation Failure) [PSYoungGen: 167936K->25754K(202240K)] 225700K->83519K(507392K), 0.0336142 secs] [Times: user=0.07 sys=0.00, real=0.03 secs] 
2024-07-05T00:54:12.386+0800: 361.097: [GC (Allocation Failure) [PSYoungGen: 191642K->12816K(202240K)] 249407K->78766K(507392K), 0.0290580 secs] [Times: user=0.05 sys=0.00, real=0.03 secs] 
2024-07-05T00:54:12.629+0800: 361.339: [GC (Allocation Failure) [PSYoungGen: 178704K->25200K(202240K)] 244654K->96748K(507392K), 0.0326257 secs] [Times: user=0.06 sys=0.00, real=0.03 secs] 
2024-07-05T00:54:12.854+0800: 361.564: [GC (Allocation Failure) [PSYoungGen: 191088K->30224K(196608K)] 262636K->106900K(501760K), 0.0338557 secs] [Times: user=0.06 sys=0.00, real=0.03 secs] 
2024-07-05T00:54:13.146+0800: 361.856: [GC (Allocation Failure) [PSYoungGen: 196112K->12955K(199680K)] 272788K->93105K(504832K), 0.0165694 secs] [Times: user=0.03 sys=0.00, real=0.01 secs] 
2024-07-05T00:54:13.373+0800: 362.084: [GC (Allocation Failure) [PSYoungGen: 174747K->20192K(182272K)] 254897K->108079K(487424K), 0.0308576 secs] [Times: user=0.06 sys=0.00, real=0.03 secs] 
2024-07-05T00:54:13.585+0800: 362.295: [GC (Allocation Failure) [PSYoungGen: 181984K->31952K(196608K)] 269871K->125459K(501760K), 0.0401766 secs] [Times: user=0.08 sys=0.00, real=0.04 secs] 
2024-07-05T00:54:13.864+0800: 362.574: [GC (Allocation Failure) [PSYoungGen: 191696K->10416K(199168K)] 285203K->105159K(504320K), 0.0130935 secs] [Times: user=0.02 sys=0.00, real=0.02 secs] 
2024-07-05T00:54:14.095+0800: 362.805: [GC (Allocation Failure) [PSYoungGen: 170160K->17568K(197120K)] 264903K->116397K(502272K), 0.0231497 secs] [Times: user=0.04 sys=0.01, real=0.02 secs] 
2024-07-05T00:54:14.295+0800: 363.006: [GC (Allocation Failure) [PSYoungGen: 177312K->33328K(193536K)] 276141K->141961K(498688K), 0.0488977 secs] [Times: user=0.09 sys=0.00, real=0.04 secs] 
2024-07-05T00:54:14.571+0800: 363.282: [GC (Allocation Failure) [PSYoungGen: 193072K->13846K(197632K)] 301705K->124435K(502784K), 0.0147432 secs] [Times: user=0.03 sys=0.00, real=0.02 secs] 
2024-07-05T00:54:14.808+0800: 363.519: [GC (Allocation Failure) [PSYoungGen: 170006K->16464K(173056K)] 280595K->131591K(478208K), 0.0231695 secs] [Times: user=0.04 sys=0.00, real=0.02 secs] 
2024-07-05T00:54:14.999+0800: 363.709: [GC (Allocation Failure) [PSYoungGen: 172624K->33360K(193536K)] 287751K->158408K(498688K), 0.0503036 secs] [Times: user=0.10 sys=0.00, real=0.05 secs] 
2024-07-05T00:54:15.279+0800: 363.990: [GC (Allocation Failure) [PSYoungGen: 186960K->14416K(196096K)] 312008K->147416K(501248K), 0.0219444 secs] [Times: user=0.04 sys=0.00, real=0.02 secs] 
2024-07-05T00:54:15.517+0800: 364.228: [GC (Allocation Failure) [PSYoungGen: 168016K->17216K(192512K)] 301016K->155968K(497664K), 0.0269786 secs] [Times: user=0.05 sys=0.00, real=0.02 secs] 
2024-07-05T00:54:15.715+0800: 364.426: [GC (Allocation Failure) [PSYoungGen: 171328K->28048K(194560K)] 310080K->171940K(499712K), 0.0345243 secs] [Times: user=0.06 sys=0.00, real=0.03 secs] 
2024-07-05T00:54:15.962+0800: 364.673: [GC (Allocation Failure) [PSYoungGen: 182160K->19488K(196096K)] 326052K->169139K(501248K), 0.0326969 secs] [Times: user=0.06 sys=0.00, real=0.04 secs] 
2024-07-05T00:54:16.214+0800: 364.924: [GC (Allocation Failure) [PSYoungGen: 176160K->18992K(196608K)] 325811K->177416K(501760K), 0.0322728 secs] [Times: user=0.05 sys=0.01, real=0.03 secs] 
2024-07-05T00:54:16.431+0800: 365.142: [GC (Allocation Failure) [PSYoungGen: 175664K->23072K(197632K)] 334088K->186600K(502784K), 0.0297777 secs] [Times: user=0.05 sys=0.00, real=0.03 secs] 
2024-07-05T00:54:16.670+0800: 365.380: [GC (Allocation Failure) [PSYoungGen: 183328K->23376K(197632K)] 346856K->191507K(502784K), 0.0308076 secs] [Times: user=0.06 sys=0.00, real=0.03 secs] 
2024-07-05T00:54:16.932+0800: 365.643: [GC (Allocation Failure) [PSYoungGen: 183632K->15376K(200704K)] 351763K->188939K(505856K), 0.0244137 secs] [Times: user=0.05 sys=0.00, real=0.03 secs] 
2024-07-05T00:54:17.146+0800: 365.857: [GC (Allocation Failure) [PSYoungGen: 179728K->23248K(200192K)] 353291K->198399K(505344K), 0.0271602 secs] [Times: user=0.06 sys=0.00, real=0.02 secs] 
2024-07-05T00:54:17.398+0800: 366.108: [GC (Allocation Failure) [PSYoungGen: 187600K->21888K(201728K)] 362751K->205464K(506880K), 0.0334382 secs] [Times: user=0.06 sys=0.00, real=0.03 secs] 
2024-07-05T00:54:17.642+0800: 366.352: [GC (Allocation Failure) [PSYoungGen: 189312K->20896K(201728K)] 372888K->210696K(506880K), 0.0306603 secs] [Times: user=0.05 sys=0.00, real=0.03 secs] 
2024-07-05T00:54:17.878+0800: 366.589: [GC (Allocation Failure) [PSYoungGen: 188320K->24208K(203776K)] 378120K->217374K(508928K), 0.0289029 secs] [Times: user=0.06 sys=0.00, real=0.03 secs] 
2024-07-05T00:54:18.136+0800: 366.847: [GC (Allocation Failure) [PSYoungGen: 194704K->16906K(203264K)] 387870K->215060K(508416K), 0.0240949 secs] [Times: user=0.04 sys=0.00, real=0.02 secs] 
2024-07-05T00:54:18.361+0800: 367.072: [GC (Allocation Failure) [PSYoungGen: 187402K->28464K(202752K)] 385556K->228168K(507904K), 0.0307677 secs] [Times: user=0.06 sys=0.00, real=0.03 secs] 
2024-07-05T00:54:18.622+0800: 367.332: [GC (Allocation Failure) [PSYoungGen: 198448K->16665K(204288K)] 398152K->220946K(509440K), 0.0234661 secs] [Times: user=0.04 sys=0.00, real=0.02 secs] 
2024-07-05T00:54:18.846+0800: 367.557: [GC (Allocation Failure) [PSYoungGen: 186649K->22912K(202752K)] 390930K->228370K(507904K), 0.0228710 secs] [Times: user=0.05 sys=0.00, real=0.02 secs] 
2024-07-05T00:54:19.099+0800: 367.810: [GC (Allocation Failure) [PSYoungGen: 193408K->20688K(203776K)] 398866K->233784K(508928K), 0.0309123 secs] [Times: user=0.06 sys=0.00, real=0.03 secs] 
2024-07-05T00:54:19.332+0800: 368.043: [GC (Allocation Failure) [PSYoungGen: 191184K->24800K(205312K)] 404280K->243860K(510464K), 0.0310045 secs] [Times: user=0.06 sys=0.00, real=0.03 secs] 
2024-07-05T00:54:19.600+0800: 368.311: [GC (Allocation Failure) [PSYoungGen: 197856K->20992K(205312K)] 416916K->243123K(510464K), 0.0252294 secs] [Times: user=0.05 sys=0.00, real=0.02 secs] 
2024-07-05T00:54:19.840+0800: 368.551: [GC (Allocation Failure) [PSYoungGen: 194048K->19424K(204800K)] 416179K->246951K(509952K), 0.0263210 secs] [Times: user=0.05 sys=0.00, real=0.03 secs] 
2024-07-05T00:54:20.091+0800: 368.801: [GC (Allocation Failure) [PSYoungGen: 194016K->22496K(205312K)] 421543K->253033K(510464K), 0.0268860 secs] [Times: user=0.06 sys=0.00, real=0.03 secs] 
2024-07-05T00:54:20.327+0800: 369.038: [GC (Allocation Failure) [PSYoungGen: 197088K->25910K(206336K)] 427625K->261499K(511488K), 0.0308094 secs] [Times: user=0.06 sys=0.00, real=0.03 secs] 
2024-07-05T00:54:20.593+0800: 369.303: [GC (Allocation Failure) [PSYoungGen: 202038K->21824K(207360K)] 437627K->261565K(512512K), 0.0269771 secs] [Times: user=0.05 sys=0.00, real=0.03 secs] 
2024-07-05T00:54:20.845+0800: 369.556: [GC (Allocation Failure) [PSYoungGen: 197952K->18518K(207360K)] 437693K->263827K(512512K), 0.0261934 secs] [Times: user=0.05 sys=0.00, real=0.03 secs] 
2024-07-05T00:54:21.093+0800: 369.804: [GC (Allocation Failure) [PSYoungGen: 195670K->23232K(207360K)] 440979K->270966K(512512K), 0.0282042 secs] [Times: user=0.06 sys=0.00, real=0.03 secs] 
2024-07-05T00:54:21.334+0800: 370.044: [GC (Allocation Failure) [PSYoungGen: 200384K->26512K(206848K)] 448118K->279302K(512000K), 0.0311564 secs] [Times: user=0.05 sys=0.01, real=0.03 secs] 
2024-07-05T00:54:21.611+0800: 370.322: [GC (Allocation Failure) [PSYoungGen: 203664K->21728K(207872K)] 456454K->277869K(513024K), 0.0291902 secs] [Times: user=0.05 sys=0.00, real=0.03 secs] 
2024-07-05T00:54:21.866+0800: 370.577: [GC (Allocation Failure) [PSYoungGen: 198880K->19819K(206336K)] 455021K->281429K(511488K), 0.0278216 secs] [Times: user=0.05 sys=0.00, real=0.03 secs] 
2024-07-05T00:54:22.124+0800: 370.835: [GC (Allocation Failure) [PSYoungGen: 197483K->22336K(207360K)] 459093K->286875K(512512K), 0.0277054 secs] [Times: user=0.05 sys=0.00, real=0.03 secs] 
2024-07-05T00:54:22.372+0800: 371.083: [GC (Allocation Failure) [PSYoungGen: 200000K->26784K(207360K)] 464539K->296571K(512512K), 0.0337263 secs] [Times: user=0.06 sys=0.00, real=0.04 secs] 
2024-07-05T00:54:22.666+0800: 371.376: [GC (Allocation Failure) [PSYoungGen: 204960K->18073K(208384K)] 474747K->288548K(513536K), 0.0211538 secs] [Times: user=0.04 sys=0.00, real=0.02 secs] 
2024-07-05T00:54:22.947+0800: 371.657: [GC (Allocation Failure) [PSYoungGen: 196249K->21145K(207360K)] 466724K->292158K(512512K), 0.0221465 secs] [Times: user=0.05 sys=0.00, real=0.02 secs] 
2024-07-05T00:54:23.242+0800: 371.952: [GC (Allocation Failure) [PSYoungGen: 199321K->21376K(207872K)] 470334K->297619K(513024K), 0.0300418 secs] [Times: user=0.06 sys=0.00, real=0.03 secs] 
2024-07-05T00:54:23.497+0800: 372.208: [GC (Allocation Failure) [PSYoungGen: 199552K->21929K(208384K)] 475795K->304112K(513536K), 0.0288382 secs] [Times: user=0.06 sys=0.00, real=0.03 secs] 
2024-07-05T00:54:23.782+0800: 372.492: [GC (Allocation Failure) [PSYoungGen: 202153K->20032K(208384K)] 484336K->303995K(513536K), 0.0237958 secs] [Times: user=0.05 sys=0.00, real=0.02 secs] 
2024-07-05T00:54:24.027+0800: 372.738: [GC (Allocation Failure) [PSYoungGen: 200256K->28144K(202240K)] 484219K->318199K(507392K), 0.0379279 secs] [Times: user=0.06 sys=0.01, real=0.03 secs] 
2024-07-05T00:54:24.313+0800: 373.024: [GC (Allocation Failure) [PSYoungGen: 202224K->19664K(206336K)] 492279K->315335K(511488K), 0.0302100 secs] [Times: user=0.06 sys=0.00, real=0.03 secs] 
2024-07-05T00:54:24.572+0800: 373.283: [GC (Allocation Failure) [PSYoungGen: 193744K->19710K(204800K)] 489415K->318774K(509952K), 0.0315770 secs] [Times: user=0.05 sys=0.00, real=0.03 secs] 
2024-07-05T00:54:24.604+0800: 373.315: [Full GC (Ergonomics) [PSYoungGen: 19710K->0K(204800K)] [ParOldGen: 299064K->47742K(298496K)] 318774K->47742K(503296K), [Metaspace: 12247K->12247K(1060864K)], 0.1404999 secs] [Times: user=0.27 sys=0.00, real=0.14 secs] 
2024-07-05T00:54:24.982+0800: 373.693: [GC (Allocation Failure) [PSYoungGen: 174592K->25360K(205824K)] 222334K->73102K(504320K), 0.0334145 secs] [Times: user=0.06 sys=0.00, real=0.04 secs] 
2024-07-05T00:54:25.214+0800: 373.925: [GC (Allocation Failure) [PSYoungGen: 199952K->31712K(193536K)] 247694K->91282K(492032K), 0.0502051 secs] [Times: user=0.10 sys=0.00, real=0.04 secs] 
2024-07-05T00:54:25.487+0800: 374.197: [GC (Allocation Failure) [PSYoungGen: 193504K->19136K(200192K)] 253074K->83929K(498688K), 0.0250521 secs] [Times: user=0.05 sys=0.00, real=0.02 secs] 
2024-07-05T00:54:25.738+0800: 374.449: [GC (Allocation Failure) [PSYoungGen: 180928K->13248K(199680K)] 245721K->83815K(498176K), 0.0214784 secs] [Times: user=0.04 sys=0.00, real=0.02 secs] 
2024-07-05T00:54:25.939+0800: 374.650: [GC (Allocation Failure) [PSYoungGen: 175040K->28656K(190464K)] 245607K->100843K(488960K), 0.0313713 secs] [Times: user=0.06 sys=0.00, real=0.03 secs] 
2024-07-05T00:54:26.178+0800: 374.889: [GC (Allocation Failure) [PSYoungGen: 190448K->19002K(200192K)] 262635K->91213K(498688K), 0.0173322 secs] [Times: user=0.03 sys=0.00, real=0.02 secs] 
2024-07-05T00:54:26.414+0800: 375.125: [GC (Allocation Failure) [PSYoungGen: 180282K->14504K(199680K)] 252493K->87254K(498176K), 0.0152830 secs] [Times: user=0.03 sys=0.00, real=0.01 secs] 
2024-07-05T00:54:26.621+0800: 375.331: [GC (Allocation Failure) [PSYoungGen: 175784K->26496K(199680K)] 248534K->105116K(498176K), 0.0327259 secs] [Times: user=0.06 sys=0.00, real=0.03 secs] 
2024-07-05T00:54:26.858+0800: 375.568: [GC (Allocation Failure) [PSYoungGen: 187776K->22043K(183808K)] 266396K->106260K(482304K), 0.0279490 secs] [Times: user=0.05 sys=0.00, real=0.03 secs] 
2024-07-05T00:54:27.109+0800: 375.820: [GC (Allocation Failure) [PSYoungGen: 183323K->16176K(199168K)] 267540K->102992K(497664K), 0.0192741 secs] [Times: user=0.03 sys=0.00, real=0.02 secs] 
2024-07-05T00:54:27.341+0800: 376.051: [GC (Allocation Failure) [PSYoungGen: 178480K->23712K(198656K)] 265296K->117874K(497152K), 0.0340721 secs] [Times: user=0.07 sys=0.00, real=0.04 secs] 
2024-07-05T00:54:27.580+0800: 376.291: [GC (Allocation Failure) [PSYoungGen: 186016K->25769K(201216K)] 280178K->125751K(499712K), 0.0326105 secs] [Times: user=0.06 sys=0.00, real=0.03 secs] 
2024-07-05T00:54:27.837+0800: 376.548: [GC (Allocation Failure) [PSYoungGen: 191145K->18240K(201216K)] 291127K->122411K(499712K), 0.0221092 secs] [Times: user=0.05 sys=0.00, real=0.02 secs] 
2024-07-05T00:54:28.087+0800: 376.798: [GC (Allocation Failure) [PSYoungGen: 183616K->19056K(201216K)] 287787K->132123K(499712K), 0.0319003 secs] [Times: user=0.06 sys=0.00, real=0.03 secs] 
2024-07-05T00:54:28.307+0800: 377.018: [GC (Allocation Failure) [PSYoungGen: 186480K->31168K(201728K)] 299547K->150587K(500224K), 0.0396839 secs] [Times: user=0.08 sys=0.00, real=0.04 secs] 
2024-07-05T00:54:28.578+0800: 377.289: [GC (Allocation Failure) [PSYoungGen: 198592K->17152K(202240K)] 318011K->137379K(500736K), 0.0185421 secs] [Times: user=0.04 sys=0.00, real=0.02 secs] 
2024-07-05T00:54:28.828+0800: 377.539: [GC (Allocation Failure) [PSYoungGen: 182528K->12554K(201728K)] 302755K->133223K(500224K), 0.0163580 secs] [Times: user=0.03 sys=0.00, real=0.01 secs] 
2024-07-05T00:54:29.036+0800: 377.747: [GC (Allocation Failure) [PSYoungGen: 177930K->27264K(200192K)] 298599K->153054K(498688K), 0.0316848 secs] [Times: user=0.06 sys=0.00, real=0.03 secs] 
2024-07-05T00:54:29.270+0800: 377.981: [GC (Allocation Failure) [PSYoungGen: 191104K->23749K(201216K)] 316894K->154624K(499712K), 0.0293112 secs] [Times: user=0.06 sys=0.00, real=0.03 secs] 
2024-07-05T00:54:29.533+0800: 378.243: [GC (Allocation Failure) [PSYoungGen: 187589K->14144K(201216K)] 318464K->147963K(499712K), 0.0177566 secs] [Times: user=0.03 sys=0.00, real=0.02 secs] 
2024-07-05T00:54:29.757+0800: 378.467: [GC (Allocation Failure) [PSYoungGen: 179008K->22560K(201216K)] 312827K->163572K(499712K), 0.0332446 secs] [Times: user=0.06 sys=0.00, real=0.03 secs] 
2024-07-05T00:54:29.978+0800: 378.688: [GC (Allocation Failure) [PSYoungGen: 187424K->29616K(199680K)] 328436K->176112K(498176K), 0.0367811 secs] [Times: user=0.06 sys=0.00, real=0.04 secs] 
2024-07-05T00:54:30.248+0800: 378.958: [GC (Allocation Failure) [PSYoungGen: 193968K->15984K(201216K)] 340464K->166811K(499712K), 0.0190543 secs] [Times: user=0.04 sys=0.00, real=0.02 secs] 
2024-07-05T00:54:30.489+0800: 379.200: [GC (Allocation Failure) [PSYoungGen: 180336K->17952K(199680K)] 331163K->176651K(498176K), 0.0291117 secs] [Times: user=0.05 sys=0.00, real=0.03 secs] 
2024-07-05T00:54:30.701+0800: 379.412: [GC (Allocation Failure) [PSYoungGen: 182816K->31136K(200704K)] 341515K->195911K(499200K), 0.0407086 secs] [Times: user=0.08 sys=0.00, real=0.04 secs] 
2024-07-05T00:54:30.966+0800: 379.676: [GC (Allocation Failure) [PSYoungGen: 196000K->16768K(201216K)] 360775K->182351K(499712K), 0.0191983 secs] [Times: user=0.04 sys=0.00, real=0.01 secs] 
2024-07-05T00:54:31.214+0800: 379.924: [GC (Allocation Failure) [PSYoungGen: 180096K->14530K(178176K)] 345679K->180417K(476672K), 0.0159744 secs] [Times: user=0.03 sys=0.00, real=0.01 secs] 
2024-07-05T00:54:31.425+0800: 380.135: [GC (Allocation Failure) [PSYoungGen: 177858K->26720K(199680K)] 343745K->198210K(498176K), 0.0335363 secs] [Times: user=0.07 sys=0.00, real=0.04 secs] 
2024-07-05T00:54:31.670+0800: 380.380: [GC (Allocation Failure) [PSYoungGen: 189536K->24137K(200192K)] 361026K->200824K(498688K), 0.0290710 secs] [Times: user=0.06 sys=0.00, real=0.03 secs] 
2024-07-05T00:54:31.930+0800: 380.640: [GC (Allocation Failure) [PSYoungGen: 186863K->14006K(201216K)] 363550K->193758K(499712K), 0.0177497 secs] [Times: user=0.04 sys=0.00, real=0.02 secs] 
2024-07-05T00:54:32.159+0800: 380.870: [GC (Allocation Failure) [PSYoungGen: 178358K->24080K(201216K)] 358110K->210978K(499712K), 0.0364873 secs] [Times: user=0.07 sys=0.00, real=0.04 secs] 
2024-07-05T00:54:32.385+0800: 381.095: [GC (Allocation Failure) [PSYoungGen: 188432K->30032K(199168K)] 375330K->222642K(497664K), 0.0364084 secs] [Times: user=0.07 sys=0.00, real=0.04 secs] 
2024-07-05T00:54:32.674+0800: 381.384: [GC (Allocation Failure) [PSYoungGen: 192848K->16432K(200704K)] 385458K->214818K(499200K), 0.0227816 secs] [Times: user=0.04 sys=0.00, real=0.02 secs] 
2024-07-05T00:54:32.946+0800: 381.656: [GC (Allocation Failure) [PSYoungGen: 179248K->18544K(198144K)] 377634K->226431K(496640K), 0.0351367 secs] [Times: user=0.07 sys=0.00, real=0.03 secs] 
2024-07-05T00:54:33.194+0800: 381.904: [GC (Allocation Failure) [PSYoungGen: 181872K->30240K(199680K)] 389759K->244691K(498176K), 0.0435529 secs] [Times: user=0.08 sys=0.00, real=0.04 secs] 
2024-07-05T00:54:33.479+0800: 382.189: [GC (Allocation Failure) [PSYoungGen: 193568K->17536K(201216K)] 408019K->235729K(499712K), 0.0221535 secs] [Times: user=0.04 sys=0.00, real=0.02 secs] 
2024-07-05T00:54:33.742+0800: 382.452: [GC (Allocation Failure) [PSYoungGen: 180352K->15616K(178688K)] 398545K->242389K(477184K), 0.0319585 secs] [Times: user=0.07 sys=0.00, real=0.04 secs] 
2024-07-05T00:54:33.962+0800: 382.672: [GC (Allocation Failure) [PSYoungGen: 178432K->30272K(197632K)] 405205K->261473K(496128K), 0.0372430 secs] [Times: user=0.08 sys=0.00, real=0.04 secs] 
2024-07-05T00:54:34.210+0800: 382.920: [GC (Allocation Failure) [PSYoungGen: 191040K->18461K(199680K)] 422241K->250550K(498176K), 0.0187384 secs] [Times: user=0.04 sys=0.00, real=0.02 secs] 
2024-07-05T00:54:34.468+0800: 383.179: [GC (Allocation Failure) [PSYoungGen: 179229K->13120K(198656K)] 411318K->247917K(497152K), 0.0179311 secs] [Times: user=0.03 sys=0.00, real=0.02 secs] 
2024-07-05T00:54:34.671+0800: 383.381: [GC (Allocation Failure) [PSYoungGen: 174912K->28032K(199680K)] 409709K->271733K(498176K), 0.0394223 secs] [Times: user=0.08 sys=0.00, real=0.04 secs] 
2024-07-05T00:54:34.922+0800: 383.632: [GC (Allocation Failure) [PSYoungGen: 189824K->21511K(197632K)] 433525K->270638K(496128K), 0.0280358 secs] [Times: user=0.05 sys=0.00, real=0.03 secs] 
2024-07-05T00:54:35.167+0800: 383.877: [GC (Allocation Failure) [PSYoungGen: 183303K->16358K(198656K)] 432430K->267372K(497152K), 0.0184738 secs] [Times: user=0.03 sys=0.00, real=0.01 secs] 
2024-07-05T00:54:35.380+0800: 384.091: [GC (Allocation Failure) [PSYoungGen: 178150K->24544K(201216K)] 429164K->282830K(499712K), 0.0345171 secs] [Times: user=0.07 sys=0.00, real=0.04 secs] 
2024-07-05T00:54:35.626+0800: 384.336: [GC (Allocation Failure) [PSYoungGen: 189920K->22272K(187904K)] 448206K->286295K(486400K), 0.0304002 secs] [Times: user=0.06 sys=0.00, real=0.03 secs] 
2024-07-05T00:54:35.865+0800: 384.575: [GC (Allocation Failure) [PSYoungGen: 187648K->21504K(202240K)] 451671K->288722K(500736K), 0.0245910 secs] [Times: user=0.05 sys=0.00, real=0.03 secs] 
2024-07-05T00:54:36.119+0800: 384.830: [GC (Allocation Failure) [PSYoungGen: 188928K->19024K(201216K)] 456146K->294361K(499712K), 0.0306796 secs] [Times: user=0.05 sys=0.01, real=0.03 secs] 
2024-07-05T00:54:36.342+0800: 385.052: [GC (Allocation Failure) [PSYoungGen: 186448K->27216K(201728K)] 461785K->308253K(500224K), 0.0354859 secs] [Times: user=0.07 sys=0.00, real=0.04 secs] 
2024-07-05T00:54:36.621+0800: 385.332: [GC (Allocation Failure) [PSYoungGen: 196176K->20000K(202752K)] 477213K->305976K(501248K), 0.0259069 secs] [Times: user=0.05 sys=0.00, real=0.03 secs] 
2024-07-05T00:54:36.875+0800: 385.586: [GC (Allocation Failure) [PSYoungGen: 188960K->20939K(202240K)] 474936K->311283K(500736K), 0.0261109 secs] [Times: user=0.05 sys=0.00, real=0.02 secs] 
2024-07-05T00:54:36.901+0800: 385.612: [Full GC (Ergonomics) [PSYoungGen: 20939K->0K(202240K)] [ParOldGen: 290344K->47817K(305152K)] 311283K->47817K(507392K), [Metaspace: 12247K->12247K(1060864K)], 0.1236093 secs] [Times: user=0.23 sys=0.00, real=0.12 secs] 
2024-07-05T00:54:37.246+0800: 385.957: [GC (Allocation Failure) [PSYoungGen: 171520K->30304K(203776K)] 219337K->78121K(508928K), 0.0375361 secs] [Times: user=0.08 sys=0.00, real=0.03 secs] 
2024-07-05T00:54:37.506+0800: 386.217: [GC (Allocation Failure) [PSYoungGen: 201824K->19239K(204800K)] 249641K->79524K(509952K), 0.0379066 secs] [Times: user=0.07 sys=0.00, real=0.03 secs] 
2024-07-05T00:54:37.757+0800: 386.468: [GC (Allocation Failure) [PSYoungGen: 189735K->25776K(204288K)] 250020K->88693K(509440K), 0.0287548 secs] [Times: user=0.05 sys=0.00, real=0.03 secs] 
2024-07-05T00:54:38.011+0800: 386.722: [GC (Allocation Failure) [PSYoungGen: 196272K->19256K(204288K)] 259189K->86990K(509440K), 0.0255389 secs] [Times: user=0.04 sys=0.00, real=0.03 secs] 
2024-07-05T00:54:38.247+0800: 386.958: [GC (Allocation Failure) [PSYoungGen: 190264K->25168K(204288K)] 257998K->95355K(509440K), 0.0280594 secs] [Times: user=0.05 sys=0.00, real=0.03 secs] 
2024-07-05T00:54:38.512+0800: 387.222: [GC (Allocation Failure) [PSYoungGen: 196176K->17712K(205312K)] 266363K->95385K(510464K), 0.0278637 secs] [Times: user=0.05 sys=0.00, real=0.03 secs] 
2024-07-05T00:54:38.736+0800: 387.447: [GC (Allocation Failure) [PSYoungGen: 189744K->27104K(199168K)] 267417K->108669K(504320K), 0.0312050 secs] [Times: user=0.07 sys=0.00, real=0.03 secs] 
2024-07-05T00:54:39.005+0800: 387.715: [GC (Allocation Failure) [PSYoungGen: 199136K->18320K(205312K)] 280701K->102515K(510464K), 0.0214619 secs] [Times: user=0.04 sys=0.00, real=0.03 secs] 
2024-07-05T00:54:39.240+0800: 387.950: [GC (Allocation Failure) [PSYoungGen: 189840K->21609K(193536K)] 274035K->108841K(498688K), 0.0239921 secs] [Times: user=0.05 sys=0.00, real=0.02 secs] 
2024-07-05T00:54:39.492+0800: 388.202: [GC (Allocation Failure) [PSYoungGen: 193129K->21408K(204288K)] 280361K->116656K(509440K), 0.0305671 secs] [Times: user=0.06 sys=0.00, real=0.03 secs] 
2024-07-05T00:54:39.729+0800: 388.439: [GC (Allocation Failure) [PSYoungGen: 193440K->24976K(203776K)] 288688K->126352K(508928K), 0.0318856 secs] [Times: user=0.06 sys=0.00, real=0.03 secs] 
2024-07-05T00:54:40.001+0800: 388.712: [GC (Allocation Failure) [PSYoungGen: 197008K->21488K(205312K)] 298384K->127086K(510464K), 0.0289340 secs] [Times: user=0.05 sys=0.00, real=0.03 secs] 
2024-07-05T00:54:40.292+0800: 389.003: [GC (Allocation Failure) [PSYoungGen: 196592K->15152K(205824K)] 302190K->126326K(510976K), 0.0249620 secs] [Times: user=0.05 sys=0.00, real=0.03 secs] 
2024-07-05T00:54:40.553+0800: 389.264: [GC (Allocation Failure) [PSYoungGen: 190256K->23856K(207360K)] 301430K->136724K(512512K), 0.0285007 secs] [Times: user=0.06 sys=0.00, real=0.03 secs] 
2024-07-05T00:54:40.789+0800: 389.499: [GC (Allocation Failure) [PSYoungGen: 199984K->31200K(207360K)] 312852K->151921K(512512K), 0.0416021 secs] [Times: user=0.07 sys=0.00, real=0.04 secs] 
2024-07-05T00:54:41.081+0800: 389.791: [GC (Allocation Failure) [PSYoungGen: 207328K->17866K(197120K)] 328049K->151810K(502272K), 0.0339517 secs] [Times: user=0.07 sys=0.00, real=0.04 secs] 
2024-07-05T00:54:41.368+0800: 390.079: [GC (Allocation Failure) [PSYoungGen: 183754K->15760K(202240K)] 317698K->154879K(507392K), 0.0254969 secs] [Times: user=0.05 sys=0.00, real=0.03 secs] 
2024-07-05T00:54:41.579+0800: 390.290: [GC (Allocation Failure) [PSYoungGen: 181648K->28336K(200192K)] 320767K->176771K(505344K), 0.0403495 secs] [Times: user=0.08 sys=0.00, real=0.04 secs] 
2024-07-05T00:54:41.843+0800: 390.553: [GC (Allocation Failure) [PSYoungGen: 192176K->18898K(201216K)] 340611K->167969K(506368K), 0.0198439 secs] [Times: user=0.04 sys=0.00, real=0.02 secs] 
2024-07-05T00:54:42.084+0800: 390.795: [GC (Allocation Failure) [PSYoungGen: 182738K->15851K(201216K)] 331809K->165820K(506368K), 0.0189821 secs] [Times: user=0.03 sys=0.00, real=0.02 secs] 
2024-07-05T00:54:42.312+0800: 391.023: [GC (Allocation Failure) [PSYoungGen: 180715K->24528K(201216K)] 330684K->181371K(506368K), 0.0331273 secs] [Times: user=0.07 sys=0.00, real=0.03 secs] 
2024-07-05T00:54:42.542+0800: 391.253: [GC (Allocation Failure) [PSYoungGen: 189392K->27794K(201216K)] 346235K->190153K(506368K), 0.0368381 secs] [Times: user=0.07 sys=0.00, real=0.04 secs] 
2024-07-05T00:54:42.847+0800: 391.558: [GC (Allocation Failure) [PSYoungGen: 193170K->12352K(201728K)] 355529K->176401K(506880K), 0.0157273 secs] [Times: user=0.03 sys=0.00, real=0.01 secs] 
2024-07-05T00:54:43.094+0800: 391.804: [GC (Allocation Failure) [PSYoungGen: 177728K->20448K(200704K)] 341777K->192498K(505856K), 0.0330333 secs] [Times: user=0.06 sys=0.00, real=0.03 secs] 
2024-07-05T00:54:43.307+0800: 392.018: [GC (Allocation Failure) [PSYoungGen: 185824K->32448K(198144K)] 357874K->209658K(503296K), 0.0392634 secs] [Times: user=0.08 sys=0.00, real=0.04 secs] 
2024-07-05T00:54:43.570+0800: 392.281: [GC (Allocation Failure) [PSYoungGen: 197824K->15627K(200704K)] 375034K->193821K(505856K), 0.0154704 secs] [Times: user=0.03 sys=0.00, real=0.01 secs] 
2024-07-05T00:54:43.814+0800: 392.525: [GC (Allocation Failure) [PSYoungGen: 177931K->14816K(177152K)] 356125K->197797K(482304K), 0.0245663 secs] [Times: user=0.04 sys=0.00, real=0.02 secs] 
2024-07-05T00:54:44.017+0800: 392.728: [GC (Allocation Failure) [PSYoungGen: 177120K->30240K(197120K)] 360101K->223757K(502272K), 0.0443266 secs] [Times: user=0.09 sys=0.00, real=0.04 secs] 
2024-07-05T00:54:44.262+0800: 392.973: [GC (Allocation Failure) [PSYoungGen: 189984K->20332K(199168K)] 383501K->215161K(504320K), 0.0193214 secs] [Times: user=0.04 sys=0.00, real=0.02 secs] 
2024-07-05T00:54:44.526+0800: 393.236: [GC (Allocation Failure) [PSYoungGen: 180076K->11936K(198656K)] 374905K->211992K(503808K), 0.0221135 secs] [Times: user=0.04 sys=0.00, real=0.02 secs] 
2024-07-05T00:54:44.726+0800: 393.437: [GC (Allocation Failure) [PSYoungGen: 173216K->28400K(199168K)] 373272K->239600K(504320K), 0.0452899 secs] [Times: user=0.09 sys=0.00, real=0.04 secs] 
2024-07-05T00:54:44.959+0800: 393.670: [GC (Allocation Failure) [PSYoungGen: 189680K->22640K(199680K)] 400880K->234784K(504832K), 0.0208048 secs] [Times: user=0.04 sys=0.00, real=0.02 secs] 
2024-07-05T00:54:45.247+0800: 393.957: [GC (Allocation Failure) [PSYoungGen: 184432K->10416K(199680K)] 396576K->224172K(504832K), 0.0155116 secs] [Times: user=0.03 sys=0.00, real=0.01 secs] 
2024-07-05T00:54:45.465+0800: 394.176: [GC (Allocation Failure) [PSYoungGen: 172208K->24896K(200704K)] 385964K->248916K(505856K), 0.0401920 secs] [Times: user=0.07 sys=0.00, real=0.04 secs] 
2024-07-05T00:54:45.721+0800: 394.432: [GC (Allocation Failure) [PSYoungGen: 187712K->25680K(200704K)] 411732K->249860K(505856K), 0.0238765 secs] [Times: user=0.05 sys=0.00, real=0.02 secs] 
2024-07-05T00:54:45.990+0800: 394.701: [GC (Allocation Failure) [PSYoungGen: 188496K->13472K(200704K)] 412676K->240179K(505856K), 0.0168558 secs] [Times: user=0.03 sys=0.00, real=0.02 secs] 
2024-07-05T00:54:46.222+0800: 394.932: [GC (Allocation Failure) [PSYoungGen: 176288K->20896K(183808K)] 402995K->256185K(488960K), 0.0334026 secs] [Times: user=0.07 sys=0.00, real=0.04 secs] 
2024-07-05T00:54:46.442+0800: 395.152: [GC (Allocation Failure) [PSYoungGen: 183712K->32960K(196608K)] 419001K->273905K(501760K), 0.0410876 secs] [Times: user=0.08 sys=0.00, real=0.04 secs] 
2024-07-05T00:54:46.742+0800: 395.452: [GC (Allocation Failure) [PSYoungGen: 193216K->10235K(199168K)] 434161K->252228K(504320K), 0.0116953 secs] [Times: user=0.02 sys=0.00, real=0.01 secs] 
2024-07-05T00:54:46.971+0800: 395.681: [GC (Allocation Failure) [PSYoungGen: 170491K->18128K(197120K)] 412484K->263690K(502272K), 0.0239030 secs] [Times: user=0.05 sys=0.00, real=0.03 secs] 
2024-07-05T00:54:47.168+0800: 395.879: [GC (Allocation Failure) [PSYoungGen: 178384K->33616K(194048K)] 423946K->288954K(499200K), 0.0480513 secs] [Times: user=0.09 sys=0.00, real=0.05 secs] 
2024-07-05T00:54:47.446+0800: 396.156: [GC (Allocation Failure) [PSYoungGen: 193872K->14784K(198144K)] 449210K->276464K(503296K), 0.0215873 secs] [Times: user=0.04 sys=0.00, real=0.02 secs] 
2024-07-05T00:54:47.714+0800: 396.424: [GC (Allocation Failure) [PSYoungGen: 171968K->15728K(173056K)] 433648K->284254K(478208K), 0.0265749 secs] [Times: user=0.05 sys=0.00, real=0.02 secs] 
2024-07-05T00:54:47.930+0800: 396.640: [GC (Allocation Failure) [PSYoungGen: 172912K->32528K(194048K)] 441438K->305599K(499200K), 0.0431205 secs] [Times: user=0.08 sys=0.00, real=0.04 secs] 
2024-07-05T00:54:48.198+0800: 396.909: [GC (Allocation Failure) [PSYoungGen: 187152K->13155K(196608K)] 460223K->287674K(501760K), 0.0139497 secs] [Times: user=0.02 sys=0.00, real=0.01 secs] 
2024-07-05T00:54:48.422+0800: 397.133: [GC (Allocation Failure) [PSYoungGen: 167779K->17184K(193024K)] 442298K->296105K(498176K), 0.0236507 secs] [Times: user=0.05 sys=0.00, real=0.03 secs] 
2024-07-05T00:54:48.608+0800: 397.319: [GC (Allocation Failure) [PSYoungGen: 172320K->33728K(195072K)] 451241K->322544K(500224K), 0.0474762 secs] [Times: user=0.10 sys=0.00, real=0.05 secs] 
2024-07-05T00:54:48.881+0800: 397.592: [GC (Allocation Failure) [PSYoungGen: 188864K->11088K(195584K)] 477680K->301841K(500736K), 0.0131891 secs] [Times: user=0.02 sys=0.00, real=0.02 secs] 
2024-07-05T00:54:49.097+0800: 397.808: [GC (Allocation Failure) [PSYoungGen: 163664K->18656K(171520K)] 454417K->313284K(476672K), 0.0243901 secs] [Times: user=0.05 sys=0.00, real=0.02 secs] 
2024-07-05T00:54:49.121+0800: 397.832: [Full GC (Ergonomics) [PSYoungGen: 18656K->0K(171520K)] [ParOldGen: 294628K->50087K(314368K)] 313284K->50087K(485888K), [Metaspace: 12247K->12247K(1060864K)], 0.1524174 secs] [Times: user=0.29 sys=0.00, real=0.16 secs] 
2024-07-05T00:54:49.436+0800: 398.147: [GC (Allocation Failure) [PSYoungGen: 152576K->37056K(189440K)] 202663K->87143K(503808K), 0.0399247 secs] [Times: user=0.08 sys=0.01, real=0.04 secs] 
2024-07-05T00:54:49.707+0800: 398.418: [GC (Allocation Failure) [PSYoungGen: 185536K->5229K(154112K)] 235623K->59273K(468480K), 0.0118608 secs] [Times: user=0.02 sys=0.00, real=0.01 secs] 
2024-07-05T00:54:49.902+0800: 398.612: [GC (Allocation Failure) [PSYoungGen: 153709K->22400K(194560K)] 207753K->78247K(508928K), 0.0244359 secs] [Times: user=0.05 sys=0.00, real=0.03 secs] 
2024-07-05T00:54:50.095+0800: 398.805: [GC (Allocation Failure) [PSYoungGen: 171392K->27840K(193024K)] 227239K->92728K(507392K), 0.0364178 secs] [Times: user=0.07 sys=0.00, real=0.03 secs] 
2024-07-05T00:54:50.375+0800: 399.086: [GC (Allocation Failure) [PSYoungGen: 176832K->8976K(193024K)] 241720K->80480K(507392K), 0.0187169 secs] [Times: user=0.03 sys=0.01, real=0.02 secs] 
2024-07-05T00:54:50.559+0800: 399.270: [GC (Allocation Failure) [PSYoungGen: 157968K->28608K(193024K)] 229472K->108840K(507392K), 0.0400395 secs] [Times: user=0.08 sys=0.00, real=0.04 secs] 
2024-07-05T00:54:50.782+0800: 399.492: [GC (Allocation Failure) [PSYoungGen: 177600K->18923K(191488K)] 257832K->99659K(505856K), 0.0170693 secs] [Times: user=0.03 sys=0.00, real=0.02 secs] 
2024-07-05T00:54:51.018+0800: 399.729: [GC (Allocation Failure) [PSYoungGen: 168427K->13392K(192512K)] 249163K->100528K(506880K), 0.0260692 secs] [Times: user=0.04 sys=0.00, real=0.02 secs] 
2024-07-05T00:54:51.202+0800: 399.913: [GC (Allocation Failure) [PSYoungGen: 162896K->32864K(191488K)] 250032K->130729K(505856K), 0.0477523 secs] [Times: user=0.09 sys=0.00, real=0.05 secs] 
2024-07-05T00:54:51.464+0800: 400.175: [GC (Allocation Failure) [PSYoungGen: 182368K->11550K(194048K)] 280233K->111488K(508416K), 0.0137524 secs] [Times: user=0.03 sys=0.00, real=0.02 secs] 
2024-07-05T00:54:51.678+0800: 400.388: [GC (Allocation Failure) [PSYoungGen: 161054K->18704K(189440K)] 260992K->123057K(503808K), 0.0270544 secs] [Times: user=0.05 sys=0.00, real=0.02 secs] 
2024-07-05T00:54:51.859+0800: 400.570: [GC (Allocation Failure) [PSYoungGen: 168720K->34848K(192000K)] 273073K->148981K(506368K), 0.0470996 secs] [Times: user=0.10 sys=0.00, real=0.05 secs] 
2024-07-05T00:54:52.142+0800: 400.853: [GC (Allocation Failure) [PSYoungGen: 184864K->6440K(192512K)] 298997K->126055K(506880K), 0.0130103 secs] [Times: user=0.03 sys=0.00, real=0.02 secs] 
2024-07-05T00:54:52.333+0800: 401.044: [GC (Allocation Failure) [PSYoungGen: 153896K->23088K(171008K)] 273511K->146439K(485376K), 0.0282096 secs] [Times: user=0.05 sys=0.00, real=0.03 secs] 
2024-07-05T00:54:52.531+0800: 401.242: [GC (Allocation Failure) [PSYoungGen: 170544K->26203K(192000K)] 293895K->154150K(506368K), 0.0299800 secs] [Times: user=0.05 sys=0.00, real=0.03 secs] 
2024-07-05T00:54:52.798+0800: 401.508: [GC (Allocation Failure) [PSYoungGen: 174171K->9472K(192000K)] 302118K->144762K(506368K), 0.0202561 secs] [Times: user=0.03 sys=0.01, real=0.02 secs] 
2024-07-05T00:54:52.983+0800: 401.694: [GC (Allocation Failure) [PSYoungGen: 157440K->30176K(192000K)] 292730K->173731K(506368K), 0.0432612 secs] [Times: user=0.08 sys=0.00, real=0.05 secs] 
2024-07-05T00:54:53.228+0800: 401.939: [GC (Allocation Failure) [PSYoungGen: 178656K->15501K(193536K)] 322211K->160008K(507904K), 0.0158445 secs] [Times: user=0.03 sys=0.00, real=0.01 secs] 
2024-07-05T00:54:53.453+0800: 402.164: [GC (Allocation Failure) [PSYoungGen: 163981K->15552K(190464K)] 308488K->165496K(504832K), 0.0223407 secs] [Times: user=0.05 sys=0.00, real=0.03 secs] 
2024-07-05T00:54:53.634+0800: 402.344: [GC (Allocation Failure) [PSYoungGen: 165568K->31888K(192000K)] 315512K->190769K(506368K), 0.0442165 secs] [Times: user=0.09 sys=0.00, real=0.04 secs] 
2024-07-05T00:54:53.892+0800: 402.603: [GC (Allocation Failure) [PSYoungGen: 181900K->14432K(195072K)] 340780K->180455K(509440K), 0.0228124 secs] [Times: user=0.04 sys=0.00, real=0.03 secs] 
2024-07-05T00:54:54.115+0800: 402.825: [GC (Allocation Failure) [PSYoungGen: 165472K->19824K(171008K)] 331495K->193277K(485376K), 0.0312553 secs] [Times: user=0.06 sys=0.00, real=0.03 secs] 
2024-07-05T00:54:54.322+0800: 403.032: [GC (Allocation Failure) [PSYoungGen: 170864K->26464K(192512K)] 344317K->206078K(506880K), 0.0360333 secs] [Times: user=0.07 sys=0.00, real=0.04 secs] 
2024-07-05T00:54:54.573+0800: 403.283: [GC (Allocation Failure) [PSYoungGen: 178016K->16075K(192512K)] 357630K->201296K(506880K), 0.0296624 secs] [Times: user=0.05 sys=0.00, real=0.03 secs] 
2024-07-05T00:54:54.802+0800: 403.512: [GC (Allocation Failure) [PSYoungGen: 167627K->23952K(197120K)] 352848K->218517K(511488K), 0.0395251 secs] [Times: user=0.07 sys=0.00, real=0.04 secs] 
2024-07-05T00:54:55.044+0800: 403.755: [GC (Allocation Failure) [PSYoungGen: 181136K->20440K(196608K)] 375701K->221682K(510976K), 0.0301078 secs] [Times: user=0.06 sys=0.00, real=0.04 secs] 
2024-07-05T00:54:55.278+0800: 403.988: [GC (Allocation Failure) [PSYoungGen: 177624K->19056K(197632K)] 378866K->223524K(512000K), 0.0232585 secs] [Times: user=0.05 sys=0.00, real=0.02 secs] 
2024-07-05T00:54:55.507+0800: 404.218: [GC (Allocation Failure) [PSYoungGen: 179312K->23376K(196608K)] 383780K->235888K(510976K), 0.0346203 secs] [Times: user=0.06 sys=0.00, real=0.03 secs] 
2024-07-05T00:54:55.753+0800: 404.464: [GC (Allocation Failure) [PSYoungGen: 183632K->20805K(200704K)] 396144K->239438K(515072K), 0.0298937 secs] [Times: user=0.06 sys=0.00, real=0.03 secs] 
2024-07-05T00:54:55.996+0800: 404.707: [GC (Allocation Failure) [PSYoungGen: 187205K->23296K(200704K)] 405838K->245167K(515072K), 0.0270454 secs] [Times: user=0.05 sys=0.00, real=0.02 secs] 
2024-07-05T00:54:56.256+0800: 404.967: [GC (Allocation Failure) [PSYoungGen: 189696K->19440K(202752K)] 411567K->249225K(517120K), 0.0308385 secs] [Times: user=0.06 sys=0.00, real=0.03 secs] 
2024-07-05T00:54:56.487+0800: 405.198: [GC (Allocation Failure) [PSYoungGen: 189936K->23968K(203264K)] 419721K->258849K(517632K), 0.0311256 secs] [Times: user=0.06 sys=0.00, real=0.03 secs] 
2024-07-05T00:54:56.770+0800: 405.481: [GC (Allocation Failure) [PSYoungGen: 194464K->21088K(203776K)] 429345K->259544K(518144K), 0.0256196 secs] [Times: user=0.05 sys=0.00, real=0.03 secs] 
2024-07-05T00:54:57.008+0800: 405.719: [GC (Allocation Failure) [PSYoungGen: 194144K->23209K(204800K)] 432600K->267078K(519168K), 0.0296812 secs] [Times: user=0.06 sys=0.00, real=0.03 secs] 
2024-07-05T00:54:57.274+0800: 405.984: [GC (Allocation Failure) [PSYoungGen: 196265K->21536K(205312K)] 440134K->269199K(519680K), 0.0288019 secs] [Times: user=0.05 sys=0.00, real=0.02 secs] 
2024-07-05T00:54:57.523+0800: 406.233: [GC (Allocation Failure) [PSYoungGen: 197152K->21132K(206336K)] 444815K->274274K(520704K), 0.0287511 secs] [Times: user=0.06 sys=0.00, real=0.03 secs] 
2024-07-05T00:54:57.780+0800: 406.490: [GC (Allocation Failure) [PSYoungGen: 196748K->22656K(206848K)] 449890K->279302K(521216K), 0.0284898 secs] [Times: user=0.05 sys=0.00, real=0.03 secs] 
2024-07-05T00:54:58.029+0800: 406.740: [GC (Allocation Failure) [PSYoungGen: 200832K->23881K(207360K)] 457478K->285876K(521728K), 0.0305861 secs] [Times: user=0.06 sys=0.00, real=0.03 secs] 
2024-07-05T00:54:58.297+0800: 407.008: [GC (Allocation Failure) [PSYoungGen: 202057K->21248K(207872K)] 464052K->287200K(522240K), 0.0266110 secs] [Times: user=0.05 sys=0.00, real=0.02 secs] 
2024-07-05T00:54:58.550+0800: 407.260: [GC (Allocation Failure) [PSYoungGen: 200960K->22922K(208384K)] 466912K->294361K(522752K), 0.0311024 secs] [Times: user=0.05 sys=0.00, real=0.03 secs] 
2024-07-05T00:54:58.820+0800: 407.531: [GC (Allocation Failure) [PSYoungGen: 202634K->20336K(208896K)] 474073K->295635K(523264K), 0.0265051 secs] [Times: user=0.05 sys=0.00, real=0.03 secs] 
2024-07-05T00:54:59.061+0800: 407.771: [GC (Allocation Failure) [PSYoungGen: 201584K->25376K(209408K)] 476883K->306279K(523776K), 0.0343259 secs] [Times: user=0.06 sys=0.00, real=0.04 secs] 
2024-07-05T00:54:59.357+0800: 408.068: [GC (Allocation Failure) [PSYoungGen: 206624K->18480K(209920K)] 487527K->302071K(524288K), 0.0239719 secs] [Times: user=0.05 sys=0.00, real=0.02 secs] 
2024-07-05T00:54:59.602+0800: 408.312: [GC (Allocation Failure) [PSYoungGen: 199728K->28640K(209920K)] 483319K->317301K(524288K), 0.0394347 secs] [Times: user=0.08 sys=0.00, real=0.04 secs] 
2024-07-05T00:54:59.928+0800: 408.638: [GC (Allocation Failure) [PSYoungGen: 209888K->14544K(200704K)] 498549K->310199K(515072K), 0.0257143 secs] [Times: user=0.05 sys=0.00, real=0.02 secs] 
2024-07-05T00:55:00.191+0800: 408.902: [GC (Allocation Failure) [PSYoungGen: 186576K->23648K(205312K)] 482231K->321179K(519680K), 0.0294357 secs] [Times: user=0.06 sys=0.00, real=0.03 secs] 
2024-07-05T00:55:00.494+0800: 409.204: [GC (Allocation Failure) [PSYoungGen: 195680K->17520K(203776K)] 493211K->319613K(518144K), 0.0308001 secs] [Times: user=0.05 sys=0.00, real=0.03 secs] 
2024-07-05T00:55:00.740+0800: 409.450: [GC (Allocation Failure) [PSYoungGen: 190064K->31056K(203776K)] 492157K->338614K(518144K), 0.0431009 secs] [Times: user=0.08 sys=0.00, real=0.04 secs] 
2024-07-05T00:55:00.783+0800: 409.494: [Full GC (Ergonomics) [PSYoungGen: 31056K->0K(203776K)] [ParOldGen: 307557K->57393K(323072K)] 338614K->57393K(526848K), [Metaspace: 12247K->12247K(1060864K)], 0.1851673 secs] [Times: user=0.35 sys=0.00, real=0.19 secs] 
2024-07-05T00:55:01.232+0800: 409.943: [GC (Allocation Failure) [PSYoungGen: 172544K->22752K(204800K)] 229937K->80145K(527872K), 0.0314629 secs] [Times: user=0.06 sys=0.00, real=0.03 secs] 
2024-07-05T00:55:01.477+0800: 410.187: [GC (Allocation Failure) [PSYoungGen: 192736K->25168K(195584K)] 250129K->90741K(518656K), 0.0418584 secs] [Times: user=0.08 sys=0.00, real=0.04 secs] 
2024-07-05T00:55:01.760+0800: 410.471: [GC (Allocation Failure) [PSYoungGen: 195152K->21536K(203776K)] 260725K->89729K(526848K), 0.0247189 secs] [Times: user=0.04 sys=0.00, real=0.02 secs] 
2024-07-05T00:55:02.021+0800: 410.732: [GC (Allocation Failure) [PSYoungGen: 192032K->15184K(203264K)] 260225K->88569K(526336K), 0.0234177 secs] [Times: user=0.04 sys=0.00, real=0.02 secs] 
2024-07-05T00:55:02.260+0800: 410.971: [GC (Allocation Failure) [PSYoungGen: 185680K->25248K(204800K)] 259065K->99883K(527872K), 0.0274895 secs] [Times: user=0.06 sys=0.00, real=0.03 secs] 
2024-07-05T00:55:02.498+0800: 411.208: [GC (Allocation Failure) [PSYoungGen: 197280K->28848K(201216K)] 271915K->108115K(524288K), 0.0371666 secs] [Times: user=0.07 sys=0.00, real=0.04 secs] 
2024-07-05T00:55:02.802+0800: 411.512: [GC (Allocation Failure) [PSYoungGen: 200880K->20768K(204800K)] 280147K->105313K(527872K), 0.0322737 secs] [Times: user=0.05 sys=0.00, real=0.04 secs] 
2024-07-05T00:55:03.084+0800: 411.795: [GC (Allocation Failure) [PSYoungGen: 191264K->16112K(204288K)] 275809K->110095K(527360K), 0.0297716 secs] [Times: user=0.06 sys=0.00, real=0.04 secs] 
2024-07-05T00:55:03.313+0800: 412.023: [GC (Allocation Failure) [PSYoungGen: 186608K->29136K(201728K)] 280591K->127479K(524800K), 0.0369075 secs] [Times: user=0.07 sys=0.00, real=0.04 secs] 
2024-07-05T00:55:03.572+0800: 412.283: [GC (Allocation Failure) [PSYoungGen: 197072K->19280K(203264K)] 295415K->117952K(526336K), 0.0191380 secs] [Times: user=0.03 sys=0.00, real=0.02 secs] 
2024-07-05T00:55:03.833+0800: 412.543: [GC (Allocation Failure) [PSYoungGen: 187216K->14261K(202752K)] 285888K->114031K(525824K), 0.0175271 secs] [Times: user=0.03 sys=0.00, real=0.02 secs] 
2024-07-05T00:55:04.063+0800: 412.774: [GC (Allocation Failure) [PSYoungGen: 182709K->22720K(203264K)] 282479K->129642K(526336K), 0.0326133 secs] [Times: user=0.07 sys=0.00, real=0.04 secs] 
2024-07-05T00:55:04.283+0800: 412.994: [GC (Allocation Failure) [PSYoungGen: 191168K->30608K(200704K)] 298090K->142951K(523776K), 0.0369898 secs] [Times: user=0.07 sys=0.00, real=0.04 secs] 
2024-07-05T00:55:04.553+0800: 413.263: [GC (Allocation Failure) [PSYoungGen: 197520K->16864K(202752K)] 309863K->133522K(525824K), 0.0206658 secs] [Times: user=0.04 sys=0.00, real=0.02 secs] 
2024-07-05T00:55:04.810+0800: 413.520: [GC (Allocation Failure) [PSYoungGen: 183776K->16784K(201728K)] 300434K->140142K(524800K), 0.0280840 secs] [Times: user=0.05 sys=0.00, real=0.03 secs] 
2024-07-05T00:55:05.030+0800: 413.741: [GC (Allocation Failure) [PSYoungGen: 183696K->29184K(196608K)] 307054K->157518K(519680K), 0.0375872 secs] [Times: user=0.08 sys=0.00, real=0.04 secs] 
2024-07-05T00:55:05.284+0800: 413.995: [GC (Allocation Failure) [PSYoungGen: 196096K->22889K(203264K)] 324430K->151624K(526336K), 0.0215437 secs] [Times: user=0.05 sys=0.00, real=0.03 secs] 
2024-07-05T00:55:05.561+0800: 414.272: [GC (Allocation Failure) [PSYoungGen: 189289K->8858K(201728K)] 318024K->139658K(524800K), 0.0124236 secs] [Times: user=0.03 sys=0.00, real=0.01 secs] 
2024-07-05T00:55:05.770+0800: 414.480: [GC (Allocation Failure) [PSYoungGen: 175258K->24304K(202240K)] 306058K->161109K(525312K), 0.0335439 secs] [Times: user=0.06 sys=0.01, real=0.03 secs] 
2024-07-05T00:55:05.988+0800: 414.699: [GC (Allocation Failure) [PSYoungGen: 190192K->30976K(197120K)] 326997K->172689K(520192K), 0.0358053 secs] [Times: user=0.07 sys=0.00, real=0.03 secs] 
2024-07-05T00:55:06.270+0800: 414.980: [GC (Allocation Failure) [PSYoungGen: 196864K->14032K(200192K)] 338577K->159417K(523264K), 0.0167565 secs] [Times: user=0.03 sys=0.00, real=0.02 secs] 
2024-07-05T00:55:06.505+0800: 415.215: [GC (Allocation Failure) [PSYoungGen: 175824K->18400K(180224K)] 321209K->171318K(503296K), 0.0298644 secs] [Times: user=0.06 sys=0.00, real=0.04 secs] 
2024-07-05T00:55:06.738+0800: 415.448: [GC (Allocation Failure) [PSYoungGen: 180192K->32128K(196096K)] 333110K->190606K(519168K), 0.0409628 secs] [Times: user=0.07 sys=0.00, real=0.04 secs] 
2024-07-05T00:55:07.006+0800: 415.716: [GC (Allocation Failure) [PSYoungGen: 191360K->14000K(198656K)] 349838K->177320K(521728K), 0.0191896 secs] [Times: user=0.04 sys=0.00, real=0.02 secs] 
2024-07-05T00:55:07.584+0800: 416.295: [GC (Allocation Failure) [PSYoungGen: 173232K->22426K(196096K)] 336552K->188504K(519168K), 0.0359730 secs] [Times: user=0.07 sys=0.00, real=0.04 secs] 
2024-07-05T00:55:08.033+0800: 416.743: [GC (Allocation Failure) [PSYoungGen: 182170K->16368K(197632K)] 348248K->197773K(520704K), 0.0281155 secs] [Times: user=0.05 sys=0.00, real=0.03 secs] 
2024-07-05T00:55:08.469+0800: 417.179: [GC (Allocation Failure) [PSYoungGen: 176112K->13984K(199168K)] 357517K->197365K(522240K), 0.0162975 secs] [Times: user=0.03 sys=0.00, real=0.01 secs] 
2024-07-05T00:55:08.826+0800: 417.536: [GC (Allocation Failure) [PSYoungGen: 177312K->10720K(200192K)] 360693K->194101K(523264K), 0.0134166 secs] [Times: user=0.02 sys=0.00, real=0.01 secs] 
2024-07-05T00:55:09.185+0800: 417.895: [GC (Allocation Failure) [PSYoungGen: 174048K->11232K(200704K)] 357429K->194613K(523776K), 0.0274208 secs] [Times: user=0.05 sys=0.00, real=0.03 secs] 
2024-07-05T00:55:09.495+0800: 418.206: [GC (Allocation Failure) [PSYoungGen: 176096K->13920K(201216K)] 359477K->197301K(524288K), 0.0141906 secs] [Times: user=0.03 sys=0.00, real=0.01 secs] 
2024-07-05T00:55:09.903+0800: 418.613: [GC (Allocation Failure) [PSYoungGen: 178784K->5860K(201216K)] 362165K->189305K(524288K), 0.0067285 secs] [Times: user=0.02 sys=0.00, real=0.01 secs] 
2024-07-05T00:55:10.111+0800: 418.822: [GC (Allocation Failure) [PSYoungGen: 171748K->17264K(201728K)] 355193K->200709K(524800K), 0.0175335 secs] [Times: user=0.04 sys=0.00, real=0.02 secs] 
2024-07-05T00:55:10.403+0800: 419.114: [GC (Allocation Failure) [PSYoungGen: 183152K->7776K(202240K)] 366597K->191221K(525312K), 0.0077491 secs] [Times: user=0.02 sys=0.00, real=0.01 secs] 
2024-07-05T00:55:10.646+0800: 419.356: [GC (Allocation Failure) [PSYoungGen: 175712K->17248K(201728K)] 359157K->200725K(524800K), 0.0183044 secs] [Times: user=0.04 sys=0.00, real=0.01 secs] 
2024-07-05T00:55:10.910+0800: 419.621: [GC (Allocation Failure) [PSYoungGen: 185184K->8720K(203776K)] 368661K->192237K(526848K), 0.0079218 secs] [Times: user=0.01 sys=0.00, real=0.01 secs] 
2024-07-05T00:55:11.165+0800: 419.876: [GC (Allocation Failure) [PSYoungGen: 179728K->11088K(203264K)] 363245K->194605K(526336K), 0.0115705 secs] [Times: user=0.02 sys=0.00, real=0.02 secs] 
2024-07-05T00:55:11.409+0800: 420.119: [GC (Allocation Failure) [PSYoungGen: 182096K->12970K(205312K)] 365613K->196487K(528384K), 0.0121134 secs] [Times: user=0.02 sys=0.00, real=0.01 secs] 
2024-07-05T00:55:11.658+0800: 420.368: [GC (Allocation Failure) [PSYoungGen: 187562K->12736K(204800K)] 371079K->196317K(527872K), 0.0118248 secs] [Times: user=0.02 sys=0.00, real=0.01 secs] 
2024-07-05T00:55:11.937+0800: 420.647: [GC (Allocation Failure) [PSYoungGen: 187328K->13408K(207360K)] 370909K->196989K(530432K), 0.0136767 secs] [Times: user=0.03 sys=0.00, real=0.01 secs] 
2024-07-05T00:55:12.165+0800: 420.876: [GC (Allocation Failure) [PSYoungGen: 192096K->17200K(206336K)] 375677K->200781K(529408K), 0.0162794 secs] [Times: user=0.03 sys=0.00, real=0.02 secs] 
2024-07-05T00:55:12.462+0800: 421.173: [GC (Allocation Failure) [PSYoungGen: 195888K->10480K(209920K)] 379469K->194061K(532992K), 0.0098770 secs] [Times: user=0.02 sys=0.00, real=0.01 secs] 
2024-07-05T00:55:12.726+0800: 421.436: [GC (Allocation Failure) [PSYoungGen: 193776K->10304K(209920K)] 377357K->193949K(532992K), 0.0116878 secs] [Times: user=0.02 sys=0.00, real=0.01 secs] 
2024-07-05T00:55:12.964+0800: 421.675: [GC (Allocation Failure) [PSYoungGen: 193600K->17696K(210944K)] 377245K->201341K(534016K), 0.0171660 secs] [Times: user=0.03 sys=0.00, real=0.02 secs] 
2024-07-05T00:55:13.253+0800: 421.964: [GC (Allocation Failure) [PSYoungGen: 202528K->10576K(211456K)] 386173K->194221K(534528K), 0.0106148 secs] [Times: user=0.02 sys=0.00, real=0.01 secs] 
2024-07-05T00:55:13.538+0800: 422.248: [GC (Allocation Failure) [PSYoungGen: 195408K->9743K(210944K)] 379053K->193457K(534016K), 0.0124513 secs] [Times: user=0.02 sys=0.00, real=0.01 secs] 
2024-07-05T00:55:13.805+0800: 422.516: [GC (Allocation Failure) [PSYoungGen: 195599K->10720K(211456K)] 379313K->194434K(534528K), 0.0109868 secs] [Times: user=0.02 sys=0.00, real=0.02 secs] 
2024-07-05T00:55:14.046+0800: 422.757: [GC (Allocation Failure) [PSYoungGen: 196576K->17856K(211456K)] 380290K->201570K(534528K), 0.0166713 secs] [Times: user=0.03 sys=0.00, real=0.01 secs] 
2024-07-05T00:55:14.312+0800: 423.022: [GC (Allocation Failure) [PSYoungGen: 204736K->14896K(212480K)] 388450K->198610K(535552K), 0.0134564 secs] [Times: user=0.03 sys=0.00, real=0.01 secs] 
2024-07-05T00:55:14.585+0800: 423.295: [GC (Allocation Failure) [PSYoungGen: 201776K->10720K(211968K)] 385490K->194498K(535040K), 0.0107065 secs] [Times: user=0.02 sys=0.00, real=0.02 secs] 
2024-07-05T00:55:14.862+0800: 423.573: [GC (Allocation Failure) [PSYoungGen: 199136K->6976K(212480K)] 382914K->190754K(535552K), 0.0076190 secs] [Times: user=0.01 sys=0.00, real=0.01 secs] 
2024-07-05T00:55:15.134+0800: 423.844: [GC (Allocation Failure) [PSYoungGen: 195392K->15088K(214528K)] 379170K->198866K(537600K), 0.0156586 secs] [Times: user=0.03 sys=0.00, real=0.01 secs] 
2024-07-05T00:55:15.394+0800: 424.105: [GC (Allocation Failure) [PSYoungGen: 205552K->19936K(210432K)] 389330K->203778K(533504K), 0.0189890 secs] [Times: user=0.04 sys=0.00, real=0.01 secs] 
2024-07-05T00:55:15.686+0800: 424.396: [GC (Allocation Failure) [PSYoungGen: 210400K->12330K(214016K)] 394242K->196172K(537088K), 0.0133608 secs] [Times: user=0.02 sys=0.00, real=0.01 secs] 
2024-07-05T00:55:15.975+0800: 424.686: [GC (Allocation Failure) [PSYoungGen: 200746K->4800K(212992K)] 384588K->188642K(536064K), 0.0049059 secs] [Times: user=0.01 sys=0.00, real=0.00 secs] 
2024-07-05T00:55:16.237+0800: 424.948: [GC (Allocation Failure) [PSYoungGen: 193216K->9664K(212480K)] 377058K->193570K(535552K), 0.0106390 secs] [Times: user=0.02 sys=0.00, real=0.01 secs] 
2024-07-05T00:55:16.489+0800: 425.200: [GC (Allocation Failure) [PSYoungGen: 198592K->15840K(212992K)] 382498K->199746K(536064K), 0.0196321 secs] [Times: user=0.03 sys=0.00, real=0.02 secs] 
2024-07-05T00:55:16.757+0800: 425.468: [GC (Allocation Failure) [PSYoungGen: 204768K->15039K(214016K)] 388674K->198945K(537088K), 0.0142379 secs] [Times: user=0.03 sys=0.00, real=0.01 secs] 
2024-07-05T00:55:17.038+0800: 425.749: [GC (Allocation Failure) [PSYoungGen: 204991K->13552K(203776K)] 388897K->197458K(526848K), 0.0135529 secs] [Times: user=0.03 sys=0.00, real=0.01 secs] 
2024-07-05T00:55:17.306+0800: 426.016: [GC (Allocation Failure) [PSYoungGen: 203504K->13033K(214528K)] 387410K->197003K(537600K), 0.0143527 secs] [Times: user=0.03 sys=0.00, real=0.01 secs] 
2024-07-05T00:55:17.597+0800: 426.308: [GC (Allocation Failure) [PSYoungGen: 204521K->11646K(213504K)] 388491K->195617K(536576K), 0.0119000 secs] [Times: user=0.02 sys=0.00, real=0.01 secs] 
2024-07-05T00:55:18.090+0800: 426.800: [GC (Allocation Failure) [PSYoungGen: 203134K->15392K(215040K)] 387105K->199362K(538112K), 0.0288479 secs] [Times: user=0.06 sys=0.00, real=0.03 secs] 
2024-07-05T00:55:18.445+0800: 427.156: [GC (Allocation Failure) [PSYoungGen: 208928K->12864K(215040K)] 392898K->196898K(538112K), 0.0120682 secs] [Times: user=0.02 sys=0.00, real=0.02 secs] 
2024-07-05T00:55:18.743+0800: 427.454: [GC (Allocation Failure) [PSYoungGen: 206400K->11040K(216576K)] 390434K->195074K(539648K), 0.0122565 secs] [Times: user=0.02 sys=0.00, real=0.02 secs] 
2024-07-05T00:55:19.002+0800: 427.713: [GC (Allocation Failure) [PSYoungGen: 207136K->14944K(216576K)] 391170K->198978K(539648K), 0.0156465 secs] [Times: user=0.02 sys=0.00, real=0.02 secs] 
2024-07-05T00:55:19.334+0800: 428.044: [GC (Allocation Failure) [PSYoungGen: 211040K->2992K(216064K)] 395074K->187066K(539136K), 0.0061446 secs] [Times: user=0.01 sys=0.00, real=0.00 secs] 
2024-07-05T00:55:19.624+0800: 428.335: [GC (Allocation Failure) [PSYoungGen: 198576K->8805K(217088K)] 382650K->192912K(540160K), 0.0097231 secs] [Times: user=0.01 sys=0.00, real=0.02 secs] 
2024-07-05T00:55:19.888+0800: 428.599: [GC (Allocation Failure) [PSYoungGen: 204389K->12960K(215552K)] 388496K->197066K(538624K), 0.0138825 secs] [Times: user=0.03 sys=0.00, real=0.01 secs] 
2024-07-05T00:55:20.149+0800: 428.860: [GC (Allocation Failure) [PSYoungGen: 209056K->17280K(216576K)] 393162K->201386K(539648K), 0.0165332 secs] [Times: user=0.03 sys=0.00, real=0.01 secs] 
2024-07-05T00:55:20.423+0800: 429.134: [GC (Allocation Failure) [PSYoungGen: 213376K->13808K(217088K)] 397482K->197978K(540160K), 0.0129143 secs] [Times: user=0.02 sys=0.00, real=0.02 secs] 
2024-07-05T00:55:20.716+0800: 429.426: [GC (Allocation Failure) [PSYoungGen: 208880K->9304K(204800K)] 393050K->193474K(527872K), 0.0097148 secs] [Times: user=0.02 sys=0.00, real=0.00 secs] 
2024-07-05T00:55:20.990+0800: 429.700: [GC (Allocation Failure) [PSYoungGen: 204376K->16576K(215040K)] 388546K->200746K(538112K), 0.0158139 secs] [Times: user=0.02 sys=0.01, real=0.02 secs] 
2024-07-05T00:55:21.266+0800: 429.976: [GC (Allocation Failure) [PSYoungGen: 210624K->13152K(216064K)] 394794K->197386K(539136K), 0.0135699 secs] [Times: user=0.03 sys=0.00, real=0.01 secs] 
2024-07-05T00:55:21.547+0800: 430.257: [GC (Allocation Failure) [PSYoungGen: 207200K->10613K(215552K)] 391434K->194847K(538624K), 0.0143031 secs] [Times: user=0.02 sys=0.00, real=0.01 secs] 
2024-07-05T00:55:21.823+0800: 430.534: [GC (Allocation Failure) [PSYoungGen: 206197K->11424K(216064K)] 390431K->195658K(539136K), 0.0109353 secs] [Times: user=0.02 sys=0.00, real=0.02 secs] 
2024-07-05T00:55:22.106+0800: 430.816: [GC (Allocation Failure) [PSYoungGen: 207008K->8352K(218112K)] 391242K->192650K(541184K), 0.0105433 secs] [Times: user=0.02 sys=0.00, real=0.01 secs] 
2024-07-05T00:55:22.382+0800: 431.092: [GC (Allocation Failure) [PSYoungGen: 206496K->9920K(218112K)] 390794K->194218K(541184K), 0.0104480 secs] [Times: user=0.02 sys=0.00, real=0.01 secs] 
2024-07-05T00:55:22.647+0800: 431.358: [GC (Allocation Failure) [PSYoungGen: 208064K->12944K(218112K)] 392362K->197242K(541184K), 0.0137605 secs] [Times: user=0.03 sys=0.00, real=0.01 secs] 
2024-07-05T00:55:22.914+0800: 431.625: [GC (Allocation Failure) [PSYoungGen: 211600K->16832K(218112K)] 395898K->201170K(541184K), 0.0163763 secs] [Times: user=0.03 sys=0.00, real=0.01 secs] 
2024-07-05T00:55:23.185+0800: 431.896: [GC (Allocation Failure) [PSYoungGen: 215488K->15296K(218112K)] 399826K->199674K(541184K), 0.0140308 secs] [Times: user=0.03 sys=0.00, real=0.02 secs] 
2024-07-05T00:55:23.466+0800: 432.177: [GC (Allocation Failure) [PSYoungGen: 212928K->14282K(218112K)] 397306K->198660K(541184K), 0.0138634 secs] [Times: user=0.03 sys=0.00, real=0.01 secs] 
2024-07-05T00:55:23.746+0800: 432.457: [GC (Allocation Failure) [PSYoungGen: 211914K->10896K(217088K)] 396292K->195306K(540160K), 0.0110071 secs] [Times: user=0.02 sys=0.00, real=0.01 secs] 
2024-07-05T00:55:24.035+0800: 432.746: [GC (Allocation Failure) [PSYoungGen: 208528K->9712K(217600K)] 392938K->194162K(540672K), 0.0140385 secs] [Times: user=0.02 sys=0.00, real=0.01 secs] 
2024-07-05T00:55:24.352+0800: 433.063: [GC (Allocation Failure) [PSYoungGen: 207344K->14809K(218624K)] 391794K->199260K(541696K), 0.0158304 secs] [Times: user=0.03 sys=0.00, real=0.02 secs] 
2024-07-05T00:55:24.653+0800: 433.363: [GC (Allocation Failure) [PSYoungGen: 213465K->14064K(218624K)] 397916K->198555K(541696K), 0.0124621 secs] [Times: user=0.03 sys=0.00, real=0.01 secs] 
2024-07-05T00:55:24.938+0800: 433.648: [GC (Allocation Failure) [PSYoungGen: 212720K->9760K(217600K)] 397211K->194290K(540672K), 0.0099155 secs] [Times: user=0.01 sys=0.01, real=0.01 secs] 
2024-07-05T00:55:25.218+0800: 433.929: [GC (Allocation Failure) [PSYoungGen: 208416K->10095K(218112K)] 392946K->194626K(541184K), 0.0097356 secs] [Times: user=0.02 sys=0.00, real=0.01 secs] 
2024-07-05T00:55:25.498+0800: 434.208: [GC (Allocation Failure) [PSYoungGen: 208751K->8836K(219136K)] 393282K->193398K(542208K), 0.0110194 secs] [Times: user=0.02 sys=0.00, real=0.01 secs] 
2024-07-05T00:55:25.778+0800: 434.489: [GC (Allocation Failure) [PSYoungGen: 208516K->7504K(219136K)] 393078K->192066K(542208K), 0.0080624 secs] [Times: user=0.02 sys=0.00, real=0.01 secs] 
2024-07-05T00:55:26.045+0800: 434.756: [GC (Allocation Failure) [PSYoungGen: 207184K->12208K(218112K)] 391746K->196810K(541184K), 0.0129159 secs] [Times: user=0.02 sys=0.00, real=0.02 secs] 
2024-07-05T00:55:26.311+0800: 435.022: [GC (Allocation Failure) [PSYoungGen: 211888K->15936K(218624K)] 396490K->200538K(541696K), 0.0169229 secs] [Times: user=0.03 sys=0.00, real=0.02 secs] 
2024-07-05T00:55:26.583+0800: 435.294: [GC (Allocation Failure) [PSYoungGen: 215616K->17040K(216576K)] 400218K->201674K(539648K), 0.0164764 secs] [Times: user=0.03 sys=0.00, real=0.02 secs] 
2024-07-05T00:55:26.857+0800: 435.567: [GC (Allocation Failure) [PSYoungGen: 213648K->14250K(217600K)] 398282K->198916K(540672K), 0.0130061 secs] [Times: user=0.03 sys=0.00, real=0.01 secs] 
2024-07-05T00:55:27.135+0800: 435.846: [GC (Allocation Failure) [PSYoungGen: 210858K->10756K(217088K)] 395524K->195423K(540160K), 0.0104541 secs] [Times: user=0.02 sys=0.00, real=0.01 secs] 
2024-07-05T00:55:27.434+0800: 436.144: [GC (Allocation Failure) [PSYoungGen: 207876K->10272K(217600K)] 392543K->194978K(540672K), 0.0123720 secs] [Times: user=0.02 sys=0.00, real=0.01 secs] 
2024-07-05T00:55:27.710+0800: 436.421: [GC (Allocation Failure) [PSYoungGen: 207392K->8094K(218112K)] 392098K->192841K(541184K), 0.0102311 secs] [Times: user=0.02 sys=0.00, real=0.01 secs] 
2024-07-05T00:55:27.985+0800: 436.696: [GC (Allocation Failure) [PSYoungGen: 206238K->10096K(218112K)] 390985K->194842K(541184K), 0.0115411 secs] [Times: user=0.02 sys=0.00, real=0.02 secs] 
2024-07-05T00:55:28.247+0800: 436.958: [GC (Allocation Failure) [PSYoungGen: 208240K->13424K(218112K)] 392986K->198203K(541184K), 0.0135259 secs] [Times: user=0.02 sys=0.00, real=0.01 secs] 
2024-07-05T00:55:28.508+0800: 437.219: [GC (Allocation Failure) [PSYoungGen: 212080K->17216K(218112K)] 396859K->202035K(541184K), 0.0172568 secs] [Times: user=0.03 sys=0.00, real=0.01 secs] 
2024-07-05T00:55:28.780+0800: 437.491: [GC (Allocation Failure) [PSYoungGen: 215872K->15632K(217088K)] 400691K->200451K(540160K), 0.0161270 secs] [Times: user=0.03 sys=0.00, real=0.02 secs] 
2024-07-05T00:55:29.092+0800: 437.803: [GC (Allocation Failure) [PSYoungGen: 212240K->8292K(217600K)] 397059K->193151K(540672K), 0.0090452 secs] [Times: user=0.02 sys=0.00, real=0.01 secs] 
2024-07-05T00:55:29.351+0800: 438.062: [GC (Allocation Failure) [PSYoungGen: 204900K->14368K(217600K)] 389759K->199259K(540672K), 0.0139646 secs] [Times: user=0.03 sys=0.00, real=0.01 secs] 
2024-07-05T00:55:29.622+0800: 438.332: [GC (Allocation Failure) [PSYoungGen: 210976K->15088K(217600K)] 395867K->199979K(540672K), 0.0147144 secs] [Times: user=0.03 sys=0.01, real=0.02 secs] 
2024-07-05T00:55:29.914+0800: 438.624: [GC (Allocation Failure) [PSYoungGen: 211696K->11392K(216576K)] 396587K->196323K(539648K), 0.0119856 secs] [Times: user=0.03 sys=0.00, real=0.01 secs] 
2024-07-05T00:55:30.194+0800: 438.905: [GC (Allocation Failure) [PSYoungGen: 208000K->12464K(217088K)] 392931K->197395K(540160K), 0.0144561 secs] [Times: user=0.03 sys=0.00, real=0.01 secs] 
2024-07-05T00:55:30.470+0800: 439.181: [GC (Allocation Failure) [PSYoungGen: 209072K->15344K(217088K)] 394003K->200315K(540160K), 0.0147990 secs] [Times: user=0.03 sys=0.00, real=0.01 secs] 
2024-07-05T00:55:30.744+0800: 439.455: [GC (Allocation Failure) [PSYoungGen: 212976K->12080K(217600K)] 397947K->197051K(540672K), 0.0115254 secs] [Times: user=0.02 sys=0.00, real=0.02 secs] 
2024-07-05T00:55:31.018+0800: 439.728: [GC (Allocation Failure) [PSYoungGen: 209712K->8974K(218624K)] 394683K->193986K(541696K), 0.0095755 secs] [Times: user=0.01 sys=0.00, real=0.01 secs] 
2024-07-05T00:55:31.282+0800: 439.992: [GC (Allocation Failure) [PSYoungGen: 208142K->12544K(218624K)] 393154K->197595K(541696K), 0.0134774 secs] [Times: user=0.03 sys=0.00, real=0.02 secs] 
2024-07-05T00:55:31.550+0800: 440.260: [GC (Allocation Failure) [PSYoungGen: 211712K->16736K(217600K)] 396763K->201787K(540672K), 0.0181387 secs] [Times: user=0.03 sys=0.00, real=0.02 secs] 
2024-07-05T00:55:31.829+0800: 440.540: [GC (Allocation Failure) [PSYoungGen: 215392K->14185K(218624K)] 400443K->199268K(541696K), 0.0134358 secs] [Times: user=0.02 sys=0.00, real=0.01 secs] 
2024-07-05T00:55:32.109+0800: 440.819: [GC (Allocation Failure) [PSYoungGen: 212841K->11312K(218112K)] 397924K->196435K(541184K), 0.0106757 secs] [Times: user=0.02 sys=0.00, real=0.01 secs] 
2024-07-05T00:55:32.384+0800: 441.095: [GC (Allocation Failure) [PSYoungGen: 210480K->13040K(218624K)] 395603K->198163K(541696K), 0.0136755 secs] [Times: user=0.02 sys=0.01, real=0.02 secs] 
2024-07-05T00:55:32.654+0800: 441.364: [GC (Allocation Failure) [PSYoungGen: 212208K->14480K(219136K)] 397331K->199635K(542208K), 0.0154916 secs] [Times: user=0.02 sys=0.00, real=0.01 secs] 
2024-07-05T00:55:32.930+0800: 441.640: [GC (Allocation Failure) [PSYoungGen: 214672K->12560K(219136K)] 399827K->197747K(542208K), 0.0134640 secs] [Times: user=0.02 sys=0.00, real=0.01 secs] 
2024-07-05T00:55:33.209+0800: 441.919: [GC (Allocation Failure) [PSYoungGen: 212752K->10576K(219136K)] 397939K->195763K(542208K), 0.0099493 secs] [Times: user=0.02 sys=0.00, real=0.01 secs] 
2024-07-05T00:55:33.493+0800: 442.203: [GC (Allocation Failure) [PSYoungGen: 211280K->11600K(219136K)] 396467K->196827K(542208K), 0.0119002 secs] [Times: user=0.02 sys=0.00, real=0.01 secs] 
2024-07-05T00:55:33.761+0800: 442.471: [GC (Allocation Failure) [PSYoungGen: 212304K->14032K(219648K)] 397531K->199259K(542720K), 0.0138923 secs] [Times: user=0.03 sys=0.00, real=0.02 secs] 
2024-07-05T00:55:34.031+0800: 442.742: [GC (Allocation Failure) [PSYoungGen: 215760K->16832K(219648K)] 400987K->202091K(542720K), 0.0162376 secs] [Times: user=0.03 sys=0.00, real=0.02 secs] 
2024-07-05T00:55:34.306+0800: 443.016: [GC (Allocation Failure) [PSYoungGen: 218560K->16688K(218624K)] 403819K->201987K(541696K), 0.0177468 secs] [Times: user=0.03 sys=0.00, real=0.01 secs] 
2024-07-05T00:55:34.589+0800: 443.300: [GC (Allocation Failure) [PSYoungGen: 216368K->14432K(219136K)] 401667K->199731K(542208K), 0.0141029 secs] [Times: user=0.03 sys=0.00, real=0.01 secs] 
2024-07-05T00:55:34.886+0800: 443.596: [GC (Allocation Failure) [PSYoungGen: 214112K->10000K(219136K)] 399411K->195339K(542208K), 0.0108895 secs] [Times: user=0.02 sys=0.00, real=0.01 secs] 
2024-07-05T00:55:35.172+0800: 443.882: [GC (Allocation Failure) [PSYoungGen: 209680K->14208K(219136K)] 395019K->199587K(542208K), 0.0148497 secs] [Times: user=0.03 sys=0.00, real=0.02 secs] 
2024-07-05T00:55:35.448+0800: 444.159: [GC (Allocation Failure) [PSYoungGen: 213888K->17632K(217088K)] 399267K->203011K(540160K), 0.0175446 secs] [Times: user=0.04 sys=0.00, real=0.01 secs] 
2024-07-05T00:55:35.729+0800: 444.439: [GC (Allocation Failure) [PSYoungGen: 215264K->17376K(215040K)] 400643K->202787K(538112K), 0.0157225 secs] [Times: user=0.04 sys=0.00, real=0.01 secs] 
2024-07-05T00:55:36.012+0800: 444.723: [GC (Allocation Failure) [PSYoungGen: 215008K->12863K(218112K)] 400419K->198274K(541184K), 0.0107753 secs] [Times: user=0.02 sys=0.00, real=0.01 secs] 
2024-07-05T00:55:36.288+0800: 444.998: [GC (Allocation Failure) [PSYoungGen: 209983K->8665K(217600K)] 395394K->194117K(540672K), 0.0077500 secs] [Times: user=0.01 sys=0.00, real=0.01 secs] 
2024-07-05T00:55:36.583+0800: 445.294: [GC (Allocation Failure) [PSYoungGen: 205732K->3678K(215552K)] 391183K->189162K(538624K), 0.0038646 secs] [Times: user=0.01 sys=0.00, real=0.01 secs] 
2024-07-05T00:55:36.841+0800: 445.552: [GC (Allocation Failure) [PSYoungGen: 198238K->8144K(216576K)] 383722K->193627K(539648K), 0.0088656 secs] [Times: user=0.02 sys=0.00, real=0.01 secs] 
2024-07-05T00:55:37.098+0800: 445.808: [GC (Allocation Failure) [PSYoungGen: 202704K->13664K(216064K)] 388187K->199187K(539136K), 0.0170416 secs] [Times: user=0.03 sys=0.00, real=0.02 secs] 
2024-07-05T00:55:37.352+0800: 446.063: [GC (Allocation Failure) [PSYoungGen: 208736K->18592K(214016K)] 394259K->204155K(537088K), 0.0189525 secs] [Times: user=0.03 sys=0.00, real=0.02 secs] 
2024-07-05T00:55:37.636+0800: 446.346: [GC (Allocation Failure) [PSYoungGen: 213664K->16752K(215040K)] 399227K->202315K(538112K), 0.0181234 secs] [Times: user=0.03 sys=0.00, real=0.02 secs] 
2024-07-05T00:55:37.925+0800: 446.636: [GC (Allocation Failure) [PSYoungGen: 209264K->10032K(215552K)] 394827K->195627K(538624K), 0.0093854 secs] [Times: user=0.01 sys=0.00, real=0.02 secs] 
2024-07-05T00:55:38.195+0800: 446.905: [GC (Allocation Failure) [PSYoungGen: 202544K->8602K(214528K)] 388139K->194237K(537600K), 0.0082710 secs] [Times: user=0.01 sys=0.00, real=0.00 secs] 
2024-07-05T00:55:38.462+0800: 447.172: [GC (Allocation Failure) [PSYoungGen: 201114K->9104K(215040K)] 386749K->194739K(538112K), 0.0118424 secs] [Times: user=0.02 sys=0.00, real=0.02 secs] 
2024-07-05T00:55:38.718+0800: 447.428: [GC (Allocation Failure) [PSYoungGen: 201616K->14320K(216064K)] 387251K->199955K(539136K), 0.0141956 secs] [Times: user=0.02 sys=0.00, real=0.01 secs] 
2024-07-05T00:55:38.970+0800: 447.680: [GC (Allocation Failure) [PSYoungGen: 208368K->18896K(212992K)] 394003K->204571K(536064K), 0.0192104 secs] [Times: user=0.03 sys=0.00, real=0.02 secs] 
2024-07-05T00:55:39.249+0800: 447.960: [GC (Allocation Failure) [PSYoungGen: 212944K->15440K(215040K)] 398619K->201155K(538112K), 0.0160892 secs] [Times: user=0.03 sys=0.00, real=0.01 secs] 
2024-07-05T00:55:39.537+0800: 448.248: [GC (Allocation Failure) [PSYoungGen: 206928K->8809K(200704K)] 392643K->194525K(523776K), 0.0078870 secs] [Times: user=0.01 sys=0.00, real=0.00 secs] 
2024-07-05T00:55:39.811+0800: 448.522: [GC (Allocation Failure) [PSYoungGen: 200297K->6096K(214528K)] 386013K->191843K(537600K), 0.0066865 secs] [Times: user=0.01 sys=0.00, real=0.01 secs] 
2024-07-05T00:55:40.070+0800: 448.780: [GC (Allocation Failure) [PSYoungGen: 197584K->10880K(214528K)] 383331K->196667K(537600K), 0.0136379 secs] [Times: user=0.02 sys=0.00, real=0.01 secs] 
2024-07-05T00:55:40.321+0800: 449.032: [GC (Allocation Failure) [PSYoungGen: 202368K->16848K(214528K)] 388155K->202635K(537600K), 0.0161943 secs] [Times: user=0.03 sys=0.00, real=0.02 secs] 
2024-07-05T00:55:40.585+0800: 449.295: [GC (Allocation Failure) [PSYoungGen: 208848K->16768K(215040K)] 394635K->202595K(538112K), 0.0157876 secs] [Times: user=0.03 sys=0.00, real=0.02 secs] 
2024-07-05T00:55:40.865+0800: 449.576: [GC (Allocation Failure) [PSYoungGen: 208768K->10674K(215040K)] 394595K->196542K(538112K), 0.0107434 secs] [Times: user=0.02 sys=0.00, real=0.02 secs] 
2024-07-05T00:55:41.147+0800: 449.857: [GC (Allocation Failure) [PSYoungGen: 202674K->4902K(215040K)] 388542K->190770K(538112K), 0.0044373 secs] [Times: user=0.01 sys=0.00, real=0.00 secs] 
2024-07-05T00:55:41.426+0800: 450.136: [GC (Allocation Failure) [PSYoungGen: 196902K->9200K(214016K)] 382770K->195107K(537088K), 0.0118201 secs] [Times: user=0.01 sys=0.00, real=0.01 secs] 
2024-07-05T00:55:41.683+0800: 450.393: [GC (Allocation Failure) [PSYoungGen: 201200K->13968K(214528K)] 387107K->199875K(537600K), 0.0135180 secs] [Times: user=0.02 sys=0.00, real=0.02 secs] 
2024-07-05T00:55:41.936+0800: 450.647: [GC (Allocation Failure) [PSYoungGen: 205968K->18016K(214016K)] 391875K->203963K(537088K), 0.0166957 secs] [Times: user=0.04 sys=0.00, real=0.01 secs] 
2024-07-05T00:55:42.214+0800: 450.924: [GC (Allocation Failure) [PSYoungGen: 209504K->13622K(215040K)] 395451K->199570K(538112K), 0.0133643 secs] [Times: user=0.02 sys=0.00, real=0.01 secs] 
2024-07-05T00:55:42.486+0800: 451.196: [GC (Allocation Failure) [PSYoungGen: 205110K->12960K(212480K)] 391058K->198940K(535552K), 0.0144839 secs] [Times: user=0.02 sys=0.00, real=0.01 secs] 
2024-07-05T00:55:42.757+0800: 451.467: [GC (Allocation Failure) [PSYoungGen: 204960K->10816K(214016K)] 390940K->196836K(537088K), 0.0104259 secs] [Times: user=0.02 sys=0.00, real=0.01 secs] 
2024-07-05T00:55:43.021+0800: 451.731: [GC (Allocation Failure) [PSYoungGen: 202816K->12224K(214016K)] 388836K->198244K(537088K), 0.0128646 secs] [Times: user=0.03 sys=0.00, real=0.01 secs] 
2024-07-05T00:55:43.278+0800: 451.988: [GC (Allocation Failure) [PSYoungGen: 207296K->15888K(215552K)] 393316K->201948K(538624K), 0.0153484 secs] [Times: user=0.03 sys=0.00, real=0.01 secs] 
2024-07-05T00:55:43.555+0800: 452.266: [GC (Allocation Failure) [PSYoungGen: 210960K->11978K(217600K)] 397020K->198078K(540672K), 0.0122791 secs] [Times: user=0.03 sys=0.00, real=0.01 secs] 
2024-07-05T00:55:43.834+0800: 452.544: [GC (Allocation Failure) [PSYoungGen: 209098K->7936K(217600K)] 395198K->194036K(540672K), 0.0080220 secs] [Times: user=0.02 sys=0.00, real=0.00 secs] 
2024-07-05T00:55:44.093+0800: 452.804: [GC (Allocation Failure) [PSYoungGen: 205056K->14384K(218112K)] 391156K->200516K(541184K), 0.0142195 secs] [Times: user=0.03 sys=0.00, real=0.02 secs] 
2024-07-05T00:55:44.356+0800: 453.067: [GC (Allocation Failure) [PSYoungGen: 212016K->15392K(213504K)] 398148K->201564K(536576K), 0.0151142 secs] [Times: user=0.03 sys=0.00, real=0.01 secs] 
2024-07-05T00:55:44.633+0800: 453.344: [GC (Allocation Failure) [PSYoungGen: 213024K->12394K(218624K)] 399196K->198566K(541696K), 0.0114069 secs] [Times: user=0.02 sys=0.00, real=0.01 secs] 
2024-07-05T00:55:44.907+0800: 453.618: [GC (Allocation Failure) [PSYoungGen: 210026K->9476K(217600K)] 396198K->195648K(540672K), 0.0094268 secs] [Times: user=0.02 sys=0.00, real=0.01 secs] 
2024-07-05T00:55:45.181+0800: 453.891: [GC (Allocation Failure) [PSYoungGen: 207108K->13232K(218112K)] 393280K->199468K(541184K), 0.0132322 secs] [Times: user=0.02 sys=0.00, real=0.02 secs] 
2024-07-05T00:55:45.454+0800: 454.165: [GC (Allocation Failure) [PSYoungGen: 211376K->11040K(217600K)] 397612K->197276K(540672K), 0.0103007 secs] [Times: user=0.02 sys=0.00, real=0.00 secs] 
2024-07-05T00:55:45.731+0800: 454.442: [GC (Allocation Failure) [PSYoungGen: 209184K->9136K(218112K)] 395420K->195372K(541184K), 0.0107586 secs] [Times: user=0.02 sys=0.00, real=0.01 secs] 
2024-07-05T00:55:46.004+0800: 454.714: [GC (Allocation Failure) [PSYoungGen: 208304K->11600K(218112K)] 394540K->197868K(541184K), 0.0117979 secs] [Times: user=0.02 sys=0.00, real=0.02 secs] 
2024-07-05T00:55:46.266+0800: 454.977: [GC (Allocation Failure) [PSYoungGen: 210768K->15040K(218624K)] 397036K->201348K(541696K), 0.0160435 secs] [Times: user=0.03 sys=0.00, real=0.01 secs] 
2024-07-05T00:55:46.545+0800: 455.256: [GC (Allocation Failure) [PSYoungGen: 215232K->16960K(217600K)] 401540K->203268K(540672K), 0.0171206 secs] [Times: user=0.03 sys=0.00, real=0.02 secs] 
2024-07-05T00:55:46.860+0800: 455.571: [GC (Allocation Failure) [PSYoungGen: 217152K->10496K(219136K)] 403460K->196844K(542208K), 0.0124580 secs] [Times: user=0.03 sys=0.00, real=0.01 secs] 
2024-07-05T00:55:47.158+0800: 455.868: [GC (Allocation Failure) [PSYoungGen: 209664K->10640K(218624K)] 396012K->197020K(541696K), 0.0131240 secs] [Times: user=0.03 sys=0.00, real=0.01 secs] 
2024-07-05T00:55:47.433+0800: 456.143: [GC (Allocation Failure) [PSYoungGen: 209808K->13504K(218624K)] 396188K->199884K(541696K), 0.0133650 secs] [Times: user=0.02 sys=0.00, real=0.02 secs] 
2024-07-05T00:55:47.701+0800: 456.411: [GC (Allocation Failure) [PSYoungGen: 213184K->17088K(218624K)] 399564K->203508K(541696K), 0.0182690 secs] [Times: user=0.03 sys=0.00, real=0.02 secs] 
2024-07-05T00:55:47.978+0800: 456.688: [GC (Allocation Failure) [PSYoungGen: 216768K->16672K(216576K)] 403188K->203132K(539648K), 0.0164521 secs] [Times: user=0.03 sys=0.00, real=0.02 secs] 
2024-07-05T00:55:48.261+0800: 456.972: [GC (Allocation Failure) [PSYoungGen: 213280K->13072K(217600K)] 399740K->199532K(540672K), 0.0126262 secs] [Times: user=0.03 sys=0.00, real=0.01 secs] 
2024-07-05T00:55:48.541+0800: 457.251: [GC (Allocation Failure) [PSYoungGen: 209680K->13856K(216576K)] 396140K->200348K(539648K), 0.0141120 secs] [Times: user=0.03 sys=0.00, real=0.02 secs] 
2024-07-05T00:55:48.817+0800: 457.528: [GC (Allocation Failure) [PSYoungGen: 211488K->13088K(217088K)] 397980K->199612K(540160K), 0.0139963 secs] [Times: user=0.03 sys=0.00, real=0.01 secs] 
2024-07-05T00:55:49.098+0800: 457.808: [GC (Allocation Failure) [PSYoungGen: 210720K->11210K(219136K)] 397244K->197734K(542208K), 0.0123420 secs] [Times: user=0.02 sys=0.00, real=0.01 secs] 
2024-07-05T00:55:49.376+0800: 458.087: [GC (Allocation Failure) [PSYoungGen: 211402K->8640K(219136K)] 397926K->195164K(542208K), 0.0112124 secs] [Times: user=0.01 sys=0.00, real=0.01 secs] 
2024-07-05T00:55:49.641+0800: 458.352: [GC (Allocation Failure) [PSYoungGen: 208832K->13392K(219648K)] 395356K->199980K(542720K), 0.0134383 secs] [Times: user=0.03 sys=0.00, real=0.02 secs] 
2024-07-05T00:55:49.910+0800: 458.621: [GC (Allocation Failure) [PSYoungGen: 214096K->16384K(217600K)] 400684K->202972K(540672K), 0.0167587 secs] [Times: user=0.03 sys=0.00, real=0.02 secs] 
2024-07-05T00:55:50.182+0800: 458.892: [GC (Allocation Failure) [PSYoungGen: 217088K->15744K(218112K)] 403676K->202332K(541184K), 0.0142547 secs] [Times: user=0.03 sys=0.00, real=0.02 secs] 
2024-07-05T00:55:50.459+0800: 459.170: [GC (Allocation Failure) [PSYoungGen: 214400K->12778K(218624K)] 400988K->199406K(541696K), 0.0149380 secs] [Times: user=0.02 sys=0.00, real=0.02 secs] 
2024-07-05T00:55:50.746+0800: 459.457: [GC (Allocation Failure) [PSYoungGen: 211434K->12304K(217600K)] 398062K->198972K(540672K), 0.0137914 secs] [Times: user=0.02 sys=0.00, real=0.01 secs] 
2024-07-05T00:55:51.013+0800: 459.723: [GC (Allocation Failure) [PSYoungGen: 211472K->15312K(218112K)] 398140K->201980K(541184K), 0.0150490 secs] [Times: user=0.03 sys=0.00, real=0.02 secs] 
2024-07-05T00:55:51.284+0800: 459.995: [GC (Allocation Failure) [PSYoungGen: 214480K->13904K(219136K)] 401148K->200612K(542208K), 0.0144860 secs] [Times: user=0.03 sys=0.00, real=0.02 secs] 
2024-07-05T00:55:51.571+0800: 460.282: [GC (Allocation Failure) [PSYoungGen: 214096K->11562K(219136K)] 400804K->198302K(542208K), 0.0109185 secs] [Times: user=0.02 sys=0.00, real=0.01 secs] 
2024-07-05T00:55:51.853+0800: 460.563: [GC (Allocation Failure) [PSYoungGen: 211754K->8928K(218624K)] 398494K->195668K(541696K), 0.0094087 secs] [Times: user=0.01 sys=0.00, real=0.01 secs] 
2024-07-05T00:55:52.133+0800: 460.844: [GC (Allocation Failure) [PSYoungGen: 209120K->13568K(219136K)] 395860K->200348K(542208K), 0.0137958 secs] [Times: user=0.02 sys=0.00, real=0.02 secs] 
2024-07-05T00:55:52.406+0800: 461.116: [GC (Allocation Failure) [PSYoungGen: 213760K->17056K(218112K)] 400540K->203868K(541184K), 0.0192186 secs] [Times: user=0.03 sys=0.00, real=0.01 secs] 
2024-07-05T00:55:52.677+0800: 461.388: [GC (Allocation Failure) [PSYoungGen: 216736K->17568K(217600K)] 403548K->204380K(540672K), 0.0160504 secs] [Times: user=0.03 sys=0.00, real=0.01 secs] 
2024-07-05T00:55:52.954+0800: 461.665: [GC (Allocation Failure) [PSYoungGen: 217248K->15424K(218112K)] 404060K->202268K(541184K), 0.0139378 secs] [Times: user=0.02 sys=0.00, real=0.01 secs] 
2024-07-05T00:55:53.236+0800: 461.947: [GC (Allocation Failure) [PSYoungGen: 213056K->10557K(218112K)] 399900K->197442K(541184K), 0.0097489 secs] [Times: user=0.02 sys=0.00, real=0.01 secs] 
2024-07-05T00:55:53.511+0800: 462.222: [GC (Allocation Failure) [PSYoungGen: 208189K->9936K(218112K)] 395074K->196820K(541184K), 0.0094480 secs] [Times: user=0.02 sys=0.00, real=0.01 secs] 
2024-07-05T00:55:53.787+0800: 462.498: [GC (Allocation Failure) [PSYoungGen: 207568K->6725K(204800K)] 394452K->193610K(527872K), 0.0072264 secs] [Times: user=0.01 sys=0.00, real=0.01 secs] 
2024-07-05T00:55:54.054+0800: 462.764: [GC (Allocation Failure) [PSYoungGen: 204357K->9792K(218112K)] 391242K->196740K(541184K), 0.0111535 secs] [Times: user=0.02 sys=0.00, real=0.00 secs] 
2024-07-05T00:55:54.310+0800: 463.021: [GC (Allocation Failure) [PSYoungGen: 206912K->14304K(217600K)] 393860K->201252K(540672K), 0.0146016 secs] [Times: user=0.03 sys=0.00, real=0.01 secs] 
2024-07-05T00:55:54.566+0800: 463.277: [GC (Allocation Failure) [PSYoungGen: 211424K->18512K(215040K)] 398372K->205460K(538112K), 0.0233528 secs] [Times: user=0.04 sys=0.00, real=0.02 secs] 
2024-07-05T00:55:54.842+0800: 463.553: [GC (Allocation Failure) [PSYoungGen: 213072K->16681K(211456K)] 400020K->203662K(534528K), 0.0165185 secs] [Times: user=0.03 sys=0.00, real=0.02 secs] 
2024-07-05T00:55:55.121+0800: 463.832: [GC (Allocation Failure) [PSYoungGen: 211241K->10400K(216576K)] 398222K->197420K(539648K), 0.0091523 secs] [Times: user=0.02 sys=0.00, real=0.01 secs] 
2024-07-05T00:55:55.396+0800: 464.106: [GC (Allocation Failure) [PSYoungGen: 204448K->8218K(216064K)] 391468K->195238K(539136K), 0.0080800 secs] [Times: user=0.01 sys=0.00, real=0.00 secs] 
2024-07-05T00:55:55.667+0800: 464.377: [GC (Allocation Failure) [PSYoungGen: 202266K->8080K(216064K)] 389286K->195140K(539136K), 0.0105621 secs] [Times: user=0.02 sys=0.00, real=0.01 secs] 
2024-07-05T00:55:55.925+0800: 464.635: [GC (Allocation Failure) [PSYoungGen: 202128K->12864K(207360K)] 389188K->199956K(530432K), 0.0134871 secs] [Times: user=0.03 sys=0.00, real=0.02 secs] 
2024-07-05T00:55:56.176+0800: 464.886: [GC (Allocation Failure) [PSYoungGen: 206912K->18416K(214016K)] 394004K->205508K(537088K), 0.0173426 secs] [Times: user=0.03 sys=0.00, real=0.01 secs] 
2024-07-05T00:55:56.446+0800: 465.156: [GC (Allocation Failure) [PSYoungGen: 211440K->16080K(215552K)] 398532K->203204K(538624K), 0.0142319 secs] [Times: user=0.02 sys=0.00, real=0.01 secs] 
2024-07-05T00:55:56.746+0800: 465.456: [GC (Allocation Failure) [PSYoungGen: 209104K->9867K(215552K)] 396228K->197032K(538624K), 0.0085521 secs] [Times: user=0.02 sys=0.00, real=0.01 secs] 
2024-07-05T00:55:57.026+0800: 465.736: [GC (Allocation Failure) [PSYoungGen: 202891K->3628K(215552K)] 390056K->190793K(538624K), 0.0039433 secs] [Times: user=0.01 sys=0.00, real=0.00 secs] 
2024-07-05T00:55:57.292+0800: 466.003: [GC (Allocation Failure) [PSYoungGen: 196652K->8944K(215552K)] 383817K->196141K(538624K), 0.0099696 secs] [Times: user=0.02 sys=0.00, real=0.01 secs] 
2024-07-05T00:55:57.546+0800: 466.256: [GC (Allocation Failure) [PSYoungGen: 201968K->14448K(215552K)] 389165K->201645K(538624K), 0.0162924 secs] [Times: user=0.03 sys=0.00, real=0.01 secs] 
2024-07-05T00:55:57.802+0800: 466.512: [GC (Allocation Failure) [PSYoungGen: 207472K->18832K(212992K)] 394669K->206069K(536064K), 0.0183130 secs] [Times: user=0.03 sys=0.00, real=0.02 secs] 
2024-07-05T00:55:58.082+0800: 466.792: [GC (Allocation Failure) [PSYoungGen: 209296K->13474K(214528K)] 396533K->200711K(537600K), 0.0147523 secs] [Times: user=0.02 sys=0.00, real=0.02 secs] 
2024-07-05T00:55:58.357+0800: 467.068: [GC (Allocation Failure) [PSYoungGen: 203938K->9872K(212992K)] 391175K->197149K(536064K), 0.0094515 secs] [Times: user=0.02 sys=0.00, real=0.01 secs] 
2024-07-05T00:55:58.630+0800: 467.340: [GC (Allocation Failure) [PSYoungGen: 201360K->4900K(214016K)] 388637K->192217K(537088K), 0.0061661 secs] [Times: user=0.01 sys=0.00, real=0.01 secs] 
2024-07-05T00:55:58.877+0800: 467.588: [GC (Allocation Failure) [PSYoungGen: 196388K->13328K(215552K)] 383705K->200645K(538624K), 0.0132396 secs] [Times: user=0.03 sys=0.00, real=0.01 secs] 
2024-07-05T00:55:59.126+0800: 467.836: [GC (Allocation Failure) [PSYoungGen: 206352K->18592K(211968K)] 393669K->205941K(535040K), 0.0229218 secs] [Times: user=0.04 sys=0.00, real=0.02 secs] 
2024-07-05T00:55:59.401+0800: 468.111: [GC (Allocation Failure) [PSYoungGen: 211616K->15472K(214528K)] 398965K->202853K(537600K), 0.0135606 secs] [Times: user=0.03 sys=0.00, real=0.02 secs] 
2024-07-05T00:55:59.677+0800: 468.388: [GC (Allocation Failure) [PSYoungGen: 205936K->8453K(199168K)] 393317K->195834K(522240K), 0.0075709 secs] [Times: user=0.02 sys=0.00, real=0.00 secs] 
2024-07-05T00:55:59.942+0800: 468.653: [GC (Allocation Failure) [PSYoungGen: 198917K->7040K(214016K)] 386298K->194453K(537088K), 0.0083793 secs] [Times: user=0.02 sys=0.00, real=0.01 secs] 
2024-07-05T00:56:00.199+0800: 468.910: [GC (Allocation Failure) [PSYoungGen: 197504K->11584K(214016K)] 384917K->198997K(537088K), 0.0125850 secs] [Times: user=0.02 sys=0.00, real=0.01 secs] 
2024-07-05T00:56:00.445+0800: 469.156: [GC (Allocation Failure) [PSYoungGen: 202048K->17824K(212992K)] 389461K->205277K(536064K), 0.0171031 secs] [Times: user=0.03 sys=0.00, real=0.02 secs] 
2024-07-05T00:56:00.714+0800: 469.424: [GC (Allocation Failure) [PSYoungGen: 208288K->14106K(214016K)] 395741K->201559K(537088K), 0.0146912 secs] [Times: user=0.02 sys=0.00, real=0.01 secs] 
2024-07-05T00:56:00.999+0800: 469.709: [GC (Allocation Failure) [PSYoungGen: 204570K->8341K(213504K)] 392023K->195834K(536576K), 0.0074091 secs] [Times: user=0.02 sys=0.00, real=0.01 secs] 
2024-07-05T00:56:01.270+0800: 469.981: [GC (Allocation Failure) [PSYoungGen: 200341K->6309K(214528K)] 387834K->193843K(537600K), 0.0079120 secs] [Times: user=0.01 sys=0.00, real=0.01 secs] 
2024-07-05T00:56:01.538+0800: 470.248: [GC (Allocation Failure) [PSYoungGen: 198309K->10992K(214016K)] 385843K->198525K(537088K), 0.0133726 secs] [Times: user=0.03 sys=0.00, real=0.01 secs] 
2024-07-05T00:56:01.788+0800: 470.499: [GC (Allocation Failure) [PSYoungGen: 204528K->16176K(215040K)] 392061K->203749K(538112K), 0.0158357 secs] [Times: user=0.03 sys=0.00, real=0.01 secs] 
2024-07-05T00:56:02.050+0800: 470.760: [GC (Allocation Failure) [PSYoungGen: 209712K->18800K(212992K)] 397285K->206405K(536064K), 0.0199191 secs] [Times: user=0.03 sys=0.00, real=0.02 secs] 
2024-07-05T00:56:02.333+0800: 471.044: [GC (Allocation Failure) [PSYoungGen: 209264K->11615K(214528K)] 396869K->199220K(537600K), 0.0104240 secs] [Times: user=0.02 sys=0.00, real=0.01 secs] 
2024-07-05T00:56:02.605+0800: 471.315: [GC (Allocation Failure) [PSYoungGen: 202079K->8784K(212992K)] 389684K->196429K(536064K), 0.0085380 secs] [Times: user=0.02 sys=0.00, real=0.01 secs] 
2024-07-05T00:56:02.877+0800: 471.587: [GC (Allocation Failure) [PSYoungGen: 200272K->9797K(214016K)] 387917K->197443K(537088K), 0.0095727 secs] [Times: user=0.02 sys=0.00, real=0.01 secs] 
2024-07-05T00:56:03.130+0800: 471.841: [GC (Allocation Failure) [PSYoungGen: 201285K->14752K(215552K)] 388931K->202437K(538624K), 0.0143593 secs] [Times: user=0.03 sys=0.00, real=0.01 secs] 
2024-07-05T00:56:03.402+0800: 472.112: [GC (Allocation Failure) [PSYoungGen: 208800K->12624K(216064K)] 396485K->200309K(539136K), 0.0116050 secs] [Times: user=0.02 sys=0.00, real=0.01 secs] 
2024-07-05T00:56:03.686+0800: 472.396: [GC (Allocation Failure) [PSYoungGen: 206672K->8176K(215552K)] 394357K->195901K(538624K), 0.0113444 secs] [Times: user=0.01 sys=0.00, real=0.01 secs] 
2024-07-05T00:56:03.948+0800: 472.659: [GC (Allocation Failure) [PSYoungGen: 203248K->13728K(216064K)] 390973K->201485K(539136K), 0.0141868 secs] [Times: user=0.03 sys=0.00, real=0.01 secs] 
2024-07-05T00:56:04.206+0800: 472.917: [GC (Allocation Failure) [PSYoungGen: 208800K->15904K(216576K)] 396557K->203661K(539648K), 0.0173208 secs] [Times: user=0.03 sys=0.00, real=0.01 secs] 
2024-07-05T00:56:04.485+0800: 473.196: [GC (Allocation Failure) [PSYoungGen: 211488K->15175K(217088K)] 399245K->202965K(540160K), 0.0137314 secs] [Times: user=0.03 sys=0.00, real=0.02 secs] 
2024-07-05T00:56:04.762+0800: 473.473: [GC (Allocation Failure) [PSYoungGen: 210759K->11360K(216064K)] 398549K->199189K(539136K), 0.0109310 secs] [Times: user=0.03 sys=0.00, real=0.01 secs] 
2024-07-05T00:56:05.054+0800: 473.764: [GC (Allocation Failure) [PSYoungGen: 206944K->5876K(216576K)] 394773K->193706K(539648K), 0.0072377 secs] [Times: user=0.01 sys=0.00, real=0.00 secs] 
2024-07-05T00:56:05.334+0800: 474.045: [GC (Allocation Failure) [PSYoungGen: 201460K->4740K(217088K)] 389290K->192601K(540160K), 0.0057962 secs] [Times: user=0.01 sys=0.00, real=0.00 secs] 
2024-07-05T00:56:05.599+0800: 474.310: [GC (Allocation Failure) [PSYoungGen: 200324K->11376K(207360K)] 388185K->199237K(530432K), 0.0116723 secs] [Times: user=0.02 sys=0.00, real=0.01 secs] 
2024-07-05T00:56:05.857+0800: 474.568: [GC (Allocation Failure) [PSYoungGen: 206960K->15840K(215040K)] 394821K->203741K(538112K), 0.0156170 secs] [Times: user=0.03 sys=0.00, real=0.01 secs] 
2024-07-05T00:56:06.122+0800: 474.832: [GC (Allocation Failure) [PSYoungGen: 210400K->15296K(216064K)] 398301K->203237K(539136K), 0.0149411 secs] [Times: user=0.02 sys=0.00, real=0.02 secs] 
2024-07-05T00:56:06.400+0800: 475.111: [GC (Allocation Failure) [PSYoungGen: 209856K->10928K(215552K)] 397797K->198869K(538624K), 0.0122835 secs] [Times: user=0.02 sys=0.00, real=0.01 secs] 
2024-07-05T00:56:06.672+0800: 475.383: [GC (Allocation Failure) [PSYoungGen: 206000K->15120K(216064K)] 393941K->203093K(539136K), 0.0157589 secs] [Times: user=0.03 sys=0.00, real=0.02 secs] 
2024-07-05T00:56:06.942+0800: 475.653: [GC (Allocation Failure) [PSYoungGen: 210192K->14304K(217088K)] 398165K->202309K(540160K), 0.0145553 secs] [Times: user=0.03 sys=0.00, real=0.02 secs] 
2024-07-05T00:56:07.222+0800: 475.933: [GC (Allocation Failure) [PSYoungGen: 210366K->10293K(217088K)] 398372K->198299K(540160K), 0.0105897 secs] [Times: user=0.02 sys=0.00, real=0.01 secs] 
2024-07-05T00:56:07.499+0800: 476.209: [GC (Allocation Failure) [PSYoungGen: 206389K->14352K(216576K)] 394395K->202397K(539648K), 0.0156338 secs] [Times: user=0.03 sys=0.00, real=0.02 secs] 
2024-07-05T00:56:07.776+0800: 476.486: [GC (Allocation Failure) [PSYoungGen: 210960K->17200K(217088K)] 399005K->205245K(540160K), 0.0217619 secs] [Times: user=0.03 sys=0.00, real=0.02 secs] 
2024-07-05T00:56:08.052+0800: 476.762: [GC (Allocation Failure) [PSYoungGen: 213808K->15872K(216064K)] 401853K->203957K(539136K), 0.0145189 secs] [Times: user=0.03 sys=0.00, real=0.02 secs] 
2024-07-05T00:56:08.332+0800: 477.043: [GC (Allocation Failure) [PSYoungGen: 210432K->10962K(216576K)] 398517K->199080K(539648K), 0.0105130 secs] [Times: user=0.01 sys=0.00, real=0.01 secs] 
2024-07-05T00:56:08.624+0800: 477.335: [GC (Allocation Failure) [PSYoungGen: 205522K->9575K(215552K)] 393640K->197693K(538624K), 0.0107270 secs] [Times: user=0.02 sys=0.00, real=0.02 secs] 
2024-07-05T00:56:08.915+0800: 477.626: [GC (Allocation Failure) [PSYoungGen: 204647K->7920K(216064K)] 392765K->196077K(539136K), 0.0104503 secs] [Times: user=0.01 sys=0.00, real=0.00 secs] 
2024-07-05T00:56:09.179+0800: 477.890: [GC (Allocation Failure) [PSYoungGen: 202992K->11856K(216576K)] 391149K->200013K(539648K), 0.0125538 secs] [Times: user=0.02 sys=0.00, real=0.01 secs] 
2024-07-05T00:56:09.442+0800: 478.153: [GC (Allocation Failure) [PSYoungGen: 208464K->16128K(217088K)] 396621K->204325K(540160K), 0.0155000 secs] [Times: user=0.03 sys=0.00, real=0.02 secs] 
2024-07-05T00:56:09.720+0800: 478.430: [GC (Allocation Failure) [PSYoungGen: 212736K->14816K(217600K)] 400933K->203053K(540672K), 0.0138448 secs] [Times: user=0.03 sys=0.00, real=0.01 secs] 
2024-07-05T00:56:10.011+0800: 478.721: [GC (Allocation Failure) [PSYoungGen: 211424K->9376K(217600K)] 399661K->197613K(540672K), 0.0091457 secs] [Times: user=0.02 sys=0.00, real=0.01 secs] 
2024-07-05T00:56:10.285+0800: 478.995: [GC (Allocation Failure) [PSYoungGen: 205984K->13952K(216576K)] 394221K->202221K(539648K), 0.0142736 secs] [Times: user=0.02 sys=0.00, real=0.02 secs] 
2024-07-05T00:56:10.553+0800: 479.263: [GC (Allocation Failure) [PSYoungGen: 210560K->18368K(215040K)] 398829K->206678K(538112K), 0.0186194 secs] [Times: user=0.04 sys=0.00, real=0.02 secs] 
2024-07-05T00:56:10.832+0800: 479.542: [GC (Allocation Failure) [PSYoungGen: 214976K->17120K(215552K)] 403286K->205430K(538624K), 0.0165647 secs] [Times: user=0.03 sys=0.00, real=0.02 secs] 
2024-07-05T00:56:11.124+0800: 479.834: [GC (Allocation Failure) [PSYoungGen: 210656K->10560K(216064K)] 398966K->198902K(539136K), 0.0105302 secs] [Times: user=0.02 sys=0.00, real=0.02 secs] 
2024-07-05T00:56:11.413+0800: 480.124: [GC (Allocation Failure) [PSYoungGen: 204096K->9680K(216064K)] 392438K->198062K(539136K), 0.0098344 secs] [Times: user=0.02 sys=0.00, real=0.01 secs] 
2024-07-05T00:56:11.690+0800: 480.400: [GC (Allocation Failure) [PSYoungGen: 203728K->8800K(216064K)] 392110K->197182K(539136K), 0.0093923 secs] [Times: user=0.02 sys=0.00, real=0.01 secs] 
2024-07-05T00:56:11.960+0800: 480.671: [GC (Allocation Failure) [PSYoungGen: 202848K->12560K(216064K)] 391230K->200942K(539136K), 0.0141059 secs] [Times: user=0.03 sys=0.00, real=0.02 secs] 
2024-07-05T00:56:12.225+0800: 480.935: [GC (Allocation Failure) [PSYoungGen: 207632K->15264K(216064K)] 396014K->203686K(539136K), 0.0151850 secs] [Times: user=0.03 sys=0.00, real=0.02 secs] 
2024-07-05T00:56:12.502+0800: 481.212: [GC (Allocation Failure) [PSYoungGen: 210336K->11840K(216576K)] 398758K->200302K(539648K), 0.0110794 secs] [Times: user=0.02 sys=0.00, real=0.01 secs] 
2024-07-05T00:56:12.777+0800: 481.488: [GC (Allocation Failure) [PSYoungGen: 208448K->8688K(217088K)] 396910K->197150K(540160K), 0.0086863 secs] [Times: user=0.01 sys=0.00, real=0.01 secs] 
2024-07-05T00:56:13.038+0800: 481.748: [GC (Allocation Failure) [PSYoungGen: 205296K->15296K(218112K)] 393758K->203798K(541184K), 0.0165539 secs] [Times: user=0.03 sys=0.00, real=0.02 secs] 
2024-07-05T00:56:13.309+0800: 482.020: [GC (Allocation Failure) [PSYoungGen: 212928K->12512K(210432K)] 401430K->201046K(533504K), 0.0115881 secs] [Times: user=0.02 sys=0.00, real=0.01 secs] 
2024-07-05T00:56:13.589+0800: 482.299: [GC (Allocation Failure) [PSYoungGen: 210144K->9621K(217600K)] 398678K->198155K(540672K), 0.0102219 secs] [Times: user=0.02 sys=0.00, real=0.01 secs] 
2024-07-05T00:56:13.864+0800: 482.575: [GC (Allocation Failure) [PSYoungGen: 207253K->12912K(217600K)] 395787K->201486K(540672K), 0.0152157 secs] [Times: user=0.02 sys=0.00, real=0.02 secs] 
2024-07-05T00:56:14.137+0800: 482.848: [GC (Allocation Failure) [PSYoungGen: 210544K->16416K(217600K)] 399118K->205022K(540672K), 0.0162285 secs] [Times: user=0.03 sys=0.00, real=0.01 secs] 
2024-07-05T00:56:14.422+0800: 483.132: [GC (Allocation Failure) [PSYoungGen: 214560K->13072K(218112K)] 403166K->201678K(541184K), 0.0122970 secs] [Times: user=0.03 sys=0.00, real=0.02 secs] 
2024-07-05T00:56:14.707+0800: 483.417: [GC (Allocation Failure) [PSYoungGen: 211216K->9093K(218624K)] 399822K->197740K(541696K), 0.0097264 secs] [Times: user=0.02 sys=0.00, real=0.01 secs] 
2024-07-05T00:56:14.979+0800: 483.690: [GC (Allocation Failure) [PSYoungGen: 208261K->12032K(218624K)] 396908K->200718K(541696K), 0.0123203 secs] [Times: user=0.02 sys=0.00, real=0.01 secs] 
2024-07-05T00:56:15.255+0800: 483.966: [GC (Allocation Failure) [PSYoungGen: 211200K->16032K(218112K)] 399886K->204718K(541184K), 0.0155005 secs] [Times: user=0.03 sys=0.00, real=0.01 secs] 
2024-07-05T00:56:15.525+0800: 484.236: [GC (Allocation Failure) [PSYoungGen: 215200K->19424K(218624K)] 403886K->208334K(541696K), 0.0208199 secs] [Times: user=0.03 sys=0.00, real=0.03 secs] 
2024-07-05T00:56:15.829+0800: 484.539: [GC (Allocation Failure) [PSYoungGen: 218592K->16135K(215552K)] 407502K->208965K(538624K), 0.0195086 secs] [Times: user=0.04 sys=0.00, real=0.02 secs] 
2024-07-05T00:56:16.118+0800: 484.829: [GC (Allocation Failure) [PSYoungGen: 211719K->11554K(217088K)] 404549K->205072K(540160K), 0.0116498 secs] [Times: user=0.02 sys=0.00, real=0.01 secs] 
2024-07-05T00:56:16.393+0800: 485.104: [GC (Allocation Failure) [PSYoungGen: 207138K->10047K(216064K)] 400656K->203565K(539136K), 0.0096285 secs] [Times: user=0.02 sys=0.00, real=0.01 secs] 
2024-07-05T00:56:16.669+0800: 485.379: [GC (Allocation Failure) [PSYoungGen: 205631K->7753K(216576K)] 399149K->201340K(539648K), 0.0086290 secs] [Times: user=0.02 sys=0.00, real=0.01 secs] 
2024-07-05T00:56:16.938+0800: 485.648: [GC (Allocation Failure) [PSYoungGen: 203337K->10416K(217088K)] 396924K->204002K(540160K), 0.0123969 secs] [Times: user=0.02 sys=0.00, real=0.01 secs] 
2024-07-05T00:56:17.195+0800: 485.906: [GC (Allocation Failure) [PSYoungGen: 206512K->15680K(217088K)] 400098K->209266K(540160K), 0.0150699 secs] [Times: user=0.03 sys=0.00, real=0.01 secs] 
2024-07-05T00:56:17.458+0800: 486.168: [GC (Allocation Failure) [PSYoungGen: 211776K->17520K(215552K)] 405362K->211138K(538624K), 0.0168603 secs] [Times: user=0.04 sys=0.00, real=0.02 secs] 
2024-07-05T00:56:17.733+0800: 486.444: [GC (Allocation Failure) [PSYoungGen: 212080K->14602K(216576K)] 405698K->208260K(539648K), 0.0133418 secs] [Times: user=0.03 sys=0.01, real=0.02 secs] 
2024-07-05T00:56:18.017+0800: 486.728: [GC (Allocation Failure) [PSYoungGen: 209162K->9428K(215552K)] 402820K->203086K(538624K), 0.0096742 secs] [Times: user=0.02 sys=0.00, real=0.01 secs] 
2024-07-05T00:56:18.298+0800: 487.008: [GC (Allocation Failure) [PSYoungGen: 203988K->8208K(216064K)] 397646K->201906K(539136K), 0.0081735 secs] [Times: user=0.02 sys=0.00, real=0.01 secs] 
2024-07-05T00:56:18.586+0800: 487.297: [GC (Allocation Failure) [PSYoungGen: 202768K->9152K(217088K)] 396466K->202882K(540160K), 0.0127861 secs] [Times: user=0.02 sys=0.00, real=0.01 secs] 
2024-07-05T00:56:18.847+0800: 487.558: [GC (Allocation Failure) [PSYoungGen: 204736K->13760K(209408K)] 398466K->207490K(532480K), 0.0134314 secs] [Times: user=0.03 sys=0.00, real=0.01 secs] 
2024-07-05T00:56:19.101+0800: 487.812: [GC (Allocation Failure) [PSYoungGen: 209344K->18448K(214528K)] 403074K->212178K(537600K), 0.0175627 secs] [Times: user=0.04 sys=0.00, real=0.02 secs] 
2024-07-05T00:56:19.367+0800: 488.077: [GC (Allocation Failure) [PSYoungGen: 211984K->16016K(216064K)] 405714K->209810K(539136K), 0.0141846 secs] [Times: user=0.02 sys=0.00, real=0.01 secs] 
2024-07-05T00:56:19.650+0800: 488.360: [GC (Allocation Failure) [PSYoungGen: 209552K->9904K(216064K)] 403346K->203698K(539136K), 0.0096039 secs] [Times: user=0.02 sys=0.00, real=0.01 secs] 
2024-07-05T00:56:19.928+0800: 488.638: [GC (Allocation Failure) [PSYoungGen: 203440K->8801K(202752K)] 397234K->202596K(525824K), 0.0095297 secs] [Times: user=0.02 sys=0.00, real=0.01 secs] 
2024-07-05T00:56:20.212+0800: 488.922: [GC (Allocation Failure) [PSYoungGen: 202337K->12256K(216576K)] 396132K->206114K(539648K), 0.0118135 secs] [Times: user=0.02 sys=0.00, real=0.01 secs] 
2024-07-05T00:56:20.490+0800: 489.200: [GC (Allocation Failure) [PSYoungGen: 206816K->13696K(215552K)] 400674K->207554K(538624K), 0.0167333 secs] [Times: user=0.03 sys=0.00, real=0.02 secs] 
2024-07-05T00:56:20.780+0800: 489.490: [GC (Allocation Failure) [PSYoungGen: 208256K->8842K(217088K)] 402114K->202700K(540160K), 0.0085551 secs] [Times: user=0.02 sys=0.00, real=0.01 secs] 
2024-07-05T00:56:21.062+0800: 489.772: [GC (Allocation Failure) [PSYoungGen: 204938K->7680K(216576K)] 398796K->201578K(539648K), 0.0087659 secs] [Times: user=0.01 sys=0.00, real=0.01 secs] 
2024-07-05T00:56:21.326+0800: 490.036: [GC (Allocation Failure) [PSYoungGen: 203776K->11808K(217600K)] 397674K->205746K(540672K), 0.0169170 secs] [Times: user=0.02 sys=0.00, real=0.01 secs] 
2024-07-05T00:56:21.602+0800: 490.312: [GC (Allocation Failure) [PSYoungGen: 209440K->16000K(217600K)] 403378K->209938K(540672K), 0.0174697 secs] [Times: user=0.03 sys=0.00, real=0.02 secs] 
2024-07-05T00:56:21.872+0800: 490.583: [GC (Allocation Failure) [PSYoungGen: 213632K->19552K(214016K)] 407570K->213490K(537088K), 0.0195476 secs] [Times: user=0.04 sys=0.00, real=0.02 secs] 
2024-07-05T00:56:22.151+0800: 490.862: [GC (Allocation Failure) [PSYoungGen: 213088K->13568K(216064K)] 407026K->207570K(539136K), 0.0129111 secs] [Times: user=0.03 sys=0.00, real=0.01 secs] 
2024-07-05T00:56:22.434+0800: 491.145: [GC (Allocation Failure) [PSYoungGen: 207104K->8361K(214528K)] 401106K->202364K(537600K), 0.0072997 secs] [Times: user=0.01 sys=0.00, real=0.00 secs] 
2024-07-05T00:56:22.710+0800: 491.420: [GC (Allocation Failure) [PSYoungGen: 202409K->2432K(215552K)] 396412K->196434K(538624K), 0.0030309 secs] [Times: user=0.00 sys=0.00, real=0.00 secs] 
2024-07-05T00:56:22.967+0800: 491.678: [GC (Allocation Failure) [PSYoungGen: 196480K->9680K(216576K)] 390482K->203747K(539648K), 0.0115139 secs] [Times: user=0.02 sys=0.00, real=0.01 secs] 
2024-07-05T00:56:23.220+0800: 491.931: [GC (Allocation Failure) [PSYoungGen: 203728K->14912K(216064K)] 397795K->208979K(539136K), 0.0143046 secs] [Times: user=0.03 sys=0.00, real=0.02 secs] 
2024-07-05T00:56:23.471+0800: 492.182: [GC (Allocation Failure) [PSYoungGen: 208960K->18640K(213504K)] 403027K->212707K(536576K), 0.0193655 secs] [Times: user=0.04 sys=0.00, real=0.02 secs] 
2024-07-05T00:56:23.743+0800: 492.454: [GC (Allocation Failure) [PSYoungGen: 210128K->13289K(215040K)] 404195K->207421K(538112K), 0.0127673 secs] [Times: user=0.02 sys=0.00, real=0.02 secs] 
2024-07-05T00:56:24.021+0800: 492.732: [GC (Allocation Failure) [PSYoungGen: 204777K->10000K(213504K)] 398909K->204131K(536576K), 0.0098767 secs] [Times: user=0.01 sys=0.00, real=0.01 secs] 
2024-07-05T00:56:24.298+0800: 493.009: [GC (Allocation Failure) [PSYoungGen: 202000K->5776K(214528K)] 396131K->199907K(537600K), 0.0068388 secs] [Times: user=0.01 sys=0.00, real=0.00 secs] 
2024-07-05T00:56:24.551+0800: 493.262: [GC (Allocation Failure) [PSYoungGen: 197776K->12192K(214016K)] 391907K->206355K(537088K), 0.0132452 secs] [Times: user=0.02 sys=0.00, real=0.01 secs] 
2024-07-05T00:56:24.806+0800: 493.516: [GC (Allocation Failure) [PSYoungGen: 205728K->17552K(215040K)] 399891K->211755K(538112K), 0.0184709 secs] [Times: user=0.03 sys=0.00, real=0.01 secs] 
2024-07-05T00:56:25.075+0800: 493.785: [GC (Allocation Failure) [PSYoungGen: 211088K->15520K(215040K)] 405291K->209723K(538112K), 0.0146476 secs] [Times: user=0.03 sys=0.00, real=0.01 secs] 
2024-07-05T00:56:25.354+0800: 494.065: [GC (Allocation Failure) [PSYoungGen: 208032K->10581K(215552K)] 402235K->204784K(538624K), 0.0119070 secs] [Times: user=0.02 sys=0.00, real=0.01 secs] 
2024-07-05T00:56:25.621+0800: 494.331: [GC (Allocation Failure) [PSYoungGen: 203093K->12464K(213504K)] 397296K->206731K(536576K), 0.0119909 secs] [Times: user=0.02 sys=0.00, real=0.01 secs] 
2024-07-05T00:56:25.894+0800: 494.604: [GC (Allocation Failure) [PSYoungGen: 205488K->9472K(214528K)] 399755K->203739K(537600K), 0.0105802 secs] [Times: user=0.02 sys=0.00, real=0.00 secs] 
2024-07-05T00:56:26.154+0800: 494.865: [GC (Allocation Failure) [PSYoungGen: 202496K->13520K(215552K)] 396763K->207787K(538624K), 0.0152192 secs] [Times: user=0.03 sys=0.00, real=0.01 secs] 
2024-07-05T00:56:26.430+0800: 495.140: [GC (Allocation Failure) [PSYoungGen: 209616K->12096K(216576K)] 403883K->206427K(539648K), 0.0133416 secs] [Times: user=0.02 sys=0.00, real=0.01 secs] 
2024-07-05T00:56:26.712+0800: 495.422: [GC (Allocation Failure) [PSYoungGen: 208192K->11232K(216576K)] 402523K->205563K(539648K), 0.0106524 secs] [Times: user=0.02 sys=0.00, real=0.01 secs] 
2024-07-05T00:56:27.008+0800: 495.719: [GC (Allocation Failure) [PSYoungGen: 209376K->11632K(217600K)] 403707K->205963K(540672K), 0.0116424 secs] [Times: user=0.03 sys=0.00, real=0.01 secs] 
2024-07-05T00:56:27.270+0800: 495.981: [GC (Allocation Failure) [PSYoungGen: 209776K->15024K(218624K)] 404107K->209395K(541696K), 0.0161853 secs] [Times: user=0.02 sys=0.00, real=0.02 secs] 
2024-07-05T00:56:27.540+0800: 496.251: [GC (Allocation Failure) [PSYoungGen: 215216K->16032K(216576K)] 409587K->210435K(539648K), 0.0147458 secs] [Times: user=0.03 sys=0.00, real=0.02 secs] 
2024-07-05T00:56:27.812+0800: 496.523: [GC (Allocation Failure) [PSYoungGen: 216224K->14240K(219136K)] 410627K->208643K(542208K), 0.0135676 secs] [Times: user=0.02 sys=0.00, real=0.01 secs] 
2024-07-05T00:56:28.087+0800: 496.798: [GC (Allocation Failure) [PSYoungGen: 213408K->12976K(212480K)] 407811K->207411K(535552K), 0.0121832 secs] [Times: user=0.02 sys=0.00, real=0.01 secs] 
2024-07-05T00:56:28.362+0800: 497.072: [GC (Allocation Failure) [PSYoungGen: 212144K->9776K(218112K)] 406579K->204251K(541184K), 0.0092922 secs] [Times: user=0.02 sys=0.00, real=0.01 secs] 
2024-07-05T00:56:28.640+0800: 497.350: [GC (Allocation Failure) [PSYoungGen: 208944K->8704K(218112K)] 403419K->203179K(541184K), 0.0094515 secs] [Times: user=0.02 sys=0.00, real=0.01 secs] 
2024-07-05T00:56:28.921+0800: 497.632: [GC (Allocation Failure) [PSYoungGen: 207872K->5712K(218624K)] 402347K->200187K(541696K), 0.0062361 secs] [Times: user=0.02 sys=0.00, real=0.01 secs] 
2024-07-05T00:56:29.189+0800: 497.899: [GC (Allocation Failure) [PSYoungGen: 205392K->8816K(219136K)] 399867K->203355K(542208K), 0.0100942 secs] [Times: user=0.02 sys=0.00, real=0.01 secs] 
2024-07-05T00:56:29.450+0800: 498.161: [GC (Allocation Failure) [PSYoungGen: 208496K->13056K(219136K)] 403035K->207595K(542208K), 0.0128510 secs] [Times: user=0.03 sys=0.00, real=0.01 secs] 
2024-07-05T00:56:29.718+0800: 498.428: [GC (Allocation Failure) [PSYoungGen: 213248K->15968K(216576K)] 407787K->210507K(539648K), 0.0152709 secs] [Times: user=0.03 sys=0.00, real=0.01 secs] 
2024-07-05T00:56:29.988+0800: 498.698: [GC (Allocation Failure) [PSYoungGen: 216160K->19136K(214528K)] 410699K->213739K(537600K), 0.0198870 secs] [Times: user=0.04 sys=0.00, real=0.02 secs] 
2024-07-05T00:56:30.272+0800: 498.983: [GC (Allocation Failure) [PSYoungGen: 213696K->15591K(216576K)] 408299K->210195K(539648K), 0.0142726 secs] [Times: user=0.02 sys=0.00, real=0.02 secs] 
2024-07-05T00:56:30.553+0800: 499.264: [GC (Allocation Failure) [PSYoungGen: 210151K->10015K(215552K)] 404755K->204619K(538624K), 0.0087902 secs] [Times: user=0.01 sys=0.01, real=0.01 secs] 
2024-07-05T00:56:30.835+0800: 499.546: [GC (Allocation Failure) [PSYoungGen: 204575K->4651K(216064K)] 399179K->199322K(539136K), 0.0057898 secs] [Times: user=0.01 sys=0.00, real=0.00 secs] 
2024-07-05T00:56:31.110+0800: 499.820: [GC (Allocation Failure) [PSYoungGen: 199211K->7952K(216576K)] 393882K->202623K(539648K), 0.0101992 secs] [Times: user=0.02 sys=0.00, real=0.01 secs] 
2024-07-05T00:56:31.370+0800: 500.081: [GC (Allocation Failure) [PSYoungGen: 202512K->13216K(207872K)] 397183K->207887K(530944K), 0.0138812 secs] [Times: user=0.03 sys=0.00, real=0.01 secs] 
2024-07-05T00:56:31.637+0800: 500.348: [GC (Allocation Failure) [PSYoungGen: 207776K->17824K(214016K)] 402447K->212527K(537088K), 0.0176675 secs] [Times: user=0.03 sys=0.00, real=0.02 secs] 
2024-07-05T00:56:31.922+0800: 500.632: [GC (Allocation Failure) [PSYoungGen: 210336K->13184K(215552K)] 405039K->207919K(538624K), 0.0122785 secs] [Times: user=0.03 sys=0.00, real=0.02 secs] 
2024-07-05T00:56:32.193+0800: 500.904: [GC (Allocation Failure) [PSYoungGen: 205696K->14176K(215040K)] 400431K->208911K(538112K), 0.0140682 secs] [Times: user=0.02 sys=0.00, real=0.02 secs] 
2024-07-05T00:56:32.457+0800: 501.168: [GC (Allocation Failure) [PSYoungGen: 207712K->11376K(215552K)] 402447K->206143K(538624K), 0.0107462 secs] [Times: user=0.02 sys=0.00, real=0.01 secs] 
2024-07-05T00:56:32.727+0800: 501.438: [GC (Allocation Failure) [PSYoungGen: 204912K->7744K(216064K)] 399679K->202543K(539136K), 0.0079470 secs] [Times: user=0.02 sys=0.00, real=0.01 secs] 
2024-07-05T00:56:32.982+0800: 501.692: [GC (Allocation Failure) [PSYoungGen: 202816K->13632K(216064K)] 397615K->208431K(539136K), 0.0132107 secs] [Times: user=0.03 sys=0.00, real=0.02 secs] 
2024-07-05T00:56:33.238+0800: 501.948: [GC (Allocation Failure) [PSYoungGen: 208704K->16704K(216576K)] 403503K->211503K(539648K), 0.0174284 secs] [Times: user=0.03 sys=0.00, real=0.02 secs] 
2024-07-05T00:56:33.512+0800: 502.223: [GC (Allocation Failure) [PSYoungGen: 212288K->13834K(217088K)] 407087K->208697K(540160K), 0.0125318 secs] [Times: user=0.02 sys=0.00, real=0.01 secs] 
2024-07-05T00:56:33.784+0800: 502.495: [GC (Allocation Failure) [PSYoungGen: 209418K->10884K(216064K)] 404281K->205748K(539136K), 0.0107617 secs] [Times: user=0.02 sys=0.00, real=0.02 secs] 
2024-07-05T00:56:34.050+0800: 502.761: [GC (Allocation Failure) [PSYoungGen: 206468K->10592K(216576K)] 401332K->205455K(539648K), 0.0102026 secs] [Times: user=0.02 sys=0.00, real=0.01 secs] 
2024-07-05T00:56:34.326+0800: 503.037: [GC (Allocation Failure) [PSYoungGen: 206176K->7333K(217600K)] 401039K->202237K(540672K), 0.0091899 secs] [Times: user=0.02 sys=0.00, real=0.01 secs] 
2024-07-05T00:56:34.593+0800: 503.303: [GC (Allocation Failure) [PSYoungGen: 204453K->10880K(208384K)] 399357K->205823K(531456K), 0.0114952 secs] [Times: user=0.02 sys=0.00, real=0.01 secs] 
2024-07-05T00:56:34.866+0800: 503.576: [GC (Allocation Failure) [PSYoungGen: 208000K->15344K(216064K)] 402943K->210287K(539136K), 0.0186388 secs] [Times: user=0.03 sys=0.00, real=0.01 secs] 
2024-07-05T00:56:35.129+0800: 503.840: [GC (Allocation Failure) [PSYoungGen: 211952K->19216K(216064K)] 406895K->214199K(539136K), 0.0182249 secs] [Times: user=0.04 sys=0.00, real=0.02 secs] 
2024-07-05T00:56:35.411+0800: 504.121: [GC (Allocation Failure) [PSYoungGen: 215824K->14640K(216576K)] 410807K->209663K(539648K), 0.0127119 secs] [Times: user=0.03 sys=0.00, real=0.01 secs] 
2024-07-05T00:56:35.700+0800: 504.411: [GC (Allocation Failure) [PSYoungGen: 209200K->9159K(203776K)] 404223K->204183K(526848K), 0.0081881 secs] [Times: user=0.02 sys=0.00, real=0.01 secs] 
2024-07-05T00:56:35.984+0800: 504.694: [GC (Allocation Failure) [PSYoungGen: 203719K->3446K(215040K)] 398743K->198510K(538112K), 0.0037272 secs] [Times: user=0.01 sys=0.00, real=0.01 secs] 
2024-07-05T00:56:36.243+0800: 504.954: [GC (Allocation Failure) [PSYoungGen: 196982K->8608K(216064K)] 392046K->203704K(539136K), 0.0096016 secs] [Times: user=0.01 sys=0.00, real=0.01 secs] 
2024-07-05T00:56:36.495+0800: 505.206: [GC (Allocation Failure) [PSYoungGen: 202144K->14016K(215552K)] 397240K->209112K(538624K), 0.0139019 secs] [Times: user=0.03 sys=0.00, real=0.01 secs] 
2024-07-05T00:56:36.765+0800: 505.476: [GC (Allocation Failure) [PSYoungGen: 208064K->19360K(213504K)] 403160K->214456K(536576K), 0.0205665 secs] [Times: user=0.04 sys=0.00, real=0.03 secs] 
2024-07-05T00:56:37.040+0800: 505.751: [GC (Allocation Failure) [PSYoungGen: 213408K->15481K(215040K)] 408504K->210641K(538112K), 0.0145179 secs] [Times: user=0.03 sys=0.00, real=0.02 secs] 
2024-07-05T00:56:37.317+0800: 506.028: [GC (Allocation Failure) [PSYoungGen: 206969K->8700K(200192K)] 402129K->203860K(523264K), 0.0077779 secs] [Times: user=0.02 sys=0.00, real=0.00 secs] 
2024-07-05T00:56:37.590+0800: 506.300: [GC (Allocation Failure) [PSYoungGen: 200188K->6432K(214528K)] 395348K->201592K(537600K), 0.0070499 secs] [Times: user=0.01 sys=0.00, real=0.01 secs] 
2024-07-05T00:56:37.846+0800: 506.556: [GC (Allocation Failure) [PSYoungGen: 197920K->10752K(214528K)] 393080K->205944K(537600K), 0.0111144 secs] [Times: user=0.02 sys=0.00, real=0.02 secs] 
2024-07-05T00:56:38.092+0800: 506.802: [GC (Allocation Failure) [PSYoungGen: 202240K->16864K(213504K)] 397432K->212096K(536576K), 0.0162120 secs] [Times: user=0.03 sys=0.00, real=0.02 secs] 
2024-07-05T00:56:38.353+0800: 507.063: [GC (Allocation Failure) [PSYoungGen: 208352K->15952K(214528K)] 403584K->211184K(537600K), 0.0144362 secs] [Times: user=0.03 sys=0.00, real=0.02 secs] 
2024-07-05T00:56:38.628+0800: 507.338: [GC (Allocation Failure) [PSYoungGen: 207440K->10624K(214016K)] 402672K->205896K(537088K), 0.0100431 secs] [Times: user=0.02 sys=0.00, real=0.01 secs] 
2024-07-05T00:56:38.892+0800: 507.602: [GC (Allocation Failure) [PSYoungGen: 202624K->9226K(214528K)] 397896K->204538K(537600K), 0.0097544 secs] [Times: user=0.01 sys=0.00, real=0.01 secs] 
2024-07-05T00:56:39.164+0800: 507.874: [GC (Allocation Failure) [PSYoungGen: 201226K->9632K(215040K)] 396538K->204944K(538112K), 0.0102862 secs] [Times: user=0.02 sys=0.00, real=0.02 secs] 
2024-07-05T00:56:39.420+0800: 508.130: [GC (Allocation Failure) [PSYoungGen: 203680K->14128K(215552K)] 398992K->209440K(538624K), 0.0144403 secs] [Times: user=0.03 sys=0.00, real=0.02 secs] 
2024-07-05T00:56:39.678+0800: 508.388: [GC (Allocation Failure) [PSYoungGen: 208176K->19264K(212992K)] 403488K->214640K(536064K), 0.0210071 secs] [Times: user=0.04 sys=0.00, real=0.02 secs] 
2024-07-05T00:56:39.955+0800: 508.666: [GC (Allocation Failure) [PSYoungGen: 210752K->13984K(215040K)] 406128K->209360K(538112K), 0.0121874 secs] [Times: user=0.02 sys=0.00, real=0.01 secs] 
2024-07-05T00:56:40.242+0800: 508.953: [GC (Allocation Failure) [PSYoungGen: 205472K->7945K(214016K)] 400848K->203321K(537088K), 0.0072287 secs] [Times: user=0.02 sys=0.00, real=0.01 secs] 
2024-07-05T00:56:40.526+0800: 509.236: [GC (Allocation Failure) [PSYoungGen: 200457K->1400K(215040K)] 395833K->196836K(538112K), 0.0040395 secs] [Times: user=0.01 sys=0.00, real=0.00 secs] 
2024-07-05T00:56:40.777+0800: 509.488: [GC (Allocation Failure) [PSYoungGen: 193912K->11104K(215040K)] 389348K->206540K(538112K), 0.0116850 secs] [Times: user=0.03 sys=0.00, real=0.01 secs] 
2024-07-05T00:56:41.021+0800: 509.732: [GC (Allocation Failure) [PSYoungGen: 203616K->17264K(215040K)] 399052K->212700K(538112K), 0.0162762 secs] [Times: user=0.03 sys=0.00, real=0.02 secs] 
2024-07-05T00:56:41.282+0800: 509.992: [GC (Allocation Failure) [PSYoungGen: 209776K->16976K(214016K)] 405212K->212444K(537088K), 0.0180638 secs] [Times: user=0.03 sys=0.00, real=0.02 secs] 
2024-07-05T00:56:41.569+0800: 510.279: [GC (Allocation Failure) [PSYoungGen: 207440K->9865K(214528K)] 402908K->205374K(537600K), 0.0085281 secs] [Times: user=0.02 sys=0.00, real=0.01 secs] 
2024-07-05T00:56:41.846+0800: 510.556: [GC (Allocation Failure) [PSYoungGen: 200329K->3246K(214016K)] 395838K->198755K(537088K), 0.0046314 secs] [Times: user=0.00 sys=0.00, real=0.00 secs] 
2024-07-05T00:56:42.105+0800: 510.816: [GC (Allocation Failure) [PSYoungGen: 193710K->10416K(201216K)] 389219K->205964K(524288K), 0.0114941 secs] [Times: user=0.02 sys=0.00, real=0.02 secs] 
2024-07-05T00:56:42.349+0800: 511.060: [GC (Allocation Failure) [PSYoungGen: 200880K->16416K(213504K)] 396428K->212004K(536576K), 0.0161871 secs] [Times: user=0.03 sys=0.00, real=0.01 secs] 
2024-07-05T00:56:42.609+0800: 511.320: [GC (Allocation Failure) [PSYoungGen: 206880K->17744K(214016K)] 402468K->213332K(537088K), 0.0161569 secs] [Times: user=0.03 sys=0.00, real=0.01 secs] 
2024-07-05T00:56:42.890+0800: 511.601: [GC (Allocation Failure) [PSYoungGen: 208208K->10277K(214016K)] 403796K->205866K(537088K), 0.0094472 secs] [Times: user=0.02 sys=0.00, real=0.01 secs] 
2024-07-05T00:56:43.160+0800: 511.870: [GC (Allocation Failure) [PSYoungGen: 200741K->7684K(214016K)] 396330K->203340K(537088K), 0.0087842 secs] [Times: user=0.01 sys=0.00, real=0.01 secs] 
2024-07-05T00:56:43.419+0800: 512.129: [GC (Allocation Failure) [PSYoungGen: 198148K->9808K(212992K)] 393804K->205464K(536064K), 0.0104128 secs] [Times: user=0.02 sys=0.00, real=0.01 secs] 
2024-07-05T00:56:43.674+0800: 512.385: [GC (Allocation Failure) [PSYoungGen: 201296K->16048K(214016K)] 396952K->211704K(537088K), 0.0153941 secs] [Times: user=0.03 sys=0.00, real=0.01 secs] 
2024-07-05T00:56:43.941+0800: 512.652: [GC (Allocation Failure) [PSYoungGen: 207536K->13527K(215552K)] 403192K->209224K(538624K), 0.0124818 secs] [Times: user=0.03 sys=0.00, real=0.02 secs] 
2024-07-05T00:56:44.220+0800: 512.930: [GC (Allocation Failure) [PSYoungGen: 206551K->12016K(205312K)] 402248K->207752K(528384K), 0.0131795 secs] [Times: user=0.02 sys=0.00, real=0.01 secs] 
2024-07-05T00:56:44.486+0800: 513.196: [GC (Allocation Failure) [PSYoungGen: 205040K->17168K(214016K)] 400776K->212904K(537088K), 0.0165701 secs] [Times: user=0.03 sys=0.00, real=0.01 secs] 
2024-07-05T00:56:44.757+0800: 513.468: [GC (Allocation Failure) [PSYoungGen: 209649K->13082K(215040K)] 405386K->208850K(538112K), 0.0118835 secs] [Times: user=0.02 sys=0.00, real=0.01 secs] 
2024-07-05T00:56:45.030+0800: 513.741: [GC (Allocation Failure) [PSYoungGen: 205594K->13040K(213504K)] 401362K->208848K(536576K), 0.0135164 secs] [Times: user=0.03 sys=0.00, real=0.01 secs] 
2024-07-05T00:56:45.294+0800: 514.004: [GC (Allocation Failure) [PSYoungGen: 207088K->13792K(215040K)] 402896K->209600K(538112K), 0.0148718 secs] [Times: user=0.02 sys=0.00, real=0.01 secs] 
2024-07-05T00:56:45.566+0800: 514.277: [GC (Allocation Failure) [PSYoungGen: 207840K->11120K(216064K)] 403648K->206928K(539136K), 0.0105851 secs] [Times: user=0.02 sys=0.00, real=0.01 secs] 
2024-07-05T00:56:45.845+0800: 514.555: [GC (Allocation Failure) [PSYoungGen: 208240K->10144K(217088K)] 404048K->206016K(540160K), 0.0100762 secs] [Times: user=0.02 sys=0.00, real=0.02 secs] 
2024-07-05T00:56:46.116+0800: 514.827: [GC (Allocation Failure) [PSYoungGen: 207264K->12816K(217600K)] 403136K->208688K(540672K), 0.0139452 secs] [Times: user=0.03 sys=0.00, real=0.01 secs] 
2024-07-05T00:56:46.406+0800: 515.116: [GC (Allocation Failure) [PSYoungGen: 211472K->8858K(218112K)] 407344K->204730K(541184K), 0.0086931 secs] [Times: user=0.02 sys=0.00, real=0.01 secs] 
2024-07-05T00:56:46.690+0800: 515.400: [GC (Allocation Failure) [PSYoungGen: 207514K->10736K(218112K)] 403386K->206648K(541184K), 0.0111744 secs] [Times: user=0.02 sys=0.00, real=0.01 secs] 
2024-07-05T00:56:46.976+0800: 515.687: [GC (Allocation Failure) [PSYoungGen: 210416K->10080K(218624K)] 406328K->206032K(541696K), 0.0103162 secs] [Times: user=0.02 sys=0.00, real=0.01 secs] 
2024-07-05T00:56:47.262+0800: 515.972: [GC (Allocation Failure) [PSYoungGen: 209760K->14896K(219136K)] 405712K->210848K(542208K), 0.0156772 secs] [Times: user=0.03 sys=0.00, real=0.02 secs] 
2024-07-05T00:56:47.550+0800: 516.260: [GC (Allocation Failure) [PSYoungGen: 215600K->17312K(218112K)] 411552K->213296K(541184K), 0.0175691 secs] [Times: user=0.03 sys=0.00, real=0.02 secs] 
2024-07-05T00:56:47.845+0800: 516.556: [GC (Allocation Failure) [PSYoungGen: 218016K->12679K(219136K)] 414000K->208696K(542208K), 0.0118583 secs] [Times: user=0.02 sys=0.00, real=0.02 secs] 
2024-07-05T00:56:48.137+0800: 516.848: [GC (Allocation Failure) [PSYoungGen: 211335K->7940K(218112K)] 407352K->203957K(541184K), 0.0085927 secs] [Times: user=0.02 sys=0.00, real=0.01 secs] 
2024-07-05T00:56:48.410+0800: 517.120: [GC (Allocation Failure) [PSYoungGen: 206596K->13216K(218112K)] 402613K->209272K(541184K), 0.0184941 secs] [Times: user=0.03 sys=0.00, real=0.02 secs] 
2024-07-05T00:56:48.698+0800: 517.408: [GC (Allocation Failure) [PSYoungGen: 211872K->16896K(218112K)] 407928K->212992K(541184K), 0.0208296 secs] [Times: user=0.04 sys=0.00, real=0.02 secs] 
2024-07-05T00:56:48.975+0800: 517.686: [GC (Allocation Failure) [PSYoungGen: 215552K->20096K(214016K)] 411648K->216192K(537088K), 0.0192332 secs] [Times: user=0.04 sys=0.00, real=0.02 secs] 
2024-07-05T00:56:49.252+0800: 517.963: [GC (Allocation Failure) [PSYoungGen: 213632K->13248K(216064K)] 409728K->209376K(539136K), 0.0117055 secs] [Times: user=0.02 sys=0.00, real=0.01 secs] 
2024-07-05T00:56:49.528+0800: 518.239: [GC (Allocation Failure) [PSYoungGen: 206784K->7596K(215040K)] 402912K->203765K(538112K), 0.0067635 secs] [Times: user=0.02 sys=0.00, real=0.01 secs] 
2024-07-05T00:56:49.800+0800: 518.510: [GC (Allocation Failure) [PSYoungGen: 202156K->7568K(216064K)] 398325K->203737K(539136K), 0.0106494 secs] [Times: user=0.02 sys=0.00, real=0.01 secs] 
2024-07-05T00:56:50.068+0800: 518.778: [GC (Allocation Failure) [PSYoungGen: 202128K->10512K(215552K)] 398297K->206681K(538624K), 0.0110549 secs] [Times: user=0.02 sys=0.00, real=0.01 secs] 
2024-07-05T00:56:50.325+0800: 519.035: [GC (Allocation Failure) [PSYoungGen: 205584K->15120K(216064K)] 401753K->211329K(539136K), 0.0146906 secs] [Times: user=0.03 sys=0.00, real=0.02 secs] 
2024-07-05T00:56:50.593+0800: 519.303: [GC (Allocation Failure) [PSYoungGen: 210192K->15568K(217088K)] 406401K->211817K(540160K), 0.0169054 secs] [Times: user=0.03 sys=0.00, real=0.02 secs] 
2024-07-05T00:56:50.872+0800: 519.583: [GC (Allocation Failure) [PSYoungGen: 211152K->12432K(208384K)] 407401K->208681K(531456K), 0.0124873 secs] [Times: user=0.02 sys=0.00, real=0.01 secs] 
2024-07-05T00:56:51.148+0800: 519.858: [GC (Allocation Failure) [PSYoungGen: 208016K->13168K(217088K)] 404265K->209449K(540160K), 0.0140136 secs] [Times: user=0.03 sys=0.00, real=0.01 secs] 
2024-07-05T00:56:51.414+0800: 520.124: [GC (Allocation Failure) [PSYoungGen: 209264K->15104K(216576K)] 405545K->211425K(539648K), 0.0177003 secs] [Times: user=0.03 sys=0.00, real=0.01 secs] 
2024-07-05T00:56:51.689+0800: 520.400: [GC (Allocation Failure) [PSYoungGen: 211200K->13344K(217600K)] 407521K->209665K(540672K), 0.0121442 secs] [Times: user=0.03 sys=0.00, real=0.01 secs] 
2024-07-05T00:56:51.965+0800: 520.676: [GC (Allocation Failure) [PSYoungGen: 210976K->12352K(217600K)] 407297K->208713K(540672K), 0.0118393 secs] [Times: user=0.03 sys=0.00, real=0.02 secs] 
2024-07-05T00:56:52.246+0800: 520.957: [GC (Allocation Failure) [PSYoungGen: 209984K->15040K(218112K)] 406345K->211433K(541184K), 0.0160476 secs] [Times: user=0.03 sys=0.00, real=0.01 secs] 
2024-07-05T00:56:52.540+0800: 521.251: [GC (Allocation Failure) [PSYoungGen: 213696K->8778K(218112K)] 410089K->205171K(541184K), 0.0087938 secs] [Times: user=0.02 sys=0.00, real=0.01 secs] 
2024-07-05T00:56:52.832+0800: 521.542: [GC (Allocation Failure) [PSYoungGen: 207434K->8208K(219136K)] 403827K->204633K(542208K), 0.0112460 secs] [Times: user=0.02 sys=0.00, real=0.01 secs] 
2024-07-05T00:56:53.104+0800: 521.815: [GC (Allocation Failure) [PSYoungGen: 207888K->10592K(219136K)] 404313K->207049K(542208K), 0.0111046 secs] [Times: user=0.02 sys=0.00, real=0.02 secs] 
2024-07-05T00:56:53.372+0800: 522.083: [GC (Allocation Failure) [PSYoungGen: 210272K->13952K(219136K)] 406729K->210409K(542208K), 0.0144861 secs] [Times: user=0.03 sys=0.00, real=0.02 secs] 
2024-07-05T00:56:53.644+0800: 522.355: [GC (Allocation Failure) [PSYoungGen: 213632K->17424K(217600K)] 410089K->213881K(540672K), 0.0164865 secs] [Times: user=0.04 sys=0.00, real=0.02 secs] 
2024-07-05T00:56:53.920+0800: 522.631: [GC (Allocation Failure) [PSYoungGen: 217104K->16672K(217088K)] 413561K->213193K(540160K), 0.0153266 secs] [Times: user=0.03 sys=0.00, real=0.02 secs] 
2024-07-05T00:56:54.207+0800: 522.917: [GC (Allocation Failure) [PSYoungGen: 213280K->11934K(217600K)] 409801K->208456K(540672K), 0.0121377 secs] [Times: user=0.02 sys=0.00, real=0.01 secs] 
2024-07-05T00:56:54.482+0800: 523.192: [GC (Allocation Failure) [PSYoungGen: 208542K->14032K(217600K)] 405064K->210553K(540672K), 0.0143446 secs] [Times: user=0.03 sys=0.00, real=0.02 secs] 
2024-07-05T00:56:54.757+0800: 523.468: [GC (Allocation Failure) [PSYoungGen: 211152K->17264K(217600K)] 407673K->213849K(540672K), 0.0171052 secs] [Times: user=0.04 sys=0.00, real=0.02 secs] 
2024-07-05T00:56:55.029+0800: 523.740: [GC (Allocation Failure) [PSYoungGen: 214384K->16000K(217600K)] 410969K->212585K(540672K), 0.0163870 secs] [Times: user=0.03 sys=0.00, real=0.02 secs] 
2024-07-05T00:56:55.311+0800: 524.021: [GC (Allocation Failure) [PSYoungGen: 212608K->11616K(217600K)] 409193K->208201K(540672K), 0.0102358 secs] [Times: user=0.02 sys=0.00, real=0.01 secs] 
2024-07-05T00:56:55.593+0800: 524.304: [GC (Allocation Failure) [PSYoungGen: 208224K->6961K(216576K)] 404809K->203610K(539648K), 0.0066115 secs] [Times: user=0.01 sys=0.00, real=0.01 secs] 
2024-07-05T00:56:55.874+0800: 524.584: [GC (Allocation Failure) [PSYoungGen: 202545K->8352K(217088K)] 399194K->205001K(540160K), 0.0085439 secs] [Times: user=0.02 sys=0.00, real=0.00 secs] 
2024-07-05T00:56:56.151+0800: 524.862: [GC (Allocation Failure) [PSYoungGen: 203936K->9232K(216064K)] 400585K->205881K(539136K), 0.0102920 secs] [Times: user=0.02 sys=0.00, real=0.01 secs] 
2024-07-05T00:56:56.417+0800: 525.127: [GC (Allocation Failure) [PSYoungGen: 204816K->14624K(216576K)] 401465K->211305K(539648K), 0.0146120 secs] [Times: user=0.02 sys=0.00, real=0.01 secs] 
2024-07-05T00:56:56.698+0800: 525.408: [GC (Allocation Failure) [PSYoungGen: 210208K->10576K(216576K)] 406889K->207297K(539648K), 0.0122453 secs] [Times: user=0.02 sys=0.00, real=0.01 secs] 
2024-07-05T00:56:56.979+0800: 525.689: [GC (Allocation Failure) [PSYoungGen: 207184K->9141K(217088K)] 403905K->205863K(540160K), 0.0095684 secs] [Times: user=0.02 sys=0.00, real=0.01 secs] 
2024-07-05T00:56:57.247+0800: 525.958: [GC (Allocation Failure) [PSYoungGen: 205749K->12720K(217088K)] 402471K->209441K(540160K), 0.0128140 secs] [Times: user=0.02 sys=0.00, real=0.01 secs] 
2024-07-05T00:56:57.522+0800: 526.232: [GC (Allocation Failure) [PSYoungGen: 210352K->16832K(217600K)] 407073K->213617K(540672K), 0.0187566 secs] [Times: user=0.03 sys=0.00, real=0.02 secs] 
2024-07-05T00:56:57.807+0800: 526.518: [GC (Allocation Failure) [PSYoungGen: 214464K->13631K(218112K)] 411249K->210416K(541184K), 0.0142383 secs] [Times: user=0.02 sys=0.00, real=0.01 secs] 
2024-07-05T00:56:58.087+0800: 526.797: [GC (Allocation Failure) [PSYoungGen: 210751K->12368K(209920K)] 407536K->209153K(532992K), 0.0135920 secs] [Times: user=0.02 sys=0.00, real=0.01 secs] 
2024-07-05T00:56:58.368+0800: 527.078: [GC (Allocation Failure) [PSYoungGen: 209488K->13584K(216576K)] 406273K->210433K(539648K), 0.0143639 secs] [Times: user=0.03 sys=0.00, real=0.01 secs] 
2024-07-05T00:56:58.665+0800: 527.376: [GC (Allocation Failure) [PSYoungGen: 210704K->9447K(216576K)] 407553K->206297K(539648K), 0.0095023 secs] [Times: user=0.02 sys=0.00, real=0.02 secs] 
2024-07-05T00:56:58.948+0800: 527.658: [GC (Allocation Failure) [PSYoungGen: 206567K->5344K(218112K)] 403417K->202193K(541184K), 0.0062148 secs] [Times: user=0.01 sys=0.00, real=0.01 secs] 
2024-07-05T00:56:59.222+0800: 527.932: [GC (Allocation Failure) [PSYoungGen: 204000K->11040K(209920K)] 400849K->207953K(532992K), 0.0131703 secs] [Times: user=0.02 sys=0.00, real=0.02 secs] 
2024-07-05T00:56:59.493+0800: 528.203: [GC (Allocation Failure) [PSYoungGen: 209696K->14400K(217600K)] 406609K->211313K(540672K), 0.0140212 secs] [Times: user=0.03 sys=0.00, real=0.02 secs] 
2024-07-05T00:56:59.753+0800: 528.464: [GC (Allocation Failure) [PSYoungGen: 213056K->18192K(217088K)] 409969K->215105K(540160K), 0.0172044 secs] [Times: user=0.04 sys=0.00, real=0.02 secs] 
2024-07-05T00:57:00.030+0800: 528.740: [GC (Allocation Failure) [PSYoungGen: 216848K->19088K(214528K)] 413761K->216041K(537600K), 0.0195253 secs] [Times: user=0.04 sys=0.00, real=0.02 secs] 
2024-07-05T00:57:00.314+0800: 529.024: [GC (Allocation Failure) [PSYoungGen: 212624K->11962K(216064K)] 409577K->208955K(539136K), 0.0116878 secs] [Times: user=0.02 sys=0.00, real=0.00 secs] 
2024-07-05T00:57:00.590+0800: 529.301: [GC (Allocation Failure) [PSYoungGen: 205498K->10272K(214528K)] 402491K->207265K(537600K), 0.0099448 secs] [Times: user=0.02 sys=0.00, real=0.01 secs] 
2024-07-05T00:57:00.860+0800: 529.570: [GC (Allocation Failure) [PSYoungGen: 204320K->8016K(215552K)] 401313K->205041K(538624K), 0.0082368 secs] [Times: user=0.02 sys=0.00, real=0.01 secs] 
2024-07-05T00:57:01.119+0800: 529.830: [GC (Allocation Failure) [PSYoungGen: 202064K->11376K(216064K)] 399089K->208441K(539136K), 0.0118356 secs] [Times: user=0.02 sys=0.00, real=0.01 secs] 
2024-07-05T00:57:01.377+0800: 530.088: [GC (Allocation Failure) [PSYoungGen: 206960K->16640K(216576K)] 404025K->213705K(539648K), 0.0157404 secs] [Times: user=0.03 sys=0.00, real=0.01 secs] 
2024-07-05T00:57:01.658+0800: 530.368: [GC (Allocation Failure) [PSYoungGen: 212224K->13232K(217088K)] 409289K->210297K(540160K), 0.0140018 secs] [Times: user=0.02 sys=0.00, real=0.01 secs] 
2024-07-05T00:57:01.935+0800: 530.646: [GC (Allocation Failure) [PSYoungGen: 209328K->10240K(217088K)] 406393K->207369K(540160K), 0.0098634 secs] [Times: user=0.02 sys=0.00, real=0.00 secs] 
2024-07-05T00:57:02.203+0800: 530.913: [GC (Allocation Failure) [PSYoungGen: 206336K->14336K(217088K)] 403465K->211465K(540160K), 0.0154921 secs] [Times: user=0.03 sys=0.00, real=0.02 secs] 
2024-07-05T00:57:02.477+0800: 531.187: [GC (Allocation Failure) [PSYoungGen: 210944K->13296K(217088K)] 408073K->210425K(540160K), 0.0124302 secs] [Times: user=0.03 sys=0.00, real=0.01 secs] 
2024-07-05T00:57:02.752+0800: 531.463: [GC (Allocation Failure) [PSYoungGen: 209904K->11056K(217600K)] 407033K->208217K(540672K), 0.0114056 secs] [Times: user=0.02 sys=0.00, real=0.01 secs] 
2024-07-05T00:57:03.026+0800: 531.736: [GC (Allocation Failure) [PSYoungGen: 209200K->12208K(217600K)] 406361K->209409K(540672K), 0.0123439 secs] [Times: user=0.02 sys=0.00, real=0.01 secs] 
2024-07-05T00:57:03.286+0800: 531.997: [GC (Allocation Failure) [PSYoungGen: 210352K->15360K(218112K)] 407553K->212561K(541184K), 0.0145853 secs] [Times: user=0.03 sys=0.00, real=0.01 secs] 
2024-07-05T00:57:03.555+0800: 532.265: [GC (Allocation Failure) [PSYoungGen: 214528K->14192K(218624K)] 411729K->211433K(541696K), 0.0132238 secs] [Times: user=0.03 sys=0.00, real=0.01 secs] 
2024-07-05T00:57:03.837+0800: 532.548: [GC (Allocation Failure) [PSYoungGen: 213360K->14209K(218112K)] 410601K->211491K(541184K), 0.0148139 secs] [Times: user=0.03 sys=0.00, real=0.01 secs] 
2024-07-05T00:57:04.154+0800: 532.864: [GC (Allocation Failure) [PSYoungGen: 213889K->12512K(218624K)] 411171K->209794K(541696K), 0.0116852 secs] [Times: user=0.02 sys=0.00, real=0.00 secs] 
2024-07-05T00:57:04.449+0800: 533.160: [GC (Allocation Failure) [PSYoungGen: 212192K->14800K(219136K)] 409474K->212114K(542208K), 0.0163861 secs] [Times: user=0.03 sys=0.00, real=0.01 secs] 
2024-07-05T00:57:04.728+0800: 533.439: [GC (Allocation Failure) [PSYoungGen: 215504K->13504K(219648K)] 412818K->210858K(542720K), 0.0126826 secs] [Times: user=0.03 sys=0.00, real=0.01 secs] 
2024-07-05T00:57:05.003+0800: 533.714: [GC (Allocation Failure) [PSYoungGen: 214208K->14185K(219648K)] 411562K->211539K(542720K), 0.0133536 secs] [Times: user=0.03 sys=0.00, real=0.02 secs] 
2024-07-05T00:57:05.286+0800: 533.996: [GC (Allocation Failure) [PSYoungGen: 215401K->13706K(219648K)] 412755K->211060K(542720K), 0.0134740 secs] [Times: user=0.02 sys=0.00, real=0.01 secs] 
2024-07-05T00:57:05.568+0800: 534.279: [GC (Allocation Failure) [PSYoungGen: 214922K->12959K(219648K)] 412276K->210377K(542720K), 0.0134870 secs] [Times: user=0.02 sys=0.00, real=0.01 secs] 
2024-07-05T00:57:05.866+0800: 534.576: [GC (Allocation Failure) [PSYoungGen: 215199K->13856K(219648K)] 412617K->211274K(542720K), 0.0148095 secs] [Times: user=0.02 sys=0.00, real=0.01 secs] 
2024-07-05T00:57:06.174+0800: 534.884: [GC (Allocation Failure) [PSYoungGen: 216081K->6310K(220160K)] 413499K->203728K(543232K), 0.0091099 secs] [Times: user=0.01 sys=0.00, real=0.00 secs] 
2024-07-05T00:57:06.473+0800: 535.183: [GC (Allocation Failure) [PSYoungGen: 209062K->12864K(220672K)] 406480K->210346K(543744K), 0.0133333 secs] [Times: user=0.02 sys=0.00, real=0.02 secs] 
2024-07-05T00:57:06.752+0800: 535.463: [GC (Allocation Failure) [PSYoungGen: 215616K->11378K(219648K)] 413098K->208860K(542720K), 0.0169193 secs] [Times: user=0.03 sys=0.00, real=0.02 secs] 
2024-07-05T00:57:07.046+0800: 535.757: [GC (Allocation Failure) [PSYoungGen: 214130K->10048K(220160K)] 411612K->207530K(543232K), 0.0107266 secs] [Times: user=0.02 sys=0.00, real=0.01 secs] 
2024-07-05T00:57:07.356+0800: 536.067: [GC (Allocation Failure) [PSYoungGen: 212800K->11904K(220160K)] 410282K->209450K(543232K), 0.0160213 secs] [Times: user=0.02 sys=0.00, real=0.01 secs] 
2024-07-05T00:57:07.643+0800: 536.354: [GC (Allocation Failure) [PSYoungGen: 215680K->14368K(220672K)] 413226K->211914K(543744K), 0.0142378 secs] [Times: user=0.02 sys=0.00, real=0.02 secs] 
2024-07-05T00:57:07.982+0800: 536.692: [GC (Allocation Failure) [PSYoungGen: 218144K->9527K(221184K)] 415690K->207073K(544256K), 0.0089965 secs] [Times: user=0.02 sys=0.00, real=0.01 secs] 
2024-07-05T00:57:08.520+0800: 537.230: [GC (Allocation Failure) [PSYoungGen: 213303K->3776K(207872K)] 410849K->204876K(530944K), 0.0079772 secs] [Times: user=0.01 sys=0.00, real=0.01 secs] 
2024-07-05T00:57:08.855+0800: 537.566: [GC (Allocation Failure) [PSYoungGen: 207552K->16901K(218112K)] 408652K->218346K(541184K), 0.0159410 secs] [Times: user=0.03 sys=0.00, real=0.01 secs] 
2024-07-05T00:57:09.140+0800: 537.851: [GC (Allocation Failure) [PSYoungGen: 216581K->9952K(219136K)] 418026K->214650K(542208K), 0.0120964 secs] [Times: user=0.03 sys=0.00, real=0.01 secs] 
2024-07-05T00:57:09.411+0800: 538.121: [GC (Allocation Failure) [PSYoungGen: 209632K->14352K(219136K)] 414330K->219050K(542208K), 0.0161516 secs] [Times: user=0.03 sys=0.00, real=0.02 secs] 
2024-07-05T00:57:09.680+0800: 538.391: [GC (Allocation Failure) [PSYoungGen: 214032K->17536K(217600K)] 418730K->222234K(540672K), 0.0168683 secs] [Times: user=0.04 sys=0.00, real=0.02 secs] 
2024-07-05T00:57:09.972+0800: 538.682: [GC (Allocation Failure) [PSYoungGen: 217216K->12560K(218624K)] 421914K->217322K(541696K), 0.0124889 secs] [Times: user=0.03 sys=0.00, real=0.01 secs] 
2024-07-05T00:57:10.294+0800: 539.004: [GC (Allocation Failure) [PSYoungGen: 210192K->9760K(217600K)] 414954K->214522K(540672K), 0.0112787 secs] [Times: user=0.02 sys=0.00, real=0.00 secs] 
2024-07-05T00:57:10.582+0800: 539.292: [GC (Allocation Failure) [PSYoungGen: 207392K->13680K(218112K)] 412154K->218442K(541184K), 0.0147055 secs] [Times: user=0.03 sys=0.00, real=0.02 secs] 
2024-07-05T00:57:10.862+0800: 539.572: [GC (Allocation Failure) [PSYoungGen: 211824K->17888K(217600K)] 416586K->222714K(540672K), 0.0171555 secs] [Times: user=0.03 sys=0.00, real=0.02 secs] 
2024-07-05T00:57:11.147+0800: 539.858: [GC (Allocation Failure) [PSYoungGen: 216032K->13152K(218112K)] 420858K->217978K(541184K), 0.0123258 secs] [Times: user=0.02 sys=0.00, real=0.01 secs] 
2024-07-05T00:57:11.446+0800: 540.156: [GC (Allocation Failure) [PSYoungGen: 210272K->10800K(208384K)] 415098K->215626K(531456K), 0.0118750 secs] [Times: user=0.02 sys=0.01, real=0.01 secs] 
2024-07-05T00:57:11.719+0800: 540.430: [GC (Allocation Failure) [PSYoungGen: 207920K->15120K(217088K)] 412746K->219978K(540160K), 0.0149817 secs] [Times: user=0.03 sys=0.00, real=0.02 secs] 
2024-07-05T00:57:11.988+0800: 540.699: [GC (Allocation Failure) [PSYoungGen: 212240K->18688K(217088K)] 417098K->223586K(540160K), 0.0181811 secs] [Times: user=0.04 sys=0.00, real=0.02 secs] 
2024-07-05T00:57:12.279+0800: 540.990: [GC (Allocation Failure) [PSYoungGen: 215808K->13498K(217600K)] 420706K->218396K(540672K), 0.0124575 secs] [Times: user=0.03 sys=0.00, real=0.01 secs] 
2024-07-05T00:57:12.553+0800: 541.264: [GC (Allocation Failure) [PSYoungGen: 209594K->12784K(208896K)] 414492K->217722K(531968K), 0.0127437 secs] [Times: user=0.02 sys=0.00, real=0.02 secs] 
2024-07-05T00:57:12.812+0800: 541.523: [GC (Allocation Failure) [PSYoungGen: 208880K->15408K(215552K)] 413818K->220378K(538624K), 0.0157727 secs] [Times: user=0.03 sys=0.00, real=0.02 secs] 
2024-07-05T00:57:13.082+0800: 541.793: [GC (Allocation Failure) [PSYoungGen: 210992K->13600K(216064K)] 415962K->218570K(539136K), 0.0123396 secs] [Times: user=0.02 sys=0.00, real=0.02 secs] 
2024-07-05T00:57:13.354+0800: 542.064: [GC (Allocation Failure) [PSYoungGen: 209184K->11245K(217600K)] 414154K->216255K(540672K), 0.0110983 secs] [Times: user=0.02 sys=0.00, real=0.00 secs] 
2024-07-05T00:57:13.628+0800: 542.338: [GC (Allocation Failure) [PSYoungGen: 209389K->12576K(217600K)] 414399K->217626K(540672K), 0.0122939 secs] [Times: user=0.02 sys=0.00, real=0.01 secs] 
2024-07-05T00:57:13.917+0800: 542.627: [GC (Allocation Failure) [PSYoungGen: 210720K->4613K(217600K)] 415770K->209663K(540672K), 0.0048344 secs] [Times: user=0.01 sys=0.00, real=0.00 secs] 
2024-07-05T00:57:14.194+0800: 542.904: [GC (Allocation Failure) [PSYoungGen: 203269K->4564K(203264K)] 408319K->209646K(526336K), 0.0057133 secs] [Times: user=0.01 sys=0.00, real=0.00 secs] 
2024-07-05T00:57:14.458+0800: 543.168: [GC (Allocation Failure) [PSYoungGen: 203220K->10928K(218624K)] 408302K->216010K(541696K), 0.0142603 secs] [Times: user=0.02 sys=0.00, real=0.01 secs] 
2024-07-05T00:57:14.725+0800: 543.436: [GC (Allocation Failure) [PSYoungGen: 209072K->14656K(218112K)] 414154K->219778K(541184K), 0.0144802 secs] [Times: user=0.03 sys=0.00, real=0.02 secs] 
2024-07-05T00:57:15.006+0800: 543.716: [GC (Allocation Failure) [PSYoungGen: 212800K->14144K(218112K)] 417922K->219266K(541184K), 0.0137064 secs] [Times: user=0.03 sys=0.00, real=0.02 secs] 
2024-07-05T00:57:15.284+0800: 543.995: [GC (Allocation Failure) [PSYoungGen: 212288K->13584K(218112K)] 417410K->218746K(541184K), 0.0127398 secs] [Times: user=0.02 sys=0.00, real=0.02 secs] 
2024-07-05T00:57:15.567+0800: 544.278: [GC (Allocation Failure) [PSYoungGen: 211728K->12832K(217600K)] 416890K->218034K(540672K), 0.0134660 secs] [Times: user=0.02 sys=0.00, real=0.01 secs] 
2024-07-05T00:57:15.862+0800: 544.572: [GC (Allocation Failure) [PSYoungGen: 211488K->14784K(218112K)] 416690K->219986K(541184K), 0.0148291 secs] [Times: user=0.03 sys=0.00, real=0.02 secs] 
2024-07-05T00:57:16.149+0800: 544.860: [GC (Allocation Failure) [PSYoungGen: 213440K->18528K(216064K)] 418642K->223770K(539136K), 0.0192190 secs] [Times: user=0.04 sys=0.00, real=0.02 secs] 
2024-07-05T00:57:16.433+0800: 545.144: [GC (Allocation Failure) [PSYoungGen: 215136K->14439K(217600K)] 420378K->219722K(540672K), 0.0132779 secs] [Times: user=0.03 sys=0.00, real=0.02 secs] 
2024-07-05T00:57:16.722+0800: 545.432: [GC (Allocation Failure) [PSYoungGen: 211047K->11897K(216576K)] 416330K->217180K(539648K), 0.0111501 secs] [Times: user=0.02 sys=0.00, real=0.01 secs] 
2024-07-05T00:57:17.004+0800: 545.715: [GC (Allocation Failure) [PSYoungGen: 208505K->7452K(217088K)] 413788K->212775K(540160K), 0.0067731 secs] [Times: user=0.01 sys=0.00, real=0.01 secs] 
2024-07-05T00:57:17.283+0800: 545.994: [GC (Allocation Failure) [PSYoungGen: 204060K->7183K(217088K)] 409383K->212545K(540160K), 0.0074175 secs] [Times: user=0.01 sys=0.00, real=0.01 secs] 
2024-07-05T00:57:17.566+0800: 546.276: [GC (Allocation Failure) [PSYoungGen: 203716K->7332K(217600K)] 409079K->212694K(540672K), 0.0112875 secs] [Times: user=0.02 sys=0.00, real=0.01 secs] 
2024-07-05T00:57:17.833+0800: 546.544: [GC (Allocation Failure) [PSYoungGen: 203940K->13536K(216576K)] 409302K->218930K(539648K), 0.0137932 secs] [Times: user=0.02 sys=0.00, real=0.02 secs] 
2024-07-05T00:57:18.098+0800: 546.808: [GC (Allocation Failure) [PSYoungGen: 210144K->17408K(214528K)] 415538K->222802K(537600K), 0.0178403 secs] [Times: user=0.03 sys=0.00, real=0.02 secs] 
2024-07-05T00:57:18.379+0800: 547.089: [GC (Allocation Failure) [PSYoungGen: 214016K->13146K(217600K)] 419410K->218580K(540672K), 0.0120370 secs] [Times: user=0.03 sys=0.00, real=0.01 secs] 
2024-07-05T00:57:18.680+0800: 547.390: [GC (Allocation Failure) [PSYoungGen: 208730K->11440K(207360K)] 414164K->216914K(530432K), 0.0131089 secs] [Times: user=0.03 sys=0.00, real=0.01 secs] 
2024-07-05T00:57:18.943+0800: 547.653: [GC (Allocation Failure) [PSYoungGen: 207024K->16576K(215040K)] 412498K->222050K(538112K), 0.0175305 secs] [Times: user=0.03 sys=0.00, real=0.02 secs] 
2024-07-05T00:57:19.231+0800: 547.941: [GC (Allocation Failure) [PSYoungGen: 211136K->11985K(216064K)] 416610K->217500K(539136K), 0.0129846 secs] [Times: user=0.02 sys=0.00, real=0.01 secs] 
2024-07-05T00:57:19.508+0800: 548.219: [GC (Allocation Failure) [PSYoungGen: 206545K->10144K(217088K)] 412060K->215698K(540160K), 0.0110949 secs] [Times: user=0.02 sys=0.00, real=0.01 secs] 
2024-07-05T00:57:19.801+0800: 548.512: [GC (Allocation Failure) [PSYoungGen: 206752K->8169K(217088K)] 412306K->213724K(540160K), 0.0080892 secs] [Times: user=0.02 sys=0.00, real=0.01 secs] 
2024-07-05T00:57:20.086+0800: 548.797: [GC (Allocation Failure) [PSYoungGen: 204777K->6192K(217088K)] 410332K->211786K(540160K), 0.0082437 secs] [Times: user=0.02 sys=0.00, real=0.01 secs] 
2024-07-05T00:57:20.358+0800: 549.069: [GC (Allocation Failure) [PSYoungGen: 203312K->7712K(217600K)] 408906K->213346K(540672K), 0.0088390 secs] [Times: user=0.01 sys=0.00, real=0.01 secs] 
2024-07-05T00:57:20.626+0800: 549.337: [GC (Allocation Failure) [PSYoungGen: 204832K->12928K(218112K)] 410466K->218562K(541184K), 0.0162463 secs] [Times: user=0.02 sys=0.01, real=0.01 secs] 
2024-07-05T00:57:20.894+0800: 549.604: [GC (Allocation Failure) [PSYoungGen: 211072K->16816K(215040K)] 416706K->222450K(538112K), 0.0181885 secs] [Times: user=0.04 sys=0.00, real=0.01 secs] 
2024-07-05T00:57:21.166+0800: 549.877: [GC (Allocation Failure) [PSYoungGen: 214960K->19008K(213504K)] 420594K->224682K(536576K), 0.0176493 secs] [Times: user=0.04 sys=0.00, real=0.01 secs] 
2024-07-05T00:57:21.442+0800: 550.153: [GC (Allocation Failure) [PSYoungGen: 211520K->13970K(215552K)] 417194K->219685K(538624K), 0.0138191 secs] [Times: user=0.03 sys=0.00, real=0.02 secs] 
2024-07-05T00:57:21.725+0800: 550.435: [GC (Allocation Failure) [PSYoungGen: 206482K->10672K(214016K)] 412197K->216386K(537088K), 0.0102126 secs] [Times: user=0.02 sys=0.00, real=0.02 secs] 
2024-07-05T00:57:21.997+0800: 550.708: [GC (Allocation Failure) [PSYoungGen: 203696K->8112K(215040K)] 409410K->213858K(538112K), 0.0087635 secs] [Times: user=0.01 sys=0.01, real=0.01 secs] 
2024-07-05T00:57:22.268+0800: 550.979: [GC (Allocation Failure) [PSYoungGen: 201136K->11312K(215040K)] 406882K->217099K(538112K), 0.0125372 secs] [Times: user=0.02 sys=0.00, real=0.01 secs] 
2024-07-05T00:57:22.539+0800: 551.249: [GC (Allocation Failure) [PSYoungGen: 206384K->14896K(216064K)] 412171K->220683K(539136K), 0.0163064 secs] [Times: user=0.03 sys=0.00, real=0.02 secs] 
2024-07-05T00:57:22.822+0800: 551.533: [GC (Allocation Failure) [PSYoungGen: 209968K->10082K(216576K)] 415755K->215909K(539648K), 0.0101208 secs] [Times: user=0.02 sys=0.00, real=0.01 secs] 
2024-07-05T00:57:23.098+0800: 551.808: [GC (Allocation Failure) [PSYoungGen: 206690K->8420K(217088K)] 412517K->214287K(540160K), 0.0102938 secs] [Times: user=0.02 sys=0.00, real=0.01 secs] 
2024-07-05T00:57:23.360+0800: 552.071: [GC (Allocation Failure) [PSYoungGen: 205028K->14928K(218112K)] 410895K->220795K(541184K), 0.0153495 secs] [Times: user=0.03 sys=0.00, real=0.02 secs] 
2024-07-05T00:57:23.632+0800: 552.342: [GC (Allocation Failure) [PSYoungGen: 212560K->16048K(214016K)] 418427K->221947K(537088K), 0.0176895 secs] [Times: user=0.03 sys=0.00, real=0.02 secs] 
2024-07-05T00:57:23.925+0800: 552.636: [GC (Allocation Failure) [PSYoungGen: 213680K->11104K(218112K)] 419579K->217003K(541184K), 0.0121198 secs] [Times: user=0.02 sys=0.00, real=0.02 secs] 
2024-07-05T00:57:24.210+0800: 552.920: [GC (Allocation Failure) [PSYoungGen: 207712K->11376K(208384K)] 413611K->217315K(531456K), 0.0156144 secs] [Times: user=0.02 sys=0.00, real=0.01 secs] 
2024-07-05T00:57:24.479+0800: 553.190: [GC (Allocation Failure) [PSYoungGen: 207984K->15856K(216064K)] 413923K->221795K(539136K), 0.0169210 secs] [Times: user=0.03 sys=0.00, real=0.02 secs] 
2024-07-05T00:57:24.769+0800: 553.479: [GC (Allocation Failure) [PSYoungGen: 211952K->17712K(216576K)] 417891K->223691K(539648K), 0.0183843 secs] [Times: user=0.04 sys=0.00, real=0.02 secs] 
2024-07-05T00:57:25.091+0800: 553.802: [GC (Allocation Failure) [PSYoungGen: 213808K->9045K(217088K)] 419787K->215056K(540160K), 0.0104872 secs] [Times: user=0.02 sys=0.00, real=0.01 secs] 
2024-07-05T00:57:25.357+0800: 554.068: [GC (Allocation Failure) [PSYoungGen: 204117K->14128K(216576K)] 410128K->220139K(539648K), 0.0144202 secs] [Times: user=0.03 sys=0.00, real=0.01 secs] 
2024-07-05T00:57:25.622+0800: 554.332: [GC (Allocation Failure) [PSYoungGen: 209200K->15520K(216576K)] 415211K->221563K(539648K), 0.0163877 secs] [Times: user=0.03 sys=0.00, real=0.02 secs] 
2024-07-05T00:57:25.901+0800: 554.612: [GC (Allocation Failure) [PSYoungGen: 210592K->11119K(216576K)] 416635K->217202K(539648K), 0.0115488 secs] [Times: user=0.03 sys=0.00, real=0.01 secs] 
2024-07-05T00:57:26.175+0800: 554.886: [GC (Allocation Failure) [PSYoungGen: 206191K->13552K(216576K)] 412274K->219635K(539648K), 0.0149034 secs] [Times: user=0.03 sys=0.00, real=0.01 secs] 
2024-07-05T00:57:26.437+0800: 555.148: [GC (Allocation Failure) [PSYoungGen: 209648K->17360K(216576K)] 415731K->223483K(539648K), 0.0189580 secs] [Times: user=0.03 sys=0.00, real=0.02 secs] 
2024-07-05T00:57:26.709+0800: 555.420: [GC (Allocation Failure) [PSYoungGen: 213456K->15360K(217088K)] 419579K->221523K(540160K), 0.0139890 secs] [Times: user=0.03 sys=0.00, real=0.01 secs] 
2024-07-05T00:57:26.991+0800: 555.701: [GC (Allocation Failure) [PSYoungGen: 210944K->10960K(206848K)] 417107K->217123K(529920K), 0.0144242 secs] [Times: user=0.03 sys=0.00, real=0.01 secs] 
2024-07-05T00:57:27.271+0800: 555.982: [GC (Allocation Failure) [PSYoungGen: 206544K->13968K(217088K)] 412707K->220163K(540160K), 0.0145032 secs] [Times: user=0.02 sys=0.00, real=0.01 secs] 
2024-07-05T00:57:27.545+0800: 556.256: [GC (Allocation Failure) [PSYoungGen: 210064K->12448K(216576K)] 416259K->218675K(539648K), 0.0116969 secs] [Times: user=0.02 sys=0.00, real=0.02 secs] 
2024-07-05T00:57:27.825+0800: 556.536: [GC (Allocation Failure) [PSYoungGen: 208544K->10157K(217088K)] 414771K->216384K(540160K), 0.0101090 secs] [Times: user=0.02 sys=0.00, real=0.02 secs] 
2024-07-05T00:57:28.091+0800: 556.801: [GC (Allocation Failure) [PSYoungGen: 207277K->14832K(217088K)] 413504K->221059K(540160K), 0.0156241 secs] [Times: user=0.03 sys=0.00, real=0.02 secs] 
2024-07-05T00:57:28.357+0800: 557.068: [GC (Allocation Failure) [PSYoungGen: 211952K->15424K(218624K)] 418179K->221691K(541696K), 0.0146717 secs] [Times: user=0.03 sys=0.00, real=0.01 secs] 
2024-07-05T00:57:28.640+0800: 557.350: [GC (Allocation Failure) [PSYoungGen: 214080K->12330K(211456K)] 420347K->218637K(534528K), 0.0124438 secs] [Times: user=0.02 sys=0.00, real=0.01 secs] 
2024-07-05T00:57:28.915+0800: 557.625: [GC (Allocation Failure) [PSYoungGen: 210986K->10512K(218112K)] 417293K->216819K(541184K), 0.0108068 secs] [Times: user=0.02 sys=0.00, real=0.00 secs] 
2024-07-05T00:57:29.184+0800: 557.895: [GC (Allocation Failure) [PSYoungGen: 209168K->14000K(218112K)] 415475K->220339K(541184K), 0.0145773 secs] [Times: user=0.03 sys=0.00, real=0.02 secs] 
2024-07-05T00:57:29.456+0800: 558.167: [GC (Allocation Failure) [PSYoungGen: 212656K->12864K(217088K)] 418995K->219243K(540160K), 0.0121953 secs] [Times: user=0.02 sys=0.00, real=0.01 secs] 
2024-07-05T00:57:29.742+0800: 558.452: [GC (Allocation Failure) [PSYoungGen: 212544K->9760K(218112K)] 418923K->216139K(541184K), 0.0106059 secs] [Times: user=0.02 sys=0.00, real=0.01 secs] 
2024-07-05T00:57:30.024+0800: 558.735: [GC (Allocation Failure) [PSYoungGen: 209440K->9936K(219648K)] 415819K->216355K(542720K), 0.0105385 secs] [Times: user=0.02 sys=0.00, real=0.02 secs] 
2024-07-05T00:57:30.298+0800: 559.009: [GC (Allocation Failure) [PSYoungGen: 211152K->12576K(219648K)] 417571K->219027K(542720K), 0.0126443 secs] [Times: user=0.02 sys=0.00, real=0.01 secs] 
2024-07-05T00:57:30.573+0800: 559.283: [GC (Allocation Failure) [PSYoungGen: 213792K->15632K(218624K)] 420243K->222083K(541696K), 0.0160055 secs] [Times: user=0.03 sys=0.00, real=0.02 secs] 
2024-07-05T00:57:30.848+0800: 559.559: [GC (Allocation Failure) [PSYoungGen: 216336K->18160K(219136K)] 422787K->224651K(542208K), 0.0170893 secs] [Times: user=0.03 sys=0.00, real=0.01 secs] 
2024-07-05T00:57:31.125+0800: 559.835: [GC (Allocation Failure) [PSYoungGen: 218864K->18720K(215040K)] 425355K->225251K(538112K), 0.0183202 secs] [Times: user=0.04 sys=0.00, real=0.02 secs] 
2024-07-05T00:57:31.413+0800: 560.124: [GC (Allocation Failure) [PSYoungGen: 214304K->13391K(217088K)] 420835K->219922K(540160K), 0.0157915 secs] [Times: user=0.03 sys=0.00, real=0.02 secs] 
2024-07-05T00:57:31.692+0800: 560.403: [GC (Allocation Failure) [PSYoungGen: 208975K->13328K(214528K)] 415506K->219891K(537600K), 0.0141549 secs] [Times: user=0.03 sys=0.00, real=0.02 secs] 
2024-07-05T00:57:31.985+0800: 560.695: [GC (Allocation Failure) [PSYoungGen: 209424K->10592K(216064K)] 415987K->217187K(539136K), 0.0104380 secs] [Times: user=0.02 sys=0.00, real=0.02 secs] 
2024-07-05T00:57:32.266+0800: 560.977: [GC (Allocation Failure) [PSYoungGen: 206688K->9788K(218624K)] 413283K->216383K(541696K), 0.0097017 secs] [Times: user=0.02 sys=0.00, real=0.01 secs] 
2024-07-05T00:57:32.539+0800: 561.250: [GC (Allocation Failure) [PSYoungGen: 208444K->12784K(211456K)] 415039K->219379K(534528K), 0.0130924 secs] [Times: user=0.03 sys=0.00, real=0.01 secs] 
2024-07-05T00:57:32.810+0800: 561.520: [GC (Allocation Failure) [PSYoungGen: 211440K->15312K(217600K)] 418035K->221947K(540672K), 0.0164541 secs] [Times: user=0.03 sys=0.00, real=0.02 secs] 
2024-07-05T00:57:33.084+0800: 561.795: [GC (Allocation Failure) [PSYoungGen: 213456K->14080K(218112K)] 420091K->220755K(541184K), 0.0136818 secs] [Times: user=0.02 sys=0.00, real=0.02 secs] 
2024-07-05T00:57:33.358+0800: 562.068: [GC (Allocation Failure) [PSYoungGen: 212224K->11887K(217600K)] 418899K->218562K(540672K), 0.0128896 secs] [Times: user=0.02 sys=0.00, real=0.01 secs] 
2024-07-05T00:57:33.634+0800: 562.345: [GC (Allocation Failure) [PSYoungGen: 211055K->9861K(218112K)] 417730K->216576K(541184K), 0.0105609 secs] [Times: user=0.02 sys=0.00, real=0.00 secs] 
2024-07-05T00:57:33.900+0800: 562.611: [GC (Allocation Failure) [PSYoungGen: 209029K->14736K(219648K)] 415744K->221491K(542720K), 0.0154185 secs] [Times: user=0.03 sys=0.00, real=0.02 secs] 
2024-07-05T00:57:34.175+0800: 562.886: [GC (Allocation Failure) [PSYoungGen: 215440K->13280K(214016K)] 422195K->220035K(537088K), 0.0120965 secs] [Times: user=0.02 sys=0.00, real=0.01 secs] 
2024-07-05T00:57:34.452+0800: 563.162: [GC (Allocation Failure) [PSYoungGen: 213984K->11725K(219136K)] 420739K->218521K(542208K), 0.0113080 secs] [Times: user=0.02 sys=0.00, real=0.01 secs] 
2024-07-05T00:57:34.730+0800: 563.440: [GC (Allocation Failure) [PSYoungGen: 212429K->9328K(219136K)] 419225K->216163K(542208K), 0.0112088 secs] [Times: user=0.02 sys=0.00, real=0.01 secs] 
2024-07-05T00:57:35.000+0800: 563.711: [GC (Allocation Failure) [PSYoungGen: 210032K->13056K(219136K)] 416867K->219891K(542208K), 0.0138819 secs] [Times: user=0.03 sys=0.00, real=0.02 secs] 
2024-07-05T00:57:35.278+0800: 563.988: [GC (Allocation Failure) [PSYoungGen: 214784K->15280K(219648K)] 421619K->222155K(542720K), 0.0177038 secs] [Times: user=0.03 sys=0.00, real=0.02 secs] 
2024-07-05T00:57:35.557+0800: 564.268: [GC (Allocation Failure) [PSYoungGen: 217008K->14320K(220160K)] 423883K->221235K(543232K), 0.0136202 secs] [Times: user=0.02 sys=0.00, real=0.01 secs] 
2024-07-05T00:57:35.838+0800: 564.549: [GC (Allocation Failure) [PSYoungGen: 216048K->13600K(220160K)] 422963K->220516K(543232K), 0.0123741 secs] [Times: user=0.03 sys=0.00, real=0.01 secs] 
2024-07-05T00:57:36.117+0800: 564.828: [GC (Allocation Failure) [PSYoungGen: 215328K->13906K(219136K)] 422244K->220854K(542208K), 0.0131721 secs] [Times: user=0.03 sys=0.00, real=0.01 secs] 
2024-07-05T00:57:36.403+0800: 565.113: [GC (Allocation Failure) [PSYoungGen: 215634K->9973K(219648K)] 422582K->216961K(542720K), 0.0100676 secs] [Times: user=0.02 sys=0.00, real=0.01 secs] 
2024-07-05T00:57:36.684+0800: 565.394: [GC (Allocation Failure) [PSYoungGen: 211701K->15200K(219648K)] 418689K->222188K(542720K), 0.0164074 secs] [Times: user=0.03 sys=0.00, real=0.02 secs] 
2024-07-05T00:57:36.959+0800: 565.670: [GC (Allocation Failure) [PSYoungGen: 216928K->16800K(218624K)] 423916K->223788K(541696K), 0.0172328 secs] [Times: user=0.03 sys=0.00, real=0.02 secs] 
2024-07-05T00:57:37.249+0800: 565.960: [GC (Allocation Failure) [PSYoungGen: 218528K->19152K(216064K)] 425516K->226204K(539136K), 0.0190703 secs] [Times: user=0.03 sys=0.01, real=0.02 secs] 
2024-07-05T00:57:37.542+0800: 566.252: [GC (Allocation Failure) [PSYoungGen: 215760K->13504K(217600K)] 422812K->220556K(540672K), 0.0122371 secs] [Times: user=0.02 sys=0.00, real=0.02 secs] 
2024-07-05T00:57:37.832+0800: 566.543: [GC (Allocation Failure) [PSYoungGen: 210112K->9151K(217088K)] 417164K->216204K(540160K), 0.0092786 secs] [Times: user=0.01 sys=0.00, real=0.01 secs] 
2024-07-05T00:57:38.120+0800: 566.831: [GC (Allocation Failure) [PSYoungGen: 206271K->8269K(217600K)] 413324K->215386K(540672K), 0.0088791 secs] [Times: user=0.02 sys=0.00, real=0.01 secs] 
2024-07-05T00:57:38.396+0800: 567.107: [GC (Allocation Failure) [PSYoungGen: 205389K->5504K(216064K)] 412506K->212620K(539136K), 0.0075873 secs] [Times: user=0.01 sys=0.00, real=0.00 secs] 
2024-07-05T00:57:38.674+0800: 567.384: [GC (Allocation Failure) [PSYoungGen: 201088K->11552K(217088K)] 408204K->218668K(540160K), 0.0124583 secs] [Times: user=0.03 sys=0.00, real=0.01 secs] 
2024-07-05T00:57:38.935+0800: 567.646: [GC (Allocation Failure) [PSYoungGen: 207136K->16496K(216064K)] 414252K->223652K(539136K), 0.0158968 secs] [Times: user=0.03 sys=0.00, real=0.01 secs] 
2024-07-05T00:57:39.206+0800: 567.917: [GC (Allocation Failure) [PSYoungGen: 212080K->15584K(217088K)] 419236K->222780K(540160K), 0.0147518 secs] [Times: user=0.02 sys=0.00, real=0.01 secs] 
2024-07-05T00:57:39.486+0800: 568.196: [GC (Allocation Failure) [PSYoungGen: 211168K->13551K(216064K)] 418364K->220747K(539136K), 0.0137399 secs] [Times: user=0.03 sys=0.00, real=0.01 secs] 
2024-07-05T00:57:39.761+0800: 568.472: [GC (Allocation Failure) [PSYoungGen: 209135K->11680K(216576K)] 416331K->218908K(539648K), 0.0111534 secs] [Times: user=0.02 sys=0.00, real=0.01 secs] 
2024-07-05T00:57:40.031+0800: 568.742: [GC (Allocation Failure) [PSYoungGen: 207264K->8434K(217600K)] 414492K->215695K(540672K), 0.0086281 secs] [Times: user=0.02 sys=0.00, real=0.01 secs] 
2024-07-05T00:57:40.305+0800: 569.016: [GC (Allocation Failure) [PSYoungGen: 205554K->5952K(217600K)] 412815K->213212K(540672K), 0.0065169 secs] [Times: user=0.02 sys=0.00, real=0.01 secs] 
2024-07-05T00:57:40.562+0800: 569.272: [GC (Allocation Failure) [PSYoungGen: 203072K->12640K(217088K)] 410332K->219900K(540160K), 0.0150836 secs] [Times: user=0.02 sys=0.00, real=0.02 secs] 
2024-07-05T00:57:40.822+0800: 569.532: [GC (Allocation Failure) [PSYoungGen: 210272K->16640K(217600K)] 417532K->223964K(540672K), 0.0168929 secs] [Times: user=0.03 sys=0.00, real=0.02 secs] 
2024-07-05T00:57:41.094+0800: 569.804: [GC (Allocation Failure) [PSYoungGen: 214272K->17856K(214528K)] 421596K->225180K(537600K), 0.0183547 secs] [Times: user=0.03 sys=0.00, real=0.01 secs] 
2024-07-05T00:57:41.371+0800: 570.082: [GC (Allocation Failure) [PSYoungGen: 211392K->14249K(216064K)] 418716K->221574K(539136K), 0.0132077 secs] [Times: user=0.03 sys=0.00, real=0.01 secs] 
2024-07-05T00:57:41.649+0800: 570.359: [GC (Allocation Failure) [PSYoungGen: 207785K->7460K(215552K)] 415110K->214852K(538624K), 0.0072012 secs] [Times: user=0.01 sys=0.00, real=0.01 secs] 
2024-07-05T00:57:41.921+0800: 570.631: [GC (Allocation Failure) [PSYoungGen: 201508K->6896K(216064K)] 408900K->214288K(539136K), 0.0072891 secs] [Times: user=0.02 sys=0.00, real=0.01 secs] 
2024-07-05T00:57:42.190+0800: 570.901: [GC (Allocation Failure) [PSYoungGen: 200944K->9936K(215552K)] 408336K->217328K(538624K), 0.0128479 secs] [Times: user=0.02 sys=0.00, real=0.01 secs] 
2024-07-05T00:57:42.444+0800: 571.155: [GC (Allocation Failure) [PSYoungGen: 204496K->15232K(216064K)] 411888K->222664K(539136K), 0.0149587 secs] [Times: user=0.03 sys=0.00, real=0.02 secs] 
2024-07-05T00:57:42.702+0800: 571.412: [GC (Allocation Failure) [PSYoungGen: 209792K->18416K(214016K)] 417224K->225888K(537088K), 0.0174421 secs] [Times: user=0.03 sys=0.00, real=0.02 secs] 
2024-07-05T00:57:42.986+0800: 571.696: [GC (Allocation Failure) [PSYoungGen: 210928K->12896K(215552K)] 418400K->220368K(538624K), 0.0114499 secs] [Times: user=0.02 sys=0.00, real=0.01 secs] 
2024-07-05T00:57:43.264+0800: 571.975: [GC (Allocation Failure) [PSYoungGen: 205408K->6943K(215040K)] 412880K->214447K(538112K), 0.0065382 secs] [Times: user=0.01 sys=0.00, real=0.01 secs] 
2024-07-05T00:57:43.540+0800: 572.251: [GC (Allocation Failure) [PSYoungGen: 200479K->5056K(215552K)] 407983K->212600K(538624K), 0.0065312 secs] [Times: user=0.01 sys=0.00, real=0.01 secs] 
2024-07-05T00:57:43.801+0800: 572.511: [GC (Allocation Failure) [PSYoungGen: 198592K->11264K(215040K)] 406136K->218808K(538112K), 0.0133253 secs] [Times: user=0.03 sys=0.00, real=0.02 secs] 
2024-07-05T00:57:44.066+0800: 572.776: [GC (Allocation Failure) [PSYoungGen: 205312K->16592K(215552K)] 412856K->224136K(538624K), 0.0158559 secs] [Times: user=0.04 sys=0.00, real=0.01 secs] 
2024-07-05T00:57:44.330+0800: 573.040: [GC (Allocation Failure) [PSYoungGen: 210640K->16000K(215040K)] 418184K->223608K(538112K), 0.0148238 secs] [Times: user=0.03 sys=0.00, real=0.01 secs] 
2024-07-05T00:57:44.605+0800: 573.316: [GC (Allocation Failure) [PSYoungGen: 208512K->12245K(204800K)] 416120K->219854K(527872K), 0.0136219 secs] [Times: user=0.03 sys=0.00, real=0.02 secs] 
2024-07-05T00:57:44.877+0800: 573.587: [GC (Allocation Failure) [PSYoungGen: 204757K->10272K(215552K)] 412366K->217880K(538624K), 0.0105819 secs] [Times: user=0.02 sys=0.00, real=0.01 secs] 
2024-07-05T00:57:45.150+0800: 573.860: [GC (Allocation Failure) [PSYoungGen: 203808K->7840K(215040K)] 411416K->215512K(538112K), 0.0092710 secs] [Times: user=0.01 sys=0.00, real=0.01 secs] 
2024-07-05T00:57:45.411+0800: 574.122: [GC (Allocation Failure) [PSYoungGen: 201376K->12640K(216576K)] 409048K->220312K(539648K), 0.0140353 secs] [Times: user=0.02 sys=0.00, real=0.01 secs] 
2024-07-05T00:57:45.668+0800: 574.378: [GC (Allocation Failure) [PSYoungGen: 208224K->17216K(216064K)] 415896K->224888K(539136K), 0.0167417 secs] [Times: user=0.04 sys=0.00, real=0.01 secs] 
2024-07-05T00:57:45.936+0800: 574.647: [GC (Allocation Failure) [PSYoungGen: 212800K->15840K(216064K)] 420472K->223544K(539136K), 0.0143304 secs] [Times: user=0.03 sys=0.00, real=0.01 secs] 
2024-07-05T00:57:46.217+0800: 574.928: [GC (Allocation Failure) [PSYoungGen: 210400K->11661K(216576K)] 418104K->219406K(539648K), 0.0115993 secs] [Times: user=0.02 sys=0.00, real=0.01 secs] 
2024-07-05T00:57:46.488+0800: 575.198: [GC (Allocation Failure) [PSYoungGen: 206221K->13744K(215552K)] 413966K->221488K(538624K), 0.0142898 secs] [Times: user=0.03 sys=0.00, real=0.01 secs] 
2024-07-05T00:57:46.761+0800: 575.472: [GC (Allocation Failure) [PSYoungGen: 208816K->12161K(216064K)] 416560K->219906K(539136K), 0.0114657 secs] [Times: user=0.02 sys=0.00, real=0.01 secs] 
2024-07-05T00:57:47.034+0800: 575.745: [GC (Allocation Failure) [PSYoungGen: 207233K->8608K(217088K)] 414978K->216416K(540160K), 0.0093264 secs] [Times: user=0.02 sys=0.00, real=0.00 secs] 
2024-07-05T00:57:47.306+0800: 576.017: [GC (Allocation Failure) [PSYoungGen: 205728K->14784K(217088K)] 413536K->222592K(540160K), 0.0144208 secs] [Times: user=0.02 sys=0.00, real=0.01 secs] 
2024-07-05T00:57:47.574+0800: 576.284: [GC (Allocation Failure) [PSYoungGen: 211904K->14464K(218112K)] 419712K->222272K(541184K), 0.0143913 secs] [Times: user=0.02 sys=0.00, real=0.01 secs] 
2024-07-05T00:57:47.853+0800: 576.564: [GC (Allocation Failure) [PSYoungGen: 212096K->11744K(209408K)] 419904K->219616K(532480K), 0.0110624 secs] [Times: user=0.02 sys=0.00, real=0.01 secs] 
2024-07-05T00:57:48.130+0800: 576.840: [GC (Allocation Failure) [PSYoungGen: 209376K->12176K(218624K)] 417248K->220048K(541696K), 0.0126030 secs] [Times: user=0.03 sys=0.00, real=0.01 secs] 
2024-07-05T00:57:48.393+0800: 577.104: [GC (Allocation Failure) [PSYoungGen: 210832K->15744K(217600K)] 418704K->223616K(540672K), 0.0154462 secs] [Times: user=0.03 sys=0.00, real=0.02 secs] 
2024-07-05T00:57:48.671+0800: 577.382: [GC (Allocation Failure) [PSYoungGen: 214400K->12969K(219136K)] 422272K->220910K(542208K), 0.0134187 secs] [Times: user=0.02 sys=0.00, real=0.01 secs] 
2024-07-05T00:57:48.957+0800: 577.668: [GC (Allocation Failure) [PSYoungGen: 213161K->10208K(219136K)] 421102K->218148K(542208K), 0.0101710 secs] [Times: user=0.02 sys=0.00, real=0.01 secs] 
2024-07-05T00:57:49.236+0800: 577.947: [GC (Allocation Failure) [PSYoungGen: 210400K->11360K(218624K)] 418340K->219300K(541696K), 0.0119147 secs] [Times: user=0.02 sys=0.00, real=0.01 secs] 
2024-07-05T00:57:49.508+0800: 578.219: [GC (Allocation Failure) [PSYoungGen: 212064K->14304K(219136K)] 420004K->222285K(542208K), 0.0153077 secs] [Times: user=0.03 sys=0.00, real=0.01 secs] 
2024-07-05T00:57:49.780+0800: 578.490: [GC (Allocation Failure) [PSYoungGen: 215008K->17344K(217088K)] 422989K->225357K(540160K), 0.0168971 secs] [Times: user=0.03 sys=0.00, real=0.02 secs] 
2024-07-05T00:57:50.054+0800: 578.764: [GC (Allocation Failure) [PSYoungGen: 216000K->15632K(218624K)] 424013K->223644K(541696K), 0.0151600 secs] [Times: user=0.03 sys=0.00, real=0.01 secs] 
2024-07-05T00:57:50.337+0800: 579.047: [GC (Allocation Failure) [PSYoungGen: 214288K->14082K(217600K)] 422300K->222127K(540672K), 0.0136561 secs] [Times: user=0.02 sys=0.00, real=0.01 secs] 
2024-07-05T00:57:50.621+0800: 579.331: [GC (Allocation Failure) [PSYoungGen: 212738K->9982K(218112K)] 420783K->218067K(541184K), 0.0095502 secs] [Times: user=0.02 sys=0.00, real=0.01 secs] 
2024-07-05T00:57:50.912+0800: 579.622: [GC (Allocation Failure) [PSYoungGen: 208638K->5853K(217088K)] 416723K->213938K(540160K), 0.0056357 secs] [Times: user=0.01 sys=0.00, real=0.01 secs] 
2024-07-05T00:57:51.192+0800: 579.903: [GC (Allocation Failure) [PSYoungGen: 203485K->5360K(218112K)] 411570K->213477K(541184K), 0.0069174 secs] [Times: user=0.02 sys=0.00, real=0.01 secs] 
2024-07-05T00:57:51.458+0800: 580.168: [GC (Allocation Failure) [PSYoungGen: 202992K->9760K(217088K)] 411109K->217917K(540160K), 0.0103905 secs] [Times: user=0.02 sys=0.00, real=0.01 secs] 
2024-07-05T00:57:51.725+0800: 580.435: [GC (Allocation Failure) [PSYoungGen: 207392K->14112K(217600K)] 415549K->222269K(540672K), 0.0146013 secs] [Times: user=0.03 sys=0.00, real=0.02 secs] 
2024-07-05T00:57:51.995+0800: 580.705: [GC (Allocation Failure) [PSYoungGen: 211744K->18272K(215040K)] 419901K->226429K(538112K), 0.0179442 secs] [Times: user=0.04 sys=0.00, real=0.01 secs] 
2024-07-05T00:57:52.275+0800: 580.985: [GC (Allocation Failure) [PSYoungGen: 212832K->16176K(210944K)] 420989K->224397K(534016K), 0.0150836 secs] [Times: user=0.03 sys=0.00, real=0.01 secs] 
2024-07-05T00:57:52.570+0800: 581.280: [GC (Allocation Failure) [PSYoungGen: 210736K->10418K(216576K)] 418957K->218639K(539648K), 0.0108214 secs] [Times: user=0.02 sys=0.00, real=0.01 secs] 
2024-07-05T00:57:52.851+0800: 581.562: [GC (Allocation Failure) [PSYoungGen: 204466K->8880K(203264K)] 412687K->217101K(526336K), 0.0089967 secs] [Times: user=0.02 sys=0.00, real=0.01 secs] 
2024-07-05T00:57:53.130+0800: 581.841: [GC (Allocation Failure) [PSYoungGen: 202928K->10432K(216064K)] 411149K->218717K(539136K), 0.0136316 secs] [Times: user=0.02 sys=0.00, real=0.01 secs] 
2024-07-05T00:57:53.402+0800: 582.113: [GC (Allocation Failure) [PSYoungGen: 204992K->13248K(215552K)] 413277K->221533K(538624K), 0.0134648 secs] [Times: user=0.03 sys=0.00, real=0.02 secs] 
2024-07-05T00:57:53.686+0800: 582.396: [GC (Allocation Failure) [PSYoungGen: 207808K->10304K(217088K)] 416093K->218589K(540160K), 0.0112609 secs] [Times: user=0.02 sys=0.00, real=0.01 secs] 
2024-07-05T00:57:53.967+0800: 582.678: [GC (Allocation Failure) [PSYoungGen: 206912K->7477K(216576K)] 415197K->215794K(539648K), 0.0079003 secs] [Times: user=0.02 sys=0.00, real=0.01 secs] 
2024-07-05T00:57:54.238+0800: 582.949: [GC (Allocation Failure) [PSYoungGen: 204085K->11440K(217088K)] 412402K->219797K(540160K), 0.0145817 secs] [Times: user=0.03 sys=0.00, real=0.01 secs] 
2024-07-05T00:57:54.511+0800: 583.221: [GC (Allocation Failure) [PSYoungGen: 210096K->14848K(217600K)] 418453K->223205K(540672K), 0.0147106 secs] [Times: user=0.03 sys=0.00, real=0.01 secs] 
2024-07-05T00:57:54.786+0800: 583.496: [GC (Allocation Failure) [PSYoungGen: 213504K->18272K(215040K)] 421861K->226629K(538112K), 0.0175432 secs] [Times: user=0.04 sys=0.00, real=0.02 secs] 
2024-07-05T00:57:55.072+0800: 583.783: [GC (Allocation Failure) [PSYoungGen: 213856K->13194K(217088K)] 422213K->221615K(540160K), 0.0121938 secs] [Times: user=0.02 sys=0.00, real=0.01 secs] 
2024-07-05T00:57:55.353+0800: 584.064: [GC (Allocation Failure) [PSYoungGen: 208778K->12912K(215040K)] 417199K->221333K(538112K), 0.0135591 secs] [Times: user=0.03 sys=0.00, real=0.02 secs] 
2024-07-05T00:57:55.622+0800: 584.333: [GC (Allocation Failure) [PSYoungGen: 209520K->16544K(216576K)] 417941K->224965K(539648K), 0.0158989 secs] [Times: user=0.03 sys=0.00, real=0.02 secs] 
2024-07-05T00:57:55.898+0800: 584.608: [GC (Allocation Failure) [PSYoungGen: 213055K->14745K(218112K)] 421476K->223235K(541184K), 0.0154108 secs] [Times: user=0.03 sys=0.00, real=0.01 secs] 
2024-07-05T00:57:56.181+0800: 584.892: [GC (Allocation Failure) [PSYoungGen: 211865K->11646K(217600K)] 420355K->220136K(540672K), 0.0110583 secs] [Times: user=0.02 sys=0.00, real=0.01 secs] 
2024-07-05T00:57:56.453+0800: 585.163: [GC (Allocation Failure) [PSYoungGen: 208766K->13600K(217600K)] 417256K->222089K(540672K), 0.0134425 secs] [Times: user=0.02 sys=0.00, real=0.02 secs] 
2024-07-05T00:57:56.721+0800: 585.432: [GC (Allocation Failure) [PSYoungGen: 211232K->12944K(217600K)] 419721K->221497K(540672K), 0.0120814 secs] [Times: user=0.03 sys=0.00, real=0.01 secs] 
2024-07-05T00:57:56.998+0800: 585.708: [GC (Allocation Failure) [PSYoungGen: 210576K->11370K(217600K)] 419129K->219923K(540672K), 0.0134635 secs] [Times: user=0.02 sys=0.00, real=0.01 secs] 
2024-07-05T00:57:57.295+0800: 586.006: [GC (Allocation Failure) [PSYoungGen: 210026K->8464K(217600K)] 418579K->217017K(540672K), 0.0088194 secs] [Times: user=0.02 sys=0.00, real=0.00 secs] 
2024-07-05T00:57:57.556+0800: 586.266: [GC (Allocation Failure) [PSYoungGen: 207120K->14272K(219648K)] 415673K->222889K(542720K), 0.0149949 secs] [Times: user=0.02 sys=0.00, real=0.01 secs] 
2024-07-05T00:57:57.858+0800: 586.568: [GC (Allocation Failure) [PSYoungGen: 214976K->10672K(219648K)] 423593K->219289K(542720K), 0.0130730 secs] [Times: user=0.02 sys=0.00, real=0.01 secs] 
2024-07-05T00:57:58.145+0800: 586.856: [GC (Allocation Failure) [PSYoungGen: 211376K->11408K(218624K)] 419993K->220025K(541696K), 0.0111918 secs] [Times: user=0.02 sys=0.00, real=0.02 secs] 
2024-07-05T00:57:58.425+0800: 587.136: [GC (Allocation Failure) [PSYoungGen: 212112K->10896K(219136K)] 420729K->219553K(542208K), 0.0109060 secs] [Times: user=0.02 sys=0.00, real=0.02 secs] 
2024-07-05T00:57:58.710+0800: 587.420: [GC (Allocation Failure) [PSYoungGen: 211600K->9632K(220160K)] 420257K->218329K(543232K), 0.0110613 secs] [Times: user=0.02 sys=0.00, real=0.01 secs] 
2024-07-05T00:57:58.984+0800: 587.695: [GC (Allocation Failure) [PSYoungGen: 211872K->13856K(220160K)] 420569K->222553K(543232K), 0.0141319 secs] [Times: user=0.03 sys=0.00, real=0.02 secs] 
2024-07-05T00:57:59.261+0800: 587.971: [GC (Allocation Failure) [PSYoungGen: 216096K->14080K(219648K)] 424793K->222777K(542720K), 0.0145368 secs] [Times: user=0.02 sys=0.00, real=0.02 secs] 
2024-07-05T00:57:59.540+0800: 588.250: [GC (Allocation Failure) [PSYoungGen: 215808K->12471K(220160K)] 424505K->221232K(543232K), 0.0132739 secs] [Times: user=0.02 sys=0.00, real=0.01 secs] 
2024-07-05T00:57:59.828+0800: 588.539: [GC (Allocation Failure) [PSYoungGen: 214199K->10998K(219136K)] 422960K->219760K(542208K), 0.0150177 secs] [Times: user=0.03 sys=0.00, real=0.01 secs] 
2024-07-05T00:58:00.111+0800: 588.821: [GC (Allocation Failure) [PSYoungGen: 213238K->8663K(219648K)] 422000K->217424K(542720K), 0.0092018 secs] [Times: user=0.01 sys=0.00, real=0.01 secs] 
2024-07-05T00:58:00.396+0800: 589.107: [GC (Allocation Failure) [PSYoungGen: 210903K->13024K(221184K)] 419664K->221849K(544256K), 0.0131092 secs] [Times: user=0.02 sys=0.00, real=0.01 secs] 
2024-07-05T00:58:00.676+0800: 589.387: [GC (Allocation Failure) [PSYoungGen: 216800K->15568K(219648K)] 425625K->224393K(542720K), 0.0182484 secs] [Times: user=0.03 sys=0.00, real=0.02 secs] 
2024-07-05T00:58:00.963+0800: 589.674: [GC (Allocation Failure) [PSYoungGen: 219344K->14240K(220160K)] 428169K->223065K(543232K), 0.0152235 secs] [Times: user=0.03 sys=0.00, real=0.02 secs] 
2024-07-05T00:58:01.266+0800: 589.976: [GC (Allocation Failure) [PSYoungGen: 215968K->9878K(220160K)] 424793K->218768K(543232K), 0.0096643 secs] [Times: user=0.02 sys=0.00, real=0.01 secs] 
2024-07-05T00:58:01.550+0800: 590.260: [GC (Allocation Failure) [PSYoungGen: 211606K->7349K(220160K)] 420496K->216239K(543232K), 0.0100490 secs] [Times: user=0.01 sys=0.00, real=0.01 secs] 
2024-07-05T00:58:01.836+0800: 590.547: [GC (Allocation Failure) [PSYoungGen: 209077K->11008K(212992K)] 417967K->219897K(536064K), 0.0120467 secs] [Times: user=0.02 sys=0.00, real=0.01 secs] 
2024-07-05T00:58:02.118+0800: 590.829: [GC (Allocation Failure) [PSYoungGen: 212736K->13600K(219648K)] 421625K->222553K(542720K), 0.0142769 secs] [Times: user=0.02 sys=0.00, real=0.01 secs] 
2024-07-05T00:58:02.393+0800: 591.104: [GC (Allocation Failure) [PSYoungGen: 215328K->16640K(218624K)] 424281K->225593K(541696K), 0.0157305 secs] [Times: user=0.03 sys=0.00, real=0.02 secs] 
2024-07-05T00:58:02.671+0800: 591.381: [GC (Allocation Failure) [PSYoungGen: 218368K->18864K(216064K)] 427321K->227817K(539136K), 0.0198736 secs] [Times: user=0.04 sys=0.00, real=0.02 secs] 
2024-07-05T00:58:02.960+0800: 591.670: [GC (Allocation Failure) [PSYoungGen: 215472K->14768K(217600K)] 424425K->223785K(540672K), 0.0138538 secs] [Times: user=0.02 sys=0.00, real=0.01 secs] 
2024-07-05T00:58:03.239+0800: 591.950: [GC (Allocation Failure) [PSYoungGen: 211376K->11413K(216576K)] 420393K->220431K(539648K), 0.0110818 secs] [Times: user=0.02 sys=0.00, real=0.01 secs] 
2024-07-05T00:58:03.507+0800: 592.217: [GC (Allocation Failure) [PSYoungGen: 208021K->11296K(217088K)] 417039K->220313K(540160K), 0.0109614 secs] [Times: user=0.02 sys=0.00, real=0.01 secs] 
2024-07-05T00:58:03.786+0800: 592.496: [GC (Allocation Failure) [PSYoungGen: 207904K->11082K(217088K)] 416921K->220139K(540160K), 0.0149531 secs] [Times: user=0.03 sys=0.00, real=0.01 secs] 
2024-07-05T00:58:04.079+0800: 592.790: [GC (Allocation Failure) [PSYoungGen: 209226K->9872K(217600K)] 418283K->218970K(540672K), 0.0115617 secs] [Times: user=0.02 sys=0.00, real=0.01 secs] 
2024-07-05T00:58:04.347+0800: 593.058: [GC (Allocation Failure) [PSYoungGen: 208016K->12992K(218112K)] 417114K->222090K(541184K), 0.0128165 secs] [Times: user=0.03 sys=0.00, real=0.01 secs] 
2024-07-05T00:58:04.606+0800: 593.317: [GC (Allocation Failure) [PSYoungGen: 212672K->16912K(218624K)] 421770K->226010K(541696K), 0.0160552 secs] [Times: user=0.03 sys=0.00, real=0.01 secs] 
2024-07-05T00:58:04.877+0800: 593.587: [GC (Allocation Failure) [PSYoungGen: 216592K->18928K(215552K)] 425690K->228090K(538624K), 0.0181435 secs] [Times: user=0.04 sys=0.00, real=0.02 secs] 
2024-07-05T00:58:05.158+0800: 593.869: [GC (Allocation Failure) [PSYoungGen: 214512K->14954K(217088K)] 423674K->224116K(540160K), 0.0137268 secs] [Times: user=0.03 sys=0.00, real=0.01 secs] 
2024-07-05T00:58:05.437+0800: 594.148: [GC (Allocation Failure) [PSYoungGen: 210538K->8816K(217088K)] 419700K->217978K(540160K), 0.0085034 secs] [Times: user=0.02 sys=0.00, real=0.01 secs] 
2024-07-05T00:58:05.726+0800: 594.437: [GC (Allocation Failure) [PSYoungGen: 204400K->3903K(199680K)] 413562K->213129K(522752K), 0.0040517 secs] [Times: user=0.00 sys=0.00, real=0.00 secs] 
2024-07-05T00:58:05.991+0800: 594.701: [GC (Allocation Failure) [PSYoungGen: 199487K->7664K(216576K)] 408713K->216890K(539648K), 0.0098752 secs] [Times: user=0.01 sys=0.00, real=0.01 secs] 
2024-07-05T00:58:06.242+0800: 594.953: [GC (Allocation Failure) [PSYoungGen: 202224K->13264K(207872K)] 411450K->222490K(530944K), 0.0146339 secs] [Times: user=0.03 sys=0.00, real=0.02 secs] 
2024-07-05T00:58:06.494+0800: 595.204: [GC (Allocation Failure) [PSYoungGen: 207824K->18208K(214016K)] 417050K->227498K(537088K), 0.0188799 secs] [Times: user=0.03 sys=0.00, real=0.01 secs] 
2024-07-05T00:58:06.758+0800: 595.469: [GC (Allocation Failure) [PSYoungGen: 210720K->15744K(215552K)] 420010K->225034K(538624K), 0.0146370 secs] [Times: user=0.03 sys=0.00, real=0.01 secs] 
2024-07-05T00:58:07.056+0800: 595.766: [GC (Allocation Failure) [PSYoungGen: 208256K->9550K(214528K)] 417546K->218840K(537600K), 0.0094521 secs] [Times: user=0.01 sys=0.00, real=0.00 secs] 
2024-07-05T00:58:07.335+0800: 596.045: [GC (Allocation Failure) [PSYoungGen: 202062K->8106K(215040K)] 411352K->217464K(538112K), 0.0100686 secs] [Times: user=0.02 sys=0.00, real=0.00 secs] 
2024-07-05T00:58:07.605+0800: 596.315: [GC (Allocation Failure) [PSYoungGen: 200618K->10048K(215040K)] 409976K->219406K(538112K), 0.0111817 secs] [Times: user=0.02 sys=0.00, real=0.02 secs] 
2024-07-05T00:58:07.862+0800: 596.573: [GC (Allocation Failure) [PSYoungGen: 203584K->15072K(215552K)] 412942K->224430K(538624K), 0.0148601 secs] [Times: user=0.03 sys=0.00, real=0.02 secs] 
2024-07-05T00:58:08.127+0800: 596.837: [GC (Allocation Failure) [PSYoungGen: 208608K->14880K(216576K)] 417966K->224238K(539648K), 0.0134619 secs] [Times: user=0.03 sys=0.00, real=0.01 secs] 
2024-07-05T00:58:08.398+0800: 597.109: [GC (Allocation Failure) [PSYoungGen: 209440K->11456K(206336K)] 418798K->220878K(529408K), 0.0107227 secs] [Times: user=0.02 sys=0.00, real=0.01 secs] 
2024-07-05T00:58:08.666+0800: 597.376: [GC (Allocation Failure) [PSYoungGen: 206016K->13824K(216576K)] 415438K->223246K(539648K), 0.0163270 secs] [Times: user=0.03 sys=0.00, real=0.01 secs] 
2024-07-05T00:58:08.937+0800: 597.647: [GC (Allocation Failure) [PSYoungGen: 208896K->13008K(216064K)] 418318K->222430K(539136K), 0.0133716 secs] [Times: user=0.02 sys=0.00, real=0.01 secs] 
2024-07-05T00:58:09.214+0800: 597.925: [GC (Allocation Failure) [PSYoungGen: 208080K->10432K(217088K)] 417502K->219918K(540160K), 0.0101857 secs] [Times: user=0.02 sys=0.00, real=0.00 secs] 
2024-07-05T00:58:09.482+0800: 598.192: [GC (Allocation Failure) [PSYoungGen: 207040K->13056K(216576K)] 416526K->222542K(539648K), 0.0168617 secs] [Times: user=0.03 sys=0.00, real=0.02 secs] 
2024-07-05T00:58:09.755+0800: 598.465: [GC (Allocation Failure) [PSYoungGen: 209664K->13680K(217600K)] 419150K->223166K(540672K), 0.0134083 secs] [Times: user=0.03 sys=0.00, real=0.01 secs] 
2024-07-05T00:58:10.036+0800: 598.747: [GC (Allocation Failure) [PSYoungGen: 211824K->10290K(217600K)] 421310K->219845K(540672K), 0.0104481 secs] [Times: user=0.02 sys=0.00, real=0.01 secs] 
2024-07-05T00:58:10.315+0800: 599.025: [GC (Allocation Failure) [PSYoungGen: 208434K->7812K(218624K)] 417989K->217366K(541696K), 0.0082428 secs] [Times: user=0.01 sys=0.00, real=0.00 secs] 
2024-07-05T00:58:10.581+0800: 599.292: [GC (Allocation Failure) [PSYoungGen: 207492K->12784K(218624K)] 417046K->222338K(541696K), 0.0131051 secs] [Times: user=0.02 sys=0.00, real=0.02 secs] 
2024-07-05T00:58:10.847+0800: 599.557: [GC (Allocation Failure) [PSYoungGen: 212464K->17040K(217600K)] 422018K->226634K(540672K), 0.0167132 secs] [Times: user=0.03 sys=0.00, real=0.01 secs] 
2024-07-05T00:58:11.118+0800: 599.829: [GC (Allocation Failure) [PSYoungGen: 215696K->14944K(218624K)] 425290K->224578K(541696K), 0.0137402 secs] [Times: user=0.02 sys=0.00, real=0.01 secs] 
2024-07-05T00:58:11.397+0800: 600.108: [GC (Allocation Failure) [PSYoungGen: 213600K->12191K(217600K)] 423234K->221825K(540672K), 0.0116492 secs] [Times: user=0.03 sys=0.00, real=0.01 secs] 
2024-07-05T00:58:11.673+0800: 600.384: [GC (Allocation Failure) [PSYoungGen: 210847K->13344K(218112K)] 420481K->223010K(541184K), 0.0147473 secs] [Times: user=0.03 sys=0.00, real=0.02 secs] 
2024-07-05T00:58:11.950+0800: 600.660: [GC (Allocation Failure) [PSYoungGen: 212000K->13696K(219136K)] 421666K->223402K(542208K), 0.0145374 secs] [Times: user=0.03 sys=0.00, real=0.01 secs] 
2024-07-05T00:58:12.234+0800: 600.945: [GC (Allocation Failure) [PSYoungGen: 213888K->10876K(219136K)] 423594K->220583K(542208K), 0.0113666 secs] [Times: user=0.02 sys=0.00, real=0.00 secs] 
2024-07-05T00:58:12.512+0800: 601.223: [GC (Allocation Failure) [PSYoungGen: 211068K->8205K(218624K)] 420775K->217912K(541696K), 0.0084743 secs] [Times: user=0.01 sys=0.00, real=0.01 secs] 
2024-07-05T00:58:12.780+0800: 601.491: [GC (Allocation Failure) [PSYoungGen: 208397K->11088K(219136K)] 418104K->220858K(542208K), 0.0130078 secs] [Times: user=0.02 sys=0.00, real=0.01 secs] 
2024-07-05T00:58:13.046+0800: 601.757: [GC (Allocation Failure) [PSYoungGen: 211280K->14720K(219136K)] 421050K->224490K(542208K), 0.0146216 secs] [Times: user=0.03 sys=0.00, real=0.01 secs] 
2024-07-05T00:58:13.311+0800: 602.021: [GC (Allocation Failure) [PSYoungGen: 215424K->18160K(219136K)] 425194K->227930K(542208K), 0.0170277 secs] [Times: user=0.04 sys=0.00, real=0.02 secs] 
2024-07-05T00:58:13.584+0800: 602.294: [GC (Allocation Failure) [PSYoungGen: 218864K->18032K(215040K)] 428634K->227866K(538112K), 0.0179688 secs] [Times: user=0.03 sys=0.00, real=0.02 secs] 
2024-07-05T00:58:13.859+0800: 602.570: [GC (Allocation Failure) [PSYoungGen: 213616K->13825K(217088K)] 423450K->223660K(540160K), 0.0138259 secs] [Times: user=0.03 sys=0.00, real=0.01 secs] 
2024-07-05T00:58:14.141+0800: 602.851: [GC (Allocation Failure) [PSYoungGen: 209409K->8160K(216576K)] 419244K->217994K(539648K), 0.0080774 secs] [Times: user=0.02 sys=0.00, real=0.01 secs] 
2024-07-05T00:58:14.419+0800: 603.130: [GC (Allocation Failure) [PSYoungGen: 204256K->8170K(217088K)] 414090K->218068K(540160K), 0.0082795 secs] [Times: user=0.02 sys=0.00, real=0.01 secs] 
2024-07-05T00:58:14.689+0800: 603.400: [GC (Allocation Failure) [PSYoungGen: 204266K->6144K(216576K)] 414164K->216042K(539648K), 0.0067083 secs] [Times: user=0.02 sys=0.00, real=0.01 secs] 
2024-07-05T00:58:14.943+0800: 603.654: [GC (Allocation Failure) [PSYoungGen: 201728K->12800K(208896K)] 411626K->222698K(531968K), 0.0127412 secs] [Times: user=0.03 sys=0.00, real=0.02 secs] 
2024-07-05T00:58:15.199+0800: 603.910: [GC (Allocation Failure) [PSYoungGen: 208384K->18016K(215040K)] 418282K->227954K(538112K), 0.0171569 secs] [Times: user=0.04 sys=0.00, real=0.02 secs] 
2024-07-05T00:58:15.471+0800: 604.182: [GC (Allocation Failure) [PSYoungGen: 212576K->16393K(211456K)] 422514K->226372K(534528K), 0.0148299 secs] [Times: user=0.03 sys=0.00, real=0.02 secs] 
2024-07-05T00:58:15.756+0800: 604.467: [GC (Allocation Failure) [PSYoungGen: 210953K->11566K(216576K)] 420932K->221545K(539648K), 0.0109618 secs] [Times: user=0.02 sys=0.00, real=0.01 secs] 
2024-07-05T00:58:16.038+0800: 604.748: [GC (Allocation Failure) [PSYoungGen: 205614K->9792K(204288K)] 415593K->219803K(527360K), 0.0104592 secs] [Times: user=0.01 sys=0.00, real=0.01 secs] 
2024-07-05T00:58:16.314+0800: 605.024: [GC (Allocation Failure) [PSYoungGen: 203840K->5120K(215040K)] 413851K->215162K(538112K), 0.0061053 secs] [Times: user=0.01 sys=0.00, real=0.00 secs] 
2024-07-05T00:58:16.566+0800: 605.276: [GC (Allocation Failure) [PSYoungGen: 198656K->12576K(215552K)] 408698K->222618K(538624K), 0.0139757 secs] [Times: user=0.03 sys=0.00, real=0.01 secs] 
2024-07-05T00:58:16.815+0800: 605.525: [GC (Allocation Failure) [PSYoungGen: 206112K->18048K(214528K)] 416154K->228090K(537600K), 0.0173174 secs] [Times: user=0.03 sys=0.00, real=0.01 secs] 
2024-07-05T00:58:17.088+0800: 605.799: [GC (Allocation Failure) [PSYoungGen: 211584K->16288K(209920K)] 421626K->226399K(532992K), 0.0241309 secs] [Times: user=0.05 sys=0.00, real=0.02 secs] 
2024-07-05T00:58:17.383+0800: 606.094: [GC (Allocation Failure) [PSYoungGen: 209824K->10165K(216064K)] 419935K->220276K(539136K), 0.0102886 secs] [Times: user=0.01 sys=0.00, real=0.01 secs] 
2024-07-05T00:58:17.653+0800: 606.364: [GC (Allocation Failure) [PSYoungGen: 203189K->8794K(202240K)] 413300K->218904K(525312K), 0.0086718 secs] [Times: user=0.02 sys=0.00, real=0.01 secs] 
2024-07-05T00:58:17.923+0800: 606.634: [GC (Allocation Failure) [PSYoungGen: 201818K->9184K(215552K)] 411928K->219359K(538624K), 0.0098625 secs] [Times: user=0.02 sys=0.00, real=0.01 secs] 
2024-07-05T00:58:18.173+0800: 606.884: [GC (Allocation Failure) [PSYoungGen: 202720K->14240K(215040K)] 412895K->224415K(538112K), 0.0153829 secs] [Times: user=0.02 sys=0.00, real=0.02 secs] 
2024-07-05T00:58:18.423+0800: 607.134: [GC (Allocation Failure) [PSYoungGen: 207776K->19216K(212992K)] 417951K->229391K(536064K), 0.0178684 secs] [Times: user=0.04 sys=0.00, real=0.02 secs] 
2024-07-05T00:58:18.698+0800: 607.408: [GC (Allocation Failure) [PSYoungGen: 210704K->13456K(215040K)] 420879K->223663K(538112K), 0.0135912 secs] [Times: user=0.02 sys=0.00, real=0.01 secs] 
2024-07-05T00:58:18.982+0800: 607.692: [GC (Allocation Failure) [PSYoungGen: 204944K->7536K(214016K)] 415151K->217775K(537088K), 0.0069447 secs] [Times: user=0.01 sys=0.00, real=0.01 secs] 
2024-07-05T00:58:19.272+0800: 607.983: [GC (Allocation Failure) [PSYoungGen: 200048K->5413K(215040K)] 410287K->215652K(538112K), 0.0062975 secs] [Times: user=0.01 sys=0.00, real=0.01 secs] 
2024-07-05T00:58:19.521+0800: 608.232: [GC (Allocation Failure) [PSYoungGen: 197925K->11520K(214016K)] 408164K->221759K(537088K), 0.0115392 secs] [Times: user=0.02 sys=0.00, real=0.01 secs] 
2024-07-05T00:58:19.766+0800: 608.477: [GC (Allocation Failure) [PSYoungGen: 205056K->16768K(215040K)] 415295K->227075K(538112K), 0.0174772 secs] [Times: user=0.03 sys=0.00, real=0.01 secs] 
2024-07-05T00:58:20.025+0800: 608.735: [GC (Allocation Failure) [PSYoungGen: 210304K->17920K(214016K)] 420611K->228227K(537088K), 0.0166974 secs] [Times: user=0.03 sys=0.00, real=0.02 secs] 
2024-07-05T00:58:20.302+0800: 609.012: [GC (Allocation Failure) [PSYoungGen: 209408K->10967K(215040K)] 419715K->221274K(538112K), 0.0098204 secs] [Times: user=0.02 sys=0.00, real=0.01 secs] 
2024-07-05T00:58:20.573+0800: 609.283: [GC (Allocation Failure) [PSYoungGen: 202455K->7680K(213504K)] 412762K->218051K(536576K), 0.0078510 secs] [Times: user=0.01 sys=0.00, real=0.01 secs] 
2024-07-05T00:58:20.842+0800: 609.552: [GC (Allocation Failure) [PSYoungGen: 199680K->9120K(214528K)] 410051K->219491K(537600K), 0.0111903 secs] [Times: user=0.02 sys=0.00, real=0.01 secs] 
2024-07-05T00:58:21.091+0800: 609.802: [GC (Allocation Failure) [PSYoungGen: 201120K->14832K(215552K)] 411491K->225203K(538624K), 0.0152140 secs] [Times: user=0.02 sys=0.00, real=0.02 secs] 
2024-07-05T00:58:21.345+0800: 610.056: [GC (Allocation Failure) [PSYoungGen: 208368K->19616K(213504K)] 418739K->230019K(536576K), 0.0180563 secs] [Times: user=0.03 sys=0.00, real=0.02 secs] 
2024-07-05T00:58:21.619+0800: 610.330: [GC (Allocation Failure) [PSYoungGen: 213152K->14692K(215040K)] 423555K->225128K(538112K), 0.0131807 secs] [Times: user=0.03 sys=0.00, real=0.01 secs] 
2024-07-05T00:58:21.894+0800: 610.605: [GC (Allocation Failure) [PSYoungGen: 205668K->10608K(201728K)] 416104K->221043K(524800K), 0.0120936 secs] [Times: user=0.02 sys=0.00, real=0.01 secs] 
2024-07-05T00:58:22.178+0800: 610.888: [GC (Allocation Failure) [PSYoungGen: 201584K->9103K(214528K)] 412019K->219570K(537600K), 0.0096211 secs] [Times: user=0.02 sys=0.00, real=0.01 secs] 
2024-07-05T00:58:22.441+0800: 611.151: [GC (Allocation Failure) [PSYoungGen: 200591K->11456K(214016K)] 411058K->221963K(537088K), 0.0114575 secs] [Times: user=0.02 sys=0.00, real=0.01 secs] 
2024-07-05T00:58:22.690+0800: 611.400: [GC (Allocation Failure) [PSYoungGen: 202944K->17216K(214528K)] 413451K->227723K(537600K), 0.0174526 secs] [Times: user=0.03 sys=0.00, real=0.02 secs] 
2024-07-05T00:58:22.970+0800: 611.680: [GC (Allocation Failure) [PSYoungGen: 209728K->12546K(215040K)] 420235K->223054K(538112K), 0.0146686 secs] [Times: user=0.02 sys=0.00, real=0.01 secs] 
2024-07-05T00:58:23.244+0800: 611.954: [GC (Allocation Failure) [PSYoungGen: 205058K->13808K(215040K)] 415566K->224379K(538112K), 0.0139011 secs] [Times: user=0.02 sys=0.00, real=0.02 secs] 
2024-07-05T00:58:23.515+0800: 612.225: [GC (Allocation Failure) [PSYoungGen: 207856K->10016K(215552K)] 418427K->220587K(538624K), 0.0098184 secs] [Times: user=0.01 sys=0.00, real=0.00 secs] 
2024-07-05T00:58:23.787+0800: 612.497: [GC (Allocation Failure) [PSYoungGen: 204064K->7573K(217088K)] 414635K->218144K(540160K), 0.0079722 secs] [Times: user=0.01 sys=0.00, real=0.01 secs] 
2024-07-05T00:58:24.049+0800: 612.760: [GC (Allocation Failure) [PSYoungGen: 203669K->12320K(217088K)] 414240K->222923K(540160K), 0.0126511 secs] [Times: user=0.03 sys=0.00, real=0.01 secs] 
2024-07-05T00:58:24.309+0800: 613.020: [GC (Allocation Failure) [PSYoungGen: 208416K->17056K(216064K)] 419019K->227699K(539136K), 0.0163717 secs] [Times: user=0.03 sys=0.00, real=0.02 secs] 
2024-07-05T00:58:24.580+0800: 613.291: [GC (Allocation Failure) [PSYoungGen: 212640K->14528K(217088K)] 423283K->225171K(540160K), 0.0169734 secs] [Times: user=0.03 sys=0.00, real=0.02 secs] 
2024-07-05T00:58:24.869+0800: 613.580: [GC (Allocation Failure) [PSYoungGen: 210112K->9808K(216576K)] 420755K->220491K(539648K), 0.0099687 secs] [Times: user=0.02 sys=0.00, real=0.01 secs] 
2024-07-05T00:58:25.135+0800: 613.845: [GC (Allocation Failure) [PSYoungGen: 205904K->14784K(217088K)] 416587K->225499K(540160K), 0.0146998 secs] [Times: user=0.03 sys=0.00, real=0.01 secs] 
2024-07-05T00:58:25.405+0800: 614.116: [GC (Allocation Failure) [PSYoungGen: 210880K->12528K(215552K)] 421595K->223243K(538624K), 0.0116143 secs] [Times: user=0.02 sys=0.00, real=0.02 secs] 
2024-07-05T00:58:25.676+0800: 614.387: [GC (Allocation Failure) [PSYoungGen: 209136K->10110K(216576K)] 419851K->220866K(539648K), 0.0097210 secs] [Times: user=0.02 sys=0.01, real=0.01 secs] 
2024-07-05T00:58:25.946+0800: 614.656: [GC (Allocation Failure) [PSYoungGen: 206718K->12512K(216576K)] 417474K->223307K(539648K), 0.0156589 secs] [Times: user=0.03 sys=0.00, real=0.01 secs] 
2024-07-05T00:58:26.238+0800: 614.948: [GC (Allocation Failure) [PSYoungGen: 211168K->11008K(217600K)] 421963K->221803K(540672K), 0.0120430 secs] [Times: user=0.02 sys=0.00, real=0.01 secs] 
2024-07-05T00:58:26.514+0800: 615.224: [GC (Allocation Failure) [PSYoungGen: 209664K->10864K(218624K)] 420459K->221659K(541696K), 0.0102331 secs] [Times: user=0.02 sys=0.00, real=0.00 secs] 
2024-07-05T00:58:26.786+0800: 615.497: [GC (Allocation Failure) [PSYoungGen: 211568K->10496K(219136K)] 422363K->221355K(542208K), 0.0101311 secs] [Times: user=0.02 sys=0.00, real=0.01 secs] 
2024-07-05T00:58:27.062+0800: 615.772: [GC (Allocation Failure) [PSYoungGen: 211200K->9316K(220160K)] 422059K->220175K(543232K), 0.0092936 secs] [Times: user=0.02 sys=0.00, real=0.01 secs] 
2024-07-05T00:58:27.336+0800: 616.046: [GC (Allocation Failure) [PSYoungGen: 211556K->13984K(220160K)] 422415K->224843K(543232K), 0.0138624 secs] [Times: user=0.03 sys=0.00, real=0.01 secs] 
2024-07-05T00:58:27.634+0800: 616.345: [GC (Allocation Failure) [PSYoungGen: 216224K->10736K(220160K)] 427083K->221635K(543232K), 0.0107627 secs] [Times: user=0.02 sys=0.00, real=0.00 secs] 
2024-07-05T00:58:27.922+0800: 616.632: [GC (Allocation Failure) [PSYoungGen: 212976K->7922K(220160K)] 423875K->218862K(543232K), 0.0090103 secs] [Times: user=0.02 sys=0.00, real=0.01 secs] 
2024-07-05T00:58:28.213+0800: 616.924: [GC (Allocation Failure) [PSYoungGen: 210162K->4576K(219648K)] 421102K->215515K(542720K), 0.0054629 secs] [Times: user=0.01 sys=0.00, real=0.01 secs] 
2024-07-05T00:58:28.485+0800: 617.195: [GC (Allocation Failure) [PSYoungGen: 206304K->9472K(220160K)] 417243K->220451K(543232K), 0.0110631 secs] [Times: user=0.02 sys=0.00, real=0.02 secs] 
2024-07-05T00:58:28.766+0800: 617.476: [GC (Allocation Failure) [PSYoungGen: 211200K->12832K(220160K)] 422179K->223843K(543232K), 0.0149448 secs] [Times: user=0.02 sys=0.00, real=0.01 secs] 
2024-07-05T00:58:29.041+0800: 617.752: [GC (Allocation Failure) [PSYoungGen: 215072K->15632K(218112K)] 426083K->226643K(541184K), 0.0155065 secs] [Times: user=0.03 sys=0.00, real=0.02 secs] 
2024-07-05T00:58:29.318+0800: 618.028: [GC (Allocation Failure) [PSYoungGen: 217872K->15712K(217600K)] 428883K->226763K(540672K), 0.0149624 secs] [Times: user=0.02 sys=0.01, real=0.01 secs] 
2024-07-05T00:58:29.600+0800: 618.311: [GC (Allocation Failure) [PSYoungGen: 214368K->12138K(218624K)] 425419K->223229K(541696K), 0.0124956 secs] [Times: user=0.02 sys=0.00, real=0.01 secs] 
2024-07-05T00:58:29.890+0800: 618.601: [GC (Allocation Failure) [PSYoungGen: 210794K->10512K(217088K)] 421885K->221603K(540160K), 0.0121935 secs] [Times: user=0.02 sys=0.00, real=0.01 secs] 
2024-07-05T00:58:30.160+0800: 618.870: [GC (Allocation Failure) [PSYoungGen: 209680K->13712K(218112K)] 420771K->224803K(541184K), 0.0144775 secs] [Times: user=0.03 sys=0.00, real=0.02 secs] 
2024-07-05T00:58:30.422+0800: 619.133: [GC (Allocation Failure) [PSYoungGen: 212880K->17312K(217600K)] 423971K->228467K(540672K), 0.0163257 secs] [Times: user=0.03 sys=0.00, real=0.02 secs] 
2024-07-05T00:58:30.701+0800: 619.412: [GC (Allocation Failure) [PSYoungGen: 215968K->19264K(218112K)] 427123K->230419K(541184K), 0.0228777 secs] [Times: user=0.04 sys=0.00, real=0.02 secs] 
2024-07-05T00:58:30.990+0800: 619.700: [GC (Allocation Failure) [PSYoungGen: 217920K->14096K(216064K)] 429075K->225251K(539136K), 0.0138892 secs] [Times: user=0.02 sys=0.00, real=0.01 secs] 
2024-07-05T00:58:31.271+0800: 619.982: [GC (Allocation Failure) [PSYoungGen: 209680K->9282K(217088K)] 420835K->220502K(540160K), 0.0083967 secs] [Times: user=0.01 sys=0.00, real=0.01 secs] 
2024-07-05T00:58:31.545+0800: 620.256: [GC (Allocation Failure) [PSYoungGen: 204866K->8858K(216064K)] 416086K->220077K(539136K), 0.0087431 secs] [Times: user=0.02 sys=0.00, real=0.02 secs] 
2024-07-05T00:58:31.826+0800: 620.536: [GC (Allocation Failure) [PSYoungGen: 204442K->6960K(216576K)] 415661K->218180K(539648K), 0.0090433 secs] [Times: user=0.02 sys=0.00, real=0.01 secs] 
2024-07-05T00:58:32.086+0800: 620.796: [GC (Allocation Failure) [PSYoungGen: 202544K->13184K(217088K)] 413764K->224472K(540160K), 0.0181599 secs] [Times: user=0.03 sys=0.00, real=0.01 secs] 
2024-07-05T00:58:32.353+0800: 621.064: [GC (Allocation Failure) [PSYoungGen: 209280K->17024K(213504K)] 420568K->228312K(536576K), 0.0162571 secs] [Times: user=0.03 sys=0.00, real=0.02 secs] 
2024-07-05T00:58:32.623+0800: 621.333: [GC (Allocation Failure) [PSYoungGen: 213120K->14096K(217088K)] 424408K->225384K(540160K), 0.0130782 secs] [Times: user=0.03 sys=0.00, real=0.02 secs] 
2024-07-05T00:58:32.904+0800: 621.614: [GC (Allocation Failure) [PSYoungGen: 209168K->9760K(205312K)] 420456K->221112K(528384K), 0.0097689 secs] [Times: user=0.01 sys=0.00, real=0.01 secs] 
2024-07-05T00:58:33.164+0800: 621.875: [GC (Allocation Failure) [PSYoungGen: 204832K->14752K(216064K)] 416184K->226104K(539136K), 0.0151352 secs] [Times: user=0.03 sys=0.00, real=0.02 secs] 
2024-07-05T00:58:33.465+0800: 622.176: [GC (Allocation Failure) [PSYoungGen: 209824K->7152K(216064K)] 421176K->218504K(539136K), 0.0094652 secs] [Times: user=0.01 sys=0.00, real=0.02 secs] 
2024-07-05T00:58:33.728+0800: 622.439: [GC (Allocation Failure) [PSYoungGen: 202224K->10128K(216064K)] 413576K->221512K(539136K), 0.0104960 secs] [Times: user=0.02 sys=0.00, real=0.01 secs] 
2024-07-05T00:58:33.982+0800: 622.693: [GC (Allocation Failure) [PSYoungGen: 206224K->15328K(216576K)] 417608K->226752K(539648K), 0.0149155 secs] [Times: user=0.03 sys=0.00, real=0.02 secs] 
2024-07-05T00:58:34.250+0800: 622.960: [GC (Allocation Failure) [PSYoungGen: 211424K->16976K(215552K)] 422848K->228400K(538624K), 0.0182706 secs] [Times: user=0.03 sys=0.00, real=0.02 secs] 
2024-07-05T00:58:34.533+0800: 623.244: [GC (Allocation Failure) [PSYoungGen: 211536K->12736K(216576K)] 422960K->224160K(539648K), 0.0118884 secs] [Times: user=0.03 sys=0.00, real=0.01 secs] 
2024-07-05T00:58:34.807+0800: 623.518: [GC (Allocation Failure) [PSYoungGen: 207296K->13616K(215552K)] 418720K->225104K(538624K), 0.0137865 secs] [Times: user=0.02 sys=0.00, real=0.01 secs] 
2024-07-05T00:58:35.074+0800: 623.784: [GC (Allocation Failure) [PSYoungGen: 209200K->14464K(216064K)] 420688K->225952K(539136K), 0.0150811 secs] [Times: user=0.03 sys=0.00, real=0.01 secs] 
2024-07-05T00:58:35.349+0800: 624.060: [GC (Allocation Failure) [PSYoungGen: 210048K->11872K(217088K)] 421536K->223360K(540160K), 0.0130639 secs] [Times: user=0.02 sys=0.00, real=0.01 secs] 
2024-07-05T00:58:35.640+0800: 624.350: [GC (Allocation Failure) [PSYoungGen: 209504K->11616K(217600K)] 420992K->223168K(540672K), 0.0120866 secs] [Times: user=0.02 sys=0.00, real=0.01 secs] 
2024-07-05T00:58:35.915+0800: 624.626: [GC (Allocation Failure) [PSYoungGen: 209248K->16032K(218112K)] 420800K->227584K(541184K), 0.0160086 secs] [Times: user=0.03 sys=0.00, real=0.01 secs] 
2024-07-05T00:58:36.196+0800: 624.907: [GC (Allocation Failure) [PSYoungGen: 214688K->19456K(218624K)] 426240K->231008K(541696K), 0.0186745 secs] [Times: user=0.03 sys=0.00, real=0.02 secs] 
2024-07-05T00:58:36.504+0800: 625.214: [GC (Allocation Failure) [PSYoungGen: 218112K->12746K(216576K)] 429664K->224362K(539648K), 0.0120469 secs] [Times: user=0.03 sys=0.00, real=0.02 secs] 
2024-07-05T00:58:36.791+0800: 625.502: [GC (Allocation Failure) [PSYoungGen: 209354K->11968K(217600K)] 420970K->223584K(540672K), 0.0123468 secs] [Times: user=0.02 sys=0.00, real=0.01 secs] 
2024-07-05T00:58:37.058+0800: 625.768: [GC (Allocation Failure) [PSYoungGen: 208576K->16976K(216064K)] 420192K->228592K(539136K), 0.0166973 secs] [Times: user=0.03 sys=0.00, real=0.02 secs] 
2024-07-05T00:58:37.364+0800: 626.075: [GC (Allocation Failure) [PSYoungGen: 212560K->8996K(217088K)] 424176K->220652K(540160K), 0.0100070 secs] [Times: user=0.01 sys=0.00, real=0.02 secs] 
2024-07-05T00:58:37.643+0800: 626.353: [GC (Allocation Failure) [PSYoungGen: 204580K->7989K(217088K)] 416236K->219685K(540160K), 0.0089053 secs] [Times: user=0.02 sys=0.00, real=0.01 secs] 
2024-07-05T00:58:37.918+0800: 626.629: [GC (Allocation Failure) [PSYoungGen: 203573K->13760K(209408K)] 415269K->225456K(532480K), 0.0155964 secs] [Times: user=0.03 sys=0.00, real=0.02 secs] 
2024-07-05T00:58:38.204+0800: 626.915: [GC (Allocation Failure) [PSYoungGen: 209344K->9018K(216576K)] 421040K->220714K(539648K), 0.0101204 secs] [Times: user=0.02 sys=0.00, real=0.02 secs] 
2024-07-05T00:58:38.494+0800: 627.204: [GC (Allocation Failure) [PSYoungGen: 204602K->8608K(216576K)] 416298K->220368K(539648K), 0.0125401 secs] [Times: user=0.02 sys=0.00, real=0.01 secs] 
2024-07-05T00:58:38.781+0800: 627.492: [GC (Allocation Failure) [PSYoungGen: 204192K->13536K(216576K)] 415952K->225296K(539648K), 0.0134756 secs] [Times: user=0.03 sys=0.00, real=0.02 secs] 
2024-07-05T00:58:39.046+0800: 627.756: [GC (Allocation Failure) [PSYoungGen: 210144K->18496K(215552K)] 421904K->230256K(538624K), 0.0175458 secs] [Times: user=0.03 sys=0.00, real=0.01 secs] 
2024-07-05T00:58:39.319+0800: 628.029: [GC (Allocation Failure) [PSYoungGen: 215104K->17616K(214528K)] 426864K->229440K(537600K), 0.0175264 secs] [Times: user=0.03 sys=0.00, real=0.02 secs] 
2024-07-05T00:58:39.597+0800: 628.308: [GC (Allocation Failure) [PSYoungGen: 210128K->10817K(215552K)] 421952K->222642K(538624K), 0.0093563 secs] [Times: user=0.02 sys=0.00, real=0.01 secs] 
2024-07-05T00:58:39.874+0800: 628.585: [GC (Allocation Failure) [PSYoungGen: 203329K->4984K(215040K)] 415154K->216808K(538112K), 0.0048997 secs] [Times: user=0.01 sys=0.00, real=0.00 secs] 
2024-07-05T00:58:40.144+0800: 628.855: [GC (Allocation Failure) [PSYoungGen: 197496K->7648K(215552K)] 409320K->219536K(538624K), 0.0093878 secs] [Times: user=0.02 sys=0.00, real=0.01 secs] 
2024-07-05T00:58:40.397+0800: 629.107: [GC (Allocation Failure) [PSYoungGen: 200160K->13568K(214528K)] 412048K->225456K(537600K), 0.0137020 secs] [Times: user=0.02 sys=0.00, real=0.01 secs] 
2024-07-05T00:58:40.650+0800: 629.360: [GC (Allocation Failure) [PSYoungGen: 206592K->18960K(215040K)] 418480K->230848K(538112K), 0.0215214 secs] [Times: user=0.04 sys=0.00, real=0.02 secs] 
2024-07-05T00:58:40.924+0800: 629.634: [GC (Allocation Failure) [PSYoungGen: 211984K->14864K(215040K)] 423872K->226792K(538112K), 0.0141084 secs] [Times: user=0.02 sys=0.00, real=0.02 secs] 
2024-07-05T00:58:41.202+0800: 629.912: [GC (Allocation Failure) [PSYoungGen: 206352K->8309K(200192K)] 418280K->220269K(523264K), 0.0076215 secs] [Times: user=0.01 sys=0.00, real=0.01 secs] 
2024-07-05T00:58:41.475+0800: 630.186: [GC (Allocation Failure) [PSYoungGen: 199797K->6176K(214528K)] 411757K->218136K(537600K), 0.0081692 secs] [Times: user=0.02 sys=0.00, real=0.00 secs] 
2024-07-05T00:58:41.732+0800: 630.443: [GC (Allocation Failure) [PSYoungGen: 197664K->10832K(214528K)] 409624K->222824K(537600K), 0.0112646 secs] [Times: user=0.02 sys=0.00, real=0.01 secs] 
2024-07-05T00:58:41.973+0800: 630.684: [GC (Allocation Failure) [PSYoungGen: 202320K->17024K(214528K)] 414312K->229056K(537600K), 0.0172325 secs] [Times: user=0.04 sys=0.00, real=0.02 secs] 
2024-07-05T00:58:42.244+0800: 630.954: [GC (Allocation Failure) [PSYoungGen: 209024K->17088K(209408K)] 421056K->229120K(532480K), 0.0163155 secs] [Times: user=0.03 sys=0.00, real=0.02 secs] 
2024-07-05T00:58:42.525+0800: 631.235: [GC (Allocation Failure) [PSYoungGen: 209088K->10416K(215552K)] 421120K->222448K(538624K), 0.0088768 secs] [Times: user=0.02 sys=0.00, real=0.01 secs] 
2024-07-05T00:58:42.798+0800: 631.508: [GC (Allocation Failure) [PSYoungGen: 201904K->3683K(214528K)] 413936K->215779K(537600K), 0.0040905 secs] [Times: user=0.00 sys=0.00, real=0.00 secs] 
2024-07-05T00:58:43.054+0800: 631.764: [GC (Allocation Failure) [PSYoungGen: 195171K->9360K(215040K)] 407267K->221456K(538112K), 0.0115362 secs] [Times: user=0.02 sys=0.00, real=0.00 secs] 
2024-07-05T00:58:43.303+0800: 632.014: [GC (Allocation Failure) [PSYoungGen: 201360K->15248K(215040K)] 413456K->227344K(538112K), 0.0146120 secs] [Times: user=0.03 sys=0.00, real=0.02 secs] 
2024-07-05T00:58:43.550+0800: 632.261: [GC (Allocation Failure) [PSYoungGen: 207248K->19824K(211456K)] 419344K->231960K(534528K), 0.0183046 secs] [Times: user=0.04 sys=0.00, real=0.02 secs] 
2024-07-05T00:58:43.824+0800: 632.535: [GC (Allocation Failure) [PSYoungGen: 208240K->11273K(213504K)] 420376K->223450K(536576K), 0.0096895 secs] [Times: user=0.02 sys=0.00, real=0.02 secs] 
2024-07-05T00:58:44.098+0800: 632.808: [GC (Allocation Failure) [PSYoungGen: 199689K->3704K(213504K)] 411866K->215881K(536576K), 0.0054069 secs] [Times: user=0.01 sys=0.00, real=0.00 secs] 
2024-07-05T00:58:44.354+0800: 633.064: [GC (Allocation Failure) [PSYoungGen: 193144K->9712K(199168K)] 405321K->221928K(522240K), 0.0169596 secs] [Times: user=0.02 sys=0.00, real=0.01 secs] 
2024-07-05T00:58:44.599+0800: 633.310: [GC (Allocation Failure) [PSYoungGen: 199152K->16640K(212992K)] 411368K->228888K(536064K), 0.0159030 secs] [Times: user=0.04 sys=0.00, real=0.02 secs] 
2024-07-05T00:58:44.859+0800: 633.570: [GC (Allocation Failure) [PSYoungGen: 206080K->16585K(213504K)] 418328K->228834K(536576K), 0.0154681 secs] [Times: user=0.03 sys=0.00, real=0.02 secs] 
2024-07-05T00:58:45.138+0800: 633.848: [GC (Allocation Failure) [PSYoungGen: 206025K->9200K(214016K)] 418274K->221448K(537088K), 0.0101001 secs] [Times: user=0.02 sys=0.00, real=0.01 secs] 
2024-07-05T00:58:45.405+0800: 634.116: [GC (Allocation Failure) [PSYoungGen: 199152K->8900K(214016K)] 411400K->221213K(537088K), 0.0097962 secs] [Times: user=0.02 sys=0.00, real=0.02 secs] 
2024-07-05T00:58:45.665+0800: 634.376: [GC (Allocation Failure) [PSYoungGen: 198852K->10944K(212992K)] 411165K->223257K(536064K), 0.0116166 secs] [Times: user=0.02 sys=0.00, real=0.02 secs] 
2024-07-05T00:58:45.914+0800: 634.625: [GC (Allocation Failure) [PSYoungGen: 201920K->17168K(213504K)] 414233K->229481K(536576K), 0.0173609 secs] [Times: user=0.03 sys=0.00, real=0.01 secs] 
2024-07-05T00:58:46.185+0800: 634.896: [GC (Allocation Failure) [PSYoungGen: 208144K->13226K(215040K)] 420457K->225579K(538112K), 0.0123335 secs] [Times: user=0.02 sys=0.00, real=0.02 secs] 
2024-07-05T00:58:46.453+0800: 635.164: [GC (Allocation Failure) [PSYoungGen: 205738K->13808K(215040K)] 418091K->226201K(538112K), 0.0138733 secs] [Times: user=0.02 sys=0.00, real=0.02 secs] 
2024-07-05T00:58:46.716+0800: 635.427: [GC (Allocation Failure) [PSYoungGen: 206320K->12512K(215552K)] 418713K->224905K(538624K), 0.0116030 secs] [Times: user=0.02 sys=0.00, real=0.01 secs] 
2024-07-05T00:58:46.991+0800: 635.702: [GC (Allocation Failure) [PSYoungGen: 206560K->10896K(215552K)] 418953K->223289K(538624K), 0.0123212 secs] [Times: user=0.02 sys=0.00, real=0.01 secs] 
2024-07-05T00:58:47.290+0800: 636.000: [GC (Allocation Failure) [PSYoungGen: 204944K->10057K(216064K)] 417337K->222515K(539136K), 0.0086855 secs] [Times: user=0.02 sys=0.00, real=0.01 secs] 
2024-07-05T00:58:47.570+0800: 636.280: [GC (Allocation Failure) [PSYoungGen: 205641K->4576K(216064K)] 418099K->217033K(539136K), 0.0047834 secs] [Times: user=0.00 sys=0.00, real=0.01 secs] 
2024-07-05T00:58:47.842+0800: 636.552: [GC (Allocation Failure) [PSYoungGen: 200160K->8080K(217600K)] 412617K->220537K(540672K), 0.0092556 secs] [Times: user=0.02 sys=0.00, real=0.01 secs] 
2024-07-05T00:58:48.117+0800: 636.827: [GC (Allocation Failure) [PSYoungGen: 205200K->11552K(208896K)] 417657K->224073K(531968K), 0.0122176 secs] [Times: user=0.02 sys=0.00, real=0.01 secs] 
2024-07-05T00:58:48.375+0800: 637.085: [GC (Allocation Failure) [PSYoungGen: 208672K->15680K(216064K)] 421193K->228201K(539136K), 0.0165953 secs] [Times: user=0.03 sys=0.00, real=0.01 secs] 
2024-07-05T00:58:48.641+0800: 637.352: [GC (Allocation Failure) [PSYoungGen: 212288K->17728K(214528K)] 424809K->230249K(537600K), 0.0164978 secs] [Times: user=0.04 sys=0.00, real=0.02 secs] 
2024-07-05T00:58:48.931+0800: 637.641: [GC (Allocation Failure) [PSYoungGen: 214336K->12047K(217600K)] 426857K->224632K(540672K), 0.0115121 secs] [Times: user=0.02 sys=0.00, real=0.01 secs] 
2024-07-05T00:58:49.206+0800: 637.916: [GC (Allocation Failure) [PSYoungGen: 207631K->13456K(209408K)] 420216K->226041K(532480K), 0.0138456 secs] [Times: user=0.02 sys=0.00, real=0.01 secs] 
2024-07-05T00:58:49.472+0800: 638.183: [GC (Allocation Failure) [PSYoungGen: 209040K->13520K(216064K)] 421625K->226105K(539136K), 0.0134280 secs] [Times: user=0.03 sys=0.00, real=0.02 secs] 
2024-07-05T00:58:49.750+0800: 638.460: [GC (Allocation Failure) [PSYoungGen: 209104K->10208K(216064K)] 421689K->222825K(539136K), 0.0099936 secs] [Times: user=0.02 sys=0.00, real=0.01 secs] 
2024-07-05T00:58:50.017+0800: 638.727: [GC (Allocation Failure) [PSYoungGen: 205792K->11808K(217600K)] 418409K->224465K(540672K), 0.0123879 secs] [Times: user=0.03 sys=0.00, real=0.01 secs] 
2024-07-05T00:58:50.277+0800: 638.988: [GC (Allocation Failure) [PSYoungGen: 209952K->16064K(217600K)] 422609K->228721K(540672K), 0.0157462 secs] [Times: user=0.03 sys=0.00, real=0.01 secs] 
2024-07-05T00:58:50.550+0800: 639.260: [GC (Allocation Failure) [PSYoungGen: 214208K->16368K(217600K)] 426865K->229025K(540672K), 0.0166475 secs] [Times: user=0.03 sys=0.00, real=0.02 secs] 
2024-07-05T00:58:50.834+0800: 639.544: [GC (Allocation Failure) [PSYoungGen: 214000K->14369K(218112K)] 426657K->227095K(541184K), 0.0136540 secs] [Times: user=0.03 sys=0.00, real=0.01 secs] 
2024-07-05T00:58:51.115+0800: 639.826: [GC (Allocation Failure) [PSYoungGen: 212001K->11445K(217088K)] 424727K->224170K(540160K), 0.0113509 secs] [Times: user=0.02 sys=0.00, real=0.01 secs] 
2024-07-05T00:58:51.386+0800: 640.096: [GC (Allocation Failure) [PSYoungGen: 209077K->11648K(217600K)] 421802K->224373K(540672K), 0.0111314 secs] [Times: user=0.02 sys=0.00, real=0.01 secs] 
2024-07-05T00:58:51.660+0800: 640.371: [GC (Allocation Failure) [PSYoungGen: 209280K->10602K(218624K)] 422005K->223391K(541696K), 0.0101475 secs] [Times: user=0.02 sys=0.00, real=0.01 secs] 
2024-07-05T00:58:51.935+0800: 640.645: [GC (Allocation Failure) [PSYoungGen: 209770K->8560K(218624K)] 422559K->221349K(541696K), 0.0092495 secs] [Times: user=0.02 sys=0.00, real=0.00 secs] 
2024-07-05T00:58:52.214+0800: 640.924: [GC (Allocation Failure) [PSYoungGen: 207728K->12224K(217088K)] 420517K->225013K(540160K), 0.0125306 secs] [Times: user=0.02 sys=0.00, real=0.01 secs] 
2024-07-05T00:58:52.479+0800: 641.189: [GC (Allocation Failure) [PSYoungGen: 211904K->15648K(218112K)] 424693K->228501K(541184K), 0.0150641 secs] [Times: user=0.02 sys=0.00, real=0.02 secs] 
2024-07-05T00:58:52.747+0800: 641.458: [GC (Allocation Failure) [PSYoungGen: 215328K->16512K(218112K)] 428181K->229365K(541184K), 0.0155269 secs] [Times: user=0.03 sys=0.00, real=0.01 secs] 
2024-07-05T00:58:53.021+0800: 641.732: [GC (Allocation Failure) [PSYoungGen: 215168K->13952K(218624K)] 428021K->226805K(541696K), 0.0126685 secs] [Times: user=0.03 sys=0.00, real=0.02 secs] 
2024-07-05T00:58:53.297+0800: 642.007: [GC (Allocation Failure) [PSYoungGen: 212608K->11312K(217600K)] 425461K->224229K(540672K), 0.0111674 secs] [Times: user=0.02 sys=0.00, real=0.01 secs] 
2024-07-05T00:58:53.564+0800: 642.275: [GC (Allocation Failure) [PSYoungGen: 209968K->14192K(218112K)] 422885K->227109K(541184K), 0.0146797 secs] [Times: user=0.03 sys=0.00, real=0.02 secs] 
2024-07-05T00:58:53.835+0800: 642.546: [GC (Allocation Failure) [PSYoungGen: 212848K->12624K(218112K)] 425765K->225541K(541184K), 0.0115828 secs] [Times: user=0.03 sys=0.00, real=0.01 secs] 
2024-07-05T00:58:54.111+0800: 642.822: [GC (Allocation Failure) [PSYoungGen: 212304K->10788K(218624K)] 425221K->223737K(541696K), 0.0104247 secs] [Times: user=0.03 sys=0.00, real=0.01 secs] 
2024-07-05T00:58:54.389+0800: 643.100: [GC (Allocation Failure) [PSYoungGen: 210468K->7861K(219136K)] 423417K->220850K(542208K), 0.0092403 secs] [Times: user=0.01 sys=0.00, real=0.01 secs] 
2024-07-05T00:58:54.655+0800: 643.366: [GC (Allocation Failure) [PSYoungGen: 208565K->13376K(219648K)] 421554K->226365K(542720K), 0.0135848 secs] [Times: user=0.02 sys=0.00, real=0.01 secs] 
2024-07-05T00:58:54.926+0800: 643.637: [GC (Allocation Failure) [PSYoungGen: 214080K->16448K(218112K)] 427069K->229437K(541184K), 0.0176035 secs] [Times: user=0.03 sys=0.00, real=0.01 secs] 
2024-07-05T00:58:55.202+0800: 643.912: [GC (Allocation Failure) [PSYoungGen: 216128K->14464K(219136K)] 429117K->227517K(542208K), 0.0135001 secs] [Times: user=0.03 sys=0.00, real=0.02 secs] 
2024-07-05T00:58:55.479+0800: 644.189: [GC (Allocation Failure) [PSYoungGen: 214144K->12096K(218112K)] 427197K->225149K(541184K), 0.0112954 secs] [Times: user=0.02 sys=0.00, real=0.01 secs] 
2024-07-05T00:58:55.759+0800: 644.469: [GC (Allocation Failure) [PSYoungGen: 211776K->12480K(218624K)] 424829K->225533K(541696K), 0.0126694 secs] [Times: user=0.03 sys=0.00, real=0.01 secs] 
2024-07-05T00:58:56.030+0800: 644.740: [GC (Allocation Failure) [PSYoungGen: 212160K->15136K(219136K)] 425213K->228253K(542208K), 0.0166836 secs] [Times: user=0.03 sys=0.00, real=0.02 secs] 
2024-07-05T00:58:56.310+0800: 645.021: [GC (Allocation Failure) [PSYoungGen: 215840K->13472K(219648K)] 428957K->226589K(542720K), 0.0143444 secs] [Times: user=0.02 sys=0.00, real=0.01 secs] 
2024-07-05T00:58:56.591+0800: 645.302: [GC (Allocation Failure) [PSYoungGen: 214176K->11690K(218624K)] 427293K->224807K(541696K), 0.0109030 secs] [Times: user=0.02 sys=0.00, real=0.01 secs] 
2024-07-05T00:58:56.869+0800: 645.579: [GC (Allocation Failure) [PSYoungGen: 212906K->9376K(219136K)] 426023K->222557K(542208K), 0.0094126 secs] [Times: user=0.02 sys=0.00, real=0.01 secs] 
2024-07-05T00:58:57.140+0800: 645.851: [GC (Allocation Failure) [PSYoungGen: 210592K->12096K(220160K)] 423773K->225277K(543232K), 0.0120819 secs] [Times: user=0.02 sys=0.01, real=0.01 secs] 
2024-07-05T00:58:57.413+0800: 646.123: [GC (Allocation Failure) [PSYoungGen: 214336K->14976K(220160K)] 427517K->228157K(543232K), 0.0148743 secs] [Times: user=0.03 sys=0.00, real=0.02 secs] 
2024-07-05T00:58:57.691+0800: 646.402: [GC (Allocation Failure) [PSYoungGen: 217216K->15392K(220160K)] 430397K->228637K(543232K), 0.0158160 secs] [Times: user=0.03 sys=0.00, real=0.02 secs] 
2024-07-05T00:58:57.986+0800: 646.697: [GC (Allocation Failure) [PSYoungGen: 217120K->13488K(220160K)] 430365K->226733K(543232K), 0.0123281 secs] [Times: user=0.03 sys=0.00, real=0.01 secs] 
2024-07-05T00:58:58.278+0800: 646.988: [GC (Allocation Failure) [PSYoungGen: 215216K->11088K(219136K)] 428461K->224333K(542208K), 0.0116368 secs] [Times: user=0.02 sys=0.00, real=0.01 secs] 
2024-07-05T00:58:58.570+0800: 647.280: [GC (Allocation Failure) [PSYoungGen: 212816K->11712K(219648K)] 426061K->225021K(542720K), 0.0201326 secs] [Times: user=0.02 sys=0.00, real=0.02 secs] 
2024-07-05T00:58:58.852+0800: 647.563: [GC (Allocation Failure) [PSYoungGen: 213440K->13568K(219648K)] 426749K->226877K(542720K), 0.0145949 secs] [Times: user=0.03 sys=0.00, real=0.02 secs] 
2024-07-05T00:58:59.137+0800: 647.847: [GC (Allocation Failure) [PSYoungGen: 216320K->14128K(220160K)] 429629K->227437K(543232K), 0.0140070 secs] [Times: user=0.03 sys=0.00, real=0.01 secs] 
2024-07-05T00:58:59.426+0800: 648.136: [GC (Allocation Failure) [PSYoungGen: 216880K->10944K(220672K)] 430189K->224285K(543744K), 0.0104865 secs] [Times: user=0.02 sys=0.00, real=0.02 secs] 
2024-07-05T00:58:59.716+0800: 648.426: [GC (Allocation Failure) [PSYoungGen: 214208K->7920K(220672K)] 427549K->221302K(543744K), 0.0090638 secs] [Times: user=0.02 sys=0.00, real=0.00 secs] 
2024-07-05T00:58:59.994+0800: 648.705: [GC (Allocation Failure) [PSYoungGen: 211184K->6656K(219648K)] 424566K->220038K(542720K), 0.0092625 secs] [Times: user=0.01 sys=0.00, real=0.00 secs] 
2024-07-05T00:59:00.287+0800: 648.998: [GC (Allocation Failure) [PSYoungGen: 208384K->12880K(220160K)] 421766K->226294K(543232K), 0.0134643 secs] [Times: user=0.03 sys=0.00, real=0.01 secs] 
2024-07-05T00:59:00.610+0800: 649.320: [GC (Allocation Failure) [PSYoungGen: 214608K->14080K(219648K)] 428022K->227526K(542720K), 0.0154635 secs] [Times: user=0.03 sys=0.00, real=0.01 secs] 
2024-07-05T00:59:00.924+0800: 649.634: [GC (Allocation Failure) [PSYoungGen: 215808K->6448K(208384K)] 429254K->219894K(531456K), 0.0069453 secs] [Times: user=0.01 sys=0.00, real=0.01 secs] 
2024-07-05T00:59:01.213+0800: 649.924: [GC (Allocation Failure) [PSYoungGen: 208176K->7728K(220160K)] 421622K->221214K(543232K), 0.0101510 secs] [Times: user=0.01 sys=0.00, real=0.01 secs] 
2024-07-05T00:59:01.498+0800: 650.209: [GC (Allocation Failure) [PSYoungGen: 208944K->7957K(219648K)] 422430K->221475K(542720K), 0.0093265 secs] [Times: user=0.01 sys=0.00, real=0.01 secs] 
2024-07-05T00:59:01.774+0800: 650.484: [GC (Allocation Failure) [PSYoungGen: 209173K->10704K(219648K)] 422691K->224222K(542720K), 0.0124113 secs] [Times: user=0.02 sys=0.00, real=0.01 secs] 
2024-07-05T00:59:02.054+0800: 650.765: [GC (Allocation Failure) [PSYoungGen: 212432K->13056K(219648K)] 425950K->226574K(542720K), 0.0134888 secs] [Times: user=0.03 sys=0.00, real=0.01 secs] 
2024-07-05T00:59:02.331+0800: 651.042: [GC (Allocation Failure) [PSYoungGen: 214784K->15520K(218624K)] 428302K->229102K(541696K), 0.0149337 secs] [Times: user=0.03 sys=0.00, real=0.02 secs] 
2024-07-05T00:59:02.622+0800: 651.332: [GC (Allocation Failure) [PSYoungGen: 216224K->11568K(219648K)] 429806K->225150K(542720K), 0.0133954 secs] [Times: user=0.02 sys=0.00, real=0.02 secs] 
2024-07-05T00:59:02.945+0800: 651.655: [GC (Allocation Failure) [PSYoungGen: 212272K->5232K(219136K)] 425854K->218814K(542208K), 0.0068221 secs] [Times: user=0.01 sys=0.00, real=0.01 secs] 
2024-07-05T00:59:03.262+0800: 651.973: [GC (Allocation Failure) [PSYoungGen: 206448K->13568K(219648K)] 420030K->227214K(542720K), 0.0228091 secs] [Times: user=0.04 sys=0.00, real=0.02 secs] 
2024-07-05T00:59:03.644+0800: 652.354: [GC (Allocation Failure) [PSYoungGen: 214784K->12896K(219648K)] 428430K->226542K(542720K), 0.0129211 secs] [Times: user=0.02 sys=0.00, real=0.02 secs] 
2024-07-05T00:59:03.913+0800: 652.623: [GC (Allocation Failure) [PSYoungGen: 213600K->15888K(217088K)] 427246K->229534K(540160K), 0.0151571 secs] [Times: user=0.03 sys=0.00, real=0.02 secs] 
2024-07-05T00:59:04.179+0800: 652.889: [GC (Allocation Failure) [PSYoungGen: 216592K->18944K(215552K)] 430238K->232654K(538624K), 0.0189006 secs] [Times: user=0.03 sys=0.00, real=0.02 secs] 
2024-07-05T00:59:04.465+0800: 653.175: [GC (Allocation Failure) [PSYoungGen: 214528K->14529K(217088K)] 428238K->228240K(540160K), 0.0132287 secs] [Times: user=0.02 sys=0.00, real=0.02 secs] 
2024-07-05T00:59:04.795+0800: 653.506: [GC (Allocation Failure) [PSYoungGen: 210113K->13472K(216064K)] 423824K->227190K(539136K), 0.0180851 secs] [Times: user=0.03 sys=0.00, real=0.01 secs] 
2024-07-05T00:59:05.128+0800: 653.839: [GC (Allocation Failure) [PSYoungGen: 209056K->17552K(216576K)] 422774K->231310K(539648K), 0.0175257 secs] [Times: user=0.03 sys=0.00, real=0.02 secs] 
2024-07-05T00:59:05.402+0800: 654.112: [GC (Allocation Failure) [PSYoungGen: 213136K->16416K(216576K)] 426894K->230214K(539648K), 0.0148741 secs] [Times: user=0.03 sys=0.00, real=0.02 secs] 
2024-07-05T00:59:05.688+0800: 654.398: [GC (Allocation Failure) [PSYoungGen: 210976K->11999K(206848K)] 424774K->225797K(529920K), 0.0153443 secs] [Times: user=0.02 sys=0.00, real=0.01 secs] 
2024-07-05T00:59:05.980+0800: 654.691: [GC (Allocation Failure) [PSYoungGen: 206559K->6746K(215552K)] 420357K->220576K(538624K), 0.0064407 secs] [Times: user=0.01 sys=0.00, real=0.01 secs] 
2024-07-05T00:59:06.330+0800: 655.041: [GC (Allocation Failure) [PSYoungGen: 200794K->9760K(216064K)] 414624K->223630K(539136K), 0.0188145 secs] [Times: user=0.03 sys=0.01, real=0.02 secs] 
2024-07-05T00:59:06.632+0800: 655.343: [GC (Allocation Failure) [PSYoungGen: 203808K->10896K(215552K)] 417678K->224766K(538624K), 0.0114904 secs] [Times: user=0.02 sys=0.00, real=0.01 secs] 
2024-07-05T00:59:06.887+0800: 655.598: [GC (Allocation Failure) [PSYoungGen: 205968K->15840K(216064K)] 419838K->229710K(539136K), 0.0151181 secs] [Times: user=0.03 sys=0.00, real=0.01 secs] 
2024-07-05T00:59:07.150+0800: 655.861: [GC (Allocation Failure) [PSYoungGen: 210912K->16736K(216064K)] 424782K->230670K(539136K), 0.0156195 secs] [Times: user=0.03 sys=0.00, real=0.02 secs] 
2024-07-05T00:59:07.490+0800: 656.200: [GC (Allocation Failure) [PSYoungGen: 211296K->13719K(216576K)] 425230K->227654K(539648K), 0.0205371 secs] [Times: user=0.04 sys=0.00, real=0.02 secs] 
2024-07-05T00:59:07.904+0800: 656.615: [GC (Allocation Failure) [PSYoungGen: 208279K->8144K(216576K)] 422214K->222078K(539648K), 0.0073991 secs] [Times: user=0.01 sys=0.00, real=0.01 secs] 
2024-07-05T00:59:08.277+0800: 656.987: [GC (Allocation Failure) [PSYoungGen: 203216K->12624K(207872K)] 417150K->226622K(530944K), 0.0137122 secs] [Times: user=0.03 sys=0.00, real=0.01 secs] 
2024-07-05T00:59:08.618+0800: 657.328: [GC (Allocation Failure) [PSYoungGen: 207696K->8928K(216064K)] 421694K->222926K(539136K), 0.0131543 secs] [Times: user=0.02 sys=0.00, real=0.01 secs] 
2024-07-05T00:59:08.949+0800: 657.659: [GC (Allocation Failure) [PSYoungGen: 204512K->14096K(216064K)] 418510K->228094K(539136K), 0.0166080 secs] [Times: user=0.02 sys=0.00, real=0.01 secs] 
2024-07-05T00:59:09.230+0800: 657.941: [GC (Allocation Failure) [PSYoungGen: 209680K->13632K(217088K)] 423678K->227670K(540160K), 0.0136348 secs] [Times: user=0.03 sys=0.00, real=0.01 secs] 
2024-07-05T00:59:09.510+0800: 658.221: [GC (Allocation Failure) [PSYoungGen: 211264K->14256K(217600K)] 425302K->228326K(540672K), 0.0134925 secs] [Times: user=0.03 sys=0.00, real=0.01 secs] 
2024-07-05T00:59:09.812+0800: 658.523: [GC (Allocation Failure) [PSYoungGen: 211888K->12207K(217600K)] 425958K->226277K(540672K), 0.0125850 secs] [Times: user=0.02 sys=0.00, real=0.01 secs] 
2024-07-05T00:59:10.122+0800: 658.832: [GC (Allocation Failure) [PSYoungGen: 210863K->15456K(218112K)] 424933K->229558K(541184K), 0.0185228 secs] [Times: user=0.03 sys=0.01, real=0.02 secs] 
2024-07-05T00:59:10.431+0800: 659.142: [GC (Allocation Failure) [PSYoungGen: 214112K->17040K(217600K)] 428214K->231182K(540672K), 0.0183064 secs] [Times: user=0.03 sys=0.00, real=0.02 secs] 
2024-07-05T00:59:10.762+0800: 659.473: [GC (Allocation Failure) [PSYoungGen: 214672K->6709K(204800K)] 428814K->220851K(527872K), 0.0076807 secs] [Times: user=0.02 sys=0.00, real=0.01 secs] 
2024-07-05T00:59:11.041+0800: 659.751: [GC (Allocation Failure) [PSYoungGen: 204341K->11616K(218112K)] 418483K->225758K(541184K), 0.0119458 secs] [Times: user=0.02 sys=0.00, real=0.01 secs] 
2024-07-05T00:59:11.326+0800: 660.036: [GC (Allocation Failure) [PSYoungGen: 208736K->16288K(217600K)] 422878K->230494K(540672K), 0.0186786 secs] [Times: user=0.04 sys=0.00, real=0.01 secs] 
2024-07-05T00:59:11.654+0800: 660.365: [GC (Allocation Failure) [PSYoungGen: 213408K->13136K(217600K)] 427614K->227342K(540672K), 0.0153700 secs] [Times: user=0.03 sys=0.00, real=0.01 secs] 
2024-07-05T00:59:12.031+0800: 660.741: [GC (Allocation Failure) [PSYoungGen: 210256K->13814K(217600K)] 424462K->228021K(540672K), 0.0128284 secs] [Times: user=0.02 sys=0.00, real=0.01 secs] 
2024-07-05T00:59:12.307+0800: 661.018: [GC (Allocation Failure) [PSYoungGen: 210934K->11056K(217600K)] 425141K->225326K(540672K), 0.0107073 secs] [Times: user=0.02 sys=0.00, real=0.01 secs] 
2024-07-05T00:59:12.590+0800: 661.301: [GC (Allocation Failure) [PSYoungGen: 209200K->11584K(217600K)] 423470K->225854K(540672K), 0.0122906 secs] [Times: user=0.02 sys=0.00, real=0.01 secs] 
2024-07-05T00:59:13.033+0800: 661.743: [GC (Allocation Failure) [PSYoungGen: 209728K->6900K(218112K)] 423998K->221171K(541184K), 0.0103590 secs] [Times: user=0.01 sys=0.00, real=0.01 secs] 
2024-07-05T00:59:13.312+0800: 662.023: [GC (Allocation Failure) [PSYoungGen: 206068K->9280K(218624K)] 420339K->223614K(541696K), 0.0105460 secs] [Times: user=0.02 sys=0.00, real=0.01 secs] 
2024-07-05T00:59:13.576+0800: 662.287: [GC (Allocation Failure) [PSYoungGen: 208448K->12480K(218112K)] 422782K->226814K(541184K), 0.0127896 secs] [Times: user=0.02 sys=0.00, real=0.01 secs] 
2024-07-05T00:59:13.842+0800: 662.552: [GC (Allocation Failure) [PSYoungGen: 212160K->16064K(218624K)] 426494K->230398K(541696K), 0.0169580 secs] [Times: user=0.03 sys=0.00, real=0.02 secs] 
2024-07-05T00:59:14.120+0800: 662.831: [GC (Allocation Failure) [PSYoungGen: 215744K->16688K(217088K)] 430078K->231062K(540160K), 0.0154167 secs] [Times: user=0.03 sys=0.00, real=0.02 secs] 
2024-07-05T00:59:14.401+0800: 663.112: [GC (Allocation Failure) [PSYoungGen: 214320K->12594K(218112K)] 428694K->227009K(541184K), 0.0119962 secs] [Times: user=0.02 sys=0.00, real=0.01 secs] 
2024-07-05T00:59:14.686+0800: 663.396: [GC (Allocation Failure) [PSYoungGen: 210226K->12800K(215552K)] 424641K->227214K(538624K), 0.0135444 secs] [Times: user=0.03 sys=0.00, real=0.01 secs] 
2024-07-05T00:59:14.951+0800: 663.662: [GC (Allocation Failure) [PSYoungGen: 210944K->16208K(217088K)] 425358K->230623K(540160K), 0.0157380 secs] [Times: user=0.03 sys=0.00, real=0.02 secs] 
2024-07-05T00:59:15.226+0800: 663.936: [GC (Allocation Failure) [PSYoungGen: 214352K->15552K(218624K)] 428767K->230031K(541696K), 0.0144595 secs] [Times: user=0.03 sys=0.00, real=0.01 secs] 
2024-07-05T00:59:15.502+0800: 664.213: [GC (Allocation Failure) [PSYoungGen: 214208K->14672K(218624K)] 428687K->229151K(541696K), 0.0144833 secs] [Times: user=0.03 sys=0.00, real=0.02 secs] 
2024-07-05T00:59:15.787+0800: 664.498: [GC (Allocation Failure) [PSYoungGen: 213328K->11216K(217600K)] 427807K->225695K(540672K), 0.0101393 secs] [Times: user=0.02 sys=0.00, real=0.01 secs] 
2024-07-05T00:59:16.070+0800: 664.781: [GC (Allocation Failure) [PSYoungGen: 209872K->7184K(218112K)] 424351K->221727K(541184K), 0.0067454 secs] [Times: user=0.01 sys=0.00, real=0.01 secs] 
2024-07-05T00:59:16.346+0800: 665.056: [GC (Allocation Failure) [PSYoungGen: 205840K->2896K(216576K)] 420383K->217439K(539648K), 0.0051644 secs] [Times: user=0.01 sys=0.00, real=0.00 secs] 
2024-07-05T00:59:16.608+0800: 665.319: [GC (Allocation Failure) [PSYoungGen: 199504K->8224K(217600K)] 414047K->222767K(540672K), 0.0119228 secs] [Times: user=0.02 sys=0.00, real=0.01 secs] 
2024-07-05T00:59:16.996+0800: 665.706: [GC (Allocation Failure) [PSYoungGen: 204832K->12704K(217088K)] 419375K->227311K(540160K), 0.0136222 secs] [Times: user=0.02 sys=0.00, real=0.01 secs] 
2024-07-05T00:59:17.260+0800: 665.970: [GC (Allocation Failure) [PSYoungGen: 209824K->15440K(217600K)] 424431K->230047K(540672K), 0.0157416 secs] [Times: user=0.03 sys=0.00, real=0.02 secs] 
2024-07-05T00:59:17.555+0800: 666.265: [GC (Allocation Failure) [PSYoungGen: 212560K->12608K(217600K)] 427167K->227215K(540672K), 0.0128229 secs] [Times: user=0.02 sys=0.00, real=0.01 secs] 
2024-07-05T00:59:17.835+0800: 666.545: [GC (Allocation Failure) [PSYoungGen: 209728K->9653K(217600K)] 424335K->224324K(540672K), 0.0099034 secs] [Times: user=0.01 sys=0.00, real=0.00 secs] 
2024-07-05T00:59:18.103+0800: 666.814: [GC (Allocation Failure) [PSYoungGen: 206773K->14512K(217600K)] 421444K->229183K(540672K), 0.0158926 secs] [Times: user=0.03 sys=0.00, real=0.02 secs] 
2024-07-05T00:59:18.378+0800: 667.088: [GC (Allocation Failure) [PSYoungGen: 212144K->16128K(217600K)] 426815K->230799K(540672K), 0.0170836 secs] [Times: user=0.03 sys=0.00, real=0.02 secs] 
2024-07-05T00:59:18.662+0800: 667.372: [GC (Allocation Failure) [PSYoungGen: 213760K->14800K(217600K)] 428431K->229511K(540672K), 0.0168494 secs] [Times: user=0.03 sys=0.00, real=0.02 secs] 
2024-07-05T00:59:19.086+0800: 667.796: [GC (Allocation Failure) [PSYoungGen: 211408K->8948K(217600K)] 426119K->223699K(540672K), 0.0110959 secs] [Times: user=0.02 sys=0.00, real=0.01 secs] 
2024-07-05T00:59:19.348+0800: 668.058: [GC (Allocation Failure) [PSYoungGen: 205556K->14816K(217600K)] 420307K->229567K(540672K), 0.0145690 secs] [Times: user=0.02 sys=0.00, real=0.01 secs] 
2024-07-05T00:59:19.616+0800: 668.327: [GC (Allocation Failure) [PSYoungGen: 211424K->13216K(209920K)] 426175K->227967K(532992K), 0.0123022 secs] [Times: user=0.03 sys=0.00, real=0.01 secs] 
2024-07-05T00:59:19.896+0800: 668.606: [GC (Allocation Failure) [PSYoungGen: 209824K->10720K(217600K)] 424575K->225535K(540672K), 0.0104499 secs] [Times: user=0.02 sys=0.00, real=0.01 secs] 
2024-07-05T00:59:20.174+0800: 668.884: [GC (Allocation Failure) [PSYoungGen: 207840K->12192K(217088K)] 422655K->227007K(540160K), 0.0143705 secs] [Times: user=0.03 sys=0.00, real=0.01 secs] 
2024-07-05T00:59:20.488+0800: 669.199: [GC (Allocation Failure) [PSYoungGen: 209312K->6344K(217600K)] 424127K->221159K(540672K), 0.0071594 secs] [Times: user=0.01 sys=0.00, real=0.01 secs] 
2024-07-05T00:59:20.779+0800: 669.490: [GC (Allocation Failure) [PSYoungGen: 204488K->12647K(217600K)] 419303K->227527K(540672K), 0.0138112 secs] [Times: user=0.03 sys=0.00, real=0.01 secs] 
2024-07-05T00:59:21.059+0800: 669.770: [GC (Allocation Failure) [PSYoungGen: 210791K->12928K(218624K)] 425671K->227807K(541696K), 0.0121807 secs] [Times: user=0.02 sys=0.00, real=0.01 secs] 
2024-07-05T00:59:21.341+0800: 670.051: [GC (Allocation Failure) [PSYoungGen: 212608K->11266K(218624K)] 427487K->226146K(541696K), 0.0110193 secs] [Times: user=0.02 sys=0.00, real=0.01 secs] 
2024-07-05T00:59:21.707+0800: 670.418: [GC (Allocation Failure) [PSYoungGen: 210946K->11936K(219136K)] 425826K->226879K(542208K), 0.0157440 secs] [Times: user=0.04 sys=0.00, real=0.01 secs] 
2024-07-05T00:59:22.030+0800: 670.741: [GC (Allocation Failure) [PSYoungGen: 213152K->13344K(219136K)] 428095K->228287K(542208K), 0.0125943 secs] [Times: user=0.02 sys=0.00, real=0.01 secs] 
2024-07-05T00:59:22.307+0800: 671.017: [GC (Allocation Failure) [PSYoungGen: 214560K->12636K(219648K)] 429503K->227579K(542720K), 0.0120632 secs] [Times: user=0.03 sys=0.00, real=0.01 secs] 
2024-07-05T00:59:22.586+0800: 671.296: [GC (Allocation Failure) [PSYoungGen: 215388K->11952K(220160K)] 430331K->226927K(543232K), 0.0114387 secs] [Times: user=0.02 sys=0.00, real=0.01 secs] 
2024-07-05T00:59:22.871+0800: 671.582: [GC (Allocation Failure) [PSYoungGen: 214704K->10272K(221184K)] 429679K->225287K(544256K), 0.0102060 secs] [Times: user=0.02 sys=0.00, real=0.01 secs] 
2024-07-05T00:59:23.154+0800: 671.865: [GC (Allocation Failure) [PSYoungGen: 214560K->14000K(221184K)] 429575K->229015K(544256K), 0.0138927 secs] [Times: user=0.03 sys=0.00, real=0.01 secs] 
2024-07-05T00:59:23.434+0800: 672.144: [GC (Allocation Failure) [PSYoungGen: 218288K->15168K(219648K)] 433303K->230223K(542720K), 0.0157812 secs] [Times: user=0.03 sys=0.00, real=0.01 secs] 
2024-07-05T00:59:23.713+0800: 672.424: [GC (Allocation Failure) [PSYoungGen: 217920K->13680K(220672K)] 432975K->228767K(543744K), 0.0170739 secs] [Times: user=0.03 sys=0.00, real=0.02 secs] 
2024-07-05T00:59:23.996+0800: 672.706: [GC (Allocation Failure) [PSYoungGen: 216432K->12784K(219648K)] 431519K->227879K(542720K), 0.0120351 secs] [Times: user=0.02 sys=0.00, real=0.01 secs] 
2024-07-05T00:59:24.277+0800: 672.988: [GC (Allocation Failure) [PSYoungGen: 215536K->11008K(220160K)] 430631K->226143K(543232K), 0.0125657 secs] [Times: user=0.02 sys=0.00, real=0.01 secs] 
2024-07-05T00:59:24.561+0800: 673.272: [GC (Allocation Failure) [PSYoungGen: 213760K->9216K(220672K)] 428895K->224383K(543744K), 0.0138111 secs] [Times: user=0.01 sys=0.00, real=0.02 secs] 
2024-07-05T00:59:24.853+0800: 673.563: [GC (Allocation Failure) [PSYoungGen: 212992K->13584K(221184K)] 428159K->228751K(544256K), 0.0135168 secs] [Times: user=0.02 sys=0.00, real=0.02 secs] 
2024-07-05T00:59:25.135+0800: 673.846: [GC (Allocation Failure) [PSYoungGen: 217360K->14016K(221184K)] 432527K->229223K(544256K), 0.0169916 secs] [Times: user=0.03 sys=0.00, real=0.01 secs] 
2024-07-05T00:59:25.445+0800: 674.156: [GC (Allocation Failure) [PSYoungGen: 217792K->17376K(221184K)] 432999K->232791K(544256K), 0.0185752 secs] [Times: user=0.04 sys=0.00, real=0.02 secs] 
2024-07-05T00:59:25.772+0800: 674.483: [GC (Allocation Failure) [PSYoungGen: 221152K->12560K(219136K)] 436567K->231414K(542208K), 0.0160773 secs] [Times: user=0.03 sys=0.00, real=0.02 secs] 
2024-07-05T00:59:26.079+0800: 674.790: [GC (Allocation Failure) [PSYoungGen: 214288K->8405K(220160K)] 433142K->227900K(543232K), 0.0108498 secs] [Times: user=0.01 sys=0.00, real=0.01 secs] 
2024-07-05T00:59:26.358+0800: 675.069: [GC (Allocation Failure) [PSYoungGen: 210133K->10496K(220160K)] 429628K->230030K(543232K), 0.0108669 secs] [Times: user=0.02 sys=0.00, real=0.01 secs] 
2024-07-05T00:59:26.625+0800: 675.336: [GC (Allocation Failure) [PSYoungGen: 212224K->12960K(215040K)] 431758K->232494K(538112K), 0.0130006 secs] [Times: user=0.03 sys=0.00, real=0.02 secs] 
2024-07-05T00:59:26.893+0800: 675.604: [GC (Allocation Failure) [PSYoungGen: 214688K->15504K(219136K)] 434222K->235038K(542208K), 0.0158982 secs] [Times: user=0.03 sys=0.00, real=0.02 secs] 
2024-07-05T00:59:27.170+0800: 675.880: [GC (Allocation Failure) [PSYoungGen: 216720K->16304K(217600K)] 436254K->235902K(540672K), 0.0158699 secs] [Times: user=0.03 sys=0.00, real=0.02 secs] 
2024-07-05T00:59:27.467+0800: 676.178: [GC (Allocation Failure) [PSYoungGen: 217520K->14320K(219136K)] 437118K->233918K(542208K), 0.0145334 secs] [Times: user=0.03 sys=0.00, real=0.01 secs] 
2024-07-05T00:59:27.752+0800: 676.462: [GC (Allocation Failure) [PSYoungGen: 214000K->10581K(210432K)] 433598K->230180K(533504K), 0.0104047 secs] [Times: user=0.02 sys=0.00, real=0.01 secs] 
2024-07-05T00:59:28.024+0800: 676.734: [GC (Allocation Failure) [PSYoungGen: 210261K->13024K(219136K)] 429860K->232686K(542208K), 0.0130356 secs] [Times: user=0.03 sys=0.00, real=0.02 secs] 
2024-07-05T00:59:28.287+0800: 676.998: [GC (Allocation Failure) [PSYoungGen: 213216K->15440K(218624K)] 432878K->235102K(541696K), 0.0159776 secs] [Times: user=0.03 sys=0.00, real=0.01 secs] 
2024-07-05T00:59:28.580+0800: 677.290: [GC (Allocation Failure) [PSYoungGen: 215632K->11904K(219648K)] 435294K->231566K(542720K), 0.0118343 secs] [Times: user=0.02 sys=0.00, real=0.01 secs] 
2024-07-05T00:59:28.886+0800: 677.596: [GC (Allocation Failure) [PSYoungGen: 213120K->6448K(207872K)] 432782K->226142K(530944K), 0.0087290 secs] [Times: user=0.01 sys=0.00, real=0.01 secs] 
2024-07-05T00:59:29.158+0800: 677.868: [GC (Allocation Failure) [PSYoungGen: 207664K->10928K(219648K)] 427358K->230662K(542720K), 0.0143408 secs] [Times: user=0.02 sys=0.00, real=0.01 secs] 
2024-07-05T00:59:29.442+0800: 678.152: [GC (Allocation Failure) [PSYoungGen: 211120K->14032K(219136K)] 430854K->233766K(542208K), 0.0142759 secs] [Times: user=0.03 sys=0.00, real=0.02 secs] 
2024-07-05T00:59:29.726+0800: 678.436: [GC (Allocation Failure) [PSYoungGen: 214224K->17440K(217600K)] 433958K->237206K(540672K), 0.0182008 secs] [Times: user=0.04 sys=0.00, real=0.01 secs] 
2024-07-05T00:59:30.006+0800: 678.716: [GC (Allocation Failure) [PSYoungGen: 216096K->15616K(214528K)] 435862K->235414K(537600K), 0.0143055 secs] [Times: user=0.03 sys=0.00, real=0.01 secs] 
2024-07-05T00:59:30.330+0800: 679.040: [GC (Allocation Failure) [PSYoungGen: 214272K->10848K(218624K)] 434070K->230646K(541696K), 0.0125124 secs] [Times: user=0.02 sys=0.00, real=0.01 secs] 
2024-07-05T00:59:30.626+0800: 679.336: [GC (Allocation Failure) [PSYoungGen: 208992K->14000K(218112K)] 428790K->233838K(541184K), 0.0144741 secs] [Times: user=0.03 sys=0.00, real=0.01 secs] 
2024-07-05T00:59:30.907+0800: 679.617: [GC (Allocation Failure) [PSYoungGen: 212144K->13520K(218112K)] 431982K->233390K(541184K), 0.0131811 secs] [Times: user=0.02 sys=0.00, real=0.01 secs] 
2024-07-05T00:59:31.182+0800: 679.893: [GC (Allocation Failure) [PSYoungGen: 212176K->11994K(218112K)] 432046K->231864K(541184K), 0.0115242 secs] [Times: user=0.02 sys=0.00, real=0.01 secs] 
2024-07-05T00:59:31.459+0800: 680.170: [GC (Allocation Failure) [PSYoungGen: 210650K->9120K(218624K)] 430520K->229030K(541696K), 0.0090852 secs] [Times: user=0.02 sys=0.00, real=0.01 secs] 
2024-07-05T00:59:31.729+0800: 680.440: [GC (Allocation Failure) [PSYoungGen: 208800K->13648K(218624K)] 428710K->233598K(541696K), 0.0141232 secs] [Times: user=0.03 sys=0.00, real=0.01 secs] 
2024-07-05T00:59:32.002+0800: 680.712: [GC (Allocation Failure) [PSYoungGen: 213328K->14976K(219648K)] 433278K->234926K(542720K), 0.0150732 secs] [Times: user=0.03 sys=0.00, real=0.02 secs] 
2024-07-05T00:59:32.293+0800: 681.004: [GC (Allocation Failure) [PSYoungGen: 215680K->15776K(216576K)] 435630K->235726K(539648K), 0.0146660 secs] [Times: user=0.03 sys=0.00, real=0.02 secs] 
2024-07-05T00:59:32.573+0800: 681.284: [GC (Allocation Failure) [PSYoungGen: 216480K->13898K(219648K)] 436430K->233912K(542720K), 0.0127840 secs] [Times: user=0.03 sys=0.00, real=0.02 secs] 
2024-07-05T00:59:32.854+0800: 681.564: [GC (Allocation Failure) [PSYoungGen: 214090K->10944K(219136K)] 434104K->230958K(542208K), 0.0104600 secs] [Times: user=0.02 sys=0.00, real=0.00 secs] 
2024-07-05T00:59:33.134+0800: 681.844: [GC (Allocation Failure) [PSYoungGen: 211136K->13552K(219136K)] 431150K->233566K(542208K), 0.0151937 secs] [Times: user=0.03 sys=0.00, real=0.01 secs] 
2024-07-05T00:59:33.473+0800: 682.184: [GC (Allocation Failure) [PSYoungGen: 214256K->16144K(219136K)] 434270K->236198K(542208K), 0.0294504 secs] [Times: user=0.06 sys=0.00, real=0.03 secs] 
2024-07-05T00:59:33.770+0800: 682.480: [GC (Allocation Failure) [PSYoungGen: 216848K->16000K(219136K)] 436902K->236094K(542208K), 0.0155402 secs] [Times: user=0.03 sys=0.00, real=0.01 secs] 
2024-07-05T00:59:34.112+0800: 682.823: [GC (Allocation Failure) [PSYoungGen: 215680K->10112K(219136K)] 435774K->230207K(542208K), 0.0127273 secs] [Times: user=0.02 sys=0.00, real=0.01 secs] 
2024-07-05T00:59:34.389+0800: 683.099: [GC (Allocation Failure) [PSYoungGen: 209792K->12784K(218112K)] 429887K->232911K(541184K), 0.0127738 secs] [Times: user=0.03 sys=0.00, real=0.01 secs] 
2024-07-05T00:59:34.657+0800: 683.368: [GC (Allocation Failure) [PSYoungGen: 212464K->16896K(218624K)] 432591K->237063K(541696K), 0.0172600 secs] [Times: user=0.03 sys=0.00, real=0.02 secs] 
2024-07-05T00:59:34.941+0800: 683.651: [GC (Allocation Failure) [PSYoungGen: 216576K->14576K(219136K)] 436743K->234743K(542208K), 0.0139132 secs] [Times: user=0.03 sys=0.00, real=0.02 secs] 
2024-07-05T00:59:35.222+0800: 683.933: [GC (Allocation Failure) [PSYoungGen: 213744K->12576K(218624K)] 433911K->232783K(541696K), 0.0122567 secs] [Times: user=0.02 sys=0.00, real=0.02 secs] 
2024-07-05T00:59:35.550+0800: 684.260: [GC (Allocation Failure) [PSYoungGen: 211744K->10976K(218624K)] 431951K->231223K(541696K), 0.0151322 secs] [Times: user=0.02 sys=0.00, real=0.01 secs] 
2024-07-05T00:59:35.832+0800: 684.542: [GC (Allocation Failure) [PSYoungGen: 210656K->14864K(218624K)] 430903K->235111K(541696K), 0.0144680 secs] [Times: user=0.03 sys=0.00, real=0.02 secs] 
2024-07-05T00:59:36.099+0800: 684.810: [GC (Allocation Failure) [PSYoungGen: 214544K->18288K(216576K)] 434791K->238567K(539648K), 0.0176579 secs] [Times: user=0.03 sys=0.00, real=0.02 secs] 
2024-07-05T00:59:36.381+0800: 685.092: [GC (Allocation Failure) [PSYoungGen: 215920K->14975K(218112K)] 436199K->235286K(541184K), 0.0134525 secs] [Times: user=0.03 sys=0.00, real=0.02 secs] 
2024-07-05T00:59:36.662+0800: 685.373: [GC (Allocation Failure) [PSYoungGen: 212607K->11701K(217600K)] 432918K->232012K(540672K), 0.0125575 secs] [Times: user=0.02 sys=0.00, real=0.02 secs] 
2024-07-05T00:59:36.936+0800: 685.646: [GC (Allocation Failure) [PSYoungGen: 209845K->13328K(218112K)] 430156K->233679K(541184K), 0.0136201 secs] [Times: user=0.02 sys=0.00, real=0.01 secs] 
2024-07-05T00:59:37.210+0800: 685.920: [GC (Allocation Failure) [PSYoungGen: 211472K->11744K(218624K)] 431823K->232095K(541696K), 0.0146839 secs] [Times: user=0.03 sys=0.00, real=0.01 secs] 
2024-07-05T00:59:37.487+0800: 686.197: [GC (Allocation Failure) [PSYoungGen: 210912K->9728K(218624K)] 431263K->230119K(541696K), 0.0093934 secs] [Times: user=0.02 sys=0.00, real=0.01 secs] 
2024-07-05T00:59:37.782+0800: 686.492: [GC (Allocation Failure) [PSYoungGen: 208896K->11088K(218112K)] 429287K->231519K(541184K), 0.0123311 secs] [Times: user=0.02 sys=0.00, real=0.02 secs] 
2024-07-05T00:59:38.046+0800: 686.757: [GC (Allocation Failure) [PSYoungGen: 210768K->14272K(218624K)] 431199K->234703K(541696K), 0.0143152 secs] [Times: user=0.02 sys=0.00, real=0.01 secs] 
2024-07-05T00:59:38.314+0800: 687.024: [GC (Allocation Failure) [PSYoungGen: 213952K->16128K(218624K)] 434383K->236599K(541696K), 0.0150969 secs] [Times: user=0.03 sys=0.00, real=0.01 secs] 
2024-07-05T00:59:38.594+0800: 687.304: [GC (Allocation Failure) [PSYoungGen: 215808K->13120K(219136K)] 436279K->233591K(542208K), 0.0121971 secs] [Times: user=0.03 sys=0.00, real=0.01 secs] 
2024-07-05T00:59:38.874+0800: 687.584: [GC (Allocation Failure) [PSYoungGen: 212800K->10741K(219136K)] 433271K->231252K(542208K), 0.0104435 secs] [Times: user=0.02 sys=0.00, real=0.00 secs] 
2024-07-05T00:59:39.146+0800: 687.857: [GC (Allocation Failure) [PSYoungGen: 210933K->12928K(219136K)] 431444K->233479K(542208K), 0.0129946 secs] [Times: user=0.03 sys=0.00, real=0.01 secs] 
2024-07-05T00:59:39.422+0800: 688.132: [GC (Allocation Failure) [PSYoungGen: 213120K->14064K(219136K)] 433671K->234615K(542208K), 0.0142733 secs] [Times: user=0.03 sys=0.00, real=0.02 secs] 
2024-07-05T00:59:39.698+0800: 688.408: [GC (Allocation Failure) [PSYoungGen: 214768K->12199K(219136K)] 435319K->232790K(542208K), 0.0136317 secs] [Times: user=0.03 sys=0.00, real=0.01 secs] 
2024-07-05T00:59:39.972+0800: 688.683: [GC (Allocation Failure) [PSYoungGen: 212903K->10976K(219648K)] 433494K->231607K(542720K), 0.0102585 secs] [Times: user=0.02 sys=0.00, real=0.01 secs] 
2024-07-05T00:59:40.251+0800: 688.962: [GC (Allocation Failure) [PSYoungGen: 212704K->8708K(219648K)] 433335K->229339K(542720K), 0.0089218 secs] [Times: user=0.01 sys=0.00, real=0.01 secs] 
2024-07-05T00:59:40.526+0800: 689.236: [GC (Allocation Failure) [PSYoungGen: 210436K->13472K(220672K)] 431067K->234135K(543744K), 0.0148283 secs] [Times: user=0.02 sys=0.00, real=0.02 secs] 
2024-07-05T00:59:40.810+0800: 689.520: [GC (Allocation Failure) [PSYoungGen: 216224K->15872K(219136K)] 436887K->236575K(542208K), 0.0170824 secs] [Times: user=0.03 sys=0.01, real=0.02 secs] 
2024-07-05T00:59:41.095+0800: 689.806: [GC (Allocation Failure) [PSYoungGen: 218624K->15008K(219136K)] 439327K->235711K(542208K), 0.0141809 secs] [Times: user=0.03 sys=0.00, real=0.01 secs] 
2024-07-05T00:59:41.376+0800: 690.086: [GC (Allocation Failure) [PSYoungGen: 215712K->13680K(219648K)] 436415K->234423K(542720K), 0.0137146 secs] [Times: user=0.02 sys=0.00, real=0.01 secs] 
2024-07-05T00:59:41.661+0800: 690.371: [GC (Allocation Failure) [PSYoungGen: 214384K->11360K(219648K)] 435127K->232135K(542720K), 0.0109279 secs] [Times: user=0.02 sys=0.00, real=0.01 secs] 
2024-07-05T00:59:41.938+0800: 690.648: [GC (Allocation Failure) [PSYoungGen: 212576K->13104K(219648K)] 433351K->233879K(542720K), 0.0131149 secs] [Times: user=0.03 sys=0.00, real=0.01 secs] 
2024-07-05T00:59:42.215+0800: 690.926: [GC (Allocation Failure) [PSYoungGen: 214320K->15744K(219136K)] 435095K->236559K(542208K), 0.0175281 secs] [Times: user=0.03 sys=0.00, real=0.01 secs] 
2024-07-05T00:59:42.497+0800: 691.208: [GC (Allocation Failure) [PSYoungGen: 216960K->17920K(219648K)] 437775K->238735K(542720K), 0.0175717 secs] [Times: user=0.04 sys=0.00, real=0.02 secs] 
2024-07-05T00:59:42.782+0800: 691.492: [GC (Allocation Failure) [PSYoungGen: 219136K->17904K(216576K)] 439951K->238759K(539648K), 0.0168735 secs] [Times: user=0.04 sys=0.00, real=0.02 secs] 
2024-07-05T00:59:43.076+0800: 691.786: [GC (Allocation Failure) [PSYoungGen: 215536K->13600K(218112K)] 436391K->234488K(541184K), 0.0138528 secs] [Times: user=0.02 sys=0.00, real=0.01 secs] 
2024-07-05T00:59:43.370+0800: 692.080: [GC (Allocation Failure) [PSYoungGen: 211232K->13600K(216576K)] 432120K->234487K(539648K), 0.0151098 secs] [Times: user=0.03 sys=0.00, real=0.01 secs] 
2024-07-05T00:59:43.654+0800: 692.364: [GC (Allocation Failure) [PSYoungGen: 211744K->10688K(217600K)] 432631K->231608K(540672K), 0.0104540 secs] [Times: user=0.02 sys=0.00, real=0.01 secs] 
2024-07-05T00:59:43.929+0800: 692.640: [GC (Allocation Failure) [PSYoungGen: 208832K->8389K(218112K)] 429752K->229309K(541184K), 0.0100659 secs] [Times: user=0.02 sys=0.00, real=0.01 secs] 
2024-07-05T00:59:44.196+0800: 692.907: [GC (Allocation Failure) [PSYoungGen: 207045K->10832K(218624K)] 427965K->231791K(541696K), 0.0118094 secs] [Times: user=0.03 sys=0.00, real=0.01 secs] 
2024-07-05T00:59:44.461+0800: 693.172: [GC (Allocation Failure) [PSYoungGen: 209488K->14944K(218624K)] 430447K->235935K(541696K), 0.0147535 secs] [Times: user=0.03 sys=0.00, real=0.02 secs] 
2024-07-05T00:59:44.752+0800: 693.463: [GC (Allocation Failure) [PSYoungGen: 213600K->13968K(212992K)] 434591K->234959K(536064K), 0.0144137 secs] [Times: user=0.03 sys=0.00, real=0.02 secs] 
2024-07-05T00:59:45.069+0800: 693.780: [GC (Allocation Failure) [PSYoungGen: 212624K->13344K(218624K)] 433615K->234367K(541696K), 0.0122716 secs] [Times: user=0.02 sys=0.00, real=0.01 secs] 
2024-07-05T00:59:45.346+0800: 694.057: [GC (Allocation Failure) [PSYoungGen: 212512K->11600K(218112K)] 433535K->232663K(541184K), 0.0128591 secs] [Times: user=0.03 sys=0.00, real=0.01 secs] 
2024-07-05T00:59:45.626+0800: 694.337: [GC (Allocation Failure) [PSYoungGen: 210768K->13504K(218624K)] 431831K->234567K(541696K), 0.0137747 secs] [Times: user=0.02 sys=0.00, real=0.01 secs] 
2024-07-05T00:59:45.910+0800: 694.620: [GC (Allocation Failure) [PSYoungGen: 213696K->10064K(218624K)] 434759K->231159K(541696K), 0.0109017 secs] [Times: user=0.02 sys=0.00, real=0.01 secs] 
2024-07-05T00:59:46.187+0800: 694.898: [GC (Allocation Failure) [PSYoungGen: 210256K->8768K(220160K)] 431351K->229895K(543232K), 0.0095834 secs] [Times: user=0.02 sys=0.00, real=0.01 secs] 
2024-07-05T00:59:46.463+0800: 695.174: [GC (Allocation Failure) [PSYoungGen: 210496K->7264K(209408K)] 431623K->228391K(532480K), 0.0076905 secs] [Times: user=0.01 sys=0.00, real=0.01 secs] 
2024-07-05T00:59:46.734+0800: 695.444: [GC (Allocation Failure) [PSYoungGen: 208992K->10368K(220160K)] 430119K->231535K(543232K), 0.0115390 secs] [Times: user=0.02 sys=0.00, real=0.00 secs] 
2024-07-05T00:59:47.001+0800: 695.712: [GC (Allocation Failure) [PSYoungGen: 211584K->13776K(219648K)] 432751K->234943K(542720K), 0.0139159 secs] [Times: user=0.03 sys=0.00, real=0.02 secs] 
2024-07-05T00:59:47.267+0800: 695.977: [GC (Allocation Failure) [PSYoungGen: 214992K->16720K(218112K)] 436159K->237919K(541184K), 0.0161157 secs] [Times: user=0.03 sys=0.00, real=0.01 secs] 
2024-07-05T00:59:47.534+0800: 696.245: [GC (Allocation Failure) [PSYoungGen: 216400K->18976K(219136K)] 437599K->240215K(542208K), 0.0176923 secs] [Times: user=0.03 sys=0.00, real=0.01 secs] 
2024-07-05T00:59:47.832+0800: 696.542: [GC (Allocation Failure) [PSYoungGen: 218656K->16537K(214016K)] 439895K->237777K(537088K), 0.0147435 secs] [Times: user=0.03 sys=0.00, real=0.02 secs] 
2024-07-05T00:59:48.112+0800: 696.822: [GC (Allocation Failure) [PSYoungGen: 211097K->10384K(216576K)] 432337K->231663K(539648K), 0.0093303 secs] [Times: user=0.01 sys=0.00, real=0.01 secs] 
2024-07-05T00:59:48.389+0800: 697.100: [GC (Allocation Failure) [PSYoungGen: 204944K->5407K(216064K)] 426223K->226718K(539136K), 0.0055169 secs] [Times: user=0.01 sys=0.00, real=0.01 secs] 
2024-07-05T00:59:48.664+0800: 697.375: [GC (Allocation Failure) [PSYoungGen: 199967K->4485K(199168K)] 421278K->225797K(522240K), 0.0060974 secs] [Times: user=0.01 sys=0.00, real=0.01 secs] 
2024-07-05T00:59:48.919+0800: 697.630: [GC (Allocation Failure) [PSYoungGen: 199045K->11936K(217088K)] 420357K->233280K(540160K), 0.0122884 secs] [Times: user=0.03 sys=0.00, real=0.01 secs] 
2024-07-05T00:59:49.176+0800: 697.887: [GC (Allocation Failure) [PSYoungGen: 206496K->17072K(216064K)] 427840K->238416K(539136K), 0.0161836 secs] [Times: user=0.03 sys=0.00, real=0.01 secs] 
2024-07-05T00:59:49.441+0800: 698.152: [GC (Allocation Failure) [PSYoungGen: 211632K->17616K(214016K)] 432976K->238992K(537088K), 0.0163039 secs] [Times: user=0.03 sys=0.00, real=0.02 secs] 
2024-07-05T00:59:49.720+0800: 698.431: [GC (Allocation Failure) [PSYoungGen: 209104K->10672K(215040K)] 430480K->232088K(538112K), 0.0097944 secs] [Times: user=0.02 sys=0.00, real=0.01 secs] 
2024-07-05T00:59:50.001+0800: 698.711: [GC (Allocation Failure) [PSYoungGen: 202160K->4272K(214528K)] 423576K->225688K(537600K), 0.0046133 secs] [Times: user=0.01 sys=0.00, real=0.00 secs] 
2024-07-05T00:59:50.272+0800: 698.983: [GC (Allocation Failure) [PSYoungGen: 196272K->6624K(215040K)] 417688K->228080K(538112K), 0.0099695 secs] [Times: user=0.02 sys=0.00, real=0.01 secs] 
2024-07-05T00:59:50.523+0800: 699.234: [GC (Allocation Failure) [PSYoungGen: 198624K->14816K(215552K)] 420080K->236304K(538624K), 0.0147580 secs] [Times: user=0.03 sys=0.00, real=0.02 secs] 
2024-07-05T00:59:50.790+0800: 699.500: [GC (Allocation Failure) [PSYoungGen: 207328K->15120K(207872K)] 428816K->236608K(530944K), 0.0158401 secs] [Times: user=0.02 sys=0.01, real=0.02 secs] 
2024-07-05T00:59:51.062+0800: 699.772: [GC (Allocation Failure) [PSYoungGen: 207632K->11104K(216064K)] 429120K->232624K(539136K), 0.0106607 secs] [Times: user=0.02 sys=0.00, real=0.01 secs] 
2024-07-05T00:59:51.322+0800: 700.033: [GC (Allocation Failure) [PSYoungGen: 203616K->13760K(206336K)] 425136K->235280K(529408K), 0.0134083 secs] [Times: user=0.02 sys=0.00, real=0.02 secs] 
2024-07-05T00:59:51.592+0800: 700.303: [GC (Allocation Failure) [PSYoungGen: 206272K->9376K(215040K)] 427792K->230928K(538112K), 0.0097822 secs] [Times: user=0.02 sys=0.00, real=0.01 secs] 
2024-07-05T00:59:51.852+0800: 700.563: [GC (Allocation Failure) [PSYoungGen: 202400K->12016K(214528K)] 423952K->233568K(537600K), 0.0122968 secs] [Times: user=0.03 sys=0.00, real=0.01 secs] 
2024-07-05T00:59:52.104+0800: 700.815: [GC (Allocation Failure) [PSYoungGen: 205040K->17696K(214016K)] 426592K->239288K(537088K), 0.0174784 secs] [Times: user=0.03 sys=0.00, real=0.02 secs] 
2024-07-05T00:59:52.390+0800: 701.100: [GC (Allocation Failure) [PSYoungGen: 211232K->12810K(215552K)] 432824K->234442K(538624K), 0.0121017 secs] [Times: user=0.03 sys=0.00, real=0.01 secs] 
2024-07-05T00:59:52.662+0800: 701.372: [GC (Allocation Failure) [PSYoungGen: 206346K->13344K(215040K)] 427978K->234976K(538112K), 0.0148051 secs] [Times: user=0.03 sys=0.00, real=0.02 secs] 
2024-07-05T00:59:52.931+0800: 701.642: [GC (Allocation Failure) [PSYoungGen: 208928K->12432K(216064K)] 430560K->234096K(539136K), 0.0117874 secs] [Times: user=0.02 sys=0.00, real=0.01 secs] 
2024-07-05T00:59:53.211+0800: 701.922: [GC (Allocation Failure) [PSYoungGen: 208016K->10000K(216576K)] 429680K->231696K(539648K), 0.0098157 secs] [Times: user=0.02 sys=0.00, real=0.01 secs] 
2024-07-05T00:59:53.482+0800: 702.192: [GC (Allocation Failure) [PSYoungGen: 208144K->11392K(217600K)] 429840K->233088K(540672K), 0.0150124 secs] [Times: user=0.02 sys=0.00, real=0.02 secs] 
2024-07-05T00:59:53.745+0800: 702.456: [GC (Allocation Failure) [PSYoungGen: 209536K->14880K(218624K)] 431232K->236616K(541696K), 0.0143330 secs] [Times: user=0.03 sys=0.00, real=0.02 secs] 
2024-07-05T00:59:54.012+0800: 702.723: [GC (Allocation Failure) [PSYoungGen: 214560K->16928K(217088K)] 436296K->238664K(540160K), 0.0170371 secs] [Times: user=0.04 sys=0.00, real=0.02 secs] 
2024-07-05T00:59:54.290+0800: 703.001: [GC (Allocation Failure) [PSYoungGen: 216608K->13840K(218624K)] 438344K->235616K(541696K), 0.0127900 secs] [Times: user=0.03 sys=0.00, real=0.01 secs] 
2024-07-05T00:59:54.577+0800: 703.287: [GC (Allocation Failure) [PSYoungGen: 211984K->10733K(218112K)] 433760K->232549K(541184K), 0.0107273 secs] [Times: user=0.03 sys=0.00, real=0.01 secs] 
2024-07-05T00:59:54.846+0800: 703.556: [GC (Allocation Failure) [PSYoungGen: 208877K->13968K(218112K)] 430693K->235784K(541184K), 0.0141534 secs] [Times: user=0.03 sys=0.00, real=0.01 secs] 
2024-07-05T00:59:55.121+0800: 703.832: [GC (Allocation Failure) [PSYoungGen: 212624K->13104K(218112K)] 434440K->234960K(541184K), 0.0125280 secs] [Times: user=0.02 sys=0.00, real=0.02 secs] 
2024-07-05T00:59:55.400+0800: 704.110: [GC (Allocation Failure) [PSYoungGen: 211760K->11360K(218624K)] 433616K->233216K(541696K), 0.0109776 secs] [Times: user=0.02 sys=0.00, real=0.01 secs] 
2024-07-05T00:59:55.677+0800: 704.388: [GC (Allocation Failure) [PSYoungGen: 211552K->9408K(218624K)] 433408K->231304K(541696K), 0.0092666 secs] [Times: user=0.02 sys=0.00, real=0.01 secs] 
2024-07-05T00:59:55.947+0800: 704.658: [GC (Allocation Failure) [PSYoungGen: 209600K->12880K(220160K)] 431496K->234808K(543232K), 0.0133635 secs] [Times: user=0.03 sys=0.00, real=0.01 secs] 
2024-07-05T00:59:56.221+0800: 704.932: [GC (Allocation Failure) [PSYoungGen: 214608K->15232K(217088K)] 436536K->237160K(540160K), 0.0150201 secs] [Times: user=0.03 sys=0.00, real=0.02 secs] 
2024-07-05T00:59:56.503+0800: 705.214: [GC (Allocation Failure) [PSYoungGen: 216960K->12640K(220672K)] 438888K->234608K(543744K), 0.0136916 secs] [Times: user=0.02 sys=0.00, real=0.02 secs] 
2024-07-05T00:59:56.786+0800: 705.496: [GC (Allocation Failure) [PSYoungGen: 214368K->10850K(219648K)] 436336K->232859K(542720K), 0.0108834 secs] [Times: user=0.02 sys=0.00, real=0.01 secs] 
2024-07-05T00:59:57.069+0800: 705.779: [GC (Allocation Failure) [PSYoungGen: 212578K->8188K(219648K)] 434587K->230196K(542720K), 0.0086592 secs] [Times: user=0.02 sys=0.00, real=0.01 secs] 
2024-07-05T00:59:57.345+0800: 706.056: [GC (Allocation Failure) [PSYoungGen: 209916K->12848K(219648K)] 431924K->234888K(542720K), 0.0140430 secs] [Times: user=0.03 sys=0.00, real=0.02 secs] 
2024-07-05T00:59:57.635+0800: 706.346: [GC (Allocation Failure) [PSYoungGen: 214576K->15616K(219648K)] 436616K->237696K(542720K), 0.0153738 secs] [Times: user=0.03 sys=0.00, real=0.01 secs] 
2024-07-05T00:59:57.904+0800: 706.615: [GC (Allocation Failure) [PSYoungGen: 217344K->17712K(219648K)] 439424K->239792K(542720K), 0.0167924 secs] [Times: user=0.03 sys=0.00, real=0.02 secs] 
2024-07-05T00:59:58.182+0800: 706.892: [GC (Allocation Failure) [PSYoungGen: 219440K->14912K(217600K)] 441520K->237032K(540672K), 0.0151428 secs] [Times: user=0.03 sys=0.00, real=0.02 secs] 
2024-07-05T00:59:58.462+0800: 707.173: [GC (Allocation Failure) [PSYoungGen: 213568K->11726K(218624K)] 435688K->233887K(541696K), 0.0133261 secs] [Times: user=0.02 sys=0.01, real=0.02 secs] 
2024-07-05T00:59:58.744+0800: 707.454: [GC (Allocation Failure) [PSYoungGen: 210382K->13232K(217088K)] 432543K->235392K(540160K), 0.0132253 secs] [Times: user=0.03 sys=0.00, real=0.02 secs] 
2024-07-05T00:59:59.016+0800: 707.727: [GC (Allocation Failure) [PSYoungGen: 212400K->13616K(218112K)] 434560K->235816K(541184K), 0.0130707 secs] [Times: user=0.03 sys=0.00, real=0.01 secs] 
2024-07-05T00:59:59.293+0800: 708.004: [GC (Allocation Failure) [PSYoungGen: 212784K->11376K(219136K)] 434984K->233576K(542208K), 0.0133247 secs] [Times: user=0.02 sys=0.00, real=0.02 secs] 
2024-07-05T00:59:59.574+0800: 708.284: [GC (Allocation Failure) [PSYoungGen: 212592K->9680K(219648K)] 434792K->231920K(542720K), 0.0095736 secs] [Times: user=0.01 sys=0.01, real=0.01 secs] 
2024-07-05T00:59:59.848+0800: 708.559: [GC (Allocation Failure) [PSYoungGen: 210896K->11216K(219136K)] 433136K->233496K(542208K), 0.0123987 secs] [Times: user=0.02 sys=0.00, real=0.01 secs] 
2024-07-05T01:00:00.120+0800: 708.831: [GC (Allocation Failure) [PSYoungGen: 212944K->13904K(219648K)] 435224K->236184K(542720K), 0.0141891 secs] [Times: user=0.03 sys=0.00, real=0.02 secs] 
2024-07-05T01:00:00.390+0800: 709.101: [GC (Allocation Failure) [PSYoungGen: 215632K->16224K(218624K)] 437912K->238544K(541696K), 0.0165330 secs] [Times: user=0.02 sys=0.01, real=0.02 secs] 
2024-07-05T01:00:00.669+0800: 709.379: [GC (Allocation Failure) [PSYoungGen: 216928K->14064K(219648K)] 439248K->236384K(542720K), 0.0130505 secs] [Times: user=0.03 sys=0.00, real=0.01 secs] 
2024-07-05T01:00:00.950+0800: 709.660: [GC (Allocation Failure) [PSYoungGen: 214768K->12474K(218624K)] 437088K->234834K(541696K), 0.0137085 secs] [Times: user=0.03 sys=0.00, real=0.01 secs] 
2024-07-05T01:00:01.239+0800: 709.949: [GC (Allocation Failure) [PSYoungGen: 213178K->9376K(219136K)] 435538K->231776K(542208K), 0.0102729 secs] [Times: user=0.02 sys=0.00, real=0.01 secs] 
2024-07-05T01:00:01.513+0800: 710.224: [GC (Allocation Failure) [PSYoungGen: 210080K->13744K(220160K)] 432480K->236144K(543232K), 0.0156466 secs] [Times: user=0.03 sys=0.00, real=0.02 secs] 
2024-07-05T01:00:01.790+0800: 710.501: [GC (Allocation Failure) [PSYoungGen: 215472K->16176K(218112K)] 437872K->238616K(541184K), 0.0158643 secs] [Times: user=0.03 sys=0.00, real=0.02 secs] 
2024-07-05T01:00:02.090+0800: 710.801: [GC (Allocation Failure) [PSYoungGen: 217904K->11696K(219648K)] 440344K->234176K(542720K), 0.0130674 secs] [Times: user=0.02 sys=0.00, real=0.01 secs] 
2024-07-05T01:00:02.375+0800: 711.086: [GC (Allocation Failure) [PSYoungGen: 212400K->13114K(214016K)] 434880K->235594K(537088K), 0.0126957 secs] [Times: user=0.02 sys=0.00, real=0.01 secs] 
2024-07-05T01:00:02.661+0800: 711.371: [GC (Allocation Failure) [PSYoungGen: 213818K->13700K(219648K)] 436298K->236221K(542720K), 0.0135631 secs] [Times: user=0.03 sys=0.00, real=0.02 secs] 
2024-07-05T01:00:02.956+0800: 711.666: [GC (Allocation Failure) [PSYoungGen: 214916K->13632K(219136K)] 437437K->236193K(542208K), 0.0148048 secs] [Times: user=0.02 sys=0.00, real=0.01 secs] 
2024-07-05T01:00:03.246+0800: 711.956: [GC (Allocation Failure) [PSYoungGen: 214848K->16192K(219648K)] 437409K->238753K(542720K), 0.0181408 secs] [Times: user=0.03 sys=0.00, real=0.01 secs] 
2024-07-05T01:00:03.527+0800: 712.238: [GC (Allocation Failure) [PSYoungGen: 217920K->16640K(218624K)] 440481K->239233K(541696K), 0.0154885 secs] [Times: user=0.03 sys=0.00, real=0.01 secs] 
2024-07-05T01:00:03.806+0800: 712.516: [GC (Allocation Failure) [PSYoungGen: 218368K->16032K(218624K)] 440961K->238657K(541696K), 0.0161990 secs] [Times: user=0.03 sys=0.00, real=0.01 secs] 
2024-07-05T01:00:04.093+0800: 712.803: [GC (Allocation Failure) [PSYoungGen: 215712K->12496K(219136K)] 438337K->235121K(542208K), 0.0123424 secs] [Times: user=0.02 sys=0.00, real=0.01 secs] 
2024-07-05T01:00:04.368+0800: 713.079: [GC (Allocation Failure) [PSYoungGen: 212176K->13792K(218112K)] 434801K->236457K(541184K), 0.0137119 secs] [Times: user=0.03 sys=0.00, real=0.01 secs] 
2024-07-05T01:00:04.650+0800: 713.360: [GC (Allocation Failure) [PSYoungGen: 213984K->16192K(218624K)] 436649K->238857K(541696K), 0.0159630 secs] [Times: user=0.03 sys=0.00, real=0.02 secs] 
2024-07-05T01:00:04.926+0800: 713.636: [GC (Allocation Failure) [PSYoungGen: 216384K->14896K(219648K)] 439049K->237601K(542720K), 0.0146140 secs] [Times: user=0.03 sys=0.00, real=0.01 secs] 
2024-07-05T01:00:05.212+0800: 713.922: [GC (Allocation Failure) [PSYoungGen: 215600K->11535K(219648K)] 438305K->234272K(542720K), 0.0120235 secs] [Times: user=0.02 sys=0.00, real=0.01 secs] 
2024-07-05T01:00:05.496+0800: 714.207: [GC (Allocation Failure) [PSYoungGen: 212239K->12320K(219648K)] 434976K->235057K(542720K), 0.0129612 secs] [Times: user=0.03 sys=0.00, real=0.01 secs] 
2024-07-05T01:00:05.767+0800: 714.478: [GC (Allocation Failure) [PSYoungGen: 213024K->15168K(219648K)] 435761K->237945K(542720K), 0.0189772 secs] [Times: user=0.03 sys=0.00, real=0.02 secs] 
2024-07-05T01:00:06.046+0800: 714.756: [GC (Allocation Failure) [PSYoungGen: 215872K->13536K(218624K)] 438649K->236313K(541696K), 0.0140477 secs] [Times: user=0.02 sys=0.00, real=0.01 secs] 
2024-07-05T01:00:06.326+0800: 715.037: [GC (Allocation Failure) [PSYoungGen: 214240K->12122K(219136K)] 437017K->234939K(542208K), 0.0129651 secs] [Times: user=0.02 sys=0.00, real=0.01 secs] 
2024-07-05T01:00:06.611+0800: 715.322: [GC (Allocation Failure) [PSYoungGen: 212826K->8352K(219136K)] 435643K->231201K(542208K), 0.0085402 secs] [Times: user=0.02 sys=0.00, real=0.01 secs] 
2024-07-05T01:00:06.879+0800: 715.590: [GC (Allocation Failure) [PSYoungGen: 209056K->11872K(219648K)] 431905K->234721K(542720K), 0.0119208 secs] [Times: user=0.02 sys=0.00, real=0.01 secs] 
2024-07-05T01:00:07.146+0800: 715.856: [GC (Allocation Failure) [PSYoungGen: 212576K->15328K(219136K)] 435425K->238217K(542208K), 0.0162172 secs] [Times: user=0.03 sys=0.00, real=0.01 secs] 
2024-07-05T01:00:07.415+0800: 716.126: [GC (Allocation Failure) [PSYoungGen: 216032K->17568K(218624K)] 438921K->240489K(541696K), 0.0169038 secs] [Times: user=0.03 sys=0.00, real=0.01 secs] 
2024-07-05T01:00:07.698+0800: 716.408: [GC (Allocation Failure) [PSYoungGen: 218272K->16336K(218624K)] 441193K->239257K(541696K), 0.0182210 secs] [Times: user=0.03 sys=0.00, real=0.02 secs] 
2024-07-05T01:00:07.998+0800: 716.709: [GC (Allocation Failure) [PSYoungGen: 214992K->10789K(218624K)] 437913K->233743K(541696K), 0.0125092 secs] [Times: user=0.03 sys=0.00, real=0.01 secs] 
2024-07-05T01:00:08.288+0800: 716.999: [GC (Allocation Failure) [PSYoungGen: 209445K->13184K(217600K)] 432399K->236177K(540672K), 0.0133730 secs] [Times: user=0.02 sys=0.00, real=0.01 secs] 
2024-07-05T01:00:08.578+0800: 717.289: [GC (Allocation Failure) [PSYoungGen: 211840K->13392K(218112K)] 434833K->236385K(541184K), 0.0146925 secs] [Times: user=0.02 sys=0.01, real=0.01 secs] 
2024-07-05T01:00:08.856+0800: 717.567: [GC (Allocation Failure) [PSYoungGen: 212048K->10954K(219136K)] 435041K->233987K(542208K), 0.0103450 secs] [Times: user=0.02 sys=0.00, real=0.01 secs] 
2024-07-05T01:00:09.136+0800: 717.847: [GC (Allocation Failure) [PSYoungGen: 211146K->8672K(219136K)] 434179K->231737K(542208K), 0.0098908 secs] [Times: user=0.02 sys=0.00, real=0.01 secs] 
2024-07-05T01:00:09.414+0800: 718.125: [GC (Allocation Failure) [PSYoungGen: 208864K->11664K(219136K)] 431929K->234729K(542208K), 0.0129157 secs] [Times: user=0.02 sys=0.00, real=0.01 secs] 
2024-07-05T01:00:09.682+0800: 718.393: [GC (Allocation Failure) [PSYoungGen: 211856K->15168K(219136K)] 434921K->238273K(542208K), 0.0147897 secs] [Times: user=0.02 sys=0.00, real=0.02 secs] 
2024-07-05T01:00:09.954+0800: 718.664: [GC (Allocation Failure) [PSYoungGen: 215360K->16816K(217600K)] 438465K->239921K(540672K), 0.0160584 secs] [Times: user=0.02 sys=0.00, real=0.02 secs] 
2024-07-05T01:00:10.232+0800: 718.942: [GC (Allocation Failure) [PSYoungGen: 215472K->14919K(218624K)] 438577K->238064K(541696K), 0.0151135 secs] [Times: user=0.03 sys=0.00, real=0.02 secs] 
2024-07-05T01:00:10.513+0800: 719.223: [GC (Allocation Failure) [PSYoungGen: 213575K->12624K(217600K)] 436720K->235801K(540672K), 0.0122417 secs] [Times: user=0.02 sys=0.00, real=0.01 secs] 
2024-07-05T01:00:10.794+0800: 719.504: [GC (Allocation Failure) [PSYoungGen: 211280K->12944K(218112K)] 434457K->236121K(541184K), 0.0147742 secs] [Times: user=0.02 sys=0.00, real=0.01 secs] 
2024-07-05T01:00:11.070+0800: 719.780: [GC (Allocation Failure) [PSYoungGen: 211600K->9792K(219136K)] 434777K->233009K(542208K), 0.0096938 secs] [Times: user=0.02 sys=0.00, real=0.01 secs] 
2024-07-05T01:00:11.348+0800: 720.058: [GC (Allocation Failure) [PSYoungGen: 209984K->8032K(219136K)] 433201K->231249K(542208K), 0.0087831 secs] [Times: user=0.02 sys=0.00, real=0.01 secs] 
2024-07-05T01:00:11.621+0800: 720.332: [GC (Allocation Failure) [PSYoungGen: 208224K->9968K(219136K)] 431441K->233225K(542208K), 0.0110697 secs] [Times: user=0.03 sys=0.00, real=0.01 secs] 
2024-07-05T01:00:11.895+0800: 720.606: [GC (Allocation Failure) [PSYoungGen: 210160K->13024K(219136K)] 433417K->236313K(542208K), 0.0137514 secs] [Times: user=0.03 sys=0.00, real=0.01 secs] 
2024-07-05T01:00:12.178+0800: 720.888: [GC (Allocation Failure) [PSYoungGen: 213216K->16496K(218624K)] 436505K->239785K(541696K), 0.0173334 secs] [Times: user=0.03 sys=0.00, real=0.02 secs] 
2024-07-05T01:00:12.452+0800: 721.163: [GC (Allocation Failure) [PSYoungGen: 216176K->18640K(218624K)] 439465K->241969K(541696K), 0.0176866 secs] [Times: user=0.03 sys=0.00, real=0.02 secs] 
2024-07-05T01:00:12.732+0800: 721.443: [GC (Allocation Failure) [PSYoungGen: 218320K->16096K(215552K)] 441649K->239457K(538624K), 0.0144910 secs] [Times: user=0.03 sys=0.00, real=0.02 secs] 
2024-07-05T01:00:13.018+0800: 721.728: [GC (Allocation Failure) [PSYoungGen: 211680K->11685K(217088K)] 435041K->235047K(540160K), 0.0113598 secs] [Times: user=0.02 sys=0.00, real=0.01 secs] 
2024-07-05T01:00:13.297+0800: 722.007: [GC (Allocation Failure) [PSYoungGen: 207269K->10448K(216576K)] 430631K->233849K(539648K), 0.0099671 secs] [Times: user=0.02 sys=0.00, real=0.01 secs] 
2024-07-05T01:00:13.573+0800: 722.283: [GC (Allocation Failure) [PSYoungGen: 206544K->7906K(217088K)] 429945K->231308K(540160K), 0.0083151 secs] [Times: user=0.01 sys=0.00, real=0.01 secs] 
2024-07-05T01:00:13.838+0800: 722.548: [GC (Allocation Failure) [PSYoungGen: 204002K->10480K(216576K)] 427404K->233921K(539648K), 0.0126694 secs] [Times: user=0.02 sys=0.00, real=0.01 secs] 
2024-07-05T01:00:14.128+0800: 722.839: [GC (Allocation Failure) [PSYoungGen: 207088K->14816K(217088K)] 430529K->238297K(540160K), 0.0178843 secs] [Times: user=0.04 sys=0.00, real=0.02 secs] 
2024-07-05T01:00:14.414+0800: 723.125: [GC (Allocation Failure) [PSYoungGen: 211424K->15248K(217088K)] 434905K->238729K(540160K), 0.0139743 secs] [Times: user=0.03 sys=0.00, real=0.01 secs] 
2024-07-05T01:00:14.693+0800: 723.404: [GC (Allocation Failure) [PSYoungGen: 211856K->13010K(209920K)] 435337K->236532K(532992K), 0.0124499 secs] [Times: user=0.03 sys=0.00, real=0.02 secs] 
2024-07-05T01:00:14.976+0800: 723.687: [GC (Allocation Failure) [PSYoungGen: 209618K->10400K(217088K)] 433140K->233961K(540160K), 0.0109873 secs] [Times: user=0.02 sys=0.00, real=0.01 secs] 
2024-07-05T01:00:15.246+0800: 723.957: [GC (Allocation Failure) [PSYoungGen: 207520K->11424K(217088K)] 431081K->234985K(540160K), 0.0111553 secs] [Times: user=0.03 sys=0.00, real=0.01 secs] 
2024-07-05T01:00:15.541+0800: 724.251: [GC (Allocation Failure) [PSYoungGen: 208544K->6789K(218112K)] 432105K->230383K(541184K), 0.0081851 secs] [Times: user=0.02 sys=0.00, real=0.01 secs] 
2024-07-05T01:00:15.848+0800: 724.558: [GC (Allocation Failure) [PSYoungGen: 205445K->10192K(218112K)] 429039K->233785K(541184K), 0.0108542 secs] [Times: user=0.02 sys=0.00, real=0.01 secs] 
2024-07-05T01:00:16.114+0800: 724.825: [GC (Allocation Failure) [PSYoungGen: 208848K->13296K(218624K)] 432441K->236921K(541696K), 0.0133731 secs] [Times: user=0.02 sys=0.00, real=0.01 secs] 
2024-07-05T01:00:16.388+0800: 725.099: [GC (Allocation Failure) [PSYoungGen: 212976K->16992K(217088K)] 436601K->240657K(540160K), 0.0162532 secs] [Times: user=0.03 sys=0.00, real=0.01 secs] 
2024-07-05T01:00:16.666+0800: 725.376: [GC (Allocation Failure) [PSYoungGen: 216672K->19424K(215040K)] 440337K->243089K(538112K), 0.0188193 secs] [Times: user=0.04 sys=0.00, real=0.01 secs] 
2024-07-05T01:00:16.952+0800: 725.663: [GC (Allocation Failure) [PSYoungGen: 213984K->14432K(216576K)] 437649K->238137K(539648K), 0.0139839 secs] [Times: user=0.02 sys=0.00, real=0.02 secs] 
2024-07-05T01:00:17.237+0800: 725.947: [GC (Allocation Failure) [PSYoungGen: 208992K->12112K(215040K)] 432697K->235850K(538112K), 0.0118405 secs] [Times: user=0.02 sys=0.00, real=0.01 secs] 
2024-07-05T01:00:17.511+0800: 726.221: [GC (Allocation Failure) [PSYoungGen: 207184K->11936K(216064K)] 430922K->235674K(539136K), 0.0130504 secs] [Times: user=0.02 sys=0.00, real=0.01 secs] 
2024-07-05T01:00:17.793+0800: 726.503: [GC (Allocation Failure) [PSYoungGen: 207008K->10434K(216064K)] 430746K->234212K(539136K), 0.0124294 secs] [Times: user=0.02 sys=0.00, real=0.01 secs] 
2024-07-05T01:00:18.074+0800: 726.784: [GC (Allocation Failure) [PSYoungGen: 207554K->13040K(217088K)] 431332K->236818K(540160K), 0.0152729 secs] [Times: user=0.03 sys=0.00, real=0.01 secs] 
2024-07-05T01:00:18.342+0800: 727.053: [GC (Allocation Failure) [PSYoungGen: 210160K->13824K(218112K)] 433938K->237642K(541184K), 0.0130807 secs] [Times: user=0.03 sys=0.00, real=0.02 secs] 
2024-07-05T01:00:18.621+0800: 727.332: [GC (Allocation Failure) [PSYoungGen: 212992K->12551K(218624K)] 436810K->236410K(541696K), 0.0128891 secs] [Times: user=0.02 sys=0.00, real=0.02 secs] 
2024-07-05T01:00:18.906+0800: 727.616: [GC (Allocation Failure) [PSYoungGen: 211719K->10544K(218112K)] 435578K->234402K(541184K), 0.0122473 secs] [Times: user=0.02 sys=0.00, real=0.01 secs] 
2024-07-05T01:00:19.181+0800: 727.892: [GC (Allocation Failure) [PSYoungGen: 210736K->12448K(218624K)] 434594K->236338K(541696K), 0.0125803 secs] [Times: user=0.02 sys=0.00, real=0.02 secs] 
2024-07-05T01:00:19.449+0800: 728.160: [GC (Allocation Failure) [PSYoungGen: 212640K->15584K(219648K)] 436530K->239514K(542720K), 0.0151102 secs] [Times: user=0.03 sys=0.00, real=0.01 secs] 
2024-07-05T01:00:19.726+0800: 728.436: [GC (Allocation Failure) [PSYoungGen: 217312K->16608K(218624K)] 441242K->240538K(541696K), 0.0190069 secs] [Times: user=0.03 sys=0.00, real=0.01 secs] 
2024-07-05T01:00:20.016+0800: 728.726: [GC (Allocation Failure) [PSYoungGen: 218336K->13424K(219648K)] 442266K->237394K(542720K), 0.0124875 secs] [Times: user=0.02 sys=0.00, real=0.01 secs] 
2024-07-05T01:00:20.332+0800: 729.043: [GC (Allocation Failure) [PSYoungGen: 213616K->9616K(219136K)] 437586K->233618K(542208K), 0.0121479 secs] [Times: user=0.03 sys=0.00, real=0.01 secs] 
2024-07-05T01:00:20.632+0800: 729.343: [GC (Allocation Failure) [PSYoungGen: 209808K->12432K(219136K)] 433810K->236434K(542208K), 0.0149435 secs] [Times: user=0.02 sys=0.00, real=0.02 secs] 
2024-07-05T01:00:20.929+0800: 729.639: [GC (Allocation Failure) [PSYoungGen: 213136K->15136K(219136K)] 437138K->239170K(542208K), 0.0156936 secs] [Times: user=0.03 sys=0.00, real=0.01 secs] 
2024-07-05T01:00:21.362+0800: 730.072: [GC (Allocation Failure) [PSYoungGen: 215840K->11744K(219648K)] 439874K->235778K(542720K), 0.0218523 secs] [Times: user=0.04 sys=0.00, real=0.02 secs] 
2024-07-05T01:00:21.818+0800: 730.528: [GC (Allocation Failure) [PSYoungGen: 212960K->6653K(219648K)] 436994K->230727K(542720K), 0.0144017 secs] [Times: user=0.03 sys=0.00, real=0.01 secs] 
2024-07-05T01:00:22.206+0800: 730.916: [GC (Allocation Failure) [PSYoungGen: 207869K->9584K(219648K)] 431943K->233698K(542720K), 0.0319434 secs] [Times: user=0.06 sys=0.00, real=0.03 secs] 
2024-07-05T01:00:22.618+0800: 731.329: [GC (Allocation Failure) [PSYoungGen: 210288K->10245K(211456K)] 434402K->234359K(534528K), 0.0103216 secs] [Times: user=0.02 sys=0.00, real=0.01 secs] 
2024-07-05T01:00:22.897+0800: 731.608: [GC (Allocation Failure) [PSYoungGen: 210949K->12816K(219136K)] 435063K->236962K(542208K), 0.0133246 secs] [Times: user=0.03 sys=0.00, real=0.01 secs] 
2024-07-05T01:00:23.185+0800: 731.895: [GC (Allocation Failure) [PSYoungGen: 213520K->11040K(219136K)] 437666K->235218K(542208K), 0.0106837 secs] [Times: user=0.02 sys=0.00, real=0.02 secs] 
2024-07-05T01:00:23.465+0800: 732.176: [GC (Allocation Failure) [PSYoungGen: 211744K->9105K(219648K)] 435922K->233284K(542720K), 0.0113533 secs] [Times: user=0.02 sys=0.00, real=0.02 secs] 
2024-07-05T01:00:23.744+0800: 732.454: [GC (Allocation Failure) [PSYoungGen: 210833K->10208K(219648K)] 435012K->234426K(542720K), 0.0125257 secs] [Times: user=0.02 sys=0.00, real=0.02 secs] 
2024-07-05T01:00:24.034+0800: 732.744: [GC (Allocation Failure) [PSYoungGen: 211936K->12272K(220160K)] 436154K->236522K(543232K), 0.0147588 secs] [Times: user=0.03 sys=0.00, real=0.01 secs] 
2024-07-05T01:00:24.315+0800: 733.025: [GC (Allocation Failure) [PSYoungGen: 215536K->14832K(220160K)] 439786K->239082K(543232K), 0.0144266 secs] [Times: user=0.03 sys=0.00, real=0.01 secs] 
2024-07-05T01:00:24.597+0800: 733.307: [GC (Allocation Failure) [PSYoungGen: 218096K->17088K(218624K)] 442346K->241378K(541696K), 0.0178545 secs] [Times: user=0.03 sys=0.00, real=0.02 secs] 
2024-07-05T01:00:24.874+0800: 733.584: [GC (Allocation Failure) [PSYoungGen: 217792K->15936K(217088K)] 442082K->240226K(540160K), 0.0148067 secs] [Times: user=0.03 sys=0.00, real=0.02 secs] 
2024-07-05T01:00:25.163+0800: 733.873: [GC (Allocation Failure) [PSYoungGen: 216640K->15792K(217600K)] 440930K->240122K(540672K), 0.0164763 secs] [Times: user=0.03 sys=0.00, real=0.02 secs] 
2024-07-05T01:00:25.453+0800: 734.164: [GC (Allocation Failure) [PSYoungGen: 213424K->11284K(218112K)] 437754K->235654K(541184K), 0.0105334 secs] [Times: user=0.02 sys=0.00, real=0.01 secs] 
2024-07-05T01:00:25.758+0800: 734.469: [GC (Allocation Failure) [PSYoungGen: 208916K->10057K(217088K)] 433286K->234428K(540160K), 0.0113864 secs] [Times: user=0.02 sys=0.00, real=0.01 secs] 
2024-07-05T01:00:26.049+0800: 734.760: [GC (Allocation Failure) [PSYoungGen: 208201K->10634K(217600K)] 432572K->235044K(540672K), 0.0114049 secs] [Times: user=0.02 sys=0.00, real=0.01 secs] 
2024-07-05T01:00:26.327+0800: 735.038: [GC (Allocation Failure) [PSYoungGen: 208778K->10368K(218112K)] 433188K->234818K(541184K), 0.0116226 secs] [Times: user=0.02 sys=0.00, real=0.01 secs] 
2024-07-05T01:00:26.605+0800: 735.316: [GC (Allocation Failure) [PSYoungGen: 210048K->13008K(218624K)] 434498K->237458K(541696K), 0.0132487 secs] [Times: user=0.02 sys=0.00, real=0.02 secs] 
2024-07-05T01:00:26.874+0800: 735.585: [GC (Allocation Failure) [PSYoungGen: 212688K->15072K(219136K)] 437138K->239562K(542208K), 0.0145194 secs] [Times: user=0.03 sys=0.00, real=0.01 secs] 
2024-07-05T01:00:27.148+0800: 735.859: [GC (Allocation Failure) [PSYoungGen: 215776K->13161K(219648K)] 440266K->237652K(542720K), 0.0121046 secs] [Times: user=0.02 sys=0.00, real=0.01 secs] 
2024-07-05T01:00:27.430+0800: 736.141: [GC (Allocation Failure) [PSYoungGen: 213865K->10752K(219648K)] 438356K->235282K(542720K), 0.0118027 secs] [Times: user=0.02 sys=0.00, real=0.01 secs] 
2024-07-05T01:00:27.730+0800: 736.440: [GC (Allocation Failure) [PSYoungGen: 211968K->7989K(219648K)] 436498K->232551K(542720K), 0.0097702 secs] [Times: user=0.02 sys=0.00, real=0.01 secs] 
2024-07-05T01:00:28.008+0800: 736.719: [GC (Allocation Failure) [PSYoungGen: 209205K->12704K(220160K)] 433767K->237266K(543232K), 0.0136161 secs] [Times: user=0.03 sys=0.00, real=0.01 secs] 
2024-07-05T01:00:28.290+0800: 737.000: [GC (Allocation Failure) [PSYoungGen: 214432K->16000K(218112K)] 438994K->240602K(541184K), 0.0161370 secs] [Times: user=0.03 sys=0.00, real=0.02 secs] 
2024-07-05T01:00:28.571+0800: 737.281: [GC (Allocation Failure) [PSYoungGen: 217728K->16768K(217600K)] 442330K->241370K(540672K), 0.0175642 secs] [Times: user=0.04 sys=0.00, real=0.02 secs] 
2024-07-05T01:00:28.856+0800: 737.567: [GC (Allocation Failure) [PSYoungGen: 215424K->13360K(218624K)] 440026K->238002K(541696K), 0.0132345 secs] [Times: user=0.03 sys=0.00, real=0.01 secs] 
2024-07-05T01:00:29.141+0800: 737.851: [GC (Allocation Failure) [PSYoungGen: 212016K->9120K(218112K)] 436658K->233794K(541184K), 0.0099117 secs] [Times: user=0.02 sys=0.00, real=0.01 secs] 
2024-07-05T01:00:29.410+0800: 738.120: [GC (Allocation Failure) [PSYoungGen: 208288K->14736K(218624K)] 432962K->239410K(541696K), 0.0168654 secs] [Times: user=0.03 sys=0.00, real=0.02 secs] 
2024-07-05T01:00:29.683+0800: 738.394: [GC (Allocation Failure) [PSYoungGen: 213904K->14176K(219136K)] 438578K->238890K(542208K), 0.0146351 secs] [Times: user=0.03 sys=0.00, real=0.02 secs] 
2024-07-05T01:00:29.971+0800: 738.682: [GC (Allocation Failure) [PSYoungGen: 213856K->12640K(212480K)] 438570K->237394K(535552K), 0.0126655 secs] [Times: user=0.02 sys=0.00, real=0.01 secs] 
2024-07-05T01:00:30.257+0800: 738.968: [GC (Allocation Failure) [PSYoungGen: 212320K->10320K(218624K)] 437074K->235074K(541696K), 0.0126338 secs] [Times: user=0.02 sys=0.00, real=0.01 secs] 
2024-07-05T01:00:30.551+0800: 739.262: [GC (Allocation Failure) [PSYoungGen: 210000K->10516K(218624K)] 434754K->235303K(541696K), 0.0124396 secs] [Times: user=0.03 sys=0.00, real=0.01 secs] 
2024-07-05T01:00:30.850+0800: 739.561: [GC (Allocation Failure) [PSYoungGen: 210196K->6096K(218624K)] 434983K->230914K(541696K), 0.0060129 secs] [Times: user=0.01 sys=0.00, real=0.01 secs] 
2024-07-05T01:00:31.135+0800: 739.846: [GC (Allocation Failure) [PSYoungGen: 206288K->2400K(202752K)] 431106K->227218K(525824K), 0.0043556 secs] [Times: user=0.01 sys=0.00, real=0.00 secs] 
2024-07-05T01:00:31.447+0800: 740.158: [GC (Allocation Failure) [PSYoungGen: 202592K->9229K(219136K)] 427410K->234088K(542208K), 0.0108138 secs] [Times: user=0.02 sys=0.00, real=0.01 secs] 
2024-07-05T01:00:31.726+0800: 740.436: [GC (Allocation Failure) [PSYoungGen: 208397K->12896K(218624K)] 433256K->237787K(541696K), 0.0159722 secs] [Times: user=0.02 sys=0.00, real=0.01 secs] 
2024-07-05T01:00:32.008+0800: 740.719: [GC (Allocation Failure) [PSYoungGen: 212064K->14928K(218112K)] 436955K->239819K(541184K), 0.0148458 secs] [Times: user=0.03 sys=0.00, real=0.01 secs] 
2024-07-05T01:00:32.290+0800: 741.001: [GC (Allocation Failure) [PSYoungGen: 213584K->11728K(218624K)] 438475K->236651K(541696K), 0.0111535 secs] [Times: user=0.02 sys=0.00, real=0.01 secs] 
2024-07-05T01:00:32.568+0800: 741.278: [GC (Allocation Failure) [PSYoungGen: 210384K->9904K(217600K)] 435307K->234827K(540672K), 0.0111815 secs] [Times: user=0.02 sys=0.00, real=0.01 secs] 
2024-07-05T01:00:32.857+0800: 741.567: [GC (Allocation Failure) [PSYoungGen: 209072K->10944K(218112K)] 433995K->235899K(541184K), 0.0124944 secs] [Times: user=0.02 sys=0.00, real=0.01 secs] 
2024-07-05T01:00:33.146+0800: 741.856: [GC (Allocation Failure) [PSYoungGen: 210112K->14992K(218112K)] 435067K->239947K(541184K), 0.0149766 secs] [Times: user=0.03 sys=0.00, real=0.02 secs] 
2024-07-05T01:00:33.416+0800: 742.127: [GC (Allocation Failure) [PSYoungGen: 215184K->16304K(216576K)] 440139K->241291K(539648K), 0.0154937 secs] [Times: user=0.03 sys=0.00, real=0.01 secs] 
2024-07-05T01:00:33.701+0800: 742.411: [GC (Allocation Failure) [PSYoungGen: 216496K->13920K(218624K)] 441483K->238939K(541696K), 0.0126474 secs] [Times: user=0.02 sys=0.00, real=0.01 secs] 
2024-07-05T01:00:33.980+0800: 742.691: [GC (Allocation Failure) [PSYoungGen: 212576K->13103K(211968K)] 437595K->238122K(535040K), 0.0132231 secs] [Times: user=0.03 sys=0.00, real=0.01 secs] 
2024-07-05T01:00:34.261+0800: 742.972: [GC (Allocation Failure) [PSYoungGen: 211759K->9408K(218112K)] 436778K->234467K(541184K), 0.0089809 secs] [Times: user=0.01 sys=0.00, real=0.01 secs] 
2024-07-05T01:00:34.542+0800: 743.252: [GC (Allocation Failure) [PSYoungGen: 208064K->8826K(218112K)] 433123K->233925K(541184K), 0.0120925 secs] [Times: user=0.02 sys=0.00, real=0.02 secs] 
2024-07-05T01:00:34.857+0800: 743.567: [GC (Allocation Failure) [PSYoungGen: 207482K->3984K(218112K)] 432581K->229083K(541184K), 0.0056011 secs] [Times: user=0.01 sys=0.00, real=0.00 secs] 
2024-07-05T01:00:35.122+0800: 743.833: [GC (Allocation Failure) [PSYoungGen: 203152K->10240K(218624K)] 428251K->235379K(541696K), 0.0113881 secs] [Times: user=0.02 sys=0.00, real=0.02 secs] 
2024-07-05T01:00:35.393+0800: 744.104: [GC (Allocation Failure) [PSYoungGen: 209408K->13792K(218624K)] 434547K->238963K(541696K), 0.0149372 secs] [Times: user=0.03 sys=0.00, real=0.02 secs] 
2024-07-05T01:00:35.682+0800: 744.392: [GC (Allocation Failure) [PSYoungGen: 213472K->17168K(217088K)] 438643K->242339K(540160K), 0.0204577 secs] [Times: user=0.04 sys=0.00, real=0.02 secs] 
2024-07-05T01:00:36.000+0800: 744.711: [GC (Allocation Failure) [PSYoungGen: 216848K->9850K(218624K)] 442019K->235061K(541696K), 0.0100274 secs] [Times: user=0.02 sys=0.00, real=0.01 secs] 
2024-07-05T01:00:36.297+0800: 745.008: [GC (Allocation Failure) [PSYoungGen: 207994K->9328K(207872K)] 433205K->234571K(530944K), 0.0106563 secs] [Times: user=0.02 sys=0.00, real=0.01 secs] 
2024-07-05T01:00:36.567+0800: 745.277: [GC (Allocation Failure) [PSYoungGen: 207472K->13040K(217600K)] 432715K->238283K(540672K), 0.0132813 secs] [Times: user=0.02 sys=0.00, real=0.01 secs] 
2024-07-05T01:00:36.832+0800: 745.543: [GC (Allocation Failure) [PSYoungGen: 211184K->17184K(217600K)] 436427K->242459K(540672K), 0.0179109 secs] [Times: user=0.03 sys=0.00, real=0.02 secs] 
2024-07-05T01:00:37.121+0800: 745.832: [GC (Allocation Failure) [PSYoungGen: 215328K->14128K(217600K)] 440603K->239403K(540672K), 0.0131887 secs] [Times: user=0.02 sys=0.00, real=0.02 secs] 
2024-07-05T01:00:37.422+0800: 746.133: [GC (Allocation Failure) [PSYoungGen: 210736K->10896K(207872K)] 436011K->236203K(530944K), 0.0123054 secs] [Times: user=0.02 sys=0.00, real=0.02 secs] 
2024-07-05T01:00:37.723+0800: 746.434: [GC (Allocation Failure) [PSYoungGen: 207504K->14240K(216576K)] 432811K->239587K(539648K), 0.0154209 secs] [Times: user=0.02 sys=0.00, real=0.02 secs] 
2024-07-05T01:00:38.023+0800: 746.734: [GC (Allocation Failure) [PSYoungGen: 210848K->14560K(216576K)] 436195K->239907K(539648K), 0.0147809 secs] [Times: user=0.03 sys=0.00, real=0.02 secs] 
2024-07-05T01:00:38.355+0800: 747.066: [GC (Allocation Failure) [PSYoungGen: 211168K->8016K(217600K)] 436515K->233403K(540672K), 0.0107014 secs] [Times: user=0.02 sys=0.00, real=0.01 secs] 
2024-07-05T01:00:38.638+0800: 747.348: [GC (Allocation Failure) [PSYoungGen: 205648K->11280K(209408K)] 431035K->236699K(532480K), 0.0142656 secs] [Times: user=0.03 sys=0.00, real=0.01 secs] 
2024-07-05T01:00:38.994+0800: 747.705: [GC (Allocation Failure) [PSYoungGen: 208912K->15456K(217088K)] 434331K->240875K(540160K), 0.0154522 secs] [Times: user=0.03 sys=0.00, real=0.01 secs] 
2024-07-05T01:00:39.272+0800: 747.983: [GC (Allocation Failure) [PSYoungGen: 213088K->17696K(215552K)] 438507K->243115K(538624K), 0.0166148 secs] [Times: user=0.03 sys=0.00, real=0.02 secs] 
2024-07-05T01:00:39.547+0800: 748.257: [GC (Allocation Failure) [PSYoungGen: 215328K->15616K(217088K)] 440747K->241099K(540160K), 0.0165160 secs] [Times: user=0.03 sys=0.00, real=0.01 secs] 
2024-07-05T01:00:39.828+0800: 748.539: [GC (Allocation Failure) [PSYoungGen: 211200K->11296K(207360K)] 436683K->236779K(530432K), 0.0122011 secs] [Times: user=0.02 sys=0.00, real=0.01 secs] 
2024-07-05T01:00:40.102+0800: 748.813: [GC (Allocation Failure) [PSYoungGen: 206880K->14352K(216576K)] 432363K->239835K(539648K), 0.0170182 secs] [Times: user=0.03 sys=0.00, real=0.02 secs] 
2024-07-05T01:00:40.378+0800: 749.089: [GC (Allocation Failure) [PSYoungGen: 209936K->14576K(216576K)] 435419K->240099K(539648K), 0.0146879 secs] [Times: user=0.03 sys=0.00, real=0.01 secs] 
2024-07-05T01:00:40.662+0800: 749.373: [GC (Allocation Failure) [PSYoungGen: 210160K->12384K(217088K)] 435683K->237947K(540160K), 0.0133383 secs] [Times: user=0.02 sys=0.00, real=0.02 secs] 
2024-07-05T01:00:40.948+0800: 749.659: [GC (Allocation Failure) [PSYoungGen: 209504K->12352K(217088K)] 435067K->237915K(540160K), 0.0123764 secs] [Times: user=0.02 sys=0.00, real=0.01 secs] 
2024-07-05T01:00:41.226+0800: 749.936: [GC (Allocation Failure) [PSYoungGen: 209472K->13023K(218112K)] 435035K->238626K(541184K), 0.0119964 secs] [Times: user=0.02 sys=0.00, real=0.01 secs] 
2024-07-05T01:00:41.504+0800: 750.215: [GC (Allocation Failure) [PSYoungGen: 212191K->11599K(218112K)] 437794K->237234K(541184K), 0.0131656 secs] [Times: user=0.02 sys=0.00, real=0.02 secs] 
2024-07-05T01:00:41.784+0800: 750.494: [GC (Allocation Failure) [PSYoungGen: 210767K->10592K(219136K)] 436402K->236227K(542208K), 0.0105397 secs] [Times: user=0.02 sys=0.00, real=0.02 secs] 
2024-07-05T01:00:42.062+0800: 750.773: [GC (Allocation Failure) [PSYoungGen: 211296K->12128K(219136K)] 436931K->237803K(542208K), 0.0126871 secs] [Times: user=0.02 sys=0.00, real=0.02 secs] 
2024-07-05T01:00:42.348+0800: 751.058: [GC (Allocation Failure) [PSYoungGen: 212832K->9120K(219648K)] 438507K->234827K(542720K), 0.0089862 secs] [Times: user=0.02 sys=0.00, real=0.01 secs] 
2024-07-05T01:00:42.629+0800: 751.339: [GC (Allocation Failure) [PSYoungGen: 210848K->8288K(219648K)] 436555K->233995K(542720K), 0.0088921 secs] [Times: user=0.02 sys=0.00, real=0.01 secs] 
2024-07-05T01:00:42.910+0800: 751.621: [GC (Allocation Failure) [PSYoungGen: 210016K->7584K(220160K)] 435723K->233331K(543232K), 0.0099678 secs] [Times: user=0.02 sys=0.00, real=0.01 secs] 
2024-07-05T01:00:43.197+0800: 751.907: [GC (Allocation Failure) [PSYoungGen: 209312K->11552K(213504K)] 435059K->237339K(536576K), 0.0120518 secs] [Times: user=0.02 sys=0.00, real=0.01 secs] 
2024-07-05T01:00:43.473+0800: 752.183: [GC (Allocation Failure) [PSYoungGen: 213280K->14464K(219136K)] 439067K->240251K(542208K), 0.0144722 secs] [Times: user=0.03 sys=0.00, real=0.02 secs] 
2024-07-05T01:00:43.746+0800: 752.456: [GC (Allocation Failure) [PSYoungGen: 215680K->17408K(219136K)] 441467K->243195K(542208K), 0.0167316 secs] [Times: user=0.03 sys=0.00, real=0.01 secs] 
2024-07-05T01:00:44.023+0800: 752.733: [GC (Allocation Failure) [PSYoungGen: 218624K->19424K(214016K)] 444411K->245909K(537088K), 0.0192680 secs] [Times: user=0.04 sys=0.00, real=0.02 secs] 
2024-07-05T01:00:44.301+0800: 753.011: [GC (Allocation Failure) [PSYoungGen: 213984K->15232K(216576K)] 440469K->248628K(539648K), 0.0212844 secs] [Times: user=0.05 sys=0.00, real=0.02 secs] 
2024-07-05T01:00:44.590+0800: 753.300: [GC (Allocation Failure) [PSYoungGen: 209792K->8691K(216576K)] 443188K->243600K(539648K), 0.0099354 secs] [Times: user=0.02 sys=0.00, real=0.01 secs] 
2024-07-05T01:00:44.864+0800: 753.575: [GC (Allocation Failure) [PSYoungGen: 203251K->2974K(197632K)] 438160K->237951K(520704K), 0.0041000 secs] [Times: user=0.00 sys=0.00, real=0.01 secs] 
2024-07-05T01:00:45.124+0800: 753.835: [GC (Allocation Failure) [PSYoungGen: 197534K->8640K(216576K)] 432511K->243616K(539648K), 0.0105753 secs] [Times: user=0.02 sys=0.00, real=0.02 secs] 
2024-07-05T01:00:45.380+0800: 754.091: [GC (Allocation Failure) [PSYoungGen: 202688K->14304K(216064K)] 437664K->249280K(539136K), 0.0147924 secs] [Times: user=0.02 sys=0.00, real=0.02 secs] 
2024-07-05T01:00:45.638+0800: 754.348: [GC (Allocation Failure) [PSYoungGen: 208352K->19200K(213504K)] 443328K->254208K(536576K), 0.0190466 secs] [Times: user=0.03 sys=0.00, real=0.02 secs] 
2024-07-05T01:00:45.909+0800: 754.619: [GC (Allocation Failure) [PSYoungGen: 210688K->14279K(215040K)] 445696K->249328K(538112K), 0.0129176 secs] [Times: user=0.02 sys=0.00, real=0.01 secs] 
2024-07-05T01:00:46.186+0800: 754.897: [GC (Allocation Failure) [PSYoungGen: 205767K->7493K(214016K)] 440816K->242541K(537088K), 0.0070398 secs] [Times: user=0.02 sys=0.00, real=0.00 secs] 
2024-07-05T01:00:46.449+0800: 755.160: [GC (Allocation Failure) [PSYoungGen: 198981K->8148K(214528K)] 434029K->243237K(537600K), 0.0089191 secs] [Times: user=0.02 sys=0.00, real=0.01 secs] 
2024-07-05T01:00:46.710+0800: 755.420: [GC (Allocation Failure) [PSYoungGen: 199636K->11264K(213504K)] 434725K->246384K(536576K), 0.0127986 secs] [Times: user=0.02 sys=0.00, real=0.01 secs] 
2024-07-05T01:00:46.962+0800: 755.672: [GC (Allocation Failure) [PSYoungGen: 203776K->17184K(214528K)] 438896K->252304K(537600K), 0.0166059 secs] [Times: user=0.02 sys=0.00, real=0.02 secs] 
2024-07-05T01:00:47.229+0800: 755.940: [GC (Allocation Failure) [PSYoungGen: 209696K->15263K(215552K)] 444816K->250384K(538624K), 0.0139761 secs] [Times: user=0.03 sys=0.00, real=0.01 secs] 
2024-07-05T01:00:47.506+0800: 756.217: [GC (Allocation Failure) [PSYoungGen: 207775K->10756K(203776K)] 442896K->245941K(526848K), 0.0106673 secs] [Times: user=0.02 sys=0.00, real=0.01 secs] 
2024-07-05T01:00:47.789+0800: 756.500: [GC (Allocation Failure) [PSYoungGen: 203268K->11648K(215040K)] 438453K->246832K(538112K), 0.0114657 secs] [Times: user=0.03 sys=0.00, real=0.01 secs] 
2024-07-05T01:00:48.063+0800: 756.773: [GC (Allocation Failure) [PSYoungGen: 204672K->7520K(214528K)] 439856K->242704K(537600K), 0.0079460 secs] [Times: user=0.02 sys=0.00, real=0.01 secs] 
2024-07-05T01:00:48.320+0800: 757.031: [GC (Allocation Failure) [PSYoungGen: 200544K->13568K(216576K)] 435728K->248816K(539648K), 0.0136109 secs] [Times: user=0.02 sys=0.00, real=0.01 secs] 
2024-07-05T01:00:48.591+0800: 757.302: [GC (Allocation Failure) [PSYoungGen: 209152K->16496K(216576K)] 444400K->251744K(539648K), 0.0175424 secs] [Times: user=0.04 sys=0.00, real=0.02 secs] 
2024-07-05T01:00:48.896+0800: 757.606: [GC (Allocation Failure) [PSYoungGen: 212080K->9312K(217088K)] 447328K->244560K(540160K), 0.0104916 secs] [Times: user=0.02 sys=0.00, real=0.01 secs] 
2024-07-05T01:00:49.166+0800: 757.877: [GC (Allocation Failure) [PSYoungGen: 204384K->12720K(207872K)] 439632K->248001K(530944K), 0.0150580 secs] [Times: user=0.03 sys=0.00, real=0.01 secs] 
2024-07-05T01:00:49.442+0800: 758.152: [GC (Allocation Failure) [PSYoungGen: 207792K->12032K(217088K)] 443073K->247353K(540160K), 0.0139990 secs] [Times: user=0.02 sys=0.00, real=0.02 secs] 
2024-07-05T01:00:49.732+0800: 758.443: [GC (Allocation Failure) [PSYoungGen: 208128K->7189K(216064K)] 443449K->242510K(539136K), 0.0079745 secs] [Times: user=0.01 sys=0.00, real=0.01 secs] 
2024-07-05T01:00:50.006+0800: 758.717: [GC (Allocation Failure) [PSYoungGen: 203285K->11328K(218112K)] 438606K->246649K(541184K), 0.0127550 secs] [Times: user=0.03 sys=0.00, real=0.01 secs] 
2024-07-05T01:00:50.275+0800: 758.986: [GC (Allocation Failure) [PSYoungGen: 209472K->15200K(217600K)] 444793K->250585K(540672K), 0.0147957 secs] [Times: user=0.03 sys=0.00, real=0.01 secs] 
2024-07-05T01:00:50.542+0800: 759.253: [GC (Allocation Failure) [PSYoungGen: 213344K->19424K(214528K)] 448729K->254809K(537600K), 0.0185806 secs] [Times: user=0.04 sys=0.00, real=0.02 secs] 
2024-07-05T01:00:50.816+0800: 759.527: [GC (Allocation Failure) [PSYoungGen: 213984K->14240K(216576K)] 449369K->249625K(539648K), 0.0165977 secs] [Times: user=0.03 sys=0.00, real=0.01 secs] 
2024-07-05T01:00:51.101+0800: 759.811: [GC (Allocation Failure) [PSYoungGen: 208800K->9266K(216064K)] 444185K->244719K(539136K), 0.0087349 secs] [Times: user=0.02 sys=0.00, real=0.01 secs] 
2024-07-05T01:00:51.389+0800: 760.100: [GC (Allocation Failure) [PSYoungGen: 204338K->4144K(216576K)] 439791K->239597K(539648K), 0.0045991 secs] [Times: user=0.01 sys=0.00, real=0.01 secs] 
2024-07-05T01:00:51.660+0800: 760.370: [GC (Allocation Failure) [PSYoungGen: 199216K->7744K(216576K)] 434669K->243197K(539648K), 0.0090530 secs] [Times: user=0.01 sys=0.00, real=0.01 secs] 
2024-07-05T01:00:51.920+0800: 760.631: [GC (Allocation Failure) [PSYoungGen: 202816K->12944K(216576K)] 438269K->248429K(539648K), 0.0140369 secs] [Times: user=0.02 sys=0.00, real=0.02 secs] 
2024-07-05T01:00:52.181+0800: 760.892: [GC (Allocation Failure) [PSYoungGen: 208016K->17664K(214528K)] 443501K->253189K(537600K), 0.0184558 secs] [Times: user=0.03 sys=0.00, real=0.02 secs] 
2024-07-05T01:00:52.450+0800: 761.161: [GC (Allocation Failure) [PSYoungGen: 211200K->17200K(210944K)] 446725K->252725K(534016K), 0.0156031 secs] [Times: user=0.02 sys=0.00, real=0.02 secs] 
2024-07-05T01:00:52.732+0800: 761.443: [GC (Allocation Failure) [PSYoungGen: 210736K->10873K(216064K)] 446261K->246431K(539136K), 0.0093755 secs] [Times: user=0.02 sys=0.00, real=0.01 secs] 
2024-07-05T01:00:53.021+0800: 761.732: [GC (Allocation Failure) [PSYoungGen: 203385K->4320K(215040K)] 438943K->239909K(538112K), 0.0045825 secs] [Times: user=0.01 sys=0.00, real=0.01 secs] 
2024-07-05T01:00:53.288+0800: 761.999: [GC (Allocation Failure) [PSYoungGen: 196832K->9264K(215552K)] 432421K->244853K(538624K), 0.0106488 secs] [Times: user=0.02 sys=0.00, real=0.01 secs] 
2024-07-05T01:00:53.538+0800: 762.248: [GC (Allocation Failure) [PSYoungGen: 202288K->14032K(215552K)] 437877K->249621K(538624K), 0.0145474 secs] [Times: user=0.03 sys=0.00, real=0.01 secs] 
2024-07-05T01:00:53.787+0800: 762.498: [GC (Allocation Failure) [PSYoungGen: 207056K->19344K(212480K)] 442645K->255001K(535552K), 0.0218954 secs] [Times: user=0.04 sys=0.00, real=0.02 secs] 
2024-07-05T01:00:54.065+0800: 762.775: [GC (Allocation Failure) [PSYoungGen: 209808K->13248K(214528K)] 445465K->248905K(537600K), 0.0118365 secs] [Times: user=0.02 sys=0.00, real=0.02 secs] 
2024-07-05T01:00:54.343+0800: 763.054: [GC (Allocation Failure) [PSYoungGen: 203712K->6768K(213504K)] 439369K->242425K(536576K), 0.0064838 secs] [Times: user=0.01 sys=0.00, real=0.01 secs] 
2024-07-05T01:00:54.622+0800: 763.332: [GC (Allocation Failure) [PSYoungGen: 198256K->7472K(214528K)] 433913K->243193K(537600K), 0.0086084 secs] [Times: user=0.01 sys=0.00, real=0.01 secs] 
2024-07-05T01:00:54.869+0800: 763.580: [GC (Allocation Failure) [PSYoungGen: 198960K->12432K(213504K)] 434681K->248153K(536576K), 0.0135222 secs] [Times: user=0.03 sys=0.00, real=0.01 secs] 
2024-07-05T01:00:55.118+0800: 763.828: [GC (Allocation Failure) [PSYoungGen: 204944K->18064K(214528K)] 440665K->253785K(537600K), 0.0192144 secs] [Times: user=0.03 sys=0.00, real=0.02 secs] 
2024-07-05T01:00:55.384+0800: 764.094: [GC (Allocation Failure) [PSYoungGen: 210576K->15808K(215040K)] 446297K->251569K(538112K), 0.0142923 secs] [Times: user=0.03 sys=0.00, real=0.02 secs] 
2024-07-05T01:00:55.658+0800: 764.369: [GC (Allocation Failure) [PSYoungGen: 207296K->9188K(200704K)] 443057K->244981K(523776K), 0.0081775 secs] [Times: user=0.01 sys=0.00, real=0.01 secs] 
2024-07-05T01:00:55.932+0800: 764.642: [GC (Allocation Failure) [PSYoungGen: 200676K->2629K(214016K)] 436469K->238422K(537088K), 0.0050240 secs] [Times: user=0.00 sys=0.00, real=0.01 secs] 
2024-07-05T01:00:56.186+0800: 764.896: [GC (Allocation Failure) [PSYoungGen: 193605K->10432K(214528K)] 429398K->246257K(537600K), 0.0110899 secs] [Times: user=0.02 sys=0.00, real=0.01 secs] 
2024-07-05T01:00:56.428+0800: 765.139: [GC (Allocation Failure) [PSYoungGen: 201408K->16544K(213504K)] 437233K->252409K(536576K), 0.0155584 secs] [Times: user=0.03 sys=0.00, real=0.01 secs] 
2024-07-05T01:00:56.682+0800: 765.393: [GC (Allocation Failure) [PSYoungGen: 207520K->17536K(208896K)] 443385K->253401K(531968K), 0.0175841 secs] [Times: user=0.03 sys=0.00, real=0.02 secs] 
2024-07-05T01:00:56.957+0800: 765.668: [GC (Allocation Failure) [PSYoungGen: 208512K->10354K(215040K)] 444377K->246220K(538112K), 0.0113581 secs] [Times: user=0.02 sys=0.00, real=0.01 secs] 
2024-07-05T01:00:57.231+0800: 765.942: [GC (Allocation Failure) [PSYoungGen: 200818K->6991K(214016K)] 436684K->242920K(537088K), 0.0073951 secs] [Times: user=0.02 sys=0.00, real=0.01 secs] 
2024-07-05T01:00:57.487+0800: 766.198: [GC (Allocation Failure) [PSYoungGen: 197455K->9552K(214016K)] 433384K->245481K(537088K), 0.0104377 secs] [Times: user=0.02 sys=0.00, real=0.01 secs] 
2024-07-05T01:00:57.734+0800: 766.445: [GC (Allocation Failure) [PSYoungGen: 201040K->16016K(214016K)] 436969K->251945K(537088K), 0.0159735 secs] [Times: user=0.03 sys=0.00, real=0.01 secs] 
2024-07-05T01:00:58.012+0800: 766.723: [GC (Allocation Failure) [PSYoungGen: 207504K->16352K(214528K)] 443433K->252321K(537600K), 0.0155357 secs] [Times: user=0.03 sys=0.00, real=0.02 secs] 
2024-07-05T01:00:58.289+0800: 767.000: [GC (Allocation Failure) [PSYoungGen: 207840K->11200K(215040K)] 443809K->247209K(538112K), 0.0107135 secs] [Times: user=0.02 sys=0.00, real=0.01 secs] 
2024-07-05T01:00:58.557+0800: 767.268: [GC (Allocation Failure) [PSYoungGen: 202688K->11167K(212992K)] 438697K->247176K(536064K), 0.0111652 secs] [Times: user=0.02 sys=0.00, real=0.01 secs] 
2024-07-05T01:00:58.834+0800: 767.544: [GC (Allocation Failure) [PSYoungGen: 203062K->9877K(214016K)] 439072K->245887K(537088K), 0.0112895 secs] [Times: user=0.02 sys=0.00, real=0.00 secs] 
2024-07-05T01:00:59.089+0800: 767.800: [GC (Allocation Failure) [PSYoungGen: 201877K->14304K(216064K)] 437887K->250377K(539136K), 0.0146099 secs] [Times: user=0.03 sys=0.00, real=0.01 secs] 
2024-07-05T01:00:59.352+0800: 768.063: [GC (Allocation Failure) [PSYoungGen: 209376K->14384K(216576K)] 445449K->250457K(539648K), 0.0138658 secs] [Times: user=0.02 sys=0.00, real=0.02 secs] 
2024-07-05T01:00:59.626+0800: 768.337: [GC (Allocation Failure) [PSYoungGen: 209456K->11684K(215040K)] 445529K->247757K(538112K), 0.0109826 secs] [Times: user=0.02 sys=0.00, real=0.01 secs] 
2024-07-05T01:00:59.894+0800: 768.604: [GC (Allocation Failure) [PSYoungGen: 207268K->13600K(216064K)] 443341K->249737K(539136K), 0.0146599 secs] [Times: user=0.02 sys=0.00, real=0.01 secs] 
2024-07-05T01:01:00.160+0800: 768.870: [GC (Allocation Failure) [PSYoungGen: 209184K->13984K(217600K)] 445321K->250121K(540672K), 0.0164553 secs] [Times: user=0.02 sys=0.00, real=0.02 secs] 
2024-07-05T01:01:00.433+0800: 769.143: [GC (Allocation Failure) [PSYoungGen: 212128K->12572K(218112K)] 448265K->248710K(541184K), 0.0121311 secs] [Times: user=0.02 sys=0.00, real=0.01 secs] 
2024-07-05T01:01:00.707+0800: 769.417: [GC (Allocation Failure) [PSYoungGen: 210716K->10400K(217600K)] 446854K->246601K(540672K), 0.0103437 secs] [Times: user=0.02 sys=0.00, real=0.01 secs] 
2024-07-05T01:01:00.980+0800: 769.691: [GC (Allocation Failure) [PSYoungGen: 209568K->13824K(218112K)] 445769K->250025K(541184K), 0.0146054 secs] [Times: user=0.03 sys=0.00, real=0.02 secs] 
2024-07-05T01:01:01.254+0800: 769.965: [GC (Allocation Failure) [PSYoungGen: 212992K->12816K(218624K)] 449193K->249017K(541696K), 0.0122871 secs] [Times: user=0.02 sys=0.00, real=0.01 secs] 
2024-07-05T01:01:01.550+0800: 770.261: [GC (Allocation Failure) [PSYoungGen: 213520K->8176K(219136K)] 449721K->244409K(542208K), 0.0104202 secs] [Times: user=0.01 sys=0.00, real=0.01 secs] 
2024-07-05T01:01:01.838+0800: 770.549: [GC (Allocation Failure) [PSYoungGen: 208880K->4776K(218112K)] 445113K->241050K(541184K), 0.0073246 secs] [Times: user=0.01 sys=0.00, real=0.00 secs] 
2024-07-05T01:01:02.114+0800: 770.825: [GC (Allocation Failure) [PSYoungGen: 204456K->10688K(219136K)] 440730K->246961K(542208K), 0.0116461 secs] [Times: user=0.02 sys=0.00, real=0.01 secs] 
2024-07-05T01:01:02.382+0800: 771.092: [GC (Allocation Failure) [PSYoungGen: 210368K->14736K(218624K)] 446641K->251009K(541696K), 0.0178116 secs] [Times: user=0.02 sys=0.00, real=0.02 secs] 
2024-07-05T01:01:02.651+0800: 771.362: [GC (Allocation Failure) [PSYoungGen: 214928K->17568K(218112K)] 451201K->253906K(541184K), 0.0182283 secs] [Times: user=0.04 sys=0.00, real=0.02 secs] 
2024-07-05T01:01:02.932+0800: 771.643: [GC (Allocation Failure) [PSYoungGen: 217760K->19184K(214016K)] 454098K->255522K(537088K), 0.0189511 secs] [Times: user=0.04 sys=0.00, real=0.02 secs] 
2024-07-05T01:01:03.218+0800: 771.928: [GC (Allocation Failure) [PSYoungGen: 212720K->12880K(216064K)] 449058K->249217K(539136K), 0.0113857 secs] [Times: user=0.02 sys=0.00, real=0.01 secs] 
2024-07-05T01:01:03.495+0800: 772.206: [GC (Allocation Failure) [PSYoungGen: 206416K->7264K(215040K)] 442753K->243666K(538112K), 0.0068123 secs] [Times: user=0.01 sys=0.00, real=0.00 secs] 
2024-07-05T01:01:03.770+0800: 772.480: [GC (Allocation Failure) [PSYoungGen: 201824K->8708K(216064K)] 438226K->245110K(539136K), 0.0110111 secs] [Times: user=0.02 sys=0.00, real=0.01 secs] 
2024-07-05T01:01:04.044+0800: 772.754: [GC (Allocation Failure) [PSYoungGen: 203268K->7616K(216064K)] 439670K->244018K(539136K), 0.0083353 secs] [Times: user=0.02 sys=0.00, real=0.01 secs] 
2024-07-05T01:01:04.300+0800: 773.011: [GC (Allocation Failure) [PSYoungGen: 203200K->14880K(216576K)] 439602K->251346K(539648K), 0.0173362 secs] [Times: user=0.03 sys=0.00, real=0.02 secs] 
2024-07-05T01:01:04.573+0800: 773.284: [GC (Allocation Failure) [PSYoungGen: 210464K->12624K(217088K)] 446930K->249090K(540160K), 0.0134813 secs] [Times: user=0.03 sys=0.00, real=0.02 secs] 
2024-07-05T01:01:04.858+0800: 773.569: [GC (Allocation Failure) [PSYoungGen: 208720K->8128K(217088K)] 445186K->244594K(540160K), 0.0089019 secs] [Times: user=0.01 sys=0.00, real=0.01 secs] 
2024-07-05T01:01:05.120+0800: 773.831: [GC (Allocation Failure) [PSYoungGen: 204224K->13376K(217088K)] 440690K->249906K(540160K), 0.0182624 secs] [Times: user=0.03 sys=0.00, real=0.02 secs] 
2024-07-05T01:01:05.389+0800: 774.100: [GC (Allocation Failure) [PSYoungGen: 209984K->18080K(215040K)] 446514K->254610K(538112K), 0.0174058 secs] [Times: user=0.03 sys=0.00, real=0.02 secs] 
2024-07-05T01:01:05.668+0800: 774.379: [GC (Allocation Failure) [PSYoungGen: 214688K->17840K(214528K)] 451218K->254370K(537600K), 0.0172147 secs] [Times: user=0.03 sys=0.00, real=0.01 secs] 
2024-07-05T01:01:05.961+0800: 774.672: [GC (Allocation Failure) [PSYoungGen: 210352K->11151K(215552K)] 446882K->247713K(538624K), 0.0104768 secs] [Times: user=0.02 sys=0.00, real=0.01 secs] 
2024-07-05T01:01:06.242+0800: 774.952: [GC (Allocation Failure) [PSYoungGen: 203663K->9568K(214016K)] 440225K->246170K(537088K), 0.0109701 secs] [Times: user=0.01 sys=0.00, real=0.01 secs] 
2024-07-05T01:01:06.515+0800: 775.226: [GC (Allocation Failure) [PSYoungGen: 202592K->8213K(215040K)] 439194K->244815K(538112K), 0.0094517 secs] [Times: user=0.01 sys=0.00, real=0.00 secs] 
2024-07-05T01:01:06.774+0800: 775.485: [GC (Allocation Failure) [PSYoungGen: 201237K->12896K(215040K)] 437839K->249498K(538112K), 0.0132865 secs] [Times: user=0.03 sys=0.00, real=0.01 secs] 
2024-07-05T01:01:07.037+0800: 775.748: [GC (Allocation Failure) [PSYoungGen: 207968K->15296K(216064K)] 444570K->251962K(539136K), 0.0148465 secs] [Times: user=0.03 sys=0.00, real=0.01 secs] 
2024-07-05T01:01:07.319+0800: 776.029: [GC (Allocation Failure) [PSYoungGen: 210368K->11314K(216064K)] 447034K->247981K(539136K), 0.0124516 secs] [Times: user=0.03 sys=0.00, real=0.01 secs] 
2024-07-05T01:01:07.597+0800: 776.308: [GC (Allocation Failure) [PSYoungGen: 207410K->11408K(216576K)] 444077K->248074K(539648K), 0.0119887 secs] [Times: user=0.02 sys=0.00, real=0.01 secs] 
2024-07-05T01:01:07.881+0800: 776.592: [GC (Allocation Failure) [PSYoungGen: 207504K->16064K(217600K)] 444170K->252794K(540672K), 0.0175980 secs] [Times: user=0.04 sys=0.00, real=0.02 secs] 
2024-07-05T01:01:08.183+0800: 776.894: [GC (Allocation Failure) [PSYoungGen: 213696K->17008K(215040K)] 450426K->253738K(538112K), 0.0175026 secs] [Times: user=0.03 sys=0.00, real=0.02 secs] 
2024-07-05T01:01:08.461+0800: 777.172: [GC (Allocation Failure) [PSYoungGen: 214640K->13920K(217600K)] 451370K->250650K(540672K), 0.0128383 secs] [Times: user=0.02 sys=0.00, real=0.02 secs] 
2024-07-05T01:01:08.742+0800: 777.452: [GC (Allocation Failure) [PSYoungGen: 210016K->13856K(210432K)] 446746K->250650K(533504K), 0.0142911 secs] [Times: user=0.03 sys=0.00, real=0.02 secs] 
2024-07-05T01:01:09.027+0800: 777.737: [GC (Allocation Failure) [PSYoungGen: 209952K->9312K(216576K)] 446746K->246106K(539648K), 0.0092971 secs] [Times: user=0.02 sys=0.00, real=0.01 secs] 
2024-07-05T01:01:09.315+0800: 778.026: [GC (Allocation Failure) [PSYoungGen: 205408K->4437K(216576K)] 442202K->241231K(539648K), 0.0068779 secs] [Times: user=0.01 sys=0.00, real=0.00 secs] 
2024-07-05T01:01:09.790+0800: 778.501: [GC (Allocation Failure) [PSYoungGen: 200533K->8800K(217600K)] 437327K->248916K(540672K), 0.0116036 secs] [Times: user=0.02 sys=0.00, real=0.01 secs] 
2024-07-05T01:01:11.733+0800: 780.444: [GC (Allocation Failure) [PSYoungGen: 205408K->20962K(217600K)] 445524K->274204K(540672K), 0.0093710 secs] [Times: user=0.01 sys=0.00, real=0.01 secs] 
2024-07-05T01:01:19.531+0800: 788.242: [GC (Allocation Failure) [PSYoungGen: 217557K->737K(201216K)] 470799K->274490K(524288K), 0.0065147 secs] [Times: user=0.01 sys=0.00, real=0.01 secs] 
2024-07-05T01:01:26.626+0800: 795.337: [GC (Allocation Failure) [PSYoungGen: 180854K->769K(181248K)] 454606K->274530K(504320K), 0.0020531 secs] [Times: user=0.01 sys=0.00, real=0.00 secs] 
2024-07-05T01:01:33.746+0800: 802.457: [GC (Allocation Failure) [PSYoungGen: 180981K->230K(208896K)] 454741K->273999K(531968K), 0.0021434 secs] [Times: user=0.00 sys=0.00, real=0.00 secs] 
2024-07-05T01:01:40.802+0800: 809.512: [GC (Allocation Failure) [PSYoungGen: 179430K->468K(179712K)] 453199K->274244K(502784K), 0.0034360 secs] [Times: user=0.00 sys=0.00, real=0.00 secs] 
2024-07-05T01:01:47.890+0800: 816.600: [GC (Allocation Failure) [PSYoungGen: 179432K->278K(208896K)] 453209K->274055K(531968K), 0.0035485 secs] [Times: user=0.01 sys=0.00, real=0.00 secs] 
2024-07-05T01:01:54.975+0800: 823.686: [GC (Allocation Failure) [PSYoungGen: 179990K->468K(176640K)] 453767K->274244K(499712K), 0.0037399 secs] [Times: user=0.00 sys=0.00, real=0.00 secs] 
2024-07-05T01:02:02.017+0800: 830.727: [GC (Allocation Failure) [PSYoungGen: 176596K->468K(197120K)] 450372K->274244K(520192K), 0.0026792 secs] [Times: user=0.00 sys=0.00, real=0.00 secs] 
2024-07-05T01:02:08.784+0800: 837.495: [GC (Allocation Failure) [PSYoungGen: 173524K->769K(171008K)] 447300K->274546K(494080K), 0.0023990 secs] [Times: user=0.00 sys=0.00, real=0.01 secs] 
2024-07-05T01:02:15.635+0800: 844.345: [GC (Allocation Failure) [PSYoungGen: 170753K->484K(188416K)] 444530K->274260K(511488K), 0.0039991 secs] [Times: user=0.00 sys=0.00, real=0.00 secs] 
2024-07-05T01:02:22.290+0800: 851.000: [GC (Allocation Failure) [PSYoungGen: 167396K->294K(164352K)] 441172K->274071K(487424K), 0.0021894 secs] [Times: user=0.00 sys=0.01, real=0.00 secs] 
2024-07-05T01:02:28.830+0800: 857.540: [GC (Allocation Failure) [PSYoungGen: 163901K->532K(179200K)] 437677K->274308K(502272K), 0.0023302 secs] [Times: user=0.01 sys=0.00, real=0.00 secs] 
2024-07-05T01:02:35.234+0800: 863.944: [GC (Allocation Failure) [PSYoungGen: 161300K->516K(158720K)] 435076K->274292K(481792K), 0.0036890 secs] [Times: user=0.00 sys=0.00, real=0.00 secs] 
2024-07-05T01:02:41.509+0800: 870.220: [GC (Allocation Failure) [PSYoungGen: 158104K->532K(172544K)] 431880K->274308K(495616K), 0.0022113 secs] [Times: user=0.00 sys=0.00, real=0.00 secs] 
2024-07-05T01:02:47.660+0800: 876.371: [GC (Allocation Failure) [PSYoungGen: 155668K->532K(153600K)] 429444K->274308K(476672K), 0.0024130 secs] [Times: user=0.00 sys=0.00, real=0.00 secs] 
2024-07-05T01:02:53.735+0800: 882.446: [GC (Allocation Failure) [PSYoungGen: 152975K->516K(165376K)] 426751K->274292K(488448K), 0.0024457 secs] [Times: user=0.00 sys=0.01, real=0.00 secs] 
2024-07-05T01:02:59.623+0800: 888.334: [GC (Allocation Failure) [PSYoungGen: 150532K->484K(147968K)] 424308K->274260K(471040K), 0.0037676 secs] [Times: user=0.00 sys=0.00, real=0.01 secs] 
2024-07-05T01:03:05.409+0800: 894.119: [GC (Allocation Failure) [PSYoungGen: 147940K->801K(158208K)] 421716K->274578K(481280K), 0.0026869 secs] [Times: user=0.00 sys=0.00, real=0.00 secs] 
2024-07-05T01:03:11.501+0800: 900.212: [GC (Allocation Failure) [PSYoungGen: 145697K->317K(142848K)] 419474K->274093K(465920K), 0.0023907 secs] [Times: user=0.00 sys=0.00, real=0.00 secs] 
2024-07-05T01:03:17.309+0800: 906.019: [GC (Allocation Failure) [PSYoungGen: 142559K->500K(152064K)] 416336K->274284K(475136K), 0.0022169 secs] [Times: user=0.01 sys=0.00, real=0.00 secs] 
2024-07-05T01:03:22.981+0800: 911.692: [GC (Allocation Failure) [PSYoungGen: 140788K->516K(139264K)] 414572K->274308K(462336K), 0.0021465 secs] [Times: user=0.00 sys=0.00, real=0.00 secs] 
2024-07-05T01:03:28.487+0800: 917.198: [GC (Allocation Failure) [PSYoungGen: 138756K->785K(145920K)] 412548K->274586K(468992K), 0.0037883 secs] [Times: user=0.00 sys=0.00, real=0.00 secs] 
2024-07-05T01:03:33.814+0800: 922.525: [GC (Allocation Failure) [PSYoungGen: 136831K->516K(135168K)] 410631K->274324K(458240K), 0.0022392 secs] [Times: user=0.00 sys=0.00, real=0.00 secs] 
2024-07-05T01:03:38.889+0800: 927.599: [GC (Allocation Failure) [PSYoungGen: 134647K->612K(140288K)] 408455K->274428K(463360K), 0.0022435 secs] [Times: user=0.00 sys=0.00, real=0.00 secs] 
2024-07-05T01:03:43.911+0800: 932.621: [GC (Allocation Failure) [PSYoungGen: 132708K->516K(131072K)] 406524K->274340K(454144K), 0.0021027 secs] [Times: user=0.00 sys=0.00, real=0.00 secs] 
2024-07-05T01:03:48.886+0800: 937.597: [GC (Allocation Failure) [PSYoungGen: 130564K->484K(134656K)] 404388K->274316K(457728K), 0.0034006 secs] [Times: user=0.00 sys=0.00, real=0.00 secs] 
2024-07-05T01:03:53.778+0800: 942.488: [GC (Allocation Failure) [PSYoungGen: 128484K->753K(126976K)] 402316K->274594K(450048K), 0.0034037 secs] [Times: user=0.01 sys=0.00, real=0.00 secs] 
2024-07-05T01:03:58.547+0800: 947.258: [GC (Allocation Failure) [PSYoungGen: 126705K->532K(130048K)] 400546K->274380K(453120K), 0.0022666 secs] [Times: user=0.00 sys=0.00, real=0.00 secs] 
2024-07-05T01:04:03.292+0800: 952.002: [GC (Allocation Failure) [PSYoungGen: 124436K->612K(123392K)] 398284K->274468K(446464K), 0.0021600 secs] [Times: user=0.01 sys=0.00, real=0.01 secs] 
2024-07-05T01:04:08.041+0800: 956.752: [GC (Allocation Failure) [PSYoungGen: 122980K->484K(126464K)] 396836K->274348K(449536K), 0.0026928 secs] [Times: user=0.00 sys=0.00, real=0.00 secs] 
2024-07-05T01:04:12.756+0800: 961.466: [GC (Allocation Failure) [PSYoungGen: 121299K->413K(119808K)] 395164K->274285K(442880K), 0.0030570 secs] [Times: user=0.00 sys=0.00, real=0.00 secs] 
2024-07-05T01:04:17.382+0800: 966.092: [GC (Allocation Failure) [PSYoungGen: 119709K->484K(122368K)] 393581K->274364K(445440K), 0.0035120 secs] [Times: user=0.00 sys=0.00, real=0.00 secs] 
2024-07-05T01:04:21.874+0800: 970.585: [GC (Allocation Failure) [PSYoungGen: 118137K->326K(116736K)] 392017K->274215K(439808K), 0.0020812 secs] [Times: user=0.01 sys=0.00, real=0.00 secs] 
2024-07-05T01:04:26.393+0800: 975.104: [GC (Allocation Failure) [PSYoungGen: 116550K->516K(118272K)] 390439K->274412K(441344K), 0.0022282 secs] [Times: user=0.00 sys=0.00, real=0.01 secs] 
2024-07-05T01:04:30.807+0800: 979.518: [GC (Allocation Failure) [PSYoungGen: 115167K->484K(113664K)] 389063K->274396K(436736K), 0.0034296 secs] [Times: user=0.00 sys=0.00, real=0.00 secs] 
2024-07-05T01:04:35.214+0800: 983.924: [GC (Allocation Failure) [PSYoungGen: 113512K->484K(114688K)] 387425K->274404K(437760K), 0.0021023 secs] [Times: user=0.00 sys=0.00, real=0.00 secs] 
2024-07-05T01:04:39.534+0800: 988.245: [GC (Allocation Failure) [PSYoungGen: 112100K->310K(110592K)] 386020K->274239K(433664K), 0.0021547 secs] [Times: user=0.00 sys=0.00, real=0.00 secs] 
2024-07-05T01:04:43.777+0800: 992.487: [GC (Allocation Failure) [PSYoungGen: 110390K->500K(111616K)] 384319K->274436K(434688K), 0.0020607 secs] [Times: user=0.00 sys=0.00, real=0.00 secs] 
2024-07-05T01:04:47.955+0800: 996.666: [GC (Allocation Failure) [PSYoungGen: 108780K->484K(107520K)] 382716K->274428K(430592K), 0.0037829 secs] [Times: user=0.00 sys=0.00, real=0.00 secs] 
2024-07-05T01:04:52.110+0800: 1000.820: [GC (Allocation Failure) [PSYoungGen: 107333K->500K(108032K)] 381277K->274452K(431104K), 0.0047166 secs] [Times: user=0.00 sys=0.00, real=0.01 secs] 
2024-07-05T01:04:56.200+0800: 1004.911: [GC (Allocation Failure) [PSYoungGen: 105902K->310K(104960K)] 379854K->274271K(428032K), 0.0021738 secs] [Times: user=0.00 sys=0.00, real=0.00 secs] 
2024-07-05T01:05:00.230+0800: 1008.940: [GC (Allocation Failure) [PSYoungGen: 104758K->484K(105984K)] 378719K->274452K(429056K), 0.0035150 secs] [Times: user=0.00 sys=0.00, real=0.00 secs] 
2024-07-05T01:05:04.187+0800: 1012.898: [GC (Allocation Failure) [PSYoungGen: 103908K->532K(103424K)] 377876K->274508K(426496K), 0.0021875 secs] [Times: user=0.00 sys=0.00, real=0.00 secs] 
2024-07-05T01:05:08.100+0800: 1016.811: [GC (Allocation Failure) [PSYoungGen: 102693K->294K(103424K)] 376670K->274279K(426496K), 0.0034044 secs] [Times: user=0.01 sys=0.00, real=0.00 secs] 
2024-07-05T01:05:11.999+0800: 1020.710: [GC (Allocation Failure) [PSYoungGen: 101571K->484K(100864K)] 375555K->274476K(423936K), 0.0040008 secs] [Times: user=0.00 sys=0.00, real=0.00 secs] 
2024-07-05T01:05:15.880+0800: 1024.590: [GC (Allocation Failure) [PSYoungGen: 100836K->326K(100352K)] 374828K->274327K(423424K), 0.0021575 secs] [Times: user=0.00 sys=0.00, real=0.00 secs] 
2024-07-05T01:05:19.876+0800: 1028.587: [GC (Allocation Failure) [PSYoungGen: 99654K->532K(99328K)] 373655K->274540K(422400K), 0.0019421 secs] [Times: user=0.00 sys=0.00, real=0.00 secs] 
2024-07-05T01:05:23.810+0800: 1032.520: [GC (Allocation Failure) [PSYoungGen: 98788K->484K(98304K)] 372796K->274500K(421376K), 0.0034835 secs] [Times: user=0.00 sys=0.00, real=0.00 secs] 
2024-07-05T01:05:27.782+0800: 1036.492: [GC (Allocation Failure) [PSYoungGen: 97764K->484K(98816K)] 371780K->274508K(421888K), 0.0033097 secs] [Times: user=0.00 sys=0.00, real=0.00 secs] 
2024-07-05T01:05:31.626+0800: 1040.337: [GC (Allocation Failure) [PSYoungGen: 96706K->667K(96256K)] 370730K->274699K(419328K), 0.0021326 secs] [Times: user=0.00 sys=0.00, real=0.00 secs] 
2024-07-05T01:05:35.269+0800: 1043.980: [GC (Allocation Failure) [PSYoungGen: 95798K->532K(95232K)] 369830K->274572K(418304K), 0.0020303 secs] [Times: user=0.00 sys=0.00, real=0.00 secs] 
2024-07-05T01:05:38.894+0800: 1047.604: [GC (Allocation Failure) [PSYoungGen: 94674K->294K(93696K)] 368714K->274343K(416768K), 0.0034370 secs] [Times: user=0.00 sys=0.00, real=0.00 secs] 
2024-07-05T01:05:42.441+0800: 1051.152: [GC (Allocation Failure) [PSYoungGen: 93478K->310K(94208K)] 367527K->274367K(417280K), 0.0019667 secs] [Times: user=0.00 sys=0.00, real=0.00 secs] 
2024-07-05T01:05:46.193+0800: 1054.904: [GC (Allocation Failure) [PSYoungGen: 92470K->294K(91648K)] 366527K->274359K(414720K), 0.0031467 secs] [Times: user=0.01 sys=0.00, real=0.01 secs] 
2024-07-05T01:05:49.847+0800: 1058.558: [GC (Allocation Failure) [PSYoungGen: 91196K->532K(91648K)] 365260K->274604K(414720K), 0.0020645 secs] [Times: user=0.00 sys=0.00, real=0.00 secs] 
2024-07-05T01:05:53.484+0800: 1062.195: [GC (Allocation Failure) [PSYoungGen: 90577K->801K(90112K)] 364650K->274882K(413184K), 0.0020265 secs] [Times: user=0.00 sys=0.00, real=0.01 secs] 
2024-07-05T01:05:57.138+0800: 1065.849: [GC (Allocation Failure) [PSYoungGen: 89658K->484K(88576K)] 363738K->274572K(411648K), 0.0033560 secs] [Times: user=0.00 sys=0.00, real=0.00 secs] 
2024-07-05T01:06:00.723+0800: 1069.434: [GC (Allocation Failure) [PSYoungGen: 88423K->532K(88064K)] 362512K->274628K(411136K), 0.0021890 secs] [Times: user=0.00 sys=0.00, real=0.00 secs] 
2024-07-05T01:06:04.226+0800: 1072.937: [GC (Allocation Failure) [PSYoungGen: 87401K->278K(86528K)] 361497K->274383K(409600K), 0.0021229 secs] [Times: user=0.00 sys=0.00, real=0.00 secs] 
2024-07-05T01:06:07.699+0800: 1076.409: [GC (Allocation Failure) [PSYoungGen: 86294K->801K(86016K)] 360399K->274914K(409088K), 0.0038909 secs] [Times: user=0.01 sys=0.00, real=0.00 secs] 
2024-07-05T01:06:11.189+0800: 1079.900: [GC (Allocation Failure) [PSYoungGen: 85793K->532K(84992K)] 359906K->274652K(408064K), 0.0021810 secs] [Times: user=0.00 sys=0.00, real=0.00 secs] 
2024-07-05T01:06:14.548+0800: 1083.258: [GC (Allocation Failure) [PSYoungGen: 84315K->532K(83968K)] 358435K->274660K(407040K), 0.0020379 secs] [Times: user=0.00 sys=0.00, real=0.00 secs] 
2024-07-05T01:06:17.867+0800: 1086.577: [GC (Allocation Failure) [PSYoungGen: 83309K->484K(82944K)] 357437K->274620K(406016K), 0.0021409 secs] [Times: user=0.00 sys=0.00, real=0.00 secs] 
2024-07-05T01:06:21.175+0800: 1089.886: [GC (Allocation Failure) [PSYoungGen: 82877K->429K(82432K)] 357013K->274573K(405504K), 0.0038474 secs] [Times: user=0.00 sys=0.00, real=0.00 secs] 
2024-07-05T01:06:24.414+0800: 1093.124: [GC (Allocation Failure) [PSYoungGen: 82116K->310K(82944K)] 356260K->274463K(406016K), 0.0028465 secs] [Times: user=0.01 sys=0.00, real=0.00 secs] 
2024-07-05T01:06:27.654+0800: 1096.364: [GC (Allocation Failure) [PSYoungGen: 81620K->801K(81920K)] 355773K->274962K(404992K), 0.0019640 secs] [Times: user=0.00 sys=0.00, real=0.00 secs] 
2024-07-05T01:06:30.874+0800: 1099.584: [GC (Allocation Failure) [PSYoungGen: 81689K->667K(81408K)] 355849K->274835K(404480K), 0.0022349 secs] [Times: user=0.00 sys=0.00, real=0.00 secs] 
2024-07-05T01:06:34.022+0800: 1102.732: [GC (Allocation Failure) [PSYoungGen: 81051K->769K(80896K)] 355219K->274946K(403968K), 0.0027303 secs] [Times: user=0.00 sys=0.00, real=0.00 secs] 
2024-07-05T01:06:37.288+0800: 1105.998: [GC (Allocation Failure) [PSYoungGen: 80641K->310K(79872K)] 354818K->274495K(402944K), 0.0029831 secs] [Times: user=0.00 sys=0.00, real=0.00 secs] 
2024-07-05T01:06:40.466+0800: 1109.177: [GC (Allocation Failure) [PSYoungGen: 79570K->532K(79872K)] 353754K->274724K(402944K), 0.0020363 secs] [Times: user=0.00 sys=0.00, real=0.00 secs] 
2024-07-05T01:06:43.561+0800: 1112.272: [GC (Allocation Failure) [PSYoungGen: 79325K->500K(79872K)] 353517K->274700K(402944K), 0.0020384 secs] [Times: user=0.01 sys=0.00, real=0.00 secs] 
2024-07-05T01:06:46.674+0800: 1115.384: [GC (Allocation Failure) [PSYoungGen: 78702K->532K(78848K)] 352902K->274740K(401920K), 0.0019930 secs] [Times: user=0.01 sys=0.00, real=0.00 secs] 
2024-07-05T01:06:49.758+0800: 1118.468: [GC (Allocation Failure) [PSYoungGen: 78351K->619K(78336K)] 352559K->274835K(401408K), 0.0029057 secs] [Times: user=0.01 sys=0.00, real=0.00 secs] 
2024-07-05T01:06:52.841+0800: 1121.552: [GC (Allocation Failure) [PSYoungGen: 77931K->310K(77312K)] 352147K->274804K(400384K), 0.0022083 secs] [Times: user=0.01 sys=0.00, real=0.00 secs] 
2024-07-05T01:06:55.894+0800: 1124.605: [GC (Allocation Failure) [PSYoungGen: 76986K->580K(77312K)] 351479K->275082K(400384K), 0.0020864 secs] [Times: user=0.00 sys=0.00, real=0.00 secs] 
2024-07-05T01:06:58.942+0800: 1127.652: [GC (Allocation Failure) [PSYoungGen: 76756K->468K(76288K)] 351258K->274978K(399360K), 0.0021313 secs] [Times: user=0.00 sys=0.00, real=0.00 secs] 
2024-07-05T01:07:01.854+0800: 1130.564: [GC (Allocation Failure) [PSYoungGen: 76244K->468K(76288K)] 350754K->274986K(399360K), 0.0020891 secs] [Times: user=0.00 sys=0.00, real=0.00 secs] 
2024-07-05T01:07:04.723+0800: 1133.433: [GC (Allocation Failure) [PSYoungGen: 75732K->500K(75264K)] 350250K->275026K(398336K), 0.0019588 secs] [Times: user=0.01 sys=0.00, real=0.00 secs] 
2024-07-05T01:07:07.738+0800: 1136.448: [GC (Allocation Failure) [PSYoungGen: 75252K->635K(75264K)] 349778K->275169K(398336K), 0.0019533 secs] [Times: user=0.01 sys=0.00, real=0.00 secs] 
2024-07-05T01:07:10.742+0800: 1139.453: [GC (Allocation Failure) [PSYoungGen: 74796K->500K(74240K)] 349330K->275042K(397312K), 0.0019931 secs] [Times: user=0.01 sys=0.00, real=0.00 secs] 
2024-07-05T01:07:12.956+0800: 1141.667: [GC (Allocation Failure) [PSYoungGen: 74026K->1016K(74240K)] 348568K->280079K(397312K), 0.0030435 secs] [Times: user=0.00 sys=0.00, real=0.00 secs] 
2024-07-05T01:07:13.038+0800: 1141.748: [GC (Allocation Failure) [PSYoungGen: 73949K->1000K(80384K)] 353013K->282930K(403456K), 0.0026239 secs] [Times: user=0.01 sys=0.00, real=0.00 secs] 
2024-07-05T01:07:13.094+0800: 1141.805: [GC (Allocation Failure) [PSYoungGen: 79906K->3154K(83456K)] 361836K->285804K(406528K), 0.0042943 secs] [Times: user=0.01 sys=0.00, real=0.00 secs] 
2024-07-05T01:07:14.411+0800: 1143.121: [GC (Allocation Failure) [PSYoungGen: 82886K->3882K(93184K)] 365536K->287245K(416256K), 0.0041751 secs] [Times: user=0.01 sys=0.00, real=0.01 secs] 
2024-07-05T01:07:15.378+0800: 1144.089: [GC (Allocation Failure) [PSYoungGen: 92615K->4595K(94208K)] 375977K->288678K(417280K), 0.0042091 secs] [Times: user=0.00 sys=0.01, real=0.00 secs] 
2024-07-05T01:07:15.601+0800: 1144.311: [GC (Allocation Failure) [PSYoungGen: 93182K->4595K(103936K)] 377265K->288678K(427008K), 0.0043519 secs] [Times: user=0.00 sys=0.00, real=0.00 secs] 
2024-07-05T01:07:15.970+0800: 1144.680: [GC (Allocation Failure) [PSYoungGen: 102512K->4627K(104448K)] 386596K->288710K(427520K), 0.0056441 secs] [Times: user=0.01 sys=0.00, real=0.01 secs] 
2024-07-05T01:07:17.253+0800: 1145.964: [GC (Allocation Failure) [PSYoungGen: 102716K->5323K(115200K)] 386799K->289406K(438272K), 0.0045628 secs] [Times: user=0.01 sys=0.00, real=0.01 secs] 
2024-07-05T01:07:17.813+0800: 1146.523: [GC (Allocation Failure) [PSYoungGen: 113228K->5084K(115712K)] 397311K->289423K(438784K), 0.0041732 secs] [Times: user=0.01 sys=0.00, real=0.01 secs] 
2024-07-05T01:07:18.806+0800: 1147.516: [GC (Allocation Failure) [PSYoungGen: 113493K->5796K(125952K)] 397832K->290143K(449024K), 0.0044064 secs] [Times: user=0.01 sys=0.00, real=0.00 secs] 
2024-07-05T01:07:19.626+0800: 1148.336: [GC (Allocation Failure) [PSYoungGen: 123563K->4355K(126464K)] 407910K->288702K(449536K), 0.0047247 secs] [Times: user=0.00 sys=0.00, real=0.00 secs] 
2024-07-05T01:07:20.474+0800: 1149.184: [GC (Allocation Failure) [PSYoungGen: 122457K->3642K(120832K)] 406805K->287998K(443904K), 0.0045024 secs] [Times: user=0.01 sys=0.00, real=0.01 secs] 
2024-07-05T01:07:21.232+0800: 1149.942: [GC (Allocation Failure) [PSYoungGen: 120312K->5796K(121344K)] 404668K->290159K(444416K), 0.0040913 secs] [Times: user=0.01 sys=0.01, real=0.01 secs] 
2024-07-05T01:07:22.126+0800: 1150.836: [GC (Allocation Failure) [PSYoungGen: 120665K->4371K(118272K)] 405028K->288734K(441344K), 0.0050483 secs] [Times: user=0.01 sys=0.00, real=0.00 secs] 
2024-07-05T01:07:22.842+0800: 1151.553: [GC (Allocation Failure) [PSYoungGen: 117659K->5116K(117248K)] 402023K->289487K(440320K), 0.0034126 secs] [Times: user=0.00 sys=0.01, real=0.01 secs] 
2024-07-05T01:07:24.066+0800: 1152.776: [GC (Allocation Failure) [PSYoungGen: 116582K->3658K(114688K)] 400953K->288029K(437760K), 0.0028022 secs] [Times: user=0.01 sys=0.00, real=0.00 secs] 
2024-07-05T01:07:24.503+0800: 1153.214: [GC (Allocation Failure) [PSYoungGen: 114164K->4403K(113664K)] 398536K->288774K(436736K), 0.0040670 secs] [Times: user=0.00 sys=0.00, real=0.01 secs] 
2024-07-05T01:07:25.198+0800: 1153.909: [GC (Allocation Failure) [PSYoungGen: 112963K->5083K(112640K)] 397334K->289471K(435712K), 0.0028630 secs] [Times: user=0.00 sys=0.00, real=0.00 secs] 
2024-07-05T01:07:26.430+0800: 1155.140: [GC (Allocation Failure) [PSYoungGen: 111964K->5115K(111104K)] 396351K->289502K(434176K), 0.0043460 secs] [Times: user=0.01 sys=0.00, real=0.01 secs] 
2024-07-05T01:07:27.022+0800: 1155.733: [GC (Allocation Failure) [PSYoungGen: 110686K->5084K(110592K)] 395073K->289487K(433664K), 0.0026164 secs] [Times: user=0.00 sys=0.00, real=0.00 secs] 
2024-07-05T01:07:27.543+0800: 1156.254: [GC (Allocation Failure) [PSYoungGen: 109331K->4371K(108032K)] 393734K->288774K(431104K), 0.0037081 secs] [Times: user=0.00 sys=0.00, real=0.01 secs] 
2024-07-05T01:07:28.444+0800: 1157.155: [GC (Allocation Failure) [PSYoungGen: 107609K->4403K(108032K)] 392012K->288814K(431104K), 0.0036917 secs] [Times: user=0.01 sys=0.00, real=0.01 secs] 
2024-07-05T01:07:29.690+0800: 1158.401: [GC (Allocation Failure) [PSYoungGen: 106192K->5780K(107520K)] 390603K->290191K(430592K), 0.0047493 secs] [Times: user=0.00 sys=0.00, real=0.01 secs] 
2024-07-05T01:07:29.860+0800: 1158.571: [GC (Allocation Failure) [PSYoungGen: 106715K->4371K(109568K)] 391126K->288798K(432640K), 0.0032697 secs] [Times: user=0.00 sys=0.00, real=0.00 secs] 
2024-07-05T01:07:30.218+0800: 1158.928: [GC (Allocation Failure) [PSYoungGen: 106154K->3658K(109056K)] 390581K->288101K(432128K), 0.0043094 secs] [Times: user=0.01 sys=0.00, real=0.00 secs] 
2024-07-05T01:07:31.712+0800: 1160.423: [GC (Allocation Failure) [PSYoungGen: 105437K->4371K(105472K)] 389880K->288814K(428544K), 0.0053744 secs] [Times: user=0.00 sys=0.01, real=0.01 secs] 
2024-07-05T01:07:32.358+0800: 1161.068: [GC (Allocation Failure) [PSYoungGen: 105133K->4371K(104448K)] 389576K->288822K(427520K), 0.0026701 secs] [Times: user=0.01 sys=0.00, real=0.00 secs] 
2024-07-05T01:07:32.529+0800: 1161.240: [GC (Allocation Failure) [PSYoungGen: 104034K->4403K(111616K)] 388485K->288870K(434688K), 0.0027063 secs] [Times: user=0.00 sys=0.00, real=0.00 secs] 
2024-07-05T01:07:33.657+0800: 1162.368: [GC (Allocation Failure) [PSYoungGen: 109831K->4371K(109056K)] 394298K->288838K(432128K), 0.0026900 secs] [Times: user=0.00 sys=0.00, real=0.00 secs] 
2024-07-05T01:07:34.716+0800: 1163.427: [GC (Allocation Failure) [PSYoungGen: 108619K->5083K(109568K)] 393086K->289566K(432640K), 0.0033891 secs] [Times: user=0.00 sys=0.00, real=0.00 secs] 
2024-07-05T01:07:35.084+0800: 1163.795: [GC (Allocation Failure) [PSYoungGen: 107867K->4371K(107008K)] 392350K->288862K(430080K), 0.0044771 secs] [Times: user=0.00 sys=0.00, real=0.01 secs] 
2024-07-05T01:07:35.497+0800: 1164.207: [GC (Allocation Failure) [PSYoungGen: 106162K->5099K(106496K)] 390654K->289590K(429568K), 0.0031058 secs] [Times: user=0.01 sys=0.00, real=0.00 secs] 
2024-07-05T01:07:36.782+0800: 1165.492: [GC (Allocation Failure) [PSYoungGen: 106154K->4387K(104960K)] 390645K->288886K(428032K), 0.0025790 secs] [Times: user=0.00 sys=0.00, real=0.00 secs] 
2024-07-05T01:07:37.136+0800: 1165.847: [GC (Allocation Failure) [PSYoungGen: 104235K->5812K(105472K)] 388734K->290319K(428544K), 0.0027019 secs] [Times: user=0.01 sys=0.00, real=0.00 secs] 
2024-07-05T01:07:37.526+0800: 1166.236: [GC (Allocation Failure) [PSYoungGen: 104781K->4371K(102912K)] 389288K->288886K(425984K), 0.0026404 secs] [Times: user=0.01 sys=0.00, real=0.00 secs] 
2024-07-05T01:07:38.562+0800: 1167.272: [GC (Allocation Failure) [PSYoungGen: 102517K->4371K(101888K)] 387032K->288894K(424960K), 0.0028325 secs] [Times: user=0.00 sys=0.00, real=0.00 secs] 
2024-07-05T01:07:39.465+0800: 1168.175: [GC (Allocation Failure) [PSYoungGen: 101224K->4403K(100864K)] 385747K->288942K(423936K), 0.0031841 secs] [Times: user=0.00 sys=0.00, real=0.01 secs] 
2024-07-05T01:07:39.966+0800: 1168.676: [GC (Allocation Failure) [PSYoungGen: 100376K->4371K(100352K)] 384915K->288910K(423424K), 0.0026546 secs] [Times: user=0.01 sys=0.00, real=0.00 secs] 
2024-07-05T01:07:40.199+0800: 1168.910: [GC (Allocation Failure) [PSYoungGen: 98896K->5083K(99328K)] 383435K->289630K(422400K), 0.0026994 secs] [Times: user=0.00 sys=0.00, real=0.00 secs] 
2024-07-05T01:07:41.522+0800: 1170.232: [GC (Allocation Failure) [PSYoungGen: 98873K->4355K(98304K)] 383420K->288910K(421376K), 0.0033328 secs] [Times: user=0.01 sys=0.00, real=0.00 secs] 
2024-07-05T01:07:42.138+0800: 1170.849: [GC (Allocation Failure) [PSYoungGen: 97518K->3658K(96256K)] 382073K->288213K(419328K), 0.0040769 secs] [Times: user=0.00 sys=0.00, real=0.00 secs] 
2024-07-05T01:07:42.508+0800: 1171.218: [GC (Allocation Failure) [PSYoungGen: 95426K->4371K(96256K)] 379981K->288934K(419328K), 0.0027183 secs] [Times: user=0.01 sys=0.00, real=0.00 secs] 
2024-07-05T01:07:42.993+0800: 1171.703: [GC (Allocation Failure) [PSYoungGen: 95254K->4371K(94720K)] 379817K->288942K(417792K), 0.0028034 secs] [Times: user=0.01 sys=0.00, real=0.01 secs] 
2024-07-05T01:07:44.261+0800: 1172.971: [GC (Allocation Failure) [PSYoungGen: 94167K->3690K(93696K)] 378738K->288261K(416768K), 0.0030654 secs] [Times: user=0.01 sys=0.00, real=0.00 secs] 
2024-07-05T01:07:44.868+0800: 1173.579: [GC (Allocation Failure) [PSYoungGen: 92338K->4371K(92672K)] 376909K->288950K(415744K), 0.0028946 secs] [Times: user=0.01 sys=0.00, real=0.00 secs] 
2024-07-05T01:07:44.918+0800: 1173.629: [GC (Allocation Failure) [PSYoungGen: 92343K->4355K(93696K)] 376922K->288942K(416768K), 0.0026001 secs] [Times: user=0.01 sys=0.00, real=0.00 secs] 
2024-07-05T01:07:45.552+0800: 1174.263: [GC (Allocation Failure) [PSYoungGen: 92327K->4403K(93696K)] 376914K->288990K(416768K), 0.0042622 secs] [Times: user=0.01 sys=0.00, real=0.01 secs] 
2024-07-05T01:07:46.803+0800: 1175.514: [GC (Allocation Failure) [PSYoungGen: 92368K->4371K(100864K)] 376955K->288966K(423936K), 0.0038035 secs] [Times: user=0.00 sys=0.01, real=0.01 secs] 
2024-07-05T01:07:47.264+0800: 1175.975: [GC (Allocation Failure) [PSYoungGen: 100593K->4371K(101888K)] 385189K->288966K(424960K), 0.0036935 secs] [Times: user=0.01 sys=0.00, real=0.01 secs] 
2024-07-05T01:07:47.754+0800: 1176.465: [GC (Allocation Failure) [PSYoungGen: 100365K->3658K(109568K)] 384960K->288261K(432640K), 0.0032593 secs] [Times: user=0.01 sys=0.01, real=0.00 secs] 
2024-07-05T01:07:48.658+0800: 1177.368: [GC (Allocation Failure) [PSYoungGen: 107627K->4371K(110080K)] 392230K->288974K(433152K), 0.0057571 secs] [Times: user=0.00 sys=0.00, real=0.00 secs] 
2024-07-05T01:07:49.606+0800: 1178.317: [GC (Allocation Failure) [PSYoungGen: 108595K->4371K(108032K)] 393198K->288990K(431104K), 0.0036201 secs] [Times: user=0.00 sys=0.00, real=0.00 secs] 
2024-07-05T01:07:50.316+0800: 1179.027: [GC (Allocation Failure) [PSYoungGen: 107613K->5083K(107520K)] 392232K->289702K(430592K), 0.0042332 secs] [Times: user=0.01 sys=0.00, real=0.00 secs] 
2024-07-05T01:07:50.686+0800: 1179.396: [GC (Allocation Failure) [PSYoungGen: 106956K->808K(102400K)] 391575K->289710K(425472K), 0.0040753 secs] [Times: user=0.00 sys=0.00, real=0.00 secs] 
2024-07-05T01:07:51.946+0800: 1180.656: [GC (Allocation Failure) [PSYoungGen: 102027K->4371K(104960K)] 390929K->293281K(428032K), 0.0029252 secs] [Times: user=0.00 sys=0.00, real=0.01 secs] 
2024-07-05T01:07:52.224+0800: 1180.935: [GC (Allocation Failure) [PSYoungGen: 104702K->3658K(103424K)] 393613K->292577K(426496K), 0.0030087 secs] [Times: user=0.00 sys=0.00, real=0.01 secs] 
2024-07-05T01:07:53.369+0800: 1182.080: [GC (Allocation Failure) [PSYoungGen: 102816K->3658K(102400K)] 391734K->292585K(425472K), 0.0027566 secs] [Times: user=0.01 sys=0.00, real=0.00 secs] 
2024-07-05T01:07:53.858+0800: 1182.568: [GC (Allocation Failure) [PSYoungGen: 101810K->3658K(101376K)] 390736K->292585K(424448K), 0.0024463 secs] [Times: user=0.00 sys=0.00, real=0.00 secs] 
2024-07-05T01:07:54.694+0800: 1183.405: [GC (Allocation Failure) [PSYoungGen: 100450K->3642K(100352K)] 389376K->292569K(423424K), 0.0041876 secs] [Times: user=0.00 sys=0.00, real=0.00 secs] 
2024-07-05T01:07:55.404+0800: 1184.114: [GC (Allocation Failure) [PSYoungGen: 99616K->2946K(98304K)] 388542K->292593K(421376K), 0.0027237 secs] [Times: user=0.00 sys=0.00, real=0.01 secs] 
2024-07-05T01:07:55.773+0800: 1184.484: [GC (Allocation Failure) [PSYoungGen: 97561K->2946K(97280K)] 387208K->292593K(420352K), 0.0025467 secs] [Times: user=0.00 sys=0.00, real=0.01 secs] 
2024-07-05T01:07:56.936+0800: 1185.647: [GC (Allocation Failure) [PSYoungGen: 96742K->3626K(97792K)] 386389K->293273K(420864K), 0.0030741 secs] [Times: user=0.01 sys=0.00, real=0.00 secs] 
2024-07-05T01:07:57.474+0800: 1186.184: [GC (Allocation Failure) [PSYoungGen: 96755K->3626K(96256K)] 386402K->293281K(419328K), 0.0038691 secs] [Times: user=0.00 sys=0.00, real=0.00 secs] 
2024-07-05T01:07:58.101+0800: 1186.812: [GC (Allocation Failure) [PSYoungGen: 95393K->3626K(95232K)] 385048K->293289K(418304K), 0.0045198 secs] [Times: user=0.01 sys=0.00, real=0.01 secs] 
2024-07-05T01:07:58.266+0800: 1186.976: [GC (Allocation Failure) [PSYoungGen: 94507K->3658K(94208K)] 384170K->293329K(417280K), 0.0024155 secs] [Times: user=0.01 sys=0.00, real=0.00 secs] 
2024-07-05T01:07:59.471+0800: 1188.181: [GC (Allocation Failure) [PSYoungGen: 93090K->3658K(93184K)] 382761K->293329K(416256K), 0.0024470 secs] [Times: user=0.01 sys=0.00, real=0.00 secs] 
2024-07-05T01:07:59.802+0800: 1188.512: [GC (Allocation Failure) [PSYoungGen: 92459K->3658K(92160K)] 382130K->293337K(415232K), 0.0024777 secs] [Times: user=0.01 sys=0.00, real=0.00 secs] 
2024-07-05T01:08:00.431+0800: 1189.142: [GC (Allocation Failure) [PSYoungGen: 91670K->3658K(91136K)] 381349K->293337K(414208K), 0.0037040 secs] [Times: user=0.00 sys=0.00, real=0.01 secs] 
2024-07-05T01:08:00.649+0800: 1189.359: [GC (Allocation Failure) [PSYoungGen: 90181K->3658K(90112K)] 379860K->293345K(413184K), 0.0029579 secs] [Times: user=0.01 sys=0.00, real=0.00 secs] 
2024-07-05T01:08:01.782+0800: 1190.493: [GC (Allocation Failure) [PSYoungGen: 89446K->2946K(88064K)] 379133K->293353K(411136K), 0.0024524 secs] [Times: user=0.00 sys=0.00, real=0.00 secs] 
2024-07-05T01:08:02.190+0800: 1190.900: [GC (Allocation Failure) [PSYoungGen: 87358K->3658K(88064K)] 377765K->294074K(411136K), 0.0024877 secs] [Times: user=0.01 sys=0.00, real=0.00 secs] 
2024-07-05T01:08:02.733+0800: 1191.444: [GC (Allocation Failure) [PSYoungGen: 87301K->2946K(86016K)] 377717K->294090K(409088K), 0.0026852 secs] [Times: user=0.00 sys=0.00, real=0.01 secs] 
2024-07-05T01:08:02.773+0800: 1191.484: [GC (Allocation Failure) [PSYoungGen: 85556K->3658K(88576K)] 376700K->294802K(411648K), 0.0024819 secs] [Times: user=0.01 sys=0.00, real=0.01 secs] 
2024-07-05T01:08:03.909+0800: 1192.620: [GC (Allocation Failure) [PSYoungGen: 87618K->2946K(97792K)] 378762K->294098K(420864K), 0.0032145 secs] [Times: user=0.00 sys=0.00, real=0.00 secs] 
2024-07-05T01:08:04.528+0800: 1193.238: [GC (Allocation Failure) [PSYoungGen: 95875K->3658K(97792K)] 387027K->294818K(420864K), 0.0044226 secs] [Times: user=0.00 sys=0.00, real=0.00 secs] 
2024-07-05T01:08:05.052+0800: 1193.763: [GC (Allocation Failure) [PSYoungGen: 96316K->3658K(106496K)] 387476K->294826K(429568K), 0.0033317 secs] [Times: user=0.00 sys=0.01, real=0.01 secs] 
2024-07-05T01:08:05.376+0800: 1194.087: [GC (Allocation Failure) [PSYoungGen: 105569K->3658K(107008K)] 396737K->294826K(430080K), 0.0034184 secs] [Times: user=0.00 sys=0.01, real=0.00 secs] 
2024-07-05T01:08:06.664+0800: 1195.375: [GC (Allocation Failure) [PSYoungGen: 105518K->3658K(115200K)] 396686K->294826K(438272K), 0.0034337 secs] [Times: user=0.00 sys=0.00, real=0.01 secs] 
2024-07-05T01:08:06.948+0800: 1195.658: [GC (Allocation Failure) [PSYoungGen: 114577K->3642K(116224K)] 405744K->294818K(439296K), 0.0057372 secs] [Times: user=0.01 sys=0.00, real=0.00 secs] 
2024-07-05T01:08:07.384+0800: 1196.095: [GC (Allocation Failure) [PSYoungGen: 115072K->3658K(126464K)] 406248K->294834K(449536K), 0.0040039 secs] [Times: user=0.01 sys=0.00, real=0.01 secs] 
2024-07-05T01:08:09.050+0800: 1197.761: [GC (Allocation Failure) [PSYoungGen: 125097K->3658K(126464K)] 416273K->294834K(449536K), 0.0036556 secs] [Times: user=0.00 sys=0.00, real=0.00 secs] 
2024-07-05T01:08:09.549+0800: 1198.260: [GC (Allocation Failure) [PSYoungGen: 125439K->3658K(135680K)] 416615K->294842K(458752K), 0.0040266 secs] [Times: user=0.01 sys=0.00, real=0.00 secs] 
2024-07-05T01:08:10.084+0800: 1198.795: [GC (Allocation Failure) [PSYoungGen: 134961K->3658K(133632K)] 426145K->294850K(456704K), 0.0035436 secs] [Times: user=0.01 sys=0.00, real=0.01 secs] 
2024-07-05T01:08:11.718+0800: 1200.429: [GC (Allocation Failure) [PSYoungGen: 133143K->2946K(130560K)] 424335K->294850K(453632K), 0.0025923 secs] [Times: user=0.00 sys=0.00, real=0.00 secs] 
2024-07-05T01:08:11.936+0800: 1200.647: [GC (Allocation Failure) [PSYoungGen: 129945K->3658K(129536K)] 421849K->295571K(452608K), 0.0028494 secs] [Times: user=0.00 sys=0.00, real=0.00 secs] 
2024-07-05T01:08:12.898+0800: 1201.609: [GC (Allocation Failure) [PSYoungGen: 128717K->2233K(125952K)] 420630K->295579K(449024K), 0.0026543 secs] [Times: user=0.01 sys=0.00, real=0.00 secs] 
2024-07-05T01:08:14.119+0800: 1202.829: [GC (Allocation Failure) [PSYoungGen: 125512K->3658K(125952K)] 418857K->297012K(449024K), 0.0039478 secs] [Times: user=0.00 sys=0.00, real=0.00 secs] 
2024-07-05T01:08:14.237+0800: 1202.948: [GC (Allocation Failure) [PSYoungGen: 124903K->2946K(129536K)] 418257K->297012K(452608K), 0.0024899 secs] [Times: user=0.00 sys=0.00, real=0.00 secs] 
2024-07-05T01:08:15.418+0800: 1204.128: [GC (Allocation Failure) [PSYoungGen: 128733K->3626K(128512K)] 422799K->297692K(451584K), 0.0041380 secs] [Times: user=0.00 sys=0.00, real=0.00 secs] 
2024-07-05T01:08:16.421+0800: 1205.131: [GC (Allocation Failure) [PSYoungGen: 127669K->2946K(125952K)] 421735K->297732K(449024K), 0.0024287 secs] [Times: user=0.00 sys=0.00, real=0.00 secs] 
2024-07-05T01:08:16.542+0800: 1205.252: [GC (Allocation Failure) [PSYoungGen: 125560K->3626K(129024K)] 420347K->298421K(452096K), 0.0045951 secs] [Times: user=0.01 sys=0.00, real=0.01 secs] 
2024-07-05T01:08:17.943+0800: 1206.654: [GC (Allocation Failure) [PSYoungGen: 127947K->3658K(140288K)] 422742K->298453K(463360K), 0.0047603 secs] [Times: user=0.01 sys=0.00, real=0.01 secs] 
2024-07-05T01:08:18.734+0800: 1207.444: [GC (Allocation Failure) [PSYoungGen: 138957K->3658K(140288K)] 433751K->298453K(463360K), 0.0034183 secs] [Times: user=0.01 sys=0.00, real=0.00 secs] 
2024-07-05T01:08:19.086+0800: 1207.796: [GC (Allocation Failure) [PSYoungGen: 138640K->3626K(152064K)] 433434K->298429K(475136K), 0.0058657 secs] [Times: user=0.00 sys=0.00, real=0.00 secs] 
2024-07-05T01:08:20.989+0800: 1209.700: [GC (Allocation Failure) [PSYoungGen: 150489K->3658K(152064K)] 445291K->298469K(475136K), 0.0034578 secs] [Times: user=0.01 sys=0.00, real=0.00 secs] 
2024-07-05T01:08:21.174+0800: 1209.884: [GC (Allocation Failure) [PSYoungGen: 150642K->3658K(164352K)] 445452K->298469K(487424K), 0.0033974 secs] [Times: user=0.01 sys=0.00, real=0.00 secs] 
2024-07-05T01:08:22.844+0800: 1211.555: [GC (Allocation Failure) [PSYoungGen: 162888K->3626K(164352K)] 457699K->298445K(487424K), 0.0059991 secs] [Times: user=0.01 sys=0.00, real=0.01 secs] 
2024-07-05T01:08:23.473+0800: 1212.184: [GC (Allocation Failure) [PSYoungGen: 163180K->3658K(176640K)] 457998K->298485K(499712K), 0.0034359 secs] [Times: user=0.01 sys=0.00, real=0.01 secs] 
2024-07-05T01:08:24.939+0800: 1213.650: [GC (Allocation Failure) [PSYoungGen: 175973K->3658K(173568K)] 470800K->298485K(496640K), 0.0037284 secs] [Times: user=0.00 sys=0.01, real=0.00 secs] 
2024-07-05T01:08:25.772+0800: 1214.483: [GC (Allocation Failure) [PSYoungGen: 172865K->1489K(167936K)] 467692K->297748K(491008K), 0.0034249 secs] [Times: user=0.01 sys=0.00, real=0.01 secs] 
2024-07-05T01:08:27.183+0800: 1215.894: [GC (Allocation Failure) [PSYoungGen: 167356K->3658K(167424K)] 463616K->299918K(490496K), 0.0041602 secs] [Times: user=0.00 sys=0.00, real=0.01 secs] 
2024-07-05T01:08:28.103+0800: 1216.814: [GC (Allocation Failure) [PSYoungGen: 166928K->3658K(164352K)] 463188K->299926K(487424K), 0.0041414 secs] [Times: user=0.00 sys=0.00, real=0.01 secs] 
2024-07-05T01:08:29.229+0800: 1217.940: [GC (Allocation Failure) [PSYoungGen: 163383K->3658K(161280K)] 459651K->299934K(484352K), 0.0029813 secs] [Times: user=0.01 sys=0.00, real=0.00 secs] 
2024-07-05T01:08:30.394+0800: 1219.104: [GC (Allocation Failure) [PSYoungGen: 160817K->1489K(156160K)] 457093K->299902K(479232K), 0.0034973 secs] [Times: user=0.00 sys=0.00, real=0.01 secs] 
2024-07-05T01:08:30.965+0800: 1219.675: [GC (Allocation Failure) [PSYoungGen: 155534K->3658K(156160K)] 453947K->302079K(479232K), 0.0026229 secs] [Times: user=0.00 sys=0.00, real=0.01 secs] 
2024-07-05T01:08:32.670+0800: 1221.380: [GC (Allocation Failure) [PSYoungGen: 155397K->3658K(153600K)] 453819K->302088K(476672K), 0.0024437 secs] [Times: user=0.01 sys=0.00, real=0.00 secs] 
2024-07-05T01:08:33.364+0800: 1222.075: [GC (Allocation Failure) [PSYoungGen: 152711K->3658K(151040K)] 451140K->302087K(474112K), 0.0025473 secs] [Times: user=0.00 sys=0.00, real=0.01 secs] 
2024-07-05T01:08:34.746+0800: 1223.457: [GC (Allocation Failure) [PSYoungGen: 150521K->2233K(146944K)] 448950K->302095K(470016K), 0.0023480 secs] [Times: user=0.00 sys=0.00, real=0.00 secs] 
2024-07-05T01:08:35.496+0800: 1224.207: [GC (Allocation Failure) [PSYoungGen: 146203K->3658K(145920K)] 446066K->303529K(468992K), 0.0025060 secs] [Times: user=0.01 sys=0.00, real=0.00 secs] 
2024-07-05T01:08:36.260+0800: 1224.970: [GC (Allocation Failure) [PSYoungGen: 145156K->3658K(143872K)] 445026K->303529K(466944K), 0.0028768 secs] [Times: user=0.00 sys=0.00, real=0.00 secs] 
2024-07-05T01:08:37.274+0800: 1225.984: [GC (Allocation Failure) [PSYoungGen: 143094K->3642K(141824K)] 442965K->303521K(464896K), 0.0046159 secs] [Times: user=0.01 sys=0.00, real=0.00 secs] 
2024-07-05T01:08:38.323+0800: 1227.033: [GC (Allocation Failure) [PSYoungGen: 140846K->2233K(138240K)] 440725K->302824K(461312K), 0.0026364 secs] [Times: user=0.00 sys=0.00, real=0.00 secs] 
2024-07-05T01:08:39.453+0800: 1228.164: [GC (Allocation Failure) [PSYoungGen: 137473K->3658K(137728K)] 438064K->304257K(460800K), 0.0025981 secs] [Times: user=0.01 sys=0.00, real=0.01 secs] 
2024-07-05T01:08:40.138+0800: 1228.848: [GC (Allocation Failure) [PSYoungGen: 137253K->3658K(135680K)] 437852K->304257K(458752K), 0.0029826 secs] [Times: user=0.00 sys=0.00, real=0.00 secs] 
2024-07-05T01:08:41.025+0800: 1229.736: [GC (Allocation Failure) [PSYoungGen: 134903K->3642K(133632K)] 435502K->304249K(456704K), 0.0047331 secs] [Times: user=0.01 sys=0.00, real=0.01 secs] 
2024-07-05T01:08:41.855+0800: 1230.566: [GC (Allocation Failure) [PSYoungGen: 132845K->2233K(130048K)] 433452K->304265K(453120K), 0.0026833 secs] [Times: user=0.01 sys=0.00, real=0.00 secs] 
2024-07-05T01:08:43.122+0800: 1231.833: [GC (Allocation Failure) [PSYoungGen: 129467K->2233K(128000K)] 431499K->304273K(451072K), 0.0025149 secs] [Times: user=0.01 sys=0.00, real=0.00 secs] 
2024-07-05T01:08:43.593+0800: 1232.303: [GC (Allocation Failure) [PSYoungGen: 126976K->3658K(127488K)] 429016K->305706K(450560K), 0.0025638 secs] [Times: user=0.01 sys=0.00, real=0.01 secs] 
2024-07-05T01:08:44.403+0800: 1233.114: [GC (Allocation Failure) [PSYoungGen: 126669K->3658K(125952K)] 428717K->305714K(449024K), 0.0028358 secs] [Times: user=0.00 sys=0.01, real=0.01 secs] 
2024-07-05T01:08:45.700+0800: 1234.410: [GC (Allocation Failure) [PSYoungGen: 125447K->2201K(122880K)] 427503K->305690K(445952K), 0.0033412 secs] [Times: user=0.00 sys=0.00, real=0.00 secs] 
2024-07-05T01:08:46.198+0800: 1234.908: [GC (Allocation Failure) [PSYoungGen: 122171K->2914K(121856K)] 425660K->306411K(444928K), 0.0044758 secs] [Times: user=0.00 sys=0.00, real=0.00 secs] 
2024-07-05T01:08:46.815+0800: 1235.525: [GC (Allocation Failure) [PSYoungGen: 121675K->3658K(121344K)] 425172K->307163K(444416K), 0.0025599 secs] [Times: user=0.00 sys=0.00, real=0.00 secs] 
2024-07-05T01:08:48.043+0800: 1236.754: [GC (Allocation Failure) [PSYoungGen: 120310K->2978K(118784K)] 423815K->306491K(441856K), 0.0037157 secs] [Times: user=0.01 sys=0.00, real=0.01 secs] 
2024-07-05T01:08:48.554+0800: 1237.264: [GC (Allocation Failure) [PSYoungGen: 118569K->2978K(117248K)] 422082K->307211K(440320K), 0.0043578 secs] [Times: user=0.00 sys=0.01, real=0.00 secs] 
2024-07-05T01:08:49.274+0800: 1237.984: [GC (Allocation Failure) [PSYoungGen: 116603K->3658K(116736K)] 420836K->307900K(439808K), 0.0029469 secs] [Times: user=0.01 sys=0.00, real=0.00 secs] 
2024-07-05T01:08:50.347+0800: 1239.058: [GC (Allocation Failure) [PSYoungGen: 115948K->2233K(113664K)] 420190K->307908K(436736K), 0.0023559 secs] [Times: user=0.01 sys=0.00, real=0.00 secs] 
2024-07-05T01:08:50.848+0800: 1239.558: [GC (Allocation Failure) [PSYoungGen: 112746K->3658K(113664K)] 418420K->309341K(436736K), 0.0024959 secs] [Times: user=0.01 sys=0.00, real=0.00 secs] 
2024-07-05T01:08:51.874+0800: 1240.584: [GC (Allocation Failure) [PSYoungGen: 112858K->2930K(111104K)] 418541K->309325K(434176K), 0.0043484 secs] [Times: user=0.00 sys=0.00, real=0.00 secs] 
2024-07-05T01:08:52.497+0800: 1241.208: [GC (Allocation Failure) [PSYoungGen: 110537K->3658K(110592K)] 416932K->310061K(433664K), 0.0026287 secs] [Times: user=0.01 sys=0.00, real=0.00 secs] 
2024-07-05T01:08:52.777+0800: 1241.487: [GC (Allocation Failure) [PSYoungGen: 110003K->2233K(107520K)] 416406K->310069K(430592K), 0.0025269 secs] [Times: user=0.00 sys=0.00, real=0.00 secs] 
2024-07-05T01:08:54.135+0800: 1242.846: [GC (Allocation Failure) [PSYoungGen: 106929K->3658K(108032K)] 414765K->311502K(431104K), 0.0038984 secs] [Times: user=0.01 sys=0.00, real=0.00 secs] 
2024-07-05T01:08:54.324+0800: 1243.035: [GC (Allocation Failure) [PSYoungGen: 107114K->2946K(105984K)] 414958K->310790K(429056K), 0.0025513 secs] [Times: user=0.01 sys=0.00, real=0.01 secs] 
2024-07-05T01:08:54.965+0800: 1243.676: [GC (Allocation Failure) [PSYoungGen: 105548K->3658K(105984K)] 413392K->311510K(429056K), 0.0027281 secs] [Times: user=0.00 sys=0.00, real=0.01 secs] 
2024-07-05T01:08:56.004+0800: 1244.715: [GC (Allocation Failure) [PSYoungGen: 105442K->2233K(103424K)] 413294K->311518K(426496K), 0.0031563 secs] [Times: user=0.01 sys=0.00, real=0.01 secs] 
2024-07-05T01:08:56.658+0800: 1245.368: [GC (Allocation Failure) [PSYoungGen: 102714K->3658K(103936K)] 411999K->312951K(427008K), 0.0048202 secs] [Times: user=0.01 sys=0.00, real=0.00 secs] 
2024-07-05T01:08:57.254+0800: 1245.965: [GC (Allocation Failure) [PSYoungGen: 103482K->3658K(102912K)] 412775K->312951K(425984K), 0.0023021 secs] [Times: user=0.01 sys=0.00, real=0.00 secs] 
2024-07-05T01:08:57.575+0800: 1246.286: [GC (Allocation Failure) [PSYoungGen: 101815K->3658K(101888K)] 411108K->312959K(424960K), 0.0026017 secs] [Times: user=0.00 sys=0.00, real=0.00 secs] 
2024-07-05T01:08:58.794+0800: 1247.505: [GC (Allocation Failure) [PSYoungGen: 101079K->2233K(99328K)] 410380K->312967K(422400K), 0.0030870 secs] [Times: user=0.00 sys=0.00, real=0.00 secs] 
2024-07-05T01:08:58.984+0800: 1247.695: [GC (Allocation Failure) [PSYoungGen: 98376K->2946K(108032K)] 409110K->313680K(431104K), 0.0043551 secs] [Times: user=0.01 sys=0.00, real=0.01 secs] 
2024-07-05T01:08:59.613+0800: 1248.323: [GC (Allocation Failure) [PSYoungGen: 107728K->3690K(108032K)] 418462K->314432K(431104K), 0.0031391 secs] [Times: user=0.00 sys=0.00, real=0.01 secs] 
2024-07-05T01:09:00.610+0800: 1249.320: [GC (Allocation Failure) [PSYoungGen: 106941K->3658K(107008K)] 417684K->314408K(430080K), 0.0026899 secs] [Times: user=0.01 sys=0.00, real=0.00 secs] 
2024-07-05T01:09:01.266+0800: 1249.977: [GC (Allocation Failure) [PSYoungGen: 106369K->2233K(104448K)] 417120K->314409K(427520K), 0.0030589 secs] [Times: user=0.00 sys=0.00, real=0.00 secs] 
2024-07-05T01:09:02.066+0800: 1250.776: [GC (Allocation Failure) [PSYoungGen: 103506K->3658K(104960K)] 415681K->315841K(428032K), 0.0026819 secs] [Times: user=0.00 sys=0.00, real=0.00 secs] 
2024-07-05T01:09:02.317+0800: 1251.028: [GC (Allocation Failure) [PSYoungGen: 103998K->3658K(103936K)] 416181K->315841K(427008K), 0.0027978 secs] [Times: user=0.01 sys=0.00, real=0.00 secs] 
2024-07-05T01:09:03.553+0800: 1252.264: [GC (Allocation Failure) [PSYoungGen: 103373K->3658K(102912K)] 415556K->315850K(425984K), 0.0026560 secs] [Times: user=0.00 sys=0.00, real=0.01 secs] 
2024-07-05T01:09:03.778+0800: 1252.489: [GC (Allocation Failure) [PSYoungGen: 101819K->2233K(100352K)] 414010K->315850K(423424K), 0.0029165 secs] [Times: user=0.01 sys=0.00, real=0.00 secs] 
2024-07-05T01:09:04.515+0800: 1253.226: [GC (Allocation Failure) [PSYoungGen: 99833K->2946K(99840K)] 413450K->316570K(422912K), 0.0025181 secs] [Times: user=0.00 sys=0.00, real=0.00 secs] 
2024-07-05T01:09:05.238+0800: 1253.948: [GC (Allocation Failure) [PSYoungGen: 99639K->3642K(99840K)] 413263K->317275K(422912K), 0.0045632 secs] [Times: user=0.00 sys=0.00, real=0.00 secs] 
2024-07-05T01:09:05.882+0800: 1254.593: [GC (Allocation Failure) [PSYoungGen: 98989K->3658K(98816K)] 412621K->317291K(421888K), 0.0028368 secs] [Times: user=0.00 sys=0.00, real=0.00 secs] 
2024-07-05T01:09:06.611+0800: 1255.322: [GC (Allocation Failure) [PSYoungGen: 98182K->2233K(96256K)] 411814K->317299K(419328K), 0.0027971 secs] [Times: user=0.01 sys=0.00, real=0.01 secs] 
2024-07-05T01:09:06.940+0800: 1255.651: [GC (Allocation Failure) [PSYoungGen: 95350K->2914K(95744K)] 410415K->317987K(418816K), 0.0033567 secs] [Times: user=0.00 sys=0.00, real=0.00 secs] 
2024-07-05T01:09:07.924+0800: 1256.634: [GC (Allocation Failure) [PSYoungGen: 95252K->3642K(95744K)] 410325K->318716K(418816K), 0.0025278 secs] [Times: user=0.00 sys=0.00, real=0.01 secs] 
2024-07-05T01:09:08.198+0800: 1256.908: [GC (Allocation Failure) [PSYoungGen: 94631K->3658K(94720K)] 409705K->318732K(417792K), 0.0038542 secs] [Times: user=0.01 sys=0.00, real=0.00 secs] 
2024-07-05T01:09:09.178+0800: 1257.889: [GC (Allocation Failure) [PSYoungGen: 94179K->3658K(93696K)] 409252K->318740K(416768K), 0.0025937 secs] [Times: user=0.00 sys=0.00, real=0.00 secs] 
2024-07-05T01:09:09.366+0800: 1258.076: [GC (Allocation Failure) [PSYoungGen: 93157K->2946K(91648K)] 408238K->318035K(414720K), 0.0026578 secs] [Times: user=0.01 sys=0.00, real=0.00 secs] 
2024-07-05T01:09:10.342+0800: 1259.052: [GC (Allocation Failure) [PSYoungGen: 90931K->3658K(91648K)] 406020K->318748K(414720K), 0.0030757 secs] [Times: user=0.00 sys=0.00, real=0.00 secs] 
2024-07-05T01:09:10.494+0800: 1259.204: [GC (Allocation Failure) [PSYoungGen: 90964K->2946K(92672K)] 406054K->318043K(415744K), 0.0023743 secs] [Times: user=0.00 sys=0.00, real=0.00 secs] 
2024-07-05T01:09:11.485+0800: 1260.195: [GC (Allocation Failure) [PSYoungGen: 90188K->3642K(90624K)] 405286K->318748K(413696K), 0.0050356 secs] [Times: user=0.00 sys=0.01, real=0.01 secs] 
2024-07-05T01:09:11.650+0800: 1260.360: [GC (Allocation Failure) [PSYoungGen: 89490K->3626K(98816K)] 404595K->318732K(421888K), 0.0044763 secs] [Times: user=0.01 sys=0.00, real=0.01 secs] 
2024-07-05T01:09:12.729+0800: 1261.440: [GC (Allocation Failure) [PSYoungGen: 97442K->3658K(99840K)] 412548K->318772K(422912K), 0.0027432 secs] [Times: user=0.01 sys=0.00, real=0.00 secs] 
2024-07-05T01:09:12.913+0800: 1261.624: [GC (Allocation Failure) [PSYoungGen: 98277K->3658K(99840K)] 413390K->318772K(422912K), 0.0028731 secs] [Times: user=0.01 sys=0.00, real=0.01 secs] 
2024-07-05T01:09:14.128+0800: 1262.839: [GC (Allocation Failure) [PSYoungGen: 98224K->1489K(108032K)] 413337K->316610K(431104K), 0.0028275 secs] [Times: user=0.01 sys=0.01, real=0.00 secs] 
2024-07-05T01:09:15.181+0800: 1263.891: [GC (Allocation Failure) [PSYoungGen: 104296K->2946K(105472K)] 419417K->318067K(428544K), 0.0032186 secs] [Times: user=0.00 sys=0.00, real=0.00 secs] 
2024-07-05T01:09:15.205+0800: 1263.915: [GC (Allocation Failure) [PSYoungGen: 104974K->2946K(108032K)] 420095K->318075K(431104K), 0.0030016 secs] [Times: user=0.01 sys=0.00, real=0.01 secs] 
2024-07-05T01:09:16.528+0800: 1265.238: [GC (Allocation Failure) [PSYoungGen: 105848K->3658K(107520K)] 420977K->318796K(430592K), 0.0036016 secs] [Times: user=0.01 sys=0.00, real=0.00 secs] 
2024-07-05T01:09:17.485+0800: 1266.195: [GC (Allocation Failure) [PSYoungGen: 106184K->3658K(120832K)] 421321K->318804K(443904K), 0.0046103 secs] [Times: user=0.01 sys=0.00, real=0.01 secs] 
2024-07-05T01:09:18.023+0800: 1266.734: [GC (Allocation Failure) [PSYoungGen: 119307K->3658K(121344K)] 434453K->318811K(444416K), 0.0035075 secs] [Times: user=0.00 sys=0.01, real=0.01 secs] 
2024-07-05T01:09:18.874+0800: 1267.584: [GC (Allocation Failure) [PSYoungGen: 119879K->3658K(133120K)] 435033K->318820K(456192K), 0.0035076 secs] [Times: user=0.00 sys=0.00, real=0.00 secs] 
2024-07-05T01:09:19.794+0800: 1268.504: [GC (Allocation Failure) [PSYoungGen: 132053K->3658K(134144K)] 447215K->318828K(457216K), 0.0050693 secs] [Times: user=0.00 sys=0.01, real=0.00 secs] 
2024-07-05T01:09:20.688+0800: 1269.398: [GC (Allocation Failure) [PSYoungGen: 132022K->3658K(144896K)] 447191K->318827K(467968K), 0.0045110 secs] [Times: user=0.01 sys=0.00, real=0.00 secs] 
2024-07-05T01:09:21.914+0800: 1270.624: [GC (Allocation Failure) [PSYoungGen: 143942K->3658K(145920K)] 459112K->318828K(468992K), 0.0053521 secs] [Times: user=0.00 sys=0.01, real=0.00 secs] 
2024-07-05T01:09:22.620+0800: 1271.331: [GC (Allocation Failure) [PSYoungGen: 144458K->3658K(142848K)] 459628K->318828K(465920K), 0.0036774 secs] [Times: user=0.01 sys=0.00, real=0.00 secs] 
2024-07-05T01:09:23.375+0800: 1272.086: [GC (Allocation Failure) [PSYoungGen: 142210K->3658K(140800K)] 457379K->318827K(463872K), 0.0048578 secs] [Times: user=0.00 sys=0.00, real=0.00 secs] 
2024-07-05T01:09:24.588+0800: 1273.298: [GC (Allocation Failure) [PSYoungGen: 140054K->1521K(136192K)] 455223K->318828K(459264K), 0.0059634 secs] [Times: user=0.00 sys=0.01, real=0.01 secs] 
2024-07-05T01:09:25.459+0800: 1274.170: [GC (Allocation Failure) [PSYoungGen: 135853K->2946K(135680K)] 453160K->320253K(458752K), 0.0024826 secs] [Times: user=0.00 sys=0.00, real=0.00 secs] 
2024-07-05T01:09:26.381+0800: 1275.092: [GC (Allocation Failure) [PSYoungGen: 135266K->3658K(134656K)] 452573K->320973K(457728K), 0.0029580 secs] [Times: user=0.00 sys=0.00, real=0.00 secs] 
2024-07-05T01:09:26.894+0800: 1275.605: [GC (Allocation Failure) [PSYoungGen: 133622K->3658K(132608K)] 450937K->320981K(455680K), 0.0030389 secs] [Times: user=0.00 sys=0.00, real=0.00 secs] 
2024-07-05T01:09:27.774+0800: 1276.485: [GC (Allocation Failure) [PSYoungGen: 131955K->2233K(129024K)] 449278K->320997K(452096K), 0.0032206 secs] [Times: user=0.00 sys=0.00, real=0.00 secs] 
2024-07-05T01:09:29.144+0800: 1277.854: [GC (Allocation Failure) [PSYoungGen: 128015K->3658K(128512K)] 446779K->322430K(451584K), 0.0033360 secs] [Times: user=0.00 sys=0.00, real=0.01 secs] 
2024-07-05T01:09:29.615+0800: 1278.326: [GC (Allocation Failure) [PSYoungGen: 127699K->3626K(126976K)] 446471K->322398K(450048K), 0.0024983 secs] [Times: user=0.01 sys=0.00, real=0.00 secs] 
2024-07-05T01:09:30.269+0800: 1278.980: [GC (Allocation Failure) [PSYoungGen: 126262K->3658K(125440K)] 445034K->322438K(448512K), 0.0029735 secs] [Times: user=0.01 sys=0.00, real=0.00 secs] 
2024-07-05T01:09:31.460+0800: 1280.170: [GC (Allocation Failure) [PSYoungGen: 124709K->2233K(122368K)] 443489K->321734K(445440K), 0.0026099 secs] [Times: user=0.00 sys=0.00, real=0.00 secs] 
2024-07-05T01:09:32.099+0800: 1280.809: [GC (Allocation Failure) [PSYoungGen: 121477K->2946K(121344K)] 440977K->322446K(444416K), 0.0026758 secs] [Times: user=0.00 sys=0.00, real=0.00 secs] 
2024-07-05T01:09:32.622+0800: 1281.332: [GC (Allocation Failure) [PSYoungGen: 120980K->2946K(119808K)] 440480K->322454K(442880K), 0.0038327 secs] [Times: user=0.00 sys=0.00, real=0.00 secs] 
2024-07-05T01:09:33.984+0800: 1282.695: [GC (Allocation Failure) [PSYoungGen: 119137K->3626K(119296K)] 438646K->323151K(442368K), 0.0027049 secs] [Times: user=0.00 sys=0.00, real=0.01 secs] 
2024-07-05T01:09:34.484+0800: 1283.194: [GC (Allocation Failure) [PSYoungGen: 118499K->2233K(116224K)] 438024K->323183K(439296K), 0.0029855 secs] [Times: user=0.00 sys=0.00, real=0.01 secs] 
2024-07-05T01:09:34.896+0800: 1283.607: [GC (Allocation Failure) [PSYoungGen: 115868K->2946K(115200K)] 436817K->323903K(438272K), 0.0025822 secs] [Times: user=0.00 sys=0.00, real=0.00 secs] 
2024-07-05T01:09:36.422+0800: 1285.132: [GC (Allocation Failure) [PSYoungGen: 114907K->3626K(114688K)] 435865K->324592K(437760K), 0.0046483 secs] [Times: user=0.01 sys=0.00, real=0.01 secs] 
2024-07-05T01:09:36.694+0800: 1285.404: [GC (Allocation Failure) [PSYoungGen: 113669K->3626K(113152K)] 434635K->324608K(436224K), 0.0028041 secs] [Times: user=0.01 sys=0.00, real=0.00 secs] 
2024-07-05T01:09:37.178+0800: 1285.889: [GC (Allocation Failure) [PSYoungGen: 112123K->1505K(109056K)] 433104K->324632K(433152K), 0.0044451 secs] [Times: user=0.01 sys=0.01, real=0.00 secs] 
2024-07-05T01:09:37.183+0800: 1285.893: [Full GC (Ergonomics) [PSYoungGen: 1505K->0K(109056K)] [ParOldGen: 323127K->52252K(343040K)] 324632K->52252K(452096K), [Metaspace: 13026K->13007K(1060864K)], 0.0429729 secs] [Times: user=0.06 sys=0.00, real=0.05 secs] 
2024-07-05T01:09:38.569+0800: 1287.279: [GC (Allocation Failure) [PSYoungGen: 106877K->3626K(119296K)] 159130K->55879K(462336K), 0.0014771 secs] [Times: user=0.00 sys=0.00, real=0.00 secs] 
2024-07-05T01:09:39.248+0800: 1287.959: [GC (Allocation Failure) [PSYoungGen: 118754K->3626K(127488K)] 171006K->55879K(470528K), 0.0020545 secs] [Times: user=0.00 sys=0.00, real=0.00 secs] 
2024-07-05T01:09:39.513+0800: 1288.224: [GC (Allocation Failure) [PSYoungGen: 125462K->3658K(127488K)] 177715K->55911K(470528K), 0.0019639 secs] [Times: user=0.00 sys=0.00, real=0.01 secs] 
2024-07-05T01:09:41.033+0800: 1289.744: [GC (Allocation Failure) [PSYoungGen: 125789K->3626K(134144K)] 178042K->55879K(477184K), 0.0037192 secs] [Times: user=0.01 sys=0.00, real=0.01 secs] 
2024-07-05T01:09:41.726+0800: 1290.436: [GC (Allocation Failure) [PSYoungGen: 133494K->3658K(135168K)] 185747K->55911K(478208K), 0.0023681 secs] [Times: user=0.00 sys=0.01, real=0.01 secs] 
2024-07-05T01:09:42.087+0800: 1290.798: [GC (Allocation Failure) [PSYoungGen: 133507K->3658K(143360K)] 185760K->55911K(486400K), 0.0037855 secs] [Times: user=0.00 sys=0.00, real=0.00 secs] 
2024-07-05T01:09:43.945+0800: 1292.656: [GC (Allocation Failure) [PSYoungGen: 141781K->3658K(143360K)] 194034K->55911K(486400K), 0.0020680 secs] [Times: user=0.00 sys=0.00, real=0.01 secs] 
2024-07-05T01:09:44.295+0800: 1293.006: [GC (Allocation Failure) [PSYoungGen: 141707K->3626K(152064K)] 193960K->55879K(495104K), 0.0033712 secs] [Times: user=0.00 sys=0.01, real=0.00 secs] 
2024-07-05T01:09:45.616+0800: 1294.326: [GC (Allocation Failure) [PSYoungGen: 150474K->2946K(152064K)] 202727K->55199K(495104K), 0.0029914 secs] [Times: user=0.00 sys=0.00, real=0.00 secs] 
2024-07-05T01:09:46.316+0800: 1295.026: [GC (Allocation Failure) [PSYoungGen: 149805K->3658K(161280K)] 202058K->55911K(504320K), 0.0024067 secs] [Times: user=0.00 sys=0.00, real=0.00 secs] 
2024-07-05T01:09:47.298+0800: 1296.008: [GC (Allocation Failure) [PSYoungGen: 159826K->3658K(161792K)] 212079K->55911K(504832K), 0.0040197 secs] [Times: user=0.00 sys=0.00, real=0.00 secs] 
2024-07-05T01:09:48.809+0800: 1297.519: [GC (Allocation Failure) [PSYoungGen: 159969K->3658K(169472K)] 212222K->55911K(512512K), 0.0024217 secs] [Times: user=0.00 sys=0.01, real=0.00 secs] 
2024-07-05T01:09:49.229+0800: 1297.940: [GC (Allocation Failure) [PSYoungGen: 168884K->3642K(170496K)] 221137K->55895K(513536K), 0.0022545 secs] [Times: user=0.00 sys=0.00, real=0.00 secs] 
2024-07-05T01:09:51.336+0800: 1300.047: [GC (Allocation Failure) [PSYoungGen: 168798K->3658K(178176K)] 221051K->55911K(521216K), 0.0036097 secs] [Times: user=0.00 sys=0.01, real=0.00 secs] 
2024-07-05T01:09:51.474+0800: 1300.184: [GC (Allocation Failure) [PSYoungGen: 177432K->2914K(179200K)] 229685K->55167K(522240K), 0.0028147 secs] [Times: user=0.00 sys=0.00, real=0.00 secs] 
2024-07-05T01:09:53.676+0800: 1302.386: [GC (Allocation Failure) [PSYoungGen: 177079K->3658K(192000K)] 229332K->55911K(535040K), 0.0022705 secs] [Times: user=0.00 sys=0.00, real=0.00 secs] 
2024-07-05T01:09:54.037+0800: 1302.747: [GC (Allocation Failure) [PSYoungGen: 190855K->3626K(193536K)] 243108K->55887K(536576K), 0.0034844 secs] [Times: user=0.00 sys=0.00, real=0.00 secs] 
2024-07-05T01:09:55.978+0800: 1304.689: [GC (Allocation Failure) [PSYoungGen: 192434K->3658K(206848K)] 244695K->55927K(549888K), 0.0023372 secs] [Times: user=0.00 sys=0.00, real=0.00 secs] 
2024-07-05T01:09:57.132+0800: 1305.843: [GC (Allocation Failure) [PSYoungGen: 206142K->2946K(207872K)] 258411K->55215K(550912K), 0.0027508 secs] [Times: user=0.00 sys=0.01, real=0.01 secs] 
2024-07-05T01:09:58.532+0800: 1307.243: [GC (Allocation Failure) [PSYoungGen: 205670K->3658K(219136K)] 257939K->55935K(562176K), 0.0024319 secs] [Times: user=0.00 sys=0.00, real=0.01 secs] 
2024-07-05T01:10:00.348+0800: 1309.058: [GC (Allocation Failure) [PSYoungGen: 218518K->3658K(220160K)] 270795K->55943K(563200K), 0.0024433 secs] [Times: user=0.01 sys=0.00, real=0.00 secs] 
2024-07-05T01:10:01.407+0800: 1310.118: [GC (Allocation Failure) [PSYoungGen: 218938K->3690K(230400K)] 271223K->55975K(573440K), 0.0045850 secs] [Times: user=0.01 sys=0.00, real=0.00 secs] 
2024-07-05T01:10:02.862+0800: 1311.572: [GC (Allocation Failure) [PSYoungGen: 229424K->3658K(230400K)] 281709K->55951K(573440K), 0.0037788 secs] [Times: user=0.00 sys=0.00, real=0.00 secs] 
2024-07-05T01:10:04.762+0800: 1313.472: [GC (Allocation Failure) [PSYoungGen: 228867K->3658K(233984K)] 281160K->55951K(577024K), 0.0023394 secs] [Times: user=0.00 sys=0.00, real=0.00 secs] 
2024-07-05T01:10:06.142+0800: 1314.852: [GC (Allocation Failure) [PSYoungGen: 232663K->3626K(233984K)] 284956K->55927K(577024K), 0.0024684 secs] [Times: user=0.01 sys=0.00, real=0.00 secs] 
2024-07-05T01:10:07.896+0800: 1316.607: [GC (Allocation Failure) [PSYoungGen: 232836K->3626K(233984K)] 285137K->55935K(577024K), 0.0020316 secs] [Times: user=0.00 sys=0.00, real=0.00 secs] 
2024-07-05T01:10:09.439+0800: 1318.150: [GC (Allocation Failure) [PSYoungGen: 232794K->3626K(233984K)] 285103K->55943K(577024K), 0.0021461 secs] [Times: user=0.00 sys=0.00, real=0.00 secs] 
2024-07-05T01:10:10.722+0800: 1319.432: [GC (Allocation Failure) [PSYoungGen: 232988K->3626K(233984K)] 285305K->55951K(577024K), 0.0019560 secs] [Times: user=0.00 sys=0.00, real=0.00 secs] 
2024-07-05T01:10:12.892+0800: 1321.603: [GC (Allocation Failure) [PSYoungGen: 232835K->3658K(233984K)] 285160K->55991K(577024K), 0.0017125 secs] [Times: user=0.00 sys=0.00, real=0.01 secs] 
2024-07-05T01:10:14.102+0800: 1322.812: [GC (Allocation Failure) [PSYoungGen: 232328K->3658K(233984K)] 284661K->55999K(577024K), 0.0013838 secs] [Times: user=0.01 sys=0.00, real=0.00 secs] 
2024-07-05T01:10:15.405+0800: 1324.116: [GC (Allocation Failure) [PSYoungGen: 232572K->3658K(233984K)] 284913K->56007K(577024K), 0.0016228 secs] [Times: user=0.01 sys=0.00, real=0.01 secs] 
2024-07-05T01:10:17.686+0800: 1326.396: [GC (Allocation Failure) [PSYoungGen: 232542K->3626K(233472K)] 284891K->55983K(576512K), 0.0021345 secs] [Times: user=0.00 sys=0.00, real=0.00 secs] 
2024-07-05T01:10:18.660+0800: 1327.371: [GC (Allocation Failure) [PSYoungGen: 232779K->3658K(233984K)] 285136K->56023K(577024K), 0.0014497 secs] [Times: user=0.01 sys=0.00, real=0.00 secs] 
2024-07-05T01:10:20.159+0800: 1328.870: [GC (Allocation Failure) [PSYoungGen: 233016K->3626K(234496K)] 285381K->55999K(577536K), 0.0022415 secs] [Times: user=0.00 sys=0.00, real=0.00 secs] 
2024-07-05T01:10:22.333+0800: 1331.043: [GC (Allocation Failure) [PSYoungGen: 234026K->2914K(234496K)] 286399K->55295K(577536K), 0.0018059 secs] [Times: user=0.00 sys=0.00, real=0.01 secs] 
2024-07-05T01:10:23.214+0800: 1331.925: [GC (Allocation Failure) [PSYoungGen: 232906K->3658K(234496K)] 285287K->56047K(577536K), 0.0013366 secs] [Times: user=0.00 sys=0.00, real=0.00 secs] 
2024-07-05T01:10:24.958+0800: 1333.669: [GC (Allocation Failure) [PSYoungGen: 233756K->3658K(234496K)] 286145K->56055K(577536K), 0.0014306 secs] [Times: user=0.00 sys=0.00, real=0.00 secs] 
2024-07-05T01:10:27.008+0800: 1335.719: [GC (Allocation Failure) [PSYoungGen: 233425K->3626K(234496K)] 285822K->56031K(577536K), 0.0019732 secs] [Times: user=0.00 sys=0.00, real=0.00 secs] 
2024-07-05T01:10:27.818+0800: 1336.529: [GC (Allocation Failure) [PSYoungGen: 233729K->3658K(234496K)] 286134K->56071K(577536K), 0.0014126 secs] [Times: user=0.00 sys=0.00, real=0.00 secs] 
2024-07-05T01:10:29.701+0800: 1338.412: [GC (Allocation Failure) [PSYoungGen: 233521K->3658K(234496K)] 285934K->56079K(577536K), 0.0015073 secs] [Times: user=0.00 sys=0.00, real=0.00 secs] 
2024-07-05T01:10:31.574+0800: 1340.285: [GC (Allocation Failure) [PSYoungGen: 233996K->3658K(234496K)] 286417K->56087K(577536K), 0.0013732 secs] [Times: user=0.00 sys=0.00, real=0.00 secs] 
2024-07-05T01:10:32.327+0800: 1341.037: [GC (Allocation Failure) [PSYoungGen: 233742K->3626K(234496K)] 286171K->56063K(577536K), 0.0020949 secs] [Times: user=0.01 sys=0.00, real=0.00 secs] 
2024-07-05T01:10:34.152+0800: 1342.862: [GC (Allocation Failure) [PSYoungGen: 233458K->3658K(234496K)] 285895K->56103K(577536K), 0.0014793 secs] [Times: user=0.00 sys=0.00, real=0.00 secs] 
2024-07-05T01:10:36.058+0800: 1344.769: [GC (Allocation Failure) [PSYoungGen: 234017K->3658K(234496K)] 286462K->56111K(577536K), 0.0014822 secs] [Times: user=0.00 sys=0.00, real=0.00 secs] 
2024-07-05T01:10:36.798+0800: 1345.508: [GC (Allocation Failure) [PSYoungGen: 233755K->3658K(234496K)] 286208K->56119K(577536K), 0.0014441 secs] [Times: user=0.01 sys=0.00, real=0.00 secs] 
2024-07-05T01:10:38.610+0800: 1347.320: [GC (Allocation Failure) [PSYoungGen: 233504K->3658K(234496K)] 285965K->56127K(577536K), 0.0024205 secs] [Times: user=0.00 sys=0.00, real=0.00 secs] 
2024-07-05T01:10:40.634+0800: 1349.344: [GC (Allocation Failure) [PSYoungGen: 234030K->3658K(234496K)] 286499K->56135K(577536K), 0.0013795 secs] [Times: user=0.00 sys=0.00, real=0.00 secs] 
2024-07-05T01:10:41.366+0800: 1350.077: [GC (Allocation Failure) [PSYoungGen: 233760K->3658K(234496K)] 286237K->56143K(577536K), 0.0013450 secs] [Times: user=0.00 sys=0.00, real=0.00 secs] 
2024-07-05T01:10:43.622+0800: 1352.333: [GC (Allocation Failure) [PSYoungGen: 233860K->2233K(232960K)] 286345K->54726K(576000K), 0.0013500 secs] [Times: user=0.00 sys=0.00, real=0.00 secs] 
2024-07-05T01:10:45.277+0800: 1353.988: [GC (Allocation Failure) [PSYoungGen: 232023K->3658K(233984K)] 284516K->56159K(577024K), 0.0014010 secs] [Times: user=0.00 sys=0.00, real=0.00 secs] 
2024-07-05T01:10:46.166+0800: 1354.876: [GC (Allocation Failure) [PSYoungGen: 232987K->3658K(233984K)] 285488K->56167K(577024K), 0.0013993 secs] [Times: user=0.00 sys=0.00, real=0.00 secs] 
2024-07-05T01:10:48.218+0800: 1356.928: [GC (Allocation Failure) [PSYoungGen: 232870K->3626K(233472K)] 285378K->56143K(576512K), 0.0021013 secs] [Times: user=0.01 sys=0.00, real=0.00 secs] 
2024-07-05T01:10:49.990+0800: 1358.700: [GC (Allocation Failure) [PSYoungGen: 232541K->2946K(233984K)] 285058K->55463K(577024K), 0.0018846 secs] [Times: user=0.01 sys=0.00, real=0.00 secs] 
2024-07-05T01:10:51.246+0800: 1359.956: [GC (Allocation Failure) [PSYoungGen: 232280K->3658K(233984K)] 284797K->56183K(577024K), 0.0015024 secs] [Times: user=0.00 sys=0.00, real=0.00 secs] 
2024-07-05T01:10:52.781+0800: 1361.492: [GC (Allocation Failure) [PSYoungGen: 232401K->3658K(233984K)] 284926K->56191K(577024K), 0.0012515 secs] [Times: user=0.00 sys=0.00, real=0.00 secs] 
2024-07-05T01:10:54.430+0800: 1363.140: [GC (Allocation Failure) [PSYoungGen: 232683K->3658K(233984K)] 285215K->56199K(577024K), 0.0013698 secs] [Times: user=0.00 sys=0.00, real=0.00 secs] 
2024-07-05T01:10:55.806+0800: 1364.516: [GC (Allocation Failure) [PSYoungGen: 232606K->3658K(233984K)] 285147K->56207K(577024K), 0.0016151 secs] [Times: user=0.00 sys=0.00, real=0.00 secs] 
2024-07-05T01:10:57.353+0800: 1366.064: [GC (Allocation Failure) [PSYoungGen: 232993K->3658K(233984K)] 285542K->56215K(577024K), 0.0017829 secs] [Times: user=0.00 sys=0.00, real=0.01 secs] 
2024-07-05T01:10:58.999+0800: 1367.709: [GC (Allocation Failure) [PSYoungGen: 232745K->3626K(233472K)] 285302K->56191K(576512K), 0.0022010 secs] [Times: user=0.00 sys=0.00, real=0.00 secs] 
2024-07-05T01:11:00.369+0800: 1369.079: [GC (Allocation Failure) [PSYoungGen: 232995K->3658K(233472K)] 285560K->56231K(576512K), 0.0021071 secs] [Times: user=0.00 sys=0.00, real=0.00 secs] 
2024-07-05T01:11:02.531+0800: 1371.242: [GC (Allocation Failure) [PSYoungGen: 232985K->3626K(233472K)] 285558K->56207K(576512K), 0.0023269 secs] [Times: user=0.00 sys=0.00, real=0.00 secs] 
2024-07-05T01:11:03.726+0800: 1372.436: [GC (Allocation Failure) [PSYoungGen: 232555K->3658K(234496K)] 285136K->56247K(577536K), 0.0016214 secs] [Times: user=0.01 sys=0.00, real=0.01 secs] 
2024-07-05T01:11:05.373+0800: 1374.084: [GC (Allocation Failure) [PSYoungGen: 233368K->3658K(234496K)] 285957K->56255K(577536K), 0.0020934 secs] [Times: user=0.01 sys=0.00, real=0.01 secs] 
2024-07-05T01:11:07.964+0800: 1376.674: [GC (Allocation Failure) [PSYoungGen: 233922K->3658K(234496K)] 286519K->56263K(577536K), 0.0021884 secs] [Times: user=0.00 sys=0.00, real=0.01 secs] 
2024-07-05T01:11:08.973+0800: 1377.683: [GC (Allocation Failure) [PSYoungGen: 233549K->3658K(234496K)] 286154K->56263K(577536K), 0.0014412 secs] [Times: user=0.00 sys=0.00, real=0.01 secs] 
2024-07-05T01:11:10.556+0800: 1379.267: [GC (Allocation Failure) [PSYoungGen: 233738K->3690K(234496K)] 286343K->56303K(577536K), 0.0021077 secs] [Times: user=0.00 sys=0.00, real=0.00 secs] 
2024-07-05T01:11:12.714+0800: 1381.424: [GC (Allocation Failure) [PSYoungGen: 233457K->3658K(234496K)] 286070K->56279K(577536K), 0.0014893 secs] [Times: user=0.00 sys=0.00, real=0.01 secs] 
2024-07-05T01:11:13.579+0800: 1382.290: [GC (Allocation Failure) [PSYoungGen: 233354K->3626K(234496K)] 285975K->56255K(577536K), 0.0021337 secs] [Times: user=0.00 sys=0.00, real=0.00 secs] 
2024-07-05T01:11:15.395+0800: 1384.105: [GC (Allocation Failure) [PSYoungGen: 234026K->2201K(232960K)] 286655K->54838K(576000K), 0.0018302 secs] [Times: user=0.00 sys=0.00, real=0.00 secs] 
2024-07-05T01:11:17.378+0800: 1386.088: [GC (Allocation Failure) [PSYoungGen: 232512K->3690K(233984K)] 285149K->56335K(577024K), 0.0020428 secs] [Times: user=0.01 sys=0.00, real=0.00 secs] 
2024-07-05T01:11:18.250+0800: 1386.960: [GC (Allocation Failure) [PSYoungGen: 232850K->3626K(233984K)] 285495K->56279K(577024K), 0.0020994 secs] [Times: user=0.00 sys=0.00, real=0.00 secs] 
2024-07-05T01:11:20.198+0800: 1388.908: [GC (Allocation Failure) [PSYoungGen: 232782K->3658K(233984K)] 285435K->56319K(577024K), 0.0016038 secs] [Times: user=0.01 sys=0.00, real=0.00 secs] 
2024-07-05T01:11:21.938+0800: 1390.649: [GC (Allocation Failure) [PSYoungGen: 232985K->2914K(233984K)] 285646K->55583K(577024K), 0.0017689 secs] [Times: user=0.00 sys=0.00, real=0.00 secs] 
2024-07-05T01:11:23.203+0800: 1391.913: [GC (Allocation Failure) [PSYoungGen: 232074K->3626K(233984K)] 284742K->56303K(577024K), 0.0019787 secs] [Times: user=0.00 sys=0.00, real=0.00 secs] 
2024-07-05T01:11:24.854+0800: 1393.564: [GC (Allocation Failure) [PSYoungGen: 232810K->3626K(233984K)] 285487K->56311K(577024K), 0.0021177 secs] [Times: user=0.00 sys=0.00, real=0.00 secs] 
2024-07-05T01:11:26.498+0800: 1395.208: [GC (Allocation Failure) [PSYoungGen: 232947K->3626K(233984K)] 285632K->56319K(577024K), 0.0020185 secs] [Times: user=0.00 sys=0.00, real=0.00 secs] 
2024-07-05T01:11:28.148+0800: 1396.859: [GC (Allocation Failure) [PSYoungGen: 232832K->2914K(233984K)] 285525K->55615K(577024K), 0.0013136 secs] [Times: user=0.00 sys=0.00, real=0.00 secs] 
2024-07-05T01:11:29.476+0800: 1398.187: [GC (Allocation Failure) [PSYoungGen: 232177K->3658K(233984K)] 284878K->56367K(577024K), 0.0018591 secs] [Times: user=0.00 sys=0.00, real=0.00 secs] 
2024-07-05T01:11:31.191+0800: 1399.902: [GC (Allocation Failure) [PSYoungGen: 232385K->3626K(233984K)] 285094K->56343K(577024K), 0.0023778 secs] [Times: user=0.00 sys=0.00, real=0.01 secs] 
2024-07-05T01:11:33.085+0800: 1401.795: [GC (Allocation Failure) [PSYoungGen: 232530K->3658K(233984K)] 285247K->56383K(577024K), 0.0017583 secs] [Times: user=0.00 sys=0.00, real=0.01 secs] 
2024-07-05T01:11:34.182+0800: 1402.892: [GC (Allocation Failure) [PSYoungGen: 232418K->3626K(233984K)] 285143K->56359K(577024K), 0.0022261 secs] [Times: user=0.00 sys=0.00, real=0.00 secs] 
2024-07-05T01:11:36.191+0800: 1404.902: [GC (Allocation Failure) [PSYoungGen: 232648K->3626K(233984K)] 285381K->56359K(577024K), 0.0023904 secs] [Times: user=0.00 sys=0.00, real=0.00 secs] 
2024-07-05T01:11:37.685+0800: 1406.396: [GC (Allocation Failure) [PSYoungGen: 232953K->3658K(233984K)] 285686K->56399K(577024K), 0.0013605 secs] [Times: user=0.00 sys=0.00, real=0.01 secs] 
2024-07-05T01:11:39.094+0800: 1407.804: [GC (Allocation Failure) [PSYoungGen: 232767K->3626K(233472K)] 285508K->56375K(576512K), 0.0019256 secs] [Times: user=0.01 sys=0.00, real=0.00 secs] 
2024-07-05T01:11:40.985+0800: 1409.695: [GC (Allocation Failure) [PSYoungGen: 232406K->3642K(233984K)] 285155K->56399K(577024K), 0.0016405 secs] [Times: user=0.00 sys=0.00, real=0.01 secs] 
2024-07-05T01:11:42.881+0800: 1411.591: [GC (Allocation Failure) [PSYoungGen: 232997K->1521K(233472K)] 285754K->54286K(576512K), 0.0011433 secs] [Times: user=0.00 sys=0.00, real=0.00 secs] 
2024-07-05T01:11:43.685+0800: 1412.396: [GC (Allocation Failure) [PSYoungGen: 230873K->3658K(233984K)] 283638K->56431K(577024K), 0.0013584 secs] [Times: user=0.00 sys=0.00, real=0.01 secs] 
2024-07-05T01:11:45.465+0800: 1414.175: [GC (Allocation Failure) [PSYoungGen: 232701K->3658K(233984K)] 285474K->56439K(577024K), 0.0013448 secs] [Times: user=0.00 sys=0.00, real=0.01 secs] 
2024-07-05T01:11:47.320+0800: 1416.030: [GC (Allocation Failure) [PSYoungGen: 232605K->3626K(233984K)] 285386K->56415K(577024K), 0.0020426 secs] [Times: user=0.00 sys=0.00, real=0.00 secs] 
2024-07-05T01:11:48.254+0800: 1416.964: [GC (Allocation Failure) [PSYoungGen: 232532K->3626K(233984K)] 285321K->56423K(577024K), 0.0022232 secs] [Times: user=0.00 sys=0.00, real=0.00 secs] 
2024-07-05T01:11:49.843+0800: 1418.553: [GC (Allocation Failure) [PSYoungGen: 232754K->3658K(233984K)] 285551K->56463K(577024K), 0.0013093 secs] [Times: user=0.00 sys=0.00, real=0.00 secs] 
2024-07-05T01:11:51.893+0800: 1420.604: [GC (Allocation Failure) [PSYoungGen: 232601K->3642K(233984K)] 285406K->56455K(577024K), 0.0012719 secs] [Times: user=0.00 sys=0.00, real=0.01 secs] 
2024-07-05T01:11:53.385+0800: 1422.096: [GC (Allocation Failure) [PSYoungGen: 232987K->2233K(233984K)] 285800K->55054K(577024K), 0.0016951 secs] [Times: user=0.00 sys=0.00, real=0.01 secs] 
2024-07-05T01:11:54.676+0800: 1423.386: [GC (Allocation Failure) [PSYoungGen: 231573K->3658K(233984K)] 284394K->56495K(577024K), 0.0013846 secs] [Times: user=0.00 sys=0.00, real=0.00 secs] 
2024-07-05T01:11:56.730+0800: 1425.440: [GC (Allocation Failure) [PSYoungGen: 232683K->3658K(233984K)] 285520K->56503K(577024K), 0.0019756 secs] [Times: user=0.00 sys=0.00, real=0.00 secs] 
2024-07-05T01:11:57.971+0800: 1426.682: [GC (Allocation Failure) [PSYoungGen: 232972K->3658K(233984K)] 285817K->56511K(577024K), 0.0018976 secs] [Times: user=0.00 sys=0.00, real=0.00 secs] 
2024-07-05T01:11:59.914+0800: 1428.624: [GC (Allocation Failure) [PSYoungGen: 232790K->3658K(233984K)] 285643K->56519K(577024K), 0.0019460 secs] [Times: user=0.01 sys=0.00, real=0.00 secs] 
2024-07-05T01:12:01.590+0800: 1430.300: [GC (Allocation Failure) [PSYoungGen: 232864K->3658K(233984K)] 285725K->56527K(577024K), 0.0014202 secs] [Times: user=0.00 sys=0.00, real=0.00 secs] 
2024-07-05T01:12:02.708+0800: 1431.419: [GC (Allocation Failure) [PSYoungGen: 233003K->3690K(233984K)] 285872K->56567K(577024K), 0.0018547 secs] [Times: user=0.00 sys=0.00, real=0.00 secs] 
2024-07-05T01:12:04.842+0800: 1433.552: [GC (Allocation Failure) [PSYoungGen: 232453K->3626K(233984K)] 285330K->56511K(577024K), 0.0018554 secs] [Times: user=0.00 sys=0.00, real=0.00 secs] 
2024-07-05T01:12:06.258+0800: 1434.968: [GC (Allocation Failure) [PSYoungGen: 232537K->3626K(233984K)] 285422K->56519K(577024K), 0.0019806 secs] [Times: user=0.00 sys=0.00, real=0.00 secs] 
2024-07-05T01:12:07.595+0800: 1436.306: [GC (Allocation Failure) [PSYoungGen: 232951K->3626K(233984K)] 285844K->56527K(577024K), 0.0018858 secs] [Times: user=0.00 sys=0.00, real=0.00 secs] 
2024-07-05T01:12:09.395+0800: 1438.106: [GC (Allocation Failure) [PSYoungGen: 232302K->3626K(233984K)] 285203K->56535K(577024K), 0.0019829 secs] [Times: user=0.00 sys=0.00, real=0.00 secs] 
2024-07-05T01:12:10.627+0800: 1439.338: [GC (Allocation Failure) [PSYoungGen: 232757K->3626K(233984K)] 285666K->56543K(577024K), 0.0012321 secs] [Times: user=0.00 sys=0.00, real=0.00 secs] 
2024-07-05T01:12:12.111+0800: 1440.822: [GC (Allocation Failure) [PSYoungGen: 232971K->3658K(233984K)] 285888K->56583K(577024K), 0.0014053 secs] [Times: user=0.00 sys=0.00, real=0.00 secs] 
2024-07-05T01:12:13.950+0800: 1442.660: [GC (Allocation Failure) [PSYoungGen: 233022K->3626K(233984K)] 285947K->56559K(577024K), 0.0019596 secs] [Times: user=0.00 sys=0.00, real=0.00 secs] 
2024-07-05T01:12:14.998+0800: 1443.708: [GC (Allocation Failure) [PSYoungGen: 232849K->3690K(233984K)] 285782K->56631K(577024K), 0.0019278 secs] [Times: user=0.00 sys=0.00, real=0.00 secs] 
2024-07-05T01:12:16.954+0800: 1445.664: [GC (Allocation Failure) [PSYoungGen: 232848K->3626K(233472K)] 285788K->56575K(576512K), 0.0019532 secs] [Times: user=0.01 sys=0.00, real=0.00 secs] 
2024-07-05T01:12:18.514+0800: 1447.224: [GC (Allocation Failure) [PSYoungGen: 232953K->1521K(233984K)] 285902K->54478K(577024K), 0.0010970 secs] [Times: user=0.00 sys=0.00, real=0.00 secs] 
2024-07-05T01:12:19.830+0800: 1448.541: [GC (Allocation Failure) [PSYoungGen: 231348K->3658K(233984K)] 284305K->56623K(577024K), 0.0013272 secs] [Times: user=0.00 sys=0.00, real=0.00 secs] 
2024-07-05T01:12:21.850+0800: 1450.560: [GC (Allocation Failure) [PSYoungGen: 232763K->3626K(233984K)] 285728K->56599K(577024K), 0.0018828 secs] [Times: user=0.00 sys=0.00, real=0.00 secs] 
2024-07-05T01:12:23.086+0800: 1451.797: [GC (Allocation Failure) [PSYoungGen: 232963K->2946K(233984K)] 285936K->55927K(577024K), 0.0016993 secs] [Times: user=0.00 sys=0.00, real=0.00 secs] 
2024-07-05T01:12:25.259+0800: 1453.970: [GC (Allocation Failure) [PSYoungGen: 232057K->3626K(233984K)] 285038K->56615K(577024K), 0.0021845 secs] [Times: user=0.00 sys=0.00, real=0.00 secs] 
2024-07-05T01:12:26.689+0800: 1455.400: [GC (Allocation Failure) [PSYoungGen: 233002K->2946K(233984K)] 285991K->55943K(577024K), 0.0011448 secs] [Times: user=0.00 sys=0.00, real=0.00 secs] 
2024-07-05T01:12:27.834+0800: 1456.544: [GC (Allocation Failure) [PSYoungGen: 232294K->3626K(233984K)] 285291K->56631K(577024K), 0.0018464 secs] [Times: user=0.00 sys=0.00, real=0.00 secs] 
2024-07-05T01:12:30.006+0800: 1458.717: [GC (Allocation Failure) [PSYoungGen: 232367K->3626K(233984K)] 285372K->56639K(577024K), 0.0018969 secs] [Times: user=0.00 sys=0.00, real=0.00 secs] 
2024-07-05T01:12:31.154+0800: 1459.864: [GC (Allocation Failure) [PSYoungGen: 232710K->2233K(233984K)] 285723K->55254K(577024K), 0.0012094 secs] [Times: user=0.00 sys=0.00, real=0.01 secs] 
2024-07-05T01:12:32.390+0800: 1461.100: [GC (Allocation Failure) [PSYoungGen: 231561K->3626K(233984K)] 284582K->56655K(577024K), 0.0019256 secs] [Times: user=0.00 sys=0.00, real=0.00 secs] 
2024-07-05T01:12:34.666+0800: 1463.376: [GC (Allocation Failure) [PSYoungGen: 232657K->3626K(233984K)] 285686K->56663K(577024K), 0.0018977 secs] [Times: user=0.01 sys=0.00, real=0.00 secs] 
2024-07-05T01:12:35.797+0800: 1464.507: [GC (Allocation Failure) [PSYoungGen: 232651K->3658K(233984K)] 285688K->56703K(577024K), 0.0015865 secs] [Times: user=0.01 sys=0.00, real=0.00 secs] 
2024-07-05T01:12:37.375+0800: 1466.085: [GC (Allocation Failure) [PSYoungGen: 232988K->3658K(233984K)] 286033K->56711K(577024K), 0.0015255 secs] [Times: user=0.01 sys=0.00, real=0.00 secs] 
2024-07-05T01:12:39.496+0800: 1468.206: [GC (Allocation Failure) [PSYoungGen: 232385K->3658K(233984K)] 285438K->56719K(577024K), 0.0014749 secs] [Times: user=0.00 sys=0.00, real=0.00 secs] 
2024-07-05T01:12:40.577+0800: 1469.288: [GC (Allocation Failure) [PSYoungGen: 232806K->3626K(233984K)] 285867K->56695K(577024K), 0.0019466 secs] [Times: user=0.00 sys=0.00, real=0.00 secs] 
2024-07-05T01:12:42.306+0800: 1471.016: [GC (Allocation Failure) [PSYoungGen: 232967K->3658K(233984K)] 286036K->56735K(577024K), 0.0022299 secs] [Times: user=0.00 sys=0.00, real=0.00 secs] 
2024-07-05T01:12:44.479+0800: 1473.189: [GC (Allocation Failure) [PSYoungGen: 232689K->3626K(233984K)] 285766K->56719K(577024K), 0.0014726 secs] [Times: user=0.00 sys=0.00, real=0.00 secs] 
2024-07-05T01:12:45.281+0800: 1473.992: [GC (Allocation Failure) [PSYoungGen: 232303K->3658K(233984K)] 285396K->56759K(577024K), 0.0017382 secs] [Times: user=0.00 sys=0.00, real=0.00 secs] 
2024-07-05T01:12:47.226+0800: 1475.936: [GC (Allocation Failure) [PSYoungGen: 233034K->3626K(233984K)] 286135K->56735K(577024K), 0.0022208 secs] [Times: user=0.00 sys=0.00, real=0.00 secs] 
2024-07-05T01:12:49.154+0800: 1477.864: [GC (Allocation Failure) [PSYoungGen: 232963K->3626K(233984K)] 286072K->56743K(577024K), 0.0018407 secs] [Times: user=0.00 sys=0.00, real=0.00 secs] 
2024-07-05T01:12:50.478+0800: 1479.188: [GC (Allocation Failure) [PSYoungGen: 232717K->3626K(233984K)] 285833K->56751K(577024K), 0.0023994 secs] [Times: user=0.00 sys=0.00, real=0.00 secs] 
2024-07-05T01:12:52.138+0800: 1480.848: [GC (Allocation Failure) [PSYoungGen: 232979K->3658K(233984K)] 286104K->56791K(577024K), 0.0021655 secs] [Times: user=0.00 sys=0.00, real=0.00 secs] 
2024-07-05T01:12:54.046+0800: 1482.756: [GC (Allocation Failure) [PSYoungGen: 232978K->3658K(233984K)] 286111K->56799K(577024K), 0.0020086 secs] [Times: user=0.01 sys=0.00, real=0.00 secs] 
2024-07-05T01:12:55.246+0800: 1483.957: [GC (Allocation Failure) [PSYoungGen: 232329K->3658K(233984K)] 285470K->56807K(577024K), 0.0019731 secs] [Times: user=0.00 sys=0.00, real=0.00 secs] 
2024-07-05T01:12:56.874+0800: 1485.584: [GC (Allocation Failure) [PSYoungGen: 232772K->2201K(233984K)] 285921K->55358K(577024K), 0.0016384 secs] [Times: user=0.00 sys=0.00, real=0.00 secs] 
2024-07-05T01:12:58.946+0800: 1487.656: [GC (Allocation Failure) [PSYoungGen: 231231K->3626K(233984K)] 284388K->56791K(577024K), 0.0019663 secs] [Times: user=0.01 sys=0.00, real=0.00 secs] 
2024-07-05T01:13:00.425+0800: 1489.135: [GC (Allocation Failure) [PSYoungGen: 232964K->2946K(233984K)] 286129K->56119K(577024K), 0.0012780 secs] [Times: user=0.00 sys=0.00, real=0.01 secs] 
2024-07-05T01:13:01.770+0800: 1490.481: [GC (Allocation Failure) [PSYoungGen: 232206K->3658K(233984K)] 285379K->56839K(577024K), 0.0012595 secs] [Times: user=0.01 sys=0.00, real=0.00 secs] 
2024-07-05T01:13:03.676+0800: 1492.386: [GC (Allocation Failure) [PSYoungGen: 232579K->3626K(233984K)] 285760K->56815K(577024K), 0.0019405 secs] [Times: user=0.00 sys=0.00, real=0.00 secs] 
2024-07-05T01:13:05.684+0800: 1494.395: [GC (Allocation Failure) [PSYoungGen: 232655K->3658K(233984K)] 285844K->56855K(577024K), 0.0013488 secs] [Times: user=0.00 sys=0.00, real=0.00 secs] 
2024-07-05T01:13:06.566+0800: 1495.277: [GC (Allocation Failure) [PSYoungGen: 232995K->3626K(233984K)] 286192K->56831K(577024K), 0.0013011 secs] [Times: user=0.00 sys=0.00, real=0.00 secs] 
2024-07-05T01:13:08.474+0800: 1497.185: [GC (Allocation Failure) [PSYoungGen: 232999K->3626K(233984K)] 286204K->56831K(577024K), 0.0022950 secs] [Times: user=0.00 sys=0.00, real=0.00 secs] 
2024-07-05T01:13:10.538+0800: 1499.248: [GC (Allocation Failure) [PSYoungGen: 232335K->2233K(233984K)] 285540K->55446K(577024K), 0.0012714 secs] [Times: user=0.00 sys=0.00, real=0.00 secs] 
2024-07-05T01:13:11.361+0800: 1500.071: [GC (Allocation Failure) [PSYoungGen: 231383K->3658K(233984K)] 284596K->56879K(577024K), 0.0018897 secs] [Times: user=0.00 sys=0.00, real=0.00 secs] 
2024-07-05T01:13:13.328+0800: 1502.038: [GC (Allocation Failure) [PSYoungGen: 232861K->3626K(233984K)] 286082K->56855K(577024K), 0.0021752 secs] [Times: user=0.01 sys=0.00, real=0.00 secs] 
2024-07-05T01:13:15.367+0800: 1504.078: [GC (Allocation Failure) [PSYoungGen: 232432K->3626K(233984K)] 285661K->56863K(577024K), 0.0022245 secs] [Times: user=0.00 sys=0.00, real=0.00 secs] 
2024-07-05T01:13:17.938+0800: 1506.649: [GC (Allocation Failure) [PSYoungGen: 233002K->160K(229888K)] 286239K->53404K(572928K), 0.0010045 secs] [Times: user=0.00 sys=0.00, real=0.00 secs] 
2024-07-05T01:13:19.770+0800: 1508.480: [GC (Allocation Failure) [PSYoungGen: 229536K->176K(232448K)] 282780K->53429K(575488K), 0.0013960 secs] [Times: user=0.00 sys=0.00, real=0.00 secs] 
2024-07-05T01:13:20.854+0800: 1509.564: [GC (Allocation Failure) [PSYoungGen: 227504K->144K(232960K)] 280757K->53405K(576000K), 0.0014077 secs] [Times: user=0.01 sys=0.00, real=0.00 secs] 
2024-07-05T01:13:21.816+0800: 1510.526: [GC (Allocation Failure) [PSYoungGen: 227472K->144K(232960K)] 280733K->53413K(576000K), 0.0015827 secs] [Times: user=0.00 sys=0.00, real=0.00 secs] 
2024-07-05T01:13:22.768+0800: 1511.479: [GC (Allocation Failure) [PSYoungGen: 227472K->176K(232960K)] 280741K->53452K(576000K), 0.0011067 secs] [Times: user=0.00 sys=0.00, real=0.00 secs] 
2024-07-05T01:13:23.714+0800: 1512.424: [GC (Allocation Failure) [PSYoungGen: 227504K->144K(232960K)] 280780K->53428K(576000K), 0.0013476 secs] [Times: user=0.00 sys=0.00, real=0.00 secs] 
2024-07-05T01:13:24.662+0800: 1513.372: [GC (Allocation Failure) [PSYoungGen: 227472K->176K(232960K)] 280756K->53469K(576000K), 0.0014592 secs] [Times: user=0.00 sys=0.00, real=0.00 secs] 
2024-07-05T01:13:25.615+0800: 1514.325: [GC (Allocation Failure) [PSYoungGen: 227504K->176K(232960K)] 280797K->53477K(576000K), 0.0014316 secs] [Times: user=0.00 sys=0.00, real=0.00 secs] 
2024-07-05T01:13:26.566+0800: 1515.276: [GC (Allocation Failure) [PSYoungGen: 227504K->176K(232960K)] 280805K->53484K(576000K), 0.0010815 secs] [Times: user=0.00 sys=0.00, real=0.00 secs] 
2024-07-05T01:13:27.514+0800: 1516.224: [GC (Allocation Failure) [PSYoungGen: 227504K->176K(231936K)] 280812K->53493K(574976K), 0.0014846 secs] [Times: user=0.01 sys=0.00, real=0.00 secs] 
2024-07-05T01:13:28.473+0800: 1517.183: [GC (Allocation Failure) [PSYoungGen: 227504K->176K(232448K)] 280821K->53501K(575488K), 0.0015299 secs] [Times: user=0.00 sys=0.00, real=0.01 secs] 
2024-07-05T01:13:29.448+0800: 1518.158: [GC (Allocation Failure) [PSYoungGen: 227504K->208K(233472K)] 280829K->53540K(576512K), 0.0012174 secs] [Times: user=0.00 sys=0.00, real=0.00 secs] 
2024-07-05T01:13:30.399+0800: 1519.110: [GC (Allocation Failure) [PSYoungGen: 228560K->160K(228864K)] 281892K->53500K(571904K), 0.0011333 secs] [Times: user=0.01 sys=0.00, real=0.00 secs] 
2024-07-05T01:13:31.440+0800: 1520.151: [GC (Allocation Failure) [PSYoungGen: 228512K->160K(232960K)] 281852K->53508K(576000K), 0.0013498 secs] [Times: user=0.00 sys=0.00, real=0.00 secs] 
2024-07-05T01:13:32.418+0800: 1521.128: [GC (Allocation Failure) [PSYoungGen: 228512K->208K(232960K)] 281860K->53564K(576000K), 0.0012108 secs] [Times: user=0.00 sys=0.00, real=0.00 secs] 
2024-07-05T01:13:33.443+0800: 1522.154: [GC (Allocation Failure) [PSYoungGen: 228560K->144K(233472K)] 281916K->53541K(576512K), 0.0017606 secs] [Times: user=0.00 sys=0.00, real=0.00 secs] 
2024-07-05T01:13:34.474+0800: 1523.184: [GC (Allocation Failure) [PSYoungGen: 229520K->144K(233472K)] 282917K->53556K(576512K), 0.0015907 secs] [Times: user=0.01 sys=0.00, real=0.00 secs] 
2024-07-05T01:13:35.507+0800: 1524.218: [GC (Allocation Failure) [PSYoungGen: 229520K->128K(233472K)] 282932K->53549K(576512K), 0.0015543 secs] [Times: user=0.00 sys=0.00, real=0.00 secs] 
2024-07-05T01:13:36.493+0800: 1525.203: [GC (Allocation Failure) [PSYoungGen: 230528K->144K(233984K)] 283949K->53572K(577024K), 0.0013604 secs] [Times: user=0.01 sys=0.00, real=0.01 secs] 
2024-07-05T01:13:37.530+0800: 1526.240: [GC (Allocation Failure) [PSYoungGen: 230544K->128K(235008K)] 283972K->53565K(578048K), 0.0012832 secs] [Times: user=0.00 sys=0.00, real=0.00 secs] 
2024-07-05T01:13:38.558+0800: 1527.268: [GC (Allocation Failure) [PSYoungGen: 231552K->128K(231936K)] 284989K->53573K(574976K), 0.0011301 secs] [Times: user=0.00 sys=0.00, real=0.00 secs] 
2024-07-05T01:13:39.592+0800: 1528.303: [GC (Allocation Failure) [PSYoungGen: 231552K->128K(234496K)] 284997K->53581K(577536K), 0.0013518 secs] [Times: user=0.00 sys=0.00, real=0.01 secs] 
2024-07-05T01:13:40.654+0800: 1529.365: [GC (Allocation Failure) [PSYoungGen: 231552K->128K(234496K)] 285005K->53589K(577536K), 0.0014635 secs] [Times: user=0.00 sys=0.00, real=0.00 secs] 
2024-07-05T01:13:41.670+0800: 1530.380: [GC (Allocation Failure) [PSYoungGen: 231552K->128K(234496K)] 285013K->53597K(577536K), 0.0009698 secs] [Times: user=0.00 sys=0.00, real=0.00 secs] 
2024-07-05T01:13:42.690+0800: 1531.400: [GC (Allocation Failure) [PSYoungGen: 232576K->128K(235008K)] 286045K->53605K(578048K), 0.0012912 secs] [Times: user=0.00 sys=0.00, real=0.00 secs] 
2024-07-05T01:13:43.662+0800: 1532.372: [GC (Allocation Failure) [PSYoungGen: 232576K->128K(236032K)] 286053K->53613K(579072K), 0.0009922 secs] [Times: user=0.00 sys=0.00, real=0.00 secs] 
2024-07-05T01:13:44.677+0800: 1533.388: [GC (Allocation Failure) [PSYoungGen: 233600K->144K(233984K)] 287085K->53636K(577024K), 0.0011364 secs] [Times: user=0.00 sys=0.00, real=0.00 secs] 
2024-07-05T01:13:45.706+0800: 1534.416: [GC (Allocation Failure) [PSYoungGen: 233616K->128K(235520K)] 287108K->53629K(578560K), 0.0014570 secs] [Times: user=0.01 sys=0.00, real=0.00 secs] 
2024-07-05T01:13:46.730+0800: 1535.440: [GC (Allocation Failure) [PSYoungGen: 233600K->128K(235520K)] 287101K->53637K(578560K), 0.0014579 secs] [Times: user=0.00 sys=0.00, real=0.00 secs] 
2024-07-05T01:13:47.736+0800: 1536.447: [GC (Allocation Failure) [PSYoungGen: 233600K->160K(236544K)] 287109K->53677K(579584K), 0.0014606 secs] [Times: user=0.00 sys=0.00, real=0.00 secs] 
2024-07-05T01:13:48.757+0800: 1537.468: [GC (Allocation Failure) [PSYoungGen: 234656K->128K(235008K)] 288173K->53653K(578048K), 0.0014598 secs] [Times: user=0.00 sys=0.00, real=0.00 secs] 
2024-07-05T01:13:49.782+0800: 1538.492: [GC (Allocation Failure) [PSYoungGen: 234624K->128K(236032K)] 288149K->53661K(579072K), 0.0013264 secs] [Times: user=0.00 sys=0.00, real=0.00 secs] 
2024-07-05T01:13:50.804+0800: 1539.515: [GC (Allocation Failure) [PSYoungGen: 234624K->128K(236032K)] 288157K->53669K(579072K), 0.0014235 secs] [Times: user=0.00 sys=0.00, real=0.01 secs] 
2024-07-05T01:13:51.838+0800: 1540.548: [GC (Allocation Failure) [PSYoungGen: 234624K->128K(237056K)] 288165K->53685K(580096K), 0.0013458 secs] [Times: user=0.00 sys=0.00, real=0.00 secs] 
2024-07-05T01:13:52.866+0800: 1541.577: [GC (Allocation Failure) [PSYoungGen: 235648K->128K(237056K)] 289205K->53693K(580096K), 0.0014334 secs] [Times: user=0.00 sys=0.00, real=0.00 secs] 
2024-07-05T01:13:53.890+0800: 1542.600: [GC (Allocation Failure) [PSYoungGen: 235648K->144K(237056K)] 289213K->53717K(580096K), 0.0014349 secs] [Times: user=0.00 sys=0.00, real=0.00 secs] 
2024-07-05T01:13:54.882+0800: 1543.592: [GC (Allocation Failure) [PSYoungGen: 235664K->176K(236032K)] 289237K->53757K(579072K), 0.0014044 secs] [Times: user=0.00 sys=0.00, real=0.00 secs] 
2024-07-05T01:13:55.868+0800: 1544.579: [GC (Allocation Failure) [PSYoungGen: 235696K->128K(236544K)] 289277K->53717K(579584K), 0.0012298 secs] [Times: user=0.00 sys=0.00, real=0.00 secs] 
2024-07-05T01:13:56.954+0800: 1545.664: [GC (Allocation Failure) [PSYoungGen: 235648K->128K(236544K)] 289237K->53725K(579584K), 0.0017741 secs] [Times: user=0.00 sys=0.00, real=0.00 secs] 
2024-07-05T01:13:58.021+0800: 1546.732: [GC (Allocation Failure) [PSYoungGen: 235648K->144K(237568K)] 289245K->53749K(580608K), 0.0012378 secs] [Times: user=0.01 sys=0.00, real=0.00 secs] 
2024-07-05T01:13:59.002+0800: 1547.713: [GC (Allocation Failure) [PSYoungGen: 236688K->128K(237568K)] 290293K->53741K(580608K), 0.0012558 secs] [Times: user=0.01 sys=0.00, real=0.00 secs] 
2024-07-05T01:13:59.994+0800: 1548.704: [GC (Allocation Failure) [PSYoungGen: 236672K->176K(237568K)] 290285K->53797K(580608K), 0.0009901 secs] [Times: user=0.00 sys=0.00, real=0.01 secs] 
2024-07-05T01:14:01.027+0800: 1549.737: [GC (Allocation Failure) [PSYoungGen: 236720K->144K(237568K)] 290341K->53773K(580608K), 0.0009591 secs] [Times: user=0.00 sys=0.00, real=0.00 secs] 
2024-07-05T01:14:02.096+0800: 1550.807: [GC (Allocation Failure) [PSYoungGen: 236688K->176K(237568K)] 290317K->53813K(580608K), 0.0009354 secs] [Times: user=0.00 sys=0.00, real=0.00 secs] 
2024-07-05T01:14:03.168+0800: 1551.878: [GC (Allocation Failure) [PSYoungGen: 236720K->176K(237568K)] 290357K->53821K(580608K), 0.0010464 secs] [Times: user=0.00 sys=0.00, real=0.00 secs] 
2024-07-05T01:14:04.174+0800: 1552.884: [GC (Allocation Failure) [PSYoungGen: 236720K->176K(237568K)] 290365K->53829K(580608K), 0.0010363 secs] [Times: user=0.00 sys=0.00, real=0.00 secs] 
2024-07-05T01:14:05.214+0800: 1553.924: [GC (Allocation Failure) [PSYoungGen: 236720K->144K(237568K)] 290373K->53805K(580608K), 0.0012411 secs] [Times: user=0.01 sys=0.00, real=0.00 secs] 
2024-07-05T01:14:06.251+0800: 1554.961: [GC (Allocation Failure) [PSYoungGen: 236688K->144K(237568K)] 290349K->53813K(580608K), 0.0012766 secs] [Times: user=0.01 sys=0.00, real=0.00 secs] 
2024-07-05T01:14:07.282+0800: 1555.992: [GC (Allocation Failure) [PSYoungGen: 237200K->144K(237568K)] 290869K->53821K(580608K), 0.0012091 secs] [Times: user=0.01 sys=0.00, real=0.00 secs] 
2024-07-05T01:14:08.302+0800: 1557.012: [GC (Allocation Failure) [PSYoungGen: 237200K->144K(238080K)] 290877K->53829K(581120K), 0.0014352 secs] [Times: user=0.00 sys=0.00, real=0.00 secs] 
2024-07-05T01:14:09.334+0800: 1558.044: [GC (Allocation Failure) [PSYoungGen: 237712K->128K(238080K)] 291397K->53837K(581120K), 0.0010325 secs] [Times: user=0.00 sys=0.00, real=0.00 secs] 
2024-07-05T01:14:10.353+0800: 1559.064: [GC (Allocation Failure) [PSYoungGen: 237696K->128K(238080K)] 291405K->53845K(581120K), 0.0013180 secs] [Times: user=0.00 sys=0.00, real=0.01 secs] 
2024-07-05T01:14:11.358+0800: 1560.068: [GC (Allocation Failure) [PSYoungGen: 237696K->112K(238080K)] 291413K->53837K(581120K), 0.0013492 secs] [Times: user=0.01 sys=0.00, real=0.00 secs] 
2024-07-05T01:14:12.382+0800: 1561.092: [GC (Allocation Failure) [PSYoungGen: 237680K->112K(238080K)] 291405K->53845K(581120K), 0.0012341 secs] [Times: user=0.00 sys=0.00, real=0.00 secs] 
2024-07-05T01:14:13.402+0800: 1562.112: [GC (Allocation Failure) [PSYoungGen: 237680K->128K(238080K)] 291413K->53869K(581120K), 0.0010669 secs] [Times: user=0.00 sys=0.00, real=0.00 secs] 
2024-07-05T01:14:14.410+0800: 1563.120: [GC (Allocation Failure) [PSYoungGen: 237696K->128K(238080K)] 291437K->53877K(581120K), 0.0012438 secs] [Times: user=0.00 sys=0.00, real=0.00 secs] 
2024-07-05T01:14:15.410+0800: 1564.120: [GC (Allocation Failure) [PSYoungGen: 237696K->128K(238080K)] 291445K->53885K(581120K), 0.0012158 secs] [Times: user=0.00 sys=0.00, real=0.00 secs] 
2024-07-05T01:14:16.414+0800: 1565.124: [GC (Allocation Failure) [PSYoungGen: 237696K->128K(238080K)] 291453K->53893K(581120K), 0.0010818 secs] [Times: user=0.00 sys=0.00, real=0.00 secs] 
2024-07-05T01:14:17.421+0800: 1566.131: [GC (Allocation Failure) [PSYoungGen: 237696K->128K(238080K)] 291461K->53901K(581120K), 0.0011391 secs] [Times: user=0.00 sys=0.00, real=0.00 secs] 
2024-07-05T01:14:18.454+0800: 1567.164: [GC (Allocation Failure) [PSYoungGen: 237696K->128K(238080K)] 291469K->53909K(581120K), 0.0011485 secs] [Times: user=0.00 sys=0.00, real=0.00 secs] 
2024-07-05T01:14:19.462+0800: 1568.172: [GC (Allocation Failure) [PSYoungGen: 237696K->128K(238080K)] 291477K->53917K(581120K), 0.0011955 secs] [Times: user=0.00 sys=0.00, real=0.00 secs] 
2024-07-05T01:14:20.486+0800: 1569.196: [GC (Allocation Failure) [PSYoungGen: 237696K->128K(238080K)] 291485K->53925K(581120K), 0.0011538 secs] [Times: user=0.00 sys=0.00, real=0.00 secs] 
2024-07-05T01:14:21.570+0800: 1570.280: [GC (Allocation Failure) [PSYoungGen: 237696K->128K(238080K)] 291493K->53933K(581120K), 0.0011498 secs] [Times: user=0.01 sys=0.00, real=0.00 secs] 
2024-07-05T01:14:22.645+0800: 1571.356: [GC (Allocation Failure) [PSYoungGen: 237696K->128K(238080K)] 291501K->53941K(581120K), 0.0013480 secs] [Times: user=0.01 sys=0.00, real=0.01 secs] 
2024-07-05T01:14:23.697+0800: 1572.408: [GC (Allocation Failure) [PSYoungGen: 237696K->128K(238080K)] 291509K->53949K(581120K), 0.0011567 secs] [Times: user=0.00 sys=0.00, real=0.00 secs] 
2024-07-05T01:14:24.754+0800: 1573.464: [GC (Allocation Failure) [PSYoungGen: 237696K->128K(238080K)] 291517K->53957K(581120K), 0.0013435 secs] [Times: user=0.00 sys=0.00, real=0.00 secs] 
2024-07-05T01:14:25.756+0800: 1574.467: [GC (Allocation Failure) [PSYoungGen: 237696K->128K(238080K)] 291525K->53965K(581120K), 0.0013208 secs] [Times: user=0.00 sys=0.00, real=0.00 secs] 
2024-07-05T01:14:26.834+0800: 1575.545: [GC (Allocation Failure) [PSYoungGen: 237696K->112K(238080K)] 291533K->53957K(581120K), 0.0014646 secs] [Times: user=0.00 sys=0.00, real=0.00 secs] 
2024-07-05T01:14:27.834+0800: 1576.545: [GC (Allocation Failure) [PSYoungGen: 237680K->160K(238080K)] 291525K->54013K(581120K), 0.0013629 secs] [Times: user=0.00 sys=0.00, real=0.00 secs] 
2024-07-05T01:14:28.865+0800: 1577.576: [GC (Allocation Failure) [PSYoungGen: 237728K->160K(238080K)] 291581K->54021K(581120K), 0.0014218 secs] [Times: user=0.00 sys=0.01, real=0.01 secs] 
2024-07-05T01:14:29.907+0800: 1578.618: [GC (Allocation Failure) [PSYoungGen: 237728K->144K(238080K)] 291589K->54013K(581120K), 0.0012525 secs] [Times: user=0.00 sys=0.00, real=0.00 secs] 
2024-07-05T01:14:30.914+0800: 1579.624: [GC (Allocation Failure) [PSYoungGen: 237712K->192K(238080K)] 291581K->54069K(581120K), 0.0009984 secs] [Times: user=0.00 sys=0.00, real=0.00 secs] 
2024-07-05T01:14:31.911+0800: 1580.622: [GC (Allocation Failure) [PSYoungGen: 237760K->144K(238080K)] 291637K->54029K(581120K), 0.0014311 secs] [Times: user=0.00 sys=0.00, real=0.00 secs] 
2024-07-05T01:14:32.908+0800: 1581.619: [GC (Allocation Failure) [PSYoungGen: 237712K->144K(238080K)] 291597K->54037K(581120K), 0.0012229 secs] [Times: user=0.00 sys=0.00, real=0.00 secs] 
2024-07-05T01:14:33.960+0800: 1582.671: [GC (Allocation Failure) [PSYoungGen: 237712K->144K(238080K)] 291605K->54045K(581120K), 0.0014389 secs] [Times: user=0.00 sys=0.00, real=0.00 secs] 
2024-07-05T01:14:35.074+0800: 1583.784: [GC (Allocation Failure) [PSYoungGen: 237712K->176K(238080K)] 291613K->54085K(581120K), 0.0014972 secs] [Times: user=0.00 sys=0.00, real=0.00 secs] 
2024-07-05T01:14:36.113+0800: 1584.824: [GC (Allocation Failure) [PSYoungGen: 237744K->160K(238080K)] 291653K->54077K(581120K), 0.0011206 secs] [Times: user=0.00 sys=0.00, real=0.01 secs] 
2024-07-05T01:14:37.151+0800: 1585.862: [GC (Allocation Failure) [PSYoungGen: 237728K->160K(238080K)] 291645K->54085K(581120K), 0.0013463 secs] [Times: user=0.00 sys=0.00, real=0.00 secs] 
2024-07-05T01:14:38.183+0800: 1586.893: [GC (Allocation Failure) [PSYoungGen: 237728K->160K(238080K)] 291653K->54093K(581120K), 0.0013544 secs] [Times: user=0.00 sys=0.00, real=0.00 secs] 
2024-07-05T01:14:39.210+0800: 1587.920: [GC (Allocation Failure) [PSYoungGen: 237728K->160K(238080K)] 291661K->54101K(581120K), 0.0013011 secs] [Times: user=0.00 sys=0.00, real=0.00 secs] 
2024-07-05T01:14:40.250+0800: 1588.960: [GC (Allocation Failure) [PSYoungGen: 237728K->160K(238080K)] 291669K->54109K(581120K), 0.0011679 secs] [Times: user=0.00 sys=0.00, real=0.00 secs] 
2024-07-05T01:14:41.238+0800: 1589.949: [GC (Allocation Failure) [PSYoungGen: 237728K->160K(238080K)] 291677K->54117K(581120K), 0.0013186 secs] [Times: user=0.00 sys=0.00, real=0.00 secs] 
2024-07-05T01:14:42.273+0800: 1590.983: [GC (Allocation Failure) [PSYoungGen: 237728K->160K(238080K)] 291685K->54125K(581120K), 0.0015029 secs] [Times: user=0.00 sys=0.00, real=0.01 secs] 
2024-07-05T01:14:43.310+0800: 1592.020: [GC (Allocation Failure) [PSYoungGen: 237728K->128K(238080K)] 291693K->54133K(581120K), 0.0013428 secs] [Times: user=0.01 sys=0.00, real=0.00 secs] 
2024-07-05T01:14:44.322+0800: 1593.032: [GC (Allocation Failure) [PSYoungGen: 237696K->128K(238080K)] 291701K->54141K(581120K), 0.0012518 secs] [Times: user=0.00 sys=0.00, real=0.00 secs] 
2024-07-05T01:14:45.316+0800: 1594.026: [GC (Allocation Failure) [PSYoungGen: 237696K->128K(238080K)] 291709K->54149K(581120K), 0.0010175 secs] [Times: user=0.01 sys=0.00, real=0.00 secs] 
2024-07-05T01:14:46.339+0800: 1595.050: [GC (Allocation Failure) [PSYoungGen: 237696K->112K(238080K)] 291717K->54141K(581120K), 0.0013102 secs] [Times: user=0.00 sys=0.00, real=0.00 secs] 
2024-07-05T01:14:47.376+0800: 1596.087: [GC (Allocation Failure) [PSYoungGen: 237680K->128K(238080K)] 291709K->54165K(581120K), 0.0012297 secs] [Times: user=0.00 sys=0.00, real=0.00 secs] 
2024-07-05T01:14:48.481+0800: 1597.192: [GC (Allocation Failure) [PSYoungGen: 237696K->128K(238080K)] 291733K->54173K(581120K), 0.0011806 secs] [Times: user=0.00 sys=0.00, real=0.00 secs] 
2024-07-05T01:14:49.534+0800: 1598.244: [GC (Allocation Failure) [PSYoungGen: 237696K->128K(238080K)] 291741K->54181K(581120K), 0.0011749 secs] [Times: user=0.00 sys=0.00, real=0.00 secs] 
2024-07-05T01:14:50.562+0800: 1599.272: [GC (Allocation Failure) [PSYoungGen: 237696K->128K(238080K)] 291749K->54189K(581120K), 0.0013453 secs] [Times: user=0.00 sys=0.00, real=0.00 secs] 
2024-07-05T01:14:51.622+0800: 1600.332: [GC (Allocation Failure) [PSYoungGen: 237696K->128K(238080K)] 291757K->54197K(581120K), 0.0013373 secs] [Times: user=0.01 sys=0.00, real=0.00 secs] 
2024-07-05T01:14:52.682+0800: 1601.392: [GC (Allocation Failure) [PSYoungGen: 237696K->144K(238080K)] 291765K->54221K(581120K), 0.0012418 secs] [Times: user=0.00 sys=0.00, real=0.00 secs] 
2024-07-05T01:14:53.722+0800: 1602.432: [GC (Allocation Failure) [PSYoungGen: 237712K->128K(238080K)] 291789K->54213K(581120K), 0.0015696 secs] [Times: user=0.00 sys=0.00, real=0.00 secs] 
2024-07-05T01:14:54.750+0800: 1603.460: [GC (Allocation Failure) [PSYoungGen: 237696K->128K(238080K)] 291781K->54221K(581120K), 0.0013411 secs] [Times: user=0.00 sys=0.00, real=0.00 secs] 
2024-07-05T01:14:55.753+0800: 1604.464: [GC (Allocation Failure) [PSYoungGen: 237696K->128K(238080K)] 291789K->54229K(581120K), 0.0011207 secs] [Times: user=0.00 sys=0.00, real=0.01 secs] 
2024-07-05T01:14:56.745+0800: 1605.455: [GC (Allocation Failure) [PSYoungGen: 237696K->112K(238080K)] 291797K->54221K(581120K), 0.0012330 secs] [Times: user=0.00 sys=0.00, real=0.01 secs] 
2024-07-05T01:14:57.740+0800: 1606.451: [GC (Allocation Failure) [PSYoungGen: 237680K->112K(238080K)] 291789K->54229K(581120K), 0.0013449 secs] [Times: user=0.00 sys=0.00, real=0.00 secs] 
2024-07-05T01:14:58.729+0800: 1607.440: [GC (Allocation Failure) [PSYoungGen: 237680K->112K(238080K)] 291797K->54237K(581120K), 0.0013780 secs] [Times: user=0.00 sys=0.00, real=0.00 secs] 
2024-07-05T01:14:59.722+0800: 1608.432: [GC (Allocation Failure) [PSYoungGen: 237680K->112K(238080K)] 291805K->54245K(581120K), 0.0012202 secs] [Times: user=0.00 sys=0.00, real=0.00 secs] 
2024-07-05T01:15:00.787+0800: 1609.498: [GC (Allocation Failure) [PSYoungGen: 237680K->112K(238080K)] 291813K->54253K(581120K), 0.0013061 secs] [Times: user=0.01 sys=0.00, real=0.00 secs] 
2024-07-05T01:15:01.846+0800: 1610.556: [GC (Allocation Failure) [PSYoungGen: 237680K->112K(238080K)] 291821K->54261K(581120K), 0.0013534 secs] [Times: user=0.00 sys=0.00, real=0.00 secs] 
2024-07-05T01:15:02.867+0800: 1611.577: [GC (Allocation Failure) [PSYoungGen: 237680K->112K(238080K)] 291829K->54269K(581120K), 0.0012766 secs] [Times: user=0.00 sys=0.00, real=0.00 secs] 
2024-07-05T01:15:03.898+0800: 1612.608: [GC (Allocation Failure) [PSYoungGen: 237680K->128K(238080K)] 291837K->54293K(581120K), 0.0013264 secs] [Times: user=0.00 sys=0.00, real=0.00 secs] 
2024-07-05T01:15:04.905+0800: 1613.615: [GC (Allocation Failure) [PSYoungGen: 237696K->128K(238080K)] 291861K->54301K(581120K), 0.0012325 secs] [Times: user=0.00 sys=0.00, real=0.01 secs] 
2024-07-05T01:15:05.950+0800: 1614.660: [GC (Allocation Failure) [PSYoungGen: 237696K->128K(238080K)] 291869K->54309K(581120K), 0.0012706 secs] [Times: user=0.00 sys=0.00, real=0.00 secs] 
2024-07-05T01:15:06.990+0800: 1615.700: [GC (Allocation Failure) [PSYoungGen: 237696K->128K(238080K)] 291877K->54317K(581120K), 0.0013738 secs] [Times: user=0.00 sys=0.00, real=0.00 secs] 
2024-07-05T01:15:08.042+0800: 1616.753: [GC (Allocation Failure) [PSYoungGen: 237696K->128K(238080K)] 291885K->54325K(581120K), 0.0012376 secs] [Times: user=0.00 sys=0.00, real=0.00 secs] 
2024-07-05T01:15:09.114+0800: 1617.824: [GC (Allocation Failure) [PSYoungGen: 237696K->128K(238080K)] 291893K->54333K(581120K), 0.0013033 secs] [Times: user=0.00 sys=0.00, real=0.00 secs] 
2024-07-05T01:15:10.178+0800: 1618.888: [GC (Allocation Failure) [PSYoungGen: 237696K->128K(238080K)] 291901K->54341K(581120K), 0.0013844 secs] [Times: user=0.00 sys=0.00, real=0.00 secs] 
2024-07-05T01:15:11.235+0800: 1619.946: [GC (Allocation Failure) [PSYoungGen: 237696K->128K(238080K)] 291909K->54349K(581120K), 0.0012394 secs] [Times: user=0.00 sys=0.00, real=0.00 secs] 
2024-07-05T01:15:12.265+0800: 1620.976: [GC (Allocation Failure) [PSYoungGen: 237696K->112K(238080K)] 291917K->54341K(581120K), 0.0013504 secs] [Times: user=0.00 sys=0.00, real=0.01 secs] 
2024-07-05T01:15:13.306+0800: 1622.017: [GC (Allocation Failure) [PSYoungGen: 237680K->112K(238080K)] 291909K->54349K(581120K), 0.0013903 secs] [Times: user=0.00 sys=0.00, real=0.00 secs] 
2024-07-05T01:15:14.313+0800: 1623.024: [GC (Allocation Failure) [PSYoungGen: 237680K->128K(238080K)] 291917K->54373K(581120K), 0.0011893 secs] [Times: user=0.00 sys=0.00, real=0.01 secs] 
2024-07-05T01:15:15.346+0800: 1624.056: [GC (Allocation Failure) [PSYoungGen: 237696K->128K(238080K)] 291941K->54381K(581120K), 0.0014420 secs] [Times: user=0.00 sys=0.00, real=0.00 secs] 
2024-07-05T01:15:16.389+0800: 1625.100: [GC (Allocation Failure) [PSYoungGen: 237696K->112K(238080K)] 291949K->54373K(581120K), 0.0014494 secs] [Times: user=0.00 sys=0.00, real=0.00 secs] 
2024-07-05T01:15:17.414+0800: 1626.124: [GC (Allocation Failure) [PSYoungGen: 237680K->96K(238080K)] 291941K->54365K(581120K), 0.0013145 secs] [Times: user=0.00 sys=0.00, real=0.00 secs] 
2024-07-05T01:15:18.454+0800: 1627.165: [GC (Allocation Failure) [PSYoungGen: 237664K->128K(238080K)] 291933K->54405K(581120K), 0.0011914 secs] [Times: user=0.01 sys=0.00, real=0.00 secs] 
2024-07-05T01:15:19.487+0800: 1628.198: [GC (Allocation Failure) [PSYoungGen: 237696K->128K(238080K)] 291973K->54413K(581120K), 0.0011892 secs] [Times: user=0.00 sys=0.00, real=0.00 secs] 
2024-07-05T01:15:20.522+0800: 1629.232: [GC (Allocation Failure) [PSYoungGen: 237696K->144K(238080K)] 291981K->54437K(581120K), 0.0011464 secs] [Times: user=0.00 sys=0.00, real=0.00 secs] 
2024-07-05T01:15:21.558+0800: 1630.269: [GC (Allocation Failure) [PSYoungGen: 237712K->96K(238080K)] 292005K->54397K(581120K), 0.0011364 secs] [Times: user=0.00 sys=0.00, real=0.00 secs] 
2024-07-05T01:15:22.585+0800: 1631.296: [GC (Allocation Failure) [PSYoungGen: 237664K->128K(238080K)] 291965K->54437K(581120K), 0.0011956 secs] [Times: user=0.00 sys=0.00, real=0.01 secs] 
2024-07-05T01:15:23.622+0800: 1632.332: [GC (Allocation Failure) [PSYoungGen: 237696K->160K(238080K)] 292005K->54477K(581120K), 0.0011151 secs] [Times: user=0.01 sys=0.00, real=0.00 secs] 
2024-07-05T01:15:24.615+0800: 1633.325: [GC (Allocation Failure) [PSYoungGen: 237728K->128K(238080K)] 292045K->54453K(581120K), 0.0010603 secs] [Times: user=0.00 sys=0.00, real=0.00 secs] 
2024-07-05T01:15:25.670+0800: 1634.381: [GC (Allocation Failure) [PSYoungGen: 237696K->128K(238080K)] 292021K->54461K(581120K), 0.0012271 secs] [Times: user=0.00 sys=0.00, real=0.00 secs] 
2024-07-05T01:15:26.706+0800: 1635.416: [GC (Allocation Failure) [PSYoungGen: 237696K->112K(238080K)] 292029K->54453K(581120K), 0.0012595 secs] [Times: user=0.00 sys=0.00, real=0.00 secs] 
2024-07-05T01:15:27.754+0800: 1636.464: [GC (Allocation Failure) [PSYoungGen: 237680K->128K(238080K)] 292021K->54477K(581120K), 0.0010649 secs] [Times: user=0.00 sys=0.00, real=0.00 secs] 
2024-07-05T01:15:28.816+0800: 1637.526: [GC (Allocation Failure) [PSYoungGen: 237696K->112K(238080K)] 292045K->54469K(581120K), 0.0013675 secs] [Times: user=0.00 sys=0.00, real=0.00 secs] 
2024-07-05T01:15:29.865+0800: 1638.575: [GC (Allocation Failure) [PSYoungGen: 237680K->128K(238080K)] 292037K->54493K(581120K), 0.0012577 secs] [Times: user=0.00 sys=0.00, real=0.01 secs] 
2024-07-05T01:15:30.936+0800: 1639.647: [GC (Allocation Failure) [PSYoungGen: 237696K->112K(238080K)] 292061K->54485K(581120K), 0.0014914 secs] [Times: user=0.00 sys=0.00, real=0.00 secs] 
2024-07-05T01:15:31.997+0800: 1640.708: [GC (Allocation Failure) [PSYoungGen: 237680K->128K(238080K)] 292053K->54509K(581120K), 0.0010211 secs] [Times: user=0.00 sys=0.00, real=0.00 secs] 
2024-07-05T01:15:33.041+0800: 1641.752: [GC (Allocation Failure) [PSYoungGen: 237696K->112K(238080K)] 292077K->54501K(581120K), 0.0013685 secs] [Times: user=0.00 sys=0.00, real=0.00 secs] 
2024-07-05T01:15:34.089+0800: 1642.800: [GC (Allocation Failure) [PSYoungGen: 237680K->128K(238080K)] 292069K->54533K(581120K), 0.0011003 secs] [Times: user=0.00 sys=0.00, real=0.00 secs] 
2024-07-05T01:15:35.142+0800: 1643.852: [GC (Allocation Failure) [PSYoungGen: 237696K->128K(238080K)] 292101K->54541K(581120K), 0.0012419 secs] [Times: user=0.00 sys=0.00, real=0.00 secs] 
2024-07-05T01:15:36.208+0800: 1644.919: [GC (Allocation Failure) [PSYoungGen: 237696K->128K(238080K)] 292109K->54549K(581120K), 0.0012719 secs] [Times: user=0.00 sys=0.00, real=0.00 secs] 
2024-07-05T01:15:37.258+0800: 1645.968: [GC (Allocation Failure) [PSYoungGen: 237696K->224K(238080K)] 292117K->54653K(581120K), 0.0016250 secs] [Times: user=0.00 sys=0.00, real=0.00 secs] 
2024-07-05T01:15:38.282+0800: 1646.992: [GC (Allocation Failure) [PSYoungGen: 237792K->192K(238080K)] 292221K->54629K(581120K), 0.0013648 secs] [Times: user=0.00 sys=0.00, real=0.00 secs] 
2024-07-05T01:15:39.277+0800: 1647.987: [GC (Allocation Failure) [PSYoungGen: 237760K->192K(238080K)] 292197K->54637K(581120K), 0.0013789 secs] [Times: user=0.00 sys=0.00, real=0.00 secs] 
2024-07-05T01:15:40.266+0800: 1648.977: [GC (Allocation Failure) [PSYoungGen: 237760K->192K(238080K)] 292205K->54645K(581120K), 0.0012826 secs] [Times: user=0.00 sys=0.00, real=0.00 secs] 
2024-07-05T01:15:41.256+0800: 1649.966: [GC (Allocation Failure) [PSYoungGen: 237760K->192K(238080K)] 292213K->54653K(581120K), 0.0014781 secs] [Times: user=0.00 sys=0.00, real=0.00 secs] 
2024-07-05T01:15:42.248+0800: 1650.959: [GC (Allocation Failure) [PSYoungGen: 237760K->192K(238080K)] 292221K->54661K(581120K), 0.0014870 secs] [Times: user=0.00 sys=0.00, real=0.00 secs] 
2024-07-05T01:15:43.238+0800: 1651.948: [GC (Allocation Failure) [PSYoungGen: 237760K->192K(238080K)] 292229K->54669K(581120K), 0.0013008 secs] [Times: user=0.00 sys=0.00, real=0.00 secs] 
2024-07-05T01:15:44.242+0800: 1652.952: [GC (Allocation Failure) [PSYoungGen: 237760K->176K(238080K)] 292237K->54661K(581120K), 0.0013475 secs] [Times: user=0.00 sys=0.00, real=0.00 secs] 
2024-07-05T01:15:45.234+0800: 1653.944: [GC (Allocation Failure) [PSYoungGen: 237744K->176K(238080K)] 292229K->54669K(581120K), 0.0013937 secs] [Times: user=0.00 sys=0.00, real=0.00 secs] 
2024-07-05T01:15:46.300+0800: 1655.011: [GC (Allocation Failure) [PSYoungGen: 237744K->208K(238080K)] 292237K->54709K(581120K), 0.0014455 secs] [Times: user=0.00 sys=0.00, real=0.00 secs] 
2024-07-05T01:15:47.321+0800: 1656.032: [GC (Allocation Failure) [PSYoungGen: 237776K->144K(238080K)] 292277K->54653K(581120K), 0.0013998 secs] [Times: user=0.00 sys=0.00, real=0.00 secs] 
2024-07-05T01:15:48.342+0800: 1657.052: [GC (Allocation Failure) [PSYoungGen: 237712K->144K(238080K)] 292221K->54661K(581120K), 0.0013359 secs] [Times: user=0.01 sys=0.00, real=0.00 secs] 
2024-07-05T01:15:49.374+0800: 1658.084: [GC (Allocation Failure) [PSYoungGen: 237712K->160K(238080K)] 292229K->54685K(581120K), 0.0010571 secs] [Times: user=0.00 sys=0.00, real=0.01 secs] 
2024-07-05T01:15:50.401+0800: 1659.111: [GC (Allocation Failure) [PSYoungGen: 237728K->144K(238080K)] 292253K->54677K(581120K), 0.0013345 secs] [Times: user=0.00 sys=0.00, real=0.00 secs] 
2024-07-05T01:15:51.434+0800: 1660.144: [GC (Allocation Failure) [PSYoungGen: 237712K->144K(238080K)] 292245K->54685K(581120K), 0.0013331 secs] [Times: user=0.00 sys=0.00, real=0.00 secs] 
2024-07-05T01:15:52.438+0800: 1661.148: [GC (Allocation Failure) [PSYoungGen: 237712K->160K(238080K)] 292253K->54709K(581120K), 0.0012255 secs] [Times: user=0.00 sys=0.00, real=0.00 secs] 
2024-07-05T01:15:53.452+0800: 1662.163: [GC (Allocation Failure) [PSYoungGen: 237728K->160K(238080K)] 292277K->54717K(581120K), 0.0011774 secs] [Times: user=0.00 sys=0.00, real=0.00 secs] 
2024-07-05T01:15:54.463+0800: 1663.174: [GC (Allocation Failure) [PSYoungGen: 237728K->160K(238080K)] 292285K->54725K(581120K), 0.0013826 secs] [Times: user=0.00 sys=0.00, real=0.00 secs] 
2024-07-05T01:15:55.478+0800: 1664.188: [GC (Allocation Failure) [PSYoungGen: 237728K->160K(238080K)] 292293K->54733K(581120K), 0.0013865 secs] [Times: user=0.00 sys=0.00, real=0.00 secs] 
2024-07-05T01:15:56.534+0800: 1665.244: [GC (Allocation Failure) [PSYoungGen: 237728K->160K(238080K)] 292301K->54741K(581120K), 0.0013601 secs] [Times: user=0.00 sys=0.00, real=0.00 secs] 
2024-07-05T01:15:57.562+0800: 1666.272: [GC (Allocation Failure) [PSYoungGen: 237728K->160K(238080K)] 292309K->54749K(581120K), 0.0013803 secs] [Times: user=0.00 sys=0.00, real=0.00 secs] 
2024-07-05T01:15:58.624+0800: 1667.334: [GC (Allocation Failure) [PSYoungGen: 237728K->160K(238080K)] 292317K->54757K(581120K), 0.0013343 secs] [Times: user=0.00 sys=0.00, real=0.00 secs] 
2024-07-05T01:15:59.740+0800: 1668.451: [GC (Allocation Failure) [PSYoungGen: 237728K->160K(238080K)] 292325K->54765K(581120K), 0.0015016 secs] [Times: user=0.01 sys=0.00, real=0.00 secs] 
2024-07-05T01:16:00.830+0800: 1669.540: [GC (Allocation Failure) [PSYoungGen: 237728K->144K(238080K)] 292333K->54757K(581120K), 0.0012324 secs] [Times: user=0.00 sys=0.00, real=0.00 secs] 
2024-07-05T01:16:01.844+0800: 1670.554: [GC (Allocation Failure) [PSYoungGen: 237712K->144K(238080K)] 292325K->54765K(581120K), 0.0012391 secs] [Times: user=0.00 sys=0.00, real=0.00 secs] 
2024-07-05T01:16:02.902+0800: 1671.612: [GC (Allocation Failure) [PSYoungGen: 237712K->112K(238080K)] 292333K->54773K(581120K), 0.0014694 secs] [Times: user=0.00 sys=0.00, real=0.00 secs] 
2024-07-05T01:16:04.002+0800: 1672.712: [GC (Allocation Failure) [PSYoungGen: 237680K->112K(238080K)] 292341K->54781K(581120K), 0.0015435 secs] [Times: user=0.00 sys=0.00, real=0.00 secs] 
2024-07-05T01:16:05.073+0800: 1673.784: [GC (Allocation Failure) [PSYoungGen: 237680K->112K(238080K)] 292349K->54789K(581120K), 0.0011921 secs] [Times: user=0.00 sys=0.00, real=0.01 secs] 
2024-07-05T01:16:06.154+0800: 1674.864: [GC (Allocation Failure) [PSYoungGen: 237680K->128K(238080K)] 292357K->54813K(581120K), 0.0014311 secs] [Times: user=0.00 sys=0.00, real=0.00 secs] 
2024-07-05T01:16:07.230+0800: 1675.940: [GC (Allocation Failure) [PSYoungGen: 237696K->128K(238080K)] 292381K->54821K(581120K), 0.0013535 secs] [Times: user=0.01 sys=0.00, real=0.00 secs] 
2024-07-05T01:16:08.299+0800: 1677.010: [GC (Allocation Failure) [PSYoungGen: 237696K->144K(238080K)] 292389K->54845K(581120K), 0.0014251 secs] [Times: user=0.00 sys=0.00, real=0.00 secs] 
2024-07-05T01:16:09.308+0800: 1678.018: [GC (Allocation Failure) [PSYoungGen: 237712K->128K(238080K)] 292413K->54837K(581120K), 0.0022256 secs] [Times: user=0.00 sys=0.00, real=0.00 secs] 
2024-07-05T01:16:10.346+0800: 1679.056: [GC (Allocation Failure) [PSYoungGen: 237696K->128K(238080K)] 292405K->54845K(581120K), 0.0013814 secs] [Times: user=0.00 sys=0.00, real=0.00 secs] 
2024-07-05T01:16:11.350+0800: 1680.060: [GC (Allocation Failure) [PSYoungGen: 237696K->128K(238080K)] 292413K->54853K(581120K), 0.0013303 secs] [Times: user=0.00 sys=0.00, real=0.00 secs] 
2024-07-05T01:16:12.334+0800: 1681.045: [GC (Allocation Failure) [PSYoungGen: 237696K->128K(238080K)] 292421K->54861K(581120K), 0.0014157 secs] [Times: user=0.01 sys=0.00, real=0.00 secs] 
2024-07-05T01:16:13.322+0800: 1682.032: [GC (Allocation Failure) [PSYoungGen: 237696K->112K(238080K)] 292429K->54853K(581120K), 0.0014597 secs] [Times: user=0.00 sys=0.00, real=0.00 secs] 
2024-07-05T01:16:14.309+0800: 1683.020: [GC (Allocation Failure) [PSYoungGen: 237680K->112K(238080K)] 292421K->54861K(581120K), 0.0011685 secs] [Times: user=0.00 sys=0.00, real=0.00 secs] 
2024-07-05T01:16:15.289+0800: 1684.000: [GC (Allocation Failure) [PSYoungGen: 237680K->128K(238080K)] 292429K->54885K(581120K), 0.0011079 secs] [Times: user=0.00 sys=0.00, real=0.00 secs] 
2024-07-05T01:16:16.278+0800: 1684.988: [GC (Allocation Failure) [PSYoungGen: 237696K->112K(238080K)] 292453K->54877K(581120K), 0.0013437 secs] [Times: user=0.00 sys=0.00, real=0.00 secs] 
2024-07-05T01:16:17.258+0800: 1685.969: [GC (Allocation Failure) [PSYoungGen: 237680K->112K(238080K)] 292445K->54885K(581120K), 0.0013217 secs] [Times: user=0.01 sys=0.00, real=0.00 secs] 
2024-07-05T01:16:18.252+0800: 1686.963: [GC (Allocation Failure) [PSYoungGen: 237680K->128K(238080K)] 292453K->54909K(581120K), 0.0010751 secs] [Times: user=0.00 sys=0.00, real=0.00 secs] 
2024-07-05T01:16:19.239+0800: 1687.950: [GC (Allocation Failure) [PSYoungGen: 237696K->160K(238080K)] 292477K->54949K(581120K), 0.0010230 secs] [Times: user=0.00 sys=0.00, real=0.00 secs] 
2024-07-05T01:16:20.222+0800: 1688.932: [GC (Allocation Failure) [PSYoungGen: 237728K->112K(238080K)] 292517K->54909K(581120K), 0.0013104 secs] [Times: user=0.00 sys=0.00, real=0.00 secs] 
2024-07-05T01:16:21.206+0800: 1689.916: [GC (Allocation Failure) [PSYoungGen: 237680K->144K(238080K)] 292477K->54949K(581120K), 0.0013613 secs] [Times: user=0.00 sys=0.00, real=0.00 secs] 
2024-07-05T01:16:22.193+0800: 1690.904: [GC (Allocation Failure) [PSYoungGen: 237712K->128K(238080K)] 292517K->54941K(581120K), 0.0013955 secs] [Times: user=0.00 sys=0.00, real=0.01 secs] 
2024-07-05T01:16:23.182+0800: 1691.892: [GC (Allocation Failure) [PSYoungGen: 237696K->160K(238080K)] 292509K->54981K(581120K), 0.0013926 secs] [Times: user=0.01 sys=0.00, real=0.00 secs] 
2024-07-05T01:16:24.163+0800: 1692.874: [GC (Allocation Failure) [PSYoungGen: 237728K->128K(238080K)] 292549K->54957K(581120K), 0.0012804 secs] [Times: user=0.01 sys=0.00, real=0.00 secs] 
2024-07-05T01:16:25.143+0800: 1693.853: [GC (Allocation Failure) [PSYoungGen: 237696K->128K(238080K)] 292525K->54965K(581120K), 0.0009840 secs] [Times: user=0.00 sys=0.00, real=0.00 secs] 
2024-07-05T01:16:26.129+0800: 1694.840: [GC (Allocation Failure) [PSYoungGen: 237696K->128K(238080K)] 292533K->54973K(581120K), 0.0013029 secs] [Times: user=0.00 sys=0.00, real=0.00 secs] 
2024-07-05T01:16:27.114+0800: 1695.824: [GC (Allocation Failure) [PSYoungGen: 237696K->128K(238080K)] 292541K->54981K(581120K), 0.0012177 secs] [Times: user=0.01 sys=0.00, real=0.00 secs] 
2024-07-05T01:16:28.098+0800: 1696.808: [GC (Allocation Failure) [PSYoungGen: 237696K->128K(238080K)] 292549K->54989K(581120K), 0.0013355 secs] [Times: user=0.00 sys=0.00, real=0.00 secs] 
2024-07-05T01:16:29.082+0800: 1697.792: [GC (Allocation Failure) [PSYoungGen: 237696K->112K(238080K)] 292557K->54981K(581120K), 0.0013389 secs] [Times: user=0.00 sys=0.00, real=0.00 secs] 
2024-07-05T01:16:30.066+0800: 1698.776: [GC (Allocation Failure) [PSYoungGen: 237680K->112K(238080K)] 292549K->54989K(581120K), 0.0011964 secs] [Times: user=0.00 sys=0.00, real=0.00 secs] 
2024-07-05T01:16:31.060+0800: 1699.770: [GC (Allocation Failure) [PSYoungGen: 237680K->112K(238080K)] 292557K->54997K(581120K), 0.0012084 secs] [Times: user=0.00 sys=0.00, real=0.00 secs] 
2024-07-05T01:16:32.048+0800: 1700.759: [GC (Allocation Failure) [PSYoungGen: 237680K->112K(238080K)] 292565K->55005K(581120K), 0.0013647 secs] [Times: user=0.00 sys=0.00, real=0.00 secs] 
2024-07-05T01:16:33.039+0800: 1701.750: [GC (Allocation Failure) [PSYoungGen: 237680K->112K(238080K)] 292573K->55013K(581120K), 0.0013515 secs] [Times: user=0.00 sys=0.00, real=0.00 secs] 
2024-07-05T01:16:34.020+0800: 1702.731: [GC (Allocation Failure) [PSYoungGen: 237680K->112K(238080K)] 292581K->55021K(581120K), 0.0013471 secs] [Times: user=0.00 sys=0.00, real=0.00 secs] 
2024-07-05T01:16:35.003+0800: 1703.714: [GC (Allocation Failure) [PSYoungGen: 237680K->112K(238080K)] 292589K->55029K(581120K), 0.0012736 secs] [Times: user=0.00 sys=0.00, real=0.00 secs] 
2024-07-05T01:16:35.990+0800: 1704.700: [GC (Allocation Failure) [PSYoungGen: 237680K->112K(238080K)] 292597K->55037K(581120K), 0.0013293 secs] [Times: user=0.00 sys=0.00, real=0.00 secs] 
2024-07-05T01:16:36.978+0800: 1705.688: [GC (Allocation Failure) [PSYoungGen: 237680K->128K(238080K)] 292605K->55061K(581120K), 0.0013019 secs] [Times: user=0.00 sys=0.00, real=0.00 secs] 
2024-07-05T01:16:37.969+0800: 1706.680: [GC (Allocation Failure) [PSYoungGen: 237696K->160K(238080K)] 292629K->55101K(581120K), 0.0013140 secs] [Times: user=0.00 sys=0.00, real=0.00 secs] 
2024-07-05T01:16:38.952+0800: 1707.663: [GC (Allocation Failure) [PSYoungGen: 237728K->128K(238080K)] 292669K->55077K(581120K), 0.0013218 secs] [Times: user=0.00 sys=0.00, real=0.00 secs] 
2024-07-05T01:16:39.946+0800: 1708.657: [GC (Allocation Failure) [PSYoungGen: 237696K->128K(238080K)] 292645K->55085K(581120K), 0.0013443 secs] [Times: user=0.00 sys=0.00, real=0.00 secs] 
2024-07-05T01:16:40.928+0800: 1709.639: [GC (Allocation Failure) [PSYoungGen: 237696K->128K(238080K)] 292653K->55093K(581120K), 0.0013112 secs] [Times: user=0.00 sys=0.00, real=0.00 secs] 
2024-07-05T01:16:41.911+0800: 1710.622: [GC (Allocation Failure) [PSYoungGen: 237696K->128K(238080K)] 292661K->55101K(581120K), 0.0011043 secs] [Times: user=0.00 sys=0.00, real=0.00 secs] 
2024-07-05T01:16:42.899+0800: 1711.610: [GC (Allocation Failure) [PSYoungGen: 237696K->128K(238080K)] 292669K->55109K(581120K), 0.0010773 secs] [Times: user=0.00 sys=0.00, real=0.00 secs] 
2024-07-05T01:16:43.881+0800: 1712.591: [GC (Allocation Failure) [PSYoungGen: 237696K->128K(238080K)] 292677K->55117K(581120K), 0.0013675 secs] [Times: user=0.00 sys=0.00, real=0.00 secs] 
2024-07-05T01:16:44.864+0800: 1713.575: [GC (Allocation Failure) [PSYoungGen: 237696K->128K(238080K)] 292685K->55125K(581120K), 0.0010204 secs] [Times: user=0.00 sys=0.00, real=0.00 secs] 
2024-07-05T01:16:45.846+0800: 1714.557: [GC (Allocation Failure) [PSYoungGen: 237696K->112K(238080K)] 292693K->55117K(581120K), 0.0013067 secs] [Times: user=0.00 sys=0.00, real=0.00 secs] 
2024-07-05T01:16:46.833+0800: 1715.544: [GC (Allocation Failure) [PSYoungGen: 237680K->128K(238080K)] 292685K->55141K(581120K), 0.0011246 secs] [Times: user=0.00 sys=0.00, real=0.01 secs] 
2024-07-05T01:16:47.817+0800: 1716.527: [GC (Allocation Failure) [PSYoungGen: 237696K->128K(238080K)] 292709K->55149K(581120K), 0.0011811 secs] [Times: user=0.00 sys=0.00, real=0.00 secs] 
2024-07-05T01:16:48.802+0800: 1717.512: [GC (Allocation Failure) [PSYoungGen: 237696K->112K(238080K)] 292717K->55141K(581120K), 0.0013600 secs] [Times: user=0.00 sys=0.00, real=0.00 secs] 
2024-07-05T01:16:49.793+0800: 1718.504: [GC (Allocation Failure) [PSYoungGen: 237680K->144K(238080K)] 292709K->55181K(581120K), 0.0013423 secs] [Times: user=0.00 sys=0.00, real=0.01 secs] 
2024-07-05T01:16:50.778+0800: 1719.488: [GC (Allocation Failure) [PSYoungGen: 237712K->112K(238080K)] 292749K->55157K(581120K), 0.0012206 secs] [Times: user=0.01 sys=0.00, real=0.00 secs] 
2024-07-05T01:16:51.762+0800: 1720.472: [GC (Allocation Failure) [PSYoungGen: 237680K->112K(238080K)] 292725K->55165K(581120K), 0.0012314 secs] [Times: user=0.00 sys=0.00, real=0.00 secs] 
2024-07-05T01:16:52.754+0800: 1721.464: [GC (Allocation Failure) [PSYoungGen: 237680K->128K(238080K)] 292733K->55189K(581120K), 0.0011983 secs] [Times: user=0.00 sys=0.00, real=0.00 secs] 
2024-07-05T01:16:53.736+0800: 1722.447: [GC (Allocation Failure) [PSYoungGen: 237696K->192K(238080K)] 292757K->55261K(581120K), 0.0010063 secs] [Times: user=0.00 sys=0.00, real=0.00 secs] 
2024-07-05T01:16:54.722+0800: 1723.432: [GC (Allocation Failure) [PSYoungGen: 237760K->192K(238080K)] 292829K->55269K(581120K), 0.0009732 secs] [Times: user=0.00 sys=0.00, real=0.00 secs] 
2024-07-05T01:16:55.707+0800: 1724.418: [GC (Allocation Failure) [PSYoungGen: 237760K->192K(238080K)] 292837K->55277K(581120K), 0.0011155 secs] [Times: user=0.00 sys=0.00, real=0.00 secs] 
2024-07-05T01:16:56.694+0800: 1725.405: [GC (Allocation Failure) [PSYoungGen: 237760K->192K(238080K)] 292845K->55285K(581120K), 0.0010661 secs] [Times: user=0.00 sys=0.00, real=0.00 secs] 
2024-07-05T01:16:57.682+0800: 1726.392: [GC (Allocation Failure) [PSYoungGen: 237760K->192K(238080K)] 292853K->55293K(581120K), 0.0013718 secs] [Times: user=0.00 sys=0.00, real=0.00 secs] 
2024-07-05T01:16:58.670+0800: 1727.380: [GC (Allocation Failure) [PSYoungGen: 237760K->192K(238080K)] 292861K->55301K(581120K), 0.0011191 secs] [Times: user=0.01 sys=0.00, real=0.00 secs] 
2024-07-05T01:16:59.660+0800: 1728.371: [GC (Allocation Failure) [PSYoungGen: 237760K->192K(238080K)] 292869K->55309K(581120K), 0.0012496 secs] [Times: user=0.00 sys=0.00, real=0.00 secs] 
2024-07-05T01:17:00.650+0800: 1729.360: [GC (Allocation Failure) [PSYoungGen: 237760K->192K(238080K)] 292877K->55317K(581120K), 0.0011352 secs] [Times: user=0.00 sys=0.00, real=0.00 secs] 
2024-07-05T01:17:01.639+0800: 1730.350: [GC (Allocation Failure) [PSYoungGen: 237760K->160K(238080K)] 292885K->55293K(581120K), 0.0011862 secs] [Times: user=0.00 sys=0.00, real=0.00 secs] 
2024-07-05T01:17:02.626+0800: 1731.337: [GC (Allocation Failure) [PSYoungGen: 237728K->176K(238080K)] 292861K->55317K(581120K), 0.0013491 secs] [Times: user=0.00 sys=0.00, real=0.00 secs] 
2024-07-05T01:17:03.618+0800: 1732.328: [GC (Allocation Failure) [PSYoungGen: 237744K->160K(238080K)] 292885K->55309K(581120K), 0.0012051 secs] [Times: user=0.00 sys=0.00, real=0.00 secs] 
2024-07-05T01:17:04.602+0800: 1733.313: [GC (Allocation Failure) [PSYoungGen: 237728K->176K(238080K)] 292877K->55333K(581120K), 0.0011707 secs] [Times: user=0.00 sys=0.00, real=0.00 secs] 
2024-07-05T01:17:05.586+0800: 1734.297: [GC (Allocation Failure) [PSYoungGen: 237744K->144K(238080K)] 292901K->55309K(581120K), 0.0011522 secs] [Times: user=0.00 sys=0.00, real=0.00 secs] 
2024-07-05T01:17:06.571+0800: 1735.282: [GC (Allocation Failure) [PSYoungGen: 237712K->144K(238080K)] 292877K->55317K(581120K), 0.0011432 secs] [Times: user=0.00 sys=0.00, real=0.00 secs] 
2024-07-05T01:17:07.558+0800: 1736.268: [GC (Allocation Failure) [PSYoungGen: 237712K->160K(238080K)] 292885K->55341K(581120K), 0.0012993 secs] [Times: user=0.00 sys=0.00, real=0.00 secs] 
2024-07-05T01:17:08.542+0800: 1737.253: [GC (Allocation Failure) [PSYoungGen: 237728K->160K(238080K)] 292909K->55349K(581120K), 0.0012103 secs] [Times: user=0.01 sys=0.00, real=0.00 secs] 
2024-07-05T01:17:09.530+0800: 1738.240: [GC (Allocation Failure) [PSYoungGen: 237728K->160K(238080K)] 292917K->55357K(581120K), 0.0011608 secs] [Times: user=0.00 sys=0.00, real=0.00 secs] 
2024-07-05T01:17:10.518+0800: 1739.228: [GC (Allocation Failure) [PSYoungGen: 237728K->160K(238080K)] 292925K->55365K(581120K), 0.0012201 secs] [Times: user=0.00 sys=0.00, real=0.00 secs] 
2024-07-05T01:17:11.497+0800: 1740.208: [GC (Allocation Failure) [PSYoungGen: 237728K->160K(238080K)] 292933K->55373K(581120K), 0.0010645 secs] [Times: user=0.01 sys=0.00, real=0.00 secs] 
2024-07-05T01:17:12.482+0800: 1741.192: [GC (Allocation Failure) [PSYoungGen: 237728K->160K(238080K)] 292941K->55381K(581120K), 0.0013595 secs] [Times: user=0.01 sys=0.00, real=0.00 secs] 
2024-07-05T01:17:13.466+0800: 1742.176: [GC (Allocation Failure) [PSYoungGen: 237728K->160K(238080K)] 292949K->55389K(581120K), 0.0010650 secs] [Times: user=0.00 sys=0.00, real=0.01 secs] 
2024-07-05T01:17:14.448+0800: 1743.159: [GC (Allocation Failure) [PSYoungGen: 237728K->160K(238080K)] 292957K->55397K(581120K), 0.0013888 secs] [Times: user=0.00 sys=0.00, real=0.00 secs] 
2024-07-05T01:17:15.429+0800: 1744.140: [GC (Allocation Failure) [PSYoungGen: 237728K->160K(238080K)] 292965K->55405K(581120K), 0.0015136 secs] [Times: user=0.00 sys=0.00, real=0.00 secs] 
2024-07-05T01:17:16.409+0800: 1745.120: [GC (Allocation Failure) [PSYoungGen: 237728K->160K(238080K)] 292973K->55413K(581120K), 0.0010539 secs] [Times: user=0.00 sys=0.00, real=0.00 secs] 
2024-07-05T01:17:17.397+0800: 1746.107: [GC (Allocation Failure) [PSYoungGen: 237728K->144K(238080K)] 292981K->55405K(581120K), 0.0013810 secs] [Times: user=0.00 sys=0.01, real=0.00 secs] 
2024-07-05T01:17:18.382+0800: 1747.092: [GC (Allocation Failure) [PSYoungGen: 237712K->144K(238080K)] 292973K->55413K(581120K), 0.0013610 secs] [Times: user=0.00 sys=0.00, real=0.00 secs] 
2024-07-05T01:17:19.370+0800: 1748.080: [GC (Allocation Failure) [PSYoungGen: 237712K->112K(238080K)] 292981K->55421K(581120K), 0.0012224 secs] [Times: user=0.00 sys=0.00, real=0.00 secs] 
2024-07-05T01:17:20.354+0800: 1749.064: [GC (Allocation Failure) [PSYoungGen: 237680K->112K(238080K)] 292989K->55429K(581120K), 0.0014082 secs] [Times: user=0.00 sys=0.00, real=0.00 secs] 
2024-07-05T01:17:21.350+0800: 1750.060: [GC (Allocation Failure) [PSYoungGen: 237680K->128K(238080K)] 292997K->55453K(581120K), 0.0014543 secs] [Times: user=0.00 sys=0.00, real=0.00 secs] 
2024-07-05T01:17:22.351+0800: 1751.062: [GC (Allocation Failure) [PSYoungGen: 237696K->128K(238080K)] 293021K->55461K(581120K), 0.0010288 secs] [Times: user=0.00 sys=0.00, real=0.00 secs] 
2024-07-05T01:17:23.337+0800: 1752.048: [GC (Allocation Failure) [PSYoungGen: 237696K->128K(238080K)] 293029K->55469K(581120K), 0.0013899 secs] [Times: user=0.00 sys=0.00, real=0.00 secs] 
2024-07-05T01:17:24.330+0800: 1753.040: [GC (Allocation Failure) [PSYoungGen: 237696K->128K(238080K)] 293037K->55477K(581120K), 0.0011573 secs] [Times: user=0.00 sys=0.00, real=0.00 secs] 
2024-07-05T01:17:25.322+0800: 1754.033: [GC (Allocation Failure) [PSYoungGen: 237696K->128K(238080K)] 293045K->55485K(581120K), 0.0014253 secs] [Times: user=0.00 sys=0.00, real=0.00 secs] 
2024-07-05T01:17:26.318+0800: 1755.028: [GC (Allocation Failure) [PSYoungGen: 237696K->128K(238080K)] 293053K->55493K(581120K), 0.0012101 secs] [Times: user=0.00 sys=0.00, real=0.00 secs] 
2024-07-05T01:17:27.306+0800: 1756.017: [GC (Allocation Failure) [PSYoungGen: 237696K->128K(238080K)] 293061K->55501K(581120K), 0.0010632 secs] [Times: user=0.01 sys=0.00, real=0.00 secs] 
2024-07-05T01:17:28.293+0800: 1757.004: [GC (Allocation Failure) [PSYoungGen: 237696K->160K(238080K)] 293069K->55541K(581120K), 0.0009886 secs] [Times: user=0.01 sys=0.00, real=0.01 secs] 
2024-07-05T01:17:29.294+0800: 1758.004: [GC (Allocation Failure) [PSYoungGen: 237728K->112K(238080K)] 293109K->55501K(581120K), 0.0013128 secs] [Times: user=0.00 sys=0.00, real=0.01 secs] 
2024-07-05T01:17:30.280+0800: 1758.991: [GC (Allocation Failure) [PSYoungGen: 237680K->112K(238080K)] 293069K->55509K(581120K), 0.0012453 secs] [Times: user=0.00 sys=0.00, real=0.00 secs] 
2024-07-05T01:17:31.270+0800: 1759.980: [GC (Allocation Failure) [PSYoungGen: 237680K->144K(238080K)] 293077K->55549K(581120K), 0.0012476 secs] [Times: user=0.01 sys=0.00, real=0.00 secs] 
2024-07-05T01:17:32.272+0800: 1760.983: [GC (Allocation Failure) [PSYoungGen: 237712K->112K(238080K)] 293117K->55525K(581120K), 0.0011397 secs] [Times: user=0.00 sys=0.00, real=0.00 secs] 
2024-07-05T01:17:33.268+0800: 1761.978: [GC (Allocation Failure) [PSYoungGen: 237680K->112K(238080K)] 293093K->55533K(581120K), 0.0012090 secs] [Times: user=0.00 sys=0.00, real=0.00 secs] 
2024-07-05T01:17:34.266+0800: 1762.977: [GC (Allocation Failure) [PSYoungGen: 237680K->112K(238080K)] 293101K->55541K(581120K), 0.0011829 secs] [Times: user=0.00 sys=0.00, real=0.00 secs] 
2024-07-05T01:17:35.252+0800: 1763.963: [GC (Allocation Failure) [PSYoungGen: 237680K->112K(238080K)] 293109K->55549K(581120K), 0.0011181 secs] [Times: user=0.00 sys=0.00, real=0.00 secs] 
2024-07-05T01:17:36.248+0800: 1764.959: [GC (Allocation Failure) [PSYoungGen: 237680K->128K(238080K)] 293117K->55573K(581120K), 0.0011792 secs] [Times: user=0.00 sys=0.00, real=0.00 secs] 
2024-07-05T01:17:37.240+0800: 1765.951: [GC (Allocation Failure) [PSYoungGen: 237696K->128K(238080K)] 293141K->55581K(581120K), 0.0011517 secs] [Times: user=0.00 sys=0.00, real=0.00 secs] 
2024-07-05T01:17:38.238+0800: 1766.948: [GC (Allocation Failure) [PSYoungGen: 237696K->128K(238080K)] 293149K->55589K(581120K), 0.0012131 secs] [Times: user=0.00 sys=0.00, real=0.00 secs] 
2024-07-05T01:17:39.241+0800: 1767.951: [GC (Allocation Failure) [PSYoungGen: 237696K->128K(238080K)] 293157K->55597K(581120K), 0.0010500 secs] [Times: user=0.00 sys=0.00, real=0.00 secs] 
2024-07-05T01:17:40.233+0800: 1768.943: [GC (Allocation Failure) [PSYoungGen: 237696K->128K(238080K)] 293165K->55605K(581120K), 0.0010883 secs] [Times: user=0.00 sys=0.00, real=0.01 secs] 
2024-07-05T01:17:41.226+0800: 1769.936: [GC (Allocation Failure) [PSYoungGen: 237696K->128K(238080K)] 293173K->55613K(581120K), 0.0011012 secs] [Times: user=0.00 sys=0.00, real=0.00 secs] 
2024-07-05T01:17:42.226+0800: 1770.936: [GC (Allocation Failure) [PSYoungGen: 237696K->128K(238080K)] 293181K->55621K(581120K), 0.0013752 secs] [Times: user=0.00 sys=0.00, real=0.00 secs] 
2024-07-05T01:17:43.226+0800: 1771.936: [GC (Allocation Failure) [PSYoungGen: 237696K->128K(238080K)] 293189K->55629K(581120K), 0.0012528 secs] [Times: user=0.00 sys=0.00, real=0.00 secs] 
2024-07-05T01:17:44.226+0800: 1772.937: [GC (Allocation Failure) [PSYoungGen: 237696K->112K(238080K)] 293197K->55621K(581120K), 0.0011735 secs] [Times: user=0.01 sys=0.00, real=0.00 secs] 
2024-07-05T01:17:45.218+0800: 1773.929: [GC (Allocation Failure) [PSYoungGen: 237680K->112K(238080K)] 293189K->55629K(581120K), 0.0011802 secs] [Times: user=0.00 sys=0.00, real=0.00 secs] 
2024-07-05T01:17:46.210+0800: 1774.921: [GC (Allocation Failure) [PSYoungGen: 237680K->112K(238080K)] 293197K->55637K(581120K), 0.0011627 secs] [Times: user=0.00 sys=0.00, real=0.00 secs] 
2024-07-05T01:17:47.198+0800: 1775.909: [GC (Allocation Failure) [PSYoungGen: 237680K->112K(238080K)] 293205K->55645K(581120K), 0.0012521 secs] [Times: user=0.00 sys=0.00, real=0.00 secs] 
2024-07-05T01:17:48.183+0800: 1776.894: [GC (Allocation Failure) [PSYoungGen: 237680K->112K(238080K)] 293213K->55653K(581120K), 0.0011560 secs] [Times: user=0.00 sys=0.00, real=0.00 secs] 
2024-07-05T01:17:49.193+0800: 1777.904: [GC (Allocation Failure) [PSYoungGen: 237680K->112K(238080K)] 293221K->55661K(581120K), 0.0019797 secs] [Times: user=0.00 sys=0.00, real=0.01 secs] 
2024-07-05T01:17:50.178+0800: 1778.888: [GC (Allocation Failure) [PSYoungGen: 237680K->112K(238080K)] 293229K->55669K(581120K), 0.0012677 secs] [Times: user=0.00 sys=0.00, real=0.00 secs] 
2024-07-05T01:17:51.162+0800: 1779.872: [GC (Allocation Failure) [PSYoungGen: 237680K->112K(238080K)] 293237K->55677K(581120K), 0.0013523 secs] [Times: user=0.00 sys=0.00, real=0.00 secs] 
2024-07-05T01:17:52.163+0800: 1780.874: [GC (Allocation Failure) [PSYoungGen: 237680K->128K(238080K)] 293245K->55701K(581120K), 0.0010572 secs] [Times: user=0.00 sys=0.00, real=0.00 secs] 
2024-07-05T01:17:53.149+0800: 1781.860: [GC (Allocation Failure) [PSYoungGen: 237696K->128K(238080K)] 293269K->55709K(581120K), 0.0010698 secs] [Times: user=0.00 sys=0.00, real=0.00 secs] 
2024-07-05T01:17:54.138+0800: 1782.848: [GC (Allocation Failure) [PSYoungGen: 237696K->128K(238080K)] 293277K->55717K(581120K), 0.0012803 secs] [Times: user=0.01 sys=0.00, real=0.00 secs] 
2024-07-05T01:17:55.130+0800: 1783.841: [GC (Allocation Failure) [PSYoungGen: 237696K->128K(238080K)] 293285K->55725K(581120K), 0.0010535 secs] [Times: user=0.00 sys=0.00, real=0.00 secs] 
2024-07-05T01:17:56.126+0800: 1784.836: [GC (Allocation Failure) [PSYoungGen: 237696K->128K(238080K)] 293293K->55733K(581120K), 0.0010555 secs] [Times: user=0.00 sys=0.00, real=0.00 secs] 
2024-07-05T01:17:57.138+0800: 1785.848: [GC (Allocation Failure) [PSYoungGen: 237696K->128K(238080K)] 293301K->55741K(581120K), 0.0010552 secs] [Times: user=0.00 sys=0.00, real=0.00 secs] 
2024-07-05T01:17:58.141+0800: 1786.852: [GC (Allocation Failure) [PSYoungGen: 237696K->112K(238080K)] 293309K->55733K(581120K), 0.0009784 secs] [Times: user=0.00 sys=0.00, real=0.00 secs] 
2024-07-05T01:17:59.149+0800: 1787.860: [GC (Allocation Failure) [PSYoungGen: 237680K->160K(238080K)] 293301K->55789K(581120K), 0.0012371 secs] [Times: user=0.00 sys=0.00, real=0.00 secs] 
2024-07-05T01:18:00.140+0800: 1788.851: [GC (Allocation Failure) [PSYoungGen: 237728K->112K(238080K)] 293357K->55749K(581120K), 0.0014245 secs] [Times: user=0.00 sys=0.00, real=0.00 secs] 
2024-07-05T01:18:01.130+0800: 1789.840: [GC (Allocation Failure) [PSYoungGen: 237680K->112K(238080K)] 293317K->55757K(581120K), 0.0013829 secs] [Times: user=0.00 sys=0.00, real=0.00 secs] 
2024-07-05T01:18:02.150+0800: 1790.860: [GC (Allocation Failure) [PSYoungGen: 237680K->112K(238080K)] 293325K->55765K(581120K), 0.0012583 secs] [Times: user=0.01 sys=0.00, real=0.00 secs] 
2024-07-05T01:18:03.156+0800: 1791.867: [GC (Allocation Failure) [PSYoungGen: 237680K->112K(238080K)] 293333K->55773K(581120K), 0.0017886 secs] [Times: user=0.00 sys=0.00, real=0.00 secs] 
2024-07-05T01:18:04.176+0800: 1792.887: [GC (Allocation Failure) [PSYoungGen: 237680K->112K(238080K)] 293341K->55781K(581120K), 0.0014036 secs] [Times: user=0.00 sys=0.00, real=0.00 secs] 
2024-07-05T01:18:05.163+0800: 1793.874: [GC (Allocation Failure) [PSYoungGen: 237680K->112K(238080K)] 293349K->55789K(581120K), 0.0012285 secs] [Times: user=0.00 sys=0.00, real=0.00 secs] 
2024-07-05T01:18:06.155+0800: 1794.866: [GC (Allocation Failure) [PSYoungGen: 237680K->128K(238080K)] 293357K->55813K(581120K), 0.0013860 secs] [Times: user=0.00 sys=0.00, real=0.00 secs] 
2024-07-05T01:18:07.143+0800: 1795.853: [GC (Allocation Failure) [PSYoungGen: 237696K->112K(238080K)] 293381K->55805K(581120K), 0.0012154 secs] [Times: user=0.00 sys=0.00, real=0.00 secs] 
2024-07-05T01:18:08.154+0800: 1796.864: [GC (Allocation Failure) [PSYoungGen: 237680K->128K(238080K)] 293373K->55829K(581120K), 0.0014307 secs] [Times: user=0.00 sys=0.00, real=0.00 secs] 
2024-07-05T01:18:09.149+0800: 1797.860: [GC (Allocation Failure) [PSYoungGen: 237696K->112K(238080K)] 293397K->55821K(581120K), 0.0010096 secs] [Times: user=0.00 sys=0.00, real=0.00 secs] 
2024-07-05T01:18:10.142+0800: 1798.852: [GC (Allocation Failure) [PSYoungGen: 237680K->224K(238080K)] 293389K->55941K(581120K), 0.0013158 secs] [Times: user=0.00 sys=0.00, real=0.00 secs] 
2024-07-05T01:18:11.148+0800: 1799.858: [GC (Allocation Failure) [PSYoungGen: 237792K->192K(238080K)] 293509K->55917K(581120K), 0.0010118 secs] [Times: user=0.00 sys=0.00, real=0.00 secs] 
2024-07-05T01:18:12.133+0800: 1800.844: [GC (Allocation Failure) [PSYoungGen: 237760K->192K(238080K)] 293485K->55925K(581120K), 0.0010647 secs] [Times: user=0.00 sys=0.00, real=0.01 secs] 
2024-07-05T01:18:13.123+0800: 1801.834: [GC (Allocation Failure) [PSYoungGen: 237760K->192K(238080K)] 293493K->55933K(581120K), 0.0010279 secs] [Times: user=0.00 sys=0.00, real=0.00 secs] 
2024-07-05T01:18:14.115+0800: 1802.826: [GC (Allocation Failure) [PSYoungGen: 237760K->192K(238080K)] 293501K->55941K(581120K), 0.0012283 secs] [Times: user=0.00 sys=0.00, real=0.00 secs] 
2024-07-05T01:18:15.109+0800: 1803.819: [GC (Allocation Failure) [PSYoungGen: 237760K->192K(238080K)] 293509K->55949K(581120K), 0.0013320 secs] [Times: user=0.00 sys=0.00, real=0.00 secs] 
2024-07-05T01:18:16.121+0800: 1804.832: [GC (Allocation Failure) [PSYoungGen: 237760K->192K(238080K)] 293517K->55957K(581120K), 0.0010512 secs] [Times: user=0.00 sys=0.00, real=0.00 secs] 
2024-07-05T01:18:17.119+0800: 1805.830: [GC (Allocation Failure) [PSYoungGen: 237760K->176K(238080K)] 293525K->55949K(581120K), 0.0012486 secs] [Times: user=0.00 sys=0.00, real=0.00 secs] 
2024-07-05T01:18:18.118+0800: 1806.828: [GC (Allocation Failure) [PSYoungGen: 237744K->176K(238080K)] 293517K->55957K(581120K), 0.0014280 secs] [Times: user=0.00 sys=0.00, real=0.00 secs] 
2024-07-05T01:18:19.114+0800: 1807.824: [GC (Allocation Failure) [PSYoungGen: 237744K->176K(238080K)] 293525K->55965K(581120K), 0.0012652 secs] [Times: user=0.00 sys=0.00, real=0.01 secs] 
2024-07-05T01:18:20.098+0800: 1808.809: [GC (Allocation Failure) [PSYoungGen: 237744K->160K(238080K)] 293533K->55957K(581120K), 0.0012474 secs] [Times: user=0.01 sys=0.00, real=0.00 secs] 
2024-07-05T01:18:21.086+0800: 1809.796: [GC (Allocation Failure) [PSYoungGen: 237728K->144K(238080K)] 293525K->55949K(581120K), 0.0013516 secs] [Times: user=0.01 sys=0.00, real=0.00 secs] 
2024-07-05T01:18:22.086+0800: 1810.796: [GC (Allocation Failure) [PSYoungGen: 237712K->144K(238080K)] 293517K->55957K(581120K), 0.0014065 secs] [Times: user=0.00 sys=0.00, real=0.00 secs] 
2024-07-05T01:18:23.085+0800: 1811.795: [GC (Allocation Failure) [PSYoungGen: 237712K->144K(238080K)] 293525K->55965K(581120K), 0.0012458 secs] [Times: user=0.00 sys=0.01, real=0.01 secs] 
2024-07-05T01:18:24.080+0800: 1812.791: [GC (Allocation Failure) [PSYoungGen: 237712K->160K(238080K)] 293533K->55989K(581120K), 0.0010774 secs] [Times: user=0.01 sys=0.00, real=0.00 secs] 
2024-07-05T01:18:25.094+0800: 1813.804: [GC (Allocation Failure) [PSYoungGen: 237728K->144K(238080K)] 293557K->55981K(581120K), 0.0012847 secs] [Times: user=0.00 sys=0.00, real=0.00 secs] 
2024-07-05T01:18:26.090+0800: 1814.800: [GC (Allocation Failure) [PSYoungGen: 237712K->160K(238080K)] 293549K->56005K(581120K), 0.0009869 secs] [Times: user=0.00 sys=0.00, real=0.00 secs] 
2024-07-05T01:18:27.087+0800: 1815.798: [GC (Allocation Failure) [PSYoungGen: 237728K->160K(238080K)] 293573K->56013K(581120K), 0.0012642 secs] [Times: user=0.00 sys=0.00, real=0.00 secs] 
2024-07-05T01:18:28.078+0800: 1816.788: [GC (Allocation Failure) [PSYoungGen: 237728K->160K(238080K)] 293581K->56021K(581120K), 0.0012040 secs] [Times: user=0.00 sys=0.00, real=0.00 secs] 
2024-07-05T01:18:29.062+0800: 1817.773: [GC (Allocation Failure) [PSYoungGen: 237728K->160K(238080K)] 293589K->56029K(581120K), 0.0013819 secs] [Times: user=0.00 sys=0.00, real=0.00 secs] 
2024-07-05T01:18:30.062+0800: 1818.772: [GC (Allocation Failure) [PSYoungGen: 237728K->160K(238080K)] 293597K->56037K(581120K), 0.0013192 secs] [Times: user=0.00 sys=0.00, real=0.00 secs] 
2024-07-05T01:18:31.076+0800: 1819.787: [GC (Allocation Failure) [PSYoungGen: 237728K->160K(238080K)] 293605K->56045K(581120K), 0.0015861 secs] [Times: user=0.00 sys=0.00, real=0.00 secs] 
2024-07-05T01:18:32.082+0800: 1820.792: [GC (Allocation Failure) [PSYoungGen: 237728K->144K(238080K)] 293613K->56037K(581120K), 0.0013929 secs] [Times: user=0.00 sys=0.00, real=0.00 secs] 
2024-07-05T01:18:33.087+0800: 1821.797: [GC (Allocation Failure) [PSYoungGen: 237712K->144K(238080K)] 293605K->56045K(581120K), 0.0013917 secs] [Times: user=0.00 sys=0.00, real=0.00 secs] 
2024-07-05T01:18:34.078+0800: 1822.788: [GC (Allocation Failure) [PSYoungGen: 237712K->144K(238080K)] 293613K->56053K(581120K), 0.0013684 secs] [Times: user=0.00 sys=0.00, real=0.00 secs] 
2024-07-05T01:18:35.070+0800: 1823.780: [GC (Allocation Failure) [PSYoungGen: 237712K->112K(238080K)] 293621K->56061K(581120K), 0.0013530 secs] [Times: user=0.00 sys=0.00, real=0.00 secs] 
2024-07-05T01:18:36.068+0800: 1824.779: [GC (Allocation Failure) [PSYoungGen: 237680K->112K(238080K)] 293629K->56069K(581120K), 0.0012446 secs] [Times: user=0.00 sys=0.00, real=0.00 secs] 
2024-07-05T01:18:37.075+0800: 1825.786: [GC (Allocation Failure) [PSYoungGen: 237680K->160K(238080K)] 293637K->56125K(581120K), 0.0013573 secs] [Times: user=0.00 sys=0.00, real=0.00 secs] 
2024-07-05T01:18:38.105+0800: 1826.816: [GC (Allocation Failure) [PSYoungGen: 237728K->128K(238080K)] 293693K->56101K(581120K), 0.0011790 secs] [Times: user=0.00 sys=0.00, real=0.01 secs] 
2024-07-05T01:18:39.094+0800: 1827.805: [GC (Allocation Failure) [PSYoungGen: 237696K->128K(238080K)] 293669K->56109K(581120K), 0.0012789 secs] [Times: user=0.00 sys=0.00, real=0.00 secs] 
2024-07-05T01:18:40.097+0800: 1828.808: [GC (Allocation Failure) [PSYoungGen: 237696K->128K(238080K)] 293677K->56117K(581120K), 0.0011867 secs] [Times: user=0.00 sys=0.00, real=0.00 secs] 
2024-07-05T01:18:41.094+0800: 1829.804: [GC (Allocation Failure) [PSYoungGen: 237696K->128K(238080K)] 293685K->56125K(581120K), 0.0009746 secs] [Times: user=0.00 sys=0.00, real=0.00 secs] 
2024-07-05T01:18:42.094+0800: 1830.804: [GC (Allocation Failure) [PSYoungGen: 237696K->128K(238080K)] 293693K->56133K(581120K), 0.0013321 secs] [Times: user=0.00 sys=0.00, real=0.00 secs] 
2024-07-05T01:18:43.088+0800: 1831.799: [GC (Allocation Failure) [PSYoungGen: 237696K->128K(238080K)] 293701K->56141K(581120K), 0.0011565 secs] [Times: user=0.01 sys=0.00, real=0.00 secs] 
2024-07-05T01:18:44.082+0800: 1832.793: [GC (Allocation Failure) [PSYoungGen: 237696K->112K(238080K)] 293709K->56133K(581120K), 0.0011772 secs] [Times: user=0.00 sys=0.00, real=0.00 secs] 
2024-07-05T01:18:45.081+0800: 1833.792: [GC (Allocation Failure) [PSYoungGen: 237680K->112K(238080K)] 293701K->56141K(581120K), 0.0012729 secs] [Times: user=0.00 sys=0.00, real=0.00 secs] 
2024-07-05T01:18:46.088+0800: 1834.799: [GC (Allocation Failure) [PSYoungGen: 237680K->112K(238080K)] 293709K->56149K(581120K), 0.0016655 secs] [Times: user=0.00 sys=0.00, real=0.00 secs] 
2024-07-05T01:18:47.082+0800: 1835.792: [GC (Allocation Failure) [PSYoungGen: 237680K->128K(238080K)] 293717K->56173K(581120K), 0.0014296 secs] [Times: user=0.00 sys=0.00, real=0.00 secs] 
2024-07-05T01:18:48.070+0800: 1836.780: [GC (Allocation Failure) [PSYoungGen: 237696K->112K(238080K)] 293741K->56165K(581120K), 0.0014289 secs] [Times: user=0.00 sys=0.00, real=0.00 secs] 
2024-07-05T01:18:49.051+0800: 1837.762: [GC (Allocation Failure) [PSYoungGen: 237680K->112K(238080K)] 293733K->56173K(581120K), 0.0012707 secs] [Times: user=0.00 sys=0.00, real=0.00 secs] 
2024-07-05T01:18:50.042+0800: 1838.752: [GC (Allocation Failure) [PSYoungGen: 237680K->112K(238080K)] 293741K->56181K(581120K), 0.0014063 secs] [Times: user=0.00 sys=0.00, real=0.00 secs] 
2024-07-05T01:18:51.040+0800: 1839.751: [GC (Allocation Failure) [PSYoungGen: 237680K->128K(238080K)] 293749K->56205K(581120K), 0.0010933 secs] [Times: user=0.00 sys=0.00, real=0.00 secs] 
2024-07-05T01:18:52.030+0800: 1840.741: [GC (Allocation Failure) [PSYoungGen: 237696K->128K(238080K)] 293773K->56213K(581120K), 0.0013636 secs] [Times: user=0.00 sys=0.00, real=0.00 secs] 
2024-07-05T01:18:53.015+0800: 1841.726: [GC (Allocation Failure) [PSYoungGen: 237696K->128K(238080K)] 293781K->56221K(581120K), 0.0012292 secs] [Times: user=0.00 sys=0.00, real=0.00 secs] 
2024-07-05T01:18:54.002+0800: 1842.713: [GC (Allocation Failure) [PSYoungGen: 237696K->112K(238080K)] 293789K->56213K(581120K), 0.0009974 secs] [Times: user=0.01 sys=0.00, real=0.00 secs] 
2024-07-05T01:18:54.986+0800: 1843.696: [GC (Allocation Failure) [PSYoungGen: 237680K->144K(238080K)] 293781K->56253K(581120K), 0.0013865 secs] [Times: user=0.00 sys=0.00, real=0.00 secs] 
2024-07-05T01:18:55.986+0800: 1844.697: [GC (Allocation Failure) [PSYoungGen: 237712K->112K(238080K)] 293821K->56229K(581120K), 0.0010501 secs] [Times: user=0.00 sys=0.00, real=0.00 secs] 
2024-07-05T01:18:56.974+0800: 1845.684: [GC (Allocation Failure) [PSYoungGen: 237680K->128K(238080K)] 293797K->56253K(581120K), 0.0012202 secs] [Times: user=0.01 sys=0.00, real=0.00 secs] 
2024-07-05T01:18:57.966+0800: 1846.676: [GC (Allocation Failure) [PSYoungGen: 237696K->128K(238080K)] 293821K->56261K(581120K), 0.0012840 secs] [Times: user=0.00 sys=0.00, real=0.00 secs] 
2024-07-05T01:18:58.960+0800: 1847.670: [GC (Allocation Failure) [PSYoungGen: 237696K->128K(238080K)] 293829K->56269K(581120K), 0.0009873 secs] [Times: user=0.00 sys=0.00, real=0.00 secs] 
2024-07-05T01:18:59.962+0800: 1848.672: [GC (Allocation Failure) [PSYoungGen: 237696K->112K(238080K)] 293837K->56261K(581120K), 0.0012771 secs] [Times: user=0.00 sys=0.00, real=0.00 secs] 
2024-07-05T01:19:00.960+0800: 1849.671: [GC (Allocation Failure) [PSYoungGen: 237680K->128K(238080K)] 293829K->56285K(581120K), 0.0011210 secs] [Times: user=0.00 sys=0.00, real=0.00 secs] 
2024-07-05T01:19:01.950+0800: 1850.661: [GC (Allocation Failure) [PSYoungGen: 237696K->112K(238080K)] 293853K->56277K(581120K), 0.0013420 secs] [Times: user=0.00 sys=0.00, real=0.00 secs] 
2024-07-05T01:19:02.934+0800: 1851.644: [GC (Allocation Failure) [PSYoungGen: 237680K->160K(238080K)] 293845K->56333K(581120K), 0.0010055 secs] [Times: user=0.00 sys=0.00, real=0.00 secs] 
2024-07-05T01:19:03.930+0800: 1852.640: [GC (Allocation Failure) [PSYoungGen: 237728K->128K(238080K)] 293901K->56309K(581120K), 0.0010143 secs] [Times: user=0.00 sys=0.00, real=0.00 secs] 
2024-07-05T01:19:04.922+0800: 1853.632: [GC (Allocation Failure) [PSYoungGen: 237696K->112K(238080K)] 293877K->56301K(581120K), 0.0012711 secs] [Times: user=0.00 sys=0.00, real=0.00 secs] 
2024-07-05T01:19:05.922+0800: 1854.632: [GC (Allocation Failure) [PSYoungGen: 237680K->160K(238080K)] 293869K->56357K(581120K), 0.0009388 secs] [Times: user=0.00 sys=0.00, real=0.00 secs] 
2024-07-05T01:19:06.911+0800: 1855.622: [GC (Allocation Failure) [PSYoungGen: 237728K->128K(238080K)] 293925K->56333K(581120K), 0.0010293 secs] [Times: user=0.00 sys=0.00, real=0.00 secs] 
2024-07-05T01:19:07.909+0800: 1856.620: [GC (Allocation Failure) [PSYoungGen: 237696K->112K(238080K)] 293901K->56325K(581120K), 0.0011760 secs] [Times: user=0.00 sys=0.00, real=0.00 secs] 
2024-07-05T01:19:08.906+0800: 1857.616: [GC (Allocation Failure) [PSYoungGen: 237680K->128K(238080K)] 293893K->56349K(581120K), 0.0012692 secs] [Times: user=0.00 sys=0.00, real=0.00 secs] 
2024-07-05T01:19:09.906+0800: 1858.616: [GC (Allocation Failure) [PSYoungGen: 237696K->128K(238080K)] 293917K->56357K(581120K), 0.0014025 secs] [Times: user=0.00 sys=0.00, real=0.00 secs] 
2024-07-05T01:19:10.901+0800: 1859.611: [GC (Allocation Failure) [PSYoungGen: 237696K->128K(238080K)] 293925K->56365K(581120K), 0.0009896 secs] [Times: user=0.00 sys=0.00, real=0.00 secs] 
2024-07-05T01:19:11.890+0800: 1860.600: [GC (Allocation Failure) [PSYoungGen: 237696K->128K(238080K)] 293933K->56373K(581120K), 0.0012159 secs] [Times: user=0.00 sys=0.00, real=0.00 secs] 
2024-07-05T01:19:12.878+0800: 1861.588: [GC (Allocation Failure) [PSYoungGen: 237696K->128K(238080K)] 293941K->56381K(581120K), 0.0013622 secs] [Times: user=0.00 sys=0.00, real=0.00 secs] 
2024-07-05T01:19:13.871+0800: 1862.582: [GC (Allocation Failure) [PSYoungGen: 237696K->128K(238080K)] 293949K->56389K(581120K), 0.0010225 secs] [Times: user=0.00 sys=0.00, real=0.00 secs] 
2024-07-05T01:19:14.854+0800: 1863.564: [GC (Allocation Failure) [PSYoungGen: 237696K->128K(238080K)] 293957K->56397K(581120K), 0.0013498 secs] [Times: user=0.01 sys=0.00, real=0.00 secs] 
2024-07-05T01:19:15.846+0800: 1864.557: [GC (Allocation Failure) [PSYoungGen: 237696K->112K(238080K)] 293965K->56389K(581120K), 0.0021343 secs] [Times: user=0.01 sys=0.00, real=0.00 secs] 
2024-07-05T01:19:16.834+0800: 1865.544: [GC (Allocation Failure) [PSYoungGen: 237680K->96K(238080K)] 293957K->56381K(581120K), 0.0013269 secs] [Times: user=0.00 sys=0.00, real=0.00 secs] 
2024-07-05T01:19:17.822+0800: 1866.532: [GC (Allocation Failure) [PSYoungGen: 237664K->80K(238080K)] 293949K->56373K(581120K), 0.0012478 secs] [Times: user=0.00 sys=0.00, real=0.00 secs] 
2024-07-05T01:19:19.092+0800: 1867.803: [GC (Allocation Failure) [PSYoungGen: 237648K->240K(238080K)] 293941K->57565K(581120K), 0.0017937 secs] [Times: user=0.01 sys=0.00, real=0.01 secs] 
2024-07-05T01:19:20.257+0800: 1868.968: [GC (Allocation Failure) [PSYoungGen: 237808K->208K(238080K)] 295133K->58565K(581120K), 0.0011868 secs] [Times: user=0.00 sys=0.00, real=0.00 secs] 
2024-07-05T01:19:21.458+0800: 1870.168: [GC (Allocation Failure) [PSYoungGen: 237358K->224K(238080K)] 295715K->59613K(581120K), 0.0015786 secs] [Times: user=0.00 sys=0.00, real=0.00 secs] 
2024-07-05T01:19:22.580+0800: 1871.290: [GC (Allocation Failure) [PSYoungGen: 237176K->192K(238080K)] 296565K->60613K(581120K), 0.0017514 secs] [Times: user=0.00 sys=0.00, real=0.00 secs] 
2024-07-05T01:19:23.725+0800: 1872.435: [GC (Allocation Failure) [PSYoungGen: 237760K->160K(238080K)] 298181K->61613K(581120K), 0.0015743 secs] [Times: user=0.00 sys=0.00, real=0.01 secs] 
2024-07-05T01:19:24.849+0800: 1873.560: [GC (Allocation Failure) [PSYoungGen: 237695K->176K(238080K)] 299148K->62661K(581120K), 0.0011668 secs] [Times: user=0.00 sys=0.00, real=0.00 secs] 
2024-07-05T01:19:25.973+0800: 1874.684: [GC (Allocation Failure) [PSYoungGen: 237681K->224K(238080K)] 300166K->63741K(581120K), 0.0012214 secs] [Times: user=0.00 sys=0.00, real=0.01 secs] 
2024-07-05T01:19:27.080+0800: 1875.791: [GC (Allocation Failure) [PSYoungGen: 237206K->192K(238080K)] 300723K->64741K(581120K), 0.0011860 secs] [Times: user=0.00 sys=0.00, real=0.00 secs] 
2024-07-05T01:19:28.189+0800: 1876.900: [GC (Allocation Failure) [PSYoungGen: 237760K->192K(238080K)] 302309K->65773K(581120K), 0.0015590 secs] [Times: user=0.00 sys=0.00, real=0.00 secs] 
2024-07-05T01:19:29.294+0800: 1878.004: [GC (Allocation Failure) [PSYoungGen: 237729K->192K(238080K)] 303311K->66805K(581120K), 0.0015289 secs] [Times: user=0.00 sys=0.00, real=0.00 secs] 
2024-07-05T01:19:30.406+0800: 1879.116: [GC (Allocation Failure) [PSYoungGen: 237657K->192K(238080K)] 304271K->67837K(581120K), 0.0016897 secs] [Times: user=0.01 sys=0.00, real=0.00 secs] 
2024-07-05T01:19:31.541+0800: 1880.252: [GC (Allocation Failure) [PSYoungGen: 237601K->208K(238080K)] 305246K->68885K(581120K), 0.0011340 secs] [Times: user=0.00 sys=0.00, real=0.00 secs] 
2024-07-05T01:19:32.643+0800: 1881.353: [GC (Allocation Failure) [PSYoungGen: 237776K->208K(238080K)] 306453K->69917K(581120K), 0.0012817 secs] [Times: user=0.00 sys=0.00, real=0.00 secs] 
2024-07-05T01:19:33.738+0800: 1882.448: [GC (Allocation Failure) [PSYoungGen: 237209K->192K(238080K)] 306918K->70933K(581120K), 0.0017296 secs] [Times: user=0.00 sys=0.00, real=0.00 secs] 
2024-07-05T01:19:34.834+0800: 1883.544: [GC (Allocation Failure) [PSYoungGen: 237698K->192K(238080K)] 308439K->71965K(581120K), 0.0018690 secs] [Times: user=0.00 sys=0.00, real=0.00 secs] 
2024-07-05T01:19:35.944+0800: 1884.654: [GC (Allocation Failure) [PSYoungGen: 237760K->128K(238080K)] 309533K->71989K(581120K), 0.0016205 secs] [Times: user=0.00 sys=0.00, real=0.00 secs] 
2024-07-05T01:19:37.057+0800: 1885.768: [GC (Allocation Failure) [PSYoungGen: 237696K->96K(238080K)] 309557K->72997K(581120K), 0.0011719 secs] [Times: user=0.00 sys=0.00, real=0.00 secs] 
2024-07-05T01:19:38.182+0800: 1886.892: [GC (Allocation Failure) [PSYoungGen: 236805K->80K(238080K)] 309706K->74013K(581120K), 0.0014851 secs] [Times: user=0.00 sys=0.00, real=0.00 secs] 
2024-07-05T01:19:39.294+0800: 1888.004: [GC (Allocation Failure) [PSYoungGen: 237648K->96K(238080K)] 311581K->74037K(581120K), 0.0014727 secs] [Times: user=0.00 sys=0.00, real=0.00 secs] 
2024-07-05T01:19:40.391+0800: 1889.102: [GC (Allocation Failure) [PSYoungGen: 237477K->80K(238080K)] 311418K->75053K(581120K), 0.0016858 secs] [Times: user=0.00 sys=0.00, real=0.00 secs] 
2024-07-05T01:19:41.495+0800: 1890.206: [GC (Allocation Failure) [PSYoungGen: 237633K->80K(238080K)] 312606K->76085K(581120K), 0.0016437 secs] [Times: user=0.00 sys=0.00, real=0.00 secs] 
2024-07-05T01:19:42.606+0800: 1891.316: [GC (Allocation Failure) [PSYoungGen: 237215K->96K(238080K)] 313220K->77133K(581120K), 0.0017133 secs] [Times: user=0.01 sys=0.00, real=0.00 secs] 
2024-07-05T01:19:43.714+0800: 1892.424: [GC (Allocation Failure) [PSYoungGen: 237525K->96K(238080K)] 314562K->78165K(581120K), 0.0014803 secs] [Times: user=0.00 sys=0.00, real=0.00 secs] 
2024-07-05T01:19:44.806+0800: 1893.516: [GC (Allocation Failure) [PSYoungGen: 236913K->96K(238080K)] 314982K->79197K(581120K), 0.0015673 secs] [Times: user=0.00 sys=0.00, real=0.00 secs] 
2024-07-05T01:19:45.925+0800: 1894.636: [GC (Allocation Failure) [PSYoungGen: 237664K->80K(238080K)] 316765K->80213K(581120K), 0.0011870 secs] [Times: user=0.00 sys=0.00, real=0.01 secs] 
2024-07-05T01:19:47.026+0800: 1895.736: [GC (Allocation Failure) [PSYoungGen: 236916K->128K(238080K)] 317049K->81293K(581120K), 0.0012059 secs] [Times: user=0.00 sys=0.00, real=0.01 secs] 
2024-07-05T01:19:48.126+0800: 1896.836: [GC (Allocation Failure) [PSYoungGen: 237696K->128K(238080K)] 318861K->82325K(581120K), 0.0011783 secs] [Times: user=0.00 sys=0.00, real=0.01 secs] 
2024-07-05T01:19:49.226+0800: 1897.936: [GC (Allocation Failure) [PSYoungGen: 236796K->96K(238080K)] 318994K->83325K(581120K), 0.0015296 secs] [Times: user=0.00 sys=0.00, real=0.00 secs] 
2024-07-05T01:19:50.327+0800: 1899.038: [GC (Allocation Failure) [PSYoungGen: 237491K->96K(238080K)] 320720K->84357K(581120K), 0.0016672 secs] [Times: user=0.01 sys=0.00, real=0.00 secs] 
2024-07-05T01:19:51.436+0800: 1900.147: [GC (Allocation Failure) [PSYoungGen: 237664K->80K(238080K)] 321925K->85373K(581120K), 0.0011340 secs] [Times: user=0.01 sys=0.00, real=0.00 secs] 
2024-07-05T01:19:52.536+0800: 1901.247: [GC (Allocation Failure) [PSYoungGen: 237254K->128K(238080K)] 322547K->86453K(581120K), 0.0012312 secs] [Times: user=0.00 sys=0.00, real=0.00 secs] 
2024-07-05T01:19:53.642+0800: 1902.352: [GC (Allocation Failure) [PSYoungGen: 237696K->96K(238080K)] 324021K->87453K(581120K), 0.0018338 secs] [Times: user=0.00 sys=0.00, real=0.00 secs] 
2024-07-05T01:19:54.754+0800: 1903.464: [GC (Allocation Failure) [PSYoungGen: 237349K->64K(238080K)] 324706K->88453K(581120K), 0.0016842 secs] [Times: user=0.00 sys=0.00, real=0.00 secs] 
2024-07-05T01:19:55.858+0800: 1904.569: [GC (Allocation Failure) [PSYoungGen: 237448K->64K(238080K)] 325837K->89485K(581120K), 0.0027070 secs] [Times: user=0.00 sys=0.00, real=0.00 secs] 
2024-07-05T01:19:56.998+0800: 1905.708: [GC (Allocation Failure) [PSYoungGen: 237632K->96K(238080K)] 327053K->90549K(581120K), 0.0012223 secs] [Times: user=0.00 sys=0.00, real=0.00 secs] 
2024-07-05T01:19:58.096+0800: 1906.807: [GC (Allocation Failure) [PSYoungGen: 237077K->96K(238080K)] 327531K->91581K(581120K), 0.0011964 secs] [Times: user=0.00 sys=0.00, real=0.00 secs] 
2024-07-05T01:19:59.191+0800: 1907.901: [GC (Allocation Failure) [PSYoungGen: 237664K->96K(238080K)] 329149K->92613K(581120K), 0.0017069 secs] [Times: user=0.01 sys=0.00, real=0.00 secs] 
2024-07-05T01:20:00.304+0800: 1909.015: [GC (Allocation Failure) [PSYoungGen: 237664K->128K(238080K)] 330181K->93677K(581120K), 0.0016802 secs] [Times: user=0.01 sys=0.00, real=0.01 secs] 
2024-07-05T01:20:01.410+0800: 1910.120: [GC (Allocation Failure) [PSYoungGen: 237696K->64K(238080K)] 331245K->94645K(581120K), 0.0016759 secs] [Times: user=0.01 sys=0.00, real=0.00 secs] 
2024-07-05T01:20:02.514+0800: 1911.225: [GC (Allocation Failure) [PSYoungGen: 236646K->64K(238080K)] 331227K->95677K(581120K), 0.0015869 secs] [Times: user=0.01 sys=0.00, real=0.00 secs] 
2024-07-05T01:20:03.617+0800: 1912.328: [GC (Allocation Failure) [PSYoungGen: 236986K->96K(238080K)] 332600K->96741K(581120K), 0.0013777 secs] [Times: user=0.00 sys=0.00, real=0.00 secs] 
2024-07-05T01:20:04.746+0800: 1913.456: [GC (Allocation Failure) [PSYoungGen: 237071K->128K(238080K)] 333716K->97805K(581120K), 0.0017344 secs] [Times: user=0.00 sys=0.00, real=0.00 secs] 
2024-07-05T01:20:05.851+0800: 1914.562: [GC (Allocation Failure) [PSYoungGen: 236722K->80K(238080K)] 334399K->97765K(581120K), 0.0015221 secs] [Times: user=0.00 sys=0.00, real=0.00 secs] 
2024-07-05T01:20:06.948+0800: 1915.659: [GC (Allocation Failure) [PSYoungGen: 237207K->64K(238080K)] 334892K->98781K(581120K), 0.0015881 secs] [Times: user=0.00 sys=0.00, real=0.00 secs] 
2024-07-05T01:20:08.056+0800: 1916.767: [GC (Allocation Failure) [PSYoungGen: 237393K->64K(238080K)] 336111K->99813K(581120K), 0.0016604 secs] [Times: user=0.00 sys=0.00, real=0.00 secs] 
2024-07-05T01:20:09.153+0800: 1917.863: [GC (Allocation Failure) [PSYoungGen: 237437K->96K(238080K)] 337186K->100877K(581120K), 0.0018853 secs] [Times: user=0.01 sys=0.00, real=0.01 secs] 
2024-07-05T01:20:10.275+0800: 1918.986: [GC (Allocation Failure) [PSYoungGen: 236866K->96K(238080K)] 337648K->101909K(581120K), 0.0012113 secs] [Times: user=0.00 sys=0.00, real=0.00 secs] 
2024-07-05T01:20:11.391+0800: 1920.102: [GC (Allocation Failure) [PSYoungGen: 236951K->64K(238080K)] 338765K->102909K(581120K), 0.0017395 secs] [Times: user=0.00 sys=0.00, real=0.00 secs] 
2024-07-05T01:20:12.507+0800: 1921.218: [GC (Allocation Failure) [PSYoungGen: 236861K->96K(238080K)] 339707K->103973K(581120K), 0.0012071 secs] [Times: user=0.00 sys=0.00, real=0.00 secs] 
2024-07-05T01:20:13.621+0800: 1922.332: [GC (Allocation Failure) [PSYoungGen: 237664K->64K(238080K)] 341541K->104973K(581120K), 0.0015130 secs] [Times: user=0.00 sys=0.00, real=0.00 secs] 
2024-07-05T01:20:14.726+0800: 1923.436: [GC (Allocation Failure) [PSYoungGen: 237632K->64K(238080K)] 342541K->106005K(581120K), 0.0017991 secs] [Times: user=0.00 sys=0.00, real=0.00 secs] 
2024-07-05T01:20:15.846+0800: 1924.556: [GC (Allocation Failure) [PSYoungGen: 237632K->64K(238080K)] 343573K->107037K(581120K), 0.0017609 secs] [Times: user=0.01 sys=0.00, real=0.00 secs] 
2024-07-05T01:20:16.951+0800: 1925.661: [GC (Allocation Failure) [PSYoungGen: 236639K->64K(238080K)] 343613K->108069K(581120K), 0.0016912 secs] [Times: user=0.00 sys=0.00, real=0.00 secs] 
2024-07-05T01:20:18.059+0800: 1926.770: [GC (Allocation Failure) [PSYoungGen: 237632K->128K(238080K)] 345637K->109165K(581120K), 0.0015677 secs] [Times: user=0.00 sys=0.00, real=0.00 secs] 
2024-07-05T01:20:19.166+0800: 1927.876: [GC (Allocation Failure) [PSYoungGen: 237515K->96K(238080K)] 346553K->110165K(581120K), 0.0018394 secs] [Times: user=0.00 sys=0.00, real=0.00 secs] 
2024-07-05T01:20:20.266+0800: 1928.976: [GC (Allocation Failure) [PSYoungGen: 236980K->64K(238080K)] 347050K->111165K(581120K), 0.0012349 secs] [Times: user=0.01 sys=0.00, real=0.00 secs] 
2024-07-05T01:20:21.377+0800: 1930.088: [GC (Allocation Failure) [PSYoungGen: 237632K->128K(238080K)] 348733K->112261K(581120K), 0.0017561 secs] [Times: user=0.00 sys=0.00, real=0.00 secs] 
2024-07-05T01:20:22.490+0800: 1931.200: [GC (Allocation Failure) [PSYoungGen: 236737K->64K(238080K)] 348871K->113229K(581120K), 0.0017637 secs] [Times: user=0.00 sys=0.00, real=0.00 secs] 
2024-07-05T01:20:23.677+0800: 1932.387: [GC (Allocation Failure) [PSYoungGen: 237632K->128K(238080K)] 350797K->114325K(581120K), 0.0012951 secs] [Times: user=0.00 sys=0.00, real=0.00 secs] 
2024-07-05T01:20:24.860+0800: 1933.570: [GC (Allocation Failure) [PSYoungGen: 237531K->64K(238080K)] 351729K->115294K(581120K), 0.0019119 secs] [Times: user=0.00 sys=0.00, real=0.00 secs] 
2024-07-05T01:20:26.007+0800: 1934.718: [GC (Allocation Failure) [PSYoungGen: 237089K->96K(238080K)] 352319K->116358K(581120K), 0.0013171 secs] [Times: user=0.00 sys=0.00, real=0.00 secs] 
2024-07-05T01:20:27.204+0800: 1935.915: [GC (Allocation Failure) [PSYoungGen: 237664K->96K(238080K)] 353926K->117398K(581120K), 0.0014840 secs] [Times: user=0.01 sys=0.00, real=0.01 secs] 
2024-07-05T01:20:28.418+0800: 1937.129: [GC (Allocation Failure) [PSYoungGen: 237476K->96K(238080K)] 354778K->117406K(581120K), 0.0016111 secs] [Times: user=0.00 sys=0.00, real=0.00 secs] 
2024-07-05T01:20:29.649+0800: 1938.359: [GC (Allocation Failure) [PSYoungGen: 237664K->64K(238080K)] 354974K->117382K(581120K), 0.0022521 secs] [Times: user=0.00 sys=0.00, real=0.00 secs] 
2024-07-05T01:20:30.822+0800: 1939.532: [GC (Allocation Failure) [PSYoungGen: 237632K->80K(238080K)] 354950K->117406K(581120K), 0.0020071 secs] [Times: user=0.01 sys=0.00, real=0.00 secs] 
2024-07-05T01:20:31.936+0800: 1940.646: [GC (Allocation Failure) [PSYoungGen: 236829K->96K(238080K)] 354155K->118454K(581120K), 0.0013579 secs] [Times: user=0.00 sys=0.00, real=0.00 secs] 
2024-07-05T01:20:33.126+0800: 1941.836: [GC (Allocation Failure) [PSYoungGen: 237065K->64K(238080K)] 355423K->119454K(581120K), 0.0012221 secs] [Times: user=0.00 sys=0.00, real=0.00 secs] 
2024-07-05T01:20:34.258+0800: 1942.968: [GC (Allocation Failure) [PSYoungGen: 237287K->128K(238080K)] 356677K->120550K(581120K), 0.0015620 secs] [Times: user=0.00 sys=0.00, real=0.00 secs] 
2024-07-05T01:20:35.378+0800: 1944.089: [GC (Allocation Failure) [PSYoungGen: 237037K->128K(238080K)] 357459K->120558K(581120K), 0.0013214 secs] [Times: user=0.00 sys=0.00, real=0.00 secs] 
2024-07-05T01:20:36.510+0800: 1945.220: [GC (Allocation Failure) [PSYoungGen: 236772K->64K(238080K)] 357202K->121526K(581120K), 0.0020776 secs] [Times: user=0.00 sys=0.00, real=0.00 secs] 
2024-07-05T01:20:37.762+0800: 1946.472: [GC (Allocation Failure) [PSYoungGen: 237018K->96K(238080K)] 358480K->122590K(581120K), 0.0017644 secs] [Times: user=0.00 sys=0.00, real=0.00 secs] 
2024-07-05T01:20:38.947+0800: 1947.658: [GC (Allocation Failure) [PSYoungGen: 237664K->64K(238080K)] 360158K->123590K(581120K), 0.0018779 secs] [Times: user=0.00 sys=0.00, real=0.00 secs] 
2024-07-05T01:20:40.086+0800: 1948.796: [GC (Allocation Failure) [PSYoungGen: 236809K->64K(238080K)] 360335K->124622K(581120K), 0.0018260 secs] [Times: user=0.01 sys=0.00, real=0.00 secs] 
2024-07-05T01:20:41.297+0800: 1950.007: [GC (Allocation Failure) [PSYoungGen: 237632K->96K(238080K)] 362190K->125686K(581120K), 0.0021263 secs] [Times: user=0.01 sys=0.00, real=0.00 secs] 
2024-07-05T01:20:42.455+0800: 1951.166: [GC (Allocation Failure) [PSYoungGen: 236687K->64K(238080K)] 362277K->126686K(581120K), 0.0019762 secs] [Times: user=0.00 sys=0.00, real=0.00 secs] 
2024-07-05T01:20:43.554+0800: 1952.264: [GC (Allocation Failure) [PSYoungGen: 237372K->64K(238080K)] 363994K->127718K(581120K), 0.0019922 secs] [Times: user=0.00 sys=0.00, real=0.00 secs] 
2024-07-05T01:20:44.665+0800: 1953.376: [GC (Allocation Failure) [PSYoungGen: 237632K->128K(238080K)] 365286K->128814K(581120K), 0.0015278 secs] [Times: user=0.00 sys=0.00, real=0.01 secs] 
2024-07-05T01:20:45.778+0800: 1954.488: [GC (Allocation Failure) [PSYoungGen: 237696K->64K(238080K)] 366382K->129782K(581120K), 0.0021266 secs] [Times: user=0.00 sys=0.00, real=0.00 secs] 
2024-07-05T01:20:46.886+0800: 1955.597: [GC (Allocation Failure) [PSYoungGen: 236684K->64K(238080K)] 366402K->130814K(581120K), 0.0013025 secs] [Times: user=0.00 sys=0.00, real=0.00 secs] 
2024-07-05T01:20:48.010+0800: 1956.721: [GC (Allocation Failure) [PSYoungGen: 237104K->96K(238080K)] 367855K->131878K(581120K), 0.0013360 secs] [Times: user=0.00 sys=0.00, real=0.00 secs] 
2024-07-05T01:20:49.130+0800: 1957.840: [GC (Allocation Failure) [PSYoungGen: 237664K->64K(238080K)] 369446K->132878K(581120K), 0.0027134 secs] [Times: user=0.01 sys=0.00, real=0.00 secs] 
2024-07-05T01:20:50.252+0800: 1958.962: [GC (Allocation Failure) [PSYoungGen: 237392K->128K(238080K)] 370206K->133974K(581120K), 0.0012946 secs] [Times: user=0.01 sys=0.00, real=0.00 secs] 
2024-07-05T01:20:51.373+0800: 1960.084: [GC (Allocation Failure) [PSYoungGen: 237696K->128K(238080K)] 371542K->133982K(581120K), 0.0012151 secs] [Times: user=0.00 sys=0.00, real=0.01 secs] 
2024-07-05T01:20:52.515+0800: 1961.225: [GC (Allocation Failure) [PSYoungGen: 237696K->96K(238080K)] 371550K->134982K(581120K), 0.0014576 secs] [Times: user=0.00 sys=0.00, real=0.00 secs] 
2024-07-05T01:20:53.631+0800: 1962.342: [GC (Allocation Failure) [PSYoungGen: 237664K->96K(238080K)] 372550K->136014K(581120K), 0.0014656 secs] [Times: user=0.00 sys=0.00, real=0.00 secs] 
2024-07-05T01:20:54.752+0800: 1963.463: [GC (Allocation Failure) [PSYoungGen: 237664K->96K(238080K)] 373582K->137046K(581120K), 0.0018403 secs] [Times: user=0.00 sys=0.00, real=0.01 secs] 
2024-07-05T01:20:55.879+0800: 1964.589: [GC (Allocation Failure) [PSYoungGen: 237664K->96K(238080K)] 374614K->138078K(581120K), 0.0016556 secs] [Times: user=0.00 sys=0.00, real=0.00 secs] 
2024-07-05T01:20:57.002+0800: 1965.713: [GC (Allocation Failure) [PSYoungGen: 237542K->96K(238080K)] 375524K->139110K(581120K), 0.0014039 secs] [Times: user=0.01 sys=0.00, real=0.00 secs] 
2024-07-05T01:20:58.122+0800: 1966.832: [GC (Allocation Failure) [PSYoungGen: 237664K->64K(238080K)] 376678K->140110K(581120K), 0.0019353 secs] [Times: user=0.00 sys=0.00, real=0.00 secs] 
2024-07-05T01:20:59.246+0800: 1967.956: [GC (Allocation Failure) [PSYoungGen: 237159K->64K(238080K)] 377206K->141142K(581120K), 0.0021322 secs] [Times: user=0.01 sys=0.00, real=0.00 secs] 
2024-07-05T01:21:00.381+0800: 1969.092: [GC (Allocation Failure) [PSYoungGen: 237632K->96K(238080K)] 378710K->142206K(581120K), 0.0014476 secs] [Times: user=0.00 sys=0.00, real=0.00 secs] 
2024-07-05T01:21:01.500+0800: 1970.211: [GC (Allocation Failure) [PSYoungGen: 237353K->128K(238080K)] 379464K->143270K(581120K), 0.0014071 secs] [Times: user=0.00 sys=0.00, real=0.00 secs] 
2024-07-05T01:21:02.621+0800: 1971.332: [GC (Allocation Failure) [PSYoungGen: 237057K->144K(238080K)] 380200K->144318K(581120K), 0.0016160 secs] [Times: user=0.01 sys=0.00, real=0.00 secs] 
2024-07-05T01:21:03.734+0800: 1972.445: [GC (Allocation Failure) [PSYoungGen: 237073K->144K(238080K)] 381247K->145350K(581120K), 0.0014278 secs] [Times: user=0.00 sys=0.00, real=0.00 secs] 
2024-07-05T01:21:04.870+0800: 1973.580: [GC (Allocation Failure) [PSYoungGen: 237712K->80K(238080K)] 382918K->146318K(581120K), 0.0026514 secs] [Times: user=0.00 sys=0.00, real=0.00 secs] 
2024-07-05T01:21:05.990+0800: 1974.700: [GC (Allocation Failure) [PSYoungGen: 237316K->112K(238080K)] 383554K->146358K(581120K), 0.0018410 secs] [Times: user=0.00 sys=0.00, real=0.00 secs] 
2024-07-05T01:21:07.146+0800: 1975.856: [GC (Allocation Failure) [PSYoungGen: 237680K->80K(238080K)] 383926K->147358K(581120K), 0.0020585 secs] [Times: user=0.00 sys=0.00, real=0.00 secs] 
2024-07-05T01:21:08.280+0800: 1976.991: [GC (Allocation Failure) [PSYoungGen: 237648K->96K(238080K)] 384926K->148406K(581120K), 0.0014891 secs] [Times: user=0.00 sys=0.00, real=0.00 secs] 
2024-07-05T01:21:09.418+0800: 1978.128: [GC (Allocation Failure) [PSYoungGen: 237664K->80K(238080K)] 385974K->149422K(581120K), 0.0019211 secs] [Times: user=0.00 sys=0.01, real=0.00 secs] 
2024-07-05T01:21:10.530+0800: 1979.240: [GC (Allocation Failure) [PSYoungGen: 237648K->96K(238080K)] 386990K->150470K(581120K), 0.0014687 secs] [Times: user=0.00 sys=0.00, real=0.00 secs] 
2024-07-05T01:21:11.668+0800: 1980.379: [GC (Allocation Failure) [PSYoungGen: 237071K->96K(238080K)] 387446K->151502K(581120K), 0.0019960 secs] [Times: user=0.00 sys=0.00, real=0.00 secs] 
2024-07-05T01:21:12.789+0800: 1981.500: [GC (Allocation Failure) [PSYoungGen: 237664K->112K(238080K)] 389070K->151526K(581120K), 0.0018362 secs] [Times: user=0.00 sys=0.00, real=0.00 secs] 
2024-07-05T01:21:13.903+0800: 1982.614: [GC (Allocation Failure) [PSYoungGen: 237627K->112K(238080K)] 389041K->152558K(581120K), 0.0021861 secs] [Times: user=0.01 sys=0.00, real=0.00 secs] 
2024-07-05T01:21:15.024+0800: 1983.735: [GC (Allocation Failure) [PSYoungGen: 237680K->128K(238080K)] 390126K->153606K(581120K), 0.0023218 secs] [Times: user=0.00 sys=0.00, real=0.01 secs] 
2024-07-05T01:21:16.148+0800: 1984.858: [GC (Allocation Failure) [PSYoungGen: 236740K->96K(238080K)] 390218K->154606K(581120K), 0.0022061 secs] [Times: user=0.00 sys=0.00, real=0.00 secs] 
2024-07-05T01:21:17.274+0800: 1985.984: [GC (Allocation Failure) [PSYoungGen: 237664K->128K(238080K)] 392174K->155670K(581120K), 0.0022491 secs] [Times: user=0.00 sys=0.00, real=0.01 secs] 
2024-07-05T01:21:18.397+0800: 1987.108: [GC (Allocation Failure) [PSYoungGen: 236909K->96K(238080K)] 392452K->156670K(581120K), 0.0022530 secs] [Times: user=0.00 sys=0.00, real=0.00 secs] 
2024-07-05T01:21:19.665+0800: 1988.376: [GC (Allocation Failure) [PSYoungGen: 236895K->112K(238080K)] 393470K->157718K(581120K), 0.0015375 secs] [Times: user=0.00 sys=0.00, real=0.01 secs] 
2024-07-05T01:21:20.786+0800: 1989.496: [GC (Allocation Failure) [PSYoungGen: 237606K->96K(238080K)] 395213K->158734K(581120K), 0.0021898 secs] [Times: user=0.01 sys=0.00, real=0.00 secs] 
2024-07-05T01:21:21.900+0800: 1990.610: [GC (Allocation Failure) [PSYoungGen: 237345K->112K(238080K)] 395984K->159782K(581120K), 0.0015171 secs] [Times: user=0.00 sys=0.00, real=0.00 secs] 
2024-07-05T01:21:23.034+0800: 1991.744: [GC (Allocation Failure) [PSYoungGen: 237472K->96K(238080K)] 397143K->160798K(581120K), 0.0029349 secs] [Times: user=0.00 sys=0.00, real=0.00 secs] 
2024-07-05T01:21:24.143+0800: 1992.854: [GC (Allocation Failure) [PSYoungGen: 236816K->96K(238080K)] 397518K->161830K(581120K), 0.0024325 secs] [Times: user=0.01 sys=0.00, real=0.01 secs] 
2024-07-05T01:21:25.270+0800: 1993.980: [GC (Allocation Failure) [PSYoungGen: 237664K->96K(238080K)] 399398K->162862K(581120K), 0.0021582 secs] [Times: user=0.00 sys=0.00, real=0.00 secs] 
2024-07-05T01:21:26.405+0800: 1995.115: [GC (Allocation Failure) [PSYoungGen: 237664K->112K(238080K)] 400430K->163910K(581120K), 0.0015048 secs] [Times: user=0.00 sys=0.00, real=0.01 secs] 
2024-07-05T01:21:27.517+0800: 1996.228: [GC (Allocation Failure) [PSYoungGen: 237102K->128K(238080K)] 400901K->164958K(581120K), 0.0017198 secs] [Times: user=0.00 sys=0.00, real=0.00 secs] 
2024-07-05T01:21:28.637+0800: 1997.348: [GC (Allocation Failure) [PSYoungGen: 237549K->128K(238080K)] 402379K->165990K(581120K), 0.0014196 secs] [Times: user=0.00 sys=0.00, real=0.00 secs] 
2024-07-05T01:21:29.746+0800: 1998.457: [GC (Allocation Failure) [PSYoungGen: 236909K->112K(238080K)] 402771K->167006K(581120K), 0.0018628 secs] [Times: user=0.01 sys=0.00, real=0.00 secs] 
2024-07-05T01:21:30.882+0800: 1999.593: [GC (Allocation Failure) [PSYoungGen: 237517K->128K(238080K)] 404412K->168054K(581120K), 0.0015866 secs] [Times: user=0.01 sys=0.00, real=0.00 secs] 
2024-07-05T01:21:31.998+0800: 2000.708: [GC (Allocation Failure) [PSYoungGen: 237476K->80K(238080K)] 405403K->169038K(581120K), 0.0024548 secs] [Times: user=0.00 sys=0.00, real=0.00 secs] 
2024-07-05T01:21:33.120+0800: 2001.831: [GC (Allocation Failure) [PSYoungGen: 237118K->80K(238080K)] 406076K->170070K(581120K), 0.0015061 secs] [Times: user=0.00 sys=0.00, real=0.00 secs] 
2024-07-05T01:21:34.257+0800: 2002.967: [GC (Allocation Failure) [PSYoungGen: 237648K->128K(238080K)] 407638K->171150K(581120K), 0.0018516 secs] [Times: user=0.00 sys=0.00, real=0.00 secs] 
2024-07-05T01:21:35.378+0800: 2004.089: [GC (Allocation Failure) [PSYoungGen: 237696K->80K(238080K)] 408718K->172134K(581120K), 0.0024085 secs] [Times: user=0.01 sys=0.00, real=0.00 secs] 
2024-07-05T01:21:36.505+0800: 2005.216: [GC (Allocation Failure) [PSYoungGen: 236718K->112K(238080K)] 408773K->173206K(581120K), 0.0017241 secs] [Times: user=0.00 sys=0.00, real=0.01 secs] 
2024-07-05T01:21:37.628+0800: 2006.338: [GC (Allocation Failure) [PSYoungGen: 236806K->96K(238080K)] 409901K->174222K(581120K), 0.0015400 secs] [Times: user=0.00 sys=0.00, real=0.00 secs] 
2024-07-05T01:21:38.757+0800: 2007.468: [GC (Allocation Failure) [PSYoungGen: 237664K->128K(238080K)] 411790K->175286K(581120K), 0.0018035 secs] [Times: user=0.00 sys=0.00, real=0.00 secs] 
2024-07-05T01:21:39.883+0800: 2008.594: [GC (Allocation Failure) [PSYoungGen: 236701K->96K(238080K)] 411860K->175262K(581120K), 0.0022314 secs] [Times: user=0.01 sys=0.00, real=0.00 secs] 
2024-07-05T01:21:41.004+0800: 2009.714: [GC (Allocation Failure) [PSYoungGen: 237664K->128K(238080K)] 412830K->176326K(581120K), 0.0015144 secs] [Times: user=0.00 sys=0.00, real=0.00 secs] 
2024-07-05T01:21:42.142+0800: 2010.852: [GC (Allocation Failure) [PSYoungGen: 237169K->80K(238080K)] 413368K->177310K(581120K), 0.0025808 secs] [Times: user=0.00 sys=0.00, real=0.00 secs] 
2024-07-05T01:21:43.269+0800: 2011.979: [GC (Allocation Failure) [PSYoungGen: 236628K->128K(238080K)] 413859K->177366K(581120K), 0.0014084 secs] [Times: user=0.00 sys=0.00, real=0.00 secs] 
2024-07-05T01:21:44.386+0800: 2013.096: [GC (Allocation Failure) [PSYoungGen: 237127K->128K(238080K)] 414366K->178398K(581120K), 0.0022646 secs] [Times: user=0.00 sys=0.00, real=0.00 secs] 
2024-07-05T01:21:45.516+0800: 2014.227: [GC (Allocation Failure) [PSYoungGen: 237696K->128K(238080K)] 415966K->179430K(581120K), 0.0017355 secs] [Times: user=0.01 sys=0.00, real=0.00 secs] 
2024-07-05T01:21:46.634+0800: 2015.344: [GC (Allocation Failure) [PSYoungGen: 237287K->80K(238080K)] 416590K->180414K(581120K), 0.0022738 secs] [Times: user=0.01 sys=0.00, real=0.01 secs] 
2024-07-05T01:21:47.744+0800: 2016.455: [GC (Allocation Failure) [PSYoungGen: 237515K->96K(238080K)] 417849K->181463K(581120K), 0.0021206 secs] [Times: user=0.01 sys=0.00, real=0.01 secs] 
2024-07-05T01:21:48.878+0800: 2017.588: [GC (Allocation Failure) [PSYoungGen: 237664K->80K(238080K)] 419031K->182479K(581120K), 0.0023411 secs] [Times: user=0.00 sys=0.00, real=0.00 secs] 
2024-07-05T01:21:50.000+0800: 2018.711: [GC (Allocation Failure) [PSYoungGen: 237648K->128K(238080K)] 420047K->183559K(581120K), 0.0021694 secs] [Times: user=0.01 sys=0.00, real=0.00 secs] 
2024-07-05T01:21:51.126+0800: 2019.837: [GC (Allocation Failure) [PSYoungGen: 237055K->96K(238080K)] 420486K->184559K(581120K), 0.0015985 secs] [Times: user=0.00 sys=0.00, real=0.00 secs] 
2024-07-05T01:21:52.251+0800: 2020.962: [GC (Allocation Failure) [PSYoungGen: 237664K->128K(238080K)] 422127K->185623K(581120K), 0.0016238 secs] [Times: user=0.00 sys=0.00, real=0.00 secs] 
2024-07-05T01:21:53.398+0800: 2022.108: [GC (Allocation Failure) [PSYoungGen: 237696K->80K(238080K)] 423191K->186607K(581120K), 0.0024527 secs] [Times: user=0.01 sys=0.00, real=0.00 secs] 
2024-07-05T01:21:54.514+0800: 2023.224: [GC (Allocation Failure) [PSYoungGen: 237216K->128K(238080K)] 423743K->187687K(581120K), 0.0015548 secs] [Times: user=0.00 sys=0.00, real=0.01 secs] 
2024-07-05T01:21:55.639+0800: 2024.350: [GC (Allocation Failure) [PSYoungGen: 237696K->96K(238080K)] 425255K->188687K(581120K), 0.0016865 secs] [Times: user=0.00 sys=0.00, real=0.00 secs] 
2024-07-05T01:21:56.768+0800: 2025.478: [GC (Allocation Failure) [PSYoungGen: 237664K->96K(238080K)] 426255K->188695K(581120K), 0.0014866 secs] [Times: user=0.00 sys=0.00, real=0.00 secs] 
2024-07-05T01:21:57.955+0800: 2026.666: [GC (Allocation Failure) [PSYoungGen: 237404K->64K(238080K)] 426003K->189695K(581120K), 0.0023180 secs] [Times: user=0.01 sys=0.00, real=0.00 secs] 
2024-07-05T01:21:59.098+0800: 2027.808: [GC (Allocation Failure) [PSYoungGen: 237632K->96K(238080K)] 427263K->190759K(581120K), 0.0025678 secs] [Times: user=0.00 sys=0.00, real=0.00 secs] 
2024-07-05T01:22:00.233+0800: 2028.944: [GC (Allocation Failure) [PSYoungGen: 237664K->128K(238080K)] 428327K->190799K(581120K), 0.0018634 secs] [Times: user=0.01 sys=0.00, real=0.01 secs] 
2024-07-05T01:22:01.401+0800: 2030.112: [GC (Allocation Failure) [PSYoungGen: 236803K->64K(238080K)] 427474K->191767K(581120K), 0.0016307 secs] [Times: user=0.00 sys=0.00, real=0.00 secs] 
2024-07-05T01:22:02.522+0800: 2031.232: [GC (Allocation Failure) [PSYoungGen: 237632K->96K(238080K)] 429335K->192831K(581120K), 0.0026523 secs] [Times: user=0.01 sys=0.00, real=0.00 secs] 
2024-07-05T01:22:03.638+0800: 2032.348: [GC (Allocation Failure) [PSYoungGen: 236666K->128K(238080K)] 429401K->193895K(581120K), 0.0015735 secs] [Times: user=0.00 sys=0.00, real=0.00 secs] 
2024-07-05T01:22:04.778+0800: 2033.488: [GC (Allocation Failure) [PSYoungGen: 236935K->128K(238080K)] 430702K->194927K(581120K), 0.0020276 secs] [Times: user=0.00 sys=0.00, real=0.00 secs] 
2024-07-05T01:22:05.907+0800: 2034.618: [GC (Allocation Failure) [PSYoungGen: 236910K->80K(238080K)] 431709K->195911K(581120K), 0.0016702 secs] [Times: user=0.01 sys=0.00, real=0.00 secs] 
2024-07-05T01:22:07.022+0800: 2035.732: [GC (Allocation Failure) [PSYoungGen: 237648K->64K(238080K)] 433479K->196927K(581120K), 0.0015986 secs] [Times: user=0.00 sys=0.00, real=0.00 secs] 
2024-07-05T01:22:08.171+0800: 2036.882: [GC (Allocation Failure) [PSYoungGen: 237632K->96K(238080K)] 434495K->197991K(581120K), 0.0015926 secs] [Times: user=0.00 sys=0.00, real=0.00 secs] 
2024-07-05T01:22:09.302+0800: 2038.012: [GC (Allocation Failure) [PSYoungGen: 237077K->64K(238080K)] 434972K->198991K(581120K), 0.0024906 secs] [Times: user=0.00 sys=0.00, real=0.00 secs] 
2024-07-05T01:22:10.424+0800: 2039.134: [GC (Allocation Failure) [PSYoungGen: 237202K->64K(238080K)] 436129K->200023K(581120K), 0.0016015 secs] [Times: user=0.00 sys=0.00, real=0.00 secs] 
2024-07-05T01:22:11.545+0800: 2040.256: [GC (Allocation Failure) [PSYoungGen: 237390K->64K(238080K)] 437349K->201055K(581120K), 0.0018088 secs] [Times: user=0.00 sys=0.00, real=0.01 secs] 
2024-07-05T01:22:12.674+0800: 2041.385: [GC (Allocation Failure) [PSYoungGen: 237632K->128K(238080K)] 438623K->202151K(581120K), 0.0017164 secs] [Times: user=0.00 sys=0.00, real=0.00 secs] 
2024-07-05T01:22:13.818+0800: 2042.529: [GC (Allocation Failure) [PSYoungGen: 237315K->64K(238080K)] 439338K->203119K(581120K), 0.0025893 secs] [Times: user=0.00 sys=0.00, real=0.00 secs] 
2024-07-05T01:22:14.931+0800: 2043.642: [GC (Allocation Failure) [PSYoungGen: 237373K->128K(238080K)] 440428K->204215K(581120K), 0.0016302 secs] [Times: user=0.00 sys=0.00, real=0.00 secs] 
2024-07-05T01:22:16.045+0800: 2044.756: [GC (Allocation Failure) [PSYoungGen: 237696K->64K(238080K)] 441783K->205183K(581120K), 0.0016414 secs] [Times: user=0.00 sys=0.00, real=0.01 secs] 
2024-07-05T01:22:17.168+0800: 2045.879: [GC (Allocation Failure) [PSYoungGen: 237632K->128K(238080K)] 442751K->205255K(581120K), 0.0015059 secs] [Times: user=0.00 sys=0.00, real=0.00 secs] 
2024-07-05T01:22:18.305+0800: 2047.016: [GC (Allocation Failure) [PSYoungGen: 237183K->64K(238080K)] 442310K->206223K(581120K), 0.0026151 secs] [Times: user=0.00 sys=0.00, real=0.01 secs] 
2024-07-05T01:22:19.434+0800: 2048.144: [GC (Allocation Failure) [PSYoungGen: 237526K->96K(238080K)] 443685K->207287K(581120K), 0.0024883 secs] [Times: user=0.00 sys=0.00, real=0.00 secs] 
2024-07-05T01:22:20.556+0800: 2049.267: [GC (Allocation Failure) [PSYoungGen: 237333K->128K(238080K)] 444524K->208351K(581120K), 0.0022671 secs] [Times: user=0.00 sys=0.00, real=0.00 secs] 
2024-07-05T01:22:21.678+0800: 2050.389: [GC (Allocation Failure) [PSYoungGen: 237696K->96K(238080K)] 445919K->208327K(581120K), 0.0023927 secs] [Times: user=0.01 sys=0.00, real=0.00 secs] 
2024-07-05T01:22:22.797+0800: 2051.507: [GC (Allocation Failure) [PSYoungGen: 237664K->96K(238080K)] 445895K->209359K(581120K), 0.0022030 secs] [Times: user=0.00 sys=0.00, real=0.00 secs] 
2024-07-05T01:22:23.921+0800: 2052.632: [GC (Allocation Failure) [PSYoungGen: 237664K->128K(238080K)] 446927K->209399K(581120K), 0.0017140 secs] [Times: user=0.01 sys=0.00, real=0.00 secs] 
2024-07-05T01:22:25.049+0800: 2053.760: [GC (Allocation Failure) [PSYoungGen: 237696K->128K(238080K)] 446967K->210431K(581120K), 0.0018673 secs] [Times: user=0.01 sys=0.00, real=0.00 secs] 
2024-07-05T01:22:26.196+0800: 2054.906: [GC (Allocation Failure) [PSYoungGen: 237234K->64K(238080K)] 447537K->211399K(581120K), 0.0024900 secs] [Times: user=0.00 sys=0.00, real=0.00 secs] 
2024-07-05T01:22:27.318+0800: 2056.028: [GC (Allocation Failure) [PSYoungGen: 236810K->64K(238080K)] 448145K->212431K(581120K), 0.0024620 secs] [Times: user=0.00 sys=0.00, real=0.00 secs] 
2024-07-05T01:22:28.450+0800: 2057.160: [GC (Allocation Failure) [PSYoungGen: 237312K->80K(238080K)] 449679K->213479K(581120K), 0.0030668 secs] [Times: user=0.00 sys=0.00, real=0.00 secs] 
2024-07-05T01:22:29.582+0800: 2058.292: [GC (Allocation Failure) [PSYoungGen: 237648K->96K(238080K)] 451047K->214527K(581120K), 0.0026149 secs] [Times: user=0.00 sys=0.00, real=0.00 secs] 
2024-07-05T01:22:30.706+0800: 2059.417: [GC (Allocation Failure) [PSYoungGen: 236940K->80K(238080K)] 451371K->214519K(581120K), 0.0024009 secs] [Times: user=0.01 sys=0.00, real=0.00 secs] 
2024-07-05T01:22:31.820+0800: 2060.531: [GC (Allocation Failure) [PSYoungGen: 237648K->96K(238080K)] 452087K->215567K(581120K), 0.0021925 secs] [Times: user=0.00 sys=0.00, real=0.00 secs] 
2024-07-05T01:22:32.939+0800: 2061.650: [GC (Allocation Failure) [PSYoungGen: 236688K->64K(238080K)] 452160K->216567K(581120K), 0.0024824 secs] [Times: user=0.00 sys=0.00, real=0.00 secs] 
2024-07-05T01:22:34.054+0800: 2062.765: [GC (Allocation Failure) [PSYoungGen: 237086K->64K(238080K)] 453589K->217599K(581120K), 0.0017197 secs] [Times: user=0.01 sys=0.00, real=0.00 secs] 
2024-07-05T01:22:35.165+0800: 2063.875: [GC (Allocation Failure) [PSYoungGen: 237104K->64K(238080K)] 454640K->218631K(581120K), 0.0016885 secs] [Times: user=0.01 sys=0.00, real=0.01 secs] 
2024-07-05T01:22:36.270+0800: 2064.981: [GC (Allocation Failure) [PSYoungGen: 237632K->80K(238080K)] 456199K->218655K(581120K), 0.0024829 secs] [Times: user=0.01 sys=0.00, real=0.00 secs] 
2024-07-05T01:22:37.384+0800: 2066.095: [GC (Allocation Failure) [PSYoungGen: 237648K->96K(238080K)] 456223K->219703K(581120K), 0.0016424 secs] [Times: user=0.00 sys=0.00, real=0.01 secs] 
2024-07-05T01:22:38.494+0800: 2067.204: [GC (Allocation Failure) [PSYoungGen: 237031K->64K(238080K)] 456639K->220703K(581120K), 0.0029606 secs] [Times: user=0.00 sys=0.00, real=0.00 secs] 
2024-07-05T01:22:39.626+0800: 2068.336: [GC (Allocation Failure) [PSYoungGen: 237350K->64K(238080K)] 457989K->221735K(581120K), 0.0030879 secs] [Times: user=0.00 sys=0.00, real=0.00 secs] 
2024-07-05T01:22:40.753+0800: 2069.464: [GC (Allocation Failure) [PSYoungGen: 237632K->96K(238080K)] 459303K->222799K(581120K), 0.0019129 secs] [Times: user=0.00 sys=0.00, real=0.01 secs] 
2024-07-05T01:22:41.874+0800: 2070.585: [GC (Allocation Failure) [PSYoungGen: 237088K->64K(238080K)] 459791K->223799K(581120K), 0.0019473 secs] [Times: user=0.01 sys=0.00, real=0.00 secs] 
2024-07-05T01:22:42.992+0800: 2071.703: [GC (Allocation Failure) [PSYoungGen: 237433K->64K(238080K)] 461168K->224831K(581120K), 0.0025043 secs] [Times: user=0.01 sys=0.00, real=0.01 secs] 
2024-07-05T01:22:44.103+0800: 2072.813: [GC (Allocation Failure) [PSYoungGen: 236627K->128K(238080K)] 461395K->225927K(581120K), 0.0027668 secs] [Times: user=0.00 sys=0.00, real=0.00 secs] 
2024-07-05T01:22:45.230+0800: 2073.940: [GC (Allocation Failure) [PSYoungGen: 237190K->96K(238080K)] 462989K->226927K(581120K), 0.0025271 secs] [Times: user=0.00 sys=0.00, real=0.00 secs] 
2024-07-05T01:22:46.369+0800: 2075.080: [GC (Allocation Failure) [PSYoungGen: 237076K->96K(238080K)] 463908K->227959K(581120K), 0.0017020 secs] [Times: user=0.00 sys=0.00, real=0.00 secs] 
2024-07-05T01:22:47.485+0800: 2076.196: [GC (Allocation Failure) [PSYoungGen: 237664K->64K(238080K)] 465527K->228959K(581120K), 0.0025851 secs] [Times: user=0.00 sys=0.00, real=0.01 secs] 
2024-07-05T01:22:48.680+0800: 2077.390: [GC (Allocation Failure) [PSYoungGen: 237083K->128K(238080K)] 465979K->230055K(581120K), 0.0017409 secs] [Times: user=0.00 sys=0.00, real=0.00 secs] 
2024-07-05T01:22:49.815+0800: 2078.526: [GC (Allocation Failure) [PSYoungGen: 237696K->64K(238080K)] 467623K->231023K(581120K), 0.0025723 secs] [Times: user=0.00 sys=0.00, real=0.00 secs] 
2024-07-05T01:22:50.950+0800: 2079.660: [GC (Allocation Failure) [PSYoungGen: 237222K->128K(238080K)] 468182K->232119K(581120K), 0.0018705 secs] [Times: user=0.00 sys=0.00, real=0.00 secs] 
2024-07-05T01:22:52.110+0800: 2080.820: [GC (Allocation Failure) [PSYoungGen: 237696K->64K(238080K)] 469687K->233087K(581120K), 0.0030284 secs] [Times: user=0.01 sys=0.00, real=0.00 secs] 
2024-07-05T01:22:53.223+0800: 2081.934: [GC (Allocation Failure) [PSYoungGen: 237632K->64K(238080K)] 470655K->234119K(581120K), 0.0016816 secs] [Times: user=0.00 sys=0.00, real=0.00 secs] 
2024-07-05T01:22:54.354+0800: 2083.064: [GC (Allocation Failure) [PSYoungGen: 237632K->64K(238080K)] 471687K->235151K(581120K), 0.0026966 secs] [Times: user=0.01 sys=0.00, real=0.00 secs] 
2024-07-05T01:22:55.504+0800: 2084.215: [GC (Allocation Failure) [PSYoungGen: 237632K->96K(238080K)] 472719K->235191K(581120K), 0.0024101 secs] [Times: user=0.01 sys=0.00, real=0.01 secs] 
2024-07-05T01:22:56.634+0800: 2085.344: [GC (Allocation Failure) [PSYoungGen: 237526K->64K(238080K)] 472622K->236191K(581120K), 0.0026389 secs] [Times: user=0.01 sys=0.00, real=0.00 secs] 
2024-07-05T01:22:57.752+0800: 2086.462: [GC (Allocation Failure) [PSYoungGen: 237064K->64K(238080K)] 473192K->237223K(581120K), 0.0028955 secs] [Times: user=0.00 sys=0.00, real=0.01 secs] 
2024-07-05T01:22:58.860+0800: 2087.570: [GC (Allocation Failure) [PSYoungGen: 236638K->128K(238080K)] 473798K->238319K(581120K), 0.0017369 secs] [Times: user=0.00 sys=0.00, real=0.00 secs] 
2024-07-05T01:22:59.972+0800: 2088.683: [GC (Allocation Failure) [PSYoungGen: 237059K->96K(238080K)] 475251K->239319K(581120K), 0.0027148 secs] [Times: user=0.00 sys=0.00, real=0.01 secs] 
2024-07-05T01:23:01.092+0800: 2089.803: [GC (Allocation Failure) [PSYoungGen: 236889K->96K(238080K)] 476113K->240351K(581120K), 0.0024540 secs] [Times: user=0.00 sys=0.00, real=0.01 secs] 
2024-07-05T01:23:02.217+0800: 2090.928: [GC (Allocation Failure) [PSYoungGen: 237664K->96K(238080K)] 477919K->241383K(581120K), 0.0019789 secs] [Times: user=0.01 sys=0.00, real=0.00 secs] 
2024-07-05T01:23:03.330+0800: 2092.041: [GC (Allocation Failure) [PSYoungGen: 237584K->64K(238080K)] 478871K->242383K(581120K), 0.0017954 secs] [Times: user=0.00 sys=0.00, real=0.00 secs] 
2024-07-05T01:23:04.475+0800: 2093.185: [GC (Allocation Failure) [PSYoungGen: 237000K->64K(238080K)] 479320K->243415K(581120K), 0.0027588 secs] [Times: user=0.00 sys=0.00, real=0.00 secs] 
2024-07-05T01:23:05.605+0800: 2094.315: [GC (Allocation Failure) [PSYoungGen: 237066K->96K(238080K)] 480418K->244479K(581120K), 0.0017576 secs] [Times: user=0.00 sys=0.00, real=0.01 secs] 
2024-07-05T01:23:06.738+0800: 2095.448: [GC (Allocation Failure) [PSYoungGen: 237285K->64K(238080K)] 481669K->245479K(581120K), 0.0027431 secs] [Times: user=0.01 sys=0.00, real=0.00 secs] 
2024-07-05T01:23:07.856+0800: 2096.567: [GC (Allocation Failure) [PSYoungGen: 236661K->128K(238080K)] 482077K->246575K(581120K), 0.0019150 secs] [Times: user=0.00 sys=0.00, real=0.00 secs] 
2024-07-05T01:23:08.978+0800: 2097.689: [GC (Allocation Failure) [PSYoungGen: 237696K->128K(238080K)] 484143K->246583K(581120K), 0.0016309 secs] [Times: user=0.00 sys=0.00, real=0.00 secs] 
2024-07-05T01:23:10.093+0800: 2098.804: [GC (Allocation Failure) [PSYoungGen: 237424K->96K(238080K)] 483880K->247584K(581120K), 0.0018483 secs] [Times: user=0.00 sys=0.00, real=0.01 secs] 
2024-07-05T01:23:11.224+0800: 2099.935: [GC (Allocation Failure) [PSYoungGen: 236717K->80K(238080K)] 484205K->248600K(581120K), 0.0023447 secs] [Times: user=0.00 sys=0.00, real=0.01 secs] 
2024-07-05T01:23:12.349+0800: 2101.060: [GC (Allocation Failure) [PSYoungGen: 237648K->128K(238080K)] 486168K->248655K(581120K), 0.0018771 secs] [Times: user=0.00 sys=0.00, real=0.00 secs] 
2024-07-05T01:23:13.473+0800: 2102.184: [GC (Allocation Failure) [PSYoungGen: 237048K->128K(238080K)] 485576K->249688K(581120K), 0.0019985 secs] [Times: user=0.00 sys=0.00, real=0.01 secs] 
2024-07-05T01:23:14.578+0800: 2103.288: [GC (Allocation Failure) [PSYoungGen: 236781K->80K(238080K)] 486341K->250672K(581120K), 0.0031420 secs] [Times: user=0.00 sys=0.00, real=0.00 secs] 
2024-07-05T01:23:15.698+0800: 2104.408: [GC (Allocation Failure) [PSYoungGen: 237360K->64K(238080K)] 487952K->251688K(581120K), 0.0029165 secs] [Times: user=0.00 sys=0.00, real=0.00 secs] 
2024-07-05T01:23:16.832+0800: 2105.543: [GC (Allocation Failure) [PSYoungGen: 237142K->128K(238080K)] 488766K->251760K(581120K), 0.0016202 secs] [Times: user=0.01 sys=0.00, real=0.01 secs] 
2024-07-05T01:23:17.949+0800: 2106.659: [GC (Allocation Failure) [PSYoungGen: 237696K->64K(238080K)] 489328K->252728K(581120K), 0.0027710 secs] [Times: user=0.01 sys=0.00, real=0.00 secs] 
2024-07-05T01:23:19.065+0800: 2107.776: [GC (Allocation Failure) [PSYoungGen: 237632K->128K(238080K)] 490296K->253824K(581120K), 0.0018472 secs] [Times: user=0.01 sys=0.00, real=0.01 secs] 
2024-07-05T01:23:20.197+0800: 2108.908: [GC (Allocation Failure) [PSYoungGen: 236922K->64K(238080K)] 490618K->254792K(581120K), 0.0022459 secs] [Times: user=0.01 sys=0.00, real=0.00 secs] 
2024-07-05T01:23:21.337+0800: 2110.048: [GC (Allocation Failure) [PSYoungGen: 237632K->80K(238080K)] 492360K->255840K(581120K), 0.0017971 secs] [Times: user=0.00 sys=0.00, real=0.00 secs] 
2024-07-05T01:23:22.464+0800: 2111.174: [GC (Allocation Failure) [PSYoungGen: 237384K->64K(238080K)] 493144K->256856K(581120K), 0.0028197 secs] [Times: user=0.01 sys=0.00, real=0.01 secs] 
2024-07-05T01:23:23.586+0800: 2112.296: [GC (Allocation Failure) [PSYoungGen: 236701K->96K(238080K)] 493494K->257920K(581120K), 0.0021798 secs] [Times: user=0.00 sys=0.00, real=0.00 secs] 
2024-07-05T01:23:24.714+0800: 2113.424: [GC (Allocation Failure) [PSYoungGen: 236655K->64K(238080K)] 494480K->258920K(581120K), 0.0029897 secs] [Times: user=0.00 sys=0.00, real=0.00 secs] 
2024-07-05T01:23:25.837+0800: 2114.547: [GC (Allocation Failure) [PSYoungGen: 237632K->64K(238080K)] 496488K->259952K(581120K), 0.0024849 secs] [Times: user=0.00 sys=0.00, real=0.00 secs] 
2024-07-05T01:23:26.967+0800: 2115.678: [GC (Allocation Failure) [PSYoungGen: 237613K->64K(238080K)] 497501K->260984K(581120K), 0.0029778 secs] [Times: user=0.00 sys=0.00, real=0.00 secs] 
2024-07-05T01:23:28.094+0800: 2116.805: [GC (Allocation Failure) [PSYoungGen: 237632K->64K(238080K)] 498552K->262016K(581120K), 0.0030235 secs] [Times: user=0.00 sys=0.00, real=0.00 secs] 
2024-07-05T01:23:29.206+0800: 2117.917: [GC (Allocation Failure) [PSYoungGen: 237632K->64K(238080K)] 499584K->263048K(581120K), 0.0017593 secs] [Times: user=0.01 sys=0.00, real=0.00 secs] 
2024-07-05T01:23:30.338+0800: 2119.049: [GC (Allocation Failure) [PSYoungGen: 237224K->64K(238080K)] 500209K->264080K(581120K), 0.0018084 secs] [Times: user=0.01 sys=0.00, real=0.00 secs] 
2024-07-05T01:23:31.457+0800: 2120.167: [GC (Allocation Failure) [PSYoungGen: 237632K->96K(238080K)] 501648K->265144K(581120K), 0.0027531 secs] [Times: user=0.00 sys=0.00, real=0.00 secs] 
2024-07-05T01:23:32.582+0800: 2121.292: [GC (Allocation Failure) [PSYoungGen: 237300K->64K(238080K)] 502348K->266144K(581120K), 0.0030509 secs] [Times: user=0.00 sys=0.00, real=0.00 secs] 
2024-07-05T01:23:33.710+0800: 2122.420: [GC (Allocation Failure) [PSYoungGen: 237413K->64K(238080K)] 503494K->267176K(581120K), 0.0030315 secs] [Times: user=0.01 sys=0.00, real=0.00 secs] 
2024-07-05T01:23:34.812+0800: 2123.522: [GC (Allocation Failure) [PSYoungGen: 237288K->64K(238080K)] 504400K->268208K(581120K), 0.0018291 secs] [Times: user=0.00 sys=0.00, real=0.00 secs] 
2024-07-05T01:23:35.952+0800: 2124.662: [GC (Allocation Failure) [PSYoungGen: 237632K->128K(238080K)] 505776K->268280K(581120K), 0.0029571 secs] [Times: user=0.01 sys=0.00, real=0.01 secs] 
2024-07-05T01:23:37.050+0800: 2125.761: [GC (Allocation Failure) [PSYoungGen: 237072K->64K(238080K)] 505224K->269248K(581120K), 0.0017573 secs] [Times: user=0.00 sys=0.00, real=0.00 secs] 
2024-07-05T01:23:38.151+0800: 2126.862: [GC (Allocation Failure) [PSYoungGen: 236968K->64K(238080K)] 506152K->270280K(581120K), 0.0029055 secs] [Times: user=0.00 sys=0.00, real=0.01 secs] 
2024-07-05T01:23:39.250+0800: 2127.960: [GC (Allocation Failure) [PSYoungGen: 236949K->96K(238080K)] 507166K->271344K(581120K), 0.0018419 secs] [Times: user=0.00 sys=0.00, real=0.00 secs] 
2024-07-05T01:23:40.372+0800: 2129.083: [GC (Allocation Failure) [PSYoungGen: 236939K->64K(238080K)] 508187K->272344K(581120K), 0.0023680 secs] [Times: user=0.00 sys=0.00, real=0.01 secs] 
2024-07-05T01:23:41.478+0800: 2130.188: [GC (Allocation Failure) [PSYoungGen: 236677K->96K(238080K)] 508957K->272384K(581120K), 0.0027382 secs] [Times: user=0.01 sys=0.00, real=0.00 secs] 
2024-07-05T01:23:42.586+0800: 2131.296: [GC (Allocation Failure) [PSYoungGen: 237078K->128K(238080K)] 509366K->273448K(581120K), 0.0031110 secs] [Times: user=0.00 sys=0.00, real=0.00 secs] 
2024-07-05T01:23:43.693+0800: 2132.404: [GC (Allocation Failure) [PSYoungGen: 237696K->128K(238080K)] 511016K->274480K(581120K), 0.0019118 secs] [Times: user=0.00 sys=0.00, real=0.01 secs] 
2024-07-05T01:23:44.797+0800: 2133.508: [GC (Allocation Failure) [PSYoungGen: 237696K->64K(238080K)] 512048K->275448K(581120K), 0.0023548 secs] [Times: user=0.01 sys=0.00, real=0.00 secs] 
2024-07-05T01:23:45.932+0800: 2134.643: [GC (Allocation Failure) [PSYoungGen: 237632K->64K(238080K)] 513016K->276480K(581120K), 0.0027452 secs] [Times: user=0.01 sys=0.00, real=0.01 secs] 
2024-07-05T01:23:47.058+0800: 2135.768: [GC (Allocation Failure) [PSYoungGen: 237632K->128K(238080K)] 514048K->276552K(581120K), 0.0017612 secs] [Times: user=0.00 sys=0.00, real=0.00 secs] 
2024-07-05T01:23:48.158+0800: 2136.868: [GC (Allocation Failure) [PSYoungGen: 237696K->64K(238080K)] 514120K->277520K(581120K), 0.0031088 secs] [Times: user=0.00 sys=0.00, real=0.00 secs] 
2024-07-05T01:23:49.270+0800: 2137.980: [GC (Allocation Failure) [PSYoungGen: 237024K->96K(238080K)] 514480K->278584K(581120K), 0.0029692 secs] [Times: user=0.00 sys=0.00, real=0.00 secs] 
2024-07-05T01:23:50.396+0800: 2139.107: [GC (Allocation Failure) [PSYoungGen: 237664K->64K(238080K)] 516152K->279584K(581120K), 0.0026605 secs] [Times: user=0.00 sys=0.00, real=0.00 secs] 
2024-07-05T01:23:51.533+0800: 2140.244: [GC (Allocation Failure) [PSYoungGen: 236762K->128K(238080K)] 516283K->279656K(581120K), 0.0017910 secs] [Times: user=0.00 sys=0.00, real=0.01 secs] 
2024-07-05T01:23:52.642+0800: 2141.353: [GC (Allocation Failure) [PSYoungGen: 237650K->64K(238080K)] 517178K->280624K(581120K), 0.0031664 secs] [Times: user=0.00 sys=0.00, real=0.00 secs] 
2024-07-05T01:23:53.754+0800: 2142.464: [GC (Allocation Failure) [PSYoungGen: 236792K->64K(238080K)] 517352K->281656K(581120K), 0.0019215 secs] [Times: user=0.00 sys=0.00, real=0.00 secs] 
2024-07-05T01:23:54.863+0800: 2143.573: [GC (Allocation Failure) [PSYoungGen: 237202K->96K(238080K)] 518794K->282720K(581120K), 0.0018930 secs] [Times: user=0.00 sys=0.00, real=0.00 secs] 
2024-07-05T01:23:55.961+0800: 2144.671: [GC (Allocation Failure) [PSYoungGen: 236897K->64K(238080K)] 519521K->283720K(581120K), 0.0032345 secs] [Times: user=0.01 sys=0.00, real=0.00 secs] 
2024-07-05T01:23:57.082+0800: 2145.792: [GC (Allocation Failure) [PSYoungGen: 237160K->64K(238080K)] 520817K->284752K(581120K), 0.0030081 secs] [Times: user=0.01 sys=0.00, real=0.00 secs] 
2024-07-05T01:23:58.188+0800: 2146.898: [GC (Allocation Failure) [PSYoungGen: 237632K->144K(238080K)] 522320K->284840K(581120K), 0.0018067 secs] [Times: user=0.01 sys=0.00, real=0.00 secs] 
2024-07-05T01:23:59.294+0800: 2148.004: [GC (Allocation Failure) [PSYoungGen: 236867K->128K(238080K)] 521564K->285856K(581120K), 0.0018242 secs] [Times: user=0.00 sys=0.00, real=0.00 secs] 
2024-07-05T01:24:00.428+0800: 2149.139: [GC (Allocation Failure) [PSYoungGen: 237246K->64K(238080K)] 522975K->286824K(581120K), 0.0027147 secs] [Times: user=0.00 sys=0.00, real=0.00 secs] 
2024-07-05T01:24:01.575+0800: 2150.286: [GC (Allocation Failure) [PSYoungGen: 237037K->64K(238080K)] 523798K->287856K(581120K), 0.0018602 secs] [Times: user=0.00 sys=0.00, real=0.00 secs] 
2024-07-05T01:24:02.690+0800: 2151.401: [GC (Allocation Failure) [PSYoungGen: 237632K->64K(238080K)] 525424K->288888K(581120K), 0.0034593 secs] [Times: user=0.01 sys=0.00, real=0.00 secs] 
2024-07-05T01:24:03.806+0800: 2152.516: [GC (Allocation Failure) [PSYoungGen: 237465K->96K(238080K)] 526290K->289952K(581120K), 0.0020308 secs] [Times: user=0.00 sys=0.00, real=0.01 secs] 
2024-07-05T01:24:04.910+0800: 2153.620: [GC (Allocation Failure) [PSYoungGen: 237497K->64K(238080K)] 527354K->290952K(581120K), 0.0022006 secs] [Times: user=0.00 sys=0.00, real=0.00 secs] 
2024-07-05T01:24:06.045+0800: 2154.756: [GC (Allocation Failure) [PSYoungGen: 237632K->96K(238080K)] 528520K->292016K(581120K), 0.0020162 secs] [Times: user=0.00 sys=0.00, real=0.01 secs] 
2024-07-05T01:24:07.158+0800: 2155.869: [GC (Allocation Failure) [PSYoungGen: 237664K->96K(238080K)] 529584K->293048K(581120K), 0.0020049 secs] [Times: user=0.00 sys=0.00, real=0.00 secs] 
2024-07-05T01:24:08.273+0800: 2156.984: [GC (Allocation Failure) [PSYoungGen: 237096K->128K(238080K)] 530048K->294112K(581120K), 0.0021617 secs] [Times: user=0.01 sys=0.00, real=0.01 secs] 
2024-07-05T01:24:09.382+0800: 2158.092: [GC (Allocation Failure) [PSYoungGen: 237598K->64K(238080K)] 531582K->295080K(581120K), 0.0030782 secs] [Times: user=0.01 sys=0.00, real=0.00 secs] 
2024-07-05T01:24:10.518+0800: 2159.228: [GC (Allocation Failure) [PSYoungGen: 236839K->64K(238080K)] 531856K->296112K(581120K), 0.0026824 secs] [Times: user=0.01 sys=0.00, real=0.00 secs] 
2024-07-05T01:24:11.639+0800: 2160.350: [GC (Allocation Failure) [PSYoungGen: 237053K->64K(238080K)] 533101K->297144K(581120K), 0.0019029 secs] [Times: user=0.01 sys=0.00, real=0.00 secs] 
2024-07-05T01:24:12.749+0800: 2161.459: [GC (Allocation Failure) [PSYoungGen: 237451K->64K(238080K)] 534531K->298176K(581120K), 0.0025868 secs] [Times: user=0.00 sys=0.00, real=0.00 secs] 
2024-07-05T01:24:13.850+0800: 2162.560: [GC (Allocation Failure) [PSYoungGen: 237632K->64K(238080K)] 535744K->299208K(581120K), 0.0031919 secs] [Times: user=0.01 sys=0.00, real=0.00 secs] 
2024-07-05T01:24:14.949+0800: 2163.659: [GC (Allocation Failure) [PSYoungGen: 236668K->96K(238080K)] 535812K->300272K(581120K), 0.0020418 secs] [Times: user=0.00 sys=0.00, real=0.00 secs] 
2024-07-05T01:24:16.074+0800: 2164.784: [GC (Allocation Failure) [PSYoungGen: 237664K->128K(238080K)] 537840K->300312K(581120K), 0.0018601 secs] [Times: user=0.01 sys=0.00, real=0.00 secs] 
2024-07-05T01:24:17.185+0800: 2165.895: [GC (Allocation Failure) [PSYoungGen: 236809K->96K(238080K)] 536994K->301312K(581120K), 0.0019497 secs] [Times: user=0.01 sys=0.00, real=0.01 secs] 
2024-07-05T01:24:18.304+0800: 2167.015: [GC (Allocation Failure) [PSYoungGen: 237664K->80K(238080K)] 538880K->301304K(581120K), 0.0026996 secs] [Times: user=0.01 sys=0.00, real=0.01 secs] 
2024-07-05T01:24:19.402+0800: 2168.112: [GC (Allocation Failure) [PSYoungGen: 237140K->64K(238080K)] 538364K->302320K(581120K), 0.0031557 secs] [Times: user=0.00 sys=0.00, real=0.00 secs] 
2024-07-05T01:24:20.531+0800: 2169.242: [GC (Allocation Failure) [PSYoungGen: 237346K->64K(238080K)] 539603K->303352K(581120K), 0.0100552 secs] [Times: user=0.01 sys=0.00, real=0.01 secs] 
2024-07-05T01:24:21.689+0800: 2170.400: [GC (Allocation Failure) [PSYoungGen: 237632K->64K(238080K)] 540920K->304384K(581120K), 0.0019818 secs] [Times: user=0.01 sys=0.00, real=0.00 secs] 
2024-07-05T01:24:22.807+0800: 2171.518: [GC (Allocation Failure) [PSYoungGen: 237632K->64K(238080K)] 541952K->305416K(581120K), 0.0018501 secs] [Times: user=0.00 sys=0.00, real=0.00 secs] 
2024-07-05T01:24:23.908+0800: 2172.618: [GC (Allocation Failure) [PSYoungGen: 237632K->64K(238080K)] 542984K->305424K(581120K), 0.0018782 secs] [Times: user=0.01 sys=0.00, real=0.00 secs] 
2024-07-05T01:24:25.027+0800: 2173.738: [GC (Allocation Failure) [PSYoungGen: 237632K->96K(238080K)] 542992K->305464K(581120K), 0.0020989 secs] [Times: user=0.00 sys=0.00, real=0.00 secs] 
2024-07-05T01:24:26.170+0800: 2174.880: [GC (Allocation Failure) [PSYoungGen: 237347K->64K(238080K)] 542716K->306464K(581120K), 0.0019297 secs] [Times: user=0.00 sys=0.00, real=0.00 secs] 
2024-07-05T01:24:27.282+0800: 2175.992: [GC (Allocation Failure) [PSYoungGen: 237632K->64K(238080K)] 544032K->307496K(581120K), 0.0032920 secs] [Times: user=0.00 sys=0.00, real=0.00 secs] 
2024-07-05T01:24:28.391+0800: 2177.102: [GC (Allocation Failure) [PSYoungGen: 237632K->96K(238080K)] 545064K->308560K(581120K), 0.0031821 secs] [Times: user=0.00 sys=0.00, real=0.01 secs] 
2024-07-05T01:24:29.500+0800: 2178.211: [GC (Allocation Failure) [PSYoungGen: 237664K->96K(238080K)] 546128K->309592K(581120K), 0.0030030 secs] [Times: user=0.01 sys=0.00, real=0.00 secs] 
2024-07-05T01:24:30.607+0800: 2179.318: [GC (Allocation Failure) [PSYoungGen: 237252K->64K(238080K)] 546749K->310592K(581120K), 0.0033321 secs] [Times: user=0.00 sys=0.00, real=0.00 secs] 
2024-07-05T01:24:31.722+0800: 2180.433: [GC (Allocation Failure) [PSYoungGen: 237367K->96K(238080K)] 547896K->311656K(581120K), 0.0020055 secs] [Times: user=0.01 sys=0.00, real=0.00 secs] 
2024-07-05T01:24:32.842+0800: 2181.552: [GC (Allocation Failure) [PSYoungGen: 236976K->128K(238080K)] 548537K->312720K(581120K), 0.0020280 secs] [Times: user=0.00 sys=0.00, real=0.00 secs] 
2024-07-05T01:24:33.953+0800: 2182.663: [GC (Allocation Failure) [PSYoungGen: 237658K->64K(238080K)] 550250K->313689K(581120K), 0.0021138 secs] [Times: user=0.00 sys=0.00, real=0.01 secs] 
2024-07-05T01:24:35.063+0800: 2183.773: [GC (Allocation Failure) [PSYoungGen: 237632K->96K(238080K)] 551257K->314752K(581120K), 0.0024166 secs] [Times: user=0.00 sys=0.00, real=0.00 secs] 
2024-07-05T01:24:36.172+0800: 2184.883: [GC (Allocation Failure) [PSYoungGen: 237185K->64K(238080K)] 551842K->315753K(581120K), 0.0020014 secs] [Times: user=0.01 sys=0.00, real=0.01 secs] 
2024-07-05T01:24:37.286+0800: 2185.996: [GC (Allocation Failure) [PSYoungGen: 237632K->80K(238080K)] 553321K->316801K(581120K), 0.0033609 secs] [Times: user=0.01 sys=0.00, real=0.00 secs] 
2024-07-05T01:24:38.403+0800: 2187.114: [GC (Allocation Failure) [PSYoungGen: 237648K->64K(238080K)] 554369K->317817K(581120K), 0.0030747 secs] [Times: user=0.00 sys=0.00, real=0.01 secs] 
2024-07-05T01:24:39.520+0800: 2188.231: [GC (Allocation Failure) [PSYoungGen: 237632K->64K(238080K)] 555385K->318849K(581120K), 0.0028163 secs] [Times: user=0.01 sys=0.00, real=0.00 secs] 
2024-07-05T01:24:40.636+0800: 2189.347: [GC (Allocation Failure) [PSYoungGen: 237632K->96K(238080K)] 556417K->319913K(581120K), 0.0021075 secs] [Times: user=0.00 sys=0.00, real=0.00 secs] 
2024-07-05T01:24:41.754+0800: 2190.465: [GC (Allocation Failure) [PSYoungGen: 237664K->64K(238080K)] 557481K->320913K(581120K), 0.0034291 secs] [Times: user=0.00 sys=0.00, real=0.00 secs] 
2024-07-05T01:24:42.857+0800: 2191.567: [GC (Allocation Failure) [PSYoungGen: 237632K->96K(238080K)] 558481K->320953K(581120K), 0.0025887 secs] [Times: user=0.01 sys=0.00, real=0.00 secs] 
2024-07-05T01:24:43.948+0800: 2192.659: [GC (Allocation Failure) [PSYoungGen: 237664K->80K(238080K)] 558521K->320945K(581120K), 0.0028382 secs] [Times: user=0.01 sys=0.00, real=0.00 secs] 
2024-07-05T01:24:45.040+0800: 2193.751: [GC (Allocation Failure) [PSYoungGen: 237648K->64K(238080K)] 558513K->321961K(581120K), 0.0021174 secs] [Times: user=0.00 sys=0.00, real=0.00 secs] 
2024-07-05T01:24:46.162+0800: 2194.872: [GC (Allocation Failure) [PSYoungGen: 237632K->96K(238080K)] 559529K->322001K(581120K), 0.0039319 secs] [Times: user=0.00 sys=0.00, real=0.01 secs] 
2024-07-05T01:24:47.270+0800: 2195.980: [GC (Allocation Failure) [PSYoungGen: 237664K->64K(238080K)] 559569K->323001K(581120K), 0.0031576 secs] [Times: user=0.00 sys=0.00, real=0.00 secs] 
2024-07-05T01:24:48.379+0800: 2197.090: [GC (Allocation Failure) [PSYoungGen: 237632K->128K(238080K)] 560569K->323073K(581120K), 0.0029912 secs] [Times: user=0.01 sys=0.00, real=0.00 secs] 
2024-07-05T01:24:49.489+0800: 2198.199: [GC (Allocation Failure) [PSYoungGen: 236912K->128K(238080K)] 559857K->324105K(581120K), 0.0022594 secs] [Times: user=0.01 sys=0.00, real=0.00 secs] 
2024-07-05T01:24:50.598+0800: 2199.308: [GC (Allocation Failure) [PSYoungGen: 237696K->112K(238080K)] 561673K->325121K(581120K), 0.0032983 secs] [Times: user=0.00 sys=0.00, real=0.00 secs] 
2024-07-05T01:24:51.698+0800: 2200.408: [GC (Allocation Failure) [PSYoungGen: 237436K->96K(238080K)] 562445K->326137K(581120K), 0.0022617 secs] [Times: user=0.01 sys=0.00, real=0.00 secs] 
2024-07-05T01:24:52.806+0800: 2201.516: [GC (Allocation Failure) [PSYoungGen: 237627K->96K(238080K)] 563668K->327169K(581120K), 0.0023101 secs] [Times: user=0.00 sys=0.00, real=0.00 secs] 
2024-07-05T01:24:53.909+0800: 2202.619: [GC (Allocation Failure) [PSYoungGen: 237130K->128K(238080K)] 564203K->328233K(581120K), 0.0025859 secs] [Times: user=0.00 sys=0.00, real=0.00 secs] 
2024-07-05T01:24:54.994+0800: 2203.705: [GC (Allocation Failure) [PSYoungGen: 236706K->64K(238080K)] 564811K->329201K(581120K), 0.0037885 secs] [Times: user=0.00 sys=0.00, real=0.00 secs] 
2024-07-05T01:24:56.101+0800: 2204.812: [GC (Allocation Failure) [PSYoungGen: 237632K->96K(238080K)] 566769K->330265K(581120K), 0.0025311 secs] [Times: user=0.01 sys=0.00, real=0.00 secs] 
2024-07-05T01:24:57.202+0800: 2205.912: [GC (Allocation Failure) [PSYoungGen: 237443K->64K(238080K)] 567612K->331265K(581120K), 0.0039807 secs] [Times: user=0.00 sys=0.01, real=0.01 secs] 
2024-07-05T01:24:58.309+0800: 2207.020: [GC (Allocation Failure) [PSYoungGen: 237632K->128K(238080K)] 568833K->331337K(581120K), 0.0019822 secs] [Times: user=0.01 sys=0.00, real=0.00 secs] 
2024-07-05T01:24:59.428+0800: 2208.139: [GC (Allocation Failure) [PSYoungGen: 237696K->112K(238080K)] 568905K->331329K(581120K), 0.0019419 secs] [Times: user=0.01 sys=0.00, real=0.00 secs] 
2024-07-05T01:25:00.533+0800: 2209.244: [GC (Allocation Failure) [PSYoungGen: 237680K->96K(238080K)] 568897K->332345K(581120K), 0.0024146 secs] [Times: user=0.01 sys=0.00, real=0.01 secs] 
2024-07-05T01:25:01.646+0800: 2210.356: [GC (Allocation Failure) [PSYoungGen: 237664K->96K(238080K)] 569913K->333377K(581120K), 0.0034457 secs] [Times: user=0.00 sys=0.00, real=0.00 secs] 
2024-07-05T01:25:02.758+0800: 2211.468: [GC (Allocation Failure) [PSYoungGen: 237277K->128K(238080K)] 570558K->334441K(581120K), 0.0025023 secs] [Times: user=0.00 sys=0.01, real=0.00 secs] 
2024-07-05T01:25:03.866+0800: 2212.576: [GC (Allocation Failure) [PSYoungGen: 237564K->96K(238080K)] 571878K->334417K(581120K), 0.0020331 secs] [Times: user=0.01 sys=0.00, real=0.00 secs] 
2024-07-05T01:25:04.966+0800: 2213.677: [GC (Allocation Failure) [PSYoungGen: 237393K->96K(238080K)] 571714K->335449K(581120K), 0.0023322 secs] [Times: user=0.00 sys=0.00, real=0.00 secs] 
2024-07-05T01:25:06.063+0800: 2214.773: [GC (Allocation Failure) [PSYoungGen: 237420K->64K(238080K)] 572773K->336449K(581120K), 0.0031310 secs] [Times: user=0.01 sys=0.00, real=0.01 secs] 
2024-07-05T01:25:07.170+0800: 2215.880: [GC (Allocation Failure) [PSYoungGen: 237406K->96K(238080K)] 573792K->337513K(581120K), 0.0036507 secs] [Times: user=0.00 sys=0.00, real=0.00 secs] 
2024-07-05T01:25:08.273+0800: 2216.984: [GC (Allocation Failure) [PSYoungGen: 236755K->96K(238080K)] 574172K->338545K(581120K), 0.0024166 secs] [Times: user=0.00 sys=0.00, real=0.01 secs] 
2024-07-05T01:25:09.386+0800: 2218.096: [GC (Allocation Failure) [PSYoungGen: 237414K->64K(238080K)] 575863K->339545K(581120K), 0.0040281 secs] [Times: user=0.00 sys=0.00, real=0.00 secs] 
2024-07-05T01:25:10.510+0800: 2219.220: [GC (Allocation Failure) [PSYoungGen: 237073K->128K(238080K)] 576554K->340641K(581120K), 0.0026520 secs] [Times: user=0.00 sys=0.00, real=0.00 secs] 
2024-07-05T01:25:11.618+0800: 2220.328: [GC (Allocation Failure) [PSYoungGen: 237175K->96K(238080K)] 577688K->340617K(581120K), 0.0033365 secs] [Times: user=0.01 sys=0.00, real=0.00 secs] 
2024-07-05T01:25:12.728+0800: 2221.438: [GC (Allocation Failure) [PSYoungGen: 237664K->64K(238080K)] 578185K->341617K(581120K), 0.0028265 secs] [Times: user=0.01 sys=0.00, real=0.00 secs] 
2024-07-05T01:25:12.731+0800: 2221.441: [Full GC (Ergonomics) [PSYoungGen: 64K->0K(238080K)] [ParOldGen: 341553K->50626K(384512K)] 341617K->50626K(622592K), [Metaspace: 13468K->13447K(1062912K)], 0.0351103 secs] [Times: user=0.04 sys=0.00, real=0.04 secs] 
2024-07-05T01:25:13.872+0800: 2222.583: [GC (Allocation Failure) [PSYoungGen: 237568K->64K(233472K)] 288194K->51714K(617984K), 0.0010475 secs] [Times: user=0.00 sys=0.00, real=0.00 secs] 
2024-07-05T01:25:14.953+0800: 2223.664: [GC (Allocation Failure) [PSYoungGen: 233024K->96K(228864K)] 284674K->51746K(613376K), 0.0010823 secs] [Times: user=0.00 sys=0.00, real=0.01 secs] 
2024-07-05T01:25:16.009+0800: 2224.720: [GC (Allocation Failure) [PSYoungGen: 227813K->96K(224256K)] 279464K->52770K(608768K), 0.0010959 secs] [Times: user=0.00 sys=0.00, real=0.00 secs] 
2024-07-05T01:25:17.047+0800: 2225.758: [GC (Allocation Failure) [PSYoungGen: 222979K->96K(220160K)] 275654K->53794K(604672K), 0.0010896 secs] [Times: user=0.00 sys=0.00, real=0.00 secs] 
2024-07-05T01:25:18.065+0800: 2226.775: [GC (Allocation Failure) [PSYoungGen: 219724K->64K(216064K)] 273423K->54787K(600576K), 0.0010333 secs] [Times: user=0.00 sys=0.00, real=0.00 secs] 
2024-07-05T01:25:19.070+0800: 2227.781: [GC (Allocation Failure) [PSYoungGen: 214733K->64K(211968K)] 269456K->55811K(596480K), 0.0013140 secs] [Times: user=0.01 sys=0.00, real=0.00 secs] 
2024-07-05T01:25:21.107+0800: 2229.818: [GC (Allocation Failure) [PSYoungGen: 211520K->512K(220672K)] 267267K->79150K(605184K), 0.0399584 secs] [Times: user=0.07 sys=0.00, real=0.04 secs] 
2024-07-05T01:25:22.596+0800: 2231.307: [GC (Allocation Failure) [PSYoungGen: 220672K->9186K(229376K)] 299310K->93402K(613888K), 0.0113789 secs] [Times: user=0.02 sys=0.00, real=0.01 secs] 
2024-07-05T01:25:23.823+0800: 2232.533: [GC (Allocation Failure) [PSYoungGen: 229346K->9185K(208896K)] 313562K->108552K(593408K), 0.0176532 secs] [Times: user=0.04 sys=0.00, real=0.02 secs] 
2024-07-05T01:25:24.983+0800: 2233.693: [GC (Allocation Failure) [PSYoungGen: 208865K->19428K(219136K)] 308232K->121297K(603648K), 0.0147921 secs] [Times: user=0.03 sys=0.00, real=0.02 secs] 
2024-07-05T01:25:26.046+0800: 2234.757: [GC (Allocation Failure) [PSYoungGen: 219108K->19428K(193536K)] 320977K->134779K(578048K), 0.0206235 secs] [Times: user=0.04 sys=0.00, real=0.02 secs] 
2024-07-05T01:25:26.987+0800: 2235.698: [GC (Allocation Failure) [PSYoungGen: 193508K->29415K(203776K)] 308859K->144766K(588288K), 0.0156373 secs] [Times: user=0.03 sys=0.00, real=0.01 secs] 
2024-07-05T01:25:27.909+0800: 2236.620: [GC (Allocation Failure) [PSYoungGen: 203495K->34793K(183296K)] 318846K->156060K(567808K), 0.0210198 secs] [Times: user=0.04 sys=0.00, real=0.02 secs] 
2024-07-05T01:25:28.672+0800: 2237.383: [GC (Allocation Failure) [PSYoungGen: 183273K->45036K(193536K)] 304540K->166719K(578048K), 0.0207467 secs] [Times: user=0.04 sys=0.00, real=0.02 secs] 
2024-07-05T01:25:29.480+0800: 2238.191: [GC (Allocation Failure) [PSYoungGen: 193516K->45052K(155648K)] 315199K->176618K(540160K), 0.0370784 secs] [Times: user=0.07 sys=0.00, real=0.04 secs] 
2024-07-05T01:25:30.065+0800: 2238.775: [GC (Allocation Failure) [PSYoungGen: 155644K->49246K(160256K)] 287210K->183729K(544768K), 0.0245290 secs] [Times: user=0.04 sys=0.00, real=0.03 secs] 
2024-07-05T01:25:30.639+0800: 2239.350: [GC (Allocation Failure) [PSYoungGen: 159838K->44765K(162816K)] 294321K->190284K(547328K), 0.0215262 secs] [Times: user=0.04 sys=0.00, real=0.02 secs] 
2024-07-05T01:25:31.120+0800: 2239.831: [GC (Allocation Failure) [PSYoungGen: 137949K->29768K(165888K)] 283468K->196169K(550400K), 0.0191632 secs] [Times: user=0.03 sys=0.00, real=0.02 secs] 
2024-07-05T01:25:31.622+0800: 2240.333: [GC (Allocation Failure) [PSYoungGen: 122952K->18597K(159744K)] 289353K->201934K(544256K), 0.0159690 secs] [Times: user=0.03 sys=0.00, real=0.02 secs] 
2024-07-05T01:25:32.095+0800: 2240.806: [GC (Allocation Failure) [PSYoungGen: 114853K->13187K(162816K)] 298190K->208469K(547328K), 0.0130280 secs] [Times: user=0.02 sys=0.00, real=0.01 secs] 
2024-07-05T01:25:32.638+0800: 2241.348: [GC (Allocation Failure) [PSYoungGen: 109443K->7169K(167424K)] 304725K->215245K(551936K), 0.0133297 secs] [Times: user=0.03 sys=0.00, real=0.01 secs] 
2024-07-05T01:25:33.184+0800: 2241.894: [GC (Allocation Failure) [PSYoungGen: 114177K->7489K(170496K)] 322253K->222152K(555008K), 0.0100231 secs] [Times: user=0.01 sys=0.00, real=0.02 secs] 
2024-07-05T01:25:33.768+0800: 2242.479: [GC (Allocation Failure) [PSYoungGen: 114497K->8034K(169984K)] 329160K->229831K(554496K), 0.0113295 secs] [Times: user=0.02 sys=0.00, real=0.01 secs] 
2024-07-05T01:25:34.312+0800: 2243.022: [GC (Allocation Failure) [PSYoungGen: 120674K->8162K(173056K)] 342471K->237559K(557568K), 0.0114258 secs] [Times: user=0.02 sys=0.00, real=0.01 secs] 
2024-07-05T01:25:34.940+0800: 2243.650: [GC (Allocation Failure) [PSYoungGen: 120802K->8354K(173056K)] 350199K->245444K(557568K), 0.0121037 secs] [Times: user=0.03 sys=0.00, real=0.01 secs] 
2024-07-05T01:25:35.584+0800: 2244.295: [GC (Allocation Failure) [PSYoungGen: 128162K->8290K(176128K)] 365252K->253110K(560640K), 0.0113731 secs] [Times: user=0.02 sys=0.00, real=0.02 secs] 
2024-07-05T01:25:36.175+0800: 2244.886: [GC (Allocation Failure) [PSYoungGen: 128098K->8386K(176128K)] 372918K->260913K(560640K), 0.0120952 secs] [Times: user=0.02 sys=0.00, real=0.01 secs] 
2024-07-05T01:25:36.866+0800: 2245.577: [GC (Allocation Failure) [PSYoungGen: 136386K->9538K(179712K)] 388913K->269971K(564224K), 0.0141944 secs] [Times: user=0.02 sys=0.00, real=0.01 secs] 
2024-07-05T01:25:37.539+0800: 2246.249: [GC (Allocation Failure) [PSYoungGen: 137538K->9602K(181760K)] 397971K->279053K(566272K), 0.0144418 secs] [Times: user=0.03 sys=0.00, real=0.01 secs] 
2024-07-05T01:25:38.334+0800: 2247.044: [GC (Allocation Failure) [PSYoungGen: 147330K->9890K(184832K)] 416781K->288297K(569344K), 0.0147449 secs] [Times: user=0.02 sys=0.00, real=0.02 secs] 
2024-07-05T01:25:40.027+0800: 2248.738: [GC (Allocation Failure) [PSYoungGen: 147618K->10147K(186880K)] 426025K->297346K(571392K), 0.0257689 secs] [Times: user=0.05 sys=0.00, real=0.02 secs] 
2024-07-05T01:25:40.420+0800: 2249.131: [GC (Allocation Failure) [PSYoungGen: 157091K->2528K(189440K)] 444290K->299208K(573952K), 0.0109140 secs] [Times: user=0.02 sys=0.00, real=0.01 secs] 
2024-07-05T01:25:40.685+0800: 2249.395: [GC (Allocation Failure) [PSYoungGen: 149472K->2560K(193024K)] 446152K->301712K(577536K), 0.0140446 secs] [Times: user=0.03 sys=0.00, real=0.02 secs] 
2024-07-05T01:25:40.969+0800: 2249.679: [GC (Allocation Failure) [PSYoungGen: 157184K->3008K(195072K)] 456336K->304639K(579584K), 0.0167599 secs] [Times: user=0.03 sys=0.00, real=0.01 secs] 
2024-07-05T01:25:41.262+0800: 2249.973: [GC (Allocation Failure) [PSYoungGen: 157632K->6208K(193536K)] 459263K->310808K(578048K), 0.0099133 secs] [Times: user=0.02 sys=0.00, real=0.01 secs] 
2024-07-05T01:25:41.520+0800: 2250.231: [GC (Allocation Failure) [PSYoungGen: 165440K->1072K(196096K)] 470040K->311791K(580608K), 0.0087700 secs] [Times: user=0.02 sys=0.00, real=0.01 secs] 
2024-07-05T01:25:41.698+0800: 2250.409: [GC (Allocation Failure) [PSYoungGen: 160304K->160K(198656K)] 471023K->311864K(583168K), 0.0073190 secs] [Times: user=0.01 sys=0.00, real=0.00 secs] 
2024-07-05T01:25:41.852+0800: 2250.562: [GC (Allocation Failure) [PSYoungGen: 166048K->160K(200704K)] 477752K->311920K(585216K), 0.0053139 secs] [Times: user=0.01 sys=0.00, real=0.01 secs] 
2024-07-05T01:25:41.996+0800: 2250.706: [GC (Allocation Failure) [PSYoungGen: 166048K->208K(199680K)] 477808K->312016K(584192K), 0.0039851 secs] [Times: user=0.00 sys=0.00, real=0.00 secs] 
2024-07-05T01:25:42.188+0800: 2250.898: [GC (Allocation Failure) [PSYoungGen: 170192K->224K(202240K)] 482000K->312112K(586752K), 0.0047191 secs] [Times: user=0.01 sys=0.00, real=0.00 secs] 
2024-07-05T01:25:42.369+0800: 2251.080: [GC (Allocation Failure) [PSYoungGen: 170208K->160K(202240K)] 482096K->312156K(586752K), 0.0054515 secs] [Times: user=0.01 sys=0.00, real=0.01 secs] 
2024-07-05T01:25:42.510+0800: 2251.221: [GC (Allocation Failure) [PSYoungGen: 175264K->192K(204800K)] 487260K->312236K(589312K), 0.0038941 secs] [Times: user=0.01 sys=0.00, real=0.01 secs] 
2024-07-05T01:25:42.651+0800: 2251.362: [GC (Allocation Failure) [PSYoungGen: 175296K->256K(204800K)] 487340K->312340K(589312K), 0.0043622 secs] [Times: user=0.01 sys=0.00, real=0.01 secs] 
2024-07-05T01:25:42.817+0800: 2251.528: [GC (Allocation Failure) [PSYoungGen: 180992K->160K(207360K)] 493076K->312376K(591872K), 0.0030298 secs] [Times: user=0.01 sys=0.00, real=0.00 secs] 
2024-07-05T01:25:43.004+0800: 2251.715: [GC (Allocation Failure) [PSYoungGen: 180896K->192K(208896K)] 493112K->312472K(593408K), 0.0040275 secs] [Times: user=0.00 sys=0.00, real=0.01 secs] 
2024-07-05T01:25:43.151+0800: 2251.862: [GC (Allocation Failure) [PSYoungGen: 187072K->160K(210944K)] 499352K->312504K(595456K), 0.0046043 secs] [Times: user=0.01 sys=0.00, real=0.01 secs] 
2024-07-05T01:25:43.311+0800: 2252.022: [GC (Allocation Failure) [PSYoungGen: 187040K->272K(210944K)] 499384K->312656K(595456K), 0.0030773 secs] [Times: user=0.01 sys=0.00, real=0.01 secs] 
2024-07-05T01:25:43.466+0800: 2252.177: [GC (Allocation Failure) [PSYoungGen: 192272K->160K(212992K)] 504656K->312692K(597504K), 0.0051351 secs] [Times: user=0.01 sys=0.00, real=0.00 secs] 
2024-07-05T01:25:43.699+0800: 2252.410: [GC (Allocation Failure) [PSYoungGen: 192160K->192K(213504K)] 504692K->312788K(598016K), 0.0045662 secs] [Times: user=0.01 sys=0.00, real=0.00 secs] 
2024-07-05T01:25:43.858+0800: 2252.569: [GC (Allocation Failure) [PSYoungGen: 197824K->272K(216064K)] 510420K->312908K(600576K), 0.0043856 secs] [Times: user=0.00 sys=0.00, real=0.00 secs] 
2024-07-05T01:25:44.030+0800: 2252.741: [GC (Allocation Failure) [PSYoungGen: 197904K->192K(217088K)] 510540K->312968K(601600K), 0.0031144 secs] [Times: user=0.01 sys=0.00, real=0.00 secs] 
2024-07-05T01:25:44.220+0800: 2252.930: [GC (Allocation Failure) [PSYoungGen: 202944K->160K(219136K)] 515720K->313000K(603648K), 0.0029737 secs] [Times: user=0.00 sys=0.00, real=0.00 secs] 
2024-07-05T01:25:44.382+0800: 2253.093: [GC (Allocation Failure) [PSYoungGen: 202912K->240K(219136K)] 515752K->313120K(603648K), 0.0054380 secs] [Times: user=0.01 sys=0.00, real=0.01 secs] 
2024-07-05T01:25:44.558+0800: 2253.269: [GC (Allocation Failure) [PSYoungGen: 207088K->160K(221184K)] 519968K->313189K(605696K), 0.0030932 secs] [Times: user=0.00 sys=0.00, real=0.00 secs] 
2024-07-05T01:25:44.722+0800: 2253.433: [GC (Allocation Failure) [PSYoungGen: 207008K->160K(221184K)] 520037K->313253K(605696K), 0.0042817 secs] [Times: user=0.00 sys=0.00, real=0.01 secs] 
2024-07-05T01:25:44.906+0800: 2253.617: [GC (Allocation Failure) [PSYoungGen: 211104K->256K(223232K)] 524197K->313381K(607744K), 0.0056085 secs] [Times: user=0.00 sys=0.00, real=0.00 secs] 
2024-07-05T01:25:45.087+0800: 2253.798: [GC (Allocation Failure) [PSYoungGen: 211200K->192K(224256K)] 524325K->313465K(608768K), 0.0048364 secs] [Times: user=0.01 sys=0.00, real=0.00 secs] 
2024-07-05T01:25:45.286+0800: 2253.997: [GC (Allocation Failure) [PSYoungGen: 215232K->160K(225792K)] 528505K->313505K(610304K), 0.0031036 secs] [Times: user=0.01 sys=0.00, real=0.00 secs] 
2024-07-05T01:25:45.454+0800: 2254.165: [GC (Allocation Failure) [PSYoungGen: 215200K->256K(226304K)] 528545K->313641K(610816K), 0.0048938 secs] [Times: user=0.00 sys=0.00, real=0.00 secs] 
2024-07-05T01:25:45.650+0800: 2254.361: [GC (Allocation Failure) [PSYoungGen: 218368K->192K(227328K)] 531753K->313729K(611840K), 0.0048353 secs] [Times: user=0.00 sys=0.00, real=0.01 secs] 
2024-07-05T01:25:45.826+0800: 2254.537: [GC (Allocation Failure) [PSYoungGen: 218304K->192K(227840K)] 531841K->313801K(612352K), 0.0050340 secs] [Times: user=0.01 sys=0.00, real=0.00 secs] 
2024-07-05T01:25:46.003+0800: 2254.714: [GC (Allocation Failure) [PSYoungGen: 220864K->272K(228864K)] 534473K->313929K(613376K), 0.0046727 secs] [Times: user=0.00 sys=0.00, real=0.01 secs] 
2024-07-05T01:25:46.179+0800: 2254.890: [GC (Allocation Failure) [PSYoungGen: 220944K->192K(229376K)] 534601K->313993K(613888K), 0.0048569 secs] [Times: user=0.01 sys=0.00, real=0.00 secs] 
2024-07-05T01:25:46.366+0800: 2255.077: [GC (Allocation Failure) [PSYoungGen: 223424K->192K(229888K)] 537225K->314057K(614400K), 0.0031469 secs] [Times: user=0.01 sys=0.00, real=0.00 secs] 
2024-07-05T01:25:46.538+0800: 2255.249: [GC (Allocation Failure) [PSYoungGen: 223424K->272K(231936K)] 537289K->314185K(616448K), 0.0033022 secs] [Times: user=0.01 sys=0.00, real=0.00 secs] 
2024-07-05T01:25:46.814+0800: 2255.525: [GC (Allocation Failure) [PSYoungGen: 226064K->192K(231936K)] 539977K->314257K(616448K), 0.0031461 secs] [Times: user=0.01 sys=0.00, real=0.00 secs] 
2024-07-05T01:25:46.990+0800: 2255.700: [GC (Allocation Failure) [PSYoungGen: 225984K->192K(231936K)] 540049K->314321K(616448K), 0.0045784 secs] [Times: user=0.00 sys=0.00, real=0.01 secs] 
2024-07-05T01:25:47.184+0800: 2255.895: [GC (Allocation Failure) [PSYoungGen: 227008K->240K(231936K)] 541137K->314409K(616448K), 0.0033939 secs] [Times: user=0.01 sys=0.00, real=0.01 secs] 
2024-07-05T01:25:47.358+0800: 2256.069: [GC (Allocation Failure) [PSYoungGen: 227056K->192K(232960K)] 541225K->314517K(617472K), 0.0036179 secs] [Times: user=0.01 sys=0.00, real=0.00 secs] 
2024-07-05T01:25:47.533+0800: 2256.244: [GC (Allocation Failure) [PSYoungGen: 228544K->160K(232960K)] 542869K->314557K(617472K), 0.0046368 secs] [Times: user=0.00 sys=0.00, real=0.01 secs] 
2024-07-05T01:25:47.714+0800: 2256.425: [GC (Allocation Failure) [PSYoungGen: 228512K->288K(233472K)] 542909K->314733K(617984K), 0.0049567 secs] [Times: user=0.00 sys=0.00, real=0.00 secs] 
2024-07-05T01:25:47.906+0800: 2256.617: [GC (Allocation Failure) [PSYoungGen: 230176K->192K(233472K)] 544621K->314801K(617984K), 0.0033802 secs] [Times: user=0.01 sys=0.00, real=0.00 secs] 
2024-07-05T01:25:48.086+0800: 2256.797: [GC (Allocation Failure) [PSYoungGen: 230080K->224K(233984K)] 544689K->314889K(618496K), 0.0048664 secs] [Times: user=0.01 sys=0.00, real=0.00 secs] 
2024-07-05T01:25:48.305+0800: 2257.015: [GC (Allocation Failure) [PSYoungGen: 231648K->224K(234496K)] 546313K->314985K(619008K), 0.0031849 secs] [Times: user=0.00 sys=0.00, real=0.01 secs] 
2024-07-05T01:25:48.485+0800: 2257.196: [GC (Allocation Failure) [PSYoungGen: 231648K->160K(235520K)] 546409K->315037K(620032K), 0.0032908 secs] [Times: user=0.01 sys=0.00, real=0.01 secs] 
2024-07-05T01:25:48.675+0800: 2257.386: [GC (Allocation Failure) [PSYoungGen: 232608K->256K(232960K)] 547485K->315173K(617472K), 0.0033229 secs] [Times: user=0.01 sys=0.00, real=0.00 secs] 
2024-07-05T01:25:48.889+0800: 2257.599: [GC (Allocation Failure) [PSYoungGen: 232704K->192K(235008K)] 547621K->315261K(619520K), 0.0049244 secs] [Times: user=0.00 sys=0.00, real=0.00 secs] 
2024-07-05T01:25:49.072+0800: 2257.782: [GC (Allocation Failure) [PSYoungGen: 232640K->160K(235008K)] 547709K->315301K(619520K), 0.0032104 secs] [Times: user=0.01 sys=0.00, real=0.01 secs] 
2024-07-05T01:25:49.248+0800: 2257.959: [GC (Allocation Failure) [PSYoungGen: 232608K->288K(235520K)] 547749K->315477K(620032K), 0.0038828 secs] [Times: user=0.00 sys=0.00, real=0.00 secs] 
2024-07-05T01:25:49.431+0800: 2258.142: [GC (Allocation Failure) [PSYoungGen: 233760K->192K(235520K)] 548949K->315533K(620032K), 0.0048621 secs] [Times: user=0.01 sys=0.00, real=0.01 secs] 
2024-07-05T01:25:49.616+0800: 2258.327: [GC (Allocation Failure) [PSYoungGen: 233664K->160K(236544K)] 549005K->315573K(621056K), 0.0041667 secs] [Times: user=0.01 sys=0.00, real=0.00 secs] 
2024-07-05T01:25:49.809+0800: 2258.519: [GC (Allocation Failure) [PSYoungGen: 234656K->288K(235008K)] 550069K->315749K(619520K), 0.0041449 secs] [Times: user=0.00 sys=0.00, real=0.00 secs] 
2024-07-05T01:25:49.998+0800: 2258.708: [GC (Allocation Failure) [PSYoungGen: 234784K->192K(236032K)] 550245K->315813K(620544K), 0.0032940 secs] [Times: user=0.00 sys=0.00, real=0.00 secs] 
2024-07-05T01:25:50.178+0800: 2258.888: [GC (Allocation Failure) [PSYoungGen: 234688K->240K(236032K)] 550309K->315917K(620544K), 0.0055330 secs] [Times: user=0.01 sys=0.00, real=0.00 secs] 
2024-07-05T01:25:50.360+0800: 2259.071: [GC (Allocation Failure) [PSYoungGen: 234736K->240K(237056K)] 550413K->316017K(621568K), 0.0041656 secs] [Times: user=0.01 sys=0.00, real=0.00 secs] 
2024-07-05T01:25:50.539+0800: 2259.250: [GC (Allocation Failure) [PSYoungGen: 235760K->192K(237056K)] 551537K->316089K(621568K), 0.0032534 secs] [Times: user=0.00 sys=0.00, real=0.00 secs] 
2024-07-05T01:25:50.732+0800: 2259.443: [GC (Allocation Failure) [PSYoungGen: 235712K->368K(237056K)] 551609K->316313K(621568K), 0.0032609 secs] [Times: user=0.01 sys=0.00, real=0.01 secs] 
2024-07-05T01:25:50.918+0800: 2259.629: [GC (Allocation Failure) [PSYoungGen: 235888K->192K(236032K)] 551833K->316385K(620544K), 0.0066628 secs] [Times: user=0.01 sys=0.00, real=0.00 secs] 
2024-07-05T01:25:51.105+0800: 2259.816: [GC (Allocation Failure) [PSYoungGen: 235712K->192K(236544K)] 551905K->316457K(621056K), 0.0034093 secs] [Times: user=0.00 sys=0.00, real=0.01 secs] 
2024-07-05T01:25:51.288+0800: 2259.998: [GC (Allocation Failure) [PSYoungGen: 235712K->256K(236544K)] 551977K->316569K(621056K), 0.0041855 secs] [Times: user=0.01 sys=0.00, real=0.00 secs] 
2024-07-05T01:25:51.470+0800: 2260.181: [GC (Allocation Failure) [PSYoungGen: 235776K->192K(237568K)] 552089K->316670K(622080K), 0.0058334 secs] [Times: user=0.01 sys=0.00, real=0.01 secs] 
2024-07-05T01:25:51.664+0800: 2260.374: [GC (Allocation Failure) [PSYoungGen: 236736K->224K(237568K)] 553214K->316766K(622080K), 0.0032289 secs] [Times: user=0.00 sys=0.00, real=0.01 secs] 
2024-07-05T01:25:51.842+0800: 2260.552: [GC (Allocation Failure) [PSYoungGen: 236768K->224K(237568K)] 553310K->316866K(622080K), 0.0054535 secs] [Times: user=0.00 sys=0.00, real=0.01 secs] 
2024-07-05T01:25:52.046+0800: 2260.757: [GC (Allocation Failure) [PSYoungGen: 236768K->192K(237568K)] 553410K->316946K(622080K), 0.0040649 secs] [Times: user=0.01 sys=0.00, real=0.00 secs] 
2024-07-05T01:25:52.258+0800: 2260.968: [GC (Allocation Failure) [PSYoungGen: 236736K->208K(237568K)] 553490K->317018K(622080K), 0.0052262 secs] [Times: user=0.00 sys=0.00, real=0.00 secs] 
2024-07-05T01:25:52.442+0800: 2261.153: [GC (Allocation Failure) [PSYoungGen: 236752K->256K(237568K)] 553562K->317170K(622080K), 0.0046745 secs] [Times: user=0.01 sys=0.00, real=0.01 secs] 
2024-07-05T01:25:52.621+0800: 2261.331: [GC (Allocation Failure) [PSYoungGen: 236800K->240K(237568K)] 553714K->317250K(622080K), 0.0035295 secs] [Times: user=0.01 sys=0.00, real=0.00 secs] 
2024-07-05T01:25:52.800+0800: 2261.511: [GC (Allocation Failure) [PSYoungGen: 236784K->224K(237568K)] 553794K->317330K(622080K), 0.0041610 secs] [Times: user=0.00 sys=0.00, real=0.00 secs] 
2024-07-05T01:25:52.979+0800: 2261.690: [GC (Allocation Failure) [PSYoungGen: 236768K->192K(237568K)] 553874K->317410K(622080K), 0.0035508 secs] [Times: user=0.00 sys=0.00, real=0.00 secs] 
2024-07-05T01:25:53.163+0800: 2261.874: [GC (Allocation Failure) [PSYoungGen: 236736K->240K(237568K)] 553954K->317522K(622080K), 0.0040418 secs] [Times: user=0.01 sys=0.00, real=0.01 secs] 
2024-07-05T01:25:53.346+0800: 2262.057: [GC (Allocation Failure) [PSYoungGen: 236784K->224K(237568K)] 554066K->317602K(622080K), 0.0055079 secs] [Times: user=0.00 sys=0.00, real=0.00 secs] 
2024-07-05T01:25:53.538+0800: 2262.249: [GC (Allocation Failure) [PSYoungGen: 237280K->192K(237568K)] 554658K->317682K(622080K), 0.0037206 secs] [Times: user=0.00 sys=0.00, real=0.00 secs] 
2024-07-05T01:25:53.716+0800: 2262.427: [GC (Allocation Failure) [PSYoungGen: 237248K->240K(238080K)] 554738K->317794K(622592K), 0.0040940 secs] [Times: user=0.00 sys=0.00, real=0.00 secs] 
2024-07-05T01:25:53.894+0800: 2262.605: [GC (Allocation Failure) [PSYoungGen: 237808K->224K(238080K)] 555362K->317882K(622592K), 0.0062413 secs] [Times: user=0.00 sys=0.00, real=0.00 secs] 
2024-07-05T01:25:54.079+0800: 2262.790: [GC (Allocation Failure) [PSYoungGen: 237792K->208K(238080K)] 555450K->317966K(622592K), 0.0034903 secs] [Times: user=0.00 sys=0.00, real=0.00 secs] 
2024-07-05T01:25:54.258+0800: 2262.969: [GC (Allocation Failure) [PSYoungGen: 237776K->240K(238080K)] 555534K->318094K(622592K), 0.0047633 secs] [Times: user=0.01 sys=0.00, real=0.00 secs] 
2024-07-05T01:25:54.442+0800: 2263.153: [GC (Allocation Failure) [PSYoungGen: 237808K->192K(238080K)] 555662K->318162K(622592K), 0.0054983 secs] [Times: user=0.01 sys=0.00, real=0.01 secs] 
2024-07-05T01:25:54.634+0800: 2263.345: [GC (Allocation Failure) [PSYoungGen: 237760K->240K(238080K)] 555730K->318266K(622592K), 0.0056201 secs] [Times: user=0.01 sys=0.00, real=0.00 secs] 
2024-07-05T01:25:54.814+0800: 2263.524: [GC (Allocation Failure) [PSYoungGen: 237808K->240K(238080K)] 555834K->318362K(622592K), 0.0054744 secs] [Times: user=0.01 sys=0.00, real=0.00 secs] 
2024-07-05T01:25:54.992+0800: 2263.703: [GC (Allocation Failure) [PSYoungGen: 237808K->192K(238080K)] 555930K->318426K(622592K), 0.0041051 secs] [Times: user=0.01 sys=0.00, real=0.01 secs] 
2024-07-05T01:25:55.172+0800: 2263.883: [GC (Allocation Failure) [PSYoungGen: 237760K->240K(238080K)] 555994K->318538K(622592K), 0.0036287 secs] [Times: user=0.01 sys=0.00, real=0.01 secs] 
2024-07-05T01:25:55.354+0800: 2264.065: [GC (Allocation Failure) [PSYoungGen: 237808K->224K(238080K)] 556106K->318626K(622592K), 0.0041450 secs] [Times: user=0.00 sys=0.00, real=0.00 secs] 
2024-07-05T01:25:55.540+0800: 2264.251: [GC (Allocation Failure) [PSYoungGen: 237792K->208K(238080K)] 556194K->318706K(622592K), 0.0036510 secs] [Times: user=0.01 sys=0.00, real=0.00 secs] 
2024-07-05T01:25:55.726+0800: 2264.437: [GC (Allocation Failure) [PSYoungGen: 237776K->192K(238080K)] 556274K->318794K(622592K), 0.0056074 secs] [Times: user=0.01 sys=0.00, real=0.00 secs] 
2024-07-05T01:25:55.912+0800: 2264.623: [GC (Allocation Failure) [PSYoungGen: 237760K->256K(238080K)] 556362K->318914K(622592K), 0.0037154 secs] [Times: user=0.01 sys=0.00, real=0.01 secs] 
2024-07-05T01:25:56.090+0800: 2264.801: [GC (Allocation Failure) [PSYoungGen: 237824K->208K(238080K)] 556482K->318970K(622592K), 0.0057102 secs] [Times: user=0.01 sys=0.00, real=0.01 secs] 
2024-07-05T01:25:56.274+0800: 2264.985: [GC (Allocation Failure) [PSYoungGen: 237776K->224K(238080K)] 556538K->319090K(622592K), 0.0053210 secs] [Times: user=0.01 sys=0.00, real=0.00 secs] 
2024-07-05T01:25:56.453+0800: 2265.164: [GC (Allocation Failure) [PSYoungGen: 237792K->192K(238080K)] 556658K->319174K(622592K), 0.0052078 secs] [Times: user=0.01 sys=0.00, real=0.01 secs] 
2024-07-05T01:25:56.677+0800: 2265.388: [GC (Allocation Failure) [PSYoungGen: 237760K->240K(238080K)] 556742K->319286K(622592K), 0.0049686 secs] [Times: user=0.01 sys=0.00, real=0.00 secs] 
2024-07-05T01:25:56.858+0800: 2265.568: [GC (Allocation Failure) [PSYoungGen: 237808K->208K(238080K)] 556854K->319366K(622592K), 0.0054407 secs] [Times: user=0.01 sys=0.00, real=0.00 secs] 
2024-07-05T01:25:57.035+0800: 2265.746: [GC (Allocation Failure) [PSYoungGen: 237776K->208K(238080K)] 556934K->319462K(622592K), 0.0035141 secs] [Times: user=0.00 sys=0.00, real=0.00 secs] 
2024-07-05T01:25:57.214+0800: 2265.925: [GC (Allocation Failure) [PSYoungGen: 237776K->192K(238080K)] 557030K->319558K(622592K), 0.0063365 secs] [Times: user=0.00 sys=0.00, real=0.00 secs] 
2024-07-05T01:25:57.399+0800: 2266.109: [GC (Allocation Failure) [PSYoungGen: 237760K->256K(238080K)] 557126K->319678K(622592K), 0.0034665 secs] [Times: user=0.00 sys=0.00, real=0.00 secs] 
2024-07-05T01:25:57.576+0800: 2266.287: [GC (Allocation Failure) [PSYoungGen: 237824K->256K(238080K)] 557246K->319782K(622592K), 0.0041732 secs] [Times: user=0.00 sys=0.00, real=0.00 secs] 
2024-07-05T01:25:57.757+0800: 2266.467: [GC (Allocation Failure) [PSYoungGen: 237824K->192K(238080K)] 557350K->319834K(622592K), 0.0039497 secs] [Times: user=0.01 sys=0.00, real=0.00 secs] 
2024-07-05T01:25:57.964+0800: 2266.675: [GC (Allocation Failure) [PSYoungGen: 237760K->272K(238080K)] 557402K->319954K(622592K), 0.0041099 secs] [Times: user=0.00 sys=0.00, real=0.01 secs] 
2024-07-05T01:25:58.147+0800: 2266.857: [GC (Allocation Failure) [PSYoungGen: 237840K->192K(238080K)] 557522K->320027K(622592K), 0.0035216 secs] [Times: user=0.00 sys=0.00, real=0.00 secs] 
2024-07-05T01:25:58.330+0800: 2267.041: [GC (Allocation Failure) [PSYoungGen: 237760K->240K(238080K)] 557595K->320131K(622592K), 0.0051245 secs] [Times: user=0.01 sys=0.00, real=0.01 secs] 
2024-07-05T01:25:58.510+0800: 2267.221: [GC (Allocation Failure) [PSYoungGen: 237808K->224K(238080K)] 557699K->320215K(622592K), 0.0061301 secs] [Times: user=0.01 sys=0.00, real=0.01 secs] 
2024-07-05T01:25:58.693+0800: 2267.404: [GC (Allocation Failure) [PSYoungGen: 237792K->192K(238080K)] 557783K->320299K(622592K), 0.0045061 secs] [Times: user=0.01 sys=0.00, real=0.01 secs] 
2024-07-05T01:25:58.872+0800: 2267.582: [GC (Allocation Failure) [PSYoungGen: 237760K->208K(238080K)] 557867K->320371K(622592K), 0.0032690 secs] [Times: user=0.01 sys=0.00, real=0.01 secs] 
2024-07-05T01:25:59.048+0800: 2267.759: [GC (Allocation Failure) [PSYoungGen: 237776K->256K(238080K)] 557939K->320511K(622592K), 0.0041747 secs] [Times: user=0.00 sys=0.00, real=0.00 secs] 
2024-07-05T01:25:59.223+0800: 2267.934: [GC (Allocation Failure) [PSYoungGen: 237824K->192K(238080K)] 558079K->320567K(622592K), 0.0033600 secs] [Times: user=0.01 sys=0.00, real=0.01 secs] 
2024-07-05T01:25:59.410+0800: 2268.121: [GC (Allocation Failure) [PSYoungGen: 237760K->272K(238080K)] 558135K->320687K(622592K), 0.0058130 secs] [Times: user=0.01 sys=0.00, real=0.01 secs] 
2024-07-05T01:25:59.615+0800: 2268.326: [GC (Allocation Failure) [PSYoungGen: 237840K->192K(238080K)] 558255K->320759K(622592K), 0.0034134 secs] [Times: user=0.01 sys=0.00, real=0.00 secs] 
2024-07-05T01:25:59.798+0800: 2268.509: [GC (Allocation Failure) [PSYoungGen: 237760K->208K(238080K)] 558327K->320831K(622592K), 0.0050605 secs] [Times: user=0.01 sys=0.00, real=0.00 secs] 
2024-07-05T01:25:59.975+0800: 2268.686: [GC (Allocation Failure) [PSYoungGen: 237776K->256K(238080K)] 558399K->320967K(622592K), 0.0033429 secs] [Times: user=0.00 sys=0.00, real=0.00 secs] 
2024-07-05T01:26:00.154+0800: 2268.865: [GC (Allocation Failure) [PSYoungGen: 237824K->192K(238080K)] 558535K->321019K(622592K), 0.0034770 secs] [Times: user=0.01 sys=0.00, real=0.00 secs] 
2024-07-05T01:26:00.346+0800: 2269.057: [GC (Allocation Failure) [PSYoungGen: 237760K->224K(238080K)] 558587K->321107K(622592K), 0.0062937 secs] [Times: user=0.01 sys=0.00, real=0.00 secs] 
2024-07-05T01:26:00.538+0800: 2269.249: [GC (Allocation Failure) [PSYoungGen: 237792K->256K(238080K)] 558675K->321243K(622592K), 0.0053658 secs] [Times: user=0.01 sys=0.00, real=0.00 secs] 
2024-07-05T01:26:00.723+0800: 2269.433: [GC (Allocation Failure) [PSYoungGen: 237824K->192K(238080K)] 558811K->321295K(622592K), 0.0034233 secs] [Times: user=0.01 sys=0.00, real=0.01 secs] 
2024-07-05T01:26:00.901+0800: 2269.612: [GC (Allocation Failure) [PSYoungGen: 237760K->272K(238080K)] 558863K->321423K(622592K), 0.0034150 secs] [Times: user=0.01 sys=0.00, real=0.00 secs] 
2024-07-05T01:26:01.086+0800: 2269.797: [GC (Allocation Failure) [PSYoungGen: 237840K->192K(238080K)] 558991K->321491K(622592K), 0.0040619 secs] [Times: user=0.01 sys=0.00, real=0.00 secs] 
2024-07-05T01:26:01.278+0800: 2269.989: [GC (Allocation Failure) [PSYoungGen: 237760K->224K(238080K)] 559059K->321579K(622592K), 0.0058700 secs] [Times: user=0.00 sys=0.00, real=0.00 secs] 
2024-07-05T01:26:01.467+0800: 2270.177: [GC (Allocation Failure) [PSYoungGen: 237792K->224K(238080K)] 559147K->321675K(622592K), 0.0034134 secs] [Times: user=0.00 sys=0.00, real=0.00 secs] 
2024-07-05T01:26:01.647+0800: 2270.358: [GC (Allocation Failure) [PSYoungGen: 237792K->192K(238080K)] 559243K->321751K(622592K), 0.0035555 secs] [Times: user=0.00 sys=0.00, real=0.00 secs] 
2024-07-05T01:26:01.850+0800: 2270.561: [GC (Allocation Failure) [PSYoungGen: 237760K->336K(238080K)] 559319K->321951K(622592K), 0.0034949 secs] [Times: user=0.01 sys=0.00, real=0.01 secs] 
2024-07-05T01:26:02.030+0800: 2270.741: [GC (Allocation Failure) [PSYoungGen: 237904K->256K(238080K)] 559519K->322071K(622592K), 0.0050003 secs] [Times: user=0.01 sys=0.00, real=0.01 secs] 
2024-07-05T01:26:02.213+0800: 2270.924: [GC (Allocation Failure) [PSYoungGen: 237824K->192K(238080K)] 559639K->322123K(622592K), 0.0061114 secs] [Times: user=0.00 sys=0.00, real=0.01 secs] 
2024-07-05T01:26:02.404+0800: 2271.114: [GC (Allocation Failure) [PSYoungGen: 237760K->288K(238080K)] 559691K->322259K(622592K), 0.0044418 secs] [Times: user=0.01 sys=0.00, real=0.01 secs] 
2024-07-05T01:26:02.582+0800: 2271.293: [GC (Allocation Failure) [PSYoungGen: 237856K->192K(238080K)] 559827K->322319K(622592K), 0.0033845 secs] [Times: user=0.01 sys=0.00, real=0.00 secs] 
2024-07-05T01:26:02.767+0800: 2271.477: [GC (Allocation Failure) [PSYoungGen: 237760K->208K(238080K)] 559887K->322391K(622592K), 0.0053573 secs] [Times: user=0.00 sys=0.00, real=0.00 secs] 
2024-07-05T01:26:02.947+0800: 2271.658: [GC (Allocation Failure) [PSYoungGen: 237776K->240K(238080K)] 559959K->322519K(622592K), 0.0054326 secs] [Times: user=0.01 sys=0.00, real=0.00 secs] 
2024-07-05T01:26:03.123+0800: 2271.834: [GC (Allocation Failure) [PSYoungGen: 237808K->192K(238080K)] 560087K->322583K(622592K), 0.0050745 secs] [Times: user=0.01 sys=0.00, real=0.01 secs] 
2024-07-05T01:26:03.300+0800: 2272.011: [GC (Allocation Failure) [PSYoungGen: 237760K->208K(238080K)] 560151K->322663K(622592K), 0.0033941 secs] [Times: user=0.01 sys=0.00, real=0.00 secs] 
2024-07-05T01:26:03.476+0800: 2272.186: [GC (Allocation Failure) [PSYoungGen: 237776K->256K(238080K)] 560231K->322815K(622592K), 0.0049625 secs] [Times: user=0.01 sys=0.00, real=0.00 secs] 
2024-07-05T01:26:03.656+0800: 2272.366: [GC (Allocation Failure) [PSYoungGen: 237824K->192K(238080K)] 560383K->322871K(622592K), 0.0033947 secs] [Times: user=0.00 sys=0.00, real=0.00 secs] 
2024-07-05T01:26:03.834+0800: 2272.545: [GC (Allocation Failure) [PSYoungGen: 237760K->256K(238080K)] 560439K->322975K(622592K), 0.0052367 secs] [Times: user=0.01 sys=0.00, real=0.00 secs] 
2024-07-05T01:26:04.018+0800: 2272.729: [GC (Allocation Failure) [PSYoungGen: 237824K->192K(238080K)] 560543K->323048K(622592K), 0.0064013 secs] [Times: user=0.00 sys=0.00, real=0.00 secs] 
2024-07-05T01:26:04.201+0800: 2272.912: [GC (Allocation Failure) [PSYoungGen: 237760K->192K(238080K)] 560616K->323136K(622592K), 0.0034291 secs] [Times: user=0.01 sys=0.00, real=0.00 secs] 
2024-07-05T01:26:04.378+0800: 2273.088: [GC (Allocation Failure) [PSYoungGen: 237760K->288K(238080K)] 560704K->323280K(622592K), 0.0034513 secs] [Times: user=0.01 sys=0.00, real=0.00 secs] 
2024-07-05T01:26:04.560+0800: 2273.271: [GC (Allocation Failure) [PSYoungGen: 237856K->192K(238080K)] 560848K->323344K(622592K), 0.0041604 secs] [Times: user=0.01 sys=0.00, real=0.00 secs] 
2024-07-05T01:26:04.739+0800: 2273.450: [GC (Allocation Failure) [PSYoungGen: 237760K->240K(238080K)] 560912K->323448K(622592K), 0.0049512 secs] [Times: user=0.00 sys=0.00, real=0.00 secs] 
2024-07-05T01:26:04.916+0800: 2273.627: [GC (Allocation Failure) [PSYoungGen: 237808K->256K(238080K)] 561016K->323560K(622592K), 0.0034591 secs] [Times: user=0.01 sys=0.00, real=0.00 secs] 
2024-07-05T01:26:05.096+0800: 2273.806: [GC (Allocation Failure) [PSYoungGen: 237824K->192K(238080K)] 561128K->323616K(622592K), 0.0047852 secs] [Times: user=0.01 sys=0.00, real=0.00 secs] 
2024-07-05T01:26:05.282+0800: 2273.993: [GC (Allocation Failure) [PSYoungGen: 237760K->240K(238080K)] 561184K->323728K(622592K), 0.0051818 secs] [Times: user=0.01 sys=0.00, real=0.01 secs] 
2024-07-05T01:26:05.463+0800: 2274.174: [GC (Allocation Failure) [PSYoungGen: 237808K->224K(238080K)] 561296K->323816K(622592K), 0.0034465 secs] [Times: user=0.01 sys=0.00, real=0.01 secs] 
2024-07-05T01:26:05.651+0800: 2274.362: [GC (Allocation Failure) [PSYoungGen: 237792K->192K(238080K)] 561384K->323904K(622592K), 0.0035429 secs] [Times: user=0.01 sys=0.00, real=0.01 secs] 
2024-07-05T01:26:05.831+0800: 2274.542: [GC (Allocation Failure) [PSYoungGen: 237760K->288K(238080K)] 561472K->324048K(622592K), 0.0063639 secs] [Times: user=0.00 sys=0.01, real=0.01 secs] 
2024-07-05T01:26:06.023+0800: 2274.733: [GC (Allocation Failure) [PSYoungGen: 237856K->192K(238080K)] 561616K->324112K(622592K), 0.0033568 secs] [Times: user=0.00 sys=0.00, real=0.01 secs] 
2024-07-05T01:26:06.207+0800: 2274.917: [GC (Allocation Failure) [PSYoungGen: 237760K->208K(238080K)] 561680K->324184K(622592K), 0.0033631 secs] [Times: user=0.00 sys=0.00, real=0.00 secs] 
2024-07-05T01:26:06.382+0800: 2275.092: [GC (Allocation Failure) [PSYoungGen: 237776K->224K(238080K)] 561752K->324300K(622592K), 0.0033604 secs] [Times: user=0.01 sys=0.00, real=0.00 secs] 
2024-07-05T01:26:06.559+0800: 2275.269: [GC (Allocation Failure) [PSYoungGen: 237792K->192K(238080K)] 561868K->324380K(622592K), 0.0033820 secs] [Times: user=0.00 sys=0.00, real=0.00 secs] 
2024-07-05T01:26:06.738+0800: 2275.449: [GC (Allocation Failure) [PSYoungGen: 237760K->224K(238080K)] 561948K->324460K(622592K), 0.0053038 secs] [Times: user=0.01 sys=0.00, real=0.00 secs] 
2024-07-05T01:26:06.918+0800: 2275.629: [GC (Allocation Failure) [PSYoungGen: 237792K->224K(238080K)] 562028K->324564K(622592K), 0.0035521 secs] [Times: user=0.00 sys=0.01, real=0.00 secs] 
2024-07-05T01:26:07.094+0800: 2275.805: [GC (Allocation Failure) [PSYoungGen: 237792K->192K(238080K)] 562132K->324648K(622592K), 0.0050475 secs] [Times: user=0.01 sys=0.00, real=0.00 secs] 
2024-07-05T01:26:07.278+0800: 2275.989: [GC (Allocation Failure) [PSYoungGen: 237760K->272K(238080K)] 562216K->324776K(622592K), 0.0060461 secs] [Times: user=0.01 sys=0.00, real=0.00 secs] 
2024-07-05T01:26:07.470+0800: 2276.181: [GC (Allocation Failure) [PSYoungGen: 237840K->192K(238080K)] 562344K->324852K(622592K), 0.0056304 secs] [Times: user=0.01 sys=0.00, real=0.01 secs] 
2024-07-05T01:26:07.653+0800: 2276.363: [GC (Allocation Failure) [PSYoungGen: 237760K->224K(238080K)] 562420K->324940K(622592K), 0.0032813 secs] [Times: user=0.00 sys=0.00, real=0.01 secs] 
2024-07-05T01:26:07.828+0800: 2276.539: [GC (Allocation Failure) [PSYoungGen: 237792K->224K(238080K)] 562508K->325032K(622592K), 0.0057367 secs] [Times: user=0.01 sys=0.00, real=0.01 secs] 
2024-07-05T01:26:08.005+0800: 2276.715: [GC (Allocation Failure) [PSYoungGen: 237792K->192K(238080K)] 562600K->325116K(622592K), 0.0033467 secs] [Times: user=0.00 sys=0.00, real=0.01 secs] 
2024-07-05T01:26:08.182+0800: 2276.892: [GC (Allocation Failure) [PSYoungGen: 237760K->256K(238080K)] 562684K->325220K(622592K), 0.0049147 secs] [Times: user=0.01 sys=0.00, real=0.01 secs] 
2024-07-05T01:26:08.362+0800: 2277.073: [GC (Allocation Failure) [PSYoungGen: 237824K->192K(238080K)] 562788K->325300K(622592K), 0.0054859 secs] [Times: user=0.01 sys=0.00, real=0.01 secs] 
2024-07-05T01:26:08.549+0800: 2277.259: [GC (Allocation Failure) [PSYoungGen: 237760K->192K(238080K)] 562868K->325380K(622592K), 0.0033361 secs] [Times: user=0.01 sys=0.00, real=0.00 secs] 
2024-07-05T01:26:08.734+0800: 2277.445: [GC (Allocation Failure) [PSYoungGen: 237760K->288K(238080K)] 562948K->325516K(622592K), 0.0033676 secs] [Times: user=0.00 sys=0.00, real=0.00 secs] 
2024-07-05T01:26:08.914+0800: 2277.625: [GC (Allocation Failure) [PSYoungGen: 237856K->192K(238080K)] 563084K->325576K(622592K), 0.0059280 secs] [Times: user=0.01 sys=0.00, real=0.00 secs] 
2024-07-05T01:26:09.095+0800: 2277.806: [GC (Allocation Failure) [PSYoungGen: 237760K->240K(238080K)] 563144K->325680K(622592K), 0.0050274 secs] [Times: user=0.00 sys=0.00, real=0.00 secs] 
2024-07-05T01:26:09.278+0800: 2277.989: [GC (Allocation Failure) [PSYoungGen: 237808K->224K(238080K)] 563248K->325760K(622592K), 0.0050240 secs] [Times: user=0.00 sys=0.00, real=0.00 secs] 
2024-07-05T01:26:09.458+0800: 2278.169: [GC (Allocation Failure) [PSYoungGen: 237792K->192K(238080K)] 563328K->325840K(622592K), 0.0050209 secs] [Times: user=0.01 sys=0.00, real=0.00 secs] 
2024-07-05T01:26:09.658+0800: 2278.368: [GC (Allocation Failure) [PSYoungGen: 237760K->256K(238080K)] 563408K->325960K(622592K), 0.0053309 secs] [Times: user=0.01 sys=0.00, real=0.00 secs] 
2024-07-05T01:26:09.844+0800: 2278.554: [GC (Allocation Failure) [PSYoungGen: 237824K->256K(238080K)] 563528K->326060K(622592K), 0.0048719 secs] [Times: user=0.00 sys=0.00, real=0.01 secs] 
2024-07-05T01:26:10.023+0800: 2278.733: [GC (Allocation Failure) [PSYoungGen: 237824K->192K(238080K)] 563628K->326116K(622592K), 0.0045178 secs] [Times: user=0.00 sys=0.00, real=0.01 secs] 
2024-07-05T01:26:10.207+0800: 2278.917: [GC (Allocation Failure) [PSYoungGen: 237760K->256K(238080K)] 563684K->326228K(622592K), 0.0032881 secs] [Times: user=0.01 sys=0.00, real=0.00 secs] 
2024-07-05T01:26:10.394+0800: 2279.105: [GC (Allocation Failure) [PSYoungGen: 237824K->192K(238080K)] 563796K->326321K(622592K), 0.0063136 secs] [Times: user=0.01 sys=0.00, real=0.00 secs] 
2024-07-05T01:26:10.590+0800: 2279.301: [GC (Allocation Failure) [PSYoungGen: 237760K->224K(238080K)] 563889K->326409K(622592K), 0.0046558 secs] [Times: user=0.00 sys=0.00, real=0.01 secs] 
2024-07-05T01:26:10.774+0800: 2279.485: [GC (Allocation Failure) [PSYoungGen: 237792K->256K(238080K)] 563977K->326533K(622592K), 0.0049550 secs] [Times: user=0.01 sys=0.00, real=0.00 secs] 
2024-07-05T01:26:10.955+0800: 2279.666: [GC (Allocation Failure) [PSYoungGen: 237824K->192K(238080K)] 564101K->326589K(622592K), 0.0046038 secs] [Times: user=0.01 sys=0.00, real=0.00 secs] 
2024-07-05T01:26:11.134+0800: 2279.845: [GC (Allocation Failure) [PSYoungGen: 237760K->224K(238080K)] 564157K->326677K(622592K), 0.0051012 secs] [Times: user=0.01 sys=0.00, real=0.00 secs] 
2024-07-05T01:26:11.314+0800: 2280.025: [GC (Allocation Failure) [PSYoungGen: 237792K->240K(238080K)] 564245K->326793K(622592K), 0.0050919 secs] [Times: user=0.01 sys=0.00, real=0.00 secs] 
2024-07-05T01:26:11.494+0800: 2280.205: [GC (Allocation Failure) [PSYoungGen: 237808K->192K(238080K)] 564361K->326865K(622592K), 0.0033949 secs] [Times: user=0.01 sys=0.00, real=0.00 secs] 
2024-07-05T01:26:11.673+0800: 2280.383: [GC (Allocation Failure) [PSYoungGen: 237760K->288K(238080K)] 564433K->327009K(622592K), 0.0039024 secs] [Times: user=0.01 sys=0.00, real=0.01 secs] 
2024-07-05T01:26:11.860+0800: 2280.570: [GC (Allocation Failure) [PSYoungGen: 237856K->192K(238080K)] 564577K->327065K(622592K), 0.0061930 secs] [Times: user=0.00 sys=0.00, real=0.01 secs] 
2024-07-05T01:26:12.051+0800: 2280.761: [GC (Allocation Failure) [PSYoungGen: 237760K->240K(238080K)] 564633K->327169K(622592K), 0.0055519 secs] [Times: user=0.01 sys=0.00, real=0.01 secs] 
2024-07-05T01:26:12.239+0800: 2280.950: [GC (Allocation Failure) [PSYoungGen: 237808K->224K(238080K)] 564737K->327249K(622592K), 0.0054719 secs] [Times: user=0.01 sys=0.00, real=0.00 secs] 
2024-07-05T01:26:12.420+0800: 2281.131: [GC (Allocation Failure) [PSYoungGen: 237792K->192K(238080K)] 564817K->327337K(622592K), 0.0042044 secs] [Times: user=0.01 sys=0.00, real=0.00 secs] 
2024-07-05T01:26:12.610+0800: 2281.321: [GC (Allocation Failure) [PSYoungGen: 237760K->352K(238080K)] 564905K->327561K(622592K), 0.0033915 secs] [Times: user=0.00 sys=0.00, real=0.01 secs] 
2024-07-05T01:26:12.786+0800: 2281.497: [GC (Allocation Failure) [PSYoungGen: 237920K->224K(238080K)] 565129K->327633K(622592K), 0.0033475 secs] [Times: user=0.01 sys=0.00, real=0.00 secs] 
2024-07-05T01:26:12.963+0800: 2281.673: [GC (Allocation Failure) [PSYoungGen: 237792K->192K(238080K)] 565201K->327717K(622592K), 0.0033649 secs] [Times: user=0.01 sys=0.00, real=0.01 secs] 
2024-07-05T01:26:13.149+0800: 2281.860: [GC (Allocation Failure) [PSYoungGen: 237760K->272K(238080K)] 565285K->327845K(622592K), 0.0034689 secs] [Times: user=0.00 sys=0.00, real=0.00 secs] 
2024-07-05T01:26:13.330+0800: 2282.041: [GC (Allocation Failure) [PSYoungGen: 237840K->192K(238080K)] 565413K->327917K(622592K), 0.0053124 secs] [Times: user=0.01 sys=0.00, real=0.01 secs] 
2024-07-05T01:26:13.514+0800: 2282.225: [GC (Allocation Failure) [PSYoungGen: 237760K->208K(238080K)] 565485K->327989K(622592K), 0.0053524 secs] [Times: user=0.01 sys=0.00, real=0.00 secs] 
2024-07-05T01:26:13.695+0800: 2282.406: [GC (Allocation Failure) [PSYoungGen: 237776K->224K(238080K)] 565557K->328101K(622592K), 0.0035804 secs] [Times: user=0.00 sys=0.00, real=0.00 secs] 
2024-07-05T01:26:13.872+0800: 2282.582: [GC (Allocation Failure) [PSYoungGen: 237792K->192K(238080K)] 565669K->328177K(622592K), 0.0034652 secs] [Times: user=0.01 sys=0.00, real=0.01 secs] 
2024-07-05T01:26:14.050+0800: 2282.761: [GC (Allocation Failure) [PSYoungGen: 237760K->240K(238080K)] 565745K->328289K(622592K), 0.0052345 secs] [Times: user=0.01 sys=0.00, real=0.01 secs] 
2024-07-05T01:26:14.230+0800: 2282.941: [GC (Allocation Failure) [PSYoungGen: 237808K->224K(238080K)] 565857K->328373K(622592K), 0.0044830 secs] [Times: user=0.01 sys=0.00, real=0.01 secs] 
2024-07-05T01:26:14.406+0800: 2283.116: [GC (Allocation Failure) [PSYoungGen: 237792K->192K(238080K)] 565941K->328457K(622592K), 0.0054339 secs] [Times: user=0.00 sys=0.00, real=0.01 secs] 
2024-07-05T01:26:14.590+0800: 2283.301: [GC (Allocation Failure) [PSYoungGen: 237760K->256K(238080K)] 566025K->328569K(622592K), 0.0053756 secs] [Times: user=0.01 sys=0.00, real=0.01 secs] 
2024-07-05T01:26:14.778+0800: 2283.489: [GC (Allocation Failure) [PSYoungGen: 237824K->192K(238080K)] 566137K->328661K(622592K), 0.0058034 secs] [Times: user=0.01 sys=0.00, real=0.00 secs] 
2024-07-05T01:26:14.964+0800: 2283.675: [GC (Allocation Failure) [PSYoungGen: 237760K->224K(238080K)] 566229K->328749K(622592K), 0.0035116 secs] [Times: user=0.00 sys=0.00, real=0.01 secs] 
2024-07-05T01:26:15.155+0800: 2283.865: [GC (Allocation Failure) [PSYoungGen: 237792K->240K(238080K)] 566317K->328861K(622592K), 0.0048571 secs] [Times: user=0.00 sys=0.00, real=0.00 secs] 
2024-07-05T01:26:15.337+0800: 2284.047: [GC (Allocation Failure) [PSYoungGen: 237808K->192K(238080K)] 566429K->328921K(622592K), 0.0038666 secs] [Times: user=0.00 sys=0.00, real=0.00 secs] 
2024-07-05T01:26:15.514+0800: 2284.225: [GC (Allocation Failure) [PSYoungGen: 237760K->240K(238080K)] 566489K->329025K(622592K), 0.0057480 secs] [Times: user=0.01 sys=0.00, real=0.00 secs] 
2024-07-05T01:26:15.710+0800: 2284.421: [GC (Allocation Failure) [PSYoungGen: 237808K->256K(238080K)] 566593K->329137K(622592K), 0.0049615 secs] [Times: user=0.01 sys=0.00, real=0.01 secs] 
2024-07-05T01:26:15.886+0800: 2284.596: [GC (Allocation Failure) [PSYoungGen: 237824K->192K(238080K)] 566705K->329189K(622592K), 0.0034657 secs] [Times: user=0.00 sys=0.00, real=0.01 secs] 
2024-07-05T01:26:16.062+0800: 2284.773: [GC (Allocation Failure) [PSYoungGen: 237760K->256K(238080K)] 566757K->329293K(622592K), 0.0057511 secs] [Times: user=0.01 sys=0.00, real=0.01 secs] 
2024-07-05T01:26:16.248+0800: 2284.959: [GC (Allocation Failure) [PSYoungGen: 237824K->192K(238080K)] 566861K->329381K(622592K), 0.0039060 secs] [Times: user=0.00 sys=0.00, real=0.00 secs] 
2024-07-05T01:26:16.427+0800: 2285.138: [GC (Allocation Failure) [PSYoungGen: 237760K->224K(238080K)] 566949K->329477K(622592K), 0.0051278 secs] [Times: user=0.00 sys=0.00, real=0.00 secs] 
2024-07-05T01:26:16.606+0800: 2285.317: [GC (Allocation Failure) [PSYoungGen: 237792K->240K(238080K)] 567045K->329586K(622592K), 0.0062147 secs] [Times: user=0.01 sys=0.00, real=0.00 secs] 
2024-07-05T01:26:16.786+0800: 2285.497: [GC (Allocation Failure) [PSYoungGen: 237808K->192K(238080K)] 567154K->329650K(622592K), 0.0055908 secs] [Times: user=0.01 sys=0.00, real=0.00 secs] 
2024-07-05T01:26:16.970+0800: 2285.680: [GC (Allocation Failure) [PSYoungGen: 237760K->240K(238080K)] 567218K->329754K(622592K), 0.0034913 secs] [Times: user=0.01 sys=0.00, real=0.00 secs] 
2024-07-05T01:26:17.146+0800: 2285.857: [GC (Allocation Failure) [PSYoungGen: 237808K->224K(238080K)] 567322K->329830K(622592K), 0.0034840 secs] [Times: user=0.01 sys=0.00, real=0.00 secs] 
2024-07-05T01:26:17.326+0800: 2286.037: [GC (Allocation Failure) [PSYoungGen: 237792K->192K(238080K)] 567398K->329914K(622592K), 0.0052222 secs] [Times: user=0.01 sys=0.00, real=0.00 secs] 
2024-07-05T01:26:17.509+0800: 2286.219: [GC (Allocation Failure) [PSYoungGen: 237760K->288K(238080K)] 567482K->330058K(622592K), 0.0052113 secs] [Times: user=0.01 sys=0.00, real=0.01 secs] 
2024-07-05T01:26:17.713+0800: 2286.424: [GC (Allocation Failure) [PSYoungGen: 237856K->192K(238080K)] 567626K->330114K(622592K), 0.0034576 secs] [Times: user=0.01 sys=0.00, real=0.01 secs] 
2024-07-05T01:26:17.895+0800: 2286.606: [GC (Allocation Failure) [PSYoungGen: 237760K->192K(238080K)] 567682K->330194K(622592K), 0.0034605 secs] [Times: user=0.00 sys=0.00, real=0.00 secs] 
2024-07-05T01:26:18.089+0800: 2286.799: [GC (Allocation Failure) [PSYoungGen: 237760K->272K(238080K)] 567762K->330322K(622592K), 0.0033145 secs] [Times: user=0.00 sys=0.00, real=0.00 secs] 
2024-07-05T01:26:18.266+0800: 2286.976: [GC (Allocation Failure) [PSYoungGen: 237840K->192K(238080K)] 567890K->330402K(622592K), 0.0034125 secs] [Times: user=0.00 sys=0.00, real=0.00 secs] 
2024-07-05T01:26:18.449+0800: 2287.159: [GC (Allocation Failure) [PSYoungGen: 237760K->208K(238080K)] 567970K->330474K(622592K), 0.0042738 secs] [Times: user=0.01 sys=0.00, real=0.00 secs] 
2024-07-05T01:26:18.630+0800: 2287.341: [GC (Allocation Failure) [PSYoungGen: 237776K->224K(238080K)] 568042K->330582K(622592K), 0.0060661 secs] [Times: user=0.01 sys=0.00, real=0.01 secs] 
2024-07-05T01:26:18.808+0800: 2287.519: [GC (Allocation Failure) [PSYoungGen: 237792K->192K(238080K)] 568150K->330666K(622592K), 0.0033129 secs] [Times: user=0.00 sys=0.00, real=0.00 secs] 
2024-07-05T01:26:18.988+0800: 2287.698: [GC (Allocation Failure) [PSYoungGen: 237760K->240K(238080K)] 568234K->330762K(622592K), 0.0047226 secs] [Times: user=0.01 sys=0.00, real=0.00 secs] 
2024-07-05T01:26:19.169+0800: 2287.880: [GC (Allocation Failure) [PSYoungGen: 237808K->192K(238080K)] 568330K->330862K(622592K), 0.0034442 secs] [Times: user=0.01 sys=0.00, real=0.00 secs] 
2024-07-05T01:26:19.354+0800: 2288.065: [GC (Allocation Failure) [PSYoungGen: 237760K->160K(238080K)] 568430K->330902K(622592K), 0.0051183 secs] [Times: user=0.00 sys=0.00, real=0.00 secs] 
2024-07-05T01:26:19.542+0800: 2288.253: [GC (Allocation Failure) [PSYoungGen: 237728K->272K(238080K)] 568470K->331062K(622592K), 0.0045735 secs] [Times: user=0.01 sys=0.00, real=0.01 secs] 
2024-07-05T01:26:19.727+0800: 2288.437: [GC (Allocation Failure) [PSYoungGen: 237840K->192K(238080K)] 568630K->331138K(622592K), 0.0052601 secs] [Times: user=0.01 sys=0.00, real=0.00 secs] 
2024-07-05T01:26:19.921+0800: 2288.631: [GC (Allocation Failure) [PSYoungGen: 237760K->208K(238080K)] 568706K->331218K(622592K), 0.0037586 secs] [Times: user=0.00 sys=0.00, real=0.00 secs] 
2024-07-05T01:26:20.099+0800: 2288.809: [GC (Allocation Failure) [PSYoungGen: 237776K->256K(238080K)] 568786K->331362K(622592K), 0.0050786 secs] [Times: user=0.01 sys=0.00, real=0.00 secs] 
2024-07-05T01:26:20.278+0800: 2288.989: [GC (Allocation Failure) [PSYoungGen: 237824K->192K(238080K)] 568930K->331418K(622592K), 0.0057419 secs] [Times: user=0.00 sys=0.00, real=0.00 secs] 
2024-07-05T01:26:20.462+0800: 2289.173: [GC (Allocation Failure) [PSYoungGen: 237760K->272K(238080K)] 568986K->331546K(622592K), 0.0050066 secs] [Times: user=0.01 sys=0.00, real=0.01 secs] 
2024-07-05T01:26:20.650+0800: 2289.361: [GC (Allocation Failure) [PSYoungGen: 237840K->192K(238080K)] 569114K->331610K(622592K), 0.0032690 secs] [Times: user=0.01 sys=0.00, real=0.00 secs] 
2024-07-05T01:26:20.830+0800: 2289.541: [GC (Allocation Failure) [PSYoungGen: 237760K->192K(238080K)] 569178K->331690K(622592K), 0.0055364 secs] [Times: user=0.01 sys=0.00, real=0.01 secs] 
2024-07-05T01:26:21.010+0800: 2289.721: [GC (Allocation Failure) [PSYoungGen: 237760K->288K(238080K)] 569258K->331826K(622592K), 0.0033099 secs] [Times: user=0.01 sys=0.00, real=0.00 secs] 
2024-07-05T01:26:21.191+0800: 2289.902: [GC (Allocation Failure) [PSYoungGen: 237856K->192K(238080K)] 569394K->331886K(622592K), 0.0052425 secs] [Times: user=0.01 sys=0.00, real=0.01 secs] 
2024-07-05T01:26:21.374+0800: 2290.085: [GC (Allocation Failure) [PSYoungGen: 237760K->224K(238080K)] 569454K->331982K(622592K), 0.0057633 secs] [Times: user=0.00 sys=0.00, real=0.00 secs] 
2024-07-05T01:26:21.553+0800: 2290.264: [GC (Allocation Failure) [PSYoungGen: 237792K->224K(238080K)] 569550K->332070K(622592K), 0.0033239 secs] [Times: user=0.01 sys=0.00, real=0.01 secs] 
2024-07-05T01:26:21.735+0800: 2290.446: [GC (Allocation Failure) [PSYoungGen: 237792K->192K(238080K)] 569638K->332162K(622592K), 0.0033093 secs] [Times: user=0.01 sys=0.00, real=0.00 secs] 
2024-07-05T01:26:21.912+0800: 2290.622: [GC (Allocation Failure) [PSYoungGen: 237760K->272K(238080K)] 569730K->332282K(622592K), 0.0047386 secs] [Times: user=0.00 sys=0.00, real=0.01 secs] 
2024-07-05T01:26:22.092+0800: 2290.803: [GC (Allocation Failure) [PSYoungGen: 237840K->192K(238080K)] 569850K->332354K(622592K), 0.0032841 secs] [Times: user=0.01 sys=0.00, real=0.01 secs] 
2024-07-05T01:26:22.277+0800: 2290.988: [GC (Allocation Failure) [PSYoungGen: 237760K->192K(238080K)] 569922K->332426K(622592K), 0.0059229 secs] [Times: user=0.01 sys=0.00, real=0.00 secs] 
2024-07-05T01:26:22.462+0800: 2291.173: [GC (Allocation Failure) [PSYoungGen: 237760K->288K(238080K)] 569994K->332570K(622592K), 0.0032783 secs] [Times: user=0.00 sys=0.00, real=0.00 secs] 
2024-07-05T01:26:22.640+0800: 2291.351: [GC (Allocation Failure) [PSYoungGen: 237856K->192K(238080K)] 570138K->332630K(622592K), 0.0032926 secs] [Times: user=0.00 sys=0.00, real=0.00 secs] 
2024-07-05T01:26:22.823+0800: 2291.534: [GC (Allocation Failure) [PSYoungGen: 237760K->192K(238080K)] 570198K->332702K(622592K), 0.0032935 secs] [Times: user=0.00 sys=0.00, real=0.01 secs] 
2024-07-05T01:26:23.002+0800: 2291.713: [GC (Allocation Failure) [PSYoungGen: 237760K->288K(238080K)] 570270K->332847K(622592K), 0.0063701 secs] [Times: user=0.00 sys=0.00, real=0.01 secs] 
2024-07-05T01:26:23.184+0800: 2291.894: [GC (Allocation Failure) [PSYoungGen: 237856K->160K(238080K)] 570415K->332883K(622592K), 0.0035575 secs] [Times: user=0.01 sys=0.00, real=0.01 secs] 
2024-07-05T01:26:23.380+0800: 2292.090: [GC (Allocation Failure) [PSYoungGen: 237728K->352K(238080K)] 570451K->333115K(622592K), 0.0032110 secs] [Times: user=0.00 sys=0.00, real=0.00 secs] 
2024-07-05T01:26:23.556+0800: 2292.267: [GC (Allocation Failure) [PSYoungGen: 237920K->192K(238080K)] 570683K->333203K(622592K), 0.0031941 secs] [Times: user=0.00 sys=0.00, real=0.00 secs] 
2024-07-05T01:26:23.742+0800: 2292.453: [GC (Allocation Failure) [PSYoungGen: 237760K->192K(238080K)] 570771K->333283K(622592K), 0.0058099 secs] [Times: user=0.01 sys=0.00, real=0.01 secs] 
2024-07-05T01:26:23.922+0800: 2292.632: [GC (Allocation Failure) [PSYoungGen: 237760K->288K(238080K)] 570851K->333419K(622592K), 0.0041342 secs] [Times: user=0.00 sys=0.00, real=0.01 secs] 
2024-07-05T01:26:24.103+0800: 2292.814: [GC (Allocation Failure) [PSYoungGen: 237856K->160K(238080K)] 570987K->333443K(622592K), 0.0057740 secs] [Times: user=0.01 sys=0.00, real=0.01 secs] 
2024-07-05T01:26:24.288+0800: 2292.998: [GC (Allocation Failure) [PSYoungGen: 237728K->192K(238080K)] 571011K->333555K(622592K), 0.0069714 secs] [Times: user=0.01 sys=0.00, real=0.01 secs] 
2024-07-05T01:26:24.470+0800: 2293.181: [GC (Allocation Failure) [PSYoungGen: 237760K->288K(238080K)] 571123K->333699K(622592K), 0.0055078 secs] [Times: user=0.01 sys=0.00, real=0.01 secs] 
2024-07-05T01:26:24.656+0800: 2293.366: [GC (Allocation Failure) [PSYoungGen: 237856K->192K(238080K)] 571267K->333771K(622592K), 0.0056038 secs] [Times: user=0.00 sys=0.00, real=0.00 secs] 
2024-07-05T01:26:24.837+0800: 2293.548: [GC (Allocation Failure) [PSYoungGen: 237760K->288K(238080K)] 571339K->333907K(622592K), 0.0055897 secs] [Times: user=0.00 sys=0.00, real=0.00 secs] 
2024-07-05T01:26:25.020+0800: 2293.731: [GC (Allocation Failure) [PSYoungGen: 237856K->192K(238080K)] 571475K->333955K(622592K), 0.0043320 secs] [Times: user=0.00 sys=0.00, real=0.00 secs] 
2024-07-05T01:26:25.199+0800: 2293.910: [GC (Allocation Failure) [PSYoungGen: 237760K->192K(238080K)] 571523K->334027K(622592K), 0.0033662 secs] [Times: user=0.01 sys=0.00, real=0.00 secs] 
2024-07-05T01:26:25.381+0800: 2294.091: [GC (Allocation Failure) [PSYoungGen: 237760K->272K(238080K)] 571595K->334155K(622592K), 0.0054875 secs] [Times: user=0.00 sys=0.00, real=0.01 secs] 
2024-07-05T01:26:25.573+0800: 2294.284: [GC (Allocation Failure) [PSYoungGen: 237840K->192K(238080K)] 571723K->334235K(622592K), 0.0032620 secs] [Times: user=0.00 sys=0.00, real=0.01 secs] 
2024-07-05T01:26:25.753+0800: 2294.464: [GC (Allocation Failure) [PSYoungGen: 237760K->192K(238080K)] 571803K->334307K(622592K), 0.0032484 secs] [Times: user=0.00 sys=0.00, real=0.01 secs] 
2024-07-05T01:26:25.938+0800: 2294.649: [GC (Allocation Failure) [PSYoungGen: 237760K->272K(238080K)] 571875K->334427K(622592K), 0.0060975 secs] [Times: user=0.01 sys=0.00, real=0.00 secs] 
2024-07-05T01:26:26.127+0800: 2294.838: [GC (Allocation Failure) [PSYoungGen: 237840K->192K(238080K)] 571995K->334515K(622592K), 0.0063918 secs] [Times: user=0.00 sys=0.00, real=0.01 secs] 
2024-07-05T01:26:26.321+0800: 2295.032: [GC (Allocation Failure) [PSYoungGen: 237760K->256K(238080K)] 572083K->334619K(622592K), 0.0036115 secs] [Times: user=0.01 sys=0.00, real=0.00 secs] 
2024-07-05T01:26:26.507+0800: 2295.218: [GC (Allocation Failure) [PSYoungGen: 237824K->192K(238080K)] 572187K->334699K(622592K), 0.0049381 secs] [Times: user=0.00 sys=0.00, real=0.00 secs] 
2024-07-05T01:26:26.694+0800: 2295.404: [GC (Allocation Failure) [PSYoungGen: 237760K->192K(238080K)] 572267K->334771K(622592K), 0.0047751 secs] [Times: user=0.01 sys=0.00, real=0.01 secs] 
2024-07-05T01:26:26.875+0800: 2295.585: [GC (Allocation Failure) [PSYoungGen: 237760K->288K(238080K)] 572339K->334915K(622592K), 0.0047625 secs] [Times: user=0.00 sys=0.00, real=0.00 secs] 
2024-07-05T01:26:27.058+0800: 2295.769: [GC (Allocation Failure) [PSYoungGen: 237856K->192K(238080K)] 572483K->334971K(622592K), 0.0032430 secs] [Times: user=0.00 sys=0.00, real=0.00 secs] 
2024-07-05T01:26:27.235+0800: 2295.946: [GC (Allocation Failure) [PSYoungGen: 237760K->192K(238080K)] 572539K->335051K(622592K), 0.0049222 secs] [Times: user=0.00 sys=0.00, real=0.00 secs] 
2024-07-05T01:26:27.422+0800: 2296.132: [GC (Allocation Failure) [PSYoungGen: 237760K->304K(238080K)] 572619K->335211K(622592K), 0.0037726 secs] [Times: user=0.00 sys=0.00, real=0.00 secs] 
2024-07-05T01:26:27.602+0800: 2296.313: [GC (Allocation Failure) [PSYoungGen: 237872K->192K(238080K)] 572779K->335263K(622592K), 0.0058112 secs] [Times: user=0.00 sys=0.00, real=0.01 secs] 
2024-07-05T01:26:27.789+0800: 2296.499: [GC (Allocation Failure) [PSYoungGen: 237760K->256K(238080K)] 572831K->335375K(622592K), 0.0036283 secs] [Times: user=0.01 sys=0.00, real=0.00 secs] 
2024-07-05T01:26:27.970+0800: 2296.681: [GC (Allocation Failure) [PSYoungGen: 237824K->192K(238080K)] 572943K->335455K(622592K), 0.0057561 secs] [Times: user=0.01 sys=0.00, real=0.01 secs] 
2024-07-05T01:26:28.147+0800: 2296.858: [GC (Allocation Failure) [PSYoungGen: 237760K->192K(238080K)] 573023K->335527K(622592K), 0.0047701 secs] [Times: user=0.01 sys=0.00, real=0.00 secs] 
2024-07-05T01:26:28.330+0800: 2297.041: [GC (Allocation Failure) [PSYoungGen: 237760K->240K(238080K)] 573095K->335623K(622592K), 0.0033347 secs] [Times: user=0.00 sys=0.00, real=0.00 secs] 
2024-07-05T01:26:28.515+0800: 2297.226: [GC (Allocation Failure) [PSYoungGen: 237808K->192K(238080K)] 573191K->335723K(622592K), 0.0042947 secs] [Times: user=0.01 sys=0.00, real=0.00 secs] 
2024-07-05T01:26:28.702+0800: 2297.413: [GC (Allocation Failure) [PSYoungGen: 237760K->192K(238080K)] 573291K->335795K(622592K), 0.0059293 secs] [Times: user=0.01 sys=0.00, real=0.01 secs] 
2024-07-05T01:26:28.887+0800: 2297.598: [GC (Allocation Failure) [PSYoungGen: 237760K->288K(238080K)] 573363K->335939K(622592K), 0.0067666 secs] [Times: user=0.01 sys=0.00, real=0.01 secs] 
2024-07-05T01:26:29.078+0800: 2297.789: [GC (Allocation Failure) [PSYoungGen: 237856K->192K(238080K)] 573507K->336008K(622592K), 0.0055021 secs] [Times: user=0.00 sys=0.00, real=0.00 secs] 
2024-07-05T01:26:29.262+0800: 2297.973: [GC (Allocation Failure) [PSYoungGen: 237760K->256K(238080K)] 573576K->336112K(622592K), 0.0056189 secs] [Times: user=0.00 sys=0.00, real=0.01 secs] 
2024-07-05T01:26:29.440+0800: 2298.151: [GC (Allocation Failure) [PSYoungGen: 237824K->192K(238080K)] 573680K->336192K(622592K), 0.0038250 secs] [Times: user=0.01 sys=0.00, real=0.00 secs] 
2024-07-05T01:26:29.630+0800: 2298.341: [GC (Allocation Failure) [PSYoungGen: 237760K->192K(238080K)] 573760K->336264K(622592K), 0.0060237 secs] [Times: user=0.01 sys=0.00, real=0.01 secs] 
2024-07-05T01:26:29.830+0800: 2298.541: [GC (Allocation Failure) [PSYoungGen: 237760K->256K(238080K)] 573832K->336368K(622592K), 0.0058561 secs] [Times: user=0.01 sys=0.00, real=0.01 secs] 
2024-07-05T01:26:30.009+0800: 2298.719: [GC (Allocation Failure) [PSYoungGen: 237824K->192K(238080K)] 573936K->336456K(622592K), 0.0036020 secs] [Times: user=0.01 sys=0.00, real=0.00 secs] 
2024-07-05T01:26:30.190+0800: 2298.900: [GC (Allocation Failure) [PSYoungGen: 237760K->192K(238080K)] 574024K->336528K(622592K), 0.0031597 secs] [Times: user=0.00 sys=0.00, real=0.00 secs] 
2024-07-05T01:26:30.370+0800: 2299.081: [GC (Allocation Failure) [PSYoungGen: 237760K->256K(238080K)] 574096K->336640K(622592K), 0.0048834 secs] [Times: user=0.00 sys=0.00, real=0.01 secs] 
2024-07-05T01:26:30.553+0800: 2299.263: [GC (Allocation Failure) [PSYoungGen: 237824K->192K(238080K)] 574208K->336736K(622592K), 0.0037768 secs] [Times: user=0.00 sys=0.00, real=0.01 secs] 
2024-07-05T01:26:30.742+0800: 2299.453: [GC (Allocation Failure) [PSYoungGen: 237760K->224K(238080K)] 574304K->336824K(622592K), 0.0048163 secs] [Times: user=0.01 sys=0.00, real=0.01 secs] 
2024-07-05T01:26:30.922+0800: 2299.633: [GC (Allocation Failure) [PSYoungGen: 237792K->256K(238080K)] 574392K->336952K(622592K), 0.0044665 secs] [Times: user=0.00 sys=0.00, real=0.01 secs] 
2024-07-05T01:26:31.098+0800: 2299.809: [GC (Allocation Failure) [PSYoungGen: 237824K->192K(238080K)] 574520K->337004K(622592K), 0.0045869 secs] [Times: user=0.01 sys=0.00, real=0.00 secs] 
2024-07-05T01:26:31.279+0800: 2299.989: [GC (Allocation Failure) [PSYoungGen: 237760K->272K(238080K)] 574572K->337124K(622592K), 0.0048475 secs] [Times: user=0.00 sys=0.00, real=0.00 secs] 
2024-07-05T01:26:31.458+0800: 2300.169: [GC (Allocation Failure) [PSYoungGen: 237840K->192K(238080K)] 574692K->337192K(622592K), 0.0032185 secs] [Times: user=0.00 sys=0.00, real=0.00 secs] 
2024-07-05T01:26:31.641+0800: 2300.352: [GC (Allocation Failure) [PSYoungGen: 237760K->192K(238080K)] 574760K->337264K(622592K), 0.0038922 secs] [Times: user=0.00 sys=0.00, real=0.00 secs] 
2024-07-05T01:26:31.820+0800: 2300.530: [GC (Allocation Failure) [PSYoungGen: 237760K->240K(238080K)] 574832K->337352K(622592K), 0.0055963 secs] [Times: user=0.01 sys=0.00, real=0.00 secs] 
2024-07-05T01:26:32.000+0800: 2300.710: [GC (Allocation Failure) [PSYoungGen: 237808K->160K(238080K)] 574920K->337424K(622592K), 0.0057773 secs] [Times: user=0.00 sys=0.01, real=0.01 secs] 
2024-07-05T01:26:32.188+0800: 2300.899: [GC (Allocation Failure) [PSYoungGen: 237728K->208K(238080K)] 574992K->337528K(622592K), 0.0059095 secs] [Times: user=0.01 sys=0.00, real=0.01 secs] 
2024-07-05T01:26:32.375+0800: 2301.086: [GC (Allocation Failure) [PSYoungGen: 237776K->224K(238080K)] 575096K->337640K(622592K), 0.0044955 secs] [Times: user=0.01 sys=0.00, real=0.00 secs] 
2024-07-05T01:26:32.560+0800: 2301.271: [GC (Allocation Failure) [PSYoungGen: 237792K->192K(238080K)] 575208K->337728K(622592K), 0.0038444 secs] [Times: user=0.01 sys=0.00, real=0.00 secs] 
2024-07-05T01:26:32.746+0800: 2301.457: [GC (Allocation Failure) [PSYoungGen: 237760K->256K(238080K)] 575296K->337832K(622592K), 0.0060491 secs] [Times: user=0.00 sys=0.00, real=0.00 secs] 
2024-07-05T01:26:32.926+0800: 2301.637: [GC (Allocation Failure) [PSYoungGen: 237824K->192K(238080K)] 575400K->337916K(622592K), 0.0062283 secs] [Times: user=0.01 sys=0.00, real=0.00 secs] 
2024-07-05T01:26:33.113+0800: 2301.824: [GC (Allocation Failure) [PSYoungGen: 237760K->160K(238080K)] 575484K->337956K(622592K), 0.0032631 secs] [Times: user=0.01 sys=0.00, real=0.01 secs] 
2024-07-05T01:26:33.298+0800: 2302.009: [GC (Allocation Failure) [PSYoungGen: 237728K->288K(238080K)] 575524K->338132K(622592K), 0.0049308 secs] [Times: user=0.01 sys=0.00, real=0.00 secs] 
2024-07-05T01:26:33.486+0800: 2302.197: [GC (Allocation Failure) [PSYoungGen: 237856K->192K(238080K)] 575700K->338192K(622592K), 0.0052899 secs] [Times: user=0.01 sys=0.00, real=0.00 secs] 
2024-07-05T01:26:33.667+0800: 2302.378: [GC (Allocation Failure) [PSYoungGen: 237760K->224K(238080K)] 575760K->338280K(622592K), 0.0048428 secs] [Times: user=0.01 sys=0.00, real=0.00 secs] 
2024-07-05T01:26:33.850+0800: 2302.561: [GC (Allocation Failure) [PSYoungGen: 237792K->256K(238080K)] 575848K->338408K(622592K), 0.0058606 secs] [Times: user=0.00 sys=0.00, real=0.01 secs] 
2024-07-05T01:26:34.026+0800: 2302.737: [GC (Allocation Failure) [PSYoungGen: 237824K->160K(238080K)] 575976K->338424K(622592K), 0.0050254 secs] [Times: user=0.01 sys=0.00, real=0.00 secs] 
2024-07-05T01:26:34.219+0800: 2302.930: [GC (Allocation Failure) [PSYoungGen: 237728K->352K(238080K)] 575992K->338656K(622592K), 0.0034111 secs] [Times: user=0.01 sys=0.00, real=0.00 secs] 
2024-07-05T01:26:34.416+0800: 2303.127: [GC (Allocation Failure) [PSYoungGen: 237920K->192K(238080K)] 576224K->338740K(622592K), 0.0041757 secs] [Times: user=0.01 sys=0.00, real=0.00 secs] 
2024-07-05T01:26:34.616+0800: 2303.326: [GC (Allocation Failure) [PSYoungGen: 237760K->192K(238080K)] 576308K->338820K(622592K), 0.0042331 secs] [Times: user=0.01 sys=0.00, real=0.00 secs] 
2024-07-05T01:26:34.809+0800: 2303.520: [GC (Allocation Failure) [PSYoungGen: 237760K->272K(238080K)] 576388K->338948K(622592K), 0.0033940 secs] [Times: user=0.00 sys=0.00, real=0.00 secs] 
2024-07-05T01:26:34.990+0800: 2303.701: [GC (Allocation Failure) [PSYoungGen: 237840K->192K(238080K)] 576516K->339028K(622592K), 0.0039291 secs] [Times: user=0.01 sys=0.00, real=0.01 secs] 
2024-07-05T01:26:35.170+0800: 2303.881: [GC (Allocation Failure) [PSYoungGen: 237760K->224K(238080K)] 576596K->339116K(622592K), 0.0033917 secs] [Times: user=0.01 sys=0.00, real=0.01 secs] 
2024-07-05T01:26:35.352+0800: 2304.063: [GC (Allocation Failure) [PSYoungGen: 237792K->208K(238080K)] 576684K->339197K(622592K), 0.0040635 secs] [Times: user=0.01 sys=0.00, real=0.01 secs] 
2024-07-05T01:26:35.567+0800: 2304.277: [GC (Allocation Failure) [PSYoungGen: 237776K->192K(238080K)] 576765K->339297K(622592K), 0.0041948 secs] [Times: user=0.01 sys=0.00, real=0.00 secs] 
2024-07-05T01:26:35.803+0800: 2304.514: [GC (Allocation Failure) [PSYoungGen: 237760K->240K(238080K)] 576865K->339393K(622592K), 0.0044544 secs] [Times: user=0.01 sys=0.00, real=0.01 secs] 
2024-07-05T01:26:36.042+0800: 2304.752: [GC (Allocation Failure) [PSYoungGen: 237808K->256K(238080K)] 576961K->339517K(622592K), 0.0052654 secs] [Times: user=0.01 sys=0.00, real=0.01 secs] 
2024-07-05T01:26:36.264+0800: 2304.974: [GC (Allocation Failure) [PSYoungGen: 237824K->240K(238080K)] 577085K->339601K(622592K), 0.0049801 secs] [Times: user=0.01 sys=0.00, real=0.01 secs] 
2024-07-05T01:26:36.493+0800: 2305.203: [GC (Allocation Failure) [PSYoungGen: 237808K->224K(238080K)] 577169K->339685K(622592K), 0.0040573 secs] [Times: user=0.01 sys=0.00, real=0.01 secs] 
2024-07-05T01:26:36.709+0800: 2305.420: [GC (Allocation Failure) [PSYoungGen: 237792K->192K(238080K)] 577253K->339761K(622592K), 0.0059451 secs] [Times: user=0.01 sys=0.00, real=0.01 secs] 
2024-07-05T01:26:36.944+0800: 2305.654: [GC (Allocation Failure) [PSYoungGen: 237760K->192K(238080K)] 577329K->339841K(622592K), 0.0063140 secs] [Times: user=0.01 sys=0.00, real=0.01 secs] 
2024-07-05T01:26:37.133+0800: 2305.843: [GC (Allocation Failure) [PSYoungGen: 237760K->288K(238080K)] 577409K->339985K(622592K), 0.0033063 secs] [Times: user=0.00 sys=0.00, real=0.01 secs] 
2024-07-05T01:26:37.326+0800: 2306.037: [GC (Allocation Failure) [PSYoungGen: 237856K->192K(238080K)] 577553K->340057K(622592K), 0.0068427 secs] [Times: user=0.01 sys=0.00, real=0.00 secs] 
2024-07-05T01:26:37.529+0800: 2306.240: [GC (Allocation Failure) [PSYoungGen: 237760K->240K(238080K)] 577625K->340153K(622592K), 0.0061763 secs] [Times: user=0.01 sys=0.00, real=0.01 secs] 
2024-07-05T01:26:37.720+0800: 2306.431: [GC (Allocation Failure) [PSYoungGen: 237808K->192K(238080K)] 577721K->340257K(622592K), 0.0045999 secs] [Times: user=0.01 sys=0.00, real=0.00 secs] 
2024-07-05T01:26:37.910+0800: 2306.621: [GC (Allocation Failure) [PSYoungGen: 237760K->192K(238080K)] 577825K->340329K(622592K), 0.0063558 secs] [Times: user=0.01 sys=0.00, real=0.01 secs] 
2024-07-05T01:26:38.097+0800: 2306.808: [GC (Allocation Failure) [PSYoungGen: 237760K->256K(238080K)] 577897K->340433K(622592K), 0.0035548 secs] [Times: user=0.01 sys=0.00, real=0.00 secs] 
2024-07-05T01:26:38.322+0800: 2307.032: [GC (Allocation Failure) [PSYoungGen: 237824K->192K(238080K)] 578001K->340525K(622592K), 0.0047457 secs] [Times: user=0.00 sys=0.01, real=0.01 secs] 
2024-07-05T01:26:38.561+0800: 2307.272: [GC (Allocation Failure) [PSYoungGen: 237760K->208K(238080K)] 578093K->340589K(622592K), 0.0045237 secs] [Times: user=0.01 sys=0.00, real=0.01 secs] 
2024-07-05T01:26:38.795+0800: 2307.506: [GC (Allocation Failure) [PSYoungGen: 237776K->224K(238080K)] 578157K->340701K(622592K), 0.0075457 secs] [Times: user=0.01 sys=0.00, real=0.00 secs] 
2024-07-05T01:26:39.022+0800: 2307.732: [GC (Allocation Failure) [PSYoungGen: 237792K->224K(238080K)] 578269K->340797K(622592K), 0.0066833 secs] [Times: user=0.00 sys=0.00, real=0.01 secs] 
2024-07-05T01:26:39.207+0800: 2307.918: [GC (Allocation Failure) [PSYoungGen: 237792K->192K(238080K)] 578365K->340869K(622592K), 0.0037437 secs] [Times: user=0.01 sys=0.00, real=0.00 secs] 
2024-07-05T01:26:39.385+0800: 2308.096: [GC (Allocation Failure) [PSYoungGen: 237760K->224K(238080K)] 578437K->340957K(622592K), 0.0036081 secs] [Times: user=0.00 sys=0.00, real=0.01 secs] 
2024-07-05T01:26:39.566+0800: 2308.276: [GC (Allocation Failure) [PSYoungGen: 237792K->224K(238080K)] 578525K->341057K(622592K), 0.0059007 secs] [Times: user=0.01 sys=0.00, real=0.00 secs] 
2024-07-05T01:26:39.762+0800: 2308.472: [GC (Allocation Failure) [PSYoungGen: 237792K->192K(238080K)] 578625K->341133K(622592K), 0.0046474 secs] [Times: user=0.01 sys=0.00, real=0.01 secs] 
2024-07-05T01:26:39.937+0800: 2308.647: [GC (Allocation Failure) [PSYoungGen: 237760K->208K(238080K)] 578701K->341213K(622592K), 0.0041274 secs] [Times: user=0.01 sys=0.00, real=0.00 secs] 
2024-07-05T01:26:40.115+0800: 2308.826: [GC (Allocation Failure) [PSYoungGen: 237776K->208K(238080K)] 578781K->341313K(622592K), 0.0037251 secs] [Times: user=0.01 sys=0.00, real=0.00 secs] 
2024-07-05T01:26:40.294+0800: 2309.005: [GC (Allocation Failure) [PSYoungGen: 237776K->192K(238080K)] 578881K->341401K(622592K), 0.0056693 secs] [Times: user=0.01 sys=0.00, real=0.00 secs] 
2024-07-05T01:26:40.476+0800: 2309.186: [GC (Allocation Failure) [PSYoungGen: 237760K->240K(238080K)] 578969K->341497K(622592K), 0.0036777 secs] [Times: user=0.01 sys=0.00, real=0.00 secs] 
2024-07-05T01:26:40.658+0800: 2309.369: [GC (Allocation Failure) [PSYoungGen: 237808K->192K(238080K)] 579065K->341597K(622592K), 0.0052981 secs] [Times: user=0.01 sys=0.00, real=0.00 secs] 
2024-07-05T01:26:40.842+0800: 2309.553: [GC (Allocation Failure) [PSYoungGen: 237760K->224K(238080K)] 579165K->341693K(622592K), 0.0054602 secs] [Times: user=0.01 sys=0.00, real=0.01 secs] 
2024-07-05T01:26:41.019+0800: 2309.729: [GC (Allocation Failure) [PSYoungGen: 237792K->256K(238080K)] 579261K->341817K(622592K), 0.0055112 secs] [Times: user=0.01 sys=0.00, real=0.00 secs] 
2024-07-05T01:26:41.193+0800: 2309.904: [GC (Allocation Failure) [PSYoungGen: 237824K->192K(238080K)] 579385K->341861K(622592K), 0.0036844 secs] [Times: user=0.01 sys=0.00, real=0.01 secs] 
2024-07-05T01:26:41.371+0800: 2310.081: [GC (Allocation Failure) [PSYoungGen: 237760K->240K(238080K)] 579429K->341973K(622592K), 0.0056433 secs] [Times: user=0.01 sys=0.00, real=0.01 secs] 
2024-07-05T01:26:41.550+0800: 2310.261: [GC (Allocation Failure) [PSYoungGen: 237808K->208K(238080K)] 579541K->342041K(622592K), 0.0038160 secs] [Times: user=0.00 sys=0.00, real=0.01 secs] 
2024-07-05T01:26:41.725+0800: 2310.435: [GC (Allocation Failure) [PSYoungGen: 237776K->192K(238080K)] 579609K->342137K(622592K), 0.0058268 secs] [Times: user=0.00 sys=0.00, real=0.01 secs] 
2024-07-05T01:26:41.906+0800: 2310.617: [GC (Allocation Failure) [PSYoungGen: 237760K->192K(238080K)] 579705K->342177K(622592K), 0.0037914 secs] [Times: user=0.01 sys=0.00, real=0.00 secs] 
2024-07-05T01:26:42.084+0800: 2310.795: [GC (Allocation Failure) [PSYoungGen: 237760K->224K(238080K)] 579745K->342318K(622592K), 0.0044919 secs] [Times: user=0.01 sys=0.00, real=0.01 secs] 
2024-07-05T01:26:42.262+0800: 2310.973: [GC (Allocation Failure) [PSYoungGen: 237792K->208K(238080K)] 579886K->342406K(622592K), 0.0056779 secs] [Times: user=0.01 sys=0.00, real=0.01 secs] 
2024-07-05T01:26:42.442+0800: 2311.153: [GC (Allocation Failure) [PSYoungGen: 237776K->208K(238080K)] 579974K->342506K(622592K), 0.0049145 secs] [Times: user=0.00 sys=0.00, real=0.01 secs] 
2024-07-05T01:26:42.622+0800: 2311.332: [GC (Allocation Failure) [PSYoungGen: 237776K->192K(238080K)] 580074K->342602K(622592K), 0.0037271 secs] [Times: user=0.01 sys=0.00, real=0.00 secs] 
2024-07-05T01:26:42.802+0800: 2311.513: [GC (Allocation Failure) [PSYoungGen: 237760K->240K(238080K)] 580170K->342714K(622592K), 0.0060511 secs] [Times: user=0.00 sys=0.00, real=0.01 secs] 
2024-07-05T01:26:42.983+0800: 2311.693: [GC (Allocation Failure) [PSYoungGen: 237808K->240K(238080K)] 580282K->342814K(622592K), 0.0057761 secs] [Times: user=0.01 sys=0.00, real=0.01 secs] 
2024-07-05T01:26:43.162+0800: 2311.873: [GC (Allocation Failure) [PSYoungGen: 237808K->192K(238080K)] 580382K->342886K(622592K), 0.0038006 secs] [Times: user=0.00 sys=0.00, real=0.01 secs] 
2024-07-05T01:26:43.341+0800: 2312.052: [GC (Allocation Failure) [PSYoungGen: 237760K->256K(238080K)] 580454K->343014K(622592K), 0.0036648 secs] [Times: user=0.00 sys=0.00, real=0.00 secs] 
2024-07-05T01:26:43.522+0800: 2312.233: [GC (Allocation Failure) [PSYoungGen: 237824K->224K(238080K)] 580582K->343090K(622592K), 0.0056543 secs] [Times: user=0.00 sys=0.00, real=0.01 secs] 
2024-07-05T01:26:43.705+0800: 2312.416: [GC (Allocation Failure) [PSYoungGen: 237792K->240K(238080K)] 580658K->343210K(622592K), 0.0036262 secs] [Times: user=0.00 sys=0.00, real=0.01 secs] 
2024-07-05T01:26:43.883+0800: 2312.594: [GC (Allocation Failure) [PSYoungGen: 237808K->208K(238080K)] 580778K->343278K(622592K), 0.0042875 secs] [Times: user=0.01 sys=0.00, real=0.01 secs] 
2024-07-05T01:26:44.062+0800: 2312.773: [GC (Allocation Failure) [PSYoungGen: 237776K->192K(238080K)] 580846K->343374K(622592K), 0.0060481 secs] [Times: user=0.01 sys=0.00, real=0.01 secs] 
2024-07-05T01:26:44.244+0800: 2312.954: [GC (Allocation Failure) [PSYoungGen: 237760K->208K(238080K)] 580942K->343454K(622592K), 0.0036276 secs] [Times: user=0.01 sys=0.00, real=0.01 secs] 
2024-07-05T01:26:44.422+0800: 2313.133: [GC (Allocation Failure) [PSYoungGen: 237776K->256K(238080K)] 581022K->343602K(622592K), 0.0058942 secs] [Times: user=0.01 sys=0.00, real=0.01 secs] 
2024-07-05T01:26:44.606+0800: 2313.317: [GC (Allocation Failure) [PSYoungGen: 237824K->192K(238080K)] 581170K->343650K(622592K), 0.0058983 secs] [Times: user=0.01 sys=0.00, real=0.00 secs] 
2024-07-05T01:26:44.784+0800: 2313.495: [GC (Allocation Failure) [PSYoungGen: 237760K->240K(238080K)] 581218K->343754K(622592K), 0.0038314 secs] [Times: user=0.01 sys=0.00, real=0.01 secs] 
2024-07-05T01:26:44.966+0800: 2313.677: [GC (Allocation Failure) [PSYoungGen: 237808K->256K(238080K)] 581322K->343878K(622592K), 0.0049784 secs] [Times: user=0.01 sys=0.00, real=0.00 secs] 
2024-07-05T01:26:45.147+0800: 2313.857: [GC (Allocation Failure) [PSYoungGen: 237824K->208K(238080K)] 581446K->343930K(622592K), 0.0035626 secs] [Times: user=0.01 sys=0.00, real=0.00 secs] 
2024-07-05T01:26:45.339+0800: 2314.050: [GC (Allocation Failure) [PSYoungGen: 237776K->336K(238080K)] 581498K->344150K(622592K), 0.0049194 secs] [Times: user=0.00 sys=0.00, real=0.00 secs] 
2024-07-05T01:26:45.522+0800: 2314.233: [GC (Allocation Failure) [PSYoungGen: 237904K->192K(238080K)] 581718K->344214K(622592K), 0.0059334 secs] [Times: user=0.01 sys=0.00, real=0.01 secs] 
2024-07-05T01:26:45.710+0800: 2314.421: [GC (Allocation Failure) [PSYoungGen: 237760K->240K(238080K)] 581782K->344318K(622592K), 0.0058715 secs] [Times: user=0.01 sys=0.00, real=0.01 secs] 
2024-07-05T01:26:45.890+0800: 2314.601: [GC (Allocation Failure) [PSYoungGen: 237808K->224K(238080K)] 581886K->344402K(622592K), 0.0067286 secs] [Times: user=0.01 sys=0.00, real=0.01 secs] 
2024-07-05T01:26:46.071+0800: 2314.781: [GC (Allocation Failure) [PSYoungGen: 237792K->160K(238080K)] 581970K->344450K(622592K), 0.0057272 secs] [Times: user=0.01 sys=0.00, real=0.01 secs] 
2024-07-05T01:26:46.254+0800: 2314.965: [GC (Allocation Failure) [PSYoungGen: 237728K->208K(238080K)] 582018K->344562K(622592K), 0.0052702 secs] [Times: user=0.01 sys=0.00, real=0.00 secs] 
2024-07-05T01:26:46.433+0800: 2315.144: [GC (Allocation Failure) [PSYoungGen: 237776K->224K(238080K)] 582130K->344678K(622592K), 0.0038121 secs] [Times: user=0.00 sys=0.00, real=0.01 secs] 
2024-07-05T01:26:46.608+0800: 2315.319: [GC (Allocation Failure) [PSYoungGen: 237792K->240K(238080K)] 582246K->344798K(622592K), 0.0046395 secs] [Times: user=0.01 sys=0.00, real=0.00 secs] 
2024-07-05T01:26:46.786+0800: 2315.496: [GC (Allocation Failure) [PSYoungGen: 237808K->208K(238080K)] 582366K->344862K(622592K), 0.0043597 secs] [Times: user=0.00 sys=0.00, real=0.01 secs] 
2024-07-05T01:26:46.963+0800: 2315.673: [GC (Allocation Failure) [PSYoungGen: 237776K->160K(238080K)] 582430K->344926K(622592K), 0.0061097 secs] [Times: user=0.00 sys=0.00, real=0.01 secs] 
2024-07-05T01:26:47.140+0800: 2315.851: [GC (Allocation Failure) [PSYoungGen: 237728K->208K(238080K)] 582494K->345030K(622592K), 0.0036791 secs] [Times: user=0.01 sys=0.00, real=0.00 secs] 
2024-07-05T01:26:47.320+0800: 2316.030: [GC (Allocation Failure) [PSYoungGen: 237776K->256K(238080K)] 582598K->345174K(622592K), 0.0050916 secs] [Times: user=0.01 sys=0.00, real=0.00 secs] 
2024-07-05T01:26:47.500+0800: 2316.211: [GC (Allocation Failure) [PSYoungGen: 237824K->192K(238080K)] 582742K->345222K(622592K), 0.0047079 secs] [Times: user=0.00 sys=0.00, real=0.00 secs] 
2024-07-05T01:26:47.676+0800: 2316.387: [GC (Allocation Failure) [PSYoungGen: 237760K->240K(238080K)] 582790K->345334K(622592K), 0.0036397 secs] [Times: user=0.01 sys=0.00, real=0.00 secs] 
2024-07-05T01:26:47.848+0800: 2316.559: [GC (Allocation Failure) [PSYoungGen: 237808K->256K(238080K)] 582902K->345450K(622592K), 0.0045998 secs] [Times: user=0.01 sys=0.00, real=0.00 secs] 
2024-07-05T01:26:48.026+0800: 2316.737: [GC (Allocation Failure) [PSYoungGen: 237824K->240K(238080K)] 583018K->345539K(622592K), 0.0058340 secs] [Times: user=0.01 sys=0.00, real=0.00 secs] 
2024-07-05T01:26:48.209+0800: 2316.920: [GC (Allocation Failure) [PSYoungGen: 237808K->224K(238080K)] 583107K->345611K(622592K), 0.0037294 secs] [Times: user=0.01 sys=0.00, real=0.00 secs] 
2024-07-05T01:26:48.384+0800: 2317.095: [GC (Allocation Failure) [PSYoungGen: 237792K->192K(238080K)] 583179K->345683K(622592K), 0.0037282 secs] [Times: user=0.00 sys=0.00, real=0.01 secs] 
2024-07-05T01:26:48.562+0800: 2317.273: [GC (Allocation Failure) [PSYoungGen: 237760K->240K(238080K)] 583251K->345787K(622592K), 0.0062619 secs] [Times: user=0.01 sys=0.00, real=0.01 secs] 
2024-07-05T01:26:48.746+0800: 2317.457: [GC (Allocation Failure) [PSYoungGen: 237808K->256K(238080K)] 583355K->345899K(622592K), 0.0051802 secs] [Times: user=0.01 sys=0.00, real=0.00 secs] 
2024-07-05T01:26:48.926+0800: 2317.637: [GC (Allocation Failure) [PSYoungGen: 237824K->192K(238080K)] 583467K->345955K(622592K), 0.0060808 secs] [Times: user=0.00 sys=0.00, real=0.00 secs] 
2024-07-05T01:26:49.105+0800: 2317.816: [GC (Allocation Failure) [PSYoungGen: 237760K->240K(238080K)] 583523K->346067K(622592K), 0.0036012 secs] [Times: user=0.01 sys=0.00, real=0.01 secs] 
2024-07-05T01:26:49.282+0800: 2317.993: [GC (Allocation Failure) [PSYoungGen: 237808K->224K(238080K)] 583635K->346155K(622592K), 0.0049722 secs] [Times: user=0.01 sys=0.00, real=0.01 secs] 
2024-07-05T01:26:49.460+0800: 2318.171: [GC (Allocation Failure) [PSYoungGen: 237792K->240K(238080K)] 583723K->346279K(622592K), 0.0047331 secs] [Times: user=0.01 sys=0.00, real=0.00 secs] 
2024-07-05T01:26:49.639+0800: 2318.350: [GC (Allocation Failure) [PSYoungGen: 237808K->224K(238080K)] 583847K->346359K(622592K), 0.0038395 secs] [Times: user=0.01 sys=0.00, real=0.00 secs] 
2024-07-05T01:26:49.838+0800: 2318.549: [GC (Allocation Failure) [PSYoungGen: 237792K->192K(238080K)] 583927K->346431K(622592K), 0.0052368 secs] [Times: user=0.01 sys=0.00, real=0.00 secs] 
2024-07-05T01:26:50.018+0800: 2318.729: [GC (Allocation Failure) [PSYoungGen: 237760K->240K(238080K)] 583999K->346535K(622592K), 0.0037784 secs] [Times: user=0.00 sys=0.00, real=0.00 secs] 
2024-07-05T01:26:50.196+0800: 2318.906: [GC (Allocation Failure) [PSYoungGen: 237808K->240K(238080K)] 584103K->346639K(622592K), 0.0038103 secs] [Times: user=0.00 sys=0.00, real=0.00 secs] 
2024-07-05T01:26:50.370+0800: 2319.080: [GC (Allocation Failure) [PSYoungGen: 237808K->192K(238080K)] 584207K->346703K(622592K), 0.0037608 secs] [Times: user=0.01 sys=0.00, real=0.00 secs] 
2024-07-05T01:26:50.550+0800: 2319.261: [GC (Allocation Failure) [PSYoungGen: 237760K->240K(238080K)] 584271K->346807K(622592K), 0.0058007 secs] [Times: user=0.01 sys=0.00, real=0.01 secs] 
2024-07-05T01:26:50.730+0800: 2319.441: [GC (Allocation Failure) [PSYoungGen: 237808K->240K(238080K)] 584375K->346903K(622592K), 0.0036737 secs] [Times: user=0.00 sys=0.00, real=0.01 secs] 
2024-07-05T01:26:50.906+0800: 2319.617: [GC (Allocation Failure) [PSYoungGen: 237808K->208K(238080K)] 584471K->346967K(622592K), 0.0055843 secs] [Times: user=0.01 sys=0.00, real=0.00 secs] 
2024-07-05T01:26:51.085+0800: 2319.795: [GC (Allocation Failure) [PSYoungGen: 237776K->256K(238080K)] 584535K->347103K(622592K), 0.0039273 secs] [Times: user=0.01 sys=0.00, real=0.01 secs] 
2024-07-05T01:26:51.264+0800: 2319.974: [GC (Allocation Failure) [PSYoungGen: 237824K->192K(238080K)] 584671K->347151K(622592K), 0.0037347 secs] [Times: user=0.01 sys=0.00, real=0.01 secs] 
2024-07-05T01:26:51.441+0800: 2320.151: [GC (Allocation Failure) [PSYoungGen: 237760K->240K(238080K)] 584719K->347255K(622592K), 0.0037637 secs] [Times: user=0.01 sys=0.00, real=0.00 secs] 
2024-07-05T01:26:51.618+0800: 2320.329: [GC (Allocation Failure) [PSYoungGen: 237808K->224K(238080K)] 584823K->347339K(622592K), 0.0057509 secs] [Times: user=0.00 sys=0.00, real=0.00 secs] 
2024-07-05T01:26:51.800+0800: 2320.510: [GC (Allocation Failure) [PSYoungGen: 237792K->192K(238080K)] 584907K->347419K(622592K), 0.0036213 secs] [Times: user=0.01 sys=0.00, real=0.00 secs] 
2024-07-05T01:26:51.975+0800: 2320.686: [GC (Allocation Failure) [PSYoungGen: 237760K->208K(238080K)] 584987K->347499K(622592K), 0.0036432 secs] [Times: user=0.00 sys=0.00, real=0.00 secs] 
2024-07-05T01:26:52.158+0800: 2320.869: [GC (Allocation Failure) [PSYoungGen: 237776K->256K(238080K)] 585067K->347647K(622592K), 0.0063233 secs] [Times: user=0.00 sys=0.00, real=0.00 secs] 
2024-07-05T01:26:52.342+0800: 2321.052: [GC (Allocation Failure) [PSYoungGen: 237824K->192K(238080K)] 585215K->347687K(622592K), 0.0046498 secs] [Times: user=0.01 sys=0.00, real=0.01 secs] 
2024-07-05T01:26:52.523+0800: 2321.234: [GC (Allocation Failure) [PSYoungGen: 237760K->256K(238080K)] 585255K->347807K(622592K), 0.0051849 secs] [Times: user=0.00 sys=0.00, real=0.01 secs] 
2024-07-05T01:26:52.703+0800: 2321.414: [GC (Allocation Failure) [PSYoungGen: 237824K->192K(238080K)] 585375K->347879K(622592K), 0.0057272 secs] [Times: user=0.00 sys=0.00, real=0.01 secs] 
2024-07-05T01:26:52.886+0800: 2321.597: [GC (Allocation Failure) [PSYoungGen: 237760K->224K(238080K)] 585447K->347967K(622592K), 0.0066008 secs] [Times: user=0.01 sys=0.00, real=0.00 secs] 
2024-07-05T01:26:53.063+0800: 2321.774: [GC (Allocation Failure) [PSYoungGen: 237792K->208K(238080K)] 585535K->348051K(622592K), 0.0037502 secs] [Times: user=0.01 sys=0.00, real=0.01 secs] 
2024-07-05T01:26:53.239+0800: 2321.949: [GC (Allocation Failure) [PSYoungGen: 237776K->192K(238080K)] 585619K->348151K(622592K), 0.0035836 secs] [Times: user=0.00 sys=0.00, real=0.00 secs] 
2024-07-05T01:26:53.413+0800: 2322.124: [GC (Allocation Failure) [PSYoungGen: 237760K->208K(238080K)] 585719K->348231K(622592K), 0.0040274 secs] [Times: user=0.00 sys=0.00, real=0.01 secs] 
2024-07-05T01:26:53.590+0800: 2322.301: [GC (Allocation Failure) [PSYoungGen: 237776K->256K(238080K)] 585799K->348379K(622592K), 0.0057281 secs] [Times: user=0.01 sys=0.00, real=0.01 secs] 
2024-07-05T01:26:53.766+0800: 2322.476: [GC (Allocation Failure) [PSYoungGen: 237824K->192K(238080K)] 585947K->348435K(622592K), 0.0059767 secs] [Times: user=0.01 sys=0.00, real=0.00 secs] 
2024-07-05T01:26:53.946+0800: 2322.657: [GC (Allocation Failure) [PSYoungGen: 237760K->224K(238080K)] 586003K->348515K(622592K), 0.0050082 secs] [Times: user=0.01 sys=0.00, real=0.00 secs] 
2024-07-05T01:26:54.125+0800: 2322.835: [GC (Allocation Failure) [PSYoungGen: 237792K->208K(238080K)] 586083K->348615K(622592K), 0.0041987 secs] [Times: user=0.01 sys=0.00, real=0.01 secs] 
2024-07-05T01:26:54.304+0800: 2323.015: [GC (Allocation Failure) [PSYoungGen: 237776K->240K(238080K)] 586183K->348747K(622592K), 0.0036442 secs] [Times: user=0.01 sys=0.00, real=0.01 secs] 
2024-07-05T01:26:54.484+0800: 2323.195: [GC (Allocation Failure) [PSYoungGen: 237808K->240K(238080K)] 586315K->348840K(622592K), 0.0038158 secs] [Times: user=0.01 sys=0.00, real=0.01 secs] 
2024-07-05T01:26:54.668+0800: 2323.379: [GC (Allocation Failure) [PSYoungGen: 237808K->192K(238080K)] 586408K->348896K(622592K), 0.0037415 secs] [Times: user=0.01 sys=0.00, real=0.00 secs] 
2024-07-05T01:26:54.846+0800: 2323.557: [GC (Allocation Failure) [PSYoungGen: 237760K->240K(238080K)] 586464K->349000K(622592K), 0.0065414 secs] [Times: user=0.00 sys=0.00, real=0.00 secs] 
2024-07-05T01:26:55.024+0800: 2323.734: [GC (Allocation Failure) [PSYoungGen: 237808K->208K(238080K)] 586568K->349068K(622592K), 0.0037421 secs] [Times: user=0.01 sys=0.00, real=0.01 secs] 
2024-07-05T01:26:55.198+0800: 2323.909: [GC (Allocation Failure) [PSYoungGen: 237776K->192K(238080K)] 586636K->349164K(622592K), 0.0036632 secs] [Times: user=0.01 sys=0.00, real=0.00 secs] 
2024-07-05T01:26:55.374+0800: 2324.085: [GC (Allocation Failure) [PSYoungGen: 237760K->256K(238080K)] 586732K->349292K(622592K), 0.0058987 secs] [Times: user=0.01 sys=0.00, real=0.00 secs] 
2024-07-05T01:26:55.554+0800: 2324.265: [GC (Allocation Failure) [PSYoungGen: 237824K->256K(238080K)] 586860K->349400K(622592K), 0.0067932 secs] [Times: user=0.01 sys=0.00, real=0.00 secs] 
2024-07-05T01:26:55.734+0800: 2324.445: [GC (Allocation Failure) [PSYoungGen: 237824K->208K(238080K)] 586968K->349452K(622592K), 0.0066751 secs] [Times: user=0.00 sys=0.00, real=0.00 secs] 
2024-07-05T01:26:55.926+0800: 2324.637: [GC (Allocation Failure) [PSYoungGen: 237776K->336K(238080K)] 587020K->349672K(622592K), 0.0063380 secs] [Times: user=0.01 sys=0.00, real=0.00 secs] 
2024-07-05T01:26:56.105+0800: 2324.815: [GC (Allocation Failure) [PSYoungGen: 237904K->192K(238080K)] 587240K->349740K(622592K), 0.0037782 secs] [Times: user=0.01 sys=0.00, real=0.01 secs] 
2024-07-05T01:26:56.285+0800: 2324.995: [GC (Allocation Failure) [PSYoungGen: 237760K->240K(238080K)] 587308K->349844K(622592K), 0.0041078 secs] [Times: user=0.01 sys=0.00, real=0.01 secs] 
2024-07-05T01:26:56.471+0800: 2325.182: [GC (Allocation Failure) [PSYoungGen: 237808K->256K(238080K)] 587412K->349960K(622592K), 0.0058963 secs] [Times: user=0.01 sys=0.00, real=0.01 secs] 
2024-07-05T01:26:56.654+0800: 2325.365: [GC (Allocation Failure) [PSYoungGen: 237824K->160K(238080K)] 587528K->349976K(622592K), 0.0058833 secs] [Times: user=0.01 sys=0.00, real=0.00 secs] 
2024-07-05T01:26:56.858+0800: 2325.569: [GC (Allocation Failure) [PSYoungGen: 237728K->240K(238080K)] 587544K->350120K(622592K), 0.0069692 secs] [Times: user=0.01 sys=0.00, real=0.00 secs] 
2024-07-05T01:26:57.039+0800: 2325.750: [GC (Allocation Failure) [PSYoungGen: 237808K->256K(238080K)] 587688K->350244K(622592K), 0.0057344 secs] [Times: user=0.01 sys=0.00, real=0.00 secs] 
2024-07-05T01:26:57.216+0800: 2325.927: [GC (Allocation Failure) [PSYoungGen: 237824K->208K(238080K)] 587812K->350300K(622592K), 0.0043623 secs] [Times: user=0.01 sys=0.00, real=0.00 secs] 
2024-07-05T01:26:57.396+0800: 2326.107: [GC (Allocation Failure) [PSYoungGen: 237776K->224K(238080K)] 587868K->350416K(622592K), 0.0039104 secs] [Times: user=0.01 sys=0.00, real=0.00 secs] 
2024-07-05T01:26:57.574+0800: 2326.284: [GC (Allocation Failure) [PSYoungGen: 237792K->192K(238080K)] 587984K->350488K(622592K), 0.0060173 secs] [Times: user=0.01 sys=0.00, real=0.00 secs] 
2024-07-05T01:26:57.753+0800: 2326.464: [GC (Allocation Failure) [PSYoungGen: 237760K->208K(238080K)] 588056K->350568K(622592K), 0.0060317 secs] [Times: user=0.01 sys=0.00, real=0.01 secs] 
2024-07-05T01:26:57.934+0800: 2326.645: [GC (Allocation Failure) [PSYoungGen: 237776K->224K(238080K)] 588136K->350684K(622592K), 0.0058254 secs] [Times: user=0.01 sys=0.00, real=0.00 secs] 
2024-07-05T01:26:58.111+0800: 2326.822: [GC (Allocation Failure) [PSYoungGen: 237792K->192K(238080K)] 588252K->350768K(622592K), 0.0038059 secs] [Times: user=0.01 sys=0.00, real=0.01 secs] 
2024-07-05T01:26:58.288+0800: 2326.999: [GC (Allocation Failure) [PSYoungGen: 237760K->240K(238080K)] 588336K->350872K(622592K), 0.0037942 secs] [Times: user=0.00 sys=0.00, real=0.00 secs] 
2024-07-05T01:26:58.465+0800: 2327.176: [GC (Allocation Failure) [PSYoungGen: 237808K->240K(238080K)] 588440K->350980K(622592K), 0.0040285 secs] [Times: user=0.01 sys=0.00, real=0.01 secs] 
2024-07-05T01:26:58.644+0800: 2327.355: [GC (Allocation Failure) [PSYoungGen: 237808K->240K(238080K)] 588548K->351080K(622592K), 0.0049222 secs] [Times: user=0.01 sys=0.00, real=0.01 secs] 
2024-07-05T01:26:58.828+0800: 2327.538: [GC (Allocation Failure) [PSYoungGen: 237808K->224K(238080K)] 588648K->351164K(622592K), 0.0037538 secs] [Times: user=0.01 sys=0.00, real=0.00 secs] 
2024-07-05T01:26:59.010+0800: 2327.721: [GC (Allocation Failure) [PSYoungGen: 237792K->192K(238080K)] 588732K->351248K(622592K), 0.0038797 secs] [Times: user=0.01 sys=0.00, real=0.01 secs] 
2024-07-05T01:26:59.190+0800: 2327.901: [GC (Allocation Failure) [PSYoungGen: 237760K->208K(238080K)] 588816K->351328K(622592K), 0.0070463 secs] [Times: user=0.01 sys=0.00, real=0.01 secs] 
2024-07-05T01:26:59.368+0800: 2328.079: [GC (Allocation Failure) [PSYoungGen: 237776K->256K(238080K)] 588896K->351480K(622592K), 0.0037671 secs] [Times: user=0.00 sys=0.00, real=0.00 secs] 
2024-07-05T01:26:59.545+0800: 2328.255: [GC (Allocation Failure) [PSYoungGen: 237824K->208K(238080K)] 589048K->351532K(622592K), 0.0037990 secs] [Times: user=0.01 sys=0.00, real=0.01 secs] 
2024-07-05T01:26:59.722+0800: 2328.433: [GC (Allocation Failure) [PSYoungGen: 237776K->192K(238080K)] 589100K->351624K(622592K), 0.0037534 secs] [Times: user=0.01 sys=0.00, real=0.01 secs] 
2024-07-05T01:26:59.916+0800: 2328.627: [GC (Allocation Failure) [PSYoungGen: 237760K->240K(238080K)] 589192K->351737K(622592K), 0.0058427 secs] [Times: user=0.01 sys=0.00, real=0.00 secs] 
2024-07-05T01:27:00.094+0800: 2328.805: [GC (Allocation Failure) [PSYoungGen: 237808K->240K(238080K)] 589305K->351837K(622592K), 0.0056957 secs] [Times: user=0.01 sys=0.00, real=0.00 secs] 
2024-07-05T01:27:00.272+0800: 2328.983: [GC (Allocation Failure) [PSYoungGen: 237808K->192K(238080K)] 589405K->351901K(622592K), 0.0037535 secs] [Times: user=0.00 sys=0.00, real=0.01 secs] 
2024-07-05T01:27:00.450+0800: 2329.161: [GC (Allocation Failure) [PSYoungGen: 237760K->240K(238080K)] 589469K->352005K(622592K), 0.0038836 secs] [Times: user=0.01 sys=0.00, real=0.01 secs] 
2024-07-05T01:27:00.630+0800: 2329.341: [GC (Allocation Failure) [PSYoungGen: 237808K->208K(238080K)] 589573K->352085K(622592K), 0.0068312 secs] [Times: user=0.01 sys=0.00, real=0.01 secs] 
2024-07-05T01:27:00.808+0800: 2329.519: [GC (Allocation Failure) [PSYoungGen: 237776K->256K(238080K)] 589653K->352229K(622592K), 0.0045370 secs] [Times: user=0.01 sys=0.00, real=0.00 secs] 
2024-07-05T01:27:00.986+0800: 2329.697: [GC (Allocation Failure) [PSYoungGen: 237824K->240K(238080K)] 589797K->352317K(622592K), 0.0059586 secs] [Times: user=0.01 sys=0.00, real=0.00 secs] 
2024-07-05T01:27:01.163+0800: 2329.874: [GC (Allocation Failure) [PSYoungGen: 237808K->192K(238080K)] 589885K->352373K(622592K), 0.0054682 secs] [Times: user=0.01 sys=0.00, real=0.01 secs] 
2024-07-05T01:27:01.343+0800: 2330.054: [GC (Allocation Failure) [PSYoungGen: 237760K->208K(238080K)] 589941K->352453K(622592K), 0.0038248 secs] [Times: user=0.01 sys=0.00, real=0.01 secs] 
2024-07-05T01:27:01.520+0800: 2330.231: [GC (Allocation Failure) [PSYoungGen: 237776K->240K(238080K)] 590021K->352589K(622592K), 0.0043460 secs] [Times: user=0.01 sys=0.00, real=0.00 secs] 
2024-07-05T01:27:01.698+0800: 2330.409: [GC (Allocation Failure) [PSYoungGen: 237808K->160K(238080K)] 590157K->352621K(622592K), 0.0066576 secs] [Times: user=0.01 sys=0.00, real=0.00 secs] 
2024-07-05T01:27:01.879+0800: 2330.590: [GC (Allocation Failure) [PSYoungGen: 237728K->256K(238080K)] 590189K->352773K(622592K), 0.0054552 secs] [Times: user=0.01 sys=0.00, real=0.00 secs] 
2024-07-05T01:27:02.060+0800: 2330.770: [GC (Allocation Failure) [PSYoungGen: 237824K->256K(238080K)] 590341K->352881K(622592K), 0.0048791 secs] [Times: user=0.01 sys=0.00, real=0.00 secs] 
2024-07-05T01:27:02.242+0800: 2330.953: [GC (Allocation Failure) [PSYoungGen: 237824K->240K(238080K)] 590449K->352969K(622592K), 0.0038334 secs] [Times: user=0.01 sys=0.00, real=0.01 secs] 
2024-07-05T01:27:02.420+0800: 2331.130: [GC (Allocation Failure) [PSYoungGen: 237808K->240K(238080K)] 590537K->353061K(622592K), 0.0054458 secs] [Times: user=0.01 sys=0.00, real=0.00 secs] 
2024-07-05T01:27:02.598+0800: 2331.309: [GC (Allocation Failure) [PSYoungGen: 237808K->192K(238080K)] 590629K->353117K(622592K), 0.0051147 secs] [Times: user=0.01 sys=0.00, real=0.00 secs] 
2024-07-05T01:27:02.778+0800: 2331.489: [GC (Allocation Failure) [PSYoungGen: 237760K->208K(238080K)] 590685K->353189K(622592K), 0.0038113 secs] [Times: user=0.01 sys=0.00, real=0.00 secs] 
2024-07-05T01:27:02.954+0800: 2331.664: [GC (Allocation Failure) [PSYoungGen: 237776K->240K(238080K)] 590757K->353321K(622592K), 0.0038104 secs] [Times: user=0.01 sys=0.00, real=0.00 secs] 
2024-07-05T01:27:03.130+0800: 2331.840: [GC (Allocation Failure) [PSYoungGen: 237808K->192K(238080K)] 590889K->353389K(622592K), 0.0058622 secs] [Times: user=0.01 sys=0.00, real=0.01 secs] 
2024-07-05T01:27:03.311+0800: 2332.021: [GC (Allocation Failure) [PSYoungGen: 237760K->208K(238080K)] 590957K->353461K(622592K), 0.0036438 secs] [Times: user=0.00 sys=0.00, real=0.01 secs] 
2024-07-05T01:27:03.487+0800: 2332.197: [GC (Allocation Failure) [PSYoungGen: 237776K->224K(238080K)] 591029K->353585K(622592K), 0.0038811 secs] [Times: user=0.00 sys=0.00, real=0.00 secs] 
2024-07-05T01:27:03.667+0800: 2332.377: [GC (Allocation Failure) [PSYoungGen: 237792K->256K(238080K)] 591153K->353713K(622592K), 0.0039137 secs] [Times: user=0.01 sys=0.00, real=0.00 secs] 
2024-07-05T01:27:03.847+0800: 2332.557: [GC (Allocation Failure) [PSYoungGen: 237824K->240K(238080K)] 591281K->353785K(622592K), 0.0037048 secs] [Times: user=0.00 sys=0.00, real=0.00 secs] 
2024-07-05T01:27:04.026+0800: 2332.737: [GC (Allocation Failure) [PSYoungGen: 237808K->192K(238080K)] 591353K->353845K(622592K), 0.0068034 secs] [Times: user=0.01 sys=0.00, real=0.00 secs] 
2024-07-05T01:27:04.210+0800: 2332.921: [GC (Allocation Failure) [PSYoungGen: 237760K->224K(238080K)] 591413K->353933K(622592K), 0.0037343 secs] [Times: user=0.01 sys=0.00, real=0.01 secs] 
2024-07-05T01:27:04.390+0800: 2333.101: [GC (Allocation Failure) [PSYoungGen: 237792K->208K(238080K)] 591501K->354013K(622592K), 0.0059966 secs] [Times: user=0.01 sys=0.00, real=0.01 secs] 
2024-07-05T01:27:04.571+0800: 2333.281: [GC (Allocation Failure) [PSYoungGen: 237776K->192K(238080K)] 591581K->354109K(622592K), 0.0059614 secs] [Times: user=0.01 sys=0.00, real=0.01 secs] 
2024-07-05T01:27:04.750+0800: 2333.461: [GC (Allocation Failure) [PSYoungGen: 237760K->256K(238080K)] 591677K->354237K(622592K), 0.0058763 secs] [Times: user=0.01 sys=0.00, real=0.01 secs] 
2024-07-05T01:27:04.928+0800: 2333.639: [GC (Allocation Failure) [PSYoungGen: 237824K->224K(238080K)] 591805K->354305K(622592K), 0.0045218 secs] [Times: user=0.01 sys=0.00, real=0.00 secs] 
2024-07-05T01:27:05.104+0800: 2333.815: [GC (Allocation Failure) [PSYoungGen: 237792K->224K(238080K)] 591873K->354409K(622592K), 0.0038408 secs] [Times: user=0.01 sys=0.00, real=0.01 secs] 
2024-07-05T01:27:05.279+0800: 2333.989: [GC (Allocation Failure) [PSYoungGen: 237792K->208K(238080K)] 591977K->354485K(622592K), 0.0037057 secs] [Times: user=0.00 sys=0.00, real=0.00 secs] 
2024-07-05T01:27:05.458+0800: 2334.169: [GC (Allocation Failure) [PSYoungGen: 237776K->192K(238080K)] 592053K->354573K(622592K), 0.0055710 secs] [Times: user=0.01 sys=0.00, real=0.00 secs] 
2024-07-05T01:27:05.639+0800: 2334.350: [GC (Allocation Failure) [PSYoungGen: 237760K->240K(238080K)] 592141K->354677K(622592K), 0.0057608 secs] [Times: user=0.01 sys=0.00, real=0.00 secs] 
2024-07-05T01:27:05.818+0800: 2334.529: [GC (Allocation Failure) [PSYoungGen: 237808K->240K(238080K)] 592245K->354773K(622592K), 0.0037796 secs] [Times: user=0.00 sys=0.00, real=0.00 secs] 
2024-07-05T01:27:05.998+0800: 2334.709: [GC (Allocation Failure) [PSYoungGen: 237808K->192K(238080K)] 592341K->354841K(622592K), 0.0063799 secs] [Times: user=0.01 sys=0.00, real=0.00 secs] 
2024-07-05T01:27:06.180+0800: 2334.890: [GC (Allocation Failure) [PSYoungGen: 237760K->256K(238080K)] 592409K->354969K(622592K), 0.0039463 secs] [Times: user=0.00 sys=0.00, real=0.00 secs] 
2024-07-05T01:27:06.364+0800: 2335.074: [GC (Allocation Failure) [PSYoungGen: 237824K->256K(238080K)] 592537K->355073K(622592K), 0.0052178 secs] [Times: user=0.01 sys=0.00, real=0.01 secs] 
2024-07-05T01:27:06.558+0800: 2335.268: [GC (Allocation Failure) [PSYoungGen: 237824K->320K(238080K)] 592641K->355238K(622592K), 0.0050541 secs] [Times: user=0.01 sys=0.00, real=0.00 secs] 
2024-07-05T01:27:06.733+0800: 2335.444: [GC (Allocation Failure) [PSYoungGen: 237888K->192K(238080K)] 592806K->355318K(622592K), 0.0037934 secs] [Times: user=0.00 sys=0.00, real=0.01 secs] 
2024-07-05T01:27:06.910+0800: 2335.621: [GC (Allocation Failure) [PSYoungGen: 237760K->208K(238080K)] 592886K->355398K(622592K), 0.0038160 secs] [Times: user=0.01 sys=0.00, real=0.01 secs] 
2024-07-05T01:27:07.092+0800: 2335.803: [GC (Allocation Failure) [PSYoungGen: 237776K->224K(238080K)] 592966K->355514K(622592K), 0.0067650 secs] [Times: user=0.01 sys=0.00, real=0.01 secs] 
2024-07-05T01:27:07.273+0800: 2335.983: [GC (Allocation Failure) [PSYoungGen: 237792K->208K(238080K)] 593082K->355590K(622592K), 0.0037517 secs] [Times: user=0.00 sys=0.00, real=0.01 secs] 
2024-07-05T01:27:07.450+0800: 2336.161: [GC (Allocation Failure) [PSYoungGen: 237776K->192K(238080K)] 593158K->355682K(622592K), 0.0062476 secs] [Times: user=0.01 sys=0.00, real=0.01 secs] 
2024-07-05T01:27:07.630+0800: 2336.341: [GC (Allocation Failure) [PSYoungGen: 237760K->224K(238080K)] 593250K->355770K(622592K), 0.0082900 secs] [Times: user=0.00 sys=0.00, real=0.01 secs] 
2024-07-05T01:27:07.813+0800: 2336.524: [GC (Allocation Failure) [PSYoungGen: 237792K->224K(238080K)] 593338K->355874K(622592K), 0.0037431 secs] [Times: user=0.01 sys=0.00, real=0.01 secs] 
2024-07-05T01:27:07.990+0800: 2336.700: [GC (Allocation Failure) [PSYoungGen: 237792K->208K(238080K)] 593442K->355958K(622592K), 0.0038844 secs] [Times: user=0.01 sys=0.00, real=0.00 secs] 
2024-07-05T01:27:08.166+0800: 2336.877: [GC (Allocation Failure) [PSYoungGen: 237776K->192K(238080K)] 593526K->356046K(622592K), 0.0053667 secs] [Times: user=0.00 sys=0.00, real=0.00 secs] 
2024-07-05T01:27:08.345+0800: 2337.056: [GC (Allocation Failure) [PSYoungGen: 237760K->240K(238080K)] 593614K->356150K(622592K), 0.0039164 secs] [Times: user=0.01 sys=0.00, real=0.01 secs] 
2024-07-05T01:27:08.524+0800: 2337.235: [GC (Allocation Failure) [PSYoungGen: 237808K->208K(238080K)] 593718K->356222K(622592K), 0.0044847 secs] [Times: user=0.00 sys=0.00, real=0.01 secs] 
2024-07-05T01:27:08.706+0800: 2337.417: [GC (Allocation Failure) [PSYoungGen: 237776K->240K(238080K)] 593790K->356350K(622592K), 0.0052907 secs] [Times: user=0.01 sys=0.00, real=0.00 secs] 
2024-07-05T01:27:08.889+0800: 2337.600: [GC (Allocation Failure) [PSYoungGen: 237808K->192K(238080K)] 593918K->356410K(622592K), 0.0040321 secs] [Times: user=0.01 sys=0.00, real=0.00 secs] 
2024-07-05T01:27:09.066+0800: 2337.777: [GC (Allocation Failure) [PSYoungGen: 237760K->256K(238080K)] 593978K->356538K(622592K), 0.0061969 secs] [Times: user=0.01 sys=0.00, real=0.00 secs] 
2024-07-05T01:27:09.246+0800: 2337.957: [GC (Allocation Failure) [PSYoungGen: 237824K->224K(238080K)] 594106K->356610K(622592K), 0.0060507 secs] [Times: user=0.01 sys=0.00, real=0.00 secs] 
2024-07-05T01:27:09.426+0800: 2338.137: [GC (Allocation Failure) [PSYoungGen: 237792K->240K(238080K)] 594178K->356722K(622592K), 0.0061556 secs] [Times: user=0.01 sys=0.00, real=0.00 secs] 
2024-07-05T01:27:09.614+0800: 2338.325: [GC (Allocation Failure) [PSYoungGen: 237808K->192K(238080K)] 594290K->356786K(622592K), 0.0060643 secs] [Times: user=0.01 sys=0.00, real=0.00 secs] 
2024-07-05T01:27:09.802+0800: 2338.513: [GC (Allocation Failure) [PSYoungGen: 237760K->240K(238080K)] 594354K->356890K(622592K), 0.0053096 secs] [Times: user=0.01 sys=0.00, real=0.01 secs] 
2024-07-05T01:27:09.982+0800: 2338.693: [GC (Allocation Failure) [PSYoungGen: 237808K->256K(238080K)] 594458K->357010K(622592K), 0.0048152 secs] [Times: user=0.01 sys=0.00, real=0.01 secs] 
2024-07-05T01:27:10.162+0800: 2338.873: [GC (Allocation Failure) [PSYoungGen: 237824K->208K(238080K)] 594578K->357058K(622592K), 0.0070729 secs] [Times: user=0.01 sys=0.00, real=0.01 secs] 
2024-07-05T01:27:10.342+0800: 2339.052: [GC (Allocation Failure) [PSYoungGen: 237776K->192K(238080K)] 594626K->357150K(622592K), 0.0039633 secs] [Times: user=0.00 sys=0.00, real=0.01 secs] 
2024-07-05T01:27:10.522+0800: 2339.233: [GC (Allocation Failure) [PSYoungGen: 237760K->256K(238080K)] 594718K->357270K(622592K), 0.0038316 secs] [Times: user=0.00 sys=0.00, real=0.01 secs] 
2024-07-05T01:27:10.702+0800: 2339.413: [GC (Allocation Failure) [PSYoungGen: 237824K->208K(238080K)] 594838K->357326K(622592K), 0.0039714 secs] [Times: user=0.00 sys=0.00, real=0.01 secs] 
2024-07-05T01:27:10.887+0800: 2339.598: [GC (Allocation Failure) [PSYoungGen: 237776K->208K(238080K)] 594894K->357422K(622592K), 0.0075251 secs] [Times: user=0.01 sys=0.00, real=0.01 secs] 
2024-07-05T01:27:11.074+0800: 2339.785: [GC (Allocation Failure) [PSYoungGen: 237776K->224K(238080K)] 594990K->357534K(622592K), 0.0055310 secs] [Times: user=0.01 sys=0.00, real=0.00 secs] 
2024-07-05T01:27:11.254+0800: 2339.964: [GC (Allocation Failure) [PSYoungGen: 237792K->240K(238080K)] 595102K->357622K(622592K), 0.0038184 secs] [Times: user=0.01 sys=0.00, real=0.01 secs] 
2024-07-05T01:27:11.434+0800: 2340.145: [GC (Allocation Failure) [PSYoungGen: 237808K->224K(238080K)] 595190K->357706K(622592K), 0.0052641 secs] [Times: user=0.00 sys=0.00, real=0.00 secs] 
2024-07-05T01:27:11.612+0800: 2340.323: [GC (Allocation Failure) [PSYoungGen: 237792K->208K(238080K)] 595274K->357786K(622592K), 0.0072232 secs] [Times: user=0.01 sys=0.00, real=0.01 secs] 
2024-07-05T01:27:11.797+0800: 2340.508: [GC (Allocation Failure) [PSYoungGen: 237776K->192K(238080K)] 595354K->357878K(622592K), 0.0039133 secs] [Times: user=0.01 sys=0.00, real=0.00 secs] 
2024-07-05T01:27:11.976+0800: 2340.687: [GC (Allocation Failure) [PSYoungGen: 237760K->208K(238080K)] 595446K->357950K(622592K), 0.0038266 secs] [Times: user=0.01 sys=0.00, real=0.00 secs] 
2024-07-05T01:27:12.158+0800: 2340.869: [GC (Allocation Failure) [PSYoungGen: 237776K->256K(238080K)] 595518K->358094K(622592K), 0.0056027 secs] [Times: user=0.00 sys=0.00, real=0.00 secs] 
2024-07-05T01:27:12.340+0800: 2341.051: [GC (Allocation Failure) [PSYoungGen: 237824K->192K(238080K)] 595662K->358146K(622592K), 0.0045482 secs] [Times: user=0.01 sys=0.00, real=0.00 secs] 
2024-07-05T01:27:12.521+0800: 2341.231: [GC (Allocation Failure) [PSYoungGen: 237760K->224K(238080K)] 595714K->358234K(622592K), 0.0042634 secs] [Times: user=0.01 sys=0.00, real=0.00 secs] 
2024-07-05T01:27:12.700+0800: 2341.411: [GC (Allocation Failure) [PSYoungGen: 237792K->224K(238080K)] 595802K->358339K(622592K), 0.0038621 secs] [Times: user=0.01 sys=0.00, real=0.00 secs] 
2024-07-05T01:27:12.882+0800: 2341.593: [GC (Allocation Failure) [PSYoungGen: 237792K->240K(238080K)] 595907K->358459K(622592K), 0.0040384 secs] [Times: user=0.01 sys=0.00, real=0.01 secs] 
2024-07-05T01:27:13.077+0800: 2341.788: [GC (Allocation Failure) [PSYoungGen: 237808K->208K(238080K)] 596027K->358523K(622592K), 0.0041895 secs] [Times: user=0.00 sys=0.00, real=0.00 secs] 
2024-07-05T01:27:13.259+0800: 2341.969: [GC (Allocation Failure) [PSYoungGen: 237776K->192K(238080K)] 596091K->358615K(622592K), 0.0057430 secs] [Times: user=0.00 sys=0.00, real=0.00 secs] 
2024-07-05T01:27:13.440+0800: 2342.151: [GC (Allocation Failure) [PSYoungGen: 237760K->256K(238080K)] 596183K->358743K(622592K), 0.0056774 secs] [Times: user=0.01 sys=0.00, real=0.01 secs] 
2024-07-05T01:27:13.620+0800: 2342.330: [GC (Allocation Failure) [PSYoungGen: 237824K->256K(238080K)] 596311K->358843K(622592K), 0.0049910 secs] [Times: user=0.01 sys=0.00, real=0.00 secs] 
2024-07-05T01:27:13.803+0800: 2342.513: [GC (Allocation Failure) [PSYoungGen: 237824K->192K(238080K)] 596411K->358887K(622592K), 0.0040049 secs] [Times: user=0.01 sys=0.00, real=0.01 secs] 
2024-07-05T01:27:13.981+0800: 2342.692: [GC (Allocation Failure) [PSYoungGen: 237760K->224K(238080K)] 596455K->358975K(622592K), 0.0038918 secs] [Times: user=0.01 sys=0.00, real=0.00 secs] 
2024-07-05T01:27:14.164+0800: 2342.875: [GC (Allocation Failure) [PSYoungGen: 237792K->256K(238080K)] 596543K->359111K(622592K), 0.0038787 secs] [Times: user=0.01 sys=0.00, real=0.01 secs] 
2024-07-05T01:27:14.346+0800: 2343.057: [GC (Allocation Failure) [PSYoungGen: 237824K->240K(238080K)] 596679K->359199K(622592K), 0.0055070 secs] [Times: user=0.01 sys=0.00, real=0.00 secs] 
2024-07-05T01:27:14.529+0800: 2343.240: [GC (Allocation Failure) [PSYoungGen: 237808K->224K(238080K)] 596767K->359279K(622592K), 0.0059341 secs] [Times: user=0.01 sys=0.00, real=0.01 secs] 
2024-07-05T01:27:14.708+0800: 2343.419: [GC (Allocation Failure) [PSYoungGen: 237792K->192K(238080K)] 596847K->359351K(622592K), 0.0044188 secs] [Times: user=0.01 sys=0.00, real=0.00 secs] 
2024-07-05T01:27:14.890+0800: 2343.600: [GC (Allocation Failure) [PSYoungGen: 237760K->240K(238080K)] 596919K->359455K(622592K), 0.0038319 secs] [Times: user=0.00 sys=0.00, real=0.00 secs] 
2024-07-05T01:27:15.077+0800: 2343.788: [GC (Allocation Failure) [PSYoungGen: 237808K->208K(238080K)] 597023K->359527K(622592K), 0.0040498 secs] [Times: user=0.00 sys=0.00, real=0.00 secs] 
2024-07-05T01:27:15.258+0800: 2343.969: [GC (Allocation Failure) [PSYoungGen: 237776K->160K(238080K)] 597095K->359591K(622592K), 0.0061282 secs] [Times: user=0.01 sys=0.00, real=0.00 secs] 
2024-07-05T01:27:15.442+0800: 2344.153: [GC (Allocation Failure) [PSYoungGen: 237728K->256K(238080K)] 597159K->359751K(622592K), 0.0064052 secs] [Times: user=0.01 sys=0.00, real=0.01 secs] 
2024-07-05T01:27:15.626+0800: 2344.336: [GC (Allocation Failure) [PSYoungGen: 237824K->224K(238080K)] 597319K->359827K(622592K), 0.0040454 secs] [Times: user=0.01 sys=0.00, real=0.00 secs] 
2024-07-05T01:27:15.812+0800: 2344.523: [GC (Allocation Failure) [PSYoungGen: 237792K->208K(238080K)] 597395K->359911K(622592K), 0.0038555 secs] [Times: user=0.01 sys=0.00, real=0.01 secs] 
2024-07-05T01:27:15.992+0800: 2344.703: [GC (Allocation Failure) [PSYoungGen: 237776K->208K(238080K)] 597479K->360003K(622592K), 0.0048049 secs] [Times: user=0.01 sys=0.00, real=0.01 secs] 
2024-07-05T01:27:16.173+0800: 2344.883: [GC (Allocation Failure) [PSYoungGen: 237776K->192K(238080K)] 597571K->360099K(622592K), 0.0039687 secs] [Times: user=0.00 sys=0.00, real=0.01 secs] 
2024-07-05T01:27:16.362+0800: 2345.072: [GC (Allocation Failure) [PSYoungGen: 237760K->256K(238080K)] 597667K->360219K(622592K), 0.0052428 secs] [Times: user=0.00 sys=0.00, real=0.01 secs] 
2024-07-05T01:27:16.546+0800: 2345.257: [GC (Allocation Failure) [PSYoungGen: 237824K->224K(238080K)] 597787K->360283K(622592K), 0.0064528 secs] [Times: user=0.01 sys=0.00, real=0.00 secs] 
2024-07-05T01:27:16.727+0800: 2345.438: [GC (Allocation Failure) [PSYoungGen: 237792K->192K(238080K)] 597851K->360367K(622592K), 0.0050600 secs] [Times: user=0.01 sys=0.00, real=0.00 secs] 
2024-07-05T01:27:16.909+0800: 2345.619: [GC (Allocation Failure) [PSYoungGen: 237760K->240K(238080K)] 597935K->360471K(622592K), 0.0042228 secs] [Times: user=0.00 sys=0.00, real=0.00 secs] 
2024-07-05T01:27:17.085+0800: 2345.796: [GC (Allocation Failure) [PSYoungGen: 237808K->224K(238080K)] 598039K->360559K(622592K), 0.0038728 secs] [Times: user=0.01 sys=0.00, real=0.01 secs] 
2024-07-05T01:27:17.282+0800: 2345.993: [GC (Allocation Failure) [PSYoungGen: 237792K->320K(238080K)] 598127K->360759K(622592K), 0.0060022 secs] [Times: user=0.01 sys=0.00, real=0.01 secs] 
2024-07-05T01:27:17.463+0800: 2346.174: [GC (Allocation Failure) [PSYoungGen: 237888K->240K(238080K)] 598327K->360871K(622592K), 0.0057392 secs] [Times: user=0.00 sys=0.00, real=0.01 secs] 
2024-07-05T01:27:17.645+0800: 2346.356: [GC (Allocation Failure) [PSYoungGen: 237808K->192K(238080K)] 598439K->360931K(622592K), 0.0038984 secs] [Times: user=0.01 sys=0.00, real=0.01 secs] 
2024-07-05T01:27:17.835+0800: 2346.546: [GC (Allocation Failure) [PSYoungGen: 237760K->256K(238080K)] 598499K->361059K(622592K), 0.0038808 secs] [Times: user=0.01 sys=0.00, real=0.00 secs] 
2024-07-05T01:27:18.018+0800: 2346.729: [GC (Allocation Failure) [PSYoungGen: 237824K->256K(238080K)] 598627K->361159K(622592K), 0.0053266 secs] [Times: user=0.01 sys=0.00, real=0.00 secs] 
2024-07-05T01:27:18.198+0800: 2346.909: [GC (Allocation Failure) [PSYoungGen: 237824K->192K(238080K)] 598727K->361203K(622592K), 0.0055997 secs] [Times: user=0.00 sys=0.00, real=0.00 secs] 
2024-07-05T01:27:18.380+0800: 2347.091: [GC (Allocation Failure) [PSYoungGen: 237760K->256K(238080K)] 598771K->361323K(622592K), 0.0038562 secs] [Times: user=0.00 sys=0.00, real=0.00 secs] 
2024-07-05T01:27:18.565+0800: 2347.276: [GC (Allocation Failure) [PSYoungGen: 237824K->224K(238080K)] 598891K->361399K(622592K), 0.0038931 secs] [Times: user=0.00 sys=0.00, real=0.01 secs] 
2024-07-05T01:27:18.746+0800: 2347.457: [GC (Allocation Failure) [PSYoungGen: 237792K->208K(238080K)] 598967K->361480K(622592K), 0.0038687 secs] [Times: user=0.01 sys=0.00, real=0.00 secs] 
2024-07-05T01:27:18.925+0800: 2347.635: [GC (Allocation Failure) [PSYoungGen: 237776K->208K(238080K)] 599048K->361572K(622592K), 0.0038293 secs] [Times: user=0.01 sys=0.00, real=0.01 secs] 
2024-07-05T01:27:19.103+0800: 2347.813: [GC (Allocation Failure) [PSYoungGen: 237776K->192K(238080K)] 599140K->361668K(622592K), 0.0038872 secs] [Times: user=0.00 sys=0.00, real=0.01 secs] 
2024-07-05T01:27:19.279+0800: 2347.990: [GC (Allocation Failure) [PSYoungGen: 237760K->224K(238080K)] 599236K->361756K(622592K), 0.0038644 secs] [Times: user=0.01 sys=0.00, real=0.00 secs] 
2024-07-05T01:27:19.458+0800: 2348.169: [GC (Allocation Failure) [PSYoungGen: 237792K->240K(238080K)] 599324K->361868K(622592K), 0.0047318 secs] [Times: user=0.01 sys=0.00, real=0.00 secs] 
2024-07-05T01:27:19.662+0800: 2348.373: [GC (Allocation Failure) [PSYoungGen: 237808K->192K(238080K)] 599436K->361932K(622592K), 0.0045757 secs] [Times: user=0.01 sys=0.00, real=0.01 secs] 
2024-07-05T01:27:19.841+0800: 2348.551: [GC (Allocation Failure) [PSYoungGen: 237760K->224K(238080K)] 599500K->362028K(622592K), 0.0040981 secs] [Times: user=0.01 sys=0.00, real=0.00 secs] 
2024-07-05T01:27:20.017+0800: 2348.728: [GC (Allocation Failure) [PSYoungGen: 237792K->224K(238080K)] 599596K->362132K(622592K), 0.0042083 secs] [Times: user=0.00 sys=0.00, real=0.00 secs] 
2024-07-05T01:27:20.200+0800: 2348.911: [GC (Allocation Failure) [PSYoungGen: 237792K->160K(238080K)] 599700K->362180K(622592K), 0.0039624 secs] [Times: user=0.00 sys=0.00, real=0.00 secs] 
2024-07-05T01:27:20.382+0800: 2349.093: [GC (Allocation Failure) [PSYoungGen: 237728K->256K(238080K)] 599748K->362316K(622592K), 0.0056793 secs] [Times: user=0.01 sys=0.00, real=0.01 secs] 
2024-07-05T01:27:20.568+0800: 2349.279: [GC (Allocation Failure) [PSYoungGen: 237824K->192K(238080K)] 599884K->362404K(622592K), 0.0038529 secs] [Times: user=0.01 sys=0.00, real=0.00 secs] 
2024-07-05T01:27:20.750+0800: 2349.461: [GC (Allocation Failure) [PSYoungGen: 237760K->240K(238080K)] 599972K->362516K(622592K), 0.0059193 secs] [Times: user=0.01 sys=0.00, real=0.01 secs] 
2024-07-05T01:27:20.932+0800: 2349.643: [GC (Allocation Failure) [PSYoungGen: 237808K->208K(238080K)] 600084K->362580K(622592K), 0.0068291 secs] [Times: user=0.01 sys=0.00, real=0.01 secs] 
2024-07-05T01:27:21.117+0800: 2349.827: [GC (Allocation Failure) [PSYoungGen: 237776K->160K(238080K)] 600148K->362644K(622592K), 0.0062364 secs] [Times: user=0.01 sys=0.00, real=0.00 secs] 
2024-07-05T01:27:21.301+0800: 2350.011: [GC (Allocation Failure) [PSYoungGen: 237728K->256K(238080K)] 600212K->362804K(622592K), 0.0042029 secs] [Times: user=0.01 sys=0.00, real=0.00 secs] 
2024-07-05T01:27:21.482+0800: 2350.192: [GC (Allocation Failure) [PSYoungGen: 237824K->224K(238080K)] 600372K->362868K(622592K), 0.0062155 secs] [Times: user=0.00 sys=0.00, real=0.01 secs] 
2024-07-05T01:27:21.664+0800: 2350.375: [GC (Allocation Failure) [PSYoungGen: 237792K->192K(238080K)] 600436K->362948K(622592K), 0.0047994 secs] [Times: user=0.01 sys=0.00, real=0.01 secs] 
2024-07-05T01:27:21.844+0800: 2350.554: [GC (Allocation Failure) [PSYoungGen: 237760K->256K(238080K)] 600516K->363076K(622592K), 0.0038313 secs] [Times: user=0.01 sys=0.00, real=0.01 secs] 
2024-07-05T01:27:22.023+0800: 2350.734: [GC (Allocation Failure) [PSYoungGen: 237824K->224K(238080K)] 600644K->363148K(622592K), 0.0040006 secs] [Times: user=0.00 sys=0.00, real=0.01 secs] 
2024-07-05T01:27:22.203+0800: 2350.914: [GC (Allocation Failure) [PSYoungGen: 237792K->240K(238080K)] 600716K->363264K(622592K), 0.0058390 secs] [Times: user=0.00 sys=0.00, real=0.01 secs] 
2024-07-05T01:27:22.386+0800: 2351.097: [GC (Allocation Failure) [PSYoungGen: 237808K->240K(238080K)] 600832K->363364K(622592K), 0.0037814 secs] [Times: user=0.00 sys=0.00, real=0.00 secs] 
2024-07-05T01:27:22.572+0800: 2351.283: [GC (Allocation Failure) [PSYoungGen: 237808K->192K(238080K)] 600932K->363428K(622592K), 0.0038111 secs] [Times: user=0.01 sys=0.00, real=0.01 secs] 
2024-07-05T01:27:22.751+0800: 2351.461: [GC (Allocation Failure) [PSYoungGen: 237760K->256K(238080K)] 600996K->363556K(622592K), 0.0059301 secs] [Times: user=0.01 sys=0.00, real=0.01 secs] 
2024-07-05T01:27:22.930+0800: 2351.640: [GC (Allocation Failure) [PSYoungGen: 237824K->224K(238080K)] 601124K->363624K(622592K), 0.0038989 secs] [Times: user=0.01 sys=0.00, real=0.00 secs] 
2024-07-05T01:27:23.106+0800: 2351.817: [GC (Allocation Failure) [PSYoungGen: 237792K->160K(238080K)] 601192K->363660K(622592K), 0.0068590 secs] [Times: user=0.00 sys=0.00, real=0.00 secs] 
2024-07-05T01:27:23.287+0800: 2351.998: [GC (Allocation Failure) [PSYoungGen: 237728K->256K(238080K)] 601228K->363812K(622592K), 0.0037187 secs] [Times: user=0.01 sys=0.00, real=0.00 secs] 
2024-07-05T01:27:23.469+0800: 2352.180: [GC (Allocation Failure) [PSYoungGen: 237824K->224K(238080K)] 601380K->363880K(622592K), 0.0039623 secs] [Times: user=0.01 sys=0.00, real=0.00 secs] 
2024-07-05T01:27:23.647+0800: 2352.358: [GC (Allocation Failure) [PSYoungGen: 237792K->224K(238080K)] 601448K->363988K(622592K), 0.0047076 secs] [Times: user=0.01 sys=0.00, real=0.00 secs] 
2024-07-05T01:27:23.830+0800: 2352.541: [GC (Allocation Failure) [PSYoungGen: 237792K->240K(238080K)] 601556K->364096K(622592K), 0.0054935 secs] [Times: user=0.01 sys=0.00, real=0.01 secs] 
2024-07-05T01:27:24.012+0800: 2352.723: [GC (Allocation Failure) [PSYoungGen: 237808K->192K(238080K)] 601664K->364156K(622592K), 0.0038157 secs] [Times: user=0.00 sys=0.00, real=0.01 secs] 
2024-07-05T01:27:24.191+0800: 2352.902: [GC (Allocation Failure) [PSYoungGen: 237760K->256K(238080K)] 601724K->364284K(622592K), 0.0038264 secs] [Times: user=0.01 sys=0.00, real=0.01 secs] 
2024-07-05T01:27:24.374+0800: 2353.084: [GC (Allocation Failure) [PSYoungGen: 237824K->256K(238080K)] 601852K->364384K(622592K), 0.0050125 secs] [Times: user=0.01 sys=0.00, real=0.01 secs] 
2024-07-05T01:27:24.556+0800: 2353.266: [GC (Allocation Failure) [PSYoungGen: 237824K->192K(238080K)] 601952K->364436K(622592K), 0.0047211 secs] [Times: user=0.01 sys=0.00, real=0.00 secs] 
2024-07-05T01:27:24.741+0800: 2353.452: [GC (Allocation Failure) [PSYoungGen: 237760K->256K(238080K)] 602004K->364564K(622592K), 0.0038824 secs] [Times: user=0.01 sys=0.00, real=0.00 secs] 
2024-07-05T01:27:24.922+0800: 2353.633: [GC (Allocation Failure) [PSYoungGen: 237824K->256K(238080K)] 602132K->364668K(622592K), 0.0050015 secs] [Times: user=0.01 sys=0.00, real=0.01 secs] 
2024-07-05T01:27:25.106+0800: 2353.817: [GC (Allocation Failure) [PSYoungGen: 237824K->256K(238080K)] 602236K->364773K(622592K), 0.0057448 secs] [Times: user=0.01 sys=0.00, real=0.00 secs] 
2024-07-05T01:27:25.288+0800: 2353.998: [GC (Allocation Failure) [PSYoungGen: 237824K->240K(238080K)] 602341K->364857K(622592K), 0.0052740 secs] [Times: user=0.01 sys=0.00, real=0.00 secs] 
2024-07-05T01:27:25.470+0800: 2354.181: [GC (Allocation Failure) [PSYoungGen: 237808K->192K(238080K)] 602425K->364917K(622592K), 0.0064164 secs] [Times: user=0.01 sys=0.00, real=0.01 secs] 
2024-07-05T01:27:25.663+0800: 2354.374: [GC (Allocation Failure) [PSYoungGen: 237760K->224K(238080K)] 602485K->365013K(622592K), 0.0071662 secs] [Times: user=0.00 sys=0.00, real=0.01 secs] 
2024-07-05T01:27:25.850+0800: 2354.560: [GC (Allocation Failure) [PSYoungGen: 237792K->256K(238080K)] 602581K->365145K(622592K), 0.0052016 secs] [Times: user=0.01 sys=0.00, real=0.01 secs] 
2024-07-05T01:27:26.036+0800: 2354.747: [GC (Allocation Failure) [PSYoungGen: 237824K->192K(238080K)] 602713K->365193K(622592K), 0.0038898 secs] [Times: user=0.01 sys=0.00, real=0.00 secs] 
2024-07-05T01:27:26.219+0800: 2354.930: [GC (Allocation Failure) [PSYoungGen: 237760K->240K(238080K)] 602761K->365305K(622592K), 0.0052963 secs] [Times: user=0.01 sys=0.00, real=0.00 secs] 
2024-07-05T01:27:26.408+0800: 2355.118: [GC (Allocation Failure) [PSYoungGen: 237808K->224K(238080K)] 602873K->365397K(622592K), 0.0047105 secs] [Times: user=0.00 sys=0.00, real=0.00 secs] 
2024-07-05T01:27:26.589+0800: 2355.300: [GC (Allocation Failure) [PSYoungGen: 237792K->224K(238080K)] 602965K->365501K(622592K), 0.0038769 secs] [Times: user=0.00 sys=0.00, real=0.00 secs] 
2024-07-05T01:27:26.769+0800: 2355.480: [GC (Allocation Failure) [PSYoungGen: 237792K->240K(238080K)] 603069K->365609K(622592K), 0.0043852 secs] [Times: user=0.01 sys=0.00, real=0.00 secs] 
2024-07-05T01:27:26.948+0800: 2355.658: [GC (Allocation Failure) [PSYoungGen: 237808K->192K(238080K)] 603177K->365677K(622592K), 0.0050713 secs] [Times: user=0.01 sys=0.00, real=0.00 secs] 
2024-07-05T01:27:27.130+0800: 2355.841: [GC (Allocation Failure) [PSYoungGen: 237760K->208K(238080K)] 603245K->365749K(622592K), 0.0058844 secs] [Times: user=0.00 sys=0.00, real=0.01 secs] 
2024-07-05T01:27:27.319+0800: 2356.030: [GC (Allocation Failure) [PSYoungGen: 237776K->240K(238080K)] 603317K->365881K(622592K), 0.0043901 secs] [Times: user=0.00 sys=0.00, real=0.00 secs] 
2024-07-05T01:27:27.499+0800: 2356.210: [GC (Allocation Failure) [PSYoungGen: 237808K->192K(238080K)] 603449K->365945K(622592K), 0.0055807 secs] [Times: user=0.01 sys=0.00, real=0.00 secs] 
2024-07-05T01:27:27.682+0800: 2356.393: [GC (Allocation Failure) [PSYoungGen: 237760K->256K(238080K)] 603513K->366073K(622592K), 0.0058551 secs] [Times: user=0.01 sys=0.00, real=0.01 secs] 
2024-07-05T01:27:27.866+0800: 2356.576: [GC (Allocation Failure) [PSYoungGen: 237824K->256K(238080K)] 603641K->366177K(622592K), 0.0057776 secs] [Times: user=0.01 sys=0.00, real=0.00 secs] 
2024-07-05T01:27:28.069+0800: 2356.780: [GC (Allocation Failure) [PSYoungGen: 237824K->320K(238080K)] 603745K->366345K(622592K), 0.0042166 secs] [Times: user=0.01 sys=0.00, real=0.00 secs] 
2024-07-05T01:27:28.256+0800: 2356.966: [GC (Allocation Failure) [PSYoungGen: 237888K->240K(238080K)] 603913K->366453K(622592K), 0.0053256 secs] [Times: user=0.01 sys=0.00, real=0.00 secs] 
2024-07-05T01:27:28.441+0800: 2357.152: [GC (Allocation Failure) [PSYoungGen: 237808K->192K(238080K)] 604021K->366517K(622592K), 0.0039484 secs] [Times: user=0.01 sys=0.00, real=0.00 secs] 
2024-07-05T01:27:28.631+0800: 2357.342: [GC (Allocation Failure) [PSYoungGen: 237760K->224K(238080K)] 604085K->366605K(622592K), 0.0040807 secs] [Times: user=0.01 sys=0.00, real=0.01 secs] 
2024-07-05T01:27:28.818+0800: 2357.528: [GC (Allocation Failure) [PSYoungGen: 237792K->208K(238080K)] 604173K->366693K(622592K), 0.0064842 secs] [Times: user=0.00 sys=0.00, real=0.00 secs] 
2024-07-05T01:27:28.998+0800: 2357.709: [GC (Allocation Failure) [PSYoungGen: 237776K->192K(238080K)] 604261K->366793K(622592K), 0.0038661 secs] [Times: user=0.01 sys=0.00, real=0.00 secs] 
2024-07-05T01:27:29.174+0800: 2357.885: [GC (Allocation Failure) [PSYoungGen: 237760K->224K(238080K)] 604361K->366881K(622592K), 0.0063704 secs] [Times: user=0.01 sys=0.00, real=0.00 secs] 
2024-07-05T01:27:29.353+0800: 2358.064: [GC (Allocation Failure) [PSYoungGen: 237792K->224K(238080K)] 604449K->366981K(622592K), 0.0040020 secs] [Times: user=0.00 sys=0.00, real=0.01 secs] 
2024-07-05T01:27:29.534+0800: 2358.244: [GC (Allocation Failure) [PSYoungGen: 237792K->256K(238080K)] 604549K->367117K(622592K), 0.0039694 secs] [Times: user=0.00 sys=0.00, real=0.01 secs] 
2024-07-05T01:27:29.732+0800: 2358.443: [GC (Allocation Failure) [PSYoungGen: 237824K->208K(238080K)] 604685K->367157K(622592K), 0.0038297 secs] [Times: user=0.01 sys=0.00, real=0.01 secs] 
2024-07-05T01:27:29.907+0800: 2358.617: [GC (Allocation Failure) [PSYoungGen: 237776K->192K(238080K)] 604725K->367249K(622592K), 0.0038895 secs] [Times: user=0.01 sys=0.00, real=0.00 secs] 
2024-07-05T01:27:30.081+0800: 2358.792: [GC (Allocation Failure) [PSYoungGen: 237760K->224K(238080K)] 604817K->367345K(622592K), 0.0038043 secs] [Times: user=0.00 sys=0.00, real=0.00 secs] 
2024-07-05T01:27:30.259+0800: 2358.970: [GC (Allocation Failure) [PSYoungGen: 237792K->240K(238080K)] 604913K->367457K(622592K), 0.0045897 secs] [Times: user=0.01 sys=0.00, real=0.00 secs] 
2024-07-05T01:27:30.438+0800: 2359.149: [GC (Allocation Failure) [PSYoungGen: 237808K->192K(238080K)] 605025K->367517K(622592K), 0.0058350 secs] [Times: user=0.01 sys=0.00, real=0.00 secs] 
2024-07-05T01:27:30.617+0800: 2359.327: [GC (Allocation Failure) [PSYoungGen: 237760K->224K(238080K)] 605085K->367605K(622592K), 0.0042803 secs] [Times: user=0.01 sys=0.00, real=0.00 secs] 
2024-07-05T01:27:30.797+0800: 2359.507: [GC (Allocation Failure) [PSYoungGen: 237792K->224K(238080K)] 605173K->367705K(622592K), 0.0039122 secs] [Times: user=0.00 sys=0.00, real=0.00 secs] 
2024-07-05T01:27:30.973+0800: 2359.683: [GC (Allocation Failure) [PSYoungGen: 237792K->224K(238080K)] 605273K->367810K(622592K), 0.0038410 secs] [Times: user=0.01 sys=0.00, real=0.01 secs] 
2024-07-05T01:27:31.148+0800: 2359.859: [GC (Allocation Failure) [PSYoungGen: 237792K->240K(238080K)] 605378K->367918K(622592K), 0.0038476 secs] [Times: user=0.00 sys=0.00, real=0.00 secs] 
2024-07-05T01:27:31.323+0800: 2360.033: [GC (Allocation Failure) [PSYoungGen: 237808K->192K(238080K)] 605486K->367982K(622592K), 0.0066228 secs] [Times: user=0.01 sys=0.00, real=0.01 secs] 
2024-07-05T01:27:31.506+0800: 2360.217: [GC (Allocation Failure) [PSYoungGen: 237760K->240K(238080K)] 605550K->368086K(622592K), 0.0047181 secs] [Times: user=0.01 sys=0.00, real=0.00 secs] 
2024-07-05T01:27:31.685+0800: 2360.396: [GC (Allocation Failure) [PSYoungGen: 237808K->208K(238080K)] 605654K->368154K(622592K), 0.0040788 secs] [Times: user=0.00 sys=0.00, real=0.01 secs] 
2024-07-05T01:27:31.866+0800: 2360.577: [GC (Allocation Failure) [PSYoungGen: 237776K->192K(238080K)] 605722K->368254K(622592K), 0.0037931 secs] [Times: user=0.00 sys=0.00, real=0.00 secs] 
2024-07-05T01:27:32.045+0800: 2360.756: [GC (Allocation Failure) [PSYoungGen: 237760K->240K(238080K)] 605822K->368366K(622592K), 0.0038161 secs] [Times: user=0.01 sys=0.00, real=0.01 secs] 
2024-07-05T01:27:32.226+0800: 2360.937: [GC (Allocation Failure) [PSYoungGen: 237808K->224K(238080K)] 605934K->368454K(622592K), 0.0063611 secs] [Times: user=0.01 sys=0.00, real=0.00 secs] 
2024-07-05T01:27:32.410+0800: 2361.121: [GC (Allocation Failure) [PSYoungGen: 237792K->240K(238080K)] 606022K->368574K(622592K), 0.0070328 secs] [Times: user=0.01 sys=0.00, real=0.01 secs] 
2024-07-05T01:27:32.589+0800: 2361.300: [GC (Allocation Failure) [PSYoungGen: 237808K->192K(238080K)] 606142K->368614K(622592K), 0.0037313 secs] [Times: user=0.00 sys=0.00, real=0.00 secs] 
2024-07-05T01:27:32.766+0800: 2361.477: [GC (Allocation Failure) [PSYoungGen: 237760K->192K(238080K)] 606182K->368710K(622592K), 0.0038515 secs] [Times: user=0.01 sys=0.00, real=0.00 secs] 
2024-07-05T01:27:32.946+0800: 2361.657: [GC (Allocation Failure) [PSYoungGen: 237760K->240K(238080K)] 606278K->368830K(622592K), 0.0071742 secs] [Times: user=0.01 sys=0.00, real=0.00 secs] 
2024-07-05T01:27:33.129+0800: 2361.839: [GC (Allocation Failure) [PSYoungGen: 237808K->208K(238080K)] 606398K->368898K(622592K), 0.0039225 secs] [Times: user=0.01 sys=0.00, real=0.00 secs] 
2024-07-05T01:27:33.310+0800: 2362.020: [GC (Allocation Failure) [PSYoungGen: 237776K->192K(238080K)] 606466K->368994K(622592K), 0.0059217 secs] [Times: user=0.01 sys=0.00, real=0.01 secs] 
2024-07-05T01:27:33.495+0800: 2362.205: [GC (Allocation Failure) [PSYoungGen: 237760K->208K(238080K)] 606562K->369066K(622592K), 0.0039757 secs] [Times: user=0.01 sys=0.00, real=0.00 secs] 
2024-07-05T01:27:33.676+0800: 2362.386: [GC (Allocation Failure) [PSYoungGen: 237776K->224K(238080K)] 606634K->369182K(622592K), 0.0040864 secs] [Times: user=0.00 sys=0.00, real=0.00 secs] 
2024-07-05T01:27:33.858+0800: 2362.569: [GC (Allocation Failure) [PSYoungGen: 237792K->224K(238080K)] 606750K->369282K(622592K), 0.0039763 secs] [Times: user=0.01 sys=0.00, real=0.00 secs] 
2024-07-05T01:27:34.035+0800: 2362.746: [GC (Allocation Failure) [PSYoungGen: 237792K->192K(238080K)] 606850K->369354K(622592K), 0.0038610 secs] [Times: user=0.01 sys=0.00, real=0.00 secs] 
2024-07-05T01:27:34.218+0800: 2362.929: [GC (Allocation Failure) [PSYoungGen: 237760K->240K(238080K)] 606922K->369466K(622592K), 0.0061141 secs] [Times: user=0.01 sys=0.00, real=0.00 secs] 
2024-07-05T01:27:34.402+0800: 2363.113: [GC (Allocation Failure) [PSYoungGen: 237808K->240K(238080K)] 607034K->369566K(622592K), 0.0038925 secs] [Times: user=0.01 sys=0.00, real=0.01 secs] 
2024-07-05T01:27:34.583+0800: 2363.293: [GC (Allocation Failure) [PSYoungGen: 237808K->240K(238080K)] 607134K->369666K(622592K), 0.0063282 secs] [Times: user=0.01 sys=0.00, real=0.01 secs] 
2024-07-05T01:27:34.759+0800: 2363.470: [GC (Allocation Failure) [PSYoungGen: 237808K->192K(238080K)] 607234K->369730K(622592K), 0.0038644 secs] [Times: user=0.01 sys=0.00, real=0.00 secs] 
2024-07-05T01:27:34.938+0800: 2363.649: [GC (Allocation Failure) [PSYoungGen: 237760K->224K(238080K)] 607298K->369826K(622592K), 0.0046124 secs] [Times: user=0.01 sys=0.00, real=0.00 secs] 
2024-07-05T01:27:35.122+0800: 2363.833: [GC (Allocation Failure) [PSYoungGen: 237792K->224K(238080K)] 607394K->369934K(622592K), 0.0038664 secs] [Times: user=0.00 sys=0.00, real=0.01 secs] 
2024-07-05T01:27:35.300+0800: 2364.010: [GC (Allocation Failure) [PSYoungGen: 237792K->240K(238080K)] 607502K->370042K(622592K), 0.0052612 secs] [Times: user=0.01 sys=0.00, real=0.00 secs] 
2024-07-05T01:27:35.475+0800: 2364.186: [GC (Allocation Failure) [PSYoungGen: 237808K->192K(238080K)] 607610K->370102K(622592K), 0.0038419 secs] [Times: user=0.00 sys=0.00, real=0.00 secs] 
2024-07-05T01:27:35.650+0800: 2364.360: [GC (Allocation Failure) [PSYoungGen: 237760K->240K(238080K)] 607670K->370214K(622592K), 0.0073726 secs] [Times: user=0.01 sys=0.00, real=0.01 secs] 
2024-07-05T01:27:35.828+0800: 2364.538: [GC (Allocation Failure) [PSYoungGen: 237808K->240K(238080K)] 607782K->370314K(622592K), 0.0038853 secs] [Times: user=0.01 sys=0.00, real=0.00 secs] 
2024-07-05T01:27:36.008+0800: 2364.718: [GC (Allocation Failure) [PSYoungGen: 237808K->240K(238080K)] 607882K->370410K(622592K), 0.0048244 secs] [Times: user=0.01 sys=0.00, real=0.00 secs] 
2024-07-05T01:27:36.189+0800: 2364.900: [GC (Allocation Failure) [PSYoungGen: 237808K->192K(238080K)] 607978K->370474K(622592K), 0.0053421 secs] [Times: user=0.01 sys=0.00, real=0.01 secs] 
2024-07-05T01:27:36.377+0800: 2365.087: [GC (Allocation Failure) [PSYoungGen: 237760K->224K(238080K)] 608042K->370570K(622592K), 0.0059799 secs] [Times: user=0.01 sys=0.00, real=0.00 secs] 
2024-07-05T01:27:36.556+0800: 2365.266: [GC (Allocation Failure) [PSYoungGen: 237792K->224K(238080K)] 608138K->370674K(622592K), 0.0048668 secs] [Times: user=0.00 sys=0.00, real=0.00 secs] 
2024-07-05T01:27:36.735+0800: 2365.446: [GC (Allocation Failure) [PSYoungGen: 237792K->224K(238080K)] 608242K->370774K(622592K), 0.0039057 secs] [Times: user=0.01 sys=0.00, real=0.00 secs] 
2024-07-05T01:27:36.911+0800: 2365.621: [GC (Allocation Failure) [PSYoungGen: 237792K->192K(238080K)] 608342K->370851K(622592K), 0.0062054 secs] [Times: user=0.00 sys=0.01, real=0.01 secs] 
2024-07-05T01:27:37.091+0800: 2365.801: [GC (Allocation Failure) [PSYoungGen: 237760K->208K(238080K)] 608419K->370923K(622592K), 0.0038644 secs] [Times: user=0.00 sys=0.00, real=0.01 secs] 
2024-07-05T01:27:37.267+0800: 2365.977: [GC (Allocation Failure) [PSYoungGen: 237776K->256K(238080K)] 608491K->371079K(622592K), 0.0062712 secs] [Times: user=0.00 sys=0.00, real=0.00 secs] 
2024-07-05T01:27:37.445+0800: 2366.156: [GC (Allocation Failure) [PSYoungGen: 237824K->208K(238080K)] 608647K->371131K(622592K), 0.0099599 secs] [Times: user=0.01 sys=0.00, real=0.02 secs] 
2024-07-05T01:27:37.630+0800: 2366.341: [GC (Allocation Failure) [PSYoungGen: 237776K->192K(238080K)] 608699K->371223K(622592K), 0.0039973 secs] [Times: user=0.01 sys=0.00, real=0.01 secs] 
2024-07-05T01:27:37.809+0800: 2366.519: [GC (Allocation Failure) [PSYoungGen: 237760K->256K(238080K)] 608791K->371351K(622592K), 0.0043818 secs] [Times: user=0.01 sys=0.00, real=0.00 secs] 
2024-07-05T01:27:37.987+0800: 2366.698: [GC (Allocation Failure) [PSYoungGen: 237824K->224K(238080K)] 608919K->371419K(622592K), 0.0038720 secs] [Times: user=0.00 sys=0.00, real=0.00 secs] 
2024-07-05T01:27:38.164+0800: 2366.874: [GC (Allocation Failure) [PSYoungGen: 237792K->192K(238080K)] 608987K->371503K(622592K), 0.0047805 secs] [Times: user=0.01 sys=0.00, real=0.01 secs] 
2024-07-05T01:27:38.346+0800: 2367.056: [GC (Allocation Failure) [PSYoungGen: 237760K->240K(238080K)] 609071K->371607K(622592K), 0.0039407 secs] [Times: user=0.01 sys=0.00, real=0.00 secs] 
2024-07-05T01:27:38.526+0800: 2367.237: [GC (Allocation Failure) [PSYoungGen: 237808K->224K(238080K)] 609175K->371703K(622592K), 0.0040496 secs] [Times: user=0.01 sys=0.00, real=0.00 secs] 
2024-07-05T01:27:38.722+0800: 2367.433: [GC (Allocation Failure) [PSYoungGen: 237792K->304K(238080K)] 609271K->371891K(622592K), 0.0058077 secs] [Times: user=0.00 sys=0.00, real=0.01 secs] 
2024-07-05T01:27:38.910+0800: 2367.621: [GC (Allocation Failure) [PSYoungGen: 237872K->208K(238080K)] 609459K->371995K(622592K), 0.0039126 secs] [Times: user=0.01 sys=0.00, real=0.01 secs] 
2024-07-05T01:27:39.089+0800: 2367.800: [GC (Allocation Failure) [PSYoungGen: 237776K->192K(238080K)] 609563K->372095K(622592K), 0.0040976 secs] [Times: user=0.00 sys=0.00, real=0.00 secs] 
2024-07-05T01:27:39.274+0800: 2367.985: [GC (Allocation Failure) [PSYoungGen: 237760K->240K(238080K)] 609663K->372207K(622592K), 0.0062573 secs] [Times: user=0.01 sys=0.00, real=0.00 secs] 
2024-07-05T01:27:39.454+0800: 2368.165: [GC (Allocation Failure) [PSYoungGen: 237808K->224K(238080K)] 609775K->372295K(622592K), 0.0045368 secs] [Times: user=0.01 sys=0.00, real=0.00 secs] 
2024-07-05T01:27:39.632+0800: 2368.343: [GC (Allocation Failure) [PSYoungGen: 237792K->192K(238080K)] 609863K->372371K(622592K), 0.0038829 secs] [Times: user=0.00 sys=0.00, real=0.01 secs] 
2024-07-05T01:27:39.830+0800: 2368.541: [GC (Allocation Failure) [PSYoungGen: 237760K->224K(238080K)] 609939K->372459K(622592K), 0.0068107 secs] [Times: user=0.01 sys=0.00, real=0.01 secs] 
2024-07-05T01:27:40.009+0800: 2368.720: [GC (Allocation Failure) [PSYoungGen: 237792K->224K(238080K)] 610027K->372563K(622592K), 0.0039407 secs] [Times: user=0.01 sys=0.00, real=0.00 secs] 
2024-07-05T01:27:40.221+0800: 2368.932: [GC (Allocation Failure) [PSYoungGen: 237792K->192K(238080K)] 610131K->372635K(622592K), 0.0038821 secs] [Times: user=0.01 sys=0.00, real=0.00 secs] 
2024-07-05T01:27:40.454+0800: 2369.165: [GC (Allocation Failure) [PSYoungGen: 237760K->256K(238080K)] 610203K->372739K(622592K), 0.0067936 secs] [Times: user=0.01 sys=0.00, real=0.00 secs] 
2024-07-05T01:27:40.638+0800: 2369.349: [GC (Allocation Failure) [PSYoungGen: 237824K->192K(238080K)] 610307K->372839K(622592K), 0.0079699 secs] [Times: user=0.01 sys=0.00, real=0.01 secs] 
2024-07-05T01:27:40.826+0800: 2369.536: [GC (Allocation Failure) [PSYoungGen: 237760K->224K(238080K)] 610407K->372911K(622592K), 0.0052094 secs] [Times: user=0.01 sys=0.00, real=0.00 secs] 
2024-07-05T01:27:41.008+0800: 2369.718: [GC (Allocation Failure) [PSYoungGen: 237792K->192K(238080K)] 610479K->373011K(622592K), 0.0046139 secs] [Times: user=0.00 sys=0.00, real=0.00 secs] 
2024-07-05T01:27:41.189+0800: 2369.900: [GC (Allocation Failure) [PSYoungGen: 237760K->160K(238080K)] 610579K->373067K(622592K), 0.0038428 secs] [Times: user=0.01 sys=0.00, real=0.00 secs] 
2024-07-05T01:27:41.373+0800: 2370.084: [GC (Allocation Failure) [PSYoungGen: 237728K->256K(238080K)] 610635K->373211K(622592K), 0.0039026 secs] [Times: user=0.00 sys=0.00, real=0.01 secs] 
2024-07-05T01:27:41.552+0800: 2370.263: [GC (Allocation Failure) [PSYoungGen: 237824K->192K(238080K)] 610779K->373299K(622592K), 0.0035649 secs] [Times: user=0.01 sys=0.00, real=0.01 secs] 
2024-07-05T01:27:41.730+0800: 2370.441: [GC (Allocation Failure) [PSYoungGen: 237760K->192K(238080K)] 610867K->373371K(622592K), 0.0053678 secs] [Times: user=0.01 sys=0.00, real=0.01 secs] 
2024-07-05T01:27:41.910+0800: 2370.620: [GC (Allocation Failure) [PSYoungGen: 237760K->272K(238080K)] 610939K->373491K(622592K), 0.0054998 secs] [Times: user=0.00 sys=0.00, real=0.01 secs] 
2024-07-05T01:27:42.091+0800: 2370.802: [GC (Allocation Failure) [PSYoungGen: 237840K->192K(238080K)] 611059K->373563K(622592K), 0.0036800 secs] [Times: user=0.00 sys=0.00, real=0.01 secs] 
2024-07-05T01:27:42.270+0800: 2370.981: [GC (Allocation Failure) [PSYoungGen: 237760K->192K(238080K)] 611131K->373643K(622592K), 0.0035226 secs] [Times: user=0.00 sys=0.00, real=0.01 secs] 
2024-07-05T01:27:42.444+0800: 2371.155: [GC (Allocation Failure) [PSYoungGen: 237760K->288K(238080K)] 611211K->373779K(622592K), 0.0040007 secs] [Times: user=0.01 sys=0.00, real=0.01 secs] 
2024-07-05T01:27:42.626+0800: 2371.337: [GC (Allocation Failure) [PSYoungGen: 237856K->192K(238080K)] 611347K->373844K(622592K), 0.0063404 secs] [Times: user=0.00 sys=0.00, real=0.00 secs] 
2024-07-05T01:27:42.814+0800: 2371.525: [GC (Allocation Failure) [PSYoungGen: 237760K->256K(238080K)] 611412K->373948K(622592K), 0.0060344 secs] [Times: user=0.00 sys=0.00, real=0.00 secs] 
2024-07-05T01:27:42.994+0800: 2371.705: [GC (Allocation Failure) [PSYoungGen: 237824K->192K(238080K)] 611516K->374036K(622592K), 0.0054626 secs] [Times: user=0.01 sys=0.00, real=0.00 secs] 
2024-07-05T01:27:43.181+0800: 2371.892: [GC (Allocation Failure) [PSYoungGen: 237760K->192K(238080K)] 611604K->374108K(622592K), 0.0035734 secs] [Times: user=0.00 sys=0.00, real=0.00 secs] 
2024-07-05T01:27:43.366+0800: 2372.077: [GC (Allocation Failure) [PSYoungGen: 237760K->240K(238080K)] 611676K->374204K(622592K), 0.0057141 secs] [Times: user=0.00 sys=0.00, real=0.00 secs] 
2024-07-05T01:27:43.554+0800: 2372.265: [GC (Allocation Failure) [PSYoungGen: 237808K->192K(238080K)] 611772K->374316K(622592K), 0.0036086 secs] [Times: user=0.01 sys=0.00, real=0.00 secs] 
2024-07-05T01:27:43.738+0800: 2372.449: [GC (Allocation Failure) [PSYoungGen: 237760K->192K(238080K)] 611884K->374388K(622592K), 0.0058085 secs] [Times: user=0.01 sys=0.00, real=0.00 secs] 
2024-07-05T01:27:43.919+0800: 2372.629: [GC (Allocation Failure) [PSYoungGen: 237760K->256K(238080K)] 611956K->374500K(622592K), 0.0035716 secs] [Times: user=0.01 sys=0.00, real=0.00 secs] 
2024-07-05T01:27:44.105+0800: 2372.815: [GC (Allocation Failure) [PSYoungGen: 237824K->192K(238080K)] 612068K->374600K(622592K), 0.0041063 secs] [Times: user=0.00 sys=0.00, real=0.01 secs] 
2024-07-05T01:27:44.290+0800: 2373.001: [GC (Allocation Failure) [PSYoungGen: 237760K->288K(238080K)] 612168K->374736K(622592K), 0.0044314 secs] [Times: user=0.01 sys=0.00, real=0.01 secs] 
2024-07-05T01:27:44.469+0800: 2373.179: [GC (Allocation Failure) [PSYoungGen: 237856K->192K(238080K)] 612304K->374792K(622592K), 0.0058388 secs] [Times: user=0.01 sys=0.00, real=0.01 secs] 
2024-07-05T01:27:44.653+0800: 2373.363: [GC (Allocation Failure) [PSYoungGen: 237760K->192K(238080K)] 612360K->374864K(622592K), 0.0035509 secs] [Times: user=0.01 sys=0.00, real=0.01 secs] 
2024-07-05T01:27:44.830+0800: 2373.541: [GC (Allocation Failure) [PSYoungGen: 237760K->272K(238080K)] 612432K->374992K(622592K), 0.0034898 secs] [Times: user=0.00 sys=0.00, real=0.00 secs] 
2024-07-05T01:27:45.013+0800: 2373.723: [GC (Allocation Failure) [PSYoungGen: 237840K->192K(238080K)] 612560K->375068K(622592K), 0.0036400 secs] [Times: user=0.01 sys=0.00, real=0.01 secs] 
2024-07-05T01:27:45.199+0800: 2373.910: [GC (Allocation Failure) [PSYoungGen: 237760K->192K(238080K)] 612636K->375140K(622592K), 0.0035941 secs] [Times: user=0.01 sys=0.00, real=0.00 secs] 
2024-07-05T01:27:45.378+0800: 2374.088: [GC (Allocation Failure) [PSYoungGen: 237760K->288K(238080K)] 612708K->375284K(622592K), 0.0055652 secs] [Times: user=0.01 sys=0.00, real=0.00 secs] 
2024-07-05T01:27:45.565+0800: 2374.275: [GC (Allocation Failure) [PSYoungGen: 237856K->192K(238080K)] 612852K->375348K(622592K), 0.0041056 secs] [Times: user=0.01 sys=0.00, real=0.01 secs] 
2024-07-05T01:27:45.754+0800: 2374.465: [GC (Allocation Failure) [PSYoungGen: 237760K->256K(238080K)] 612916K->375452K(622592K), 0.0055695 secs] [Times: user=0.01 sys=0.00, real=0.00 secs] 
2024-07-05T01:27:45.941+0800: 2374.651: [GC (Allocation Failure) [PSYoungGen: 237824K->192K(238080K)] 613020K->375540K(622592K), 0.0041928 secs] [Times: user=0.00 sys=0.00, real=0.00 secs] 
2024-07-05T01:27:46.129+0800: 2374.839: [GC (Allocation Failure) [PSYoungGen: 237760K->192K(238080K)] 613108K->375612K(622592K), 0.0040998 secs] [Times: user=0.00 sys=0.00, real=0.00 secs] 
2024-07-05T01:27:46.323+0800: 2375.034: [GC (Allocation Failure) [PSYoungGen: 237760K->272K(238080K)] 613180K->375740K(622592K), 0.0038812 secs] [Times: user=0.00 sys=0.00, real=0.01 secs] 
2024-07-05T01:27:46.510+0800: 2375.221: [GC (Allocation Failure) [PSYoungGen: 237840K->192K(238080K)] 613308K->375816K(622592K), 0.0064376 secs] [Times: user=0.01 sys=0.00, real=0.01 secs] 
2024-07-05T01:27:46.698+0800: 2375.409: [GC (Allocation Failure) [PSYoungGen: 237760K->160K(238080K)] 613384K->375856K(622592K), 0.0060770 secs] [Times: user=0.00 sys=0.00, real=0.00 secs] 
2024-07-05T01:27:46.882+0800: 2375.593: [GC (Allocation Failure) [PSYoungGen: 237728K->256K(238080K)] 613424K->376000K(622592K), 0.0056599 secs] [Times: user=0.01 sys=0.00, real=0.01 secs] 
2024-07-05T01:27:47.066+0800: 2375.777: [GC (Allocation Failure) [PSYoungGen: 237824K->192K(238080K)] 613568K->376100K(622592K), 0.0055125 secs] [Times: user=0.00 sys=0.00, real=0.00 secs] 
2024-07-05T01:27:47.259+0800: 2375.970: [GC (Allocation Failure) [PSYoungGen: 237760K->256K(238080K)] 613668K->376204K(622592K), 0.0055584 secs] [Times: user=0.01 sys=0.00, real=0.00 secs] 
2024-07-05T01:27:47.442+0800: 2376.153: [GC (Allocation Failure) [PSYoungGen: 237824K->192K(238080K)] 613772K->376292K(622592K), 0.0036552 secs] [Times: user=0.00 sys=0.00, real=0.01 secs] 
2024-07-05T01:27:47.625+0800: 2376.336: [GC (Allocation Failure) [PSYoungGen: 237760K->192K(238080K)] 613860K->376364K(622592K), 0.0035548 secs] [Times: user=0.01 sys=0.00, real=0.01 secs] 
2024-07-05T01:27:47.809+0800: 2376.519: [GC (Allocation Failure) [PSYoungGen: 237760K->256K(238080K)] 613932K->376476K(622592K), 0.0039031 secs] [Times: user=0.01 sys=0.00, real=0.00 secs] 
2024-07-05T01:27:47.994+0800: 2376.705: [GC (Allocation Failure) [PSYoungGen: 237824K->192K(238080K)] 614044K->376560K(622592K), 0.0057569 secs] [Times: user=0.01 sys=0.00, real=0.00 secs] 
2024-07-05T01:27:48.180+0800: 2376.891: [GC (Allocation Failure) [PSYoungGen: 237760K->192K(238080K)] 614128K->376640K(622592K), 0.0046843 secs] [Times: user=0.01 sys=0.00, real=0.00 secs] 
2024-07-05T01:27:48.364+0800: 2377.075: [GC (Allocation Failure) [PSYoungGen: 237760K->288K(238080K)] 614208K->376776K(622592K), 0.0036226 secs] [Times: user=0.01 sys=0.00, real=0.01 secs] 
2024-07-05T01:27:48.549+0800: 2377.259: [GC (Allocation Failure) [PSYoungGen: 237856K->192K(238080K)] 614344K->376841K(622592K), 0.0041463 secs] [Times: user=0.00 sys=0.00, real=0.00 secs] 
2024-07-05T01:27:48.734+0800: 2377.445: [GC (Allocation Failure) [PSYoungGen: 237760K->256K(238080K)] 614409K->376945K(622592K), 0.0067719 secs] [Times: user=0.01 sys=0.00, real=0.00 secs] 
2024-07-05T01:27:48.917+0800: 2377.628: [GC (Allocation Failure) [PSYoungGen: 237824K->160K(238080K)] 614513K->376993K(622592K), 0.0034552 secs] [Times: user=0.01 sys=0.00, real=0.00 secs] 
2024-07-05T01:27:49.095+0800: 2377.806: [GC (Allocation Failure) [PSYoungGen: 237728K->192K(238080K)] 614561K->377097K(622592K), 0.0049812 secs] [Times: user=0.00 sys=0.00, real=0.00 secs] 
2024-07-05T01:27:49.275+0800: 2377.986: [GC (Allocation Failure) [PSYoungGen: 237760K->272K(238080K)] 614665K->377225K(622592K), 0.0035883 secs] [Times: user=0.00 sys=0.00, real=0.00 secs] 
2024-07-05T01:27:49.451+0800: 2378.162: [GC (Allocation Failure) [PSYoungGen: 237840K->192K(238080K)] 614793K->377297K(622592K), 0.0052550 secs] [Times: user=0.01 sys=0.00, real=0.01 secs] 
2024-07-05T01:27:49.634+0800: 2378.345: [GC (Allocation Failure) [PSYoungGen: 237760K->192K(238080K)] 614865K->377369K(622592K), 0.0035576 secs] [Times: user=0.01 sys=0.00, real=0.00 secs] 
2024-07-05T01:27:49.850+0800: 2378.561: [GC (Allocation Failure) [PSYoungGen: 237760K->352K(238080K)] 614937K->377569K(622592K), 0.0034587 secs] [Times: user=0.00 sys=0.00, real=0.01 secs] 
2024-07-05T01:27:50.026+0800: 2378.737: [GC (Allocation Failure) [PSYoungGen: 237920K->192K(238080K)] 615137K->377669K(622592K), 0.0081833 secs] [Times: user=0.00 sys=0.00, real=0.01 secs] 
2024-07-05T01:27:50.223+0800: 2378.934: [GC (Allocation Failure) [PSYoungGen: 237760K->256K(238080K)] 615237K->377773K(622592K), 0.0048630 secs] [Times: user=0.00 sys=0.00, real=0.01 secs] 
2024-07-05T01:27:50.406+0800: 2379.117: [GC (Allocation Failure) [PSYoungGen: 237824K->192K(238080K)] 615341K->377857K(622592K), 0.0036541 secs] [Times: user=0.01 sys=0.00, real=0.00 secs] 
2024-07-05T01:27:50.591+0800: 2379.302: [GC (Allocation Failure) [PSYoungGen: 237760K->192K(238080K)] 615425K->377929K(622592K), 0.0054547 secs] [Times: user=0.01 sys=0.00, real=0.01 secs] 
2024-07-05T01:27:50.778+0800: 2379.489: [GC (Allocation Failure) [PSYoungGen: 237760K->256K(238080K)] 615497K->378041K(622592K), 0.0062691 secs] [Times: user=0.00 sys=0.00, real=0.00 secs] 
2024-07-05T01:27:50.966+0800: 2379.677: [GC (Allocation Failure) [PSYoungGen: 237824K->160K(238080K)] 615609K->378089K(622592K), 0.0064162 secs] [Times: user=0.01 sys=0.00, real=0.00 secs] 
2024-07-05T01:27:51.151+0800: 2379.861: [GC (Allocation Failure) [PSYoungGen: 237728K->192K(238080K)] 615657K->378193K(622592K), 0.0054031 secs] [Times: user=0.01 sys=0.00, real=0.01 secs] 
2024-07-05T01:27:51.335+0800: 2380.045: [GC (Allocation Failure) [PSYoungGen: 237760K->272K(238080K)] 615761K->378321K(622592K), 0.0049134 secs] [Times: user=0.01 sys=0.00, real=0.00 secs] 
2024-07-05T01:27:51.514+0800: 2380.225: [GC (Allocation Failure) [PSYoungGen: 237840K->192K(238080K)] 615889K->378401K(622592K), 0.0037086 secs] [Times: user=0.01 sys=0.00, real=0.00 secs] 
2024-07-05T01:27:51.696+0800: 2380.407: [GC (Allocation Failure) [PSYoungGen: 237760K->272K(238080K)] 615969K->378529K(622592K), 0.0043542 secs] [Times: user=0.00 sys=0.00, real=0.00 secs] 
2024-07-05T01:27:51.874+0800: 2380.584: [GC (Allocation Failure) [PSYoungGen: 237840K->192K(238080K)] 616097K->378597K(622592K), 0.0035540 secs] [Times: user=0.01 sys=0.00, real=0.01 secs] 
2024-07-05T01:27:52.046+0800: 2380.757: [GC (Allocation Failure) [PSYoungGen: 237760K->192K(238080K)] 616165K->378669K(622592K), 0.0063820 secs] [Times: user=0.01 sys=0.00, real=0.00 secs] 
2024-07-05T01:27:52.234+0800: 2380.945: [GC (Allocation Failure) [PSYoungGen: 237760K->240K(238080K)] 616237K->378765K(622592K), 0.0063419 secs] [Times: user=0.01 sys=0.00, real=0.00 secs] 
2024-07-05T01:27:52.416+0800: 2381.127: [GC (Allocation Failure) [PSYoungGen: 237808K->192K(238080K)] 616333K->378869K(622592K), 0.0042383 secs] [Times: user=0.01 sys=0.00, real=0.00 secs] 
2024-07-05T01:27:52.602+0800: 2381.313: [GC (Allocation Failure) [PSYoungGen: 237760K->160K(238080K)] 616437K->378909K(622592K), 0.0062896 secs] [Times: user=0.01 sys=0.00, real=0.01 secs] 
2024-07-05T01:27:52.784+0800: 2381.495: [GC (Allocation Failure) [PSYoungGen: 237728K->272K(238080K)] 616477K->379069K(622592K), 0.0044584 secs] [Times: user=0.01 sys=0.00, real=0.01 secs] 
2024-07-05T01:27:52.966+0800: 2381.677: [GC (Allocation Failure) [PSYoungGen: 237840K->192K(238080K)] 616637K->379145K(622592K), 0.0063566 secs] [Times: user=0.00 sys=0.00, real=0.00 secs] 
2024-07-05T01:27:53.152+0800: 2381.863: [GC (Allocation Failure) [PSYoungGen: 237760K->240K(238080K)] 616713K->379241K(622592K), 0.0062350 secs] [Times: user=0.01 sys=0.00, real=0.01 secs] 
2024-07-05T01:27:53.338+0800: 2382.049: [GC (Allocation Failure) [PSYoungGen: 237808K->160K(238080K)] 616809K->379309K(622592K), 0.0076039 secs] [Times: user=0.01 sys=0.00, real=0.01 secs] 
2024-07-05T01:27:53.526+0800: 2382.237: [GC (Allocation Failure) [PSYoungGen: 237728K->192K(238080K)] 616877K->379413K(622592K), 0.0063138 secs] [Times: user=0.01 sys=0.00, real=0.00 secs] 
2024-07-05T01:27:53.710+0800: 2382.421: [GC (Allocation Failure) [PSYoungGen: 237760K->288K(238080K)] 616981K->379549K(622592K), 0.0061725 secs] [Times: user=0.01 sys=0.00, real=0.01 secs] 
2024-07-05T01:27:53.894+0800: 2382.605: [GC (Allocation Failure) [PSYoungGen: 237856K->192K(238080K)] 617117K->379610K(622592K), 0.0064882 secs] [Times: user=0.00 sys=0.00, real=0.00 secs] 
2024-07-05T01:27:54.085+0800: 2382.796: [GC (Allocation Failure) [PSYoungGen: 237760K->192K(238080K)] 617178K->379690K(622592K), 0.0064152 secs] [Times: user=0.00 sys=0.00, real=0.01 secs] 
2024-07-05T01:27:54.266+0800: 2382.977: [GC (Allocation Failure) [PSYoungGen: 237760K->272K(238080K)] 617258K->379818K(622592K), 0.0035349 secs] [Times: user=0.01 sys=0.00, real=0.00 secs] 
2024-07-05T01:27:54.446+0800: 2383.156: [GC (Allocation Failure) [PSYoungGen: 237840K->192K(238080K)] 617386K->379894K(622592K), 0.0035038 secs] [Times: user=0.01 sys=0.00, real=0.01 secs] 
2024-07-05T01:27:54.629+0800: 2383.340: [GC (Allocation Failure) [PSYoungGen: 237760K->256K(238080K)] 617462K->380006K(622592K), 0.0034660 secs] [Times: user=0.01 sys=0.00, real=0.00 secs] 
2024-07-05T01:27:54.810+0800: 2383.521: [GC (Allocation Failure) [PSYoungGen: 237824K->192K(238080K)] 617574K->380090K(622592K), 0.0062802 secs] [Times: user=0.00 sys=0.00, real=0.01 secs] 
2024-07-05T01:27:54.992+0800: 2383.703: [GC (Allocation Failure) [PSYoungGen: 237760K->192K(238080K)] 617658K->380162K(622592K), 0.0036297 secs] [Times: user=0.01 sys=0.00, real=0.01 secs] 
2024-07-05T01:27:55.174+0800: 2383.885: [GC (Allocation Failure) [PSYoungGen: 237760K->272K(238080K)] 617730K->380282K(622592K), 0.0063192 secs] [Times: user=0.00 sys=0.00, real=0.00 secs] 
2024-07-05T01:27:55.360+0800: 2384.070: [GC (Allocation Failure) [PSYoungGen: 237840K->192K(238080K)] 617850K->380354K(622592K), 0.0035993 secs] [Times: user=0.01 sys=0.00, real=0.00 secs] 
2024-07-05T01:27:55.543+0800: 2384.253: [GC (Allocation Failure) [PSYoungGen: 237760K->192K(238080K)] 617922K->380426K(622592K), 0.0037103 secs] [Times: user=0.01 sys=0.00, real=0.01 secs] 
2024-07-05T01:27:55.722+0800: 2384.433: [GC (Allocation Failure) [PSYoungGen: 237760K->240K(238080K)] 617994K->380514K(622592K), 0.0063764 secs] [Times: user=0.00 sys=0.00, real=0.01 secs] 
2024-07-05T01:27:55.910+0800: 2384.621: [GC (Allocation Failure) [PSYoungGen: 237808K->192K(238080K)] 618082K->380630K(622592K), 0.0044396 secs] [Times: user=0.01 sys=0.00, real=0.01 secs] 
2024-07-05T01:27:56.098+0800: 2384.809: [GC (Allocation Failure) [PSYoungGen: 237760K->192K(238080K)] 618198K->380702K(622592K), 0.0062988 secs] [Times: user=0.01 sys=0.00, real=0.00 secs] 
2024-07-05T01:27:56.289+0800: 2385.000: [GC (Allocation Failure) [PSYoungGen: 237760K->288K(238080K)] 618270K->380846K(622592K), 0.0070027 secs] [Times: user=0.01 sys=0.00, real=0.01 secs] 
2024-07-05T01:27:56.468+0800: 2385.179: [GC (Allocation Failure) [PSYoungGen: 237856K->192K(238080K)] 618414K->380918K(622592K), 0.0043493 secs] [Times: user=0.01 sys=0.00, real=0.00 secs] 
2024-07-05T01:27:56.653+0800: 2385.364: [GC (Allocation Failure) [PSYoungGen: 237760K->272K(238080K)] 618486K->381038K(622592K), 0.0036474 secs] [Times: user=0.00 sys=0.00, real=0.01 secs] 
2024-07-05T01:27:56.829+0800: 2385.540: [GC (Allocation Failure) [PSYoungGen: 237840K->192K(238080K)] 618606K->381110K(622592K), 0.0038880 secs] [Times: user=0.01 sys=0.00, real=0.00 secs] 
2024-07-05T01:27:57.010+0800: 2385.721: [GC (Allocation Failure) [PSYoungGen: 237760K->192K(238080K)] 618678K->381182K(622592K), 0.0055453 secs] [Times: user=0.01 sys=0.00, real=0.01 secs] 
2024-07-05T01:27:57.190+0800: 2385.901: [GC (Allocation Failure) [PSYoungGen: 237760K->272K(238080K)] 618750K->381310K(622592K), 0.0065777 secs] [Times: user=0.01 sys=0.00, real=0.01 secs] 
2024-07-05T01:27:57.372+0800: 2386.083: [GC (Allocation Failure) [PSYoungGen: 237840K->192K(238080K)] 618878K->381386K(622592K), 0.0042203 secs] [Times: user=0.01 sys=0.00, real=0.01 secs] 
2024-07-05T01:27:57.555+0800: 2386.266: [GC (Allocation Failure) [PSYoungGen: 237760K->192K(238080K)] 618954K->381466K(622592K), 0.0036633 secs] [Times: user=0.01 sys=0.00, real=0.00 secs] 
2024-07-05T01:27:57.733+0800: 2386.444: [GC (Allocation Failure) [PSYoungGen: 237760K->256K(238080K)] 619034K->381578K(622592K), 0.0064039 secs] [Times: user=0.01 sys=0.00, real=0.01 secs] 
2024-07-05T01:27:57.918+0800: 2386.629: [GC (Allocation Failure) [PSYoungGen: 237824K->192K(238080K)] 619146K->381682K(622592K), 0.0057876 secs] [Times: user=0.01 sys=0.00, real=0.00 secs] 
2024-07-05T01:27:58.099+0800: 2386.809: [GC (Allocation Failure) [PSYoungGen: 237760K->256K(238080K)] 619250K->381786K(622592K), 0.0050572 secs] [Times: user=0.01 sys=0.00, real=0.00 secs] 
2024-07-05T01:27:58.279+0800: 2386.990: [GC (Allocation Failure) [PSYoungGen: 237824K->192K(238080K)] 619354K->381878K(622592K), 0.0035603 secs] [Times: user=0.01 sys=0.00, real=0.00 secs] 
2024-07-05T01:27:58.455+0800: 2387.165: [GC (Allocation Failure) [PSYoungGen: 237760K->192K(238080K)] 619446K->381950K(622592K), 0.0035615 secs] [Times: user=0.01 sys=0.00, real=0.00 secs] 
2024-07-05T01:27:58.636+0800: 2387.346: [GC (Allocation Failure) [PSYoungGen: 237760K->272K(238080K)] 619518K->382078K(622592K), 0.0067544 secs] [Times: user=0.01 sys=0.00, real=0.00 secs] 
2024-07-05T01:27:58.824+0800: 2387.535: [GC (Allocation Failure) [PSYoungGen: 237840K->192K(238080K)] 619646K->382154K(622592K), 0.0065481 secs] [Times: user=0.01 sys=0.00, real=0.01 secs] 
2024-07-05T01:27:59.010+0800: 2387.721: [GC (Allocation Failure) [PSYoungGen: 237760K->160K(238080K)] 619722K->382194K(622592K), 0.0063465 secs] [Times: user=0.01 sys=0.00, real=0.01 secs] 
2024-07-05T01:27:59.198+0800: 2387.909: [GC (Allocation Failure) [PSYoungGen: 237728K->288K(238080K)] 619762K->382370K(622592K), 0.0063450 secs] [Times: user=0.01 sys=0.00, real=0.00 secs] 
2024-07-05T01:27:59.393+0800: 2388.104: [GC (Allocation Failure) [PSYoungGen: 237856K->160K(238080K)] 619938K->382406K(622592K), 0.0066340 secs] [Times: user=0.01 sys=0.00, real=0.01 secs] 
2024-07-05T01:27:59.580+0800: 2388.290: [GC (Allocation Failure) [PSYoungGen: 237728K->256K(238080K)] 619974K->382542K(622592K), 0.0044969 secs] [Times: user=0.01 sys=0.00, real=0.00 secs] 
2024-07-05T01:27:59.782+0800: 2388.493: [GC (Allocation Failure) [PSYoungGen: 237824K->192K(238080K)] 620110K->382635K(622592K), 0.0057964 secs] [Times: user=0.00 sys=0.00, real=0.01 secs] 
2024-07-05T01:27:59.965+0800: 2388.676: [GC (Allocation Failure) [PSYoungGen: 237760K->192K(238080K)] 620203K->382707K(622592K), 0.0036153 secs] [Times: user=0.01 sys=0.00, real=0.01 secs] 
2024-07-05T01:28:00.152+0800: 2388.862: [GC (Allocation Failure) [PSYoungGen: 237760K->272K(238080K)] 620275K->382835K(622592K), 0.0036134 secs] [Times: user=0.00 sys=0.00, real=0.01 secs] 
2024-07-05T01:28:00.336+0800: 2389.047: [GC (Allocation Failure) [PSYoungGen: 237840K->192K(238080K)] 620403K->382911K(622592K), 0.0035583 secs] [Times: user=0.00 sys=0.00, real=0.00 secs] 
2024-07-05T01:28:00.519+0800: 2389.229: [GC (Allocation Failure) [PSYoungGen: 237760K->192K(238080K)] 620479K->382983K(622592K), 0.0035798 secs] [Times: user=0.00 sys=0.00, real=0.00 secs] 
2024-07-05T01:28:00.719+0800: 2389.429: [GC (Allocation Failure) [PSYoungGen: 237760K->384K(238080K)] 620551K->383223K(622592K), 0.0059323 secs] [Times: user=0.00 sys=0.00, real=0.00 secs] 
2024-07-05T01:28:00.901+0800: 2389.612: [GC (Allocation Failure) [PSYoungGen: 237952K->192K(238080K)] 620791K->383291K(622592K), 0.0036601 secs] [Times: user=0.01 sys=0.00, real=0.00 secs] 
2024-07-05T01:28:01.086+0800: 2389.797: [GC (Allocation Failure) [PSYoungGen: 237760K->288K(238080K)] 620859K->383427K(622592K), 0.0058781 secs] [Times: user=0.01 sys=0.00, real=0.00 secs] 
2024-07-05T01:28:01.274+0800: 2389.985: [GC (Allocation Failure) [PSYoungGen: 237856K->192K(238080K)] 620995K->383479K(622592K), 0.0054193 secs] [Times: user=0.01 sys=0.00, real=0.00 secs] 
2024-07-05T01:28:01.459+0800: 2390.169: [GC (Allocation Failure) [PSYoungGen: 237760K->192K(238080K)] 621047K->383551K(622592K), 0.0034835 secs] [Times: user=0.01 sys=0.00, real=0.00 secs] 
2024-07-05T01:28:01.639+0800: 2390.349: [GC (Allocation Failure) [PSYoungGen: 237760K->272K(238080K)] 621119K->383679K(622592K), 0.0050379 secs] [Times: user=0.00 sys=0.01, real=0.00 secs] 
2024-07-05T01:28:01.826+0800: 2390.537: [GC (Allocation Failure) [PSYoungGen: 237840K->160K(238080K)] 621247K->383719K(622592K), 0.0066317 secs] [Times: user=0.00 sys=0.00, real=0.00 secs] 
2024-07-05T01:28:02.010+0800: 2390.721: [GC (Allocation Failure) [PSYoungGen: 237728K->192K(238080K)] 621287K->383831K(622592K), 0.0054922 secs] [Times: user=0.01 sys=0.00, real=0.01 secs] 
2024-07-05T01:28:02.190+0800: 2390.901: [GC (Allocation Failure) [PSYoungGen: 237760K->256K(238080K)] 621399K->383935K(622592K), 0.0067630 secs] [Times: user=0.01 sys=0.00, real=0.01 secs] 
2024-07-05T01:28:02.378+0800: 2391.089: [GC (Allocation Failure) [PSYoungGen: 237824K->160K(238080K)] 621503K->383999K(622592K), 0.0064048 secs] [Times: user=0.01 sys=0.00, real=0.00 secs] 
2024-07-05T01:28:02.565+0800: 2391.276: [GC (Allocation Failure) [PSYoungGen: 237728K->256K(238080K)] 621567K->384135K(622592K), 0.0060115 secs] [Times: user=0.01 sys=0.00, real=0.01 secs] 
2024-07-05T01:28:02.746+0800: 2391.456: [GC (Allocation Failure) [PSYoungGen: 237824K->192K(238080K)] 621703K->384223K(622592K), 0.0037720 secs] [Times: user=0.01 sys=0.00, real=0.01 secs] 
2024-07-05T01:28:02.930+0800: 2391.641: [GC (Allocation Failure) [PSYoungGen: 237760K->192K(238080K)] 621791K->384303K(622592K), 0.0055817 secs] [Times: user=0.00 sys=0.00, real=0.01 secs] 
2024-07-05T01:28:03.112+0800: 2391.823: [GC (Allocation Failure) [PSYoungGen: 237760K->272K(238080K)] 621871K->384431K(622592K), 0.0063713 secs] [Times: user=0.01 sys=0.00, real=0.01 secs] 
2024-07-05T01:28:03.303+0800: 2392.014: [GC (Allocation Failure) [PSYoungGen: 237840K->192K(238080K)] 621999K->384503K(622592K), 0.0048163 secs] [Times: user=0.01 sys=0.00, real=0.01 secs] 
2024-07-05T01:28:03.308+0800: 2392.019: [Full GC (Ergonomics) [PSYoungGen: 192K->0K(238080K)] [ParOldGen: 384311K->230185K(478208K)] 384503K->230185K(716288K), [Metaspace: 22280K->22280K(1069056K)], 0.2452648 secs] [Times: user=0.44 sys=0.00, real=0.24 secs] 
2024-07-05T01:28:03.738+0800: 2392.448: [GC (Allocation Failure) [PSYoungGen: 237568K->160K(238080K)] 467753K->230345K(716288K), 0.0047182 secs] [Times: user=0.00 sys=0.00, real=0.00 secs] 
2024-07-05T01:28:03.918+0800: 2392.629: [GC (Allocation Failure) [PSYoungGen: 237728K->256K(238080K)] 467913K->230489K(716288K), 0.0024763 secs] [Times: user=0.00 sys=0.00, real=0.00 secs] 
2024-07-05T01:28:04.102+0800: 2392.813: [GC (Allocation Failure) [PSYoungGen: 237824K->192K(238080K)] 468057K->230585K(716288K), 0.0027942 secs] [Times: user=0.00 sys=0.00, real=0.00 secs] 
2024-07-05T01:28:04.290+0800: 2393.001: [GC (Allocation Failure) [PSYoungGen: 237760K->256K(238080K)] 468153K->230689K(716288K), 0.0025656 secs] [Times: user=0.00 sys=0.00, real=0.00 secs] 
2024-07-05T01:28:04.471+0800: 2393.182: [GC (Allocation Failure) [PSYoungGen: 237824K->192K(238080K)] 468257K->230773K(716288K), 0.0027492 secs] [Times: user=0.01 sys=0.00, real=0.01 secs] 
2024-07-05T01:28:04.654+0800: 2393.365: [GC (Allocation Failure) [PSYoungGen: 237760K->192K(238080K)] 468341K->230853K(716288K), 0.0041795 secs] [Times: user=0.01 sys=0.00, real=0.00 secs] 
2024-07-05T01:28:04.837+0800: 2393.547: [GC (Allocation Failure) [PSYoungGen: 237760K->256K(238080K)] 468421K->230957K(716288K), 0.0025591 secs] [Times: user=0.00 sys=0.00, real=0.00 secs] 
2024-07-05T01:28:05.018+0800: 2393.729: [GC (Allocation Failure) [PSYoungGen: 237824K->192K(238080K)] 468525K->231049K(716288K), 0.0027188 secs] [Times: user=0.00 sys=0.00, real=0.00 secs] 
2024-07-05T01:28:05.198+0800: 2393.909: [GC (Allocation Failure) [PSYoungGen: 237760K->192K(238080K)] 468617K->231121K(716288K), 0.0025511 secs] [Times: user=0.00 sys=0.00, real=0.00 secs] 
2024-07-05T01:28:05.378+0800: 2394.089: [GC (Allocation Failure) [PSYoungGen: 237760K->304K(238080K)] 468689K->231273K(716288K), 0.0027228 secs] [Times: user=0.00 sys=0.00, real=0.00 secs] 
2024-07-05T01:28:05.560+0800: 2394.271: [GC (Allocation Failure) [PSYoungGen: 237872K->192K(238080K)] 468841K->231321K(716288K), 0.0025704 secs] [Times: user=0.01 sys=0.00, real=0.00 secs] 
2024-07-05T01:28:05.739+0800: 2394.450: [GC (Allocation Failure) [PSYoungGen: 237760K->288K(238080K)] 468889K->231457K(716288K), 0.0036559 secs] [Times: user=0.01 sys=0.00, real=0.00 secs] 
2024-07-05T01:28:05.919+0800: 2394.629: [GC (Allocation Failure) [PSYoungGen: 237856K->192K(238080K)] 469025K->231505K(716288K), 0.0040634 secs] [Times: user=0.00 sys=0.00, real=0.00 secs] 
2024-07-05T01:28:06.102+0800: 2394.813: [GC (Allocation Failure) [PSYoungGen: 237760K->160K(238080K)] 469073K->231545K(716288K), 0.0042339 secs] [Times: user=0.00 sys=0.00, real=0.01 secs] 
2024-07-05T01:28:06.290+0800: 2395.001: [GC (Allocation Failure) [PSYoungGen: 237728K->256K(238080K)] 469113K->231681K(716288K), 0.0051349 secs] [Times: user=0.00 sys=0.00, real=0.01 secs] 
2024-07-05T01:28:06.478+0800: 2395.189: [GC (Allocation Failure) [PSYoungGen: 237824K->160K(238080K)] 469249K->231733K(716288K), 0.0046475 secs] [Times: user=0.00 sys=0.00, real=0.00 secs] 
2024-07-05T01:28:06.665+0800: 2395.375: [GC (Allocation Failure) [PSYoungGen: 237728K->192K(238080K)] 469301K->231837K(716288K), 0.0025242 secs] [Times: user=0.00 sys=0.00, real=0.01 secs] 
2024-07-05T01:28:06.843+0800: 2395.554: [GC (Allocation Failure) [PSYoungGen: 237760K->256K(238080K)] 469405K->231941K(716288K), 0.0043278 secs] [Times: user=0.01 sys=0.00, real=0.01 secs] 
2024-07-05T01:28:07.021+0800: 2395.732: [GC (Allocation Failure) [PSYoungGen: 237824K->160K(238080K)] 469509K->232006K(716288K), 0.0026824 secs] [Times: user=0.01 sys=0.00, real=0.00 secs] 
2024-07-05T01:28:07.200+0800: 2395.911: [GC (Allocation Failure) [PSYoungGen: 237728K->288K(238080K)] 469574K->232182K(716288K), 0.0031723 secs] [Times: user=0.01 sys=0.00, real=0.00 secs] 
2024-07-05T01:28:07.378+0800: 2396.089: [GC (Allocation Failure) [PSYoungGen: 237856K->160K(238080K)] 469750K->232198K(716288K), 0.0042872 secs] [Times: user=0.00 sys=0.00, real=0.00 secs] 
2024-07-05T01:28:07.557+0800: 2396.268: [GC (Allocation Failure) [PSYoungGen: 237728K->192K(238080K)] 469766K->232302K(716288K), 0.0042495 secs] [Times: user=0.00 sys=0.00, real=0.00 secs] 
2024-07-05T01:28:07.734+0800: 2396.445: [GC (Allocation Failure) [PSYoungGen: 237760K->288K(238080K)] 469870K->232446K(716288K), 0.0025058 secs] [Times: user=0.00 sys=0.00, real=0.00 secs] 
2024-07-05T01:28:07.911+0800: 2396.621: [GC (Allocation Failure) [PSYoungGen: 237856K->192K(238080K)] 470014K->232502K(716288K), 0.0025697 secs] [Times: user=0.01 sys=0.00, real=0.00 secs] 
2024-07-05T01:28:08.085+0800: 2396.795: [GC (Allocation Failure) [PSYoungGen: 237760K->192K(238080K)] 470070K->232574K(716288K), 0.0028870 secs] [Times: user=0.00 sys=0.00, real=0.01 secs] 
2024-07-05T01:28:08.260+0800: 2396.971: [GC (Allocation Failure) [PSYoungGen: 237760K->288K(238080K)] 470142K->232718K(716288K), 0.0027020 secs] [Times: user=0.00 sys=0.00, real=0.00 secs] 
2024-07-05T01:28:08.435+0800: 2397.146: [GC (Allocation Failure) [PSYoungGen: 237856K->192K(238080K)] 470286K->232778K(716288K), 0.0036232 secs] [Times: user=0.01 sys=0.00, real=0.00 secs] 
2024-07-05T01:28:08.618+0800: 2397.329: [GC (Allocation Failure) [PSYoungGen: 237760K->256K(238080K)] 470346K->232882K(716288K), 0.0026237 secs] [Times: user=0.00 sys=0.00, real=0.00 secs] 
2024-07-05T01:28:08.794+0800: 2397.505: [GC (Allocation Failure) [PSYoungGen: 237824K->160K(238080K)] 470450K->232926K(716288K), 0.0042218 secs] [Times: user=0.00 sys=0.00, real=0.00 secs] 
2024-07-05T01:28:08.978+0800: 2397.689: [GC (Allocation Failure) [PSYoungGen: 237728K->160K(238080K)] 470494K->232998K(716288K), 0.0041786 secs] [Times: user=0.00 sys=0.00, real=0.00 secs] 
2024-07-05T01:28:09.158+0800: 2397.869: [GC (Allocation Failure) [PSYoungGen: 237728K->288K(238080K)] 470566K->233166K(716288K), 0.0056098 secs] [Times: user=0.01 sys=0.00, real=0.00 secs] 
2024-07-05T01:28:09.341+0800: 2398.052: [GC (Allocation Failure) [PSYoungGen: 237856K->192K(238080K)] 470734K->233226K(716288K), 0.0028279 secs] [Times: user=0.01 sys=0.00, real=0.00 secs] 
2024-07-05T01:28:09.521+0800: 2398.231: [GC (Allocation Failure) [PSYoungGen: 237760K->192K(238080K)] 470794K->233298K(716288K), 0.0025337 secs] [Times: user=0.00 sys=0.00, real=0.00 secs] 
2024-07-05T01:28:09.702+0800: 2398.413: [GC (Allocation Failure) [PSYoungGen: 237760K->256K(238080K)] 470866K->233402K(716288K), 0.0042545 secs] [Times: user=0.00 sys=0.00, real=0.01 secs] 
2024-07-05T01:28:09.906+0800: 2398.617: [GC (Allocation Failure) [PSYoungGen: 237824K->160K(238080K)] 470970K->233458K(716288K), 0.0042038 secs] [Times: user=0.00 sys=0.00, real=0.00 secs] 
2024-07-05T01:28:10.099+0800: 2398.810: [GC (Allocation Failure) [PSYoungGen: 237728K->256K(238080K)] 471026K->233594K(716288K), 0.0042736 secs] [Times: user=0.01 sys=0.00, real=0.00 secs] 
2024-07-05T01:28:10.286+0800: 2398.997: [GC (Allocation Failure) [PSYoungGen: 237824K->192K(238080K)] 471162K->233674K(716288K), 0.0041959 secs] [Times: user=0.00 sys=0.00, real=0.00 secs] 
2024-07-05T01:28:10.470+0800: 2399.181: [GC (Allocation Failure) [PSYoungGen: 237760K->160K(238080K)] 471242K->233714K(716288K), 0.0046060 secs] [Times: user=0.00 sys=0.00, real=0.01 secs] 
2024-07-05T01:28:10.658+0800: 2399.369: [GC (Allocation Failure) [PSYoungGen: 237728K->240K(238080K)] 471282K->233834K(716288K), 0.0041953 secs] [Times: user=0.01 sys=0.00, real=0.00 secs] 
2024-07-05T01:28:10.838+0800: 2399.549: [GC (Allocation Failure) [PSYoungGen: 237808K->192K(238080K)] 471402K->233934K(716288K), 0.0047333 secs] [Times: user=0.00 sys=0.00, real=0.00 secs] 
2024-07-05T01:28:11.022+0800: 2399.733: [GC (Allocation Failure) [PSYoungGen: 237760K->192K(238080K)] 471502K->234006K(716288K), 0.0038729 secs] [Times: user=0.01 sys=0.00, real=0.01 secs] 
2024-07-05T01:28:11.206+0800: 2399.917: [GC (Allocation Failure) [PSYoungGen: 237760K->256K(238080K)] 471574K->234110K(716288K), 0.0045213 secs] [Times: user=0.01 sys=0.00, real=0.00 secs] 
2024-07-05T01:28:11.390+0800: 2400.101: [GC (Allocation Failure) [PSYoungGen: 237824K->192K(238080K)] 471678K->234202K(716288K), 0.0041239 secs] [Times: user=0.00 sys=0.00, real=0.01 secs] 
2024-07-05T01:28:11.586+0800: 2400.297: [GC (Allocation Failure) [PSYoungGen: 237760K->352K(238080K)] 471770K->234402K(716288K), 0.0044174 secs] [Times: user=0.01 sys=0.00, real=0.00 secs] 
2024-07-05T01:28:11.767+0800: 2400.477: [GC (Allocation Failure) [PSYoungGen: 237920K->192K(238080K)] 471970K->234482K(716288K), 0.0027334 secs] [Times: user=0.01 sys=0.00, real=0.00 secs] 
2024-07-05T01:28:11.948+0800: 2400.659: [GC (Allocation Failure) [PSYoungGen: 237760K->192K(238080K)] 472050K->234554K(716288K), 0.0035692 secs] [Times: user=0.00 sys=0.00, real=0.00 secs] 
2024-07-05T01:28:12.130+0800: 2400.841: [GC (Allocation Failure) [PSYoungGen: 237760K->256K(238080K)] 472122K->234658K(716288K), 0.0041966 secs] [Times: user=0.01 sys=0.00, real=0.01 secs] 
2024-07-05T01:28:12.311+0800: 2401.021: [GC (Allocation Failure) [PSYoungGen: 237824K->192K(238080K)] 472226K->234743K(716288K), 0.0024640 secs] [Times: user=0.01 sys=0.00, real=0.00 secs] 
2024-07-05T01:28:12.490+0800: 2401.201: [GC (Allocation Failure) [PSYoungGen: 237760K->192K(238080K)] 472311K->234823K(716288K), 0.0050480 secs] [Times: user=0.01 sys=0.00, real=0.01 secs] 
2024-07-05T01:28:12.668+0800: 2401.379: [GC (Allocation Failure) [PSYoungGen: 237760K->240K(238080K)] 472391K->234911K(716288K), 0.0042030 secs] [Times: user=0.01 sys=0.00, real=0.00 secs] 
2024-07-05T01:28:12.846+0800: 2401.557: [GC (Allocation Failure) [PSYoungGen: 237808K->192K(238080K)] 472479K->235015K(716288K), 0.0042216 secs] [Times: user=0.00 sys=0.00, real=0.00 secs] 
2024-07-05T01:28:13.032+0800: 2401.743: [GC (Allocation Failure) [PSYoungGen: 237760K->208K(238080K)] 472583K->235087K(716288K), 0.0025170 secs] [Times: user=0.00 sys=0.00, real=0.01 secs] 
2024-07-05T01:28:13.206+0800: 2401.916: [GC (Allocation Failure) [PSYoungGen: 237776K->240K(238080K)] 472655K->235203K(716288K), 0.0042020 secs] [Times: user=0.00 sys=0.00, real=0.00 secs] 
2024-07-05T01:28:13.380+0800: 2402.091: [GC (Allocation Failure) [PSYoungGen: 237808K->160K(238080K)] 472771K->235251K(716288K), 0.0026150 secs] [Times: user=0.01 sys=0.00, real=0.00 secs] 
2024-07-05T01:28:13.558+0800: 2402.269: [GC (Allocation Failure) [PSYoungGen: 237728K->256K(238080K)] 472819K->235387K(716288K), 0.0041414 secs] [Times: user=0.00 sys=0.00, real=0.00 secs] 
2024-07-05T01:28:13.737+0800: 2402.448: [GC (Allocation Failure) [PSYoungGen: 237824K->192K(238080K)] 472955K->235475K(716288K), 0.0026515 secs] [Times: user=0.01 sys=0.00, real=0.00 secs] 
2024-07-05T01:28:13.911+0800: 2402.621: [GC (Allocation Failure) [PSYoungGen: 237760K->192K(238080K)] 473043K->235547K(716288K), 0.0026753 secs] [Times: user=0.00 sys=0.00, real=0.00 secs] 
2024-07-05T01:28:14.086+0800: 2402.797: [GC (Allocation Failure) [PSYoungGen: 237760K->288K(238080K)] 473115K->235683K(716288K), 0.0056673 secs] [Times: user=0.01 sys=0.00, real=0.00 secs] 
2024-07-05T01:28:14.274+0800: 2402.985: [GC (Allocation Failure) [PSYoungGen: 237856K->192K(238080K)] 473251K->235747K(716288K), 0.0025697 secs] [Times: user=0.00 sys=0.00, real=0.00 secs] 
2024-07-05T01:28:14.450+0800: 2403.161: [GC (Allocation Failure) [PSYoungGen: 237760K->160K(238080K)] 473315K->235787K(716288K), 0.0041934 secs] [Times: user=0.00 sys=0.01, real=0.01 secs] 
2024-07-05T01:28:14.638+0800: 2403.349: [GC (Allocation Failure) [PSYoungGen: 237728K->288K(238080K)] 473355K->235955K(716288K), 0.0039320 secs] [Times: user=0.00 sys=0.00, real=0.00 secs] 
2024-07-05T01:28:14.814+0800: 2403.525: [GC (Allocation Failure) [PSYoungGen: 237856K->192K(238080K)] 473523K->236019K(716288K), 0.0041692 secs] [Times: user=0.01 sys=0.00, real=0.00 secs] 
2024-07-05T01:28:14.996+0800: 2403.707: [GC (Allocation Failure) [PSYoungGen: 237760K->256K(238080K)] 473587K->236123K(716288K), 0.0032601 secs] [Times: user=0.00 sys=0.00, real=0.00 secs] 
2024-07-05T01:28:15.178+0800: 2403.889: [GC (Allocation Failure) [PSYoungGen: 237824K->160K(238080K)] 473691K->236175K(716288K), 0.0026389 secs] [Times: user=0.00 sys=0.00, real=0.00 secs] 
2024-07-05T01:28:15.362+0800: 2404.073: [GC (Allocation Failure) [PSYoungGen: 237728K->192K(238080K)] 473743K->236279K(716288K), 0.0025793 secs] [Times: user=0.00 sys=0.00, real=0.00 secs] 
2024-07-05T01:28:15.545+0800: 2404.255: [GC (Allocation Failure) [PSYoungGen: 237760K->256K(238080K)] 473847K->236391K(716288K), 0.0027448 secs] [Times: user=0.00 sys=0.00, real=0.01 secs] 
2024-07-05T01:28:15.723+0800: 2404.434: [GC (Allocation Failure) [PSYoungGen: 237824K->192K(238080K)] 473959K->236479K(716288K), 0.0026067 secs] [Times: user=0.00 sys=0.00, real=0.01 secs] 
2024-07-05T01:28:15.906+0800: 2404.616: [GC (Allocation Failure) [PSYoungGen: 237760K->192K(238080K)] 474047K->236551K(716288K), 0.0043068 secs] [Times: user=0.01 sys=0.00, real=0.01 secs] 
2024-07-05T01:28:16.086+0800: 2404.797: [GC (Allocation Failure) [PSYoungGen: 237760K->272K(238080K)] 474119K->236679K(716288K), 0.0043035 secs] [Times: user=0.01 sys=0.00, real=0.00 secs] 
2024-07-05T01:28:16.267+0800: 2404.978: [GC (Allocation Failure) [PSYoungGen: 237840K->192K(238080K)] 474247K->236763K(716288K), 0.0036773 secs] [Times: user=0.01 sys=0.00, real=0.00 secs] 
2024-07-05T01:28:16.454+0800: 2405.164: [GC (Allocation Failure) [PSYoungGen: 237760K->240K(238080K)] 474331K->236859K(716288K), 0.0042958 secs] [Times: user=0.01 sys=0.00, real=0.00 secs] 
2024-07-05T01:28:16.632+0800: 2405.343: [GC (Allocation Failure) [PSYoungGen: 237808K->192K(238080K)] 474427K->236959K(716288K), 0.0034940 secs] [Times: user=0.00 sys=0.00, real=0.01 secs] 
2024-07-05T01:28:16.818+0800: 2405.529: [GC (Allocation Failure) [PSYoungGen: 237760K->192K(238080K)] 474527K->237031K(716288K), 0.0035932 secs] [Times: user=0.00 sys=0.00, real=0.00 secs] 
2024-07-05T01:28:16.998+0800: 2405.709: [GC (Allocation Failure) [PSYoungGen: 237760K->256K(238080K)] 474599K->237135K(716288K), 0.0043934 secs] [Times: user=0.00 sys=0.00, real=0.00 secs] 
2024-07-05T01:28:17.178+0800: 2405.889: [GC (Allocation Failure) [PSYoungGen: 237824K->192K(238080K)] 474703K->237227K(716288K), 0.0037540 secs] [Times: user=0.00 sys=0.00, real=0.00 secs] 
2024-07-05T01:28:17.355+0800: 2406.066: [GC (Allocation Failure) [PSYoungGen: 237760K->192K(238080K)] 474795K->237299K(716288K), 0.0024572 secs] [Times: user=0.01 sys=0.00, real=0.00 secs] 
2024-07-05T01:28:17.530+0800: 2406.240: [GC (Allocation Failure) [PSYoungGen: 237760K->304K(238080K)] 474867K->237459K(716288K), 0.0026497 secs] [Times: user=0.01 sys=0.00, real=0.00 secs] 
2024-07-05T01:28:17.706+0800: 2406.417: [GC (Allocation Failure) [PSYoungGen: 237872K->160K(238080K)] 475027K->237479K(716288K), 0.0043579 secs] [Times: user=0.00 sys=0.00, real=0.00 secs] 
2024-07-05T01:28:17.890+0800: 2406.600: [GC (Allocation Failure) [PSYoungGen: 237728K->240K(238080K)] 475047K->237599K(716288K), 0.0042236 secs] [Times: user=0.01 sys=0.00, real=0.01 secs] 
2024-07-05T01:28:18.073+0800: 2406.784: [GC (Allocation Failure) [PSYoungGen: 237808K->192K(238080K)] 475167K->237703K(716288K), 0.0025637 secs] [Times: user=0.00 sys=0.00, real=0.01 secs] 
2024-07-05T01:28:18.251+0800: 2406.961: [GC (Allocation Failure) [PSYoungGen: 237760K->160K(238080K)] 475271K->237743K(716288K), 0.0041412 secs] [Times: user=0.00 sys=0.00, real=0.01 secs] 
2024-07-05T01:28:18.429+0800: 2407.139: [GC (Allocation Failure) [PSYoungGen: 237728K->288K(238080K)] 475311K->237919K(716288K), 0.0027059 secs] [Times: user=0.00 sys=0.00, real=0.00 secs] 
2024-07-05T01:28:18.606+0800: 2407.317: [GC (Allocation Failure) [PSYoungGen: 237856K->192K(238080K)] 475487K->237972K(716288K), 0.0042848 secs] [Times: user=0.00 sys=0.00, real=0.00 secs] 
2024-07-05T01:28:18.791+0800: 2407.501: [GC (Allocation Failure) [PSYoungGen: 237760K->160K(238080K)] 475540K->238012K(716288K), 0.0026815 secs] [Times: user=0.01 sys=0.00, real=0.00 secs] 
2024-07-05T01:28:18.969+0800: 2407.680: [GC (Allocation Failure) [PSYoungGen: 237728K->304K(238080K)] 475580K->238204K(716288K), 0.0026331 secs] [Times: user=0.00 sys=0.00, real=0.00 secs] 
2024-07-05T01:28:19.141+0800: 2407.852: [GC (Allocation Failure) [PSYoungGen: 237872K->192K(238080K)] 475772K->238260K(716288K), 0.0027265 secs] [Times: user=0.01 sys=0.00, real=0.00 secs] 
2024-07-05T01:28:19.318+0800: 2408.028: [GC (Allocation Failure) [PSYoungGen: 237760K->288K(238080K)] 475828K->238396K(716288K), 0.0041281 secs] [Times: user=0.00 sys=0.00, real=0.00 secs] 
2024-07-05T01:28:19.500+0800: 2408.211: [GC (Allocation Failure) [PSYoungGen: 237856K->192K(238080K)] 475964K->238448K(716288K), 0.0031805 secs] [Times: user=0.01 sys=0.00, real=0.00 secs] 
2024-07-05T01:28:19.697+0800: 2408.408: [GC (Allocation Failure) [PSYoungGen: 237760K->192K(238080K)] 476016K->238520K(716288K), 0.0045452 secs] [Times: user=0.00 sys=0.00, real=0.00 secs] 
2024-07-05T01:28:19.886+0800: 2408.597: [GC (Allocation Failure) [PSYoungGen: 237760K->288K(238080K)] 476088K->238664K(716288K), 0.0043896 secs] [Times: user=0.00 sys=0.00, real=0.00 secs] 
2024-07-05T01:28:20.066+0800: 2408.777: [GC (Allocation Failure) [PSYoungGen: 237856K->192K(238080K)] 476232K->238724K(716288K), 0.0044062 secs] [Times: user=0.01 sys=0.00, real=0.00 secs] 
2024-07-05T01:28:20.248+0800: 2408.958: [GC (Allocation Failure) [PSYoungGen: 237760K->192K(238080K)] 476292K->238796K(716288K), 0.0055004 secs] [Times: user=0.01 sys=0.00, real=0.00 secs] 
2024-07-05T01:28:20.426+0800: 2409.137: [GC (Allocation Failure) [PSYoungGen: 237760K->288K(238080K)] 476364K->238940K(716288K), 0.0044383 secs] [Times: user=0.00 sys=0.00, real=0.00 secs] 
2024-07-05T01:28:20.608+0800: 2409.319: [GC (Allocation Failure) [PSYoungGen: 237856K->192K(238080K)] 476508K->239008K(716288K), 0.0043782 secs] [Times: user=0.00 sys=0.00, real=0.00 secs] 
2024-07-05T01:28:20.786+0800: 2409.497: [GC (Allocation Failure) [PSYoungGen: 237760K->272K(238080K)] 476576K->239128K(716288K), 0.0042634 secs] [Times: user=0.00 sys=0.00, real=0.00 secs] 
2024-07-05T01:28:20.967+0800: 2409.678: [GC (Allocation Failure) [PSYoungGen: 237840K->192K(238080K)] 476696K->239196K(716288K), 0.0026306 secs] [Times: user=0.00 sys=0.00, real=0.00 secs] 
2024-07-05T01:28:21.150+0800: 2409.861: [GC (Allocation Failure) [PSYoungGen: 237760K->192K(238080K)] 476764K->239268K(716288K), 0.0036588 secs] [Times: user=0.01 sys=0.00, real=0.01 secs] 
2024-07-05T01:28:21.335+0800: 2410.045: [GC (Allocation Failure) [PSYoungGen: 237760K->272K(238080K)] 476836K->239396K(716288K), 0.0040442 secs] [Times: user=0.00 sys=0.00, real=0.00 secs] 
2024-07-05T01:28:21.512+0800: 2410.223: [GC (Allocation Failure) [PSYoungGen: 237840K->192K(238080K)] 476964K->239476K(716288K), 0.0032428 secs] [Times: user=0.00 sys=0.00, real=0.01 secs] 
2024-07-05T01:28:21.690+0800: 2410.401: [GC (Allocation Failure) [PSYoungGen: 237760K->160K(238080K)] 477044K->239516K(716288K), 0.0026793 secs] [Times: user=0.01 sys=0.00, real=0.00 secs] 
2024-07-05T01:28:21.867+0800: 2410.578: [GC (Allocation Failure) [PSYoungGen: 237728K->272K(238080K)] 477084K->239676K(716288K), 0.0036730 secs] [Times: user=0.00 sys=0.00, real=0.00 secs] 
2024-07-05T01:28:22.047+0800: 2410.758: [GC (Allocation Failure) [PSYoungGen: 237840K->192K(238080K)] 477244K->239756K(716288K), 0.0027965 secs] [Times: user=0.00 sys=0.00, real=0.00 secs] 
2024-07-05T01:28:22.245+0800: 2410.956: [GC (Allocation Failure) [PSYoungGen: 237760K->352K(238080K)] 477324K->239964K(716288K), 0.0025590 secs] [Times: user=0.00 sys=0.00, real=0.01 secs] 
2024-07-05T01:28:22.419+0800: 2411.130: [GC (Allocation Failure) [PSYoungGen: 237920K->160K(238080K)] 477532K->240012K(716288K), 0.0025647 secs] [Times: user=0.01 sys=0.00, real=0.00 secs] 
2024-07-05T01:28:22.599+0800: 2411.310: [GC (Allocation Failure) [PSYoungGen: 237728K->192K(238080K)] 477580K->240116K(716288K), 0.0025515 secs] [Times: user=0.00 sys=0.00, real=0.00 secs] 
2024-07-05T01:28:22.776+0800: 2411.487: [GC (Allocation Failure) [PSYoungGen: 237760K->272K(238080K)] 477684K->240244K(716288K), 0.0032697 secs] [Times: user=0.00 sys=0.00, real=0.00 secs] 
2024-07-05T01:28:22.954+0800: 2411.665: [GC (Allocation Failure) [PSYoungGen: 237840K->160K(238080K)] 477812K->240276K(716288K), 0.0041029 secs] [Times: user=0.01 sys=0.00, real=0.00 secs] 
2024-07-05T01:28:23.138+0800: 2411.849: [GC (Allocation Failure) [PSYoungGen: 237728K->160K(238080K)] 477844K->240348K(716288K), 0.0041285 secs] [Times: user=0.01 sys=0.00, real=0.00 secs] 
2024-07-05T01:28:23.314+0800: 2412.025: [GC (Allocation Failure) [PSYoungGen: 237728K->272K(238080K)] 477916K->240508K(716288K), 0.0042021 secs] [Times: user=0.01 sys=0.00, real=0.00 secs] 
2024-07-05T01:28:23.498+0800: 2412.209: [GC (Allocation Failure) [PSYoungGen: 237840K->160K(238080K)] 478076K->240552K(716288K), 0.0044180 secs] [Times: user=0.00 sys=0.00, real=0.00 secs] 
2024-07-05T01:28:23.682+0800: 2412.393: [GC (Allocation Failure) [PSYoungGen: 237728K->240K(238080K)] 478120K->240672K(716288K), 0.0041571 secs] [Times: user=0.01 sys=0.00, real=0.01 secs] 
2024-07-05T01:28:23.863+0800: 2412.574: [GC (Allocation Failure) [PSYoungGen: 237808K->192K(238080K)] 478240K->240765K(716288K), 0.0025934 secs] [Times: user=0.00 sys=0.00, real=0.01 secs] 
2024-07-05T01:28:24.038+0800: 2412.748: [GC (Allocation Failure) [PSYoungGen: 237760K->160K(238080K)] 478333K->240805K(716288K), 0.0044350 secs] [Times: user=0.01 sys=0.00, real=0.00 secs] 
2024-07-05T01:28:24.214+0800: 2412.925: [GC (Allocation Failure) [PSYoungGen: 237728K->256K(238080K)] 478373K->240941K(716288K), 0.0057458 secs] [Times: user=0.00 sys=0.00, real=0.00 secs] 
2024-07-05T01:28:24.402+0800: 2413.113: [GC (Allocation Failure) [PSYoungGen: 237824K->160K(238080K)] 478509K->240993K(716288K), 0.0047786 secs] [Times: user=0.00 sys=0.00, real=0.01 secs] 
2024-07-05T01:28:24.596+0800: 2413.306: [GC (Allocation Failure) [PSYoungGen: 237728K->192K(238080K)] 478561K->241105K(716288K), 0.0031954 secs] [Times: user=0.01 sys=0.00, real=0.00 secs] 
2024-07-05T01:28:24.770+0800: 2413.481: [GC (Allocation Failure) [PSYoungGen: 237760K->256K(238080K)] 478673K->241209K(716288K), 0.0044080 secs] [Times: user=0.01 sys=0.00, real=0.01 secs] 
2024-07-05T01:28:24.950+0800: 2413.660: [GC (Allocation Failure) [PSYoungGen: 237824K->160K(238080K)] 478777K->241269K(716288K), 0.0044057 secs] [Times: user=0.00 sys=0.00, real=0.01 secs] 
2024-07-05T01:28:25.130+0800: 2413.841: [GC (Allocation Failure) [PSYoungGen: 237728K->240K(238080K)] 478837K->241389K(716288K), 0.0044782 secs] [Times: user=0.00 sys=0.00, real=0.01 secs] 
2024-07-05T01:28:25.309+0800: 2414.020: [GC (Allocation Failure) [PSYoungGen: 237808K->160K(238080K)] 478957K->241453K(716288K), 0.0043755 secs] [Times: user=0.00 sys=0.00, real=0.00 secs] 
2024-07-05T01:28:25.494+0800: 2414.204: [GC (Allocation Failure) [PSYoungGen: 237728K->192K(238080K)] 479021K->241557K(716288K), 0.0046227 secs] [Times: user=0.00 sys=0.01, real=0.01 secs] 
2024-07-05T01:28:25.675+0800: 2414.386: [GC (Allocation Failure) [PSYoungGen: 237760K->272K(238080K)] 479125K->241685K(716288K), 0.0043402 secs] [Times: user=0.00 sys=0.00, real=0.00 secs] 
2024-07-05T01:28:25.854+0800: 2414.564: [GC (Allocation Failure) [PSYoungGen: 237840K->160K(238080K)] 479253K->241721K(716288K), 0.0044038 secs] [Times: user=0.00 sys=0.00, real=0.01 secs] 
2024-07-05T01:28:26.035+0800: 2414.746: [GC (Allocation Failure) [PSYoungGen: 237728K->192K(238080K)] 479289K->241825K(716288K), 0.0056375 secs] [Times: user=0.00 sys=0.00, real=0.00 secs] 
2024-07-05T01:28:26.218+0800: 2414.928: [GC (Allocation Failure) [PSYoungGen: 237760K->288K(238080K)] 479393K->241969K(716288K), 0.0045416 secs] [Times: user=0.01 sys=0.00, real=0.00 secs] 
2024-07-05T01:28:26.402+0800: 2415.113: [GC (Allocation Failure) [PSYoungGen: 237856K->192K(238080K)] 479537K->242029K(716288K), 0.0045785 secs] [Times: user=0.01 sys=0.00, real=0.01 secs] 
2024-07-05T01:28:26.583+0800: 2415.294: [GC (Allocation Failure) [PSYoungGen: 237760K->256K(238080K)] 479597K->242133K(716288K), 0.0036791 secs] [Times: user=0.00 sys=0.00, real=0.01 secs] 
2024-07-05T01:28:26.766+0800: 2415.477: [GC (Allocation Failure) [PSYoungGen: 237824K->192K(238080K)] 479701K->242217K(716288K), 0.0043320 secs] [Times: user=0.00 sys=0.00, real=0.00 secs] 
2024-07-05T01:28:26.943+0800: 2415.654: [GC (Allocation Failure) [PSYoungGen: 237760K->192K(238080K)] 479785K->242289K(716288K), 0.0036382 secs] [Times: user=0.00 sys=0.00, real=0.01 secs] 
2024-07-05T01:28:27.120+0800: 2415.831: [GC (Allocation Failure) [PSYoungGen: 237760K->256K(238080K)] 479857K->242393K(716288K), 0.0042371 secs] [Times: user=0.00 sys=0.00, real=0.00 secs] 
2024-07-05T01:28:27.297+0800: 2416.008: [GC (Allocation Failure) [PSYoungGen: 237824K->192K(238080K)] 479961K->242485K(716288K), 0.0027444 secs] [Times: user=0.00 sys=0.00, real=0.00 secs] 
2024-07-05T01:28:27.471+0800: 2416.182: [GC (Allocation Failure) [PSYoungGen: 237760K->192K(238080K)] 480053K->242557K(716288K), 0.0039842 secs] [Times: user=0.01 sys=0.00, real=0.01 secs] 
2024-07-05T01:28:27.647+0800: 2416.358: [GC (Allocation Failure) [PSYoungGen: 237760K->272K(238080K)] 480125K->242685K(716288K), 0.0025440 secs] [Times: user=0.01 sys=0.00, real=0.00 secs] 
2024-07-05T01:28:27.823+0800: 2416.533: [GC (Allocation Failure) [PSYoungGen: 237840K->160K(238080K)] 480253K->242729K(716288K), 0.0040584 secs] [Times: user=0.00 sys=0.00, real=0.01 secs] 
2024-07-05T01:28:28.000+0800: 2416.711: [GC (Allocation Failure) [PSYoungGen: 237728K->192K(238080K)] 480297K->242833K(716288K), 0.0032055 secs] [Times: user=0.00 sys=0.00, real=0.00 secs] 
2024-07-05T01:28:28.178+0800: 2416.889: [GC (Allocation Failure) [PSYoungGen: 237760K->256K(238080K)] 480401K->242945K(716288K), 0.0045754 secs] [Times: user=0.01 sys=0.00, real=0.00 secs] 
2024-07-05T01:28:28.363+0800: 2417.074: [GC (Allocation Failure) [PSYoungGen: 237824K->192K(238080K)] 480513K->243049K(716288K), 0.0042431 secs] [Times: user=0.01 sys=0.00, real=0.01 secs] 
2024-07-05T01:28:28.546+0800: 2417.257: [GC (Allocation Failure) [PSYoungGen: 237760K->272K(238080K)] 480617K->243177K(716288K), 0.0045962 secs] [Times: user=0.00 sys=0.00, real=0.00 secs] 
2024-07-05T01:28:28.730+0800: 2417.441: [GC (Allocation Failure) [PSYoungGen: 237840K->192K(238080K)] 480745K->243245K(716288K), 0.0044385 secs] [Times: user=0.01 sys=0.00, real=0.01 secs] 
2024-07-05T01:28:28.918+0800: 2417.629: [GC (Allocation Failure) [PSYoungGen: 237760K->192K(238080K)] 480813K->243317K(716288K), 0.0043915 secs] [Times: user=0.00 sys=0.00, real=0.00 secs] 
2024-07-05T01:28:29.095+0800: 2417.806: [GC (Allocation Failure) [PSYoungGen: 237760K->272K(238080K)] 480885K->243445K(716288K), 0.0036561 secs] [Times: user=0.00 sys=0.00, real=0.00 secs] 
2024-07-05T01:28:29.274+0800: 2417.985: [GC (Allocation Failure) [PSYoungGen: 237840K->192K(238080K)] 481013K->243525K(716288K), 0.0042821 secs] [Times: user=0.00 sys=0.00, real=0.00 secs] 
2024-07-05T01:28:29.453+0800: 2418.163: [GC (Allocation Failure) [PSYoungGen: 237760K->192K(238080K)] 481093K->243597K(716288K), 0.0028847 secs] [Times: user=0.00 sys=0.00, real=0.01 secs] 
2024-07-05T01:28:29.651+0800: 2418.362: [GC (Allocation Failure) [PSYoungGen: 237760K->272K(238080K)] 481165K->243725K(716288K), 0.0026488 secs] [Times: user=0.00 sys=0.00, real=0.01 secs] 
2024-07-05T01:28:29.825+0800: 2418.536: [GC (Allocation Failure) [PSYoungGen: 237840K->192K(238080K)] 481293K->243813K(716288K), 0.0044871 secs] [Times: user=0.01 sys=0.00, real=0.01 secs] 
2024-07-05T01:28:30.004+0800: 2418.715: [GC (Allocation Failure) [PSYoungGen: 237760K->256K(238080K)] 481381K->243917K(716288K), 0.0044104 secs] [Times: user=0.00 sys=0.00, real=0.01 secs] 
2024-07-05T01:28:30.181+0800: 2418.892: [GC (Allocation Failure) [PSYoungGen: 237824K->160K(238080K)] 481485K->243974K(716288K), 0.0027345 secs] [Times: user=0.01 sys=0.00, real=0.00 secs] 
2024-07-05T01:28:30.358+0800: 2419.069: [GC (Allocation Failure) [PSYoungGen: 237728K->192K(238080K)] 481542K->244086K(716288K), 0.0043417 secs] [Times: user=0.00 sys=0.00, real=0.00 secs] 
2024-07-05T01:28:30.548+0800: 2419.258: [GC (Allocation Failure) [PSYoungGen: 237760K->288K(238080K)] 481654K->244230K(716288K), 0.0046328 secs] [Times: user=0.01 sys=0.00, real=0.00 secs] 
2024-07-05T01:28:30.730+0800: 2419.441: [GC (Allocation Failure) [PSYoungGen: 237856K->160K(238080K)] 481798K->244258K(716288K), 0.0042880 secs] [Times: user=0.00 sys=0.00, real=0.01 secs] 
2024-07-05T01:28:30.914+0800: 2419.625: [GC (Allocation Failure) [PSYoungGen: 237728K->160K(238080K)] 481826K->244330K(716288K), 0.0044306 secs] [Times: user=0.00 sys=0.00, real=0.00 secs] 
2024-07-05T01:28:31.094+0800: 2419.805: [GC (Allocation Failure) [PSYoungGen: 237728K->256K(238080K)] 481898K->244474K(716288K), 0.0026151 secs] [Times: user=0.01 sys=0.00, real=0.00 secs] 
2024-07-05T01:28:31.280+0800: 2419.990: [GC (Allocation Failure) [PSYoungGen: 237824K->160K(238080K)] 482042K->244542K(716288K), 0.0035927 secs] [Times: user=0.00 sys=0.00, real=0.00 secs] 
2024-07-05T01:28:31.459+0800: 2420.170: [GC (Allocation Failure) [PSYoungGen: 237728K->256K(238080K)] 482110K->244686K(716288K), 0.0039737 secs] [Times: user=0.01 sys=0.00, real=0.00 secs] 
2024-07-05T01:28:31.638+0800: 2420.349: [GC (Allocation Failure) [PSYoungGen: 237824K->160K(238080K)] 482254K->244738K(716288K), 0.0043465 secs] [Times: user=0.01 sys=0.00, real=0.00 secs] 
2024-07-05T01:28:31.826+0800: 2420.537: [GC (Allocation Failure) [PSYoungGen: 237728K->192K(238080K)] 482306K->244842K(716288K), 0.0034238 secs] [Times: user=0.01 sys=0.00, real=0.00 secs] 
2024-07-05T01:28:32.003+0800: 2420.713: [GC (Allocation Failure) [PSYoungGen: 237760K->256K(238080K)] 482410K->244946K(716288K), 0.0043615 secs] [Times: user=0.01 sys=0.00, real=0.01 secs] 
2024-07-05T01:28:32.182+0800: 2420.892: [GC (Allocation Failure) [PSYoungGen: 237824K->192K(238080K)] 482514K->245034K(716288K), 0.0027903 secs] [Times: user=0.01 sys=0.00, real=0.00 secs] 
2024-07-05T01:28:32.366+0800: 2421.077: [GC (Allocation Failure) [PSYoungGen: 237760K->192K(238080K)] 482602K->245106K(716288K), 0.0026684 secs] [Times: user=0.01 sys=0.00, real=0.00 secs] 
2024-07-05T01:28:32.547+0800: 2421.257: [GC (Allocation Failure) [PSYoungGen: 237760K->304K(238080K)] 482674K->245266K(716288K), 0.0027026 secs] [Times: user=0.00 sys=0.00, real=0.00 secs] 
2024-07-05T01:28:32.734+0800: 2421.445: [GC (Allocation Failure) [PSYoungGen: 237872K->192K(238080K)] 482834K->245322K(716288K), 0.0027214 secs] [Times: user=0.00 sys=0.00, real=0.00 secs] 
2024-07-05T01:28:32.929+0800: 2421.640: [GC (Allocation Failure) [PSYoungGen: 237760K->352K(238080K)] 482890K->245522K(716288K), 0.0026016 secs] [Times: user=0.01 sys=0.00, real=0.00 secs] 
2024-07-05T01:28:33.106+0800: 2421.817: [GC (Allocation Failure) [PSYoungGen: 237920K->192K(238080K)] 483090K->245606K(716288K), 0.0027349 secs] [Times: user=0.00 sys=0.00, real=0.00 secs] 
2024-07-05T01:28:33.285+0800: 2421.996: [GC (Allocation Failure) [PSYoungGen: 237760K->192K(238080K)] 483174K->245678K(716288K), 0.0025991 secs] [Times: user=0.00 sys=0.00, real=0.01 secs] 
2024-07-05T01:28:33.466+0800: 2422.177: [GC (Allocation Failure) [PSYoungGen: 237760K->288K(238080K)] 483246K->245822K(716288K), 0.0026327 secs] [Times: user=0.01 sys=0.00, real=0.00 secs] 
2024-07-05T01:28:33.646+0800: 2422.357: [GC (Allocation Failure) [PSYoungGen: 237856K->192K(238080K)] 483390K->245882K(716288K), 0.0027266 secs] [Times: user=0.00 sys=0.00, real=0.00 secs] 
2024-07-05T01:28:33.828+0800: 2422.539: [GC (Allocation Failure) [PSYoungGen: 237760K->160K(238080K)] 483450K->245922K(716288K), 0.0042710 secs] [Times: user=0.00 sys=0.00, real=0.00 secs] 
2024-07-05T01:28:34.006+0800: 2422.717: [GC (Allocation Failure) [PSYoungGen: 237728K->256K(238080K)] 483490K->246066K(716288K), 0.0042991 secs] [Times: user=0.00 sys=0.00, real=0.00 secs] 
2024-07-05T01:28:34.187+0800: 2422.897: [GC (Allocation Failure) [PSYoungGen: 237824K->160K(238080K)] 483634K->246130K(716288K), 0.0042573 secs] [Times: user=0.01 sys=0.00, real=0.00 secs] 
2024-07-05T01:28:34.369+0800: 2423.080: [GC (Allocation Failure) [PSYoungGen: 237728K->256K(238080K)] 483698K->246266K(716288K), 0.0043808 secs] [Times: user=0.01 sys=0.00, real=0.01 secs] 
2024-07-05T01:28:34.557+0800: 2423.268: [GC (Allocation Failure) [PSYoungGen: 237824K->192K(238080K)] 483834K->246350K(716288K), 0.0027914 secs] [Times: user=0.00 sys=0.00, real=0.00 secs] 
2024-07-05T01:28:34.739+0800: 2423.450: [GC (Allocation Failure) [PSYoungGen: 237760K->192K(238080K)] 483918K->246422K(716288K), 0.0025719 secs] [Times: user=0.00 sys=0.00, real=0.00 secs] 
2024-07-05T01:28:34.914+0800: 2423.625: [GC (Allocation Failure) [PSYoungGen: 237760K->272K(238080K)] 483990K->246550K(716288K), 0.0026430 secs] [Times: user=0.01 sys=0.00, real=0.00 secs] 
2024-07-05T01:28:35.092+0800: 2423.802: [GC (Allocation Failure) [PSYoungGen: 237840K->192K(238080K)] 484118K->246622K(716288K), 0.0037087 secs] [Times: user=0.01 sys=0.00, real=0.01 secs] 
2024-07-05T01:28:35.278+0800: 2423.988: [GC (Allocation Failure) [PSYoungGen: 237760K->192K(238080K)] 484190K->246702K(716288K), 0.0046432 secs] [Times: user=0.00 sys=0.00, real=0.00 secs] 
2024-07-05T01:28:35.458+0800: 2424.168: [GC (Allocation Failure) [PSYoungGen: 237760K->288K(238080K)] 484270K->246846K(716288K), 0.0026248 secs] [Times: user=0.00 sys=0.00, real=0.00 secs] 
2024-07-05T01:28:35.633+0800: 2424.344: [GC (Allocation Failure) [PSYoungGen: 237856K->192K(238080K)] 484414K->246910K(716288K), 0.0026371 secs] [Times: user=0.01 sys=0.00, real=0.01 secs] 
2024-07-05T01:28:35.811+0800: 2424.522: [GC (Allocation Failure) [PSYoungGen: 237760K->256K(238080K)] 484478K->247014K(716288K), 0.0025307 secs] [Times: user=0.01 sys=0.00, real=0.00 secs] 
2024-07-05T01:28:35.985+0800: 2424.696: [GC (Allocation Failure) [PSYoungGen: 237824K->192K(238080K)] 484582K->247091K(716288K), 0.0026035 secs] [Times: user=0.00 sys=0.00, real=0.01 secs] 
2024-07-05T01:28:36.166+0800: 2424.877: [GC (Allocation Failure) [PSYoungGen: 237760K->192K(238080K)] 484659K->247163K(716288K), 0.0051428 secs] [Times: user=0.01 sys=0.00, real=0.00 secs] 
2024-07-05T01:28:36.355+0800: 2425.066: [GC (Allocation Failure) [PSYoungGen: 237760K->240K(238080K)] 484731K->247251K(716288K), 0.0044233 secs] [Times: user=0.01 sys=0.00, real=0.00 secs] 
2024-07-05T01:28:36.538+0800: 2425.249: [GC (Allocation Failure) [PSYoungGen: 237808K->192K(238080K)] 484819K->247355K(716288K), 0.0045247 secs] [Times: user=0.00 sys=0.00, real=0.00 secs] 
2024-07-05T01:28:36.718+0800: 2425.429: [GC (Allocation Failure) [PSYoungGen: 237760K->192K(238080K)] 484923K->247427K(716288K), 0.0033528 secs] [Times: user=0.01 sys=0.00, real=0.00 secs] 
2024-07-05T01:28:36.896+0800: 2425.606: [GC (Allocation Failure) [PSYoungGen: 237760K->304K(238080K)] 484995K->247587K(716288K), 0.0036725 secs] [Times: user=0.00 sys=0.00, real=0.00 secs] 
2024-07-05T01:28:37.070+0800: 2425.781: [GC (Allocation Failure) [PSYoungGen: 237872K->160K(238080K)] 485155K->247611K(716288K), 0.0025856 secs] [Times: user=0.00 sys=0.00, real=0.00 secs] 
2024-07-05T01:28:37.245+0800: 2425.956: [GC (Allocation Failure) [PSYoungGen: 237728K->240K(238080K)] 485179K->247739K(716288K), 0.0025713 secs] [Times: user=0.01 sys=0.00, real=0.01 secs] 
2024-07-05T01:28:37.419+0800: 2426.129: [GC (Allocation Failure) [PSYoungGen: 237808K->192K(238080K)] 485307K->247839K(716288K), 0.0028247 secs] [Times: user=0.01 sys=0.00, real=0.00 secs] 
2024-07-05T01:28:37.606+0800: 2426.317: [GC (Allocation Failure) [PSYoungGen: 237760K->192K(238080K)] 485407K->247911K(716288K), 0.0044799 secs] [Times: user=0.01 sys=0.00, real=0.00 secs] 
2024-07-05T01:28:37.790+0800: 2426.501: [GC (Allocation Failure) [PSYoungGen: 237760K->256K(238080K)] 485479K->248015K(716288K), 0.0045332 secs] [Times: user=0.01 sys=0.00, real=0.01 secs] 
2024-07-05T01:28:37.974+0800: 2426.685: [GC (Allocation Failure) [PSYoungGen: 237824K->192K(238080K)] 485583K->248103K(716288K), 0.0046082 secs] [Times: user=0.01 sys=0.00, real=0.00 secs] 
2024-07-05T01:28:38.150+0800: 2426.861: [GC (Allocation Failure) [PSYoungGen: 237760K->160K(238080K)] 485671K->248143K(716288K), 0.0040894 secs] [Times: user=0.01 sys=0.00, real=0.01 secs] 
2024-07-05T01:28:38.330+0800: 2427.041: [GC (Allocation Failure) [PSYoungGen: 237728K->288K(238080K)] 485711K->248311K(716288K), 0.0037471 secs] [Times: user=0.00 sys=0.00, real=0.01 secs] 
2024-07-05T01:28:38.510+0800: 2427.221: [GC (Allocation Failure) [PSYoungGen: 237856K->192K(238080K)] 485879K->248371K(716288K), 0.0043186 secs] [Times: user=0.00 sys=0.00, real=0.01 secs] 
2024-07-05T01:28:38.695+0800: 2427.406: [GC (Allocation Failure) [PSYoungGen: 237760K->256K(238080K)] 485939K->248475K(716288K), 0.0044733 secs] [Times: user=0.00 sys=0.00, real=0.00 secs] 
2024-07-05T01:28:38.874+0800: 2427.585: [GC (Allocation Failure) [PSYoungGen: 237824K->192K(238080K)] 486043K->248555K(716288K), 0.0046203 secs] [Times: user=0.00 sys=0.00, real=0.00 secs] 
2024-07-05T01:28:39.054+0800: 2427.765: [GC (Allocation Failure) [PSYoungGen: 237760K->192K(238080K)] 486123K->248635K(716288K), 0.0044286 secs] [Times: user=0.01 sys=0.00, real=0.00 secs] 
2024-07-05T01:28:39.250+0800: 2427.961: [GC (Allocation Failure) [PSYoungGen: 237760K->272K(238080K)] 486203K->248755K(716288K), 0.0045800 secs] [Times: user=0.01 sys=0.00, real=0.01 secs] 
2024-07-05T01:28:39.434+0800: 2428.145: [GC (Allocation Failure) [PSYoungGen: 237840K->192K(238080K)] 486323K->248827K(716288K), 0.0040750 secs] [Times: user=0.01 sys=0.00, real=0.00 secs] 
2024-07-05T01:28:39.615+0800: 2428.325: [GC (Allocation Failure) [PSYoungGen: 237760K->192K(238080K)] 486395K->248899K(716288K), 0.0042024 secs] [Times: user=0.00 sys=0.00, real=0.00 secs] 
2024-07-05T01:28:39.814+0800: 2428.525: [GC (Allocation Failure) [PSYoungGen: 237760K->288K(238080K)] 486467K->249043K(716288K), 0.0049643 secs] [Times: user=0.00 sys=0.00, real=0.00 secs] 
2024-07-05T01:28:39.993+0800: 2428.704: [GC (Allocation Failure) [PSYoungGen: 237856K->192K(238080K)] 486611K->249107K(716288K), 0.0028167 secs] [Times: user=0.01 sys=0.00, real=0.01 secs] 
2024-07-05T01:28:40.174+0800: 2428.885: [GC (Allocation Failure) [PSYoungGen: 237760K->256K(238080K)] 486675K->249211K(716288K), 0.0043769 secs] [Times: user=0.01 sys=0.00, real=0.00 secs] 
2024-07-05T01:28:40.351+0800: 2429.062: [GC (Allocation Failure) [PSYoungGen: 237824K->192K(238080K)] 486779K->249295K(716288K), 0.0038059 secs] [Times: user=0.01 sys=0.00, real=0.01 secs] 
2024-07-05T01:28:40.529+0800: 2429.240: [GC (Allocation Failure) [PSYoungGen: 237760K->192K(238080K)] 486863K->249367K(716288K), 0.0027143 secs] [Times: user=0.00 sys=0.00, real=0.00 secs] 
2024-07-05T01:28:40.703+0800: 2429.414: [GC (Allocation Failure) [PSYoungGen: 237760K->288K(238080K)] 486935K->249503K(716288K), 0.0038491 secs] [Times: user=0.00 sys=0.00, real=0.01 secs] 
2024-07-05T01:28:40.882+0800: 2429.593: [GC (Allocation Failure) [PSYoungGen: 237856K->192K(238080K)] 487071K->249559K(716288K), 0.0026508 secs] [Times: user=0.00 sys=0.00, real=0.00 secs] 
2024-07-05T01:28:41.058+0800: 2429.769: [GC (Allocation Failure) [PSYoungGen: 237760K->160K(238080K)] 487127K->249599K(716288K), 0.0046090 secs] [Times: user=0.01 sys=0.00, real=0.00 secs] 
2024-07-05T01:28:41.238+0800: 2429.949: [GC (Allocation Failure) [PSYoungGen: 237728K->256K(238080K)] 487167K->249743K(716288K), 0.0029856 secs] [Times: user=0.00 sys=0.00, real=0.00 secs] 
2024-07-05T01:28:41.418+0800: 2430.129: [GC (Allocation Failure) [PSYoungGen: 237824K->160K(238080K)] 487311K->249800K(716288K), 0.0045403 secs] [Times: user=0.01 sys=0.00, real=0.00 secs] 
2024-07-05T01:28:41.599+0800: 2430.310: [GC (Allocation Failure) [PSYoungGen: 237728K->240K(238080K)] 487368K->249928K(716288K), 0.0042031 secs] [Times: user=0.00 sys=0.00, real=0.00 secs] 
2024-07-05T01:28:41.781+0800: 2430.492: [GC (Allocation Failure) [PSYoungGen: 237808K->192K(238080K)] 487496K->250028K(716288K), 0.0027157 secs] [Times: user=0.01 sys=0.00, real=0.00 secs] 
2024-07-05T01:28:41.959+0800: 2430.670: [GC (Allocation Failure) [PSYoungGen: 237760K->192K(238080K)] 487596K->250100K(716288K), 0.0038648 secs] [Times: user=0.00 sys=0.00, real=0.00 secs] 
2024-07-05T01:28:42.141+0800: 2430.852: [GC (Allocation Failure) [PSYoungGen: 237760K->240K(238080K)] 487668K->250188K(716288K), 0.0042808 secs] [Times: user=0.00 sys=0.00, real=0.00 secs] 
2024-07-05T01:28:42.328+0800: 2431.039: [GC (Allocation Failure) [PSYoungGen: 237808K->160K(238080K)] 487756K->250252K(716288K), 0.0043269 secs] [Times: user=0.00 sys=0.00, real=0.00 secs] 
2024-07-05T01:28:42.509+0800: 2431.220: [GC (Allocation Failure) [PSYoungGen: 237728K->192K(238080K)] 487820K->250356K(716288K), 0.0041308 secs] [Times: user=0.01 sys=0.00, real=0.00 secs] 
2024-07-05T01:28:42.691+0800: 2431.401: [GC (Allocation Failure) [PSYoungGen: 237760K->256K(238080K)] 487924K->250460K(716288K), 0.0043088 secs] [Times: user=0.00 sys=0.00, real=0.01 secs] 
2024-07-05T01:28:42.873+0800: 2431.583: [GC (Allocation Failure) [PSYoungGen: 237824K->192K(238080K)] 488028K->250560K(716288K), 0.0042392 secs] [Times: user=0.01 sys=0.00, real=0.01 secs] 
2024-07-05T01:28:43.056+0800: 2431.767: [GC (Allocation Failure) [PSYoungGen: 237760K->256K(238080K)] 488128K->250664K(716288K), 0.0025457 secs] [Times: user=0.00 sys=0.00, real=0.00 secs] 
2024-07-05T01:28:43.234+0800: 2431.945: [GC (Allocation Failure) [PSYoungGen: 237824K->192K(238080K)] 488232K->250744K(716288K), 0.0027560 secs] [Times: user=0.00 sys=0.00, real=0.00 secs] 
2024-07-05T01:28:43.422+0800: 2432.133: [GC (Allocation Failure) [PSYoungGen: 237760K->160K(238080K)] 488312K->250784K(716288K), 0.0044327 secs] [Times: user=0.01 sys=0.00, real=0.01 secs] 
2024-07-05T01:28:43.616+0800: 2432.327: [GC (Allocation Failure) [PSYoungGen: 237728K->384K(238080K)] 488352K->251048K(716288K), 0.0026161 secs] [Times: user=0.00 sys=0.00, real=0.00 secs] 
2024-07-05T01:28:43.794+0800: 2432.505: [GC (Allocation Failure) [PSYoungGen: 237952K->192K(238080K)] 488616K->251104K(716288K), 0.0046446 secs] [Times: user=0.00 sys=0.00, real=0.00 secs] 
2024-07-05T01:28:43.974+0800: 2432.685: [GC (Allocation Failure) [PSYoungGen: 237760K->192K(238080K)] 488672K->251176K(716288K), 0.0046390 secs] [Times: user=0.00 sys=0.00, real=0.00 secs] 
2024-07-05T01:28:44.150+0800: 2432.861: [GC (Allocation Failure) [PSYoungGen: 237760K->272K(238080K)] 488744K->251304K(716288K), 0.0043631 secs] [Times: user=0.00 sys=0.00, real=0.01 secs] 
2024-07-05T01:28:44.326+0800: 2433.037: [GC (Allocation Failure) [PSYoungGen: 237840K->160K(238080K)] 488872K->251344K(716288K), 0.0046783 secs] [Times: user=0.01 sys=0.00, real=0.00 secs] 
2024-07-05T01:28:44.518+0800: 2433.229: [GC (Allocation Failure) [PSYoungGen: 237728K->192K(238080K)] 488912K->251448K(716288K), 0.0055382 secs] [Times: user=0.01 sys=0.00, real=0.00 secs] 
2024-07-05T01:28:44.702+0800: 2433.413: [GC (Allocation Failure) [PSYoungGen: 237760K->288K(238080K)] 489016K->251592K(716288K), 0.0047430 secs] [Times: user=0.01 sys=0.00, real=0.01 secs] 
2024-07-05T01:28:44.882+0800: 2433.593: [GC (Allocation Failure) [PSYoungGen: 237856K->192K(238080K)] 489160K->251660K(716288K), 0.0047249 secs] [Times: user=0.00 sys=0.00, real=0.01 secs] 
2024-07-05T01:28:45.062+0800: 2433.773: [GC (Allocation Failure) [PSYoungGen: 237760K->272K(238080K)] 489228K->251780K(716288K), 0.0046271 secs] [Times: user=0.00 sys=0.00, real=0.01 secs] 
2024-07-05T01:28:45.244+0800: 2433.955: [GC (Allocation Failure) [PSYoungGen: 237840K->192K(238080K)] 489348K->251852K(716288K), 0.0035750 secs] [Times: user=0.00 sys=0.00, real=0.01 secs] 
2024-07-05T01:28:45.430+0800: 2434.140: [GC (Allocation Failure) [PSYoungGen: 237760K->192K(238080K)] 489420K->251924K(716288K), 0.0044609 secs] [Times: user=0.01 sys=0.00, real=0.01 secs] 
2024-07-05T01:28:45.614+0800: 2434.325: [GC (Allocation Failure) [PSYoungGen: 237760K->288K(238080K)] 489492K->252068K(716288K), 0.0044194 secs] [Times: user=0.01 sys=0.00, real=0.00 secs] 
2024-07-05T01:28:45.798+0800: 2434.509: [GC (Allocation Failure) [PSYoungGen: 237856K->192K(238080K)] 489636K->252132K(716288K), 0.0044442 secs] [Times: user=0.01 sys=0.00, real=0.00 secs] 
2024-07-05T01:28:45.982+0800: 2434.693: [GC (Allocation Failure) [PSYoungGen: 237760K->160K(238080K)] 489700K->252172K(716288K), 0.0026885 secs] [Times: user=0.00 sys=0.00, real=0.00 secs] 
2024-07-05T01:28:46.163+0800: 2434.874: [GC (Allocation Failure) [PSYoungGen: 237728K->288K(238080K)] 489740K->252348K(716288K), 0.0041427 secs] [Times: user=0.01 sys=0.00, real=0.01 secs] 
2024-07-05T01:28:46.359+0800: 2435.069: [GC (Allocation Failure) [PSYoungGen: 237856K->160K(238080K)] 489916K->252392K(716288K), 0.0027241 secs] [Times: user=0.00 sys=0.00, real=0.00 secs] 
2024-07-05T01:28:46.546+0800: 2435.257: [GC (Allocation Failure) [PSYoungGen: 237728K->256K(238080K)] 489960K->252528K(716288K), 0.0027711 secs] [Times: user=0.00 sys=0.00, real=0.00 secs] 
2024-07-05T01:28:46.721+0800: 2435.431: [GC (Allocation Failure) [PSYoungGen: 237824K->160K(238080K)] 490096K->252576K(716288K), 0.0027382 secs] [Times: user=0.01 sys=0.00, real=0.00 secs] 
2024-07-05T01:28:46.906+0800: 2435.617: [GC (Allocation Failure) [PSYoungGen: 237728K->192K(238080K)] 490144K->252680K(716288K), 0.0026573 secs] [Times: user=0.00 sys=0.00, real=0.00 secs] 
2024-07-05T01:28:47.084+0800: 2435.795: [GC (Allocation Failure) [PSYoungGen: 237760K->272K(238080K)] 490248K->252808K(716288K), 0.0044196 secs] [Times: user=0.00 sys=0.00, real=0.01 secs] 
2024-07-05T01:28:47.268+0800: 2435.979: [GC (Allocation Failure) [PSYoungGen: 237840K->160K(238080K)] 490376K->252857K(716288K), 0.0035132 secs] [Times: user=0.00 sys=0.00, real=0.00 secs] 
2024-07-05T01:28:47.444+0800: 2436.155: [GC (Allocation Failure) [PSYoungGen: 237728K->192K(238080K)] 490425K->252961K(716288K), 0.0026079 secs] [Times: user=0.01 sys=0.00, real=0.01 secs] 
2024-07-05T01:28:47.620+0800: 2436.331: [GC (Allocation Failure) [PSYoungGen: 237760K->288K(238080K)] 490529K->253105K(716288K), 0.0032887 secs] [Times: user=0.00 sys=0.00, real=0.00 secs] 
2024-07-05T01:28:47.800+0800: 2436.510: [GC (Allocation Failure) [PSYoungGen: 237856K->192K(238080K)] 490673K->253169K(716288K), 0.0058155 secs] [Times: user=0.01 sys=0.00, real=0.00 secs] 
2024-07-05T01:28:47.986+0800: 2436.697: [GC (Allocation Failure) [PSYoungGen: 237760K->256K(238080K)] 490737K->253273K(716288K), 0.0044721 secs] [Times: user=0.01 sys=0.00, real=0.00 secs] 
2024-07-05T01:28:48.170+0800: 2436.881: [GC (Allocation Failure) [PSYoungGen: 237824K->192K(238080K)] 490841K->253361K(716288K), 0.0038011 secs] [Times: user=0.00 sys=0.00, real=0.01 secs] 
2024-07-05T01:28:48.344+0800: 2437.055: [GC (Allocation Failure) [PSYoungGen: 237760K->192K(238080K)] 490929K->253433K(716288K), 0.0026684 secs] [Times: user=0.00 sys=0.00, real=0.01 secs] 
2024-07-05T01:28:48.518+0800: 2437.229: [GC (Allocation Failure) [PSYoungGen: 237760K->288K(238080K)] 491001K->253569K(716288K), 0.0044150 secs] [Times: user=0.00 sys=0.00, real=0.00 secs] 
2024-07-05T01:28:48.706+0800: 2437.417: [GC (Allocation Failure) [PSYoungGen: 237856K->160K(238080K)] 491137K->253601K(716288K), 0.0048488 secs] [Times: user=0.01 sys=0.00, real=0.00 secs] 
2024-07-05T01:28:48.885+0800: 2437.596: [GC (Allocation Failure) [PSYoungGen: 237728K->192K(238080K)] 491169K->253705K(716288K), 0.0027382 secs] [Times: user=0.00 sys=0.00, real=0.01 secs] 
2024-07-05T01:28:49.062+0800: 2437.773: [GC (Allocation Failure) [PSYoungGen: 237760K->288K(238080K)] 491273K->253849K(716288K), 0.0045804 secs] [Times: user=0.00 sys=0.00, real=0.01 secs] 
2024-07-05T01:28:49.242+0800: 2437.953: [GC (Allocation Failure) [PSYoungGen: 237856K->192K(238080K)] 491417K->253921K(716288K), 0.0027238 secs] [Times: user=0.01 sys=0.00, real=0.00 secs] 
2024-07-05T01:28:49.426+0800: 2438.137: [GC (Allocation Failure) [PSYoungGen: 237760K->256K(238080K)] 491489K->254033K(716288K), 0.0024884 secs] [Times: user=0.01 sys=0.00, real=0.00 secs] 
2024-07-05T01:28:49.626+0800: 2438.337: [GC (Allocation Failure) [PSYoungGen: 237824K->192K(238080K)] 491601K->254117K(716288K), 0.0027512 secs] [Times: user=0.00 sys=0.00, real=0.00 secs] 
2024-07-05T01:28:49.810+0800: 2438.521: [GC (Allocation Failure) [PSYoungGen: 237760K->192K(238080K)] 491685K->254189K(716288K), 0.0027075 secs] [Times: user=0.00 sys=0.00, real=0.00 secs] 
2024-07-05T01:28:49.998+0800: 2438.709: [GC (Allocation Failure) [PSYoungGen: 237760K->288K(238080K)] 491757K->254325K(716288K), 0.0043154 secs] [Times: user=0.00 sys=0.00, real=0.00 secs] 
2024-07-05T01:28:50.182+0800: 2438.893: [GC (Allocation Failure) [PSYoungGen: 237856K->192K(238080K)] 491893K->254389K(716288K), 0.0028565 secs] [Times: user=0.01 sys=0.00, real=0.00 secs] 
2024-07-05T01:28:50.370+0800: 2439.081: [GC (Allocation Failure) [PSYoungGen: 237760K->192K(238080K)] 491957K->254461K(716288K), 0.0043239 secs] [Times: user=0.00 sys=0.00, real=0.01 secs] 
2024-07-05T01:28:50.554+0800: 2439.265: [GC (Allocation Failure) [PSYoungGen: 237760K->288K(238080K)] 492029K->254605K(716288K), 0.0050667 secs] [Times: user=0.00 sys=0.00, real=0.00 secs] 
2024-07-05T01:28:50.742+0800: 2439.453: [GC (Allocation Failure) [PSYoungGen: 237856K->160K(238080K)] 492173K->254633K(716288K), 0.0046046 secs] [Times: user=0.00 sys=0.00, real=0.01 secs] 
2024-07-05T01:28:50.926+0800: 2439.636: [GC (Allocation Failure) [PSYoungGen: 237728K->256K(238080K)] 492201K->254769K(716288K), 0.0045078 secs] [Times: user=0.00 sys=0.00, real=0.00 secs] 
2024-07-05T01:28:51.110+0800: 2439.821: [GC (Allocation Failure) [PSYoungGen: 237824K->192K(238080K)] 492337K->254849K(716288K), 0.0044076 secs] [Times: user=0.00 sys=0.00, real=0.01 secs] 
2024-07-05T01:28:51.290+0800: 2440.001: [GC (Allocation Failure) [PSYoungGen: 237760K->160K(238080K)] 492417K->254889K(716288K), 0.0041952 secs] [Times: user=0.00 sys=0.00, real=0.01 secs] 
2024-07-05T01:28:51.469+0800: 2440.179: [GC (Allocation Failure) [PSYoungGen: 237728K->288K(238080K)] 492457K->255065K(716288K), 0.0030438 secs] [Times: user=0.01 sys=0.00, real=0.00 secs] 
2024-07-05T01:28:51.646+0800: 2440.357: [GC (Allocation Failure) [PSYoungGen: 237856K->160K(238080K)] 492633K->255093K(716288K), 0.0045791 secs] [Times: user=0.01 sys=0.00, real=0.00 secs] 
2024-07-05T01:28:51.825+0800: 2440.536: [GC (Allocation Failure) [PSYoungGen: 237728K->192K(238080K)] 492661K->255197K(716288K), 0.0028380 secs] [Times: user=0.00 sys=0.00, real=0.01 secs] 
2024-07-05T01:28:52.000+0800: 2440.711: [GC (Allocation Failure) [PSYoungGen: 237760K->272K(238080K)] 492765K->255325K(716288K), 0.0033503 secs] [Times: user=0.00 sys=0.00, real=0.00 secs] 
2024-07-05T01:28:52.182+0800: 2440.893: [GC (Allocation Failure) [PSYoungGen: 237840K->160K(238080K)] 492893K->255373K(716288K), 0.0048325 secs] [Times: user=0.01 sys=0.00, real=0.01 secs] 
2024-07-05T01:28:52.368+0800: 2441.078: [GC (Allocation Failure) [PSYoungGen: 237728K->256K(238080K)] 492941K->255509K(716288K), 0.0044599 secs] [Times: user=0.01 sys=0.00, real=0.00 secs] 
2024-07-05T01:28:52.558+0800: 2441.269: [GC (Allocation Failure) [PSYoungGen: 237824K->160K(238080K)] 493077K->255557K(716288K), 0.0043735 secs] [Times: user=0.00 sys=0.00, real=0.00 secs] 
2024-07-05T01:28:52.738+0800: 2441.448: [GC (Allocation Failure) [PSYoungGen: 237728K->192K(238080K)] 493125K->255661K(716288K), 0.0063589 secs] [Times: user=0.01 sys=0.00, real=0.00 secs] 
2024-07-05T01:28:52.918+0800: 2441.629: [GC (Allocation Failure) [PSYoungGen: 237760K->240K(238080K)] 493229K->255750K(716288K), 0.0043543 secs] [Times: user=0.00 sys=0.00, real=0.00 secs] 
2024-07-05T01:28:53.102+0800: 2441.813: [GC (Allocation Failure) [PSYoungGen: 237808K->192K(238080K)] 493318K->255850K(716288K), 0.0043507 secs] [Times: user=0.00 sys=0.00, real=0.01 secs] 
2024-07-05T01:28:53.283+0800: 2441.994: [GC (Allocation Failure) [PSYoungGen: 237760K->160K(238080K)] 493418K->255890K(716288K), 0.0026867 secs] [Times: user=0.01 sys=0.00, real=0.01 secs] 
2024-07-05T01:28:53.458+0800: 2442.169: [GC (Allocation Failure) [PSYoungGen: 237728K->256K(238080K)] 493458K->256034K(716288K), 0.0045259 secs] [Times: user=0.00 sys=0.00, real=0.00 secs] 
2024-07-05T01:28:53.634+0800: 2442.344: [GC (Allocation Failure) [PSYoungGen: 237824K->160K(238080K)] 493602K->256102K(716288K), 0.0044678 secs] [Times: user=0.00 sys=0.00, real=0.01 secs] 
2024-07-05T01:28:53.813+0800: 2442.524: [GC (Allocation Failure) [PSYoungGen: 237728K->272K(238080K)] 493670K->256254K(716288K), 0.0026106 secs] [Times: user=0.00 sys=0.00, real=0.01 secs] 
2024-07-05T01:28:53.992+0800: 2442.702: [GC (Allocation Failure) [PSYoungGen: 237840K->192K(238080K)] 493822K->256318K(716288K), 0.0035190 secs] [Times: user=0.01 sys=0.00, real=0.01 secs] 
2024-07-05T01:28:54.167+0800: 2442.878: [GC (Allocation Failure) [PSYoungGen: 237760K->192K(238080K)] 493886K->256390K(716288K), 0.0036804 secs] [Times: user=0.00 sys=0.00, real=0.00 secs] 
2024-07-05T01:28:54.358+0800: 2443.069: [GC (Allocation Failure) [PSYoungGen: 237760K->368K(238080K)] 493958K->256614K(716288K), 0.0026722 secs] [Times: user=0.01 sys=0.00, real=0.00 secs] 
2024-07-05T01:28:54.540+0800: 2443.250: [GC (Allocation Failure) [PSYoungGen: 237936K->160K(238080K)] 494182K->256646K(716288K), 0.0044195 secs] [Times: user=0.00 sys=0.00, real=0.00 secs] 
2024-07-05T01:28:54.719+0800: 2443.429: [GC (Allocation Failure) [PSYoungGen: 237728K->192K(238080K)] 494214K->256750K(716288K), 0.0041681 secs] [Times: user=0.00 sys=0.00, real=0.00 secs] 
2024-07-05T01:28:54.903+0800: 2443.614: [GC (Allocation Failure) [PSYoungGen: 237760K->304K(238080K)] 494318K->256910K(716288K), 0.0028745 secs] [Times: user=0.00 sys=0.00, real=0.01 secs] 
2024-07-05T01:28:55.080+0800: 2443.791: [GC (Allocation Failure) [PSYoungGen: 237872K->192K(238080K)] 494478K->256958K(716288K), 0.0047026 secs] [Times: user=0.00 sys=0.00, real=0.00 secs] 
2024-07-05T01:28:55.270+0800: 2443.981: [GC (Allocation Failure) [PSYoungGen: 237760K->240K(238080K)] 494526K->257046K(716288K), 0.0045910 secs] [Times: user=0.00 sys=0.00, real=0.01 secs] 
2024-07-05T01:28:55.451+0800: 2444.162: [GC (Allocation Failure) [PSYoungGen: 237808K->192K(238080K)] 494614K->257142K(716288K), 0.0045776 secs] [Times: user=0.00 sys=0.00, real=0.01 secs] 
2024-07-05T01:28:55.632+0800: 2444.342: [GC (Allocation Failure) [PSYoungGen: 237760K->160K(238080K)] 494710K->257182K(716288K), 0.0046063 secs] [Times: user=0.01 sys=0.00, real=0.01 secs] 
2024-07-05T01:28:55.813+0800: 2444.523: [GC (Allocation Failure) [PSYoungGen: 237728K->288K(238080K)] 494750K->257358K(716288K), 0.0027477 secs] [Times: user=0.01 sys=0.00, real=0.01 secs] 
2024-07-05T01:28:55.996+0800: 2444.706: [GC (Allocation Failure) [PSYoungGen: 237856K->160K(238080K)] 494926K->257382K(716288K), 0.0038718 secs] [Times: user=0.00 sys=0.00, real=0.00 secs] 
2024-07-05T01:28:56.180+0800: 2444.890: [GC (Allocation Failure) [PSYoungGen: 237728K->192K(238080K)] 494950K->257494K(716288K), 0.0038140 secs] [Times: user=0.01 sys=0.00, real=0.00 secs] 
2024-07-05T01:28:56.366+0800: 2445.077: [GC (Allocation Failure) [PSYoungGen: 237760K->288K(238080K)] 495062K->257646K(716288K), 0.0027907 secs] [Times: user=0.01 sys=0.00, real=0.00 secs] 
2024-07-05T01:28:56.554+0800: 2445.265: [GC (Allocation Failure) [PSYoungGen: 237856K->192K(238080K)] 495214K->257710K(716288K), 0.0039387 secs] [Times: user=0.00 sys=0.00, real=0.00 secs] 
2024-07-05T01:28:56.738+0800: 2445.449: [GC (Allocation Failure) [PSYoungGen: 237760K->256K(238080K)] 495278K->257814K(716288K), 0.0028201 secs] [Times: user=0.01 sys=0.00, real=0.00 secs] 
2024-07-05T01:28:56.914+0800: 2445.625: [GC (Allocation Failure) [PSYoungGen: 237824K->192K(238080K)] 495382K->257894K(716288K), 0.0045063 secs] [Times: user=0.01 sys=0.00, real=0.00 secs] 
2024-07-05T01:28:57.090+0800: 2445.801: [GC (Allocation Failure) [PSYoungGen: 237760K->160K(238080K)] 495462K->257934K(716288K), 0.0043895 secs] [Times: user=0.01 sys=0.00, real=0.01 secs] 
2024-07-05T01:28:57.267+0800: 2445.977: [GC (Allocation Failure) [PSYoungGen: 237728K->240K(238080K)] 495502K->258054K(716288K), 0.0044929 secs] [Times: user=0.00 sys=0.00, real=0.00 secs] 
2024-07-05T01:28:57.444+0800: 2446.154: [GC (Allocation Failure) [PSYoungGen: 237808K->192K(238080K)] 495622K->258166K(716288K), 0.0028240 secs] [Times: user=0.01 sys=0.00, real=0.01 secs] 
2024-07-05T01:28:57.625+0800: 2446.336: [GC (Allocation Failure) [PSYoungGen: 237760K->192K(238080K)] 495734K->258238K(716288K), 0.0028108 secs] [Times: user=0.00 sys=0.00, real=0.01 secs] 
2024-07-05T01:28:57.802+0800: 2446.512: [GC (Allocation Failure) [PSYoungGen: 237760K->288K(238080K)] 495806K->258382K(716288K), 0.0046077 secs] [Times: user=0.01 sys=0.00, real=0.01 secs] 
2024-07-05T01:28:57.978+0800: 2446.689: [GC (Allocation Failure) [PSYoungGen: 237856K->192K(238080K)] 495950K->258447K(716288K), 0.0051125 secs] [Times: user=0.00 sys=0.00, real=0.00 secs] 
2024-07-05T01:28:58.155+0800: 2446.866: [GC (Allocation Failure) [PSYoungGen: 237760K->256K(238080K)] 496015K->258551K(716288K), 0.0039876 secs] [Times: user=0.01 sys=0.00, real=0.00 secs] 
2024-07-05T01:28:58.332+0800: 2447.043: [GC (Allocation Failure) [PSYoungGen: 237824K->192K(238080K)] 496119K->258619K(716288K), 0.0026138 secs] [Times: user=0.00 sys=0.00, real=0.01 secs] 
2024-07-05T01:28:58.514+0800: 2447.225: [GC (Allocation Failure) [PSYoungGen: 237760K->160K(238080K)] 496187K->258667K(716288K), 0.0046021 secs] [Times: user=0.01 sys=0.00, real=0.00 secs] 
2024-07-05T01:28:58.702+0800: 2447.413: [GC (Allocation Failure) [PSYoungGen: 237728K->256K(238080K)] 496235K->258811K(716288K), 0.0044600 secs] [Times: user=0.01 sys=0.00, real=0.01 secs] 
2024-07-05T01:28:58.886+0800: 2447.597: [GC (Allocation Failure) [PSYoungGen: 237824K->160K(238080K)] 496379K->258863K(716288K), 0.0044958 secs] [Times: user=0.01 sys=0.00, real=0.00 secs] 
2024-07-05T01:28:59.069+0800: 2447.780: [GC (Allocation Failure) [PSYoungGen: 237728K->192K(238080K)] 496431K->258967K(716288K), 0.0043280 secs] [Times: user=0.00 sys=0.00, real=0.00 secs] 
2024-07-05T01:28:59.252+0800: 2447.963: [GC (Allocation Failure) [PSYoungGen: 237760K->256K(238080K)] 496535K->259071K(716288K), 0.0044976 secs] [Times: user=0.01 sys=0.00, real=0.01 secs] 
2024-07-05T01:28:59.434+0800: 2448.145: [GC (Allocation Failure) [PSYoungGen: 237824K->192K(238080K)] 496639K->259163K(716288K), 0.0045401 secs] [Times: user=0.00 sys=0.00, real=0.00 secs] 
2024-07-05T01:28:59.641+0800: 2448.352: [GC (Allocation Failure) [PSYoungGen: 237760K->192K(238080K)] 496731K->259243K(716288K), 0.0044545 secs] [Times: user=0.01 sys=0.00, real=0.00 secs] 
2024-07-05T01:28:59.822+0800: 2448.533: [GC (Allocation Failure) [PSYoungGen: 237760K->272K(238080K)] 496811K->259371K(716288K), 0.0045611 secs] [Times: user=0.00 sys=0.00, real=0.01 secs] 
2024-07-05T01:29:00.002+0800: 2448.713: [GC (Allocation Failure) [PSYoungGen: 237840K->160K(238080K)] 496939K->259423K(716288K), 0.0028233 secs] [Times: user=0.00 sys=0.00, real=0.00 secs] 
2024-07-05T01:29:00.186+0800: 2448.897: [GC (Allocation Failure) [PSYoungGen: 237728K->256K(238080K)] 496991K->259559K(716288K), 0.0044530 secs] [Times: user=0.00 sys=0.00, real=0.00 secs] 
2024-07-05T01:29:00.370+0800: 2449.081: [GC (Allocation Failure) [PSYoungGen: 237824K->160K(238080K)] 497127K->259607K(716288K), 0.0044030 secs] [Times: user=0.00 sys=0.00, real=0.01 secs] 
2024-07-05T01:29:00.560+0800: 2449.271: [GC (Allocation Failure) [PSYoungGen: 237728K->192K(238080K)] 497175K->259711K(716288K), 0.0037120 secs] [Times: user=0.00 sys=0.00, real=0.00 secs] 
2024-07-05T01:29:00.742+0800: 2449.453: [GC (Allocation Failure) [PSYoungGen: 237760K->272K(238080K)] 497279K->259839K(716288K), 0.0029560 secs] [Times: user=0.00 sys=0.00, real=0.00 secs] 
2024-07-05T01:29:00.930+0800: 2449.641: [GC (Allocation Failure) [PSYoungGen: 237840K->160K(238080K)] 497407K->259883K(716288K), 0.0047523 secs] [Times: user=0.01 sys=0.00, real=0.01 secs] 
2024-07-05T01:29:01.114+0800: 2449.825: [GC (Allocation Failure) [PSYoungGen: 237728K->192K(238080K)] 497451K->259987K(716288K), 0.0040760 secs] [Times: user=0.00 sys=0.00, real=0.00 secs] 
2024-07-05T01:29:01.294+0800: 2450.005: [GC (Allocation Failure) [PSYoungGen: 237760K->288K(238080K)] 497555K->260123K(716288K), 0.0045451 secs] [Times: user=0.00 sys=0.00, real=0.00 secs] 
2024-07-05T01:29:01.478+0800: 2450.189: [GC (Allocation Failure) [PSYoungGen: 237856K->192K(238080K)] 497691K->260195K(716288K), 0.0027440 secs] [Times: user=0.01 sys=0.00, real=0.00 secs] 
2024-07-05T01:29:01.662+0800: 2450.373: [GC (Allocation Failure) [PSYoungGen: 237760K->272K(238080K)] 497763K->260323K(716288K), 0.0026944 secs] [Times: user=0.00 sys=0.00, real=0.00 secs] 
2024-07-05T01:29:01.842+0800: 2450.553: [GC (Allocation Failure) [PSYoungGen: 237840K->192K(238080K)] 497891K->260395K(716288K), 0.0029165 secs] [Times: user=0.01 sys=0.00, real=0.00 secs] 
2024-07-05T01:29:02.021+0800: 2450.732: [GC (Allocation Failure) [PSYoungGen: 237760K->192K(238080K)] 497963K->260467K(716288K), 0.0027070 secs] [Times: user=0.00 sys=0.00, real=0.00 secs] 
2024-07-05T01:29:02.202+0800: 2450.913: [GC (Allocation Failure) [PSYoungGen: 237760K->288K(238080K)] 498035K->260603K(716288K), 0.0050445 secs] [Times: user=0.01 sys=0.00, real=0.01 secs] 
2024-07-05T01:29:02.390+0800: 2451.101: [GC (Allocation Failure) [PSYoungGen: 237856K->160K(238080K)] 498171K->260627K(716288K), 0.0044720 secs] [Times: user=0.00 sys=0.00, real=0.01 secs] 
2024-07-05T01:29:02.578+0800: 2451.289: [GC (Allocation Failure) [PSYoungGen: 237728K->192K(238080K)] 498195K->260731K(716288K), 0.0047631 secs] [Times: user=0.00 sys=0.00, real=0.00 secs] 
2024-07-05T01:29:02.762+0800: 2451.473: [GC (Allocation Failure) [PSYoungGen: 237760K->288K(238080K)] 498299K->260875K(716288K), 0.0049181 secs] [Times: user=0.01 sys=0.00, real=0.01 secs] 
2024-07-05T01:29:02.942+0800: 2451.653: [GC (Allocation Failure) [PSYoungGen: 237856K->160K(238080K)] 498443K->260911K(716288K), 0.0045001 secs] [Times: user=0.00 sys=0.00, real=0.01 secs] 
2024-07-05T01:29:03.122+0800: 2451.833: [GC (Allocation Failure) [PSYoungGen: 237728K->288K(238080K)] 498479K->261079K(716288K), 0.0044731 secs] [Times: user=0.00 sys=0.00, real=0.01 secs] 
2024-07-05T01:29:03.306+0800: 2452.017: [GC (Allocation Failure) [PSYoungGen: 237856K->160K(238080K)] 498647K->261099K(716288K), 0.0047472 secs] [Times: user=0.01 sys=0.00, real=0.00 secs] 
2024-07-05T01:29:03.489+0800: 2452.200: [GC (Allocation Failure) [PSYoungGen: 237728K->192K(238080K)] 498667K->261203K(716288K), 0.0029108 secs] [Times: user=0.01 sys=0.00, real=0.00 secs] 
2024-07-05T01:29:03.664+0800: 2452.375: [GC (Allocation Failure) [PSYoungGen: 237760K->288K(238080K)] 498771K->261347K(716288K), 0.0027387 secs] [Times: user=0.00 sys=0.00, real=0.01 secs] 
2024-07-05T01:29:03.845+0800: 2452.555: [GC (Allocation Failure) [PSYoungGen: 237856K->192K(238080K)] 498915K->261407K(716288K), 0.0032957 secs] [Times: user=0.01 sys=0.00, real=0.01 secs] 
2024-07-05T01:29:04.028+0800: 2452.739: [GC (Allocation Failure) [PSYoungGen: 237760K->192K(238080K)] 498975K->261479K(716288K), 0.0034796 secs] [Times: user=0.01 sys=0.00, real=0.00 secs] 
2024-07-05T01:29:04.202+0800: 2452.912: [GC (Allocation Failure) [PSYoungGen: 237760K->304K(238080K)] 499047K->261639K(716288K), 0.0027841 secs] [Times: user=0.01 sys=0.00, real=0.00 secs] 
2024-07-05T01:29:04.378+0800: 2453.089: [GC (Allocation Failure) [PSYoungGen: 237872K->192K(238080K)] 499207K->261692K(716288K), 0.0047123 secs] [Times: user=0.00 sys=0.00, real=0.00 secs] 
2024-07-05T01:29:04.573+0800: 2453.283: [GC (Allocation Failure) [PSYoungGen: 237760K->256K(238080K)] 499260K->261804K(716288K), 0.0029877 secs] [Times: user=0.00 sys=0.00, real=0.01 secs] 
2024-07-05T01:29:04.747+0800: 2453.457: [GC (Allocation Failure) [PSYoungGen: 237824K->192K(238080K)] 499372K->261888K(716288K), 0.0046991 secs] [Times: user=0.00 sys=0.00, real=0.00 secs] 
2024-07-05T01:29:04.926+0800: 2453.637: [GC (Allocation Failure) [PSYoungGen: 237760K->192K(238080K)] 499456K->261960K(716288K), 0.0044305 secs] [Times: user=0.00 sys=0.00, real=0.00 secs] 
2024-07-05T01:29:05.124+0800: 2453.835: [GC (Allocation Failure) [PSYoungGen: 237760K->384K(238080K)] 499528K->262192K(716288K), 0.0036726 secs] [Times: user=0.00 sys=0.00, real=0.01 secs] 
2024-07-05T01:29:05.304+0800: 2454.015: [GC (Allocation Failure) [PSYoungGen: 237952K->192K(238080K)] 499760K->262248K(716288K), 0.0028644 secs] [Times: user=0.00 sys=0.00, real=0.01 secs] 
2024-07-05T01:29:05.487+0800: 2454.198: [GC (Allocation Failure) [PSYoungGen: 237760K->192K(238080K)] 499816K->262320K(716288K), 0.0034506 secs] [Times: user=0.00 sys=0.00, real=0.00 secs] 
2024-07-05T01:29:05.667+0800: 2454.378: [GC (Allocation Failure) [PSYoungGen: 237760K->320K(238080K)] 499888K->262496K(716288K), 0.0027883 secs] [Times: user=0.01 sys=0.00, real=0.00 secs] 
2024-07-05T01:29:05.850+0800: 2454.561: [GC (Allocation Failure) [PSYoungGen: 237888K->160K(238080K)] 500064K->262492K(716288K), 0.0047220 secs] [Times: user=0.01 sys=0.00, real=0.01 secs] 
2024-07-05T01:29:06.035+0800: 2454.746: [GC (Allocation Failure) [PSYoungGen: 237728K->256K(238080K)] 500060K->262628K(716288K), 0.0028322 secs] [Times: user=0.00 sys=0.00, real=0.00 secs] 
2024-07-05T01:29:06.218+0800: 2454.929: [GC (Allocation Failure) [PSYoungGen: 237824K->160K(238080K)] 500196K->262680K(716288K), 0.0047652 secs] [Times: user=0.01 sys=0.00, real=0.00 secs] 
2024-07-05T01:29:06.402+0800: 2455.113: [GC (Allocation Failure) [PSYoungGen: 237728K->192K(238080K)] 500248K->262792K(716288K), 0.0055008 secs] [Times: user=0.01 sys=0.00, real=0.01 secs] 
2024-07-05T01:29:06.586+0800: 2455.297: [GC (Allocation Failure) [PSYoungGen: 237760K->288K(238080K)] 500360K->262928K(716288K), 0.0041534 secs] [Times: user=0.01 sys=0.00, real=0.00 secs] 
2024-07-05T01:29:06.766+0800: 2455.477: [GC (Allocation Failure) [PSYoungGen: 237856K->192K(238080K)] 500496K->262984K(716288K), 0.0046813 secs] [Times: user=0.00 sys=0.00, real=0.00 secs] 
2024-07-05T01:29:06.944+0800: 2455.655: [GC (Allocation Failure) [PSYoungGen: 237760K->192K(238080K)] 500552K->263056K(716288K), 0.0033935 secs] [Times: user=0.01 sys=0.00, real=0.01 secs] 
2024-07-05T01:29:07.124+0800: 2455.834: [GC (Allocation Failure) [PSYoungGen: 237760K->288K(238080K)] 500624K->263200K(716288K), 0.0037391 secs] [Times: user=0.00 sys=0.00, real=0.01 secs] 
2024-07-05T01:29:07.301+0800: 2456.012: [GC (Allocation Failure) [PSYoungGen: 237856K->192K(238080K)] 500768K->263268K(716288K), 0.0048797 secs] [Times: user=0.01 sys=0.00, real=0.01 secs] 
2024-07-05T01:29:07.481+0800: 2456.191: [GC (Allocation Failure) [PSYoungGen: 237760K->240K(238080K)] 500836K->263364K(716288K), 0.0030803 secs] [Times: user=0.00 sys=0.00, real=0.00 secs] 
2024-07-05T01:29:07.658+0800: 2456.369: [GC (Allocation Failure) [PSYoungGen: 237808K->192K(238080K)] 500932K->263464K(716288K), 0.0026249 secs] [Times: user=0.00 sys=0.00, real=0.00 secs] 
2024-07-05T01:29:07.834+0800: 2456.545: [GC (Allocation Failure) [PSYoungGen: 237760K->192K(238080K)] 501032K->263536K(716288K), 0.0026284 secs] [Times: user=0.01 sys=0.00, real=0.00 secs] 
2024-07-05T01:29:08.018+0800: 2456.729: [GC (Allocation Failure) [PSYoungGen: 237760K->288K(238080K)] 501104K->263680K(716288K), 0.0026789 secs] [Times: user=0.00 sys=0.00, real=0.00 secs] 
2024-07-05T01:29:08.198+0800: 2456.909: [GC (Allocation Failure) [PSYoungGen: 237856K->192K(238080K)] 501248K->263736K(716288K), 0.0045779 secs] [Times: user=0.00 sys=0.00, real=0.00 secs] 
2024-07-05T01:29:08.381+0800: 2457.091: [GC (Allocation Failure) [PSYoungGen: 237760K->192K(238080K)] 501304K->263808K(716288K), 0.0026302 secs] [Times: user=0.00 sys=0.00, real=0.00 secs] 
2024-07-05T01:29:08.558+0800: 2457.268: [GC (Allocation Failure) [PSYoungGen: 237760K->288K(238080K)] 501376K->263952K(716288K), 0.0028337 secs] [Times: user=0.01 sys=0.00, real=0.00 secs] 
2024-07-05T01:29:08.734+0800: 2457.445: [GC (Allocation Failure) [PSYoungGen: 237856K->160K(238080K)] 501520K->263980K(716288K), 0.0044845 secs] [Times: user=0.01 sys=0.00, real=0.00 secs] 
2024-07-05T01:29:08.918+0800: 2457.629: [GC (Allocation Failure) [PSYoungGen: 237728K->272K(238080K)] 501548K->264132K(716288K), 0.0045256 secs] [Times: user=0.00 sys=0.00, real=0.00 secs] 
2024-07-05T01:29:09.102+0800: 2457.813: [GC (Allocation Failure) [PSYoungGen: 237840K->192K(238080K)] 501700K->264200K(716288K), 0.0045868 secs] [Times: user=0.00 sys=0.00, real=0.01 secs] 
2024-07-05T01:29:09.289+0800: 2457.999: [GC (Allocation Failure) [PSYoungGen: 237760K->192K(238080K)] 501768K->264280K(716288K), 0.0045001 secs] [Times: user=0.01 sys=0.00, real=0.00 secs] 
2024-07-05T01:29:09.468+0800: 2458.179: [GC (Allocation Failure) [PSYoungGen: 237760K->256K(238080K)] 501848K->264392K(716288K), 0.0043648 secs] [Times: user=0.00 sys=0.00, real=0.00 secs] 
2024-07-05T01:29:09.654+0800: 2458.365: [GC (Allocation Failure) [PSYoungGen: 237824K->192K(238080K)] 501960K->264472K(716288K), 0.0051476 secs] [Times: user=0.01 sys=0.00, real=0.00 secs] 
2024-07-05T01:29:09.856+0800: 2458.567: [GC (Allocation Failure) [PSYoungGen: 237760K->192K(238080K)] 502040K->264544K(716288K), 0.0028008 secs] [Times: user=0.00 sys=0.00, real=0.00 secs] 
2024-07-05T01:29:10.030+0800: 2458.740: [GC (Allocation Failure) [PSYoungGen: 237760K->256K(238080K)] 502112K->264649K(716288K), 0.0046445 secs] [Times: user=0.00 sys=0.01, real=0.01 secs] 
2024-07-05T01:29:10.217+0800: 2458.928: [GC (Allocation Failure) [PSYoungGen: 237824K->160K(238080K)] 502217K->264713K(716288K), 0.0047571 secs] [Times: user=0.00 sys=0.00, real=0.00 secs] 
2024-07-05T01:29:10.403+0800: 2459.114: [GC (Allocation Failure) [PSYoungGen: 237728K->256K(238080K)] 502281K->264849K(716288K), 0.0045085 secs] [Times: user=0.00 sys=0.00, real=0.01 secs] 
2024-07-05T01:29:10.590+0800: 2459.301: [GC (Allocation Failure) [PSYoungGen: 237824K->192K(238080K)] 502417K->264925K(716288K), 0.0046609 secs] [Times: user=0.01 sys=0.00, real=0.01 secs] 
2024-07-05T01:29:10.774+0800: 2459.484: [GC (Allocation Failure) [PSYoungGen: 237760K->160K(238080K)] 502493K->264965K(716288K), 0.0046826 secs] [Times: user=0.01 sys=0.00, real=0.00 secs] 
2024-07-05T01:29:10.958+0800: 2459.669: [GC (Allocation Failure) [PSYoungGen: 237728K->240K(238080K)] 502533K->265085K(716288K), 0.0046106 secs] [Times: user=0.00 sys=0.00, real=0.00 secs] 
2024-07-05T01:29:11.141+0800: 2459.852: [GC (Allocation Failure) [PSYoungGen: 237808K->192K(238080K)] 502653K->265181K(716288K), 0.0052311 secs] [Times: user=0.01 sys=0.00, real=0.01 secs] 
2024-07-05T01:29:11.331+0800: 2460.041: [GC (Allocation Failure) [PSYoungGen: 237760K->192K(238080K)] 502749K->265253K(716288K), 0.0046336 secs] [Times: user=0.00 sys=0.00, real=0.01 secs] 
2024-07-05T01:29:11.514+0800: 2460.225: [GC (Allocation Failure) [PSYoungGen: 237760K->304K(238080K)] 502821K->265405K(716288K), 0.0027780 secs] [Times: user=0.01 sys=0.00, real=0.00 secs] 
2024-07-05T01:29:11.696+0800: 2460.407: [GC (Allocation Failure) [PSYoungGen: 237872K->192K(238080K)] 502973K->265453K(716288K), 0.0027861 secs] [Times: user=0.00 sys=0.00, real=0.00 secs] 
2024-07-05T01:29:11.876+0800: 2460.587: [GC (Allocation Failure) [PSYoungGen: 237760K->256K(238080K)] 503021K->265557K(716288K), 0.0044359 secs] [Times: user=0.00 sys=0.00, real=0.00 secs] 
2024-07-05T01:29:12.062+0800: 2460.773: [GC (Allocation Failure) [PSYoungGen: 237824K->160K(238080K)] 503125K->265601K(716288K), 0.0045642 secs] [Times: user=0.00 sys=0.00, real=0.01 secs] 
2024-07-05T01:29:12.246+0800: 2460.957: [GC (Allocation Failure) [PSYoungGen: 237728K->192K(238080K)] 503169K->265705K(716288K), 0.0027948 secs] [Times: user=0.01 sys=0.00, real=0.00 secs] 
2024-07-05T01:29:12.425+0800: 2461.136: [GC (Allocation Failure) [PSYoungGen: 237760K->288K(238080K)] 503273K->265841K(716288K), 0.0026059 secs] [Times: user=0.01 sys=0.00, real=0.01 secs] 
2024-07-05T01:29:12.602+0800: 2461.313: [GC (Allocation Failure) [PSYoungGen: 237856K->192K(238080K)] 503409K->265897K(716288K), 0.0045332 secs] [Times: user=0.00 sys=0.01, real=0.01 secs] 
2024-07-05T01:29:12.786+0800: 2461.497: [GC (Allocation Failure) [PSYoungGen: 237760K->160K(238080K)] 503465K->265937K(716288K), 0.0045637 secs] [Times: user=0.00 sys=0.00, real=0.00 secs] 
2024-07-05T01:29:12.966+0800: 2461.677: [GC (Allocation Failure) [PSYoungGen: 237728K->256K(238080K)] 503505K->266073K(716288K), 0.0046488 secs] [Times: user=0.01 sys=0.00, real=0.00 secs] 
2024-07-05T01:29:13.143+0800: 2461.854: [GC (Allocation Failure) [PSYoungGen: 237824K->192K(238080K)] 503641K->266173K(716288K), 0.0040501 secs] [Times: user=0.01 sys=0.00, real=0.01 secs] 
2024-07-05T01:29:13.323+0800: 2462.034: [GC (Allocation Failure) [PSYoungGen: 237760K->192K(238080K)] 503741K->266245K(716288K), 0.0026949 secs] [Times: user=0.01 sys=0.00, real=0.01 secs] 
2024-07-05T01:29:13.498+0800: 2462.209: [GC (Allocation Failure) [PSYoungGen: 237760K->288K(238080K)] 503813K->266389K(716288K), 0.0047028 secs] [Times: user=0.00 sys=0.00, real=0.00 secs] 
2024-07-05T01:29:13.674+0800: 2462.385: [GC (Allocation Failure) [PSYoungGen: 237856K->192K(238080K)] 503957K->266461K(716288K), 0.0046744 secs] [Times: user=0.00 sys=0.00, real=0.00 secs] 
2024-07-05T01:29:13.854+0800: 2462.565: [GC (Allocation Failure) [PSYoungGen: 237760K->288K(238080K)] 504029K->266605K(716288K), 0.0047030 secs] [Times: user=0.00 sys=0.00, real=0.00 secs] 
2024-07-05T01:29:14.032+0800: 2462.742: [GC (Allocation Failure) [PSYoungGen: 237856K->192K(238080K)] 504173K->266661K(716288K), 0.0036289 secs] [Times: user=0.01 sys=0.00, real=0.01 secs] 
2024-07-05T01:29:14.209+0800: 2462.919: [GC (Allocation Failure) [PSYoungGen: 237760K->192K(238080K)] 504229K->266733K(716288K), 0.0026800 secs] [Times: user=0.01 sys=0.00, real=0.00 secs] 
2024-07-05T01:29:14.386+0800: 2463.097: [GC (Allocation Failure) [PSYoungGen: 237760K->272K(238080K)] 504301K->266861K(716288K), 0.0038436 secs] [Times: user=0.01 sys=0.00, real=0.00 secs] 
2024-07-05T01:29:14.570+0800: 2463.281: [GC (Allocation Failure) [PSYoungGen: 237840K->192K(238080K)] 504429K->266941K(716288K), 0.0028298 secs] [Times: user=0.01 sys=0.00, real=0.00 secs] 
2024-07-05T01:29:14.746+0800: 2463.457: [GC (Allocation Failure) [PSYoungGen: 237760K->160K(238080K)] 504509K->266981K(716288K), 0.0046965 secs] [Times: user=0.01 sys=0.00, real=0.00 secs] 
2024-07-05T01:29:14.928+0800: 2463.639: [GC (Allocation Failure) [PSYoungGen: 237728K->288K(238080K)] 504549K->267157K(716288K), 0.0029360 secs] [Times: user=0.01 sys=0.00, real=0.00 secs] 
2024-07-05T01:29:15.118+0800: 2463.829: [GC (Allocation Failure) [PSYoungGen: 237856K->192K(238080K)] 504725K->267229K(716288K), 0.0059583 secs] [Times: user=0.01 sys=0.00, real=0.00 secs] 
2024-07-05T01:29:15.302+0800: 2464.013: [GC (Allocation Failure) [PSYoungGen: 237760K->256K(238080K)] 504797K->267341K(716288K), 0.0046627 secs] [Times: user=0.01 sys=0.00, real=0.01 secs] 
2024-07-05T01:29:15.482+0800: 2464.193: [GC (Allocation Failure) [PSYoungGen: 237824K->192K(238080K)] 504909K->267430K(716288K), 0.0029073 secs] [Times: user=0.00 sys=0.00, real=0.00 secs] 
2024-07-05T01:29:15.663+0800: 2464.374: [GC (Allocation Failure) [PSYoungGen: 237760K->192K(238080K)] 504998K->267510K(716288K), 0.0038144 secs] [Times: user=0.01 sys=0.00, real=0.01 secs] 
2024-07-05T01:29:15.857+0800: 2464.568: [GC (Allocation Failure) [PSYoungGen: 237760K->384K(238080K)] 505078K->267750K(716288K), 0.0030646 secs] [Times: user=0.01 sys=0.00, real=0.00 secs] 
2024-07-05T01:29:16.034+0800: 2464.745: [GC (Allocation Failure) [PSYoungGen: 237952K->192K(238080K)] 505318K->267806K(716288K), 0.0046543 secs] [Times: user=0.00 sys=0.00, real=0.00 secs] 
2024-07-05T01:29:16.218+0800: 2464.929: [GC (Allocation Failure) [PSYoungGen: 237760K->160K(238080K)] 505374K->267846K(716288K), 0.0045272 secs] [Times: user=0.01 sys=0.00, real=0.00 secs] 
2024-07-05T01:29:16.402+0800: 2465.113: [GC (Allocation Failure) [PSYoungGen: 237728K->272K(238080K)] 505414K->267998K(716288K), 0.0046510 secs] [Times: user=0.00 sys=0.00, real=0.01 secs] 
2024-07-05T01:29:16.584+0800: 2465.295: [GC (Allocation Failure) [PSYoungGen: 237840K->192K(238080K)] 505566K->268086K(716288K), 0.0028318 secs] [Times: user=0.01 sys=0.00, real=0.01 secs] 
2024-07-05T01:29:16.760+0800: 2465.471: [GC (Allocation Failure) [PSYoungGen: 237760K->272K(238080K)] 505654K->268206K(716288K), 0.0026611 secs] [Times: user=0.00 sys=0.00, real=0.00 secs] 
2024-07-05T01:29:16.934+0800: 2465.645: [GC (Allocation Failure) [PSYoungGen: 237840K->192K(238080K)] 505774K->268278K(716288K), 0.0046140 secs] [Times: user=0.00 sys=0.00, real=0.00 secs] 
2024-07-05T01:29:17.114+0800: 2465.825: [GC (Allocation Failure) [PSYoungGen: 237760K->160K(238080K)] 505846K->268318K(716288K), 0.0046746 secs] [Times: user=0.01 sys=0.00, real=0.00 secs] 
2024-07-05T01:29:17.295+0800: 2466.006: [GC (Allocation Failure) [PSYoungGen: 237728K->272K(238080K)] 505886K->268470K(716288K), 0.0046375 secs] [Times: user=0.01 sys=0.00, real=0.00 secs] 
2024-07-05T01:29:17.476+0800: 2466.186: [GC (Allocation Failure) [PSYoungGen: 237840K->192K(238080K)] 506038K->268546K(716288K), 0.0037494 secs] [Times: user=0.01 sys=0.00, real=0.00 secs] 
2024-07-05T01:29:17.653+0800: 2466.364: [GC (Allocation Failure) [PSYoungGen: 237760K->160K(238080K)] 506114K->268594K(716288K), 0.0026697 secs] [Times: user=0.00 sys=0.00, real=0.01 secs] 
2024-07-05T01:29:17.830+0800: 2466.540: [GC (Allocation Failure) [PSYoungGen: 237728K->288K(238080K)] 506162K->268762K(716288K), 0.0051605 secs] [Times: user=0.01 sys=0.00, real=0.01 secs] 
2024-07-05T01:29:18.009+0800: 2466.720: [GC (Allocation Failure) [PSYoungGen: 237856K->192K(238080K)] 506330K->268830K(716288K), 0.0048918 secs] [Times: user=0.00 sys=0.00, real=0.01 secs] 
2024-07-05T01:29:18.188+0800: 2466.899: [GC (Allocation Failure) [PSYoungGen: 237760K->256K(238080K)] 506398K->268934K(716288K), 0.0046407 secs] [Times: user=0.01 sys=0.00, real=0.00 secs] 
2024-07-05T01:29:18.370+0800: 2467.081: [GC (Allocation Failure) [PSYoungGen: 237824K->192K(238080K)] 506502K->269018K(716288K), 0.0046915 secs] [Times: user=0.01 sys=0.00, real=0.01 secs] 
2024-07-05T01:29:18.555+0800: 2467.265: [GC (Allocation Failure) [PSYoungGen: 237760K->192K(238080K)] 506586K->269090K(716288K), 0.0050997 secs] [Times: user=0.01 sys=0.00, real=0.00 secs] 
2024-07-05T01:29:18.738+0800: 2467.449: [GC (Allocation Failure) [PSYoungGen: 237760K->256K(238080K)] 506658K->269194K(716288K), 0.0046959 secs] [Times: user=0.01 sys=0.00, real=0.00 secs] 
2024-07-05T01:29:18.918+0800: 2467.629: [GC (Allocation Failure) [PSYoungGen: 237824K->192K(238080K)] 506762K->269286K(716288K), 0.0028009 secs] [Times: user=0.01 sys=0.00, real=0.00 secs] 
2024-07-05T01:29:19.098+0800: 2467.809: [GC (Allocation Failure) [PSYoungGen: 237760K->160K(238080K)] 506854K->269326K(716288K), 0.0046729 secs] [Times: user=0.00 sys=0.00, real=0.00 secs] 
2024-07-05T01:29:19.274+0800: 2467.985: [GC (Allocation Failure) [PSYoungGen: 237728K->256K(238080K)] 506894K->269470K(716288K), 0.0051763 secs] [Times: user=0.00 sys=0.00, real=0.00 secs] 
2024-07-05T01:29:19.452+0800: 2468.163: [GC (Allocation Failure) [PSYoungGen: 237824K->192K(238080K)] 507038K->269570K(716288K), 0.0038725 secs] [Times: user=0.00 sys=0.00, real=0.01 secs] 
2024-07-05T01:29:19.659+0800: 2468.370: [GC (Allocation Failure) [PSYoungGen: 237760K->288K(238080K)] 507138K->269714K(716288K), 0.0038990 secs] [Times: user=0.01 sys=0.00, real=0.00 secs] 
2024-07-05T01:29:19.839+0800: 2468.549: [GC (Allocation Failure) [PSYoungGen: 237856K->160K(238080K)] 507282K->269730K(716288K), 0.0047239 secs] [Times: user=0.01 sys=0.00, real=0.00 secs] 
2024-07-05T01:29:20.018+0800: 2468.729: [GC (Allocation Failure) [PSYoungGen: 237728K->160K(238080K)] 507298K->269802K(716288K), 0.0046358 secs] [Times: user=0.00 sys=0.00, real=0.00 secs] 
2024-07-05T01:29:20.198+0800: 2468.908: [GC (Allocation Failure) [PSYoungGen: 237728K->256K(238080K)] 507370K->269946K(716288K), 0.0027398 secs] [Times: user=0.01 sys=0.00, real=0.00 secs] 
2024-07-05T01:29:20.374+0800: 2469.085: [GC (Allocation Failure) [PSYoungGen: 237824K->192K(238080K)] 507514K->270038K(716288K), 0.0045597 secs] [Times: user=0.00 sys=0.00, real=0.00 secs] 
2024-07-05T01:29:20.554+0800: 2469.265: [GC (Allocation Failure) [PSYoungGen: 237760K->192K(238080K)] 507606K->270110K(716288K), 0.0048646 secs] [Times: user=0.00 sys=0.00, real=0.00 secs] 
2024-07-05T01:29:20.734+0800: 2469.445: [GC (Allocation Failure) [PSYoungGen: 237760K->288K(238080K)] 507678K->270254K(716288K), 0.0029080 secs] [Times: user=0.01 sys=0.00, real=0.00 secs] 
2024-07-05T01:29:20.922+0800: 2469.633: [GC (Allocation Failure) [PSYoungGen: 237856K->160K(238080K)] 507822K->270294K(716288K), 0.0054258 secs] [Times: user=0.00 sys=0.00, real=0.01 secs] 
2024-07-05T01:29:21.102+0800: 2469.813: [GC (Allocation Failure) [PSYoungGen: 237728K->288K(238080K)] 507862K->270462K(716288K), 0.0043580 secs] [Times: user=0.00 sys=0.00, real=0.01 secs] 
2024-07-05T01:29:21.282+0800: 2469.993: [GC (Allocation Failure) [PSYoungGen: 237856K->160K(238080K)] 508030K->270479K(716288K), 0.0046825 secs] [Times: user=0.00 sys=0.00, real=0.01 secs] 
2024-07-05T01:29:21.466+0800: 2470.177: [GC (Allocation Failure) [PSYoungGen: 237728K->160K(238080K)] 508047K->270551K(716288K), 0.0045112 secs] [Times: user=0.00 sys=0.00, real=0.00 secs] 
2024-07-05T01:29:21.659+0800: 2470.370: [GC (Allocation Failure) [PSYoungGen: 237728K->272K(238080K)] 508119K->270703K(716288K), 0.0040832 secs] [Times: user=0.01 sys=0.00, real=0.00 secs] 
2024-07-05T01:29:21.839+0800: 2470.549: [GC (Allocation Failure) [PSYoungGen: 237840K->192K(238080K)] 508271K->270783K(716288K), 0.0029954 secs] [Times: user=0.00 sys=0.00, real=0.00 secs] 
2024-07-05T01:29:22.022+0800: 2470.733: [GC (Allocation Failure) [PSYoungGen: 237760K->160K(238080K)] 508351K->270823K(716288K), 0.0047697 secs] [Times: user=0.00 sys=0.00, real=0.01 secs] 
2024-07-05T01:29:22.210+0800: 2470.921: [GC (Allocation Failure) [PSYoungGen: 237728K->256K(238080K)] 508391K->270975K(716288K), 0.0049351 secs] [Times: user=0.00 sys=0.00, real=0.01 secs] 
2024-07-05T01:29:22.390+0800: 2471.101: [GC (Allocation Failure) [PSYoungGen: 237824K->160K(238080K)] 508543K->271043K(716288K), 0.0045395 secs] [Times: user=0.01 sys=0.00, real=0.01 secs] 
2024-07-05T01:29:22.577+0800: 2471.288: [GC (Allocation Failure) [PSYoungGen: 237728K->256K(238080K)] 508611K->271187K(716288K), 0.0029845 secs] [Times: user=0.01 sys=0.00, real=0.00 secs] 
2024-07-05T01:29:22.758+0800: 2471.469: [GC (Allocation Failure) [PSYoungGen: 237824K->192K(238080K)] 508755K->271267K(716288K), 0.0046432 secs] [Times: user=0.01 sys=0.00, real=0.00 secs] 
2024-07-05T01:29:22.939+0800: 2471.650: [GC (Allocation Failure) [PSYoungGen: 237760K->160K(238080K)] 508835K->271307K(716288K), 0.0037100 secs] [Times: user=0.01 sys=0.00, real=0.00 secs] 
2024-07-05T01:29:23.117+0800: 2471.828: [GC (Allocation Failure) [PSYoungGen: 237728K->256K(238080K)] 508875K->271451K(716288K), 0.0028159 secs] [Times: user=0.01 sys=0.00, real=0.00 secs] 
2024-07-05T01:29:23.294+0800: 2472.005: [GC (Allocation Failure) [PSYoungGen: 237824K->160K(238080K)] 509019K->271507K(716288K), 0.0046660 secs] [Times: user=0.00 sys=0.00, real=0.00 secs] 
2024-07-05T01:29:23.478+0800: 2472.189: [GC (Allocation Failure) [PSYoungGen: 237728K->192K(238080K)] 509075K->271611K(716288K), 0.0046822 secs] [Times: user=0.01 sys=0.00, real=0.00 secs] 
2024-07-05T01:29:23.656+0800: 2472.367: [GC (Allocation Failure) [PSYoungGen: 237760K->256K(238080K)] 509179K->271715K(716288K), 0.0049309 secs] [Times: user=0.01 sys=0.00, real=0.00 secs] 
2024-07-05T01:29:23.836+0800: 2472.546: [GC (Allocation Failure) [PSYoungGen: 237824K->192K(238080K)] 509283K->271807K(716288K), 0.0038498 secs] [Times: user=0.01 sys=0.00, real=0.00 secs] 
2024-07-05T01:29:24.014+0800: 2472.725: [GC (Allocation Failure) [PSYoungGen: 237760K->240K(238080K)] 509375K->271895K(716288K), 0.0043225 secs] [Times: user=0.00 sys=0.00, real=0.00 secs] 
2024-07-05T01:29:24.202+0800: 2472.913: [GC (Allocation Failure) [PSYoungGen: 237808K->160K(238080K)] 509463K->271955K(716288K), 0.0043515 secs] [Times: user=0.00 sys=0.00, real=0.01 secs] 
2024-07-05T01:29:24.386+0800: 2473.097: [GC (Allocation Failure) [PSYoungGen: 237728K->192K(238080K)] 509523K->272067K(716288K), 0.0045961 secs] [Times: user=0.01 sys=0.00, real=0.00 secs] 
2024-07-05T01:29:24.582+0800: 2473.293: [GC (Allocation Failure) [PSYoungGen: 237760K->256K(238080K)] 509635K->272171K(716288K), 0.0045875 secs] [Times: user=0.00 sys=0.00, real=0.01 secs] 
2024-07-05T01:29:24.764+0800: 2473.475: [GC (Allocation Failure) [PSYoungGen: 237824K->192K(238080K)] 509739K->272251K(716288K), 0.0033188 secs] [Times: user=0.00 sys=0.00, real=0.01 secs] 
2024-07-05T01:29:24.941+0800: 2473.651: [GC (Allocation Failure) [PSYoungGen: 237760K->192K(238080K)] 509819K->272323K(716288K), 0.0028322 secs] [Times: user=0.01 sys=0.00, real=0.00 secs] 
2024-07-05T01:29:25.118+0800: 2473.829: [GC (Allocation Failure) [PSYoungGen: 237760K->272K(238080K)] 509891K->272443K(716288K), 0.0046619 secs] [Times: user=0.00 sys=0.00, real=0.00 secs] 
2024-07-05T01:29:25.305+0800: 2474.016: [GC (Allocation Failure) [PSYoungGen: 237840K->192K(238080K)] 510011K->272523K(716288K), 0.0029345 secs] [Times: user=0.01 sys=0.00, real=0.01 secs] 
2024-07-05T01:29:25.481+0800: 2474.192: [GC (Allocation Failure) [PSYoungGen: 237760K->256K(238080K)] 510091K->272627K(716288K), 0.0026302 secs] [Times: user=0.00 sys=0.00, real=0.00 secs] 
2024-07-05T01:29:25.658+0800: 2474.369: [GC (Allocation Failure) [PSYoungGen: 237824K->192K(238080K)] 510195K->272703K(716288K), 0.0027627 secs] [Times: user=0.01 sys=0.00, real=0.00 secs] 
2024-07-05T01:29:25.832+0800: 2474.543: [GC (Allocation Failure) [PSYoungGen: 237760K->192K(238080K)] 510271K->272775K(716288K), 0.0026217 secs] [Times: user=0.00 sys=0.00, real=0.01 secs] 
2024-07-05T01:29:26.008+0800: 2474.719: [GC (Allocation Failure) [PSYoungGen: 237760K->288K(238080K)] 510343K->272919K(716288K), 0.0026721 secs] [Times: user=0.01 sys=0.00, real=0.00 secs] 
2024-07-05T01:29:26.186+0800: 2474.897: [GC (Allocation Failure) [PSYoungGen: 237856K->160K(238080K)] 510487K->272935K(716288K), 0.0046439 secs] [Times: user=0.01 sys=0.00, real=0.00 secs] 
2024-07-05T01:29:26.370+0800: 2475.081: [GC (Allocation Failure) [PSYoungGen: 237728K->160K(238080K)] 510503K->273007K(716288K), 0.0047576 secs] [Times: user=0.01 sys=0.00, real=0.01 secs] 
2024-07-05T01:29:26.572+0800: 2475.282: [GC (Allocation Failure) [PSYoungGen: 237728K->352K(238080K)] 510575K->273239K(716288K), 0.0040476 secs] [Times: user=0.01 sys=0.00, real=0.01 secs] 
2024-07-05T01:29:26.755+0800: 2475.466: [GC (Allocation Failure) [PSYoungGen: 237920K->160K(238080K)] 510807K->273307K(716288K), 0.0041825 secs] [Times: user=0.00 sys=0.00, real=0.00 secs] 
2024-07-05T01:29:26.936+0800: 2475.647: [GC (Allocation Failure) [PSYoungGen: 237728K->256K(238080K)] 510875K->273451K(716288K), 0.0027373 secs] [Times: user=0.00 sys=0.00, real=0.00 secs] 
2024-07-05T01:29:27.114+0800: 2475.825: [GC (Allocation Failure) [PSYoungGen: 237824K->160K(238080K)] 511019K->273496K(716288K), 0.0046485 secs] [Times: user=0.00 sys=0.00, real=0.00 secs] 
2024-07-05T01:29:27.302+0800: 2476.013: [GC (Allocation Failure) [PSYoungGen: 237728K->192K(238080K)] 511064K->273600K(716288K), 0.0045765 secs] [Times: user=0.00 sys=0.00, real=0.01 secs] 
2024-07-05T01:29:27.482+0800: 2476.193: [GC (Allocation Failure) [PSYoungGen: 237760K->256K(238080K)] 511168K->273712K(716288K), 0.0026905 secs] [Times: user=0.01 sys=0.00, real=0.00 secs] 
2024-07-05T01:29:27.659+0800: 2476.370: [GC (Allocation Failure) [PSYoungGen: 237824K->192K(238080K)] 511280K->273800K(716288K), 0.0047980 secs] [Times: user=0.00 sys=0.00, real=0.00 secs] 
2024-07-05T01:29:27.838+0800: 2476.549: [GC (Allocation Failure) [PSYoungGen: 237760K->192K(238080K)] 511368K->273872K(716288K), 0.0027025 secs] [Times: user=0.00 sys=0.00, real=0.00 secs] 
2024-07-05T01:29:28.016+0800: 2476.726: [GC (Allocation Failure) [PSYoungGen: 237760K->272K(238080K)] 511440K->273992K(716288K), 0.0040873 secs] [Times: user=0.00 sys=0.00, real=0.00 secs] 
2024-07-05T01:29:28.198+0800: 2476.909: [GC (Allocation Failure) [PSYoungGen: 237840K->192K(238080K)] 511560K->274072K(716288K), 0.0043861 secs] [Times: user=0.00 sys=0.00, real=0.00 secs] 
2024-07-05T01:29:28.380+0800: 2477.091: [GC (Allocation Failure) [PSYoungGen: 237760K->240K(238080K)] 511640K->274160K(716288K), 0.0028772 secs] [Times: user=0.01 sys=0.00, real=0.00 secs] 
2024-07-05T01:29:28.556+0800: 2477.267: [GC (Allocation Failure) [PSYoungGen: 237808K->192K(238080K)] 511728K->274260K(716288K), 0.0029357 secs] [Times: user=0.01 sys=0.00, real=0.00 secs] 
2024-07-05T01:29:28.737+0800: 2477.447: [GC (Allocation Failure) [PSYoungGen: 237760K->160K(238080K)] 511828K->274300K(716288K), 0.0030827 secs] [Times: user=0.01 sys=0.00, real=0.00 secs] 
2024-07-05T01:29:28.922+0800: 2477.633: [GC (Allocation Failure) [PSYoungGen: 237728K->256K(238080K)] 511868K->274436K(716288K), 0.0047038 secs] [Times: user=0.01 sys=0.00, real=0.01 secs] 
2024-07-05T01:29:29.103+0800: 2477.813: [GC (Allocation Failure) [PSYoungGen: 237824K->160K(238080K)] 512004K->274488K(716288K), 0.0028493 secs] [Times: user=0.00 sys=0.00, real=0.01 secs] 
2024-07-05T01:29:29.282+0800: 2477.993: [GC (Allocation Failure) [PSYoungGen: 237728K->192K(238080K)] 512056K->274592K(716288K), 0.0051129 secs] [Times: user=0.01 sys=0.00, real=0.01 secs] 
2024-07-05T01:29:29.462+0800: 2478.173: [GC (Allocation Failure) [PSYoungGen: 237760K->288K(238080K)] 512160K->274728K(716288K), 0.0027992 secs] [Times: user=0.01 sys=0.00, real=0.00 secs] 
2024-07-05T01:29:29.662+0800: 2478.373: [GC (Allocation Failure) [PSYoungGen: 237856K->160K(238080K)] 512296K->274752K(716288K), 0.0029340 secs] [Times: user=0.00 sys=0.00, real=0.00 secs] 
2024-07-05T01:29:29.843+0800: 2478.554: [GC (Allocation Failure) [PSYoungGen: 237728K->208K(238080K)] 512320K->274856K(716288K), 0.0028093 secs] [Times: user=0.00 sys=0.00, real=0.01 secs] 
2024-07-05T01:29:30.019+0800: 2478.730: [GC (Allocation Failure) [PSYoungGen: 237776K->224K(238080K)] 512424K->274972K(716288K), 0.0029020 secs] [Times: user=0.01 sys=0.00, real=0.00 secs] 
2024-07-05T01:29:30.195+0800: 2478.906: [GC (Allocation Failure) [PSYoungGen: 237792K->192K(238080K)] 512540K->275056K(716288K), 0.0029077 secs] [Times: user=0.00 sys=0.00, real=0.00 secs] 
2024-07-05T01:29:30.372+0800: 2479.082: [GC (Allocation Failure) [PSYoungGen: 237760K->272K(238080K)] 512624K->275176K(716288K), 0.0038853 secs] [Times: user=0.01 sys=0.00, real=0.01 secs] 
2024-07-05T01:29:30.552+0800: 2479.263: [GC (Allocation Failure) [PSYoungGen: 237840K->192K(238080K)] 512744K->275248K(716288K), 0.0032795 secs] [Times: user=0.01 sys=0.00, real=0.01 secs] 
2024-07-05T01:29:30.732+0800: 2479.443: [GC (Allocation Failure) [PSYoungGen: 237760K->192K(238080K)] 512816K->275320K(716288K), 0.0032480 secs] [Times: user=0.00 sys=0.00, real=0.01 secs] 
2024-07-05T01:29:30.910+0800: 2479.621: [GC (Allocation Failure) [PSYoungGen: 237760K->288K(238080K)] 512888K->275456K(716288K), 0.0043544 secs] [Times: user=0.01 sys=0.00, real=0.01 secs] 
2024-07-05T01:29:31.090+0800: 2479.801: [GC (Allocation Failure) [PSYoungGen: 237856K->160K(238080K)] 513024K->275480K(716288K), 0.0046007 secs] [Times: user=0.01 sys=0.00, real=0.01 secs] 
2024-07-05T01:29:31.270+0800: 2479.981: [GC (Allocation Failure) [PSYoungGen: 237728K->192K(238080K)] 513048K->275584K(716288K), 0.0044427 secs] [Times: user=0.01 sys=0.00, real=0.01 secs] 
2024-07-05T01:29:31.447+0800: 2480.158: [GC (Allocation Failure) [PSYoungGen: 237760K->272K(238080K)] 513152K->275712K(716288K), 0.0029208 secs] [Times: user=0.00 sys=0.00, real=0.00 secs] 
2024-07-05T01:29:31.622+0800: 2480.333: [GC (Allocation Failure) [PSYoungGen: 237840K->192K(238080K)] 513280K->275800K(716288K), 0.0049223 secs] [Times: user=0.01 sys=0.00, real=0.01 secs] 
2024-07-05T01:29:31.800+0800: 2480.511: [GC (Allocation Failure) [PSYoungGen: 237760K->256K(238080K)] 513368K->275904K(716288K), 0.0028415 secs] [Times: user=0.00 sys=0.00, real=0.00 secs] 
2024-07-05T01:29:31.977+0800: 2480.688: [GC (Allocation Failure) [PSYoungGen: 237824K->192K(238080K)] 513472K->275992K(716288K), 0.0028653 secs] [Times: user=0.00 sys=0.00, real=0.00 secs] 
2024-07-05T01:29:32.163+0800: 2480.874: [GC (Allocation Failure) [PSYoungGen: 237760K->160K(238080K)] 513560K->276040K(716288K), 0.0040970 secs] [Times: user=0.00 sys=0.00, real=0.01 secs] 
2024-07-05T01:29:32.349+0800: 2481.060: [GC (Allocation Failure) [PSYoungGen: 237728K->272K(238080K)] 513608K->276200K(716288K), 0.0028445 secs] [Times: user=0.01 sys=0.00, real=0.00 secs] 
2024-07-05T01:29:32.526+0800: 2481.237: [GC (Allocation Failure) [PSYoungGen: 237840K->192K(238080K)] 513768K->276268K(716288K), 0.0056213 secs] [Times: user=0.00 sys=0.00, real=0.00 secs] 
2024-07-05T01:29:32.717+0800: 2481.428: [GC (Allocation Failure) [PSYoungGen: 237760K->192K(238080K)] 513836K->276340K(716288K), 0.0027454 secs] [Times: user=0.01 sys=0.00, real=0.00 secs] 
2024-07-05T01:29:32.898+0800: 2481.609: [GC (Allocation Failure) [PSYoungGen: 237760K->304K(238080K)] 513908K->276501K(716288K), 0.0051295 secs] [Times: user=0.01 sys=0.00, real=0.00 secs] 
2024-07-05T01:29:33.082+0800: 2481.793: [GC (Allocation Failure) [PSYoungGen: 237872K->160K(238080K)] 514069K->276521K(716288K), 0.0049127 secs] [Times: user=0.00 sys=0.00, real=0.01 secs] 
2024-07-05T01:29:33.270+0800: 2481.981: [GC (Allocation Failure) [PSYoungGen: 237728K->272K(238080K)] 514089K->276673K(716288K), 0.0048709 secs] [Times: user=0.00 sys=0.00, real=0.01 secs] 
2024-07-05T01:29:33.455+0800: 2482.166: [GC (Allocation Failure) [PSYoungGen: 237840K->192K(238080K)] 514241K->276749K(716288K), 0.0041549 secs] [Times: user=0.01 sys=0.00, real=0.00 secs] 
2024-07-05T01:29:33.639+0800: 2482.349: [GC (Allocation Failure) [PSYoungGen: 237760K->160K(238080K)] 514317K->276789K(716288K), 0.0048899 secs] [Times: user=0.01 sys=0.00, real=0.00 secs] 
2024-07-05T01:29:33.826+0800: 2482.537: [GC (Allocation Failure) [PSYoungGen: 237728K->256K(238080K)] 514357K->276925K(716288K), 0.0049241 secs] [Times: user=0.00 sys=0.00, real=0.00 secs] 
2024-07-05T01:29:34.005+0800: 2482.716: [GC (Allocation Failure) [PSYoungGen: 237824K->160K(238080K)] 514493K->276977K(716288K), 0.0047610 secs] [Times: user=0.00 sys=0.00, real=0.01 secs] 
2024-07-05T01:29:34.186+0800: 2482.897: [GC (Allocation Failure) [PSYoungGen: 237728K->160K(238080K)] 514545K->277049K(716288K), 0.0046861 secs] [Times: user=0.00 sys=0.00, real=0.00 secs] 
2024-07-05T01:29:34.363+0800: 2483.073: [GC (Allocation Failure) [PSYoungGen: 237728K->288K(238080K)] 514617K->277217K(716288K), 0.0064995 secs] [Times: user=0.00 sys=0.00, real=0.01 secs] 
2024-07-05T01:29:34.541+0800: 2483.252: [GC (Allocation Failure) [PSYoungGen: 237856K->160K(238080K)] 514785K->277249K(716288K), 0.0047693 secs] [Times: user=0.01 sys=0.00, real=0.01 secs] 
2024-07-05T01:29:34.729+0800: 2483.440: [GC (Allocation Failure) [PSYoungGen: 237728K->256K(238080K)] 514817K->277385K(716288K), 0.0049030 secs] [Times: user=0.01 sys=0.00, real=0.01 secs] 
2024-07-05T01:29:34.907+0800: 2483.618: [GC (Allocation Failure) [PSYoungGen: 237824K->192K(238080K)] 514953K->277469K(716288K), 0.0038713 secs] [Times: user=0.00 sys=0.00, real=0.00 secs] 
2024-07-05T01:29:35.085+0800: 2483.795: [GC (Allocation Failure) [PSYoungGen: 237760K->192K(238080K)] 515037K->277541K(716288K), 0.0032840 secs] [Times: user=0.00 sys=0.00, real=0.01 secs] 
2024-07-05T01:29:35.262+0800: 2483.973: [GC (Allocation Failure) [PSYoungGen: 237760K->240K(238080K)] 515109K->277629K(716288K), 0.0047400 secs] [Times: user=0.00 sys=0.00, real=0.01 secs] 
2024-07-05T01:29:35.444+0800: 2484.155: [GC (Allocation Failure) [PSYoungGen: 237808K->192K(238080K)] 515197K->277729K(716288K), 0.0057288 secs] [Times: user=0.00 sys=0.00, real=0.01 secs] 
2024-07-05T01:29:35.623+0800: 2484.334: [GC (Allocation Failure) [PSYoungGen: 237760K->160K(238080K)] 515297K->277769K(716288K), 0.0044865 secs] [Times: user=0.01 sys=0.00, real=0.01 secs] 
2024-07-05T01:29:35.799+0800: 2484.510: [GC (Allocation Failure) [PSYoungGen: 237728K->288K(238080K)] 515337K->277945K(716288K), 0.0038691 secs] [Times: user=0.00 sys=0.00, real=0.00 secs] 
2024-07-05T01:29:35.976+0800: 2484.686: [GC (Allocation Failure) [PSYoungGen: 237856K->192K(238080K)] 515513K->278013K(716288K), 0.0029065 secs] [Times: user=0.01 sys=0.00, real=0.00 secs] 
2024-07-05T01:29:36.162+0800: 2484.873: [GC (Allocation Failure) [PSYoungGen: 237760K->256K(238080K)] 515581K->278125K(716288K), 0.0048424 secs] [Times: user=0.01 sys=0.00, real=0.01 secs] 
2024-07-05T01:29:36.358+0800: 2485.069: [GC (Allocation Failure) [PSYoungGen: 237824K->160K(238080K)] 515693K->278173K(716288K), 0.0052403 secs] [Times: user=0.01 sys=0.00, real=0.00 secs] 
2024-07-05T01:29:36.539+0800: 2485.250: [GC (Allocation Failure) [PSYoungGen: 237728K->160K(238080K)] 515741K->278245K(716288K), 0.0039516 secs] [Times: user=0.00 sys=0.00, real=0.00 secs] 
2024-07-05T01:29:36.715+0800: 2485.425: [GC (Allocation Failure) [PSYoungGen: 237728K->272K(238080K)] 515813K->278405K(716288K), 0.0028334 secs] [Times: user=0.00 sys=0.00, real=0.00 secs] 
2024-07-05T01:29:36.892+0800: 2485.603: [GC (Allocation Failure) [PSYoungGen: 237840K->192K(238080K)] 515973K->278481K(716288K), 0.0027508 secs] [Times: user=0.01 sys=0.00, real=0.01 secs] 
2024-07-05T01:29:37.070+0800: 2485.781: [GC (Allocation Failure) [PSYoungGen: 237760K->192K(238080K)] 516049K->278553K(716288K), 0.0045427 secs] [Times: user=0.01 sys=0.00, real=0.01 secs] 
2024-07-05T01:29:37.266+0800: 2485.977: [GC (Allocation Failure) [PSYoungGen: 237760K->368K(238080K)] 516121K->278777K(716288K), 0.0048170 secs] [Times: user=0.01 sys=0.00, real=0.00 secs] 
2024-07-05T01:29:37.446+0800: 2486.157: [GC (Allocation Failure) [PSYoungGen: 237936K->160K(238080K)] 516345K->278833K(716288K), 0.0044923 secs] [Times: user=0.01 sys=0.00, real=0.00 secs] 
2024-07-05T01:29:37.632+0800: 2486.343: [GC (Allocation Failure) [PSYoungGen: 237728K->256K(238080K)] 516401K->278969K(716288K), 0.0027710 secs] [Times: user=0.00 sys=0.00, real=0.01 secs] 
2024-07-05T01:29:37.810+0800: 2486.521: [GC (Allocation Failure) [PSYoungGen: 237824K->192K(238080K)] 516537K->279057K(716288K), 0.0048865 secs] [Times: user=0.01 sys=0.00, real=0.01 secs] 
2024-07-05T01:29:37.990+0800: 2486.701: [GC (Allocation Failure) [PSYoungGen: 237760K->192K(238080K)] 516625K->279129K(716288K), 0.0054646 secs] [Times: user=0.00 sys=0.00, real=0.01 secs] 
2024-07-05T01:29:38.170+0800: 2486.881: [GC (Allocation Failure) [PSYoungGen: 237760K->288K(238080K)] 516697K->279273K(716288K), 0.0042690 secs] [Times: user=0.00 sys=0.00, real=0.01 secs] 
2024-07-05T01:29:38.361+0800: 2487.072: [GC (Allocation Failure) [PSYoungGen: 237856K->192K(238080K)] 516841K->279325K(716288K), 0.0030465 secs] [Times: user=0.00 sys=0.00, real=0.00 secs] 
2024-07-05T01:29:38.542+0800: 2487.253: [GC (Allocation Failure) [PSYoungGen: 237760K->160K(238080K)] 516893K->279365K(716288K), 0.0047867 secs] [Times: user=0.00 sys=0.00, real=0.01 secs] 
2024-07-05T01:29:38.730+0800: 2487.441: [GC (Allocation Failure) [PSYoungGen: 237728K->288K(238080K)] 516933K->279534K(716288K), 0.0045519 secs] [Times: user=0.01 sys=0.00, real=0.01 secs] 
2024-07-05T01:29:38.906+0800: 2487.617: [GC (Allocation Failure) [PSYoungGen: 237856K->192K(238080K)] 517102K->279602K(716288K), 0.0045254 secs] [Times: user=0.00 sys=0.00, real=0.00 secs] 
2024-07-05T01:29:39.082+0800: 2487.793: [GC (Allocation Failure) [PSYoungGen: 237760K->256K(238080K)] 517170K->279706K(716288K), 0.0045312 secs] [Times: user=0.00 sys=0.00, real=0.01 secs] 
2024-07-05T01:29:39.266+0800: 2487.977: [GC (Allocation Failure) [PSYoungGen: 237824K->192K(238080K)] 517274K->279794K(716288K), 0.0042722 secs] [Times: user=0.00 sys=0.00, real=0.00 secs] 
2024-07-05T01:29:39.450+0800: 2488.161: [GC (Allocation Failure) [PSYoungGen: 237760K->192K(238080K)] 517362K->279874K(716288K), 0.0028449 secs] [Times: user=0.01 sys=0.00, real=0.00 secs] 
2024-07-05T01:29:39.655+0800: 2488.365: [GC (Allocation Failure) [PSYoungGen: 237760K->288K(238080K)] 517442K->280018K(716288K), 0.0047613 secs] [Times: user=0.00 sys=0.00, real=0.00 secs] 
2024-07-05T01:29:39.838+0800: 2488.549: [GC (Allocation Failure) [PSYoungGen: 237856K->192K(238080K)] 517586K->280074K(716288K), 0.0029603 secs] [Times: user=0.01 sys=0.00, real=0.00 secs] 
2024-07-05T01:29:40.018+0800: 2488.729: [GC (Allocation Failure) [PSYoungGen: 237760K->192K(238080K)] 517642K->280146K(716288K), 0.0047611 secs] [Times: user=0.00 sys=0.00, real=0.00 secs] 
2024-07-05T01:29:40.197+0800: 2488.908: [GC (Allocation Failure) [PSYoungGen: 237760K->256K(238080K)] 517714K->280258K(716288K), 0.0028120 secs] [Times: user=0.00 sys=0.00, real=0.00 secs] 
2024-07-05T01:29:40.374+0800: 2489.085: [GC (Allocation Failure) [PSYoungGen: 237824K->192K(238080K)] 517826K->280350K(716288K), 0.0058455 secs] [Times: user=0.00 sys=0.00, real=0.00 secs] 
2024-07-05T01:29:40.558+0800: 2489.268: [GC (Allocation Failure) [PSYoungGen: 237760K->256K(238080K)] 517918K->280454K(716288K), 0.0047418 secs] [Times: user=0.01 sys=0.00, real=0.00 secs] 
2024-07-05T01:29:40.741+0800: 2489.452: [GC (Allocation Failure) [PSYoungGen: 237824K->192K(238080K)] 518022K->280530K(716288K), 0.0028777 secs] [Times: user=0.01 sys=0.00, real=0.00 secs] 
2024-07-05T01:29:40.922+0800: 2489.633: [GC (Allocation Failure) [PSYoungGen: 237760K->192K(238080K)] 518098K->280610K(716288K), 0.0047103 secs] [Times: user=0.00 sys=0.00, real=0.01 secs] 
2024-07-05T01:29:41.106+0800: 2489.817: [GC (Allocation Failure) [PSYoungGen: 237760K->288K(238080K)] 518178K->280754K(716288K), 0.0046907 secs] [Times: user=0.00 sys=0.00, real=0.00 secs] 
2024-07-05T01:29:41.288+0800: 2489.999: [GC (Allocation Failure) [PSYoungGen: 237856K->160K(238080K)] 518322K->280774K(716288K), 0.0047279 secs] [Times: user=0.00 sys=0.00, real=0.00 secs] 
2024-07-05T01:29:41.467+0800: 2490.178: [GC (Allocation Failure) [PSYoungGen: 237728K->192K(238080K)] 518342K->280878K(716288K), 0.0047129 secs] [Times: user=0.00 sys=0.00, real=0.00 secs] 
2024-07-05T01:29:41.646+0800: 2490.357: [GC (Allocation Failure) [PSYoungGen: 237760K->288K(238080K)] 518446K->281014K(716288K), 0.0047984 secs] [Times: user=0.01 sys=0.00, real=0.00 secs] 
2024-07-05T01:29:41.831+0800: 2490.542: [GC (Allocation Failure) [PSYoungGen: 237856K->192K(238080K)] 518582K->281074K(716288K), 0.0040105 secs] [Times: user=0.01 sys=0.00, real=0.01 secs] 
2024-07-05T01:29:42.014+0800: 2490.725: [GC (Allocation Failure) [PSYoungGen: 237760K->256K(238080K)] 518642K->281178K(716288K), 0.0028388 secs] [Times: user=0.00 sys=0.00, real=0.00 secs] 
2024-07-05T01:29:42.194+0800: 2490.905: [GC (Allocation Failure) [PSYoungGen: 237824K->192K(238080K)] 518746K->281254K(716288K), 0.0028553 secs] [Times: user=0.01 sys=0.00, real=0.00 secs] 
2024-07-05T01:29:42.370+0800: 2491.081: [GC (Allocation Failure) [PSYoungGen: 237760K->192K(238080K)] 518822K->281326K(716288K), 0.0058023 secs] [Times: user=0.00 sys=0.00, real=0.01 secs] 
2024-07-05T01:29:42.547+0800: 2491.258: [GC (Allocation Failure) [PSYoungGen: 237760K->288K(238080K)] 518894K->281470K(716288K), 0.0028725 secs] [Times: user=0.00 sys=0.00, real=0.00 secs] 
2024-07-05T01:29:42.726+0800: 2491.436: [GC (Allocation Failure) [PSYoungGen: 237856K->160K(238080K)] 519038K->281486K(716288K), 0.0047577 secs] [Times: user=0.00 sys=0.00, real=0.00 secs] 
2024-07-05T01:29:42.906+0800: 2491.617: [GC (Allocation Failure) [PSYoungGen: 237728K->160K(238080K)] 519054K->281558K(716288K), 0.0046386 secs] [Times: user=0.01 sys=0.00, real=0.00 secs] 
2024-07-05T01:29:43.094+0800: 2491.805: [GC (Allocation Failure) [PSYoungGen: 237728K->272K(238080K)] 519126K->281710K(716288K), 0.0049409 secs] [Times: user=0.01 sys=0.00, real=0.00 secs] 
2024-07-05T01:29:43.282+0800: 2491.993: [GC (Allocation Failure) [PSYoungGen: 237840K->192K(238080K)] 519278K->281786K(716288K), 0.0047678 secs] [Times: user=0.01 sys=0.00, real=0.01 secs] 
2024-07-05T01:29:43.468+0800: 2492.179: [GC (Allocation Failure) [PSYoungGen: 237760K->256K(238080K)] 519354K->281890K(716288K), 0.0033791 secs] [Times: user=0.00 sys=0.00, real=0.00 secs] 
2024-07-05T01:29:43.649+0800: 2492.359: [GC (Allocation Failure) [PSYoungGen: 237824K->192K(238080K)] 519458K->281970K(716288K), 0.0028406 secs] [Times: user=0.00 sys=0.00, real=0.00 secs] 
2024-07-05T01:29:43.830+0800: 2492.541: [GC (Allocation Failure) [PSYoungGen: 237760K->160K(238080K)] 519538K->282010K(716288K), 0.0048418 secs] [Times: user=0.01 sys=0.00, real=0.01 secs] 
2024-07-05T01:29:44.010+0800: 2492.720: [GC (Allocation Failure) [PSYoungGen: 237728K->272K(238080K)] 519578K->282170K(716288K), 0.0048194 secs] [Times: user=0.01 sys=0.00, real=0.01 secs] 
2024-07-05T01:29:44.193+0800: 2492.903: [GC (Allocation Failure) [PSYoungGen: 237840K->192K(238080K)] 519738K->282242K(716288K), 0.0032485 secs] [Times: user=0.00 sys=0.00, real=0.01 secs] 
2024-07-05T01:29:44.371+0800: 2493.082: [GC (Allocation Failure) [PSYoungGen: 237760K->160K(238080K)] 519810K->282290K(716288K), 0.0026748 secs] [Times: user=0.00 sys=0.00, real=0.00 secs] 
2024-07-05T01:29:44.548+0800: 2493.259: [GC (Allocation Failure) [PSYoungGen: 237728K->272K(238080K)] 519858K->282450K(716288K), 0.0028785 secs] [Times: user=0.01 sys=0.00, real=0.00 secs] 
2024-07-05T01:29:44.730+0800: 2493.441: [GC (Allocation Failure) [PSYoungGen: 237840K->192K(238080K)] 520018K->282531K(716288K), 0.0029272 secs] [Times: user=0.00 sys=0.00, real=0.00 secs] 
2024-07-05T01:29:44.915+0800: 2493.625: [GC (Allocation Failure) [PSYoungGen: 237760K->256K(238080K)] 520099K->282635K(716288K), 0.0027975 secs] [Times: user=0.01 sys=0.00, real=0.00 secs] 
2024-07-05T01:29:45.090+0800: 2493.801: [GC (Allocation Failure) [PSYoungGen: 237824K->160K(238080K)] 520203K->282683K(716288K), 0.0048259 secs] [Times: user=0.00 sys=0.00, real=0.01 secs] 
2024-07-05T01:29:45.275+0800: 2493.986: [GC (Allocation Failure) [PSYoungGen: 237728K->192K(238080K)] 520251K->282787K(716288K), 0.0048389 secs] [Times: user=0.00 sys=0.00, real=0.00 secs] 
2024-07-05T01:29:45.459+0800: 2494.170: [GC (Allocation Failure) [PSYoungGen: 237760K->272K(238080K)] 520355K->282915K(716288K), 0.0047680 secs] [Times: user=0.01 sys=0.00, real=0.00 secs] 
2024-07-05T01:29:45.650+0800: 2494.361: [GC (Allocation Failure) [PSYoungGen: 237840K->160K(238080K)] 520483K->282951K(716288K), 0.0050201 secs] [Times: user=0.00 sys=0.00, real=0.01 secs] 
2024-07-05T01:29:45.832+0800: 2494.543: [GC (Allocation Failure) [PSYoungGen: 237728K->160K(238080K)] 520519K->283023K(716288K), 0.0045813 secs] [Times: user=0.00 sys=0.00, real=0.01 secs] 
2024-07-05T01:29:46.012+0800: 2494.723: [GC (Allocation Failure) [PSYoungGen: 237728K->288K(238080K)] 520591K->283199K(716288K), 0.0037771 secs] [Times: user=0.00 sys=0.00, real=0.01 secs] 
2024-07-05T01:29:46.194+0800: 2494.905: [GC (Allocation Failure) [PSYoungGen: 237856K->192K(238080K)] 520767K->283259K(716288K), 0.0052839 secs] [Times: user=0.00 sys=0.00, real=0.00 secs] 
2024-07-05T01:29:46.378+0800: 2495.089: [GC (Allocation Failure) [PSYoungGen: 237760K->192K(238080K)] 520827K->283331K(716288K), 0.0048789 secs] [Times: user=0.01 sys=0.00, real=0.00 secs] 
2024-07-05T01:29:46.568+0800: 2495.278: [GC (Allocation Failure) [PSYoungGen: 237760K->288K(238080K)] 520899K->283475K(716288K), 0.0041032 secs] [Times: user=0.01 sys=0.00, real=0.00 secs] 
2024-07-05T01:29:46.745+0800: 2495.456: [GC (Allocation Failure) [PSYoungGen: 237856K->192K(238080K)] 521043K->283547K(716288K), 0.0028928 secs] [Times: user=0.00 sys=0.00, real=0.01 secs] 
2024-07-05T01:29:46.922+0800: 2495.633: [GC (Allocation Failure) [PSYoungGen: 237760K->256K(238080K)] 521115K->283659K(716288K), 0.0046526 secs] [Times: user=0.01 sys=0.00, real=0.01 secs] 
2024-07-05T01:29:47.100+0800: 2495.811: [GC (Allocation Failure) [PSYoungGen: 237824K->192K(238080K)] 521227K->283747K(716288K), 0.0028865 secs] [Times: user=0.01 sys=0.00, real=0.00 secs] 
2024-07-05T01:29:47.278+0800: 2495.989: [GC (Allocation Failure) [PSYoungGen: 237760K->192K(238080K)] 521315K->283827K(716288K), 0.0027256 secs] [Times: user=0.01 sys=0.00, real=0.00 secs] 
2024-07-05T01:29:47.462+0800: 2496.173: [GC (Allocation Failure) [PSYoungGen: 237760K->256K(238080K)] 521395K->283939K(716288K), 0.0028274 secs] [Times: user=0.00 sys=0.00, real=0.00 secs] 
2024-07-05T01:29:47.642+0800: 2496.353: [GC (Allocation Failure) [PSYoungGen: 237824K->192K(238080K)] 521507K->284031K(716288K), 0.0029710 secs] [Times: user=0.01 sys=0.00, real=0.00 secs] 
2024-07-05T01:29:47.827+0800: 2496.538: [GC (Allocation Failure) [PSYoungGen: 237760K->160K(238080K)] 521599K->284071K(716288K), 0.0049086 secs] [Times: user=0.00 sys=0.00, real=0.00 secs] 
2024-07-05T01:29:48.026+0800: 2496.737: [GC (Allocation Failure) [PSYoungGen: 237728K->384K(238080K)] 521639K->284343K(716288K), 0.0051296 secs] [Times: user=0.01 sys=0.00, real=0.00 secs] 
2024-07-05T01:29:48.214+0800: 2496.925: [GC (Allocation Failure) [PSYoungGen: 237952K->192K(238080K)] 521911K->284415K(716288K), 0.0044852 secs] [Times: user=0.01 sys=0.00, real=0.00 secs] 
2024-07-05T01:29:48.400+0800: 2497.111: [GC (Allocation Failure) [PSYoungGen: 237760K->240K(238080K)] 521983K->284503K(716288K), 0.0049851 secs] [Times: user=0.01 sys=0.00, real=0.00 secs] 
2024-07-05T01:29:48.586+0800: 2497.297: [GC (Allocation Failure) [PSYoungGen: 237808K->192K(238080K)] 522071K->284607K(716288K), 0.0045699 secs] [Times: user=0.01 sys=0.00, real=0.00 secs] 
2024-07-05T01:29:48.770+0800: 2497.481: [GC (Allocation Failure) [PSYoungGen: 237760K->192K(238080K)] 522175K->284687K(716288K), 0.0050802 secs] [Times: user=0.01 sys=0.00, real=0.01 secs] 
2024-07-05T01:29:48.950+0800: 2497.661: [GC (Allocation Failure) [PSYoungGen: 237760K->288K(238080K)] 522255K->284823K(716288K), 0.0053303 secs] [Times: user=0.01 sys=0.00, real=0.01 secs] 
2024-07-05T01:29:49.130+0800: 2497.841: [GC (Allocation Failure) [PSYoungGen: 237856K->192K(238080K)] 522391K->284883K(716288K), 0.0048690 secs] [Times: user=0.01 sys=0.00, real=0.01 secs] 
2024-07-05T01:29:49.307+0800: 2498.018: [GC (Allocation Failure) [PSYoungGen: 237760K->160K(238080K)] 522451K->284923K(716288K), 0.0045824 secs] [Times: user=0.00 sys=0.00, real=0.00 secs] 
2024-07-05T01:29:49.486+0800: 2498.197: [GC (Allocation Failure) [PSYoungGen: 237728K->272K(238080K)] 522491K->285083K(716288K), 0.0047927 secs] [Times: user=0.00 sys=0.00, real=0.00 secs] 
2024-07-05T01:29:49.685+0800: 2498.396: [GC (Allocation Failure) [PSYoungGen: 237840K->160K(238080K)] 522651K->285139K(716288K), 0.0046348 secs] [Times: user=0.00 sys=0.00, real=0.01 secs] 
2024-07-05T01:29:49.866+0800: 2498.577: [GC (Allocation Failure) [PSYoungGen: 237728K->256K(238080K)] 522707K->285283K(716288K), 0.0046281 secs] [Times: user=0.01 sys=0.00, real=0.00 secs] 
2024-07-05T01:29:50.046+0800: 2498.757: [GC (Allocation Failure) [PSYoungGen: 237824K->192K(238080K)] 522851K->285364K(716288K), 0.0028220 secs] [Times: user=0.00 sys=0.00, real=0.00 secs] 
2024-07-05T01:29:50.226+0800: 2498.937: [GC (Allocation Failure) [PSYoungGen: 237760K->192K(238080K)] 522932K->285436K(716288K), 0.0050395 secs] [Times: user=0.01 sys=0.00, real=0.00 secs] 
2024-07-05T01:29:50.406+0800: 2499.117: [GC (Allocation Failure) [PSYoungGen: 237760K->256K(238080K)] 523004K->285540K(716288K), 0.0046139 secs] [Times: user=0.01 sys=0.00, real=0.00 secs] 
2024-07-05T01:29:50.585+0800: 2499.296: [GC (Allocation Failure) [PSYoungGen: 237824K->192K(238080K)] 523108K->285632K(716288K), 0.0033036 secs] [Times: user=0.00 sys=0.00, real=0.01 secs] 
2024-07-05T01:29:50.766+0800: 2499.477: [GC (Allocation Failure) [PSYoungGen: 237760K->192K(238080K)] 523200K->285704K(716288K), 0.0045602 secs] [Times: user=0.00 sys=0.00, real=0.00 secs] 
2024-07-05T01:29:50.944+0800: 2499.655: [GC (Allocation Failure) [PSYoungGen: 237760K->288K(238080K)] 523272K->285848K(716288K), 0.0036076 secs] [Times: user=0.01 sys=0.00, real=0.01 secs] 
2024-07-05T01:29:51.126+0800: 2499.837: [GC (Allocation Failure) [PSYoungGen: 237856K->192K(238080K)] 523416K->285916K(716288K), 0.0045807 secs] [Times: user=0.00 sys=0.00, real=0.00 secs] 
2024-07-05T01:29:51.314+0800: 2500.025: [GC (Allocation Failure) [PSYoungGen: 237760K->288K(238080K)] 523484K->286052K(716288K), 0.0047043 secs] [Times: user=0.00 sys=0.00, real=0.00 secs] 
2024-07-05T01:29:51.497+0800: 2500.207: [GC (Allocation Failure) [PSYoungGen: 237856K->192K(238080K)] 523620K->286100K(716288K), 0.0033232 secs] [Times: user=0.00 sys=0.00, real=0.00 secs] 
2024-07-05T01:29:51.682+0800: 2500.392: [GC (Allocation Failure) [PSYoungGen: 237760K->160K(238080K)] 523668K->286140K(716288K), 0.0048240 secs] [Times: user=0.00 sys=0.00, real=0.01 secs] 
2024-07-05T01:29:51.865+0800: 2500.576: [GC (Allocation Failure) [PSYoungGen: 237728K->256K(238080K)] 523708K->286276K(716288K), 0.0049623 secs] [Times: user=0.00 sys=0.00, real=0.01 secs] 
2024-07-05T01:29:52.050+0800: 2500.760: [GC (Allocation Failure) [PSYoungGen: 237824K->192K(238080K)] 523844K->286368K(716288K), 0.0043569 secs] [Times: user=0.01 sys=0.00, real=0.01 secs] 
2024-07-05T01:29:52.239+0800: 2500.950: [GC (Allocation Failure) [PSYoungGen: 237760K->192K(238080K)] 523936K->286440K(716288K), 0.0030511 secs] [Times: user=0.00 sys=0.01, real=0.00 secs] 
2024-07-05T01:29:52.422+0800: 2501.133: [GC (Allocation Failure) [PSYoungGen: 237760K->256K(238080K)] 524008K->286544K(716288K), 0.0048689 secs] [Times: user=0.01 sys=0.00, real=0.01 secs] 
2024-07-05T01:29:52.609+0800: 2501.320: [GC (Allocation Failure) [PSYoungGen: 237824K->192K(238080K)] 524112K->286648K(716288K), 0.0032676 secs] [Times: user=0.01 sys=0.00, real=0.00 secs] 
2024-07-05T01:29:52.787+0800: 2501.498: [GC (Allocation Failure) [PSYoungGen: 237760K->256K(238080K)] 524216K->286752K(716288K), 0.0040039 secs] [Times: user=0.01 sys=0.00, real=0.00 secs] 
2024-07-05T01:29:52.967+0800: 2501.678: [GC (Allocation Failure) [PSYoungGen: 237824K->192K(238080K)] 524320K->286832K(716288K), 0.0030724 secs] [Times: user=0.01 sys=0.00, real=0.00 secs] 
2024-07-05T01:29:53.150+0800: 2501.861: [GC (Allocation Failure) [PSYoungGen: 237760K->192K(238080K)] 524400K->286904K(716288K), 0.0045780 secs] [Times: user=0.00 sys=0.00, real=0.01 secs] 
2024-07-05T01:29:53.330+0800: 2502.040: [GC (Allocation Failure) [PSYoungGen: 237760K->272K(238080K)] 524472K->287024K(716288K), 0.0044565 secs] [Times: user=0.00 sys=0.01, real=0.01 secs] 
2024-07-05T01:29:53.513+0800: 2502.223: [GC (Allocation Failure) [PSYoungGen: 237840K->192K(238080K)] 524592K->287096K(716288K), 0.0032016 secs] [Times: user=0.01 sys=0.00, real=0.01 secs] 
2024-07-05T01:29:53.698+0800: 2502.408: [GC (Allocation Failure) [PSYoungGen: 237760K->160K(238080K)] 524664K->287136K(716288K), 0.0048976 secs] [Times: user=0.00 sys=0.00, real=0.00 secs] 
2024-07-05T01:29:53.880+0800: 2502.590: [GC (Allocation Failure) [PSYoungGen: 237728K->288K(238080K)] 524704K->287312K(716288K), 0.0050091 secs] [Times: user=0.01 sys=0.00, real=0.00 secs] 
2024-07-05T01:29:54.062+0800: 2502.773: [GC (Allocation Failure) [PSYoungGen: 237856K->160K(238080K)] 524880K->287344K(716288K), 0.0048222 secs] [Times: user=0.00 sys=0.00, real=0.01 secs] 
2024-07-05T01:29:54.247+0800: 2502.957: [GC (Allocation Failure) [PSYoungGen: 237728K->256K(238080K)] 524912K->287488K(716288K), 0.0027865 secs] [Times: user=0.00 sys=0.00, real=0.00 secs] 
2024-07-05T01:29:54.427+0800: 2503.137: [GC (Allocation Failure) [PSYoungGen: 237824K->192K(238080K)] 525056K->287572K(716288K), 0.0043346 secs] [Times: user=0.01 sys=0.00, real=0.00 secs] 
2024-07-05T01:29:54.614+0800: 2503.325: [GC (Allocation Failure) [PSYoungGen: 237760K->192K(238080K)] 525140K->287644K(716288K), 0.0048461 secs] [Times: user=0.00 sys=0.00, real=0.00 secs] 
2024-07-05T01:29:54.797+0800: 2503.508: [GC (Allocation Failure) [PSYoungGen: 237760K->288K(238080K)] 525212K->287780K(716288K), 0.0049294 secs] [Times: user=0.00 sys=0.00, real=0.00 secs] 
2024-07-05T01:29:54.981+0800: 2503.692: [GC (Allocation Failure) [PSYoungGen: 237856K->192K(238080K)] 525348K->287836K(716288K), 0.0029021 secs] [Times: user=0.01 sys=0.00, real=0.00 secs] 
2024-07-05T01:29:55.159+0800: 2503.870: [GC (Allocation Failure) [PSYoungGen: 237760K->192K(238080K)] 525404K->287908K(716288K), 0.0039491 secs] [Times: user=0.00 sys=0.00, real=0.00 secs] 
2024-07-05T01:29:55.339+0800: 2504.049: [GC (Allocation Failure) [PSYoungGen: 237760K->288K(238080K)] 525476K->288052K(716288K), 0.0044020 secs] [Times: user=0.01 sys=0.00, real=0.00 secs] 
2024-07-05T01:29:55.517+0800: 2504.227: [GC (Allocation Failure) [PSYoungGen: 237856K->160K(238080K)] 525620K->288084K(716288K), 0.0048507 secs] [Times: user=0.00 sys=0.00, real=0.00 secs] 
2024-07-05T01:29:55.701+0800: 2504.412: [GC (Allocation Failure) [PSYoungGen: 237728K->256K(238080K)] 525652K->288220K(716288K), 0.0030785 secs] [Times: user=0.01 sys=0.00, real=0.00 secs] 
2024-07-05T01:29:55.877+0800: 2504.588: [GC (Allocation Failure) [PSYoungGen: 237824K->160K(238080K)] 525788K->288269K(716288K), 0.0028821 secs] [Times: user=0.01 sys=0.00, real=0.00 secs] 
2024-07-05T01:29:56.058+0800: 2504.769: [GC (Allocation Failure) [PSYoungGen: 237728K->160K(238080K)] 525837K->288341K(716288K), 0.0050296 secs] [Times: user=0.01 sys=0.00, real=0.00 secs] 
2024-07-05T01:29:56.242+0800: 2504.953: [GC (Allocation Failure) [PSYoungGen: 237728K->240K(238080K)] 525909K->288461K(716288K), 0.0049042 secs] [Times: user=0.00 sys=0.00, real=0.01 secs] 
2024-07-05T01:29:56.429+0800: 2505.140: [GC (Allocation Failure) [PSYoungGen: 237808K->192K(238080K)] 526029K->288565K(716288K), 0.0028852 secs] [Times: user=0.01 sys=0.00, real=0.00 secs] 
2024-07-05T01:29:56.613+0800: 2505.323: [GC (Allocation Failure) [PSYoungGen: 237760K->192K(238080K)] 526133K->288637K(716288K), 0.0041146 secs] [Times: user=0.01 sys=0.00, real=0.01 secs] 
2024-07-05T01:29:56.794+0800: 2505.505: [GC (Allocation Failure) [PSYoungGen: 237760K->272K(238080K)] 526205K->288765K(716288K), 0.0050099 secs] [Times: user=0.01 sys=0.00, real=0.00 secs] 
2024-07-05T01:29:56.976+0800: 2505.687: [GC (Allocation Failure) [PSYoungGen: 237840K->160K(238080K)] 526333K->288813K(716288K), 0.0029453 secs] [Times: user=0.00 sys=0.00, real=0.00 secs] 
2024-07-05T01:29:57.158+0800: 2505.869: [GC (Allocation Failure) [PSYoungGen: 237728K->240K(238080K)] 526381K->288933K(716288K), 0.0029528 secs] [Times: user=0.01 sys=0.00, real=0.00 secs] 
2024-07-05T01:29:57.334+0800: 2506.045: [GC (Allocation Failure) [PSYoungGen: 237808K->192K(238080K)] 526501K->289029K(716288K), 0.0048539 secs] [Times: user=0.01 sys=0.00, real=0.00 secs] 
2024-07-05T01:29:57.511+0800: 2506.222: [GC (Allocation Failure) [PSYoungGen: 237760K->192K(238080K)] 526597K->289101K(716288K), 0.0028478 secs] [Times: user=0.00 sys=0.00, real=0.01 secs] 
2024-07-05T01:29:57.686+0800: 2506.397: [GC (Allocation Failure) [PSYoungGen: 237760K->288K(238080K)] 526669K->289237K(716288K), 0.0047318 secs] [Times: user=0.00 sys=0.00, real=0.00 secs] 
2024-07-05T01:29:57.866+0800: 2506.576: [GC (Allocation Failure) [PSYoungGen: 237856K->192K(238080K)] 526805K->289297K(716288K), 0.0030194 secs] [Times: user=0.01 sys=0.00, real=0.00 secs] 
2024-07-05T01:29:58.046+0800: 2506.756: [GC (Allocation Failure) [PSYoungGen: 237760K->192K(238080K)] 526865K->289369K(716288K), 0.0028854 secs] [Times: user=0.00 sys=0.00, real=0.01 secs] 
2024-07-05T01:29:58.222+0800: 2506.933: [GC (Allocation Failure) [PSYoungGen: 237760K->256K(238080K)] 526937K->289481K(716288K), 0.0028472 secs] [Times: user=0.01 sys=0.00, real=0.00 secs] 
2024-07-05T01:29:58.400+0800: 2507.111: [GC (Allocation Failure) [PSYoungGen: 237824K->192K(238080K)] 527049K->289573K(716288K), 0.0030137 secs] [Times: user=0.01 sys=0.00, real=0.00 secs] 
2024-07-05T01:29:58.594+0800: 2507.304: [GC (Allocation Failure) [PSYoungGen: 237760K->320K(238080K)] 527141K->289757K(716288K), 0.0053076 secs] [Times: user=0.01 sys=0.00, real=0.00 secs] 
2024-07-05T01:29:58.771+0800: 2507.481: [GC (Allocation Failure) [PSYoungGen: 237888K->208K(238080K)] 527325K->289841K(716288K), 0.0029660 secs] [Times: user=0.00 sys=0.00, real=0.01 secs] 
2024-07-05T01:29:58.943+0800: 2507.654: [GC (Allocation Failure) [PSYoungGen: 237776K->192K(238080K)] 527409K->289945K(716288K), 0.0041676 secs] [Times: user=0.00 sys=0.00, real=0.01 secs] 
2024-07-05T01:29:59.124+0800: 2507.835: [GC (Allocation Failure) [PSYoungGen: 237760K->288K(238080K)] 527513K->290081K(716288K), 0.0029454 secs] [Times: user=0.00 sys=0.00, real=0.01 secs] 
2024-07-05T01:29:59.300+0800: 2508.011: [GC (Allocation Failure) [PSYoungGen: 237856K->192K(238080K)] 527649K->290137K(716288K), 0.0033540 secs] [Times: user=0.01 sys=0.00, real=0.00 secs] 
2024-07-05T01:29:59.486+0800: 2508.197: [GC (Allocation Failure) [PSYoungGen: 237760K->192K(238080K)] 527705K->290209K(716288K), 0.0048991 secs] [Times: user=0.01 sys=0.00, real=0.00 secs] 
2024-07-05T01:29:59.685+0800: 2508.396: [GC (Allocation Failure) [PSYoungGen: 237760K->288K(238080K)] 527777K->290345K(716288K), 0.0029307 secs] [Times: user=0.01 sys=0.00, real=0.01 secs] 
2024-07-05T01:29:59.861+0800: 2508.572: [GC (Allocation Failure) [PSYoungGen: 237856K->160K(238080K)] 527913K->290369K(716288K), 0.0050304 secs] [Times: user=0.01 sys=0.00, real=0.01 secs] 
2024-07-05T01:30:00.050+0800: 2508.761: [GC (Allocation Failure) [PSYoungGen: 237728K->224K(238080K)] 527937K->290489K(716288K), 0.0053215 secs] [Times: user=0.00 sys=0.00, real=0.01 secs] 
2024-07-05T01:30:00.228+0800: 2508.939: [GC (Allocation Failure) [PSYoungGen: 237792K->256K(238080K)] 528057K->290617K(716288K), 0.0034728 secs] [Times: user=0.01 sys=0.00, real=0.00 secs] 
2024-07-05T01:30:00.404+0800: 2509.115: [GC (Allocation Failure) [PSYoungGen: 237824K->192K(238080K)] 528185K->290673K(716288K), 0.0034558 secs] [Times: user=0.00 sys=0.00, real=0.01 secs] 
2024-07-05T01:30:00.578+0800: 2509.289: [GC (Allocation Failure) [PSYoungGen: 237760K->240K(238080K)] 528241K->290761K(716288K), 0.0049580 secs] [Times: user=0.00 sys=0.00, real=0.00 secs] 
2024-07-05T01:30:00.758+0800: 2509.469: [GC (Allocation Failure) [PSYoungGen: 237808K->192K(238080K)] 528329K->290865K(716288K), 0.0030197 secs] [Times: user=0.01 sys=0.00, real=0.00 secs] 
2024-07-05T01:30:00.938+0800: 2509.649: [GC (Allocation Failure) [PSYoungGen: 237760K->192K(238080K)] 528433K->290945K(716288K), 0.0040041 secs] [Times: user=0.00 sys=0.00, real=0.00 secs] 
2024-07-05T01:30:01.118+0800: 2509.829: [GC (Allocation Failure) [PSYoungGen: 237760K->256K(238080K)] 528513K->291049K(716288K), 0.0049926 secs] [Times: user=0.01 sys=0.00, real=0.00 secs] 
2024-07-05T01:30:01.298+0800: 2510.009: [GC (Allocation Failure) [PSYoungGen: 237824K->192K(238080K)] 528617K->291141K(716288K), 0.0051274 secs] [Times: user=0.01 sys=0.00, real=0.00 secs] 
2024-07-05T01:30:01.481+0800: 2510.192: [GC (Allocation Failure) [PSYoungGen: 237760K->192K(238080K)] 528709K->291221K(716288K), 0.0028860 secs] [Times: user=0.01 sys=0.00, real=0.00 secs] 
2024-07-05T01:30:01.666+0800: 2510.376: [GC (Allocation Failure) [PSYoungGen: 237760K->288K(238080K)] 528789K->291365K(716288K), 0.0051765 secs] [Times: user=0.00 sys=0.01, real=0.01 secs] 
2024-07-05T01:30:01.849+0800: 2510.560: [GC (Allocation Failure) [PSYoungGen: 237856K->192K(238080K)] 528933K->291434K(716288K), 0.0030553 secs] [Times: user=0.00 sys=0.00, real=0.00 secs] 
2024-07-05T01:30:02.033+0800: 2510.744: [GC (Allocation Failure) [PSYoungGen: 237760K->272K(238080K)] 529002K->291562K(716288K), 0.0028602 secs] [Times: user=0.00 sys=0.00, real=0.01 secs] 
2024-07-05T01:30:02.214+0800: 2510.925: [GC (Allocation Failure) [PSYoungGen: 237840K->192K(238080K)] 529130K->291634K(716288K), 0.0046063 secs] [Times: user=0.01 sys=0.00, real=0.00 secs] 
2024-07-05T01:30:02.394+0800: 2511.105: [GC (Allocation Failure) [PSYoungGen: 237760K->192K(238080K)] 529202K->291706K(716288K), 0.0028377 secs] [Times: user=0.01 sys=0.00, real=0.00 secs] 
2024-07-05T01:30:02.569+0800: 2511.280: [GC (Allocation Failure) [PSYoungGen: 237760K->288K(238080K)] 529274K->291842K(716288K), 0.0049451 secs] [Times: user=0.00 sys=0.00, real=0.01 secs] 
2024-07-05T01:30:02.751+0800: 2511.461: [GC (Allocation Failure) [PSYoungGen: 237856K->192K(238080K)] 529410K->291898K(716288K), 0.0029141 secs] [Times: user=0.00 sys=0.00, real=0.00 secs] 
2024-07-05T01:30:02.934+0800: 2511.644: [GC (Allocation Failure) [PSYoungGen: 237760K->192K(238080K)] 529466K->291970K(716288K), 0.0048294 secs] [Times: user=0.00 sys=0.00, real=0.00 secs] 
2024-07-05T01:30:03.112+0800: 2511.822: [GC (Allocation Failure) [PSYoungGen: 237760K->288K(238080K)] 529538K->292114K(716288K), 0.0039478 secs] [Times: user=0.01 sys=0.00, real=0.01 secs] 
2024-07-05T01:30:03.288+0800: 2511.998: [GC (Allocation Failure) [PSYoungGen: 237856K->192K(238080K)] 529682K->292186K(716288K), 0.0029360 secs] [Times: user=0.00 sys=0.00, real=0.00 secs] 
2024-07-05T01:30:03.467+0800: 2512.177: [GC (Allocation Failure) [PSYoungGen: 237760K->256K(238080K)] 529754K->292298K(716288K), 0.0028006 secs] [Times: user=0.01 sys=0.00, real=0.00 secs] 
2024-07-05T01:30:03.639+0800: 2512.350: [GC (Allocation Failure) [PSYoungGen: 237824K->192K(238080K)] 529866K->292382K(716288K), 0.0028542 secs] [Times: user=0.00 sys=0.00, real=0.00 secs] 
2024-07-05T01:30:03.822+0800: 2512.533: [GC (Allocation Failure) [PSYoungGen: 237760K->160K(238080K)] 529950K->292430K(716288K), 0.0047536 secs] [Times: user=0.01 sys=0.00, real=0.01 secs] 
2024-07-05T01:30:04.006+0800: 2512.717: [GC (Allocation Failure) [PSYoungGen: 237728K->304K(238080K)] 529998K->292622K(716288K), 0.0050500 secs] [Times: user=0.00 sys=0.00, real=0.00 secs] 
2024-07-05T01:30:04.195+0800: 2512.906: [GC (Allocation Failure) [PSYoungGen: 237872K->192K(238080K)] 530190K->292662K(716288K), 0.0047477 secs] [Times: user=0.00 sys=0.00, real=0.00 secs] 
2024-07-05T01:30:04.384+0800: 2513.095: [GC (Allocation Failure) [PSYoungGen: 237760K->160K(238080K)] 530230K->292702K(716288K), 0.0049609 secs] [Times: user=0.01 sys=0.00, real=0.01 secs] 
2024-07-05T01:30:04.566+0800: 2513.277: [GC (Allocation Failure) [PSYoungGen: 237728K->272K(238080K)] 530270K->292862K(716288K), 0.0050120 secs] [Times: user=0.00 sys=0.00, real=0.00 secs] 
2024-07-05T01:30:04.747+0800: 2513.457: [GC (Allocation Failure) [PSYoungGen: 237840K->160K(238080K)] 530430K->292918K(716288K), 0.0045422 secs] [Times: user=0.01 sys=0.00, real=0.00 secs] 
2024-07-05T01:30:04.932+0800: 2513.642: [GC (Allocation Failure) [PSYoungGen: 237728K->256K(238080K)] 530486K->293062K(716288K), 0.0028964 secs] [Times: user=0.00 sys=0.00, real=0.01 secs] 
2024-07-05T01:30:05.109+0800: 2513.820: [GC (Allocation Failure) [PSYoungGen: 237824K->192K(238080K)] 530630K->293146K(716288K), 0.0028536 secs] [Times: user=0.00 sys=0.01, real=0.00 secs] 
2024-07-05T01:30:05.289+0800: 2514.000: [GC (Allocation Failure) [PSYoungGen: 237760K->192K(238080K)] 530714K->293218K(716288K), 0.0028741 secs] [Times: user=0.00 sys=0.00, real=0.00 secs] 
2024-07-05T01:30:05.469+0800: 2514.180: [GC (Allocation Failure) [PSYoungGen: 237760K->240K(238080K)] 530786K->293314K(716288K), 0.0048882 secs] [Times: user=0.01 sys=0.00, real=0.01 secs] 
2024-07-05T01:30:05.650+0800: 2514.361: [GC (Allocation Failure) [PSYoungGen: 237808K->192K(238080K)] 530882K->293422K(716288K), 0.0048146 secs] [Times: user=0.01 sys=0.00, real=0.01 secs] 
2024-07-05T01:30:05.830+0800: 2514.541: [GC (Allocation Failure) [PSYoungGen: 237760K->160K(238080K)] 530990K->293462K(716288K), 0.0041126 secs] [Times: user=0.00 sys=0.00, real=0.01 secs] 
2024-07-05T01:30:06.014+0800: 2514.725: [GC (Allocation Failure) [PSYoungGen: 237728K->256K(238080K)] 531030K->293606K(716288K), 0.0050640 secs] [Times: user=0.00 sys=0.00, real=0.00 secs] 
2024-07-05T01:30:06.197+0800: 2514.908: [GC (Allocation Failure) [PSYoungGen: 237824K->192K(238080K)] 531174K->293706K(716288K), 0.0029006 secs] [Times: user=0.00 sys=0.00, real=0.00 secs] 
2024-07-05T01:30:06.378+0800: 2515.089: [GC (Allocation Failure) [PSYoungGen: 237760K->240K(238080K)] 531274K->293794K(716288K), 0.0045180 secs] [Times: user=0.01 sys=0.00, real=0.00 secs] 
2024-07-05T01:30:06.570+0800: 2515.281: [GC (Allocation Failure) [PSYoungGen: 237808K->192K(238080K)] 531362K->293898K(716288K), 0.0031065 secs] [Times: user=0.00 sys=0.00, real=0.00 secs] 
2024-07-05T01:30:06.751+0800: 2515.461: [GC (Allocation Failure) [PSYoungGen: 237760K->192K(238080K)] 531466K->293970K(716288K), 0.0027225 secs] [Times: user=0.01 sys=0.00, real=0.00 secs] 
2024-07-05T01:30:06.924+0800: 2515.635: [GC (Allocation Failure) [PSYoungGen: 237760K->288K(238080K)] 531538K->294114K(716288K), 0.0048777 secs] [Times: user=0.00 sys=0.00, real=0.01 secs] 
2024-07-05T01:30:07.110+0800: 2515.821: [GC (Allocation Failure) [PSYoungGen: 237856K->160K(238080K)] 531682K->294139K(716288K), 0.0049594 secs] [Times: user=0.01 sys=0.00, real=0.01 secs] 
2024-07-05T01:30:07.294+0800: 2516.005: [GC (Allocation Failure) [PSYoungGen: 237728K->192K(238080K)] 531707K->294243K(716288K), 0.0049120 secs] [Times: user=0.01 sys=0.00, real=0.00 secs] 
2024-07-05T01:30:07.478+0800: 2516.189: [GC (Allocation Failure) [PSYoungGen: 237760K->288K(238080K)] 531811K->294387K(716288K), 0.0049179 secs] [Times: user=0.01 sys=0.00, real=0.00 secs] 
2024-07-05T01:30:07.667+0800: 2516.378: [GC (Allocation Failure) [PSYoungGen: 237856K->192K(238080K)] 531955K->294451K(716288K), 0.0050808 secs] [Times: user=0.00 sys=0.00, real=0.00 secs] 
2024-07-05T01:30:07.846+0800: 2516.557: [GC (Allocation Failure) [PSYoungGen: 237760K->240K(238080K)] 532019K->294539K(716288K), 0.0028055 secs] [Times: user=0.00 sys=0.00, real=0.00 secs] 
2024-07-05T01:30:08.022+0800: 2516.733: [GC (Allocation Failure) [PSYoungGen: 237808K->192K(238080K)] 532107K->294639K(716288K), 0.0048500 secs] [Times: user=0.01 sys=0.00, real=0.01 secs] 
2024-07-05T01:30:08.204+0800: 2516.914: [GC (Allocation Failure) [PSYoungGen: 237760K->192K(238080K)] 532207K->294711K(716288K), 0.0029206 secs] [Times: user=0.00 sys=0.00, real=0.01 secs] 
2024-07-05T01:30:08.386+0800: 2517.097: [GC (Allocation Failure) [PSYoungGen: 237760K->272K(238080K)] 532279K->294831K(716288K), 0.0046197 secs] [Times: user=0.01 sys=0.00, real=0.00 secs] 
2024-07-05T01:30:08.570+0800: 2517.281: [GC (Allocation Failure) [PSYoungGen: 237840K->160K(238080K)] 532399K->294871K(716288K), 0.0051920 secs] [Times: user=0.01 sys=0.00, real=0.01 secs] 
2024-07-05T01:30:08.750+0800: 2517.461: [GC (Allocation Failure) [PSYoungGen: 237728K->192K(238080K)] 532439K->294975K(716288K), 0.0028481 secs] [Times: user=0.00 sys=0.00, real=0.00 secs] 
2024-07-05T01:30:08.931+0800: 2517.642: [GC (Allocation Failure) [PSYoungGen: 237760K->304K(238080K)] 532543K->295135K(716288K), 0.0029169 secs] [Times: user=0.01 sys=0.00, real=0.01 secs] 
2024-07-05T01:30:09.110+0800: 2517.821: [GC (Allocation Failure) [PSYoungGen: 237872K->192K(238080K)] 532703K->295179K(716288K), 0.0029940 secs] [Times: user=0.00 sys=0.00, real=0.00 secs] 
2024-07-05T01:30:09.310+0800: 2518.021: [GC (Allocation Failure) [PSYoungGen: 237760K->368K(238080K)] 532747K->295395K(716288K), 0.0047309 secs] [Times: user=0.00 sys=0.00, real=0.01 secs] 
2024-07-05T01:30:09.486+0800: 2518.197: [GC (Allocation Failure) [PSYoungGen: 237936K->192K(238080K)] 532963K->295467K(716288K), 0.0044304 secs] [Times: user=0.01 sys=0.00, real=0.00 secs] 
2024-07-05T01:30:09.680+0800: 2518.391: [GC (Allocation Failure) [PSYoungGen: 237760K->192K(238080K)] 533035K->295539K(716288K), 0.0055994 secs] [Times: user=0.01 sys=0.00, real=0.01 secs] 
2024-07-05T01:30:09.866+0800: 2518.577: [GC (Allocation Failure) [PSYoungGen: 237760K->272K(238080K)] 533107K->295667K(716288K), 0.0028954 secs] [Times: user=0.01 sys=0.00, real=0.00 secs] 
2024-07-05T01:30:10.046+0800: 2518.757: [GC (Allocation Failure) [PSYoungGen: 237840K->192K(238080K)] 533235K->295739K(716288K), 0.0039240 secs] [Times: user=0.00 sys=0.00, real=0.00 secs] 
2024-07-05T01:30:10.230+0800: 2518.941: [GC (Allocation Failure) [PSYoungGen: 237760K->192K(238080K)] 533307K->295811K(716288K), 0.0028719 secs] [Times: user=0.01 sys=0.00, real=0.00 secs] 
2024-07-05T01:30:10.410+0800: 2519.121: [GC (Allocation Failure) [PSYoungGen: 237760K->272K(238080K)] 533379K->295939K(716288K), 0.0029504 secs] [Times: user=0.00 sys=0.00, real=0.00 secs] 
2024-07-05T01:30:10.585+0800: 2519.296: [GC (Allocation Failure) [PSYoungGen: 237840K->192K(238080K)] 533507K->296019K(716288K), 0.0028756 secs] [Times: user=0.01 sys=0.00, real=0.01 secs] 
2024-07-05T01:30:10.767+0800: 2519.477: [GC (Allocation Failure) [PSYoungGen: 237760K->240K(238080K)] 533587K->296115K(716288K), 0.0027461 secs] [Times: user=0.01 sys=0.00, real=0.00 secs] 
2024-07-05T01:30:10.938+0800: 2519.649: [GC (Allocation Failure) [PSYoungGen: 237808K->192K(238080K)] 533683K->296211K(716288K), 0.0027831 secs] [Times: user=0.00 sys=0.00, real=0.00 secs] 
2024-07-05T01:30:11.119+0800: 2519.830: [GC (Allocation Failure) [PSYoungGen: 237760K->192K(238080K)] 533779K->296283K(716288K), 0.0027680 secs] [Times: user=0.01 sys=0.00, real=0.00 secs] 
2024-07-05T01:30:11.298+0800: 2520.009: [GC (Allocation Failure) [PSYoungGen: 237760K->272K(238080K)] 533851K->296403K(716288K), 0.0061699 secs] [Times: user=0.01 sys=0.00, real=0.00 secs] 
2024-07-05T01:30:11.482+0800: 2520.193: [GC (Allocation Failure) [PSYoungGen: 237840K->192K(238080K)] 533971K->296471K(716288K), 0.0049867 secs] [Times: user=0.01 sys=0.00, real=0.01 secs] 
2024-07-05T01:30:11.662+0800: 2520.373: [GC (Allocation Failure) [PSYoungGen: 237760K->160K(238080K)] 534039K->296511K(716288K), 0.0053124 secs] [Times: user=0.01 sys=0.00, real=0.01 secs] 
2024-07-05T01:30:11.842+0800: 2520.553: [GC (Allocation Failure) [PSYoungGen: 237728K->256K(238080K)] 534079K->296647K(716288K), 0.0050726 secs] [Times: user=0.01 sys=0.00, real=0.01 secs] 
2024-07-05T01:30:12.023+0800: 2520.733: [GC (Allocation Failure) [PSYoungGen: 237824K->192K(238080K)] 534215K->296743K(716288K), 0.0051794 secs] [Times: user=0.01 sys=0.00, real=0.01 secs] 
2024-07-05T01:30:12.206+0800: 2520.917: [GC (Allocation Failure) [PSYoungGen: 237760K->256K(238080K)] 534311K->296847K(716288K), 0.0053783 secs] [Times: user=0.00 sys=0.00, real=0.00 secs] 
2024-07-05T01:30:12.389+0800: 2521.100: [GC (Allocation Failure) [PSYoungGen: 237824K->160K(238080K)] 534415K->296895K(716288K), 0.0028151 secs] [Times: user=0.00 sys=0.00, real=0.00 secs] 
2024-07-05T01:30:12.564+0800: 2521.275: [GC (Allocation Failure) [PSYoungGen: 237728K->192K(238080K)] 534463K->297007K(716288K), 0.0037776 secs] [Times: user=0.01 sys=0.00, real=0.01 secs] 
2024-07-05T01:30:12.741+0800: 2521.452: [GC (Allocation Failure) [PSYoungGen: 237760K->256K(238080K)] 534575K->297111K(716288K), 0.0028430 secs] [Times: user=0.00 sys=0.00, real=0.00 secs] 
2024-07-05T01:30:12.919+0800: 2521.629: [GC (Allocation Failure) [PSYoungGen: 237824K->192K(238080K)] 534679K->297200K(716288K), 0.0048790 secs] [Times: user=0.00 sys=0.00, real=0.00 secs] 
2024-07-05T01:30:13.102+0800: 2521.813: [GC (Allocation Failure) [PSYoungGen: 237760K->192K(238080K)] 534768K->297280K(716288K), 0.0049759 secs] [Times: user=0.01 sys=0.00, real=0.01 secs] 
2024-07-05T01:30:13.282+0800: 2521.993: [GC (Allocation Failure) [PSYoungGen: 237760K->288K(238080K)] 534848K->297416K(716288K), 0.0028789 secs] [Times: user=0.00 sys=0.00, real=0.00 secs] 
2024-07-05T01:30:13.460+0800: 2522.170: [GC (Allocation Failure) [PSYoungGen: 237856K->160K(238080K)] 534984K->297444K(716288K), 0.0051409 secs] [Times: user=0.01 sys=0.00, real=0.00 secs] 
2024-07-05T01:30:13.639+0800: 2522.349: [GC (Allocation Failure) [PSYoungGen: 237728K->240K(238080K)] 535012K->297564K(716288K), 0.0028455 secs] [Times: user=0.00 sys=0.00, real=0.00 secs] 
2024-07-05T01:30:13.811+0800: 2522.522: [GC (Allocation Failure) [PSYoungGen: 237808K->160K(238080K)] 535132K->297624K(716288K), 0.0029146 secs] [Times: user=0.00 sys=0.00, real=0.01 secs] 
2024-07-05T01:30:13.990+0800: 2522.700: [GC (Allocation Failure) [PSYoungGen: 237728K->192K(238080K)] 535192K->297728K(716288K), 0.0042285 secs] [Times: user=0.01 sys=0.00, real=0.01 secs] 
2024-07-05T01:30:14.171+0800: 2522.882: [GC (Allocation Failure) [PSYoungGen: 237760K->240K(238080K)] 535296K->297816K(716288K), 0.0041497 secs] [Times: user=0.00 sys=0.00, real=0.01 secs] 
2024-07-05T01:30:14.349+0800: 2523.060: [GC (Allocation Failure) [PSYoungGen: 237808K->160K(238080K)] 535384K->297884K(716288K), 0.0033011 secs] [Times: user=0.00 sys=0.00, real=0.00 secs] 
2024-07-05T01:30:14.530+0800: 2523.241: [GC (Allocation Failure) [PSYoungGen: 237728K->192K(238080K)] 535452K->297996K(716288K), 0.0051374 secs] [Times: user=0.01 sys=0.00, real=0.01 secs] 
2024-07-05T01:30:14.714+0800: 2523.425: [GC (Allocation Failure) [PSYoungGen: 237760K->288K(238080K)] 535564K->298132K(716288K), 0.0063901 secs] [Times: user=0.01 sys=0.00, real=0.00 secs] 
2024-07-05T01:30:14.899+0800: 2523.610: [GC (Allocation Failure) [PSYoungGen: 237856K->192K(238080K)] 535700K->298192K(716288K), 0.0044654 secs] [Times: user=0.00 sys=0.00, real=0.00 secs] 
2024-07-05T01:30:15.079+0800: 2523.789: [GC (Allocation Failure) [PSYoungGen: 237760K->192K(238080K)] 535760K->298264K(716288K), 0.0043300 secs] [Times: user=0.01 sys=0.00, real=0.00 secs] 
2024-07-05T01:30:15.258+0800: 2523.969: [GC (Allocation Failure) [PSYoungGen: 237760K->288K(238080K)] 535832K->298408K(716288K), 0.0048991 secs] [Times: user=0.01 sys=0.00, real=0.00 secs] 
2024-07-05T01:30:15.441+0800: 2524.152: [GC (Allocation Failure) [PSYoungGen: 237856K->160K(238080K)] 535976K->298440K(716288K), 0.0031941 secs] [Times: user=0.01 sys=0.00, real=0.00 secs] 
2024-07-05T01:30:15.624+0800: 2524.334: [GC (Allocation Failure) [PSYoungGen: 237728K->272K(238080K)] 536008K->298592K(716288K), 0.0042656 secs] [Times: user=0.00 sys=0.00, real=0.01 secs] 
2024-07-05T01:30:15.807+0800: 2524.518: [GC (Allocation Failure) [PSYoungGen: 237840K->192K(238080K)] 536160K->298660K(716288K), 0.0030520 secs] [Times: user=0.01 sys=0.00, real=0.00 secs] 
2024-07-05T01:30:15.990+0800: 2524.700: [GC (Allocation Failure) [PSYoungGen: 237760K->192K(238080K)] 536228K->298732K(716288K), 0.0030047 secs] [Times: user=0.00 sys=0.01, real=0.00 secs] 
2024-07-05T01:30:16.169+0800: 2524.880: [GC (Allocation Failure) [PSYoungGen: 237760K->256K(238080K)] 536300K->298844K(716288K), 0.0033323 secs] [Times: user=0.01 sys=0.00, real=0.00 secs] 
2024-07-05T01:30:16.346+0800: 2525.057: [GC (Allocation Failure) [PSYoungGen: 237824K->192K(238080K)] 536412K->298952K(716288K), 0.0059808 secs] [Times: user=0.00 sys=0.00, real=0.00 secs] 
2024-07-05T01:30:16.539+0800: 2525.249: [GC (Allocation Failure) [PSYoungGen: 237760K->192K(238080K)] 536520K->299024K(716288K), 0.0043399 secs] [Times: user=0.01 sys=0.00, real=0.00 secs] 
2024-07-05T01:30:16.718+0800: 2525.429: [GC (Allocation Failure) [PSYoungGen: 237760K->256K(238080K)] 536592K->299136K(716288K), 0.0051216 secs] [Times: user=0.00 sys=0.00, real=0.00 secs] 
2024-07-05T01:30:16.899+0800: 2525.609: [GC (Allocation Failure) [PSYoungGen: 237824K->192K(238080K)] 536704K->299240K(716288K), 0.0029399 secs] [Times: user=0.00 sys=0.00, real=0.00 secs] 
2024-07-05T01:30:17.076+0800: 2525.787: [GC (Allocation Failure) [PSYoungGen: 237760K->272K(238080K)] 536808K->299368K(716288K), 0.0036376 secs] [Times: user=0.01 sys=0.00, real=0.00 secs] 
2024-07-05T01:30:17.253+0800: 2525.963: [GC (Allocation Failure) [PSYoungGen: 237840K->160K(238080K)] 536936K->299404K(716288K), 0.0050891 secs] [Times: user=0.00 sys=0.00, real=0.01 secs] 
2024-07-05T01:30:17.433+0800: 2526.144: [GC (Allocation Failure) [PSYoungGen: 237728K->192K(238080K)] 536972K->299508K(716288K), 0.0050588 secs] [Times: user=0.01 sys=0.00, real=0.01 secs] 
2024-07-05T01:30:17.614+0800: 2526.325: [GC (Allocation Failure) [PSYoungGen: 237760K->272K(238080K)] 537076K->299636K(716288K), 0.0050239 secs] [Times: user=0.00 sys=0.00, real=0.00 secs] 
2024-07-05T01:30:17.793+0800: 2526.503: [GC (Allocation Failure) [PSYoungGen: 237840K->192K(238080K)] 537204K->299708K(716288K), 0.0033728 secs] [Times: user=0.01 sys=0.00, real=0.01 secs] 
2024-07-05T01:30:17.970+0800: 2526.681: [GC (Allocation Failure) [PSYoungGen: 237760K->160K(238080K)] 537276K->299748K(716288K), 0.0049012 secs] [Times: user=0.01 sys=0.00, real=0.01 secs] 
2024-07-05T01:30:18.153+0800: 2526.864: [GC (Allocation Failure) [PSYoungGen: 237728K->272K(238080K)] 537316K->299908K(716288K), 0.0050566 secs] [Times: user=0.01 sys=0.00, real=0.01 secs] 
2024-07-05T01:30:18.346+0800: 2527.056: [GC (Allocation Failure) [PSYoungGen: 237840K->192K(238080K)] 537476K->299992K(716288K), 0.0049307 secs] [Times: user=0.01 sys=0.00, real=0.01 secs] 
2024-07-05T01:30:18.528+0800: 2527.239: [GC (Allocation Failure) [PSYoungGen: 237760K->256K(238080K)] 537560K->300104K(716288K), 0.0050944 secs] [Times: user=0.00 sys=0.00, real=0.00 secs] 
2024-07-05T01:30:18.714+0800: 2527.425: [GC (Allocation Failure) [PSYoungGen: 237824K->192K(238080K)] 537672K->300188K(716288K), 0.0044934 secs] [Times: user=0.00 sys=0.00, real=0.00 secs] 
2024-07-05T01:30:18.896+0800: 2527.606: [GC (Allocation Failure) [PSYoungGen: 237760K->192K(238080K)] 537756K->300260K(716288K), 0.0042997 secs] [Times: user=0.00 sys=0.00, real=0.00 secs] 
2024-07-05T01:30:19.074+0800: 2527.785: [GC (Allocation Failure) [PSYoungGen: 237760K->288K(238080K)] 537828K->300396K(716288K), 0.0053550 secs] [Times: user=0.01 sys=0.00, real=0.00 secs] 
2024-07-05T01:30:19.258+0800: 2527.969: [GC (Allocation Failure) [PSYoungGen: 237856K->192K(238080K)] 537964K->300461K(716288K), 0.0029717 secs] [Times: user=0.01 sys=0.00, real=0.00 secs] 
2024-07-05T01:30:19.436+0800: 2528.146: [GC (Allocation Failure) [PSYoungGen: 237760K->192K(238080K)] 538029K->300533K(716288K), 0.0041445 secs] [Times: user=0.00 sys=0.00, real=0.00 secs] 
2024-07-05T01:30:19.613+0800: 2528.323: [GC (Allocation Failure) [PSYoungGen: 237760K->288K(238080K)] 538101K->300677K(716288K), 0.0035052 secs] [Times: user=0.00 sys=0.00, real=0.01 secs] 
2024-07-05T01:30:19.810+0800: 2528.520: [GC (Allocation Failure) [PSYoungGen: 237856K->192K(238080K)] 538245K->300741K(716288K), 0.0050326 secs] [Times: user=0.00 sys=0.00, real=0.01 secs] 
2024-07-05T01:30:20.012+0800: 2528.722: [GC (Allocation Failure) [PSYoungGen: 237760K->384K(238080K)] 538309K->300973K(716288K), 0.0039595 secs] [Times: user=0.00 sys=0.00, real=0.01 secs] 
2024-07-05T01:30:20.188+0800: 2528.898: [GC (Allocation Failure) [PSYoungGen: 237952K->192K(238080K)] 538541K->301025K(716288K), 0.0029261 secs] [Times: user=0.00 sys=0.00, real=0.00 secs] 
2024-07-05T01:30:20.364+0800: 2529.074: [GC (Allocation Failure) [PSYoungGen: 237760K->192K(238080K)] 538593K->301097K(716288K), 0.0029017 secs] [Times: user=0.01 sys=0.00, real=0.01 secs] 
2024-07-05T01:30:20.545+0800: 2529.255: [GC (Allocation Failure) [PSYoungGen: 237760K->256K(238080K)] 538665K->301209K(716288K), 0.0032550 secs] [Times: user=0.01 sys=0.00, real=0.01 secs] 
2024-07-05T01:30:20.724+0800: 2529.435: [GC (Allocation Failure) [PSYoungGen: 237824K->160K(238080K)] 538777K->301273K(716288K), 0.0051949 secs] [Times: user=0.01 sys=0.00, real=0.01 secs] 
2024-07-05T01:30:20.910+0800: 2529.621: [GC (Allocation Failure) [PSYoungGen: 237728K->192K(238080K)] 538841K->301385K(716288K), 0.0049281 secs] [Times: user=0.01 sys=0.00, real=0.01 secs] 
2024-07-05T01:30:21.087+0800: 2529.798: [GC (Allocation Failure) [PSYoungGen: 237760K->288K(238080K)] 538953K->301529K(716288K), 0.0042829 secs] [Times: user=0.01 sys=0.00, real=0.00 secs] 
2024-07-05T01:30:21.263+0800: 2529.973: [GC (Allocation Failure) [PSYoungGen: 237856K->192K(238080K)] 539097K->301593K(716288K), 0.0062450 secs] [Times: user=0.01 sys=0.00, real=0.01 secs] 
2024-07-05T01:30:21.445+0800: 2530.155: [GC (Allocation Failure) [PSYoungGen: 237760K->256K(238080K)] 539161K->301697K(716288K), 0.0034389 secs] [Times: user=0.01 sys=0.00, real=0.01 secs] 
2024-07-05T01:30:21.622+0800: 2530.333: [GC (Allocation Failure) [PSYoungGen: 237824K->192K(238080K)] 539265K->301785K(716288K), 0.0056104 secs] [Times: user=0.01 sys=0.00, real=0.01 secs] 
2024-07-05T01:30:21.806+0800: 2530.517: [GC (Allocation Failure) [PSYoungGen: 237760K->192K(238080K)] 539353K->301857K(716288K), 0.0030953 secs] [Times: user=0.01 sys=0.00, real=0.00 secs] 
2024-07-05T01:30:21.990+0800: 2530.701: [GC (Allocation Failure) [PSYoungGen: 237760K->256K(238080K)] 539425K->301961K(716288K), 0.0029231 secs] [Times: user=0.00 sys=0.00, real=0.00 secs] 
2024-07-05T01:30:22.170+0800: 2530.881: [GC (Allocation Failure) [PSYoungGen: 237824K->160K(238080K)] 539529K->302013K(716288K), 0.0029334 secs] [Times: user=0.00 sys=0.00, real=0.00 secs] 
2024-07-05T01:30:22.350+0800: 2531.061: [GC (Allocation Failure) [PSYoungGen: 237728K->192K(238080K)] 539581K->302117K(716288K), 0.0030206 secs] [Times: user=0.01 sys=0.00, real=0.00 secs] 
2024-07-05T01:30:22.529+0800: 2531.240: [GC (Allocation Failure) [PSYoungGen: 237760K->272K(238080K)] 539685K->302245K(716288K), 0.0033084 secs] [Times: user=0.00 sys=0.00, real=0.00 secs] 
2024-07-05T01:30:22.714+0800: 2531.424: [GC (Allocation Failure) [PSYoungGen: 237840K->192K(238080K)] 539813K->302321K(716288K), 0.0028946 secs] [Times: user=0.00 sys=0.00, real=0.00 secs] 
2024-07-05T01:30:22.894+0800: 2531.605: [GC (Allocation Failure) [PSYoungGen: 237760K->240K(238080K)] 539889K->302409K(716288K), 0.0049760 secs] [Times: user=0.01 sys=0.00, real=0.00 secs] 
2024-07-05T01:30:23.074+0800: 2531.785: [GC (Allocation Failure) [PSYoungGen: 237808K->160K(238080K)] 539977K->302473K(716288K), 0.0051053 secs] [Times: user=0.01 sys=0.00, real=0.00 secs] 
2024-07-05T01:30:23.255+0800: 2531.966: [GC (Allocation Failure) [PSYoungGen: 237728K->192K(238080K)] 540041K->302577K(716288K), 0.0041036 secs] [Times: user=0.00 sys=0.00, real=0.00 secs] 
2024-07-05T01:30:23.432+0800: 2532.143: [GC (Allocation Failure) [PSYoungGen: 237760K->288K(238080K)] 540145K->302721K(716288K), 0.0029801 secs] [Times: user=0.00 sys=0.00, real=0.01 secs] 
2024-07-05T01:30:23.610+0800: 2532.321: [GC (Allocation Failure) [PSYoungGen: 237856K->160K(238080K)] 540289K->302741K(716288K), 0.0039507 secs] [Times: user=0.00 sys=0.00, real=0.01 secs] 
2024-07-05T01:30:23.791+0800: 2532.502: [GC (Allocation Failure) [PSYoungGen: 237728K->192K(238080K)] 540309K->302845K(716288K), 0.0041985 secs] [Times: user=0.01 sys=0.00, real=0.01 secs] 
2024-07-05T01:30:23.970+0800: 2532.681: [GC (Allocation Failure) [PSYoungGen: 237760K->288K(238080K)] 540413K->302981K(716288K), 0.0048741 secs] [Times: user=0.00 sys=0.00, real=0.01 secs] 
2024-07-05T01:30:24.151+0800: 2532.861: [GC (Allocation Failure) [PSYoungGen: 237856K->192K(238080K)] 540549K->303049K(716288K), 0.0043269 secs] [Times: user=0.01 sys=0.00, real=0.01 secs] 
2024-07-05T01:30:24.354+0800: 2533.065: [GC (Allocation Failure) [PSYoungGen: 237760K->288K(238080K)] 540617K->303185K(716288K), 0.0045833 secs] [Times: user=0.00 sys=0.00, real=0.00 secs] 
2024-07-05T01:30:24.562+0800: 2533.273: [GC (Allocation Failure) [PSYoungGen: 237856K->160K(238080K)] 540753K->303198K(716288K), 0.0053326 secs] [Times: user=0.00 sys=0.00, real=0.01 secs] 
2024-07-05T01:30:24.777+0800: 2533.487: [GC (Allocation Failure) [PSYoungGen: 237728K->192K(238080K)] 540766K->303302K(716288K), 0.0035581 secs] [Times: user=0.01 sys=0.00, real=0.00 secs] 
2024-07-05T01:30:24.981+0800: 2533.692: [GC (Allocation Failure) [PSYoungGen: 237760K->288K(238080K)] 540870K->303438K(716288K), 0.0036340 secs] [Times: user=0.01 sys=0.00, real=0.00 secs] 
2024-07-05T01:30:25.174+0800: 2533.885: [GC (Allocation Failure) [PSYoungGen: 237856K->192K(238080K)] 541006K->303498K(716288K), 0.0050791 secs] [Times: user=0.01 sys=0.00, real=0.00 secs] 
2024-07-05T01:30:25.365+0800: 2534.076: [GC (Allocation Failure) [PSYoungGen: 237760K->208K(238080K)] 541066K->303570K(716288K), 0.0033247 secs] [Times: user=0.01 sys=0.00, real=0.01 secs] 
2024-07-05T01:30:25.546+0800: 2534.257: [GC (Allocation Failure) [PSYoungGen: 237776K->240K(238080K)] 541138K->303694K(716288K), 0.0034893 secs] [Times: user=0.01 sys=0.00, real=0.00 secs] 
2024-07-05T01:30:25.739+0800: 2534.449: [GC (Allocation Failure) [PSYoungGen: 237808K->192K(238080K)] 541262K->303758K(716288K), 0.0035950 secs] [Times: user=0.01 sys=0.00, real=0.00 secs] 
2024-07-05T01:30:25.920+0800: 2534.630: [GC (Allocation Failure) [PSYoungGen: 237760K->208K(238080K)] 541326K->303830K(716288K), 0.0056753 secs] [Times: user=0.01 sys=0.00, real=0.00 secs] 
2024-07-05T01:30:26.096+0800: 2534.807: [GC (Allocation Failure) [PSYoungGen: 237776K->256K(238080K)] 541398K->303978K(716288K), 0.0037366 secs] [Times: user=0.00 sys=0.00, real=0.00 secs] 
2024-07-05T01:30:26.280+0800: 2534.991: [GC (Allocation Failure) [PSYoungGen: 237824K->192K(238080K)] 541546K->304030K(716288K), 0.0031994 secs] [Times: user=0.01 sys=0.00, real=0.00 secs] 
2024-07-05T01:30:26.465+0800: 2535.175: [GC (Allocation Failure) [PSYoungGen: 237760K->288K(238080K)] 541598K->304166K(716288K), 0.0032198 secs] [Times: user=0.01 sys=0.00, real=0.01 secs] 
2024-07-05T01:30:26.642+0800: 2535.353: [GC (Allocation Failure) [PSYoungGen: 237856K->192K(238080K)] 541734K->304222K(716288K), 0.0031270 secs] [Times: user=0.00 sys=0.00, real=0.00 secs] 
2024-07-05T01:30:26.818+0800: 2535.528: [GC (Allocation Failure) [PSYoungGen: 237760K->192K(238080K)] 541790K->304286K(716288K), 0.0055967 secs] [Times: user=0.01 sys=0.00, real=0.00 secs] 
2024-07-05T01:30:26.995+0800: 2535.705: [GC (Allocation Failure) [PSYoungGen: 237760K->256K(238080K)] 541854K->304442K(716288K), 0.0031752 secs] [Times: user=0.01 sys=0.00, real=0.00 secs] 
2024-07-05T01:30:27.168+0800: 2535.878: [GC (Allocation Failure) [PSYoungGen: 237824K->192K(238080K)] 542010K->304490K(716288K), 0.0044632 secs] [Times: user=0.01 sys=0.00, real=0.00 secs] 
2024-07-05T01:30:27.348+0800: 2536.059: [GC (Allocation Failure) [PSYoungGen: 237760K->240K(238080K)] 542058K->304602K(716288K), 0.0038217 secs] [Times: user=0.00 sys=0.00, real=0.00 secs] 
2024-07-05T01:30:27.524+0800: 2536.234: [GC (Allocation Failure) [PSYoungGen: 237808K->208K(238080K)] 542170K->304670K(716288K), 0.0031352 secs] [Times: user=0.01 sys=0.00, real=0.01 secs] 
2024-07-05T01:30:27.698+0800: 2536.409: [GC (Allocation Failure) [PSYoungGen: 237776K->192K(238080K)] 542238K->304766K(716288K), 0.0046334 secs] [Times: user=0.01 sys=0.00, real=0.00 secs] 
2024-07-05T01:30:27.874+0800: 2536.585: [GC (Allocation Failure) [PSYoungGen: 237760K->256K(238080K)] 542334K->304894K(716288K), 0.0039140 secs] [Times: user=0.01 sys=0.00, real=0.00 secs] 
2024-07-05T01:30:28.050+0800: 2536.761: [GC (Allocation Failure) [PSYoungGen: 237824K->256K(238080K)] 542462K->304990K(716288K), 0.0054491 secs] [Times: user=0.00 sys=0.00, real=0.01 secs] 
2024-07-05T01:30:28.226+0800: 2536.937: [GC (Allocation Failure) [PSYoungGen: 237824K->208K(238080K)] 542558K->305046K(716288K), 0.0051845 secs] [Times: user=0.01 sys=0.00, real=0.00 secs] 
2024-07-05T01:30:28.400+0800: 2537.111: [GC (Allocation Failure) [PSYoungGen: 237776K->208K(238080K)] 542614K->305138K(716288K), 0.0031984 secs] [Times: user=0.00 sys=0.00, real=0.00 secs] 
2024-07-05T01:30:28.576+0800: 2537.287: [GC (Allocation Failure) [PSYoungGen: 237776K->160K(238080K)] 542706K->305202K(716288K), 0.0030911 secs] [Times: user=0.01 sys=0.00, real=0.00 secs] 
2024-07-05T01:30:28.754+0800: 2537.465: [GC (Allocation Failure) [PSYoungGen: 237728K->224K(238080K)] 542770K->305322K(716288K), 0.0047596 secs] [Times: user=0.01 sys=0.00, real=0.00 secs] 
2024-07-05T01:30:28.930+0800: 2537.641: [GC (Allocation Failure) [PSYoungGen: 237792K->224K(238080K)] 542890K->305418K(716288K), 0.0046570 secs] [Times: user=0.01 sys=0.00, real=0.01 secs] 
2024-07-05T01:30:29.104+0800: 2537.815: [GC (Allocation Failure) [PSYoungGen: 237792K->192K(238080K)] 542986K->305498K(716288K), 0.0031061 secs] [Times: user=0.00 sys=0.00, real=0.01 secs] 
2024-07-05T01:30:29.281+0800: 2537.991: [GC (Allocation Failure) [PSYoungGen: 237760K->256K(238080K)] 543066K->305626K(716288K), 0.0030748 secs] [Times: user=0.00 sys=0.00, real=0.00 secs] 
2024-07-05T01:30:29.454+0800: 2538.165: [GC (Allocation Failure) [PSYoungGen: 237824K->240K(238080K)] 543194K->305714K(716288K), 0.0054688 secs] [Times: user=0.00 sys=0.00, real=0.00 secs] 
2024-07-05T01:30:29.636+0800: 2538.347: [GC (Allocation Failure) [PSYoungGen: 237808K->208K(238080K)] 543282K->305782K(716288K), 0.0037469 secs] [Times: user=0.01 sys=0.00, real=0.00 secs] 
2024-07-05T01:30:29.814+0800: 2538.525: [GC (Allocation Failure) [PSYoungGen: 237776K->224K(238080K)] 543350K->305890K(716288K), 0.0056924 secs] [Times: user=0.01 sys=0.00, real=0.00 secs] 
2024-07-05T01:30:30.014+0800: 2538.725: [GC (Allocation Failure) [PSYoungGen: 237792K->192K(238080K)] 543458K->305970K(716288K), 0.0046354 secs] [Times: user=0.01 sys=0.00, real=0.00 secs] 
2024-07-05T01:30:30.194+0800: 2538.904: [GC (Allocation Failure) [PSYoungGen: 237760K->208K(238080K)] 543538K->306050K(716288K), 0.0055714 secs] [Times: user=0.01 sys=0.00, real=0.00 secs] 
2024-07-05T01:30:30.386+0800: 2539.097: [GC (Allocation Failure) [PSYoungGen: 237776K->224K(238080K)] 543618K->306162K(716288K), 0.0062929 secs] [Times: user=0.00 sys=0.00, real=0.00 secs] 
2024-07-05T01:30:30.565+0800: 2539.276: [GC (Allocation Failure) [PSYoungGen: 237792K->192K(238080K)] 543730K->306242K(716288K), 0.0045053 secs] [Times: user=0.00 sys=0.00, real=0.01 secs] 
2024-07-05T01:30:30.762+0800: 2539.473: [GC (Allocation Failure) [PSYoungGen: 237760K->384K(238080K)] 543810K->306475K(716288K), 0.0048139 secs] [Times: user=0.01 sys=0.00, real=0.01 secs] 
2024-07-05T01:30:30.940+0800: 2539.651: [GC (Allocation Failure) [PSYoungGen: 237952K->192K(238080K)] 544043K->306531K(716288K), 0.0030828 secs] [Times: user=0.00 sys=0.00, real=0.00 secs] 
2024-07-05T01:30:31.121+0800: 2539.832: [GC (Allocation Failure) [PSYoungGen: 237760K->192K(238080K)] 544099K->306611K(716288K), 0.0030606 secs] [Times: user=0.01 sys=0.00, real=0.00 secs] 
2024-07-05T01:30:31.298+0800: 2540.008: [GC (Allocation Failure) [PSYoungGen: 237760K->272K(238080K)] 544179K->306731K(716288K), 0.0066176 secs] [Times: user=0.01 sys=0.01, real=0.00 secs] 
2024-07-05T01:30:31.482+0800: 2540.193: [GC (Allocation Failure) [PSYoungGen: 237840K->192K(238080K)] 544299K->306807K(716288K), 0.0052106 secs] [Times: user=0.00 sys=0.00, real=0.01 secs] 
2024-07-05T01:30:31.663+0800: 2540.374: [GC (Allocation Failure) [PSYoungGen: 237760K->224K(238080K)] 544375K->306895K(716288K), 0.0044500 secs] [Times: user=0.00 sys=0.00, real=0.01 secs] 
2024-07-05T01:30:31.844+0800: 2540.554: [GC (Allocation Failure) [PSYoungGen: 237792K->240K(238080K)] 544463K->307003K(716288K), 0.0030082 secs] [Times: user=0.01 sys=0.00, real=0.01 secs] 
2024-07-05T01:30:32.020+0800: 2540.730: [GC (Allocation Failure) [PSYoungGen: 237808K->192K(238080K)] 544571K->307067K(716288K), 0.0055252 secs] [Times: user=0.00 sys=0.00, real=0.00 secs] 
2024-07-05T01:30:32.201+0800: 2540.912: [GC (Allocation Failure) [PSYoungGen: 237760K->208K(238080K)] 544635K->307139K(716288K), 0.0034501 secs] [Times: user=0.01 sys=0.00, real=0.00 secs] 
2024-07-05T01:30:32.375+0800: 2541.085: [GC (Allocation Failure) [PSYoungGen: 237776K->224K(238080K)] 544707K->307251K(716288K), 0.0032073 secs] [Times: user=0.01 sys=0.00, real=0.00 secs] 
2024-07-05T01:30:32.547+0800: 2541.258: [GC (Allocation Failure) [PSYoungGen: 237792K->192K(238080K)] 544819K->307339K(716288K), 0.0031679 secs] [Times: user=0.00 sys=0.00, real=0.00 secs] 
2024-07-05T01:30:32.726+0800: 2541.437: [GC (Allocation Failure) [PSYoungGen: 237760K->288K(238080K)] 544907K->307475K(716288K), 0.0046951 secs] [Times: user=0.00 sys=0.00, real=0.00 secs] 
2024-07-05T01:30:32.903+0800: 2541.614: [GC (Allocation Failure) [PSYoungGen: 237856K->160K(238080K)] 545043K->307507K(716288K), 0.0030701 secs] [Times: user=0.01 sys=0.00, real=0.01 secs] 
2024-07-05T01:30:33.082+0800: 2541.793: [GC (Allocation Failure) [PSYoungGen: 237728K->256K(238080K)] 545075K->307659K(716288K), 0.0029492 secs] [Times: user=0.01 sys=0.00, real=0.00 secs] 
2024-07-05T01:30:33.257+0800: 2541.968: [GC (Allocation Failure) [PSYoungGen: 237824K->208K(238080K)] 545227K->307707K(716288K), 0.0033852 secs] [Times: user=0.01 sys=0.00, real=0.00 secs] 
2024-07-05T01:30:33.434+0800: 2542.144: [GC (Allocation Failure) [PSYoungGen: 237776K->192K(238080K)] 545275K->307811K(716288K), 0.0030397 secs] [Times: user=0.01 sys=0.00, real=0.00 secs] 
2024-07-05T01:30:33.613+0800: 2542.323: [GC (Allocation Failure) [PSYoungGen: 237760K->208K(238080K)] 545379K->307883K(716288K), 0.0034301 secs] [Times: user=0.01 sys=0.00, real=0.01 secs] 
2024-07-05T01:30:33.790+0800: 2542.501: [GC (Allocation Failure) [PSYoungGen: 237776K->224K(238080K)] 545451K->307995K(716288K), 0.0031864 secs] [Times: user=0.01 sys=0.00, real=0.00 secs] 
2024-07-05T01:30:33.965+0800: 2542.676: [GC (Allocation Failure) [PSYoungGen: 237792K->192K(238080K)] 545563K->308083K(716288K), 0.0030856 secs] [Times: user=0.01 sys=0.00, real=0.01 secs] 
2024-07-05T01:30:34.142+0800: 2542.853: [GC (Allocation Failure) [PSYoungGen: 237760K->288K(238080K)] 545651K->308219K(716288K), 0.0060949 secs] [Times: user=0.01 sys=0.00, real=0.01 secs] 
2024-07-05T01:30:34.328+0800: 2543.038: [GC (Allocation Failure) [PSYoungGen: 237856K->160K(238080K)] 545787K->308247K(716288K), 0.0050802 secs] [Times: user=0.01 sys=0.00, real=0.00 secs] 
2024-07-05T01:30:34.512+0800: 2543.222: [GC (Allocation Failure) [PSYoungGen: 237728K->256K(238080K)] 545815K->308399K(716288K), 0.0030965 secs] [Times: user=0.00 sys=0.00, real=0.01 secs] 
2024-07-05T01:30:34.690+0800: 2543.401: [GC (Allocation Failure) [PSYoungGen: 237824K->240K(238080K)] 545967K->308483K(716288K), 0.0043606 secs] [Times: user=0.01 sys=0.00, real=0.01 secs] 
2024-07-05T01:30:34.868+0800: 2543.579: [GC (Allocation Failure) [PSYoungGen: 237808K->192K(238080K)] 546051K->308551K(716288K), 0.0037912 secs] [Times: user=0.00 sys=0.00, real=0.00 secs] 
2024-07-05T01:30:35.042+0800: 2543.752: [GC (Allocation Failure) [PSYoungGen: 237760K->240K(238080K)] 546119K->308663K(716288K), 0.0048892 secs] [Times: user=0.00 sys=0.00, real=0.01 secs] 
2024-07-05T01:30:35.220+0800: 2543.931: [GC (Allocation Failure) [PSYoungGen: 237808K->208K(238080K)] 546231K->308731K(716288K), 0.0031671 secs] [Times: user=0.01 sys=0.00, real=0.00 secs] 
2024-07-05T01:30:35.395+0800: 2544.106: [GC (Allocation Failure) [PSYoungGen: 237776K->192K(238080K)] 546299K->308835K(716288K), 0.0044138 secs] [Times: user=0.00 sys=0.00, real=0.00 secs] 
2024-07-05T01:30:35.574+0800: 2544.285: [GC (Allocation Failure) [PSYoungGen: 237760K->256K(238080K)] 546403K->308939K(716288K), 0.0028819 secs] [Times: user=0.01 sys=0.00, real=0.00 secs] 
2024-07-05T01:30:35.754+0800: 2544.465: [GC (Allocation Failure) [PSYoungGen: 237824K->160K(238080K)] 546507K->308999K(716288K), 0.0051149 secs] [Times: user=0.01 sys=0.00, real=0.00 secs] 
2024-07-05T01:30:35.933+0800: 2544.643: [GC (Allocation Failure) [PSYoungGen: 237728K->192K(238080K)] 546567K->309087K(716288K), 0.0030006 secs] [Times: user=0.01 sys=0.00, real=0.01 secs] 
2024-07-05T01:30:36.107+0800: 2544.818: [GC (Allocation Failure) [PSYoungGen: 237760K->272K(238080K)] 546655K->309215K(716288K), 0.0040351 secs] [Times: user=0.01 sys=0.00, real=0.00 secs] 
2024-07-05T01:30:36.289+0800: 2545.000: [GC (Allocation Failure) [PSYoungGen: 237840K->192K(238080K)] 546783K->309295K(716288K), 0.0032168 secs] [Times: user=0.01 sys=0.00, real=0.00 secs] 
2024-07-05T01:30:36.478+0800: 2545.189: [GC (Allocation Failure) [PSYoungGen: 237760K->256K(238080K)] 546863K->309399K(716288K), 0.0033891 secs] [Times: user=0.00 sys=0.01, real=0.00 secs] 
2024-07-05T01:30:36.656+0800: 2545.366: [GC (Allocation Failure) [PSYoungGen: 237824K->192K(238080K)] 546967K->309483K(716288K), 0.0041335 secs] [Times: user=0.01 sys=0.00, real=0.00 secs] 
2024-07-05T01:30:36.838+0800: 2545.548: [GC (Allocation Failure) [PSYoungGen: 237760K->192K(238080K)] 547051K->309555K(716288K), 0.0029661 secs] [Times: user=0.01 sys=0.00, real=0.00 secs] 
2024-07-05T01:30:37.018+0800: 2545.729: [GC (Allocation Failure) [PSYoungGen: 237760K->272K(238080K)] 547123K->309683K(716288K), 0.0051006 secs] [Times: user=0.01 sys=0.00, real=0.00 secs] 
2024-07-05T01:30:37.199+0800: 2545.909: [GC (Allocation Failure) [PSYoungGen: 237840K->192K(238080K)] 547251K->309752K(716288K), 0.0030703 secs] [Times: user=0.00 sys=0.00, real=0.00 secs] 
2024-07-05T01:30:37.376+0800: 2546.087: [GC (Allocation Failure) [PSYoungGen: 237760K->192K(238080K)] 547320K->309832K(716288K), 0.0055033 secs] [Times: user=0.01 sys=0.00, real=0.00 secs] 
2024-07-05T01:30:37.554+0800: 2546.265: [GC (Allocation Failure) [PSYoungGen: 237760K->288K(238080K)] 547400K->309976K(716288K), 0.0039889 secs] [Times: user=0.01 sys=0.00, real=0.00 secs] 
2024-07-05T01:30:37.735+0800: 2546.446: [GC (Allocation Failure) [PSYoungGen: 237856K->192K(238080K)] 547544K->310044K(716288K), 0.0046908 secs] [Times: user=0.00 sys=0.00, real=0.00 secs] 
2024-07-05T01:30:37.913+0800: 2546.623: [GC (Allocation Failure) [PSYoungGen: 237760K->272K(238080K)] 547612K->310172K(716288K), 0.0034551 secs] [Times: user=0.01 sys=0.00, real=0.01 secs] 
2024-07-05T01:30:38.087+0800: 2546.797: [GC (Allocation Failure) [PSYoungGen: 237840K->192K(238080K)] 547740K->310232K(716288K), 0.0031620 secs] [Times: user=0.01 sys=0.00, real=0.00 secs] 
2024-07-05T01:30:38.264+0800: 2546.974: [GC (Allocation Failure) [PSYoungGen: 237760K->192K(238080K)] 547800K->310312K(716288K), 0.0043008 secs] [Times: user=0.01 sys=0.00, real=0.01 secs] 
2024-07-05T01:30:38.439+0800: 2547.149: [GC (Allocation Failure) [PSYoungGen: 237760K->256K(238080K)] 547880K->310416K(716288K), 0.0030465 secs] [Times: user=0.01 sys=0.00, real=0.00 secs] 
2024-07-05T01:30:38.620+0800: 2547.331: [GC (Allocation Failure) [PSYoungGen: 237824K->192K(238080K)] 547984K->310508K(716288K), 0.0037205 secs] [Times: user=0.00 sys=0.00, real=0.00 secs] 
2024-07-05T01:30:38.802+0800: 2547.513: [GC (Allocation Failure) [PSYoungGen: 237760K->160K(238080K)] 548076K->310548K(716288K), 0.0050517 secs] [Times: user=0.01 sys=0.00, real=0.01 secs] 
2024-07-05T01:30:38.980+0800: 2547.691: [GC (Allocation Failure) [PSYoungGen: 237728K->288K(238080K)] 548116K->310724K(716288K), 0.0036092 secs] [Times: user=0.01 sys=0.00, real=0.00 secs] 
2024-07-05T01:30:39.162+0800: 2547.873: [GC (Allocation Failure) [PSYoungGen: 237856K->192K(238080K)] 548292K->310792K(716288K), 0.0049304 secs] [Times: user=0.00 sys=0.00, real=0.01 secs] 
2024-07-05T01:30:39.348+0800: 2548.058: [GC (Allocation Failure) [PSYoungGen: 237760K->272K(238080K)] 548360K->310912K(716288K), 0.0043379 secs] [Times: user=0.01 sys=0.00, real=0.00 secs] 
2024-07-05T01:30:39.523+0800: 2548.233: [GC (Allocation Failure) [PSYoungGen: 237840K->192K(238080K)] 548480K->310976K(716288K), 0.0041986 secs] [Times: user=0.01 sys=0.00, real=0.01 secs] 
2024-07-05T01:30:39.722+0800: 2548.433: [GC (Allocation Failure) [PSYoungGen: 237760K->192K(238080K)] 548544K->311056K(716288K), 0.0044357 secs] [Times: user=0.01 sys=0.00, real=0.01 secs] 
2024-07-05T01:30:39.902+0800: 2548.613: [GC (Allocation Failure) [PSYoungGen: 237760K->272K(238080K)] 548624K->311176K(716288K), 0.0050725 secs] [Times: user=0.00 sys=0.00, real=0.01 secs] 
2024-07-05T01:30:40.085+0800: 2548.795: [GC (Allocation Failure) [PSYoungGen: 237840K->192K(238080K)] 548744K->311248K(716288K), 0.0029492 secs] [Times: user=0.00 sys=0.00, real=0.01 secs] 
2024-07-05T01:30:40.261+0800: 2548.971: [GC (Allocation Failure) [PSYoungGen: 237760K->192K(238080K)] 548816K->311320K(716288K), 0.0029956 secs] [Times: user=0.01 sys=0.00, real=0.00 secs] 
2024-07-05T01:30:40.433+0800: 2549.144: [GC (Allocation Failure) [PSYoungGen: 237760K->256K(238080K)] 548888K->311432K(716288K), 0.0033401 secs] [Times: user=0.01 sys=0.00, real=0.01 secs] 
2024-07-05T01:30:40.606+0800: 2549.317: [GC (Allocation Failure) [PSYoungGen: 237824K->192K(238080K)] 549000K->311528K(716288K), 0.0046522 secs] [Times: user=0.01 sys=0.00, real=0.00 secs] 
2024-07-05T01:30:40.790+0800: 2549.501: [GC (Allocation Failure) [PSYoungGen: 237760K->256K(238080K)] 549096K->311640K(716288K), 0.0045244 secs] [Times: user=0.01 sys=0.00, real=0.01 secs] 
2024-07-05T01:30:40.975+0800: 2549.685: [GC (Allocation Failure) [PSYoungGen: 237824K->192K(238080K)] 549208K->311716K(716288K), 0.0053202 secs] [Times: user=0.01 sys=0.00, real=0.00 secs] 
2024-07-05T01:30:41.160+0800: 2549.870: [GC (Allocation Failure) [PSYoungGen: 237760K->192K(238080K)] 549284K->311788K(716288K), 0.0042865 secs] [Times: user=0.01 sys=0.00, real=0.00 secs] 
2024-07-05T01:30:41.354+0800: 2550.065: [GC (Allocation Failure) [PSYoungGen: 237760K->368K(238080K)] 549356K->312004K(716288K), 0.0057541 secs] [Times: user=0.01 sys=0.00, real=0.00 secs] 
2024-07-05T01:30:41.538+0800: 2550.249: [GC (Allocation Failure) [PSYoungGen: 237936K->192K(238080K)] 549572K->312076K(716288K), 0.0030674 secs] [Times: user=0.01 sys=0.00, real=0.00 secs] 
2024-07-05T01:30:41.719+0800: 2550.430: [GC (Allocation Failure) [PSYoungGen: 237760K->192K(238080K)] 549644K->312148K(716288K), 0.0028020 secs] [Times: user=0.01 sys=0.00, real=0.00 secs] 
2024-07-05T01:30:41.894+0800: 2550.605: [GC (Allocation Failure) [PSYoungGen: 237760K->272K(238080K)] 549716K->312268K(716288K), 0.0052732 secs] [Times: user=0.00 sys=0.00, real=0.00 secs] 
2024-07-05T01:30:42.073+0800: 2550.783: [GC (Allocation Failure) [PSYoungGen: 237840K->192K(238080K)] 549836K->312352K(716288K), 0.0057885 secs] [Times: user=0.01 sys=0.00, real=0.01 secs] 
2024-07-05T01:30:42.262+0800: 2550.973: [GC (Allocation Failure) [PSYoungGen: 237760K->256K(238080K)] 549920K->312456K(716288K), 0.0049923 secs] [Times: user=0.01 sys=0.00, real=0.01 secs] 
2024-07-05T01:30:42.444+0800: 2551.155: [GC (Allocation Failure) [PSYoungGen: 237824K->160K(238080K)] 550024K->312496K(716288K), 0.0049924 secs] [Times: user=0.00 sys=0.00, real=0.01 secs] 
2024-07-05T01:30:42.630+0800: 2551.341: [GC (Allocation Failure) [PSYoungGen: 237728K->192K(238080K)] 550064K->312608K(716288K), 0.0053167 secs] [Times: user=0.01 sys=0.00, real=0.01 secs] 
2024-07-05T01:30:42.807+0800: 2551.518: [GC (Allocation Failure) [PSYoungGen: 237760K->288K(238080K)] 550176K->312752K(716288K), 0.0030290 secs] [Times: user=0.01 sys=0.00, real=0.00 secs] 
2024-07-05T01:30:42.981+0800: 2551.692: [GC (Allocation Failure) [PSYoungGen: 237856K->192K(238080K)] 550320K->312813K(716288K), 0.0029736 secs] [Times: user=0.01 sys=0.00, real=0.00 secs] 
2024-07-05T01:30:43.154+0800: 2551.865: [GC (Allocation Failure) [PSYoungGen: 237760K->192K(238080K)] 550381K->312893K(716288K), 0.0053538 secs] [Times: user=0.01 sys=0.00, real=0.00 secs] 
2024-07-05T01:30:43.333+0800: 2552.044: [GC (Allocation Failure) [PSYoungGen: 237760K->288K(238080K)] 550461K->313029K(716288K), 0.0049523 secs] [Times: user=0.00 sys=0.00, real=0.01 secs] 
2024-07-05T01:30:43.518+0800: 2552.229: [GC (Allocation Failure) [PSYoungGen: 237856K->192K(238080K)] 550597K->313093K(716288K), 0.0051497 secs] [Times: user=0.01 sys=0.00, real=0.00 secs] 
2024-07-05T01:30:43.696+0800: 2552.407: [GC (Allocation Failure) [PSYoungGen: 237760K->240K(238080K)] 550661K->313197K(716288K), 0.0036414 secs] [Times: user=0.00 sys=0.00, real=0.00 secs] 
2024-07-05T01:30:43.872+0800: 2552.583: [GC (Allocation Failure) [PSYoungGen: 237808K->256K(238080K)] 550765K->313309K(716288K), 0.0053218 secs] [Times: user=0.00 sys=0.00, real=0.01 secs] 
2024-07-05T01:30:44.047+0800: 2552.757: [GC (Allocation Failure) [PSYoungGen: 237824K->192K(238080K)] 550877K->313365K(716288K), 0.0043792 secs] [Times: user=0.01 sys=0.00, real=0.00 secs] 
2024-07-05T01:30:44.226+0800: 2552.937: [GC (Allocation Failure) [PSYoungGen: 237760K->272K(238080K)] 550933K->313485K(716288K), 0.0043182 secs] [Times: user=0.00 sys=0.00, real=0.00 secs] 
2024-07-05T01:30:44.404+0800: 2553.114: [GC (Allocation Failure) [PSYoungGen: 237840K->192K(238080K)] 551053K->313561K(716288K), 0.0040877 secs] [Times: user=0.01 sys=0.00, real=0.01 secs] 
2024-07-05T01:30:44.589+0800: 2553.300: [GC (Allocation Failure) [PSYoungGen: 237760K->160K(238080K)] 551129K->313601K(716288K), 0.0030546 secs] [Times: user=0.00 sys=0.00, real=0.00 secs] 
2024-07-05T01:30:44.765+0800: 2553.476: [GC (Allocation Failure) [PSYoungGen: 237728K->288K(238080K)] 551169K->313769K(716288K), 0.0029798 secs] [Times: user=0.01 sys=0.00, real=0.01 secs] 
2024-07-05T01:30:44.940+0800: 2553.651: [GC (Allocation Failure) [PSYoungGen: 237856K->160K(238080K)] 551337K->313797K(716288K), 0.0039000 secs] [Times: user=0.00 sys=0.00, real=0.00 secs] 
2024-07-05T01:30:45.116+0800: 2553.827: [GC (Allocation Failure) [PSYoungGen: 237728K->192K(238080K)] 551365K->313901K(716288K), 0.0036728 secs] [Times: user=0.01 sys=0.00, real=0.00 secs] 
2024-07-05T01:30:45.295+0800: 2554.006: [GC (Allocation Failure) [PSYoungGen: 237760K->304K(238080K)] 551469K->314061K(716288K), 0.0029257 secs] [Times: user=0.00 sys=0.00, real=0.00 secs] 
2024-07-05T01:30:45.474+0800: 2554.185: [GC (Allocation Failure) [PSYoungGen: 237872K->160K(238080K)] 551629K->314085K(716288K), 0.0050951 secs] [Times: user=0.01 sys=0.00, real=0.00 secs] 
2024-07-05T01:30:45.658+0800: 2554.369: [GC (Allocation Failure) [PSYoungGen: 237728K->272K(238080K)] 551653K->314237K(716288K), 0.0046793 secs] [Times: user=0.01 sys=0.00, real=0.00 secs] 
2024-07-05T01:30:45.842+0800: 2554.553: [GC (Allocation Failure) [PSYoungGen: 237840K->192K(238080K)] 551805K->314305K(716288K), 0.0029938 secs] [Times: user=0.01 sys=0.00, real=0.00 secs] 
2024-07-05T01:30:46.026+0800: 2554.736: [GC (Allocation Failure) [PSYoungGen: 237760K->192K(238080K)] 551873K->314377K(716288K), 0.0030074 secs] [Times: user=0.00 sys=0.00, real=0.01 secs] 
2024-07-05T01:30:46.209+0800: 2554.920: [GC (Allocation Failure) [PSYoungGen: 237760K->288K(238080K)] 551945K->314521K(716288K), 0.0031549 secs] [Times: user=0.00 sys=0.00, real=0.00 secs] 
2024-07-05T01:30:46.386+0800: 2555.097: [GC (Allocation Failure) [PSYoungGen: 237856K->192K(238080K)] 552089K->314589K(716288K), 0.0031931 secs] [Times: user=0.00 sys=0.00, real=0.00 secs] 
2024-07-05T01:30:46.573+0800: 2555.284: [GC (Allocation Failure) [PSYoungGen: 237760K->192K(238080K)] 552157K->314661K(716288K), 0.0032331 secs] [Times: user=0.01 sys=0.00, real=0.01 secs] 
2024-07-05T01:30:46.749+0800: 2555.460: [GC (Allocation Failure) [PSYoungGen: 237760K->320K(238080K)] 552229K->314837K(716288K), 0.0030334 secs] [Times: user=0.01 sys=0.00, real=0.00 secs] 
2024-07-05T01:30:46.925+0800: 2555.635: [GC (Allocation Failure) [PSYoungGen: 237888K->160K(238080K)] 552405K->314837K(716288K), 0.0035148 secs] [Times: user=0.00 sys=0.00, real=0.01 secs] 
2024-07-05T01:30:47.105+0800: 2555.815: [GC (Allocation Failure) [PSYoungGen: 237728K->256K(238080K)] 552405K->314981K(716288K), 0.0051066 secs] [Times: user=0.00 sys=0.00, real=0.01 secs] 
2024-07-05T01:30:47.285+0800: 2555.996: [GC (Allocation Failure) [PSYoungGen: 237824K->160K(238080K)] 552549K->315041K(716288K), 0.0050008 secs] [Times: user=0.01 sys=0.00, real=0.01 secs] 
2024-07-05T01:30:47.467+0800: 2556.177: [GC (Allocation Failure) [PSYoungGen: 237728K->192K(238080K)] 552609K->315153K(716288K), 0.0029935 secs] [Times: user=0.00 sys=0.00, real=0.00 secs] 
2024-07-05T01:30:47.643+0800: 2556.354: [GC (Allocation Failure) [PSYoungGen: 237760K->256K(238080K)] 552721K->315257K(716288K), 0.0053052 secs] [Times: user=0.01 sys=0.00, real=0.01 secs] 
2024-07-05T01:30:47.821+0800: 2556.531: [GC (Allocation Failure) [PSYoungGen: 237824K->192K(238080K)] 552825K->315353K(716288K), 0.0029400 secs] [Times: user=0.00 sys=0.00, real=0.00 secs] 
2024-07-05T01:30:47.995+0800: 2556.705: [GC (Allocation Failure) [PSYoungGen: 237760K->192K(238080K)] 552921K->315425K(716288K), 0.0029101 secs] [Times: user=0.00 sys=0.00, real=0.00 secs] 
2024-07-05T01:30:48.171+0800: 2556.881: [GC (Allocation Failure) [PSYoungGen: 237760K->256K(238080K)] 552993K->315537K(716288K), 0.0047157 secs] [Times: user=0.01 sys=0.00, real=0.01 secs] 
2024-07-05T01:30:48.354+0800: 2557.065: [GC (Allocation Failure) [PSYoungGen: 237824K->160K(238080K)] 553105K->315601K(716288K), 0.0051551 secs] [Times: user=0.00 sys=0.00, real=0.00 secs] 
2024-07-05T01:30:48.542+0800: 2557.253: [GC (Allocation Failure) [PSYoungGen: 237728K->240K(238080K)] 553169K->315721K(716288K), 0.0048435 secs] [Times: user=0.00 sys=0.00, real=0.01 secs] 
2024-07-05T01:30:48.730+0800: 2557.441: [GC (Allocation Failure) [PSYoungGen: 237808K->192K(238080K)] 553289K->315822K(716288K), 0.0058305 secs] [Times: user=0.01 sys=0.00, real=0.01 secs] 
2024-07-05T01:30:48.914+0800: 2557.625: [GC (Allocation Failure) [PSYoungGen: 237760K->192K(238080K)] 553390K->315894K(716288K), 0.0028937 secs] [Times: user=0.01 sys=0.00, real=0.00 secs] 
2024-07-05T01:30:49.090+0800: 2557.801: [GC (Allocation Failure) [PSYoungGen: 237760K->288K(238080K)] 553462K->316038K(716288K), 0.0028148 secs] [Times: user=0.01 sys=0.00, real=0.00 secs] 
2024-07-05T01:30:49.271+0800: 2557.982: [GC (Allocation Failure) [PSYoungGen: 237856K->192K(238080K)] 553606K->316090K(716288K), 0.0029441 secs] [Times: user=0.01 sys=0.00, real=0.01 secs] 
2024-07-05T01:30:49.450+0800: 2558.161: [GC (Allocation Failure) [PSYoungGen: 237760K->192K(238080K)] 553658K->316162K(716288K), 0.0048741 secs] [Times: user=0.00 sys=0.00, real=0.01 secs] 
2024-07-05T01:30:49.634+0800: 2558.345: [GC (Allocation Failure) [PSYoungGen: 237760K->272K(238080K)] 553730K->316290K(716288K), 0.0058015 secs] [Times: user=0.01 sys=0.00, real=0.00 secs] 
2024-07-05T01:30:49.816+0800: 2558.527: [GC (Allocation Failure) [PSYoungGen: 237840K->192K(238080K)] 553858K->316370K(716288K), 0.0041875 secs] [Times: user=0.01 sys=0.00, real=0.00 secs] 
2024-07-05T01:30:49.994+0800: 2558.705: [GC (Allocation Failure) [PSYoungGen: 237760K->272K(238080K)] 553938K->316498K(716288K), 0.0052901 secs] [Times: user=0.01 sys=0.00, real=0.00 secs] 
2024-07-05T01:30:50.181+0800: 2558.891: [GC (Allocation Failure) [PSYoungGen: 237840K->192K(238080K)] 554066K->316566K(716288K), 0.0056152 secs] [Times: user=0.00 sys=0.00, real=0.01 secs] 
2024-07-05T01:30:50.383+0800: 2559.093: [GC (Allocation Failure) [PSYoungGen: 237760K->160K(238080K)] 554134K->316606K(716288K), 0.0043662 secs] [Times: user=0.01 sys=0.00, real=0.01 secs] 
2024-07-05T01:30:50.562+0800: 2559.273: [GC (Allocation Failure) [PSYoungGen: 237728K->256K(238080K)] 554174K->316750K(716288K), 0.0054265 secs] [Times: user=0.00 sys=0.00, real=0.01 secs] 
2024-07-05T01:30:50.746+0800: 2559.457: [GC (Allocation Failure) [PSYoungGen: 237824K->192K(238080K)] 554318K->316846K(716288K), 0.0052294 secs] [Times: user=0.00 sys=0.00, real=0.00 secs] 
2024-07-05T01:30:50.924+0800: 2559.635: [GC (Allocation Failure) [PSYoungGen: 237760K->192K(238080K)] 554414K->316918K(716288K), 0.0034060 secs] [Times: user=0.00 sys=0.00, real=0.01 secs] 
2024-07-05T01:30:51.100+0800: 2559.810: [GC (Allocation Failure) [PSYoungGen: 237760K->304K(238080K)] 554486K->317078K(716288K), 0.0042929 secs] [Times: user=0.00 sys=0.00, real=0.00 secs] 
2024-07-05T01:30:51.278+0800: 2559.989: [GC (Allocation Failure) [PSYoungGen: 237872K->192K(238080K)] 554646K->317130K(716288K), 0.0029692 secs] [Times: user=0.00 sys=0.00, real=0.00 secs] 
2024-07-05T01:30:51.458+0800: 2560.169: [GC (Allocation Failure) [PSYoungGen: 237760K->240K(238080K)] 554698K->317218K(716288K), 0.0030118 secs] [Times: user=0.01 sys=0.00, real=0.00 secs] 
2024-07-05T01:30:51.633+0800: 2560.343: [GC (Allocation Failure) [PSYoungGen: 237808K->192K(238080K)] 554786K->317310K(716288K), 0.0031341 secs] [Times: user=0.01 sys=0.00, real=0.01 secs] 
2024-07-05T01:30:51.810+0800: 2560.521: [GC (Allocation Failure) [PSYoungGen: 237760K->192K(238080K)] 554878K->317382K(716288K), 0.0052569 secs] [Times: user=0.00 sys=0.00, real=0.01 secs] 
2024-07-05T01:30:52.006+0800: 2560.717: [GC (Allocation Failure) [PSYoungGen: 237760K->352K(238080K)] 554950K->317590K(716288K), 0.0045728 secs] [Times: user=0.01 sys=0.00, real=0.00 secs] 
2024-07-05T01:30:52.187+0800: 2560.898: [GC (Allocation Failure) [PSYoungGen: 237920K->192K(238080K)] 555158K->317682K(716288K), 0.0030809 secs] [Times: user=0.01 sys=0.00, real=0.00 secs] 
2024-07-05T01:30:52.366+0800: 2561.077: [GC (Allocation Failure) [PSYoungGen: 237760K->192K(238080K)] 555250K->317754K(716288K), 0.0047271 secs] [Times: user=0.01 sys=0.00, real=0.00 secs] 
2024-07-05T01:30:52.545+0800: 2561.256: [GC (Allocation Failure) [PSYoungGen: 237760K->256K(238080K)] 555322K->317866K(716288K), 0.0030072 secs] [Times: user=0.01 sys=0.00, real=0.01 secs] 
2024-07-05T01:30:52.724+0800: 2561.435: [GC (Allocation Failure) [PSYoungGen: 237824K->192K(238080K)] 555434K->317962K(716288K), 0.0035143 secs] [Times: user=0.00 sys=0.00, real=0.01 secs] 
2024-07-05T01:30:52.904+0800: 2561.614: [GC (Allocation Failure) [PSYoungGen: 237760K->288K(238080K)] 555530K->318098K(716288K), 0.0039905 secs] [Times: user=0.01 sys=0.00, real=0.01 secs] 
2024-07-05T01:30:53.080+0800: 2561.791: [GC (Allocation Failure) [PSYoungGen: 237856K->192K(238080K)] 555666K->318154K(716288K), 0.0029688 secs] [Times: user=0.01 sys=0.00, real=0.00 secs] 
2024-07-05T01:30:53.259+0800: 2561.969: [GC (Allocation Failure) [PSYoungGen: 237760K->192K(238080K)] 555722K->318226K(716288K), 0.0045918 secs] [Times: user=0.01 sys=0.00, real=0.00 secs] 
2024-07-05T01:30:53.438+0800: 2562.149: [GC (Allocation Failure) [PSYoungGen: 237760K->288K(238080K)] 555794K->318370K(716288K), 0.0052783 secs] [Times: user=0.00 sys=0.00, real=0.00 secs] 
2024-07-05T01:30:53.618+0800: 2562.329: [GC (Allocation Failure) [PSYoungGen: 237856K->192K(238080K)] 555938K->318426K(716288K), 0.0048855 secs] [Times: user=0.00 sys=0.00, real=0.00 secs] 
2024-07-05T01:30:53.798+0800: 2562.509: [GC (Allocation Failure) [PSYoungGen: 237760K->192K(238080K)] 555994K->318506K(716288K), 0.0028971 secs] [Times: user=0.00 sys=0.00, real=0.00 secs] 
2024-07-05T01:30:53.978+0800: 2562.689: [GC (Allocation Failure) [PSYoungGen: 237760K->288K(238080K)] 556074K->318650K(716288K), 0.0051574 secs] [Times: user=0.00 sys=0.00, real=0.00 secs] 
2024-07-05T01:30:54.160+0800: 2562.870: [GC (Allocation Failure) [PSYoungGen: 237856K->192K(238080K)] 556218K->318719K(716288K), 0.0030163 secs] [Times: user=0.01 sys=0.00, real=0.00 secs] 
2024-07-05T01:30:54.342+0800: 2563.053: [GC (Allocation Failure) [PSYoungGen: 237760K->256K(238080K)] 556287K->318823K(716288K), 0.0030171 secs] [Times: user=0.00 sys=0.00, real=0.00 secs] 
2024-07-05T01:30:54.522+0800: 2563.233: [GC (Allocation Failure) [PSYoungGen: 237824K->160K(238080K)] 556391K->318875K(716288K), 0.0053730 secs] [Times: user=0.01 sys=0.00, real=0.01 secs] 
2024-07-05T01:30:54.710+0800: 2563.421: [GC (Allocation Failure) [PSYoungGen: 237728K->192K(238080K)] 556443K->318987K(716288K), 0.0040170 secs] [Times: user=0.00 sys=0.00, real=0.01 secs] 
2024-07-05T01:30:54.888+0800: 2563.599: [GC (Allocation Failure) [PSYoungGen: 237760K->272K(238080K)] 556555K->319115K(716288K), 0.0036603 secs] [Times: user=0.01 sys=0.00, real=0.00 secs] 
2024-07-05T01:30:55.064+0800: 2563.775: [GC (Allocation Failure) [PSYoungGen: 237840K->192K(238080K)] 556683K->319183K(716288K), 0.0030770 secs] [Times: user=0.00 sys=0.00, real=0.01 secs] 
2024-07-05T01:30:55.241+0800: 2563.951: [GC (Allocation Failure) [PSYoungGen: 237760K->192K(238080K)] 556751K->319255K(716288K), 0.0034074 secs] [Times: user=0.01 sys=0.00, real=0.00 secs] 
2024-07-05T01:30:55.421+0800: 2564.132: [GC (Allocation Failure) [PSYoungGen: 237760K->304K(238080K)] 556823K->319415K(716288K), 0.0030776 secs] [Times: user=0.00 sys=0.00, real=0.00 secs] 
2024-07-05T01:30:55.601+0800: 2564.312: [GC (Allocation Failure) [PSYoungGen: 237872K->192K(238080K)] 556983K->319463K(716288K), 0.0030601 secs] [Times: user=0.01 sys=0.00, real=0.00 secs] 
2024-07-05T01:30:55.778+0800: 2564.489: [GC (Allocation Failure) [PSYoungGen: 237760K->256K(238080K)] 557031K->319575K(716288K), 0.0050040 secs] [Times: user=0.00 sys=0.00, real=0.00 secs] 
2024-07-05T01:30:55.962+0800: 2564.673: [GC (Allocation Failure) [PSYoungGen: 237824K->192K(238080K)] 557143K->319651K(716288K), 0.0062748 secs] [Times: user=0.01 sys=0.00, real=0.01 secs] 
2024-07-05T01:30:56.141+0800: 2564.852: [GC (Allocation Failure) [PSYoungGen: 237760K->192K(238080K)] 557219K->319723K(716288K), 0.0033578 secs] [Times: user=0.01 sys=0.00, real=0.00 secs] 
2024-07-05T01:30:56.322+0800: 2565.033: [GC (Allocation Failure) [PSYoungGen: 237760K->272K(238080K)] 557291K->319843K(716288K), 0.0048224 secs] [Times: user=0.00 sys=0.00, real=0.01 secs] 
2024-07-05T01:30:56.506+0800: 2565.217: [GC (Allocation Failure) [PSYoungGen: 237840K->160K(238080K)] 557411K->319875K(716288K), 0.0054806 secs] [Times: user=0.00 sys=0.00, real=0.00 secs] 
2024-07-05T01:30:56.694+0800: 2565.404: [GC (Allocation Failure) [PSYoungGen: 237728K->160K(238080K)] 557443K->319947K(716288K), 0.0048422 secs] [Times: user=0.01 sys=0.00, real=0.00 secs] 
2024-07-05T01:30:56.872+0800: 2565.583: [GC (Allocation Failure) [PSYoungGen: 237728K->256K(238080K)] 557515K->320091K(716288K), 0.0029915 secs] [Times: user=0.00 sys=0.00, real=0.01 secs] 
2024-07-05T01:30:57.050+0800: 2565.761: [GC (Allocation Failure) [PSYoungGen: 237824K->192K(238080K)] 557659K->320183K(716288K), 0.0055049 secs] [Times: user=0.00 sys=0.00, real=0.01 secs] 
2024-07-05T01:30:57.235+0800: 2565.946: [GC (Allocation Failure) [PSYoungGen: 237760K->256K(238080K)] 557751K->320295K(716288K), 0.0029269 secs] [Times: user=0.00 sys=0.00, real=0.00 secs] 
2024-07-05T01:30:57.412+0800: 2566.123: [GC (Allocation Failure) [PSYoungGen: 237824K->192K(238080K)] 557863K->320379K(716288K), 0.0031430 secs] [Times: user=0.00 sys=0.00, real=0.01 secs] 
2024-07-05T01:30:57.589+0800: 2566.299: [GC (Allocation Failure) [PSYoungGen: 237760K->192K(238080K)] 557947K->320459K(716288K), 0.0034527 secs] [Times: user=0.00 sys=0.00, real=0.00 secs] 
2024-07-05T01:30:57.768+0800: 2566.479: [GC (Allocation Failure) [PSYoungGen: 237760K->240K(238080K)] 558027K->320547K(716288K), 0.0052265 secs] [Times: user=0.01 sys=0.00, real=0.01 secs] 
2024-07-05T01:30:57.957+0800: 2566.667: [GC (Allocation Failure) [PSYoungGen: 237808K->192K(238080K)] 558115K->320647K(716288K), 0.0036762 secs] [Times: user=0.01 sys=0.00, real=0.00 secs] 
2024-07-05T01:30:58.138+0800: 2566.849: [GC (Allocation Failure) [PSYoungGen: 237760K->192K(238080K)] 558215K->320719K(716288K), 0.0030335 secs] [Times: user=0.00 sys=0.00, real=0.00 secs] 
2024-07-05T01:30:58.318+0800: 2567.029: [GC (Allocation Failure) [PSYoungGen: 237760K->288K(238080K)] 558287K->320855K(716288K), 0.0047726 secs] [Times: user=0.00 sys=0.00, real=0.00 secs] 
2024-07-05T01:30:58.501+0800: 2567.212: [GC (Allocation Failure) [PSYoungGen: 237856K->160K(238080K)] 558423K->320883K(716288K), 0.0054885 secs] [Times: user=0.00 sys=0.00, real=0.01 secs] 
2024-07-05T01:30:58.686+0800: 2567.397: [GC (Allocation Failure) [PSYoungGen: 237728K->256K(238080K)] 558451K->321019K(716288K), 0.0048627 secs] [Times: user=0.00 sys=0.00, real=0.00 secs] 
2024-07-05T01:30:58.866+0800: 2567.577: [GC (Allocation Failure) [PSYoungGen: 237824K->160K(238080K)] 558587K->321067K(716288K), 0.0058309 secs] [Times: user=0.01 sys=0.00, real=0.00 secs] 
2024-07-05T01:30:59.050+0800: 2567.761: [GC (Allocation Failure) [PSYoungGen: 237728K->192K(238080K)] 558635K->321171K(716288K), 0.0050837 secs] [Times: user=0.00 sys=0.00, real=0.01 secs] 
2024-07-05T01:30:59.233+0800: 2567.944: [GC (Allocation Failure) [PSYoungGen: 237760K->256K(238080K)] 558739K->321275K(716288K), 0.0030301 secs] [Times: user=0.00 sys=0.00, real=0.01 secs] 
2024-07-05T01:30:59.407+0800: 2568.118: [GC (Allocation Failure) [PSYoungGen: 237824K->192K(238080K)] 558843K->321359K(716288K), 0.0029356 secs] [Times: user=0.00 sys=0.00, real=0.00 secs] 
2024-07-05T01:30:59.586+0800: 2568.297: [GC (Allocation Failure) [PSYoungGen: 237760K->192K(238080K)] 558927K->321431K(716288K), 0.0062148 secs] [Times: user=0.00 sys=0.00, real=0.00 secs] 
2024-07-05T01:30:59.787+0800: 2568.497: [GC (Allocation Failure) [PSYoungGen: 237760K->272K(238080K)] 558999K->321551K(716288K), 0.0043186 secs] [Times: user=0.00 sys=0.00, real=0.00 secs] 
2024-07-05T01:30:59.967+0800: 2568.677: [GC (Allocation Failure) [PSYoungGen: 237840K->160K(238080K)] 559119K->321595K(716288K), 0.0045450 secs] [Times: user=0.00 sys=0.00, real=0.00 secs] 
2024-07-05T01:31:00.162+0800: 2568.873: [GC (Allocation Failure) [PSYoungGen: 237728K->256K(238080K)] 559163K->321747K(716288K), 0.0030342 secs] [Times: user=0.01 sys=0.00, real=0.00 secs] 
2024-07-05T01:31:00.340+0800: 2569.050: [GC (Allocation Failure) [PSYoungGen: 237824K->240K(238080K)] 559315K->321828K(716288K), 0.0034581 secs] [Times: user=0.01 sys=0.00, real=0.00 secs] 
2024-07-05T01:31:00.518+0800: 2569.229: [GC (Allocation Failure) [PSYoungGen: 237808K->160K(238080K)] 559396K->321868K(716288K), 0.0053448 secs] [Times: user=0.01 sys=0.00, real=0.00 secs] 
2024-07-05T01:31:00.705+0800: 2569.416: [GC (Allocation Failure) [PSYoungGen: 237728K->272K(238080K)] 559436K->322020K(716288K), 0.0034099 secs] [Times: user=0.00 sys=0.00, real=0.01 secs] 
2024-07-05T01:31:00.887+0800: 2569.598: [GC (Allocation Failure) [PSYoungGen: 237840K->192K(238080K)] 559588K->322096K(716288K), 0.0044722 secs] [Times: user=0.00 sys=0.00, real=0.00 secs] 
2024-07-05T01:31:01.070+0800: 2569.781: [GC (Allocation Failure) [PSYoungGen: 237760K->192K(238080K)] 559664K->322168K(716288K), 0.0047633 secs] [Times: user=0.00 sys=0.00, real=0.01 secs] 
2024-07-05T01:31:01.246+0800: 2569.957: [GC (Allocation Failure) [PSYoungGen: 237760K->272K(238080K)] 559736K->322296K(716288K), 0.0030161 secs] [Times: user=0.01 sys=0.00, real=0.00 secs] 
2024-07-05T01:31:01.426+0800: 2570.137: [GC (Allocation Failure) [PSYoungGen: 237840K->192K(238080K)] 559864K->322372K(716288K), 0.0054388 secs] [Times: user=0.01 sys=0.00, real=0.00 secs] 
2024-07-05T01:31:01.610+0800: 2570.321: [GC (Allocation Failure) [PSYoungGen: 237760K->192K(238080K)] 559940K->322452K(716288K), 0.0045591 secs] [Times: user=0.01 sys=0.00, real=0.01 secs] 
2024-07-05T01:31:01.790+0800: 2570.501: [GC (Allocation Failure) [PSYoungGen: 237760K->288K(238080K)] 560020K->322596K(716288K), 0.0040144 secs] [Times: user=0.01 sys=0.00, real=0.01 secs] 
2024-07-05T01:31:01.968+0800: 2570.679: [GC (Allocation Failure) [PSYoungGen: 237856K->160K(238080K)] 560164K->322628K(716288K), 0.0030518 secs] [Times: user=0.00 sys=0.00, real=0.00 secs] 
2024-07-05T01:31:02.154+0800: 2570.865: [GC (Allocation Failure) [PSYoungGen: 237728K->256K(238080K)] 560196K->322772K(716288K), 0.0060950 secs] [Times: user=0.00 sys=0.00, real=0.00 secs] 
2024-07-05T01:31:02.354+0800: 2571.065: [GC (Allocation Failure) [PSYoungGen: 237824K->160K(238080K)] 560340K->322824K(716288K), 0.0032978 secs] [Times: user=0.01 sys=0.00, real=0.00 secs] 
2024-07-05T01:31:02.546+0800: 2571.257: [GC (Allocation Failure) [PSYoungGen: 237728K->192K(238080K)] 560392K->322928K(716288K), 0.0034573 secs] [Times: user=0.01 sys=0.00, real=0.00 secs] 
2024-07-05T01:31:02.754+0800: 2571.465: [GC (Allocation Failure) [PSYoungGen: 237760K->352K(238080K)] 560496K->323136K(716288K), 0.0032761 secs] [Times: user=0.01 sys=0.00, real=0.00 secs] 
2024-07-05T01:31:02.950+0800: 2571.661: [GC (Allocation Failure) [PSYoungGen: 237920K->192K(238080K)] 560704K->323228K(716288K), 0.0033060 secs] [Times: user=0.01 sys=0.00, real=0.00 secs] 
2024-07-05T01:31:03.151+0800: 2571.862: [GC (Allocation Failure) [PSYoungGen: 237760K->224K(238080K)] 560796K->323316K(716288K), 0.0047229 secs] [Times: user=0.01 sys=0.00, real=0.01 secs] 
2024-07-05T01:31:03.349+0800: 2572.059: [GC (Allocation Failure) [PSYoungGen: 237792K->224K(238080K)] 560884K->323416K(716288K), 0.0052324 secs] [Times: user=0.00 sys=0.00, real=0.01 secs] 
2024-07-05T01:31:03.530+0800: 2572.241: [GC (Allocation Failure) [PSYoungGen: 237792K->192K(238080K)] 560984K->323500K(716288K), 0.0058604 secs] [Times: user=0.00 sys=0.00, real=0.01 secs] 
2024-07-05T01:31:03.710+0800: 2572.421: [GC (Allocation Failure) [PSYoungGen: 237760K->240K(238080K)] 561068K->323596K(716288K), 0.0036127 secs] [Times: user=0.01 sys=0.00, real=0.01 secs] 
2024-07-05T01:31:03.891+0800: 2572.601: [GC (Allocation Failure) [PSYoungGen: 237808K->192K(238080K)] 561164K->323700K(716288K), 0.0030758 secs] [Times: user=0.00 sys=0.00, real=0.01 secs] 
2024-07-05T01:31:04.070+0800: 2572.781: [GC (Allocation Failure) [PSYoungGen: 237760K->192K(238080K)] 561268K->323772K(716288K), 0.0048934 secs] [Times: user=0.00 sys=0.00, real=0.01 secs] 
2024-07-05T01:31:04.254+0800: 2572.965: [GC (Allocation Failure) [PSYoungGen: 237760K->272K(238080K)] 561340K->323900K(716288K), 0.0045268 secs] [Times: user=0.01 sys=0.00, real=0.00 secs] 
2024-07-05T01:31:04.434+0800: 2573.145: [GC (Allocation Failure) [PSYoungGen: 237840K->192K(238080K)] 561468K->323972K(716288K), 0.0077945 secs] [Times: user=0.01 sys=0.00, real=0.00 secs] 
2024-07-05T01:31:04.618+0800: 2573.328: [GC (Allocation Failure) [PSYoungGen: 237760K->240K(238080K)] 561540K->324084K(716288K), 0.0043995 secs] [Times: user=0.01 sys=0.00, real=0.00 secs] 
2024-07-05T01:31:04.794+0800: 2573.505: [GC (Allocation Failure) [PSYoungGen: 237808K->224K(238080K)] 561652K->324164K(716288K), 0.0030409 secs] [Times: user=0.01 sys=0.00, real=0.00 secs] 
2024-07-05T01:31:04.968+0800: 2573.679: [GC (Allocation Failure) [PSYoungGen: 237792K->192K(238080K)] 561732K->324252K(716288K), 0.0041149 secs] [Times: user=0.00 sys=0.00, real=0.00 secs] 
2024-07-05T01:31:05.149+0800: 2573.860: [GC (Allocation Failure) [PSYoungGen: 237760K->256K(238080K)] 561820K->324356K(716288K), 0.0031207 secs] [Times: user=0.01 sys=0.00, real=0.00 secs] 
2024-07-05T01:31:05.327+0800: 2574.037: [GC (Allocation Failure) [PSYoungGen: 237824K->192K(238080K)] 561924K->324440K(716288K), 0.0031372 secs] [Times: user=0.00 sys=0.00, real=0.00 secs] 
2024-07-05T01:31:05.510+0800: 2574.221: [GC (Allocation Failure) [PSYoungGen: 237760K->192K(238080K)] 562008K->324520K(716288K), 0.0031636 secs] [Times: user=0.01 sys=0.00, real=0.01 secs] 
2024-07-05T01:31:05.690+0800: 2574.401: [GC (Allocation Failure) [PSYoungGen: 237760K->288K(238080K)] 562088K->324656K(716288K), 0.0053926 secs] [Times: user=0.00 sys=0.00, real=0.01 secs] 
2024-07-05T01:31:05.870+0800: 2574.580: [GC (Allocation Failure) [PSYoungGen: 237856K->160K(238080K)] 562224K->324685K(716288K), 0.0030659 secs] [Times: user=0.01 sys=0.00, real=0.00 secs] 
2024-07-05T01:31:06.055+0800: 2574.766: [GC (Allocation Failure) [PSYoungGen: 237728K->208K(238080K)] 562253K->324789K(716288K), 0.0057161 secs] [Times: user=0.00 sys=0.00, real=0.00 secs] 
2024-07-05T01:31:06.234+0800: 2574.945: [GC (Allocation Failure) [PSYoungGen: 237776K->224K(238080K)] 562357K->324897K(716288K), 0.0030960 secs] [Times: user=0.01 sys=0.00, real=0.00 secs] 
2024-07-05T01:31:06.408+0800: 2575.118: [GC (Allocation Failure) [PSYoungGen: 237792K->192K(238080K)] 562465K->324985K(716288K), 0.0043947 secs] [Times: user=0.00 sys=0.00, real=0.00 secs] 
2024-07-05T01:31:06.586+0800: 2575.297: [GC (Allocation Failure) [PSYoungGen: 237760K->256K(238080K)] 562553K->325097K(716288K), 0.0033435 secs] [Times: user=0.01 sys=0.00, real=0.00 secs] 
2024-07-05T01:31:06.768+0800: 2575.479: [GC (Allocation Failure) [PSYoungGen: 237824K->192K(238080K)] 562665K->325169K(716288K), 0.0032454 secs] [Times: user=0.01 sys=0.00, real=0.00 secs] 
2024-07-05T01:31:06.950+0800: 2575.661: [GC (Allocation Failure) [PSYoungGen: 237760K->192K(238080K)] 562737K->325249K(716288K), 0.0044906 secs] [Times: user=0.01 sys=0.00, real=0.01 secs] 
2024-07-05T01:31:07.136+0800: 2575.846: [GC (Allocation Failure) [PSYoungGen: 237760K->272K(238080K)] 562817K->325369K(716288K), 0.0031559 secs] [Times: user=0.00 sys=0.00, real=0.00 secs] 
2024-07-05T01:31:07.320+0800: 2576.031: [GC (Allocation Failure) [PSYoungGen: 237840K->192K(238080K)] 562937K->325445K(716288K), 0.0030993 secs] [Times: user=0.00 sys=0.00, real=0.00 secs] 
2024-07-05T01:31:07.496+0800: 2576.207: [GC (Allocation Failure) [PSYoungGen: 237760K->192K(238080K)] 563013K->325517K(716288K), 0.0030569 secs] [Times: user=0.00 sys=0.00, real=0.00 secs] 
2024-07-05T01:31:07.678+0800: 2576.389: [GC (Allocation Failure) [PSYoungGen: 237760K->288K(238080K)] 563085K->325661K(716288K), 0.0048442 secs] [Times: user=0.00 sys=0.00, real=0.00 secs] 
2024-07-05T01:31:07.860+0800: 2576.570: [GC (Allocation Failure) [PSYoungGen: 237856K->192K(238080K)] 563229K->325725K(716288K), 0.0041110 secs] [Times: user=0.01 sys=0.00, real=0.00 secs] 
2024-07-05T01:31:08.039+0800: 2576.750: [GC (Allocation Failure) [PSYoungGen: 237760K->240K(238080K)] 563293K->325829K(716288K), 0.0030159 secs] [Times: user=0.01 sys=0.00, real=0.00 secs] 
2024-07-05T01:31:08.214+0800: 2576.925: [GC (Allocation Failure) [PSYoungGen: 237808K->240K(238080K)] 563397K->325925K(716288K), 0.0053707 secs] [Times: user=0.00 sys=0.00, real=0.00 secs] 
2024-07-05T01:31:08.393+0800: 2577.104: [GC (Allocation Failure) [PSYoungGen: 237808K->160K(238080K)] 563493K->325969K(716288K), 0.0030346 secs] [Times: user=0.01 sys=0.00, real=0.01 secs] 
2024-07-05T01:31:08.580+0800: 2577.290: [GC (Allocation Failure) [PSYoungGen: 237728K->288K(238080K)] 563537K->326137K(716288K), 0.0044975 secs] [Times: user=0.01 sys=0.00, real=0.00 secs] 
2024-07-05T01:31:08.763+0800: 2577.473: [GC (Allocation Failure) [PSYoungGen: 237856K->192K(238080K)] 563705K->326197K(716288K), 0.0046497 secs] [Times: user=0.01 sys=0.00, real=0.01 secs] 
2024-07-05T01:31:08.941+0800: 2577.652: [GC (Allocation Failure) [PSYoungGen: 237760K->192K(238080K)] 563765K->326269K(716288K), 0.0030514 secs] [Times: user=0.00 sys=0.00, real=0.00 secs] 
2024-07-05T01:31:09.117+0800: 2577.827: [GC (Allocation Failure) [PSYoungGen: 237760K->288K(238080K)] 563837K->326405K(716288K), 0.0036640 secs] [Times: user=0.01 sys=0.00, real=0.00 secs] 
2024-07-05T01:31:09.302+0800: 2578.013: [GC (Allocation Failure) [PSYoungGen: 237856K->192K(238080K)] 563973K->326465K(716288K), 0.0052552 secs] [Times: user=0.00 sys=0.01, real=0.01 secs] 
2024-07-05T01:31:09.481+0800: 2578.192: [GC (Allocation Failure) [PSYoungGen: 237760K->256K(238080K)] 564033K->326585K(716288K), 0.0031107 secs] [Times: user=0.00 sys=0.00, real=0.00 secs] 
2024-07-05T01:31:09.662+0800: 2578.373: [GC (Allocation Failure) [PSYoungGen: 237824K->208K(238080K)] 564153K->326629K(716288K), 0.0032283 secs] [Times: user=0.00 sys=0.00, real=0.00 secs] 
2024-07-05T01:31:09.837+0800: 2578.547: [GC (Allocation Failure) [PSYoungGen: 237776K->192K(238080K)] 564197K->326733K(716288K), 0.0036145 secs] [Times: user=0.01 sys=0.00, real=0.00 secs] 
2024-07-05T01:31:10.016+0800: 2578.727: [GC (Allocation Failure) [PSYoungGen: 237760K->256K(238080K)] 564301K->326845K(716288K), 0.0037389 secs] [Times: user=0.01 sys=0.00, real=0.00 secs] 
2024-07-05T01:31:10.214+0800: 2578.924: [GC (Allocation Failure) [PSYoungGen: 237824K->192K(238080K)] 564413K->326937K(716288K), 0.0048946 secs] [Times: user=0.01 sys=0.00, real=0.01 secs] 
2024-07-05T01:31:10.394+0800: 2579.104: [GC (Allocation Failure) [PSYoungGen: 237760K->192K(238080K)] 564505K->327009K(716288K), 0.0036128 secs] [Times: user=0.01 sys=0.00, real=0.00 secs] 
2024-07-05T01:31:10.568+0800: 2579.279: [GC (Allocation Failure) [PSYoungGen: 237760K->304K(238080K)] 564577K->327169K(716288K), 0.0030109 secs] [Times: user=0.01 sys=0.00, real=0.00 secs] 
2024-07-05T01:31:10.740+0800: 2579.451: [GC (Allocation Failure) [PSYoungGen: 237872K->192K(238080K)] 564737K->327217K(716288K), 0.0030651 secs] [Times: user=0.00 sys=0.00, real=0.00 secs] 
2024-07-05T01:31:10.920+0800: 2579.631: [GC (Allocation Failure) [PSYoungGen: 237760K->224K(238080K)] 564785K->327305K(716288K), 0.0045012 secs] [Times: user=0.00 sys=0.00, real=0.00 secs] 
2024-07-05T01:31:11.098+0800: 2579.809: [GC (Allocation Failure) [PSYoungGen: 237792K->208K(238080K)] 564873K->327381K(716288K), 0.0032544 secs] [Times: user=0.00 sys=0.00, real=0.00 secs] 
2024-07-05T01:31:11.278+0800: 2579.989: [GC (Allocation Failure) [PSYoungGen: 237776K->192K(238080K)] 564949K->327485K(716288K), 0.0032310 secs] [Times: user=0.01 sys=0.00, real=0.00 secs] 
2024-07-05T01:31:11.454+0800: 2580.164: [GC (Allocation Failure) [PSYoungGen: 237760K->256K(238080K)] 565053K->327597K(716288K), 0.0030435 secs] [Times: user=0.01 sys=0.00, real=0.01 secs] 
2024-07-05T01:31:11.634+0800: 2580.345: [GC (Allocation Failure) [PSYoungGen: 237824K->192K(238080K)] 565165K->327686K(716288K), 0.0032904 secs] [Times: user=0.01 sys=0.00, real=0.00 secs] 
2024-07-05T01:31:11.814+0800: 2580.525: [GC (Allocation Failure) [PSYoungGen: 237760K->192K(238080K)] 565254K->327766K(716288K), 0.0047142 secs] [Times: user=0.01 sys=0.00, real=0.00 secs] 
2024-07-05T01:31:11.996+0800: 2580.707: [GC (Allocation Failure) [PSYoungGen: 237760K->256K(238080K)] 565334K->327878K(716288K), 0.0031458 secs] [Times: user=0.01 sys=0.00, real=0.00 secs] 
2024-07-05T01:31:12.178+0800: 2580.889: [GC (Allocation Failure) [PSYoungGen: 237824K->192K(238080K)] 565446K->327974K(716288K), 0.0031519 secs] [Times: user=0.01 sys=0.00, real=0.00 secs] 
2024-07-05T01:31:12.361+0800: 2581.071: [GC (Allocation Failure) [PSYoungGen: 237760K->224K(238080K)] 565542K->328062K(716288K), 0.0030259 secs] [Times: user=0.01 sys=0.00, real=0.00 secs] 
2024-07-05T01:31:12.536+0800: 2581.247: [GC (Allocation Failure) [PSYoungGen: 237792K->240K(238080K)] 565630K->328174K(716288K), 0.0030926 secs] [Times: user=0.01 sys=0.00, real=0.00 secs] 
2024-07-05T01:31:12.709+0800: 2581.420: [GC (Allocation Failure) [PSYoungGen: 237808K->192K(238080K)] 565742K->328246K(716288K), 0.0062707 secs] [Times: user=0.01 sys=0.00, real=0.01 secs] 
2024-07-05T01:31:12.890+0800: 2581.601: [GC (Allocation Failure) [PSYoungGen: 237760K->288K(238080K)] 565814K->328382K(716288K), 0.0048743 secs] [Times: user=0.00 sys=0.00, real=0.01 secs] 
2024-07-05T01:31:13.070+0800: 2581.781: [GC (Allocation Failure) [PSYoungGen: 237856K->192K(238080K)] 565950K->328434K(716288K), 0.0029950 secs] [Times: user=0.01 sys=0.00, real=0.00 secs] 
2024-07-05T01:31:13.249+0800: 2581.959: [GC (Allocation Failure) [PSYoungGen: 237760K->192K(238080K)] 566002K->328506K(716288K), 0.0034366 secs] [Times: user=0.01 sys=0.00, real=0.00 secs] 
2024-07-05T01:31:13.438+0800: 2582.149: [GC (Allocation Failure) [PSYoungGen: 237760K->352K(238080K)] 566074K->328714K(716288K), 0.0029920 secs] [Times: user=0.01 sys=0.00, real=0.00 secs] 
2024-07-05T01:31:13.613+0800: 2582.324: [GC (Allocation Failure) [PSYoungGen: 237920K->192K(238080K)] 566282K->328810K(716288K), 0.0047693 secs] [Times: user=0.01 sys=0.00, real=0.01 secs] 
2024-07-05T01:31:13.794+0800: 2582.505: [GC (Allocation Failure) [PSYoungGen: 237760K->224K(238080K)] 566378K->328898K(716288K), 0.0044320 secs] [Times: user=0.00 sys=0.00, real=0.00 secs] 
2024-07-05T01:31:13.970+0800: 2582.680: [GC (Allocation Failure) [PSYoungGen: 237792K->240K(238080K)] 566466K->329010K(716288K), 0.0049143 secs] [Times: user=0.01 sys=0.00, real=0.01 secs] 
2024-07-05T01:31:14.144+0800: 2582.855: [GC (Allocation Failure) [PSYoungGen: 237808K->192K(238080K)] 566578K->329082K(716288K), 0.0031682 secs] [Times: user=0.01 sys=0.00, real=0.01 secs] 
2024-07-05T01:31:14.326+0800: 2583.037: [GC (Allocation Failure) [PSYoungGen: 237760K->288K(238080K)] 566650K->329218K(716288K), 0.0044298 secs] [Times: user=0.01 sys=0.00, real=0.00 secs] 
2024-07-05T01:31:14.507+0800: 2583.218: [GC (Allocation Failure) [PSYoungGen: 237856K->192K(238080K)] 566786K->329274K(716288K), 0.0045331 secs] [Times: user=0.01 sys=0.00, real=0.00 secs] 
2024-07-05T01:31:14.690+0800: 2583.401: [GC (Allocation Failure) [PSYoungGen: 237760K->192K(238080K)] 566842K->329346K(716288K), 0.0045661 secs] [Times: user=0.01 sys=0.00, real=0.01 secs] 
2024-07-05T01:31:14.867+0800: 2583.578: [GC (Allocation Failure) [PSYoungGen: 237760K->304K(238080K)] 566914K->329498K(716288K), 0.0031309 secs] [Times: user=0.00 sys=0.00, real=0.00 secs] 
2024-07-05T01:31:15.046+0800: 2583.757: [GC (Allocation Failure) [PSYoungGen: 237872K->192K(238080K)] 567066K->329542K(716288K), 0.0055492 secs] [Times: user=0.01 sys=0.00, real=0.00 secs] 
2024-07-05T01:31:15.230+0800: 2583.941: [GC (Allocation Failure) [PSYoungGen: 237760K->192K(238080K)] 567110K->329614K(716288K), 0.0055781 secs] [Times: user=0.00 sys=0.00, real=0.01 secs] 
2024-07-05T01:31:15.411+0800: 2584.121: [GC (Allocation Failure) [PSYoungGen: 237760K->272K(238080K)] 567182K->329742K(716288K), 0.0047268 secs] [Times: user=0.01 sys=0.00, real=0.01 secs] 
2024-07-05T01:31:15.598+0800: 2584.309: [GC (Allocation Failure) [PSYoungGen: 237840K->160K(238080K)] 567310K->329790K(716288K), 0.0057038 secs] [Times: user=0.01 sys=0.00, real=0.00 secs] 
2024-07-05T01:31:15.786+0800: 2584.497: [GC (Allocation Failure) [PSYoungGen: 237728K->288K(238080K)] 567358K->329966K(716288K), 0.0030664 secs] [Times: user=0.00 sys=0.00, real=0.00 secs] 
2024-07-05T01:31:15.966+0800: 2584.677: [GC (Allocation Failure) [PSYoungGen: 237856K->192K(238080K)] 567534K->330022K(716288K), 0.0030699 secs] [Times: user=0.01 sys=0.00, real=0.00 secs] 
2024-07-05T01:31:16.154+0800: 2584.865: [GC (Allocation Failure) [PSYoungGen: 237760K->192K(238080K)] 567590K->330094K(716288K), 0.0030949 secs] [Times: user=0.01 sys=0.00, real=0.00 secs] 
2024-07-05T01:31:16.334+0800: 2585.045: [GC (Allocation Failure) [PSYoungGen: 237760K->288K(238080K)] 567662K->330238K(716288K), 0.0031346 secs] [Times: user=0.01 sys=0.00, real=0.00 secs] 
2024-07-05T01:31:16.522+0800: 2585.233: [GC (Allocation Failure) [PSYoungGen: 237856K->192K(238080K)] 567806K->330298K(716288K), 0.0038984 secs] [Times: user=0.01 sys=0.00, real=0.01 secs] 
2024-07-05T01:31:16.707+0800: 2585.418: [GC (Allocation Failure) [PSYoungGen: 237760K->192K(238080K)] 567866K->330370K(716288K), 0.0077257 secs] [Times: user=0.00 sys=0.00, real=0.01 secs] 
2024-07-05T01:31:16.894+0800: 2585.605: [GC (Allocation Failure) [PSYoungGen: 237760K->272K(238080K)] 567938K->330490K(716288K), 0.0051326 secs] [Times: user=0.01 sys=0.00, real=0.00 secs] 
2024-07-05T01:31:17.078+0800: 2585.789: [GC (Allocation Failure) [PSYoungGen: 237840K->192K(238080K)] 568058K->330578K(716288K), 0.0047822 secs] [Times: user=0.01 sys=0.00, real=0.00 secs] 
2024-07-05T01:31:17.258+0800: 2585.969: [GC (Allocation Failure) [PSYoungGen: 237760K->272K(238080K)] 568146K->330698K(716288K), 0.0048873 secs] [Times: user=0.00 sys=0.00, real=0.00 secs] 
2024-07-05T01:31:17.438+0800: 2586.149: [GC (Allocation Failure) [PSYoungGen: 237840K->192K(238080K)] 568266K->330771K(716288K), 0.0053734 secs] [Times: user=0.00 sys=0.00, real=0.00 secs] 
2024-07-05T01:31:17.622+0800: 2586.332: [GC (Allocation Failure) [PSYoungGen: 237760K->192K(238080K)] 568339K->330843K(716288K), 0.0036104 secs] [Times: user=0.00 sys=0.00, real=0.00 secs] 
2024-07-05T01:31:17.802+0800: 2586.513: [GC (Allocation Failure) [PSYoungGen: 237760K->256K(238080K)] 568411K->330947K(716288K), 0.0054161 secs] [Times: user=0.01 sys=0.00, real=0.01 secs] 
2024-07-05T01:31:17.982+0800: 2586.693: [GC (Allocation Failure) [PSYoungGen: 237824K->160K(238080K)] 568515K->331011K(716288K), 0.0053708 secs] [Times: user=0.01 sys=0.00, real=0.01 secs] 
2024-07-05T01:31:18.162+0800: 2586.873: [GC (Allocation Failure) [PSYoungGen: 237728K->192K(238080K)] 568579K->331115K(716288K), 0.0074062 secs] [Times: user=0.00 sys=0.00, real=0.01 secs] 
2024-07-05T01:31:18.342+0800: 2587.053: [GC (Allocation Failure) [PSYoungGen: 237760K->272K(238080K)] 568683K->331243K(716288K), 0.0060930 secs] [Times: user=0.01 sys=0.00, real=0.01 secs] 
2024-07-05T01:31:18.526+0800: 2587.237: [GC (Allocation Failure) [PSYoungGen: 237840K->192K(238080K)] 568811K->331327K(716288K), 0.0067441 secs] [Times: user=0.01 sys=0.00, real=0.00 secs] 
2024-07-05T01:31:18.710+0800: 2587.420: [GC (Allocation Failure) [PSYoungGen: 237760K->256K(238080K)] 568895K->331431K(716288K), 0.0054082 secs] [Times: user=0.00 sys=0.00, real=0.01 secs] 
2024-07-05T01:31:18.890+0800: 2587.601: [GC (Allocation Failure) [PSYoungGen: 237824K->192K(238080K)] 568999K->331515K(716288K), 0.0054382 secs] [Times: user=0.00 sys=0.00, real=0.01 secs] 
2024-07-05T01:31:19.074+0800: 2587.785: [GC (Allocation Failure) [PSYoungGen: 237760K->192K(238080K)] 569083K->331587K(716288K), 0.0046540 secs] [Times: user=0.01 sys=0.00, real=0.00 secs] 
2024-07-05T01:31:19.259+0800: 2587.970: [GC (Allocation Failure) [PSYoungGen: 237760K->256K(238080K)] 569155K->331699K(716288K), 0.0049254 secs] [Times: user=0.01 sys=0.00, real=0.00 secs] 
2024-07-05T01:31:19.435+0800: 2588.146: [GC (Allocation Failure) [PSYoungGen: 237824K->192K(238080K)] 569267K->331787K(716288K), 0.0029742 secs] [Times: user=0.01 sys=0.00, real=0.00 secs] 
2024-07-05T01:31:19.613+0800: 2588.324: [GC (Allocation Failure) [PSYoungGen: 237760K->192K(238080K)] 569355K->331867K(716288K), 0.0064201 secs] [Times: user=0.01 sys=0.00, real=0.01 secs] 
2024-07-05T01:31:19.814+0800: 2588.525: [GC (Allocation Failure) [PSYoungGen: 237760K->256K(238080K)] 569435K->331971K(716288K), 0.0052402 secs] [Times: user=0.01 sys=0.00, real=0.00 secs] 
2024-07-05T01:31:19.994+0800: 2588.705: [GC (Allocation Failure) [PSYoungGen: 237824K->192K(238080K)] 569539K->332067K(716288K), 0.0054072 secs] [Times: user=0.00 sys=0.00, real=0.00 secs] 
2024-07-05T01:31:20.178+0800: 2588.889: [GC (Allocation Failure) [PSYoungGen: 237760K->256K(238080K)] 569635K->332171K(716288K), 0.0052924 secs] [Times: user=0.01 sys=0.00, real=0.00 secs] 
2024-07-05T01:31:20.365+0800: 2589.076: [GC (Allocation Failure) [PSYoungGen: 237824K->192K(238080K)] 569739K->332255K(716288K), 0.0031754 secs] [Times: user=0.01 sys=0.00, real=0.01 secs] 
2024-07-05T01:31:20.546+0800: 2589.257: [GC (Allocation Failure) [PSYoungGen: 237760K->192K(238080K)] 569823K->332327K(716288K), 0.0053545 secs] [Times: user=0.00 sys=0.00, real=0.00 secs] 
2024-07-05T01:31:20.727+0800: 2589.438: [GC (Allocation Failure) [PSYoungGen: 237760K->288K(238080K)] 569895K->332471K(716288K), 0.0030813 secs] [Times: user=0.01 sys=0.00, real=0.00 secs] 
2024-07-05T01:31:20.906+0800: 2589.617: [GC (Allocation Failure) [PSYoungGen: 237856K->160K(238080K)] 570039K->332495K(716288K), 0.0054770 secs] [Times: user=0.01 sys=0.00, real=0.00 secs] 
2024-07-05T01:31:21.087+0800: 2589.797: [GC (Allocation Failure) [PSYoungGen: 237728K->160K(238080K)] 570063K->332567K(716288K), 0.0055433 secs] [Times: user=0.00 sys=0.00, real=0.00 secs] 
2024-07-05T01:31:21.270+0800: 2589.981: [GC (Allocation Failure) [PSYoungGen: 237728K->288K(238080K)] 570135K->332743K(716288K), 0.0052657 secs] [Times: user=0.01 sys=0.00, real=0.01 secs] 
2024-07-05T01:31:21.455+0800: 2590.165: [GC (Allocation Failure) [PSYoungGen: 237856K->192K(238080K)] 570311K->332807K(716288K), 0.0030084 secs] [Times: user=0.01 sys=0.00, real=0.00 secs] 
2024-07-05T01:31:21.634+0800: 2590.345: [GC (Allocation Failure) [PSYoungGen: 237760K->256K(238080K)] 570375K->332919K(716288K), 0.0062879 secs] [Times: user=0.00 sys=0.00, real=0.00 secs] 
2024-07-05T01:31:21.822+0800: 2590.533: [GC (Allocation Failure) [PSYoungGen: 237824K->160K(238080K)] 570487K->332967K(716288K), 0.0052825 secs] [Times: user=0.01 sys=0.00, real=0.01 secs] 
2024-07-05T01:31:22.009+0800: 2590.720: [GC (Allocation Failure) [PSYoungGen: 237728K->192K(238080K)] 570535K->333071K(716288K), 0.0032047 secs] [Times: user=0.01 sys=0.00, real=0.00 secs] 
2024-07-05T01:31:22.190+0800: 2590.901: [GC (Allocation Failure) [PSYoungGen: 237760K->288K(238080K)] 570639K->333215K(716288K), 0.0054518 secs] [Times: user=0.00 sys=0.00, real=0.01 secs] 
2024-07-05T01:31:22.374+0800: 2591.085: [GC (Allocation Failure) [PSYoungGen: 237856K->192K(238080K)] 570783K->333267K(716288K), 0.0055059 secs] [Times: user=0.01 sys=0.00, real=0.00 secs] 
2024-07-05T01:31:22.558+0800: 2591.268: [GC (Allocation Failure) [PSYoungGen: 237760K->192K(238080K)] 570835K->333347K(716288K), 0.0047526 secs] [Times: user=0.01 sys=0.00, real=0.00 secs] 
2024-07-05T01:31:22.738+0800: 2591.449: [GC (Allocation Failure) [PSYoungGen: 237760K->288K(238080K)] 570915K->333483K(716288K), 0.0048664 secs] [Times: user=0.01 sys=0.00, real=0.00 secs] 
2024-07-05T01:31:22.916+0800: 2591.626: [GC (Allocation Failure) [PSYoungGen: 237856K->192K(238080K)] 571051K->333551K(716288K), 0.0045205 secs] [Times: user=0.01 sys=0.00, real=0.00 secs] 
2024-07-05T01:31:23.098+0800: 2591.808: [GC (Allocation Failure) [PSYoungGen: 237760K->256K(238080K)] 571119K->333656K(716288K), 0.0051362 secs] [Times: user=0.00 sys=0.00, real=0.00 secs] 
2024-07-05T01:31:23.280+0800: 2591.991: [GC (Allocation Failure) [PSYoungGen: 237824K->160K(238080K)] 571224K->333708K(716288K), 0.0054429 secs] [Times: user=0.00 sys=0.00, real=0.00 secs] 
2024-07-05T01:31:23.460+0800: 2592.170: [GC (Allocation Failure) [PSYoungGen: 237728K->160K(238080K)] 571276K->333780K(716288K), 0.0054544 secs] [Times: user=0.01 sys=0.00, real=0.00 secs] 
2024-07-05T01:31:23.638+0800: 2592.349: [GC (Allocation Failure) [PSYoungGen: 237728K->272K(238080K)] 571348K->333932K(716288K), 0.0046758 secs] [Times: user=0.00 sys=0.00, real=0.00 secs] 
2024-07-05T01:31:23.818+0800: 2592.529: [GC (Allocation Failure) [PSYoungGen: 237840K->192K(238080K)] 571500K->334004K(716288K), 0.0048838 secs] [Times: user=0.01 sys=0.00, real=0.00 secs] 
2024-07-05T01:31:23.994+0800: 2592.705: [GC (Allocation Failure) [PSYoungGen: 237760K->192K(238080K)] 571572K->334076K(716288K), 0.0051257 secs] [Times: user=0.01 sys=0.00, real=0.00 secs] 
2024-07-05T01:31:24.190+0800: 2592.900: [GC (Allocation Failure) [PSYoungGen: 237760K->400K(238080K)] 571644K->334332K(716288K), 0.0030802 secs] [Times: user=0.00 sys=0.00, real=0.00 secs] 
2024-07-05T01:31:24.370+0800: 2593.080: [GC (Allocation Failure) [PSYoungGen: 237968K->192K(238080K)] 571900K->334388K(716288K), 0.0052121 secs] [Times: user=0.01 sys=0.00, real=0.01 secs] 
2024-07-05T01:31:24.556+0800: 2593.267: [GC (Allocation Failure) [PSYoungGen: 237760K->240K(238080K)] 571956K->334476K(716288K), 0.0035744 secs] [Times: user=0.01 sys=0.00, real=0.00 secs] 
2024-07-05T01:31:24.738+0800: 2593.449: [GC (Allocation Failure) [PSYoungGen: 237808K->192K(238080K)] 572044K->334576K(716288K), 0.0048407 secs] [Times: user=0.01 sys=0.00, real=0.00 secs] 
2024-07-05T01:31:24.919+0800: 2593.629: [GC (Allocation Failure) [PSYoungGen: 237760K->160K(238080K)] 572144K->334616K(716288K), 0.0032001 secs] [Times: user=0.00 sys=0.00, real=0.00 secs] 
2024-07-05T01:31:25.094+0800: 2593.805: [GC (Allocation Failure) [PSYoungGen: 237728K->240K(238080K)] 572184K->334736K(716288K), 0.0054889 secs] [Times: user=0.00 sys=0.00, real=0.00 secs] 
2024-07-05T01:31:25.276+0800: 2593.987: [GC (Allocation Failure) [PSYoungGen: 237808K->192K(238080K)] 572304K->334832K(716288K), 0.0055346 secs] [Times: user=0.01 sys=0.00, real=0.00 secs] 
2024-07-05T01:31:25.462+0800: 2594.173: [GC (Allocation Failure) [PSYoungGen: 237760K->192K(238080K)] 572400K->334920K(716288K), 0.0031482 secs] [Times: user=0.00 sys=0.00, real=0.00 secs] 
2024-07-05T01:31:25.642+0800: 2594.353: [GC (Allocation Failure) [PSYoungGen: 237760K->256K(238080K)] 572488K->335024K(716288K), 0.0055865 secs] [Times: user=0.00 sys=0.00, real=0.01 secs] 
2024-07-05T01:31:25.826+0800: 2594.537: [GC (Allocation Failure) [PSYoungGen: 237824K->160K(238080K)] 572592K->335088K(716288K), 0.0053563 secs] [Times: user=0.01 sys=0.00, real=0.00 secs] 
2024-07-05T01:31:26.017+0800: 2594.728: [GC (Allocation Failure) [PSYoungGen: 237728K->256K(238080K)] 572656K->335224K(716288K), 0.0054370 secs] [Times: user=0.00 sys=0.00, real=0.00 secs] 
2024-07-05T01:31:26.206+0800: 2594.917: [GC (Allocation Failure) [PSYoungGen: 237824K->192K(238080K)] 572792K->335308K(716288K), 0.0063304 secs] [Times: user=0.01 sys=0.00, real=0.00 secs] 
2024-07-05T01:31:26.390+0800: 2595.101: [GC (Allocation Failure) [PSYoungGen: 237760K->192K(238080K)] 572876K->335388K(716288K), 0.0053854 secs] [Times: user=0.00 sys=0.00, real=0.01 secs] 
2024-07-05T01:31:26.582+0800: 2595.293: [GC (Allocation Failure) [PSYoungGen: 237760K->256K(238080K)] 572956K->335492K(716288K), 0.0054078 secs] [Times: user=0.01 sys=0.00, real=0.01 secs] 
2024-07-05T01:31:26.762+0800: 2595.473: [GC (Allocation Failure) [PSYoungGen: 237824K->192K(238080K)] 573060K->335580K(716288K), 0.0052358 secs] [Times: user=0.01 sys=0.00, real=0.01 secs] 
2024-07-05T01:31:26.945+0800: 2595.656: [GC (Allocation Failure) [PSYoungGen: 237760K->192K(238080K)] 573148K->335652K(716288K), 0.0031055 secs] [Times: user=0.01 sys=0.00, real=0.01 secs] 
2024-07-05T01:31:27.123+0800: 2595.833: [GC (Allocation Failure) [PSYoungGen: 237760K->288K(238080K)] 573220K->335796K(716288K), 0.0046956 secs] [Times: user=0.00 sys=0.00, real=0.01 secs] 
2024-07-05T01:31:27.302+0800: 2596.013: [GC (Allocation Failure) [PSYoungGen: 237856K->160K(238080K)] 573364K->335824K(716288K), 0.0048851 secs] [Times: user=0.01 sys=0.00, real=0.01 secs] 
2024-07-05T01:31:27.486+0800: 2596.197: [GC (Allocation Failure) [PSYoungGen: 237728K->224K(238080K)] 573392K->335928K(716288K), 0.0030029 secs] [Times: user=0.00 sys=0.00, real=0.00 secs] 
2024-07-05T01:31:27.658+0800: 2596.369: [GC (Allocation Failure) [PSYoungGen: 237792K->224K(238080K)] 573496K->336048K(716288K), 0.0067219 secs] [Times: user=0.00 sys=0.00, real=0.00 secs] 
2024-07-05T01:31:27.843+0800: 2596.554: [GC (Allocation Failure) [PSYoungGen: 237792K->192K(238080K)] 573616K->336104K(716288K), 0.0042930 secs] [Times: user=0.00 sys=0.00, real=0.01 secs] 
2024-07-05T01:31:28.026+0800: 2596.737: [GC (Allocation Failure) [PSYoungGen: 237760K->272K(238080K)] 573672K->336224K(716288K), 0.0047721 secs] [Times: user=0.01 sys=0.00, real=0.00 secs] 
2024-07-05T01:31:28.208+0800: 2596.919: [GC (Allocation Failure) [PSYoungGen: 237840K->192K(238080K)] 573792K->336296K(716288K), 0.0037156 secs] [Times: user=0.01 sys=0.00, real=0.00 secs] 
2024-07-05T01:31:28.390+0800: 2597.101: [GC (Allocation Failure) [PSYoungGen: 237760K->192K(238080K)] 573864K->336368K(716288K), 0.0046678 secs] [Times: user=0.00 sys=0.00, real=0.01 secs] 
2024-07-05T01:31:28.574+0800: 2597.285: [GC (Allocation Failure) [PSYoungGen: 237760K->256K(238080K)] 573936K->336472K(716288K), 0.0031749 secs] [Times: user=0.01 sys=0.00, real=0.00 secs] 
2024-07-05T01:31:28.758+0800: 2597.469: [GC (Allocation Failure) [PSYoungGen: 237824K->192K(238080K)] 574040K->336569K(716288K), 0.0029924 secs] [Times: user=0.00 sys=0.00, real=0.00 secs] 
2024-07-05T01:31:28.936+0800: 2597.646: [GC (Allocation Failure) [PSYoungGen: 237760K->192K(238080K)] 574137K->336641K(716288K), 0.0039928 secs] [Times: user=0.00 sys=0.00, real=0.00 secs] 
2024-07-05T01:31:29.110+0800: 2597.821: [GC (Allocation Failure) [PSYoungGen: 237760K->272K(238080K)] 574209K->336769K(716288K), 0.0052655 secs] [Times: user=0.01 sys=0.00, real=0.01 secs] 
2024-07-05T01:31:29.298+0800: 2598.009: [GC (Allocation Failure) [PSYoungGen: 237840K->192K(238080K)] 574337K->336857K(716288K), 0.0032513 secs] [Times: user=0.01 sys=0.00, real=0.00 secs] 
2024-07-05T01:31:29.478+0800: 2598.189: [GC (Allocation Failure) [PSYoungGen: 237760K->272K(238080K)] 574425K->336977K(716288K), 0.0032396 secs] [Times: user=0.00 sys=0.00, real=0.00 secs] 
2024-07-05T01:31:29.671+0800: 2598.382: [GC (Allocation Failure) [PSYoungGen: 237840K->192K(238080K)] 574545K->337049K(716288K), 0.0048718 secs] [Times: user=0.01 sys=0.00, real=0.01 secs] 
2024-07-05T01:31:29.850+0800: 2598.561: [GC (Allocation Failure) [PSYoungGen: 237760K->160K(238080K)] 574617K->337089K(716288K), 0.0052187 secs] [Times: user=0.01 sys=0.00, real=0.01 secs] 
2024-07-05T01:31:30.030+0800: 2598.741: [GC (Allocation Failure) [PSYoungGen: 237728K->256K(238080K)] 574657K->337225K(716288K), 0.0054349 secs] [Times: user=0.01 sys=0.00, real=0.01 secs] 
2024-07-05T01:31:30.218+0800: 2598.928: [GC (Allocation Failure) [PSYoungGen: 237824K->160K(238080K)] 574793K->337285K(716288K), 0.0057420 secs] [Times: user=0.00 sys=0.00, real=0.00 secs] 
2024-07-05T01:31:30.416+0800: 2599.127: [GC (Allocation Failure) [PSYoungGen: 237728K->208K(238080K)] 574853K->337389K(716288K), 0.0032181 secs] [Times: user=0.01 sys=0.00, real=0.00 secs] 
2024-07-05T01:31:30.599+0800: 2599.310: [GC (Allocation Failure) [PSYoungGen: 237776K->208K(238080K)] 574957K->337481K(716288K), 0.0032522 secs] [Times: user=0.01 sys=0.00, real=0.00 secs] 
2024-07-05T01:31:30.783+0800: 2599.494: [GC (Allocation Failure) [PSYoungGen: 237776K->160K(238080K)] 575049K->337545K(716288K), 0.0059178 secs] [Times: user=0.01 sys=0.00, real=0.01 secs] 
2024-07-05T01:31:30.966+0800: 2599.677: [GC (Allocation Failure) [PSYoungGen: 237728K->272K(238080K)] 575113K->337697K(716288K), 0.0048930 secs] [Times: user=0.01 sys=0.00, real=0.00 secs] 
2024-07-05T01:31:31.143+0800: 2599.854: [GC (Allocation Failure) [PSYoungGen: 237840K->192K(238080K)] 575265K->337769K(716288K), 0.0043156 secs] [Times: user=0.00 sys=0.00, real=0.01 secs] 
2024-07-05T01:31:31.320+0800: 2600.030: [GC (Allocation Failure) [PSYoungGen: 237760K->192K(238080K)] 575337K->337841K(716288K), 0.0050095 secs] [Times: user=0.01 sys=0.00, real=0.00 secs] 
2024-07-05T01:31:31.496+0800: 2600.206: [GC (Allocation Failure) [PSYoungGen: 237760K->272K(238080K)] 575409K->337969K(716288K), 0.0043138 secs] [Times: user=0.01 sys=0.00, real=0.00 secs] 
2024-07-05T01:31:31.675+0800: 2600.385: [GC (Allocation Failure) [PSYoungGen: 237840K->192K(238080K)] 575537K->338045K(716288K), 0.0032206 secs] [Times: user=0.01 sys=0.00, real=0.00 secs] 
2024-07-05T01:31:31.854+0800: 2600.565: [GC (Allocation Failure) [PSYoungGen: 237760K->192K(238080K)] 575613K->338117K(716288K), 0.0047035 secs] [Times: user=0.00 sys=0.00, real=0.00 secs] 
2024-07-05T01:31:32.031+0800: 2600.742: [GC (Allocation Failure) [PSYoungGen: 237760K->304K(238080K)] 575685K->338277K(716288K), 0.0032253 secs] [Times: user=0.00 sys=0.00, real=0.01 secs] 
2024-07-05T01:31:32.210+0800: 2600.921: [GC (Allocation Failure) [PSYoungGen: 237872K->160K(238080K)] 575845K->338293K(716288K), 0.0055075 secs] [Times: user=0.00 sys=0.00, real=0.01 secs] 
2024-07-05T01:31:32.398+0800: 2601.109: [GC (Allocation Failure) [PSYoungGen: 237728K->256K(238080K)] 575861K->338429K(716288K), 0.0030267 secs] [Times: user=0.01 sys=0.00, real=0.00 secs] 
2024-07-05T01:31:32.569+0800: 2601.280: [GC (Allocation Failure) [PSYoungGen: 237824K->192K(238080K)] 575997K->338513K(716288K), 0.0031454 secs] [Times: user=0.00 sys=0.00, real=0.00 secs] 
2024-07-05T01:31:32.749+0800: 2601.459: [GC (Allocation Failure) [PSYoungGen: 237760K->192K(238080K)] 576081K->338585K(716288K), 0.0030912 secs] [Times: user=0.01 sys=0.00, real=0.00 secs] 
2024-07-05T01:31:32.926+0800: 2601.637: [GC (Allocation Failure) [PSYoungGen: 237760K->288K(238080K)] 576153K->338729K(716288K), 0.0030822 secs] [Times: user=0.01 sys=0.00, real=0.00 secs] 
2024-07-05T01:31:33.104+0800: 2601.814: [GC (Allocation Failure) [PSYoungGen: 237856K->160K(238080K)] 576297K->338757K(716288K), 0.0044708 secs] [Times: user=0.01 sys=0.00, real=0.01 secs] 
2024-07-05T01:31:33.286+0800: 2601.997: [GC (Allocation Failure) [PSYoungGen: 237728K->192K(238080K)] 576325K->338861K(716288K), 0.0054075 secs] [Times: user=0.00 sys=0.00, real=0.00 secs] 
2024-07-05T01:31:33.468+0800: 2602.178: [GC (Allocation Failure) [PSYoungGen: 237760K->256K(238080K)] 576429K->338973K(716288K), 0.0031263 secs] [Times: user=0.00 sys=0.00, real=0.00 secs] 
2024-07-05T01:31:33.640+0800: 2602.350: [GC (Allocation Failure) [PSYoungGen: 237824K->192K(238080K)] 576541K->339077K(716288K), 0.0030468 secs] [Times: user=0.00 sys=0.00, real=0.00 secs] 
2024-07-05T01:31:33.818+0800: 2602.529: [GC (Allocation Failure) [PSYoungGen: 237760K->256K(238080K)] 576645K->339181K(716288K), 0.0052357 secs] [Times: user=0.00 sys=0.00, real=0.00 secs] 
2024-07-05T01:31:34.000+0800: 2602.711: [GC (Allocation Failure) [PSYoungGen: 237824K->192K(238080K)] 576749K->339269K(716288K), 0.0031332 secs] [Times: user=0.01 sys=0.00, real=0.00 secs] 
2024-07-05T01:31:34.176+0800: 2602.886: [GC (Allocation Failure) [PSYoungGen: 237760K->192K(238080K)] 576837K->339341K(716288K), 0.0030712 secs] [Times: user=0.00 sys=0.00, real=0.00 secs] 
2024-07-05T01:31:34.354+0800: 2603.065: [GC (Allocation Failure) [PSYoungGen: 237760K->272K(238080K)] 576909K->339470K(716288K), 0.0035714 secs] [Times: user=0.01 sys=0.00, real=0.00 secs] 
2024-07-05T01:31:34.532+0800: 2603.243: [GC (Allocation Failure) [PSYoungGen: 237840K->192K(238080K)] 577038K->339542K(716288K), 0.0030902 secs] [Times: user=0.00 sys=0.00, real=0.01 secs] 
2024-07-05T01:31:34.710+0800: 2603.420: [GC (Allocation Failure) [PSYoungGen: 237760K->160K(238080K)] 577110K->339582K(716288K), 0.0052164 secs] [Times: user=0.00 sys=0.00, real=0.01 secs] 
2024-07-05T01:31:34.918+0800: 2603.629: [GC (Allocation Failure) [PSYoungGen: 237728K->384K(238080K)] 577150K->339846K(716288K), 0.0049166 secs] [Times: user=0.00 sys=0.00, real=0.00 secs] 
2024-07-05T01:31:35.098+0800: 2603.809: [GC (Allocation Failure) [PSYoungGen: 237952K->192K(238080K)] 577414K->339918K(716288K), 0.0032496 secs] [Times: user=0.01 sys=0.00, real=0.00 secs] 
2024-07-05T01:31:35.290+0800: 2604.001: [GC (Allocation Failure) [PSYoungGen: 237760K->288K(238080K)] 577486K->340054K(716288K), 0.0055386 secs] [Times: user=0.01 sys=0.00, real=0.01 secs] 
2024-07-05T01:31:35.478+0800: 2604.189: [GC (Allocation Failure) [PSYoungGen: 237856K->160K(238080K)] 577622K->340066K(716288K), 0.0055946 secs] [Times: user=0.01 sys=0.00, real=0.00 secs] 
2024-07-05T01:31:35.662+0800: 2604.373: [GC (Allocation Failure) [PSYoungGen: 237728K->192K(238080K)] 577634K->340170K(716288K), 0.0038012 secs] [Times: user=0.01 sys=0.00, real=0.01 secs] 
2024-07-05T01:31:35.839+0800: 2604.550: [GC (Allocation Failure) [PSYoungGen: 237760K->288K(238080K)] 577738K->340314K(716288K), 0.0045389 secs] [Times: user=0.00 sys=0.00, real=0.00 secs] 
2024-07-05T01:31:36.025+0800: 2604.735: [GC (Allocation Failure) [PSYoungGen: 237856K->192K(238080K)] 577882K->340366K(716288K), 0.0030974 secs] [Times: user=0.00 sys=0.00, real=0.01 secs] 
2024-07-05T01:31:36.210+0800: 2604.921: [GC (Allocation Failure) [PSYoungGen: 237760K->192K(238080K)] 577934K->340438K(716288K), 0.0053151 secs] [Times: user=0.01 sys=0.00, real=0.01 secs] 
2024-07-05T01:31:36.392+0800: 2605.103: [GC (Allocation Failure) [PSYoungGen: 237760K->288K(238080K)] 578006K->340582K(716288K), 0.0036991 secs] [Times: user=0.00 sys=0.00, real=0.01 secs] 
2024-07-05T01:31:36.579+0800: 2605.290: [GC (Allocation Failure) [PSYoungGen: 237856K->192K(238080K)] 578150K->340650K(716288K), 0.0045842 secs] [Times: user=0.00 sys=0.00, real=0.00 secs] 
2024-07-05T01:31:36.762+0800: 2605.473: [GC (Allocation Failure) [PSYoungGen: 237760K->256K(238080K)] 578218K->340754K(716288K), 0.0062380 secs] [Times: user=0.00 sys=0.00, real=0.01 secs] 
2024-07-05T01:31:36.949+0800: 2605.660: [GC (Allocation Failure) [PSYoungGen: 237824K->192K(238080K)] 578322K->340834K(716288K), 0.0035879 secs] [Times: user=0.00 sys=0.00, real=0.00 secs] 
2024-07-05T01:31:37.125+0800: 2605.835: [GC (Allocation Failure) [PSYoungGen: 237760K->192K(238080K)] 578402K->340906K(716288K), 0.0035611 secs] [Times: user=0.00 sys=0.00, real=0.01 secs] 
2024-07-05T01:31:37.303+0800: 2606.013: [GC (Allocation Failure) [PSYoungGen: 237760K->240K(238080K)] 578474K->340994K(716288K), 0.0053773 secs] [Times: user=0.01 sys=0.00, real=0.01 secs] 
2024-07-05T01:31:37.485+0800: 2606.196: [GC (Allocation Failure) [PSYoungGen: 237808K->160K(238080K)] 578562K->341058K(716288K), 0.0053490 secs] [Times: user=0.00 sys=0.00, real=0.01 secs] 
2024-07-05T01:31:37.685+0800: 2606.396: [GC (Allocation Failure) [PSYoungGen: 237728K->192K(238080K)] 578626K->341162K(716288K), 0.0053245 secs] [Times: user=0.01 sys=0.00, real=0.01 secs] 
2024-07-05T01:31:37.870+0800: 2606.580: [GC (Allocation Failure) [PSYoungGen: 237760K->272K(238080K)] 578730K->341282K(716288K), 0.0065371 secs] [Times: user=0.01 sys=0.00, real=0.01 secs] 
2024-07-05T01:31:38.049+0800: 2606.760: [GC (Allocation Failure) [PSYoungGen: 237840K->192K(238080K)] 578850K->341358K(716288K), 0.0054545 secs] [Times: user=0.00 sys=0.00, real=0.01 secs] 
2024-07-05T01:31:38.238+0800: 2606.949: [GC (Allocation Failure) [PSYoungGen: 237760K->272K(238080K)] 578926K->341478K(716288K), 0.0050832 secs] [Times: user=0.00 sys=0.00, real=0.00 secs] 
2024-07-05T01:31:38.419+0800: 2607.130: [GC (Allocation Failure) [PSYoungGen: 237840K->160K(238080K)] 579046K->341510K(716288K), 0.0032294 secs] [Times: user=0.01 sys=0.00, real=0.00 secs] 
2024-07-05T01:31:38.598+0800: 2607.309: [GC (Allocation Failure) [PSYoungGen: 237728K->192K(238080K)] 579078K->341614K(716288K), 0.0030412 secs] [Times: user=0.01 sys=0.00, real=0.00 secs] 
2024-07-05T01:31:38.779+0800: 2607.490: [GC (Allocation Failure) [PSYoungGen: 237760K->272K(238080K)] 579182K->341742K(716288K), 0.0030614 secs] [Times: user=0.01 sys=0.00, real=0.00 secs] 
2024-07-05T01:31:38.954+0800: 2607.665: [GC (Allocation Failure) [PSYoungGen: 237840K->192K(238080K)] 579310K->341814K(716288K), 0.0030069 secs] [Times: user=0.00 sys=0.00, real=0.00 secs] 
2024-07-05T01:31:39.134+0800: 2607.845: [GC (Allocation Failure) [PSYoungGen: 237760K->192K(238080K)] 579382K->341886K(716288K), 0.0053987 secs] [Times: user=0.01 sys=0.00, real=0.00 secs] 
2024-07-05T01:31:39.324+0800: 2608.035: [GC (Allocation Failure) [PSYoungGen: 237760K->288K(238080K)] 579454K->342022K(716288K), 0.0048433 secs] [Times: user=0.01 sys=0.00, real=0.01 secs] 
2024-07-05T01:31:39.502+0800: 2608.213: [GC (Allocation Failure) [PSYoungGen: 237856K->160K(238080K)] 579590K->342050K(716288K), 0.0054284 secs] [Times: user=0.00 sys=0.00, real=0.01 secs] 
2024-07-05T01:31:39.694+0800: 2608.405: [GC (Allocation Failure) [PSYoungGen: 237728K->240K(238080K)] 579618K->342178K(716288K), 0.0063580 secs] [Times: user=0.01 sys=0.00, real=0.00 secs] 
2024-07-05T01:31:39.888+0800: 2608.598: [GC (Allocation Failure) [PSYoungGen: 237808K->192K(238080K)] 579746K->342278K(716288K), 0.0040494 secs] [Times: user=0.00 sys=0.00, real=0.00 secs] 
2024-07-05T01:31:40.070+0800: 2608.781: [GC (Allocation Failure) [PSYoungGen: 237760K->192K(238080K)] 579846K->342350K(716288K), 0.0031828 secs] [Times: user=0.01 sys=0.00, real=0.00 secs] 
2024-07-05T01:31:40.256+0800: 2608.967: [GC (Allocation Failure) [PSYoungGen: 237760K->288K(238080K)] 579918K->342494K(716288K), 0.0041308 secs] [Times: user=0.01 sys=0.00, real=0.00 secs] 
2024-07-05T01:31:40.436+0800: 2609.146: [GC (Allocation Failure) [PSYoungGen: 237856K->192K(238080K)] 580062K->342555K(716288K), 0.0031350 secs] [Times: user=0.00 sys=0.00, real=0.00 secs] 
2024-07-05T01:31:40.612+0800: 2609.323: [GC (Allocation Failure) [PSYoungGen: 237760K->192K(238080K)] 580123K->342627K(716288K), 0.0031897 secs] [Times: user=0.01 sys=0.00, real=0.01 secs] 
2024-07-05T01:31:40.894+0800: 2609.605: [GC (Allocation Failure) [PSYoungGen: 237760K->208K(238080K)] 580195K->342683K(716288K), 0.0035751 secs] [Times: user=0.01 sys=0.00, real=0.00 secs] 
2024-07-05T01:31:43.452+0800: 2612.163: [GC (Allocation Failure) [PSYoungGen: 237776K->496K(237056K)] 580251K->343523K(715264K), 0.0076463 secs] [Times: user=0.02 sys=0.00, real=0.01 secs] 
2024-07-05T01:31:47.038+0800: 2615.748: [GC (Allocation Failure) [PSYoungGen: 237040K->480K(237568K)] 580067K->343752K(715776K), 0.0027799 secs] [Times: user=0.00 sys=0.00, real=0.00 secs] 
2024-07-05T01:31:50.437+0800: 2619.148: [GC (Allocation Failure) [PSYoungGen: 237024K->512K(237568K)] 580296K->343792K(715776K), 0.0025912 secs] [Times: user=0.01 sys=0.00, real=0.00 secs] 
2024-07-05T01:31:53.847+0800: 2622.558: [GC (Allocation Failure) [PSYoungGen: 237056K->512K(237568K)] 580336K->343800K(715776K), 0.0025054 secs] [Times: user=0.00 sys=0.00, real=0.00 secs] 
2024-07-05T01:31:57.347+0800: 2626.057: [GC (Allocation Failure) [PSYoungGen: 237056K->512K(237568K)] 580344K->343808K(715776K), 0.0024808 secs] [Times: user=0.00 sys=0.00, real=0.00 secs] 
2024-07-05T01:32:00.774+0800: 2629.485: [GC (Allocation Failure) [PSYoungGen: 237056K->512K(232960K)] 580352K->343808K(711168K), 0.0025238 secs] [Times: user=0.00 sys=0.00, real=0.00 secs] 
2024-07-05T01:32:04.080+0800: 2632.791: [GC (Allocation Failure) [PSYoungGen: 232448K->384K(227840K)] 575744K->343680K(706048K), 0.0033630 secs] [Times: user=0.00 sys=0.00, real=0.00 secs] 
2024-07-05T01:32:07.300+0800: 2636.011: [GC (Allocation Failure) [PSYoungGen: 227712K->512K(224256K)] 571008K->343808K(702464K), 0.0031331 secs] [Times: user=0.00 sys=0.00, real=0.00 secs] 
2024-07-05T01:32:10.558+0800: 2639.269: [GC (Allocation Failure) [PSYoungGen: 223744K->480K(219648K)] 567040K->343776K(697856K), 0.0047306 secs] [Times: user=0.00 sys=0.00, real=0.00 secs] 
2024-07-05T01:32:13.712+0800: 2642.423: [GC (Allocation Failure) [PSYoungGen: 219616K->512K(216064K)] 562912K->343808K(694272K), 0.0024659 secs] [Times: user=0.00 sys=0.01, real=0.01 secs] 
2024-07-05T01:32:16.767+0800: 2645.478: [GC (Allocation Failure) [PSYoungGen: 215552K->512K(211968K)] 558848K->343808K(690176K), 0.0024834 secs] [Times: user=0.00 sys=0.00, real=0.00 secs] 
2024-07-05T01:32:19.786+0800: 2648.496: [GC (Allocation Failure) [PSYoungGen: 211456K->496K(207872K)] 554752K->343792K(686080K), 0.0036380 secs] [Times: user=0.00 sys=0.00, real=0.01 secs] 
2024-07-05T01:32:22.714+0800: 2651.425: [GC (Allocation Failure) [PSYoungGen: 207856K->512K(204800K)] 551152K->343808K(683008K), 0.0026675 secs] [Times: user=0.00 sys=0.00, real=0.00 secs] 
2024-07-05T01:32:25.660+0800: 2654.370: [GC (Allocation Failure) [PSYoungGen: 204288K->528K(201216K)] 547584K->343824K(679424K), 0.0035841 secs] [Times: user=0.01 sys=0.00, real=0.00 secs] 
2024-07-05T01:32:28.570+0800: 2657.281: [GC (Allocation Failure) [PSYoungGen: 200720K->480K(197120K)] 544016K->343784K(675328K), 0.0025422 secs] [Times: user=0.01 sys=0.00, real=0.00 secs] 
2024-07-05T01:32:31.504+0800: 2660.215: [GC (Allocation Failure) [PSYoungGen: 197088K->512K(194560K)] 540392K->343824K(672768K), 0.0043761 secs] [Times: user=0.00 sys=0.00, real=0.01 secs] 
2024-07-05T01:32:34.242+0800: 2662.953: [GC (Allocation Failure) [PSYoungGen: 194048K->512K(191488K)] 537360K->343824K(669696K), 0.0024659 secs] [Times: user=0.00 sys=0.00, real=0.00 secs] 
2024-07-05T01:32:36.899+0800: 2665.610: [GC (Allocation Failure) [PSYoungGen: 190976K->512K(188416K)] 534288K->343824K(666624K), 0.0026073 secs] [Times: user=0.01 sys=0.00, real=0.00 secs] 
2024-07-05T01:32:39.554+0800: 2668.265: [GC (Allocation Failure) [PSYoungGen: 187904K->480K(184832K)] 531216K->343804K(663040K), 0.0025296 secs] [Times: user=0.00 sys=0.00, real=0.00 secs] 
2024-07-05T01:32:42.259+0800: 2670.969: [GC (Allocation Failure) [PSYoungGen: 184800K->512K(182272K)] 528124K->343844K(660480K), 0.0026542 secs] [Times: user=0.00 sys=0.00, real=0.00 secs] 
2024-07-05T01:32:44.950+0800: 2673.661: [GC (Allocation Failure) [PSYoungGen: 181760K->512K(179200K)] 525092K->343844K(657408K), 0.0028390 secs] [Times: user=0.01 sys=0.00, real=0.00 secs] 
2024-07-05T01:32:47.514+0800: 2676.225: [GC (Allocation Failure) [PSYoungGen: 178688K->496K(176128K)] 522020K->343836K(654336K), 0.0046530 secs] [Times: user=0.01 sys=0.00, real=0.00 secs] 
2024-07-05T01:32:50.070+0800: 2678.780: [GC (Allocation Failure) [PSYoungGen: 176112K->512K(174080K)] 519452K->343852K(652288K), 0.0025241 secs] [Times: user=0.00 sys=0.00, real=0.00 secs] 
2024-07-05T01:32:52.533+0800: 2681.244: [GC (Allocation Failure) [PSYoungGen: 173568K->512K(171520K)] 516908K->343860K(649728K), 0.0026049 secs] [Times: user=0.00 sys=0.00, real=0.01 secs] 
2024-07-05T01:32:54.889+0800: 2683.600: [GC (Allocation Failure) [PSYoungGen: 171008K->480K(168448K)] 514356K->343844K(646656K), 0.0034343 secs] [Times: user=0.01 sys=0.00, real=0.00 secs] 
2024-07-05T01:32:57.381+0800: 2686.092: [GC (Allocation Failure) [PSYoungGen: 168416K->544K(166400K)] 511780K->343916K(644608K), 0.0026056 secs] [Times: user=0.01 sys=0.00, real=0.00 secs] 
2024-07-05T01:32:59.662+0800: 2688.373: [GC (Allocation Failure) [PSYoungGen: 165920K->544K(163840K)] 509292K->343916K(642048K), 0.0026652 secs] [Times: user=0.01 sys=0.00, real=0.00 secs] 
2024-07-05T01:33:02.030+0800: 2690.741: [GC (Allocation Failure) [PSYoungGen: 163360K->512K(161280K)] 506732K->343892K(639488K), 0.0027309 secs] [Times: user=0.01 sys=0.00, real=0.00 secs] 
2024-07-05T01:33:04.274+0800: 2692.985: [GC (Allocation Failure) [PSYoungGen: 160768K->480K(158720K)] 504148K->343876K(636928K), 0.0025982 secs] [Times: user=0.01 sys=0.00, real=0.00 secs] 
2024-07-05T01:33:06.582+0800: 2695.293: [GC (Allocation Failure) [PSYoungGen: 158688K->512K(157184K)] 502084K->343916K(635392K), 0.0025274 secs] [Times: user=0.00 sys=0.00, real=0.00 secs] 
2024-07-05T01:33:08.745+0800: 2697.456: [GC (Allocation Failure) [PSYoungGen: 156672K->512K(155136K)] 500076K->343916K(633344K), 0.0025234 secs] [Times: user=0.00 sys=0.00, real=0.01 secs] 
2024-07-05T01:33:11.032+0800: 2699.743: [GC (Allocation Failure) [PSYoungGen: 154624K->512K(153088K)] 498028K->343924K(631296K), 0.0026186 secs] [Times: user=0.01 sys=0.00, real=0.01 secs] 
2024-07-05T01:33:13.091+0800: 2701.802: [GC (Allocation Failure) [PSYoungGen: 152576K->480K(150528K)] 495988K->343908K(628736K), 0.0026265 secs] [Times: user=0.01 sys=0.00, real=0.01 secs] 
2024-07-05T01:33:15.286+0800: 2703.997: [GC (Allocation Failure) [PSYoungGen: 150496K->512K(148992K)] 493924K->343948K(627200K), 0.0024765 secs] [Times: user=0.00 sys=0.00, real=0.00 secs] 
2024-07-05T01:33:17.462+0800: 2706.173: [GC (Allocation Failure) [PSYoungGen: 148480K->544K(146944K)] 491916K->343980K(625152K), 0.0025798 secs] [Times: user=0.00 sys=0.00, real=0.00 secs] 
2024-07-05T01:33:19.529+0800: 2708.240: [GC (Allocation Failure) [PSYoungGen: 146464K->512K(144896K)] 489900K->343956K(623104K), 0.0026864 secs] [Times: user=0.00 sys=0.00, real=0.00 secs] 
2024-07-05T01:33:21.699+0800: 2710.410: [GC (Allocation Failure) [PSYoungGen: 144384K->480K(142336K)] 487828K->343940K(620544K), 0.0025232 secs] [Times: user=0.00 sys=0.00, real=0.00 secs] 
2024-07-05T01:33:23.724+0800: 2712.434: [GC (Allocation Failure) [PSYoungGen: 142304K->512K(140800K)] 485764K->343980K(619008K), 0.0036390 secs] [Times: user=0.01 sys=0.00, real=0.01 secs] 
2024-07-05T01:33:25.708+0800: 2714.418: [GC (Allocation Failure) [PSYoungGen: 140288K->544K(139264K)] 483756K->344012K(617472K), 0.0035266 secs] [Times: user=0.00 sys=0.00, real=0.00 secs] 
2024-07-05T01:33:27.758+0800: 2716.468: [GC (Allocation Failure) [PSYoungGen: 138784K->512K(137728K)] 482252K->343988K(615936K), 0.0045942 secs] [Times: user=0.00 sys=0.01, real=0.00 secs] 
2024-07-05T01:33:29.665+0800: 2718.376: [GC (Allocation Failure) [PSYoungGen: 137216K->480K(135680K)] 480692K->343972K(613888K), 0.0025178 secs] [Times: user=0.01 sys=0.00, real=0.01 secs] 
2024-07-05T01:33:31.569+0800: 2720.279: [GC (Allocation Failure) [PSYoungGen: 135648K->512K(134656K)] 479140K->344012K(612864K), 0.0025992 secs] [Times: user=0.01 sys=0.00, real=0.00 secs] 
2024-07-05T01:33:33.515+0800: 2722.225: [GC (Allocation Failure) [PSYoungGen: 134144K->512K(133120K)] 477644K->344012K(611328K), 0.0025648 secs] [Times: user=0.01 sys=0.00, real=0.00 secs] 
2024-07-05T01:33:35.450+0800: 2724.160: [GC (Allocation Failure) [PSYoungGen: 132608K->512K(131584K)] 476108K->344020K(609792K), 0.0024908 secs] [Times: user=0.01 sys=0.00, real=0.00 secs] 
2024-07-05T01:33:37.266+0800: 2725.977: [GC (Allocation Failure) [PSYoungGen: 131072K->480K(129536K)] 474580K->344004K(607744K), 0.0034874 secs] [Times: user=0.01 sys=0.00, real=0.00 secs] 
2024-07-05T01:33:39.045+0800: 2727.756: [GC (Allocation Failure) [PSYoungGen: 129504K->512K(128512K)] 473028K->344044K(606720K), 0.0025716 secs] [Times: user=0.00 sys=0.00, real=0.01 secs] 
2024-07-05T01:33:40.880+0800: 2729.591: [GC (Allocation Failure) [PSYoungGen: 128000K->496K(126464K)] 471532K->344028K(604672K), 0.0034472 secs] [Times: user=0.01 sys=0.00, real=0.00 secs] 
2024-07-05T01:33:43.260+0800: 2731.970: [GC (Allocation Failure) [PSYoungGen: 126448K->512K(125440K)] 469980K->344052K(603648K), 0.0025181 secs] [Times: user=0.01 sys=0.00, real=0.00 secs] 
2024-07-05T01:33:45.101+0800: 2733.811: [GC (Allocation Failure) [PSYoungGen: 124928K->512K(123904K)] 468468K->344060K(602112K), 0.0025042 secs] [Times: user=0.00 sys=0.00, real=0.00 secs] 
2024-07-05T01:33:46.905+0800: 2735.616: [GC (Allocation Failure) [PSYoungGen: 123392K->544K(122368K)] 466940K->344100K(600576K), 0.0025634 secs] [Times: user=0.00 sys=0.00, real=0.01 secs] 
2024-07-05T01:33:48.661+0800: 2737.371: [GC (Allocation Failure) [PSYoungGen: 121888K->480K(120320K)] 465444K->344052K(598528K), 0.0025599 secs] [Times: user=0.01 sys=0.00, real=0.00 secs] 
2024-07-05T01:33:50.400+0800: 2739.110: [GC (Allocation Failure) [PSYoungGen: 120288K->512K(119296K)] 463860K->344092K(597504K), 0.0025794 secs] [Times: user=0.01 sys=0.00, real=0.00 secs] 
2024-07-05T01:33:52.107+0800: 2740.817: [GC (Allocation Failure) [PSYoungGen: 118784K->512K(118272K)] 462364K->344092K(596480K), 0.0025551 secs] [Times: user=0.00 sys=0.00, real=0.00 secs] 
2024-07-05T01:33:53.806+0800: 2742.517: [GC (Allocation Failure) [PSYoungGen: 117760K->512K(117248K)] 461340K->344100K(595456K), 0.0045117 secs] [Times: user=0.01 sys=0.00, real=0.00 secs] 
2024-07-05T01:33:55.433+0800: 2744.143: [GC (Allocation Failure) [PSYoungGen: 116736K->480K(115712K)] 460324K->344084K(593920K), 0.0025894 secs] [Times: user=0.00 sys=0.00, real=0.01 secs] 
2024-07-05T01:33:57.038+0800: 2745.748: [GC (Allocation Failure) [PSYoungGen: 115680K->512K(115200K)] 459284K->344124K(593408K), 0.0026435 secs] [Times: user=0.00 sys=0.00, real=0.00 secs] 
2024-07-05T01:33:58.670+0800: 2747.380: [GC (Allocation Failure) [PSYoungGen: 114688K->480K(113664K)] 458300K->344092K(591872K), 0.0042357 secs] [Times: user=0.00 sys=0.00, real=0.01 secs] 
2024-07-05T01:34:00.314+0800: 2749.025: [GC (Allocation Failure) [PSYoungGen: 113632K->512K(113152K)] 457244K->344132K(591360K), 0.0035395 secs] [Times: user=0.01 sys=0.00, real=0.00 secs] 
2024-07-05T01:34:01.927+0800: 2750.638: [GC (Allocation Failure) [PSYoungGen: 112640K->512K(112128K)] 456260K->344140K(590336K), 0.0025336 secs] [Times: user=0.00 sys=0.00, real=0.00 secs] 
2024-07-05T01:34:03.562+0800: 2752.273: [GC (Allocation Failure) [PSYoungGen: 111616K->512K(111104K)] 455244K->344148K(589312K), 0.0026328 secs] [Times: user=0.00 sys=0.00, real=0.00 secs] 
2024-07-05T01:34:05.341+0800: 2754.051: [GC (Allocation Failure) [PSYoungGen: 110592K->480K(109568K)] 454228K->344132K(587776K), 0.0030157 secs] [Times: user=0.00 sys=0.00, real=0.00 secs] 
2024-07-05T01:34:06.984+0800: 2755.695: [GC (Allocation Failure) [PSYoungGen: 109536K->480K(109056K)] 453188K->344140K(587264K), 0.0037768 secs] [Times: user=0.01 sys=0.00, real=0.01 secs] 
2024-07-05T01:34:08.716+0800: 2757.426: [GC (Allocation Failure) [PSYoungGen: 108512K->496K(107520K)] 452172K->344156K(585728K), 0.0038610 secs] [Times: user=0.00 sys=0.00, real=0.00 secs] 
2024-07-05T01:34:10.374+0800: 2759.085: [GC (Allocation Failure) [PSYoungGen: 107504K->480K(107008K)] 451164K->344148K(585216K), 0.0040496 secs] [Times: user=0.00 sys=0.00, real=0.00 secs] 
2024-07-05T01:34:11.979+0800: 2760.690: [GC (Allocation Failure) [PSYoungGen: 106464K->512K(105984K)] 450132K->344188K(584192K), 0.0026077 secs] [Times: user=0.01 sys=0.00, real=0.00 secs] 
2024-07-05T01:34:13.576+0800: 2762.286: [GC (Allocation Failure) [PSYoungGen: 105472K->496K(104448K)] 449148K->344180K(582656K), 0.0036127 secs] [Times: user=0.01 sys=0.00, real=0.00 secs] 
2024-07-05T01:34:15.086+0800: 2763.796: [GC (Allocation Failure) [PSYoungGen: 104432K->544K(103936K)] 448116K->344236K(582144K), 0.0041828 secs] [Times: user=0.01 sys=0.00, real=0.01 secs] 
2024-07-05T01:34:16.556+0800: 2765.267: [GC (Allocation Failure) [PSYoungGen: 103456K->512K(102912K)] 447148K->344212K(581120K), 0.0026477 secs] [Times: user=0.00 sys=0.00, real=0.00 secs] 
2024-07-05T01:34:17.998+0800: 2766.709: [GC (Allocation Failure) [PSYoungGen: 102400K->480K(101376K)] 446100K->344196K(579584K), 0.0033805 secs] [Times: user=0.00 sys=0.00, real=0.00 secs] 
2024-07-05T01:34:19.434+0800: 2768.145: [GC (Allocation Failure) [PSYoungGen: 101344K->512K(100864K)] 445060K->344236K(579072K), 0.0036328 secs] [Times: user=0.01 sys=0.00, real=0.00 secs] 
2024-07-05T01:34:20.844+0800: 2769.555: [GC (Allocation Failure) [PSYoungGen: 100352K->512K(99840K)] 444076K->344236K(578048K), 0.0026429 secs] [Times: user=0.00 sys=0.00, real=0.01 secs] 
2024-07-05T01:34:22.238+0800: 2770.949: [GC (Allocation Failure) [PSYoungGen: 99328K->496K(98304K)] 443052K->344228K(576512K), 0.0045112 secs] [Times: user=0.00 sys=0.00, real=0.00 secs] 
2024-07-05T01:34:23.633+0800: 2772.344: [GC (Allocation Failure) [PSYoungGen: 98288K->512K(97792K)] 442020K->344252K(576000K), 0.0026261 secs] [Times: user=0.01 sys=0.00, real=0.01 secs] 
2024-07-05T01:34:25.001+0800: 2773.712: [GC (Allocation Failure) [PSYoungGen: 97280K->512K(96768K)] 441020K->344260K(574976K), 0.0025627 secs] [Times: user=0.00 sys=0.00, real=0.00 secs] 
2024-07-05T01:34:26.346+0800: 2775.057: [GC (Allocation Failure) [PSYoungGen: 96256K->480K(95232K)] 440004K->344244K(573440K), 0.0025084 secs] [Times: user=0.00 sys=0.00, real=0.00 secs] 
2024-07-05T01:34:27.701+0800: 2776.412: [GC (Allocation Failure) [PSYoungGen: 95200K->512K(94720K)] 438964K->344284K(572928K), 0.0024676 secs] [Times: user=0.00 sys=0.00, real=0.00 secs] 
2024-07-05T01:34:29.088+0800: 2777.798: [GC (Allocation Failure) [PSYoungGen: 94208K->512K(94208K)] 437980K->344284K(572416K), 0.0026111 secs] [Times: user=0.00 sys=0.00, real=0.00 secs] 
2024-07-05T01:34:30.486+0800: 2779.197: [GC (Allocation Failure) [PSYoungGen: 93696K->368K(93184K)] 437468K->344148K(571392K), 0.0025850 secs] [Times: user=0.00 sys=0.00, real=0.00 secs] 
2024-07-05T01:34:31.795+0800: 2780.506: [GC (Allocation Failure) [PSYoungGen: 93040K->512K(93184K)] 436820K->344300K(571392K), 0.0024781 secs] [Times: user=0.01 sys=0.00, real=0.00 secs] 
2024-07-05T01:34:33.087+0800: 2781.797: [GC (Allocation Failure) [PSYoungGen: 92672K->512K(92672K)] 436460K->344308K(570880K), 0.0025496 secs] [Times: user=0.01 sys=0.00, real=0.00 secs] 
2024-07-05T01:34:34.362+0800: 2783.073: [GC (Allocation Failure) [PSYoungGen: 92160K->480K(91648K)] 435956K->344292K(569856K), 0.0026154 secs] [Times: user=0.00 sys=0.00, real=0.00 secs] 
2024-07-05T01:34:35.634+0800: 2784.344: [GC (Allocation Failure) [PSYoungGen: 91616K->512K(91648K)] 435428K->344332K(569856K), 0.0026157 secs] [Times: user=0.00 sys=0.00, real=0.00 secs] 
2024-07-05T01:34:36.902+0800: 2785.613: [GC (Allocation Failure) [PSYoungGen: 91136K->512K(91136K)] 434956K->344332K(569344K), 0.0025629 secs] [Times: user=0.01 sys=0.00, real=0.00 secs] 
2024-07-05T01:34:38.254+0800: 2786.965: [GC (Allocation Failure) [PSYoungGen: 90624K->512K(90624K)] 434444K->344340K(568832K), 0.0026820 secs] [Times: user=0.00 sys=0.00, real=0.00 secs] 
2024-07-05T01:34:39.557+0800: 2788.268: [GC (Allocation Failure) [PSYoungGen: 90112K->480K(89600K)] 433940K->344324K(567808K), 0.0026920 secs] [Times: user=0.01 sys=0.00, real=0.00 secs] 
2024-07-05T01:34:40.815+0800: 2789.526: [GC (Allocation Failure) [PSYoungGen: 89568K->512K(89600K)] 433412K->344364K(567808K), 0.0025033 secs] [Times: user=0.01 sys=0.00, real=0.00 secs] 
2024-07-05T01:34:42.038+0800: 2790.749: [GC (Allocation Failure) [PSYoungGen: 89088K->512K(89088K)] 432940K->344364K(567296K), 0.0025613 secs] [Times: user=0.01 sys=0.00, real=0.00 secs] 
2024-07-05T01:34:43.258+0800: 2791.969: [GC (Allocation Failure) [PSYoungGen: 88576K->512K(88576K)] 432428K->344372K(566784K), 0.0025394 secs] [Times: user=0.00 sys=0.00, real=0.00 secs] 
2024-07-05T01:34:44.486+0800: 2793.197: [GC (Allocation Failure) [PSYoungGen: 88064K->480K(87552K)] 431924K->344356K(565760K), 0.0026841 secs] [Times: user=0.01 sys=0.00, real=0.00 secs] 
2024-07-05T01:34:45.786+0800: 2794.497: [GC (Allocation Failure) [PSYoungGen: 87520K->512K(87552K)] 431396K->344396K(565760K), 0.0026743 secs] [Times: user=0.01 sys=0.00, real=0.00 secs] 
2024-07-05T01:34:47.072+0800: 2795.783: [GC (Allocation Failure) [PSYoungGen: 87040K->496K(86528K)] 430924K->344380K(564736K), 0.0031091 secs] [Times: user=0.00 sys=0.00, real=0.01 secs] 
2024-07-05T01:34:48.263+0800: 2796.974: [GC (Allocation Failure) [PSYoungGen: 86512K->512K(86528K)] 430396K->344404K(564736K), 0.0024296 secs] [Times: user=0.00 sys=0.01, real=0.01 secs] 
2024-07-05T01:34:49.437+0800: 2798.148: [GC (Allocation Failure) [PSYoungGen: 86016K->512K(86016K)] 429908K->344412K(564224K), 0.0025238 secs] [Times: user=0.00 sys=0.00, real=0.00 secs] 
2024-07-05T01:34:50.623+0800: 2799.333: [GC (Allocation Failure) [PSYoungGen: 85504K->512K(85504K)] 429404K->344420K(563712K), 0.0026327 secs] [Times: user=0.01 sys=0.00, real=0.00 secs] 
2024-07-05T01:34:51.870+0800: 2800.581: [GC (Allocation Failure) [PSYoungGen: 84992K->480K(84480K)] 428900K->344404K(562688K), 0.0042629 secs] [Times: user=0.01 sys=0.00, real=0.01 secs] 
2024-07-05T01:34:53.115+0800: 2801.826: [GC (Allocation Failure) [PSYoungGen: 84448K->512K(84480K)] 428372K->344444K(562688K), 0.0025968 secs] [Times: user=0.00 sys=0.00, real=0.00 secs] 
2024-07-05T01:34:54.251+0800: 2802.962: [GC (Allocation Failure) [PSYoungGen: 83968K->512K(83968K)] 427900K->344444K(562176K), 0.0025376 secs] [Times: user=0.00 sys=0.00, real=0.01 secs] 
2024-07-05T01:34:55.393+0800: 2804.104: [GC (Allocation Failure) [PSYoungGen: 83456K->512K(83456K)] 427388K->344452K(561664K), 0.0026275 secs] [Times: user=0.00 sys=0.00, real=0.01 secs] 
2024-07-05T01:34:56.555+0800: 2805.265: [GC (Allocation Failure) [PSYoungGen: 82944K->480K(82432K)] 426884K->344436K(560640K), 0.0040206 secs] [Times: user=0.01 sys=0.00, real=0.00 secs] 
2024-07-05T01:34:57.882+0800: 2806.593: [GC (Allocation Failure) [PSYoungGen: 82400K->496K(82432K)] 426356K->344460K(560640K), 0.0037117 secs] [Times: user=0.01 sys=0.00, real=0.01 secs] 
2024-07-05T01:34:59.004+0800: 2807.715: [GC (Allocation Failure) [PSYoungGen: 81904K->512K(81920K)] 425868K->344476K(560128K), 0.0025727 secs] [Times: user=0.01 sys=0.00, real=0.01 secs] 
2024-07-05T01:35:00.124+0800: 2808.835: [GC (Allocation Failure) [PSYoungGen: 81408K->480K(80896K)] 425372K->344452K(559104K), 0.0046835 secs] [Times: user=0.00 sys=0.00, real=0.01 secs] 
2024-07-05T01:35:01.241+0800: 2809.952: [GC (Allocation Failure) [PSYoungGen: 80864K->512K(80896K)] 424836K->344492K(559104K), 0.0026986 secs] [Times: user=0.01 sys=0.00, real=0.00 secs] 
2024-07-05T01:35:02.522+0800: 2811.232: [GC (Allocation Failure) [PSYoungGen: 80384K->480K(79872K)] 424364K->344468K(558080K), 0.0028161 secs] [Times: user=0.01 sys=0.00, real=0.00 secs] 
2024-07-05T01:35:03.624+0800: 2812.335: [GC (Allocation Failure) [PSYoungGen: 79840K->512K(79872K)] 423828K->344508K(558080K), 0.0025978 secs] [Times: user=0.00 sys=0.00, real=0.01 secs] 
2024-07-05T01:35:04.758+0800: 2813.469: [GC (Allocation Failure) [PSYoungGen: 79360K->496K(78848K)] 423356K->344500K(557056K), 0.0033911 secs] [Times: user=0.01 sys=0.00, real=0.00 secs] 
2024-07-05T01:35:05.866+0800: 2814.577: [GC (Allocation Failure) [PSYoungGen: 78744K->384K(78336K)] 422749K->344396K(556544K), 0.0043158 secs] [Times: user=0.00 sys=0.00, real=0.00 secs] 
2024-07-05T01:35:07.118+0800: 2815.829: [GC (Allocation Failure) [PSYoungGen: 78208K->480K(78336K)] 422220K->344500K(556544K), 0.0038055 secs] [Times: user=0.01 sys=0.00, real=0.00 secs] 
2024-07-05T01:35:08.174+0800: 2816.884: [GC (Allocation Failure) [PSYoungGen: 77792K->512K(77824K)] 421812K->344540K(556032K), 0.0025229 secs] [Times: user=0.00 sys=0.00, real=0.00 secs] 
2024-07-05T01:35:09.221+0800: 2817.931: [GC (Allocation Failure) [PSYoungGen: 77312K->480K(76800K)] 421340K->344516K(555008K), 0.0028804 secs] [Times: user=0.00 sys=0.00, real=0.00 secs] 
2024-07-05T01:35:10.364+0800: 2819.075: [GC (Allocation Failure) [PSYoungGen: 76768K->512K(76800K)] 420804K->344556K(555008K), 0.0026081 secs] [Times: user=0.01 sys=0.00, real=0.01 secs] 
2024-07-05T01:35:11.465+0800: 2820.175: [GC (Allocation Failure) [PSYoungGen: 76288K->512K(76288K)] 420332K->344564K(554496K), 0.0030423 secs] [Times: user=0.00 sys=0.00, real=0.01 secs] 
2024-07-05T01:35:12.480+0800: 2821.191: [GC (Allocation Failure) [PSYoungGen: 75776K->480K(75264K)] 419828K->344540K(553472K), 0.0025447 secs] [Times: user=0.00 sys=0.00, real=0.00 secs] 
2024-07-05T01:35:13.510+0800: 2822.220: [GC (Allocation Failure) [PSYoungGen: 75232K->512K(75264K)] 419292K->344580K(553472K), 0.0026301 secs] [Times: user=0.00 sys=0.00, real=0.00 secs] 
2024-07-05T01:35:14.666+0800: 2823.377: [GC (Allocation Failure) [PSYoungGen: 74752K->480K(74240K)] 418820K->344556K(552448K), 0.0032265 secs] [Times: user=0.01 sys=0.00, real=0.00 secs] 
2024-07-05T01:35:15.666+0800: 2824.377: [GC (Allocation Failure) [PSYoungGen: 74208K->512K(74240K)] 418284K->344596K(552448K), 0.0026048 secs] [Times: user=0.01 sys=0.00, real=0.00 secs] 
2024-07-05T01:35:16.667+0800: 2825.378: [GC (Allocation Failure) [PSYoungGen: 73728K->368K(73216K)] 417812K->344460K(551424K), 0.0037779 secs] [Times: user=0.01 sys=0.00, real=0.00 secs] 
2024-07-05T01:35:17.825+0800: 2826.536: [GC (Allocation Failure) [PSYoungGen: 73072K->512K(73216K)] 417164K->344612K(551424K), 0.0025667 secs] [Times: user=0.01 sys=0.00, real=0.01 secs] 
2024-07-05T01:35:18.798+0800: 2827.509: [GC (Allocation Failure) [PSYoungGen: 72704K->512K(72704K)] 416804K->344612K(550912K), 0.0026116 secs] [Times: user=0.00 sys=0.00, real=0.00 secs] 
2024-07-05T01:35:19.774+0800: 2828.484: [GC (Allocation Failure) [PSYoungGen: 72192K->512K(72192K)] 416292K->344620K(550400K), 0.0025127 secs] [Times: user=0.00 sys=0.00, real=0.00 secs] 
2024-07-05T01:35:20.896+0800: 2829.607: [GC (Allocation Failure) [PSYoungGen: 71680K->480K(71168K)] 415788K->344604K(549376K), 0.0025503 secs] [Times: user=0.00 sys=0.00, real=0.00 secs] 
2024-07-05T01:35:21.843+0800: 2830.553: [GC (Allocation Failure) [PSYoungGen: 71136K->512K(71168K)] 415260K->344644K(549376K), 0.0024900 secs] [Times: user=0.00 sys=0.00, real=0.00 secs] 
2024-07-05T01:35:22.810+0800: 2831.521: [GC (Allocation Failure) [PSYoungGen: 70656K->544K(70656K)] 414788K->344676K(548864K), 0.0028192 secs] [Times: user=0.01 sys=0.00, real=0.00 secs] 
2024-07-05T01:35:23.938+0800: 2832.649: [GC (Allocation Failure) [PSYoungGen: 70176K->480K(69632K)] 414308K->344620K(547840K), 0.0028787 secs] [Times: user=0.00 sys=0.00, real=0.00 secs] 
2024-07-05T01:35:24.874+0800: 2833.585: [GC (Allocation Failure) [PSYoungGen: 69600K->512K(69632K)] 413740K->344660K(547840K), 0.0025788 secs] [Times: user=0.00 sys=0.00, real=0.00 secs] 
2024-07-05T01:35:25.826+0800: 2834.537: [GC (Allocation Failure) [PSYoungGen: 69120K->480K(68608K)] 413268K->344636K(546816K), 0.0039641 secs] [Times: user=0.00 sys=0.00, real=0.00 secs] 
2024-07-05T01:35:26.922+0800: 2835.632: [GC (Allocation Failure) [PSYoungGen: 68576K->512K(68608K)] 412732K->344676K(546816K), 0.0028444 secs] [Times: user=0.00 sys=0.00, real=0.00 secs] 
2024-07-05T01:35:27.825+0800: 2836.535: [GC (Allocation Failure) [PSYoungGen: 68096K->512K(68096K)] 412260K->344684K(546304K), 0.0025789 secs] [Times: user=0.01 sys=0.00, real=0.01 secs] 
2024-07-05T01:35:28.833+0800: 2837.543: [GC (Allocation Failure) [PSYoungGen: 67584K->480K(67072K)] 411756K->344668K(545280K), 0.0031284 secs] [Times: user=0.00 sys=0.00, real=0.01 secs] 
2024-07-05T01:35:29.821+0800: 2838.532: [GC (Allocation Failure) [PSYoungGen: 67040K->512K(67072K)] 411228K->344700K(545280K), 0.0039944 secs] [Times: user=0.01 sys=0.00, real=0.00 secs] 
2024-07-05T01:35:30.742+0800: 2839.453: [GC (Allocation Failure) [PSYoungGen: 66560K->512K(66560K)] 410748K->344708K(544768K), 0.0024960 secs] [Times: user=0.01 sys=0.00, real=0.00 secs] 
2024-07-05T01:35:31.736+0800: 2840.446: [GC (Allocation Failure) [PSYoungGen: 66048K->512K(66048K)] 410244K->344716K(544256K), 0.0024940 secs] [Times: user=0.00 sys=0.00, real=0.00 secs] 
2024-07-05T01:35:32.667+0800: 2841.378: [GC (Allocation Failure) [PSYoungGen: 65536K->480K(65024K)] 409740K->344692K(543232K), 0.0025090 secs] [Times: user=0.00 sys=0.00, real=0.00 secs] 
2024-07-05T01:35:33.594+0800: 2842.305: [GC (Allocation Failure) [PSYoungGen: 64992K->480K(65536K)] 409204K->344700K(543744K), 0.0039819 secs] [Times: user=0.00 sys=0.00, real=0.00 secs] 
2024-07-05T01:35:34.599+0800: 2843.309: [GC (Allocation Failure) [PSYoungGen: 64992K->512K(65536K)] 409212K->344732K(543744K), 0.0026232 secs] [Times: user=0.01 sys=0.00, real=0.00 secs] 
2024-07-05T01:35:35.452+0800: 2844.162: [GC (Allocation Failure) [PSYoungGen: 65024K->512K(65536K)] 409244K->344732K(543744K), 0.0026864 secs] [Times: user=0.01 sys=0.00, real=0.01 secs] 
2024-07-05T01:35:36.406+0800: 2845.117: [GC (Allocation Failure) [PSYoungGen: 65024K->480K(65024K)] 409244K->344716K(543232K), 0.0054955 secs] [Times: user=0.01 sys=0.00, real=0.00 secs] 
2024-07-05T01:35:37.344+0800: 2846.055: [GC (Allocation Failure) [PSYoungGen: 64992K->512K(65536K)] 409228K->344756K(543744K), 0.0026541 secs] [Times: user=0.00 sys=0.00, real=0.01 secs] 
2024-07-05T01:35:38.276+0800: 2846.986: [GC (Allocation Failure) [PSYoungGen: 65024K->512K(65536K)] 409268K->344756K(543744K), 0.0026725 secs] [Times: user=0.00 sys=0.00, real=0.00 secs] 
2024-07-05T01:35:39.261+0800: 2847.971: [GC (Allocation Failure) [PSYoungGen: 65024K->512K(65536K)] 409268K->344764K(543744K), 0.0027240 secs] [Times: user=0.00 sys=0.00, real=0.00 secs] 
2024-07-05T01:35:40.142+0800: 2848.853: [GC (Allocation Failure) [PSYoungGen: 65024K->480K(65024K)] 409276K->344748K(543232K), 0.0025636 secs] [Times: user=0.01 sys=0.00, real=0.00 secs] 
2024-07-05T01:35:41.110+0800: 2849.821: [GC (Allocation Failure) [PSYoungGen: 64992K->512K(65536K)] 409260K->344788K(543744K), 0.0025771 secs] [Times: user=0.01 sys=0.00, real=0.00 secs] 
2024-07-05T01:35:42.070+0800: 2850.781: [GC (Allocation Failure) [PSYoungGen: 65024K->512K(65536K)] 409300K->344788K(543744K), 0.0039684 secs] [Times: user=0.01 sys=0.00, real=0.01 secs] 
2024-07-05T01:35:43.042+0800: 2851.753: [GC (Allocation Failure) [PSYoungGen: 65024K->512K(65536K)] 409300K->344796K(543744K), 0.0026272 secs] [Times: user=0.01 sys=0.00, real=0.00 secs] 
2024-07-05T01:35:44.014+0800: 2852.725: [GC (Allocation Failure) [PSYoungGen: 65024K->480K(65024K)] 409308K->344780K(543232K), 0.0027281 secs] [Times: user=0.00 sys=0.00, real=0.00 secs] 
2024-07-05T01:35:44.910+0800: 2853.621: [GC (Allocation Failure) [PSYoungGen: 64992K->544K(65536K)] 409292K->344852K(543744K), 0.0036712 secs] [Times: user=0.01 sys=0.00, real=0.01 secs] 
2024-07-05T01:35:45.966+0800: 2854.677: [GC (Allocation Failure) [PSYoungGen: 65056K->512K(65536K)] 409364K->344820K(543744K), 0.0031130 secs] [Times: user=0.00 sys=0.00, real=0.00 secs] 
2024-07-05T01:35:46.997+0800: 2855.708: [GC (Allocation Failure) [PSYoungGen: 65024K->512K(65536K)] 409332K->344828K(543744K), 0.0026441 secs] [Times: user=0.01 sys=0.00, real=0.00 secs] 
2024-07-05T01:35:47.946+0800: 2856.657: [GC (Allocation Failure) [PSYoungGen: 65024K->480K(65024K)] 409340K->344812K(543232K), 0.0028584 secs] [Times: user=0.01 sys=0.00, real=0.00 secs] 
2024-07-05T01:35:48.923+0800: 2857.633: [GC (Allocation Failure) [PSYoungGen: 64992K->512K(65536K)] 409324K->344852K(543744K), 0.0040677 secs] [Times: user=0.00 sys=0.00, real=0.01 secs] 
2024-07-05T01:35:49.836+0800: 2858.547: [GC (Allocation Failure) [PSYoungGen: 65024K->512K(65536K)] 409364K->344852K(543744K), 0.0038250 secs] [Times: user=0.01 sys=0.00, real=0.00 secs] 
2024-07-05T01:35:50.865+0800: 2859.576: [GC (Allocation Failure) [PSYoungGen: 65024K->512K(65536K)] 409364K->344860K(543744K), 0.0032971 secs] [Times: user=0.00 sys=0.00, real=0.01 secs] 
2024-07-05T01:35:51.870+0800: 2860.581: [GC (Allocation Failure) [PSYoungGen: 65024K->480K(65024K)] 409372K->344844K(543232K), 0.0034772 secs] [Times: user=0.01 sys=0.00, real=0.00 secs] 
2024-07-05T01:35:52.785+0800: 2861.496: [GC (Allocation Failure) [PSYoungGen: 64992K->512K(65536K)] 409356K->344884K(543744K), 0.0025038 secs] [Times: user=0.00 sys=0.00, real=0.01 secs] 
2024-07-05T01:35:53.842+0800: 2862.553: [GC (Allocation Failure) [PSYoungGen: 65024K->480K(65024K)] 409396K->344852K(543232K), 0.0039787 secs] [Times: user=0.01 sys=0.00, real=0.01 secs] 
2024-07-05T01:35:54.726+0800: 2863.436: [GC (Allocation Failure) [PSYoungGen: 64992K->512K(65536K)] 409364K->344892K(543744K), 0.0025905 secs] [Times: user=0.01 sys=0.00, real=0.00 secs] 
2024-07-05T01:35:55.754+0800: 2864.465: [GC (Allocation Failure) [PSYoungGen: 65011K->352K(65024K)] 409391K->344740K(543232K), 0.0051398 secs] [Times: user=0.01 sys=0.00, real=0.00 secs] 
2024-07-05T01:35:56.787+0800: 2865.497: [GC (Allocation Failure) [PSYoungGen: 64864K->512K(65536K)] 409252K->344908K(543744K), 0.0024483 secs] [Times: user=0.00 sys=0.00, real=0.00 secs] 
2024-07-05T01:35:57.680+0800: 2866.391: [GC (Allocation Failure) [PSYoungGen: 65024K->384K(65024K)] 409420K->344788K(543232K), 0.0029613 secs] [Times: user=0.00 sys=0.00, real=0.00 secs] 
2024-07-05T01:35:58.766+0800: 2867.477: [GC (Allocation Failure) [PSYoungGen: 64896K->480K(65536K)] 409300K->344892K(543744K), 0.0043748 secs] [Times: user=0.01 sys=0.00, real=0.00 secs] 
2024-07-05T01:35:59.649+0800: 2868.360: [GC (Allocation Failure) [PSYoungGen: 64992K->512K(65536K)] 409404K->344932K(543744K), 0.0025799 secs] [Times: user=0.01 sys=0.00, real=0.00 secs] 
2024-07-05T01:36:00.599+0800: 2869.310: [GC (Allocation Failure) [PSYoungGen: 65024K->512K(65536K)] 409444K->344940K(543744K), 0.0027107 secs] [Times: user=0.00 sys=0.00, real=0.00 secs] 
2024-07-05T01:36:01.626+0800: 2870.337: [GC (Allocation Failure) [PSYoungGen: 65024K->480K(65024K)] 409452K->344924K(543232K), 0.0038271 secs] [Times: user=0.00 sys=0.00, real=0.00 secs] 
2024-07-05T01:36:02.515+0800: 2871.226: [GC (Allocation Failure) [PSYoungGen: 64992K->512K(65536K)] 409436K->344964K(543744K), 0.0025608 secs] [Times: user=0.01 sys=0.00, real=0.00 secs] 
2024-07-05T01:36:03.548+0800: 2872.259: [GC (Allocation Failure) [PSYoungGen: 65024K->512K(65536K)] 409476K->344964K(543744K), 0.0025690 secs] [Times: user=0.01 sys=0.00, real=0.00 secs] 
2024-07-05T01:36:04.497+0800: 2873.208: [GC (Allocation Failure) [PSYoungGen: 65024K->480K(65024K)] 409476K->344940K(543232K), 0.0041465 secs] [Times: user=0.00 sys=0.00, real=0.00 secs] 
2024-07-05T01:36:05.402+0800: 2874.113: [GC (Allocation Failure) [PSYoungGen: 64992K->512K(65536K)] 409452K->344980K(543744K), 0.0026703 secs] [Times: user=0.00 sys=0.00, real=0.00 secs] 
2024-07-05T01:36:06.408+0800: 2875.118: [GC (Allocation Failure) [PSYoungGen: 65024K->480K(65024K)] 409492K->344956K(543232K), 0.0043264 secs] [Times: user=0.00 sys=0.00, real=0.00 secs] 
2024-07-05T01:36:07.310+0800: 2876.020: [GC (Allocation Failure) [PSYoungGen: 64992K->512K(65536K)] 409468K->344996K(543744K), 0.0026015 secs] [Times: user=0.00 sys=0.00, real=0.00 secs] 
2024-07-05T01:36:08.351+0800: 2877.061: [GC (Allocation Failure) [PSYoungGen: 65024K->496K(65024K)] 409508K->344980K(543232K), 0.0036721 secs] [Times: user=0.01 sys=0.00, real=0.01 secs] 
2024-07-05T01:36:09.257+0800: 2877.968: [GC (Allocation Failure) [PSYoungGen: 65008K->512K(65536K)] 409492K->345004K(543744K), 0.0027284 secs] [Times: user=0.01 sys=0.00, real=0.00 secs] 
2024-07-05T01:36:10.137+0800: 2878.847: [GC (Allocation Failure) [PSYoungGen: 65024K->512K(65536K)] 409516K->345012K(543744K), 0.0026492 secs] [Times: user=0.00 sys=0.00, real=0.00 secs] 
2024-07-05T01:36:11.168+0800: 2879.879: [GC (Allocation Failure) [PSYoungGen: 65024K->480K(65024K)] 409524K->344996K(543232K), 0.0049093 secs] [Times: user=0.00 sys=0.00, real=0.00 secs] 
2024-07-05T01:36:12.080+0800: 2880.791: [GC (Allocation Failure) [PSYoungGen: 64992K->480K(65536K)] 409508K->345004K(543744K), 0.0041139 secs] [Times: user=0.00 sys=0.00, real=0.00 secs] 
2024-07-05T01:36:13.115+0800: 2881.825: [GC (Allocation Failure) [PSYoungGen: 64992K->480K(65024K)] 409516K->345004K(543232K), 0.0024999 secs] [Times: user=0.00 sys=0.00, real=0.00 secs] 
2024-07-05T01:36:13.998+0800: 2882.708: [GC (Allocation Failure) [PSYoungGen: 64992K->480K(65536K)] 409516K->345012K(543744K), 0.0030455 secs] [Times: user=0.01 sys=0.00, real=0.00 secs] 
2024-07-05T01:36:14.890+0800: 2883.601: [GC (Allocation Failure) [PSYoungGen: 64992K->512K(65536K)] 409524K->345052K(543744K), 0.0043994 secs] [Times: user=0.01 sys=0.00, real=0.01 secs] 
2024-07-05T01:36:15.907+0800: 2884.618: [GC (Allocation Failure) [PSYoungGen: 65024K->512K(65536K)] 409564K->345060K(543744K), 0.0026189 secs] [Times: user=0.00 sys=0.00, real=0.00 secs] 
2024-07-05T01:36:16.758+0800: 2885.468: [GC (Allocation Failure) [PSYoungGen: 65024K->480K(65024K)] 409572K->345036K(543232K), 0.0044038 secs] [Times: user=0.01 sys=0.00, real=0.00 secs] 
2024-07-05T01:36:17.777+0800: 2886.488: [GC (Allocation Failure) [PSYoungGen: 64992K->512K(65536K)] 409548K->345068K(543744K), 0.0024654 secs] [Times: user=0.01 sys=0.00, real=0.00 secs] 
2024-07-05T01:36:18.642+0800: 2887.352: [GC (Allocation Failure) [PSYoungGen: 65024K->512K(65536K)] 409580K->345076K(543744K), 0.0047914 secs] [Times: user=0.00 sys=0.00, real=0.01 secs] 
2024-07-05T01:36:19.514+0800: 2888.225: [GC (Allocation Failure) [PSYoungGen: 65024K->512K(65536K)] 409588K->345084K(543744K), 0.0029536 secs] [Times: user=0.01 sys=0.00, real=0.00 secs] 
2024-07-05T01:36:20.542+0800: 2889.253: [GC (Allocation Failure) [PSYoungGen: 65024K->480K(65024K)] 409596K->345060K(543232K), 0.0025163 secs] [Times: user=0.00 sys=0.00, real=0.00 secs] 
2024-07-05T01:36:21.390+0800: 2890.101: [GC (Allocation Failure) [PSYoungGen: 64992K->512K(65536K)] 409572K->345100K(543744K), 0.0025278 secs] [Times: user=0.00 sys=0.00, real=0.00 secs] 
2024-07-05T01:36:22.434+0800: 2891.145: [GC (Allocation Failure) [PSYoungGen: 65024K->480K(65024K)] 409612K->345068K(543232K), 0.0046422 secs] [Times: user=0.00 sys=0.00, real=0.00 secs] 
2024-07-05T01:36:23.346+0800: 2892.057: [GC (Allocation Failure) [PSYoungGen: 64992K->480K(65536K)] 409580K->345076K(543744K), 0.0043576 secs] [Times: user=0.00 sys=0.00, real=0.00 secs] 
2024-07-05T01:36:24.238+0800: 2892.949: [GC (Allocation Failure) [PSYoungGen: 64992K->512K(65536K)] 409588K->345116K(543744K), 0.0027127 secs] [Times: user=0.00 sys=0.00, real=0.00 secs] 
2024-07-05T01:36:25.270+0800: 2893.981: [GC (Allocation Failure) [PSYoungGen: 65024K->480K(65024K)] 409628K->345084K(543232K), 0.0027129 secs] [Times: user=0.01 sys=0.00, real=0.00 secs] 
2024-07-05T01:36:26.139+0800: 2894.850: [GC (Allocation Failure) [PSYoungGen: 64992K->512K(65536K)] 409596K->345124K(543744K), 0.0025471 secs] [Times: user=0.00 sys=0.00, real=0.00 secs] 
2024-07-05T01:36:27.114+0800: 2895.824: [GC (Allocation Failure) [PSYoungGen: 65024K->512K(65536K)] 409636K->345124K(543744K), 0.0024681 secs] [Times: user=0.00 sys=0.00, real=0.00 secs] 
2024-07-05T01:36:28.047+0800: 2896.757: [GC (Allocation Failure) [PSYoungGen: 65024K->480K(65024K)] 409636K->345108K(543232K), 0.0039995 secs] [Times: user=0.01 sys=0.00, real=0.00 secs] 
2024-07-05T01:36:28.910+0800: 2897.621: [GC (Allocation Failure) [PSYoungGen: 64992K->512K(65536K)] 409620K->345148K(543744K), 0.0026189 secs] [Times: user=0.00 sys=0.00, real=0.00 secs] 
2024-07-05T01:36:29.929+0800: 2898.639: [GC (Allocation Failure) [PSYoungGen: 65024K->512K(65536K)] 409660K->345148K(543744K), 0.0028443 secs] [Times: user=0.00 sys=0.00, real=0.00 secs] 
2024-07-05T01:36:30.795+0800: 2899.506: [GC (Allocation Failure) [PSYoungGen: 65024K->512K(65536K)] 409660K->345156K(543744K), 0.0026958 secs] [Times: user=0.01 sys=0.00, real=0.00 secs] 
2024-07-05T01:36:31.754+0800: 2900.464: [GC (Allocation Failure) [PSYoungGen: 65024K->352K(65024K)] 409668K->344996K(543232K), 0.0024415 secs] [Times: user=0.00 sys=0.00, real=0.00 secs] 
2024-07-05T01:36:32.706+0800: 2901.417: [GC (Allocation Failure) [PSYoungGen: 64864K->544K(65536K)] 409508K->345196K(543744K), 0.0050401 secs] [Times: user=0.00 sys=0.00, real=0.00 secs] 
2024-07-05T01:36:33.582+0800: 2902.293: [GC (Allocation Failure) [PSYoungGen: 65056K->512K(65536K)] 409708K->345172K(543744K), 0.0041895 secs] [Times: user=0.00 sys=0.00, real=0.01 secs] 
2024-07-05T01:36:34.633+0800: 2903.344: [GC (Allocation Failure) [PSYoungGen: 65024K->512K(65536K)] 409684K->345172K(543744K), 0.0026360 secs] [Times: user=0.00 sys=0.00, real=0.01 secs] 
2024-07-05T01:36:35.479+0800: 2904.190: [GC (Allocation Failure) [PSYoungGen: 65024K->496K(65024K)] 409684K->345164K(543232K), 0.0037787 secs] [Times: user=0.00 sys=0.00, real=0.00 secs] 
2024-07-05T01:36:36.409+0800: 2905.120: [GC (Allocation Failure) [PSYoungGen: 65008K->512K(65536K)] 409676K->345180K(543744K), 0.0025182 secs] [Times: user=0.00 sys=0.00, real=0.00 secs] 
2024-07-05T01:36:37.380+0800: 2906.091: [GC (Allocation Failure) [PSYoungGen: 65024K->512K(65536K)] 409692K->345188K(543744K), 0.0026252 secs] [Times: user=0.00 sys=0.00, real=0.00 secs] 
2024-07-05T01:36:38.254+0800: 2906.964: [GC (Allocation Failure) [PSYoungGen: 65024K->496K(65024K)] 409700K->345188K(543232K), 0.0036981 secs] [Times: user=0.00 sys=0.00, real=0.01 secs] 
2024-07-05T01:36:39.302+0800: 2908.013: [GC (Allocation Failure) [PSYoungGen: 65008K->512K(65536K)] 409700K->345204K(543744K), 0.0025699 secs] [Times: user=0.00 sys=0.00, real=0.00 secs] 
2024-07-05T01:36:40.154+0800: 2908.865: [GC (Allocation Failure) [PSYoungGen: 65024K->512K(65536K)] 409716K->345212K(543744K), 0.0025174 secs] [Times: user=0.00 sys=0.00, real=0.00 secs] 
2024-07-05T01:36:41.061+0800: 2909.772: [GC (Allocation Failure) [PSYoungGen: 65024K->480K(65024K)] 409724K->345196K(543232K), 0.0027157 secs] [Times: user=0.00 sys=0.01, real=0.00 secs] 
2024-07-05T01:36:42.062+0800: 2910.773: [GC (Allocation Failure) [PSYoungGen: 64992K->496K(65536K)] 409708K->345220K(543744K), 0.0052167 secs] [Times: user=0.01 sys=0.00, real=0.01 secs] 
2024-07-05T01:36:42.931+0800: 2911.642: [GC (Allocation Failure) [PSYoungGen: 65008K->512K(65536K)] 409732K->345236K(543744K), 0.0025399 secs] [Times: user=0.00 sys=0.00, real=0.01 secs] 
2024-07-05T01:36:43.962+0800: 2912.673: [GC (Allocation Failure) [PSYoungGen: 65024K->512K(65536K)] 409748K->345236K(543744K), 0.0026642 secs] [Times: user=0.01 sys=0.00, real=0.00 secs] 
2024-07-05T01:36:44.827+0800: 2913.538: [GC (Allocation Failure) [PSYoungGen: 65024K->480K(65024K)] 409748K->345220K(543232K), 0.0037724 secs] [Times: user=0.00 sys=0.00, real=0.00 secs] 
2024-07-05T01:36:45.710+0800: 2914.421: [GC (Allocation Failure) [PSYoungGen: 64992K->480K(65536K)] 409732K->345228K(543744K), 0.0044399 secs] [Times: user=0.01 sys=0.00, real=0.01 secs] 
2024-07-05T01:36:46.726+0800: 2915.437: [GC (Allocation Failure) [PSYoungGen: 64992K->512K(65536K)] 409740K->345260K(543744K), 0.0024796 secs] [Times: user=0.01 sys=0.00, real=0.00 secs] 
2024-07-05T01:36:47.571+0800: 2916.281: [GC (Allocation Failure) [PSYoungGen: 65024K->384K(65024K)] 409772K->345140K(543232K), 0.0026789 secs] [Times: user=0.00 sys=0.00, real=0.00 secs] 
2024-07-05T01:36:48.598+0800: 2917.309: [GC (Allocation Failure) [PSYoungGen: 64896K->512K(65536K)] 409652K->345268K(543744K), 0.0035651 secs] [Times: user=0.01 sys=0.00, real=0.00 secs] 
2024-07-05T01:36:49.446+0800: 2918.156: [GC (Allocation Failure) [PSYoungGen: 65024K->544K(65536K)] 409780K->345308K(543744K), 0.0025729 secs] [Times: user=0.00 sys=0.00, real=0.00 secs] 
2024-07-05T01:36:50.326+0800: 2919.037: [GC (Allocation Failure) [PSYoungGen: 65056K->480K(65024K)] 409820K->345260K(543232K), 0.0025182 secs] [Times: user=0.00 sys=0.00, real=0.00 secs] 
2024-07-05T01:36:51.341+0800: 2920.052: [GC (Allocation Failure) [PSYoungGen: 64992K->512K(65536K)] 409772K->345300K(543744K), 0.0025700 secs] [Times: user=0.01 sys=0.00, real=0.00 secs] 
2024-07-05T01:36:52.214+0800: 2920.925: [GC (Allocation Failure) [PSYoungGen: 65024K->480K(65024K)] 409812K->345268K(543232K), 0.0030814 secs] [Times: user=0.00 sys=0.00, real=0.00 secs] 
2024-07-05T01:36:53.250+0800: 2921.961: [GC (Allocation Failure) [PSYoungGen: 64992K->496K(65536K)] 409780K->345284K(543744K), 0.0034199 secs] [Times: user=0.00 sys=0.00, real=0.01 secs] 
2024-07-05T01:36:54.116+0800: 2922.827: [GC (Allocation Failure) [PSYoungGen: 65008K->480K(65024K)] 409796K->345276K(543232K), 0.0028167 secs] [Times: user=0.00 sys=0.00, real=0.00 secs] 
2024-07-05T01:36:55.003+0800: 2923.713: [GC (Allocation Failure) [PSYoungGen: 64992K->544K(65536K)] 409788K->345348K(543744K), 0.0025566 secs] [Times: user=0.00 sys=0.00, real=0.00 secs] 
2024-07-05T01:36:56.030+0800: 2924.741: [GC (Allocation Failure) [PSYoungGen: 65056K->480K(65024K)] 409860K->345284K(543232K), 0.0029054 secs] [Times: user=0.01 sys=0.00, real=0.00 secs] 
2024-07-05T01:36:56.869+0800: 2925.580: [GC (Allocation Failure) [PSYoungGen: 64992K->512K(65536K)] 409796K->345324K(543744K), 0.0024699 secs] [Times: user=0.00 sys=0.00, real=0.00 secs] 
2024-07-05T01:36:57.873+0800: 2926.583: [GC (Allocation Failure) [PSYoungGen: 65024K->512K(65536K)] 409836K->345324K(543744K), 0.0025528 secs] [Times: user=0.00 sys=0.00, real=0.01 secs] 
2024-07-05T01:36:58.746+0800: 2927.457: [GC (Allocation Failure) [PSYoungGen: 65024K->512K(65536K)] 409836K->345332K(543744K), 0.0025862 secs] [Times: user=0.00 sys=0.00, real=0.00 secs] 
2024-07-05T01:36:59.614+0800: 2928.325: [GC (Allocation Failure) [PSYoungGen: 65024K->480K(65024K)] 409844K->345316K(543232K), 0.0025311 secs] [Times: user=0.00 sys=0.00, real=0.00 secs] 
2024-07-05T01:37:00.637+0800: 2929.348: [GC (Allocation Failure) [PSYoungGen: 64992K->512K(65536K)] 409828K->345356K(543744K), 0.0047110 secs] [Times: user=0.01 sys=0.01, real=0.00 secs] 
2024-07-05T01:37:01.489+0800: 2930.199: [GC (Allocation Failure) [PSYoungGen: 65024K->512K(65536K)] 409868K->345356K(543744K), 0.0031861 secs] [Times: user=0.00 sys=0.00, real=0.00 secs] 
2024-07-05T01:37:02.493+0800: 2931.204: [GC (Allocation Failure) [PSYoungGen: 65024K->512K(65536K)] 409868K->345356K(543744K), 0.0025671 secs] [Times: user=0.00 sys=0.00, real=0.01 secs] 
2024-07-05T01:37:03.399+0800: 2932.110: [GC (Allocation Failure) [PSYoungGen: 65024K->480K(65024K)] 409868K->345340K(543232K), 0.0035564 secs] [Times: user=0.01 sys=0.00, real=0.00 secs] 
2024-07-05T01:37:04.268+0800: 2932.979: [GC (Allocation Failure) [PSYoungGen: 64992K->512K(65536K)] 409852K->345380K(543744K), 0.0026649 secs] [Times: user=0.01 sys=0.00, real=0.00 secs] 
2024-07-05T01:37:05.298+0800: 2934.009: [GC (Allocation Failure) [PSYoungGen: 65024K->512K(65536K)] 409892K->345380K(543744K), 0.0030507 secs] [Times: user=0.01 sys=0.00, real=0.00 secs] 
2024-07-05T01:37:06.166+0800: 2934.877: [GC (Allocation Failure) [PSYoungGen: 65024K->480K(65024K)] 409892K->345356K(543232K), 0.0040600 secs] [Times: user=0.00 sys=0.00, real=0.00 secs] 
2024-07-05T01:37:07.149+0800: 2935.860: [GC (Allocation Failure) [PSYoungGen: 64992K->512K(65536K)] 409868K->345388K(543744K), 0.0025044 secs] [Times: user=0.00 sys=0.00, real=0.00 secs] 
2024-07-05T01:37:08.081+0800: 2936.792: [GC (Allocation Failure) [PSYoungGen: 65024K->512K(65536K)] 409900K->345396K(543744K), 0.0026669 secs] [Times: user=0.00 sys=0.00, real=0.00 secs] 
2024-07-05T01:37:08.954+0800: 2937.665: [GC (Allocation Failure) [PSYoungGen: 65024K->480K(65024K)] 409908K->345388K(543232K), 0.0042478 secs] [Times: user=0.00 sys=0.00, real=0.00 secs] 
2024-07-05T01:37:10.009+0800: 2938.719: [GC (Allocation Failure) [PSYoungGen: 64992K->512K(65536K)] 409900K->345428K(543744K), 0.0024846 secs] [Times: user=0.00 sys=0.00, real=0.00 secs] 
2024-07-05T01:37:10.858+0800: 2939.569: [GC (Allocation Failure) [PSYoungGen: 65024K->480K(65024K)] 409940K->345396K(543232K), 0.0044889 secs] [Times: user=0.01 sys=0.00, real=0.00 secs] 
2024-07-05T01:37:11.805+0800: 2940.516: [GC (Allocation Failure) [PSYoungGen: 64992K->512K(65536K)] 409908K->345428K(543744K), 0.0024917 secs] [Times: user=0.01 sys=0.00, real=0.01 secs] 
2024-07-05T01:37:12.762+0800: 2941.473: [GC (Allocation Failure) [PSYoungGen: 65024K->512K(65536K)] 409940K->345436K(543744K), 0.0024587 secs] [Times: user=0.01 sys=0.00, real=0.00 secs] 
2024-07-05T01:37:13.622+0800: 2942.332: [GC (Allocation Failure) [PSYoungGen: 65024K->480K(65024K)] 409948K->345412K(543232K), 0.0025737 secs] [Times: user=0.01 sys=0.00, real=0.00 secs] 
2024-07-05T01:37:14.651+0800: 2943.361: [GC (Allocation Failure) [PSYoungGen: 64992K->480K(65024K)] 409924K->345412K(543232K), 0.0031959 secs] [Times: user=0.01 sys=0.00, real=0.01 secs] 
2024-07-05T01:37:15.502+0800: 2944.213: [GC (Allocation Failure) [PSYoungGen: 64992K->544K(65536K)] 409924K->345484K(543744K), 0.0037500 secs] [Times: user=0.01 sys=0.00, real=0.01 secs] 
2024-07-05T01:37:16.425+0800: 2945.135: [GC (Allocation Failure) [PSYoungGen: 65056K->512K(65536K)] 409996K->345460K(543744K), 0.0025669 secs] [Times: user=0.01 sys=0.00, real=0.01 secs] 
2024-07-05T01:37:17.390+0800: 2946.101: [GC (Allocation Failure) [PSYoungGen: 65024K->512K(65536K)] 409972K->345468K(543744K), 0.0026952 secs] [Times: user=0.01 sys=0.00, real=0.00 secs] 
2024-07-05T01:37:18.234+0800: 2946.945: [GC (Allocation Failure) [PSYoungGen: 65024K->480K(65024K)] 409980K->345444K(543232K), 0.0041980 secs] [Times: user=0.00 sys=0.00, real=0.00 secs] 
2024-07-05T01:37:19.264+0800: 2947.974: [GC (Allocation Failure) [PSYoungGen: 64992K->496K(65536K)] 409956K->345460K(543744K), 0.0037579 secs] [Times: user=0.01 sys=0.00, real=0.01 secs] 
2024-07-05T01:37:20.111+0800: 2948.821: [GC (Allocation Failure) [PSYoungGen: 65008K->480K(65024K)] 409972K->345452K(543232K), 0.0040836 secs] [Times: user=0.00 sys=0.00, real=0.01 secs] 
2024-07-05T01:37:21.042+0800: 2949.753: [GC (Allocation Failure) [PSYoungGen: 64992K->512K(65536K)] 409964K->345492K(543744K), 0.0041591 secs] [Times: user=0.00 sys=0.00, real=0.01 secs] 
2024-07-05T01:37:22.011+0800: 2950.722: [GC (Allocation Failure) [PSYoungGen: 65024K->544K(65536K)] 410004K->345532K(543744K), 0.0030053 secs] [Times: user=0.01 sys=0.00, real=0.01 secs] 
2024-07-05T01:37:22.886+0800: 2951.597: [GC (Allocation Failure) [PSYoungGen: 65056K->512K(65536K)] 410044K->345508K(543744K), 0.0043804 secs] [Times: user=0.01 sys=0.00, real=0.00 secs] 
2024-07-05T01:37:23.932+0800: 2952.643: [GC (Allocation Failure) [PSYoungGen: 65024K->480K(65024K)] 410020K->345484K(543232K), 0.0025074 secs] [Times: user=0.00 sys=0.00, real=0.01 secs] 
2024-07-05T01:37:24.789+0800: 2953.500: [GC (Allocation Failure) [PSYoungGen: 64992K->512K(65536K)] 409996K->345524K(543744K), 0.0025220 secs] [Times: user=0.01 sys=0.00, real=0.00 secs] 
2024-07-05T01:37:25.671+0800: 2954.382: [GC (Allocation Failure) [PSYoungGen: 65024K->512K(65536K)] 410036K->345524K(543744K), 0.0024968 secs] [Times: user=0.00 sys=0.00, real=0.01 secs] 
2024-07-05T01:37:26.688+0800: 2955.399: [GC (Allocation Failure) [PSYoungGen: 65024K->480K(65024K)] 410036K->345500K(543232K), 0.0031991 secs] [Times: user=0.00 sys=0.00, real=0.00 secs] 
2024-07-05T01:37:27.537+0800: 2956.247: [GC (Allocation Failure) [PSYoungGen: 64992K->512K(65536K)] 410012K->345540K(543744K), 0.0029115 secs] [Times: user=0.00 sys=0.00, real=0.00 secs] 
2024-07-05T01:37:28.567+0800: 2957.277: [GC (Allocation Failure) [PSYoungGen: 65024K->480K(65024K)] 410052K->345508K(543232K), 0.0027145 secs] [Times: user=0.01 sys=0.00, real=0.00 secs] 
2024-07-05T01:37:29.410+0800: 2958.121: [GC (Allocation Failure) [PSYoungGen: 64992K->512K(65536K)] 410020K->345548K(543744K), 0.0046252 secs] [Times: user=0.00 sys=0.00, real=0.01 secs] 
2024-07-05T01:37:30.286+0800: 2958.997: [GC (Allocation Failure) [PSYoungGen: 65024K->512K(65536K)] 410060K->345556K(543744K), 0.0024844 secs] [Times: user=0.00 sys=0.00, real=0.00 secs] 
2024-07-05T01:37:31.305+0800: 2960.016: [GC (Allocation Failure) [PSYoungGen: 65024K->480K(65024K)] 410068K->345532K(543232K), 0.0024769 secs] [Times: user=0.01 sys=0.00, real=0.01 secs] 
2024-07-05T01:37:32.150+0800: 2960.860: [GC (Allocation Failure) [PSYoungGen: 64992K->480K(65536K)] 410044K->345540K(543744K), 0.0042653 secs] [Times: user=0.01 sys=0.00, real=0.01 secs] 
2024-07-05T01:37:33.187+0800: 2961.898: [GC (Allocation Failure) [PSYoungGen: 64992K->480K(65024K)] 410052K->345540K(543232K), 0.0026234 secs] [Times: user=0.01 sys=0.00, real=0.00 secs] 
2024-07-05T01:37:34.087+0800: 2962.798: [GC (Allocation Failure) [PSYoungGen: 64992K->512K(65536K)] 410052K->345580K(543744K), 0.0040544 secs] [Times: user=0.00 sys=0.00, real=0.00 secs] 
2024-07-05T01:37:35.046+0800: 2963.757: [GC (Allocation Failure) [PSYoungGen: 65024K->512K(65536K)] 410092K->345588K(543744K), 0.0034920 secs] [Times: user=0.01 sys=0.00, real=0.00 secs] 
2024-07-05T01:37:36.116+0800: 2964.826: [GC (Allocation Failure) [PSYoungGen: 65024K->512K(65536K)] 410100K->345588K(543744K), 0.0025772 secs] [Times: user=0.00 sys=0.00, real=0.00 secs] 
2024-07-05T01:37:37.034+0800: 2965.745: [GC (Allocation Failure) [PSYoungGen: 65024K->480K(65024K)] 410100K->345572K(543232K), 0.0037062 secs] [Times: user=0.00 sys=0.00, real=0.00 secs] 
2024-07-05T01:37:38.046+0800: 2966.757: [GC (Allocation Failure) [PSYoungGen: 64992K->512K(65536K)] 410084K->345612K(543744K), 0.0024953 secs] [Times: user=0.01 sys=0.00, real=0.00 secs] 
2024-07-05T01:37:39.050+0800: 2967.761: [GC (Allocation Failure) [PSYoungGen: 65024K->512K(65536K)] 410124K->345612K(543744K), 0.0049363 secs] [Times: user=0.01 sys=0.00, real=0.01 secs] 
2024-07-05T01:37:40.033+0800: 2968.744: [GC (Allocation Failure) [PSYoungGen: 65024K->512K(65536K)] 410124K->345620K(543744K), 0.0026841 secs] [Times: user=0.01 sys=0.00, real=0.01 secs] 
2024-07-05T01:37:41.092+0800: 2969.802: [GC (Allocation Failure) [PSYoungGen: 65024K->480K(65024K)] 410132K->345596K(543232K), 0.0024529 secs] [Times: user=0.00 sys=0.00, real=0.01 secs] 
2024-07-05T01:37:42.014+0800: 2970.725: [GC (Allocation Failure) [PSYoungGen: 64992K->512K(65536K)] 410108K->345636K(543744K), 0.0026271 secs] [Times: user=0.01 sys=0.00, real=0.00 secs] 
2024-07-05T01:37:43.045+0800: 2971.756: [GC (Allocation Failure) [PSYoungGen: 65024K->512K(65536K)] 410148K->345636K(543744K), 0.0025145 secs] [Times: user=0.01 sys=0.00, real=0.01 secs] 
2024-07-05T01:37:44.041+0800: 2972.751: [GC (Allocation Failure) [PSYoungGen: 65024K->512K(65536K)] 410148K->345644K(543744K), 0.0028734 secs] [Times: user=0.00 sys=0.00, real=0.00 secs] 
2024-07-05T01:37:47.610+0800: 2976.321: [GC (Allocation Failure) [PSYoungGen: 50940K->160K(65024K)] 527145K->476372K(543232K), 0.0029544 secs] [Times: user=0.00 sys=0.00, real=0.00 secs] 
2024-07-05T01:37:47.922+0800: 2976.633: [GC (Allocation Failure) --[PSYoungGen: 33895K->33895K(65024K)] 510108K->510108K(543232K), 0.0050005 secs] [Times: user=0.00 sys=0.00, real=0.01 secs] 
2024-07-05T01:37:47.927+0800: 2976.638: [Full GC (Ergonomics) [PSYoungGen: 33895K->0K(65024K)] [ParOldGen: 476212K->333956K(478208K)] 510108K->333956K(543232K), [Metaspace: 22716K->22691K(1071104K)], 0.1525915 secs] [Times: user=0.25 sys=0.01, real=0.15 secs] 
2024-07-05T01:37:52.741+0800: 2981.451: [GC (Allocation Failure) [PSYoungGen: 35657K->64K(65536K)] 500686K->465092K(543744K), 0.0046504 secs] [Times: user=0.01 sys=0.00, real=0.00 secs] 
2024-07-05T01:37:53.672+0800: 2982.383: [GC (Allocation Failure) [PSYoungGen: 33912K->64K(65024K)] 498941K->465092K(543232K), 0.0025874 secs] [Times: user=0.00 sys=0.00, real=0.01 secs] 
2024-07-05T01:37:54.387+0800: 2983.098: [GC (Allocation Failure) --[PSYoungGen: 32832K->32832K(65024K)] 497860K->497860K(543232K), 0.0036908 secs] [Times: user=0.01 sys=0.00, real=0.00 secs] 
2024-07-05T01:37:54.391+0800: 2983.101: [Full GC (Ergonomics) [PSYoungGen: 32832K->0K(65024K)] [ParOldGen: 465028K->319006K(478208K)] 497860K->319006K(543232K), [Metaspace: 22691K->22683K(1071104K)], 0.1099766 secs] [Times: user=0.18 sys=0.01, real=0.11 secs] 
2024-07-05T01:37:59.167+0800: 2987.878: [GC (Allocation Failure) [PSYoungGen: 34772K->64K(70144K)] 484851K->450142K(548352K), 0.0038881 secs] [Times: user=0.00 sys=0.00, real=0.00 secs] 
2024-07-05T01:38:01.037+0800: 2989.747: [GC (Allocation Failure) [PSYoungGen: 67963K->64K(73728K)] 518042K->450142K(551936K), 0.0023477 secs] [Times: user=0.01 sys=0.00, real=0.00 secs] 
2024-07-05T01:38:02.809+0800: 2991.520: [GC (Allocation Failure) [PSYoungGen: 67478K->128K(78336K)] 517557K->450206K(556544K), 0.0025355 secs] [Times: user=0.01 sys=0.00, real=0.00 secs] 
2024-07-05T01:38:04.490+0800: 2993.200: [GC (Allocation Failure) [PSYoungGen: 67480K->64K(77312K)] 517559K->450142K(555520K), 0.0027577 secs] [Times: user=0.00 sys=0.00, real=0.00 secs] 
2024-07-05T01:38:06.157+0800: 2994.868: [GC (Allocation Failure) [PSYoungGen: 67297K->128K(77312K)] 517376K->450206K(555520K), 0.0025573 secs] [Times: user=0.00 sys=0.00, real=0.00 secs] 
2024-07-05T01:38:07.823+0800: 2996.534: [GC (Allocation Failure) [PSYoungGen: 67281K->128K(76288K)] 517360K->450206K(554496K), 0.0036645 secs] [Times: user=0.00 sys=0.00, real=0.01 secs] 
2024-07-05T01:38:09.496+0800: 2998.207: [GC (Allocation Failure) [PSYoungGen: 67227K->64K(76288K)] 517306K->450142K(554496K), 0.0026423 secs] [Times: user=0.01 sys=0.00, real=0.00 secs] 
2024-07-05T01:38:11.162+0800: 2999.873: [GC (Allocation Failure) [PSYoungGen: 67125K->64K(75264K)] 517203K->450142K(553472K), 0.0026273 secs] [Times: user=0.00 sys=0.00, real=0.00 secs] 
2024-07-05T01:38:12.837+0800: 3001.548: [GC (Allocation Failure) [PSYoungGen: 67097K->64K(75264K)] 517175K->450142K(553472K), 0.0024358 secs] [Times: user=0.01 sys=0.00, real=0.00 secs] 
2024-07-05T01:38:14.481+0800: 3003.192: [GC (Allocation Failure) [PSYoungGen: 67075K->128K(74240K)] 517154K->450206K(552448K), 0.0027052 secs] [Times: user=0.00 sys=0.00, real=0.00 secs] 
2024-07-05T01:38:16.162+0800: 3004.873: [GC (Allocation Failure) [PSYoungGen: 67122K->64K(74240K)] 517201K->450142K(552448K), 0.0023440 secs] [Times: user=0.00 sys=0.00, real=0.00 secs] 
2024-07-05T01:38:17.809+0800: 3006.519: [GC (Allocation Failure) [PSYoungGen: 67044K->128K(73216K)] 517122K->450206K(551424K), 0.0027245 secs] [Times: user=0.00 sys=0.00, real=0.00 secs] 
2024-07-05T01:38:19.440+0800: 3008.151: [GC (Allocation Failure) [PSYoungGen: 67095K->64K(73216K)] 517173K->450142K(551424K), 0.0024619 secs] [Times: user=0.01 sys=0.00, real=0.00 secs] 
2024-07-05T01:38:21.089+0800: 3009.800: [GC (Allocation Failure) [PSYoungGen: 67019K->64K(72192K)] 517098K->450142K(550400K), 0.0024199 secs] [Times: user=0.01 sys=0.00, real=0.00 secs] 
2024-07-05T01:38:22.794+0800: 3011.505: [GC (Allocation Failure) [PSYoungGen: 67008K->64K(72192K)] 517087K->450142K(550400K), 0.0022878 secs] [Times: user=0.00 sys=0.00, real=0.00 secs] 
2024-07-05T01:38:24.411+0800: 3013.122: [GC (Allocation Failure) [PSYoungGen: 66997K->128K(71168K)] 517076K->450214K(549376K), 0.0023197 secs] [Times: user=0.00 sys=0.00, real=0.00 secs] 
2024-07-05T01:38:26.038+0800: 3014.749: [GC (Allocation Failure) [PSYoungGen: 67051K->128K(70656K)] 517138K->450222K(548864K), 0.0023476 secs] [Times: user=0.00 sys=0.00, real=0.00 secs] 
2024-07-05T01:38:27.682+0800: 3016.392: [GC (Allocation Failure) [PSYoungGen: 67041K->128K(70144K)] 517135K->450230K(548352K), 0.0036074 secs] [Times: user=0.00 sys=0.00, real=0.00 secs] 
2024-07-05T01:38:29.312+0800: 3018.023: [GC (Allocation Failure) [PSYoungGen: 67031K->64K(69632K)] 517133K->450174K(547840K), 0.0024354 secs] [Times: user=0.00 sys=0.00, real=0.01 secs] 
2024-07-05T01:38:30.940+0800: 3019.650: [GC (Allocation Failure) [PSYoungGen: 66957K->64K(69120K)] 517067K->450182K(547328K), 0.0029509 secs] [Times: user=0.00 sys=0.00, real=0.00 secs] 
2024-07-05T01:38:32.581+0800: 3021.292: [GC (Allocation Failure) [PSYoungGen: 66947K->128K(68608K)] 517066K->450254K(546816K), 0.0026594 secs] [Times: user=0.00 sys=0.00, real=0.00 secs] 
2024-07-05T01:38:34.201+0800: 3022.911: [GC (Allocation Failure) [PSYoungGen: 67001K->128K(68096K)] 517128K->450262K(546304K), 0.0026456 secs] [Times: user=0.00 sys=0.00, real=0.00 secs] 
2024-07-05T01:38:35.806+0800: 3024.517: [GC (Allocation Failure) [PSYoungGen: 66991K->96K(67584K)] 517126K->450238K(545792K), 0.0040508 secs] [Times: user=0.00 sys=0.00, real=0.00 secs] 
2024-07-05T01:38:37.438+0800: 3026.149: [GC (Allocation Failure) [PSYoungGen: 66949K->64K(67584K)] 517092K->450214K(545792K), 0.0035398 secs] [Times: user=0.01 sys=0.00, real=0.00 secs] 
2024-07-05T01:38:39.062+0800: 3027.773: [GC (Allocation Failure) [PSYoungGen: 66917K->96K(67584K)] 517068K->450254K(545792K), 0.0039861 secs] [Times: user=0.01 sys=0.00, real=0.01 secs] 
2024-07-05T01:38:40.682+0800: 3029.392: [GC (Allocation Failure) [PSYoungGen: 66950K->128K(67584K)] 517108K->450294K(545792K), 0.0023861 secs] [Times: user=0.00 sys=0.01, real=0.00 secs] 
2024-07-05T01:38:42.344+0800: 3031.055: [GC (Allocation Failure) [PSYoungGen: 66982K->128K(67584K)] 517148K->450302K(545792K), 0.0026063 secs] [Times: user=0.00 sys=0.00, real=0.01 secs] 
2024-07-05T01:38:43.988+0800: 3032.699: [GC (Allocation Failure) [PSYoungGen: 66982K->96K(67584K)] 517156K->450278K(545792K), 0.0029994 secs] [Times: user=0.00 sys=0.00, real=0.00 secs] 
2024-07-05T01:38:45.624+0800: 3034.334: [GC (Allocation Failure) --[PSYoungGen: 66950K->66950K(67584K)] 517132K->517140K(545792K), 0.0024885 secs] [Times: user=0.00 sys=0.00, real=0.01 secs] 
2024-07-05T01:38:45.626+0800: 3034.337: [Full GC (Ergonomics) [PSYoungGen: 66950K->0K(67584K)] [ParOldGen: 450190K->319037K(478208K)] 517140K->319037K(545792K), [Metaspace: 22695K->22695K(1071104K)], 0.0774698 secs] [Times: user=0.13 sys=0.00, real=0.07 secs] 
2024-07-05T01:38:47.343+0800: 3036.054: [GC (Allocation Failure) [PSYoungGen: 66854K->96K(67072K)] 385892K->351901K(545280K), 0.0085257 secs] [Times: user=0.01 sys=0.00, real=0.01 secs] 
2024-07-05T01:38:48.200+0800: 3036.911: [GC (Allocation Failure) [PSYoungGen: 34171K->64K(66560K)] 385977K->351869K(544768K), 0.0020327 secs] [Times: user=0.01 sys=0.00, real=0.00 secs] 
2024-07-05T01:38:49.011+0800: 3037.722: [GC (Allocation Failure) [PSYoungGen: 66112K->96K(72192K)] 417917K->384669K(550400K), 0.0080826 secs] [Times: user=0.01 sys=0.00, real=0.01 secs] 
2024-07-05T01:38:51.418+0800: 3040.128: [GC (Allocation Failure) [PSYoungGen: 66703K->96K(78336K)] 451277K->417437K(556544K), 0.0084137 secs] [Times: user=0.01 sys=0.00, real=0.01 secs] 
2024-07-05T01:38:53.028+0800: 3041.739: [GC (Allocation Failure) [PSYoungGen: 67191K->96K(84992K)] 484533K->450205K(563200K), 0.0085075 secs] [Times: user=0.01 sys=0.00, real=0.01 secs] 
2024-07-05T01:38:53.037+0800: 3041.747: [Full GC (Ergonomics) [PSYoungGen: 96K->0K(84992K)] [ParOldGen: 450109K->319038K(478208K)] 450205K->319038K(563200K), [Metaspace: 22695K->22695K(1071104K)], 0.0777737 secs] [Times: user=0.13 sys=0.00, real=0.08 secs] 
2024-07-05T01:38:54.727+0800: 3043.437: [GC (Allocation Failure) [PSYoungGen: 67216K->96K(91648K)] 386254K->351902K(569856K), 0.0093633 secs] [Times: user=0.02 sys=0.00, real=0.01 secs] 
2024-07-05T01:38:56.392+0800: 3045.103: [GC (Allocation Failure) [PSYoungGen: 67432K->96K(99328K)] 419238K->384670K(577536K), 0.0082430 secs] [Times: user=0.02 sys=0.00, real=0.01 secs] 
2024-07-05T01:38:58.066+0800: 3046.776: [GC (Allocation Failure) [PSYoungGen: 67575K->96K(107520K)] 452150K->417438K(585728K), 0.0085057 secs] [Times: user=0.01 sys=0.00, real=0.01 secs] 
2024-07-05T01:39:00.833+0800: 3049.544: [GC (Allocation Failure) [PSYoungGen: 100497K->64K(115200K)] 517840K->417406K(593408K), 0.0022201 secs] [Times: user=0.00 sys=0.00, real=0.01 secs] 
2024-07-05T01:39:02.984+0800: 3051.695: [GC (Allocation Failure) [PSYoungGen: 100616K->96K(123392K)] 517959K->450206K(601600K), 0.0089578 secs] [Times: user=0.01 sys=0.00, real=0.01 secs] 
2024-07-05T01:39:02.993+0800: 3051.704: [Full GC (Ergonomics) [PSYoungGen: 96K->0K(123392K)] [ParOldGen: 450110K->319039K(478208K)] 450206K->319039K(601600K), [Metaspace: 22695K->22695K(1071104K)], 0.0757077 secs] [Times: user=0.13 sys=0.00, real=0.08 secs] 
2024-07-05T01:39:05.770+0800: 3054.481: [GC (Allocation Failure) [PSYoungGen: 100433K->64K(131072K)] 419472K->319103K(609280K), 0.0021235 secs] [Times: user=0.01 sys=0.00, real=0.00 secs] 
2024-07-05T01:39:08.017+0800: 3056.727: [GC (Allocation Failure) [PSYoungGen: 100733K->96K(139264K)] 419772K->351903K(617472K), 0.0084206 secs] [Times: user=0.02 sys=0.00, real=0.00 secs] 
2024-07-05T01:39:11.285+0800: 3059.995: [GC (Allocation Failure) [PSYoungGen: 133437K->96K(147968K)] 485244K->384671K(626176K), 0.0083307 secs] [Times: user=0.02 sys=0.00, real=0.01 secs] 
2024-07-05T01:39:14.556+0800: 3063.267: [GC (Allocation Failure) [PSYoungGen: 134005K->96K(156672K)] 518580K->417439K(634880K), 0.0084194 secs] [Times: user=0.01 sys=0.00, real=0.00 secs] 
2024-07-05T01:39:14.565+0800: 3063.276: [Full GC (Ergonomics) [PSYoungGen: 96K->0K(156672K)] [ParOldGen: 417343K->319040K(478208K)] 417439K->319040K(634880K), [Metaspace: 22695K->22695K(1071104K)], 0.0753659 secs] [Times: user=0.13 sys=0.00, real=0.08 secs] 
2024-07-05T01:39:17.868+0800: 3066.579: [GC (Allocation Failure) [PSYoungGen: 134097K->96K(154624K)] 453137K->351904K(632832K), 0.0081709 secs] [Times: user=0.01 sys=0.00, real=0.01 secs] 
2024-07-05T01:39:21.078+0800: 3069.789: [GC (Allocation Failure) [PSYoungGen: 134163K->96K(152576K)] 485971K->384672K(630784K), 0.0087766 secs] [Times: user=0.02 sys=0.00, real=0.01 secs] 
2024-07-05T01:39:24.359+0800: 3073.070: [GC (Allocation Failure) [PSYoungGen: 134132K->96K(150528K)] 518708K->417440K(628736K), 0.0082620 secs] [Times: user=0.02 sys=0.00, real=0.01 secs] 
2024-07-05T01:39:24.368+0800: 3073.078: [Full GC (Ergonomics) [PSYoungGen: 96K->0K(150528K)] [ParOldGen: 417344K->319041K(478208K)] 417440K->319041K(628736K), [Metaspace: 22695K->22695K(1071104K)], 0.0750045 secs] [Times: user=0.13 sys=0.00, real=0.07 secs] 
2024-07-05T01:39:27.667+0800: 3076.378: [GC (Allocation Failure) [PSYoungGen: 134002K->96K(148480K)] 453043K->351905K(626688K), 0.0082869 secs] [Times: user=0.02 sys=0.00, real=0.01 secs] 
2024-07-05T01:39:30.857+0800: 3079.568: [GC (Allocation Failure) [PSYoungGen: 134059K->96K(146432K)] 485869K->384673K(624640K), 0.0079770 secs] [Times: user=0.01 sys=0.00, real=0.00 secs] 
2024-07-05T01:39:34.082+0800: 3082.793: [GC (Allocation Failure) [PSYoungGen: 134023K->96K(144384K)] 518600K->417441K(622592K), 0.0089206 secs] [Times: user=0.02 sys=0.00, real=0.01 secs] 
2024-07-05T01:39:34.091+0800: 3082.802: [Full GC (Ergonomics) [PSYoungGen: 96K->0K(144384K)] [ParOldGen: 417345K->319042K(478208K)] 417441K->319042K(622592K), [Metaspace: 22696K->22696K(1071104K)], 0.0765309 secs] [Times: user=0.13 sys=0.00, real=0.08 secs] 
2024-07-05T01:39:37.430+0800: 3086.140: [GC (Allocation Failure) [PSYoungGen: 133890K->96K(142336K)] 452932K->351906K(620544K), 0.0082659 secs] [Times: user=0.02 sys=0.00, real=0.01 secs] 
2024-07-05T01:39:40.665+0800: 3089.375: [GC (Allocation Failure) [PSYoungGen: 133945K->96K(140288K)] 485755K->384674K(618496K), 0.0082976 secs] [Times: user=0.02 sys=0.00, real=0.01 secs] 
2024-07-05T01:39:43.920+0800: 3092.631: [GC (Allocation Failure) [PSYoungGen: 133907K->96K(138752K)] 518485K->417442K(616960K), 0.0081062 secs] [Times: user=0.02 sys=0.00, real=0.01 secs] 
2024-07-05T01:39:47.220+0800: 3095.931: [GC (Allocation Failure) [PSYoungGen: 137335K->96K(137216K)] 554681K->417442K(615424K), 0.0021426 secs] [Times: user=0.01 sys=0.00, real=0.00 secs] 
2024-07-05T01:39:47.222+0800: 3095.933: [Full GC (Ergonomics) [PSYoungGen: 96K->0K(137216K)] [ParOldGen: 417346K->220749K(478208K)] 417442K->220749K(615424K), [Metaspace: 22696K->22696K(1071104K)], 0.0721622 secs] [Times: user=0.12 sys=0.00, real=0.08 secs] 
2024-07-05T01:39:49.689+0800: 3098.400: [GC (Allocation Failure) [PSYoungGen: 132439K->80K(135680K)] 353188K->286365K(613888K), 0.0085950 secs] [Times: user=0.02 sys=0.00, real=0.01 secs] 
2024-07-05T01:39:52.990+0800: 3101.700: [GC (Allocation Failure) [PSYoungGen: 132967K->64K(134144K)] 419252K->286349K(612352K), 0.0018827 secs] [Times: user=0.01 sys=0.00, real=0.00 secs] 
2024-07-05T01:39:56.276+0800: 3104.987: [GC (Allocation Failure) [PSYoungGen: 132995K->128K(132608K)] 419281K->286413K(610816K), 0.0026465 secs] [Times: user=0.01 sys=0.00, real=0.00 secs] 
2024-07-05T01:39:58.140+0800: 3106.851: [GC (Allocation Failure) [PSYoungGen: 100540K->96K(131072K)] 386826K->319149K(609280K), 0.0081612 secs] [Times: user=0.01 sys=0.00, real=0.01 secs] 
2024-07-05T01:40:01.292+0800: 3110.002: [GC (Allocation Failure) [PSYoungGen: 100652K->64K(129536K)] 419706K->319117K(607744K), 0.0026156 secs] [Times: user=0.00 sys=0.00, real=0.01 secs] 
2024-07-05T01:40:03.194+0800: 3111.904: [GC (Allocation Failure) [PSYoungGen: 100993K->96K(128000K)] 420047K->351917K(606208K), 0.0094178 secs] [Times: user=0.01 sys=0.00, real=0.00 secs] 
2024-07-05T01:40:06.510+0800: 3115.221: [GC (Allocation Failure) [PSYoungGen: 100668K->128K(126464K)] 452490K->351949K(604672K), 0.0020930 secs] [Times: user=0.00 sys=0.00, real=0.00 secs] 
2024-07-05T01:40:08.453+0800: 3117.163: [GC (Allocation Failure) [PSYoungGen: 101039K->96K(124928K)] 452860K->384685K(603136K), 0.0084949 secs] [Times: user=0.01 sys=0.00, real=0.01 secs] 
2024-07-05T01:40:11.498+0800: 3120.209: [GC (Allocation Failure) [PSYoungGen: 100642K->64K(123392K)] 485232K->384653K(601600K), 0.0033526 secs] [Times: user=0.00 sys=0.00, real=0.00 secs] 
2024-07-05T01:40:13.421+0800: 3122.132: [GC (Allocation Failure) [PSYoungGen: 100930K->96K(121856K)] 485519K->417453K(600064K), 0.0083531 secs] [Times: user=0.02 sys=0.00, real=0.01 secs] 
2024-07-05T01:40:13.429+0800: 3122.140: [Full GC (Ergonomics) [PSYoungGen: 96K->0K(121856K)] [ParOldGen: 417357K->319113K(478208K)] 417453K->319113K(600064K), [Metaspace: 22700K->22700K(1071104K)], 0.0753910 secs] [Times: user=0.13 sys=0.00, real=0.07 secs] 
2024-07-05T01:40:16.623+0800: 3125.333: [GC (Allocation Failure) [PSYoungGen: 100503K->128K(120320K)] 419617K->319241K(598528K), 0.0022093 secs] [Times: user=0.00 sys=0.00, real=0.00 secs] 
2024-07-05T01:40:18.562+0800: 3127.273: [GC (Allocation Failure) [PSYoungGen: 100663K->96K(118784K)] 419777K->351977K(596992K), 0.0084107 secs] [Times: user=0.01 sys=0.00, real=0.01 secs] 
2024-07-05T01:40:21.567+0800: 3130.277: [GC (Allocation Failure) [PSYoungGen: 100374K->128K(117248K)] 452256K->352009K(595456K), 0.0031369 secs] [Times: user=0.00 sys=0.00, real=0.00 secs] 
2024-07-05T01:40:23.620+0800: 3132.330: [GC (Allocation Failure) [PSYoungGen: 100768K->96K(115712K)] 452649K->384745K(593920K), 0.0079856 secs] [Times: user=0.02 sys=0.00, real=0.01 secs] 
2024-07-05T01:40:26.560+0800: 3135.270: [GC (Allocation Failure) [PSYoungGen: 100426K->64K(114688K)] 485075K->384713K(592896K), 0.0020998 secs] [Times: user=0.01 sys=0.00, real=0.00 secs] 
2024-07-05T01:40:28.687+0800: 3137.398: [GC (Allocation Failure) [PSYoungGen: 100718K->96K(113664K)] 485368K->417513K(591872K), 0.0082744 secs] [Times: user=0.01 sys=0.00, real=0.01 secs] 
2024-07-05T01:40:28.696+0800: 3137.406: [Full GC (Ergonomics) [PSYoungGen: 96K->0K(113664K)] [ParOldGen: 417417K->319114K(478208K)] 417513K->319114K(591872K), [Metaspace: 22700K->22700K(1071104K)], 0.0750998 secs] [Times: user=0.13 sys=0.00, real=0.07 secs] 
2024-07-05T01:40:31.638+0800: 3140.349: [GC (Allocation Failure) [PSYoungGen: 100336K->128K(112640K)] 419451K->319242K(590848K), 0.0019986 secs] [Times: user=0.00 sys=0.00, real=0.00 secs] 
2024-07-05T01:40:33.790+0800: 3142.501: [GC (Allocation Failure) [PSYoungGen: 100510K->96K(111616K)] 419625K->351978K(589824K), 0.0085025 secs] [Times: user=0.02 sys=0.00, real=0.01 secs] 
2024-07-05T01:40:36.834+0800: 3145.545: [GC (Allocation Failure) [PSYoungGen: 100248K->64K(110592K)] 452131K->351947K(588800K), 0.0019562 secs] [Times: user=0.01 sys=0.00, real=0.00 secs] 
2024-07-05T01:40:38.768+0800: 3147.479: [GC (Allocation Failure) [PSYoungGen: 100568K->96K(109568K)] 452451K->384746K(587776K), 0.0081477 secs] [Times: user=0.02 sys=0.00, real=0.01 secs] 
2024-07-05T01:40:41.858+0800: 3150.568: [GC (Allocation Failure) [PSYoungGen: 100317K->64K(108544K)] 484968K->384715K(586752K), 0.0021134 secs] [Times: user=0.00 sys=0.00, real=0.00 secs] 
2024-07-05T01:40:43.771+0800: 3152.482: [GC (Allocation Failure) [PSYoungGen: 100592K->96K(107520K)] 485243K->417515K(585728K), 0.0084958 secs] [Times: user=0.02 sys=0.00, real=0.01 secs] 
2024-07-05T01:40:43.780+0800: 3152.490: [Full GC (Ergonomics) [PSYoungGen: 96K->0K(107520K)] [ParOldGen: 417419K->319116K(478208K)] 417515K->319116K(585728K), [Metaspace: 22700K->22700K(1071104K)], 0.0753677 secs] [Times: user=0.13 sys=0.00, real=0.08 secs] 
2024-07-05T01:40:47.031+0800: 3155.742: [GC (Allocation Failure) [PSYoungGen: 100227K->64K(106496K)] 419343K->319180K(584704K), 0.0021467 secs] [Times: user=0.00 sys=0.00, real=0.00 secs] 
2024-07-05T01:40:49.292+0800: 3158.002: [GC (Allocation Failure) [PSYoungGen: 100333K->96K(105472K)] 419449K->351980K(583680K), 0.0091035 secs] [Times: user=0.01 sys=0.00, real=0.01 secs] 
2024-07-05T01:40:52.128+0800: 3160.838: [GC (Allocation Failure) [PSYoungGen: 100147K->64K(104448K)] 452032K->351948K(582656K), 0.0020739 secs] [Times: user=0.00 sys=0.00, real=0.00 secs] 
2024-07-05T01:40:54.350+0800: 3163.060: [GC (Allocation Failure) [PSYoungGen: 100447K->96K(103424K)] 452331K->384748K(581632K), 0.0085229 secs] [Times: user=0.02 sys=0.00, real=0.01 secs] 
2024-07-05T01:40:57.357+0800: 3166.068: [GC (Allocation Failure) [PSYoungGen: 100210K->64K(102400K)] 484863K->384716K(580608K), 0.0021973 secs] [Times: user=0.00 sys=0.00, real=0.00 secs] 
2024-07-05T01:40:59.334+0800: 3168.045: [GC (Allocation Failure) [PSYoungGen: 100468K->96K(101376K)] 485120K->417516K(579584K), 0.0082907 secs] [Times: user=0.02 sys=0.00, real=0.00 secs] 
2024-07-05T01:40:59.342+0800: 3168.053: [Full GC (Ergonomics) [PSYoungGen: 96K->0K(101376K)] [ParOldGen: 417420K->319117K(478208K)] 417516K->319117K(579584K), [Metaspace: 22700K->22700K(1071104K)], 0.0801507 secs] [Times: user=0.13 sys=0.00, real=0.08 secs] 
2024-07-05T01:41:02.751+0800: 3171.462: [GC (Allocation Failure) [PSYoungGen: 100118K->128K(100352K)] 419236K->319245K(578560K), 0.0020142 secs] [Times: user=0.00 sys=0.00, real=0.00 secs] 
2024-07-05T01:41:04.395+0800: 3173.105: [GC (Allocation Failure) [PSYoungGen: 67517K->128K(99328K)] 386635K->319245K(577536K), 0.0019725 secs] [Times: user=0.00 sys=0.00, real=0.00 secs] 
2024-07-05T01:41:06.033+0800: 3174.744: [GC (Allocation Failure) [PSYoungGen: 67196K->128K(98304K)] 386313K->319245K(576512K), 0.0020120 secs] [Times: user=0.00 sys=0.00, real=0.01 secs] 
2024-07-05T01:41:07.671+0800: 3176.382: [GC (Allocation Failure) [PSYoungGen: 67320K->128K(97280K)] 386437K->319245K(575488K), 0.0020453 secs] [Times: user=0.00 sys=0.00, real=0.00 secs] 
2024-07-05T01:41:09.310+0800: 3178.020: [GC (Allocation Failure) [PSYoungGen: 67391K->64K(96256K)] 386509K->319181K(574464K), 0.0029187 secs] [Times: user=0.01 sys=0.00, real=0.00 secs] 
2024-07-05T01:41:10.944+0800: 3179.654: [GC (Allocation Failure) [PSYoungGen: 67365K->128K(95232K)] 386483K->319245K(573440K), 0.0019668 secs] [Times: user=0.01 sys=0.00, real=0.01 secs] 
2024-07-05T01:41:12.700+0800: 3181.411: [GC (Allocation Failure) [PSYoungGen: 67446K->96K(94208K)] 386564K->319213K(572416K), 0.0031773 secs] [Times: user=0.00 sys=0.00, real=0.00 secs] 
2024-07-05T01:41:14.443+0800: 3183.154: [GC (Allocation Failure) [PSYoungGen: 67418K->64K(93184K)] 386535K->319181K(571392K), 0.0020837 secs] [Times: user=0.00 sys=0.00, real=0.00 secs] 
2024-07-05T01:41:16.148+0800: 3184.858: [GC (Allocation Failure) [PSYoungGen: 67381K->64K(92160K)] 386498K->319181K(570368K), 0.0028395 secs] [Times: user=0.00 sys=0.00, real=0.00 secs] 
2024-07-05T01:41:17.819+0800: 3186.530: [GC (Allocation Failure) [PSYoungGen: 67371K->64K(91136K)] 386488K->319181K(569344K), 0.0019716 secs] [Times: user=0.00 sys=0.00, real=0.00 secs] 
2024-07-05T01:41:19.493+0800: 3188.204: [GC (Allocation Failure) [PSYoungGen: 67357K->128K(90112K)] 386475K->319245K(568320K), 0.0020494 secs] [Times: user=0.01 sys=0.00, real=0.01 secs] 
2024-07-05T01:41:21.145+0800: 3189.855: [GC (Allocation Failure) [PSYoungGen: 67405K->128K(89088K)] 386523K->319245K(567296K), 0.0022227 secs] [Times: user=0.00 sys=0.00, real=0.01 secs] 
2024-07-05T01:41:22.873+0800: 3191.584: [GC (Allocation Failure) [PSYoungGen: 67388K->128K(88064K)] 386506K->319245K(566272K), 0.0020560 secs] [Times: user=0.01 sys=0.00, real=0.01 secs] 
2024-07-05T01:41:24.600+0800: 3193.311: [GC (Allocation Failure) [PSYoungGen: 67370K->64K(87552K)] 386488K->319181K(565760K), 0.0021511 secs] [Times: user=0.00 sys=0.00, real=0.00 secs] 
2024-07-05T01:41:26.297+0800: 3195.008: [GC (Allocation Failure) [PSYoungGen: 67298K->64K(87040K)] 386415K->319181K(565248K), 0.0021389 secs] [Times: user=0.00 sys=0.00, real=0.00 secs] 
2024-07-05T01:41:27.990+0800: 3196.701: [GC (Allocation Failure) [PSYoungGen: 67289K->64K(86528K)] 386406K->319189K(564736K), 0.0020575 secs] [Times: user=0.00 sys=0.00, real=0.00 secs] 
2024-07-05T01:41:29.629+0800: 3198.340: [GC (Allocation Failure) [PSYoungGen: 67279K->128K(86016K)] 386405K->319261K(564224K), 0.0021814 secs] [Times: user=0.00 sys=0.00, real=0.00 secs] 
2024-07-05T01:41:31.290+0800: 3200.000: [GC (Allocation Failure) [PSYoungGen: 67334K->64K(85504K)] 386467K->319205K(563712K), 0.0030317 secs] [Times: user=0.00 sys=0.00, real=0.00 secs] 
2024-07-05T01:41:32.947+0800: 3201.658: [GC (Allocation Failure) [PSYoungGen: 67260K->128K(84992K)] 386402K->319277K(563200K), 0.0019914 secs] [Times: user=0.00 sys=0.00, real=0.00 secs] 
2024-07-05T01:41:34.600+0800: 3203.311: [GC (Allocation Failure) [PSYoungGen: 67315K->128K(84480K)] 386464K->319285K(562688K), 0.0020082 secs] [Times: user=0.00 sys=0.00, real=0.00 secs] 
2024-07-05T01:41:36.246+0800: 3204.957: [GC (Allocation Failure) [PSYoungGen: 67305K->64K(83968K)] 386463K->319229K(562176K), 0.0030854 secs] [Times: user=0.00 sys=0.00, real=0.00 secs] 
2024-07-05T01:41:37.898+0800: 3206.609: [GC (Allocation Failure) [PSYoungGen: 67231K->128K(83456K)] 386397K->319301K(561664K), 0.0019589 secs] [Times: user=0.01 sys=0.00, real=0.00 secs] 
2024-07-05T01:41:39.542+0800: 3208.253: [GC (Allocation Failure) [PSYoungGen: 67286K->128K(82944K)] 386459K->319309K(561152K), 0.0021780 secs] [Times: user=0.00 sys=0.00, real=0.00 secs] 
2024-07-05T01:41:41.200+0800: 3209.910: [GC (Allocation Failure) [PSYoungGen: 67276K->64K(82432K)] 386457K->319253K(560640K), 0.0031456 secs] [Times: user=0.01 sys=0.00, real=0.00 secs] 
2024-07-05T01:41:42.856+0800: 3211.567: [GC (Allocation Failure) [PSYoungGen: 67202K->96K(81920K)] 386392K->352061K(560128K), 0.0081328 secs] [Times: user=0.01 sys=0.00, real=0.00 secs] 
2024-07-05T01:41:44.486+0800: 3213.197: [GC (Allocation Failure) [PSYoungGen: 67224K->96K(81408K)] 419190K->384837K(559616K), 0.0083076 secs] [Times: user=0.01 sys=0.00, real=0.01 secs] 
2024-07-05T01:41:46.138+0800: 3214.849: [GC (Allocation Failure) [PSYoungGen: 67490K->96K(80896K)] 452232K->417613K(559104K), 0.0083298 secs] [Times: user=0.02 sys=0.00, real=0.01 secs] 
2024-07-05T01:41:47.795+0800: 3216.505: [GC (Allocation Failure) [PSYoungGen: 67381K->96K(80384K)] 484898K->450389K(558592K), 0.0082689 secs] [Times: user=0.02 sys=0.00, real=0.00 secs] 
2024-07-05T01:41:47.803+0800: 3216.514: [Full GC (Ergonomics) [PSYoungGen: 96K->0K(80384K)] [ParOldGen: 450293K->319121K(478208K)] 450389K->319121K(558592K), [Metaspace: 22705K->22705K(1071104K)], 0.0766422 secs] [Times: user=0.13 sys=0.00, real=0.08 secs] 
2024-07-05T01:41:49.529+0800: 3218.239: [GC (Allocation Failure) [PSYoungGen: 67211K->96K(79872K)] 386333K->351985K(558080K), 0.0085615 secs] [Times: user=0.02 sys=0.00, real=0.01 secs] 
2024-07-05T01:41:51.168+0800: 3219.879: [GC (Allocation Failure) [PSYoungGen: 67255K->96K(79360K)] 419145K->384753K(557568K), 0.0082271 secs] [Times: user=0.02 sys=0.00, real=0.01 secs] 
2024-07-05T01:41:52.850+0800: 3221.561: [GC (Allocation Failure) [PSYoungGen: 67220K->96K(78848K)] 451878K->417521K(557056K), 0.0086091 secs] [Times: user=0.02 sys=0.00, real=0.01 secs] 
2024-07-05T01:41:54.485+0800: 3223.196: [GC (Allocation Failure) [PSYoungGen: 67194K->96K(78336K)] 484620K->450289K(556544K), 0.0086223 secs] [Times: user=0.00 sys=0.01, real=0.02 secs] 
2024-07-05T01:41:54.494+0800: 3223.204: [Full GC (Ergonomics) [PSYoungGen: 96K->0K(78336K)] [ParOldGen: 450193K->303412K(478208K)] 450289K->303412K(556544K), [Metaspace: 22705K->22705K(1071104K)], 0.1571271 secs] [Times: user=0.28 sys=0.00, real=0.15 secs] 
2024-07-05T01:41:56.296+0800: 3225.006: [GC (Allocation Failure) [PSYoungGen: 67078K->96K(83968K)] 370491K->336276K(562176K), 0.0081715 secs] [Times: user=0.01 sys=0.00, real=0.00 secs] 
2024-07-05T01:41:57.961+0800: 3226.671: [GC (Allocation Failure) [PSYoungGen: 67277K->96K(90112K)] 403458K->369044K(568320K), 0.0081418 secs] [Times: user=0.02 sys=0.00, real=0.01 secs] 
2024-07-05T01:41:59.608+0800: 3228.318: [GC (Allocation Failure) [PSYoungGen: 67394K->96K(96256K)] 436342K->401812K(574464K), 0.0081780 secs] [Times: user=0.01 sys=0.00, real=0.01 secs] 
2024-07-05T01:42:01.270+0800: 3229.981: [GC (Allocation Failure) [PSYoungGen: 67510K->96K(103424K)] 469226K->434580K(581632K), 0.0088491 secs] [Times: user=0.01 sys=0.00, real=0.01 secs] 
2024-07-05T01:42:01.279+0800: 3229.990: [Full GC (Ergonomics) [PSYoungGen: 96K->0K(103424K)] [ParOldGen: 434484K->303413K(478208K)] 434580K->303413K(581632K), [Metaspace: 22705K->22705K(1071104K)], 0.0950156 secs] [Times: user=0.16 sys=0.00, real=0.10 secs] 
2024-07-05T01:42:04.678+0800: 3233.388: [GC (Allocation Failure) [PSYoungGen: 100318K->128K(109056K)] 403731K->303541K(587264K), 0.0020623 secs] [Times: user=0.00 sys=0.00, real=0.00 secs] 
2024-07-05T01:42:06.404+0800: 3235.115: [GC (Allocation Failure) [PSYoungGen: 100557K->96K(115200K)] 403970K->336277K(593408K), 0.0081016 secs] [Times: user=0.02 sys=0.00, real=0.01 secs] 
2024-07-05T01:42:09.680+0800: 3238.391: [GC (Allocation Failure) [PSYoungGen: 100386K->64K(120832K)] 436567K->336245K(599040K), 0.0019943 secs] [Times: user=0.00 sys=0.00, real=0.00 secs] 
2024-07-05T01:42:11.446+0800: 3240.156: [GC (Allocation Failure) [PSYoungGen: 100824K->96K(126976K)] 437005K->369045K(605184K), 0.0082192 secs] [Times: user=0.02 sys=0.00, real=0.01 secs] 
2024-07-05T01:42:14.654+0800: 3243.365: [GC (Allocation Failure) [PSYoungGen: 100656K->64K(132608K)] 469606K->369013K(610816K), 0.0028153 secs] [Times: user=0.01 sys=0.00, real=0.00 secs] 
2024-07-05T01:42:16.465+0800: 3245.176: [GC (Allocation Failure) [PSYoungGen: 101107K->96K(139264K)] 470056K->401813K(617472K), 0.0083438 secs] [Times: user=0.02 sys=0.00, real=0.01 secs] 
2024-07-05T01:42:19.810+0800: 3248.520: [GC (Allocation Failure) [PSYoungGen: 133671K->96K(145920K)] 535388K->434581K(624128K), 0.0094159 secs] [Times: user=0.01 sys=0.01, real=0.01 secs] 
2024-07-05T01:42:19.819+0800: 3248.530: [Full GC (Ergonomics) [PSYoungGen: 96K->0K(145920K)] [ParOldGen: 434485K->303414K(478208K)] 434581K->303414K(624128K), [Metaspace: 22705K->22705K(1071104K)], 0.0762222 secs] [Times: user=0.13 sys=0.00, real=0.08 secs] 
2024-07-05T01:42:23.297+0800: 3252.007: [GC (Allocation Failure) [PSYoungGen: 134026K->96K(153600K)] 437441K->336278K(631808K), 0.0081353 secs] [Times: user=0.02 sys=0.00, real=0.00 secs] 
2024-07-05T01:42:26.651+0800: 3255.361: [GC (Allocation Failure) [PSYoungGen: 134238K->96K(161280K)] 470421K->369046K(639488K), 0.0082949 secs] [Times: user=0.02 sys=0.00, real=0.01 secs] 
2024-07-05T01:42:29.978+0800: 3258.689: [GC (Allocation Failure) [PSYoungGen: 134366K->96K(168960K)] 503316K->401814K(647168K), 0.0082825 secs] [Times: user=0.02 sys=0.00, real=0.01 secs] 
2024-07-05T01:42:34.683+0800: 3263.394: [GC (Allocation Failure) [PSYoungGen: 167267K->128K(175616K)] 568986K->401846K(653824K), 0.0020828 secs] [Times: user=0.00 sys=0.00, real=0.00 secs] 
2024-07-05T01:42:38.474+0800: 3267.185: [GC (Allocation Failure) [PSYoungGen: 167422K->96K(183296K)] 569141K->434582K(661504K), 0.0100422 secs] [Times: user=0.01 sys=0.00, real=0.00 secs] 
2024-07-05T01:42:38.484+0800: 3267.195: [Full GC (Ergonomics) [PSYoungGen: 96K->0K(183296K)] [ParOldGen: 434486K->303416K(478208K)] 434582K->303416K(661504K), [Metaspace: 22705K->22705K(1071104K)], 0.0769601 secs] [Times: user=0.14 sys=0.00, real=0.08 secs] 
2024-07-05T01:42:43.051+0800: 3271.762: [GC (Allocation Failure) [PSYoungGen: 167190K->64K(179712K)] 470606K->303480K(657920K), 0.0019689 secs] [Times: user=0.01 sys=0.00, real=0.00 secs] 
2024-07-05T01:42:46.939+0800: 3275.650: [GC (Allocation Failure) [PSYoungGen: 167268K->96K(176128K)] 470684K->336280K(654336K), 0.0081031 secs] [Times: user=0.02 sys=0.00, real=0.01 secs] 
2024-07-05T01:42:51.470+0800: 3280.181: [GC (Allocation Failure) [PSYoungGen: 167046K->64K(173056K)] 503230K->336248K(651264K), 0.0019857 secs] [Times: user=0.01 sys=0.00, real=0.00 secs] 
2024-07-05T01:42:55.361+0800: 3284.072: [GC (Allocation Failure) [PSYoungGen: 167315K->96K(169984K)] 503499K->369048K(648192K), 0.0087832 secs] [Times: user=0.02 sys=0.00, real=0.01 secs] 
2024-07-05T01:43:00.290+0800: 3289.001: [GC (Allocation Failure) [PSYoungGen: 167046K->64K(166912K)] 535999K->369016K(645120K), 0.0027880 secs] [Times: user=0.01 sys=0.00, real=0.00 secs] 
2024-07-05T01:43:03.706+0800: 3292.417: [GC (Allocation Failure) [PSYoungGen: 134495K->64K(163840K)] 503447K->369016K(642048K), 0.0032290 secs] [Times: user=0.00 sys=0.00, real=0.00 secs] 
2024-07-05T01:43:07.071+0800: 3295.782: [GC (Allocation Failure) [PSYoungGen: 134119K->64K(160768K)] 503071K->369016K(638976K), 0.0020401 secs] [Times: user=0.00 sys=0.00, real=0.00 secs] 
2024-07-05T01:43:10.550+0800: 3299.261: [GC (Allocation Failure) [PSYoungGen: 134138K->64K(158208K)] 503090K->369016K(636416K), 0.0031729 secs] [Times: user=0.00 sys=0.00, real=0.00 secs] 
2024-07-05T01:43:13.887+0800: 3302.598: [GC (Allocation Failure) [PSYoungGen: 134138K->64K(155648K)] 503090K->369016K(633856K), 0.0022237 secs] [Times: user=0.01 sys=0.00, real=0.00 secs] 
2024-07-05T01:43:17.226+0800: 3305.937: [GC (Allocation Failure) [PSYoungGen: 134119K->64K(153088K)] 503072K->369016K(631296K), 0.0019892 secs] [Times: user=0.00 sys=0.00, real=0.00 secs] 
2024-07-05T01:43:20.555+0800: 3309.266: [GC (Allocation Failure) [PSYoungGen: 134090K->128K(150528K)] 503042K->369080K(628736K), 0.0021425 secs] [Times: user=0.01 sys=0.00, real=0.00 secs] 
2024-07-05T01:43:23.932+0800: 3312.642: [GC (Allocation Failure) [PSYoungGen: 134117K->64K(147968K)] 503069K->369016K(626176K), 0.0034269 secs] [Times: user=0.00 sys=0.00, real=0.01 secs] 
2024-07-05T01:43:27.303+0800: 3316.014: [GC (Allocation Failure) [PSYoungGen: 134012K->64K(145408K)] 502964K->369016K(623616K), 0.0019946 secs] [Times: user=0.01 sys=0.00, real=0.00 secs] 
2024-07-05T01:43:30.657+0800: 3319.368: [GC (Allocation Failure) [PSYoungGen: 133967K->64K(143360K)] 502920K->369016K(621568K), 0.0019821 secs] [Times: user=0.01 sys=0.00, real=0.00 secs] 
2024-07-05T01:43:34.044+0800: 3322.755: [GC (Allocation Failure) [PSYoungGen: 133931K->64K(141312K)] 502884K->369016K(619520K), 0.0021368 secs] [Times: user=0.00 sys=0.00, real=0.01 secs] 
2024-07-05T01:43:37.415+0800: 3326.126: [GC (Allocation Failure) [PSYoungGen: 133894K->96K(139264K)] 502847K->401824K(617472K), 0.0081934 secs] [Times: user=0.01 sys=0.00, real=0.00 secs] 
2024-07-05T01:43:40.801+0800: 3329.512: [GC (Allocation Failure) [PSYoungGen: 133888K->96K(137216K)] 535617K->434600K(615424K), 0.0086046 secs] [Times: user=0.01 sys=0.00, real=0.01 secs] 
2024-07-05T01:43:40.810+0800: 3329.520: [Full GC (Ergonomics) [PSYoungGen: 96K->0K(137216K)] [ParOldGen: 434504K->303421K(478208K)] 434600K->303421K(615424K), [Metaspace: 22708K->22708K(1071104K)], 0.0819965 secs] [Times: user=0.15 sys=0.00, real=0.08 secs] 
2024-07-05T01:43:44.587+0800: 3333.298: [GC (Allocation Failure) [PSYoungGen: 133987K->96K(135168K)] 437409K->336285K(613376K), 0.0094188 secs] [Times: user=0.01 sys=0.00, real=0.01 secs] 
2024-07-05T01:43:48.342+0800: 3337.053: [GC (Allocation Failure) [PSYoungGen: 133957K->32K(133120K)] 470146K->336221K(611328K), 0.0021504 secs] [Times: user=0.01 sys=0.00, real=0.00 secs] 
2024-07-05T01:43:49.216+0800: 3337.927: [GC (Allocation Failure) [PSYoungGen: 132640K->496K(145408K)] 468829K->431618K(623616K), 0.0144652 secs] [Times: user=0.02 sys=0.00, real=0.01 secs] 
2024-07-05T01:43:49.231+0800: 3337.942: [Full GC (Ergonomics) [PSYoungGen: 496K->0K(145408K)] [ParOldGen: 431121K->300468K(478208K)] 431618K->300468K(623616K), [Metaspace: 22720K->22720K(1071104K)], 0.0898577 secs] [Times: user=0.16 sys=0.00, real=0.09 secs] 
2024-07-05T01:43:55.046+0800: 3343.757: [GC (Allocation Failure) [PSYoungGen: 144896K->35826K(180736K)] 445364K->444585K(658944K), 0.0215910 secs] [Times: user=0.04 sys=0.00, real=0.02 secs] 
2024-07-05T01:43:55.068+0800: 3343.778: [Full GC (Ergonomics) [PSYoungGen: 35826K->0K(180736K)] [ParOldGen: 408758K->313266K(478208K)] 444585K->313266K(658944K), [Metaspace: 22723K->22723K(1071104K)], 0.0906150 secs] [Times: user=0.16 sys=0.00, real=0.09 secs] 
2024-07-05T01:43:59.377+0800: 3348.088: [GC (Allocation Failure) [PSYoungGen: 144896K->57848K(137728K)] 458162K->456269K(615936K), 0.0322209 secs] [Times: user=0.04 sys=0.03, real=0.03 secs] 
2024-07-05T01:43:59.409+0800: 3348.120: [Full GC (Ergonomics) [PSYoungGen: 57848K->0K(137728K)] [ParOldGen: 398421K->324941K(478208K)] 456269K->324941K(615936K), [Metaspace: 22723K->22723K(1071104K)], 0.0903492 secs] [Times: user=0.16 sys=0.00, real=0.09 secs] 
2024-07-05T01:44:03.841+0800: 3352.551: [GC (Allocation Failure) [PSYoungGen: 79872K->78588K(159232K)] 404813K->403530K(637440K), 0.0116142 secs] [Times: user=0.02 sys=0.00, real=0.01 secs] 
2024-07-05T01:44:07.551+0800: 3356.262: [GC (Allocation Failure) [PSYoungGen: 158460K->79357K(159232K)] 483402K->416775K(637440K), 0.0134556 secs] [Times: user=0.02 sys=0.00, real=0.01 secs] 
2024-07-05T01:44:07.595+0800: 3356.306: [GC (Allocation Failure) [PSYoungGen: 159229K->79357K(159232K)] 496647K->442400K(637440K), 0.0147287 secs] [Times: user=0.03 sys=0.00, real=0.01 secs] 
2024-07-05T01:44:11.812+0800: 3360.522: [GC (Allocation Failure) [PSYoungGen: 159229K->79357K(159232K)] 522272K->457342K(637440K), 0.0135190 secs] [Times: user=0.03 sys=0.00, real=0.01 secs] 
2024-07-05T01:44:11.825+0800: 3360.536: [Full GC (Ergonomics) [PSYoungGen: 79357K->0K(159232K)] [ParOldGen: 377985K->310927K(478208K)] 457342K->310927K(637440K), [Metaspace: 22723K->22723K(1071104K)], 0.0926673 secs] [Times: user=0.15 sys=0.00, real=0.10 secs] 
2024-07-05T01:44:13.752+0800: 3362.463: [GC (Allocation Failure) [PSYoungGen: 79872K->79261K(159232K)] 390799K->390188K(637440K), 0.0116620 secs] [Times: user=0.02 sys=0.01, real=0.01 secs] 
2024-07-05T01:44:19.549+0800: 3368.259: [GC (Allocation Failure) [PSYoungGen: 159133K->79357K(159232K)] 470060K->403065K(637440K), 0.0138140 secs] [Times: user=0.03 sys=0.00, real=0.01 secs] 
2024-07-05T01:44:19.608+0800: 3368.319: [GC (Allocation Failure) [PSYoungGen: 159229K->79357K(159232K)] 482937K->428814K(637440K), 0.0158680 secs] [Times: user=0.03 sys=0.00, real=0.01 secs] 
2024-07-05T01:44:23.826+0800: 3372.536: [GC (Allocation Failure) [PSYoungGen: 159228K->79357K(159232K)] 508685K->449009K(637440K), 0.0153578 secs] [Times: user=0.03 sys=0.00, real=0.01 secs] 
2024-07-05T01:44:25.611+0800: 3374.322: [GC (Allocation Failure) [PSYoungGen: 159229K->79357K(159232K)] 528881K->501885K(637440K), 0.0190390 secs] [Times: user=0.03 sys=0.00, real=0.02 secs] 
2024-07-05T01:44:25.630+0800: 3374.341: [Full GC (Ergonomics) [PSYoungGen: 79357K->0K(159232K)] [ParOldGen: 422528K->311824K(478208K)] 501885K->311824K(637440K), [Metaspace: 22723K->22723K(1071104K)], 0.0891258 secs] [Times: user=0.16 sys=0.00, real=0.09 secs] 
2024-07-05T01:44:29.480+0800: 3378.190: [GC (Allocation Failure) [PSYoungGen: 79868K->78540K(159232K)] 391693K->390365K(637440K), 0.0117012 secs] [Times: user=0.02 sys=0.00, real=0.01 secs] 
2024-07-05T01:44:33.637+0800: 3382.348: [GC (Allocation Failure) [PSYoungGen: 158406K->79357K(159232K)] 470231K->402697K(637440K), 0.0137274 secs] [Times: user=0.02 sys=0.00, real=0.01 secs] 
2024-07-05T01:44:33.697+0800: 3382.408: [GC (Allocation Failure) [PSYoungGen: 159229K->79325K(159232K)] 482569K->427873K(637440K), 0.0148674 secs] [Times: user=0.03 sys=0.00, real=0.01 secs] 
2024-07-05T01:44:37.922+0800: 3386.633: [GC (Allocation Failure) [PSYoungGen: 159197K->59978K(159232K)] 507745K->473550K(637440K), 0.0188463 secs] [Times: user=0.03 sys=0.00, real=0.02 secs] 
2024-07-05T01:44:37.941+0800: 3386.652: [Full GC (Ergonomics) [PSYoungGen: 59978K->0K(159232K)] [ParOldGen: 413571K->297867K(478208K)] 473550K->297867K(637440K), [Metaspace: 22723K->22723K(1071104K)], 0.0874105 secs] [Times: user=0.15 sys=0.00, real=0.09 secs] 
2024-07-05T01:44:39.889+0800: 3388.599: [GC (Allocation Failure) [PSYoungGen: 79864K->78620K(159232K)] 377731K->376488K(637440K), 0.0121241 secs] [Times: user=0.03 sys=0.00, real=0.01 secs] 
2024-07-05T01:44:42.004+0800: 3390.715: [GC (Allocation Failure) [PSYoungGen: 158492K->79357K(159232K)] 456360K->423149K(637440K), 0.0178761 secs] [Times: user=0.03 sys=0.00, real=0.02 secs] 
2024-07-05T01:44:46.203+0800: 3394.913: [GC (Allocation Failure) [PSYoungGen: 159229K->67121K(159232K)] 503021K->436466K(637440K), 0.0141882 secs] [Times: user=0.03 sys=0.00, real=0.02 secs] 
2024-07-05T01:44:49.980+0800: 3398.691: [GC (Allocation Failure) [PSYoungGen: 146993K->78684K(159232K)] 516338K->449487K(637440K), 0.0125067 secs] [Times: user=0.02 sys=0.00, real=0.01 secs] 
2024-07-05T01:44:50.037+0800: 3398.748: [GC (Allocation Failure) [PSYoungGen: 158546K->78252K(159232K)] 529348K->494923K(637440K), 0.0173137 secs] [Times: user=0.03 sys=0.00, real=0.02 secs] 
2024-07-05T01:44:50.054+0800: 3398.765: [Full GC (Ergonomics) [PSYoungGen: 78252K->0K(159232K)] [ParOldGen: 416671K->297763K(478208K)] 494923K->297763K(637440K), [Metaspace: 22723K->22723K(1071104K)], 0.0864020 secs] [Times: user=0.15 sys=0.00, real=0.08 secs] 
2024-07-05T01:44:54.305+0800: 3403.015: [GC (Allocation Failure) [PSYoungGen: 79872K->46156K(159232K)] 377635K->343920K(637440K), 0.0076444 secs] [Times: user=0.01 sys=0.00, real=0.01 secs] 
2024-07-05T01:44:56.074+0800: 3404.785: [GC (Allocation Failure) [PSYoungGen: 126016K->79309K(159232K)] 423780K->423222K(637440K), 0.0169667 secs] [Times: user=0.03 sys=0.00, real=0.01 secs] 
2024-07-05T01:45:01.866+0800: 3410.577: [GC (Allocation Failure) [PSYoungGen: 159181K->66977K(159232K)] 503094K->436186K(637440K), 0.0134154 secs] [Times: user=0.03 sys=0.00, real=0.01 secs] 
2024-07-05T01:45:01.924+0800: 3410.635: [GC (Allocation Failure) [PSYoungGen: 146849K->78364K(159232K)] 516058K->448871K(637440K), 0.0122904 secs] [Times: user=0.02 sys=0.00, real=0.02 secs] 
2024-07-05T01:45:05.987+0800: 3414.698: [GC (Allocation Failure) [PSYoungGen: 158236K->46044K(159232K)] 528743K->462067K(637440K), 0.0132565 secs] [Times: user=0.03 sys=0.00, real=0.01 secs] 
2024-07-05T01:45:06.001+0800: 3414.711: [Full GC (Ergonomics) [PSYoungGen: 46044K->0K(159232K)] [ParOldGen: 416023K->297884K(478208K)] 462067K->297884K(637440K), [Metaspace: 22724K->22724K(1071104K)], 0.0863811 secs] [Times: user=0.15 sys=0.00, real=0.09 secs] 
2024-07-05T01:45:07.858+0800: 3416.569: [GC (Allocation Failure) [PSYoungGen: 79866K->78332K(159232K)] 377750K->376216K(637440K), 0.0123219 secs] [Times: user=0.02 sys=0.00, real=0.01 secs] 
2024-07-05T01:45:11.639+0800: 3420.349: [GC (Allocation Failure) [PSYoungGen: 158204K->78604K(159232K)] 456088K->421997K(637440K), 0.0186163 secs] [Times: user=0.03 sys=0.00, real=0.02 secs] 
2024-07-05T01:45:13.569+0800: 3422.279: [GC (Allocation Failure) [PSYoungGen: 158476K->78444K(159232K)] 501869K->500433K(637440K), 0.0207492 secs] [Times: user=0.04 sys=0.00, real=0.02 secs] 
2024-07-05T01:45:13.589+0800: 3422.300: [Full GC (Ergonomics) [PSYoungGen: 78444K->0K(159232K)] [ParOldGen: 421989K->336265K(478208K)] 500433K->336265K(637440K), [Metaspace: 22724K->22724K(1071104K)], 0.0930613 secs] [Times: user=0.16 sys=0.00, real=0.09 secs] 
2024-07-05T01:45:19.363+0800: 3428.074: [GC (Allocation Failure) [PSYoungGen: 79872K->79149K(159232K)] 416137K->415415K(637440K), 0.0117651 secs] [Times: user=0.03 sys=0.00, real=0.02 secs] 
2024-07-05T01:45:19.402+0800: 3428.113: [GC (Allocation Failure) [PSYoungGen: 159021K->78764K(159232K)] 495287K->428515K(637440K), 0.0146284 secs] [Times: user=0.02 sys=0.00, real=0.02 secs] 
2024-07-05T01:45:23.504+0800: 3432.215: [GC (Allocation Failure) [PSYoungGen: 158636K->72710K(159232K)] 508387K->474688K(637440K), 0.0171113 secs] [Times: user=0.04 sys=0.00, real=0.02 secs] 
2024-07-05T01:45:23.522+0800: 3432.232: [Full GC (Ergonomics) [PSYoungGen: 72710K->0K(159232K)] [ParOldGen: 401978K->310513K(478208K)] 474688K->310513K(637440K), [Metaspace: 22724K->22724K(1071104K)], 0.0928255 secs] [Times: user=0.15 sys=0.00, real=0.10 secs] 
2024-07-05T01:45:25.371+0800: 3434.082: [GC (Allocation Failure) [PSYoungGen: 79867K->78940K(159232K)] 390380K->389454K(637440K), 0.0115310 secs] [Times: user=0.02 sys=0.00, real=0.01 secs] 
2024-07-05T01:45:29.477+0800: 3438.188: [GC (Allocation Failure) [PSYoungGen: 158812K->66208K(159232K)] 469326K->402578K(637440K), 0.0130791 secs] [Times: user=0.02 sys=0.00, real=0.01 secs] 
2024-07-05T01:45:33.201+0800: 3441.911: [GC (Allocation Failure) [PSYoungGen: 146080K->79117K(159232K)] 482450K->416031K(637440K), 0.0120069 secs] [Times: user=0.02 sys=0.00, real=0.01 secs] 
2024-07-05T01:45:33.257+0800: 3441.968: [GC (Allocation Failure) [PSYoungGen: 158989K->78940K(159232K)] 495903K->462140K(637440K), 0.0208868 secs] [Times: user=0.03 sys=0.00, real=0.02 secs] 
2024-07-05T01:45:37.385+0800: 3446.096: [GC (Allocation Failure) [PSYoungGen: 158812K->73015K(159232K)] 542012K->507929K(637440K), 0.0174155 secs] [Times: user=0.03 sys=0.00, real=0.02 secs] 
2024-07-05T01:45:37.403+0800: 3446.113: [Full GC (Ergonomics) [PSYoungGen: 73015K->0K(159232K)] [ParOldGen: 434914K->310897K(478208K)] 507929K->310897K(637440K), [Metaspace: 22724K->22724K(1071104K)], 0.0871385 secs] [Times: user=0.15 sys=0.00, real=0.09 secs] 
2024-07-05T01:45:39.273+0800: 3447.984: [GC (Allocation Failure) [PSYoungGen: 79872K->78940K(159232K)] 390769K->389838K(637440K), 0.0117920 secs] [Times: user=0.02 sys=0.00, real=0.01 secs] 
2024-07-05T01:45:43.419+0800: 3452.130: [GC (Allocation Failure) [PSYoungGen: 158812K->66480K(159232K)] 469710K->402851K(637440K), 0.0132703 secs] [Times: user=0.03 sys=0.00, real=0.01 secs] 
2024-07-05T01:45:45.581+0800: 3454.291: [GC (Allocation Failure) [PSYoungGen: 146352K->79277K(159232K)] 482723K->416464K(637440K), 0.0123362 secs] [Times: user=0.02 sys=0.00, real=0.01 secs] 
2024-07-05T01:45:49.329+0800: 3458.040: [GC (Allocation Failure) [PSYoungGen: 159149K->78940K(159232K)] 496336K->462573K(637440K), 0.0171961 secs] [Times: user=0.03 sys=0.00, real=0.02 secs] 
2024-07-05T01:45:51.132+0800: 3459.843: [GC (Allocation Failure) [PSYoungGen: 158812K->78124K(159232K)] 542445K->507881K(637440K), 0.0174256 secs] [Times: user=0.03 sys=0.00, real=0.02 secs] 
2024-07-05T01:45:51.150+0800: 3459.860: [Full GC (Ergonomics) [PSYoungGen: 78124K->0K(159232K)] [ParOldGen: 429757K->310850K(478208K)] 507881K->310850K(637440K), [Metaspace: 22724K->22724K(1071104K)], 0.0878872 secs] [Times: user=0.15 sys=0.00, real=0.09 secs] 
2024-07-05T01:45:55.075+0800: 3463.786: [GC (Allocation Failure) [PSYoungGen: 79866K->77467K(159232K)] 390716K->388317K(637440K), 0.0113208 secs] [Times: user=0.03 sys=0.00, real=0.01 secs] 
2024-07-05T01:45:55.119+0800: 3463.830: [GC (Allocation Failure) [PSYoungGen: 157339K->78989K(159232K)] 468189K->467294K(637440K), 0.0205415 secs] [Times: user=0.04 sys=0.00, real=0.02 secs] 
2024-07-05T01:45:55.140+0800: 3463.850: [Full GC (Ergonomics) [PSYoungGen: 78989K->0K(159232K)] [ParOldGen: 388305K->335978K(478208K)] 467294K->335978K(637440K), [Metaspace: 22724K->22724K(1071104K)], 0.0901093 secs] [Times: user=0.16 sys=0.00, real=0.09 secs] 
2024-07-05T01:46:01.026+0800: 3469.737: [GC (Allocation Failure) [PSYoungGen: 79864K->79020K(159232K)] 415842K->414999K(637440K), 0.0117250 secs] [Times: user=0.02 sys=0.00, real=0.01 secs] 
2024-07-05T01:46:04.886+0800: 3473.597: [GC (Allocation Failure) [PSYoungGen: 158892K->79165K(159232K)] 494871K->428500K(637440K), 0.0134165 secs] [Times: user=0.03 sys=0.00, real=0.01 secs] 
2024-07-05T01:46:06.715+0800: 3475.426: [GC (Allocation Failure) [PSYoungGen: 159037K->79149K(159232K)] 508372K->474817K(637440K), 0.0170686 secs] [Times: user=0.04 sys=0.00, real=0.01 secs] 
2024-07-05T01:46:06.732+0800: 3475.443: [Full GC (Ergonomics) [PSYoungGen: 79149K->0K(159232K)] [ParOldGen: 395668K->310642K(478208K)] 474817K->310642K(637440K), [Metaspace: 22724K->22724K(1071104K)], 0.0881577 secs] [Times: user=0.15 sys=0.00, real=0.09 secs] 
2024-07-05T01:46:08.886+0800: 3477.596: [GC (Allocation Failure) [PSYoungGen: 79872K->78668K(159232K)] 390514K->389311K(637440K), 0.0113749 secs] [Times: user=0.02 sys=0.00, real=0.01 secs] 
2024-07-05T01:46:12.992+0800: 3481.702: [GC (Allocation Failure) [PSYoungGen: 158540K->66096K(159232K)] 469183K->402468K(637440K), 0.0139452 secs] [Times: user=0.02 sys=0.00, real=0.02 secs] 
2024-07-05T01:46:16.850+0800: 3485.561: [GC (Allocation Failure) [PSYoungGen: 145968K->78988K(159232K)] 482340K->415793K(637440K), 0.0117256 secs] [Times: user=0.03 sys=0.00, real=0.01 secs] 
2024-07-05T01:46:16.907+0800: 3485.617: [GC (Allocation Failure) [PSYoungGen: 158860K->78876K(159232K)] 495665K->461838K(637440K), 0.0183507 secs] [Times: user=0.03 sys=0.00, real=0.01 secs] 
2024-07-05T01:46:21.139+0800: 3489.850: [GC (Allocation Failure) [PSYoungGen: 158748K->46525K(159232K)] 541710K->475515K(637440K), 0.0134550 secs] [Times: user=0.03 sys=0.00, real=0.01 secs] 
2024-07-05T01:46:21.152+0800: 3489.863: [Full GC (Ergonomics) [PSYoungGen: 46525K->0K(159232K)] [ParOldGen: 428990K->311331K(478208K)] 475515K->311331K(637440K), [Metaspace: 22724K->22724K(1071104K)], 0.0883700 secs] [Times: user=0.15 sys=0.00, real=0.09 secs] 
2024-07-05T01:46:23.063+0800: 3491.774: [GC (Allocation Failure) [PSYoungGen: 79872K->78924K(159232K)] 391203K->390256K(637440K), 0.0116398 secs] [Times: user=0.02 sys=0.00, real=0.02 secs] 
2024-07-05T01:46:27.395+0800: 3496.105: [GC (Allocation Failure) [PSYoungGen: 158790K->67025K(159232K)] 470122K->403397K(637440K), 0.0132917 secs] [Times: user=0.02 sys=0.00, real=0.01 secs] 
2024-07-05T01:46:29.486+0800: 3498.196: [GC (Allocation Failure) [PSYoungGen: 146897K->79181K(159232K)] 483269K->416898K(637440K), 0.0118483 secs] [Times: user=0.02 sys=0.00, real=0.01 secs] 
2024-07-05T01:46:31.720+0800: 3500.431: [GC (Allocation Failure) [PSYoungGen: 159040K->79069K(159232K)] 496757K->463135K(637440K), 0.0170364 secs] [Times: user=0.04 sys=0.00, real=0.02 secs] 
2024-07-05T01:46:33.912+0800: 3502.622: [GC (Allocation Failure) [PSYoungGen: 158941K->79325K(159232K)] 543007K->509645K(637440K), 0.0172369 secs] [Times: user=0.03 sys=0.00, real=0.02 secs] 
2024-07-05T01:46:33.929+0800: 3502.640: [Full GC (Ergonomics) [PSYoungGen: 79325K->0K(159232K)] [ParOldGen: 430319K->312613K(478208K)] 509645K->312613K(637440K), [Metaspace: 22724K->22724K(1071104K)], 0.0889871 secs] [Times: user=0.16 sys=0.00, real=0.09 secs] 
2024-07-05T01:46:37.937+0800: 3506.647: [GC (Allocation Failure) [PSYoungGen: 79872K->78876K(159232K)] 392485K->391490K(637440K), 0.0115865 secs] [Times: user=0.02 sys=0.00, real=0.01 secs] 
2024-07-05T01:46:42.229+0800: 3510.940: [GC (Allocation Failure) [PSYoungGen: 158736K->13196K(159232K)] 471349K->404679K(637440K), 0.0154840 secs] [Times: user=0.03 sys=0.00, real=0.01 secs] 
2024-07-05T01:46:42.245+0800: 3510.955: [Full GC (Ergonomics) [PSYoungGen: 13196K->0K(159232K)] [ParOldGen: 391482K->273351K(478208K)] 404679K->273351K(637440K), [Metaspace: 22724K->22724K(1071104K)], 0.0864727 secs] [Times: user=0.15 sys=0.00, real=0.09 secs] 
2024-07-05T01:46:42.378+0800: 3511.088: [GC (Allocation Failure) [PSYoungGen: 79872K->78780K(159232K)] 353223K->352132K(637440K), 0.0117309 secs] [Times: user=0.02 sys=0.00, real=0.01 secs] 
2024-07-05T01:46:46.620+0800: 3515.331: [GC (Allocation Failure) [PSYoungGen: 158652K->61852K(159232K)] 432004K->398257K(637440K), 0.0195293 secs] [Times: user=0.04 sys=0.00, real=0.02 secs] 
2024-07-05T01:46:48.471+0800: 3517.181: [GC (Allocation Failure) [PSYoungGen: 141724K->79197K(159232K)] 478129K->444638K(637440K), 0.0153934 secs] [Times: user=0.03 sys=0.00, real=0.02 secs] 
2024-07-05T01:46:52.323+0800: 3521.033: [GC (Allocation Failure) [PSYoungGen: 159069K->78972K(159232K)] 524510K->490787K(637440K), 0.0177717 secs] [Times: user=0.04 sys=0.00, real=0.02 secs] 
2024-07-05T01:46:52.340+0800: 3521.051: [Full GC (Ergonomics) [PSYoungGen: 78972K->0K(159232K)] [ParOldGen: 411814K->326579K(478208K)] 490787K->326579K(637440K), [Metaspace: 22724K->22724K(1071104K)], 0.1095798 secs] [Times: user=0.18 sys=0.00, real=0.11 secs] 
2024-07-05T01:46:56.684+0800: 3525.394: [GC (Allocation Failure) [PSYoungGen: 79872K->79101K(159232K)] 406451K->405680K(637440K), 0.0119827 secs] [Times: user=0.02 sys=0.00, real=0.02 secs] 
2024-07-05T01:46:56.746+0800: 3525.456: [GC (Allocation Failure) [PSYoungGen: 158973K->78892K(159232K)] 485552K->418909K(637440K), 0.0133030 secs] [Times: user=0.03 sys=0.00, real=0.01 secs] 
2024-07-05T01:47:01.013+0800: 3529.724: [GC (Allocation Failure) [PSYoungGen: 158764K->46477K(159232K)] 498781K->432539K(637440K), 0.0132433 secs] [Times: user=0.03 sys=0.00, real=0.02 secs] 
2024-07-05T01:47:01.026+0800: 3529.737: [Full GC (Ergonomics) [PSYoungGen: 46477K->0K(159232K)] [ParOldGen: 386061K->301203K(478208K)] 432539K->301203K(637440K), [Metaspace: 22724K->22724K(1071104K)], 0.0873722 secs] [Times: user=0.15 sys=0.00, real=0.09 secs] 
2024-07-05T01:47:02.954+0800: 3531.665: [GC (Allocation Failure) [PSYoungGen: 79872K->79037K(159232K)] 381075K->380240K(637440K), 0.0119229 secs] [Times: user=0.03 sys=0.00, real=0.01 secs] 
2024-07-05T01:47:06.742+0800: 3535.453: [GC (Allocation Failure) [PSYoungGen: 158909K->79005K(159232K)] 460112K->426421K(637440K), 0.0186171 secs] [Times: user=0.03 sys=0.00, real=0.02 secs] 
2024-07-05T01:47:11.002+0800: 3539.713: [GC (Allocation Failure) [PSYoungGen: 158877K->13132K(159232K)] 506293K->439546K(637440K), 0.0133571 secs] [Times: user=0.02 sys=0.00, real=0.02 secs] 
2024-07-05T01:47:11.015+0800: 3539.726: [Full GC (Ergonomics) [PSYoungGen: 13132K->0K(159232K)] [ParOldGen: 426413K->275370K(478208K)] 439546K->275370K(637440K), [Metaspace: 22724K->22724K(1071104K)], 0.0869956 secs] [Times: user=0.15 sys=0.00, real=0.08 secs] 
2024-07-05T01:47:11.147+0800: 3539.858: [GC (Allocation Failure) [PSYoungGen: 79872K->78908K(159232K)] 355242K->354279K(637440K), 0.0124879 secs] [Times: user=0.02 sys=0.00, real=0.01 secs] 
2024-07-05T01:47:15.396+0800: 3544.107: [GC (Allocation Failure) [PSYoungGen: 158773K->64334K(159232K)] 434144K->400740K(637440K), 0.0174586 secs] [Times: user=0.03 sys=0.00, real=0.02 secs] 
2024-07-05T01:47:17.237+0800: 3545.947: [GC (Allocation Failure) [PSYoungGen: 144206K->78172K(159232K)] 480612K->446096K(637440K), 0.0162363 secs] [Times: user=0.03 sys=0.00, real=0.01 secs] 
2024-07-05T01:47:19.404+0800: 3548.115: [GC (Allocation Failure) [PSYoungGen: 158034K->78684K(159232K)] 525959K->491957K(637440K), 0.0174176 secs] [Times: user=0.04 sys=0.00, real=0.02 secs] 
2024-07-05T01:47:19.422+0800: 3548.132: [Full GC (Ergonomics) [PSYoungGen: 78684K->0K(159232K)] [ParOldGen: 413272K->327749K(478208K)] 491957K->327749K(637440K), [Metaspace: 22724K->22724K(1071104K)], 0.0916763 secs] [Times: user=0.16 sys=0.00, real=0.09 secs] 
2024-07-05T01:47:23.799+0800: 3552.509: [GC (Allocation Failure) [PSYoungGen: 79872K->78476K(159232K)] 407621K->406226K(637440K), 0.0117106 secs] [Times: user=0.02 sys=0.00, real=0.01 secs] 
2024-07-05T01:47:27.710+0800: 3556.420: [GC (Allocation Failure) [PSYoungGen: 158348K->78220K(159232K)] 486098K->418782K(637440K), 0.0152904 secs] [Times: user=0.03 sys=0.00, real=0.01 secs] 
2024-07-05T01:47:27.769+0800: 3556.480: [GC (Allocation Failure) [PSYoungGen: 158092K->79117K(159232K)] 498654K->465083K(637440K), 0.0171736 secs] [Times: user=0.03 sys=0.00, real=0.02 secs] 
2024-07-05T01:47:27.787+0800: 3556.497: [Full GC (Ergonomics) [PSYoungGen: 79117K->0K(159232K)] [ParOldGen: 385966K->300907K(478208K)] 465083K->300907K(637440K), [Metaspace: 22724K->22724K(1071104K)], 0.0884227 secs] [Times: user=0.15 sys=0.01, real=0.09 secs] 
2024-07-05T01:47:32.103+0800: 3560.813: [GC (Allocation Failure) [PSYoungGen: 79872K->46557K(159232K)] 380779K->347465K(637440K), 0.0075486 secs] [Times: user=0.01 sys=0.00, real=0.01 secs] 
2024-07-05T01:47:32.143+0800: 3560.853: [GC (Allocation Failure) [PSYoungGen: 126429K->78892K(159232K)] 427337K->426342K(637440K), 0.0201526 secs] [Times: user=0.03 sys=0.00, real=0.02 secs] 
2024-07-05T01:47:37.981+0800: 3566.692: [GC (Allocation Failure) [PSYoungGen: 158764K->70868K(159232K)] 506214K->440099K(637440K), 0.0136340 secs] [Times: user=0.03 sys=0.00, real=0.02 secs] 
2024-07-05T01:47:40.185+0800: 3568.895: [GC (Allocation Failure) [PSYoungGen: 150740K->79277K(159232K)] 519971K->453696K(637440K), 0.0127177 secs] [Times: user=0.03 sys=0.00, real=0.02 secs] 
2024-07-05T01:47:44.216+0800: 3572.927: [GC (Allocation Failure) [PSYoungGen: 159149K->78780K(159232K)] 533568K->499645K(637440K), 0.0175654 secs] [Times: user=0.03 sys=0.00, real=0.02 secs] 
2024-07-05T01:47:44.234+0800: 3572.944: [Full GC (Ergonomics) [PSYoungGen: 78780K->0K(159232K)] [ParOldGen: 420864K->302613K(478208K)] 499645K->302613K(637440K), [Metaspace: 22724K->22724K(1071104K)], 0.0881066 secs] [Times: user=0.16 sys=0.00, real=0.08 secs] 
2024-07-05T01:47:46.153+0800: 3574.863: [GC (Allocation Failure) [PSYoungGen: 79872K->78956K(159232K)] 382485K->381570K(637440K), 0.0138652 secs] [Times: user=0.02 sys=0.00, real=0.02 secs] 
2024-07-05T01:47:50.071+0800: 3578.782: [GC (Allocation Failure) [PSYoungGen: 158828K->78908K(159232K)] 461442K->427655K(637440K), 0.0181584 secs] [Times: user=0.03 sys=0.00, real=0.02 secs] 
2024-07-05T01:47:54.372+0800: 3583.083: [GC (Allocation Failure) [PSYoungGen: 158780K->71477K(159232K)] 507527K->440700K(637440K), 0.0134049 secs] [Times: user=0.03 sys=0.00, real=0.01 secs] 
2024-07-05T01:47:54.432+0800: 3583.142: [GC (Allocation Failure) [PSYoungGen: 151349K->78604K(159232K)] 520572K->453625K(637440K), 0.0123886 secs] [Times: user=0.02 sys=0.00, real=0.01 secs] 
2024-07-05T01:47:58.672+0800: 3587.383: [GC (Allocation Failure) [PSYoungGen: 158476K->64959K(159232K)] 533497K->499878K(637440K), 0.0174006 secs] [Times: user=0.04 sys=0.00, real=0.02 secs] 
2024-07-05T01:47:58.690+0800: 3587.401: [Full GC (Ergonomics) [PSYoungGen: 64959K->0K(159232K)] [ParOldGen: 434918K->302854K(478208K)] 499878K->302854K(637440K), [Metaspace: 22724K->22724K(1071104K)], 0.0906622 secs] [Times: user=0.15 sys=0.00, real=0.09 secs] 
2024-07-05T01:48:00.613+0800: 3589.324: [GC (Allocation Failure) [PSYoungGen: 79869K->79069K(159232K)] 382724K->381923K(637440K), 0.0115826 secs] [Times: user=0.03 sys=0.00, real=0.01 secs] 
2024-07-05T01:48:04.664+0800: 3593.375: [GC (Allocation Failure) [PSYoungGen: 158941K->78892K(159232K)] 461795K->427992K(637440K), 0.0176067 secs] [Times: user=0.04 sys=0.00, real=0.02 secs] 
2024-07-05T01:48:08.941+0800: 3597.651: [GC (Allocation Failure) [PSYoungGen: 158764K->71926K(159232K)] 507864K->441149K(637440K), 0.0135658 secs] [Times: user=0.02 sys=0.00, real=0.02 secs] 
2024-07-05T01:48:09.000+0800: 3597.710: [GC (Allocation Failure) [PSYoungGen: 151798K->78428K(159232K)] 521021K->453897K(637440K), 0.0131865 secs] [Times: user=0.03 sys=0.00, real=0.01 secs] 
2024-07-05T01:48:13.191+0800: 3601.901: [GC (Allocation Failure) [PSYoungGen: 158300K->64751K(159232K)] 533769K->499670K(637440K), 0.0169122 secs] [Times: user=0.04 sys=0.00, real=0.02 secs] 
2024-07-05T01:48:13.208+0800: 3601.918: [Full GC (Ergonomics) [PSYoungGen: 64751K->0K(159232K)] [ParOldGen: 434919K->302646K(478208K)] 499670K->302646K(637440K), [Metaspace: 22724K->22724K(1071104K)], 0.0895857 secs] [Times: user=0.15 sys=0.00, real=0.09 secs] 
2024-07-05T01:48:15.107+0800: 3603.817: [GC (Allocation Failure) [PSYoungGen: 79872K->79053K(159232K)] 382518K->381699K(637440K), 0.0117608 secs] [Times: user=0.02 sys=0.00, real=0.01 secs] 
2024-07-05T01:48:19.035+0800: 3607.745: [GC (Allocation Failure) [PSYoungGen: 158925K->78572K(159232K)] 461571K->427448K(637440K), 0.0183955 secs] [Times: user=0.03 sys=0.00, real=0.01 secs] 
2024-07-05T01:48:23.277+0800: 3611.988: [GC (Allocation Failure) [PSYoungGen: 158444K->12380K(159232K)] 507320K->439820K(637440K), 0.0130932 secs] [Times: user=0.03 sys=0.00, real=0.01 secs] 
2024-07-05T01:48:23.290+0800: 3612.001: [Full GC (Ergonomics) [PSYoungGen: 12380K->0K(159232K)] [ParOldGen: 427440K->275644K(478208K)] 439820K->275644K(637440K), [Metaspace: 22724K->22724K(1071104K)], 0.0852088 secs] [Times: user=0.15 sys=0.00, real=0.09 secs] 
2024-07-05T01:48:23.421+0800: 3612.132: [GC (Allocation Failure) [PSYoungGen: 79872K->79357K(159232K)] 355516K->355338K(637440K), 0.0135663 secs] [Times: user=0.02 sys=0.00, real=0.02 secs] 
2024-07-05T01:48:27.611+0800: 3616.321: [GC (Allocation Failure) [PSYoungGen: 159229K->46365K(159232K)] 435210K->368855K(637440K), 0.0130758 secs] [Times: user=0.02 sys=0.00, real=0.01 secs] 
2024-07-05T01:48:29.402+0800: 3618.112: [GC (Allocation Failure) [PSYoungGen: 126237K->78860K(159232K)] 448727K->447700K(637440K), 0.0170170 secs] [Times: user=0.04 sys=0.00, real=0.02 secs] 
2024-07-05T01:48:33.143+0800: 3621.854: [GC (Allocation Failure) [PSYoungGen: 158732K->78636K(159232K)] 527572K->493513K(637440K), 0.0171349 secs] [Times: user=0.03 sys=0.00, real=0.02 secs] 
2024-07-05T01:48:33.160+0800: 3621.871: [Full GC (Ergonomics) [PSYoungGen: 78636K->0K(159232K)] [ParOldGen: 414876K->329337K(478208K)] 493513K->329337K(637440K), [Metaspace: 22724K->22724K(1071104K)], 0.0996037 secs] [Times: user=0.16 sys=0.00, real=0.10 secs] 
2024-07-05T01:48:37.470+0800: 3626.181: [GC (Allocation Failure) [PSYoungGen: 79872K->12924K(159232K)] 409209K->342261K(637440K), 0.0051713 secs] [Times: user=0.00 sys=0.00, real=0.01 secs] 
2024-07-05T01:48:37.522+0800: 3626.233: [GC (Allocation Failure) [PSYoungGen: 92796K->79181K(159232K)] 422133K->421411K(637440K), 0.0140654 secs] [Times: user=0.02 sys=0.00, real=0.02 secs] 
2024-07-05T01:48:41.683+0800: 3630.394: [GC (Allocation Failure) [PSYoungGen: 159053K->65599K(159232K)] 501283K->467664K(637440K), 0.0187416 secs] [Times: user=0.03 sys=0.00, real=0.02 secs] 
2024-07-05T01:48:41.702+0800: 3630.412: [Full GC (Ergonomics) [PSYoungGen: 65599K->0K(159232K)] [ParOldGen: 402064K->303496K(478208K)] 467664K->303496K(637440K), [Metaspace: 22724K->22724K(1071104K)], 0.0898683 secs] [Times: user=0.16 sys=0.00, real=0.09 secs] 
2024-07-05T01:48:43.579+0800: 3632.289: [GC (Allocation Failure) [PSYoungGen: 79867K->78524K(159232K)] 383363K->382020K(637440K), 0.0115367 secs] [Times: user=0.03 sys=0.00, real=0.01 secs] 
2024-07-05T01:48:45.679+0800: 3634.389: [GC (Allocation Failure) [PSYoungGen: 158396K->78492K(159232K)] 461892K->427689K(637440K), 0.0174488 secs] [Times: user=0.03 sys=0.00, real=0.02 secs] 
2024-07-05T01:48:49.955+0800: 3638.665: [GC (Allocation Failure) [PSYoungGen: 158364K->72070K(159232K)] 507561K->441294K(637440K), 0.0134163 secs] [Times: user=0.03 sys=0.00, real=0.01 secs] 
2024-07-05T01:48:53.867+0800: 3642.577: [GC (Allocation Failure) [PSYoungGen: 151927K->78876K(159232K)] 521151K->454507K(637440K), 0.0141585 secs] [Times: user=0.02 sys=0.00, real=0.01 secs] 
2024-07-05T01:48:53.928+0800: 3642.639: [GC (Allocation Failure) [PSYoungGen: 158748K->78236K(159232K)] 534379K->499927K(637440K), 0.0174224 secs] [Times: user=0.03 sys=0.00, real=0.01 secs] 
2024-07-05T01:48:53.946+0800: 3642.656: [Full GC (Ergonomics) [PSYoungGen: 78236K->0K(159232K)] [ParOldGen: 421691K->302896K(478208K)] 499927K->302896K(637440K), [Metaspace: 22724K->22724K(1071104K)], 0.0882172 secs] [Times: user=0.15 sys=0.00, real=0.10 secs] 
2024-07-05T01:48:58.295+0800: 3647.006: [GC (Allocation Failure) [PSYoungGen: 79872K->78668K(159232K)] 382768K->381564K(637440K), 0.0128773 secs] [Times: user=0.02 sys=0.00, real=0.01 secs] 
2024-07-05T01:49:00.112+0800: 3648.823: [GC (Allocation Failure) [PSYoungGen: 158540K->78636K(159232K)] 461436K->427377K(637440K), 0.0177868 secs] [Times: user=0.03 sys=0.00, real=0.02 secs] 
2024-07-05T01:49:05.947+0800: 3654.658: [GC (Allocation Failure) [PSYoungGen: 158503K->70949K(159232K)] 507244K->440166K(637440K), 0.0135647 secs] [Times: user=0.03 sys=0.00, real=0.01 secs] 
2024-07-05T01:49:06.006+0800: 3654.717: [GC (Allocation Failure) [PSYoungGen: 150821K->78044K(159232K)] 520038K->452546K(637440K), 0.0123285 secs] [Times: user=0.02 sys=0.00, real=0.01 secs] 
2024-07-05T01:49:10.219+0800: 3658.929: [GC (Allocation Failure) [PSYoungGen: 157916K->46637K(159232K)] 532418K->466335K(637440K), 0.0134312 secs] [Times: user=0.03 sys=0.00, real=0.01 secs] 
2024-07-05T01:49:10.232+0800: 3658.943: [Full GC (Ergonomics) [PSYoungGen: 46637K->0K(159232K)] [ParOldGen: 419698K->302151K(478208K)] 466335K->302151K(637440K), [Metaspace: 22724K->22724K(1071104K)], 0.0879294 secs] [Times: user=0.15 sys=0.00, real=0.09 secs] 
2024-07-05T01:49:12.250+0800: 3660.960: [GC (Allocation Failure) [PSYoungGen: 79872K->78940K(159232K)] 382023K->381092K(637440K), 0.0155751 secs] [Times: user=0.02 sys=0.00, real=0.01 secs] 
2024-07-05T01:49:16.222+0800: 3664.933: [GC (Allocation Failure) [PSYoungGen: 158812K->78588K(159232K)] 460964K->426857K(637440K), 0.0177125 secs] [Times: user=0.04 sys=0.00, real=0.02 secs] 
2024-07-05T01:49:20.473+0800: 3669.184: [GC (Allocation Failure) [PSYoungGen: 158460K->70484K(159232K)] 506729K->439709K(637440K), 0.0148320 secs] [Times: user=0.02 sys=0.00, real=0.02 secs] 
2024-07-05T01:49:20.533+0800: 3669.244: [GC (Allocation Failure) [PSYoungGen: 150356K->78620K(159232K)] 519581K->452650K(637440K), 0.0122761 secs] [Times: user=0.02 sys=0.00, real=0.01 secs] 
2024-07-05T01:49:24.745+0800: 3673.455: [GC (Allocation Failure) [PSYoungGen: 158484K->46333K(159232K)] 532514K->466135K(637440K), 0.0137382 secs] [Times: user=0.02 sys=0.01, real=0.02 secs] 
2024-07-05T01:49:24.758+0800: 3673.469: [Full GC (Ergonomics) [PSYoungGen: 46333K->0K(159232K)] [ParOldGen: 419802K->301944K(478208K)] 466135K->301944K(637440K), [Metaspace: 22724K->22724K(1071104K)], 0.0891484 secs] [Times: user=0.16 sys=0.00, real=0.09 secs] 
2024-07-05T01:49:26.573+0800: 3675.283: [GC (Allocation Failure) [PSYoungGen: 79872K->78748K(159232K)] 381816K->380692K(637440K), 0.0119670 secs] [Times: user=0.03 sys=0.00, real=0.01 secs] 
2024-07-05T01:49:30.303+0800: 3679.014: [GC (Allocation Failure) [PSYoungGen: 158620K->78812K(159232K)] 460564K->426681K(637440K), 0.0178672 secs] [Times: user=0.04 sys=0.00, real=0.02 secs] 
2024-07-05T01:49:34.617+0800: 3683.327: [GC (Allocation Failure) [PSYoungGen: 158684K->13340K(159232K)] 506553K->440014K(637440K), 0.0133485 secs] [Times: user=0.02 sys=0.00, real=0.01 secs] 
2024-07-05T01:49:34.630+0800: 3683.341: [Full GC (Ergonomics) [PSYoungGen: 13340K->0K(159232K)] [ParOldGen: 426673K->275838K(478208K)] 440014K->275838K(637440K), [Metaspace: 22724K->22724K(1071104K)], 0.0862847 secs] [Times: user=0.15 sys=0.00, real=0.09 secs] 
2024-07-05T01:49:34.763+0800: 3683.473: [GC (Allocation Failure) [PSYoungGen: 79872K->78540K(159232K)] 355710K->354379K(637440K), 0.0130635 secs] [Times: user=0.02 sys=0.00, real=0.02 secs] 
2024-07-05T01:49:39.071+0800: 3687.782: [GC (Allocation Failure) [PSYoungGen: 158405K->45932K(159232K)] 434244K->367464K(637440K), 0.0143403 secs] [Times: user=0.02 sys=0.00, real=0.01 secs] 
2024-07-05T01:49:40.863+0800: 3689.574: [GC (Allocation Failure) [PSYoungGen: 125800K->79053K(159232K)] 447332K->446501K(637440K), 0.0184919 secs] [Times: user=0.03 sys=0.00, real=0.02 secs] 
2024-07-05T01:49:43.026+0800: 3691.736: [GC (Allocation Failure) [PSYoungGen: 158925K->79229K(159232K)] 526373K->492906K(637440K), 0.0172347 secs] [Times: user=0.03 sys=0.00, real=0.02 secs] 
2024-07-05T01:49:43.043+0800: 3691.754: [Full GC (Ergonomics) [PSYoungGen: 79229K->0K(159232K)] [ParOldGen: 413677K->328730K(478208K)] 492906K->328730K(637440K), [Metaspace: 22724K->22724K(1071104K)], 0.0935156 secs] [Times: user=0.17 sys=0.00, real=0.10 secs] 
2024-07-05T01:49:47.399+0800: 3696.110: [GC (Allocation Failure) [PSYoungGen: 79872K->78732K(159232K)] 408602K->407463K(637440K), 0.0119401 secs] [Times: user=0.03 sys=0.00, real=0.01 secs] 
2024-07-05T01:49:49.550+0800: 3698.261: [GC (Allocation Failure) [PSYoungGen: 158604K->78492K(159232K)] 487335K->420292K(637440K), 0.0168217 secs] [Times: user=0.02 sys=0.00, real=0.02 secs] 
2024-07-05T01:49:53.582+0800: 3702.293: [GC (Allocation Failure) [PSYoungGen: 158364K->78124K(159232K)] 500164K->465600K(637440K), 0.0169964 secs] [Times: user=0.03 sys=0.00, real=0.02 secs] 
2024-07-05T01:49:53.599+0800: 3702.310: [Full GC (Ergonomics) [PSYoungGen: 78124K->0K(159232K)] [ParOldGen: 387476K->301432K(478208K)] 465600K->301432K(637440K), [Metaspace: 22724K->22724K(1071104K)], 0.0871545 secs] [Times: user=0.16 sys=0.00, real=0.09 secs] 
2024-07-05T01:49:55.588+0800: 3704.298: [GC (Allocation Failure) [PSYoungGen: 79872K->79341K(159232K)] 381304K->380773K(637440K), 0.0115909 secs] [Times: user=0.02 sys=0.00, real=0.01 secs] 
2024-07-05T01:49:59.505+0800: 3708.216: [GC (Allocation Failure) [PSYoungGen: 159213K->78908K(159232K)] 460645K->426858K(637440K), 0.0173642 secs] [Times: user=0.03 sys=0.00, real=0.02 secs] 
2024-07-05T01:52:11.287+0800: 3839.998: [GC (Allocation Failure) [PSYoungGen: 158780K->192K(159232K)] 506730K->369418K(637440K), 0.0047020 secs] [Times: user=0.01 sys=0.00, real=0.00 secs] 
2024-07-05T01:56:20.018+0800: 4088.728: [GC (Allocation Failure) [PSYoungGen: 79808K->4847K(84480K)] 449035K->374090K(562688K), 0.0028710 secs] [Times: user=0.01 sys=0.00, real=0.00 secs] 
2024-07-05T01:56:20.049+0800: 4088.760: [GC (Allocation Failure) [PSYoungGen: 69750K->64062K(158720K)] 438993K->438068K(636928K), 0.0097329 secs] [Times: user=0.02 sys=0.00, real=0.01 secs] 
2024-07-05T01:56:23.514+0800: 4092.225: [GC (Allocation Failure) [PSYoungGen: 131810K->50845K(158720K)] 505816K->456101K(636928K), 0.0118712 secs] [Times: user=0.02 sys=0.00, real=0.01 secs] 
2024-07-05T01:56:23.526+0800: 4092.237: [Full GC (Ergonomics) [PSYoungGen: 50845K->0K(158720K)] [ParOldGen: 405256K->290299K(478208K)] 456101K->290299K(636928K), [Metaspace: 22749K->22749K(1071104K)], 0.0889522 secs] [Times: user=0.15 sys=0.00, real=0.09 secs] 
2024-07-05T01:56:26.857+0800: 4095.568: [GC (Allocation Failure) [PSYoungGen: 71605K->3221K(159232K)] 361905K->293520K(637440K), 0.0021682 secs] [Times: user=0.01 sys=0.00, real=0.00 secs] 
2024-07-05T01:56:26.886+0800: 4095.596: [GC (Allocation Failure) [PSYoungGen: 69612K->65657K(159232K)] 359912K->359121K(637440K), 0.0091767 secs] [Times: user=0.02 sys=0.00, real=0.02 secs] 
2024-07-05T01:56:29.892+0800: 4098.602: [GC (Allocation Failure) [PSYoungGen: 134261K->50845K(159232K)] 427726K->378725K(637440K), 0.0120059 secs] [Times: user=0.02 sys=0.00, real=0.01 secs] 
2024-07-05T01:56:33.262+0800: 4101.973: [GC (Allocation Failure) [PSYoungGen: 122493K->3253K(159232K)] 450373K->331140K(637440K), 0.0039513 secs] [Times: user=0.01 sys=0.00, real=0.01 secs] 
2024-07-05T01:56:33.288+0800: 4101.999: [GC (Allocation Failure) [PSYoungGen: 69696K->65689K(159232K)] 397584K->396733K(637440K), 0.0101734 secs] [Times: user=0.02 sys=0.00, real=0.01 secs] 
2024-07-05T01:56:36.511+0800: 4105.221: [GC (Allocation Failure) [PSYoungGen: 133638K->34439K(159232K)] 464682K->365515K(637440K), 0.0099570 secs] [Times: user=0.02 sys=0.00, real=0.01 secs] 
2024-07-05T01:56:40.208+0800: 4108.919: [GC (Allocation Failure) [PSYoungGen: 106166K->3221K(159232K)] 437243K->334305K(637440K), 0.0030767 secs] [Times: user=0.01 sys=0.00, real=0.00 secs] 
2024-07-05T01:56:40.238+0800: 4108.948: [GC (Allocation Failure) [PSYoungGen: 69717K->65657K(159232K)] 400802K->399906K(637440K), 0.0092303 secs] [Times: user=0.02 sys=0.00, real=0.01 secs] 
2024-07-05T01:56:43.477+0800: 4112.188: [GC (Allocation Failure) [PSYoungGen: 133644K->34439K(159232K)] 467894K->368720K(637440K), 0.0088020 secs] [Times: user=0.02 sys=0.00, real=0.01 secs] 
2024-07-05T01:56:46.584+0800: 4115.294: [GC (Allocation Failure) [PSYoungGen: 106191K->3221K(159232K)] 440473K->337510K(637440K), 0.0033240 secs] [Times: user=0.00 sys=0.01, real=0.01 secs] 
2024-07-05T01:56:46.611+0800: 4115.322: [GC (Allocation Failure) [PSYoungGen: 69731K->65689K(159232K)] 404021K->403136K(637440K), 0.0105158 secs] [Times: user=0.02 sys=0.00, real=0.01 secs] 
2024-07-05T01:56:49.737+0800: 4118.448: [GC (Allocation Failure) [PSYoungGen: 133686K->34439K(159232K)] 471133K->371918K(637440K), 0.0089718 secs] [Times: user=0.02 sys=0.00, real=0.01 secs] 
2024-07-05T01:56:52.952+0800: 4121.663: [GC (Allocation Failure) [PSYoungGen: 106198K->3221K(159232K)] 443677K->340708K(637440K), 0.0024823 secs] [Times: user=0.01 sys=0.00, real=0.01 secs] 
2024-07-05T01:56:52.976+0800: 4121.687: [GC (Allocation Failure) [PSYoungGen: 69735K->65657K(159232K)] 407222K->406309K(637440K), 0.0115301 secs] [Times: user=0.02 sys=0.00, real=0.01 secs] 
2024-07-05T01:56:56.134+0800: 4124.844: [GC (Allocation Failure) [PSYoungGen: 133658K->34439K(159232K)] 474310K->375123K(637440K), 0.0089068 secs] [Times: user=0.02 sys=0.00, real=0.00 secs] 
2024-07-05T01:56:59.105+0800: 4127.815: [GC (Allocation Failure) [PSYoungGen: 106200K->3157K(159232K)] 446884K->343873K(637440K), 0.0029122 secs] [Times: user=0.00 sys=0.00, real=0.01 secs] 
2024-07-05T01:56:59.129+0800: 4127.839: [GC (Allocation Failure) [PSYoungGen: 69484K->65689K(159232K)] 410201K->409562K(637440K), 0.0092211 secs] [Times: user=0.02 sys=0.00, real=0.01 secs] 
2024-07-05T01:57:02.089+0800: 4130.800: [GC (Allocation Failure) [PSYoungGen: 134544K->34439K(159232K)] 478417K->378344K(637440K), 0.0092664 secs] [Times: user=0.02 sys=0.00, real=0.01 secs] 
2024-07-05T01:57:05.368+0800: 4134.079: [GC (Allocation Failure) [PSYoungGen: 106248K->3189K(159232K)] 450154K->347134K(637440K), 0.0023054 secs] [Times: user=0.00 sys=0.00, real=0.00 secs] 
2024-07-05T01:57:05.394+0800: 4134.105: [GC (Allocation Failure) [PSYoungGen: 69592K->65657K(159232K)] 413538K->412767K(637440K), 0.0096951 secs] [Times: user=0.02 sys=0.00, real=0.00 secs] 
2024-07-05T01:57:08.684+0800: 4137.395: [GC (Allocation Failure) [PSYoungGen: 133729K->34439K(159232K)] 480840K->381581K(637440K), 0.0097933 secs] [Times: user=0.01 sys=0.00, real=0.02 secs] 
2024-07-05T01:57:11.983+0800: 4140.694: [GC (Allocation Failure) [PSYoungGen: 106246K->3189K(159232K)] 453388K->350339K(637440K), 0.0038058 secs] [Times: user=0.00 sys=0.00, real=0.01 secs] 
2024-07-05T01:57:12.020+0800: 4140.731: [GC (Allocation Failure) [PSYoungGen: 69676K->65689K(159232K)] 416827K->415996K(637440K), 0.0101443 secs] [Times: user=0.02 sys=0.00, real=0.01 secs] 
2024-07-05T01:57:15.357+0800: 4144.068: [GC (Allocation Failure) [PSYoungGen: 133730K->34439K(159232K)] 484037K->384778K(637440K), 0.0099412 secs] [Times: user=0.02 sys=0.00, real=0.01 secs] 
2024-07-05T01:57:18.788+0800: 4147.499: [GC (Allocation Failure) [PSYoungGen: 106226K->3221K(159232K)] 456565K->353568K(637440K), 0.0025089 secs] [Times: user=0.00 sys=0.00, real=0.00 secs] 
2024-07-05T01:57:18.819+0800: 4147.530: [GC (Allocation Failure) [PSYoungGen: 69729K->65657K(159232K)] 420076K->419169K(637440K), 0.0094896 secs] [Times: user=0.02 sys=0.00, real=0.01 secs] 
2024-07-05T01:57:22.048+0800: 4150.759: [GC (Allocation Failure) [PSYoungGen: 133678K->34439K(159232K)] 487190K->387983K(637440K), 0.0091766 secs] [Times: user=0.01 sys=0.01, real=0.01 secs] 
2024-07-05T01:57:25.414+0800: 4154.124: [GC (Allocation Failure) [PSYoungGen: 106213K->3189K(159232K)] 459757K->356741K(637440K), 0.0023629 secs] [Times: user=0.00 sys=0.00, real=0.01 secs] 
2024-07-05T01:57:25.438+0800: 4154.149: [GC (Allocation Failure) [PSYoungGen: 69702K->65689K(159232K)] 423255K->422398K(637440K), 0.0100992 secs] [Times: user=0.02 sys=0.00, real=0.01 secs] 
2024-07-05T01:57:28.716+0800: 4157.427: [GC (Allocation Failure) [PSYoungGen: 133699K->34439K(159232K)] 490409K->391180K(637440K), 0.0093552 secs] [Times: user=0.02 sys=0.00, real=0.00 secs] 
2024-07-05T01:57:31.907+0800: 4160.617: [GC (Allocation Failure) [PSYoungGen: 106206K->3157K(159232K)] 462948K->359930K(637440K), 0.0025339 secs] [Times: user=0.00 sys=0.00, real=0.00 secs] 
2024-07-05T01:57:31.933+0800: 4160.644: [GC (Allocation Failure) [PSYoungGen: 69489K->65657K(159232K)] 426262K->425595K(637440K), 0.0095611 secs] [Times: user=0.02 sys=0.00, real=0.01 secs] 
2024-07-05T01:57:35.213+0800: 4163.924: [GC (Allocation Failure) [PSYoungGen: 134515K->34439K(159232K)] 494453K->394409K(637440K), 0.0087764 secs] [Times: user=0.02 sys=0.00, real=0.01 secs] 
2024-07-05T01:57:38.455+0800: 4167.165: [GC (Allocation Failure) [PSYoungGen: 106250K->3221K(159232K)] 466221K->363199K(637440K), 0.0025075 secs] [Times: user=0.00 sys=0.01, real=0.00 secs] 
2024-07-05T01:57:38.480+0800: 4167.191: [GC (Allocation Failure) [PSYoungGen: 69687K->65657K(159232K)] 429665K->428800K(637440K), 0.0096901 secs] [Times: user=0.01 sys=0.00, real=0.01 secs] 
2024-07-05T01:57:41.737+0800: 4170.447: [GC (Allocation Failure) [PSYoungGen: 134547K->34439K(159232K)] 497691K->397590K(637440K), 0.0088950 secs] [Times: user=0.02 sys=0.00, real=0.00 secs] 
2024-07-05T01:57:45.095+0800: 4173.805: [GC (Allocation Failure) [PSYoungGen: 106357K->3189K(159232K)] 469509K->366348K(637440K), 0.0038766 secs] [Times: user=0.01 sys=0.00, real=0.00 secs] 
2024-07-05T01:57:45.124+0800: 4173.835: [GC (Allocation Failure) [PSYoungGen: 69636K->65657K(159232K)] 432796K->431981K(637440K), 0.0093670 secs] [Times: user=0.02 sys=0.00, real=0.01 secs] 
2024-07-05T01:57:48.416+0800: 4177.126: [GC (Allocation Failure) [PSYoungGen: 133655K->34439K(159232K)] 499980K->400795K(637440K), 0.0097647 secs] [Times: user=0.01 sys=0.00, real=0.00 secs] 
2024-07-05T01:57:51.719+0800: 4180.429: [GC (Allocation Failure) [PSYoungGen: 106198K->3221K(159232K)] 472555K->369585K(637440K), 0.0036269 secs] [Times: user=0.00 sys=0.00, real=0.00 secs] 
2024-07-05T01:57:51.745+0800: 4180.455: [GC (Allocation Failure) [PSYoungGen: 69718K->65689K(159232K)] 436083K->435211K(637440K), 0.0093534 secs] [Times: user=0.02 sys=0.00, real=0.02 secs] 
2024-07-05T01:57:55.015+0800: 4183.726: [GC (Allocation Failure) [PSYoungGen: 134477K->34439K(159232K)] 503999K->403993K(637440K), 0.0089998 secs] [Times: user=0.02 sys=0.00, real=0.00 secs] 
2024-07-05T01:57:58.276+0800: 4186.986: [GC (Allocation Failure) [PSYoungGen: 106205K->3221K(159232K)] 475759K->372783K(637440K), 0.0024293 secs] [Times: user=0.00 sys=0.00, real=0.00 secs] 
2024-07-05T01:57:58.302+0800: 4187.013: [GC (Allocation Failure) [PSYoungGen: 69692K->65657K(159232K)] 439254K->438384K(637440K), 0.0093601 secs] [Times: user=0.01 sys=0.00, real=0.01 secs] 
2024-07-05T01:58:01.598+0800: 4190.308: [GC (Allocation Failure) [PSYoungGen: 133672K->34439K(159232K)] 506399K->407198K(637440K), 0.0088727 secs] [Times: user=0.02 sys=0.00, real=0.01 secs] 
2024-07-05T01:58:04.871+0800: 4193.582: [GC (Allocation Failure) [PSYoungGen: 106209K->3189K(159232K)] 478968K->375956K(637440K), 0.0024127 secs] [Times: user=0.01 sys=0.00, real=0.01 secs] 
2024-07-05T01:58:04.897+0800: 4193.608: [GC (Allocation Failure) [PSYoungGen: 69692K->65689K(159232K)] 442460K->441613K(637440K), 0.0093495 secs] [Times: user=0.02 sys=0.00, real=0.01 secs] 
2024-07-05T01:58:08.269+0800: 4196.979: [GC (Allocation Failure) [PSYoungGen: 133700K->34439K(159232K)] 509625K->410395K(637440K), 0.0089345 secs] [Times: user=0.01 sys=0.00, real=0.01 secs] 
2024-07-05T01:58:11.527+0800: 4200.238: [GC (Allocation Failure) [PSYoungGen: 106207K->3221K(159232K)] 482163K->379185K(637440K), 0.0038676 secs] [Times: user=0.00 sys=0.00, real=0.00 secs] 
2024-07-05T01:58:11.554+0800: 4200.265: [GC (Allocation Failure) [PSYoungGen: 69733K->65689K(159232K)] 445697K->444810K(637440K), 0.0116584 secs] [Times: user=0.02 sys=0.00, real=0.00 secs] 
2024-07-05T01:58:14.855+0800: 4203.566: [GC (Allocation Failure) [PSYoungGen: 133696K->34439K(159232K)] 512817K->413592K(637440K), 0.0091202 secs] [Times: user=0.01 sys=0.00, real=0.00 secs] 
2024-07-05T01:58:18.109+0800: 4206.819: [GC (Allocation Failure) [PSYoungGen: 106204K->3221K(159232K)] 485357K->382382K(637440K), 0.0030196 secs] [Times: user=0.01 sys=0.00, real=0.00 secs] 
2024-07-05T01:58:18.134+0800: 4206.845: [GC (Allocation Failure) [PSYoungGen: 69736K->65689K(159232K)] 448897K->448007K(637440K), 0.0101355 secs] [Times: user=0.01 sys=0.00, real=0.00 secs] 
2024-07-05T01:58:21.458+0800: 4210.169: [GC (Allocation Failure) [PSYoungGen: 133693K->34439K(159232K)] 516012K->416789K(637440K), 0.0107301 secs] [Times: user=0.02 sys=0.00, real=0.01 secs] 
2024-07-05T01:58:24.517+0800: 4213.228: [GC (Allocation Failure) [PSYoungGen: 91793K->37596K(159232K)] 474143K->419954K(637440K), 0.0099072 secs] [Times: user=0.02 sys=0.00, real=0.01 secs] 
2024-07-05T01:58:27.922+0800: 4216.633: [GC (Allocation Failure) [PSYoungGen: 105323K->3157K(159232K)] 487681K->385555K(637440K), 0.0029865 secs] [Times: user=0.00 sys=0.00, real=0.00 secs] 
2024-07-05T01:58:27.958+0800: 4216.669: [GC (Allocation Failure) [PSYoungGen: 69334K->65689K(159232K)] 451733K->451244K(637440K), 0.0098019 secs] [Times: user=0.02 sys=0.00, real=0.01 secs] 
2024-07-05T01:58:31.342+0800: 4220.052: [GC (Allocation Failure) [PSYoungGen: 134255K->34439K(159232K)] 519810K->420002K(637440K), 0.0090789 secs] [Times: user=0.01 sys=0.01, real=0.01 secs] 
2024-07-05T01:58:34.594+0800: 4223.304: [GC (Allocation Failure) [PSYoungGen: 106062K->3189K(159232K)] 491625K->388784K(637440K), 0.0025116 secs] [Times: user=0.00 sys=0.00, real=0.00 secs] 
2024-07-05T01:58:34.622+0800: 4223.333: [GC (Allocation Failure) [PSYoungGen: 69538K->65657K(159232K)] 455134K->454417K(637440K), 0.0094399 secs] [Times: user=0.02 sys=0.00, real=0.01 secs] 
2024-07-05T01:58:37.793+0800: 4226.503: [GC (Allocation Failure) [PSYoungGen: 133629K->34439K(159232K)] 522390K->423207K(637440K), 0.0090652 secs] [Times: user=0.02 sys=0.00, real=0.01 secs] 
2024-07-05T01:58:41.013+0800: 4229.724: [GC (Allocation Failure) [PSYoungGen: 106181K->3221K(159232K)] 494950K->391997K(637440K), 0.0025354 secs] [Times: user=0.00 sys=0.00, real=0.01 secs] 
2024-07-05T01:58:41.040+0800: 4229.750: [GC (Allocation Failure) [PSYoungGen: 69707K->65689K(159232K)] 458483K->457622K(637440K), 0.0103270 secs] [Times: user=0.02 sys=0.00, real=0.01 secs] 
2024-07-05T01:58:44.233+0800: 4232.943: [GC (Allocation Failure) [PSYoungGen: 133689K->34439K(159232K)] 525623K->426404K(637440K), 0.0091701 secs] [Times: user=0.02 sys=0.00, real=0.01 secs] 
2024-07-05T01:58:47.488+0800: 4236.199: [GC (Allocation Failure) [PSYoungGen: 106199K->3253K(159232K)] 498165K->395226K(637440K), 0.0033460 secs] [Times: user=0.00 sys=0.00, real=0.00 secs] 
2024-07-05T01:58:47.515+0800: 4236.226: [GC (Allocation Failure) [PSYoungGen: 69760K->65657K(159232K)] 461734K->460795K(637440K), 0.0109761 secs] [Times: user=0.02 sys=0.00, real=0.01 secs] 
2024-07-05T01:58:50.715+0800: 4239.426: [GC (Allocation Failure) [PSYoungGen: 133661K->34439K(159232K)] 528800K->429609K(637440K), 0.0091617 secs] [Times: user=0.01 sys=0.00, real=0.00 secs] 
2024-07-05T01:58:53.905+0800: 4242.616: [GC (Allocation Failure) [PSYoungGen: 106202K->3189K(159232K)] 501373K->398399K(637440K), 0.0025665 secs] [Times: user=0.00 sys=0.00, real=0.01 secs] 
2024-07-05T01:58:53.931+0800: 4242.642: [GC (Allocation Failure) [PSYoungGen: 69520K->65689K(159232K)] 464731K->464056K(637440K), 0.0093662 secs] [Times: user=0.02 sys=0.00, real=0.01 secs] 
2024-07-05T01:58:57.215+0800: 4245.926: [GC (Allocation Failure) [PSYoungGen: 134544K->34439K(159232K)] 532912K->432814K(637440K), 0.0090600 secs] [Times: user=0.01 sys=0.00, real=0.00 secs] 
2024-07-05T01:59:00.419+0800: 4249.130: [GC (Allocation Failure) [PSYoungGen: 106249K->3221K(159232K)] 504625K->401604K(637440K), 0.0039400 secs] [Times: user=0.00 sys=0.00, real=0.00 secs] 
2024-07-05T01:59:00.445+0800: 4249.156: [GC (Allocation Failure) [PSYoungGen: 69715K->65689K(159232K)] 468099K->467230K(637440K), 0.0096436 secs] [Times: user=0.01 sys=0.00, real=0.02 secs] 
2024-07-05T01:59:03.745+0800: 4252.456: [GC (Allocation Failure) [PSYoungGen: 133723K->34439K(159232K)] 535264K->436012K(637440K), 0.0091600 secs] [Times: user=0.02 sys=0.00, real=0.02 secs] 
2024-07-05T01:59:07.088+0800: 4255.798: [GC (Allocation Failure) [PSYoungGen: 106221K->3221K(159232K)] 507794K->404802K(637440K), 0.0026624 secs] [Times: user=0.00 sys=0.00, real=0.00 secs] 
2024-07-05T01:59:07.115+0800: 4255.826: [GC (Allocation Failure) [PSYoungGen: 69731K->65689K(159232K)] 471312K->470427K(637440K), 0.0092118 secs] [Times: user=0.01 sys=0.00, real=0.00 secs] 
2024-07-05T01:59:10.448+0800: 4259.158: [GC (Allocation Failure) [PSYoungGen: 134488K->34439K(159232K)] 539226K->439185K(637440K), 0.0090265 secs] [Times: user=0.01 sys=0.01, real=0.01 secs] 
2024-07-05T01:59:13.849+0800: 4262.560: [GC (Allocation Failure) [PSYoungGen: 106212K->3189K(159232K)] 510958K->407967K(637440K), 0.0032160 secs] [Times: user=0.00 sys=0.00, real=0.00 secs] 
2024-07-05T01:59:13.881+0800: 4262.591: [GC (Allocation Failure) [PSYoungGen: 69572K->65657K(159232K)] 474350K->473600K(637440K), 0.0095225 secs] [Times: user=0.02 sys=0.00, real=0.01 secs] 
2024-07-05T01:59:17.342+0800: 4266.053: [GC (Allocation Failure) [PSYoungGen: 133713K->34439K(159232K)] 541656K->442414K(637440K), 0.0115328 secs] [Times: user=0.02 sys=0.00, real=0.01 secs] 
2024-07-05T01:59:20.532+0800: 4269.243: [GC (Allocation Failure) [PSYoungGen: 106235K->3157K(159232K)] 514210K->411164K(637440K), 0.0027166 secs] [Times: user=0.00 sys=0.00, real=0.01 secs] 
2024-07-05T01:59:20.562+0800: 4269.273: [GC (Allocation Failure) [PSYoungGen: 69541K->65689K(159232K)] 477548K->476853K(637440K), 0.0098362 secs] [Times: user=0.01 sys=0.00, real=0.01 secs] 
2024-07-05T01:59:23.712+0800: 4272.423: [GC (Allocation Failure) [PSYoungGen: 133766K->34439K(159232K)] 544930K->445643K(637440K), 0.0092291 secs] [Times: user=0.02 sys=0.00, real=0.01 secs] 
2024-07-05T01:59:26.962+0800: 4275.673: [GC (Allocation Failure) [PSYoungGen: 106249K->3189K(159232K)] 517453K->414401K(637440K), 0.0024643 secs] [Times: user=0.01 sys=0.00, real=0.00 secs] 
2024-07-05T01:59:26.990+0800: 4275.700: [GC (Allocation Failure) [PSYoungGen: 69671K->65657K(159232K)] 480883K->480034K(637440K), 0.0093532 secs] [Times: user=0.02 sys=0.00, real=0.01 secs] 
2024-07-05T01:59:30.053+0800: 4278.763: [GC (Allocation Failure) [PSYoungGen: 134565K->34439K(159232K)] 548942K->448824K(637440K), 0.0089945 secs] [Times: user=0.02 sys=0.00, real=0.01 secs] 
2024-07-05T01:59:33.435+0800: 4282.145: [GC (Allocation Failure) [PSYoungGen: 106356K->3189K(159232K)] 520742K->417582K(637440K), 0.0042604 secs] [Times: user=0.00 sys=0.00, real=0.00 secs] 
2024-07-05T01:59:33.463+0800: 4282.173: [GC (Allocation Failure) [PSYoungGen: 69632K->65657K(159232K)] 484025K->483215K(637440K), 0.0109294 secs] [Times: user=0.01 sys=0.00, real=0.01 secs] 
2024-07-05T01:59:36.412+0800: 4285.123: [GC (Allocation Failure) [PSYoungGen: 133657K->34439K(159232K)] 551215K->452029K(637440K), 0.0091976 secs] [Times: user=0.01 sys=0.00, real=0.01 secs] 
2024-07-05T01:59:39.478+0800: 4288.189: [GC (Allocation Failure) [PSYoungGen: 106199K->3189K(159232K)] 523789K->420787K(637440K), 0.0044033 secs] [Times: user=0.01 sys=0.00, real=0.00 secs] 
2024-07-05T01:59:39.506+0800: 4288.216: [GC (Allocation Failure) [PSYoungGen: 69685K->65657K(159232K)] 487283K->486420K(637440K), 0.0094937 secs] [Times: user=0.02 sys=0.00, real=0.02 secs] 
2024-07-05T01:59:42.504+0800: 4291.215: [GC (Allocation Failure) [PSYoungGen: 134537K->34439K(159232K)] 555300K->455210K(637440K), 0.0088921 secs] [Times: user=0.01 sys=0.00, real=0.01 secs] 
2024-07-05T01:59:45.745+0800: 4294.456: [GC (Allocation Failure) [PSYoungGen: 106333K->3221K(159232K)] 527104K->424000K(637440K), 0.0026490 secs] [Times: user=0.01 sys=0.00, real=0.01 secs] 
2024-07-05T01:59:45.773+0800: 4294.483: [GC (Allocation Failure) [PSYoungGen: 69644K->65657K(159232K)] 490424K->489601K(637440K), 0.0099297 secs] [Times: user=0.02 sys=0.00, real=0.01 secs] 
2024-07-05T01:59:49.092+0800: 4297.803: [GC (Allocation Failure) [PSYoungGen: 133648K->34439K(159232K)] 557593K->458423K(637440K), 0.0102677 secs] [Times: user=0.02 sys=0.00, real=0.01 secs] 
2024-07-05T01:59:52.357+0800: 4301.068: [GC (Allocation Failure) [PSYoungGen: 106194K->3189K(159232K)] 530178K->427213K(637440K), 0.0031178 secs] [Times: user=0.01 sys=0.00, real=0.00 secs] 
2024-07-05T01:59:52.385+0800: 4301.096: [GC (Allocation Failure) [PSYoungGen: 69537K->65657K(159232K)] 493562K->492846K(637440K), 0.0097402 secs] [Times: user=0.02 sys=0.00, real=0.02 secs] 
2024-07-05T01:59:55.804+0800: 4304.514: [GC (Allocation Failure) [PSYoungGen: 134501K->34439K(159232K)] 561691K->461660K(637440K), 0.0107901 secs] [Times: user=0.02 sys=0.00, real=0.02 secs] 
2024-07-05T01:59:59.167+0800: 4307.878: [GC (Allocation Failure) [PSYoungGen: 106241K->3205K(159232K)] 533463K->430434K(637440K), 0.0027190 secs] [Times: user=0.01 sys=0.00, real=0.00 secs] 
2024-07-05T01:59:59.193+0800: 4307.904: [GC (Allocation Failure) [PSYoungGen: 69675K->65657K(159232K)] 496905K->496051K(637440K), 0.0095612 secs] [Times: user=0.02 sys=0.00, real=0.01 secs] 
2024-07-05T02:00:02.609+0800: 4311.319: [GC (Allocation Failure) [PSYoungGen: 133695K->34439K(159232K)] 564090K->464865K(637440K), 0.0095923 secs] [Times: user=0.01 sys=0.01, real=0.01 secs] 
2024-07-05T02:00:05.848+0800: 4314.559: [GC (Allocation Failure) [PSYoungGen: 106224K->3157K(159232K)] 536650K->433615K(637440K), 0.0028976 secs] [Times: user=0.00 sys=0.00, real=0.00 secs] 
2024-07-05T02:00:05.880+0800: 4314.590: [GC (Allocation Failure) [PSYoungGen: 69512K->65689K(159232K)] 499971K->499304K(637440K), 0.0100178 secs] [Times: user=0.02 sys=0.00, real=0.01 secs] 
2024-07-05T02:00:09.964+0800: 4318.674: [GC (Allocation Failure) [PSYoungGen: 133769K->34439K(159232K)] 567384K->468062K(637440K), 0.0097516 secs] [Times: user=0.02 sys=0.00, real=0.01 secs] 
2024-07-05T02:00:14.126+0800: 4322.837: [GC (Allocation Failure) [PSYoungGen: 106250K->3253K(159232K)] 539874K->436884K(637440K), 0.0051399 secs] [Times: user=0.01 sys=0.00, real=0.00 secs] 
2024-07-05T02:00:14.161+0800: 4322.872: [GC (Allocation Failure) [PSYoungGen: 69782K->65689K(159232K)] 503414K->502478K(637440K), 0.0101395 secs] [Times: user=0.02 sys=0.00, real=0.01 secs] 
2024-07-05T02:00:18.337+0800: 4327.047: [GC (Allocation Failure) [PSYoungGen: 133718K->34439K(159232K)] 570507K->471260K(637440K), 0.0096083 secs] [Times: user=0.02 sys=0.00, real=0.01 secs] 
2024-07-05T02:00:22.446+0800: 4331.157: [GC (Allocation Failure) [PSYoungGen: 106218K->3221K(159232K)] 543039K->440050K(637440K), 0.0031644 secs] [Times: user=0.00 sys=0.00, real=0.00 secs] 
2024-07-05T02:00:22.482+0800: 4331.193: [GC (Allocation Failure) [PSYoungGen: 69740K->65689K(159232K)] 506569K->505675K(637440K), 0.0138432 secs] [Times: user=0.02 sys=0.00, real=0.02 secs] 
2024-07-05T02:00:26.698+0800: 4335.409: [GC (Allocation Failure) [PSYoungGen: 133701K->34439K(159232K)] 573687K->474457K(637440K), 0.0093659 secs] [Times: user=0.02 sys=0.00, real=0.01 secs] 
2024-07-05T02:00:30.837+0800: 4339.548: [GC (Allocation Failure) [PSYoungGen: 106207K->3221K(159232K)] 546225K->443247K(637440K), 0.0028978 secs] [Times: user=0.01 sys=0.00, real=0.00 secs] 
2024-07-05T02:00:30.869+0800: 4339.580: [GC (Allocation Failure) [PSYoungGen: 69738K->65689K(159232K)] 509764K->508872K(637440K), 0.0099293 secs] [Times: user=0.02 sys=0.00, real=0.01 secs] 
2024-07-05T02:00:35.055+0800: 4343.766: [GC (Allocation Failure) [PSYoungGen: 133695K->34439K(159232K)] 576878K->477654K(637440K), 0.0091999 secs] [Times: user=0.02 sys=0.00, real=0.00 secs] 
2024-07-05T02:00:39.260+0800: 4347.971: [GC (Allocation Failure) [PSYoungGen: 106203K->3221K(159232K)] 549418K->446444K(637440K), 0.0030847 secs] [Times: user=0.01 sys=0.00, real=0.00 secs] 
2024-07-05T02:00:39.293+0800: 4348.004: [GC (Allocation Failure) [PSYoungGen: 69737K->65689K(159232K)] 512960K->512069K(637440K), 0.0098032 secs] [Times: user=0.02 sys=0.00, real=0.01 secs] 
2024-07-05T02:00:43.462+0800: 4352.173: [GC (Allocation Failure) [PSYoungGen: 133692K->34439K(159232K)] 580073K->480851K(637440K), 0.0098231 secs] [Times: user=0.02 sys=0.00, real=0.01 secs] 
2024-07-05T02:00:47.606+0800: 4356.316: [GC (Allocation Failure) [PSYoungGen: 106201K->3221K(159232K)] 552614K->449641K(637440K), 0.0032655 secs] [Times: user=0.00 sys=0.00, real=0.01 secs] 
2024-07-05T02:00:47.641+0800: 4356.352: [GC (Allocation Failure) [PSYoungGen: 69737K->65689K(159232K)] 516157K->515266K(637440K), 0.0100047 secs] [Times: user=0.02 sys=0.00, real=0.01 secs] 
2024-07-05T02:00:51.958+0800: 4360.669: [GC (Allocation Failure) [PSYoungGen: 133691K->34439K(159232K)] 583269K->484048K(637440K), 0.0103321 secs] [Times: user=0.02 sys=0.00, real=0.01 secs] 
2024-07-05T02:00:55.262+0800: 4363.973: [GC (Allocation Failure) [PSYoungGen: 106201K->3221K(159232K)] 555810K->452838K(637440K), 0.0026553 secs] [Times: user=0.01 sys=0.00, real=0.00 secs] 
2024-07-05T02:00:55.287+0800: 4363.997: [GC (Allocation Failure) [PSYoungGen: 69737K->65689K(159232K)] 519354K->518463K(637440K), 0.0095116 secs] [Times: user=0.02 sys=0.00, real=0.01 secs] 
2024-07-05T02:00:58.639+0800: 4367.350: [GC (Allocation Failure) [PSYoungGen: 133691K->34439K(159232K)] 586466K->487245K(637440K), 0.0099076 secs] [Times: user=0.02 sys=0.00, real=0.01 secs] 
2024-07-05T02:01:02.012+0800: 4370.723: [GC (Allocation Failure) [PSYoungGen: 106201K->3189K(159232K)] 559007K->456003K(637440K), 0.0036148 secs] [Times: user=0.01 sys=0.00, real=0.01 secs] 
2024-07-05T02:01:02.039+0800: 4370.749: [GC (Allocation Failure) [PSYoungGen: 69705K->65689K(159232K)] 522519K->521660K(637440K), 0.0095658 secs] [Times: user=0.02 sys=0.00, real=0.01 secs] 
2024-07-05T02:01:05.273+0800: 4373.984: [GC (Allocation Failure) [PSYoungGen: 134472K->34439K(159232K)] 590444K->490442K(637440K), 0.0091956 secs] [Times: user=0.02 sys=0.00, real=0.01 secs] 
2024-07-05T02:01:08.627+0800: 4377.338: [GC (Allocation Failure) [PSYoungGen: 106202K->3221K(159232K)] 562206K->459232K(637440K), 0.0029983 secs] [Times: user=0.00 sys=0.00, real=0.00 secs] 
2024-07-05T02:01:08.656+0800: 4377.367: [GC (Allocation Failure) [PSYoungGen: 69697K->65657K(159232K)] 525709K->524833K(637440K), 0.0101580 secs] [Times: user=0.02 sys=0.00, real=0.01 secs] 
2024-07-05T02:01:11.995+0800: 4380.706: [GC (Allocation Failure) [PSYoungGen: 133668K->34439K(159232K)] 592844K->493647K(637440K), 0.0090713 secs] [Times: user=0.01 sys=0.00, real=0.00 secs] 
2024-07-05T02:01:15.259+0800: 4383.969: [GC (Allocation Failure) [PSYoungGen: 106206K->3253K(159232K)] 565415K->462469K(637440K), 0.0039821 secs] [Times: user=0.00 sys=0.00, real=0.00 secs] 
2024-07-05T02:01:15.292+0800: 4384.003: [GC (Allocation Failure) [PSYoungGen: 69758K->65689K(159232K)] 528975K->528062K(637440K), 0.0095603 secs] [Times: user=0.01 sys=0.00, real=0.01 secs] 
2024-07-05T02:01:18.301+0800: 4387.011: [GC (Allocation Failure) [PSYoungGen: 133698K->34439K(159232K)] 596072K->496844K(637440K), 0.0090146 secs] [Times: user=0.02 sys=0.00, real=0.01 secs] 
2024-07-05T02:01:21.303+0800: 4390.013: [GC (Allocation Failure) [PSYoungGen: 106205K->3253K(159232K)] 568611K->465666K(637440K), 0.0032874 secs] [Times: user=0.00 sys=0.00, real=0.01 secs] 
2024-07-05T02:01:21.328+0800: 4390.039: [GC (Allocation Failure) [PSYoungGen: 69766K->65657K(159232K)] 532179K->531235K(637440K), 0.0092878 secs] [Times: user=0.02 sys=0.00, real=0.01 secs] 
2024-07-05T02:01:24.363+0800: 4393.074: [GC (Allocation Failure) [PSYoungGen: 133663K->34439K(159232K)] 599242K->500049K(637440K), 0.0089985 secs] [Times: user=0.01 sys=0.00, real=0.01 secs] 
2024-07-05T02:01:27.245+0800: 4395.956: [GC (Allocation Failure) [PSYoungGen: 106203K->3221K(159232K)] 571814K->468839K(637440K), 0.0026772 secs] [Times: user=0.00 sys=0.00, real=0.01 secs] 
2024-07-05T02:01:27.269+0800: 4395.980: [GC (Allocation Failure) [PSYoungGen: 69736K->65657K(159232K)] 535355K->534440K(637440K), 0.0093385 secs] [Times: user=0.01 sys=0.00, real=0.01 secs] 
2024-07-05T02:01:30.283+0800: 4398.994: [GC (Allocation Failure) [PSYoungGen: 133661K->34439K(159232K)] 602445K->503254K(637440K), 0.0089011 secs] [Times: user=0.01 sys=0.00, real=0.01 secs] 
2024-07-05T02:01:33.267+0800: 4401.978: [GC (Allocation Failure) [PSYoungGen: 106202K->3221K(159232K)] 575018K->472044K(637440K), 0.0026885 secs] [Times: user=0.00 sys=0.00, real=0.00 secs] 
2024-07-05T02:01:33.291+0800: 4402.002: [GC (Allocation Failure) [PSYoungGen: 69736K->65657K(159232K)] 538560K->537646K(637440K), 0.0093815 secs] [Times: user=0.02 sys=0.00, real=0.01 secs] 
2024-07-05T02:01:33.301+0800: 4402.011: [Full GC (Ergonomics) [PSYoungGen: 65657K->0K(159232K)] [ParOldGen: 471989K->273905K(478208K)] 537646K->273905K(637440K), [Metaspace: 22749K->22749K(1071104K)], 0.0888043 secs] [Times: user=0.15 sys=0.00, real=0.09 secs] 
2024-07-05T02:01:36.574+0800: 4405.284: [GC (Allocation Failure) [PSYoungGen: 68003K->34439K(159232K)] 341908K->308344K(637440K), 0.0085054 secs] [Times: user=0.01 sys=0.01, real=0.01 secs] 
2024-07-05T02:01:39.863+0800: 4408.574: [GC (Allocation Failure) [PSYoungGen: 106200K->3221K(159232K)] 380105K->277134K(637440K), 0.0021203 secs] [Times: user=0.01 sys=0.00, real=0.00 secs] 
2024-07-05T02:01:39.887+0800: 4408.598: [GC (Allocation Failure) [PSYoungGen: 69736K->65657K(159232K)] 343649K->342735K(637440K), 0.0090390 secs] [Times: user=0.02 sys=0.00, real=0.01 secs] 
2024-07-05T02:01:43.068+0800: 4411.779: [GC (Allocation Failure) [PSYoungGen: 133659K->34439K(159232K)] 410737K->311549K(637440K), 0.0089933 secs] [Times: user=0.01 sys=0.00, real=0.01 secs] 
2024-07-05T02:01:46.068+0800: 4414.778: [GC (Allocation Failure) [PSYoungGen: 106200K->3189K(159232K)] 383311K->280339K(637440K), 0.0030289 secs] [Times: user=0.01 sys=0.00, real=0.00 secs] 
2024-07-05T02:01:46.092+0800: 4414.802: [GC (Allocation Failure) [PSYoungGen: 69517K->65657K(159232K)] 346667K->345972K(637440K), 0.0098918 secs] [Times: user=0.01 sys=0.00, real=0.01 secs] 
2024-07-05T02:01:49.126+0800: 4417.836: [GC (Allocation Failure) [PSYoungGen: 134513K->34439K(159232K)] 414828K->314794K(637440K), 0.0100869 secs] [Times: user=0.02 sys=0.00, real=0.01 secs] 
2024-07-05T02:01:52.100+0800: 4420.811: [GC (Allocation Failure) [PSYoungGen: 106249K->3189K(159232K)] 386604K->283552K(637440K), 0.0021768 secs] [Times: user=0.01 sys=0.00, real=0.00 secs] 
2024-07-05T02:01:52.124+0800: 4420.835: [GC (Allocation Failure) [PSYoungGen: 69654K->65657K(159232K)] 350017K->349185K(637440K), 0.0089972 secs] [Times: user=0.02 sys=0.00, real=0.01 secs] 
2024-07-05T02:01:55.179+0800: 4423.890: [GC (Allocation Failure) [PSYoungGen: 137671K->37596K(159232K)] 421199K->321132K(637440K), 0.0092264 secs] [Times: user=0.02 sys=0.00, real=0.01 secs] 
2024-07-05T02:01:58.231+0800: 4426.942: [GC (Allocation Failure) [PSYoungGen: 105608K->3189K(159232K)] 389144K->286765K(637440K), 0.0022863 secs] [Times: user=0.00 sys=0.00, real=0.00 secs] 
2024-07-05T02:01:58.256+0800: 4426.967: [GC (Allocation Failure) [PSYoungGen: 69424K->65689K(159232K)] 353000K->352422K(637440K), 0.0098707 secs] [Times: user=0.02 sys=0.00, real=0.01 secs] 
2024-07-05T02:02:01.386+0800: 4430.097: [GC (Allocation Failure) [PSYoungGen: 133650K->34439K(159232K)] 420384K->321212K(637440K), 0.0096244 secs] [Times: user=0.01 sys=0.00, real=0.01 secs] 
2024-07-05T02:02:04.483+0800: 4433.194: [GC (Allocation Failure) [PSYoungGen: 106174K->3221K(159232K)] 392948K->290002K(637440K), 0.0021999 secs] [Times: user=0.00 sys=0.00, real=0.00 secs] 
2024-07-05T02:02:04.507+0800: 4433.217: [GC (Allocation Failure) [PSYoungGen: 69718K->65689K(159232K)] 356500K->355627K(637440K), 0.0087148 secs] [Times: user=0.02 sys=0.00, real=0.01 secs] 
2024-07-05T02:02:07.651+0800: 4436.361: [GC (Allocation Failure) [PSYoungGen: 133681K->34439K(159232K)] 423619K->324417K(637440K), 0.0085881 secs] [Times: user=0.02 sys=0.00, real=0.01 secs] 
2024-07-05T02:02:10.669+0800: 4439.380: [GC (Allocation Failure) [PSYoungGen: 106194K->3221K(159232K)] 396172K->293207K(637440K), 0.0022240 secs] [Times: user=0.01 sys=0.00, real=0.00 secs] 
2024-07-05T02:02:10.692+0800: 4439.403: [GC (Allocation Failure) [PSYoungGen: 69732K->65689K(159232K)] 359718K->358832K(637440K), 0.0088655 secs] [Times: user=0.01 sys=0.00, real=0.01 secs] 
2024-07-05T02:02:13.800+0800: 4442.510: [GC (Allocation Failure) [PSYoungGen: 133688K->34439K(159232K)] 426832K->327622K(637440K), 0.0086629 secs] [Times: user=0.01 sys=0.00, real=0.01 secs] 
2024-07-05T02:02:16.889+0800: 4445.600: [GC (Allocation Failure) [PSYoungGen: 106199K->3221K(159232K)] 399382K->296412K(637440K), 0.0021668 secs] [Times: user=0.00 sys=0.00, real=0.00 secs] 
2024-07-05T02:02:16.916+0800: 4445.627: [GC (Allocation Failure) [PSYoungGen: 69735K->65689K(159232K)] 362927K->362037K(637440K), 0.0089999 secs] [Times: user=0.02 sys=0.00, real=0.00 secs] 
2024-07-05T02:02:19.942+0800: 4448.653: [GC (Allocation Failure) [PSYoungGen: 133690K->34439K(159232K)] 430039K->330827K(637440K), 0.0103728 secs] [Times: user=0.02 sys=0.00, real=0.01 secs] 
2024-07-05T02:02:22.944+0800: 4451.655: [GC (Allocation Failure) [PSYoungGen: 106200K->3189K(159232K)] 402589K->299609K(637440K), 0.0021709 secs] [Times: user=0.01 sys=0.00, real=0.01 secs] 
2024-07-05T02:02:22.973+0800: 4451.683: [GC (Allocation Failure) [PSYoungGen: 69517K->65657K(159232K)] 365938K->365242K(637440K), 0.0089349 secs] [Times: user=0.02 sys=0.00, real=0.01 secs] 
2024-07-05T02:02:26.054+0800: 4454.764: [GC (Allocation Failure) [PSYoungGen: 134512K->34439K(159232K)] 434098K->334032K(637440K), 0.0095143 secs] [Times: user=0.02 sys=0.00, real=0.00 secs] 
2024-07-05T02:02:29.289+0800: 4457.999: [GC (Allocation Failure) [PSYoungGen: 114156K->1152K(159232K)] 413750K->300753K(637440K), 0.0020805 secs] [Times: user=0.00 sys=0.00, real=0.00 secs] 
2024-07-05T02:02:29.919+0800: 4458.630: [GC (Allocation Failure) [PSYoungGen: 80743K->96K(159232K)] 380345K->300737K(637440K), 0.0020210 secs] [Times: user=0.00 sys=0.00, real=0.00 secs] 
2024-07-05T02:02:30.542+0800: 4459.253: [GC (Allocation Failure) [PSYoungGen: 79894K->128K(159232K)] 380536K->300777K(637440K), 0.0019649 secs] [Times: user=0.00 sys=0.00, real=0.00 secs] 
2024-07-05T02:02:31.170+0800: 4459.881: [GC (Allocation Failure) [PSYoungGen: 79968K->64K(159232K)] 380618K->300721K(637440K), 0.0019930 secs] [Times: user=0.01 sys=0.00, real=0.00 secs] 
2024-07-05T02:02:31.788+0800: 4460.499: [GC (Allocation Failure) [PSYoungGen: 79424K->64K(159232K)] 380082K->300729K(637440K), 0.0018745 secs] [Times: user=0.00 sys=0.00, real=0.00 secs] 
2024-07-05T02:02:32.426+0800: 4461.137: [GC (Allocation Failure) [PSYoungGen: 79444K->608K(159232K)] 380110K->301281K(637440K), 0.0032582 secs] [Times: user=0.00 sys=0.00, real=0.00 secs] 
2024-07-05T02:02:33.055+0800: 4461.766: [GC (Allocation Failure) [PSYoungGen: 80001K->96K(159232K)] 380675K->300777K(637440K), 0.0019330 secs] [Times: user=0.01 sys=0.00, real=0.00 secs] 
2024-07-05T02:02:33.677+0800: 4462.387: [GC (Allocation Failure) [PSYoungGen: 79502K->640K(154112K)] 380183K->301329K(632320K), 0.0022579 secs] [Times: user=0.00 sys=0.00, real=0.00 secs] 
2024-07-05T02:02:34.314+0800: 4463.025: [GC (Allocation Failure) [PSYoungGen: 80047K->64K(156672K)] 380737K->300761K(634880K), 0.0031659 secs] [Times: user=0.00 sys=0.00, real=0.00 secs] 
2024-07-05T02:02:34.942+0800: 4463.653: [GC (Allocation Failure) [PSYoungGen: 79478K->64K(155648K)] 380176K->300769K(633856K), 0.0031896 secs] [Times: user=0.00 sys=0.00, real=0.00 secs] 
2024-07-05T02:02:35.645+0800: 4464.356: [GC (Allocation Failure) [PSYoungGen: 88357K->64K(158208K)] 389063K->300777K(636416K), 0.0022224 secs] [Times: user=0.00 sys=0.00, real=0.01 secs] 
2024-07-05T02:02:36.356+0800: 4465.066: [GC (Allocation Failure) [PSYoungGen: 88353K->608K(157184K)] 389067K->301329K(635392K), 0.0022004 secs] [Times: user=0.00 sys=0.00, real=0.00 secs] 
2024-07-05T02:02:37.142+0800: 4465.853: [GC (Allocation Failure) [PSYoungGen: 99343K->64K(161280K)] 400065K->300793K(639488K), 0.0030694 secs] [Times: user=0.00 sys=0.00, real=0.00 secs] 
2024-07-05T02:02:37.904+0800: 4466.615: [GC (Allocation Failure) [PSYoungGen: 98802K->128K(138752K)] 399532K->300865K(616960K), 0.0033354 secs] [Times: user=0.00 sys=0.00, real=0.01 secs] 
2024-07-05T02:02:38.694+0800: 4467.404: [GC (Allocation Failure) [PSYoungGen: 97817K->128K(97280K)] 398555K->300873K(575488K), 0.0036154 secs] [Times: user=0.01 sys=0.00, real=0.00 secs] 
2024-07-05T02:02:39.435+0800: 4468.145: [GC (Allocation Failure) [PSYoungGen: 96774K->608K(140800K)] 397520K->301361K(619008K), 0.0025804 secs] [Times: user=0.00 sys=0.00, real=0.00 secs] 
2024-07-05T02:02:40.182+0800: 4468.893: [GC (Allocation Failure) [PSYoungGen: 96210K->64K(95232K)] 396964K->300817K(573440K), 0.0021793 secs] [Times: user=0.00 sys=0.00, real=0.00 secs] 
2024-07-05T02:02:40.914+0800: 4469.625: [GC (Allocation Failure) [PSYoungGen: 94625K->64K(132608K)] 395379K->300817K(610816K), 0.0027723 secs] [Times: user=0.00 sys=0.00, real=0.00 secs] 
2024-07-05T02:02:41.640+0800: 4470.351: [GC (Allocation Failure) [PSYoungGen: 93576K->64K(93184K)] 394330K->300817K(571392K), 0.0021627 secs] [Times: user=0.00 sys=0.00, real=0.00 secs] 
2024-07-05T02:02:42.358+0800: 4471.068: [GC (Allocation Failure) [PSYoungGen: 92533K->64K(124928K)] 393287K->300817K(603136K), 0.0021562 secs] [Times: user=0.00 sys=0.00, real=0.00 secs] 
2024-07-05T02:02:43.062+0800: 4471.773: [GC (Allocation Failure) [PSYoungGen: 91489K->640K(91648K)] 392243K->301393K(569856K), 0.0021917 secs] [Times: user=0.00 sys=0.00, real=0.00 secs] 
2024-07-05T02:02:43.778+0800: 4472.489: [GC (Allocation Failure) [PSYoungGen: 91021K->64K(119296K)] 391775K->300817K(597504K), 0.0022923 secs] [Times: user=0.01 sys=0.00, real=0.00 secs] 
2024-07-05T02:02:44.548+0800: 4473.259: [GC (Allocation Failure) [PSYoungGen: 89405K->64K(89088K)] 390158K->300817K(567296K), 0.0021531 secs] [Times: user=0.00 sys=0.00, real=0.00 secs] 
2024-07-05T02:02:45.231+0800: 4473.941: [GC (Allocation Failure) [PSYoungGen: 88356K->64K(112640K)] 389110K->300817K(590848K), 0.0021582 secs] [Times: user=0.00 sys=0.00, real=0.00 secs] 
2024-07-05T02:02:45.906+0800: 4474.617: [GC (Allocation Failure) [PSYoungGen: 87312K->608K(87552K)] 388065K->301361K(565760K), 0.0021900 secs] [Times: user=0.01 sys=0.00, real=0.00 secs] 
2024-07-05T02:02:46.580+0800: 4475.291: [GC (Allocation Failure) [PSYoungGen: 86812K->576K(106496K)] 387566K->301329K(584704K), 0.0032404 secs] [Times: user=0.01 sys=0.00, real=0.00 secs] 
2024-07-05T02:02:47.310+0800: 4476.021: [GC (Allocation Failure) [PSYoungGen: 85739K->64K(84992K)] 386493K->300817K(563200K), 0.0021999 secs] [Times: user=0.01 sys=0.00, real=0.00 secs] 
2024-07-05T02:02:47.974+0800: 4476.685: [GC (Allocation Failure) [PSYoungGen: 84182K->96K(101888K)] 384936K->300849K(580096K), 0.0021082 secs] [Times: user=0.00 sys=0.00, real=0.00 secs] 
2024-07-05T02:02:48.622+0800: 4477.333: [GC (Allocation Failure) [PSYoungGen: 83166K->64K(83456K)] 383920K->300817K(561664K), 0.0021882 secs] [Times: user=0.00 sys=0.00, real=0.00 secs] 
2024-07-05T02:02:49.262+0800: 4477.973: [GC (Allocation Failure) [PSYoungGen: 82612K->608K(98304K)] 383366K->301361K(576512K), 0.0022879 secs] [Times: user=0.01 sys=0.00, real=0.00 secs] 
2024-07-05T02:02:49.848+0800: 4478.558: [GC (Allocation Failure) [PSYoungGen: 82635K->608K(82944K)] 383389K->301369K(561152K), 0.0024847 secs] [Times: user=0.01 sys=0.00, real=0.00 secs] 
2024-07-05T02:02:50.457+0800: 4479.168: [GC (Allocation Failure) [PSYoungGen: 82117K->64K(95232K)] 382879K->300833K(573440K), 0.0023734 secs] [Times: user=0.01 sys=0.00, real=0.00 secs] 
2024-07-05T02:02:51.038+0800: 4479.749: [GC (Allocation Failure) [PSYoungGen: 81050K->608K(81920K)] 381819K->301385K(560128K), 0.0021736 secs] [Times: user=0.01 sys=0.00, real=0.00 secs] 
2024-07-05T02:02:51.654+0800: 4480.365: [GC (Allocation Failure) [PSYoungGen: 81067K->64K(91648K)] 381845K->300849K(569856K), 0.0021412 secs] [Times: user=0.00 sys=0.00, real=0.00 secs] 
2024-07-05T02:02:52.226+0800: 4480.936: [GC (Allocation Failure) [PSYoungGen: 80006K->608K(80896K)] 380791K->301401K(559104K), 0.0027522 secs] [Times: user=0.00 sys=0.00, real=0.01 secs] 
2024-07-05T02:02:52.825+0800: 4481.536: [GC (Allocation Failure) [PSYoungGen: 80023K->128K(89600K)] 380817K->300929K(567808K), 0.0019605 secs] [Times: user=0.00 sys=0.00, real=0.01 secs] 
2024-07-05T02:02:53.410+0800: 4482.121: [GC (Allocation Failure) [PSYoungGen: 79025K->128K(79360K)] 379827K->300937K(557568K), 0.0024321 secs] [Times: user=0.00 sys=0.00, real=0.00 secs] 
2024-07-05T02:02:53.986+0800: 4482.697: [GC (Allocation Failure) [PSYoungGen: 78503K->608K(87040K)] 379312K->301425K(565248K), 0.0020095 secs] [Times: user=0.00 sys=0.00, real=0.00 secs] 
2024-07-05T02:02:54.586+0800: 4483.297: [GC (Allocation Failure) [PSYoungGen: 78457K->128K(78336K)] 379275K->300953K(556544K), 0.0019892 secs] [Times: user=0.01 sys=0.00, real=0.00 secs] 
2024-07-05T02:02:55.140+0800: 4483.851: [GC (Allocation Failure) [PSYoungGen: 77459K->80K(84480K)] 378285K->300913K(562688K), 0.0023729 secs] [Times: user=0.00 sys=0.00, real=0.00 secs] 
2024-07-05T02:02:55.730+0800: 4484.441: [GC (Allocation Failure) [PSYoungGen: 76884K->64K(77312K)] 377718K->300905K(555520K), 0.0029710 secs] [Times: user=0.00 sys=0.00, real=0.00 secs] 
2024-07-05T02:02:56.293+0800: 4485.004: [GC (Allocation Failure) [PSYoungGen: 76859K->64K(82432K)] 377701K->300913K(560640K), 0.0024073 secs] [Times: user=0.00 sys=0.00, real=0.01 secs] 
2024-07-05T02:02:56.863+0800: 4485.574: [GC (Allocation Failure) [PSYoungGen: 76337K->640K(76800K)] 377187K->301497K(555008K), 0.0020692 secs] [Times: user=0.01 sys=0.00, real=0.00 secs] 
2024-07-05T02:02:57.432+0800: 4486.143: [GC (Allocation Failure) [PSYoungGen: 76393K->608K(79360K)] 377250K->301473K(557568K), 0.0024031 secs] [Times: user=0.00 sys=0.00, real=0.01 secs] 
2024-07-05T02:02:57.980+0800: 4486.691: [GC (Allocation Failure) [PSYoungGen: 75842K->640K(75776K)] 376708K->301513K(553984K), 0.0027022 secs] [Times: user=0.00 sys=0.00, real=0.00 secs] 
2024-07-05T02:02:58.585+0800: 4487.296: [GC (Allocation Failure) [PSYoungGen: 75350K->96K(78336K)] 376224K->300977K(556544K), 0.0020722 secs] [Times: user=0.01 sys=0.00, real=0.01 secs] 
2024-07-05T02:02:59.119+0800: 4487.830: [GC (Allocation Failure) [PSYoungGen: 74283K->64K(74240K)] 375165K->300953K(552448K), 0.0019637 secs] [Times: user=0.01 sys=0.00, real=0.00 secs] 
2024-07-05T02:02:59.680+0800: 4488.390: [GC (Allocation Failure) [PSYoungGen: 73725K->576K(76288K)] 374615K->301473K(554496K), 0.0030497 secs] [Times: user=0.01 sys=0.00, real=0.00 secs] 
2024-07-05T02:03:00.210+0800: 4488.921: [GC (Allocation Failure) [PSYoungGen: 73716K->576K(73728K)] 374614K->301481K(551936K), 0.0022941 secs] [Times: user=0.01 sys=0.00, real=0.00 secs] 
2024-07-05T02:03:00.758+0800: 4489.469: [GC (Allocation Failure) [PSYoungGen: 73198K->640K(74752K)] 374104K->301553K(552960K), 0.0020353 secs] [Times: user=0.00 sys=0.00, real=0.00 secs] 
2024-07-05T02:03:01.290+0800: 4490.000: [GC (Allocation Failure) [PSYoungGen: 72832K->64K(72192K)] 373745K->300985K(550400K), 0.0022936 secs] [Times: user=0.01 sys=0.00, real=0.00 secs] 
2024-07-05T02:03:01.826+0800: 4490.537: [GC (Allocation Failure) [PSYoungGen: 71645K->640K(73216K)] 372567K->301569K(551424K), 0.0029070 secs] [Times: user=0.00 sys=0.00, real=0.00 secs] 
2024-07-05T02:03:02.358+0800: 4491.068: [GC (Allocation Failure) [PSYoungGen: 71689K->64K(71168K)] 372619K->301001K(549376K), 0.0038755 secs] [Times: user=0.01 sys=0.00, real=0.00 secs] 
2024-07-05T02:03:02.878+0800: 4491.588: [GC (Allocation Failure) [PSYoungGen: 70596K->608K(72704K)] 371534K->301553K(550912K), 0.0020252 secs] [Times: user=0.00 sys=0.00, real=0.00 secs] 
2024-07-05T02:03:03.402+0800: 4492.113: [GC (Allocation Failure) [PSYoungGen: 70614K->64K(70144K)] 371560K->301017K(548352K), 0.0021797 secs] [Times: user=0.01 sys=0.00, real=0.00 secs] 
2024-07-05T02:03:03.911+0800: 4492.622: [GC (Allocation Failure) [PSYoungGen: 69553K->640K(71168K)] 370507K->301601K(549376K), 0.0020207 secs] [Times: user=0.00 sys=0.00, real=0.00 secs] 
2024-07-05T02:03:04.431+0800: 4493.141: [GC (Allocation Failure) [PSYoungGen: 69603K->64K(69120K)] 370565K->301033K(547328K), 0.0020111 secs] [Times: user=0.00 sys=0.00, real=0.00 secs] 
2024-07-05T02:03:04.930+0800: 4493.641: [GC (Allocation Failure) [PSYoungGen: 68514K->64K(70144K)] 369484K->301041K(548352K), 0.0029518 secs] [Times: user=0.00 sys=0.00, real=0.00 secs] 
2024-07-05T02:03:05.442+0800: 4494.153: [GC (Allocation Failure) [PSYoungGen: 67981K->576K(68608K)] 368959K->301561K(546816K), 0.0022221 secs] [Times: user=0.00 sys=0.00, real=0.00 secs] 
2024-07-05T02:03:05.938+0800: 4494.649: [GC (Allocation Failure) [PSYoungGen: 68097K->64K(68608K)] 369083K->301057K(546816K), 0.0019364 secs] [Times: user=0.00 sys=0.00, real=0.00 secs] 
2024-07-05T02:03:06.447+0800: 4495.158: [GC (Allocation Failure) [PSYoungGen: 66939K->64K(67072K)] 367933K->301065K(545280K), 0.0021524 secs] [Times: user=0.00 sys=0.00, real=0.00 secs] 
2024-07-05T02:03:06.929+0800: 4495.640: [GC (Allocation Failure) [PSYoungGen: 66413K->608K(67584K)] 367415K->301617K(545792K), 0.0020815 secs] [Times: user=0.00 sys=0.00, real=0.00 secs] 
2024-07-05T02:03:07.431+0800: 4496.141: [GC (Allocation Failure) [PSYoungGen: 66437K->64K(66048K)] 367447K->301081K(544256K), 0.0020392 secs] [Times: user=0.01 sys=0.00, real=0.00 secs] 
2024-07-05T02:03:07.910+0800: 4496.621: [GC (Allocation Failure) [PSYoungGen: 65376K->128K(66560K)] 366394K->301153K(544768K), 0.0018912 secs] [Times: user=0.00 sys=0.00, real=0.00 secs] 
2024-07-05T02:03:08.399+0800: 4497.110: [GC (Allocation Failure) [PSYoungGen: 64914K->64K(65024K)] 365940K->301097K(543232K), 0.0022791 secs] [Times: user=0.00 sys=0.00, real=0.00 secs] 
2024-07-05T02:03:08.874+0800: 4497.585: [GC (Allocation Failure) [PSYoungGen: 64452K->608K(65024K)] 365486K->301649K(543232K), 0.0031821 secs] [Times: user=0.00 sys=0.00, real=0.00 secs] 
2024-07-05T02:03:09.353+0800: 4498.063: [GC (Allocation Failure) [PSYoungGen: 64468K->128K(64000K)] 365509K->301177K(542208K), 0.0023426 secs] [Times: user=0.00 sys=0.00, real=0.01 secs] 
2024-07-05T02:03:09.826+0800: 4498.537: [GC (Allocation Failure) [PSYoungGen: 63472K->128K(63488K)] 364522K->301185K(541696K), 0.0030214 secs] [Times: user=0.00 sys=0.00, real=0.00 secs] 
2024-07-05T02:03:10.288+0800: 4498.999: [GC (Allocation Failure) [PSYoungGen: 62947K->128K(64000K)] 364004K->301193K(542208K), 0.0022115 secs] [Times: user=0.01 sys=0.00, real=0.00 secs] 
2024-07-05T02:03:10.760+0800: 4499.471: [GC (Allocation Failure) [PSYoungGen: 62515K->64K(62464K)] 363581K->301137K(540672K), 0.0019256 secs] [Times: user=0.00 sys=0.00, real=0.00 secs] 
2024-07-05T02:03:11.203+0800: 4499.913: [GC (Allocation Failure) [PSYoungGen: 61801K->608K(62976K)] 362875K->301689K(541184K), 0.0019775 secs] [Times: user=0.01 sys=0.00, real=0.00 secs] 
2024-07-05T02:03:11.681+0800: 4500.391: [GC (Allocation Failure) [PSYoungGen: 61936K->128K(61440K)] 363018K->301217K(539648K), 0.0019535 secs] [Times: user=0.00 sys=0.00, real=0.00 secs] 
2024-07-05T02:03:12.117+0800: 4500.827: [GC (Allocation Failure) [PSYoungGen: 60941K->128K(61952K)] 362031K->301225K(540160K), 0.0018363 secs] [Times: user=0.01 sys=0.00, real=0.00 secs] 
2024-07-05T02:03:12.585+0800: 4501.295: [GC (Allocation Failure) [PSYoungGen: 60417K->64K(60416K)] 361514K->301169K(538624K), 0.0019767 secs] [Times: user=0.00 sys=0.00, real=0.01 secs] 
2024-07-05T02:03:13.009+0800: 4501.719: [GC (Allocation Failure) [PSYoungGen: 59810K->96K(60928K)] 360916K->301209K(539136K), 0.0023359 secs] [Times: user=0.00 sys=0.00, real=0.00 secs] 
2024-07-05T02:03:13.464+0800: 4502.174: [GC (Allocation Failure) [PSYoungGen: 59321K->64K(59392K)] 360435K->301185K(537600K), 0.0022527 secs] [Times: user=0.01 sys=0.00, real=0.01 secs] 
2024-07-05T02:03:13.914+0800: 4502.625: [GC (Allocation Failure) [PSYoungGen: 58793K->576K(59392K)] 359915K->301705K(537600K), 0.0020951 secs] [Times: user=0.00 sys=0.00, real=0.00 secs] 
2024-07-05T02:03:14.354+0800: 4503.065: [GC (Allocation Failure) [PSYoungGen: 58782K->640K(58880K)] 359911K->301777K(537088K), 0.0021074 secs] [Times: user=0.00 sys=0.00, real=0.00 secs] 
2024-07-05T02:03:14.787+0800: 4503.497: [GC (Allocation Failure) [PSYoungGen: 58273K->640K(58368K)] 359411K->301785K(536576K), 0.0019908 secs] [Times: user=0.00 sys=0.00, real=0.00 secs] 
2024-07-05T02:03:15.215+0800: 4503.926: [GC (Allocation Failure) [PSYoungGen: 57680K->64K(57344K)] 358826K->301217K(535552K), 0.0025590 secs] [Times: user=0.01 sys=0.00, real=0.00 secs] 
2024-07-05T02:03:15.669+0800: 4504.379: [GC (Allocation Failure) [PSYoungGen: 56596K->608K(58368K)] 357750K->301769K(536576K), 0.0019949 secs] [Times: user=0.01 sys=0.00, real=0.00 secs] 
2024-07-05T02:03:16.074+0800: 4504.785: [GC (Allocation Failure) [PSYoungGen: 57270K->608K(57856K)] 358432K->301777K(536064K), 0.0019798 secs] [Times: user=0.01 sys=0.00, real=0.00 secs] 
2024-07-05T02:03:16.505+0800: 4505.216: [GC (Allocation Failure) [PSYoungGen: 57196K->128K(57344K)] 358366K->301305K(535552K), 0.0019215 secs] [Times: user=0.00 sys=0.00, real=0.01 secs] 
2024-07-05T02:03:16.907+0800: 4505.618: [GC (Allocation Failure) [PSYoungGen: 56768K->640K(58368K)] 357946K->301825K(536576K), 0.0018834 secs] [Times: user=0.01 sys=0.00, real=0.00 secs] 
2024-07-05T02:03:17.312+0800: 4506.023: [GC (Allocation Failure) [PSYoungGen: 57261K->640K(58368K)] 358447K->301833K(536576K), 0.0019543 secs] [Times: user=0.00 sys=0.00, real=0.01 secs] 
2024-07-05T02:03:17.714+0800: 4506.425: [GC (Allocation Failure) [PSYoungGen: 57213K->576K(58368K)] 358407K->301777K(536576K), 0.0030691 secs] [Times: user=0.00 sys=0.00, real=0.00 secs] 
2024-07-05T02:03:18.122+0800: 4506.833: [GC (Allocation Failure) [PSYoungGen: 57090K->64K(58368K)] 358292K->301273K(536576K), 0.0028696 secs] [Times: user=0.00 sys=0.00, real=0.00 secs] 
2024-07-05T02:03:18.530+0800: 4507.241: [GC (Allocation Failure) [PSYoungGen: 56602K->608K(65024K)] 357812K->301825K(543232K), 0.0021146 secs] [Times: user=0.00 sys=0.00, real=0.00 secs] 
2024-07-05T02:03:18.982+0800: 4507.693: [GC (Allocation Failure) [PSYoungGen: 63928K->608K(65024K)] 365146K->301833K(543232K), 0.0021806 secs] [Times: user=0.01 sys=0.00, real=0.00 secs] 
2024-07-05T02:03:19.436+0800: 4508.147: [GC (Allocation Failure) [PSYoungGen: 63933K->608K(64000K)] 365159K->301841K(542208K), 0.0021002 secs] [Times: user=0.00 sys=0.00, real=0.00 secs] 
2024-07-05T02:03:19.886+0800: 4508.597: [GC (Allocation Failure) [PSYoungGen: 63407K->576K(63488K)] 364641K->301817K(541696K), 0.0024560 secs] [Times: user=0.01 sys=0.00, real=0.00 secs] 
2024-07-05T02:03:20.337+0800: 4509.048: [GC (Allocation Failure) [PSYoungGen: 62974K->64K(62464K)] 364215K->301313K(540672K), 0.0019541 secs] [Times: user=0.00 sys=0.00, real=0.00 secs] 
2024-07-05T02:03:20.778+0800: 4509.489: [GC (Allocation Failure) [PSYoungGen: 61939K->576K(62976K)] 363189K->301833K(541184K), 0.0026288 secs] [Times: user=0.00 sys=0.00, real=0.00 secs] 
2024-07-05T02:03:21.218+0800: 4509.929: [GC (Allocation Failure) [PSYoungGen: 61920K->608K(61952K)] 363178K->301873K(540160K), 0.0019063 secs] [Times: user=0.00 sys=0.00, real=0.00 secs] 
2024-07-05T02:03:21.654+0800: 4510.365: [GC (Allocation Failure) [PSYoungGen: 61420K->608K(61440K)] 362685K->301881K(539648K), 0.0020959 secs] [Times: user=0.01 sys=0.00, real=0.00 secs] 
2024-07-05T02:03:22.091+0800: 4510.802: [GC (Allocation Failure) [PSYoungGen: 60882K->64K(60416K)] 362156K->301345K(538624K), 0.0020277 secs] [Times: user=0.00 sys=0.00, real=0.00 secs] 
2024-07-05T02:03:22.520+0800: 4511.230: [GC (Allocation Failure) [PSYoungGen: 59849K->96K(60928K)] 361131K->301385K(539136K), 0.0019428 secs] [Times: user=0.00 sys=0.00, real=0.00 secs] 
2024-07-05T02:03:22.942+0800: 4511.653: [GC (Allocation Failure) [PSYoungGen: 59238K->592K(67584K)] 360528K->301889K(545792K), 0.0039117 secs] [Times: user=0.00 sys=0.00, real=0.01 secs] 
2024-07-05T02:03:23.419+0800: 4512.129: [GC (Allocation Failure) [PSYoungGen: 66419K->128K(67584K)] 367717K->301433K(545792K), 0.0019036 secs] [Times: user=0.00 sys=0.00, real=0.00 secs] 
2024-07-05T02:03:23.894+0800: 4512.605: [GC (Allocation Failure) [PSYoungGen: 65960K->576K(66560K)] 367266K->301889K(544768K), 0.0021582 secs] [Times: user=0.00 sys=0.00, real=0.00 secs] 
2024-07-05T02:03:24.366+0800: 4513.077: [GC (Allocation Failure) [PSYoungGen: 65886K->576K(66048K)] 367200K->301897K(544256K), 0.0020940 secs] [Times: user=0.00 sys=0.00, real=0.00 secs] 
2024-07-05T02:03:24.839+0800: 4513.550: [GC (Allocation Failure) [PSYoungGen: 65364K->128K(65024K)] 366686K->301457K(543232K), 0.0018777 secs] [Times: user=0.01 sys=0.00, real=0.00 secs] 
2024-07-05T02:03:25.310+0800: 4514.021: [GC (Allocation Failure) [PSYoungGen: 64519K->64K(65536K)] 365849K->301401K(543744K), 0.0018682 secs] [Times: user=0.01 sys=0.00, real=0.00 secs] 
2024-07-05T02:03:25.770+0800: 4514.481: [GC (Allocation Failure) [PSYoungGen: 64064K->128K(64000K)] 365401K->301465K(542208K), 0.0018397 secs] [Times: user=0.01 sys=0.00, real=0.00 secs] 
2024-07-05T02:03:26.234+0800: 4514.945: [GC (Allocation Failure) [PSYoungGen: 63458K->128K(64000K)] 364796K->301465K(542208K), 0.0019383 secs] [Times: user=0.01 sys=0.00, real=0.00 secs] 
2024-07-05T02:03:26.686+0800: 4515.397: [GC (Allocation Failure) [PSYoungGen: 63050K->128K(62976K)] 364388K->301465K(541184K), 0.0018883 secs] [Times: user=0.00 sys=0.00, real=0.00 secs] 
2024-07-05T02:03:27.133+0800: 4515.843: [GC (Allocation Failure) [PSYoungGen: 62521K->128K(62976K)] 363859K->301473K(541184K), 0.0018992 secs] [Times: user=0.00 sys=0.00, real=0.01 secs] 
2024-07-05T02:03:27.580+0800: 4516.291: [GC (Allocation Failure) [PSYoungGen: 61989K->64K(61952K)] 363335K->301417K(540160K), 0.0022224 secs] [Times: user=0.00 sys=0.00, real=0.00 secs] 
2024-07-05T02:03:28.069+0800: 4516.779: [GC (Allocation Failure) [PSYoungGen: 61410K->64K(61952K)] 362764K->301425K(540160K), 0.0021977 secs] [Times: user=0.00 sys=0.00, real=0.00 secs] 
2024-07-05T02:03:28.548+0800: 4517.259: [GC (Allocation Failure) [PSYoungGen: 60878K->128K(60928K)] 362240K->301497K(539136K), 0.0023149 secs] [Times: user=0.00 sys=0.00, real=0.00 secs] 
2024-07-05T02:03:29.034+0800: 4517.745: [GC (Allocation Failure) [PSYoungGen: 60284K->608K(60928K)] 361654K->301985K(539136K), 0.0023419 secs] [Times: user=0.01 sys=0.00, real=0.00 secs] 
2024-07-05T02:03:29.516+0800: 4518.226: [GC (Allocation Failure) [PSYoungGen: 60512K->64K(59904K)] 361889K->301449K(538112K), 0.0021319 secs] [Times: user=0.00 sys=0.00, real=0.00 secs] 
2024-07-05T02:03:29.994+0800: 4518.704: [GC (Allocation Failure) [PSYoungGen: 59207K->640K(59904K)] 360593K->302033K(538112K), 0.0024274 secs] [Times: user=0.00 sys=0.00, real=0.01 secs] 
2024-07-05T02:03:30.463+0800: 4519.174: [GC (Allocation Failure) [PSYoungGen: 59350K->608K(59392K)] 360744K->302009K(537600K), 0.0021914 secs] [Times: user=0.01 sys=0.00, real=0.00 secs] 
2024-07-05T02:03:30.931+0800: 4519.642: [GC (Allocation Failure) [PSYoungGen: 58655K->576K(58880K)] 360057K->301985K(537088K), 0.0021284 secs] [Times: user=0.01 sys=0.00, real=0.00 secs] 
2024-07-05T02:03:31.390+0800: 4520.101: [GC (Allocation Failure) [PSYoungGen: 58198K->64K(57856K)] 359608K->301993K(536064K), 0.0020773 secs] [Times: user=0.00 sys=0.00, real=0.00 secs] 
2024-07-05T02:03:31.848+0800: 4520.558: [GC (Allocation Failure) [PSYoungGen: 57163K->608K(57856K)] 359093K->302545K(536064K), 0.0022973 secs] [Times: user=0.01 sys=0.00, real=0.00 secs] 
2024-07-05T02:03:32.305+0800: 4521.016: [GC (Allocation Failure) [PSYoungGen: 57223K->64K(57344K)] 359161K->302009K(535552K), 0.0023769 secs] [Times: user=0.01 sys=0.00, real=0.01 secs] 
2024-07-05T02:03:32.766+0800: 4521.477: [GC (Allocation Failure) [PSYoungGen: 56556K->64K(58368K)] 358502K->302017K(536576K), 0.0022463 secs] [Times: user=0.00 sys=0.00, real=0.00 secs] 
2024-07-05T02:03:33.218+0800: 4521.929: [GC (Allocation Failure) [PSYoungGen: 56629K->608K(57856K)] 358582K->302569K(536064K), 0.0021874 secs] [Times: user=0.01 sys=0.00, real=0.00 secs] 
2024-07-05T02:03:33.686+0800: 4522.397: [GC (Allocation Failure) [PSYoungGen: 57219K->64K(58368K)] 359181K->302033K(536576K), 0.0023047 secs] [Times: user=0.00 sys=0.00, real=0.00 secs] 
2024-07-05T02:03:34.150+0800: 4522.861: [GC (Allocation Failure) [PSYoungGen: 56579K->64K(57344K)] 358549K->302041K(535552K), 0.0023561 secs] [Times: user=0.00 sys=0.00, real=0.00 secs] 
2024-07-05T02:03:34.606+0800: 4523.317: [GC (Allocation Failure) [PSYoungGen: 56636K->640K(57856K)] 358614K->302625K(536064K), 0.0024162 secs] [Times: user=0.01 sys=0.00, real=0.00 secs] 
2024-07-05T02:03:35.074+0800: 4523.785: [GC (Allocation Failure) [PSYoungGen: 57215K->128K(64000K)] 359201K->302121K(542208K), 0.0040096 secs] [Times: user=0.00 sys=0.00, real=0.00 secs] 
2024-07-05T02:03:35.582+0800: 4524.292: [GC (Allocation Failure) [PSYoungGen: 63459K->64K(67584K)] 365453K->302065K(545792K), 0.0030066 secs] [Times: user=0.01 sys=0.00, real=0.00 secs] 
2024-07-05T02:03:36.110+0800: 4524.821: [GC (Allocation Failure) [PSYoungGen: 66405K->608K(71168K)] 368407K->302617K(549376K), 0.0023357 secs] [Times: user=0.00 sys=0.00, real=0.00 secs] 
2024-07-05T02:03:36.674+0800: 4525.385: [GC (Allocation Failure) [PSYoungGen: 70612K->64K(70144K)] 372622K->302081K(548352K), 0.0022401 secs] [Times: user=0.00 sys=0.00, real=0.00 secs] 
2024-07-05T02:03:37.237+0800: 4525.948: [GC (Allocation Failure) [PSYoungGen: 69551K->128K(69632K)] 371569K->302153K(547840K), 0.0023959 secs] [Times: user=0.00 sys=0.00, real=0.00 secs] 
2024-07-05T02:03:37.803+0800: 4526.513: [GC (Allocation Failure) [PSYoungGen: 69090K->64K(69632K)] 371116K->302097K(547840K), 0.0022650 secs] [Times: user=0.00 sys=0.00, real=0.00 secs] 
2024-07-05T02:03:38.362+0800: 4527.073: [GC (Allocation Failure) [PSYoungGen: 68505K->96K(68608K)] 370539K->302137K(546816K), 0.0022095 secs] [Times: user=0.01 sys=0.00, real=0.00 secs] 
2024-07-05T02:03:38.921+0800: 4527.632: [GC (Allocation Failure) [PSYoungGen: 68016K->64K(68608K)] 370058K->302105K(546816K), 0.0022063 secs] [Times: user=0.00 sys=0.00, real=0.00 secs] 
2024-07-05T02:03:39.478+0800: 4528.188: [GC (Allocation Failure) [PSYoungGen: 67577K->640K(68096K)] 369619K->302681K(546304K), 0.0024371 secs] [Times: user=0.01 sys=0.00, real=0.00 secs] 
2024-07-05T02:03:40.018+0800: 4528.729: [GC (Allocation Failure) [PSYoungGen: 67630K->64K(67072K)] 369672K->302113K(545280K), 0.0034504 secs] [Times: user=0.00 sys=0.00, real=0.00 secs] 
2024-07-05T02:03:40.549+0800: 4529.260: [GC (Allocation Failure) [PSYoungGen: 66527K->64K(66560K)] 368577K->302121K(544768K), 0.0022942 secs] [Times: user=0.00 sys=0.00, real=0.00 secs] 
2024-07-05T02:03:41.080+0800: 4529.791: [GC (Allocation Failure) [PSYoungGen: 65995K->96K(66560K)] 368053K->302161K(544768K), 0.0021845 secs] [Times: user=0.00 sys=0.00, real=0.00 secs] 
2024-07-05T02:03:41.606+0800: 4530.317: [GC (Allocation Failure) [PSYoungGen: 65495K->64K(65536K)] 367561K->302137K(543744K), 0.0034148 secs] [Times: user=0.00 sys=0.00, real=0.00 secs] 
2024-07-05T02:03:42.130+0800: 4530.841: [GC (Allocation Failure) [PSYoungGen: 64954K->576K(68608K)] 367028K->302657K(546816K), 0.0034421 secs] [Times: user=0.00 sys=0.00, real=0.00 secs] 
2024-07-05T02:03:42.672+0800: 4531.383: [GC (Allocation Failure) [PSYoungGen: 68092K->640K(68096K)] 370174K->302729K(546304K), 0.0024382 secs] [Times: user=0.00 sys=0.01, real=0.01 secs] 
2024-07-05T02:03:43.214+0800: 4531.925: [GC (Allocation Failure) [PSYoungGen: 67621K->608K(67584K)] 369711K->302705K(545792K), 0.0025074 secs] [Times: user=0.00 sys=0.00, real=0.00 secs] 
2024-07-05T02:03:43.753+0800: 4532.464: [GC (Allocation Failure) [PSYoungGen: 67065K->128K(66560K)] 369163K->302233K(544768K), 0.0021758 secs] [Times: user=0.01 sys=0.00, real=0.01 secs] 
2024-07-05T02:03:44.233+0800: 4532.944: [GC (Allocation Failure) [PSYoungGen: 66080K->608K(66560K)] 368186K->302721K(544768K), 0.0021273 secs] [Times: user=0.01 sys=0.00, real=0.01 secs] 
2024-07-05T02:03:44.717+0800: 4533.427: [GC (Allocation Failure) [PSYoungGen: 66027K->96K(65536K)] 368141K->302217K(543744K), 0.0019368 secs] [Times: user=0.00 sys=0.00, real=0.00 secs] 
2024-07-05T02:03:45.206+0800: 4533.917: [GC (Allocation Failure) [PSYoungGen: 65004K->608K(65536K)] 367126K->302737K(543744K), 0.0021417 secs] [Times: user=0.01 sys=0.00, real=0.00 secs] 
2024-07-05T02:03:45.687+0800: 4534.398: [GC (Allocation Failure) [PSYoungGen: 64994K->64K(64512K)] 367124K->302201K(542720K), 0.0021103 secs] [Times: user=0.00 sys=0.00, real=0.00 secs] 
2024-07-05T02:03:46.166+0800: 4534.877: [GC (Allocation Failure) [PSYoungGen: 63929K->608K(64512K)] 366066K->302753K(542720K), 0.0034154 secs] [Times: user=0.00 sys=0.00, real=0.00 secs] 
2024-07-05T02:03:46.630+0800: 4535.341: [GC (Allocation Failure) [PSYoungGen: 63930K->64K(71680K)] 366076K->302217K(549888K), 0.0030143 secs] [Times: user=0.01 sys=0.00, real=0.00 secs] 
2024-07-05T02:03:47.140+0800: 4535.850: [GC (Allocation Failure) [PSYoungGen: 70597K->608K(71168K)] 372751K->302769K(549376K), 0.0019531 secs] [Times: user=0.00 sys=0.00, real=0.00 secs] 
2024-07-05T02:03:47.653+0800: 4536.364: [GC (Allocation Failure) [PSYoungGen: 70617K->128K(70656K)] 372779K->302297K(548864K), 0.0019724 secs] [Times: user=0.00 sys=0.00, real=0.01 secs] 
2024-07-05T02:03:48.170+0800: 4536.880: [GC (Allocation Failure) [PSYoungGen: 69619K->576K(70144K)] 371789K->302753K(548352K), 0.0034228 secs] [Times: user=0.00 sys=0.00, real=0.00 secs] 
2024-07-05T02:03:48.696+0800: 4537.407: [GC (Allocation Failure) [PSYoungGen: 69540K->608K(69632K)] 371718K->302793K(547840K), 0.0021717 secs] [Times: user=0.00 sys=0.00, real=0.00 secs] 
2024-07-05T02:03:49.225+0800: 4537.935: [GC (Allocation Failure) [PSYoungGen: 69054K->608K(69120K)] 371240K->302801K(547328K), 0.0026271 secs] [Times: user=0.01 sys=0.00, real=0.01 secs] 
2024-07-05T02:03:49.730+0800: 4538.441: [GC (Allocation Failure) [PSYoungGen: 68531K->96K(68608K)] 370725K->302297K(546816K), 0.0019422 secs] [Times: user=0.00 sys=0.00, real=0.00 secs] 
2024-07-05T02:03:50.249+0800: 4538.959: [GC (Allocation Failure) [PSYoungGen: 67496K->608K(68096K)] 369698K->302817K(546304K), 0.0020177 secs] [Times: user=0.00 sys=0.00, real=0.00 secs] 
2024-07-05T02:03:50.778+0800: 4539.489: [GC (Allocation Failure) [PSYoungGen: 67667K->608K(67584K)] 369877K->302825K(545792K), 0.0020880 secs] [Times: user=0.01 sys=0.00, real=0.00 secs] 
2024-07-05T02:03:51.282+0800: 4539.993: [GC (Allocation Failure) [PSYoungGen: 66963K->608K(67072K)] 369181K->302833K(545280K), 0.0022221 secs] [Times: user=0.00 sys=0.00, real=0.00 secs] 
2024-07-05T02:03:51.770+0800: 4540.481: [GC (Allocation Failure) [PSYoungGen: 66440K->64K(66560K)] 368666K->302297K(544768K), 0.0020058 secs] [Times: user=0.00 sys=0.00, real=0.00 secs] 
2024-07-05T02:03:52.242+0800: 4540.953: [GC (Allocation Failure) [PSYoungGen: 65498K->64K(65536K)] 367732K->302305K(543744K), 0.0018682 secs] [Times: user=0.01 sys=0.00, real=0.00 secs] 
2024-07-05T02:03:52.704+0800: 4541.415: [GC (Allocation Failure) [PSYoungGen: 64965K->64K(65536K)] 367207K->302313K(543744K), 0.0020091 secs] [Times: user=0.00 sys=0.00, real=0.01 secs] 
2024-07-05T02:03:53.166+0800: 4541.877: [GC (Allocation Failure) [PSYoungGen: 64446K->64K(64512K)] 366696K->302321K(542720K), 0.0030467 secs] [Times: user=0.01 sys=0.00, real=0.00 secs] 
2024-07-05T02:03:53.624+0800: 4542.334: [GC (Allocation Failure) [PSYoungGen: 63918K->64K(64000K)] 366176K->302329K(542208K), 0.0020139 secs] [Times: user=0.01 sys=0.00, real=0.01 secs] 
2024-07-05T02:03:54.082+0800: 4542.793: [GC (Allocation Failure) [PSYoungGen: 63396K->128K(64000K)] 365662K->302401K(542208K), 0.0030997 secs] [Times: user=0.00 sys=0.00, real=0.00 secs] 
2024-07-05T02:03:54.539+0800: 4543.249: [GC (Allocation Failure) [PSYoungGen: 62931K->64K(62976K)] 365205K->302345K(541184K), 0.0020909 secs] [Times: user=0.00 sys=0.00, real=0.00 secs] 
2024-07-05T02:03:54.994+0800: 4543.705: [GC (Allocation Failure) [PSYoungGen: 62340K->640K(62976K)] 364622K->302929K(541184K), 0.0021327 secs] [Times: user=0.01 sys=0.00, real=0.00 secs] 
2024-07-05T02:03:55.452+0800: 4544.163: [GC (Allocation Failure) [PSYoungGen: 62518K->128K(61952K)] 364808K->302425K(540160K), 0.0019219 secs] [Times: user=0.00 sys=0.00, real=0.01 secs] 
2024-07-05T02:03:55.900+0800: 4544.611: [GC (Allocation Failure) [PSYoungGen: 61481K->608K(61952K)] 363779K->302913K(540160K), 0.0020754 secs] [Times: user=0.01 sys=0.00, real=0.00 secs] 
2024-07-05T02:03:56.350+0800: 4545.060: [GC (Allocation Failure) [PSYoungGen: 61412K->64K(60928K)] 363718K->302377K(539136K), 0.0019197 secs] [Times: user=0.00 sys=0.00, real=0.00 secs] 
2024-07-05T02:03:56.787+0800: 4545.497: [GC (Allocation Failure) [PSYoungGen: 60339K->608K(60928K)] 362653K->302929K(539136K), 0.0020184 secs] [Times: user=0.00 sys=0.00, real=0.00 secs] 
2024-07-05T02:03:57.222+0800: 4545.933: [GC (Allocation Failure) [PSYoungGen: 60275K->640K(60416K)] 362597K->302969K(538624K), 0.0019810 secs] [Times: user=0.00 sys=0.00, real=0.00 secs] 
2024-07-05T02:03:57.666+0800: 4546.377: [GC (Allocation Failure) [PSYoungGen: 59861K->608K(59904K)] 362191K->302945K(538112K), 0.0020704 secs] [Times: user=0.00 sys=0.00, real=0.00 secs] 
2024-07-05T02:03:58.094+0800: 4546.805: [GC (Allocation Failure) [PSYoungGen: 59304K->608K(59392K)] 361642K->302953K(537600K), 0.0019372 secs] [Times: user=0.00 sys=0.00, real=0.00 secs] 
2024-07-05T02:03:58.526+0800: 4547.237: [GC (Allocation Failure) [PSYoungGen: 58771K->608K(58880K)] 361116K->302961K(537088K), 0.0021301 secs] [Times: user=0.01 sys=0.00, real=0.00 secs] 
2024-07-05T02:03:58.968+0800: 4547.679: [GC (Allocation Failure) [PSYoungGen: 58244K->640K(58368K)] 360598K->303001K(536576K), 0.0020442 secs] [Times: user=0.00 sys=0.00, real=0.00 secs] 
2024-07-05T02:03:59.399+0800: 4548.110: [GC (Allocation Failure) [PSYoungGen: 57758K->128K(57344K)] 360120K->302497K(535552K), 0.0019516 secs] [Times: user=0.01 sys=0.00, real=0.00 secs] 
2024-07-05T02:03:59.821+0800: 4548.532: [GC (Allocation Failure) [PSYoungGen: 56635K->96K(57344K)] 359004K->302473K(535552K), 0.0021065 secs] [Times: user=0.00 sys=0.00, real=0.00 secs] 
2024-07-05T02:04:00.242+0800: 4548.953: [GC (Allocation Failure) [PSYoungGen: 56708K->640K(58368K)] 359086K->303025K(536576K), 0.0019429 secs] [Times: user=0.00 sys=0.00, real=0.00 secs] 
2024-07-05T02:04:00.658+0800: 4549.369: [GC (Allocation Failure) [PSYoungGen: 57191K->128K(59392K)] 359577K->302521K(537600K), 0.0036086 secs] [Times: user=0.01 sys=0.00, real=0.00 secs] 
2024-07-05T02:04:01.090+0800: 4549.801: [GC (Allocation Failure) [PSYoungGen: 57807K->576K(59392K)] 360201K->302977K(537600K), 0.0037523 secs] [Times: user=0.00 sys=0.00, real=0.01 secs] 
2024-07-05T02:04:01.512+0800: 4550.222: [GC (Allocation Failure) [PSYoungGen: 58261K->64K(66048K)] 360663K->302473K(544256K), 0.0019509 secs] [Times: user=0.01 sys=0.00, real=0.01 secs] 
2024-07-05T02:04:01.973+0800: 4550.683: [GC (Allocation Failure) [PSYoungGen: 64443K->576K(66048K)] 366853K->302993K(544256K), 0.0021151 secs] [Times: user=0.00 sys=0.00, real=0.01 secs] 
2024-07-05T02:04:02.436+0800: 4551.147: [GC (Allocation Failure) [PSYoungGen: 64959K->64K(64512K)] 367377K->302489K(542720K), 0.0019546 secs] [Times: user=0.00 sys=0.00, real=0.00 secs] 
2024-07-05T02:04:02.890+0800: 4551.601: [GC (Allocation Failure) [PSYoungGen: 63919K->576K(72192K)] 366345K->303009K(550400K), 0.0034460 secs] [Times: user=0.01 sys=0.00, real=0.00 secs] 
2024-07-05T02:04:03.410+0800: 4552.121: [GC (Allocation Failure) [PSYoungGen: 71103K->608K(72704K)] 373537K->303049K(550912K), 0.0036606 secs] [Times: user=0.01 sys=0.00, real=0.01 secs] 
2024-07-05T02:04:03.953+0800: 4552.663: [GC (Allocation Failure) [PSYoungGen: 71666K->128K(72704K)] 374107K->302577K(550912K), 0.0021421 secs] [Times: user=0.01 sys=0.00, real=0.01 secs] 
2024-07-05T02:04:04.484+0800: 4553.195: [GC (Allocation Failure) [PSYoungGen: 71184K->128K(71168K)] 373634K->302585K(549376K), 0.0021037 secs] [Times: user=0.01 sys=0.00, real=0.01 secs] 
2024-07-05T02:04:04.997+0800: 4553.707: [GC (Allocation Failure) [PSYoungGen: 70658K->608K(71680K)] 373115K->303073K(549888K), 0.0021282 secs] [Times: user=0.00 sys=0.00, real=0.00 secs] 
2024-07-05T02:04:05.516+0800: 4554.227: [GC (Allocation Failure) [PSYoungGen: 70616K->608K(70656K)] 373082K->303081K(548864K), 0.0023908 secs] [Times: user=0.01 sys=0.01, real=0.00 secs] 
2024-07-05T02:04:06.045+0800: 4554.756: [GC (Allocation Failure) [PSYoungGen: 70098K->576K(70144K)] 372572K->303057K(548352K), 0.0021689 secs] [Times: user=0.01 sys=0.00, real=0.01 secs] 
2024-07-05T02:04:06.571+0800: 4555.282: [GC (Allocation Failure) [PSYoungGen: 69548K->96K(69120K)] 372030K->302585K(547328K), 0.0034490 secs] [Times: user=0.01 sys=0.00, real=0.01 secs] 
2024-07-05T02:04:07.085+0800: 4555.796: [GC (Allocation Failure) [PSYoungGen: 68539K->608K(69632K)] 371029K->303105K(547840K), 0.0023590 secs] [Times: user=0.00 sys=0.00, real=0.01 secs] 
2024-07-05T02:04:07.574+0800: 4556.285: [GC (Allocation Failure) [PSYoungGen: 68525K->64K(68096K)] 371023K->302569K(546304K), 0.0019053 secs] [Times: user=0.01 sys=0.00, real=0.00 secs] 
2024-07-05T02:04:08.058+0800: 4556.769: [GC (Allocation Failure) [PSYoungGen: 67464K->64K(68608K)] 369970K->302577K(546816K), 0.0019081 secs] [Times: user=0.00 sys=0.00, real=0.00 secs] 
2024-07-05T02:04:08.550+0800: 4557.261: [GC (Allocation Failure) [PSYoungGen: 66942K->64K(67072K)] 369456K->302577K(545280K), 0.0019649 secs] [Times: user=0.00 sys=0.00, real=0.00 secs] 
2024-07-05T02:04:09.049+0800: 4557.760: [GC (Allocation Failure) [PSYoungGen: 66624K->64K(67584K)] 369137K->302577K(545792K), 0.0019821 secs] [Times: user=0.00 sys=0.00, real=0.00 secs] 
2024-07-05T02:04:09.546+0800: 4558.257: [GC (Allocation Failure) [PSYoungGen: 65901K->576K(66560K)] 368415K->303089K(544768K), 0.0034333 secs] [Times: user=0.00 sys=0.00, real=0.00 secs] 
2024-07-05T02:04:10.040+0800: 4558.751: [GC (Allocation Failure) [PSYoungGen: 65882K->640K(66048K)] 368396K->303161K(544256K), 0.0027632 secs] [Times: user=0.01 sys=0.00, real=0.00 secs] 
2024-07-05T02:04:10.510+0800: 4559.221: [GC (Allocation Failure) [PSYoungGen: 65429K->64K(65024K)] 367951K->302593K(543232K), 0.0021700 secs] [Times: user=0.00 sys=0.00, real=0.00 secs] 
2024-07-05T02:04:10.994+0800: 4559.705: [GC (Allocation Failure) [PSYoungGen: 64331K->640K(65536K)] 366861K->303177K(543744K), 0.0022890 secs] [Times: user=0.00 sys=0.00, real=0.00 secs] 
2024-07-05T02:04:11.486+0800: 4560.197: [GC (Allocation Failure) [PSYoungGen: 64527K->64K(64000K)] 367065K->302609K(542208K), 0.0020400 secs] [Times: user=0.00 sys=0.00, real=0.00 secs] 
2024-07-05T02:04:11.942+0800: 4560.653: [GC (Allocation Failure) [PSYoungGen: 63395K->64K(64512K)] 365940K->302617K(542720K), 0.0019146 secs] [Times: user=0.00 sys=0.00, real=0.00 secs] 
2024-07-05T02:04:12.390+0800: 4561.101: [GC (Allocation Failure) [PSYoungGen: 62977K->608K(63488K)] 365531K->303161K(541696K), 0.0020767 secs] [Times: user=0.01 sys=0.00, real=0.00 secs] 
2024-07-05T02:04:12.866+0800: 4561.576: [GC (Allocation Failure) [PSYoungGen: 62994K->128K(62464K)] 365548K->302681K(540672K), 0.0021305 secs] [Times: user=0.00 sys=0.00, real=0.00 secs] 
2024-07-05T02:04:13.337+0800: 4562.048: [GC (Allocation Failure) [PSYoungGen: 61985K->576K(62464K)] 364539K->303129K(540672K), 0.0021646 secs] [Times: user=0.00 sys=0.00, real=0.00 secs] 
2024-07-05T02:04:13.803+0800: 4562.514: [GC (Allocation Failure) [PSYoungGen: 61919K->608K(61952K)] 364473K->303161K(540160K), 0.0020758 secs] [Times: user=0.00 sys=0.00, real=0.00 secs] 
2024-07-05T02:04:14.242+0800: 4562.953: [GC (Allocation Failure) [PSYoungGen: 61404K->608K(61440K)] 363958K->303169K(539648K), 0.0020442 secs] [Times: user=0.00 sys=0.00, real=0.00 secs] 
2024-07-05T02:04:14.677+0800: 4563.387: [GC (Allocation Failure) [PSYoungGen: 60889K->576K(60928K)] 363451K->303145K(539136K), 0.0024874 secs] [Times: user=0.00 sys=0.00, real=0.00 secs] 
2024-07-05T02:04:15.114+0800: 4563.824: [GC (Allocation Failure) [PSYoungGen: 60349K->64K(59904K)] 362919K->302641K(538112K), 0.0020438 secs] [Times: user=0.00 sys=0.00, real=0.00 secs] 
2024-07-05T02:04:15.543+0800: 4564.253: [GC (Allocation Failure) [PSYoungGen: 59294K->64K(60416K)] 361872K->302649K(538624K), 0.0018959 secs] [Times: user=0.00 sys=0.00, real=0.00 secs] 
2024-07-05T02:04:15.965+0800: 4564.676: [GC (Allocation Failure) [PSYoungGen: 58784K->592K(59392K)] 361370K->303185K(537600K), 0.0024635 secs] [Times: user=0.00 sys=0.00, real=0.01 secs] 
2024-07-05T02:04:16.402+0800: 4565.113: [GC (Allocation Failure) [PSYoungGen: 58960K->96K(58368K)] 361553K->302697K(536576K), 0.0021993 secs] [Times: user=0.00 sys=0.00, real=0.00 secs] 
2024-07-05T02:04:16.838+0800: 4565.549: [GC (Allocation Failure) [PSYoungGen: 57660K->64K(57856K)] 360262K->302673K(536064K), 0.0020336 secs] [Times: user=0.00 sys=0.00, real=0.00 secs] 
2024-07-05T02:04:17.266+0800: 4565.977: [GC (Allocation Failure) [PSYoungGen: 57212K->576K(58368K)] 359822K->303193K(536576K), 0.0020432 secs] [Times: user=0.01 sys=0.00, real=0.00 secs] 
2024-07-05T02:04:17.685+0800: 4566.395: [GC (Allocation Failure) [PSYoungGen: 57109K->608K(57856K)] 359727K->303233K(536064K), 0.0021738 secs] [Times: user=0.01 sys=0.00, real=0.01 secs] 
2024-07-05T02:04:18.100+0800: 4566.810: [GC (Allocation Failure) [PSYoungGen: 57179K->640K(64512K)] 359805K->303273K(542720K), 0.0031698 secs] [Times: user=0.01 sys=0.00, real=0.00 secs] 
2024-07-05T02:04:18.574+0800: 4567.285: [GC (Allocation Failure) [PSYoungGen: 63973K->64K(63488K)] 366607K->302705K(541696K), 0.0020008 secs] [Times: user=0.00 sys=0.00, real=0.00 secs] 
2024-07-05T02:04:19.024+0800: 4567.735: [GC (Allocation Failure) [PSYoungGen: 62855K->640K(64512K)] 365496K->303289K(542720K), 0.0026405 secs] [Times: user=0.00 sys=0.00, real=0.01 secs] 
2024-07-05T02:04:19.486+0800: 4568.197: [GC (Allocation Failure) [PSYoungGen: 63435K->128K(71168K)] 366085K->302785K(549376K), 0.0031360 secs] [Times: user=0.00 sys=0.00, real=0.00 secs] 
2024-07-05T02:04:19.990+0800: 4568.700: [GC (Allocation Failure) [PSYoungGen: 69617K->128K(69632K)] 372275K->302793K(547840K), 0.0019025 secs] [Times: user=0.00 sys=0.00, real=0.00 secs] 
2024-07-05T02:04:20.494+0800: 4569.205: [GC (Allocation Failure) [PSYoungGen: 69090K->608K(69632K)] 371756K->303281K(547840K), 0.0021621 secs] [Times: user=0.00 sys=0.00, real=0.00 secs] 
2024-07-05T02:04:21.000+0800: 4569.711: [GC (Allocation Failure) [PSYoungGen: 68738K->64K(68608K)] 371412K->302745K(546816K), 0.0020122 secs] [Times: user=0.00 sys=0.00, real=0.00 secs] 
2024-07-05T02:04:21.502+0800: 4570.213: [GC (Allocation Failure) [PSYoungGen: 67984K->64K(68608K)] 370666K->302753K(546816K), 0.0031540 secs] [Times: user=0.01 sys=0.00, real=0.00 secs] 
2024-07-05T02:04:22.006+0800: 4570.717: [GC (Allocation Failure) [PSYoungGen: 67461K->128K(69120K)] 370151K->302825K(547328K), 0.0032431 secs] [Times: user=0.00 sys=0.00, real=0.00 secs] 
2024-07-05T02:04:22.510+0800: 4571.221: [GC (Allocation Failure) [PSYoungGen: 67526K->576K(75264K)] 370224K->303281K(553472K), 0.0036294 secs] [Times: user=0.00 sys=0.01, real=0.01 secs] 
2024-07-05T02:04:23.070+0800: 4571.781: [GC (Allocation Failure) [PSYoungGen: 74764K->64K(75776K)] 377470K->302777K(553984K), 0.0033020 secs] [Times: user=0.01 sys=0.00, real=0.00 secs] 
2024-07-05T02:04:23.628+0800: 4572.339: [GC (Allocation Failure) [PSYoungGen: 74255K->608K(82944K)] 376969K->303329K(561152K), 0.0023024 secs] [Times: user=0.00 sys=0.00, real=0.00 secs] 
2024-07-05T02:04:24.242+0800: 4572.953: [GC (Allocation Failure) [PSYoungGen: 82115K->96K(81920K)] 384837K->302825K(560128K), 0.0027197 secs] [Times: user=0.00 sys=0.00, real=0.00 secs] 
2024-07-05T02:04:24.842+0800: 4573.553: [GC (Allocation Failure) [PSYoungGen: 81084K->608K(81920K)] 383813K->303345K(560128K), 0.0022310 secs] [Times: user=0.00 sys=0.00, real=0.00 secs] 
2024-07-05T02:04:25.448+0800: 4574.158: [GC (Allocation Failure) [PSYoungGen: 81068K->64K(80896K)] 383806K->302809K(559104K), 0.0020837 secs] [Times: user=0.00 sys=0.00, real=0.00 secs] 
2024-07-05T02:04:26.043+0800: 4574.754: [GC (Allocation Failure) [PSYoungGen: 80006K->64K(80384K)] 382752K->302809K(558592K), 0.0019609 secs] [Times: user=0.01 sys=0.00, real=0.00 secs] 
2024-07-05T02:04:26.630+0800: 4575.341: [GC (Allocation Failure) [PSYoungGen: 79479K->640K(80384K)] 382225K->303385K(558592K), 0.0020026 secs] [Times: user=0.00 sys=0.00, real=0.00 secs] 
2024-07-05T02:04:27.214+0800: 4575.925: [GC (Allocation Failure) [PSYoungGen: 79534K->64K(79360K)] 382280K->302809K(557568K), 0.0019378 secs] [Times: user=0.00 sys=0.00, real=0.00 secs] 
2024-07-05T02:04:27.795+0800: 4576.505: [GC (Allocation Failure) [PSYoungGen: 78440K->576K(79872K)] 381186K->303329K(558080K), 0.0019955 secs] [Times: user=0.00 sys=0.00, real=0.00 secs] 
2024-07-05T02:04:28.378+0800: 4577.089: [GC (Allocation Failure) [PSYoungGen: 78425K->64K(78336K)] 381179K->302825K(556544K), 0.0030942 secs] [Times: user=0.00 sys=0.00, real=0.00 secs] 
2024-07-05T02:04:28.953+0800: 4577.664: [GC (Allocation Failure) [PSYoungGen: 77396K->64K(78848K)] 380157K->302833K(557056K), 0.0020363 secs] [Times: user=0.00 sys=0.00, real=0.01 secs] 
2024-07-05T02:04:29.664+0800: 4578.375: [GC (Allocation Failure) [PSYoungGen: 77015K->608K(77824K)] 379785K->304409K(556032K), 0.0021456 secs] [Times: user=0.00 sys=0.00, real=0.01 secs] 
2024-07-05T02:04:30.215+0800: 4578.925: [GC (Allocation Failure) [PSYoungGen: 77384K->1120K(77824K)] 381186K->304929K(556032K), 0.0021666 secs] [Times: user=0.01 sys=0.00, real=0.00 secs] 
2024-07-05T02:04:30.766+0800: 4579.477: [GC (Allocation Failure) [PSYoungGen: 77224K->608K(76800K)] 381034K->304425K(555008K), 0.0020630 secs] [Times: user=0.00 sys=0.00, real=0.00 secs] 
2024-07-05T02:04:31.304+0800: 4580.014: [GC (Allocation Failure) [PSYoungGen: 76256K->1120K(76800K)] 380074K->304945K(555008K), 0.0020686 secs] [Times: user=0.01 sys=0.00, real=0.01 secs] 
2024-07-05T02:04:31.838+0800: 4580.549: [GC (Allocation Failure) [PSYoungGen: 76198K->608K(75776K)] 380024K->304441K(553984K), 0.0020720 secs] [Times: user=0.00 sys=0.00, real=0.00 secs] 
2024-07-05T02:04:32.365+0800: 4581.076: [GC (Allocation Failure) [PSYoungGen: 75120K->1120K(75776K)] 378954K->304961K(553984K), 0.0021717 secs] [Times: user=0.00 sys=0.00, real=0.01 secs] 
2024-07-05T02:04:32.906+0800: 4581.617: [GC (Allocation Failure) [PSYoungGen: 75248K->576K(74752K)] 379090K->304425K(552960K), 0.0031595 secs] [Times: user=0.01 sys=0.00, real=0.00 secs] 
2024-07-05T02:04:33.436+0800: 4582.146: [GC (Allocation Failure) [PSYoungGen: 74201K->1120K(74752K)] 378051K->304977K(552960K), 0.0029936 secs] [Times: user=0.00 sys=0.00, real=0.00 secs] 
2024-07-05T02:04:33.985+0800: 4582.695: [GC (Allocation Failure) [PSYoungGen: 74233K->608K(73728K)] 378091K->304985K(551936K), 0.0020815 secs] [Times: user=0.01 sys=0.00, real=0.01 secs] 
2024-07-05T02:04:34.509+0800: 4583.219: [GC (Allocation Failure) [PSYoungGen: 73213K->608K(73216K)] 377591K->304993K(551424K), 0.0020414 secs] [Times: user=0.00 sys=0.00, real=0.00 secs] 
2024-07-05T02:04:35.021+0800: 4583.732: [GC (Allocation Failure) [PSYoungGen: 72696K->608K(72704K)] 377082K->305001K(550912K), 0.0021238 secs] [Times: user=0.00 sys=0.00, real=0.00 secs] 
2024-07-05T02:04:35.529+0800: 4584.239: [GC (Allocation Failure) [PSYoungGen: 72174K->1120K(72704K)] 376568K->305521K(550912K), 0.0024148 secs] [Times: user=0.00 sys=0.00, real=0.00 secs] 
2024-07-05T02:04:36.035+0800: 4584.745: [GC (Allocation Failure) [PSYoungGen: 72167K->608K(71680K)] 376569K->305017K(549888K), 0.0019689 secs] [Times: user=0.00 sys=0.00, real=0.00 secs] 
2024-07-05T02:04:36.533+0800: 4585.243: [GC (Allocation Failure) [PSYoungGen: 71139K->1120K(71680K)] 375549K->305537K(549888K), 0.0020535 secs] [Times: user=0.00 sys=0.00, real=0.01 secs] 
2024-07-05T02:04:37.023+0800: 4585.734: [GC (Allocation Failure) [PSYoungGen: 70821K->608K(70656K)] 375239K->305545K(548864K), 0.0020384 secs] [Times: user=0.00 sys=0.00, real=0.00 secs] 
2024-07-05T02:04:37.528+0800: 4586.239: [GC (Allocation Failure) [PSYoungGen: 70096K->608K(70144K)] 375034K->306074K(548352K), 0.0021838 secs] [Times: user=0.01 sys=0.00, real=0.00 secs] 
2024-07-05T02:04:38.026+0800: 4586.736: [GC (Allocation Failure) [PSYoungGen: 69573K->64K(69120K)] 375039K->305538K(547328K), 0.0031176 secs] [Times: user=0.00 sys=0.00, real=0.00 secs] 
2024-07-05T02:04:38.526+0800: 4587.236: [GC (Allocation Failure) [PSYoungGen: 68507K->80K(69632K)] 373981K->305562K(547840K), 0.0033702 secs] [Times: user=0.01 sys=0.00, real=0.00 secs] 
2024-07-05T02:04:39.023+0800: 4587.734: [GC (Allocation Failure) [PSYoungGen: 67997K->592K(68608K)] 373479K->306082K(546816K), 0.0024818 secs] [Times: user=0.00 sys=0.00, real=0.00 secs] 
2024-07-05T02:04:39.502+0800: 4588.213: [GC (Allocation Failure) [PSYoungGen: 67989K->576K(73216K)] 373479K->306074K(551424K), 0.0031259 secs] [Times: user=0.01 sys=0.00, real=0.00 secs] 
2024-07-05T02:04:40.010+0800: 4588.720: [GC (Allocation Failure) [PSYoungGen: 71840K->64K(76800K)] 377338K->305570K(555008K), 0.0030461 secs] [Times: user=0.00 sys=0.00, real=0.00 secs] 
2024-07-05T02:04:40.544+0800: 4589.254: [GC (Allocation Failure) [PSYoungGen: 75294K->64K(75264K)] 380800K->305578K(553472K), 0.0021259 secs] [Times: user=0.01 sys=0.00, real=0.01 secs] 
2024-07-05T02:04:41.072+0800: 4589.782: [GC (Allocation Failure) [PSYoungGen: 74771K->64K(75264K)] 380285K->305586K(553472K), 0.0020424 secs] [Times: user=0.01 sys=0.00, real=0.01 secs] 
2024-07-05T02:04:41.598+0800: 4590.309: [GC (Allocation Failure) [PSYoungGen: 74249K->640K(74752K)] 379771K->306170K(552960K), 0.0027182 secs] [Times: user=0.01 sys=0.00, real=0.00 secs] 
2024-07-05T02:04:42.126+0800: 4590.837: [GC (Allocation Failure) [PSYoungGen: 74303K->64K(74240K)] 379833K->305602K(552448K), 0.0030893 secs] [Times: user=0.01 sys=0.00, real=0.00 secs] 
2024-07-05T02:04:42.671+0800: 4591.382: [GC (Allocation Failure) [PSYoungGen: 73209K->128K(73216K)] 378747K->305673K(551424K), 0.0022562 secs] [Times: user=0.00 sys=0.00, real=0.00 secs] 
2024-07-05T02:04:43.184+0800: 4591.895: [GC (Allocation Failure) [PSYoungGen: 72746K->608K(73216K)] 378292K->306162K(551424K), 0.0019428 secs] [Times: user=0.01 sys=0.00, real=0.01 secs] 
2024-07-05T02:04:43.700+0800: 4592.411: [GC (Allocation Failure) [PSYoungGen: 72705K->64K(72192K)] 378259K->305626K(550400K), 0.0024567 secs] [Times: user=0.00 sys=0.00, real=0.00 secs] 
2024-07-05T02:04:44.207+0800: 4592.918: [GC (Allocation Failure) [PSYoungGen: 71643K->608K(72192K)] 377205K->306178K(550400K), 0.0019989 secs] [Times: user=0.00 sys=0.00, real=0.00 secs] 
2024-07-05T02:04:44.714+0800: 4593.425: [GC (Allocation Failure) [PSYoungGen: 71660K->608K(71680K)] 377230K->306178K(549888K), 0.0020570 secs] [Times: user=0.01 sys=0.00, real=0.00 secs] 
2024-07-05T02:04:45.214+0800: 4593.925: [GC (Allocation Failure) [PSYoungGen: 71158K->640K(71168K)] 376728K->306218K(549376K), 0.0019755 secs] [Times: user=0.00 sys=0.00, real=0.00 secs] 
2024-07-05T02:04:45.713+0800: 4594.424: [GC (Allocation Failure) [PSYoungGen: 70651K->64K(70144K)] 376229K->305650K(548352K), 0.0020270 secs] [Times: user=0.00 sys=0.00, real=0.01 secs] 
2024-07-05T02:04:46.206+0800: 4594.917: [GC (Allocation Failure) [PSYoungGen: 69553K->608K(70144K)] 375139K->306202K(548352K), 0.0020552 secs] [Times: user=0.01 sys=0.00, real=0.00 secs] 
2024-07-05T02:04:46.702+0800: 4595.413: [GC (Allocation Failure) [PSYoungGen: 69571K->64K(69120K)] 375165K->305666K(547328K), 0.0021843 secs] [Times: user=0.00 sys=0.00, real=0.00 secs] 
2024-07-05T02:04:47.205+0800: 4595.916: [GC (Allocation Failure) [PSYoungGen: 68509K->64K(69120K)] 374111K->305674K(547328K), 0.0022301 secs] [Times: user=0.00 sys=0.00, real=0.01 secs] 
2024-07-05T02:04:47.694+0800: 4596.405: [GC (Allocation Failure) [PSYoungGen: 67983K->608K(68608K)] 373593K->306226K(546816K), 0.0024420 secs] [Times: user=0.00 sys=0.00, real=0.00 secs] 
2024-07-05T02:04:48.190+0800: 4596.901: [GC (Allocation Failure) [PSYoungGen: 68005K->64K(68096K)] 373623K->305690K(546304K), 0.0019470 secs] [Times: user=0.00 sys=0.00, real=0.00 secs] 
2024-07-05T02:04:48.678+0800: 4597.388: [GC (Allocation Failure) [PSYoungGen: 66943K->640K(67584K)] 372569K->306274K(545792K), 0.0026021 secs] [Times: user=0.00 sys=0.00, real=0.00 secs] 
2024-07-05T02:04:49.163+0800: 4597.874: [GC (Allocation Failure) [PSYoungGen: 66993K->608K(67072K)] 372627K->306250K(545280K), 0.0020525 secs] [Times: user=0.00 sys=0.00, real=0.00 secs] 
2024-07-05T02:04:49.640+0800: 4598.350: [GC (Allocation Failure) [PSYoungGen: 66443K->608K(66560K)] 372085K->306258K(544768K), 0.0020401 secs] [Times: user=0.00 sys=0.00, real=0.00 secs] 
2024-07-05T02:04:50.118+0800: 4598.829: [GC (Allocation Failure) [PSYoungGen: 66045K->96K(66048K)] 371695K->305753K(544256K), 0.0021583 secs] [Times: user=0.01 sys=0.00, real=0.00 secs] 
2024-07-05T02:04:50.592+0800: 4599.302: [GC (Allocation Failure) [PSYoungGen: 64882K->608K(65536K)] 370540K->306274K(543744K), 0.0023931 secs] [Times: user=0.00 sys=0.00, real=0.01 secs] 
2024-07-05T02:04:51.066+0800: 4599.777: [GC (Allocation Failure) [PSYoungGen: 64994K->576K(65024K)] 370660K->306250K(543232K), 0.0032918 secs] [Times: user=0.01 sys=0.00, real=0.00 secs] 
2024-07-05T02:04:51.534+0800: 4600.245: [GC (Allocation Failure) [PSYoungGen: 64435K->64K(65536K)] 370109K->305746K(543744K), 0.0031678 secs] [Times: user=0.00 sys=0.00, real=0.00 secs] 
2024-07-05T02:04:52.010+0800: 4600.721: [GC (Allocation Failure) [PSYoungGen: 63919K->576K(64512K)] 369601K->306266K(542720K), 0.0021822 secs] [Times: user=0.00 sys=0.00, real=0.00 secs] 
2024-07-05T02:04:52.473+0800: 4601.184: [GC (Allocation Failure) [PSYoungGen: 63911K->96K(63488K)] 369601K->305793K(541696K), 0.0020292 secs] [Times: user=0.00 sys=0.00, real=0.01 secs] 
2024-07-05T02:04:52.930+0800: 4601.641: [GC (Allocation Failure) [PSYoungGen: 62913K->96K(62976K)] 368611K->305801K(541184K), 0.0019635 secs] [Times: user=0.01 sys=0.00, real=0.00 secs] 
2024-07-05T02:04:53.382+0800: 4602.093: [GC (Allocation Failure) [PSYoungGen: 62560K->96K(63488K)] 368265K->305809K(541696K), 0.0018989 secs] [Times: user=0.00 sys=0.00, real=0.00 secs] 
2024-07-05T02:04:53.837+0800: 4602.548: [GC (Allocation Failure) [PSYoungGen: 61873K->576K(62464K)] 367587K->306298K(540672K), 0.0022345 secs] [Times: user=0.00 sys=0.00, real=0.00 secs] 
2024-07-05T02:04:54.290+0800: 4603.001: [GC (Allocation Failure) [PSYoungGen: 61914K->64K(61440K)] 367636K->305794K(539648K), 0.0031089 secs] [Times: user=0.01 sys=0.00, real=0.00 secs] 
2024-07-05T02:04:54.734+0800: 4603.445: [GC (Allocation Failure) [PSYoungGen: 60873K->576K(69632K)] 366603K->306314K(547840K), 0.0036731 secs] [Times: user=0.01 sys=0.00, real=0.00 secs] 
2024-07-05T02:04:55.234+0800: 4603.945: [GC (Allocation Failure) [PSYoungGen: 68497K->576K(69632K)] 374235K->306322K(547840K), 0.0033612 secs] [Times: user=0.00 sys=0.00, real=0.00 secs] 
2024-07-05T02:04:55.729+0800: 4604.440: [GC (Allocation Failure) [PSYoungGen: 68500K->96K(77312K)] 374246K->305849K(555520K), 0.0030692 secs] [Times: user=0.00 sys=0.00, real=0.00 secs] 
2024-07-05T02:04:56.275+0800: 4604.985: [GC (Allocation Failure) [PSYoungGen: 75853K->640K(77312K)] 381607K->306402K(555520K), 0.0036486 secs] [Times: user=0.00 sys=0.00, real=0.00 secs] 
2024-07-05T02:04:56.824+0800: 4605.535: [GC (Allocation Failure) [PSYoungGen: 76391K->576K(84992K)] 382153K->306346K(563200K), 0.0021997 secs] [Times: user=0.01 sys=0.00, real=0.01 secs] 
2024-07-05T02:04:57.430+0800: 4606.140: [GC (Allocation Failure) [PSYoungGen: 84175K->64K(83456K)] 389945K->305842K(561664K), 0.0019541 secs] [Times: user=0.00 sys=0.00, real=0.00 secs] 
2024-07-05T02:04:58.025+0800: 4606.736: [GC (Allocation Failure) [PSYoungGen: 82617K->64K(82944K)] 388395K->305850K(561152K), 0.0033387 secs] [Times: user=0.00 sys=0.00, real=0.01 secs] 
2024-07-05T02:04:58.619+0800: 4607.329: [GC (Allocation Failure) [PSYoungGen: 82091K->128K(83456K)] 387877K->305921K(561664K), 0.0031773 secs] [Times: user=0.00 sys=0.00, real=0.00 secs] 
2024-07-05T02:04:59.211+0800: 4607.922: [GC (Allocation Failure) [PSYoungGen: 81633K->128K(81920K)] 387427K->305929K(560128K), 0.0025460 secs] [Times: user=0.00 sys=0.00, real=0.00 secs] 
2024-07-05T02:04:59.794+0800: 4608.505: [GC (Allocation Failure) [PSYoungGen: 81111K->592K(81920K)] 386913K->306402K(560128K), 0.0033399 secs] [Times: user=0.00 sys=0.00, real=0.00 secs] 
2024-07-05T02:05:00.386+0800: 4609.097: [GC (Allocation Failure) [PSYoungGen: 81053K->64K(80896K)] 386863K->305882K(559104K), 0.0019441 secs] [Times: user=0.00 sys=0.00, real=0.00 secs] 
2024-07-05T02:05:00.975+0800: 4609.686: [GC (Allocation Failure) [PSYoungGen: 80007K->640K(80896K)] 385825K->306466K(559104K), 0.0020440 secs] [Times: user=0.01 sys=0.00, real=0.00 secs] 
2024-07-05T02:05:01.560+0800: 4610.271: [GC (Allocation Failure) [PSYoungGen: 80056K->576K(80384K)] 385882K->306402K(558592K), 0.0035175 secs] [Times: user=0.01 sys=0.00, real=0.00 secs] 
2024-07-05T02:05:02.133+0800: 4610.843: [GC (Allocation Failure) [PSYoungGen: 79474K->608K(79872K)] 385300K->306442K(558080K), 0.0020074 secs] [Times: user=0.00 sys=0.00, real=0.01 secs] 
2024-07-05T02:05:02.698+0800: 4611.409: [GC (Allocation Failure) [PSYoungGen: 78982K->608K(79360K)] 384816K->306442K(557568K), 0.0031838 secs] [Times: user=0.00 sys=0.00, real=0.00 secs] 
2024-07-05T02:05:03.262+0800: 4611.972: [GC (Allocation Failure) [PSYoungGen: 78460K->64K(78336K)] 384294K->305906K(556544K), 0.0031317 secs] [Times: user=0.00 sys=0.00, real=0.00 secs] 
2024-07-05T02:05:03.825+0800: 4612.536: [GC (Allocation Failure) [PSYoungGen: 77393K->64K(77824K)] 383235K->305914K(556032K), 0.0020213 secs] [Times: user=0.00 sys=0.00, real=0.01 secs] 
2024-07-05T02:05:04.378+0800: 4613.089: [GC (Allocation Failure) [PSYoungGen: 76868K->64K(78336K)] 382718K->305914K(556544K), 0.0018661 secs] [Times: user=0.00 sys=0.00, real=0.00 secs] 
2024-07-05T02:05:04.930+0800: 4613.641: [GC (Allocation Failure) [PSYoungGen: 76859K->80K(76800K)] 382709K->305930K(555008K), 0.0030987 secs] [Times: user=0.01 sys=0.00, real=0.00 secs] 
2024-07-05T02:05:05.483+0800: 4614.193: [GC (Allocation Failure) [PSYoungGen: 76353K->64K(76800K)] 382203K->305922K(555008K), 0.0020044 secs] [Times: user=0.00 sys=0.00, real=0.00 secs] 
2024-07-05T02:05:06.028+0800: 4614.738: [GC (Allocation Failure) [PSYoungGen: 75815K->80K(75776K)] 381673K->305938K(553984K), 0.0031229 secs] [Times: user=0.01 sys=0.00, real=0.00 secs] 
2024-07-05T02:05:06.571+0800: 4615.281: [GC (Allocation Failure) [PSYoungGen: 75310K->608K(75776K)] 381168K->306474K(553984K), 0.0032654 secs] [Times: user=0.00 sys=0.00, real=0.01 secs] 
2024-07-05T02:05:07.118+0800: 4615.829: [GC (Allocation Failure) [PSYoungGen: 75317K->128K(74752K)] 381183K->306001K(552960K), 0.0027382 secs] [Times: user=0.00 sys=0.00, real=0.00 secs] 
2024-07-05T02:05:07.655+0800: 4616.365: [GC (Allocation Failure) [PSYoungGen: 74318K->64K(74752K)] 380192K->305946K(552960K), 0.0031458 secs] [Times: user=0.00 sys=0.00, real=0.00 secs] 
2024-07-05T02:05:08.186+0800: 4616.897: [GC (Allocation Failure) [PSYoungGen: 73727K->608K(74240K)] 379609K->306498K(552448K), 0.0019690 secs] [Times: user=0.00 sys=0.00, real=0.00 secs] 
2024-07-05T02:05:08.722+0800: 4617.433: [GC (Allocation Failure) [PSYoungGen: 73749K->128K(73216K)] 379639K->306025K(551424K), 0.0019543 secs] [Times: user=0.00 sys=0.00, real=0.00 secs] 
2024-07-05T02:05:09.258+0800: 4617.969: [GC (Allocation Failure) [PSYoungGen: 72751K->608K(73216K)] 378649K->306514K(551424K), 0.0019626 secs] [Times: user=0.01 sys=0.00, real=0.00 secs] 
2024-07-05T02:05:09.780+0800: 4618.491: [GC (Allocation Failure) [PSYoungGen: 72704K->96K(72192K)] 378610K->306009K(550400K), 0.0020410 secs] [Times: user=0.00 sys=0.00, real=0.00 secs] 
2024-07-05T02:05:10.302+0800: 4619.012: [GC (Allocation Failure) [PSYoungGen: 71674K->640K(72192K)] 377588K->306562K(550400K), 0.0020182 secs] [Times: user=0.00 sys=0.00, real=0.00 secs] 
2024-07-05T02:05:10.814+0800: 4619.525: [GC (Allocation Failure) [PSYoungGen: 71378K->608K(71680K)] 377300K->306538K(549888K), 0.0019861 secs] [Times: user=0.00 sys=0.00, real=0.00 secs] 
2024-07-05T02:05:11.329+0800: 4620.040: [GC (Allocation Failure) [PSYoungGen: 71138K->64K(70656K)] 377068K->306002K(548864K), 0.0019899 secs] [Times: user=0.00 sys=0.00, real=0.00 secs] 
2024-07-05T02:05:11.834+0800: 4620.545: [GC (Allocation Failure) [PSYoungGen: 70075K->64K(71168K)] 376013K->306010K(549376K), 0.0026840 secs] [Times: user=0.01 sys=0.00, real=0.00 secs] 
2024-07-05T02:05:12.342+0800: 4621.052: [GC (Allocation Failure) [PSYoungGen: 69549K->640K(70144K)] 375495K->306594K(548352K), 0.0019659 secs] [Times: user=0.00 sys=0.00, real=0.00 secs] 
2024-07-05T02:05:12.848+0800: 4621.559: [GC (Allocation Failure) [PSYoungGen: 69604K->64K(69120K)] 375558K->306026K(547328K), 0.0020023 secs] [Times: user=0.01 sys=0.00, real=0.00 secs] 
2024-07-05T02:05:13.343+0800: 4622.053: [GC (Allocation Failure) [PSYoungGen: 68510K->64K(68608K)] 374472K->306034K(546816K), 0.0019880 secs] [Times: user=0.00 sys=0.00, real=0.00 secs] 
2024-07-05T02:05:13.837+0800: 4622.548: [GC (Allocation Failure) [PSYoungGen: 67983K->128K(68608K)] 373953K->306105K(546816K), 0.0019625 secs] [Times: user=0.00 sys=0.00, real=0.00 secs] 
2024-07-05T02:05:14.334+0800: 4623.045: [GC (Allocation Failure) [PSYoungGen: 67529K->128K(67584K)] 373507K->306113K(545792K), 0.0022248 secs] [Times: user=0.00 sys=0.00, real=0.00 secs] 
2024-07-05T02:05:14.819+0800: 4623.530: [GC (Allocation Failure) [PSYoungGen: 67003K->128K(67584K)] 372989K->306121K(545792K), 0.0018616 secs] [Times: user=0.00 sys=0.00, real=0.00 secs] 
2024-07-05T02:05:15.299+0800: 4624.010: [GC (Allocation Failure) [PSYoungGen: 66481K->640K(67072K)] 372475K->306642K(545280K), 0.0019788 secs] [Times: user=0.00 sys=0.00, real=0.00 secs] 
2024-07-05T02:05:15.795+0800: 4624.506: [GC (Allocation Failure) [PSYoungGen: 66472K->128K(66048K)] 372474K->306137K(544256K), 0.0027968 secs] [Times: user=0.00 sys=0.00, real=0.00 secs] 
2024-07-05T02:05:16.268+0800: 4624.978: [GC (Allocation Failure) [PSYoungGen: 65442K->576K(66048K)] 371452K->306594K(544256K), 0.0027365 secs] [Times: user=0.00 sys=0.00, real=0.00 secs] 
2024-07-05T02:05:16.737+0800: 4625.448: [GC (Allocation Failure) [PSYoungGen: 65363K->64K(65024K)] 371381K->306090K(543232K), 0.0021873 secs] [Times: user=0.00 sys=0.00, real=0.00 secs] 
2024-07-05T02:05:17.202+0800: 4625.913: [GC (Allocation Failure) [PSYoungGen: 64333K->64K(64512K)] 370359K->306098K(542720K), 0.0031013 secs] [Times: user=0.00 sys=0.00, real=0.00 secs] 
2024-07-05T02:05:17.673+0800: 4626.384: [GC (Allocation Failure) [PSYoungGen: 63929K->608K(64512K)] 369963K->306650K(542720K), 0.0021616 secs] [Times: user=0.00 sys=0.00, real=0.01 secs] 
2024-07-05T02:05:18.131+0800: 4626.841: [GC (Allocation Failure) [PSYoungGen: 64073K->608K(64000K)] 370115K->306658K(542208K), 0.0019975 secs] [Times: user=0.01 sys=0.00, real=0.00 secs] 
2024-07-05T02:05:18.589+0800: 4627.300: [GC (Allocation Failure) [PSYoungGen: 63548K->96K(62976K)] 369598K->306153K(541184K), 0.0020491 secs] [Times: user=0.00 sys=0.00, real=0.00 secs] 
2024-07-05T02:05:19.046+0800: 4627.757: [GC (Allocation Failure) [PSYoungGen: 62505K->640K(70144K)] 368563K->306706K(548352K), 0.0034165 secs] [Times: user=0.00 sys=0.00, real=0.00 secs] 
2024-07-05T02:05:19.550+0800: 4628.261: [GC (Allocation Failure) [PSYoungGen: 69606K->128K(71680K)] 375672K->306201K(549888K), 0.0033808 secs] [Times: user=0.00 sys=0.00, real=0.00 secs] 
2024-07-05T02:05:20.063+0800: 4628.774: [GC (Allocation Failure) [PSYoungGen: 70140K->64K(70144K)] 376214K->306146K(548352K), 0.0019105 secs] [Times: user=0.00 sys=0.00, real=0.00 secs] 
2024-07-05T02:05:20.573+0800: 4629.284: [GC (Allocation Failure) [PSYoungGen: 69550K->128K(70144K)] 375632K->306217K(548352K), 0.0019287 secs] [Times: user=0.01 sys=0.00, real=0.01 secs] 
2024-07-05T02:05:21.066+0800: 4629.777: [GC (Allocation Failure) [PSYoungGen: 69092K->128K(69120K)] 375182K->306225K(547328K), 0.0024456 secs] [Times: user=0.00 sys=0.00, real=0.00 secs] 
2024-07-05T02:05:21.556+0800: 4630.266: [GC (Allocation Failure) [PSYoungGen: 68570K->576K(69120K)] 374668K->306682K(547328K), 0.0030885 secs] [Times: user=0.00 sys=0.00, real=0.00 secs] 
2024-07-05T02:05:22.066+0800: 4630.777: [GC (Allocation Failure) [PSYoungGen: 68497K->608K(68608K)] 374603K->306722K(546816K), 0.0023027 secs] [Times: user=0.01 sys=0.00, real=0.00 secs] 
2024-07-05T02:05:22.562+0800: 4631.273: [GC (Allocation Failure) [PSYoungGen: 68010K->64K(75264K)] 374124K->306186K(553472K), 0.0031354 secs] [Times: user=0.01 sys=0.00, real=0.00 secs] 
2024-07-05T02:05:23.092+0800: 4631.803: [GC (Allocation Failure) [PSYoungGen: 74777K->64K(74752K)] 380899K->306194K(552960K), 0.0019528 secs] [Times: user=0.00 sys=0.00, real=0.01 secs] 
2024-07-05T02:05:23.618+0800: 4632.329: [GC (Allocation Failure) [PSYoungGen: 74249K->64K(74752K)] 380379K->306202K(552960K), 0.0031685 secs] [Times: user=0.00 sys=0.00, real=0.00 secs] 
2024-07-05T02:05:24.142+0800: 4632.853: [GC (Allocation Failure) [PSYoungGen: 73728K->592K(75776K)] 379866K->306738K(553984K), 0.0037449 secs] [Times: user=0.00 sys=0.00, real=0.01 secs] 
2024-07-05T02:05:24.674+0800: 4633.385: [GC (Allocation Failure) [PSYoungGen: 75301K->64K(74752K)] 381447K->306218K(552960K), 0.0019353 secs] [Times: user=0.00 sys=0.00, real=0.00 secs] 
2024-07-05T02:05:25.201+0800: 4633.911: [GC (Allocation Failure) [PSYoungGen: 74254K->608K(74752K)] 380408K->306770K(552960K), 0.0021574 secs] [Times: user=0.00 sys=0.00, real=0.00 secs] 
2024-07-05T02:05:25.726+0800: 4634.437: [GC (Allocation Failure) [PSYoungGen: 74271K->64K(73728K)] 380433K->306234K(551936K), 0.0019640 secs] [Times: user=0.00 sys=0.00, real=0.00 secs] 
2024-07-05T02:05:26.254+0800: 4634.965: [GC (Allocation Failure) [PSYoungGen: 73209K->576K(73728K)] 379379K->306754K(551936K), 0.0020684 secs] [Times: user=0.00 sys=0.00, real=0.00 secs] 
2024-07-05T02:05:26.783+0800: 4635.494: [GC (Allocation Failure) [PSYoungGen: 73198K->64K(72704K)] 379375K->306242K(550912K), 0.0019413 secs] [Times: user=0.00 sys=0.00, real=0.00 secs] 
2024-07-05T02:05:27.310+0800: 4636.021: [GC (Allocation Failure) [PSYoungGen: 72163K->128K(72192K)] 378341K->306305K(550400K), 0.0019543 secs] [Times: user=0.00 sys=0.00, real=0.00 secs] 
2024-07-05T02:05:27.827+0800: 4636.538: [GC (Allocation Failure) [PSYoungGen: 71701K->128K(72192K)] 377879K->306313K(550400K), 0.0030848 secs] [Times: user=0.01 sys=0.00, real=0.00 secs] 
2024-07-05T02:05:28.342+0800: 4637.053: [GC (Allocation Failure) [PSYoungGen: 71180K->608K(71680K)] 377366K->306802K(549888K), 0.0020110 secs] [Times: user=0.00 sys=0.00, real=0.00 secs] 
2024-07-05T02:05:28.865+0800: 4637.576: [GC (Allocation Failure) [PSYoungGen: 71139K->640K(71168K)] 377333K->306842K(549376K), 0.0020268 secs] [Times: user=0.00 sys=0.00, real=0.01 secs] 
2024-07-05T02:05:29.382+0800: 4638.093: [GC (Allocation Failure) [PSYoungGen: 70652K->96K(70144K)] 376854K->306818K(548352K), 0.0020029 secs] [Times: user=0.00 sys=0.00, real=0.00 secs] 
2024-07-05T02:05:29.883+0800: 4638.594: [GC (Allocation Failure) [PSYoungGen: 69585K->640K(70144K)] 376307K->307370K(548352K), 0.0019342 secs] [Times: user=0.00 sys=0.00, real=0.00 secs] 
2024-07-05T02:05:30.386+0800: 4639.097: [GC (Allocation Failure) [PSYoungGen: 69606K->64K(69120K)] 376336K->306802K(547328K), 0.0021463 secs] [Times: user=0.00 sys=0.00, real=0.00 secs] 
2024-07-05T02:05:30.886+0800: 4639.597: [GC (Allocation Failure) [PSYoungGen: 68508K->576K(69632K)] 375246K->307322K(547840K), 0.0030966 secs] [Times: user=0.00 sys=0.00, real=0.00 secs] 
2024-07-05T02:05:31.385+0800: 4640.096: [GC (Allocation Failure) [PSYoungGen: 68494K->128K(68096K)] 375240K->306882K(546304K), 0.0022940 secs] [Times: user=0.01 sys=0.00, real=0.01 secs] 
2024-07-05T02:05:31.865+0800: 4640.576: [GC (Allocation Failure) [PSYoungGen: 67529K->608K(68096K)] 374283K->307370K(546304K), 0.0020806 secs] [Times: user=0.01 sys=0.00, real=0.01 secs] 
2024-07-05T02:05:32.365+0800: 4641.075: [GC (Allocation Failure) [PSYoungGen: 67482K->608K(67584K)] 374244K->307378K(545792K), 0.0020688 secs] [Times: user=0.00 sys=0.00, real=0.01 secs] 
2024-07-05T02:05:32.858+0800: 4641.569: [GC (Allocation Failure) [PSYoungGen: 66965K->64K(66560K)] 373735K->306842K(544768K), 0.0021036 secs] [Times: user=0.01 sys=0.00, real=0.00 secs] 
2024-07-05T02:05:33.345+0800: 4642.056: [GC (Allocation Failure) [PSYoungGen: 65898K->640K(66560K)] 372676K->307426K(544768K), 0.0022679 secs] [Times: user=0.00 sys=0.00, real=0.01 secs] 
2024-07-05T02:05:33.842+0800: 4642.553: [GC (Allocation Failure) [PSYoungGen: 66062K->64K(65536K)] 372848K->306858K(543744K), 0.0020897 secs] [Times: user=0.00 sys=0.00, real=0.00 secs] 
2024-07-05T02:05:34.323+0800: 4643.033: [GC (Allocation Failure) [PSYoungGen: 64954K->608K(65536K)] 371748K->307410K(543744K), 0.0020796 secs] [Times: user=0.00 sys=0.00, real=0.00 secs] 
2024-07-05T02:05:34.799+0800: 4643.509: [GC (Allocation Failure) [PSYoungGen: 64990K->576K(65024K)] 371792K->307386K(543232K), 0.0022773 secs] [Times: user=0.00 sys=0.00, real=0.00 secs] 
2024-07-05T02:05:35.271+0800: 4643.981: [GC (Allocation Failure) [PSYoungGen: 64442K->128K(64000K)] 371252K->306946K(542208K), 0.0020332 secs] [Times: user=0.00 sys=0.00, real=0.00 secs] 
2024-07-05T02:05:35.739+0800: 4644.449: [GC (Allocation Failure) [PSYoungGen: 63458K->128K(64512K)] 370276K->306954K(542720K), 0.0018805 secs] [Times: user=0.01 sys=0.00, real=0.00 secs] 
2024-07-05T02:05:36.208+0800: 4644.918: [GC (Allocation Failure) [PSYoungGen: 63060K->128K(62976K)] 369886K->306962K(541184K), 0.0020498 secs] [Times: user=0.00 sys=0.00, real=0.00 secs] 
2024-07-05T02:05:36.670+0800: 4645.381: [GC (Allocation Failure) [PSYoungGen: 62520K->576K(62976K)] 369354K->307418K(541184K), 0.0036061 secs] [Times: user=0.01 sys=0.00, real=0.01 secs] 
2024-07-05T02:05:37.130+0800: 4645.841: [GC (Allocation Failure) [PSYoungGen: 62453K->64K(61952K)] 369295K->306914K(540160K), 0.0019413 secs] [Times: user=0.00 sys=0.00, real=0.00 secs] 
2024-07-05T02:05:37.585+0800: 4646.296: [GC (Allocation Failure) [PSYoungGen: 61309K->640K(61952K)] 368159K->307498K(540160K), 0.0020331 secs] [Times: user=0.01 sys=0.00, real=0.01 secs] 
2024-07-05T02:05:38.038+0800: 4646.749: [GC (Allocation Failure) [PSYoungGen: 61442K->64K(60928K)] 368300K->306930K(539136K), 0.0020762 secs] [Times: user=0.00 sys=0.00, real=0.00 secs] 
2024-07-05T02:05:38.485+0800: 4647.196: [GC (Allocation Failure) [PSYoungGen: 60334K->640K(61440K)] 367200K->307514K(539648K), 0.0022255 secs] [Times: user=0.01 sys=0.00, real=0.01 secs] 
2024-07-05T02:05:38.932+0800: 4647.643: [GC (Allocation Failure) [PSYoungGen: 60387K->128K(59904K)] 367261K->307010K(538112K), 0.0026995 secs] [Times: user=0.00 sys=0.00, real=0.01 secs] 
2024-07-05T02:05:39.375+0800: 4648.086: [GC (Allocation Failure) [PSYoungGen: 59349K->64K(60416K)] 366231K->306954K(538624K), 0.0020659 secs] [Times: user=0.01 sys=0.00, real=0.00 secs] 
2024-07-05T02:05:39.794+0800: 4648.505: [GC (Allocation Failure) [PSYoungGen: 58792K->64K(58880K)] 365682K->306962K(537088K), 0.0020872 secs] [Times: user=0.01 sys=0.00, real=0.00 secs] 
2024-07-05T02:05:40.230+0800: 4648.941: [GC (Allocation Failure) [PSYoungGen: 58237K->64K(58880K)] 365135K->306970K(537088K), 0.0019061 secs] [Times: user=0.00 sys=0.00, real=0.00 secs] 
2024-07-05T02:05:40.647+0800: 4649.358: [GC (Allocation Failure) [PSYoungGen: 57705K->608K(58368K)] 364611K->307522K(536576K), 0.0019892 secs] [Times: user=0.00 sys=0.00, real=0.00 secs] 
2024-07-05T02:05:41.074+0800: 4649.785: [GC (Allocation Failure) [PSYoungGen: 57565K->96K(57344K)] 364479K->307018K(535552K), 0.0019900 secs] [Times: user=0.01 sys=0.00, real=0.00 secs] 
2024-07-05T02:05:41.498+0800: 4650.209: [GC (Allocation Failure) [PSYoungGen: 56708K->128K(57344K)] 363630K->307058K(535552K), 0.0019239 secs] [Times: user=0.00 sys=0.00, real=0.00 secs] 
2024-07-05T02:05:41.918+0800: 4650.629: [GC (Allocation Failure) [PSYoungGen: 56960K->64K(57856K)] 363890K->307002K(536064K), 0.0020075 secs] [Times: user=0.00 sys=0.00, real=0.00 secs] 
2024-07-05T02:05:42.322+0800: 4651.032: [GC (Allocation Failure) [PSYoungGen: 56704K->64K(57344K)] 363642K->307010K(535552K), 0.0020134 secs] [Times: user=0.01 sys=0.00, real=0.00 secs] 
2024-07-05T02:05:42.722+0800: 4651.433: [GC (Allocation Failure) [PSYoungGen: 56671K->128K(57856K)] 363617K->307082K(536064K), 0.0018901 secs] [Times: user=0.00 sys=0.00, real=0.00 secs] 
2024-07-05T02:05:43.122+0800: 4651.833: [GC (Allocation Failure) [PSYoungGen: 56682K->64K(62464K)] 363636K->307026K(540672K), 0.0031127 secs] [Times: user=0.00 sys=0.00, real=0.00 secs] 
2024-07-05T02:05:43.595+0800: 4652.306: [GC (Allocation Failure) [PSYoungGen: 61436K->640K(61952K)] 368398K->307610K(540160K), 0.0020011 secs] [Times: user=0.00 sys=0.00, real=0.00 secs] 
2024-07-05T02:05:44.027+0800: 4652.738: [GC (Allocation Failure) [PSYoungGen: 61447K->128K(60928K)] 368417K->307618K(539136K), 0.0019285 secs] [Times: user=0.01 sys=0.00, real=0.00 secs] 
2024-07-05T02:05:44.456+0800: 4653.167: [GC (Allocation Failure) [PSYoungGen: 60325K->64K(61952K)] 367815K->307562K(540160K), 0.0028050 secs] [Times: user=0.01 sys=0.00, real=0.00 secs] 
2024-07-05T02:05:44.885+0800: 4653.596: [GC (Allocation Failure) [PSYoungGen: 60765K->608K(68096K)] 368263K->308114K(546304K), 0.0021943 secs] [Times: user=0.01 sys=0.00, real=0.01 secs] 
2024-07-05T02:05:45.384+0800: 4654.094: [GC (Allocation Failure) [PSYoungGen: 67477K->64K(68096K)] 374983K->307578K(546304K), 0.0029867 secs] [Times: user=0.01 sys=0.00, real=0.01 secs] 
2024-07-05T02:05:45.861+0800: 4654.571: [GC (Allocation Failure) [PSYoungGen: 66942K->576K(67584K)] 374456K->308098K(545792K), 0.0021384 secs] [Times: user=0.00 sys=0.00, real=0.00 secs] 
2024-07-05T02:05:46.334+0800: 4655.045: [GC (Allocation Failure) [PSYoungGen: 66928K->96K(74240K)] 374450K->307626K(552448K), 0.0034950 secs] [Times: user=0.00 sys=0.00, real=0.00 secs] 
2024-07-05T02:05:46.863+0800: 4655.573: [GC (Allocation Failure) [PSYoungGen: 73764K->64K(73728K)] 381294K->307602K(551936K), 0.0019690 secs] [Times: user=0.00 sys=0.00, real=0.00 secs] 
2024-07-05T02:05:47.389+0800: 4656.100: [GC (Allocation Failure) [PSYoungGen: 73205K->128K(73728K)] 380743K->307666K(551936K), 0.0019888 secs] [Times: user=0.00 sys=0.00, real=0.00 secs] 
2024-07-05T02:05:47.909+0800: 4656.620: [GC (Allocation Failure) [PSYoungGen: 72748K->128K(72704K)] 380286K->307674K(550912K), 0.0020304 secs] [Times: user=0.00 sys=0.00, real=0.00 secs] 
2024-07-05T02:05:48.422+0800: 4657.132: [GC (Allocation Failure) [PSYoungGen: 72226K->640K(72704K)] 379772K->308194K(550912K), 0.0021335 secs] [Times: user=0.00 sys=0.00, real=0.00 secs] 
2024-07-05T02:05:48.932+0800: 4657.642: [GC (Allocation Failure) [PSYoungGen: 72216K->128K(71680K)] 379770K->307682K(549888K), 0.0020021 secs] [Times: user=0.01 sys=0.00, real=0.01 secs] 
2024-07-05T02:05:49.446+0800: 4658.157: [GC (Allocation Failure) [PSYoungGen: 71185K->608K(71680K)] 378739K->308170K(549888K), 0.0019901 secs] [Times: user=0.01 sys=0.00, real=0.00 secs] 
2024-07-05T02:05:49.953+0800: 4658.664: [GC (Allocation Failure) [PSYoungGen: 71138K->64K(70656K)] 378700K->307634K(548864K), 0.0022071 secs] [Times: user=0.00 sys=0.00, real=0.01 secs] 
2024-07-05T02:05:50.466+0800: 4659.177: [GC (Allocation Failure) [PSYoungGen: 70076K->576K(70656K)] 377646K->308154K(548864K), 0.0033167 secs] [Times: user=0.00 sys=0.00, real=0.00 secs] 
2024-07-05T02:05:50.978+0800: 4659.689: [GC (Allocation Failure) [PSYoungGen: 70061K->128K(69632K)] 377639K->307714K(547840K), 0.0025921 secs] [Times: user=0.00 sys=0.00, real=0.00 secs] 
2024-07-05T02:05:51.466+0800: 4660.177: [GC (Allocation Failure) [PSYoungGen: 69096K->576K(69632K)] 376682K->308170K(547840K), 0.0026098 secs] [Times: user=0.00 sys=0.00, real=0.00 secs] 
2024-07-05T02:05:51.956+0800: 4660.666: [GC (Allocation Failure) [PSYoungGen: 69017K->640K(69120K)] 376611K->308242K(547328K), 0.0019085 secs] [Times: user=0.00 sys=0.00, real=0.00 secs] 
2024-07-05T02:05:52.441+0800: 4661.152: [GC (Allocation Failure) [PSYoungGen: 68736K->64K(68096K)] 376338K->307674K(546304K), 0.0020471 secs] [Times: user=0.00 sys=0.00, real=0.00 secs] 
2024-07-05T02:05:52.918+0800: 4661.629: [GC (Allocation Failure) [PSYoungGen: 67468K->608K(68096K)] 375078K->308226K(546304K), 0.0019025 secs] [Times: user=0.01 sys=0.00, real=0.00 secs] 
2024-07-05T02:05:53.393+0800: 4662.104: [GC (Allocation Failure) [PSYoungGen: 67480K->128K(68096K)] 375098K->307754K(546304K), 0.0019962 secs] [Times: user=0.00 sys=0.00, real=0.01 secs] 
2024-07-05T02:05:53.877+0800: 4662.588: [GC (Allocation Failure) [PSYoungGen: 66483K->640K(67072K)] 374109K->308274K(545280K), 0.0019898 secs] [Times: user=0.01 sys=0.00, real=0.00 secs] 
2024-07-05T02:05:54.356+0800: 4663.066: [GC (Allocation Failure) [PSYoungGen: 66470K->64K(66048K)] 374104K->307706K(544256K), 0.0018837 secs] [Times: user=0.00 sys=0.00, real=0.00 secs] 
2024-07-05T02:05:54.861+0800: 4663.572: [GC (Allocation Failure) [PSYoungGen: 65376K->64K(65536K)] 373018K->307714K(543744K), 0.0032242 secs] [Times: user=0.01 sys=0.00, real=0.00 secs] 
2024-07-05T02:05:55.328+0800: 4664.038: [GC (Allocation Failure) [PSYoungGen: 64850K->128K(65536K)] 372500K->307786K(543744K), 0.0019545 secs] [Times: user=0.01 sys=0.00, real=0.00 secs] 
2024-07-05T02:05:55.782+0800: 4664.493: [GC (Allocation Failure) [PSYoungGen: 64393K->608K(65024K)] 372051K->308274K(543232K), 0.0018893 secs] [Times: user=0.01 sys=0.00, real=0.00 secs] 
2024-07-05T02:05:56.237+0800: 4664.948: [GC (Allocation Failure) [PSYoungGen: 64474K->64K(64000K)] 372140K->307738K(542208K), 0.0019193 secs] [Times: user=0.00 sys=0.00, real=0.00 secs] 
2024-07-05T02:05:56.685+0800: 4665.395: [GC (Allocation Failure) [PSYoungGen: 63405K->608K(64000K)] 371079K->308290K(542208K), 0.0020384 secs] [Times: user=0.01 sys=0.00, real=0.01 secs] 
2024-07-05T02:05:57.131+0800: 4665.842: [GC (Allocation Failure) [PSYoungGen: 63533K->608K(63488K)] 371215K->308298K(541696K), 0.0020100 secs] [Times: user=0.01 sys=0.00, real=0.00 secs] 
2024-07-05T02:05:57.598+0800: 4666.309: [GC (Allocation Failure) [PSYoungGen: 63002K->64K(62464K)] 370692K->307762K(540672K), 0.0020579 secs] [Times: user=0.00 sys=0.00, real=0.00 secs] 
2024-07-05T02:05:58.046+0800: 4666.757: [GC (Allocation Failure) [PSYoungGen: 61942K->64K(62976K)] 369640K->307770K(541184K), 0.0018701 secs] [Times: user=0.00 sys=0.00, real=0.00 secs] 
2024-07-05T02:05:58.480+0800: 4667.190: [GC (Allocation Failure) [PSYoungGen: 61410K->128K(61440K)] 369116K->307842K(539648K), 0.0019833 secs] [Times: user=0.00 sys=0.00, real=0.00 secs] 
2024-07-05T02:05:58.910+0800: 4667.621: [GC (Allocation Failure) [PSYoungGen: 60949K->608K(61440K)] 368663K->308330K(539648K), 0.0039018 secs] [Times: user=0.01 sys=0.00, real=0.01 secs] 
2024-07-05T02:05:59.342+0800: 4668.053: [GC (Allocation Failure) [PSYoungGen: 60886K->640K(67072K)] 368608K->308370K(545280K), 0.0027501 secs] [Times: user=0.01 sys=0.00, real=0.00 secs] 
2024-07-05T02:05:59.810+0800: 4668.521: [GC (Allocation Failure) [PSYoungGen: 66472K->576K(67584K)] 374202K->308314K(545792K), 0.0031542 secs] [Times: user=0.01 sys=0.00, real=0.00 secs] 
2024-07-05T02:06:00.282+0800: 4668.993: [GC (Allocation Failure) [PSYoungGen: 66411K->608K(74752K)] 374149K->308354K(552960K), 0.0034396 secs] [Times: user=0.01 sys=0.00, real=0.00 secs] 
2024-07-05T02:06:00.802+0800: 4669.513: [GC (Allocation Failure) [PSYoungGen: 73754K->608K(74752K)] 381500K->308362K(552960K), 0.0023977 secs] [Times: user=0.01 sys=0.00, real=0.00 secs] 
2024-07-05T02:06:01.325+0800: 4670.035: [GC (Allocation Failure) [PSYoungGen: 73752K->608K(81920K)] 381506K->308370K(560128K), 0.0022094 secs] [Times: user=0.00 sys=0.00, real=0.01 secs] 
2024-07-05T02:06:01.897+0800: 4670.607: [GC (Allocation Failure) [PSYoungGen: 81073K->640K(81408K)] 388835K->308410K(559616K), 0.0024972 secs] [Times: user=0.00 sys=0.00, real=0.00 secs] 
2024-07-05T02:06:02.488+0800: 4671.199: [GC (Allocation Failure) [PSYoungGen: 80581K->608K(80896K)] 388351K->308386K(559104K), 0.0022526 secs] [Times: user=0.00 sys=0.00, real=0.00 secs] 
2024-07-05T02:06:03.065+0800: 4671.776: [GC (Allocation Failure) [PSYoungGen: 80027K->608K(80384K)] 387805K->308394K(558592K), 0.0021966 secs] [Times: user=0.01 sys=0.00, real=0.01 secs] 
2024-07-05T02:06:03.642+0800: 4672.353: [GC (Allocation Failure) [PSYoungGen: 79504K->64K(79872K)] 387290K->307850K(558080K), 0.0020391 secs] [Times: user=0.00 sys=0.00, real=0.00 secs] 
2024-07-05T02:06:04.234+0800: 4672.945: [GC (Allocation Failure) [PSYoungGen: 78438K->640K(79360K)] 386224K->308426K(557568K), 0.0022940 secs] [Times: user=0.00 sys=0.00, real=0.00 secs] 
2024-07-05T02:06:04.794+0800: 4673.505: [GC (Allocation Failure) [PSYoungGen: 78488K->640K(78848K)] 386274K->308426K(557056K), 0.0020376 secs] [Times: user=0.00 sys=0.00, real=0.00 secs] 
2024-07-05T02:06:05.352+0800: 4674.063: [GC (Allocation Failure) [PSYoungGen: 77970K->128K(77824K)] 385756K->307922K(556032K), 0.0019807 secs] [Times: user=0.00 sys=0.00, real=0.01 secs] 
2024-07-05T02:06:05.911+0800: 4674.622: [GC (Allocation Failure) [PSYoungGen: 76936K->64K(77824K)] 384730K->307866K(556032K), 0.0019908 secs] [Times: user=0.00 sys=0.00, real=0.00 secs] 
2024-07-05T02:06:06.475+0800: 4675.185: [GC (Allocation Failure) [PSYoungGen: 76858K->128K(76800K)] 384660K->307938K(555008K), 0.0020557 secs] [Times: user=0.01 sys=0.00, real=0.00 secs] 
2024-07-05T02:06:07.030+0800: 4675.741: [GC (Allocation Failure) [PSYoungGen: 76404K->128K(76800K)] 384214K->307946K(555008K), 0.0023544 secs] [Times: user=0.00 sys=0.00, real=0.00 secs] 
2024-07-05T02:06:07.581+0800: 4676.292: [GC (Allocation Failure) [PSYoungGen: 75878K->64K(75776K)] 383696K->307890K(553984K), 0.0020106 secs] [Times: user=0.00 sys=0.00, real=0.00 secs] 
2024-07-05T02:06:08.127+0800: 4676.838: [GC (Allocation Failure) [PSYoungGen: 75293K->608K(75776K)] 383119K->308442K(553984K), 0.0020860 secs] [Times: user=0.00 sys=0.00, real=0.00 secs] 
2024-07-05T02:06:08.679+0800: 4677.389: [GC (Allocation Failure) [PSYoungGen: 75315K->576K(75264K)] 383149K->308418K(553472K), 0.0033603 secs] [Times: user=0.00 sys=0.00, real=0.00 secs] 
2024-07-05T02:06:09.223+0800: 4677.934: [GC (Allocation Failure) [PSYoungGen: 74765K->96K(74752K)] 382607K->307946K(552960K), 0.0020508 secs] [Times: user=0.00 sys=0.00, real=0.00 secs] 
2024-07-05T02:06:09.758+0800: 4678.469: [GC (Allocation Failure) [PSYoungGen: 73824K->576K(74240K)] 381674K->308434K(552448K), 0.0044286 secs] [Times: user=0.01 sys=0.00, real=0.00 secs] 
2024-07-05T02:06:10.285+0800: 4678.995: [GC (Allocation Failure) [PSYoungGen: 73713K->640K(73728K)] 381571K->308506K(551936K), 0.0020218 secs] [Times: user=0.00 sys=0.00, real=0.01 secs] 
2024-07-05T02:06:10.800+0800: 4679.511: [GC (Allocation Failure) [PSYoungGen: 73260K->608K(73216K)] 381126K->308482K(551424K), 0.0020896 secs] [Times: user=0.01 sys=0.00, real=0.00 secs] 
2024-07-05T02:06:11.317+0800: 4680.028: [GC (Allocation Failure) [PSYoungGen: 72706K->64K(72704K)] 380580K->307946K(550912K), 0.0020748 secs] [Times: user=0.00 sys=0.00, real=0.00 secs] 
2024-07-05T02:06:11.826+0800: 4680.537: [GC (Allocation Failure) [PSYoungGen: 71639K->64K(71680K)] 379521K->307954K(549888K), 0.0031016 secs] [Times: user=0.00 sys=0.00, real=0.00 secs] 
2024-07-05T02:06:12.330+0800: 4681.040: [GC (Allocation Failure) [PSYoungGen: 71114K->64K(71680K)] 379004K->307962K(549888K), 0.0019699 secs] [Times: user=0.00 sys=0.01, real=0.00 secs] 
2024-07-05T02:06:12.826+0800: 4681.537: [GC (Allocation Failure) [PSYoungGen: 70593K->608K(71168K)] 378491K->308514K(549376K), 0.0033051 secs] [Times: user=0.00 sys=0.00, real=0.00 secs] 
2024-07-05T02:06:13.326+0800: 4682.037: [GC (Allocation Failure) [PSYoungGen: 70616K->608K(71680K)] 378522K->308522K(549888K), 0.0035905 secs] [Times: user=0.00 sys=0.00, real=0.00 secs] 
2024-07-05T02:06:13.828+0800: 4682.539: [GC (Allocation Failure) [PSYoungGen: 70620K->640K(71680K)] 378534K->308562K(549888K), 0.0030509 secs] [Times: user=0.01 sys=0.00, real=0.00 secs] 
2024-07-05T02:06:14.347+0800: 4683.058: [GC (Allocation Failure) [PSYoungGen: 70651K->608K(79360K)] 378573K->308538K(557568K), 0.0021570 secs] [Times: user=0.00 sys=0.00, real=0.00 secs] 
2024-07-05T02:06:14.906+0800: 4683.617: [GC (Allocation Failure) [PSYoungGen: 77940K->608K(78336K)] 385870K->308546K(556544K), 0.0022071 secs] [Times: user=0.00 sys=0.00, real=0.00 secs] 
2024-07-05T02:06:15.462+0800: 4684.172: [GC (Allocation Failure) [PSYoungGen: 77417K->576K(77824K)] 385355K->308522K(556032K), 0.0022242 secs] [Times: user=0.00 sys=0.00, real=0.00 secs] 
2024-07-05T02:06:16.008+0800: 4684.719: [GC (Allocation Failure) [PSYoungGen: 77374K->608K(77312K)] 385320K->308562K(555520K), 0.0020736 secs] [Times: user=0.01 sys=0.00, real=0.00 secs] 
2024-07-05T02:06:16.570+0800: 4685.281: [GC (Allocation Failure) [PSYoungGen: 76883K->64K(76800K)] 384837K->308018K(555008K), 0.0032900 secs] [Times: user=0.01 sys=0.00, real=0.00 secs] 
2024-07-05T02:06:17.134+0800: 4685.845: [GC (Allocation Failure) [PSYoungGen: 75817K->128K(75776K)] 383771K->308090K(553984K), 0.0035187 secs] [Times: user=0.01 sys=0.00, real=0.00 secs] 
2024-07-05T02:06:17.698+0800: 4686.409: [GC (Allocation Failure) [PSYoungGen: 75355K->576K(76800K)] 383317K->308546K(555008K), 0.0035807 secs] [Times: user=0.00 sys=0.01, real=0.00 secs] 
2024-07-05T02:06:18.266+0800: 4686.977: [GC (Allocation Failure) [PSYoungGen: 75804K->64K(75264K)] 383774K->308042K(553472K), 0.0020625 secs] [Times: user=0.01 sys=0.00, real=0.00 secs] 
2024-07-05T02:06:18.795+0800: 4687.506: [GC (Allocation Failure) [PSYoungGen: 74775K->576K(75264K)] 382753K->308562K(553472K), 0.0031909 secs] [Times: user=0.00 sys=0.00, real=0.00 secs] 
2024-07-05T02:06:19.322+0800: 4688.033: [GC (Allocation Failure) [PSYoungGen: 74760K->608K(74752K)] 382746K->308602K(552960K), 0.0019864 secs] [Times: user=0.01 sys=0.00, real=0.00 secs] 
2024-07-05T02:06:19.845+0800: 4688.555: [GC (Allocation Failure) [PSYoungGen: 74274K->640K(74240K)] 382268K->308642K(552448K), 0.0025312 secs] [Times: user=0.00 sys=0.00, real=0.01 secs] 
2024-07-05T02:06:20.386+0800: 4689.097: [GC (Allocation Failure) [PSYoungGen: 73783K->64K(73216K)] 381785K->308074K(551424K), 0.0020747 secs] [Times: user=0.01 sys=0.00, real=0.00 secs] 
2024-07-05T02:06:20.919+0800: 4689.630: [GC (Allocation Failure) [PSYoungGen: 72373K->608K(73216K)] 380383K->308618K(551424K), 0.0021881 secs] [Times: user=0.01 sys=0.00, real=0.00 secs] 
2024-07-05T02:06:21.461+0800: 4690.171: [GC (Allocation Failure) [PSYoungGen: 72699K->608K(72704K)] 380709K->308626K(550912K), 0.0021324 secs] [Times: user=0.00 sys=0.00, real=0.00 secs] 
2024-07-05T02:06:21.990+0800: 4690.701: [GC (Allocation Failure) [PSYoungGen: 72182K->608K(72192K)] 380200K->308634K(550400K), 0.0033899 secs] [Times: user=0.01 sys=0.00, real=0.00 secs] 
2024-07-05T02:06:22.530+0800: 4691.241: [GC (Allocation Failure) [PSYoungGen: 71661K->64K(71168K)] 379687K->308098K(549376K), 0.0028952 secs] [Times: user=0.01 sys=0.00, real=0.00 secs] 
2024-07-05T02:06:23.042+0800: 4691.753: [GC (Allocation Failure) [PSYoungGen: 70595K->640K(71168K)] 378629K->308682K(549376K), 0.0020133 secs] [Times: user=0.01 sys=0.00, real=0.00 secs] 
2024-07-05T02:06:23.540+0800: 4692.251: [GC (Allocation Failure) [PSYoungGen: 70646K->128K(70144K)] 378688K->308178K(548352K), 0.0019147 secs] [Times: user=0.00 sys=0.00, real=0.00 secs] 
2024-07-05T02:06:24.035+0800: 4692.746: [GC (Allocation Failure) [PSYoungGen: 69616K->608K(70144K)] 377666K->308666K(548352K), 0.0019970 secs] [Times: user=0.00 sys=0.00, real=0.00 secs] 
2024-07-05T02:06:24.524+0800: 4693.235: [GC (Allocation Failure) [PSYoungGen: 69570K->640K(69632K)] 377628K->308706K(547840K), 0.0026883 secs] [Times: user=0.00 sys=0.00, real=0.01 secs] 
2024-07-05T02:06:25.017+0800: 4693.728: [GC (Allocation Failure) [PSYoungGen: 69085K->64K(69120K)] 377151K->308138K(547328K), 0.0021528 secs] [Times: user=0.01 sys=0.00, real=0.00 secs] 
2024-07-05T02:06:25.514+0800: 4694.225: [GC (Allocation Failure) [PSYoungGen: 67986K->64K(68096K)] 376060K->308146K(546304K), 0.0031363 secs] [Times: user=0.00 sys=0.00, real=0.00 secs] 
2024-07-05T02:06:26.014+0800: 4694.725: [GC (Allocation Failure) [PSYoungGen: 67460K->64K(68096K)] 375542K->308154K(546304K), 0.0030037 secs] [Times: user=0.01 sys=0.00, real=0.00 secs] 
2024-07-05T02:06:26.514+0800: 4695.225: [GC (Allocation Failure) [PSYoungGen: 66939K->64K(67072K)] 375029K->308162K(545280K), 0.0020300 secs] [Times: user=0.01 sys=0.00, real=0.00 secs] 
2024-07-05T02:06:27.009+0800: 4695.720: [GC (Allocation Failure) [PSYoungGen: 66421K->608K(67072K)] 374519K->308714K(545280K), 0.0020319 secs] [Times: user=0.01 sys=0.00, real=0.00 secs] 
2024-07-05T02:06:27.490+0800: 4696.201: [GC (Allocation Failure) [PSYoungGen: 66439K->640K(66560K)] 374545K->308754K(544768K), 0.0020562 secs] [Times: user=0.00 sys=0.00, real=0.00 secs] 
2024-07-05T02:06:27.965+0800: 4696.676: [GC (Allocation Failure) [PSYoungGen: 66076K->640K(66048K)] 374190K->308762K(544256K), 0.0020292 secs] [Times: user=0.01 sys=0.00, real=0.01 secs] 
2024-07-05T02:06:28.440+0800: 4697.151: [GC (Allocation Failure) [PSYoungGen: 65553K->640K(65536K)] 373675K->308770K(543744K), 0.0032416 secs] [Times: user=0.00 sys=0.00, real=0.00 secs] 
2024-07-05T02:06:28.911+0800: 4697.621: [GC (Allocation Failure) [PSYoungGen: 64904K->64K(65024K)] 373034K->308202K(543232K), 0.0020064 secs] [Times: user=0.00 sys=0.00, real=0.00 secs] 
2024-07-05T02:06:29.373+0800: 4698.084: [GC (Allocation Failure) [PSYoungGen: 63925K->128K(64000K)] 372063K->308274K(542208K), 0.0019942 secs] [Times: user=0.00 sys=0.00, real=0.01 secs] 
2024-07-05T02:06:29.850+0800: 4698.561: [GC (Allocation Failure) [PSYoungGen: 63455K->128K(64000K)] 371601K->308282K(542208K), 0.0032840 secs] [Times: user=0.00 sys=0.00, real=0.00 secs] 
2024-07-05T02:06:30.306+0800: 4699.017: [GC (Allocation Failure) [PSYoungGen: 62921K->576K(64512K)] 371075K->308738K(542720K), 0.0033104 secs] [Times: user=0.00 sys=0.00, real=0.00 secs] 
2024-07-05T02:06:30.851+0800: 4699.562: [GC (Allocation Failure) [PSYoungGen: 63369K->608K(71680K)] 371531K->308778K(549888K), 0.0027243 secs] [Times: user=0.00 sys=0.00, real=0.01 secs] 
2024-07-05T02:06:31.371+0800: 4700.081: [GC (Allocation Failure) [PSYoungGen: 70618K->96K(70144K)] 378788K->308274K(548352K), 0.0020279 secs] [Times: user=0.00 sys=0.00, real=0.00 secs] 
2024-07-05T02:06:31.882+0800: 4700.593: [GC (Allocation Failure) [PSYoungGen: 69587K->576K(70144K)] 377765K->308762K(548352K), 0.0022027 secs] [Times: user=0.00 sys=0.00, real=0.00 secs] 
2024-07-05T02:06:32.397+0800: 4701.108: [GC (Allocation Failure) [PSYoungGen: 69540K->128K(69120K)] 377726K->308322K(547328K), 0.0019881 secs] [Times: user=0.01 sys=0.00, real=0.00 secs] 
2024-07-05T02:06:32.894+0800: 4701.605: [GC (Allocation Failure) [PSYoungGen: 68574K->96K(69120K)] 376768K->308298K(547328K), 0.0034170 secs] [Times: user=0.00 sys=0.00, real=0.00 secs] 
2024-07-05T02:06:33.381+0800: 4702.091: [GC (Allocation Failure) [PSYoungGen: 68015K->64K(69120K)] 376217K->308274K(547328K), 0.0020265 secs] [Times: user=0.00 sys=0.00, real=0.00 secs] 
2024-07-05T02:06:33.866+0800: 4702.577: [GC (Allocation Failure) [PSYoungGen: 67462K->640K(68096K)] 375672K->308858K(546304K), 0.0022295 secs] [Times: user=0.00 sys=0.00, real=0.00 secs] 
2024-07-05T02:06:34.354+0800: 4703.065: [GC (Allocation Failure) [PSYoungGen: 67516K->640K(67584K)] 375734K->308866K(545792K), 0.0020549 secs] [Times: user=0.01 sys=0.00, real=0.00 secs] 
2024-07-05T02:06:34.838+0800: 4703.549: [GC (Allocation Failure) [PSYoungGen: 66998K->64K(66560K)] 375224K->308298K(544768K), 0.0019925 secs] [Times: user=0.01 sys=0.00, real=0.00 secs] 
2024-07-05T02:06:35.327+0800: 4704.037: [GC (Allocation Failure) [PSYoungGen: 65899K->64K(67072K)] 374133K->308298K(545280K), 0.0018732 secs] [Times: user=0.00 sys=0.00, real=0.00 secs] 
2024-07-05T02:06:35.807+0800: 4704.518: [GC (Allocation Failure) [PSYoungGen: 65372K->96K(65536K)] 373606K->308338K(543744K), 0.0019954 secs] [Times: user=0.00 sys=0.00, real=0.00 secs] 
2024-07-05T02:06:36.302+0800: 4705.013: [GC (Allocation Failure) [PSYoungGen: 65004K->64K(65536K)] 373246K->308314K(543744K), 0.0020737 secs] [Times: user=0.00 sys=0.00, real=0.00 secs] 
2024-07-05T02:06:36.781+0800: 4705.492: [GC (Allocation Failure) [PSYoungGen: 64434K->640K(65024K)] 372684K->308898K(543232K), 0.0020142 secs] [Times: user=0.00 sys=0.00, real=0.00 secs] 
2024-07-05T02:06:37.247+0800: 4705.958: [GC (Allocation Failure) [PSYoungGen: 64479K->96K(65024K)] 372737K->308362K(543232K), 0.0019542 secs] [Times: user=0.00 sys=0.00, real=0.00 secs] 
2024-07-05T02:06:37.707+0800: 4706.417: [GC (Allocation Failure) [PSYoungGen: 63431K->608K(64000K)] 371697K->308882K(542208K), 0.0020502 secs] [Times: user=0.00 sys=0.00, real=0.00 secs] 
2024-07-05T02:06:38.178+0800: 4706.889: [GC (Allocation Failure) [PSYoungGen: 63419K->64K(62976K)] 371693K->308346K(541184K), 0.0021214 secs] [Times: user=0.01 sys=0.00, real=0.00 secs] 
2024-07-05T02:06:38.670+0800: 4707.381: [GC (Allocation Failure) [PSYoungGen: 62339K->64K(62464K)] 370621K->308354K(540672K), 0.0022589 secs] [Times: user=0.00 sys=0.00, real=0.00 secs] 
2024-07-05T02:06:39.110+0800: 4707.821: [GC (Allocation Failure) [PSYoungGen: 62016K->64K(62464K)] 370306K->308362K(540672K), 0.0019215 secs] [Times: user=0.00 sys=0.00, real=0.00 secs] 
2024-07-05T02:06:39.562+0800: 4708.273: [GC (Allocation Failure) [PSYoungGen: 61323K->64K(61440K)] 369621K->308370K(539648K), 0.0020303 secs] [Times: user=0.00 sys=0.00, real=0.00 secs] 
2024-07-05T02:06:40.018+0800: 4708.729: [GC (Allocation Failure) [PSYoungGen: 60738K->640K(61440K)] 369044K->308954K(539648K), 0.0021165 secs] [Times: user=0.01 sys=0.00, real=0.00 secs] 
2024-07-05T02:06:40.470+0800: 4709.181: [GC (Allocation Failure) [PSYoungGen: 60918K->64K(60416K)] 369232K->308386K(538624K), 0.0020797 secs] [Times: user=0.00 sys=0.00, real=0.00 secs] 
2024-07-05T02:06:40.918+0800: 4709.629: [GC (Allocation Failure) [PSYoungGen: 59798K->64K(60416K)] 368120K->308394K(538624K), 0.0019700 secs] [Times: user=0.01 sys=0.00, real=0.00 secs] 
2024-07-05T02:06:41.362+0800: 4710.072: [GC (Allocation Failure) [PSYoungGen: 59292K->64K(59392K)] 367622K->308402K(537600K), 0.0022149 secs] [Times: user=0.00 sys=0.00, real=0.00 secs] 
2024-07-05T02:06:41.805+0800: 4710.516: [GC (Allocation Failure) [PSYoungGen: 58813K->608K(59392K)] 367151K->308954K(537600K), 0.0020641 secs] [Times: user=0.01 sys=0.00, real=0.01 secs] 
2024-07-05T02:06:42.220+0800: 4710.931: [GC (Allocation Failure) [PSYoungGen: 58772K->64K(58368K)] 367118K->308418K(536576K), 0.0020367 secs] [Times: user=0.00 sys=0.00, real=0.00 secs] 
2024-07-05T02:06:42.638+0800: 4711.349: [GC (Allocation Failure) [PSYoungGen: 57697K->64K(58368K)] 366051K->308426K(536576K), 0.0018880 secs] [Times: user=0.00 sys=0.00, real=0.00 secs] 
2024-07-05T02:06:43.054+0800: 4711.765: [GC (Allocation Failure) [PSYoungGen: 57019K->64K(62976K)] 365381K->308434K(541184K), 0.0030959 secs] [Times: user=0.00 sys=0.00, real=0.00 secs] 
2024-07-05T02:06:43.502+0800: 4712.213: [GC (Allocation Failure) [PSYoungGen: 61918K->64K(61952K)] 370288K->308442K(540160K), 0.0020534 secs] [Times: user=0.00 sys=0.00, real=0.00 secs] 
2024-07-05T02:06:43.942+0800: 4712.653: [GC (Allocation Failure) [PSYoungGen: 61382K->576K(62464K)] 369760K->308962K(540672K), 0.0032126 secs] [Times: user=0.00 sys=0.00, real=0.00 secs] 
2024-07-05T02:06:44.390+0800: 4713.101: [GC (Allocation Failure) [PSYoungGen: 61899K->576K(62464K)] 370285K->308970K(540672K), 0.0031227 secs] [Times: user=0.01 sys=0.00, real=0.00 secs] 
2024-07-05T02:06:44.838+0800: 4713.549: [GC (Allocation Failure) [PSYoungGen: 61902K->96K(68608K)] 370296K->308498K(546816K), 0.0019837 secs] [Times: user=0.01 sys=0.00, real=0.00 secs] 
2024-07-05T02:06:45.325+0800: 4714.036: [GC (Allocation Failure) [PSYoungGen: 68014K->608K(68608K)] 376416K->309018K(546816K), 0.0021499 secs] [Times: user=0.00 sys=0.00, real=0.01 secs] 
2024-07-05T02:06:45.819+0800: 4714.530: [GC (Allocation Failure) [PSYoungGen: 68007K->576K(68096K)] 376417K->308994K(546304K), 0.0021264 secs] [Times: user=0.01 sys=0.00, real=0.00 secs] 
2024-07-05T02:06:46.318+0800: 4715.029: [GC (Allocation Failure) [PSYoungGen: 67457K->608K(67584K)] 375875K->309034K(545792K), 0.0020770 secs] [Times: user=0.00 sys=0.00, real=0.00 secs] 
2024-07-05T02:06:46.801+0800: 4715.512: [GC (Allocation Failure) [PSYoungGen: 66965K->96K(66560K)] 375391K->309042K(544768K), 0.0020187 secs] [Times: user=0.00 sys=0.00, real=0.00 secs] 
2024-07-05T02:06:47.277+0800: 4715.987: [GC (Allocation Failure) [PSYoungGen: 65930K->64K(66560K)] 374876K->309018K(544768K), 0.0019120 secs] [Times: user=0.01 sys=0.00, real=0.00 secs] 
2024-07-05T02:06:47.749+0800: 4716.460: [GC (Allocation Failure) [PSYoungGen: 65502K->576K(66048K)] 374456K->309530K(544256K), 0.0020943 secs] [Times: user=0.01 sys=0.00, real=0.00 secs] 
2024-07-05T02:06:48.218+0800: 4716.929: [GC (Allocation Failure) [PSYoungGen: 65358K->64K(68096K)] 374312K->309018K(546304K), 0.0037153 secs] [Times: user=0.01 sys=0.00, real=0.00 secs] 
2024-07-05T02:06:48.705+0800: 4717.415: [GC (Allocation Failure) [PSYoungGen: 66422K->608K(67072K)] 375376K->309570K(545280K), 0.0022262 secs] [Times: user=0.00 sys=0.01, real=0.01 secs] 
2024-07-05T02:06:49.182+0800: 4717.893: [GC (Allocation Failure) [PSYoungGen: 66439K->64K(72704K)] 375401K->309034K(550912K), 0.0032103 secs] [Times: user=0.00 sys=0.00, real=0.00 secs] 
2024-07-05T02:06:49.696+0800: 4718.406: [GC (Allocation Failure) [PSYoungGen: 71122K->576K(71680K)] 380092K->309554K(549888K), 0.0022623 secs] [Times: user=0.00 sys=0.00, real=0.00 secs] 
2024-07-05T02:06:50.202+0800: 4718.913: [GC (Allocation Failure) [PSYoungGen: 71110K->608K(73728K)] 380088K->309594K(551936K), 0.0037402 secs] [Times: user=0.01 sys=0.00, real=0.01 secs] 
2024-07-05T02:06:50.728+0800: 4719.438: [GC (Allocation Failure) [PSYoungGen: 72800K->64K(72192K)] 381786K->309058K(550400K), 0.0019670 secs] [Times: user=0.00 sys=0.00, real=0.00 secs] 
2024-07-05T02:06:51.246+0800: 4719.957: [GC (Allocation Failure) [PSYoungGen: 71642K->128K(78848K)] 380636K->309130K(557056K), 0.0034789 secs] [Times: user=0.00 sys=0.00, real=0.00 secs] 
2024-07-05T02:06:51.798+0800: 4720.509: [GC (Allocation Failure) [PSYoungGen: 76933K->576K(79872K)] 385935K->309586K(558080K), 0.0035113 secs] [Times: user=0.00 sys=0.00, real=0.00 secs] 
2024-07-05T02:06:52.365+0800: 4721.076: [GC (Allocation Failure) [PSYoungGen: 78949K->128K(78848K)] 387959K->309146K(557056K), 0.0020326 secs] [Times: user=0.00 sys=0.00, real=0.01 secs] 
2024-07-05T02:06:52.930+0800: 4721.641: [GC (Allocation Failure) [PSYoungGen: 77982K->64K(78336K)] 387000K->309090K(556544K), 0.0018899 secs] [Times: user=0.01 sys=0.00, real=0.00 secs] 
2024-07-05T02:06:53.485+0800: 4722.195: [GC (Allocation Failure) [PSYoungGen: 77391K->640K(78336K)] 386417K->309674K(556544K), 0.0027096 secs] [Times: user=0.00 sys=0.00, real=0.01 secs] 
2024-07-05T02:06:54.038+0800: 4722.749: [GC (Allocation Failure) [PSYoungGen: 77445K->608K(77824K)] 386479K->309650K(556032K), 0.0021196 secs] [Times: user=0.01 sys=0.00, real=0.00 secs] 
2024-07-05T02:06:54.614+0800: 4723.325: [GC (Allocation Failure) [PSYoungGen: 77407K->576K(77312K)] 386449K->309618K(555520K), 0.0023138 secs] [Times: user=0.01 sys=0.00, real=0.00 secs] 
2024-07-05T02:06:55.183+0800: 4723.894: [GC (Allocation Failure) [PSYoungGen: 76852K->128K(76288K)] 385894K->309170K(554496K), 0.0019642 secs] [Times: user=0.01 sys=0.00, real=0.00 secs] 
2024-07-05T02:06:55.725+0800: 4724.435: [GC (Allocation Failure) [PSYoungGen: 75882K->640K(76800K)] 384924K->309682K(555008K), 0.0020898 secs] [Times: user=0.00 sys=0.00, real=0.01 secs] 
2024-07-05T02:06:56.263+0800: 4724.974: [GC (Allocation Failure) [PSYoungGen: 75872K->576K(75776K)] 384914K->309618K(553984K), 0.0033038 secs] [Times: user=0.01 sys=0.00, real=0.01 secs] 
2024-07-05T02:06:56.811+0800: 4725.522: [GC (Allocation Failure) [PSYoungGen: 75285K->576K(75264K)] 384327K->309626K(553472K), 0.0025073 secs] [Times: user=0.01 sys=0.00, real=0.01 secs] 
2024-07-05T02:06:57.341+0800: 4726.052: [GC (Allocation Failure) [PSYoungGen: 74763K->576K(74752K)] 383813K->309626K(552960K), 0.0023811 secs] [Times: user=0.00 sys=0.00, real=0.00 secs] 
2024-07-05T02:06:57.874+0800: 4726.585: [GC (Allocation Failure) [PSYoungGen: 74240K->608K(74240K)] 383290K->309666K(552448K), 0.0033424 secs] [Times: user=0.00 sys=0.00, real=0.00 secs] 
2024-07-05T02:06:58.394+0800: 4727.105: [GC (Allocation Failure) [PSYoungGen: 73750K->640K(73728K)] 382808K->309706K(551936K), 0.0031517 secs] [Times: user=0.01 sys=0.00, real=0.00 secs] 
2024-07-05T02:06:58.914+0800: 4727.625: [GC (Allocation Failure) [PSYoungGen: 73260K->640K(73216K)] 382326K->309714K(551424K), 0.0020600 secs] [Times: user=0.00 sys=0.00, real=0.00 secs] 
2024-07-05T02:06:59.422+0800: 4728.133: [GC (Allocation Failure) [PSYoungGen: 72431K->128K(72192K)] 381505K->309210K(550400K), 0.0019646 secs] [Times: user=0.01 sys=0.00, real=0.00 secs] 
2024-07-05T02:06:59.930+0800: 4728.641: [GC (Allocation Failure) [PSYoungGen: 71700K->640K(72704K)] 380782K->309730K(550912K), 0.0019855 secs] [Times: user=0.00 sys=0.00, real=0.00 secs] 
2024-07-05T02:07:00.433+0800: 4729.144: [GC (Allocation Failure) [PSYoungGen: 71690K->608K(71680K)] 380780K->309706K(549888K), 0.0020168 secs] [Times: user=0.00 sys=0.00, real=0.01 secs] 
2024-07-05T02:07:00.931+0800: 4729.642: [GC (Allocation Failure) [PSYoungGen: 71141K->608K(71168K)] 380239K->309714K(549376K), 0.0031248 secs] [Times: user=0.01 sys=0.00, real=0.01 secs] 
2024-07-05T02:07:01.437+0800: 4730.148: [GC (Allocation Failure) [PSYoungGen: 70618K->640K(70656K)] 379724K->309754K(548864K), 0.0020159 secs] [Times: user=0.00 sys=0.00, real=0.00 secs] 
2024-07-05T02:07:01.932+0800: 4730.643: [GC (Allocation Failure) [PSYoungGen: 70128K->64K(69632K)] 379242K->309186K(547840K), 0.0020259 secs] [Times: user=0.00 sys=0.00, real=0.01 secs] 
2024-07-05T02:07:02.422+0800: 4731.133: [GC (Allocation Failure) [PSYoungGen: 69030K->128K(69120K)] 378152K->309258K(547328K), 0.0020532 secs] [Times: user=0.00 sys=0.00, real=0.00 secs] 
2024-07-05T02:07:02.906+0800: 4731.617: [GC (Allocation Failure) [PSYoungGen: 68571K->640K(69632K)] 377701K->309778K(547840K), 0.0019618 secs] [Times: user=0.00 sys=0.00, real=0.00 secs] 
2024-07-05T02:07:03.388+0800: 4732.099: [GC (Allocation Failure) [PSYoungGen: 68561K->640K(68608K)] 377699K->309786K(546816K), 0.0023595 secs] [Times: user=0.01 sys=0.00, real=0.00 secs] 
2024-07-05T02:07:03.870+0800: 4732.581: [GC (Allocation Failure) [PSYoungGen: 68039K->96K(67584K)] 377185K->309250K(545792K), 0.0028965 secs] [Times: user=0.01 sys=0.00, real=0.00 secs] 
2024-07-05T02:07:04.353+0800: 4733.064: [GC (Allocation Failure) [PSYoungGen: 66973K->608K(67584K)] 376127K->309770K(545792K), 0.0021188 secs] [Times: user=0.01 sys=0.00, real=0.01 secs] 
2024-07-05T02:07:04.826+0800: 4733.537: [GC (Allocation Failure) [PSYoungGen: 66959K->96K(66560K)] 376121K->309266K(544768K), 0.0030329 secs] [Times: user=0.00 sys=0.00, real=0.00 secs] 
2024-07-05T02:07:05.294+0800: 4734.005: [GC (Allocation Failure) [PSYoungGen: 65930K->96K(66048K)] 375100K->309274K(544256K), 0.0030843 secs] [Times: user=0.00 sys=0.00, real=0.00 secs] 
2024-07-05T02:07:05.761+0800: 4734.472: [GC (Allocation Failure) [PSYoungGen: 65404K->128K(66560K)] 374582K->309314K(544768K), 0.0020447 secs] [Times: user=0.00 sys=0.00, real=0.00 secs] 
2024-07-05T02:07:06.221+0800: 4734.932: [GC (Allocation Failure) [PSYoungGen: 64915K->128K(65024K)] 374101K->309322K(543232K), 0.0019669 secs] [Times: user=0.01 sys=0.00, real=0.00 secs] 
2024-07-05T02:07:06.680+0800: 4735.391: [GC (Allocation Failure) [PSYoungGen: 64393K->64K(65536K)] 373587K->309266K(543744K), 0.0020061 secs] [Times: user=0.00 sys=0.00, real=0.00 secs] 
2024-07-05T02:07:07.132+0800: 4735.842: [GC (Allocation Failure) [PSYoungGen: 63930K->576K(64512K)] 373132K->309786K(542720K), 0.0029508 secs] [Times: user=0.00 sys=0.00, real=0.01 secs] 
2024-07-05T02:07:07.585+0800: 4736.296: [GC (Allocation Failure) [PSYoungGen: 64042K->128K(64512K)] 373252K->309346K(542720K), 0.0022558 secs] [Times: user=0.00 sys=0.00, real=0.01 secs] 
2024-07-05T02:07:08.030+0800: 4736.741: [GC (Allocation Failure) [PSYoungGen: 63053K->96K(62976K)] 372271K->309322K(541184K), 0.0020679 secs] [Times: user=0.00 sys=0.00, real=0.00 secs] 
2024-07-05T02:07:08.468+0800: 4737.179: [GC (Allocation Failure) [PSYoungGen: 62489K->640K(62976K)] 371715K->309874K(541184K), 0.0020256 secs] [Times: user=0.00 sys=0.00, real=0.00 secs] 
2024-07-05T02:07:08.907+0800: 4737.618: [GC (Allocation Failure) [PSYoungGen: 62502K->576K(62464K)] 371736K->309818K(540672K), 0.0035273 secs] [Times: user=0.00 sys=0.00, real=0.00 secs] 
2024-07-05T02:07:09.350+0800: 4738.061: [GC (Allocation Failure) [PSYoungGen: 61922K->640K(61952K)] 371164K->309890K(540160K), 0.0021507 secs] [Times: user=0.01 sys=0.00, real=0.00 secs] 
2024-07-05T02:07:09.780+0800: 4738.490: [GC (Allocation Failure) [PSYoungGen: 61477K->608K(61440K)] 370727K->309866K(539648K), 0.0019901 secs] [Times: user=0.00 sys=0.00, real=0.00 secs] 
2024-07-05T02:07:10.214+0800: 4738.925: [GC (Allocation Failure) [PSYoungGen: 60910K->576K(64000K)] 370168K->309842K(542208K), 0.0032411 secs] [Times: user=0.01 sys=0.00, real=0.00 secs] 
2024-07-05T02:07:10.659+0800: 4739.370: [GC (Allocation Failure) [PSYoungGen: 62865K->80K(68608K)] 372131K->309354K(546816K), 0.0030627 secs] [Times: user=0.00 sys=0.00, real=0.00 secs] 
2024-07-05T02:07:11.137+0800: 4739.848: [GC (Allocation Failure) [PSYoungGen: 66959K->64K(68608K)] 376233K->309346K(546816K), 0.0020268 secs] [Times: user=0.00 sys=0.00, real=0.00 secs] 
2024-07-05T02:07:11.612+0800: 4740.322: [GC (Allocation Failure) [PSYoungGen: 66937K->576K(67584K)] 376219K->309866K(545792K), 0.0021611 secs] [Times: user=0.00 sys=0.00, real=0.01 secs] 
2024-07-05T02:07:12.086+0800: 4740.797: [GC (Allocation Failure) [PSYoungGen: 66929K->64K(66560K)] 376219K->309362K(544768K), 0.0019608 secs] [Times: user=0.00 sys=0.00, real=0.00 secs] 
2024-07-05T02:07:12.572+0800: 4741.283: [GC (Allocation Failure) [PSYoungGen: 65899K->608K(66560K)] 375197K->309914K(544768K), 0.0023017 secs] [Times: user=0.00 sys=0.00, real=0.01 secs] 
2024-07-05T02:07:13.040+0800: 4741.751: [GC (Allocation Failure) [PSYoungGen: 65916K->128K(65536K)] 375223K->309442K(543744K), 0.0022063 secs] [Times: user=0.00 sys=0.01, real=0.00 secs] 
2024-07-05T02:07:13.502+0800: 4742.213: [GC (Allocation Failure) [PSYoungGen: 64919K->576K(73216K)] 374233K->309898K(551424K), 0.0031240 secs] [Times: user=0.00 sys=0.00, real=0.00 secs] 
2024-07-05T02:07:14.026+0800: 4742.737: [GC (Allocation Failure) [PSYoungGen: 72361K->64K(73728K)] 381683K->309394K(551936K), 0.0033523 secs] [Times: user=0.01 sys=0.00, real=0.00 secs] 
2024-07-05T02:07:14.548+0800: 4743.259: [GC (Allocation Failure) [PSYoungGen: 72161K->64K(81920K)] 381491K->309402K(560128K), 0.0027596 secs] [Times: user=0.00 sys=0.00, real=0.00 secs] 
2024-07-05T02:07:15.127+0800: 4743.838: [GC (Allocation Failure) [PSYoungGen: 80008K->64K(80384K)] 389346K->309410K(558592K), 0.0020821 secs] [Times: user=0.00 sys=0.00, real=0.00 secs] 
2024-07-05T02:07:15.702+0800: 4744.413: [GC (Allocation Failure) [PSYoungGen: 79480K->64K(79872K)] 388826K->309418K(558080K), 0.0019717 secs] [Times: user=0.00 sys=0.00, real=0.00 secs] 
2024-07-05T02:07:16.279+0800: 4744.990: [GC (Allocation Failure) [PSYoungGen: 78958K->64K(79872K)] 388312K->309426K(558080K), 0.0018303 secs] [Times: user=0.00 sys=0.00, real=0.00 secs] 
2024-07-05T02:07:16.840+0800: 4745.550: [GC (Allocation Failure) [PSYoungGen: 78436K->608K(79360K)] 387798K->309970K(557568K), 0.0020961 secs] [Times: user=0.01 sys=0.00, real=0.00 secs] 
2024-07-05T02:07:17.398+0800: 4746.109: [GC (Allocation Failure) [PSYoungGen: 78459K->608K(78848K)] 387821K->309970K(557056K), 0.0021938 secs] [Times: user=0.01 sys=0.00, real=0.00 secs] 
2024-07-05T02:07:17.959+0800: 4746.669: [GC (Allocation Failure) [PSYoungGen: 77940K->96K(77824K)] 387302K->309970K(556032K), 0.0019405 secs] [Times: user=0.00 sys=0.00, real=0.00 secs] 
2024-07-05T02:07:18.513+0800: 4747.224: [GC (Allocation Failure) [PSYoungGen: 76905K->64K(77824K)] 386779K->309946K(556032K), 0.0020040 secs] [Times: user=0.01 sys=0.00, real=0.01 secs] 
2024-07-05T02:07:19.070+0800: 4747.781: [GC (Allocation Failure) [PSYoungGen: 76862K->64K(76800K)] 386744K->309954K(555008K), 0.0031262 secs] [Times: user=0.00 sys=0.00, real=0.00 secs] 
2024-07-05T02:07:19.618+0800: 4748.328: [GC (Allocation Failure) [PSYoungGen: 76336K->128K(76800K)] 386226K->310026K(555008K), 0.0030010 secs] [Times: user=0.00 sys=0.00, real=0.00 secs] 
2024-07-05T02:07:20.166+0800: 4748.877: [GC (Allocation Failure) [PSYoungGen: 75879K->96K(75776K)] 385777K->310002K(553984K), 0.0019695 secs] [Times: user=0.00 sys=0.00, real=0.00 secs] 
2024-07-05T02:07:20.714+0800: 4749.425: [GC (Allocation Failure) [PSYoungGen: 75325K->128K(75776K)] 385231K->310042K(553984K), 0.0019530 secs] [Times: user=0.00 sys=0.00, real=0.00 secs] 
2024-07-05T02:07:21.262+0800: 4749.973: [GC (Allocation Failure) [PSYoungGen: 74835K->64K(74752K)] 384750K->309986K(552960K), 0.0020289 secs] [Times: user=0.01 sys=0.00, real=0.00 secs] 
2024-07-05T02:07:21.813+0800: 4750.524: [GC (Allocation Failure) [PSYoungGen: 74250K->64K(74752K)] 384172K->309994K(552960K), 0.0019387 secs] [Times: user=0.00 sys=0.00, real=0.01 secs] 
2024-07-05T02:07:22.347+0800: 4751.057: [GC (Allocation Failure) [PSYoungGen: 73728K->640K(74240K)] 383658K->310578K(552448K), 0.0021445 secs] [Times: user=0.00 sys=0.00, real=0.00 secs] 
2024-07-05T02:07:22.872+0800: 4751.583: [GC (Allocation Failure) [PSYoungGen: 73782K->608K(73728K)] 383720K->310554K(551936K), 0.0028367 secs] [Times: user=0.00 sys=0.00, real=0.01 secs] 
2024-07-05T02:07:23.398+0800: 4752.109: [GC (Allocation Failure) [PSYoungGen: 73312K->64K(72704K)] 383258K->310018K(550912K), 0.0031417 secs] [Times: user=0.01 sys=0.00, real=0.00 secs] 
2024-07-05T02:07:23.926+0800: 4752.637: [GC (Allocation Failure) [PSYoungGen: 72165K->96K(72704K)] 382119K->310058K(550912K), 0.0033286 secs] [Times: user=0.00 sys=0.00, real=0.00 secs] 
2024-07-05T02:07:24.447+0800: 4753.158: [GC (Allocation Failure) [PSYoungGen: 71669K->128K(71680K)] 381631K->310098K(549888K), 0.0033447 secs] [Times: user=0.00 sys=0.00, real=0.00 secs] 
2024-07-05T02:07:24.960+0800: 4753.670: [GC (Allocation Failure) [PSYoungGen: 71180K->64K(71680K)] 381150K->310042K(549888K), 0.0030999 secs] [Times: user=0.01 sys=0.00, real=0.00 secs] 
2024-07-05T02:07:25.474+0800: 4754.185: [GC (Allocation Failure) [PSYoungGen: 70594K->640K(77824K)] 380572K->310626K(556032K), 0.0030544 secs] [Times: user=0.00 sys=0.00, real=0.00 secs] 
2024-07-05T02:07:26.032+0800: 4754.743: [GC (Allocation Failure) [PSYoungGen: 77438K->640K(77312K)] 387424K->310634K(555520K), 0.0023145 secs] [Times: user=0.00 sys=0.00, real=0.01 secs] 
2024-07-05T02:07:26.603+0800: 4755.314: [GC (Allocation Failure) [PSYoungGen: 76919K->128K(76288K)] 386913K->310642K(554496K), 0.0020227 secs] [Times: user=0.00 sys=0.00, real=0.00 secs] 
2024-07-05T02:07:27.147+0800: 4755.858: [GC (Allocation Failure) [PSYoungGen: 75883K->64K(76288K)] 386397K->310586K(554496K), 0.0019284 secs] [Times: user=0.00 sys=0.00, real=0.00 secs] 
2024-07-05T02:07:27.686+0800: 4756.397: [GC (Allocation Failure) [PSYoungGen: 75296K->96K(75264K)] 385818K->310626K(553472K), 0.0019523 secs] [Times: user=0.00 sys=0.00, real=0.00 secs] 
2024-07-05T02:07:28.226+0800: 4756.937: [GC (Allocation Failure) [PSYoungGen: 74802K->64K(75264K)] 385332K->310602K(553472K), 0.0019571 secs] [Times: user=0.00 sys=0.00, real=0.00 secs] 
2024-07-05T02:07:28.765+0800: 4757.475: [GC (Allocation Failure) [PSYoungGen: 74249K->128K(74240K)] 384787K->310674K(552448K), 0.0026013 secs] [Times: user=0.00 sys=0.00, real=0.01 secs] 
2024-07-05T02:07:29.290+0800: 4758.000: [GC (Allocation Failure) [PSYoungGen: 73791K->608K(74240K)] 384337K->311162K(552448K), 0.0019966 secs] [Times: user=0.00 sys=0.00, real=0.00 secs] 
2024-07-05T02:07:29.818+0800: 4758.529: [GC (Allocation Failure) [PSYoungGen: 73749K->96K(73216K)] 384303K->310658K(551424K), 0.0019932 secs] [Times: user=0.00 sys=0.00, real=0.00 secs] 
2024-07-05T02:07:30.338+0800: 4759.049: [GC (Allocation Failure) [PSYoungGen: 72719K->608K(73216K)] 383281K->311178K(551424K), 0.0019593 secs] [Times: user=0.00 sys=0.00, real=0.00 secs] 
2024-07-05T02:07:30.857+0800: 4759.568: [GC (Allocation Failure) [PSYoungGen: 72393K->128K(72192K)] 382963K->310706K(550400K), 0.0020182 secs] [Times: user=0.00 sys=0.00, real=0.00 secs] 
2024-07-05T02:07:31.379+0800: 4760.089: [GC (Allocation Failure) [PSYoungGen: 71702K->128K(72192K)] 382281K->310714K(550400K), 0.0031707 secs] [Times: user=0.00 sys=0.00, real=0.00 secs] 
2024-07-05T02:07:31.912+0800: 4760.623: [GC (Allocation Failure) [PSYoungGen: 71180K->128K(71168K)] 381766K->310722K(549376K), 0.0026588 secs] [Times: user=0.00 sys=0.00, real=0.01 secs] 
2024-07-05T02:07:32.423+0800: 4761.134: [GC (Allocation Failure) [PSYoungGen: 70658K->64K(71168K)] 381252K->310666K(549376K), 0.0019209 secs] [Times: user=0.00 sys=0.00, real=0.00 secs] 
2024-07-05T02:07:32.933+0800: 4761.644: [GC (Allocation Failure) [PSYoungGen: 70073K->64K(70144K)] 380675K->310674K(548352K), 0.0020858 secs] [Times: user=0.00 sys=0.00, real=0.01 secs] 
2024-07-05T02:07:33.434+0800: 4762.145: [GC (Allocation Failure) [PSYoungGen: 69551K->64K(70144K)] 380161K->310682K(548352K), 0.0019126 secs] [Times: user=0.00 sys=0.00, real=0.00 secs] 
2024-07-05T02:07:33.938+0800: 4762.648: [GC (Allocation Failure) [PSYoungGen: 69029K->96K(69120K)] 379647K->310722K(547328K), 0.0020133 secs] [Times: user=0.00 sys=0.00, real=0.00 secs] 
2024-07-05T02:07:34.430+0800: 4763.141: [GC (Allocation Failure) [PSYoungGen: 68539K->64K(69120K)] 379165K->310698K(547328K), 0.0030967 secs] [Times: user=0.00 sys=0.00, real=0.00 secs] 
2024-07-05T02:07:34.920+0800: 4763.631: [GC (Allocation Failure) [PSYoungGen: 67985K->96K(68096K)] 378619K->310738K(546304K), 0.0020122 secs] [Times: user=0.01 sys=0.00, real=0.00 secs] 
2024-07-05T02:07:35.407+0800: 4764.118: [GC (Allocation Failure) [PSYoungGen: 67495K->576K(68096K)] 378137K->311226K(546304K), 0.0031314 secs] [Times: user=0.00 sys=0.00, real=0.00 secs] 
2024-07-05T02:07:35.911+0800: 4764.621: [GC (Allocation Failure) [PSYoungGen: 67453K->608K(67584K)] 378103K->311266K(545792K), 0.0020483 secs] [Times: user=0.01 sys=0.00, real=0.00 secs] 
2024-07-05T02:07:36.386+0800: 4765.097: [GC (Allocation Failure) [PSYoungGen: 66966K->128K(66560K)] 377624K->310794K(544768K), 0.0020446 secs] [Times: user=0.01 sys=0.00, real=0.00 secs] 
2024-07-05T02:07:36.852+0800: 4765.563: [GC (Allocation Failure) [PSYoungGen: 65963K->128K(66048K)] 376629K->310802K(544256K), 0.0027312 secs] [Times: user=0.00 sys=0.00, real=0.01 secs] 
2024-07-05T02:07:37.315+0800: 4766.025: [GC (Allocation Failure) [PSYoungGen: 65436K->608K(72192K)] 376111K->311290K(550400K), 0.0030250 secs] [Times: user=0.01 sys=0.00, real=0.00 secs] 
2024-07-05T02:07:37.821+0800: 4766.532: [GC (Allocation Failure) [PSYoungGen: 71662K->96K(71168K)] 382344K->310786K(549376K), 0.0020315 secs] [Times: user=0.01 sys=0.00, real=0.00 secs] 
2024-07-05T02:07:38.320+0800: 4767.030: [GC (Allocation Failure) [PSYoungGen: 70631K->576K(71168K)] 381321K->311274K(549376K), 0.0025988 secs] [Times: user=0.01 sys=0.00, real=0.00 secs] 
2024-07-05T02:07:38.818+0800: 4767.529: [GC (Allocation Failure) [PSYoungGen: 70584K->128K(70144K)] 381282K->310834K(548352K), 0.0019890 secs] [Times: user=0.00 sys=0.00, real=0.00 secs] 
2024-07-05T02:07:39.314+0800: 4768.025: [GC (Allocation Failure) [PSYoungGen: 69618K->608K(72704K)] 380324K->311322K(550912K), 0.0034870 secs] [Times: user=0.00 sys=0.00, real=0.00 secs] 
2024-07-05T02:07:39.824+0800: 4768.535: [GC (Allocation Failure) [PSYoungGen: 72183K->96K(71680K)] 382897K->310818K(549888K), 0.0019701 secs] [Times: user=0.01 sys=0.00, real=0.01 secs] 
2024-07-05T02:07:40.326+0800: 4769.036: [GC (Allocation Failure) [PSYoungGen: 71264K->96K(71680K)] 381986K->310826K(549888K), 0.0031029 secs] [Times: user=0.00 sys=0.00, real=0.01 secs] 
2024-07-05T02:07:40.834+0800: 4769.545: [GC (Allocation Failure) [PSYoungGen: 70623K->96K(77824K)] 381353K->310834K(556032K), 0.0030981 secs] [Times: user=0.01 sys=0.00, real=0.00 secs] 
2024-07-05T02:07:41.378+0800: 4770.089: [GC (Allocation Failure) [PSYoungGen: 76890K->640K(77824K)] 387628K->311386K(556032K), 0.0034778 secs] [Times: user=0.01 sys=0.00, real=0.00 secs] 
2024-07-05T02:07:41.921+0800: 4770.632: [GC (Allocation Failure) [PSYoungGen: 77435K->576K(86016K)] 388181K->311330K(564224K), 0.0022041 secs] [Times: user=0.00 sys=0.00, real=0.00 secs] 
2024-07-05T02:07:42.522+0800: 4771.233: [GC (Allocation Failure) [PSYoungGen: 85219K->608K(84992K)] 395973K->311370K(563200K), 0.0029377 secs] [Times: user=0.00 sys=0.00, real=0.00 secs] 
2024-07-05T02:07:43.118+0800: 4771.829: [GC (Allocation Failure) [PSYoungGen: 84205K->64K(83456K)] 394967K->310834K(561664K), 0.0018700 secs] [Times: user=0.00 sys=0.00, real=0.00 secs] 
2024-07-05T02:07:43.701+0800: 4772.412: [GC (Allocation Failure) [PSYoungGen: 82615K->64K(83456K)] 393385K->310842K(561664K), 0.0021752 secs] [Times: user=0.00 sys=0.00, real=0.00 secs] 
2024-07-05T02:07:44.281+0800: 4772.992: [GC (Allocation Failure) [PSYoungGen: 82089K->576K(82944K)] 392867K->311354K(561152K), 0.0021203 secs] [Times: user=0.00 sys=0.00, real=0.00 secs] 
2024-07-05T02:07:44.858+0800: 4773.569: [GC (Allocation Failure) [PSYoungGen: 82080K->640K(82432K)] 392858K->311426K(560640K), 0.0021873 secs] [Times: user=0.01 sys=0.00, real=0.00 secs] 
2024-07-05T02:07:45.434+0800: 4774.145: [GC (Allocation Failure) [PSYoungGen: 81626K->96K(81408K)] 392412K->311402K(559616K), 0.0019973 secs] [Times: user=0.00 sys=0.00, real=0.00 secs] 
2024-07-05T02:07:46.005+0800: 4774.716: [GC (Allocation Failure) [PSYoungGen: 80559K->64K(81408K)] 391865K->311378K(559616K), 0.0019162 secs] [Times: user=0.00 sys=0.00, real=0.01 secs] 
2024-07-05T02:07:46.570+0800: 4775.281: [GC (Allocation Failure) [PSYoungGen: 80004K->608K(80896K)] 391318K->311930K(559104K), 0.0019910 secs] [Times: user=0.00 sys=0.00, real=0.00 secs] 
2024-07-05T02:07:47.137+0800: 4775.848: [GC (Allocation Failure) [PSYoungGen: 80022K->128K(80896K)] 391345K->311458K(559104K), 0.0019807 secs] [Times: user=0.00 sys=0.00, real=0.00 secs] 
2024-07-05T02:07:47.694+0800: 4776.405: [GC (Allocation Failure) [PSYoungGen: 79025K->64K(79360K)] 390355K->311402K(557568K), 0.0019619 secs] [Times: user=0.01 sys=0.00, real=0.00 secs] 
2024-07-05T02:07:48.249+0800: 4776.960: [GC (Allocation Failure) [PSYoungGen: 78435K->64K(79360K)] 389773K->311410K(557568K), 0.0019404 secs] [Times: user=0.01 sys=0.00, real=0.00 secs] 
2024-07-05T02:07:48.798+0800: 4777.509: [GC (Allocation Failure) [PSYoungGen: 77913K->608K(78848K)] 389259K->311962K(557056K), 0.0021123 secs] [Times: user=0.00 sys=0.00, real=0.00 secs] 
2024-07-05T02:07:49.352+0800: 4778.062: [GC (Allocation Failure) [PSYoungGen: 77936K->64K(77824K)] 389290K->311426K(556032K), 0.0019615 secs] [Times: user=0.00 sys=0.00, real=0.00 secs] 
2024-07-05T02:07:49.891+0800: 4778.602: [GC (Allocation Failure) [PSYoungGen: 76874K->608K(77824K)] 388236K->311978K(556032K), 0.0019832 secs] [Times: user=0.01 sys=0.00, real=0.00 secs] 
2024-07-05T02:07:50.435+0800: 4779.146: [GC (Allocation Failure) [PSYoungGen: 77403K->64K(77824K)] 388774K->311442K(556032K), 0.0035443 secs] [Times: user=0.01 sys=0.00, real=0.00 secs] 
2024-07-05T02:07:50.980+0800: 4779.690: [GC (Allocation Failure) [PSYoungGen: 76341K->64K(76288K)] 387719K->311450K(554496K), 0.0020807 secs] [Times: user=0.00 sys=0.00, real=0.00 secs] 
2024-07-05T02:07:51.515+0800: 4780.226: [GC (Allocation Failure) [PSYoungGen: 75814K->640K(76288K)] 387201K->312034K(554496K), 0.0019987 secs] [Times: user=0.00 sys=0.00, real=0.00 secs] 
2024-07-05T02:07:52.046+0800: 4780.757: [GC (Allocation Failure) [PSYoungGen: 75869K->640K(75776K)] 387263K->312042K(553984K), 0.0020283 secs] [Times: user=0.00 sys=0.00, real=0.00 secs] 
2024-07-05T02:07:52.578+0800: 4781.289: [GC (Allocation Failure) [PSYoungGen: 75351K->64K(74752K)] 386753K->311474K(552960K), 0.0019789 secs] [Times: user=0.00 sys=0.00, real=0.00 secs] 
2024-07-05T02:07:53.105+0800: 4781.816: [GC (Allocation Failure) [PSYoungGen: 74252K->64K(74240K)] 385662K->311482K(552448K), 0.0021773 secs] [Times: user=0.00 sys=0.00, real=0.01 secs] 
2024-07-05T02:07:53.626+0800: 4782.337: [GC (Allocation Failure) [PSYoungGen: 73726K->608K(74240K)] 385144K->312034K(552448K), 0.0019892 secs] [Times: user=0.00 sys=0.00, real=0.00 secs] 
2024-07-05T02:07:54.154+0800: 4782.865: [GC (Allocation Failure) [PSYoungGen: 73749K->64K(73216K)] 385175K->311498K(551424K), 0.0028560 secs] [Times: user=0.01 sys=0.00, real=0.00 secs] 
2024-07-05T02:07:54.673+0800: 4783.384: [GC (Allocation Failure) [PSYoungGen: 72687K->64K(73728K)] 384121K->311506K(551936K), 0.0019595 secs] [Times: user=0.01 sys=0.00, real=0.01 secs] 
2024-07-05T02:07:55.188+0800: 4783.899: [GC (Allocation Failure) [PSYoungGen: 72160K->640K(72704K)] 383602K->312090K(550912K), 0.0028453 secs] [Times: user=0.01 sys=0.00, real=0.00 secs] 
2024-07-05T02:07:55.698+0800: 4784.409: [GC (Allocation Failure) [PSYoungGen: 72215K->576K(72192K)] 383665K->312034K(550400K), 0.0027985 secs] [Times: user=0.01 sys=0.00, real=0.00 secs] 
2024-07-05T02:07:56.212+0800: 4784.923: [GC (Allocation Failure) [PSYoungGen: 71632K->608K(71680K)] 383090K->312074K(549888K), 0.0021455 secs] [Times: user=0.00 sys=0.00, real=0.01 secs] 
2024-07-05T02:07:56.726+0800: 4785.437: [GC (Allocation Failure) [PSYoungGen: 71141K->576K(71168K)] 382607K->312050K(549376K), 0.0033486 secs] [Times: user=0.00 sys=0.00, real=0.00 secs] 
2024-07-05T02:07:57.225+0800: 4785.935: [GC (Allocation Failure) [PSYoungGen: 70587K->640K(70656K)] 382061K->312122K(548864K), 0.0024435 secs] [Times: user=0.01 sys=0.00, real=0.01 secs] 
2024-07-05T02:07:57.718+0800: 4786.428: [GC (Allocation Failure) [PSYoungGen: 69815K->96K(69632K)] 381297K->311586K(547840K), 0.0020073 secs] [Times: user=0.00 sys=0.00, real=0.00 secs] 
2024-07-05T02:07:58.207+0800: 4786.917: [GC (Allocation Failure) [PSYoungGen: 69061K->128K(69120K)] 380552K->311626K(547328K), 0.0024209 secs] [Times: user=0.01 sys=0.00, real=0.00 secs] 
2024-07-05T02:07:58.698+0800: 4787.409: [GC (Allocation Failure) [PSYoungGen: 68571K->64K(69632K)] 380069K->311570K(547840K), 0.0020006 secs] [Times: user=0.00 sys=0.00, real=0.00 secs] 
2024-07-05T02:07:59.182+0800: 4787.893: [GC (Allocation Failure) [PSYoungGen: 67981K->64K(68096K)] 379487K->311578K(546304K), 0.0031332 secs] [Times: user=0.01 sys=0.00, real=0.00 secs] 
2024-07-05T02:07:59.662+0800: 4788.373: [GC (Allocation Failure) [PSYoungGen: 67648K->640K(75264K)] 379162K->312162K(553472K), 0.0032220 secs] [Times: user=0.00 sys=0.00, real=0.00 secs] 
2024-07-05T02:08:00.190+0800: 4788.901: [GC (Allocation Failure) [PSYoungGen: 74304K->128K(76800K)] 385826K->311658K(555008K), 0.0030220 secs] [Times: user=0.01 sys=0.00, real=0.00 secs] 
2024-07-05T02:08:00.726+0800: 4789.437: [GC (Allocation Failure) [PSYoungGen: 75362K->64K(76800K)] 386892K->311602K(555008K), 0.0029966 secs] [Times: user=0.00 sys=0.00, real=0.00 secs] 
2024-07-05T02:08:01.267+0800: 4789.978: [GC (Allocation Failure) [PSYoungGen: 75293K->64K(75264K)] 386831K->311610K(553472K), 0.0019730 secs] [Times: user=0.00 sys=0.00, real=0.00 secs] 
2024-07-05T02:08:01.805+0800: 4790.516: [GC (Allocation Failure) [PSYoungGen: 74771K->608K(75264K)] 386317K->312162K(553472K), 0.0022126 secs] [Times: user=0.00 sys=0.00, real=0.01 secs] 
2024-07-05T02:08:02.347+0800: 4791.058: [GC (Allocation Failure) [PSYoungGen: 74793K->128K(74240K)] 386347K->311690K(552448K), 0.0019491 secs] [Times: user=0.00 sys=0.00, real=0.00 secs] 
2024-07-05T02:08:02.874+0800: 4791.585: [GC (Allocation Failure) [PSYoungGen: 73795K->576K(74240K)] 385357K->312146K(552448K), 0.0035195 secs] [Times: user=0.00 sys=0.00, real=0.00 secs] 
2024-07-05T02:08:03.403+0800: 4792.113: [GC (Allocation Failure) [PSYoungGen: 73716K->576K(81920K)] 385286K->312154K(560128K), 0.0031810 secs] [Times: user=0.00 sys=0.00, real=0.01 secs] 
2024-07-05T02:08:03.986+0800: 4792.697: [GC (Allocation Failure) [PSYoungGen: 81042K->640K(82944K)] 392620K->312226K(561152K), 0.0039316 secs] [Times: user=0.01 sys=0.00, real=0.00 secs] 
2024-07-05T02:08:04.566+0800: 4793.277: [GC (Allocation Failure) [PSYoungGen: 81627K->128K(81408K)] 393213K->311722K(559616K), 0.0019474 secs] [Times: user=0.00 sys=0.00, real=0.00 secs] 
2024-07-05T02:08:05.137+0800: 4793.847: [GC (Allocation Failure) [PSYoungGen: 80592K->576K(81920K)] 392186K->312178K(560128K), 0.0021703 secs] [Times: user=0.00 sys=0.00, real=0.00 secs] 
2024-07-05T02:08:05.706+0800: 4794.417: [GC (Allocation Failure) [PSYoungGen: 80513K->64K(80384K)] 392115K->311674K(558592K), 0.0019259 secs] [Times: user=0.00 sys=0.00, real=0.00 secs] 
2024-07-05T02:08:06.274+0800: 4794.985: [GC (Allocation Failure) [PSYoungGen: 79483K->608K(80896K)] 391093K->312218K(559104K), 0.0022323 secs] [Times: user=0.00 sys=0.00, real=0.00 secs] 
2024-07-05T02:08:06.835+0800: 4795.546: [GC (Allocation Failure) [PSYoungGen: 79501K->64K(79360K)] 391111K->311682K(557568K), 0.0020145 secs] [Times: user=0.00 sys=0.00, real=0.00 secs] 
2024-07-05T02:08:07.394+0800: 4796.105: [GC (Allocation Failure) [PSYoungGen: 78439K->128K(79872K)] 390057K->311754K(558080K), 0.0020015 secs] [Times: user=0.00 sys=0.00, real=0.00 secs] 
2024-07-05T02:08:07.950+0800: 4796.661: [GC (Allocation Failure) [PSYoungGen: 77977K->608K(78848K)] 389603K->312242K(557056K), 0.0024067 secs] [Times: user=0.01 sys=0.00, real=0.00 secs] 
2024-07-05T02:08:08.500+0800: 4797.211: [GC (Allocation Failure) [PSYoungGen: 77935K->608K(78336K)] 389570K->312250K(556544K), 0.0022235 secs] [Times: user=0.01 sys=0.00, real=0.00 secs] 
2024-07-05T02:08:09.054+0800: 4797.765: [GC (Allocation Failure) [PSYoungGen: 77417K->608K(77824K)] 389059K->312258K(556032K), 0.0024060 secs] [Times: user=0.00 sys=0.00, real=0.00 secs] 
2024-07-05T02:08:09.614+0800: 4798.325: [GC (Allocation Failure) [PSYoungGen: 77406K->576K(77312K)] 389056K->312234K(555520K), 0.0021857 secs] [Times: user=0.00 sys=0.00, real=0.00 secs] 
2024-07-05T02:08:10.166+0800: 4798.877: [GC (Allocation Failure) [PSYoungGen: 76852K->96K(76288K)] 388510K->311762K(554496K), 0.0020064 secs] [Times: user=0.00 sys=0.00, real=0.00 secs] 
2024-07-05T02:08:10.703+0800: 4799.414: [GC (Allocation Failure) [PSYoungGen: 75849K->64K(76800K)] 387515K->311738K(555008K), 0.0031126 secs] [Times: user=0.00 sys=0.00, real=0.01 secs] 
2024-07-05T02:08:11.238+0800: 4799.948: [GC (Allocation Failure) [PSYoungGen: 75292K->64K(75264K)] 386966K->311746K(553472K), 0.0025248 secs] [Times: user=0.00 sys=0.00, real=0.00 secs] 
2024-07-05T02:08:11.764+0800: 4800.474: [GC (Allocation Failure) [PSYoungGen: 74770K->608K(75776K)] 386453K->312298K(553984K), 0.0020389 secs] [Times: user=0.00 sys=0.00, real=0.01 secs] 
2024-07-05T02:08:12.289+0800: 4801.000: [GC (Allocation Failure) [PSYoungGen: 74793K->608K(74752K)] 386483K->312306K(552960K), 0.0024180 secs] [Times: user=0.01 sys=0.00, real=0.00 secs] 
2024-07-05T02:08:12.812+0800: 4801.522: [GC (Allocation Failure) [PSYoungGen: 74275K->576K(74240K)] 385973K->312282K(552448K), 0.0022264 secs] [Times: user=0.00 sys=0.00, real=0.01 secs] 
2024-07-05T02:08:13.329+0800: 4802.040: [GC (Allocation Failure) [PSYoungGen: 73720K->608K(73728K)] 385426K->312322K(551936K), 0.0021809 secs] [Times: user=0.00 sys=0.00, real=0.00 secs] 
2024-07-05T02:08:13.849+0800: 4802.560: [GC (Allocation Failure) [PSYoungGen: 73229K->96K(72704K)] 384943K->311818K(550912K), 0.0027941 secs] [Times: user=0.00 sys=0.00, real=0.00 secs] 
2024-07-05T02:08:14.377+0800: 4803.088: [GC (Allocation Failure) [PSYoungGen: 72288K->608K(72704K)] 384010K->312338K(550912K), 0.0024069 secs] [Times: user=0.00 sys=0.00, real=0.00 secs] 
2024-07-05T02:08:14.896+0800: 4803.607: [GC (Allocation Failure) [PSYoungGen: 72181K->608K(72192K)] 383911K->312346K(550400K), 0.0021812 secs] [Times: user=0.00 sys=0.00, real=0.00 secs] 
2024-07-05T02:08:15.407+0800: 4804.118: [GC (Allocation Failure) [PSYoungGen: 71663K->96K(71168K)] 383401K->311842K(549376K), 0.0019643 secs] [Times: user=0.00 sys=0.00, real=0.00 secs] 
2024-07-05T02:08:15.911+0800: 4804.622: [GC (Allocation Failure) [PSYoungGen: 70628K->608K(71680K)] 382374K->312362K(549888K), 0.0019820 secs] [Times: user=0.01 sys=0.00, real=0.00 secs] 
2024-07-05T02:08:16.416+0800: 4805.127: [GC (Allocation Failure) [PSYoungGen: 70614K->608K(70656K)] 382368K->312370K(548864K), 0.0030127 secs] [Times: user=0.00 sys=0.00, real=0.00 secs] 
2024-07-05T02:08:16.915+0800: 4805.625: [GC (Allocation Failure) [PSYoungGen: 70097K->608K(70144K)] 381859K->312378K(548352K), 0.0020025 secs] [Times: user=0.00 sys=0.00, real=0.00 secs] 
2024-07-05T02:08:17.418+0800: 4806.129: [GC (Allocation Failure) [PSYoungGen: 69574K->640K(69632K)] 381344K->312418K(547840K), 0.0031343 secs] [Times: user=0.01 sys=0.00, real=0.00 secs] 
2024-07-05T02:08:17.914+0800: 4806.624: [GC (Allocation Failure) [PSYoungGen: 69084K->64K(68608K)] 380862K->311850K(546816K), 0.0020506 secs] [Times: user=0.01 sys=0.00, real=0.00 secs] 
2024-07-05T02:08:18.402+0800: 4807.113: [GC (Allocation Failure) [PSYoungGen: 67985K->640K(68608K)] 379772K->312434K(546816K), 0.0020652 secs] [Times: user=0.00 sys=0.00, real=0.00 secs] 
2024-07-05T02:08:18.890+0800: 4807.601: [GC (Allocation Failure) [PSYoungGen: 68036K->64K(75264K)] 379830K->311866K(553472K), 0.0038695 secs] [Times: user=0.01 sys=0.00, real=0.01 secs] 
2024-07-05T02:08:19.430+0800: 4808.141: [GC (Allocation Failure) [PSYoungGen: 74776K->592K(75264K)] 386578K->312402K(553472K), 0.0024532 secs] [Times: user=0.01 sys=0.00, real=0.00 secs] 
2024-07-05T02:08:19.962+0800: 4808.673: [GC (Allocation Failure) [PSYoungGen: 74777K->576K(74752K)] 386587K->312394K(552960K), 0.0026231 secs] [Times: user=0.00 sys=0.00, real=0.00 secs] 
2024-07-05T02:08:20.497+0800: 4809.207: [GC (Allocation Failure) [PSYoungGen: 74243K->64K(73728K)] 386061K->311890K(551936K), 0.0021495 secs] [Times: user=0.00 sys=0.00, real=0.00 secs] 
2024-07-05T02:08:21.020+0800: 4809.731: [GC (Allocation Failure) [PSYoungGen: 73208K->128K(74240K)] 385034K->311962K(552448K), 0.0019499 secs] [Times: user=0.00 sys=0.01, real=0.00 secs] 
2024-07-05T02:08:21.540+0800: 4810.250: [GC (Allocation Failure) [PSYoungGen: 72745K->128K(72704K)] 384580K->311970K(550912K), 0.0019586 secs] [Times: user=0.00 sys=0.00, real=0.00 secs] 
2024-07-05T02:08:22.058+0800: 4810.768: [GC (Allocation Failure) [PSYoungGen: 72225K->640K(73216K)] 384067K->312490K(551424K), 0.0020701 secs] [Times: user=0.01 sys=0.00, real=0.00 secs] 
2024-07-05T02:08:22.590+0800: 4811.301: [GC (Allocation Failure) [PSYoungGen: 72215K->64K(71680K)] 384065K->311922K(549888K), 0.0021528 secs] [Times: user=0.00 sys=0.00, real=0.00 secs] 
2024-07-05T02:08:23.102+0800: 4811.813: [GC (Allocation Failure) [PSYoungGen: 71121K->128K(72192K)] 382979K->311994K(550400K), 0.0031082 secs] [Times: user=0.00 sys=0.00, real=0.00 secs] 
2024-07-05T02:08:23.606+0800: 4812.317: [GC (Allocation Failure) [PSYoungGen: 70658K->576K(71168K)] 382524K->312450K(549376K), 0.0033044 secs] [Times: user=0.00 sys=0.00, real=0.00 secs] 
2024-07-05T02:08:24.122+0800: 4812.833: [GC (Allocation Failure) [PSYoungGen: 70584K->64K(70144K)] 382458K->311946K(548352K), 0.0023620 secs] [Times: user=0.01 sys=0.00, real=0.00 secs] 
2024-07-05T02:08:24.634+0800: 4813.345: [GC (Allocation Failure) [PSYoungGen: 69554K->640K(70144K)] 381436K->312530K(548352K), 0.0020858 secs] [Times: user=0.01 sys=0.00, real=0.00 secs] 
2024-07-05T02:08:25.142+0800: 4813.853: [GC (Allocation Failure) [PSYoungGen: 69603K->128K(69120K)] 381494K->312026K(547328K), 0.0021009 secs] [Times: user=0.01 sys=0.00, real=0.00 secs] 
2024-07-05T02:08:25.638+0800: 4814.349: [GC (Allocation Failure) [PSYoungGen: 68574K->640K(69120K)] 380472K->312546K(547328K), 0.0020939 secs] [Times: user=0.00 sys=0.00, real=0.00 secs] 
2024-07-05T02:08:26.130+0800: 4814.841: [GC (Allocation Failure) [PSYoungGen: 68559K->128K(68096K)] 380465K->312042K(546304K), 0.0019926 secs] [Times: user=0.00 sys=0.00, real=0.00 secs] 
2024-07-05T02:08:26.614+0800: 4815.325: [GC (Allocation Failure) [PSYoungGen: 67529K->608K(68096K)] 379443K->312530K(546304K), 0.0021126 secs] [Times: user=0.00 sys=0.00, real=0.00 secs] 
2024-07-05T02:08:27.106+0800: 4815.817: [GC (Allocation Failure) [PSYoungGen: 67483K->64K(67072K)] 379405K->311994K(545280K), 0.0020783 secs] [Times: user=0.01 sys=0.00, real=0.00 secs] 
2024-07-05T02:08:27.598+0800: 4816.309: [GC (Allocation Failure) [PSYoungGen: 66619K->64K(66560K)] 378549K->312002K(544768K), 0.0020368 secs] [Times: user=0.00 sys=0.00, real=0.00 secs] 
2024-07-05T02:08:28.074+0800: 4816.785: [GC (Allocation Failure) [PSYoungGen: 65894K->128K(67072K)] 377833K->312074K(545280K), 0.0018967 secs] [Times: user=0.00 sys=0.00, real=0.00 secs] 
2024-07-05T02:08:28.546+0800: 4817.257: [GC (Allocation Failure) [PSYoungGen: 65436K->64K(65536K)] 377383K->312018K(543744K), 0.0021430 secs] [Times: user=0.00 sys=0.00, real=0.00 secs] 
2024-07-05T02:08:29.018+0800: 4817.729: [GC (Allocation Failure) [PSYoungGen: 64851K->128K(65536K)] 376805K->312090K(543744K), 0.0018656 secs] [Times: user=0.01 sys=0.00, real=0.00 secs] 
2024-07-05T02:08:29.485+0800: 4818.196: [GC (Allocation Failure) [PSYoungGen: 64394K->640K(65024K)] 376356K->312610K(543232K), 0.0020269 secs] [Times: user=0.00 sys=0.00, real=0.01 secs] 
2024-07-05T02:08:30.016+0800: 4818.727: [GC (Allocation Failure) [PSYoungGen: 64640K->1024K(64512K)] 376610K->313330K(542720K), 0.0021452 secs] [Times: user=0.00 sys=0.00, real=0.00 secs] 
2024-07-05T02:08:30.126+0800: 4818.836: [GC (Allocation Failure) [PSYoungGen: 64512K->512K(66048K)] 376818K->313914K(544256K), 0.0021977 secs] [Times: user=0.01 sys=0.00, real=0.00 secs] 
2024-07-05T02:08:30.244+0800: 4818.955: [GC (Allocation Failure) [PSYoungGen: 66048K->2016K(67584K)] 379450K->315426K(545792K), 0.0021969 secs] [Times: user=0.00 sys=0.00, real=0.01 secs] 
2024-07-05T02:08:30.362+0800: 4819.073: [GC (Allocation Failure) [PSYoungGen: 67552K->1568K(77312K)] 380962K->314986K(555520K), 0.0041734 secs] [Times: user=0.00 sys=0.00, real=0.01 secs] 
2024-07-05T02:08:30.502+0800: 4819.213: [GC (Allocation Failure) [PSYoungGen: 76320K->1120K(77312K)] 389738K->314546K(555520K), 0.0023677 secs] [Times: user=0.00 sys=0.00, real=0.00 secs] 
2024-07-05T02:08:30.636+0800: 4819.346: [GC (Allocation Failure) [PSYoungGen: 75872K->2016K(89088K)] 389298K->315450K(567296K), 0.0027178 secs] [Times: user=0.00 sys=0.00, real=0.00 secs] 
2024-07-05T02:08:30.789+0800: 4819.500: [GC (Allocation Failure) [PSYoungGen: 88544K->1472K(89600K)] 401978K->314914K(567808K), 0.0025440 secs] [Times: user=0.00 sys=0.00, real=0.00 secs] 
2024-07-05T02:08:30.942+0800: 4819.653: [GC (Allocation Failure) [PSYoungGen: 88000K->1056K(102400K)] 401442K->314506K(580608K), 0.0024020 secs] [Times: user=0.01 sys=0.00, real=0.00 secs] 
2024-07-05T02:08:31.116+0800: 4819.826: [GC (Allocation Failure) [PSYoungGen: 101408K->2048K(102912K)] 414858K->315514K(581120K), 0.0040791 secs] [Times: user=0.00 sys=0.00, real=0.00 secs] 
2024-07-05T02:08:31.325+0800: 4820.036: [GC (Allocation Failure) [PSYoungGen: 102400K->1536K(119808K)] 415866K->315010K(598016K), 0.0044729 secs] [Times: user=0.01 sys=0.00, real=0.01 secs] 
2024-07-05T02:08:31.533+0800: 4820.244: [GC (Allocation Failure) [PSYoungGen: 118272K->960K(119808K)] 431746K->314442K(598016K), 0.0026043 secs] [Times: user=0.01 sys=0.00, real=0.01 secs] 
2024-07-05T02:08:31.740+0800: 4820.450: [GC (Allocation Failure) [PSYoungGen: 117696K->1120K(137216K)] 431178K->314610K(615424K), 0.0034636 secs] [Times: user=0.00 sys=0.00, real=0.00 secs] 
2024-07-05T02:08:31.984+0800: 4820.695: [GC (Allocation Failure) [PSYoungGen: 136288K->1120K(137728K)] 449778K->314618K(615936K), 0.0025733 secs] [Times: user=0.00 sys=0.00, real=0.01 secs] 
2024-07-05T02:08:32.231+0800: 4820.942: [GC (Allocation Failure) [PSYoungGen: 136288K->1472K(157696K)] 449786K->314978K(635904K), 0.0025927 secs] [Times: user=0.00 sys=0.00, real=0.01 secs] 
2024-07-05T02:08:32.512+0800: 4821.223: [GC (Allocation Failure) [PSYoungGen: 157120K->1184K(158208K)] 470626K->314698K(636416K), 0.0024174 secs] [Times: user=0.01 sys=0.00, real=0.01 secs] 
2024-07-05T02:08:32.793+0800: 4821.504: [GC (Allocation Failure) [PSYoungGen: 156832K->1216K(179712K)] 470346K->314738K(657920K), 0.0023958 secs] [Times: user=0.00 sys=0.00, real=0.01 secs] 
2024-07-05T02:08:33.114+0800: 4821.825: [GC (Allocation Failure) [PSYoungGen: 178880K->1504K(180224K)] 492402K->315034K(658432K), 0.0028914 secs] [Times: user=0.01 sys=0.00, real=0.00 secs] 
2024-07-05T02:08:33.434+0800: 4822.145: [GC (Allocation Failure) [PSYoungGen: 179168K->1472K(203264K)] 492698K->315010K(681472K), 0.0025281 secs] [Times: user=0.00 sys=0.00, real=0.00 secs] 
2024-07-05T02:08:33.824+0800: 4822.534: [GC (Allocation Failure) [PSYoungGen: 203200K->1568K(204288K)] 516738K->315114K(682496K), 0.0028871 secs] [Times: user=0.00 sys=0.01, real=0.01 secs] 
2024-07-05T02:08:34.206+0800: 4822.917: [GC (Allocation Failure) [PSYoungGen: 203296K->2048K(229888K)] 516842K->315602K(708096K), 0.0027093 secs] [Times: user=0.01 sys=0.00, real=0.00 secs] 
2024-07-05T02:08:34.608+0800: 4823.319: [GC (Allocation Failure) [PSYoungGen: 229888K->1184K(230400K)] 543442K->314746K(708608K), 0.0024062 secs] [Times: user=0.01 sys=0.00, real=0.00 secs] 
2024-07-05T02:08:35.010+0800: 4823.721: [GC (Allocation Failure) [PSYoungGen: 229024K->1344K(236032K)] 542586K->314914K(714240K), 0.0030658 secs] [Times: user=0.00 sys=0.00, real=0.00 secs] 
2024-07-05T02:08:35.411+0800: 4824.122: [GC (Allocation Failure) [PSYoungGen: 234816K->1056K(236032K)] 548386K->314634K(714240K), 0.0023043 secs] [Times: user=0.01 sys=0.00, real=0.00 secs] 
2024-07-05T02:08:35.823+0800: 4824.533: [GC (Allocation Failure) [PSYoungGen: 234528K->1728K(236032K)] 548106K->315314K(714240K), 0.0022354 secs] [Times: user=0.00 sys=0.00, real=0.00 secs] 
2024-07-05T02:08:36.234+0800: 4824.945: [GC (Allocation Failure) [PSYoungGen: 235200K->1472K(236032K)] 548786K->315066K(714240K), 0.0021780 secs] [Times: user=0.00 sys=0.00, real=0.00 secs] 
2024-07-05T02:08:36.635+0800: 4825.346: [GC (Allocation Failure) [PSYoungGen: 234944K->1248K(236032K)] 548538K->314850K(714240K), 0.0020577 secs] [Times: user=0.01 sys=0.00, real=0.00 secs] 
2024-07-05T02:08:37.039+0800: 4825.750: [GC (Allocation Failure) [PSYoungGen: 234720K->1344K(236032K)] 548322K->314954K(714240K), 0.0020669 secs] [Times: user=0.00 sys=0.00, real=0.00 secs] 
2024-07-05T02:08:37.444+0800: 4826.155: [GC (Allocation Failure) [PSYoungGen: 234816K->1536K(236032K)] 548426K->315154K(714240K), 0.0020994 secs] [Times: user=0.00 sys=0.00, real=0.01 secs] 
2024-07-05T02:08:37.855+0800: 4826.566: [GC (Allocation Failure) [PSYoungGen: 235008K->1440K(235008K)] 548626K->315066K(713216K), 0.0032253 secs] [Times: user=0.00 sys=0.00, real=0.00 secs] 
2024-07-05T02:08:38.263+0800: 4826.974: [GC (Allocation Failure) [PSYoungGen: 234912K->1440K(235520K)] 548538K->315074K(713728K), 0.0023841 secs] [Times: user=0.00 sys=0.00, real=0.00 secs] 
2024-07-05T02:08:38.671+0800: 4827.382: [GC (Allocation Failure) [PSYoungGen: 234912K->1152K(235520K)] 548546K->314794K(713728K), 0.0021154 secs] [Times: user=0.00 sys=0.00, real=0.00 secs] 
2024-07-05T02:08:39.082+0800: 4827.793: [GC (Allocation Failure) [PSYoungGen: 234624K->1680K(236544K)] 548266K->315330K(714752K), 0.0022903 secs] [Times: user=0.00 sys=0.00, real=0.00 secs] 
2024-07-05T02:08:39.570+0800: 4828.281: [GC (Allocation Failure) [PSYoungGen: 236176K->1808K(236544K)] 549826K->315466K(714752K), 0.0038964 secs] [Times: user=0.00 sys=0.00, real=0.01 secs] 
2024-07-05T02:08:39.965+0800: 4828.676: [GC (Allocation Failure) [PSYoungGen: 236304K->1760K(235520K)] 549962K->315426K(713728K), 0.0024918 secs] [Times: user=0.01 sys=0.00, real=0.01 secs] 
2024-07-05T02:08:40.366+0800: 4829.077: [GC (Allocation Failure) [PSYoungGen: 235232K->1664K(236032K)] 548898K->315338K(714240K), 0.0025941 secs] [Times: user=0.00 sys=0.00, real=0.00 secs] 
2024-07-05T02:08:40.770+0800: 4829.481: [GC (Allocation Failure) [PSYoungGen: 235136K->1600K(236032K)] 548810K->315282K(714240K), 0.0020690 secs] [Times: user=0.00 sys=0.00, real=0.00 secs] 
2024-07-05T02:08:41.161+0800: 4829.872: [GC (Allocation Failure) [PSYoungGen: 235072K->1120K(236032K)] 548754K->314810K(714240K), 0.0020614 secs] [Times: user=0.01 sys=0.00, real=0.00 secs] 
2024-07-05T02:08:41.550+0800: 4830.261: [GC (Allocation Failure) [PSYoungGen: 234592K->1952K(236032K)] 548282K->315650K(714240K), 0.0021656 secs] [Times: user=0.01 sys=0.00, real=0.00 secs] 
2024-07-05T02:08:41.945+0800: 4830.656: [GC (Allocation Failure) [PSYoungGen: 235424K->1312K(236032K)] 549122K->315018K(714240K), 0.0021154 secs] [Times: user=0.01 sys=0.00, real=0.01 secs] 
2024-07-05T02:08:42.340+0800: 4831.051: [GC (Allocation Failure) [PSYoungGen: 234784K->2080K(236032K)] 548490K->315794K(714240K), 0.0021806 secs] [Times: user=0.00 sys=0.00, real=0.00 secs] 
2024-07-05T02:08:42.733+0800: 4831.444: [GC (Allocation Failure) [PSYoungGen: 235552K->1904K(236032K)] 549266K->315626K(714240K), 0.0021785 secs] [Times: user=0.01 sys=0.00, real=0.01 secs] 
2024-07-05T02:08:43.131+0800: 4831.842: [GC (Allocation Failure) [PSYoungGen: 235376K->1376K(236032K)] 549098K->315106K(714240K), 0.0020622 secs] [Times: user=0.01 sys=0.00, real=0.00 secs] 
2024-07-05T02:08:43.524+0800: 4832.235: [GC (Allocation Failure) [PSYoungGen: 234848K->1120K(236032K)] 548578K->314858K(714240K), 0.0020645 secs] [Times: user=0.01 sys=0.00, real=0.01 secs] 
2024-07-05T02:08:43.926+0800: 4832.636: [GC (Allocation Failure) [PSYoungGen: 234592K->1952K(236032K)] 548330K->315698K(714240K), 0.0033620 secs] [Times: user=0.00 sys=0.01, real=0.01 secs] 
2024-07-05T02:08:44.319+0800: 4833.030: [GC (Allocation Failure) [PSYoungGen: 235424K->1280K(236032K)] 549170K->315034K(714240K), 0.0032441 secs] [Times: user=0.00 sys=0.00, real=0.00 secs] 
2024-07-05T02:08:44.709+0800: 4833.420: [GC (Allocation Failure) [PSYoungGen: 234752K->2080K(236032K)] 548506K->315842K(714240K), 0.0023488 secs] [Times: user=0.01 sys=0.00, real=0.00 secs] 
2024-07-05T02:08:45.107+0800: 4833.818: [GC (Allocation Failure) [PSYoungGen: 235552K->2112K(236032K)] 549314K->315882K(714240K), 0.0028279 secs] [Times: user=0.01 sys=0.00, real=0.00 secs] 
2024-07-05T02:08:45.499+0800: 4834.209: [GC (Allocation Failure) [PSYoungGen: 235584K->1504K(236032K)] 549354K->315282K(714240K), 0.0020465 secs] [Times: user=0.01 sys=0.00, real=0.00 secs] 
2024-07-05T02:08:45.894+0800: 4834.605: [GC (Allocation Failure) [PSYoungGen: 234976K->1152K(236032K)] 548754K->314938K(714240K), 0.0020624 secs] [Times: user=0.01 sys=0.00, real=0.00 secs] 
2024-07-05T02:08:46.290+0800: 4835.001: [GC (Allocation Failure) [PSYoungGen: 234624K->1248K(236032K)] 548410K->315042K(714240K), 0.0020595 secs] [Times: user=0.00 sys=0.00, real=0.00 secs] 
2024-07-05T02:08:46.682+0800: 4835.393: [GC (Allocation Failure) [PSYoungGen: 234720K->2080K(236032K)] 548514K->315882K(714240K), 0.0020843 secs] [Times: user=0.00 sys=0.00, real=0.00 secs] 
2024-07-05T02:08:47.079+0800: 4835.790: [GC (Allocation Failure) [PSYoungGen: 235552K->1824K(235008K)] 549354K->315634K(713216K), 0.0021719 secs] [Times: user=0.01 sys=0.00, real=0.00 secs] 
2024-07-05T02:08:47.471+0800: 4836.182: [GC (Allocation Failure) [PSYoungGen: 234272K->1456K(235520K)] 548082K->315274K(713728K), 0.0021036 secs] [Times: user=0.01 sys=0.00, real=0.00 secs] 
2024-07-05T02:08:47.862+0800: 4836.573: [GC (Allocation Failure) [PSYoungGen: 233904K->1600K(235520K)] 547722K->315426K(713728K), 0.0021394 secs] [Times: user=0.01 sys=0.00, real=0.00 secs] 
2024-07-05T02:08:48.249+0800: 4836.959: [GC (Allocation Failure) [PSYoungGen: 234560K->1888K(235520K)] 548386K->315722K(713728K), 0.0025827 secs] [Times: user=0.00 sys=0.00, real=0.00 secs] 
2024-07-05T02:08:48.653+0800: 4837.363: [GC (Allocation Failure) [PSYoungGen: 234848K->1760K(236032K)] 548682K->315602K(714240K), 0.0024202 secs] [Times: user=0.00 sys=0.00, real=0.01 secs] 
2024-07-05T02:08:49.062+0800: 4837.773: [GC (Allocation Failure) [PSYoungGen: 235232K->1184K(236032K)] 549074K->315034K(714240K), 0.0034444 secs] [Times: user=0.01 sys=0.00, real=0.01 secs] 
2024-07-05T02:08:49.454+0800: 4838.165: [GC (Allocation Failure) [PSYoungGen: 234656K->1408K(236032K)] 548506K->315266K(714240K), 0.0030203 secs] [Times: user=0.00 sys=0.00, real=0.00 secs] 
2024-07-05T02:08:49.847+0800: 4838.558: [GC (Allocation Failure) [PSYoungGen: 234880K->1488K(236032K)] 548738K->315354K(714240K), 0.0022329 secs] [Times: user=0.00 sys=0.00, real=0.00 secs] 
2024-07-05T02:08:50.242+0800: 4838.953: [GC (Allocation Failure) [PSYoungGen: 234960K->1440K(236032K)] 548826K->315314K(714240K), 0.0021645 secs] [Times: user=0.00 sys=0.00, real=0.00 secs] 
2024-07-05T02:08:50.634+0800: 4839.345: [GC (Allocation Failure) [PSYoungGen: 234912K->1424K(236032K)] 548786K->315306K(714240K), 0.0035123 secs] [Times: user=0.01 sys=0.00, real=0.00 secs] 
2024-07-05T02:08:51.025+0800: 4839.735: [GC (Allocation Failure) [PSYoungGen: 234896K->1664K(236032K)] 548778K->315554K(714240K), 0.0025356 secs] [Times: user=0.01 sys=0.00, real=0.01 secs] 
2024-07-05T02:08:51.418+0800: 4840.129: [GC (Allocation Failure) [PSYoungGen: 235136K->1184K(236032K)] 549026K->315082K(714240K), 0.0020923 secs] [Times: user=0.00 sys=0.00, real=0.00 secs] 
2024-07-05T02:08:51.819+0800: 4840.530: [GC (Allocation Failure) [PSYoungGen: 234656K->1408K(236032K)] 548554K->315314K(714240K), 0.0034922 secs] [Times: user=0.01 sys=0.00, real=0.00 secs] 
2024-07-05T02:08:52.224+0800: 4840.935: [GC (Allocation Failure) [PSYoungGen: 234880K->1600K(236032K)] 548786K->315514K(714240K), 0.0024207 secs] [Times: user=0.00 sys=0.00, real=0.01 secs] 
2024-07-05T02:08:52.613+0800: 4841.324: [GC (Allocation Failure) [PSYoungGen: 235072K->2080K(236032K)] 548986K->316002K(714240K), 0.0023445 secs] [Times: user=0.01 sys=0.00, real=0.01 secs] 
2024-07-05T02:08:53.006+0800: 4841.717: [GC (Allocation Failure) [PSYoungGen: 235552K->1376K(236032K)] 549474K->315306K(714240K), 0.0036777 secs] [Times: user=0.01 sys=0.00, real=0.00 secs] 
2024-07-05T02:08:53.395+0800: 4842.106: [GC (Allocation Failure) [PSYoungGen: 234848K->1440K(236032K)] 548778K->315378K(714240K), 0.0021707 secs] [Times: user=0.00 sys=0.00, real=0.00 secs] 
2024-07-05T02:08:53.801+0800: 4842.511: [GC (Allocation Failure) [PSYoungGen: 234912K->1120K(236032K)] 548850K->315066K(714240K), 0.0023743 secs] [Times: user=0.00 sys=0.00, real=0.00 secs] 
2024-07-05T02:08:54.198+0800: 4842.909: [GC (Allocation Failure) [PSYoungGen: 234592K->1888K(236032K)] 548538K->315842K(714240K), 0.0021117 secs] [Times: user=0.01 sys=0.00, real=0.00 secs] 
2024-07-05T02:08:54.605+0800: 4843.316: [GC (Allocation Failure) [PSYoungGen: 235360K->1600K(236032K)] 549314K->315562K(714240K), 0.0022746 secs] [Times: user=0.00 sys=0.00, real=0.01 secs] 
2024-07-05T02:08:55.007+0800: 4843.718: [GC (Allocation Failure) [PSYoungGen: 235072K->1360K(236032K)] 549034K->315338K(714240K), 0.0022278 secs] [Times: user=0.00 sys=0.00, real=0.00 secs] 
2024-07-05T02:08:55.418+0800: 4844.129: [GC (Allocation Failure) [PSYoungGen: 234832K->1616K(236032K)] 548810K->315602K(714240K), 0.0030157 secs] [Times: user=0.00 sys=0.00, real=0.00 secs] 
2024-07-05T02:08:55.812+0800: 4844.523: [GC (Allocation Failure) [PSYoungGen: 235088K->1216K(236032K)] 549074K->315210K(714240K), 0.0025046 secs] [Times: user=0.00 sys=0.00, real=0.01 secs] 
2024-07-05T02:08:56.210+0800: 4844.920: [GC (Allocation Failure) [PSYoungGen: 234688K->1216K(236032K)] 548682K->315218K(714240K), 0.0034446 secs] [Times: user=0.00 sys=0.00, real=0.00 secs] 
2024-07-05T02:08:56.598+0800: 4845.309: [GC (Allocation Failure) [PSYoungGen: 234688K->992K(236032K)] 548690K->315002K(714240K), 0.0021435 secs] [Times: user=0.00 sys=0.00, real=0.00 secs] 
2024-07-05T02:08:57.001+0800: 4845.712: [GC (Allocation Failure) [PSYoungGen: 234464K->1760K(236032K)] 548474K->315778K(714240K), 0.0021755 secs] [Times: user=0.00 sys=0.00, real=0.00 secs] 
2024-07-05T02:08:57.395+0800: 4846.106: [GC (Allocation Failure) [PSYoungGen: 235232K->1376K(236032K)] 549250K->315402K(714240K), 0.0021123 secs] [Times: user=0.00 sys=0.00, real=0.00 secs] 
2024-07-05T02:08:57.791+0800: 4846.502: [GC (Allocation Failure) [PSYoungGen: 234848K->1280K(236032K)] 548874K->315314K(714240K), 0.0020909 secs] [Times: user=0.01 sys=0.00, real=0.00 secs] 
2024-07-05T02:08:58.185+0800: 4846.896: [GC (Allocation Failure) [PSYoungGen: 234752K->1280K(236032K)] 548786K->315322K(714240K), 0.0020887 secs] [Times: user=0.01 sys=0.00, real=0.01 secs] 
2024-07-05T02:08:58.580+0800: 4847.290: [GC (Allocation Failure) [PSYoungGen: 234752K->640K(236032K)] 548794K->314690K(714240K), 0.0023344 secs] [Times: user=0.01 sys=0.00, real=0.00 secs] 
2024-07-05T02:08:58.981+0800: 4847.692: [GC (Allocation Failure) [PSYoungGen: 234112K->1728K(236032K)] 548162K->315786K(714240K), 0.0025216 secs] [Times: user=0.00 sys=0.00, real=0.00 secs] 
2024-07-05T02:08:59.411+0800: 4848.122: [GC (Allocation Failure) [PSYoungGen: 235200K->1728K(236032K)] 549258K->315794K(714240K), 0.0031488 secs] [Times: user=0.00 sys=0.00, real=0.01 secs] 
2024-07-05T02:08:59.799+0800: 4848.510: [GC (Allocation Failure) [PSYoungGen: 235200K->1792K(236032K)] 549266K->315866K(714240K), 0.0021745 secs] [Times: user=0.01 sys=0.00, real=0.00 secs] 
2024-07-05T02:09:00.202+0800: 4848.912: [GC (Allocation Failure) [PSYoungGen: 235264K->1248K(236032K)] 549338K->315330K(714240K), 0.0020378 secs] [Times: user=0.01 sys=0.00, real=0.00 secs] 
2024-07-05T02:09:00.592+0800: 4849.302: [GC (Allocation Failure) [PSYoungGen: 234720K->1376K(236032K)] 548802K->315466K(714240K), 0.0030031 secs] [Times: user=0.00 sys=0.00, real=0.01 secs] 
2024-07-05T02:09:00.986+0800: 4849.697: [GC (Allocation Failure) [PSYoungGen: 234848K->1952K(236032K)] 548938K->316050K(714240K), 0.0020827 secs] [Times: user=0.01 sys=0.00, real=0.00 secs] 
2024-07-05T02:09:01.382+0800: 4850.093: [GC (Allocation Failure) [PSYoungGen: 235424K->1504K(236032K)] 549522K->315610K(714240K), 0.0020341 secs] [Times: user=0.00 sys=0.00, real=0.00 secs] 
2024-07-05T02:09:01.774+0800: 4850.484: [GC (Allocation Failure) [PSYoungGen: 234976K->2112K(236032K)] 549082K->316226K(714240K), 0.0021335 secs] [Times: user=0.01 sys=0.00, real=0.00 secs] 
2024-07-05T02:09:02.175+0800: 4850.885: [GC (Allocation Failure) [PSYoungGen: 235584K->752K(236032K)] 549698K->314874K(714240K), 0.0034945 secs] [Times: user=0.01 sys=0.00, real=0.00 secs] 
2024-07-05T02:09:02.573+0800: 4851.284: [GC (Allocation Failure) [PSYoungGen: 234224K->1760K(236032K)] 548346K->315890K(714240K), 0.0023615 secs] [Times: user=0.00 sys=0.00, real=0.01 secs] 
2024-07-05T02:09:02.967+0800: 4851.677: [GC (Allocation Failure) [PSYoungGen: 235232K->1376K(236032K)] 549362K->315514K(714240K), 0.0021615 secs] [Times: user=0.00 sys=0.00, real=0.00 secs] 
2024-07-05T02:09:03.356+0800: 4852.067: [GC (Allocation Failure) [PSYoungGen: 234848K->1936K(236032K)] 548986K->316082K(714240K), 0.0021891 secs] [Times: user=0.01 sys=0.00, real=0.00 secs] 
2024-07-05T02:09:03.757+0800: 4852.467: [GC (Allocation Failure) [PSYoungGen: 235408K->1632K(236032K)] 549554K->315786K(714240K), 0.0022779 secs] [Times: user=0.00 sys=0.00, real=0.00 secs] 
2024-07-05T02:09:04.175+0800: 4852.886: [GC (Allocation Failure) [PSYoungGen: 235104K->1984K(236032K)] 549258K->316146K(714240K), 0.0021012 secs] [Times: user=0.00 sys=0.00, real=0.00 secs] 
2024-07-05T02:09:04.566+0800: 4853.277: [GC (Allocation Failure) [PSYoungGen: 235456K->1696K(236032K)] 549618K->315866K(714240K), 0.0021647 secs] [Times: user=0.00 sys=0.00, real=0.00 secs] 
2024-07-05T02:09:04.963+0800: 4853.673: [GC (Allocation Failure) [PSYoungGen: 235168K->1408K(236032K)] 549338K->315586K(714240K), 0.0020516 secs] [Times: user=0.01 sys=0.00, real=0.00 secs] 
2024-07-05T02:09:05.355+0800: 4854.066: [GC (Allocation Failure) [PSYoungGen: 234880K->752K(236032K)] 549058K->314938K(714240K), 0.0029390 secs] [Times: user=0.01 sys=0.00, real=0.00 secs] 
2024-07-05T02:09:05.747+0800: 4854.458: [GC (Allocation Failure) [PSYoungGen: 234224K->1344K(236032K)] 548410K->315538K(714240K), 0.0020152 secs] [Times: user=0.00 sys=0.00, real=0.00 secs] 
2024-07-05T02:09:06.147+0800: 4854.858: [GC (Allocation Failure) [PSYoungGen: 234816K->1120K(236032K)] 549010K->315322K(714240K), 0.0022954 secs] [Times: user=0.01 sys=0.00, real=0.00 secs] 
2024-07-05T02:09:06.538+0800: 4855.249: [GC (Allocation Failure) [PSYoungGen: 234592K->1216K(236032K)] 548794K->315426K(714240K), 0.0019759 secs] [Times: user=0.01 sys=0.00, real=0.00 secs] 
2024-07-05T02:09:06.930+0800: 4855.640: [GC (Allocation Failure) [PSYoungGen: 234688K->1408K(236032K)] 548898K->315626K(714240K), 0.0020690 secs] [Times: user=0.01 sys=0.00, real=0.00 secs] 
2024-07-05T02:09:07.315+0800: 4856.026: [GC (Allocation Failure) [PSYoungGen: 234880K->2048K(236032K)] 549098K->316274K(714240K), 0.0021509 secs] [Times: user=0.00 sys=0.00, real=0.00 secs] 
2024-07-05T02:09:07.709+0800: 4856.420: [GC (Allocation Failure) [PSYoungGen: 235520K->1440K(236032K)] 549746K->315674K(714240K), 0.0020585 secs] [Times: user=0.00 sys=0.00, real=0.00 secs] 
2024-07-05T02:09:08.100+0800: 4856.811: [GC (Allocation Failure) [PSYoungGen: 234912K->1504K(236032K)] 549146K->315746K(714240K), 0.0023100 secs] [Times: user=0.00 sys=0.00, real=0.00 secs] 
2024-07-05T02:09:08.499+0800: 4857.210: [GC (Allocation Failure) [PSYoungGen: 234976K->1120K(236032K)] 549218K->315370K(714240K), 0.0022910 secs] [Times: user=0.00 sys=0.00, real=0.00 secs] 
2024-07-05T02:09:08.929+0800: 4857.639: [GC (Allocation Failure) [PSYoungGen: 234592K->1024K(236032K)] 548842K->315282K(714240K), 0.0025763 secs] [Times: user=0.00 sys=0.00, real=0.00 secs] 
2024-07-05T02:09:09.324+0800: 4858.034: [GC (Allocation Failure) [PSYoungGen: 234496K->2048K(236032K)] 548754K->316314K(714240K), 0.0023885 secs] [Times: user=0.00 sys=0.00, real=0.01 secs] 
2024-07-05T02:09:09.717+0800: 4858.428: [GC (Allocation Failure) [PSYoungGen: 235520K->1184K(236032K)] 549786K->315458K(714240K), 0.0020843 secs] [Times: user=0.01 sys=0.00, real=0.00 secs] 
2024-07-05T02:09:10.108+0800: 4858.818: [GC (Allocation Failure) [PSYoungGen: 234656K->1984K(236032K)] 548930K->316266K(714240K), 0.0031650 secs] [Times: user=0.00 sys=0.00, real=0.00 secs] 
2024-07-05T02:09:10.510+0800: 4859.221: [GC (Allocation Failure) [PSYoungGen: 235456K->1616K(236032K)] 549738K->315906K(714240K), 0.0021448 secs] [Times: user=0.00 sys=0.00, real=0.00 secs] 
2024-07-05T02:09:10.907+0800: 4859.617: [GC (Allocation Failure) [PSYoungGen: 235088K->1952K(236032K)] 549378K->316250K(714240K), 0.0021721 secs] [Times: user=0.00 sys=0.00, real=0.00 secs] 
2024-07-05T02:09:11.311+0800: 4860.021: [GC (Allocation Failure) [PSYoungGen: 235424K->1504K(236032K)] 549722K->315810K(714240K), 0.0020894 secs] [Times: user=0.00 sys=0.00, real=0.00 secs] 
2024-07-05T02:09:11.707+0800: 4860.418: [GC (Allocation Failure) [PSYoungGen: 234976K->1312K(236032K)] 549282K->315626K(714240K), 0.0029451 secs] [Times: user=0.00 sys=0.00, real=0.00 secs] 
2024-07-05T02:09:12.109+0800: 4860.820: [GC (Allocation Failure) [PSYoungGen: 234784K->1568K(236032K)] 549098K->315890K(714240K), 0.0021062 secs] [Times: user=0.01 sys=0.00, real=0.00 secs] 
2024-07-05T02:09:12.501+0800: 4861.212: [GC (Allocation Failure) [PSYoungGen: 235040K->1280K(236032K)] 549362K->315610K(714240K), 0.0020941 secs] [Times: user=0.00 sys=0.00, real=0.00 secs] 
2024-07-05T02:09:12.895+0800: 4861.606: [GC (Allocation Failure) [PSYoungGen: 234752K->384K(236032K)] 549082K->314722K(714240K), 0.0020888 secs] [Times: user=0.00 sys=0.00, real=0.00 secs] 
2024-07-05T02:09:13.291+0800: 4862.001: [GC (Allocation Failure) [PSYoungGen: 233856K->2016K(236032K)] 548194K->316362K(714240K), 0.0036505 secs] [Times: user=0.01 sys=0.00, real=0.01 secs] 
2024-07-05T02:09:13.695+0800: 4862.405: [GC (Allocation Failure) [PSYoungGen: 235488K->1056K(236032K)] 549834K->315410K(714240K), 0.0046405 secs] [Times: user=0.00 sys=0.00, real=0.00 secs] 
2024-07-05T02:09:14.114+0800: 4862.825: [GC (Allocation Failure) [PSYoungGen: 234528K->1152K(236032K)] 548882K->315514K(714240K), 0.0023142 secs] [Times: user=0.01 sys=0.00, real=0.00 secs] 
2024-07-05T02:09:14.510+0800: 4863.220: [GC (Allocation Failure) [PSYoungGen: 234624K->1984K(236032K)] 548986K->316354K(714240K), 0.0020809 secs] [Times: user=0.01 sys=0.00, real=0.00 secs] 
2024-07-05T02:09:14.903+0800: 4863.614: [GC (Allocation Failure) [PSYoungGen: 235456K->1216K(236032K)] 549826K->315594K(714240K), 0.0020070 secs] [Times: user=0.01 sys=0.00, real=0.00 secs] 
2024-07-05T02:09:15.303+0800: 4864.014: [GC (Allocation Failure) [PSYoungGen: 234688K->1536K(236032K)] 549066K->315922K(714240K), 0.0021788 secs] [Times: user=0.00 sys=0.00, real=0.00 secs] 
2024-07-05T02:09:15.711+0800: 4864.421: [GC (Allocation Failure) [PSYoungGen: 235008K->1472K(236032K)] 549394K->315866K(714240K), 0.0020341 secs] [Times: user=0.01 sys=0.00, real=0.00 secs] 
2024-07-05T02:09:16.107+0800: 4864.818: [GC (Allocation Failure) [PSYoungGen: 234944K->1248K(236032K)] 549338K->315650K(714240K), 0.0020706 secs] [Times: user=0.00 sys=0.00, real=0.00 secs] 
2024-07-05T02:09:16.499+0800: 4865.209: [GC (Allocation Failure) [PSYoungGen: 234720K->1376K(236032K)] 549122K->315786K(714240K), 0.0020026 secs] [Times: user=0.01 sys=0.00, real=0.00 secs] 
2024-07-05T02:09:16.891+0800: 4865.602: [GC (Allocation Failure) [PSYoungGen: 234848K->1568K(236032K)] 549258K->315986K(714240K), 0.0035999 secs] [Times: user=0.01 sys=0.00, real=0.01 secs] 
2024-07-05T02:09:17.283+0800: 4865.994: [GC (Allocation Failure) [PSYoungGen: 235040K->1744K(236032K)] 549458K->316170K(714240K), 0.0036035 secs] [Times: user=0.00 sys=0.00, real=0.01 secs] 
2024-07-05T02:09:17.692+0800: 4866.403: [GC (Allocation Failure) [PSYoungGen: 235216K->1632K(236032K)] 549642K->316066K(714240K), 0.0020968 secs] [Times: user=0.01 sys=0.00, real=0.01 secs] 
2024-07-05T02:09:18.095+0800: 4866.806: [GC (Allocation Failure) [PSYoungGen: 235104K->1472K(236032K)] 549538K->315914K(714240K), 0.0021052 secs] [Times: user=0.00 sys=0.00, real=0.00 secs] 
2024-07-05T02:09:18.498+0800: 4867.209: [GC (Allocation Failure) [PSYoungGen: 234944K->1280K(236032K)] 549386K->315730K(714240K), 0.0035909 secs] [Times: user=0.01 sys=0.00, real=0.00 secs] 
2024-07-05T02:09:18.912+0800: 4867.623: [GC (Allocation Failure) [PSYoungGen: 234752K->1248K(236032K)] 549202K->315706K(714240K), 0.0021498 secs] [Times: user=0.00 sys=0.00, real=0.01 secs] 
2024-07-05T02:09:19.314+0800: 4868.025: [GC (Allocation Failure) [PSYoungGen: 234720K->1696K(236032K)] 549178K->316162K(714240K), 0.0020679 secs] [Times: user=0.00 sys=0.00, real=0.00 secs] 
2024-07-05T02:09:19.707+0800: 4868.418: [GC (Allocation Failure) [PSYoungGen: 235168K->1824K(236032K)] 549634K->316298K(714240K), 0.0020806 secs] [Times: user=0.00 sys=0.00, real=0.00 secs] 
2024-07-05T02:09:20.106+0800: 4868.817: [GC (Allocation Failure) [PSYoungGen: 235296K->1216K(236032K)] 549770K->315698K(714240K), 0.0022146 secs] [Times: user=0.01 sys=0.00, real=0.00 secs] 
2024-07-05T02:09:20.548+0800: 4869.259: [GC (Allocation Failure) [PSYoungGen: 234688K->1504K(236032K)] 549170K->315994K(714240K), 0.0021467 secs] [Times: user=0.01 sys=0.00, real=0.00 secs] 
2024-07-05T02:09:20.942+0800: 4869.653: [GC (Allocation Failure) [PSYoungGen: 234976K->1888K(236032K)] 549466K->316386K(714240K), 0.0021427 secs] [Times: user=0.00 sys=0.00, real=0.00 secs] 
2024-07-05T02:09:21.343+0800: 4870.054: [GC (Allocation Failure) [PSYoungGen: 235360K->1216K(236032K)] 549858K->315722K(714240K), 0.0020608 secs] [Times: user=0.00 sys=0.00, real=0.00 secs] 
2024-07-05T02:09:21.735+0800: 4870.446: [GC (Allocation Failure) [PSYoungGen: 234688K->2016K(236032K)] 549194K->316530K(714240K), 0.0035452 secs] [Times: user=0.00 sys=0.00, real=0.00 secs] 
2024-07-05T02:09:22.140+0800: 4870.850: [GC (Allocation Failure) [PSYoungGen: 235488K->1984K(236032K)] 550002K->316506K(714240K), 0.0026483 secs] [Times: user=0.01 sys=0.00, real=0.00 secs] 
2024-07-05T02:09:22.539+0800: 4871.249: [GC (Allocation Failure) [PSYoungGen: 235456K->1664K(236032K)] 549978K->316194K(714240K), 0.0033163 secs] [Times: user=0.00 sys=0.00, real=0.00 secs] 
2024-07-05T02:09:22.947+0800: 4871.658: [GC (Allocation Failure) [PSYoungGen: 235136K->1440K(236032K)] 549666K->315978K(714240K), 0.0022260 secs] [Times: user=0.01 sys=0.00, real=0.00 secs] 
2024-07-05T02:09:23.343+0800: 4872.053: [GC (Allocation Failure) [PSYoungGen: 234912K->1408K(236032K)] 549450K->315954K(714240K), 0.0020901 secs] [Times: user=0.00 sys=0.00, real=0.00 secs] 
2024-07-05T02:09:23.750+0800: 4872.461: [GC (Allocation Failure) [PSYoungGen: 234880K->1248K(236032K)] 549426K->315802K(714240K), 0.0020516 secs] [Times: user=0.01 sys=0.00, real=0.00 secs] 
2024-07-05T02:09:24.168+0800: 4872.879: [GC (Allocation Failure) [PSYoungGen: 234720K->1376K(236032K)] 549274K->315938K(714240K), 0.0020575 secs] [Times: user=0.00 sys=0.00, real=0.00 secs] 
2024-07-05T02:09:24.571+0800: 4873.282: [GC (Allocation Failure) [PSYoungGen: 234848K->1344K(236032K)] 549410K->315914K(714240K), 0.0020760 secs] [Times: user=0.01 sys=0.00, real=0.00 secs] 
2024-07-05T02:09:24.965+0800: 4873.676: [GC (Allocation Failure) [PSYoungGen: 234816K->1216K(236032K)] 549386K->315794K(714240K), 0.0021144 secs] [Times: user=0.01 sys=0.00, real=0.01 secs] 
2024-07-05T02:09:25.370+0800: 4874.081: [GC (Allocation Failure) [PSYoungGen: 234688K->1280K(236032K)] 549266K->315866K(714240K), 0.0037911 secs] [Times: user=0.00 sys=0.00, real=0.01 secs] 
2024-07-05T02:09:25.762+0800: 4874.473: [GC (Allocation Failure) [PSYoungGen: 234752K->1328K(236032K)] 549338K->315922K(714240K), 0.0035029 secs] [Times: user=0.00 sys=0.00, real=0.01 secs] 
2024-07-05T02:09:26.162+0800: 4874.873: [GC (Allocation Failure) [PSYoungGen: 234800K->1216K(235008K)] 549394K->315818K(713216K), 0.0024609 secs] [Times: user=0.00 sys=0.00, real=0.00 secs] 
2024-07-05T02:09:26.559+0800: 4875.269: [GC (Allocation Failure) [PSYoungGen: 234688K->1600K(235520K)] 549290K->316210K(713728K), 0.0020664 secs] [Times: user=0.00 sys=0.00, real=0.00 secs] 
2024-07-05T02:09:26.955+0800: 4875.666: [GC (Allocation Failure) [PSYoungGen: 235072K->1504K(236544K)] 549682K->316122K(714752K), 0.0022707 secs] [Times: user=0.00 sys=0.00, real=0.00 secs] 
2024-07-05T02:09:27.359+0800: 4876.070: [GC (Allocation Failure) [PSYoungGen: 236000K->1696K(236544K)] 550618K->316322K(714752K), 0.0021221 secs] [Times: user=0.01 sys=0.00, real=0.00 secs] 
2024-07-05T02:09:27.763+0800: 4876.473: [GC (Allocation Failure) [PSYoungGen: 236192K->1600K(236544K)] 550818K->316234K(714752K), 0.0022596 secs] [Times: user=0.01 sys=0.00, real=0.00 secs] 
2024-07-05T02:09:28.171+0800: 4876.882: [GC (Allocation Failure) [PSYoungGen: 236096K->1632K(236544K)] 550730K->316274K(714752K), 0.0021045 secs] [Times: user=0.00 sys=0.00, real=0.00 secs] 
2024-07-05T02:09:28.579+0800: 4877.290: [GC (Allocation Failure) [PSYoungGen: 236128K->2016K(235520K)] 550770K->316666K(713728K), 0.0029987 secs] [Times: user=0.00 sys=0.00, real=0.00 secs] 
2024-07-05T02:09:29.015+0800: 4877.725: [GC (Allocation Failure) [PSYoungGen: 235488K->1824K(236032K)] 550138K->316482K(714240K), 0.0039154 secs] [Times: user=0.00 sys=0.00, real=0.00 secs] 
2024-07-05T02:09:29.414+0800: 4878.125: [GC (Allocation Failure) [PSYoungGen: 235296K->1856K(236032K)] 549954K->316522K(714240K), 0.0021257 secs] [Times: user=0.00 sys=0.00, real=0.00 secs] 
2024-07-05T02:09:29.811+0800: 4878.521: [GC (Allocation Failure) [PSYoungGen: 235328K->1280K(236032K)] 549994K->315954K(714240K), 0.0021434 secs] [Times: user=0.01 sys=0.00, real=0.00 secs] 
2024-07-05T02:09:30.196+0800: 4878.907: [GC (Allocation Failure) [PSYoungGen: 234752K->1824K(236032K)] 549426K->316506K(714240K), 0.0021783 secs] [Times: user=0.00 sys=0.00, real=0.00 secs] 
2024-07-05T02:09:30.582+0800: 4879.293: [GC (Allocation Failure) [PSYoungGen: 235296K->1536K(236032K)] 549978K->316226K(714240K), 0.0020654 secs] [Times: user=0.01 sys=0.00, real=0.00 secs] 
2024-07-05T02:09:30.971+0800: 4879.681: [GC (Allocation Failure) [PSYoungGen: 235008K->1280K(236032K)] 549698K->315978K(714240K), 0.0020327 secs] [Times: user=0.00 sys=0.00, real=0.00 secs] 
2024-07-05T02:09:31.394+0800: 4880.104: [GC (Allocation Failure) [PSYoungGen: 234752K->704K(236032K)] 549450K->315410K(714240K), 0.0020675 secs] [Times: user=0.00 sys=0.00, real=0.00 secs] 
2024-07-05T02:09:31.820+0800: 4880.531: [GC (Allocation Failure) [PSYoungGen: 234176K->2016K(236032K)] 548882K->316730K(714240K), 0.0021572 secs] [Times: user=0.01 sys=0.00, real=0.00 secs] 
2024-07-05T02:09:32.254+0800: 4880.964: [GC (Allocation Failure) [PSYoungGen: 235488K->1184K(229888K)] 550202K->315906K(708096K), 0.0021936 secs] [Times: user=0.00 sys=0.00, real=0.01 secs] 
2024-07-05T02:09:32.665+0800: 4881.375: [GC (Allocation Failure) [PSYoungGen: 229536K->1024K(224256K)] 544258K->315754K(702464K), 0.0021055 secs] [Times: user=0.01 sys=0.00, real=0.01 secs] 
2024-07-05T02:09:33.062+0800: 4881.772: [GC (Allocation Failure) [PSYoungGen: 224256K->1376K(219648K)] 538986K->316114K(697856K), 0.0020915 secs] [Times: user=0.00 sys=0.00, real=0.00 secs] 
2024-07-05T02:09:33.446+0800: 4882.157: [GC (Allocation Failure) [PSYoungGen: 219488K->1248K(215040K)] 534226K->315994K(693248K), 0.0021985 secs] [Times: user=0.00 sys=0.00, real=0.00 secs] 
2024-07-05T02:09:33.844+0800: 4882.555: [GC (Allocation Failure) [PSYoungGen: 214752K->1728K(231936K)] 529498K->316482K(710144K), 0.0021860 secs] [Times: user=0.00 sys=0.00, real=0.01 secs] 
2024-07-05T02:09:34.234+0800: 4882.945: [GC (Allocation Failure) [PSYoungGen: 231104K->960K(236032K)] 545858K->315722K(714240K), 0.0031592 secs] [Times: user=0.01 sys=0.00, real=0.00 secs] 
2024-07-05T02:09:34.658+0800: 4883.368: [GC (Allocation Failure) [PSYoungGen: 234432K->1456K(236032K)] 549194K->316226K(714240K), 0.0022591 secs] [Times: user=0.00 sys=0.00, real=0.00 secs] 
2024-07-05T02:09:35.073+0800: 4883.783: [GC (Allocation Failure) [PSYoungGen: 234928K->1504K(236032K)] 549698K->316282K(714240K), 0.0025156 secs] [Times: user=0.00 sys=0.00, real=0.01 secs] 
2024-07-05T02:09:35.497+0800: 4884.207: [GC (Allocation Failure) [PSYoungGen: 234976K->1536K(236032K)] 549754K->316322K(714240K), 0.0022309 secs] [Times: user=0.00 sys=0.00, real=0.00 secs] 
2024-07-05T02:09:35.914+0800: 4884.625: [GC (Allocation Failure) [PSYoungGen: 235008K->1216K(236032K)] 549794K->316010K(714240K), 0.0038093 secs] [Times: user=0.00 sys=0.00, real=0.00 secs] 
2024-07-05T02:09:36.331+0800: 4885.041: [GC (Allocation Failure) [PSYoungGen: 234688K->1408K(235008K)] 549482K->316210K(713216K), 0.0029871 secs] [Times: user=0.00 sys=0.00, real=0.01 secs] 
2024-07-05T02:09:36.747+0800: 4885.457: [GC (Allocation Failure) [PSYoungGen: 234880K->1696K(235008K)] 549682K->316506K(713216K), 0.0040289 secs] [Times: user=0.01 sys=0.00, real=0.00 secs] 
2024-07-05T02:09:37.159+0800: 4885.870: [GC (Allocation Failure) [PSYoungGen: 234656K->1792K(235520K)] 549466K->316610K(713728K), 0.0032281 secs] [Times: user=0.01 sys=0.00, real=0.00 secs] 
2024-07-05T02:09:37.579+0800: 4886.290: [GC (Allocation Failure) [PSYoungGen: 234752K->1664K(236032K)] 549570K->316490K(714240K), 0.0023104 secs] [Times: user=0.00 sys=0.00, real=0.00 secs] 
2024-07-05T02:09:37.995+0800: 4886.706: [GC (Allocation Failure) [PSYoungGen: 235136K->1504K(236032K)] 549962K->316338K(714240K), 0.0021956 secs] [Times: user=0.00 sys=0.00, real=0.00 secs] 
2024-07-05T02:09:38.416+0800: 4887.127: [GC (Allocation Failure) [PSYoungGen: 234976K->1056K(236032K)] 549810K->315898K(714240K), 0.0026069 secs] [Times: user=0.01 sys=0.00, real=0.00 secs] 
2024-07-05T02:09:38.841+0800: 4887.551: [GC (Allocation Failure) [PSYoungGen: 234528K->1856K(236032K)] 549370K->316706K(714240K), 0.0022415 secs] [Times: user=0.00 sys=0.00, real=0.00 secs] 
2024-07-05T02:09:39.259+0800: 4887.970: [GC (Allocation Failure) [PSYoungGen: 235328K->1952K(236032K)] 550178K->316810K(714240K), 0.0035483 secs] [Times: user=0.00 sys=0.00, real=0.00 secs] 
2024-07-05T02:09:39.679+0800: 4888.389: [GC (Allocation Failure) [PSYoungGen: 235424K->1984K(236032K)] 550282K->316850K(714240K), 0.0035915 secs] [Times: user=0.00 sys=0.00, real=0.00 secs] 
2024-07-05T02:09:40.082+0800: 4888.792: [GC (Allocation Failure) [PSYoungGen: 235456K->2016K(236032K)] 550322K->316890K(714240K), 0.0029139 secs] [Times: user=0.01 sys=0.00, real=0.00 secs] 
2024-07-05T02:09:40.474+0800: 4889.185: [GC (Allocation Failure) [PSYoungGen: 235488K->1408K(236032K)] 550362K->316290K(714240K), 0.0020552 secs] [Times: user=0.00 sys=0.00, real=0.00 secs] 
2024-07-05T02:09:40.890+0800: 4889.601: [GC (Allocation Failure) [PSYoungGen: 234880K->1472K(236032K)] 549762K->316362K(714240K), 0.0020904 secs] [Times: user=0.01 sys=0.00, real=0.00 secs] 
2024-07-05T02:09:41.310+0800: 4890.021: [GC (Allocation Failure) [PSYoungGen: 234944K->1728K(236032K)] 549834K->316626K(714240K), 0.0022370 secs] [Times: user=0.00 sys=0.00, real=0.00 secs] 
2024-07-05T02:09:41.730+0800: 4890.441: [GC (Allocation Failure) [PSYoungGen: 235200K->1568K(236032K)] 550098K->316474K(714240K), 0.0021185 secs] [Times: user=0.01 sys=0.00, real=0.00 secs] 
2024-07-05T02:09:42.142+0800: 4890.853: [GC (Allocation Failure) [PSYoungGen: 235040K->1536K(236032K)] 549946K->316450K(714240K), 0.0036242 secs] [Times: user=0.00 sys=0.00, real=0.01 secs] 
2024-07-05T02:09:42.582+0800: 4891.293: [GC (Allocation Failure) [PSYoungGen: 235008K->1920K(236032K)] 549922K->316842K(714240K), 0.0021746 secs] [Times: user=0.00 sys=0.00, real=0.00 secs] 
2024-07-05T02:09:43.042+0800: 4891.753: [GC (Allocation Failure) [PSYoungGen: 235392K->1312K(236032K)] 550314K->316242K(714240K), 0.0021062 secs] [Times: user=0.00 sys=0.00, real=0.00 secs] 
2024-07-05T02:09:43.499+0800: 4892.210: [GC (Allocation Failure) [PSYoungGen: 234784K->1152K(236032K)] 549714K->316090K(714240K), 0.0022607 secs] [Times: user=0.00 sys=0.00, real=0.00 secs] 
2024-07-05T02:09:43.935+0800: 4892.645: [GC (Allocation Failure) [PSYoungGen: 234624K->1568K(236032K)] 549562K->316514K(714240K), 0.0021653 secs] [Times: user=0.00 sys=0.00, real=0.00 secs] 
2024-07-05T02:09:44.319+0800: 4893.029: [GC (Allocation Failure) [PSYoungGen: 235040K->1936K(236032K)] 549986K->316890K(714240K), 0.0021219 secs] [Times: user=0.00 sys=0.00, real=0.00 secs] 
2024-07-05T02:09:44.704+0800: 4893.414: [GC (Allocation Failure) [PSYoungGen: 235408K->1456K(236032K)] 550362K->316418K(714240K), 0.0030574 secs] [Times: user=0.01 sys=0.00, real=0.01 secs] 
2024-07-05T02:09:45.087+0800: 4893.798: [GC (Allocation Failure) [PSYoungGen: 234928K->1984K(236032K)] 549890K->316954K(714240K), 0.0021500 secs] [Times: user=0.00 sys=0.00, real=0.00 secs] 
2024-07-05T02:09:45.474+0800: 4894.184: [GC (Allocation Failure) [PSYoungGen: 235456K->1024K(236032K)] 550426K->316002K(714240K), 0.0020005 secs] [Times: user=0.00 sys=0.00, real=0.00 secs] 
2024-07-05T02:09:45.859+0800: 4894.569: [GC (Allocation Failure) [PSYoungGen: 234496K->1824K(236032K)] 549474K->316810K(714240K), 0.0020450 secs] [Times: user=0.00 sys=0.00, real=0.00 secs] 
2024-07-05T02:09:46.245+0800: 4894.956: [GC (Allocation Failure) [PSYoungGen: 235296K->1440K(236032K)] 550282K->316434K(714240K), 0.0021362 secs] [Times: user=0.01 sys=0.00, real=0.01 secs] 
2024-07-05T02:09:46.633+0800: 4895.344: [GC (Allocation Failure) [PSYoungGen: 234912K->1728K(236032K)] 549906K->316730K(714240K), 0.0021110 secs] [Times: user=0.01 sys=0.00, real=0.01 secs] 
2024-07-05T02:09:47.022+0800: 4895.733: [GC (Allocation Failure) [PSYoungGen: 235200K->1728K(236032K)] 550202K->316738K(714240K), 0.0020812 secs] [Times: user=0.00 sys=0.00, real=0.00 secs] 
2024-07-05T02:09:47.413+0800: 4896.124: [GC (Allocation Failure) [PSYoungGen: 235200K->1184K(236032K)] 550210K->316202K(714240K), 0.0020263 secs] [Times: user=0.01 sys=0.00, real=0.01 secs] 
2024-07-05T02:09:47.798+0800: 4896.509: [GC (Allocation Failure) [PSYoungGen: 234656K->1904K(236032K)] 549674K->316930K(714240K), 0.0036569 secs] [Times: user=0.00 sys=0.00, real=0.00 secs] 
2024-07-05T02:09:48.187+0800: 4896.897: [GC (Allocation Failure) [PSYoungGen: 235376K->1824K(236032K)] 550402K->316858K(714240K), 0.0039756 secs] [Times: user=0.01 sys=0.00, real=0.00 secs] 
2024-07-05T02:09:48.582+0800: 4897.293: [GC (Allocation Failure) [PSYoungGen: 235296K->1632K(236032K)] 550330K->316674K(714240K), 0.0021677 secs] [Times: user=0.01 sys=0.00, real=0.00 secs] 
2024-07-05T02:09:48.974+0800: 4897.685: [GC (Allocation Failure) [PSYoungGen: 235104K->1184K(236032K)] 550146K->316234K(714240K), 0.0020393 secs] [Times: user=0.01 sys=0.00, real=0.00 secs] 
2024-07-05T02:09:49.358+0800: 4898.069: [GC (Allocation Failure) [PSYoungGen: 234656K->1472K(236032K)] 549706K->316530K(714240K), 0.0036260 secs] [Times: user=0.01 sys=0.00, real=0.00 secs] 
2024-07-05T02:09:49.757+0800: 4898.467: [GC (Allocation Failure) [PSYoungGen: 234944K->2016K(236032K)] 550002K->317082K(714240K), 0.0022698 secs] [Times: user=0.00 sys=0.00, real=0.00 secs] 
2024-07-05T02:09:50.159+0800: 4898.870: [GC (Allocation Failure) [PSYoungGen: 235488K->1312K(236032K)] 550554K->316386K(714240K), 0.0020961 secs] [Times: user=0.00 sys=0.00, real=0.00 secs] 
2024-07-05T02:09:50.558+0800: 4899.269: [GC (Allocation Failure) [PSYoungGen: 234784K->1120K(236032K)] 549858K->316202K(714240K), 0.0021304 secs] [Times: user=0.00 sys=0.00, real=0.00 secs] 
2024-07-05T02:09:50.941+0800: 4899.652: [GC (Allocation Failure) [PSYoungGen: 234592K->1984K(236032K)] 549674K->317074K(714240K), 0.0021787 secs] [Times: user=0.00 sys=0.00, real=0.00 secs] 
2024-07-05T02:09:51.329+0800: 4900.039: [GC (Allocation Failure) [PSYoungGen: 235456K->1760K(236032K)] 550546K->316858K(714240K), 0.0021570 secs] [Times: user=0.01 sys=0.00, real=0.00 secs] 
2024-07-05T02:09:51.713+0800: 4900.424: [GC (Allocation Failure) [PSYoungGen: 235232K->1056K(236032K)] 550330K->316162K(714240K), 0.0020664 secs] [Times: user=0.00 sys=0.00, real=0.01 secs] 
2024-07-05T02:09:52.097+0800: 4900.807: [GC (Allocation Failure) [PSYoungGen: 234528K->1792K(236032K)] 549634K->316906K(714240K), 0.0021201 secs] [Times: user=0.00 sys=0.00, real=0.00 secs] 
2024-07-05T02:09:52.488+0800: 4901.198: [GC (Allocation Failure) [PSYoungGen: 235264K->1248K(236032K)] 550378K->316370K(714240K), 0.0020858 secs] [Times: user=0.00 sys=0.00, real=0.00 secs] 
2024-07-05T02:09:52.875+0800: 4901.586: [GC (Allocation Failure) [PSYoungGen: 234720K->1280K(236032K)] 549842K->316410K(714240K), 0.0020644 secs] [Times: user=0.00 sys=0.00, real=0.00 secs] 
2024-07-05T02:09:53.263+0800: 4901.974: [GC (Allocation Failure) [PSYoungGen: 234752K->1232K(236032K)] 549882K->316370K(714240K), 0.0020889 secs] [Times: user=0.00 sys=0.00, real=0.00 secs] 
2024-07-05T02:09:53.674+0800: 4902.384: [GC (Allocation Failure) [PSYoungGen: 234704K->1632K(236032K)] 549842K->316778K(714240K), 0.0020715 secs] [Times: user=0.01 sys=0.00, real=0.00 secs] 
2024-07-05T02:09:54.090+0800: 4902.801: [GC (Allocation Failure) [PSYoungGen: 235104K->1792K(236032K)] 550250K->316946K(714240K), 0.0020749 secs] [Times: user=0.00 sys=0.00, real=0.00 secs] 
2024-07-05T02:09:54.505+0800: 4903.216: [GC (Allocation Failure) [PSYoungGen: 235264K->1216K(229888K)] 550418K->316378K(708096K), 0.0021988 secs] [Times: user=0.00 sys=0.00, real=0.01 secs] 
2024-07-05T02:09:54.887+0800: 4903.598: [GC (Allocation Failure) [PSYoungGen: 229568K->1568K(235008K)] 544730K->316738K(713216K), 0.0020801 secs] [Times: user=0.01 sys=0.00, real=0.00 secs] 
2024-07-05T02:09:55.272+0800: 4903.983: [GC (Allocation Failure) [PSYoungGen: 234016K->1888K(236032K)] 549186K->317066K(714240K), 0.0022153 secs] [Times: user=0.00 sys=0.00, real=0.01 secs] 
2024-07-05T02:09:55.659+0800: 4904.369: [GC (Allocation Failure) [PSYoungGen: 235360K->1184K(236032K)] 550538K->316370K(714240K), 0.0020151 secs] [Times: user=0.00 sys=0.00, real=0.00 secs] 
2024-07-05T02:09:56.044+0800: 4904.754: [GC (Allocation Failure) [PSYoungGen: 234656K->1920K(236032K)] 549842K->317114K(714240K), 0.0021410 secs] [Times: user=0.01 sys=0.00, real=0.01 secs] 
2024-07-05T02:09:56.431+0800: 4905.142: [GC (Allocation Failure) [PSYoungGen: 235392K->1104K(236032K)] 550586K->316306K(714240K), 0.0019931 secs] [Times: user=0.00 sys=0.00, real=0.00 secs] 
2024-07-05T02:09:56.819+0800: 4905.530: [GC (Allocation Failure) [PSYoungGen: 234576K->1376K(236032K)] 549778K->316586K(714240K), 0.0021206 secs] [Times: user=0.01 sys=0.00, real=0.00 secs] 
2024-07-05T02:09:57.205+0800: 4905.915: [GC (Allocation Failure) [PSYoungGen: 234848K->1472K(236032K)] 550058K->316690K(714240K), 0.0020766 secs] [Times: user=0.00 sys=0.00, real=0.01 secs] 
2024-07-05T02:09:57.584+0800: 4906.295: [GC (Allocation Failure) [PSYoungGen: 234944K->1760K(236032K)] 550162K->316986K(714240K), 0.0020985 secs] [Times: user=0.01 sys=0.00, real=0.01 secs] 
2024-07-05T02:09:57.970+0800: 4906.681: [GC (Allocation Failure) [PSYoungGen: 235232K->1536K(236032K)] 550458K->316770K(714240K), 0.0036560 secs] [Times: user=0.01 sys=0.00, real=0.01 secs] 
2024-07-05T02:09:58.362+0800: 4907.073: [GC (Allocation Failure) [PSYoungGen: 235008K->1216K(236032K)] 550242K->316458K(714240K), 0.0036632 secs] [Times: user=0.00 sys=0.00, real=0.01 secs] 
2024-07-05T02:09:58.751+0800: 4907.462: [GC (Allocation Failure) [PSYoungGen: 234688K->1952K(236032K)] 549930K->317202K(714240K), 0.0032828 secs] [Times: user=0.00 sys=0.00, real=0.01 secs] 
2024-07-05T02:09:59.139+0800: 4907.849: [GC (Allocation Failure) [PSYoungGen: 235424K->1056K(236032K)] 550674K->316314K(714240K), 0.0035002 secs] [Times: user=0.01 sys=0.00, real=0.00 secs] 
2024-07-05T02:09:59.528+0800: 4908.238: [GC (Allocation Failure) [PSYoungGen: 234528K->1472K(236032K)] 549786K->316738K(714240K), 0.0027800 secs] [Times: user=0.00 sys=0.00, real=0.00 secs] 
2024-07-05T02:09:59.917+0800: 4908.628: [GC (Allocation Failure) [PSYoungGen: 234944K->1472K(236032K)] 550210K->316746K(714240K), 0.0023805 secs] [Times: user=0.00 sys=0.00, real=0.00 secs] 
2024-07-05T02:10:00.305+0800: 4909.016: [GC (Allocation Failure) [PSYoungGen: 234944K->1248K(236032K)] 550218K->316530K(714240K), 0.0020731 secs] [Times: user=0.00 sys=0.00, real=0.01 secs] 
2024-07-05T02:10:00.690+0800: 4909.401: [GC (Allocation Failure) [PSYoungGen: 234720K->1280K(236032K)] 550002K->316570K(714240K), 0.0020274 secs] [Times: user=0.00 sys=0.00, real=0.00 secs] 
2024-07-05T02:10:01.077+0800: 4909.788: [GC (Allocation Failure) [PSYoungGen: 234752K->1792K(236032K)] 550042K->317090K(714240K), 0.0023388 secs] [Times: user=0.00 sys=0.00, real=0.00 secs] 
2024-07-05T02:10:01.468+0800: 4910.178: [GC (Allocation Failure) [PSYoungGen: 235264K->1760K(236032K)] 550562K->317066K(714240K), 0.0027880 secs] [Times: user=0.00 sys=0.00, real=0.00 secs] 
2024-07-05T02:10:01.858+0800: 4910.569: [GC (Allocation Failure) [PSYoungGen: 235232K->1312K(236032K)] 550538K->316626K(714240K), 0.0020774 secs] [Times: user=0.01 sys=0.00, real=0.00 secs] 
2024-07-05T02:10:02.247+0800: 4910.957: [GC (Allocation Failure) [PSYoungGen: 234784K->1152K(236032K)] 550098K->316474K(714240K), 0.0020259 secs] [Times: user=0.00 sys=0.00, real=0.00 secs] 
2024-07-05T02:10:02.635+0800: 4911.345: [GC (Allocation Failure) [PSYoungGen: 234624K->1888K(236032K)] 549946K->317218K(714240K), 0.0027366 secs] [Times: user=0.00 sys=0.00, real=0.00 secs] 
2024-07-05T02:10:03.022+0800: 4911.733: [GC (Allocation Failure) [PSYoungGen: 235360K->1408K(236032K)] 550690K->316746K(714240K), 0.0025488 secs] [Times: user=0.00 sys=0.00, real=0.00 secs] 
2024-07-05T02:10:03.409+0800: 4912.120: [GC (Allocation Failure) [PSYoungGen: 234880K->1472K(236032K)] 550218K->316818K(714240K), 0.0020185 secs] [Times: user=0.00 sys=0.00, real=0.00 secs] 
2024-07-05T02:10:03.798+0800: 4912.509: [GC (Allocation Failure) [PSYoungGen: 234944K->1376K(236032K)] 550290K->316730K(714240K), 0.0035717 secs] [Times: user=0.00 sys=0.00, real=0.00 secs] 
2024-07-05T02:10:04.188+0800: 4912.898: [GC (Allocation Failure) [PSYoungGen: 234848K->1312K(235008K)] 550202K->316674K(713216K), 0.0020648 secs] [Times: user=0.00 sys=0.00, real=0.00 secs] 
2024-07-05T02:10:04.576+0800: 4913.286: [GC (Allocation Failure) [PSYoungGen: 234784K->1216K(235520K)] 550146K->316586K(713728K), 0.0021626 secs] [Times: user=0.00 sys=0.00, real=0.00 secs] 
2024-07-05T02:10:04.964+0800: 4913.674: [GC (Allocation Failure) [PSYoungGen: 234688K->1248K(235520K)] 550058K->316626K(713728K), 0.0021427 secs] [Times: user=0.00 sys=0.00, real=0.01 secs] 
2024-07-05T02:10:05.351+0800: 4914.062: [GC (Allocation Failure) [PSYoungGen: 234720K->1472K(236544K)] 550098K->316858K(714752K), 0.0032091 secs] [Times: user=0.00 sys=0.00, real=0.01 secs] 
2024-07-05T02:10:05.740+0800: 4914.451: [GC (Allocation Failure) [PSYoungGen: 235968K->1568K(236544K)] 551354K->316962K(714752K), 0.0021814 secs] [Times: user=0.00 sys=0.00, real=0.00 secs] 
2024-07-05T02:10:06.130+0800: 4914.841: [GC (Allocation Failure) [PSYoungGen: 236064K->1504K(236544K)] 551458K->316906K(714752K), 0.0036717 secs] [Times: user=0.00 sys=0.00, real=0.01 secs] 
2024-07-05T02:10:06.521+0800: 4915.232: [GC (Allocation Failure) [PSYoungGen: 236000K->2048K(236544K)] 551402K->317458K(714752K), 0.0023698 secs] [Times: user=0.00 sys=0.00, real=0.00 secs] 
2024-07-05T02:10:06.906+0800: 4915.617: [GC (Allocation Failure) [PSYoungGen: 236544K->1760K(235520K)] 551954K->317178K(713728K), 0.0028598 secs] [Times: user=0.00 sys=0.00, real=0.00 secs] 
2024-07-05T02:10:07.292+0800: 4916.003: [GC (Allocation Failure) [PSYoungGen: 235232K->1952K(236032K)] 550650K->317378K(714240K), 0.0021282 secs] [Times: user=0.01 sys=0.00, real=0.01 secs] 
2024-07-05T02:10:07.675+0800: 4916.386: [GC (Allocation Failure) [PSYoungGen: 235424K->1408K(236032K)] 550850K->316842K(714240K), 0.0021220 secs] [Times: user=0.01 sys=0.00, real=0.00 secs] 
2024-07-05T02:10:08.064+0800: 4916.774: [GC (Allocation Failure) [PSYoungGen: 234880K->1152K(236032K)] 550314K->316594K(714240K), 0.0020124 secs] [Times: user=0.00 sys=0.00, real=0.01 secs] 
2024-07-05T02:10:08.451+0800: 4917.161: [GC (Allocation Failure) [PSYoungGen: 234624K->2080K(236032K)] 550066K->317530K(714240K), 0.0021482 secs] [Times: user=0.00 sys=0.00, real=0.00 secs] 
2024-07-05T02:10:08.835+0800: 4917.546: [GC (Allocation Failure) [PSYoungGen: 235552K->1856K(236032K)] 551002K->317314K(714240K), 0.0021969 secs] [Times: user=0.00 sys=0.00, real=0.00 secs] 
2024-07-05T02:10:09.222+0800: 4917.933: [GC (Allocation Failure) [PSYoungGen: 235328K->1472K(236032K)] 550786K->316938K(714240K), 0.0020701 secs] [Times: user=0.00 sys=0.00, real=0.00 secs] 
2024-07-05T02:10:09.615+0800: 4918.325: [GC (Allocation Failure) [PSYoungGen: 234944K->1216K(236032K)] 550410K->316690K(714240K), 0.0020435 secs] [Times: user=0.00 sys=0.00, real=0.00 secs] 
2024-07-05T02:10:10.003+0800: 4918.714: [GC (Allocation Failure) [PSYoungGen: 234688K->1088K(236032K)] 550162K->316570K(714240K), 0.0019690 secs] [Times: user=0.00 sys=0.00, real=0.00 secs] 
2024-07-05T02:10:10.389+0800: 4919.100: [GC (Allocation Failure) [PSYoungGen: 234560K->1440K(236032K)] 550042K->316930K(714240K), 0.0020739 secs] [Times: user=0.01 sys=0.00, real=0.00 secs] 
2024-07-05T02:10:10.774+0800: 4919.484: [GC (Allocation Failure) [PSYoungGen: 234912K->1696K(236032K)] 550402K->317194K(714240K), 0.0021042 secs] [Times: user=0.01 sys=0.00, real=0.01 secs] 
2024-07-05T02:10:11.163+0800: 4919.873: [GC (Allocation Failure) [PSYoungGen: 235168K->1920K(236032K)] 550666K->317426K(714240K), 0.0037325 secs] [Times: user=0.01 sys=0.00, real=0.01 secs] 
2024-07-05T02:10:11.550+0800: 4920.260: [GC (Allocation Failure) [PSYoungGen: 235392K->672K(236032K)] 550898K->316186K(714240K), 0.0027502 secs] [Times: user=0.00 sys=0.00, real=0.00 secs] 
2024-07-05T02:10:11.937+0800: 4920.648: [GC (Allocation Failure) [PSYoungGen: 234144K->1760K(236032K)] 549658K->317282K(714240K), 0.0022137 secs] [Times: user=0.00 sys=0.00, real=0.00 secs] 
2024-07-05T02:10:12.325+0800: 4921.036: [GC (Allocation Failure) [PSYoungGen: 235232K->1872K(236032K)] 550754K->317402K(714240K), 0.0022052 secs] [Times: user=0.00 sys=0.00, real=0.01 secs] 
2024-07-05T02:10:12.711+0800: 4921.422: [GC (Allocation Failure) [PSYoungGen: 235344K->1120K(236032K)] 550874K->316658K(714240K), 0.0020622 secs] [Times: user=0.01 sys=0.00, real=0.00 secs] 
2024-07-05T02:10:13.098+0800: 4921.809: [GC (Allocation Failure) [PSYoungGen: 234592K->2048K(236032K)] 550130K->317594K(714240K), 0.0021649 secs] [Times: user=0.00 sys=0.00, real=0.00 secs] 
2024-07-05T02:10:13.483+0800: 4922.193: [GC (Allocation Failure) [PSYoungGen: 235520K->1424K(236032K)] 551066K->316978K(714240K), 0.0036184 secs] [Times: user=0.00 sys=0.00, real=0.01 secs] 
2024-07-05T02:10:13.879+0800: 4922.589: [GC (Allocation Failure) [PSYoungGen: 234896K->2016K(236032K)] 550450K->317578K(714240K), 0.0021667 secs] [Times: user=0.00 sys=0.00, real=0.00 secs] 
2024-07-05T02:10:14.269+0800: 4922.979: [GC (Allocation Failure) [PSYoungGen: 235488K->992K(236032K)] 551050K->316562K(714240K), 0.0023573 secs] [Times: user=0.00 sys=0.00, real=0.00 secs] 
2024-07-05T02:10:14.654+0800: 4923.365: [GC (Allocation Failure) [PSYoungGen: 234464K->1200K(236032K)] 550034K->316778K(714240K), 0.0020551 secs] [Times: user=0.00 sys=0.00, real=0.00 secs] 
2024-07-05T02:10:15.042+0800: 4923.752: [GC (Allocation Failure) [PSYoungGen: 234672K->1536K(236032K)] 550250K->317122K(714240K), 0.0020470 secs] [Times: user=0.01 sys=0.00, real=0.00 secs] 
2024-07-05T02:10:15.430+0800: 4924.141: [GC (Allocation Failure) [PSYoungGen: 235008K->1152K(236032K)] 550594K->316746K(714240K), 0.0020044 secs] [Times: user=0.00 sys=0.00, real=0.00 secs] 
2024-07-05T02:10:15.816+0800: 4924.527: [GC (Allocation Failure) [PSYoungGen: 234624K->672K(236032K)] 550218K->316274K(714240K), 0.0020384 secs] [Times: user=0.01 sys=0.00, real=0.00 secs] 
2024-07-05T02:10:16.199+0800: 4924.910: [GC (Allocation Failure) [PSYoungGen: 234144K->1248K(236032K)] 549746K->316858K(714240K), 0.0021717 secs] [Times: user=0.01 sys=0.00, real=0.00 secs] 
2024-07-05T02:10:16.589+0800: 4925.300: [GC (Allocation Failure) [PSYoungGen: 234720K->1936K(236032K)] 550330K->317554K(714240K), 0.0023220 secs] [Times: user=0.00 sys=0.00, real=0.00 secs] 
2024-07-05T02:10:16.975+0800: 4925.686: [GC (Allocation Failure) [PSYoungGen: 235408K->1888K(236032K)] 551026K->317514K(714240K), 0.0021235 secs] [Times: user=0.00 sys=0.00, real=0.00 secs] 
2024-07-05T02:10:17.365+0800: 4926.076: [GC (Allocation Failure) [PSYoungGen: 235360K->1824K(236032K)] 550986K->317458K(714240K), 0.0020923 secs] [Times: user=0.01 sys=0.00, real=0.01 secs] 
2024-07-05T02:10:17.752+0800: 4926.463: [GC (Allocation Failure) [PSYoungGen: 235296K->1664K(236032K)] 550930K->317306K(714240K), 0.0021207 secs] [Times: user=0.01 sys=0.00, real=0.01 secs] 
2024-07-05T02:10:18.139+0800: 4926.849: [GC (Allocation Failure) [PSYoungGen: 235136K->1440K(236032K)] 550778K->317090K(714240K), 0.0020450 secs] [Times: user=0.00 sys=0.00, real=0.00 secs] 
2024-07-05T02:10:18.527+0800: 4927.238: [GC (Allocation Failure) [PSYoungGen: 234912K->1152K(236032K)] 550562K->316810K(714240K), 0.0020603 secs] [Times: user=0.00 sys=0.00, real=0.00 secs] 
2024-07-05T02:10:18.913+0800: 4927.624: [GC (Allocation Failure) [PSYoungGen: 234624K->1120K(236032K)] 550282K->316786K(714240K), 0.0020180 secs] [Times: user=0.00 sys=0.00, real=0.01 secs] 
2024-07-05T02:10:19.295+0800: 4928.005: [GC (Allocation Failure) [PSYoungGen: 234592K->1968K(236032K)] 550258K->317642K(714240K), 0.0021617 secs] [Times: user=0.01 sys=0.00, real=0.00 secs] 
2024-07-05T02:10:19.681+0800: 4928.392: [GC (Allocation Failure) [PSYoungGen: 235440K->1376K(236032K)] 551114K->317058K(714240K), 0.0020522 secs] [Times: user=0.00 sys=0.00, real=0.00 secs] 
2024-07-05T02:10:20.067+0800: 4928.778: [GC (Allocation Failure) [PSYoungGen: 234848K->1792K(236032K)] 550530K->317482K(714240K), 0.0021086 secs] [Times: user=0.00 sys=0.00, real=0.00 secs] 
2024-07-05T02:10:20.456+0800: 4929.166: [GC (Allocation Failure) [PSYoungGen: 235264K->1728K(236032K)] 550954K->317426K(714240K), 0.0021212 secs] [Times: user=0.01 sys=0.00, real=0.00 secs] 
2024-07-05T02:10:20.839+0800: 4929.549: [GC (Allocation Failure) [PSYoungGen: 235200K->1792K(236032K)] 550898K->317498K(714240K), 0.0036410 secs] [Times: user=0.01 sys=0.00, real=0.00 secs] 
2024-07-05T02:10:21.225+0800: 4929.935: [GC (Allocation Failure) [PSYoungGen: 235264K->2048K(236032K)] 550970K->317762K(714240K), 0.0026402 secs] [Times: user=0.01 sys=0.00, real=0.01 secs] 
2024-07-05T02:10:21.611+0800: 4930.321: [GC (Allocation Failure) [PSYoungGen: 235520K->1584K(236032K)] 551234K->317306K(714240K), 0.0028078 secs] [Times: user=0.00 sys=0.00, real=0.00 secs] 
2024-07-05T02:10:21.998+0800: 4930.709: [GC (Allocation Failure) [PSYoungGen: 235056K->1088K(236032K)] 550778K->316818K(714240K), 0.0020437 secs] [Times: user=0.00 sys=0.00, real=0.00 secs] 
2024-07-05T02:10:22.422+0800: 4931.133: [GC (Allocation Failure) [PSYoungGen: 234560K->1472K(236032K)] 550290K->317210K(714240K), 0.0021388 secs] [Times: user=0.01 sys=0.00, real=0.00 secs] 
2024-07-05T02:10:22.810+0800: 4931.521: [GC (Allocation Failure) [PSYoungGen: 234944K->1472K(236032K)] 550682K->317218K(714240K), 0.0020491 secs] [Times: user=0.01 sys=0.00, real=0.00 secs] 
2024-07-05T02:10:23.194+0800: 4931.905: [GC (Allocation Failure) [PSYoungGen: 234944K->1232K(236032K)] 550690K->316986K(714240K), 0.0020498 secs] [Times: user=0.01 sys=0.00, real=0.00 secs] 
2024-07-05T02:10:23.579+0800: 4932.289: [GC (Allocation Failure) [PSYoungGen: 234704K->1952K(236032K)] 550458K->317714K(714240K), 0.0021116 secs] [Times: user=0.01 sys=0.00, real=0.00 secs] 
2024-07-05T02:10:23.969+0800: 4932.680: [GC (Allocation Failure) [PSYoungGen: 235424K->2016K(236032K)] 551186K->317786K(714240K), 0.0021874 secs] [Times: user=0.00 sys=0.00, real=0.00 secs] 
2024-07-05T02:10:24.358+0800: 4933.069: [GC (Allocation Failure) [PSYoungGen: 235488K->1056K(236032K)] 551258K->316834K(714240K), 0.0021522 secs] [Times: user=0.00 sys=0.00, real=0.00 secs] 
2024-07-05T02:10:24.745+0800: 4933.456: [GC (Allocation Failure) [PSYoungGen: 234528K->1344K(236032K)] 550306K->317130K(714240K), 0.0020357 secs] [Times: user=0.01 sys=0.00, real=0.01 secs] 
2024-07-05T02:10:25.125+0800: 4933.836: [GC (Allocation Failure) [PSYoungGen: 234816K->1648K(236032K)] 550602K->317442K(714240K), 0.0021054 secs] [Times: user=0.00 sys=0.00, real=0.01 secs] 
2024-07-05T02:10:25.518+0800: 4934.228: [GC (Allocation Failure) [PSYoungGen: 235120K->2048K(236032K)] 550914K->317850K(714240K), 0.0021356 secs] [Times: user=0.00 sys=0.01, real=0.00 secs] 
2024-07-05T02:10:25.904+0800: 4934.614: [GC (Allocation Failure) [PSYoungGen: 235520K->832K(236032K)] 551322K->316642K(714240K), 0.0019889 secs] [Times: user=0.00 sys=0.00, real=0.01 secs] 
2024-07-05T02:10:26.290+0800: 4935.001: [GC (Allocation Failure) [PSYoungGen: 234304K->1856K(236032K)] 550114K->317674K(714240K), 0.0021230 secs] [Times: user=0.01 sys=0.00, real=0.00 secs] 
2024-07-05T02:10:26.678+0800: 4935.389: [GC (Allocation Failure) [PSYoungGen: 235328K->1536K(236032K)] 551146K->317362K(714240K), 0.0021825 secs] [Times: user=0.00 sys=0.00, real=0.00 secs] 
2024-07-05T02:10:27.066+0800: 4935.777: [GC (Allocation Failure) [PSYoungGen: 235008K->1280K(236032K)] 550834K->317114K(714240K), 0.0020168 secs] [Times: user=0.01 sys=0.00, real=0.00 secs] 
2024-07-05T02:10:27.453+0800: 4936.164: [GC (Allocation Failure) [PSYoungGen: 234752K->2016K(236032K)] 550586K->317858K(714240K), 0.0021341 secs] [Times: user=0.00 sys=0.00, real=0.01 secs] 
2024-07-05T02:10:27.836+0800: 4936.546: [GC (Allocation Failure) [PSYoungGen: 235488K->2080K(235008K)] 551330K->317930K(713216K), 0.0021796 secs] [Times: user=0.00 sys=0.00, real=0.00 secs] 
2024-07-05T02:10:28.250+0800: 4936.961: [GC (Allocation Failure) [PSYoungGen: 234528K->736K(235520K)] 550378K->316594K(713728K), 0.0048064 secs] [Times: user=0.01 sys=0.00, real=0.01 secs] 
2024-07-05T02:10:28.655+0800: 4937.366: [GC (Allocation Failure) [PSYoungGen: 233184K->1984K(235520K)] 549042K->317850K(713728K), 0.0034169 secs] [Times: user=0.01 sys=0.00, real=0.00 secs] 
2024-07-05T02:10:29.042+0800: 4937.753: [GC (Allocation Failure) [PSYoungGen: 234432K->1152K(235520K)] 550298K->317026K(713728K), 0.0020745 secs] [Times: user=0.00 sys=0.00, real=0.00 secs] 
2024-07-05T02:10:29.440+0800: 4938.150: [GC (Allocation Failure) [PSYoungGen: 233600K->1152K(235520K)] 549474K->317034K(713728K), 0.0020482 secs] [Times: user=0.01 sys=0.00, real=0.00 secs] 
2024-07-05T02:10:29.834+0800: 4938.545: [GC (Allocation Failure) [PSYoungGen: 233600K->1664K(234496K)] 549482K->317554K(712704K), 0.0036137 secs] [Times: user=0.01 sys=0.00, real=0.00 secs] 
2024-07-05T02:10:30.317+0800: 4939.028: [GC (Allocation Failure) [PSYoungGen: 234112K->1552K(235008K)] 550002K->317450K(713216K), 0.0021869 secs] [Times: user=0.00 sys=0.00, real=0.00 secs] 
2024-07-05T02:10:30.732+0800: 4939.443: [GC (Allocation Failure) [PSYoungGen: 234000K->1120K(235008K)] 549898K->317034K(713216K), 0.0020606 secs] [Times: user=0.00 sys=0.00, real=0.01 secs] 
2024-07-05T02:10:31.145+0800: 4939.856: [GC (Allocation Failure) [PSYoungGen: 233568K->1328K(236032K)] 549482K->317250K(714240K), 0.0023932 secs] [Times: user=0.01 sys=0.00, real=0.01 secs] 
2024-07-05T02:10:31.560+0800: 4940.270: [GC (Allocation Failure) [PSYoungGen: 234800K->1792K(236032K)] 550722K->317722K(714240K), 0.0037190 secs] [Times: user=0.00 sys=0.00, real=0.00 secs] 
2024-07-05T02:10:31.989+0800: 4940.699: [GC (Allocation Failure) [PSYoungGen: 235264K->1584K(236032K)] 551194K->317522K(714240K), 0.0022400 secs] [Times: user=0.00 sys=0.00, real=0.00 secs] 
2024-07-05T02:10:32.402+0800: 4941.113: [GC (Allocation Failure) [PSYoungGen: 235056K->1024K(236032K)] 550994K->316970K(714240K), 0.0020700 secs] [Times: user=0.00 sys=0.00, real=0.00 secs] 
2024-07-05T02:10:32.818+0800: 4941.529: [GC (Allocation Failure) [PSYoungGen: 234496K->1088K(236032K)] 550442K->317042K(714240K), 0.0022017 secs] [Times: user=0.01 sys=0.00, real=0.00 secs] 
2024-07-05T02:10:33.209+0800: 4941.920: [GC (Allocation Failure) [PSYoungGen: 234560K->1824K(236032K)] 550514K->317786K(714240K), 0.0021161 secs] [Times: user=0.00 sys=0.00, real=0.00 secs] 
2024-07-05T02:10:33.626+0800: 4942.337: [GC (Allocation Failure) [PSYoungGen: 235296K->2016K(236032K)] 551258K->317986K(714240K), 0.0023360 secs] [Times: user=0.00 sys=0.00, real=0.00 secs] 
2024-07-05T02:10:34.065+0800: 4942.775: [GC (Allocation Failure) [PSYoungGen: 235488K->1792K(236032K)] 551458K->317770K(714240K), 0.0021811 secs] [Times: user=0.00 sys=0.00, real=0.01 secs] 
2024-07-05T02:10:34.470+0800: 4943.181: [GC (Allocation Failure) [PSYoungGen: 235264K->2048K(235008K)] 551242K->318034K(713216K), 0.0037748 secs] [Times: user=0.01 sys=0.00, real=0.01 secs] 
2024-07-05T02:10:34.883+0800: 4943.594: [GC (Allocation Failure) [PSYoungGen: 234496K->1248K(235520K)] 550482K->317242K(713728K), 0.0036008 secs] [Times: user=0.01 sys=0.00, real=0.01 secs] 
2024-07-05T02:10:35.301+0800: 4944.011: [GC (Allocation Failure) [PSYoungGen: 233696K->1152K(235520K)] 549690K->317154K(713728K), 0.0020768 secs] [Times: user=0.01 sys=0.00, real=0.00 secs] 
2024-07-05T02:10:35.721+0800: 4944.432: [GC (Allocation Failure) [PSYoungGen: 234112K->2080K(235520K)] 550114K->318090K(713728K), 0.0025376 secs] [Times: user=0.00 sys=0.00, real=0.00 secs] 
2024-07-05T02:10:36.140+0800: 4944.850: [GC (Allocation Failure) [PSYoungGen: 235040K->1344K(235520K)] 551050K->317362K(713728K), 0.0021820 secs] [Times: user=0.00 sys=0.00, real=0.00 secs] 
2024-07-05T02:10:36.550+0800: 4945.260: [GC (Allocation Failure) [PSYoungGen: 234304K->832K(235520K)] 550322K->316858K(713728K), 0.0023006 secs] [Times: user=0.00 sys=0.00, real=0.00 secs] 
2024-07-05T02:10:36.939+0800: 4945.650: [GC (Allocation Failure) [PSYoungGen: 233792K->1408K(235520K)] 549818K->317442K(713728K), 0.0021074 secs] [Times: user=0.00 sys=0.00, real=0.00 secs] 
2024-07-05T02:10:37.326+0800: 4946.037: [GC (Allocation Failure) [PSYoungGen: 234368K->1568K(235520K)] 550402K->317610K(713728K), 0.0030067 secs] [Times: user=0.00 sys=0.00, real=0.00 secs] 
2024-07-05T02:10:37.718+0800: 4946.429: [GC (Allocation Failure) [PSYoungGen: 234528K->2016K(236032K)] 550570K->318066K(714240K), 0.0022110 secs] [Times: user=0.00 sys=0.00, real=0.00 secs] 
2024-07-05T02:10:38.106+0800: 4946.816: [GC (Allocation Failure) [PSYoungGen: 235488K->2016K(235520K)] 551538K->318074K(713728K), 0.0021133 secs] [Times: user=0.00 sys=0.00, real=0.00 secs] 
2024-07-05T02:10:38.497+0800: 4947.207: [GC (Allocation Failure) [PSYoungGen: 235488K->1024K(235520K)] 551546K->317090K(713728K), 0.0020860 secs] [Times: user=0.01 sys=0.00, real=0.00 secs] 
2024-07-05T02:10:38.919+0800: 4947.629: [GC (Allocation Failure) [PSYoungGen: 233472K->2016K(235520K)] 549538K->318090K(713728K), 0.0022665 secs] [Times: user=0.01 sys=0.00, real=0.00 secs] 
2024-07-05T02:10:39.342+0800: 4948.053: [GC (Allocation Failure) [PSYoungGen: 234464K->1344K(235520K)] 550538K->317426K(713728K), 0.0021629 secs] [Times: user=0.00 sys=0.00, real=0.00 secs] 
2024-07-05T02:10:39.755+0800: 4948.466: [GC (Allocation Failure) [PSYoungGen: 233792K->1248K(233984K)] 549874K->317338K(712192K), 0.0021716 secs] [Times: user=0.00 sys=0.00, real=0.00 secs] 
2024-07-05T02:10:40.168+0800: 4948.879: [GC (Allocation Failure) [PSYoungGen: 233696K->1632K(235008K)] 549786K->317730K(713216K), 0.0022076 secs] [Times: user=0.00 sys=0.00, real=0.00 secs] 
2024-07-05T02:10:40.581+0800: 4949.291: [GC (Allocation Failure) [PSYoungGen: 234080K->1600K(235008K)] 550178K->317706K(713216K), 0.0021970 secs] [Times: user=0.01 sys=0.00, real=0.00 secs] 
2024-07-05T02:10:40.991+0800: 4949.701: [GC (Allocation Failure) [PSYoungGen: 234048K->1152K(236032K)] 550154K->317266K(714240K), 0.0021284 secs] [Times: user=0.01 sys=0.00, real=0.00 secs] 
2024-07-05T02:10:41.403+0800: 4950.114: [GC (Allocation Failure) [PSYoungGen: 234624K->1888K(230400K)] 550738K->318010K(708608K), 0.0022381 secs] [Times: user=0.00 sys=0.00, real=0.00 secs] 
2024-07-05T02:10:41.814+0800: 4950.525: [GC (Allocation Failure) [PSYoungGen: 230240K->1024K(233984K)] 546362K->318090K(712192K), 0.0022882 secs] [Times: user=0.00 sys=0.00, real=0.00 secs] 
2024-07-05T02:10:42.239+0800: 4950.949: [GC (Allocation Failure) [PSYoungGen: 233984K->1344K(229376K)] 551050K->318418K(707584K), 0.0021529 secs] [Times: user=0.01 sys=0.00, real=0.00 secs] 
2024-07-05T02:10:42.639+0800: 4951.350: [GC (Allocation Failure) [PSYoungGen: 229184K->1536K(224256K)] 546258K->319146K(702464K), 0.0021533 secs] [Times: user=0.00 sys=0.00, real=0.00 secs] 
2024-07-05T02:10:43.035+0800: 4951.746: [GC (Allocation Failure) [PSYoungGen: 224256K->1696K(232960K)] 541866K->319314K(711168K), 0.0022547 secs] [Times: user=0.00 sys=0.00, real=0.00 secs] 
2024-07-05T02:10:43.443+0800: 4952.153: [GC (Allocation Failure) [PSYoungGen: 231584K->1120K(235008K)] 549202K->318746K(713216K), 0.0023373 secs] [Times: user=0.01 sys=0.00, real=0.00 secs] 
2024-07-05T02:10:43.861+0800: 4952.571: [GC (Allocation Failure) [PSYoungGen: 234080K->1568K(235520K)] 551706K->319202K(713728K), 0.0026493 secs] [Times: user=0.01 sys=0.00, real=0.00 secs] 
2024-07-05T02:10:44.261+0800: 4952.972: [GC (Allocation Failure) [PSYoungGen: 234528K->1568K(236032K)] 552162K->319210K(714240K), 0.0026164 secs] [Times: user=0.01 sys=0.00, real=0.00 secs] 
2024-07-05T02:10:44.654+0800: 4953.365: [GC (Allocation Failure) [PSYoungGen: 235040K->1824K(236032K)] 552682K->319474K(714240K), 0.0020894 secs] [Times: user=0.00 sys=0.00, real=0.00 secs] 
2024-07-05T02:10:45.081+0800: 4953.791: [GC (Allocation Failure) [PSYoungGen: 235296K->1952K(236032K)] 552946K->319610K(714240K), 0.0035534 secs] [Times: user=0.00 sys=0.00, real=0.00 secs] 
2024-07-05T02:10:45.506+0800: 4954.217: [GC (Allocation Failure) [PSYoungGen: 235424K->2080K(236032K)] 553082K->319746K(714240K), 0.0023453 secs] [Times: user=0.00 sys=0.00, real=0.00 secs] 
2024-07-05T02:10:45.943+0800: 4954.654: [GC (Allocation Failure) [PSYoungGen: 235552K->2032K(236032K)] 553218K->319706K(714240K), 0.0023043 secs] [Times: user=0.00 sys=0.00, real=0.00 secs] 
2024-07-05T02:10:46.366+0800: 4955.077: [GC (Allocation Failure) [PSYoungGen: 235504K->1920K(236032K)] 553178K->319602K(714240K), 0.0021708 secs] [Times: user=0.00 sys=0.00, real=0.00 secs] 
2024-07-05T02:10:46.806+0800: 4955.517: [GC (Allocation Failure) [PSYoungGen: 235392K->1056K(235008K)] 553074K->318746K(713216K), 0.0020977 secs] [Times: user=0.01 sys=0.00, real=0.00 secs] 
2024-07-05T02:10:47.194+0800: 4955.905: [GC (Allocation Failure) [PSYoungGen: 233504K->1344K(235520K)] 551194K->319042K(713728K), 0.0022632 secs] [Times: user=0.01 sys=0.00, real=0.00 secs] 
2024-07-05T02:10:47.611+0800: 4956.322: [GC (Allocation Failure) [PSYoungGen: 233792K->1776K(235520K)] 551490K->319482K(713728K), 0.0022181 secs] [Times: user=0.00 sys=0.00, real=0.00 secs] 
2024-07-05T02:10:48.030+0800: 4956.741: [GC (Allocation Failure) [PSYoungGen: 234736K->1280K(235520K)] 552442K->318994K(713728K), 0.0021590 secs] [Times: user=0.00 sys=0.00, real=0.00 secs] 
2024-07-05T02:10:48.454+0800: 4957.165: [GC (Allocation Failure) [PSYoungGen: 234240K->1472K(236032K)] 551954K->319194K(714240K), 0.0040728 secs] [Times: user=0.00 sys=0.00, real=0.00 secs] 
2024-07-05T02:10:48.850+0800: 4957.561: [GC (Allocation Failure) [PSYoungGen: 234944K->1472K(236032K)] 552666K->319202K(714240K), 0.0021360 secs] [Times: user=0.00 sys=0.00, real=0.00 secs] 
2024-07-05T02:10:49.292+0800: 4958.003: [GC (Allocation Failure) [PSYoungGen: 234944K->1440K(236032K)] 552674K->319178K(714240K), 0.0023748 secs] [Times: user=0.01 sys=0.00, real=0.01 secs] 
2024-07-05T02:10:49.687+0800: 4958.398: [GC (Allocation Failure) [PSYoungGen: 234912K->1504K(236032K)] 552650K->319250K(714240K), 0.0021004 secs] [Times: user=0.00 sys=0.00, real=0.00 secs] 
2024-07-05T02:10:50.075+0800: 4958.786: [GC (Allocation Failure) [PSYoungGen: 234976K->1504K(236032K)] 552722K->319258K(714240K), 0.0021413 secs] [Times: user=0.00 sys=0.00, real=0.00 secs] 
2024-07-05T02:10:50.467+0800: 4959.178: [GC (Allocation Failure) [PSYoungGen: 234976K->2016K(236032K)] 552730K->319778K(714240K), 0.0040755 secs] [Times: user=0.01 sys=0.00, real=0.00 secs] 
2024-07-05T02:10:50.859+0800: 4959.570: [GC (Allocation Failure) [PSYoungGen: 235488K->1744K(236032K)] 553250K->319514K(714240K), 0.0023227 secs] [Times: user=0.00 sys=0.00, real=0.00 secs] 
2024-07-05T02:10:51.299+0800: 4960.009: [GC (Allocation Failure) [PSYoungGen: 235216K->1536K(236032K)] 552986K->319314K(714240K), 0.0022241 secs] [Times: user=0.01 sys=0.00, real=0.00 secs] 
2024-07-05T02:10:51.686+0800: 4960.397: [GC (Allocation Failure) [PSYoungGen: 235008K->2048K(236032K)] 552786K->319834K(714240K), 0.0021253 secs] [Times: user=0.00 sys=0.00, real=0.00 secs] 
2024-07-05T02:10:52.069+0800: 4960.779: [GC (Allocation Failure) [PSYoungGen: 235520K->1744K(236032K)] 553306K->319538K(714240K), 0.0026643 secs] [Times: user=0.00 sys=0.00, real=0.00 secs] 
2024-07-05T02:10:52.460+0800: 4961.171: [GC (Allocation Failure) [PSYoungGen: 235216K->1632K(236032K)] 553010K->319434K(714240K), 0.0020852 secs] [Times: user=0.00 sys=0.00, real=0.00 secs] 
2024-07-05T02:10:52.843+0800: 4961.553: [GC (Allocation Failure) [PSYoungGen: 235104K->1344K(236032K)] 552906K->319154K(714240K), 0.0040240 secs] [Times: user=0.00 sys=0.00, real=0.01 secs] 
2024-07-05T02:10:53.234+0800: 4961.944: [GC (Allocation Failure) [PSYoungGen: 234816K->2080K(236032K)] 552626K->319898K(714240K), 0.0021536 secs] [Times: user=0.00 sys=0.01, real=0.01 secs] 
2024-07-05T02:10:53.622+0800: 4962.333: [GC (Allocation Failure) [PSYoungGen: 235552K->1216K(236032K)] 553370K->319042K(714240K), 0.0021353 secs] [Times: user=0.00 sys=0.00, real=0.00 secs] 
2024-07-05T02:10:54.014+0800: 4962.725: [GC (Allocation Failure) [PSYoungGen: 234688K->1120K(236032K)] 552514K->318954K(714240K), 0.0020457 secs] [Times: user=0.00 sys=0.00, real=0.00 secs] 
2024-07-05T02:10:54.406+0800: 4963.116: [GC (Allocation Failure) [PSYoungGen: 234592K->2032K(236032K)] 552426K->319874K(714240K), 0.0021774 secs] [Times: user=0.01 sys=0.00, real=0.00 secs] 
2024-07-05T02:10:54.799+0800: 4963.509: [GC (Allocation Failure) [PSYoungGen: 235504K->1984K(236032K)] 553346K->319834K(714240K), 0.0021488 secs] [Times: user=0.00 sys=0.00, real=0.00 secs] 
2024-07-05T02:10:55.215+0800: 4963.925: [GC (Allocation Failure) [PSYoungGen: 235456K->1984K(236032K)] 553306K->319842K(714240K), 0.0023824 secs] [Times: user=0.01 sys=0.00, real=0.00 secs] 
2024-07-05T02:10:55.639+0800: 4964.350: [GC (Allocation Failure) [PSYoungGen: 235456K->2032K(235008K)] 553314K->319898K(713216K), 0.0023198 secs] [Times: user=0.01 sys=0.00, real=0.00 secs] 
2024-07-05T02:10:56.063+0800: 4964.774: [GC (Allocation Failure) [PSYoungGen: 234480K->1696K(235520K)] 552346K->319570K(713728K), 0.0031002 secs] [Times: user=0.01 sys=0.00, real=0.01 secs] 
2024-07-05T02:10:56.454+0800: 4965.164: [GC (Allocation Failure) [PSYoungGen: 234144K->1120K(235520K)] 552018K->319002K(713728K), 0.0021465 secs] [Times: user=0.00 sys=0.00, real=0.00 secs] 
2024-07-05T02:10:56.838+0800: 4965.549: [GC (Allocation Failure) [PSYoungGen: 234080K->2080K(235520K)] 551962K->319970K(713728K), 0.0021444 secs] [Times: user=0.01 sys=0.00, real=0.00 secs] 
2024-07-05T02:10:57.227+0800: 4965.937: [GC (Allocation Failure) [PSYoungGen: 235040K->1408K(235520K)] 552930K->319306K(713728K), 0.0036689 secs] [Times: user=0.00 sys=0.00, real=0.00 secs] 
2024-07-05T02:10:57.618+0800: 4966.329: [GC (Allocation Failure) [PSYoungGen: 234368K->640K(235520K)] 552266K->318546K(713728K), 0.0035371 secs] [Times: user=0.01 sys=0.00, real=0.00 secs] 
2024-07-05T02:10:58.009+0800: 4966.720: [GC (Allocation Failure) [PSYoungGen: 233600K->1504K(235520K)] 551506K->319418K(713728K), 0.0021779 secs] [Times: user=0.00 sys=0.00, real=0.00 secs] 
2024-07-05T02:10:58.401+0800: 4967.112: [GC (Allocation Failure) [PSYoungGen: 234464K->1504K(235520K)] 552378K->319426K(713728K), 0.0021328 secs] [Times: user=0.01 sys=0.00, real=0.00 secs] 
2024-07-05T02:10:58.798+0800: 4967.509: [GC (Allocation Failure) [PSYoungGen: 234464K->1984K(236032K)] 552386K->319914K(714240K), 0.0021304 secs] [Times: user=0.00 sys=0.00, real=0.00 secs] 
2024-07-05T02:10:59.195+0800: 4967.906: [GC (Allocation Failure) [PSYoungGen: 235456K->704K(234496K)] 553386K->318642K(712704K), 0.0029440 secs] [Times: user=0.01 sys=0.00, real=0.00 secs] 
2024-07-05T02:10:59.604+0800: 4968.314: [GC (Allocation Failure) [PSYoungGen: 234176K->1280K(236032K)] 552114K->319226K(714240K), 0.0023851 secs] [Times: user=0.00 sys=0.00, real=0.01 secs] 
2024-07-05T02:10:59.991+0800: 4968.702: [GC (Allocation Failure) [PSYoungGen: 234240K->1776K(235520K)] 552186K->319730K(713728K), 0.0023034 secs] [Times: user=0.00 sys=0.01, real=0.01 secs] 
2024-07-05T02:11:00.414+0800: 4969.125: [GC (Allocation Failure) [PSYoungGen: 234736K->1280K(235520K)] 552690K->319242K(713728K), 0.0021543 secs] [Times: user=0.00 sys=0.00, real=0.00 secs] 
2024-07-05T02:11:00.833+0800: 4969.544: [GC (Allocation Failure) [PSYoungGen: 234240K->1856K(235520K)] 552202K->319826K(713728K), 0.0021825 secs] [Times: user=0.00 sys=0.00, real=0.01 secs] 
2024-07-05T02:11:01.268+0800: 4969.979: [GC (Allocation Failure) [PSYoungGen: 234816K->1440K(236032K)] 552786K->319418K(714240K), 0.0023988 secs] [Times: user=0.00 sys=0.00, real=0.00 secs] 
2024-07-05T02:11:01.707+0800: 4970.417: [GC (Allocation Failure) [PSYoungGen: 234912K->1184K(236032K)] 552890K->319170K(714240K), 0.0020526 secs] [Times: user=0.01 sys=0.00, real=0.00 secs] 
2024-07-05T02:11:02.115+0800: 4970.825: [GC (Allocation Failure) [PSYoungGen: 234656K->1312K(236032K)] 552642K->319306K(714240K), 0.0021769 secs] [Times: user=0.00 sys=0.00, real=0.00 secs] 
2024-07-05T02:11:02.534+0800: 4971.245: [GC (Allocation Failure) [PSYoungGen: 234784K->1632K(236032K)] 552778K->319634K(714240K), 0.0021719 secs] [Times: user=0.00 sys=0.00, real=0.00 secs] 
2024-07-05T02:11:02.957+0800: 4971.668: [GC (Allocation Failure) [PSYoungGen: 235104K->2048K(236032K)] 553106K->320058K(714240K), 0.0025038 secs] [Times: user=0.00 sys=0.00, real=0.00 secs] 
2024-07-05T02:11:03.380+0800: 4972.091: [GC (Allocation Failure) [PSYoungGen: 235520K->1888K(236032K)] 553530K->319906K(714240K), 0.0030518 secs] [Times: user=0.00 sys=0.00, real=0.00 secs] 
2024-07-05T02:11:03.806+0800: 4972.516: [GC (Allocation Failure) [PSYoungGen: 235360K->1632K(236032K)] 553378K->319658K(714240K), 0.0029603 secs] [Times: user=0.00 sys=0.00, real=0.00 secs] 
2024-07-05T02:11:04.194+0800: 4972.905: [GC (Allocation Failure) [PSYoungGen: 235104K->1216K(236032K)] 553130K->319250K(714240K), 0.0019838 secs] [Times: user=0.01 sys=0.00, real=0.00 secs] 
2024-07-05T02:11:04.583+0800: 4973.294: [GC (Allocation Failure) [PSYoungGen: 234688K->1216K(236032K)] 552722K->319258K(714240K), 0.0021525 secs] [Times: user=0.00 sys=0.00, real=0.00 secs] 
2024-07-05T02:11:04.969+0800: 4973.680: [GC (Allocation Failure) [PSYoungGen: 234688K->1952K(236032K)] 552730K->320002K(714240K), 0.0021427 secs] [Times: user=0.00 sys=0.00, real=0.00 secs] 
2024-07-05T02:11:05.355+0800: 4974.066: [GC (Allocation Failure) [PSYoungGen: 235424K->1056K(236032K)] 553474K->319114K(714240K), 0.0020541 secs] [Times: user=0.01 sys=0.00, real=0.00 secs] 
2024-07-05T02:11:05.742+0800: 4974.453: [GC (Allocation Failure) [PSYoungGen: 234528K->2048K(236032K)] 552586K->320114K(714240K), 0.0021760 secs] [Times: user=0.00 sys=0.00, real=0.00 secs] 
2024-07-05T02:11:06.137+0800: 4974.848: [GC (Allocation Failure) [PSYoungGen: 235520K->1488K(236032K)] 553586K->319562K(714240K), 0.0021681 secs] [Times: user=0.00 sys=0.00, real=0.00 secs] 
2024-07-05T02:11:06.529+0800: 4975.240: [GC (Allocation Failure) [PSYoungGen: 234960K->1856K(236032K)] 553034K->319938K(714240K), 0.0022479 secs] [Times: user=0.00 sys=0.00, real=0.00 secs] 
2024-07-05T02:11:06.923+0800: 4975.634: [GC (Allocation Failure) [PSYoungGen: 235328K->1408K(236032K)] 553410K->319498K(714240K), 0.0028032 secs] [Times: user=0.00 sys=0.00, real=0.01 secs] 
2024-07-05T02:11:07.316+0800: 4976.027: [GC (Allocation Failure) [PSYoungGen: 234880K->1952K(236032K)] 552970K->320050K(714240K), 0.0024720 secs] [Times: user=0.00 sys=0.00, real=0.00 secs] 
2024-07-05T02:11:07.706+0800: 4976.417: [GC (Allocation Failure) [PSYoungGen: 235424K->1312K(236032K)] 553522K->319418K(714240K), 0.0023263 secs] [Times: user=0.00 sys=0.00, real=0.00 secs] 
2024-07-05T02:11:08.099+0800: 4976.810: [GC (Allocation Failure) [PSYoungGen: 234784K->1632K(236032K)] 552890K->319746K(714240K), 0.0040319 secs] [Times: user=0.00 sys=0.00, real=0.00 secs] 
2024-07-05T02:11:08.499+0800: 4977.209: [GC (Allocation Failure) [PSYoungGen: 235104K->1664K(236032K)] 553218K->319786K(714240K), 0.0045575 secs] [Times: user=0.00 sys=0.00, real=0.00 secs] 
2024-07-05T02:11:08.896+0800: 4977.607: [GC (Allocation Failure) [PSYoungGen: 235136K->1632K(236032K)] 553258K->319762K(714240K), 0.0021871 secs] [Times: user=0.00 sys=0.00, real=0.00 secs] 
2024-07-05T02:11:09.289+0800: 4978.000: [GC (Allocation Failure) [PSYoungGen: 235104K->1184K(236032K)] 553234K->319322K(714240K), 0.0020883 secs] [Times: user=0.00 sys=0.00, real=0.00 secs] 
2024-07-05T02:11:09.683+0800: 4978.394: [GC (Allocation Failure) [PSYoungGen: 234656K->2016K(236032K)] 552794K->320162K(714240K), 0.0037864 secs] [Times: user=0.01 sys=0.00, real=0.01 secs] 
2024-07-05T02:11:10.075+0800: 4978.786: [GC (Allocation Failure) [PSYoungGen: 235488K->1952K(236032K)] 553634K->320106K(714240K), 0.0030987 secs] [Times: user=0.00 sys=0.00, real=0.00 secs] 
2024-07-05T02:11:10.485+0800: 4979.195: [GC (Allocation Failure) [PSYoungGen: 235424K->1856K(236032K)] 553578K->320018K(714240K), 0.0023729 secs] [Times: user=0.00 sys=0.00, real=0.01 secs] 
2024-07-05T02:11:10.886+0800: 4979.597: [GC (Allocation Failure) [PSYoungGen: 235328K->1536K(236032K)] 553490K->319706K(714240K), 0.0027065 secs] [Times: user=0.01 sys=0.00, real=0.00 secs] 
2024-07-05T02:11:11.290+0800: 4980.000: [GC (Allocation Failure) [PSYoungGen: 235008K->1568K(236032K)] 553178K->319746K(714240K), 0.0038817 secs] [Times: user=0.00 sys=0.00, real=0.01 secs] 
2024-07-05T02:11:11.689+0800: 4980.399: [GC (Allocation Failure) [PSYoungGen: 235040K->1568K(236032K)] 553218K->319754K(714240K), 0.0025442 secs] [Times: user=0.00 sys=0.00, real=0.00 secs] 
2024-07-05T02:11:12.083+0800: 4980.794: [GC (Allocation Failure) [PSYoungGen: 235040K->1184K(236032K)] 553226K->319378K(714240K), 0.0024707 secs] [Times: user=0.00 sys=0.00, real=0.01 secs] 
2024-07-05T02:11:12.479+0800: 4981.189: [GC (Allocation Failure) [PSYoungGen: 234656K->2048K(236032K)] 552850K->320250K(714240K), 0.0022086 secs] [Times: user=0.00 sys=0.00, real=0.00 secs] 
2024-07-05T02:11:12.878+0800: 4981.589: [GC (Allocation Failure) [PSYoungGen: 235520K->2080K(236032K)] 553722K->320290K(714240K), 0.0022315 secs] [Times: user=0.00 sys=0.00, real=0.00 secs] 
2024-07-05T02:11:13.275+0800: 4981.985: [GC (Allocation Failure) [PSYoungGen: 235552K->2112K(236032K)] 553762K->320330K(714240K), 0.0022233 secs] [Times: user=0.00 sys=0.00, real=0.00 secs] 
2024-07-05T02:11:13.667+0800: 4982.377: [GC (Allocation Failure) [PSYoungGen: 235584K->1712K(236032K)] 553802K->319938K(714240K), 0.0038831 secs] [Times: user=0.00 sys=0.00, real=0.00 secs] 
2024-07-05T02:11:14.075+0800: 4982.786: [GC (Allocation Failure) [PSYoungGen: 235184K->1664K(236032K)] 553410K->319898K(714240K), 0.0021038 secs] [Times: user=0.01 sys=0.00, real=0.00 secs] 
2024-07-05T02:11:14.473+0800: 4983.183: [GC (Allocation Failure) [PSYoungGen: 235136K->1664K(236032K)] 553370K->319906K(714240K), 0.0021496 secs] [Times: user=0.00 sys=0.00, real=0.01 secs] 
2024-07-05T02:11:14.873+0800: 4983.583: [GC (Allocation Failure) [PSYoungGen: 235136K->1088K(236032K)] 553378K->319338K(714240K), 0.0020985 secs] [Times: user=0.00 sys=0.00, real=0.01 secs] 
2024-07-05T02:11:15.271+0800: 4983.982: [GC (Allocation Failure) [PSYoungGen: 234560K->1344K(236032K)] 552810K->319602K(714240K), 0.0020960 secs] [Times: user=0.00 sys=0.00, real=0.00 secs] 
2024-07-05T02:11:15.676+0800: 4984.387: [GC (Allocation Failure) [PSYoungGen: 234816K->1184K(236032K)] 553074K->319450K(714240K), 0.0021488 secs] [Times: user=0.00 sys=0.00, real=0.00 secs] 
2024-07-05T02:11:16.096+0800: 4984.807: [GC (Allocation Failure) [PSYoungGen: 234656K->1696K(236032K)] 552922K->319970K(714240K), 0.0038678 secs] [Times: user=0.01 sys=0.00, real=0.00 secs] 
2024-07-05T02:11:16.503+0800: 4985.213: [GC (Allocation Failure) [PSYoungGen: 235168K->1600K(236032K)] 553442K->319882K(714240K), 0.0088965 secs] [Times: user=0.01 sys=0.00, real=0.01 secs] 
2024-07-05T02:11:16.938+0800: 4985.648: [GC (Allocation Failure) [PSYoungGen: 235072K->1120K(236032K)] 553354K->319410K(714240K), 0.0026365 secs] [Times: user=0.00 sys=0.01, real=0.00 secs] 
2024-07-05T02:11:17.349+0800: 4986.059: [GC (Allocation Failure) [PSYoungGen: 234592K->1504K(236032K)] 552882K->319802K(714240K), 0.0021497 secs] [Times: user=0.00 sys=0.00, real=0.00 secs] 
2024-07-05T02:11:17.763+0800: 4986.473: [GC (Allocation Failure) [PSYoungGen: 234976K->1296K(236032K)] 553274K->319602K(714240K), 0.0022221 secs] [Times: user=0.00 sys=0.00, real=0.00 secs] 
2024-07-05T02:11:18.170+0800: 4986.881: [GC (Allocation Failure) [PSYoungGen: 234768K->1120K(236032K)] 553074K->319434K(714240K), 0.0020609 secs] [Times: user=0.00 sys=0.00, real=0.00 secs] 
2024-07-05T02:11:18.582+0800: 4987.293: [GC (Allocation Failure) [PSYoungGen: 234592K->1440K(236032K)] 552906K->319762K(714240K), 0.0023183 secs] [Times: user=0.01 sys=0.00, real=0.00 secs] 
2024-07-05T02:11:19.026+0800: 4987.736: [GC (Allocation Failure) [PSYoungGen: 234912K->1312K(236032K)] 553234K->319642K(714240K), 0.0023027 secs] [Times: user=0.00 sys=0.01, real=0.01 secs] 
2024-07-05T02:11:19.430+0800: 4988.141: [GC (Allocation Failure) [PSYoungGen: 234784K->1424K(235008K)] 553114K->319762K(713216K), 0.0039344 secs] [Times: user=0.01 sys=0.00, real=0.01 secs] 
2024-07-05T02:11:19.836+0800: 4988.547: [GC (Allocation Failure) [PSYoungGen: 234896K->1728K(235008K)] 553234K->320074K(713216K), 0.0023982 secs] [Times: user=0.00 sys=0.00, real=0.00 secs] 
2024-07-05T02:11:20.248+0800: 4988.959: [GC (Allocation Failure) [PSYoungGen: 234688K->816K(235520K)] 553034K->319170K(713728K), 0.0027004 secs] [Times: user=0.01 sys=0.00, real=0.00 secs] 
2024-07-05T02:11:20.653+0800: 4989.363: [GC (Allocation Failure) [PSYoungGen: 233776K->1248K(236032K)] 552130K->319610K(714240K), 0.0026026 secs] [Times: user=0.01 sys=0.00, real=0.01 secs] 
2024-07-05T02:11:21.074+0800: 4989.785: [GC (Allocation Failure) [PSYoungGen: 234720K->1184K(235008K)] 553082K->319554K(713216K), 0.0022842 secs] [Times: user=0.01 sys=0.00, real=0.00 secs] 
2024-07-05T02:11:21.517+0800: 4990.227: [GC (Allocation Failure) [PSYoungGen: 234656K->1824K(235008K)] 553026K->320202K(713216K), 0.0023188 secs] [Times: user=0.01 sys=0.00, real=0.00 secs] 
2024-07-05T02:11:21.910+0800: 4990.620: [GC (Allocation Failure) [PSYoungGen: 234784K->1984K(235520K)] 553162K->320370K(713728K), 0.0021568 secs] [Times: user=0.00 sys=0.00, real=0.00 secs] 
2024-07-05T02:11:22.314+0800: 4991.025: [GC (Allocation Failure) [PSYoungGen: 234944K->1120K(236032K)] 553330K->319514K(714240K), 0.0036321 secs] [Times: user=0.00 sys=0.00, real=0.00 secs] 
2024-07-05T02:11:22.757+0800: 4991.467: [GC (Allocation Failure) [PSYoungGen: 234592K->1952K(236032K)] 552986K->320354K(714240K), 0.0022557 secs] [Times: user=0.00 sys=0.00, real=0.00 secs] 
2024-07-05T02:11:23.199+0800: 4991.910: [GC (Allocation Failure) [PSYoungGen: 235424K->1984K(236032K)] 553826K->320394K(714240K), 0.0023332 secs] [Times: user=0.01 sys=0.00, real=0.00 secs] 
2024-07-05T02:11:23.628+0800: 4992.339: [GC (Allocation Failure) [PSYoungGen: 235456K->1504K(236032K)] 553866K->319922K(714240K), 0.0028149 secs] [Times: user=0.00 sys=0.00, real=0.00 secs] 
2024-07-05T02:11:24.033+0800: 4992.744: [GC (Allocation Failure) [PSYoungGen: 234976K->1344K(236032K)] 553394K->319770K(714240K), 0.0020904 secs] [Times: user=0.01 sys=0.00, real=0.01 secs] 
2024-07-05T02:11:24.435+0800: 4993.146: [GC (Allocation Failure) [PSYoungGen: 234816K->2016K(236032K)] 553242K->320450K(714240K), 0.0021826 secs] [Times: user=0.00 sys=0.00, real=0.00 secs] 
2024-07-05T02:11:24.845+0800: 4993.556: [GC (Allocation Failure) [PSYoungGen: 235488K->1024K(236032K)] 553922K->319466K(714240K), 0.0020734 secs] [Times: user=0.01 sys=0.00, real=0.01 secs] 
2024-07-05T02:11:25.263+0800: 4993.973: [GC (Allocation Failure) [PSYoungGen: 234496K->2096K(236032K)] 552938K->320546K(714240K), 0.0021833 secs] [Times: user=0.00 sys=0.00, real=0.00 secs] 
2024-07-05T02:11:25.678+0800: 4994.388: [GC (Allocation Failure) [PSYoungGen: 235568K->1984K(235008K)] 554018K->320442K(713216K), 0.0022601 secs] [Times: user=0.00 sys=0.00, real=0.00 secs] 
2024-07-05T02:11:26.102+0800: 4994.812: [GC (Allocation Failure) [PSYoungGen: 234432K->1472K(235520K)] 552890K->319938K(713728K), 0.0029277 secs] [Times: user=0.00 sys=0.00, real=0.00 secs] 
2024-07-05T02:11:26.516+0800: 4995.227: [GC (Allocation Failure) [PSYoungGen: 233920K->1344K(235520K)] 552386K->319818K(713728K), 0.0021436 secs] [Times: user=0.00 sys=0.00, real=0.00 secs] 
2024-07-05T02:11:26.932+0800: 4995.643: [GC (Allocation Failure) [PSYoungGen: 234304K->1104K(235520K)] 552778K->319586K(713728K), 0.0021984 secs] [Times: user=0.01 sys=0.00, real=0.01 secs] 
2024-07-05T02:11:27.347+0800: 4996.058: [GC (Allocation Failure) [PSYoungGen: 234064K->1360K(236032K)] 552546K->319850K(714240K), 0.0034919 secs] [Times: user=0.00 sys=0.00, real=0.00 secs] 
2024-07-05T02:11:27.773+0800: 4996.483: [GC (Allocation Failure) [PSYoungGen: 234832K->1792K(236032K)] 553322K->320290K(714240K), 0.0026876 secs] [Times: user=0.00 sys=0.00, real=0.01 secs] 
2024-07-05T02:11:28.181+0800: 4996.892: [GC (Allocation Failure) [PSYoungGen: 235264K->1632K(236032K)] 553762K->320138K(714240K), 0.0022143 secs] [Times: user=0.00 sys=0.00, real=0.00 secs] 
2024-07-05T02:11:28.592+0800: 4997.303: [GC (Allocation Failure) [PSYoungGen: 235104K->1504K(236032K)] 553610K->320018K(714240K), 0.0021196 secs] [Times: user=0.00 sys=0.00, real=0.01 secs] 
2024-07-05T02:11:29.036+0800: 4997.746: [GC (Allocation Failure) [PSYoungGen: 234976K->1984K(236032K)] 553490K->320506K(714240K), 0.0034534 secs] [Times: user=0.00 sys=0.00, real=0.00 secs] 
2024-07-05T02:11:29.436+0800: 4998.147: [GC (Allocation Failure) [PSYoungGen: 235456K->1312K(236032K)] 553978K->319842K(714240K), 0.0030756 secs] [Times: user=0.00 sys=0.00, real=0.00 secs] 
2024-07-05T02:11:29.862+0800: 4998.572: [GC (Allocation Failure) [PSYoungGen: 234784K->1296K(236032K)] 553314K->319834K(714240K), 0.0022116 secs] [Times: user=0.00 sys=0.00, real=0.00 secs] 
2024-07-05T02:11:30.295+0800: 4999.006: [GC (Allocation Failure) [PSYoungGen: 234768K->1952K(236032K)] 553306K->320498K(714240K), 0.0023155 secs] [Times: user=0.01 sys=0.00, real=0.00 secs] 
2024-07-05T02:11:30.734+0800: 4999.445: [GC (Allocation Failure) [PSYoungGen: 235424K->1728K(236032K)] 553970K->320282K(714240K), 0.0023138 secs] [Times: user=0.01 sys=0.00, real=0.00 secs] 
2024-07-05T02:11:31.171+0800: 4999.882: [GC (Allocation Failure) [PSYoungGen: 235200K->1760K(236032K)] 553754K->320322K(714240K), 0.0025223 secs] [Times: user=0.00 sys=0.00, real=0.01 secs] 
2024-07-05T02:11:31.596+0800: 5000.307: [GC (Allocation Failure) [PSYoungGen: 235232K->1888K(236032K)] 553794K->320458K(714240K), 0.0022047 secs] [Times: user=0.00 sys=0.00, real=0.00 secs] 
2024-07-05T02:11:32.019+0800: 5000.730: [GC (Allocation Failure) [PSYoungGen: 235360K->1584K(236032K)] 553930K->320162K(714240K), 0.0022219 secs] [Times: user=0.00 sys=0.00, real=0.00 secs] 
2024-07-05T02:11:32.453+0800: 5001.164: [GC (Allocation Failure) [PSYoungGen: 235056K->1840K(236032K)] 553634K->320426K(714240K), 0.0022925 secs] [Times: user=0.01 sys=0.00, real=0.01 secs] 
2024-07-05T02:11:32.895+0800: 5001.606: [GC (Allocation Failure) [PSYoungGen: 235312K->832K(236032K)] 553898K->319426K(714240K), 0.0033273 secs] [Times: user=0.00 sys=0.00, real=0.00 secs] 
2024-07-05T02:11:33.322+0800: 5002.033: [GC (Allocation Failure) [PSYoungGen: 234304K->1584K(236032K)] 552898K->320186K(714240K), 0.0023057 secs] [Times: user=0.01 sys=0.00, real=0.00 secs] 
2024-07-05T02:11:33.760+0800: 5002.471: [GC (Allocation Failure) [PSYoungGen: 235056K->1632K(236032K)] 553658K->320242K(714240K), 0.0024533 secs] [Times: user=0.00 sys=0.00, real=0.00 secs] 
2024-07-05T02:11:34.197+0800: 5002.908: [GC (Allocation Failure) [PSYoungGen: 235104K->1920K(236032K)] 553714K->320538K(714240K), 0.0023205 secs] [Times: user=0.01 sys=0.00, real=0.00 secs] 
2024-07-05T02:11:34.619+0800: 5003.330: [GC (Allocation Failure) [PSYoungGen: 235392K->1984K(236032K)] 554010K->320610K(714240K), 0.0022507 secs] [Times: user=0.00 sys=0.00, real=0.00 secs] 
2024-07-05T02:11:35.010+0800: 5003.721: [GC (Allocation Failure) [PSYoungGen: 235456K->1472K(236032K)] 554082K->320106K(714240K), 0.0020529 secs] [Times: user=0.00 sys=0.00, real=0.00 secs] 
2024-07-05T02:11:35.412+0800: 5004.123: [GC (Allocation Failure) [PSYoungGen: 234944K->1440K(236032K)] 553578K->320082K(714240K), 0.0023143 secs] [Times: user=0.00 sys=0.00, real=0.01 secs] 
2024-07-05T02:11:35.798+0800: 5004.509: [GC (Allocation Failure) [PSYoungGen: 234912K->1504K(236032K)] 553554K->320154K(714240K), 0.0020946 secs] [Times: user=0.00 sys=0.00, real=0.00 secs] 
2024-07-05T02:11:36.186+0800: 5004.897: [GC (Allocation Failure) [PSYoungGen: 234976K->2048K(236032K)] 553626K->320706K(714240K), 0.0021401 secs] [Times: user=0.01 sys=0.00, real=0.00 secs] 
2024-07-05T02:11:36.577+0800: 5005.288: [GC (Allocation Failure) [PSYoungGen: 235520K->1760K(236032K)] 554178K->320426K(714240K), 0.0021489 secs] [Times: user=0.00 sys=0.00, real=0.00 secs] 
2024-07-05T02:11:36.960+0800: 5005.670: [GC (Allocation Failure) [PSYoungGen: 235232K->1376K(236032K)] 553898K->320058K(714240K), 0.0021276 secs] [Times: user=0.01 sys=0.00, real=0.00 secs] 
2024-07-05T02:11:37.349+0800: 5006.060: [GC (Allocation Failure) [PSYoungGen: 234848K->1120K(236032K)] 553530K->319810K(714240K), 0.0021158 secs] [Times: user=0.01 sys=0.00, real=0.00 secs] 
2024-07-05T02:11:37.738+0800: 5006.449: [GC (Allocation Failure) [PSYoungGen: 234592K->1776K(236032K)] 553282K->320474K(714240K), 0.0037865 secs] [Times: user=0.00 sys=0.00, real=0.00 secs] 
2024-07-05T02:11:38.139+0800: 5006.849: [GC (Allocation Failure) [PSYoungGen: 235248K->1792K(236032K)] 553946K->320498K(714240K), 0.0021714 secs] [Times: user=0.00 sys=0.00, real=0.00 secs] 
2024-07-05T02:11:38.550+0800: 5007.261: [GC (Allocation Failure) [PSYoungGen: 235264K->1536K(236032K)] 553970K->320250K(714240K), 0.0040128 secs] [Times: user=0.00 sys=0.00, real=0.01 secs] 
2024-07-05T02:11:38.970+0800: 5007.681: [GC (Allocation Failure) [PSYoungGen: 235008K->1664K(236032K)] 553722K->320386K(714240K), 0.0021590 secs] [Times: user=0.01 sys=0.00, real=0.00 secs] 
2024-07-05T02:11:39.382+0800: 5008.093: [GC (Allocation Failure) [PSYoungGen: 235136K->1696K(236032K)] 553858K->320426K(714240K), 0.0044140 secs] [Times: user=0.01 sys=0.00, real=0.01 secs] 
2024-07-05T02:11:39.784+0800: 5008.495: [GC (Allocation Failure) [PSYoungGen: 235168K->1168K(236032K)] 553898K->319906K(714240K), 0.0023034 secs] [Times: user=0.01 sys=0.00, real=0.01 secs] 
2024-07-05T02:11:40.192+0800: 5008.903: [GC (Allocation Failure) [PSYoungGen: 234640K->1568K(236032K)] 553378K->320314K(714240K), 0.0028879 secs] [Times: user=0.00 sys=0.00, real=0.01 secs] 
2024-07-05T02:11:40.601+0800: 5009.312: [GC (Allocation Failure) [PSYoungGen: 235040K->1120K(236032K)] 553786K->319874K(714240K), 0.0021321 secs] [Times: user=0.01 sys=0.00, real=0.00 secs] 
2024-07-05T02:11:41.007+0800: 5009.718: [GC (Allocation Failure) [PSYoungGen: 234592K->1664K(236032K)] 553346K->320426K(714240K), 0.0033349 secs] [Times: user=0.01 sys=0.00, real=0.00 secs] 
2024-07-05T02:11:41.425+0800: 5010.136: [GC (Allocation Failure) [PSYoungGen: 235136K->1184K(236032K)] 553898K->319954K(714240K), 0.0021007 secs] [Times: user=0.00 sys=0.00, real=0.01 secs] 
2024-07-05T02:11:41.843+0800: 5010.554: [GC (Allocation Failure) [PSYoungGen: 234656K->1504K(236032K)] 553426K->320282K(714240K), 0.0031751 secs] [Times: user=0.00 sys=0.00, real=0.01 secs] 
2024-07-05T02:11:42.257+0800: 5010.968: [GC (Allocation Failure) [PSYoungGen: 234976K->784K(236032K)] 553754K->319570K(714240K), 0.0021744 secs] [Times: user=0.01 sys=0.00, real=0.00 secs] 
2024-07-05T02:11:42.657+0800: 5011.367: [GC (Allocation Failure) [PSYoungGen: 234256K->1408K(236032K)] 553042K->320202K(714240K), 0.0021822 secs] [Times: user=0.01 sys=0.00, real=0.00 secs] 
2024-07-05T02:11:43.058+0800: 5011.769: [GC (Allocation Failure) [PSYoungGen: 234880K->1424K(235008K)] 553674K->320226K(713216K), 0.0039252 secs] [Times: user=0.00 sys=0.00, real=0.00 secs] 
2024-07-05T02:11:43.451+0800: 5012.162: [GC (Allocation Failure) [PSYoungGen: 234896K->1824K(235520K)] 553698K->320634K(713728K), 0.0037221 secs] [Times: user=0.00 sys=0.00, real=0.01 secs] 
2024-07-05T02:11:43.845+0800: 5012.555: [GC (Allocation Failure) [PSYoungGen: 235296K->1120K(236032K)] 554106K->319938K(714240K), 0.0026083 secs] [Times: user=0.00 sys=0.00, real=0.01 secs] 
2024-07-05T02:11:44.234+0800: 5012.944: [GC (Allocation Failure) [PSYoungGen: 234592K->1760K(236032K)] 553410K->320586K(714240K), 0.0020897 secs] [Times: user=0.00 sys=0.00, real=0.00 secs] 
2024-07-05T02:11:44.618+0800: 5013.329: [GC (Allocation Failure) [PSYoungGen: 235232K->800K(236032K)] 554058K->319634K(714240K), 0.0020535 secs] [Times: user=0.00 sys=0.00, real=0.00 secs] 
2024-07-05T02:11:45.035+0800: 5013.745: [GC (Allocation Failure) [PSYoungGen: 234272K->2048K(236032K)] 553106K->320890K(714240K), 0.0037263 secs] [Times: user=0.01 sys=0.00, real=0.00 secs] 
2024-07-05T02:11:45.479+0800: 5014.190: [GC (Allocation Failure) [PSYoungGen: 235520K->1440K(236032K)] 554362K->320290K(714240K), 0.0021491 secs] [Times: user=0.00 sys=0.00, real=0.00 secs] 
2024-07-05T02:11:45.888+0800: 5014.599: [GC (Allocation Failure) [PSYoungGen: 234912K->1248K(236032K)] 553762K->320106K(714240K), 0.0022590 secs] [Times: user=0.00 sys=0.00, real=0.00 secs] 
2024-07-05T02:11:46.303+0800: 5015.013: [GC (Allocation Failure) [PSYoungGen: 234720K->1632K(236032K)] 553578K->320498K(714240K), 0.0039779 secs] [Times: user=0.01 sys=0.00, real=0.01 secs] 
2024-07-05T02:11:46.709+0800: 5015.420: [GC (Allocation Failure) [PSYoungGen: 235104K->1792K(236032K)] 553970K->320666K(714240K), 0.0021473 secs] [Times: user=0.00 sys=0.00, real=0.00 secs] 
2024-07-05T02:11:47.105+0800: 5015.815: [GC (Allocation Failure) [PSYoungGen: 235264K->1152K(236032K)] 554138K->320034K(714240K), 0.0020753 secs] [Times: user=0.01 sys=0.00, real=0.01 secs] 
2024-07-05T02:11:47.502+0800: 5016.212: [GC (Allocation Failure) [PSYoungGen: 234624K->1344K(236032K)] 553506K->320234K(714240K), 0.0020639 secs] [Times: user=0.00 sys=0.00, real=0.00 secs] 
2024-07-05T02:11:47.946+0800: 5016.657: [GC (Allocation Failure) [PSYoungGen: 234816K->1376K(236032K)] 553706K->320274K(714240K), 0.0024784 secs] [Times: user=0.01 sys=0.00, real=0.00 secs] 
2024-07-05T02:11:48.394+0800: 5017.105: [GC (Allocation Failure) [PSYoungGen: 234848K->1408K(236032K)] 553746K->320314K(714240K), 0.0022185 secs] [Times: user=0.00 sys=0.00, real=0.00 secs] 
2024-07-05T02:11:48.872+0800: 5017.583: [GC (Allocation Failure) [PSYoungGen: 234880K->1984K(236032K)] 553786K->320898K(714240K), 0.0034420 secs] [Times: user=0.01 sys=0.00, real=0.01 secs] 
2024-07-05T02:11:49.314+0800: 5018.024: [GC (Allocation Failure) [PSYoungGen: 235456K->1760K(236032K)] 554370K->320682K(714240K), 0.0021813 secs] [Times: user=0.01 sys=0.00, real=0.01 secs] 
2024-07-05T02:11:49.703+0800: 5018.414: [GC (Allocation Failure) [PSYoungGen: 235232K->1728K(236032K)] 554154K->320658K(714240K), 0.0034001 secs] [Times: user=0.01 sys=0.00, real=0.01 secs] 
2024-07-05T02:11:50.090+0800: 5018.800: [GC (Allocation Failure) [PSYoungGen: 235200K->1504K(236032K)] 554130K->320442K(714240K), 0.0021501 secs] [Times: user=0.00 sys=0.00, real=0.00 secs] 
2024-07-05T02:11:50.478+0800: 5019.189: [GC (Allocation Failure) [PSYoungGen: 234976K->1472K(236032K)] 553914K->320418K(714240K), 0.0036437 secs] [Times: user=0.00 sys=0.00, real=0.00 secs] 
2024-07-05T02:11:50.888+0800: 5019.599: [GC (Allocation Failure) [PSYoungGen: 234944K->1200K(236032K)] 553890K->320154K(714240K), 0.0021757 secs] [Times: user=0.00 sys=0.00, real=0.00 secs] 
2024-07-05T02:11:51.298+0800: 5020.008: [GC (Allocation Failure) [PSYoungGen: 234672K->2016K(236032K)] 553626K->320978K(714240K), 0.0039989 secs] [Times: user=0.01 sys=0.00, real=0.00 secs] 
2024-07-05T02:11:51.708+0800: 5020.419: [GC (Allocation Failure) [PSYoungGen: 235488K->1472K(236032K)] 554450K->320442K(714240K), 0.0020863 secs] [Times: user=0.01 sys=0.00, real=0.00 secs] 
2024-07-05T02:11:52.116+0800: 5020.827: [GC (Allocation Failure) [PSYoungGen: 234944K->1984K(236032K)] 553914K->320962K(714240K), 0.0022256 secs] [Times: user=0.00 sys=0.00, real=0.00 secs] 
2024-07-05T02:11:52.523+0800: 5021.234: [GC (Allocation Failure) [PSYoungGen: 235456K->1536K(236032K)] 554434K->320522K(714240K), 0.0036036 secs] [Times: user=0.00 sys=0.00, real=0.01 secs] 
2024-07-05T02:11:52.926+0800: 5021.636: [GC (Allocation Failure) [PSYoungGen: 235008K->1472K(236032K)] 553994K->320466K(714240K), 0.0022085 secs] [Times: user=0.01 sys=0.00, real=0.01 secs] 
2024-07-05T02:11:53.378+0800: 5022.089: [GC (Allocation Failure) [PSYoungGen: 234944K->1776K(236032K)] 553938K->320778K(714240K), 0.0022062 secs] [Times: user=0.01 sys=0.00, real=0.00 secs] 
2024-07-05T02:11:53.795+0800: 5022.506: [GC (Allocation Failure) [PSYoungGen: 235248K->1280K(236032K)] 554250K->320290K(714240K), 0.0048330 secs] [Times: user=0.01 sys=0.00, real=0.00 secs] 
2024-07-05T02:11:54.214+0800: 5022.925: [GC (Allocation Failure) [PSYoungGen: 234752K->1856K(236032K)] 553762K->320874K(714240K), 0.0021852 secs] [Times: user=0.00 sys=0.00, real=0.00 secs] 
2024-07-05T02:11:54.622+0800: 5023.333: [GC (Allocation Failure) [PSYoungGen: 235328K->1600K(236032K)] 554346K->320626K(714240K), 0.0022551 secs] [Times: user=0.00 sys=0.00, real=0.00 secs] 
2024-07-05T02:11:55.008+0800: 5023.718: [GC (Allocation Failure) [PSYoungGen: 235072K->1456K(236032K)] 554098K->320490K(714240K), 0.0021208 secs] [Times: user=0.01 sys=0.00, real=0.00 secs] 
2024-07-05T02:11:55.400+0800: 5024.110: [GC (Allocation Failure) [PSYoungGen: 234928K->1344K(236032K)] 553962K->320386K(714240K), 0.0020841 secs] [Times: user=0.00 sys=0.00, real=0.00 secs] 
2024-07-05T02:11:55.790+0800: 5024.501: [GC (Allocation Failure) [PSYoungGen: 234816K->1792K(236032K)] 553858K->320842K(714240K), 0.0021494 secs] [Times: user=0.00 sys=0.00, real=0.00 secs] 
2024-07-05T02:11:56.183+0800: 5024.893: [GC (Allocation Failure) [PSYoungGen: 235264K->1760K(236032K)] 554314K->320818K(714240K), 0.0021533 secs] [Times: user=0.00 sys=0.00, real=0.00 secs] 
2024-07-05T02:11:56.566+0800: 5025.277: [GC (Allocation Failure) [PSYoungGen: 235232K->1504K(236032K)] 554290K->320570K(714240K), 0.0021510 secs] [Times: user=0.00 sys=0.00, real=0.00 secs] 
2024-07-05T02:11:56.955+0800: 5025.665: [GC (Allocation Failure) [PSYoungGen: 234976K->1952K(236032K)] 554042K->321026K(714240K), 0.0021081 secs] [Times: user=0.00 sys=0.00, real=0.00 secs] 
2024-07-05T02:11:57.343+0800: 5026.054: [GC (Allocation Failure) [PSYoungGen: 235424K->1472K(236032K)] 554498K->320554K(714240K), 0.0021076 secs] [Times: user=0.00 sys=0.00, real=0.00 secs] 
2024-07-05T02:11:57.729+0800: 5026.440: [GC (Allocation Failure) [PSYoungGen: 234944K->1472K(236032K)] 554026K->320562K(714240K), 0.0021373 secs] [Times: user=0.01 sys=0.00, real=0.00 secs] 
2024-07-05T02:11:58.115+0800: 5026.825: [GC (Allocation Failure) [PSYoungGen: 234944K->1920K(236032K)] 554034K->321018K(714240K), 0.0036094 secs] [Times: user=0.00 sys=0.00, real=0.00 secs] 
2024-07-05T02:11:58.504+0800: 5027.214: [GC (Allocation Failure) [PSYoungGen: 235392K->1888K(236032K)] 554490K->320994K(714240K), 0.0022131 secs] [Times: user=0.00 sys=0.00, real=0.01 secs] 
2024-07-05T02:11:58.894+0800: 5027.605: [GC (Allocation Failure) [PSYoungGen: 235360K->1152K(236032K)] 554466K->320266K(714240K), 0.0020148 secs] [Times: user=0.00 sys=0.00, real=0.00 secs] 
2024-07-05T02:11:59.281+0800: 5027.991: [GC (Allocation Failure) [PSYoungGen: 234624K->2048K(236032K)] 553738K->321170K(714240K), 0.0022606 secs] [Times: user=0.00 sys=0.00, real=0.00 secs] 
2024-07-05T02:11:59.671+0800: 5028.381: [GC (Allocation Failure) [PSYoungGen: 235520K->1696K(236032K)] 554642K->320826K(714240K), 0.0020786 secs] [Times: user=0.00 sys=0.00, real=0.00 secs] 
2024-07-05T02:12:00.057+0800: 5028.767: [GC (Allocation Failure) [PSYoungGen: 235168K->1440K(236032K)] 554298K->320578K(714240K), 0.0021774 secs] [Times: user=0.00 sys=0.00, real=0.00 secs] 
2024-07-05T02:12:00.446+0800: 5029.156: [GC (Allocation Failure) [PSYoungGen: 234912K->1632K(236032K)] 554050K->320778K(714240K), 0.0021709 secs] [Times: user=0.01 sys=0.00, real=0.00 secs] 
2024-07-05T02:12:00.833+0800: 5029.543: [GC (Allocation Failure) [PSYoungGen: 235104K->1888K(236032K)] 554250K->321042K(714240K), 0.0026948 secs] [Times: user=0.00 sys=0.00, real=0.01 secs] 
2024-07-05T02:12:01.243+0800: 5029.954: [GC (Allocation Failure) [PSYoungGen: 235360K->1440K(236032K)] 554514K->320602K(714240K), 0.0023286 secs] [Times: user=0.01 sys=0.00, real=0.00 secs] 
2024-07-05T02:12:01.655+0800: 5030.366: [GC (Allocation Failure) [PSYoungGen: 234912K->2048K(236032K)] 554074K->321218K(714240K), 0.0023476 secs] [Times: user=0.00 sys=0.00, real=0.00 secs] 
2024-07-05T02:12:02.083+0800: 5030.794: [GC (Allocation Failure) [PSYoungGen: 235520K->1888K(236032K)] 554690K->321066K(714240K), 0.0022239 secs] [Times: user=0.00 sys=0.00, real=0.00 secs] 
2024-07-05T02:12:02.489+0800: 5031.200: [GC (Allocation Failure) [PSYoungGen: 235360K->1888K(236032K)] 554538K->321074K(714240K), 0.0021803 secs] [Times: user=0.01 sys=0.00, real=0.00 secs] 
2024-07-05T02:12:02.898+0800: 5031.609: [GC (Allocation Failure) [PSYoungGen: 235360K->1504K(236032K)] 554546K->320698K(714240K), 0.0021618 secs] [Times: user=0.01 sys=0.00, real=0.00 secs] 
2024-07-05T02:12:03.283+0800: 5031.994: [GC (Allocation Failure) [PSYoungGen: 234976K->1952K(236032K)] 554170K->321154K(714240K), 0.0021109 secs] [Times: user=0.01 sys=0.00, real=0.00 secs] 
2024-07-05T02:12:03.669+0800: 5032.379: [GC (Allocation Failure) [PSYoungGen: 235424K->1760K(236032K)] 554626K->320970K(714240K), 0.0022286 secs] [Times: user=0.01 sys=0.00, real=0.00 secs] 
2024-07-05T02:12:04.097+0800: 5032.808: [GC (Allocation Failure) [PSYoungGen: 235232K->1280K(236032K)] 554442K->320498K(714240K), 0.0021069 secs] [Times: user=0.00 sys=0.00, real=0.00 secs] 
2024-07-05T02:12:04.502+0800: 5033.213: [GC (Allocation Failure) [PSYoungGen: 234752K->1696K(236032K)] 553970K->320922K(714240K), 0.0022197 secs] [Times: user=0.00 sys=0.00, real=0.00 secs] 
2024-07-05T02:12:04.904+0800: 5033.614: [GC (Allocation Failure) [PSYoungGen: 235168K->1280K(236032K)] 554394K->320514K(714240K), 0.0030207 secs] [Times: user=0.00 sys=0.00, real=0.01 secs] 
2024-07-05T02:12:05.323+0800: 5034.034: [GC (Allocation Failure) [PSYoungGen: 234752K->2048K(236032K)] 553986K->321290K(714240K), 0.0023666 secs] [Times: user=0.00 sys=0.00, real=0.01 secs] 
2024-07-05T02:12:05.744+0800: 5034.455: [GC (Allocation Failure) [PSYoungGen: 235520K->1344K(236032K)] 554762K->320594K(714240K), 0.0021749 secs] [Times: user=0.01 sys=0.00, real=0.01 secs] 
2024-07-05T02:12:06.133+0800: 5034.843: [GC (Allocation Failure) [PSYoungGen: 234816K->1280K(236032K)] 554066K->320538K(714240K), 0.0023073 secs] [Times: user=0.01 sys=0.00, real=0.01 secs] 
2024-07-05T02:12:06.524+0800: 5035.235: [GC (Allocation Failure) [PSYoungGen: 234752K->1152K(236032K)] 554010K->320418K(714240K), 0.0021103 secs] [Times: user=0.00 sys=0.00, real=0.01 secs] 
2024-07-05T02:12:06.909+0800: 5035.619: [GC (Allocation Failure) [PSYoungGen: 234624K->1856K(236032K)] 553890K->321130K(714240K), 0.0025711 secs] [Times: user=0.01 sys=0.00, real=0.00 secs] 
2024-07-05T02:12:07.307+0800: 5036.017: [GC (Allocation Failure) [PSYoungGen: 235328K->1952K(236032K)] 554602K->321234K(714240K), 0.0021755 secs] [Times: user=0.00 sys=0.00, real=0.00 secs] 
2024-07-05T02:12:07.709+0800: 5036.419: [GC (Allocation Failure) [PSYoungGen: 235424K->1376K(236032K)] 554706K->320666K(714240K), 0.0024392 secs] [Times: user=0.01 sys=0.00, real=0.00 secs] 
2024-07-05T02:12:08.173+0800: 5036.884: [GC (Allocation Failure) [PSYoungGen: 234848K->1856K(236032K)] 554138K->321154K(714240K), 0.0038558 secs] [Times: user=0.00 sys=0.00, real=0.01 secs] 
2024-07-05T02:12:08.643+0800: 5037.354: [GC (Allocation Failure) [PSYoungGen: 235328K->1920K(236032K)] 554626K->321226K(714240K), 0.0036899 secs] [Times: user=0.01 sys=0.00, real=0.01 secs] 
2024-07-05T02:12:09.109+0800: 5037.820: [GC (Allocation Failure) [PSYoungGen: 235392K->1952K(236032K)] 554698K->321266K(714240K), 0.0025199 secs] [Times: user=0.00 sys=0.00, real=0.00 secs] 
2024-07-05T02:12:09.579+0800: 5038.289: [GC (Allocation Failure) [PSYoungGen: 235424K->1344K(236032K)] 554738K->320666K(714240K), 0.0024390 secs] [Times: user=0.01 sys=0.00, real=0.00 secs] 
2024-07-05T02:12:10.045+0800: 5038.756: [GC (Allocation Failure) [PSYoungGen: 234816K->1344K(236032K)] 554138K->320674K(714240K), 0.0022393 secs] [Times: user=0.01 sys=0.00, real=0.01 secs] 
2024-07-05T02:12:10.514+0800: 5039.225: [GC (Allocation Failure) [PSYoungGen: 234816K->1888K(236032K)] 554146K->321226K(714240K), 0.0025513 secs] [Times: user=0.01 sys=0.00, real=0.00 secs] 
2024-07-05T02:12:10.986+0800: 5039.697: [GC (Allocation Failure) [PSYoungGen: 235360K->1344K(236032K)] 554698K->320690K(714240K), 0.0021457 secs] [Times: user=0.00 sys=0.00, real=0.00 secs] 
2024-07-05T02:12:11.374+0800: 5040.084: [GC (Allocation Failure) [PSYoungGen: 234816K->1280K(236032K)] 554162K->320634K(714240K), 0.0020706 secs] [Times: user=0.01 sys=0.00, real=0.00 secs] 
2024-07-05T02:12:11.759+0800: 5040.470: [GC (Allocation Failure) [PSYoungGen: 234752K->1968K(236032K)] 554106K->321330K(714240K), 0.0037479 secs] [Times: user=0.00 sys=0.00, real=0.00 secs] 
2024-07-05T02:12:12.176+0800: 5040.886: [GC (Allocation Failure) [PSYoungGen: 235440K->1504K(236032K)] 554802K->320874K(714240K), 0.0022032 secs] [Times: user=0.01 sys=0.00, real=0.00 secs] 
2024-07-05T02:12:12.595+0800: 5041.305: [GC (Allocation Failure) [PSYoungGen: 234976K->1984K(236032K)] 554346K->321362K(714240K), 0.0021505 secs] [Times: user=0.01 sys=0.00, real=0.00 secs] 
2024-07-05T02:12:13.002+0800: 5041.713: [GC (Allocation Failure) [PSYoungGen: 235456K->1632K(236032K)] 554834K->321018K(714240K), 0.0040446 secs] [Times: user=0.00 sys=0.00, real=0.01 secs] 
2024-07-05T02:12:13.422+0800: 5042.133: [GC (Allocation Failure) [PSYoungGen: 235104K->1600K(236032K)] 554490K->320994K(714240K), 0.0044160 secs] [Times: user=0.01 sys=0.00, real=0.01 secs] 
2024-07-05T02:12:13.847+0800: 5042.558: [GC (Allocation Failure) [PSYoungGen: 235072K->1472K(236032K)] 554466K->320874K(714240K), 0.0022214 secs] [Times: user=0.01 sys=0.00, real=0.00 secs] 
2024-07-05T02:12:14.273+0800: 5042.983: [GC (Allocation Failure) [PSYoungGen: 234944K->1760K(236032K)] 554346K->321170K(714240K), 0.0021811 secs] [Times: user=0.00 sys=0.00, real=0.01 secs] 
2024-07-05T02:12:14.687+0800: 5043.397: [GC (Allocation Failure) [PSYoungGen: 235232K->1408K(236032K)] 554642K->320826K(714240K), 0.0037026 secs] [Times: user=0.01 sys=0.00, real=0.00 secs] 
2024-07-05T02:12:15.098+0800: 5043.808: [GC (Allocation Failure) [PSYoungGen: 234880K->1968K(236032K)] 554298K->321394K(714240K), 0.0038473 secs] [Times: user=0.01 sys=0.00, real=0.00 secs] 
2024-07-05T02:12:15.506+0800: 5044.217: [GC (Allocation Failure) [PSYoungGen: 235440K->2016K(236032K)] 554866K->321450K(714240K), 0.0023122 secs] [Times: user=0.00 sys=0.00, real=0.00 secs] 
2024-07-05T02:12:15.927+0800: 5044.638: [GC (Allocation Failure) [PSYoungGen: 235488K->1792K(236032K)] 554922K->321234K(714240K), 0.0027248 secs] [Times: user=0.00 sys=0.00, real=0.00 secs] 
2024-07-05T02:12:16.352+0800: 5045.063: [GC (Allocation Failure) [PSYoungGen: 235264K->704K(236032K)] 554706K->320154K(714240K), 0.0021734 secs] [Times: user=0.00 sys=0.00, real=0.01 secs] 
2024-07-05T02:12:16.739+0800: 5045.449: [GC (Allocation Failure) [PSYoungGen: 234176K->1888K(236032K)] 553626K->321346K(714240K), 0.0021024 secs] [Times: user=0.00 sys=0.00, real=0.00 secs] 
2024-07-05T02:12:17.170+0800: 5045.881: [GC (Allocation Failure) [PSYoungGen: 235360K->1536K(236032K)] 554818K->321002K(714240K), 0.0022167 secs] [Times: user=0.01 sys=0.00, real=0.00 secs] 
2024-07-05T02:12:17.582+0800: 5046.293: [GC (Allocation Failure) [PSYoungGen: 235008K->992K(236032K)] 554474K->320466K(714240K), 0.0020174 secs] [Times: user=0.01 sys=0.00, real=0.00 secs] 
2024-07-05T02:12:18.003+0800: 5046.713: [GC (Allocation Failure) [PSYoungGen: 234464K->1472K(236032K)] 553938K->320954K(714240K), 0.0038721 secs] [Times: user=0.01 sys=0.00, real=0.01 secs] 
2024-07-05T02:12:18.395+0800: 5047.106: [GC (Allocation Failure) [PSYoungGen: 234944K->1536K(236032K)] 554426K->321026K(714240K), 0.0034012 secs] [Times: user=0.00 sys=0.00, real=0.00 secs] 
2024-07-05T02:12:18.830+0800: 5047.541: [GC (Allocation Failure) [PSYoungGen: 235008K->1344K(236032K)] 554498K->320842K(714240K), 0.0020615 secs] [Times: user=0.00 sys=0.00, real=0.00 secs] 
2024-07-05T02:12:19.234+0800: 5047.945: [GC (Allocation Failure) [PSYoungGen: 234816K->1376K(236032K)] 554314K->320882K(714240K), 0.0037434 secs] [Times: user=0.00 sys=0.00, real=0.00 secs] 
2024-07-05T02:12:19.624+0800: 5048.334: [GC (Allocation Failure) [PSYoungGen: 234848K->1888K(236032K)] 554354K->321402K(714240K), 0.0023521 secs] [Times: user=0.00 sys=0.00, real=0.01 secs] 
2024-07-05T02:12:20.023+0800: 5048.733: [GC (Allocation Failure) [PSYoungGen: 235360K->1696K(236032K)] 554874K->321218K(714240K), 0.0021214 secs] [Times: user=0.00 sys=0.00, real=0.00 secs] 
2024-07-05T02:12:20.407+0800: 5049.118: [GC (Allocation Failure) [PSYoungGen: 235168K->1504K(236032K)] 554690K->321034K(714240K), 0.0046338 secs] [Times: user=0.01 sys=0.00, real=0.00 secs] 
2024-07-05T02:12:20.876+0800: 5049.586: [GC (Allocation Failure) [PSYoungGen: 234976K->1152K(236032K)] 554506K->320690K(714240K), 0.0029796 secs] [Times: user=0.01 sys=0.00, real=0.00 secs] 
2024-07-05T02:12:21.340+0800: 5050.050: [GC (Allocation Failure) [PSYoungGen: 234624K->640K(236032K)] 554162K->320186K(714240K), 0.0021492 secs] [Times: user=0.00 sys=0.00, real=0.00 secs] 
2024-07-05T02:12:21.750+0800: 5050.461: [GC (Allocation Failure) [PSYoungGen: 234112K->1472K(236032K)] 553658K->321026K(714240K), 0.0026338 secs] [Times: user=0.00 sys=0.00, real=0.00 secs] 
2024-07-05T02:12:22.136+0800: 5050.847: [GC (Allocation Failure) [PSYoungGen: 234944K->2032K(236032K)] 554498K->321594K(714240K), 0.0022115 secs] [Times: user=0.00 sys=0.00, real=0.00 secs] 
2024-07-05T02:12:22.522+0800: 5051.232: [GC (Allocation Failure) [PSYoungGen: 235504K->1056K(236032K)] 555066K->320626K(714240K), 0.0025957 secs] [Times: user=0.01 sys=0.00, real=0.00 secs] 
2024-07-05T02:12:22.906+0800: 5051.617: [GC (Allocation Failure) [PSYoungGen: 234528K->1632K(236032K)] 554098K->321210K(714240K), 0.0037216 secs] [Times: user=0.01 sys=0.00, real=0.00 secs] 
2024-07-05T02:12:23.291+0800: 5052.001: [GC (Allocation Failure) [PSYoungGen: 235104K->1792K(236032K)] 554682K->321378K(714240K), 0.0036655 secs] [Times: user=0.00 sys=0.00, real=0.01 secs] 
2024-07-05T02:12:23.683+0800: 5052.394: [GC (Allocation Failure) [PSYoungGen: 235264K->1504K(236032K)] 554850K->321098K(714240K), 0.0030104 secs] [Times: user=0.00 sys=0.00, real=0.01 secs] 
2024-07-05T02:12:24.094+0800: 5052.805: [GC (Allocation Failure) [PSYoungGen: 234976K->1344K(236032K)] 554570K->320946K(714240K), 0.0021425 secs] [Times: user=0.00 sys=0.00, real=0.00 secs] 
2024-07-05T02:12:24.494+0800: 5053.205: [GC (Allocation Failure) [PSYoungGen: 234816K->1024K(236032K)] 554418K->320634K(714240K), 0.0020946 secs] [Times: user=0.00 sys=0.00, real=0.00 secs] 
2024-07-05T02:12:24.923+0800: 5053.634: [GC (Allocation Failure) [PSYoungGen: 234496K->1952K(236032K)] 554106K->321570K(714240K), 0.0022439 secs] [Times: user=0.01 sys=0.00, real=0.00 secs] 
2024-07-05T02:12:25.334+0800: 5054.045: [GC (Allocation Failure) [PSYoungGen: 235424K->1984K(236032K)] 555042K->321610K(714240K), 0.0022943 secs] [Times: user=0.00 sys=0.00, real=0.00 secs] 
2024-07-05T02:12:25.749+0800: 5054.460: [GC (Allocation Failure) [PSYoungGen: 235456K->1984K(236032K)] 555082K->321618K(714240K), 0.0021983 secs] [Times: user=0.00 sys=0.00, real=0.00 secs] 
2024-07-05T02:12:26.163+0800: 5054.874: [GC (Allocation Failure) [PSYoungGen: 235456K->1568K(236032K)] 555090K->321210K(714240K), 0.0030181 secs] [Times: user=0.01 sys=0.00, real=0.01 secs] 
2024-07-05T02:12:26.574+0800: 5055.285: [GC (Allocation Failure) [PSYoungGen: 235040K->1120K(236032K)] 554682K->320770K(714240K), 0.0021190 secs] [Times: user=0.01 sys=0.00, real=0.00 secs] 
2024-07-05T02:12:26.986+0800: 5055.697: [GC (Allocation Failure) [PSYoungGen: 234592K->1984K(236032K)] 554242K->321642K(714240K), 0.0037617 secs] [Times: user=0.01 sys=0.00, real=0.00 secs] 
2024-07-05T02:12:27.412+0800: 5056.122: [GC (Allocation Failure) [PSYoungGen: 235456K->1120K(236032K)] 555114K->320786K(714240K), 0.0021638 secs] [Times: user=0.01 sys=0.00, real=0.01 secs] 
2024-07-05T02:12:27.825+0800: 5056.536: [GC (Allocation Failure) [PSYoungGen: 234592K->1504K(236032K)] 554258K->321178K(714240K), 0.0023215 secs] [Times: user=0.00 sys=0.00, real=0.01 secs] 
2024-07-05T02:12:28.239+0800: 5056.950: [GC (Allocation Failure) [PSYoungGen: 234976K->2016K(236032K)] 554650K->321698K(714240K), 0.0027207 secs] [Times: user=0.01 sys=0.00, real=0.00 secs] 
2024-07-05T02:12:28.629+0800: 5057.339: [GC (Allocation Failure) [PSYoungGen: 235488K->1568K(236032K)] 555170K->321258K(714240K), 0.0022051 secs] [Times: user=0.01 sys=0.00, real=0.00 secs] 
2024-07-05T02:12:29.019+0800: 5057.729: [GC (Allocation Failure) [PSYoungGen: 235040K->1760K(236032K)] 554730K->321458K(714240K), 0.0041683 secs] [Times: user=0.01 sys=0.00, real=0.00 secs] 
2024-07-05T02:12:29.436+0800: 5058.146: [GC (Allocation Failure) [PSYoungGen: 235232K->1664K(236032K)] 554930K->321370K(714240K), 0.0022709 secs] [Times: user=0.00 sys=0.00, real=0.00 secs] 
2024-07-05T02:12:29.834+0800: 5058.545: [GC (Allocation Failure) [PSYoungGen: 235136K->1344K(236032K)] 554842K->321058K(714240K), 0.0032854 secs] [Times: user=0.01 sys=0.00, real=0.00 secs] 
2024-07-05T02:12:30.224+0800: 5058.935: [GC (Allocation Failure) [PSYoungGen: 234816K->2048K(236032K)] 554530K->321770K(714240K), 0.0021683 secs] [Times: user=0.01 sys=0.00, real=0.01 secs] 
2024-07-05T02:12:30.617+0800: 5059.327: [GC (Allocation Failure) [PSYoungGen: 235520K->1792K(236032K)] 555242K->321522K(714240K), 0.0026440 secs] [Times: user=0.01 sys=0.00, real=0.00 secs] 
2024-07-05T02:12:31.007+0800: 5059.717: [GC (Allocation Failure) [PSYoungGen: 235264K->1440K(236032K)] 554994K->321178K(714240K), 0.0037527 secs] [Times: user=0.01 sys=0.00, real=0.00 secs] 
2024-07-05T02:12:31.402+0800: 5060.113: [GC (Allocation Failure) [PSYoungGen: 234912K->1088K(236032K)] 554650K->320834K(714240K), 0.0034592 secs] [Times: user=0.01 sys=0.00, real=0.00 secs] 
2024-07-05T02:12:31.796+0800: 5060.507: [GC (Allocation Failure) [PSYoungGen: 234560K->2016K(236032K)] 554306K->321770K(714240K), 0.0022960 secs] [Times: user=0.01 sys=0.00, real=0.00 secs] 
2024-07-05T02:12:32.208+0800: 5060.918: [GC (Allocation Failure) [PSYoungGen: 235488K->1664K(236032K)] 555242K->321426K(714240K), 0.0036715 secs] [Times: user=0.01 sys=0.00, real=0.00 secs] 
2024-07-05T02:12:32.613+0800: 5061.324: [GC (Allocation Failure) [PSYoungGen: 235136K->1984K(236032K)] 554898K->321754K(714240K), 0.0023122 secs] [Times: user=0.01 sys=0.00, real=0.01 secs] 
2024-07-05T02:12:33.018+0800: 5061.729: [GC (Allocation Failure) [PSYoungGen: 235456K->864K(236032K)] 555226K->320642K(714240K), 0.0027142 secs] [Times: user=0.00 sys=0.00, real=0.00 secs] 
2024-07-05T02:12:33.414+0800: 5062.124: [GC (Allocation Failure) [PSYoungGen: 234336K->2048K(235520K)] 554114K->321834K(713728K), 0.0021415 secs] [Times: user=0.01 sys=0.00, real=0.00 secs] 
2024-07-05T02:12:33.824+0800: 5062.535: [GC (Allocation Failure) [PSYoungGen: 235520K->1440K(236032K)] 555306K->321242K(714240K), 0.0022018 secs] [Times: user=0.01 sys=0.00, real=0.01 secs] 
2024-07-05T02:12:34.247+0800: 5062.957: [GC (Allocation Failure) [PSYoungGen: 234400K->1968K(235520K)] 554202K->321778K(713728K), 0.0043316 secs] [Times: user=0.01 sys=0.00, real=0.00 secs] 
2024-07-05T02:12:34.637+0800: 5063.348: [GC (Allocation Failure) [PSYoungGen: 234928K->1984K(235008K)] 554738K->321802K(713216K), 0.0023391 secs] [Times: user=0.01 sys=0.00, real=0.00 secs] 
2024-07-05T02:12:35.028+0800: 5063.738: [GC (Allocation Failure) [PSYoungGen: 234432K->1920K(235520K)] 554250K->321746K(713728K), 0.0023656 secs] [Times: user=0.01 sys=0.00, real=0.00 secs] 
2024-07-05T02:12:35.421+0800: 5064.131: [GC (Allocation Failure) [PSYoungGen: 234368K->672K(235520K)] 554194K->320506K(713728K), 0.0025869 secs] [Times: user=0.00 sys=0.00, real=0.00 secs] 
2024-07-05T02:12:35.812+0800: 5064.523: [GC (Allocation Failure) [PSYoungGen: 233120K->2080K(235520K)] 552954K->321922K(713728K), 0.0037470 secs] [Times: user=0.00 sys=0.00, real=0.01 secs] 
2024-07-05T02:12:36.202+0800: 5064.913: [GC (Allocation Failure) [PSYoungGen: 234528K->2048K(235520K)] 554370K->321898K(713728K), 0.0021376 secs] [Times: user=0.00 sys=0.00, real=0.00 secs] 
2024-07-05T02:12:36.591+0800: 5065.302: [GC (Allocation Failure) [PSYoungGen: 234496K->1632K(235520K)] 554346K->321490K(713728K), 0.0021298 secs] [Times: user=0.00 sys=0.00, real=0.00 secs] 
2024-07-05T02:12:36.979+0800: 5065.690: [GC (Allocation Failure) [PSYoungGen: 234080K->1632K(235520K)] 553938K->321498K(713728K), 0.0022056 secs] [Times: user=0.01 sys=0.00, real=0.00 secs] 
2024-07-05T02:12:37.376+0800: 5066.086: [GC (Allocation Failure) [PSYoungGen: 234080K->1568K(234496K)] 553946K->321442K(712704K), 0.0022027 secs] [Times: user=0.00 sys=0.00, real=0.00 secs] 
2024-07-05T02:12:37.780+0800: 5066.491: [GC (Allocation Failure) [PSYoungGen: 234016K->1696K(235008K)] 553890K->321578K(713216K), 0.0025644 secs] [Times: user=0.01 sys=0.00, real=0.00 secs] 
2024-07-05T02:12:38.177+0800: 5066.887: [GC (Allocation Failure) [PSYoungGen: 234144K->1760K(235008K)] 554026K->321650K(713216K), 0.0021219 secs] [Times: user=0.01 sys=0.00, real=0.00 secs] 
2024-07-05T02:12:38.571+0800: 5067.282: [GC (Allocation Failure) [PSYoungGen: 234208K->2016K(236032K)] 554098K->321914K(714240K), 0.0023309 secs] [Times: user=0.01 sys=0.00, real=0.00 secs] 
2024-07-05T02:12:38.973+0800: 5067.684: [GC (Allocation Failure) [PSYoungGen: 235488K->1696K(236032K)] 555386K->321602K(714240K), 0.0021800 secs] [Times: user=0.00 sys=0.00, real=0.01 secs] 
2024-07-05T02:12:39.378+0800: 5068.089: [GC (Allocation Failure) [PSYoungGen: 235168K->1952K(236032K)] 555074K->321866K(714240K), 0.0021023 secs] [Times: user=0.01 sys=0.00, real=0.00 secs] 
2024-07-05T02:12:39.771+0800: 5068.482: [GC (Allocation Failure) [PSYoungGen: 235424K->1504K(236032K)] 555338K->321426K(714240K), 0.0021253 secs] [Times: user=0.01 sys=0.00, real=0.00 secs] 
2024-07-05T02:12:40.164+0800: 5068.874: [GC (Allocation Failure) [PSYoungGen: 234976K->1920K(236032K)] 554898K->321850K(714240K), 0.0031555 secs] [Times: user=0.01 sys=0.00, real=0.01 secs] 
2024-07-05T02:12:40.555+0800: 5069.265: [GC (Allocation Failure) [PSYoungGen: 235392K->2016K(236032K)] 555322K->321954K(714240K), 0.0033652 secs] [Times: user=0.00 sys=0.00, real=0.00 secs] 
2024-07-05T02:12:40.951+0800: 5069.661: [GC (Allocation Failure) [PSYoungGen: 235488K->1920K(236032K)] 555426K->321866K(714240K), 0.0021730 secs] [Times: user=0.00 sys=0.00, real=0.00 secs] 
2024-07-05T02:12:41.354+0800: 5070.065: [GC (Allocation Failure) [PSYoungGen: 235392K->1488K(236032K)] 555338K->321442K(714240K), 0.0021615 secs] [Times: user=0.01 sys=0.00, real=0.00 secs] 
2024-07-05T02:12:41.751+0800: 5070.461: [GC (Allocation Failure) [PSYoungGen: 234960K->1216K(236032K)] 554914K->321178K(714240K), 0.0020478 secs] [Times: user=0.00 sys=0.00, real=0.00 secs] 
2024-07-05T02:12:42.151+0800: 5070.861: [GC (Allocation Failure) [PSYoungGen: 234688K->1952K(236032K)] 554650K->321922K(714240K), 0.0023829 secs] [Times: user=0.01 sys=0.00, real=0.00 secs] 
2024-07-05T02:12:42.550+0800: 5071.260: [GC (Allocation Failure) [PSYoungGen: 235424K->1936K(236032K)] 555394K->321914K(714240K), 0.0021701 secs] [Times: user=0.01 sys=0.00, real=0.00 secs] 
2024-07-05T02:12:42.942+0800: 5071.653: [GC (Allocation Failure) [PSYoungGen: 235408K->1248K(236032K)] 555386K->321234K(714240K), 0.0021034 secs] [Times: user=0.00 sys=0.00, real=0.00 secs] 
2024-07-05T02:12:43.336+0800: 5072.047: [GC (Allocation Failure) [PSYoungGen: 234720K->1376K(236032K)] 554706K->321370K(714240K), 0.0023426 secs] [Times: user=0.01 sys=0.00, real=0.00 secs] 
2024-07-05T02:12:43.727+0800: 5072.437: [GC (Allocation Failure) [PSYoungGen: 234848K->1312K(236032K)] 554842K->321314K(714240K), 0.0021123 secs] [Times: user=0.00 sys=0.00, real=0.00 secs] 
2024-07-05T02:12:44.126+0800: 5072.837: [GC (Allocation Failure) [PSYoungGen: 234784K->2048K(236032K)] 554786K->322058K(714240K), 0.0039942 secs] [Times: user=0.00 sys=0.01, real=0.00 secs] 
2024-07-05T02:12:44.523+0800: 5073.233: [GC (Allocation Failure) [PSYoungGen: 235520K->1552K(236032K)] 555530K->321570K(714240K), 0.0031997 secs] [Times: user=0.00 sys=0.00, real=0.01 secs] 
2024-07-05T02:12:44.915+0800: 5073.626: [GC (Allocation Failure) [PSYoungGen: 235024K->1568K(236032K)] 555042K->321594K(714240K), 0.0021639 secs] [Times: user=0.00 sys=0.00, real=0.00 secs] 
2024-07-05T02:12:45.308+0800: 5074.018: [GC (Allocation Failure) [PSYoungGen: 235040K->1248K(236032K)] 555066K->321282K(714240K), 0.0022384 secs] [Times: user=0.00 sys=0.00, real=0.00 secs] 
2024-07-05T02:12:45.700+0800: 5074.410: [GC (Allocation Failure) [PSYoungGen: 234720K->1152K(236032K)] 554754K->321194K(714240K), 0.0032465 secs] [Times: user=0.00 sys=0.00, real=0.00 secs] 
2024-07-05T02:12:46.089+0800: 5074.799: [GC (Allocation Failure) [PSYoungGen: 234624K->1248K(236032K)] 554666K->321298K(714240K), 0.0020833 secs] [Times: user=0.00 sys=0.00, real=0.00 secs] 
2024-07-05T02:12:46.479+0800: 5075.189: [GC (Allocation Failure) [PSYoungGen: 234720K->1792K(236032K)] 554770K->321850K(714240K), 0.0021387 secs] [Times: user=0.00 sys=0.00, real=0.00 secs] 
2024-07-05T02:12:46.875+0800: 5075.586: [GC (Allocation Failure) [PSYoungGen: 235264K->1344K(236032K)] 555322K->321410K(714240K), 0.0020937 secs] [Times: user=0.00 sys=0.00, real=0.00 secs] 
2024-07-05T02:12:47.270+0800: 5075.981: [GC (Allocation Failure) [PSYoungGen: 234816K->1536K(236032K)] 554882K->321610K(714240K), 0.0021405 secs] [Times: user=0.01 sys=0.00, real=0.00 secs] 
2024-07-05T02:12:47.669+0800: 5076.379: [GC (Allocation Failure) [PSYoungGen: 235008K->1248K(236032K)] 555082K->321330K(714240K), 0.0021014 secs] [Times: user=0.00 sys=0.00, real=0.00 secs] 
2024-07-05T02:12:48.066+0800: 5076.776: [GC (Allocation Failure) [PSYoungGen: 234720K->1488K(236032K)] 554802K->321578K(714240K), 0.0038420 secs] [Times: user=0.00 sys=0.00, real=0.00 secs] 
2024-07-05T02:12:48.463+0800: 5077.173: [GC (Allocation Failure) [PSYoungGen: 234960K->1984K(236032K)] 555050K->322082K(714240K), 0.0021995 secs] [Times: user=0.01 sys=0.00, real=0.00 secs] 
2024-07-05T02:12:48.855+0800: 5077.565: [GC (Allocation Failure) [PSYoungGen: 235456K->1744K(236032K)] 555554K->321850K(714240K), 0.0021604 secs] [Times: user=0.00 sys=0.00, real=0.00 secs] 
2024-07-05T02:12:49.250+0800: 5077.961: [GC (Allocation Failure) [PSYoungGen: 235216K->480K(236032K)] 555322K->320594K(714240K), 0.0019931 secs] [Times: user=0.00 sys=0.00, real=0.00 secs] 
2024-07-05T02:12:49.646+0800: 5078.357: [GC (Allocation Failure) [PSYoungGen: 233952K->1760K(236032K)] 554066K->321882K(714240K), 0.0021132 secs] [Times: user=0.00 sys=0.00, real=0.00 secs] 
2024-07-05T02:12:50.058+0800: 5078.769: [GC (Allocation Failure) [PSYoungGen: 235232K->1888K(236032K)] 555354K->322018K(714240K), 0.0022068 secs] [Times: user=0.01 sys=0.00, real=0.00 secs] 
2024-07-05T02:12:50.451+0800: 5079.162: [GC (Allocation Failure) [PSYoungGen: 235360K->1728K(236032K)] 555490K->321866K(714240K), 0.0021255 secs] [Times: user=0.00 sys=0.00, real=0.00 secs] 
2024-07-05T02:12:50.843+0800: 5079.553: [GC (Allocation Failure) [PSYoungGen: 235200K->1472K(236032K)] 555338K->321618K(714240K), 0.0021623 secs] [Times: user=0.01 sys=0.00, real=0.00 secs] 
2024-07-05T02:12:51.254+0800: 5079.964: [GC (Allocation Failure) [PSYoungGen: 234944K->1408K(236032K)] 555090K->321562K(714240K), 0.0035764 secs] [Times: user=0.00 sys=0.00, real=0.01 secs] 
2024-07-05T02:12:51.647+0800: 5080.358: [GC (Allocation Failure) [PSYoungGen: 234880K->1696K(236032K)] 555034K->321858K(714240K), 0.0021602 secs] [Times: user=0.00 sys=0.00, real=0.00 secs] 
2024-07-05T02:12:52.048+0800: 5080.758: [GC (Allocation Failure) [PSYoungGen: 235168K->1632K(236032K)] 555330K->321802K(714240K), 0.0025144 secs] [Times: user=0.01 sys=0.00, real=0.00 secs] 
2024-07-05T02:12:52.451+0800: 5081.162: [GC (Allocation Failure) [PSYoungGen: 235104K->2064K(236032K)] 555274K->322242K(714240K), 0.0024334 secs] [Times: user=0.00 sys=0.00, real=0.01 secs] 
2024-07-05T02:12:52.847+0800: 5081.558: [GC (Allocation Failure) [PSYoungGen: 235536K->1856K(236032K)] 555714K->322042K(714240K), 0.0021967 secs] [Times: user=0.00 sys=0.00, real=0.00 secs] 
2024-07-05T02:12:53.243+0800: 5081.954: [GC (Allocation Failure) [PSYoungGen: 235328K->1664K(236032K)] 555514K->321858K(714240K), 0.0034393 secs] [Times: user=0.00 sys=0.00, real=0.01 secs] 
2024-07-05T02:12:53.634+0800: 5082.345: [GC (Allocation Failure) [PSYoungGen: 235136K->1600K(236032K)] 555330K->321802K(714240K), 0.0021239 secs] [Times: user=0.00 sys=0.00, real=0.00 secs] 
2024-07-05T02:12:54.032+0800: 5082.742: [GC (Allocation Failure) [PSYoungGen: 235072K->1472K(236032K)] 555274K->321682K(714240K), 0.0020545 secs] [Times: user=0.00 sys=0.00, real=0.01 secs] 
2024-07-05T02:12:54.431+0800: 5083.142: [GC (Allocation Failure) [PSYoungGen: 234944K->1536K(236032K)] 555154K->321754K(714240K), 0.0037879 secs] [Times: user=0.01 sys=0.00, real=0.01 secs] 
2024-07-05T02:12:54.838+0800: 5083.549: [GC (Allocation Failure) [PSYoungGen: 235008K->1504K(236032K)] 555226K->321730K(714240K), 0.0026911 secs] [Times: user=0.01 sys=0.00, real=0.00 secs] 
2024-07-05T02:12:55.234+0800: 5083.944: [GC (Allocation Failure) [PSYoungGen: 234976K->1424K(236032K)] 555202K->321658K(714240K), 0.0035687 secs] [Times: user=0.00 sys=0.00, real=0.00 secs] 
2024-07-05T02:12:55.633+0800: 5084.344: [GC (Allocation Failure) [PSYoungGen: 234896K->1376K(236032K)] 555130K->321618K(714240K), 0.0021940 secs] [Times: user=0.00 sys=0.00, real=0.01 secs] 
2024-07-05T02:12:56.027+0800: 5084.738: [GC (Allocation Failure) [PSYoungGen: 234848K->656K(236032K)] 555090K->320906K(714240K), 0.0031745 secs] [Times: user=0.00 sys=0.00, real=0.00 secs] 
2024-07-05T02:12:56.417+0800: 5085.128: [GC (Allocation Failure) [PSYoungGen: 234128K->1152K(236032K)] 554378K->321410K(714240K), 0.0021179 secs] [Times: user=0.00 sys=0.00, real=0.00 secs] 
2024-07-05T02:12:56.808+0800: 5085.518: [GC (Allocation Failure) [PSYoungGen: 234624K->1664K(236032K)] 554882K->321930K(714240K), 0.0020988 secs] [Times: user=0.00 sys=0.00, real=0.00 secs] 
2024-07-05T02:12:57.207+0800: 5085.918: [GC (Allocation Failure) [PSYoungGen: 235136K->1232K(236032K)] 555402K->321514K(714240K), 0.0032568 secs] [Times: user=0.01 sys=0.00, real=0.00 secs] 
2024-07-05T02:12:57.599+0800: 5086.310: [GC (Allocation Failure) [PSYoungGen: 234704K->1344K(236032K)] 554986K->321634K(714240K), 0.0020396 secs] [Times: user=0.01 sys=0.00, real=0.00 secs] 
2024-07-05T02:12:57.991+0800: 5086.702: [GC (Allocation Failure) [PSYoungGen: 234816K->768K(236032K)] 555106K->321066K(714240K), 0.0020552 secs] [Times: user=0.00 sys=0.00, real=0.00 secs] 
2024-07-05T02:12:58.382+0800: 5087.092: [GC (Allocation Failure) [PSYoungGen: 234240K->1312K(236032K)] 554538K->321618K(714240K), 0.0021022 secs] [Times: user=0.00 sys=0.00, real=0.00 secs] 
2024-07-05T02:12:58.784+0800: 5087.495: [GC (Allocation Failure) [PSYoungGen: 234784K->1280K(235008K)] 555090K->321594K(713216K), 0.0024985 secs] [Times: user=0.00 sys=0.00, real=0.01 secs] 
2024-07-05T02:12:59.180+0800: 5087.891: [GC (Allocation Failure) [PSYoungGen: 234752K->2048K(235008K)] 555066K->322378K(713216K), 0.0023644 secs] [Times: user=0.00 sys=0.00, real=0.00 secs] 
2024-07-05T02:12:59.574+0800: 5088.285: [GC (Allocation Failure) [PSYoungGen: 235008K->1920K(235520K)] 555338K->322258K(713728K), 0.0027491 secs] [Times: user=0.01 sys=0.00, real=0.00 secs] 
2024-07-05T02:12:59.967+0800: 5088.678: [GC (Allocation Failure) [PSYoungGen: 234880K->1920K(236032K)] 555218K->322266K(714240K), 0.0023646 secs] [Times: user=0.00 sys=0.00, real=0.00 secs] 
2024-07-05T02:13:00.369+0800: 5089.080: [GC (Allocation Failure) [PSYoungGen: 235392K->1504K(236032K)] 555738K->321858K(714240K), 0.0023706 secs] [Times: user=0.00 sys=0.00, real=0.00 secs] 
2024-07-05T02:13:00.764+0800: 5089.475: [GC (Allocation Failure) [PSYoungGen: 234976K->1184K(236032K)] 555330K->321546K(714240K), 0.0020295 secs] [Times: user=0.00 sys=0.00, real=0.01 secs] 
2024-07-05T02:13:01.154+0800: 5089.864: [GC (Allocation Failure) [PSYoungGen: 234656K->1184K(236032K)] 555018K->321554K(714240K), 0.0021148 secs] [Times: user=0.00 sys=0.00, real=0.00 secs] 
2024-07-05T02:13:01.543+0800: 5090.254: [GC (Allocation Failure) [PSYoungGen: 234656K->1664K(236032K)] 555026K->322042K(714240K), 0.0021370 secs] [Times: user=0.00 sys=0.00, real=0.00 secs] 
2024-07-05T02:13:01.938+0800: 5090.649: [GC (Allocation Failure) [PSYoungGen: 235136K->1728K(236032K)] 555514K->322114K(714240K), 0.0020766 secs] [Times: user=0.00 sys=0.00, real=0.00 secs] 
2024-07-05T02:13:02.355+0800: 5091.066: [GC (Allocation Failure) [PSYoungGen: 235200K->1568K(236032K)] 555586K->321962K(714240K), 0.0020878 secs] [Times: user=0.00 sys=0.00, real=0.00 secs] 
2024-07-05T02:13:02.751+0800: 5091.462: [GC (Allocation Failure) [PSYoungGen: 235040K->1952K(236032K)] 555434K->322354K(714240K), 0.0026984 secs] [Times: user=0.00 sys=0.00, real=0.01 secs] 
2024-07-05T02:13:03.142+0800: 5091.852: [GC (Allocation Failure) [PSYoungGen: 235424K->1344K(236032K)] 555826K->321754K(714240K), 0.0020312 secs] [Times: user=0.01 sys=0.00, real=0.00 secs] 
2024-07-05T02:13:03.533+0800: 5092.244: [GC (Allocation Failure) [PSYoungGen: 234816K->1680K(236032K)] 555226K->322098K(714240K), 0.0021205 secs] [Times: user=0.00 sys=0.00, real=0.01 secs] 
2024-07-05T02:13:03.957+0800: 5092.668: [GC (Allocation Failure) [PSYoungGen: 235152K->1728K(236032K)] 555570K->322154K(714240K), 0.0023573 secs] [Times: user=0.01 sys=0.00, real=0.00 secs] 
2024-07-05T02:13:04.385+0800: 5093.096: [GC (Allocation Failure) [PSYoungGen: 235200K->1408K(236032K)] 555626K->321842K(714240K), 0.0020879 secs] [Times: user=0.01 sys=0.00, real=0.01 secs] 
2024-07-05T02:13:04.788+0800: 5093.499: [GC (Allocation Failure) [PSYoungGen: 234880K->1664K(236032K)] 555314K->322106K(714240K), 0.0021289 secs] [Times: user=0.00 sys=0.00, real=0.00 secs] 
2024-07-05T02:13:05.182+0800: 5093.893: [GC (Allocation Failure) [PSYoungGen: 235136K->1568K(236032K)] 555578K->322018K(714240K), 0.0021761 secs] [Times: user=0.00 sys=0.00, real=0.00 secs] 
2024-07-05T02:13:05.579+0800: 5094.289: [GC (Allocation Failure) [PSYoungGen: 235040K->1440K(236032K)] 555490K->321906K(714240K), 0.0021395 secs] [Times: user=0.00 sys=0.00, real=0.00 secs] 
2024-07-05T02:13:05.979+0800: 5094.690: [GC (Allocation Failure) [PSYoungGen: 234912K->2032K(236032K)] 555378K->322506K(714240K), 0.0025059 secs] [Times: user=0.01 sys=0.00, real=0.00 secs] 
2024-07-05T02:13:06.386+0800: 5095.097: [GC (Allocation Failure) [PSYoungGen: 235504K->1536K(236032K)] 555978K->322018K(714240K), 0.0020883 secs] [Times: user=0.01 sys=0.00, real=0.00 secs] 
2024-07-05T02:13:06.782+0800: 5095.493: [GC (Allocation Failure) [PSYoungGen: 235008K->1168K(236032K)] 555490K->321658K(714240K), 0.0035803 secs] [Times: user=0.00 sys=0.00, real=0.01 secs] 
2024-07-05T02:13:07.179+0800: 5095.889: [GC (Allocation Failure) [PSYoungGen: 234640K->2048K(236032K)] 555130K->322546K(714240K), 0.0022408 secs] [Times: user=0.01 sys=0.00, real=0.00 secs] 
2024-07-05T02:13:07.578+0800: 5096.289: [GC (Allocation Failure) [PSYoungGen: 235520K->1952K(236032K)] 556018K->322458K(714240K), 0.0022832 secs] [Times: user=0.00 sys=0.00, real=0.00 secs] 
2024-07-05T02:13:07.986+0800: 5096.697: [GC (Allocation Failure) [PSYoungGen: 235424K->2048K(236032K)] 555930K->322562K(714240K), 0.0021950 secs] [Times: user=0.01 sys=0.00, real=0.00 secs] 
2024-07-05T02:13:08.391+0800: 5097.102: [GC (Allocation Failure) [PSYoungGen: 235520K->2016K(236032K)] 556034K->322538K(714240K), 0.0022484 secs] [Times: user=0.00 sys=0.00, real=0.00 secs] 
2024-07-05T02:13:08.798+0800: 5097.509: [GC (Allocation Failure) [PSYoungGen: 235488K->1664K(236032K)] 556010K->322194K(714240K), 0.0021526 secs] [Times: user=0.01 sys=0.00, real=0.00 secs] 
2024-07-05T02:13:09.204+0800: 5097.915: [GC (Allocation Failure) [PSYoungGen: 235136K->1056K(236032K)] 555666K->321594K(714240K), 0.0024922 secs] [Times: user=0.00 sys=0.00, real=0.01 secs] 
2024-07-05T02:13:09.611+0800: 5098.322: [GC (Allocation Failure) [PSYoungGen: 234528K->1376K(236032K)] 555066K->321922K(714240K), 0.0022428 secs] [Times: user=0.00 sys=0.00, real=0.00 secs] 
2024-07-05T02:13:10.015+0800: 5098.725: [GC (Allocation Failure) [PSYoungGen: 234848K->1120K(236032K)] 555394K->321674K(714240K), 0.0020605 secs] [Times: user=0.01 sys=0.00, real=0.00 secs] 
2024-07-05T02:13:10.419+0800: 5099.129: [GC (Allocation Failure) [PSYoungGen: 234592K->1952K(236032K)] 555146K->322514K(714240K), 0.0022445 secs] [Times: user=0.00 sys=0.00, real=0.00 secs] 
2024-07-05T02:13:10.819+0800: 5099.530: [GC (Allocation Failure) [PSYoungGen: 235424K->2080K(236032K)] 555986K->322650K(714240K), 0.0022122 secs] [Times: user=0.01 sys=0.00, real=0.00 secs] 
2024-07-05T02:13:11.219+0800: 5099.930: [GC (Allocation Failure) [PSYoungGen: 235552K->1760K(236032K)] 556122K->322338K(714240K), 0.0021281 secs] [Times: user=0.01 sys=0.00, real=0.00 secs] 
2024-07-05T02:13:11.623+0800: 5100.334: [GC (Allocation Failure) [PSYoungGen: 235232K->1920K(236032K)] 555810K->322506K(714240K), 0.0022174 secs] [Times: user=0.01 sys=0.00, real=0.00 secs] 
2024-07-05T02:13:12.024+0800: 5100.735: [GC (Allocation Failure) [PSYoungGen: 235392K->1120K(236032K)] 555978K->321714K(714240K), 0.0020580 secs] [Times: user=0.00 sys=0.00, real=0.01 secs] 
2024-07-05T02:13:12.423+0800: 5101.134: [GC (Allocation Failure) [PSYoungGen: 234592K->1088K(236032K)] 555186K->321690K(714240K), 0.0020591 secs] [Times: user=0.00 sys=0.00, real=0.00 secs] 
2024-07-05T02:13:12.819+0800: 5101.530: [GC (Allocation Failure) [PSYoungGen: 234560K->1568K(236032K)] 555162K->322178K(714240K), 0.0021001 secs] [Times: user=0.00 sys=0.00, real=0.00 secs] 
2024-07-05T02:13:13.217+0800: 5101.927: [GC (Allocation Failure) [PSYoungGen: 235040K->2080K(236032K)] 555650K->322698K(714240K), 0.0021694 secs] [Times: user=0.00 sys=0.00, real=0.00 secs] 
2024-07-05T02:13:13.627+0800: 5102.337: [GC (Allocation Failure) [PSYoungGen: 235552K->1600K(236032K)] 556170K->322226K(714240K), 0.0021550 secs] [Times: user=0.01 sys=0.00, real=0.00 secs] 
2024-07-05T02:13:14.035+0800: 5102.745: [GC (Allocation Failure) [PSYoungGen: 235072K->1376K(236032K)] 555698K->322010K(714240K), 0.0020686 secs] [Times: user=0.00 sys=0.00, real=0.00 secs] 
2024-07-05T02:13:14.435+0800: 5103.146: [GC (Allocation Failure) [PSYoungGen: 234848K->1760K(236032K)] 555482K->322402K(714240K), 0.0021118 secs] [Times: user=0.00 sys=0.00, real=0.00 secs] 
2024-07-05T02:13:14.836+0800: 5103.547: [GC (Allocation Failure) [PSYoungGen: 235232K->1664K(236032K)] 555874K->322314K(714240K), 0.0022334 secs] [Times: user=0.00 sys=0.00, real=0.00 secs] 
2024-07-05T02:13:15.239+0800: 5103.950: [GC (Allocation Failure) [PSYoungGen: 235136K->1984K(236032K)] 555786K->322642K(714240K), 0.0036184 secs] [Times: user=0.00 sys=0.00, real=0.00 secs] 
2024-07-05T02:13:15.636+0800: 5104.347: [GC (Allocation Failure) [PSYoungGen: 235456K->1728K(236032K)] 556114K->322394K(714240K), 0.0022517 secs] [Times: user=0.00 sys=0.00, real=0.00 secs] 
2024-07-05T02:13:16.043+0800: 5104.753: [GC (Allocation Failure) [PSYoungGen: 235200K->1568K(236032K)] 555866K->322242K(714240K), 0.0022168 secs] [Times: user=0.00 sys=0.00, real=0.00 secs] 
2024-07-05T02:13:16.442+0800: 5105.152: [GC (Allocation Failure) [PSYoungGen: 235040K->1760K(236032K)] 555714K->322442K(714240K), 0.0021853 secs] [Times: user=0.00 sys=0.00, real=0.00 secs] 
2024-07-05T02:13:16.846+0800: 5105.557: [GC (Allocation Failure) [PSYoungGen: 235232K->736K(236032K)] 555914K->321426K(714240K), 0.0020425 secs] [Times: user=0.00 sys=0.00, real=0.00 secs] 
2024-07-05T02:13:17.248+0800: 5105.958: [GC (Allocation Failure) [PSYoungGen: 234208K->1664K(236032K)] 554898K->322362K(714240K), 0.0021606 secs] [Times: user=0.00 sys=0.00, real=0.00 secs] 
2024-07-05T02:13:17.643+0800: 5106.353: [GC (Allocation Failure) [PSYoungGen: 235136K->1632K(236032K)] 555834K->322338K(714240K), 0.0021383 secs] [Times: user=0.00 sys=0.00, real=0.00 secs] 
2024-07-05T02:13:18.047+0800: 5106.757: [GC (Allocation Failure) [PSYoungGen: 235104K->1152K(236032K)] 555810K->321866K(714240K), 0.0021566 secs] [Times: user=0.00 sys=0.00, real=0.00 secs] 
2024-07-05T02:13:18.452+0800: 5107.163: [GC (Allocation Failure) [PSYoungGen: 234624K->1088K(236032K)] 555338K->321810K(714240K), 0.0020884 secs] [Times: user=0.00 sys=0.00, real=0.01 secs] 
2024-07-05T02:13:18.868+0800: 5107.578: [GC (Allocation Failure) [PSYoungGen: 234560K->1568K(236032K)] 555282K->322298K(714240K), 0.0022151 secs] [Times: user=0.01 sys=0.00, real=0.00 secs] 
2024-07-05T02:13:19.271+0800: 5107.982: [GC (Allocation Failure) [PSYoungGen: 235040K->1984K(236032K)] 555770K->322722K(714240K), 0.0023207 secs] [Times: user=0.00 sys=0.01, real=0.01 secs] 
2024-07-05T02:13:19.678+0800: 5108.389: [GC (Allocation Failure) [PSYoungGen: 235456K->1280K(236032K)] 556194K->322026K(714240K), 0.0021213 secs] [Times: user=0.01 sys=0.00, real=0.00 secs] 
2024-07-05T02:13:20.095+0800: 5108.806: [GC (Allocation Failure) [PSYoungGen: 234752K->864K(236032K)] 555498K->321618K(714240K), 0.0020789 secs] [Times: user=0.01 sys=0.00, real=0.00 secs] 
2024-07-05T02:13:20.511+0800: 5109.222: [GC (Allocation Failure) [PSYoungGen: 234336K->1728K(236032K)] 555090K->322490K(714240K), 0.0039140 secs] [Times: user=0.00 sys=0.00, real=0.01 secs] 
2024-07-05T02:13:20.943+0800: 5109.653: [GC (Allocation Failure) [PSYoungGen: 235200K->1392K(236032K)] 555962K->322162K(714240K), 0.0036010 secs] [Times: user=0.00 sys=0.00, real=0.01 secs] 
2024-07-05T02:13:21.375+0800: 5110.085: [GC (Allocation Failure) [PSYoungGen: 234864K->1248K(236032K)] 555634K->322026K(714240K), 0.0023708 secs] [Times: user=0.00 sys=0.00, real=0.00 secs] 
2024-07-05T02:13:21.796+0800: 5110.507: [GC (Allocation Failure) [PSYoungGen: 234720K->1296K(236032K)] 555498K->322082K(714240K), 0.0031199 secs] [Times: user=0.00 sys=0.00, real=0.00 secs] 
2024-07-05T02:13:22.219+0800: 5110.929: [GC (Allocation Failure) [PSYoungGen: 234768K->1440K(236032K)] 555554K->322234K(714240K), 0.0032538 secs] [Times: user=0.01 sys=0.00, real=0.00 secs] 
2024-07-05T02:13:22.627+0800: 5111.337: [GC (Allocation Failure) [PSYoungGen: 234912K->2016K(236032K)] 555706K->322818K(714240K), 0.0022187 secs] [Times: user=0.00 sys=0.00, real=0.00 secs] 
2024-07-05T02:13:23.025+0800: 5111.736: [GC (Allocation Failure) [PSYoungGen: 235488K->992K(236032K)] 556290K->321802K(714240K), 0.0020686 secs] [Times: user=0.00 sys=0.00, real=0.01 secs] 
2024-07-05T02:13:23.431+0800: 5112.142: [GC (Allocation Failure) [PSYoungGen: 234464K->1344K(236032K)] 555274K->322162K(714240K), 0.0022975 secs] [Times: user=0.00 sys=0.00, real=0.00 secs] 
2024-07-05T02:13:23.854+0800: 5112.565: [GC (Allocation Failure) [PSYoungGen: 234816K->1536K(236032K)] 555634K->322362K(714240K), 0.0022953 secs] [Times: user=0.00 sys=0.00, real=0.00 secs] 
2024-07-05T02:13:24.273+0800: 5112.984: [GC (Allocation Failure) [PSYoungGen: 235008K->1856K(236032K)] 555834K->322690K(714240K), 0.0021835 secs] [Times: user=0.00 sys=0.00, real=0.01 secs] 
2024-07-05T02:13:24.679+0800: 5113.389: [GC (Allocation Failure) [PSYoungGen: 235328K->1792K(236032K)] 556162K->322634K(714240K), 0.0021672 secs] [Times: user=0.00 sys=0.00, real=0.00 secs] 
2024-07-05T02:13:25.079+0800: 5113.789: [GC (Allocation Failure) [PSYoungGen: 235264K->1824K(236032K)] 556106K->322674K(714240K), 0.0021228 secs] [Times: user=0.01 sys=0.00, real=0.00 secs] 
2024-07-05T02:13:25.495+0800: 5114.206: [GC (Allocation Failure) [PSYoungGen: 235296K->1472K(236032K)] 556146K->322330K(714240K), 0.0021405 secs] [Times: user=0.00 sys=0.00, real=0.00 secs] 
2024-07-05T02:13:25.915+0800: 5114.626: [GC (Allocation Failure) [PSYoungGen: 234944K->1632K(236032K)] 555802K->322498K(714240K), 0.0023988 secs] [Times: user=0.00 sys=0.01, real=0.00 secs] 
2024-07-05T02:13:26.323+0800: 5115.033: [GC (Allocation Failure) [PSYoungGen: 235104K->1488K(236032K)] 555970K->322362K(714240K), 0.0022669 secs] [Times: user=0.00 sys=0.00, real=0.00 secs] 
2024-07-05T02:13:26.727+0800: 5115.438: [GC (Allocation Failure) [PSYoungGen: 234960K->1856K(236032K)] 555834K->322738K(714240K), 0.0026411 secs] [Times: user=0.01 sys=0.00, real=0.00 secs] 
2024-07-05T02:13:27.123+0800: 5115.834: [GC (Allocation Failure) [PSYoungGen: 235328K->1792K(236032K)] 556210K->322682K(714240K), 0.0021754 secs] [Times: user=0.00 sys=0.00, real=0.01 secs] 
2024-07-05T02:13:27.517+0800: 5116.228: [GC (Allocation Failure) [PSYoungGen: 235264K->816K(236032K)] 556154K->321714K(714240K), 0.0021781 secs] [Times: user=0.00 sys=0.00, real=0.00 secs] 
2024-07-05T02:13:27.917+0800: 5116.628: [GC (Allocation Failure) [PSYoungGen: 234288K->1472K(236032K)] 555186K->322378K(714240K), 0.0025305 secs] [Times: user=0.00 sys=0.00, real=0.00 secs] 
2024-07-05T02:13:28.333+0800: 5117.043: [GC (Allocation Failure) [PSYoungGen: 234944K->1440K(236032K)] 555850K->322354K(714240K), 0.0038159 secs] [Times: user=0.01 sys=0.00, real=0.01 secs] 
2024-07-05T02:13:28.743+0800: 5117.454: [GC (Allocation Failure) [PSYoungGen: 234912K->1792K(236032K)] 555826K->322714K(714240K), 0.0022099 secs] [Times: user=0.01 sys=0.00, real=0.00 secs] 
2024-07-05T02:13:29.151+0800: 5117.861: [GC (Allocation Failure) [PSYoungGen: 235264K->2048K(236032K)] 556186K->322978K(714240K), 0.0022006 secs] [Times: user=0.00 sys=0.00, real=0.00 secs] 
2024-07-05T02:13:29.552+0800: 5118.262: [GC (Allocation Failure) [PSYoungGen: 235520K->1984K(236032K)] 556450K->322922K(714240K), 0.0022304 secs] [Times: user=0.00 sys=0.00, real=0.01 secs] 
2024-07-05T02:13:29.943+0800: 5118.654: [GC (Allocation Failure) [PSYoungGen: 235456K->1984K(236032K)] 556394K->322930K(714240K), 0.0026957 secs] [Times: user=0.00 sys=0.00, real=0.01 secs] 
2024-07-05T02:13:30.350+0800: 5119.061: [GC (Allocation Failure) [PSYoungGen: 235456K->1056K(236032K)] 556402K->322010K(714240K), 0.0020295 secs] [Times: user=0.00 sys=0.00, real=0.00 secs] 
2024-07-05T02:13:30.786+0800: 5119.497: [GC (Allocation Failure) [PSYoungGen: 234528K->1152K(236032K)] 555482K->322114K(714240K), 0.0020699 secs] [Times: user=0.01 sys=0.00, real=0.00 secs] 
2024-07-05T02:13:31.187+0800: 5119.898: [GC (Allocation Failure) [PSYoungGen: 234624K->1408K(236032K)] 555586K->322378K(714240K), 0.0021252 secs] [Times: user=0.00 sys=0.00, real=0.00 secs] 
2024-07-05T02:13:31.600+0800: 5120.310: [GC (Allocation Failure) [PSYoungGen: 234880K->896K(236032K)] 555850K->321874K(714240K), 0.0023923 secs] [Times: user=0.00 sys=0.00, real=0.00 secs] 
2024-07-05T02:13:32.019+0800: 5120.730: [GC (Allocation Failure) [PSYoungGen: 234368K->1472K(236032K)] 555346K->322458K(714240K), 0.0038049 secs] [Times: user=0.01 sys=0.00, real=0.00 secs] 
2024-07-05T02:13:32.422+0800: 5121.133: [GC (Allocation Failure) [PSYoungGen: 234944K->1920K(236032K)] 555930K->322914K(714240K), 0.0028407 secs] [Times: user=0.00 sys=0.00, real=0.00 secs] 
2024-07-05T02:13:32.819+0800: 5121.530: [GC (Allocation Failure) [PSYoungGen: 235392K->2016K(236032K)] 556386K->323018K(714240K), 0.0021422 secs] [Times: user=0.00 sys=0.00, real=0.00 secs] 
2024-07-05T02:13:33.218+0800: 5121.929: [GC (Allocation Failure) [PSYoungGen: 235488K->1856K(236032K)] 556490K->322866K(714240K), 0.0021265 secs] [Times: user=0.00 sys=0.00, real=0.00 secs] 
2024-07-05T02:13:33.626+0800: 5122.337: [GC (Allocation Failure) [PSYoungGen: 235328K->1728K(236032K)] 556338K->322746K(714240K), 0.0033593 secs] [Times: user=0.01 sys=0.00, real=0.00 secs] 
2024-07-05T02:13:34.025+0800: 5122.736: [GC (Allocation Failure) [PSYoungGen: 235200K->1696K(236032K)] 556218K->322722K(714240K), 0.0021117 secs] [Times: user=0.01 sys=0.00, real=0.01 secs] 
2024-07-05T02:13:34.424+0800: 5123.134: [GC (Allocation Failure) [PSYoungGen: 235168K->1280K(236032K)] 556194K->322314K(714240K), 0.0037662 secs] [Times: user=0.01 sys=0.00, real=0.01 secs] 
2024-07-05T02:13:34.831+0800: 5123.541: [GC (Allocation Failure) [PSYoungGen: 234752K->1440K(236032K)] 555786K->322482K(714240K), 0.0020846 secs] [Times: user=0.00 sys=0.00, real=0.00 secs] 
2024-07-05T02:13:35.229+0800: 5123.940: [GC (Allocation Failure) [PSYoungGen: 234912K->1696K(236032K)] 555954K->322746K(714240K), 0.0021307 secs] [Times: user=0.01 sys=0.00, real=0.00 secs] 
2024-07-05T02:13:35.627+0800: 5124.337: [GC (Allocation Failure) [PSYoungGen: 235168K->2032K(236032K)] 556218K->323090K(714240K), 0.0036357 secs] [Times: user=0.01 sys=0.00, real=0.00 secs] 
2024-07-05T02:13:36.035+0800: 5124.746: [GC (Allocation Failure) [PSYoungGen: 235504K->1920K(236032K)] 556562K->322986K(714240K), 0.0021612 secs] [Times: user=0.00 sys=0.00, real=0.00 secs] 
2024-07-05T02:13:36.435+0800: 5125.146: [GC (Allocation Failure) [PSYoungGen: 235392K->2016K(236032K)] 556458K->323090K(714240K), 0.0022463 secs] [Times: user=0.00 sys=0.00, real=0.00 secs] 
2024-07-05T02:13:36.833+0800: 5125.544: [GC (Allocation Failure) [PSYoungGen: 235488K->1600K(236032K)] 556562K->322682K(714240K), 0.0021362 secs] [Times: user=0.00 sys=0.00, real=0.01 secs] 
2024-07-05T02:13:37.229+0800: 5125.940: [GC (Allocation Failure) [PSYoungGen: 235072K->1376K(236032K)] 556154K->322466K(714240K), 0.0023467 secs] [Times: user=0.00 sys=0.00, real=0.00 secs] 
2024-07-05T02:13:37.627+0800: 5126.338: [GC (Allocation Failure) [PSYoungGen: 234848K->544K(236032K)] 555938K->321642K(714240K), 0.0020045 secs] [Times: user=0.00 sys=0.00, real=0.00 secs] 
2024-07-05T02:13:38.032+0800: 5126.742: [GC (Allocation Failure) [PSYoungGen: 234016K->1440K(236032K)] 555114K->322546K(714240K), 0.0036055 secs] [Times: user=0.01 sys=0.00, real=0.01 secs] 
2024-07-05T02:13:38.438+0800: 5127.148: [GC (Allocation Failure) [PSYoungGen: 234912K->1792K(236032K)] 556018K->322906K(714240K), 0.0030073 secs] [Times: user=0.01 sys=0.00, real=0.00 secs] 
2024-07-05T02:13:38.842+0800: 5127.553: [GC (Allocation Failure) [PSYoungGen: 235264K->1856K(236032K)] 556378K->322978K(714240K), 0.0031247 secs] [Times: user=0.00 sys=0.00, real=0.00 secs] 
2024-07-05T02:13:39.238+0800: 5127.948: [GC (Allocation Failure) [PSYoungGen: 235328K->1696K(236032K)] 556450K->322826K(714240K), 0.0021938 secs] [Times: user=0.00 sys=0.00, real=0.00 secs] 
2024-07-05T02:13:39.647+0800: 5128.358: [GC (Allocation Failure) [PSYoungGen: 235168K->1696K(236032K)] 556298K->322834K(714240K), 0.0021166 secs] [Times: user=0.00 sys=0.00, real=0.00 secs] 
2024-07-05T02:13:40.047+0800: 5128.757: [GC (Allocation Failure) [PSYoungGen: 235168K->1792K(236032K)] 556306K->322938K(714240K), 0.0021254 secs] [Times: user=0.01 sys=0.00, real=0.00 secs] 
2024-07-05T02:13:40.455+0800: 5129.166: [GC (Allocation Failure) [PSYoungGen: 235264K->1920K(236032K)] 556410K->323074K(714240K), 0.0022475 secs] [Times: user=0.00 sys=0.00, real=0.00 secs] 
2024-07-05T02:13:40.858+0800: 5129.569: [GC (Allocation Failure) [PSYoungGen: 235392K->1216K(236032K)] 556546K->322378K(714240K), 0.0021076 secs] [Times: user=0.00 sys=0.00, real=0.00 secs] 
2024-07-05T02:13:41.274+0800: 5129.985: [GC (Allocation Failure) [PSYoungGen: 234688K->1248K(236032K)] 555850K->322418K(714240K), 0.0024309 secs] [Times: user=0.00 sys=0.00, real=0.00 secs] 
2024-07-05T02:13:41.722+0800: 5130.432: [GC (Allocation Failure) [PSYoungGen: 234720K->1120K(236032K)] 555890K->322298K(714240K), 0.0024639 secs] [Times: user=0.01 sys=0.00, real=0.00 secs] 
2024-07-05T02:13:42.126+0800: 5130.837: [GC (Allocation Failure) [PSYoungGen: 234592K->2048K(236032K)] 555770K->323234K(714240K), 0.0022117 secs] [Times: user=0.01 sys=0.00, real=0.00 secs] 
2024-07-05T02:13:42.531+0800: 5131.242: [GC (Allocation Failure) [PSYoungGen: 235520K->1344K(236032K)] 556706K->322538K(714240K), 0.0020834 secs] [Times: user=0.00 sys=0.00, real=0.00 secs] 
2024-07-05T02:13:42.926+0800: 5131.637: [GC (Allocation Failure) [PSYoungGen: 234816K->1120K(236032K)] 556010K->322322K(714240K), 0.0020260 secs] [Times: user=0.00 sys=0.00, real=0.00 secs] 
2024-07-05T02:13:43.324+0800: 5132.034: [GC (Allocation Failure) [PSYoungGen: 234592K->1120K(236032K)] 555794K->322330K(714240K), 0.0035781 secs] [Times: user=0.00 sys=0.00, real=0.01 secs] 
2024-07-05T02:13:43.723+0800: 5132.433: [GC (Allocation Failure) [PSYoungGen: 234592K->1632K(236032K)] 555802K->322850K(714240K), 0.0020928 secs] [Times: user=0.00 sys=0.00, real=0.00 secs] 
2024-07-05T02:13:44.127+0800: 5132.838: [GC (Allocation Failure) [PSYoungGen: 235104K->1600K(236032K)] 556322K->322826K(714240K), 0.0021135 secs] [Times: user=0.01 sys=0.00, real=0.00 secs] 
2024-07-05T02:13:44.521+0800: 5133.232: [GC (Allocation Failure) [PSYoungGen: 235072K->624K(236032K)] 556298K->321866K(714240K), 0.0020791 secs] [Times: user=0.01 sys=0.00, real=0.00 secs] 
2024-07-05T02:13:44.915+0800: 5133.626: [GC (Allocation Failure) [PSYoungGen: 234096K->2048K(236032K)] 555338K->323298K(714240K), 0.0038405 secs] [Times: user=0.01 sys=0.00, real=0.00 secs] 
2024-07-05T02:13:45.315+0800: 5134.026: [GC (Allocation Failure) [PSYoungGen: 235520K->1600K(236032K)] 556770K->322858K(714240K), 0.0026495 secs] [Times: user=0.01 sys=0.00, real=0.00 secs] 
2024-07-05T02:13:45.723+0800: 5134.434: [GC (Allocation Failure) [PSYoungGen: 235072K->2016K(235520K)] 556330K->323282K(713728K), 0.0022739 secs] [Times: user=0.00 sys=0.00, real=0.00 secs] 
2024-07-05T02:13:46.138+0800: 5134.849: [GC (Allocation Failure) [PSYoungGen: 235488K->1552K(236032K)] 556754K->322826K(714240K), 0.0031723 secs] [Times: user=0.01 sys=0.00, real=0.00 secs] 
2024-07-05T02:13:46.578+0800: 5135.289: [GC (Allocation Failure) [PSYoungGen: 234512K->1472K(235520K)] 555786K->322754K(713728K), 0.0023855 secs] [Times: user=0.00 sys=0.00, real=0.00 secs] 
2024-07-05T02:13:46.994+0800: 5135.704: [GC (Allocation Failure) [PSYoungGen: 234432K->1504K(235520K)] 555714K->322794K(713728K), 0.0035832 secs] [Times: user=0.00 sys=0.00, real=0.00 secs] 
2024-07-05T02:13:47.394+0800: 5136.105: [GC (Allocation Failure) [PSYoungGen: 234464K->1376K(235520K)] 555754K->322674K(713728K), 0.0021777 secs] [Times: user=0.00 sys=0.00, real=0.00 secs] 
2024-07-05T02:13:47.791+0800: 5136.501: [GC (Allocation Failure) [PSYoungGen: 234336K->1568K(236032K)] 555634K->322874K(714240K), 0.0021802 secs] [Times: user=0.00 sys=0.00, real=0.00 secs] 
2024-07-05T02:13:48.184+0800: 5136.894: [GC (Allocation Failure) [PSYoungGen: 235040K->2048K(236032K)] 556346K->323362K(714240K), 0.0021900 secs] [Times: user=0.00 sys=0.00, real=0.01 secs] 
2024-07-05T02:13:48.585+0800: 5137.295: [GC (Allocation Failure) [PSYoungGen: 235520K->1152K(236032K)] 556834K->322474K(714240K), 0.0025012 secs] [Times: user=0.00 sys=0.00, real=0.01 secs] 
2024-07-05T02:13:48.983+0800: 5137.693: [GC (Allocation Failure) [PSYoungGen: 234624K->1712K(236032K)] 555946K->323042K(714240K), 0.0021660 secs] [Times: user=0.01 sys=0.00, real=0.00 secs] 
2024-07-05T02:13:49.392+0800: 5138.103: [GC (Allocation Failure) [PSYoungGen: 235184K->1264K(236032K)] 556514K->322602K(714240K), 0.0036759 secs] [Times: user=0.00 sys=0.00, real=0.01 secs] 
2024-07-05T02:13:49.789+0800: 5138.500: [GC (Allocation Failure) [PSYoungGen: 234736K->1344K(236032K)] 556074K->322690K(714240K), 0.0022079 secs] [Times: user=0.00 sys=0.00, real=0.00 secs] 
2024-07-05T02:13:50.193+0800: 5138.904: [GC (Allocation Failure) [PSYoungGen: 234816K->1344K(236032K)] 556162K->322698K(714240K), 0.0023567 secs] [Times: user=0.00 sys=0.00, real=0.01 secs] 
2024-07-05T02:13:50.603+0800: 5139.313: [GC (Allocation Failure) [PSYoungGen: 234816K->1472K(236032K)] 556170K->322834K(714240K), 0.0042593 secs] [Times: user=0.00 sys=0.00, real=0.01 secs] 
2024-07-05T02:13:51.027+0800: 5139.738: [GC (Allocation Failure) [PSYoungGen: 234944K->352K(236032K)] 556306K->321722K(714240K), 0.0020399 secs] [Times: user=0.01 sys=0.00, real=0.00 secs] 
2024-07-05T02:13:51.463+0800: 5140.174: [GC (Allocation Failure) [PSYoungGen: 233824K->1760K(236032K)] 555194K->323138K(714240K), 0.0035496 secs] [Times: user=0.01 sys=0.00, real=0.01 secs] 
2024-07-05T02:13:51.871+0800: 5140.581: [GC (Allocation Failure) [PSYoungGen: 235232K->1888K(236032K)] 556610K->323274K(714240K), 0.0021149 secs] [Times: user=0.01 sys=0.00, real=0.00 secs] 
2024-07-05T02:13:52.282+0800: 5140.993: [GC (Allocation Failure) [PSYoungGen: 235360K->1696K(236032K)] 556746K->323090K(714240K), 0.0036587 secs] [Times: user=0.00 sys=0.00, real=0.01 secs] 
2024-07-05T02:13:52.684+0800: 5141.394: [GC (Allocation Failure) [PSYoungGen: 235168K->1760K(236032K)] 556562K->323162K(714240K), 0.0027880 secs] [Times: user=0.00 sys=0.00, real=0.01 secs] 
2024-07-05T02:13:53.080+0800: 5141.790: [GC (Allocation Failure) [PSYoungGen: 235232K->1568K(236032K)] 556634K->322978K(714240K), 0.0026935 secs] [Times: user=0.00 sys=0.00, real=0.00 secs] 
2024-07-05T02:13:53.499+0800: 5142.210: [GC (Allocation Failure) [PSYoungGen: 235040K->1184K(236032K)] 556450K->322602K(714240K), 0.0020538 secs] [Times: user=0.01 sys=0.00, real=0.00 secs] 
2024-07-05T02:13:53.912+0800: 5142.622: [GC (Allocation Failure) [PSYoungGen: 234656K->1472K(236032K)] 556074K->322898K(714240K), 0.0021695 secs] [Times: user=0.00 sys=0.00, real=0.01 secs] 
2024-07-05T02:13:54.311+0800: 5143.022: [GC (Allocation Failure) [PSYoungGen: 234944K->1920K(236032K)] 556370K->323354K(714240K), 0.0036093 secs] [Times: user=0.00 sys=0.00, real=0.01 secs] 
2024-07-05T02:13:54.711+0800: 5143.422: [GC (Allocation Failure) [PSYoungGen: 235392K->1664K(236032K)] 556826K->323106K(714240K), 0.0021577 secs] [Times: user=0.00 sys=0.00, real=0.00 secs] 
2024-07-05T02:13:55.107+0800: 5143.818: [GC (Allocation Failure) [PSYoungGen: 235136K->1088K(236032K)] 556578K->322538K(714240K), 0.0020871 secs] [Times: user=0.00 sys=0.00, real=0.00 secs] 
2024-07-05T02:13:55.514+0800: 5144.225: [GC (Allocation Failure) [PSYoungGen: 234560K->224K(236032K)] 556010K->321682K(714240K), 0.0021518 secs] [Times: user=0.00 sys=0.00, real=0.00 secs] 
2024-07-05T02:13:55.915+0800: 5144.626: [GC (Allocation Failure) [PSYoungGen: 233696K->1728K(236032K)] 555154K->323194K(714240K), 0.0034845 secs] [Times: user=0.01 sys=0.00, real=0.00 secs] 
2024-07-05T02:13:56.326+0800: 5145.037: [GC (Allocation Failure) [PSYoungGen: 235200K->1520K(236032K)] 556666K->322994K(714240K), 0.0023916 secs] [Times: user=0.01 sys=0.00, real=0.00 secs] 
2024-07-05T02:13:56.724+0800: 5145.435: [GC (Allocation Failure) [PSYoungGen: 234992K->1600K(236032K)] 556466K->323082K(714240K), 0.0021487 secs] [Times: user=0.01 sys=0.00, real=0.01 secs] 
2024-07-05T02:13:57.119+0800: 5145.829: [GC (Allocation Failure) [PSYoungGen: 235072K->2016K(236032K)] 556554K->323506K(714240K), 0.0021651 secs] [Times: user=0.01 sys=0.00, real=0.00 secs] 
2024-07-05T02:13:57.506+0800: 5146.217: [GC (Allocation Failure) [PSYoungGen: 235488K->1824K(236032K)] 556978K->323322K(714240K), 0.0020875 secs] [Times: user=0.00 sys=0.00, real=0.00 secs] 
2024-07-05T02:13:57.912+0800: 5146.623: [GC (Allocation Failure) [PSYoungGen: 235296K->1888K(236032K)] 556794K->323394K(714240K), 0.0021868 secs] [Times: user=0.00 sys=0.00, real=0.01 secs] 
2024-07-05T02:13:58.319+0800: 5147.029: [GC (Allocation Failure) [PSYoungGen: 235360K->1600K(236032K)] 556866K->323114K(714240K), 0.0026124 secs] [Times: user=0.00 sys=0.00, real=0.00 secs] 
2024-07-05T02:13:58.721+0800: 5147.432: [GC (Allocation Failure) [PSYoungGen: 235072K->1184K(236032K)] 556586K->322706K(714240K), 0.0021815 secs] [Times: user=0.01 sys=0.00, real=0.00 secs] 
2024-07-05T02:13:59.128+0800: 5147.839: [GC (Allocation Failure) [PSYoungGen: 234656K->2048K(236032K)] 556178K->323578K(714240K), 0.0021659 secs] [Times: user=0.00 sys=0.00, real=0.00 secs] 
2024-07-05T02:13:59.538+0800: 5148.249: [GC (Allocation Failure) [PSYoungGen: 235520K->1376K(236032K)] 557050K->322914K(714240K), 0.0021525 secs] [Times: user=0.00 sys=0.00, real=0.00 secs] 
2024-07-05T02:13:59.931+0800: 5148.642: [GC (Allocation Failure) [PSYoungGen: 234848K->1248K(236032K)] 556386K->322794K(714240K), 0.0020544 secs] [Times: user=0.00 sys=0.00, real=0.00 secs] 
2024-07-05T02:14:00.338+0800: 5149.048: [GC (Allocation Failure) [PSYoungGen: 234720K->2016K(236032K)] 556266K->323570K(714240K), 0.0021529 secs] [Times: user=0.00 sys=0.00, real=0.00 secs] 
2024-07-05T02:14:00.739+0800: 5149.450: [GC (Allocation Failure) [PSYoungGen: 235488K->1312K(236032K)] 557042K->322874K(714240K), 0.0022030 secs] [Times: user=0.00 sys=0.00, real=0.00 secs] 
2024-07-05T02:14:01.147+0800: 5149.858: [GC (Allocation Failure) [PSYoungGen: 234784K->2016K(236032K)] 556346K->323586K(714240K), 0.0022204 secs] [Times: user=0.00 sys=0.00, real=0.00 secs] 
2024-07-05T02:14:01.559+0800: 5150.269: [GC (Allocation Failure) [PSYoungGen: 235488K->2080K(235008K)] 557058K->323658K(713216K), 0.0022569 secs] [Times: user=0.00 sys=0.00, real=0.00 secs] 
2024-07-05T02:14:01.978+0800: 5150.689: [GC (Allocation Failure) [PSYoungGen: 234528K->2112K(235520K)] 556106K->323698K(713728K), 0.0026190 secs] [Times: user=0.01 sys=0.00, real=0.00 secs] 
2024-07-05T02:14:02.381+0800: 5151.092: [GC (Allocation Failure) [PSYoungGen: 234560K->1376K(235520K)] 556146K->322970K(713728K), 0.0023827 secs] [Times: user=0.00 sys=0.00, real=0.00 secs] 
2024-07-05T02:14:02.777+0800: 5151.488: [GC (Allocation Failure) [PSYoungGen: 233824K->1184K(235520K)] 555418K->322786K(713728K), 0.0021776 secs] [Times: user=0.01 sys=0.00, real=0.00 secs] 
2024-07-05T02:14:03.174+0800: 5151.885: [GC (Allocation Failure) [PSYoungGen: 233632K->1408K(235520K)] 555234K->323018K(713728K), 0.0020515 secs] [Times: user=0.00 sys=0.00, real=0.00 secs] 
2024-07-05T02:14:03.574+0800: 5152.285: [GC (Allocation Failure) [PSYoungGen: 233856K->1600K(234496K)] 555466K->323218K(712704K), 0.0022410 secs] [Times: user=0.01 sys=0.00, real=0.00 secs] 
2024-07-05T02:14:03.986+0800: 5152.696: [GC (Allocation Failure) [PSYoungGen: 234048K->1728K(235008K)] 555666K->323354K(713216K), 0.0046222 secs] [Times: user=0.00 sys=0.00, real=0.00 secs] 
2024-07-05T02:14:04.404+0800: 5153.115: [GC (Allocation Failure) [PSYoungGen: 234176K->1728K(235008K)] 555802K->323362K(713216K), 0.0023208 secs] [Times: user=0.00 sys=0.00, real=0.01 secs] 
2024-07-05T02:14:04.819+0800: 5153.529: [GC (Allocation Failure) [PSYoungGen: 234176K->1968K(236032K)] 555810K->323610K(714240K), 0.0023848 secs] [Times: user=0.00 sys=0.00, real=0.00 secs] 
2024-07-05T02:14:05.230+0800: 5153.941: [GC (Allocation Failure) [PSYoungGen: 235440K->976K(236032K)] 557082K->322626K(714240K), 0.0020176 secs] [Times: user=0.01 sys=0.00, real=0.00 secs] 
2024-07-05T02:14:05.638+0800: 5154.348: [GC (Allocation Failure) [PSYoungGen: 234448K->1664K(236032K)] 556098K->323322K(714240K), 0.0024771 secs] [Times: user=0.01 sys=0.01, real=0.00 secs] 
2024-07-05T02:14:06.046+0800: 5154.757: [GC (Allocation Failure) [PSYoungGen: 235136K->1760K(236032K)] 556794K->323426K(714240K), 0.0024238 secs] [Times: user=0.01 sys=0.00, real=0.00 secs] 
2024-07-05T02:14:06.483+0800: 5155.194: [GC (Allocation Failure) [PSYoungGen: 235232K->1632K(236032K)] 556898K->323306K(714240K), 0.0021219 secs] [Times: user=0.00 sys=0.00, real=0.00 secs] 
2024-07-05T02:14:06.900+0800: 5155.611: [GC (Allocation Failure) [PSYoungGen: 235104K->1952K(236032K)] 556778K->323634K(714240K), 0.0026792 secs] [Times: user=0.01 sys=0.00, real=0.00 secs] 
2024-07-05T02:14:07.302+0800: 5156.013: [GC (Allocation Failure) [PSYoungGen: 235424K->1184K(236032K)] 557106K->322874K(714240K), 0.0036365 secs] [Times: user=0.01 sys=0.00, real=0.01 secs] 
2024-07-05T02:14:07.721+0800: 5156.431: [GC (Allocation Failure) [PSYoungGen: 234656K->1856K(236032K)] 556346K->323554K(714240K), 0.0025306 secs] [Times: user=0.00 sys=0.00, real=0.00 secs] 
2024-07-05T02:14:08.134+0800: 5156.845: [GC (Allocation Failure) [PSYoungGen: 235328K->1632K(236032K)] 557026K->323338K(714240K), 0.0021812 secs] [Times: user=0.00 sys=0.00, real=0.00 secs] 
2024-07-05T02:14:08.542+0800: 5157.253: [GC (Allocation Failure) [PSYoungGen: 235104K->1888K(236032K)] 556810K->323602K(714240K), 0.0024308 secs] [Times: user=0.00 sys=0.00, real=0.00 secs] 
2024-07-05T02:14:08.956+0800: 5157.667: [GC (Allocation Failure) [PSYoungGen: 235360K->1792K(236032K)] 557074K->323514K(714240K), 0.0023621 secs] [Times: user=0.00 sys=0.00, real=0.00 secs] 
2024-07-05T02:14:09.372+0800: 5158.083: [GC (Allocation Failure) [PSYoungGen: 235264K->1568K(236032K)] 556986K->323298K(714240K), 0.0021344 secs] [Times: user=0.00 sys=0.00, real=0.01 secs] 
2024-07-05T02:14:09.842+0800: 5158.553: [GC (Allocation Failure) [PSYoungGen: 235040K->1376K(236032K)] 556770K->323114K(714240K), 0.0021389 secs] [Times: user=0.00 sys=0.00, real=0.00 secs] 
2024-07-05T02:14:10.262+0800: 5158.973: [GC (Allocation Failure) [PSYoungGen: 234848K->1760K(236032K)] 556586K->323506K(714240K), 0.0021358 secs] [Times: user=0.01 sys=0.00, real=0.00 secs] 
2024-07-05T02:14:10.678+0800: 5159.389: [GC (Allocation Failure) [PSYoungGen: 235232K->1760K(236032K)] 556978K->323514K(714240K), 0.0039486 secs] [Times: user=0.01 sys=0.00, real=0.00 secs] 
2024-07-05T02:14:11.095+0800: 5159.805: [GC (Allocation Failure) [PSYoungGen: 235232K->1600K(236032K)] 556986K->323362K(714240K), 0.0021088 secs] [Times: user=0.01 sys=0.00, real=0.00 secs] 
2024-07-05T02:14:11.499+0800: 5160.210: [GC (Allocation Failure) [PSYoungGen: 235072K->1440K(236032K)] 556834K->323210K(714240K), 0.0021730 secs] [Times: user=0.00 sys=0.00, real=0.00 secs] 
2024-07-05T02:14:11.913+0800: 5160.624: [GC (Allocation Failure) [PSYoungGen: 234912K->1440K(236032K)] 556682K->323218K(714240K), 0.0023973 secs] [Times: user=0.01 sys=0.00, real=0.01 secs] 
2024-07-05T02:14:12.343+0800: 5161.054: [GC (Allocation Failure) [PSYoungGen: 234912K->1376K(236032K)] 556690K->323162K(714240K), 0.0021273 secs] [Times: user=0.00 sys=0.00, real=0.00 secs] 
2024-07-05T02:14:12.743+0800: 5161.454: [GC (Allocation Failure) [PSYoungGen: 234848K->1296K(236032K)] 556634K->323090K(714240K), 0.0036936 secs] [Times: user=0.00 sys=0.00, real=0.01 secs] 
2024-07-05T02:14:13.150+0800: 5161.860: [GC (Allocation Failure) [PSYoungGen: 234768K->2016K(236032K)] 556562K->323818K(714240K), 0.0022035 secs] [Times: user=0.01 sys=0.00, real=0.00 secs] 
2024-07-05T02:14:13.550+0800: 5162.261: [GC (Allocation Failure) [PSYoungGen: 235488K->1536K(236032K)] 557290K->323346K(714240K), 0.0023875 secs] [Times: user=0.01 sys=0.00, real=0.00 secs] 
2024-07-05T02:14:13.962+0800: 5162.673: [GC (Allocation Failure) [PSYoungGen: 235008K->2080K(236032K)] 556818K->323898K(714240K), 0.0022626 secs] [Times: user=0.00 sys=0.00, real=0.00 secs] 
2024-07-05T02:14:14.367+0800: 5163.078: [GC (Allocation Failure) [PSYoungGen: 235552K->1824K(236032K)] 557370K->323650K(714240K), 0.0026960 secs] [Times: user=0.01 sys=0.00, real=0.00 secs] 
2024-07-05T02:14:14.770+0800: 5163.481: [GC (Allocation Failure) [PSYoungGen: 235296K->1792K(236032K)] 557122K->323626K(714240K), 0.0038157 secs] [Times: user=0.00 sys=0.00, real=0.01 secs] 
2024-07-05T02:14:15.178+0800: 5163.889: [GC (Allocation Failure) [PSYoungGen: 235264K->1600K(236032K)] 557098K->323442K(714240K), 0.0022357 secs] [Times: user=0.01 sys=0.00, real=0.00 secs] 
2024-07-05T02:14:15.579+0800: 5164.290: [GC (Allocation Failure) [PSYoungGen: 235072K->2016K(236032K)] 556914K->323866K(714240K), 0.0036973 secs] [Times: user=0.00 sys=0.00, real=0.00 secs] 
2024-07-05T02:14:16.014+0800: 5164.725: [GC (Allocation Failure) [PSYoungGen: 235488K->1920K(236032K)] 557338K->323778K(714240K), 0.0044014 secs] [Times: user=0.01 sys=0.00, real=0.00 secs] 
2024-07-05T02:14:16.439+0800: 5165.150: [GC (Allocation Failure) [PSYoungGen: 235392K->1968K(236032K)] 557250K->323834K(714240K), 0.0022334 secs] [Times: user=0.00 sys=0.00, real=0.00 secs] 
2024-07-05T02:14:16.878+0800: 5165.588: [GC (Allocation Failure) [PSYoungGen: 235440K->1472K(236032K)] 557306K->323346K(714240K), 0.0032662 secs] [Times: user=0.00 sys=0.00, real=0.00 secs] 
2024-07-05T02:14:17.286+0800: 5165.997: [GC (Allocation Failure) [PSYoungGen: 234944K->1184K(236032K)] 556818K->323066K(714240K), 0.0035131 secs] [Times: user=0.00 sys=0.00, real=0.00 secs] 
2024-07-05T02:14:17.686+0800: 5166.397: [GC (Allocation Failure) [PSYoungGen: 234656K->2080K(236032K)] 556538K->323970K(714240K), 0.0039620 secs] [Times: user=0.01 sys=0.00, real=0.00 secs] 
2024-07-05T02:14:18.093+0800: 5166.804: [GC (Allocation Failure) [PSYoungGen: 235552K->1120K(236032K)] 557442K->323018K(714240K), 0.0020976 secs] [Times: user=0.00 sys=0.00, real=0.01 secs] 
2024-07-05T02:14:18.499+0800: 5167.209: [GC (Allocation Failure) [PSYoungGen: 234592K->1952K(236032K)] 556490K->323858K(714240K), 0.0023880 secs] [Times: user=0.00 sys=0.00, real=0.00 secs] 
2024-07-05T02:14:18.932+0800: 5167.643: [GC (Allocation Failure) [PSYoungGen: 235424K->1184K(236032K)] 557330K->323098K(714240K), 0.0021956 secs] [Times: user=0.00 sys=0.00, real=0.01 secs] 
2024-07-05T02:14:19.351+0800: 5168.061: [GC (Allocation Failure) [PSYoungGen: 234656K->1920K(236032K)] 556570K->323842K(714240K), 0.0021572 secs] [Times: user=0.00 sys=0.00, real=0.00 secs] 
2024-07-05T02:14:19.759+0800: 5168.470: [GC (Allocation Failure) [PSYoungGen: 235392K->1408K(236032K)] 557314K->323338K(714240K), 0.0020980 secs] [Times: user=0.01 sys=0.00, real=0.00 secs] 
2024-07-05T02:14:20.167+0800: 5168.878: [GC (Allocation Failure) [PSYoungGen: 234880K->1600K(236032K)] 556810K->323538K(714240K), 0.0023799 secs] [Times: user=0.00 sys=0.00, real=0.00 secs] 
2024-07-05T02:14:20.593+0800: 5169.303: [GC (Allocation Failure) [PSYoungGen: 235072K->1600K(236032K)] 557010K->323546K(714240K), 0.0025001 secs] [Times: user=0.00 sys=0.00, real=0.01 secs] 
2024-07-05T02:14:21.008+0800: 5169.719: [GC (Allocation Failure) [PSYoungGen: 235072K->2112K(236032K)] 557018K->324066K(714240K), 0.0031739 secs] [Times: user=0.00 sys=0.00, real=0.00 secs] 
2024-07-05T02:14:21.446+0800: 5170.157: [GC (Allocation Failure) [PSYoungGen: 235584K->1472K(236032K)] 557538K->323434K(714240K), 0.0021631 secs] [Times: user=0.00 sys=0.00, real=0.00 secs] 
2024-07-05T02:14:21.870+0800: 5170.581: [GC (Allocation Failure) [PSYoungGen: 234944K->1920K(236032K)] 556906K->323890K(714240K), 0.0021345 secs] [Times: user=0.00 sys=0.00, real=0.00 secs] 
2024-07-05T02:14:22.271+0800: 5170.982: [GC (Allocation Failure) [PSYoungGen: 235392K->1088K(236032K)] 557362K->323066K(714240K), 0.0032935 secs] [Times: user=0.01 sys=0.00, real=0.01 secs] 
2024-07-05T02:14:22.705+0800: 5171.416: [GC (Allocation Failure) [PSYoungGen: 234560K->1376K(236032K)] 556538K->323362K(714240K), 0.0021472 secs] [Times: user=0.00 sys=0.00, real=0.01 secs] 
2024-07-05T02:14:23.104+0800: 5171.814: [GC (Allocation Failure) [PSYoungGen: 234848K->1936K(236032K)] 556834K->323930K(714240K), 0.0040784 secs] [Times: user=0.01 sys=0.00, real=0.01 secs] 
2024-07-05T02:14:23.514+0800: 5172.225: [GC (Allocation Failure) [PSYoungGen: 235408K->1376K(236032K)] 557402K->323378K(714240K), 0.0021524 secs] [Times: user=0.00 sys=0.00, real=0.00 secs] 
2024-07-05T02:14:23.930+0800: 5172.641: [GC (Allocation Failure) [PSYoungGen: 234848K->1872K(236032K)] 556850K->323882K(714240K), 0.0021970 secs] [Times: user=0.00 sys=0.00, real=0.00 secs] 
2024-07-05T02:14:24.343+0800: 5173.054: [GC (Allocation Failure) [PSYoungGen: 235344K->1952K(236032K)] 557354K->323970K(714240K), 0.0024874 secs] [Times: user=0.01 sys=0.00, real=0.00 secs] 
2024-07-05T02:14:24.751+0800: 5173.462: [GC (Allocation Failure) [PSYoungGen: 235424K->1120K(236032K)] 557442K->323146K(714240K), 0.0022878 secs] [Times: user=0.01 sys=0.00, real=0.00 secs] 
2024-07-05T02:14:25.171+0800: 5173.882: [GC (Allocation Failure) [PSYoungGen: 234592K->2048K(236032K)] 556618K->324082K(714240K), 0.0026048 secs] [Times: user=0.00 sys=0.00, real=0.01 secs] 
2024-07-05T02:14:25.582+0800: 5174.293: [GC (Allocation Failure) [PSYoungGen: 235520K->1504K(236032K)] 557554K->323546K(714240K), 0.0020682 secs] [Times: user=0.00 sys=0.00, real=0.00 secs] 
2024-07-05T02:14:26.006+0800: 5174.717: [GC (Allocation Failure) [PSYoungGen: 234976K->1376K(236032K)] 557018K->323426K(714240K), 0.0022095 secs] [Times: user=0.00 sys=0.00, real=0.00 secs] 
2024-07-05T02:14:26.440+0800: 5175.150: [GC (Allocation Failure) [PSYoungGen: 234848K->1952K(236032K)] 556898K->324010K(714240K), 0.0021350 secs] [Times: user=0.00 sys=0.00, real=0.00 secs] 
2024-07-05T02:14:26.855+0800: 5175.566: [GC (Allocation Failure) [PSYoungGen: 235424K->1888K(236032K)] 557482K->323954K(714240K), 0.0022471 secs] [Times: user=0.00 sys=0.00, real=0.00 secs] 
2024-07-05T02:14:27.270+0800: 5175.981: [GC (Allocation Failure) [PSYoungGen: 235360K->1664K(236032K)] 557426K->323738K(714240K), 0.0021334 secs] [Times: user=0.01 sys=0.00, real=0.00 secs] 
2024-07-05T02:14:27.683+0800: 5176.394: [GC (Allocation Failure) [PSYoungGen: 235136K->1536K(236032K)] 557210K->323618K(714240K), 0.0021950 secs] [Times: user=0.01 sys=0.00, real=0.00 secs] 
2024-07-05T02:14:28.083+0800: 5176.793: [GC (Allocation Failure) [PSYoungGen: 235008K->1280K(236032K)] 557090K->323370K(714240K), 0.0024387 secs] [Times: user=0.01 sys=0.00, real=0.00 secs] 
2024-07-05T02:14:28.484+0800: 5177.195: [GC (Allocation Failure) [PSYoungGen: 234752K->1312K(236032K)] 556842K->323410K(714240K), 0.0021917 secs] [Times: user=0.00 sys=0.00, real=0.01 secs] 
2024-07-05T02:14:28.881+0800: 5177.591: [GC (Allocation Failure) [PSYoungGen: 234784K->1824K(236032K)] 556882K->323930K(714240K), 0.0025942 secs] [Times: user=0.01 sys=0.00, real=0.00 secs] 
2024-07-05T02:14:29.286+0800: 5177.996: [GC (Allocation Failure) [PSYoungGen: 235296K->1440K(236032K)] 557402K->323554K(714240K), 0.0020957 secs] [Times: user=0.00 sys=0.01, real=0.01 secs] 
2024-07-05T02:14:29.680+0800: 5178.391: [GC (Allocation Failure) [PSYoungGen: 234912K->1312K(236032K)] 557026K->323434K(714240K), 0.0021366 secs] [Times: user=0.01 sys=0.00, real=0.00 secs] 
2024-07-05T02:14:30.070+0800: 5178.781: [GC (Allocation Failure) [PSYoungGen: 234784K->1216K(236032K)] 556906K->323346K(714240K), 0.0020642 secs] [Times: user=0.00 sys=0.00, real=0.00 secs] 
2024-07-05T02:14:30.461+0800: 5179.171: [GC (Allocation Failure) [PSYoungGen: 234688K->1888K(236032K)] 556818K->324026K(714240K), 0.0021606 secs] [Times: user=0.01 sys=0.00, real=0.00 secs] 
2024-07-05T02:20:37.696+0800: 5546.407: [GC (Allocation Failure) [PSYoungGen: 235147K->534K(229376K)] 557285K->322680K(707584K), 0.0021736 secs] [Times: user=0.00 sys=0.00, real=0.00 secs] 
2024-07-05T02:20:43.921+0800: 5552.632: [GC (Allocation Failure) [PSYoungGen: 228518K->518K(224256K)] 550664K->322664K(702464K), 0.0025344 secs] [Times: user=0.00 sys=0.00, real=0.00 secs] 
2024-07-05T02:20:49.694+0800: 5558.405: [GC (Allocation Failure) [PSYoungGen: 223579K->909K(219136K)] 545725K->323055K(697344K), 0.0035723 secs] [Times: user=0.00 sys=0.00, real=0.00 secs] 
2024-07-05T02:20:55.409+0800: 5564.120: [GC (Allocation Failure) [PSYoungGen: 219012K->1088K(215040K)] 541158K->323234K(693248K), 0.0026274 secs] [Times: user=0.01 sys=0.00, real=0.00 secs] 
2024-07-05T02:21:01.001+0800: 5569.712: [GC (Allocation Failure) [PSYoungGen: 214410K->339K(209408K)] 536556K->322485K(687616K), 0.0021036 secs] [Times: user=0.01 sys=0.00, real=0.00 secs] 
2024-07-05T02:21:06.569+0800: 5575.280: [GC (Allocation Failure) [PSYoungGen: 209132K->339K(204800K)] 531278K->322485K(683008K), 0.0023506 secs] [Times: user=0.00 sys=0.00, real=0.00 secs] 
2024-07-05T02:21:12.161+0800: 5580.872: [GC (Allocation Failure) [PSYoungGen: 204627K->534K(202752K)] 526773K->322680K(680960K), 0.0020608 secs] [Times: user=0.01 sys=0.00, real=0.00 secs] 
2024-07-05T02:21:17.835+0800: 5586.546: [GC (Allocation Failure) [PSYoungGen: 200726K->339K(196608K)] 522872K->322485K(674816K), 0.0021956 secs] [Times: user=0.01 sys=0.00, real=0.00 secs] 
2024-07-05T02:21:23.075+0800: 5591.785: [GC (Allocation Failure) [PSYoungGen: 196288K->550K(194560K)] 518434K->322696K(672768K), 0.0021224 secs] [Times: user=0.00 sys=0.00, real=0.00 secs] 
2024-07-05T02:21:28.316+0800: 5597.027: [GC (Allocation Failure) [PSYoungGen: 192550K->112K(188928K)] 514696K->322258K(667136K), 0.0034128 secs] [Times: user=0.01 sys=0.00, real=0.00 secs] 
2024-07-05T02:21:33.266+0800: 5601.976: [GC (Allocation Failure) [PSYoungGen: 188416K->355K(187392K)] 510562K->322501K(665600K), 0.0020630 secs] [Times: user=0.01 sys=0.00, real=0.01 secs] 
2024-07-05T02:21:38.175+0800: 5606.886: [GC (Allocation Failure) [PSYoungGen: 185054K->144K(181760K)] 507201K->322290K(659968K), 0.0036476 secs] [Times: user=0.00 sys=0.00, real=0.00 secs] 
2024-07-05T02:21:42.640+0800: 5611.351: [GC (Allocation Failure) [PSYoungGen: 181287K->502K(180224K)] 503434K->322648K(658432K), 0.0033378 secs] [Times: user=0.00 sys=0.00, real=0.00 secs] 
2024-07-05T02:21:47.071+0800: 5615.781: [GC (Allocation Failure) [PSYoungGen: 177830K->534K(175104K)] 499976K->322680K(653312K), 0.0021888 secs] [Times: user=0.00 sys=0.00, real=0.00 secs] 
2024-07-05T02:21:51.319+0800: 5620.029: [GC (Allocation Failure) [PSYoungGen: 174612K->534K(172032K)] 496758K->322680K(650240K), 0.0021436 secs] [Times: user=0.00 sys=0.00, real=0.00 secs] 
2024-07-05T02:21:55.810+0800: 5624.520: [GC (Allocation Failure) [PSYoungGen: 171413K->502K(168448K)] 493559K->322704K(646656K), 0.0023175 secs] [Times: user=0.01 sys=0.00, real=0.00 secs] 
2024-07-05T02:21:59.903+0800: 5628.614: [GC (Allocation Failure) [PSYoungGen: 168059K->518K(166912K)] 490261K->322728K(645120K), 0.0021037 secs] [Times: user=0.00 sys=0.00, real=0.01 secs] 
2024-07-05T02:22:04.280+0800: 5632.991: [GC (Allocation Failure) [PSYoungGen: 165316K->893K(162816K)] 487526K->323111K(641024K), 0.0023238 secs] [Times: user=0.00 sys=0.00, real=0.00 secs] 
2024-07-05T02:22:08.317+0800: 5637.027: [GC (Allocation Failure) [PSYoungGen: 162653K->323K(159232K)] 484871K->322549K(637440K), 0.0021098 secs] [Times: user=0.00 sys=0.00, real=0.00 secs] 
2024-07-05T02:22:12.536+0800: 5641.247: [GC (Allocation Failure) [PSYoungGen: 158853K->518K(157184K)] 481079K->322752K(635392K), 0.0022100 secs] [Times: user=0.00 sys=0.00, real=0.00 secs] 
2024-07-05T02:22:16.427+0800: 5645.137: [GC (Allocation Failure) [PSYoungGen: 156525K->861K(154624K)] 478759K->323103K(632832K), 0.0025198 secs] [Times: user=0.00 sys=0.00, real=0.00 secs] 
2024-07-05T02:22:20.329+0800: 5649.040: [GC (Allocation Failure) [PSYoungGen: 154431K->909K(152064K)] 476673K->323159K(630272K), 0.0021755 secs] [Times: user=0.00 sys=0.00, real=0.00 secs] 
2024-07-05T02:22:24.330+0800: 5653.041: [GC (Allocation Failure) [PSYoungGen: 151857K->470K(150528K)] 474108K->322728K(628736K), 0.0022073 secs] [Times: user=0.00 sys=0.00, real=0.00 secs] 
2024-07-05T02:22:28.247+0800: 5656.957: [GC (Allocation Failure) [PSYoungGen: 148622K->518K(146944K)] 470880K->322784K(625152K), 0.0021295 secs] [Times: user=0.00 sys=0.00, real=0.00 secs] 
2024-07-05T02:22:32.108+0800: 5660.819: [GC (Allocation Failure) [PSYoungGen: 146347K->275K(143872K)] 468613K->322549K(622080K), 0.0027575 secs] [Times: user=0.01 sys=0.00, real=0.00 secs] 
2024-07-05T02:22:35.674+0800: 5664.384: [GC (Allocation Failure) [PSYoungGen: 143618K->909K(142336K)] 465892K->323191K(620544K), 0.0022245 secs] [Times: user=0.00 sys=0.00, real=0.01 secs] 
2024-07-05T02:22:39.545+0800: 5668.256: [GC (Allocation Failure) [PSYoungGen: 141986K->518K(140288K)] 464268K->322808K(618496K), 0.0021867 secs] [Times: user=0.00 sys=0.00, real=0.01 secs] 
2024-07-05T02:22:43.249+0800: 5671.960: [GC (Allocation Failure) [PSYoungGen: 139782K->96K(137728K)] 462072K->322394K(615936K), 0.0022522 secs] [Times: user=0.01 sys=0.00, real=0.00 secs] 
2024-07-05T02:22:46.861+0800: 5675.571: [GC (Allocation Failure) [PSYoungGen: 137312K->1088K(136704K)] 459610K->323394K(614912K), 0.0021051 secs] [Times: user=0.01 sys=0.00, real=0.00 secs] 
2024-07-05T02:22:50.616+0800: 5679.327: [GC (Allocation Failure) [PSYoungGen: 136073K->909K(134144K)] 458379K->323223K(612352K), 0.0025025 secs] [Times: user=0.01 sys=0.00, real=0.00 secs] 
2024-07-05T02:22:53.871+0800: 5682.582: [GC (Allocation Failure) [PSYoungGen: 133960K->486K(133120K)] 456274K->322808K(611328K), 0.0023306 secs] [Times: user=0.00 sys=0.00, real=0.00 secs] 
2024-07-05T02:22:57.479+0800: 5686.190: [GC (Allocation Failure) [PSYoungGen: 131558K->518K(130048K)] 453880K->322848K(608256K), 0.0022643 secs] [Times: user=0.00 sys=0.00, real=0.00 secs] 
2024-07-05T02:23:01.283+0800: 5689.993: [GC (Allocation Failure) [PSYoungGen: 129199K->518K(128000K)] 451530K->322856K(606208K), 0.0023911 secs] [Times: user=0.00 sys=0.00, real=0.00 secs] 
2024-07-05T02:23:04.597+0800: 5693.307: [GC (Allocation Failure) [PSYoungGen: 127361K->893K(125952K)] 449699K->323239K(604160K), 0.0022764 secs] [Times: user=0.00 sys=0.00, real=0.00 secs] 
2024-07-05T02:23:07.957+0800: 5696.668: [GC (Allocation Failure) [PSYoungGen: 125815K->275K(123904K)] 448161K->322629K(602112K), 0.0020721 secs] [Times: user=0.00 sys=0.00, real=0.00 secs] 
2024-07-05T02:23:11.227+0800: 5699.938: [GC (Allocation Failure) [PSYoungGen: 123535K->323K(122368K)] 445889K->322685K(600576K), 0.0026224 secs] [Times: user=0.00 sys=0.00, real=0.00 secs] 
2024-07-05T02:23:14.227+0800: 5702.938: [GC (Allocation Failure) [PSYoungGen: 122168K->909K(121856K)] 444530K->323279K(600064K), 0.0033166 secs] [Times: user=0.01 sys=0.00, real=0.00 secs] 
2024-07-05T02:23:17.495+0800: 5706.205: [GC (Allocation Failure) [PSYoungGen: 121139K->1104K(120320K)] 443509K->323482K(598528K), 0.0026446 secs] [Times: user=0.00 sys=0.00, real=0.00 secs] 
2024-07-05T02:23:20.447+0800: 5709.158: [GC (Allocation Failure) [PSYoungGen: 119520K->470K(117760K)] 441898K->322856K(595968K), 0.0031712 secs] [Times: user=0.00 sys=0.00, real=0.00 secs] 
2024-07-05T02:23:23.293+0800: 5712.004: [GC (Allocation Failure) [PSYoungGen: 117648K->909K(116736K)] 440034K->323303K(594944K), 0.0021296 secs] [Times: user=0.01 sys=0.00, real=0.01 secs] 
2024-07-05T02:23:26.223+0800: 5714.933: [GC (Allocation Failure) [PSYoungGen: 116602K->909K(115200K)] 438997K->323311K(593408K), 0.0021871 secs] [Times: user=0.00 sys=0.00, real=0.00 secs] 
2024-07-05T02:23:29.122+0800: 5717.833: [GC (Allocation Failure) [PSYoungGen: 115058K->470K(113152K)] 437460K->322880K(591360K), 0.0036422 secs] [Times: user=0.01 sys=0.00, real=0.01 secs] 
2024-07-05T02:23:32.149+0800: 5720.860: [GC (Allocation Failure) [PSYoungGen: 112954K->518K(112640K)] 435364K->322936K(590848K), 0.0020652 secs] [Times: user=0.00 sys=0.00, real=0.00 secs] 
2024-07-05T02:23:35.046+0800: 5723.757: [GC (Allocation Failure) [PSYoungGen: 111553K->1104K(111104K)] 433971K->323530K(589312K), 0.0022461 secs] [Times: user=0.01 sys=0.00, real=0.00 secs] 
2024-07-05T02:23:37.978+0800: 5726.689: [GC (Allocation Failure) [PSYoungGen: 110626K->275K(108544K)] 433053K->322709K(586752K), 0.0021174 secs] [Times: user=0.00 sys=0.00, real=0.00 secs] 
2024-07-05T02:23:40.898+0800: 5729.609: [GC (Allocation Failure) [PSYoungGen: 108256K->128K(107008K)] 430691K->322570K(585216K), 0.0020667 secs] [Times: user=0.00 sys=0.00, real=0.00 secs] 
2024-07-05T02:23:43.720+0800: 5732.431: [GC (Allocation Failure) [PSYoungGen: 106624K->128K(106496K)] 429066K->322578K(584704K), 0.0021365 secs] [Times: user=0.01 sys=0.00, real=0.00 secs] 
2024-07-05T02:23:46.557+0800: 5735.267: [GC (Allocation Failure) [PSYoungGen: 105055K->1072K(105472K)] 427505K->323530K(583680K), 0.0024182 secs] [Times: user=0.00 sys=0.00, real=0.00 secs] 
2024-07-05T02:23:49.429+0800: 5738.140: [GC (Allocation Failure) [PSYoungGen: 104837K->909K(103936K)] 427295K->323375K(582144K), 0.0024898 secs] [Times: user=0.00 sys=0.00, real=0.00 secs] 
2024-07-05T02:23:52.306+0800: 5741.017: [GC (Allocation Failure) [PSYoungGen: 103663K->909K(102912K)] 426129K->323383K(581120K), 0.0036023 secs] [Times: user=0.00 sys=0.00, real=0.00 secs] 
2024-07-05T02:23:55.114+0800: 5743.824: [GC (Allocation Failure) [PSYoungGen: 102622K->877K(101888K)] 425096K->323359K(580096K), 0.0038589 secs] [Times: user=0.00 sys=0.00, real=0.00 secs] 
2024-07-05T02:23:57.798+0800: 5746.508: [GC (Allocation Failure) [PSYoungGen: 101690K->1072K(101376K)] 424172K->323562K(579584K), 0.0035655 secs] [Times: user=0.00 sys=0.00, real=0.00 secs] 
2024-07-05T02:24:00.538+0800: 5749.248: [GC (Allocation Failure) [PSYoungGen: 100797K->259K(99328K)] 423287K->322757K(577536K), 0.0036530 secs] [Times: user=0.00 sys=0.00, real=0.00 secs] 
2024-07-05T02:24:03.239+0800: 5751.950: [GC (Allocation Failure) [PSYoungGen: 98894K->454K(98304K)] 421392K->322960K(576512K), 0.0035840 secs] [Times: user=0.00 sys=0.00, real=0.00 secs] 
2024-07-05T02:24:05.905+0800: 5754.616: [GC (Allocation Failure) [PSYoungGen: 98246K->877K(98816K)] 420752K->323391K(577024K), 0.0022271 secs] [Times: user=0.01 sys=0.00, real=0.01 secs] 
2024-07-05T02:24:08.483+0800: 5757.194: [GC (Allocation Failure) [PSYoungGen: 97645K->291K(96256K)] 420159K->322813K(574464K), 0.0022613 secs] [Times: user=0.00 sys=0.00, real=0.00 secs] 
2024-07-05T02:24:10.876+0800: 5759.587: [GC (Allocation Failure) [PSYoungGen: 96008K->877K(96256K)] 418530K->323407K(574464K), 0.0020686 secs] [Times: user=0.01 sys=0.00, real=0.00 secs] 
2024-07-05T02:24:13.263+0800: 5761.974: [GC (Allocation Failure) [PSYoungGen: 95532K->259K(94208K)] 418062K->322797K(572416K), 0.0033631 secs] [Times: user=0.00 sys=0.00, real=0.01 secs] 
2024-07-05T02:24:15.639+0800: 5764.350: [GC (Allocation Failure) [PSYoungGen: 93951K->1040K(94208K)] 416489K->323586K(572416K), 0.0035029 secs] [Times: user=0.01 sys=0.00, real=0.00 secs] 
2024-07-05T02:24:18.122+0800: 5766.832: [GC (Allocation Failure) [PSYoungGen: 93414K->486K(92160K)] 415960K->323040K(570368K), 0.0021237 secs] [Times: user=0.00 sys=0.00, real=0.00 secs] 
2024-07-05T02:24:20.443+0800: 5769.154: [GC (Allocation Failure) [PSYoungGen: 92065K->64K(92160K)] 414619K->322626K(570368K), 0.0021991 secs] [Times: user=0.00 sys=0.00, real=0.00 secs] 
2024-07-05T02:24:22.950+0800: 5771.661: [GC (Allocation Failure) [PSYoungGen: 90673K->877K(90624K)] 413235K->323447K(568832K), 0.0028436 secs] [Times: user=0.00 sys=0.00, real=0.00 secs] 
2024-07-05T02:24:25.450+0800: 5774.161: [GC (Allocation Failure) [PSYoungGen: 90477K->486K(90624K)] 413047K->323064K(568832K), 0.0031271 secs] [Times: user=0.01 sys=0.00, real=0.00 secs] 
2024-07-05T02:24:27.764+0800: 5776.474: [GC (Allocation Failure) [PSYoungGen: 89060K->518K(88576K)] 411638K->323104K(566784K), 0.0033101 secs] [Times: user=0.01 sys=0.00, real=0.01 secs] 
2024-07-05T02:24:30.197+0800: 5778.908: [GC (Allocation Failure) [PSYoungGen: 87981K->323K(87040K)] 410567K->322917K(565248K), 0.0024823 secs] [Times: user=0.01 sys=0.00, real=0.00 secs] 
2024-07-05T02:24:32.637+0800: 5781.348: [GC (Allocation Failure) [PSYoungGen: 86744K->128K(86016K)] 409338K->322730K(564224K), 0.0023571 secs] [Times: user=0.00 sys=0.00, real=0.00 secs] 
2024-07-05T02:24:35.099+0800: 5783.809: [GC (Allocation Failure) [PSYoungGen: 85632K->64K(86016K)] 408234K->322674K(564224K), 0.0021043 secs] [Times: user=0.01 sys=0.00, real=0.00 secs] 
2024-07-05T02:24:37.471+0800: 5786.181: [GC (Allocation Failure) [PSYoungGen: 84543K->259K(83968K)] 407153K->322877K(562176K), 0.0022107 secs] [Times: user=0.00 sys=0.00, real=0.00 secs] 
2024-07-05T02:24:39.787+0800: 5788.498: [GC (Allocation Failure) [PSYoungGen: 83715K->291K(84480K)] 406333K->322917K(562688K), 0.0021006 secs] [Times: user=0.00 sys=0.00, real=0.00 secs] 
2024-07-05T02:24:42.024+0800: 5790.735: [GC (Allocation Failure) [PSYoungGen: 83045K->877K(83456K)] 405671K->323511K(561664K), 0.0022248 secs] [Times: user=0.01 sys=0.00, real=0.01 secs] 
2024-07-05T02:24:44.119+0800: 5792.829: [GC (Allocation Failure) [PSYoungGen: 83225K->96K(82432K)] 405860K->322738K(560640K), 0.0020419 secs] [Times: user=0.00 sys=0.00, real=0.00 secs] 
2024-07-05T02:24:46.297+0800: 5795.008: [GC (Allocation Failure) [PSYoungGen: 81655K->486K(81920K)] 404297K->323136K(560128K), 0.0021724 secs] [Times: user=0.01 sys=0.00, real=0.00 secs] 
2024-07-05T02:24:48.341+0800: 5797.052: [GC (Allocation Failure) [PSYoungGen: 81867K->877K(82432K)] 404517K->323535K(560640K), 0.0023296 secs] [Times: user=0.00 sys=0.00, real=0.00 secs] 
2024-07-05T02:24:50.345+0800: 5799.055: [GC (Allocation Failure) [PSYoungGen: 81773K->518K(81408K)] 404431K->323184K(559616K), 0.0021161 secs] [Times: user=0.01 sys=0.00, real=0.01 secs] 
2024-07-05T02:24:52.321+0800: 5801.032: [GC (Allocation Failure) [PSYoungGen: 80648K->518K(80896K)] 403314K->323192K(559104K), 0.0020384 secs] [Times: user=0.00 sys=0.00, real=0.00 secs] 
2024-07-05T02:24:54.337+0800: 5803.048: [GC (Allocation Failure) [PSYoungGen: 80353K->259K(79872K)] 403027K->322941K(558080K), 0.0023122 secs] [Times: user=0.00 sys=0.00, real=0.00 secs] 
2024-07-05T02:24:56.354+0800: 5805.065: [GC (Allocation Failure) [PSYoungGen: 79403K->518K(80384K)] 402085K->323208K(558592K), 0.0032000 secs] [Times: user=0.01 sys=0.00, real=0.00 secs] 
2024-07-05T02:24:58.376+0800: 5807.087: [GC (Allocation Failure) [PSYoungGen: 79297K->275K(78848K)] 401987K->322973K(557056K), 0.0025588 secs] [Times: user=0.00 sys=0.00, real=0.00 secs] 
2024-07-05T02:25:00.433+0800: 5809.143: [GC (Allocation Failure) [PSYoungGen: 78382K->486K(79360K)] 401080K->323192K(557568K), 0.0024240 secs] [Times: user=0.01 sys=0.00, real=0.01 secs] 
2024-07-05T02:25:02.585+0800: 5811.296: [GC (Allocation Failure) [PSYoungGen: 78198K->259K(77824K)] 400905K->322973K(556032K), 0.0021408 secs] [Times: user=0.00 sys=0.00, real=0.01 secs] 
2024-07-05T02:25:04.606+0800: 5813.317: [GC (Allocation Failure) [PSYoungGen: 77254K->486K(77824K)] 399968K->323208K(556032K), 0.0021417 secs] [Times: user=0.00 sys=0.00, real=0.00 secs] 
2024-07-05T02:25:06.642+0800: 5815.352: [GC (Allocation Failure) [PSYoungGen: 77184K->323K(76800K)] 399906K->323053K(555008K), 0.0021693 secs] [Times: user=0.00 sys=0.00, real=0.00 secs] 
2024-07-05T02:25:08.557+0800: 5817.268: [GC (Allocation Failure) [PSYoungGen: 76334K->486K(76800K)] 399064K->323224K(555008K), 0.0024751 secs] [Times: user=0.00 sys=0.00, real=0.00 secs] 
2024-07-05T02:25:10.509+0800: 5819.220: [GC (Allocation Failure) [PSYoungGen: 76179K->486K(75776K)] 398917K->323232K(553984K), 0.0021122 secs] [Times: user=0.01 sys=0.00, real=0.00 secs] 
2024-07-05T02:25:12.420+0800: 5821.131: [GC (Allocation Failure) [PSYoungGen: 75721K->682K(75776K)] 398467K->323826K(553984K), 0.0021855 secs] [Times: user=0.00 sys=0.00, real=0.00 secs] 
2024-07-05T02:25:14.377+0800: 5823.088: [GC (Allocation Failure) [PSYoungGen: 75398K->128K(74752K)] 398543K->323280K(552960K), 0.0020563 secs] [Times: user=0.01 sys=0.00, real=0.00 secs] 
2024-07-05T02:25:16.293+0800: 5825.003: [GC (Allocation Failure) [PSYoungGen: 74016K->518K(74752K)] 397169K->323679K(552960K), 0.0021064 secs] [Times: user=0.00 sys=0.00, real=0.01 secs] 
2024-07-05T02:25:18.242+0800: 5826.953: [GC (Allocation Failure) [PSYoungGen: 74006K->486K(73728K)] 397167K->323655K(551936K), 0.0020982 secs] [Times: user=0.00 sys=0.00, real=0.00 secs] 
2024-07-05T02:25:20.226+0800: 5828.937: [GC (Allocation Failure) [PSYoungGen: 73680K->96K(73728K)] 396849K->323272K(551936K), 0.0020311 secs] [Times: user=0.00 sys=0.00, real=0.00 secs] 
2024-07-05T02:25:22.076+0800: 5830.787: [GC (Allocation Failure) [PSYoungGen: 72777K->323K(72704K)] 395953K->323508K(550912K), 0.0022102 secs] [Times: user=0.00 sys=0.00, real=0.00 secs] 
2024-07-05T02:25:23.935+0800: 5832.645: [GC (Allocation Failure) [PSYoungGen: 72487K->1008K(72704K)] 395672K->324257K(550912K), 0.0022718 secs] [Times: user=0.01 sys=0.00, real=0.00 secs] 
2024-07-05T02:25:25.795+0800: 5834.506: [GC (Allocation Failure) [PSYoungGen: 72533K->64K(71680K)] 395782K->323312K(549888K), 0.0021361 secs] [Times: user=0.00 sys=0.00, real=0.00 secs] 
2024-07-05T02:25:27.753+0800: 5836.464: [GC (Allocation Failure) [PSYoungGen: 71088K->909K(72192K)] 394337K->324158K(550400K), 0.0023484 secs] [Times: user=0.00 sys=0.00, real=0.01 secs] 
2024-07-05T02:25:29.690+0800: 5838.401: [GC (Allocation Failure) [PSYoungGen: 71565K->64K(70656K)] 394814K->323312K(548864K), 0.0044785 secs] [Times: user=0.00 sys=0.00, real=0.01 secs] 
2024-07-05T02:25:31.828+0800: 5840.538: [GC (Allocation Failure) [PSYoungGen: 70108K->877K(71168K)] 393357K->324126K(549376K), 0.0033783 secs] [Times: user=0.00 sys=0.00, real=0.00 secs] 
2024-07-05T02:25:34.011+0800: 5842.721: [GC (Allocation Failure) [PSYoungGen: 70389K->64K(69632K)] 393638K->323312K(547840K), 0.0024106 secs] [Times: user=0.00 sys=0.00, real=0.00 secs] 
2024-07-05T02:25:36.108+0800: 5844.819: [GC (Allocation Failure) [PSYoungGen: 69014K->845K(70144K)] 392263K->324094K(548352K), 0.0024497 secs] [Times: user=0.00 sys=0.00, real=0.00 secs] 
2024-07-05T02:25:38.234+0800: 5846.945: [GC (Allocation Failure) [PSYoungGen: 69295K->128K(68608K)] 392544K->323376K(546816K), 0.0028772 secs] [Times: user=0.01 sys=0.00, real=0.00 secs] 
2024-07-05T02:25:40.341+0800: 5849.051: [GC (Allocation Failure) [PSYoungGen: 67897K->518K(69120K)] 391146K->323767K(547328K), 0.0024015 secs] [Times: user=0.01 sys=0.00, real=0.00 secs] 
2024-07-05T02:25:42.467+0800: 5851.178: [GC (Allocation Failure) [PSYoungGen: 68101K->877K(68096K)] 391349K->324126K(546304K), 0.0026131 secs] [Times: user=0.00 sys=0.00, real=0.00 secs] 
2024-07-05T02:25:44.575+0800: 5853.286: [GC (Allocation Failure) [PSYoungGen: 67949K->845K(67584K)] 391198K->324094K(545792K), 0.0023398 secs] [Times: user=0.01 sys=0.00, real=0.00 secs] 
2024-07-05T02:25:46.657+0800: 5855.368: [GC (Allocation Failure) [PSYoungGen: 67268K->259K(66560K)] 390517K->323508K(544768K), 0.0023338 secs] [Times: user=0.01 sys=0.00, real=0.00 secs] 
2024-07-05T02:25:48.658+0800: 5857.369: [GC (Allocation Failure) [PSYoungGen: 66307K->323K(67072K)] 389556K->323572K(545280K), 0.0020606 secs] [Times: user=0.00 sys=0.00, real=0.00 secs] 
2024-07-05T02:25:50.304+0800: 5859.015: [GC (Allocation Failure) [PSYoungGen: 65765K->909K(66048K)] 389013K->324158K(544256K), 0.0022111 secs] [Times: user=0.01 sys=0.00, real=0.01 secs] 
2024-07-05T02:25:51.986+0800: 5860.697: [GC (Allocation Failure) [PSYoungGen: 65933K->909K(65536K)] 389182K->324158K(543744K), 0.0033196 secs] [Times: user=0.00 sys=0.00, real=0.00 secs] 
2024-07-05T02:25:53.711+0800: 5862.422: [GC (Allocation Failure) [PSYoungGen: 65300K->291K(64512K)] 388549K->323548K(542720K), 0.0021051 secs] [Times: user=0.00 sys=0.00, real=0.00 secs] 
2024-07-05T02:25:55.363+0800: 5864.074: [GC (Allocation Failure) [PSYoungGen: 64203K->275K(65024K)] 387460K->323540K(543232K), 0.0033919 secs] [Times: user=0.00 sys=0.00, real=0.01 secs] 
2024-07-05T02:25:57.001+0800: 5865.712: [GC (Allocation Failure) [PSYoungGen: 63605K->845K(64000K)] 386869K->324118K(542208K), 0.0023257 secs] [Times: user=0.01 sys=0.00, real=0.00 secs] 
2024-07-05T02:25:58.586+0800: 5867.297: [GC (Allocation Failure) [PSYoungGen: 63761K->486K(62976K)] 387033K->323767K(541184K), 0.0021220 secs] [Times: user=0.01 sys=0.00, real=0.00 secs] 
2024-07-05T02:26:00.193+0800: 5868.903: [GC (Allocation Failure) [PSYoungGen: 62860K->128K(62464K)] 386141K->323416K(540672K), 0.0023349 secs] [Times: user=0.00 sys=0.00, real=0.01 secs] 
2024-07-05T02:26:01.773+0800: 5870.484: [GC (Allocation Failure) [PSYoungGen: 61938K->291K(62976K)] 385226K->323588K(541184K), 0.0020253 secs] [Times: user=0.01 sys=0.00, real=0.01 secs] 
2024-07-05T02:26:03.289+0800: 5872.000: [GC (Allocation Failure) [PSYoungGen: 61640K->1072K(62464K)] 384937K->324377K(540672K), 0.0023390 secs] [Times: user=0.00 sys=0.00, real=0.00 secs] 
2024-07-05T02:26:04.839+0800: 5873.550: [GC (Allocation Failure) [PSYoungGen: 62000K->323K(60928K)] 385305K->323636K(539136K), 0.0031808 secs] [Times: user=0.00 sys=0.00, real=0.00 secs] 
2024-07-05T02:26:06.400+0800: 5875.111: [GC (Allocation Failure) [PSYoungGen: 60617K->96K(60416K)] 383930K->323416K(538624K), 0.0020727 secs] [Times: user=0.00 sys=0.00, real=0.00 secs] 
2024-07-05T02:26:07.900+0800: 5876.611: [GC (Allocation Failure) [PSYoungGen: 59827K->291K(60928K)] 383148K->323620K(539136K), 0.0025213 secs] [Times: user=0.01 sys=0.00, real=0.00 secs] 
2024-07-05T02:26:09.370+0800: 5878.081: [GC (Allocation Failure) [PSYoungGen: 59541K->64K(59392K)] 382870K->323400K(537600K), 0.0020694 secs] [Times: user=0.00 sys=0.00, real=0.00 secs] 
2024-07-05T02:26:10.799+0800: 5879.510: [GC (Allocation Failure) [PSYoungGen: 58876K->486K(59904K)] 382213K->323831K(538112K), 0.0019938 secs] [Times: user=0.00 sys=0.00, real=0.00 secs] 
2024-07-05T02:26:12.254+0800: 5880.965: [GC (Allocation Failure) [PSYoungGen: 58773K->291K(58368K)] 382118K->323644K(536576K), 0.0021538 secs] [Times: user=0.00 sys=0.00, real=0.00 secs] 
2024-07-05T02:26:13.671+0800: 5882.381: [GC (Allocation Failure) [PSYoungGen: 57850K->486K(58880K)] 381203K->323847K(537088K), 0.0020324 secs] [Times: user=0.00 sys=0.00, real=0.00 secs] 
2024-07-05T02:26:15.114+0800: 5883.824: [GC (Allocation Failure) [PSYoungGen: 57791K->486K(57344K)] 381152K->323855K(535552K), 0.0022296 secs] [Times: user=0.00 sys=0.00, real=0.01 secs] 
2024-07-05T02:26:16.539+0800: 5885.250: [GC (Allocation Failure) [PSYoungGen: 57239K->845K(58368K)] 380608K->324222K(536576K), 0.0033491 secs] [Times: user=0.00 sys=0.00, real=0.00 secs] 
2024-07-05T02:26:18.022+0800: 5886.732: [GC (Allocation Failure) [PSYoungGen: 57520K->323K(57344K)] 380897K->323708K(535552K), 0.0031667 secs] [Times: user=0.00 sys=0.00, real=0.00 secs] 
2024-07-05T02:26:19.424+0800: 5888.134: [GC (Allocation Failure) [PSYoungGen: 57080K->845K(58368K)] 380465K->324238K(536576K), 0.0021478 secs] [Times: user=0.00 sys=0.00, real=0.01 secs] 
2024-07-05T02:26:20.818+0800: 5889.529: [GC (Allocation Failure) [PSYoungGen: 57538K->275K(57344K)] 380931K->323676K(535552K), 0.0026570 secs] [Times: user=0.00 sys=0.00, real=0.00 secs] 
2024-07-05T02:26:22.211+0800: 5890.922: [GC (Allocation Failure) [PSYoungGen: 56834K->518K(58368K)] 380235K->323927K(536576K), 0.0029597 secs] [Times: user=0.01 sys=0.00, real=0.01 secs] 
2024-07-05T02:26:23.606+0800: 5892.316: [GC (Allocation Failure) [PSYoungGen: 57209K->845K(57856K)] 380618K->324262K(536064K), 0.0031169 secs] [Times: user=0.01 sys=0.00, real=0.00 secs] 
2024-07-05T02:26:25.041+0800: 5893.752: [GC (Allocation Failure) [PSYoungGen: 57677K->128K(57344K)] 381094K->323552K(535552K), 0.0031134 secs] [Times: user=0.01 sys=0.00, real=0.00 secs] 
2024-07-05T02:26:26.419+0800: 5895.130: [GC (Allocation Failure) [PSYoungGen: 56810K->518K(57856K)] 380235K->323951K(536064K), 0.0020421 secs] [Times: user=0.00 sys=0.00, real=0.00 secs] 
2024-07-05T02:26:27.810+0800: 5896.521: [GC (Allocation Failure) [PSYoungGen: 57196K->845K(57856K)] 380629K->324286K(536064K), 0.0034023 secs] [Times: user=0.00 sys=0.00, real=0.00 secs] 
2024-07-05T02:26:29.227+0800: 5897.938: [GC (Allocation Failure) [PSYoungGen: 57626K->259K(57344K)] 381067K->323708K(535552K), 0.0031210 secs] [Times: user=0.00 sys=0.00, real=0.00 secs] 
2024-07-05T02:26:30.628+0800: 5899.339: [GC (Allocation Failure) [PSYoungGen: 56747K->454K(58368K)] 380196K->323911K(536576K), 0.0026550 secs] [Times: user=0.00 sys=0.00, real=0.00 secs] 
2024-07-05T02:26:31.997+0800: 5900.708: [GC (Allocation Failure) [PSYoungGen: 57211K->909K(57856K)] 380668K->324374K(536064K), 0.0023094 secs] [Times: user=0.00 sys=0.00, real=0.00 secs] 
2024-07-05T02:26:33.398+0800: 5902.108: [GC (Allocation Failure) [PSYoungGen: 57667K->291K(57344K)] 381132K->323764K(535552K), 0.0020843 secs] [Times: user=0.00 sys=0.00, real=0.00 secs] 
2024-07-05T02:26:34.810+0800: 5903.521: [GC (Allocation Failure) [PSYoungGen: 56780K->454K(57344K)] 380253K->323935K(535552K), 0.0033197 secs] [Times: user=0.00 sys=0.00, real=0.00 secs] 
2024-07-05T02:26:36.219+0800: 5904.929: [GC (Allocation Failure) [PSYoungGen: 57203K->909K(58368K)] 380684K->324398K(536576K), 0.0021536 secs] [Times: user=0.00 sys=0.00, real=0.00 secs] 
2024-07-05T02:27:33.381+0800: 5962.092: [GC (Allocation Failure) [PSYoungGen: 57741K->176K(57344K)] 381230K->323672K(535552K), 0.0021904 secs] [Times: user=0.00 sys=0.00, real=0.00 secs] 
2024-07-05T02:32:22.578+0800: 6251.289: [GC (Allocation Failure) [PSYoungGen: 57008K->112K(58368K)] 380504K->323616K(536576K), 0.0038476 secs] [Times: user=0.00 sys=0.01, real=0.00 secs] 
2024-07-05T02:32:40.270+0800: 6268.981: [GC (Allocation Failure) [PSYoungGen: 54886K->656K(57856K)] 378391K->347592K(536064K), 0.0083036 secs] [Times: user=0.02 sys=0.00, real=0.01 secs] 
2024-07-05T02:32:40.550+0800: 6269.261: [GC (Allocation Failure) [PSYoungGen: 57488K->608K(57856K)] 435656K->394400K(536064K), 0.0053997 secs] [Times: user=0.01 sys=0.00, real=0.01 secs] 
2024-07-05T02:32:40.742+0800: 6269.452: [GC (Allocation Failure) [PSYoungGen: 57440K->720K(67072K)] 451232K->456992K(545280K), 0.0093321 secs] [Times: user=0.02 sys=0.00, real=0.01 secs] 
2024-07-05T02:32:40.751+0800: 6269.462: [Full GC (Ergonomics) [PSYoungGen: 720K->0K(67072K)] [ParOldGen: 456272K->268657K(478208K)] 456992K->268657K(545280K), [Metaspace: 23481K->23462K(1071104K)], 0.0917486 secs] [Times: user=0.15 sys=0.00, real=0.09 secs] 
2024-07-05T02:32:41.109+0800: 6269.820: [GC (Allocation Failure) [PSYoungGen: 66048K->64K(77312K)] 334705K->268729K(555520K), 0.0030946 secs] [Times: user=0.00 sys=0.00, real=0.00 secs] 
2024-07-05T02:32:41.319+0800: 6270.030: [GC (Allocation Failure) [PSYoungGen: 76864K->128K(89600K)] 345529K->268801K(567808K), 0.0030482 secs] [Times: user=0.01 sys=0.00, real=0.00 secs] 
2024-07-05T02:32:41.522+0800: 6270.233: [GC (Allocation Failure) [PSYoungGen: 89216K->160K(105472K)] 357889K->268833K(583680K), 0.0035579 secs] [Times: user=0.01 sys=0.00, real=0.00 secs] 
2024-07-05T02:32:41.847+0800: 6270.557: [GC (Allocation Failure) [PSYoungGen: 104096K->96K(120832K)] 372769K->268769K(599040K), 0.0020162 secs] [Times: user=0.00 sys=0.00, real=0.00 secs] 
2024-07-05T02:32:42.173+0800: 6270.884: [GC (Allocation Failure) [PSYoungGen: 120416K->128K(140288K)] 389089K->268801K(618496K), 0.0023346 secs] [Times: user=0.01 sys=0.00, real=0.01 secs] 
2024-07-05T02:32:42.494+0800: 6271.205: [GC (Allocation Failure) [PSYoungGen: 138880K->128K(154112K)] 407553K->268801K(632320K), 0.0022712 secs] [Times: user=0.00 sys=0.00, real=0.00 secs] 
2024-07-05T02:32:42.876+0800: 6271.587: [GC (Allocation Failure) [PSYoungGen: 152704K->128K(154112K)] 421377K->268801K(632320K), 0.0022689 secs] [Times: user=0.01 sys=0.00, real=0.00 secs] 
2024-07-05T02:32:43.207+0800: 6271.917: [GC (Allocation Failure) [PSYoungGen: 152704K->192K(174592K)] 421377K->268889K(652800K), 0.0019669 secs] [Times: user=0.01 sys=0.00, real=0.00 secs] 
2024-07-05T02:32:43.453+0800: 6272.163: [GC (Allocation Failure) [PSYoungGen: 174272K->96K(175616K)] 442969K->268801K(653824K), 0.0019707 secs] [Times: user=0.00 sys=0.00, real=0.01 secs] 
2024-07-05T02:32:43.757+0800: 6272.467: [GC (Allocation Failure) [PSYoungGen: 174688K->224K(199168K)] 443393K->268929K(677376K), 0.0020553 secs] [Times: user=0.00 sys=0.00, real=0.00 secs] 
2024-07-05T02:32:43.956+0800: 6272.667: [GC (Allocation Failure) [PSYoungGen: 198368K->112K(199168K)] 467073K->268825K(677376K), 0.0020263 secs] [Times: user=0.00 sys=0.00, real=0.00 secs] 
2024-07-05T02:32:44.218+0800: 6272.929: [GC (Allocation Failure) [PSYoungGen: 198256K->128K(225792K)] 466969K->268901K(704000K), 0.0018658 secs] [Times: user=0.01 sys=0.00, real=0.00 secs] 
2024-07-05T02:32:44.462+0800: 6273.173: [GC (Allocation Failure) [PSYoungGen: 225408K->64K(226304K)] 494181K->268861K(704512K), 0.0029294 secs] [Times: user=0.01 sys=0.00, real=0.00 secs] 
2024-07-05T02:32:44.694+0800: 6273.405: [GC (Allocation Failure) [PSYoungGen: 225344K->96K(237568K)] 494141K->268909K(715776K), 0.0019193 secs] [Times: user=0.00 sys=0.00, real=0.00 secs] 
2024-07-05T02:32:44.947+0800: 6273.658: [GC (Allocation Failure) [PSYoungGen: 236640K->96K(237568K)] 505453K->268909K(715776K), 0.0018502 secs] [Times: user=0.00 sys=0.00, real=0.00 secs] 
2024-07-05T02:32:45.206+0800: 6273.916: [GC (Allocation Failure) [PSYoungGen: 236640K->128K(237568K)] 505453K->269034K(715776K), 0.0019364 secs] [Times: user=0.00 sys=0.00, real=0.00 secs] 
2024-07-05T02:32:45.541+0800: 6274.251: [GC (Allocation Failure) [PSYoungGen: 236672K->128K(237568K)] 505578K->269034K(715776K), 0.0019330 secs] [Times: user=0.01 sys=0.00, real=0.00 secs] 
2024-07-05T02:32:45.796+0800: 6274.507: [GC (Allocation Failure) [PSYoungGen: 236672K->96K(237568K)] 505578K->269026K(715776K), 0.0026773 secs] [Times: user=0.00 sys=0.00, real=0.00 secs] 
2024-07-05T02:32:46.051+0800: 6274.762: [GC (Allocation Failure) [PSYoungGen: 236640K->128K(237568K)] 505570K->269074K(715776K), 0.0018692 secs] [Times: user=0.00 sys=0.00, real=0.00 secs] 
2024-07-05T02:32:46.310+0800: 6275.021: [GC (Allocation Failure) [PSYoungGen: 236672K->160K(237568K)] 505618K->269114K(715776K), 0.0024238 secs] [Times: user=0.00 sys=0.00, real=0.00 secs] 
2024-07-05T02:32:46.526+0800: 6275.237: [GC (Allocation Failure) [PSYoungGen: 236704K->96K(237568K)] 505658K->269118K(715776K), 0.0019208 secs] [Times: user=0.01 sys=0.00, real=0.00 secs] 
2024-07-05T02:32:46.779+0800: 6275.490: [GC (Allocation Failure) [PSYoungGen: 236640K->64K(237056K)] 505662K->269102K(715264K), 0.0019479 secs] [Times: user=0.01 sys=0.00, real=0.00 secs] 
2024-07-05T02:32:47.002+0800: 6275.713: [GC (Allocation Failure) [PSYoungGen: 236608K->64K(237568K)] 505646K->269126K(715776K), 0.0018034 secs] [Times: user=0.00 sys=0.00, real=0.00 secs] 
2024-07-05T02:32:47.227+0800: 6275.938: [GC (Allocation Failure) [PSYoungGen: 237120K->96K(238080K)] 506182K->269174K(716288K), 0.0018491 secs] [Times: user=0.00 sys=0.00, real=0.00 secs] 
2024-07-05T02:32:47.470+0800: 6276.181: [GC (Allocation Failure) [PSYoungGen: 237664K->112K(238080K)] 506742K->269190K(716288K), 0.0028477 secs] [Times: user=0.00 sys=0.00, real=0.00 secs] 
2024-07-05T02:32:47.677+0800: 6276.388: [GC (Allocation Failure) [PSYoungGen: 237680K->64K(238080K)] 506758K->269210K(716288K), 0.0019117 secs] [Times: user=0.00 sys=0.00, real=0.00 secs] 
2024-07-05T02:32:47.930+0800: 6276.641: [GC (Allocation Failure) [PSYoungGen: 237632K->96K(238080K)] 506778K->269258K(716288K), 0.0029766 secs] [Times: user=0.01 sys=0.00, real=0.00 secs] 
2024-07-05T02:32:48.162+0800: 6276.873: [GC (Allocation Failure) [PSYoungGen: 237664K->96K(238080K)] 506826K->269258K(716288K), 0.0028910 secs] [Times: user=0.00 sys=0.00, real=0.00 secs] 
2024-07-05T02:32:48.382+0800: 6277.092: [GC (Allocation Failure) [PSYoungGen: 237664K->64K(238080K)] 506826K->269258K(716288K), 0.0018372 secs] [Times: user=0.01 sys=0.00, real=0.00 secs] 
2024-07-05T02:32:48.635+0800: 6277.346: [GC (Allocation Failure) [PSYoungGen: 237632K->192K(238080K)] 506826K->269386K(716288K), 0.0031701 secs] [Times: user=0.01 sys=0.00, real=0.00 secs] 
2024-07-05T02:32:48.852+0800: 6277.563: [GC (Allocation Failure) [PSYoungGen: 237760K->64K(238080K)] 506954K->269334K(716288K), 0.0024816 secs] [Times: user=0.00 sys=0.00, real=0.01 secs] 
2024-07-05T02:32:49.090+0800: 6277.801: [GC (Allocation Failure) [PSYoungGen: 237632K->96K(238080K)] 506902K->269382K(716288K), 0.0029094 secs] [Times: user=0.00 sys=0.00, real=0.00 secs] 
2024-07-05T02:32:49.322+0800: 6278.033: [GC (Allocation Failure) [PSYoungGen: 237664K->96K(238080K)] 506950K->269382K(716288K), 0.0021186 secs] [Times: user=0.01 sys=0.00, real=0.00 secs] 
2024-07-05T02:32:49.538+0800: 6278.249: [GC (Allocation Failure) [PSYoungGen: 237664K->96K(238080K)] 506950K->269414K(716288K), 0.0018546 secs] [Times: user=0.01 sys=0.00, real=0.00 secs] 
2024-07-05T02:32:49.826+0800: 6278.537: [GC (Allocation Failure) [PSYoungGen: 237664K->112K(238080K)] 506982K->269430K(716288K), 0.0018869 secs] [Times: user=0.00 sys=0.00, real=0.00 secs] 
2024-07-05T02:32:50.047+0800: 6278.758: [GC (Allocation Failure) [PSYoungGen: 237680K->160K(238080K)] 506998K->269546K(716288K), 0.0018676 secs] [Times: user=0.00 sys=0.00, real=0.00 secs] 
2024-07-05T02:32:50.269+0800: 6278.980: [GC (Allocation Failure) [PSYoungGen: 237728K->160K(238080K)] 507114K->269570K(716288K), 0.0018839 secs] [Times: user=0.00 sys=0.00, real=0.00 secs] 
2024-07-05T02:32:50.502+0800: 6279.213: [GC (Allocation Failure) [PSYoungGen: 237728K->64K(238080K)] 507138K->269474K(716288K), 0.0028685 secs] [Times: user=0.00 sys=0.00, real=0.00 secs] 
2024-07-05T02:32:50.730+0800: 6279.441: [GC (Allocation Failure) [PSYoungGen: 237632K->128K(238080K)] 507042K->269554K(716288K), 0.0030108 secs] [Times: user=0.00 sys=0.00, real=0.00 secs] 
2024-07-05T02:32:50.967+0800: 6279.678: [GC (Allocation Failure) [PSYoungGen: 237696K->160K(238080K)] 507122K->269634K(716288K), 0.0022481 secs] [Times: user=0.01 sys=0.00, real=0.00 secs] 
2024-07-05T02:32:51.202+0800: 6279.913: [GC (Allocation Failure) [PSYoungGen: 237728K->128K(238080K)] 507202K->269650K(716288K), 0.0033071 secs] [Times: user=0.00 sys=0.00, real=0.00 secs] 
2024-07-05T02:32:51.438+0800: 6280.149: [GC (Allocation Failure) [PSYoungGen: 237696K->128K(238080K)] 507218K->269682K(716288K), 0.0020202 secs] [Times: user=0.00 sys=0.00, real=0.00 secs] 
2024-07-05T02:32:51.726+0800: 6280.437: [GC (Allocation Failure) [PSYoungGen: 237696K->32K(238080K)] 507250K->269586K(716288K), 0.0018571 secs] [Times: user=0.00 sys=0.00, real=0.00 secs] 
2024-07-05T02:32:51.942+0800: 6280.653: [GC (Allocation Failure) [PSYoungGen: 237600K->64K(238080K)] 507154K->269634K(716288K), 0.0018450 secs] [Times: user=0.01 sys=0.00, real=0.00 secs] 
2024-07-05T02:32:52.234+0800: 6280.945: [GC (Allocation Failure) [PSYoungGen: 237632K->176K(238080K)] 507202K->269786K(716288K), 0.0018682 secs] [Times: user=0.01 sys=0.00, real=0.00 secs] 
2024-07-05T02:32:52.507+0800: 6281.218: [GC (Allocation Failure) [PSYoungGen: 237744K->96K(238080K)] 507354K->269738K(716288K), 0.0030544 secs] [Times: user=0.00 sys=0.01, real=0.00 secs] 
2024-07-05T02:32:52.711+0800: 6281.422: [GC (Allocation Failure) [PSYoungGen: 237664K->96K(238080K)] 507306K->269770K(716288K), 0.0018500 secs] [Times: user=0.00 sys=0.00, real=0.00 secs] 
2024-07-05T02:32:52.989+0800: 6281.699: [GC (Allocation Failure) [PSYoungGen: 237664K->128K(238080K)] 507338K->269802K(716288K), 0.0018566 secs] [Times: user=0.00 sys=0.00, real=0.00 secs] 
2024-07-05T02:32:53.191+0800: 6281.902: [GC (Allocation Failure) [PSYoungGen: 237696K->96K(238080K)] 507370K->269794K(716288K), 0.0018895 secs] [Times: user=0.00 sys=0.00, real=0.00 secs] 
2024-07-05T02:32:53.459+0800: 6282.169: [GC (Allocation Failure) [PSYoungGen: 237664K->96K(238080K)] 507362K->269834K(716288K), 0.0018754 secs] [Times: user=0.00 sys=0.00, real=0.00 secs] 
2024-07-05T02:32:53.734+0800: 6282.444: [GC (Allocation Failure) [PSYoungGen: 237664K->64K(238080K)] 507402K->269834K(716288K), 0.0018675 secs] [Times: user=0.00 sys=0.00, real=0.00 secs] 
2024-07-05T02:32:53.930+0800: 6282.641: [GC (Allocation Failure) [PSYoungGen: 237632K->64K(238080K)] 507402K->269866K(716288K), 0.0019051 secs] [Times: user=0.00 sys=0.00, real=0.00 secs] 
2024-07-05T02:32:54.208+0800: 6282.919: [GC (Allocation Failure) [PSYoungGen: 237632K->64K(238080K)] 507434K->269866K(716288K), 0.0026168 secs] [Times: user=0.00 sys=0.00, real=0.00 secs] 
2024-07-05T02:32:54.413+0800: 6283.124: [GC (Allocation Failure) [PSYoungGen: 237632K->96K(238080K)] 507434K->269898K(716288K), 0.0022391 secs] [Times: user=0.01 sys=0.00, real=0.01 secs] 
2024-07-05T02:32:54.687+0800: 6283.398: [GC (Allocation Failure) [PSYoungGen: 237664K->64K(238080K)] 507466K->269950K(716288K), 0.0028958 secs] [Times: user=0.00 sys=0.00, real=0.00 secs] 
2024-07-05T02:32:54.990+0800: 6283.700: [GC (Allocation Failure) [PSYoungGen: 237632K->128K(238080K)] 507518K->270014K(716288K), 0.0028296 secs] [Times: user=0.00 sys=0.00, real=0.00 secs] 
2024-07-05T02:32:55.210+0800: 6283.920: [GC (Allocation Failure) [PSYoungGen: 237696K->32K(238080K)] 507582K->269966K(716288K), 0.0028730 secs] [Times: user=0.00 sys=0.00, real=0.00 secs] 
2024-07-05T02:32:55.496+0800: 6284.207: [GC (Allocation Failure) [PSYoungGen: 237600K->192K(238080K)] 507534K->270126K(716288K), 0.0023717 secs] [Times: user=0.01 sys=0.00, real=0.00 secs] 
2024-07-05T02:32:55.750+0800: 6284.461: [GC (Allocation Failure) [PSYoungGen: 237760K->128K(238080K)] 507694K->270062K(716288K), 0.0027093 secs] [Times: user=0.00 sys=0.00, real=0.00 secs] 
2024-07-05T02:32:55.981+0800: 6284.692: [GC (Allocation Failure) [PSYoungGen: 237696K->192K(238080K)] 507630K->270210K(716288K), 0.0019619 secs] [Times: user=0.01 sys=0.00, real=0.00 secs] 
2024-07-05T02:32:56.309+0800: 6285.020: [GC (Allocation Failure) [PSYoungGen: 237760K->128K(238080K)] 507778K->270146K(716288K), 0.0019212 secs] [Times: user=0.01 sys=0.00, real=0.00 secs] 
2024-07-05T02:32:56.550+0800: 6285.261: [GC (Allocation Failure) [PSYoungGen: 237696K->32K(238080K)] 507714K->270074K(716288K), 0.0018853 secs] [Times: user=0.00 sys=0.00, real=0.00 secs] 
2024-07-05T02:32:56.826+0800: 6285.537: [GC (Allocation Failure) [PSYoungGen: 237600K->128K(238080K)] 507642K->270186K(716288K), 0.0019223 secs] [Times: user=0.00 sys=0.00, real=0.00 secs] 
2024-07-05T02:32:57.085+0800: 6285.795: [GC (Allocation Failure) [PSYoungGen: 237696K->128K(238080K)] 507754K->270186K(716288K), 0.0018554 secs] [Times: user=0.01 sys=0.00, real=0.01 secs] 
2024-07-05T02:32:57.290+0800: 6286.000: [GC (Allocation Failure) [PSYoungGen: 237696K->96K(238080K)] 507754K->270246K(716288K), 0.0018707 secs] [Times: user=0.00 sys=0.00, real=0.00 secs] 
2024-07-05T02:32:57.568+0800: 6286.279: [GC (Allocation Failure) [PSYoungGen: 237664K->96K(238080K)] 507814K->270246K(716288K), 0.0025701 secs] [Times: user=0.00 sys=0.00, real=0.00 secs] 
2024-07-05T02:32:57.768+0800: 6286.478: [GC (Allocation Failure) [PSYoungGen: 237664K->64K(238080K)] 507814K->270238K(716288K), 0.0018980 secs] [Times: user=0.00 sys=0.00, real=0.00 secs] 
2024-07-05T02:32:58.042+0800: 6286.753: [GC (Allocation Failure) [PSYoungGen: 237632K->96K(238080K)] 507806K->270286K(716288K), 0.0018804 secs] [Times: user=0.00 sys=0.00, real=0.00 secs] 
2024-07-05T02:32:58.325+0800: 6287.035: [GC (Allocation Failure) [PSYoungGen: 237664K->128K(238080K)] 507854K->270318K(716288K), 0.0019392 secs] [Times: user=0.01 sys=0.00, real=0.01 secs] 
2024-07-05T02:32:58.521+0800: 6287.232: [GC (Allocation Failure) [PSYoungGen: 237696K->128K(238080K)] 507886K->270410K(716288K), 0.0020094 secs] [Times: user=0.01 sys=0.00, real=0.00 secs] 
2024-07-05T02:32:58.808+0800: 6287.519: [GC (Allocation Failure) [PSYoungGen: 237696K->128K(238080K)] 507978K->270410K(716288K), 0.0018935 secs] [Times: user=0.01 sys=0.00, real=0.00 secs] 
2024-07-05T02:32:59.025+0800: 6287.736: [GC (Allocation Failure) [PSYoungGen: 237696K->32K(238080K)] 507978K->270314K(716288K), 0.0019306 secs] [Times: user=0.00 sys=0.00, real=0.01 secs] 
2024-07-05T02:32:59.275+0800: 6287.985: [GC (Allocation Failure) [PSYoungGen: 237600K->96K(238080K)] 507882K->270402K(716288K), 0.0018673 secs] [Times: user=0.00 sys=0.00, real=0.00 secs] 
2024-07-05T02:32:59.547+0800: 6288.257: [GC (Allocation Failure) [PSYoungGen: 237664K->192K(238080K)] 507970K->270498K(716288K), 0.0019062 secs] [Times: user=0.00 sys=0.00, real=0.00 secs] 
2024-07-05T02:32:59.739+0800: 6288.450: [GC (Allocation Failure) [PSYoungGen: 237760K->96K(238080K)] 508066K->270502K(716288K), 0.0018622 secs] [Times: user=0.00 sys=0.00, real=0.00 secs] 
2024-07-05T02:33:00.014+0800: 6288.725: [GC (Allocation Failure) [PSYoungGen: 237664K->160K(238080K)] 508070K->270566K(716288K), 0.0024160 secs] [Times: user=0.00 sys=0.00, real=0.00 secs] 
2024-07-05T02:33:00.290+0800: 6289.001: [GC (Allocation Failure) [PSYoungGen: 237728K->64K(238080K)] 508134K->270470K(716288K), 0.0018688 secs] [Times: user=0.00 sys=0.00, real=0.00 secs] 
2024-07-05T02:33:00.518+0800: 6289.229: [GC (Allocation Failure) [PSYoungGen: 237632K->64K(238080K)] 508038K->270502K(716288K), 0.0019089 secs] [Times: user=0.00 sys=0.00, real=0.00 secs] 
2024-07-05T02:33:00.802+0800: 6289.512: [GC (Allocation Failure) [PSYoungGen: 237632K->112K(238080K)] 508070K->270550K(716288K), 0.0018892 secs] [Times: user=0.00 sys=0.00, real=0.00 secs] 
2024-07-05T02:33:01.009+0800: 6289.720: [GC (Allocation Failure) [PSYoungGen: 237680K->96K(238080K)] 508118K->270630K(716288K), 0.0024002 secs] [Times: user=0.00 sys=0.00, real=0.00 secs] 
2024-07-05T02:33:01.317+0800: 6290.028: [GC (Allocation Failure) [PSYoungGen: 237664K->64K(238080K)] 508198K->270598K(716288K), 0.0019223 secs] [Times: user=0.00 sys=0.00, real=0.00 secs] 
2024-07-05T02:33:01.622+0800: 6290.333: [GC (Allocation Failure) [PSYoungGen: 237632K->160K(238080K)] 508166K->270694K(716288K), 0.0019402 secs] [Times: user=0.00 sys=0.00, real=0.00 secs] 
2024-07-05T02:33:01.832+0800: 6290.542: [GC (Allocation Failure) [PSYoungGen: 237728K->128K(238080K)] 508262K->270710K(716288K), 0.0020683 secs] [Times: user=0.00 sys=0.00, real=0.01 secs] 
2024-07-05T02:33:02.137+0800: 6290.848: [GC (Allocation Failure) [PSYoungGen: 237696K->128K(238080K)] 508278K->270710K(716288K), 0.0019203 secs] [Times: user=0.01 sys=0.00, real=0.00 secs] 
2024-07-05T02:33:02.350+0800: 6291.061: [GC (Allocation Failure) [PSYoungGen: 237696K->96K(238080K)] 508278K->270755K(716288K), 0.0018926 secs] [Times: user=0.00 sys=0.00, real=0.00 secs] 
2024-07-05T02:33:02.630+0800: 6291.341: [GC (Allocation Failure) [PSYoungGen: 237664K->160K(238080K)] 508323K->270843K(716288K), 0.0025297 secs] [Times: user=0.01 sys=0.00, real=0.00 secs] 
2024-07-05T02:33:02.910+0800: 6291.621: [GC (Allocation Failure) [PSYoungGen: 237728K->96K(238080K)] 508411K->270779K(716288K), 0.0019945 secs] [Times: user=0.00 sys=0.00, real=0.00 secs] 
2024-07-05T02:33:03.108+0800: 6291.819: [GC (Allocation Failure) [PSYoungGen: 237664K->64K(238080K)] 508347K->270795K(716288K), 0.0018983 secs] [Times: user=0.00 sys=0.00, real=0.00 secs] 
2024-07-05T02:33:03.377+0800: 6292.087: [GC (Allocation Failure) [PSYoungGen: 237632K->160K(238080K)] 508363K->270891K(716288K), 0.0023586 secs] [Times: user=0.00 sys=0.00, real=0.00 secs] 
2024-07-05T02:33:03.618+0800: 6292.328: [GC (Allocation Failure) [PSYoungGen: 237728K->64K(238080K)] 508459K->270855K(716288K), 0.0029348 secs] [Times: user=0.00 sys=0.00, real=0.00 secs] 
2024-07-05T02:33:03.862+0800: 6292.572: [GC (Allocation Failure) [PSYoungGen: 237632K->128K(238080K)] 508423K->270959K(716288K), 0.0025231 secs] [Times: user=0.00 sys=0.00, real=0.00 secs] 
2024-07-05T02:33:04.122+0800: 6292.833: [GC (Allocation Failure) [PSYoungGen: 237696K->96K(238080K)] 508527K->270927K(716288K), 0.0019213 secs] [Times: user=0.01 sys=0.00, real=0.00 secs] 
2024-07-05T02:33:04.350+0800: 6293.061: [GC (Allocation Failure) [PSYoungGen: 237664K->112K(238080K)] 508495K->270959K(716288K), 0.0019182 secs] [Times: user=0.01 sys=0.00, real=0.00 secs] 
2024-07-05T02:33:04.590+0800: 6293.301: [GC (Allocation Failure) [PSYoungGen: 237680K->160K(238080K)] 508527K->271055K(716288K), 0.0021712 secs] [Times: user=0.01 sys=0.00, real=0.00 secs] 
2024-07-05T02:33:04.826+0800: 6293.536: [GC (Allocation Failure) [PSYoungGen: 237728K->96K(238080K)] 508623K->271023K(716288K), 0.0019496 secs] [Times: user=0.00 sys=0.01, real=0.01 secs] 
2024-07-05T02:33:05.043+0800: 6293.753: [GC (Allocation Failure) [PSYoungGen: 237664K->96K(238080K)] 508591K->271055K(716288K), 0.0018508 secs] [Times: user=0.01 sys=0.00, real=0.00 secs] 
2024-07-05T02:33:05.310+0800: 6294.021: [GC (Allocation Failure) [PSYoungGen: 237664K->96K(238080K)] 508623K->271055K(716288K), 0.0030216 secs] [Times: user=0.00 sys=0.00, real=0.00 secs] 
2024-07-05T02:33:05.530+0800: 6294.241: [GC (Allocation Failure) [PSYoungGen: 237664K->80K(238080K)] 508623K->271063K(716288K), 0.0018938 secs] [Times: user=0.00 sys=0.00, real=0.00 secs] 
2024-07-05T02:33:05.760+0800: 6294.471: [GC (Allocation Failure) [PSYoungGen: 237648K->192K(238080K)] 508631K->271215K(716288K), 0.0018772 secs] [Times: user=0.00 sys=0.00, real=0.00 secs] 
2024-07-05T02:33:06.008+0800: 6294.719: [GC (Allocation Failure) [PSYoungGen: 237760K->96K(238080K)] 508783K->271151K(716288K), 0.0019560 secs] [Times: user=0.01 sys=0.00, real=0.00 secs] 
2024-07-05T02:33:06.230+0800: 6294.941: [GC (Allocation Failure) [PSYoungGen: 237664K->64K(238080K)] 508719K->271151K(716288K), 0.0025893 secs] [Times: user=0.00 sys=0.00, real=0.00 secs] 
2024-07-05T02:33:06.499+0800: 6295.209: [GC (Allocation Failure) [PSYoungGen: 237632K->64K(238080K)] 508719K->271151K(716288K), 0.0029971 secs] [Times: user=0.00 sys=0.00, real=0.00 secs] 
2024-07-05T02:33:06.742+0800: 6295.453: [GC (Allocation Failure) [PSYoungGen: 237632K->80K(238080K)] 508719K->271191K(716288K), 0.0027018 secs] [Times: user=0.01 sys=0.00, real=0.00 secs] 
2024-07-05T02:33:06.990+0800: 6295.701: [GC (Allocation Failure) [PSYoungGen: 237648K->144K(238080K)] 508759K->271295K(716288K), 0.0019174 secs] [Times: user=0.00 sys=0.00, real=0.00 secs] 
2024-07-05T02:33:07.243+0800: 6295.954: [GC (Allocation Failure) [PSYoungGen: 237712K->128K(238080K)] 508863K->271319K(716288K), 0.0029735 secs] [Times: user=0.00 sys=0.00, real=0.01 secs] 
2024-07-05T02:33:07.456+0800: 6296.167: [GC (Allocation Failure) [PSYoungGen: 237696K->96K(238080K)] 508887K->271311K(716288K), 0.0030352 secs] [Times: user=0.01 sys=0.00, real=0.00 secs] 
2024-07-05T02:33:07.726+0800: 6296.436: [GC (Allocation Failure) [PSYoungGen: 237664K->64K(238080K)] 508879K->271295K(716288K), 0.0022622 secs] [Times: user=0.01 sys=0.00, real=0.00 secs] 
2024-07-05T02:33:07.960+0800: 6296.670: [GC (Allocation Failure) [PSYoungGen: 237632K->112K(238080K)] 508863K->271343K(716288K), 0.0020999 secs] [Times: user=0.00 sys=0.00, real=0.00 secs] 
2024-07-05T02:33:08.202+0800: 6296.913: [GC (Allocation Failure) [PSYoungGen: 237680K->96K(238080K)] 508911K->271419K(716288K), 0.0029572 secs] [Times: user=0.00 sys=0.00, real=0.00 secs] 
2024-07-05T02:33:08.470+0800: 6297.181: [GC (Allocation Failure) [PSYoungGen: 237664K->96K(238080K)] 508987K->271419K(716288K), 0.0025289 secs] [Times: user=0.01 sys=0.00, real=0.00 secs] 
2024-07-05T02:33:08.710+0800: 6297.421: [GC (Allocation Failure) [PSYoungGen: 237664K->32K(238080K)] 508987K->271371K(716288K), 0.0019839 secs] [Times: user=0.00 sys=0.00, real=0.00 secs] 
2024-07-05T02:33:08.965+0800: 6297.676: [GC (Allocation Failure) [PSYoungGen: 237600K->64K(238080K)] 508939K->271419K(716288K), 0.0018683 secs] [Times: user=0.00 sys=0.00, real=0.01 secs] 
2024-07-05T02:33:09.236+0800: 6297.947: [GC (Allocation Failure) [PSYoungGen: 237632K->160K(238080K)] 508987K->271539K(716288K), 0.0024619 secs] [Times: user=0.00 sys=0.00, real=0.00 secs] 
2024-07-05T02:33:09.530+0800: 6298.241: [GC (Allocation Failure) [PSYoungGen: 237728K->160K(238080K)] 509107K->271571K(716288K), 0.0030376 secs] [Times: user=0.00 sys=0.00, real=0.00 secs] 
2024-07-05T02:33:09.749+0800: 6298.459: [GC (Allocation Failure) [PSYoungGen: 237728K->96K(238080K)] 509139K->271571K(716288K), 0.0019530 secs] [Times: user=0.00 sys=0.00, real=0.00 secs] 
2024-07-05T02:33:10.045+0800: 6298.756: [GC (Allocation Failure) [PSYoungGen: 237664K->128K(238080K)] 509139K->271603K(716288K), 0.0020095 secs] [Times: user=0.01 sys=0.00, real=0.01 secs] 
2024-07-05T02:33:10.334+0800: 6299.045: [GC (Allocation Failure) [PSYoungGen: 237696K->48K(238080K)] 509171K->271523K(716288K), 0.0019570 secs] [Times: user=0.00 sys=0.00, real=0.00 secs] 
2024-07-05T02:33:10.579+0800: 6299.289: [GC (Allocation Failure) [PSYoungGen: 237616K->160K(238080K)] 509091K->271691K(716288K), 0.0020497 secs] [Times: user=0.01 sys=0.00, real=0.00 secs] 
2024-07-05T02:33:10.887+0800: 6299.598: [GC (Allocation Failure) [PSYoungGen: 237728K->160K(238080K)] 509259K->271691K(716288K), 0.0032804 secs] [Times: user=0.01 sys=0.00, real=0.00 secs] 
2024-07-05T02:33:11.114+0800: 6299.825: [GC (Allocation Failure) [PSYoungGen: 237728K->96K(238080K)] 509259K->271699K(716288K), 0.0021464 secs] [Times: user=0.00 sys=0.00, real=0.00 secs] 
2024-07-05T02:33:11.445+0800: 6300.156: [GC (Allocation Failure) [PSYoungGen: 237664K->64K(238080K)] 509267K->271667K(716288K), 0.0020893 secs] [Times: user=0.01 sys=0.00, real=0.01 secs] 
2024-07-05T02:33:11.717+0800: 6300.428: [GC (Allocation Failure) [PSYoungGen: 237632K->80K(238080K)] 509235K->271683K(716288K), 0.0021840 secs] [Times: user=0.00 sys=0.00, real=0.00 secs] 
2024-07-05T02:33:11.980+0800: 6300.690: [GC (Allocation Failure) [PSYoungGen: 237648K->96K(238080K)] 509251K->271739K(716288K), 0.0020852 secs] [Times: user=0.00 sys=0.00, real=0.00 secs] 
2024-07-05T02:33:12.264+0800: 6300.975: [GC (Allocation Failure) [PSYoungGen: 237664K->96K(238080K)] 509307K->271779K(716288K), 0.0026557 secs] [Times: user=0.01 sys=0.00, real=0.01 secs] 
2024-07-05T02:33:12.521+0800: 6301.232: [GC (Allocation Failure) [PSYoungGen: 237664K->96K(238080K)] 509347K->271803K(716288K), 0.0020137 secs] [Times: user=0.00 sys=0.00, real=0.00 secs] 
2024-07-05T02:33:12.771+0800: 6301.482: [GC (Allocation Failure) [PSYoungGen: 237664K->96K(238080K)] 509371K->271803K(716288K), 0.0019768 secs] [Times: user=0.01 sys=0.00, real=0.00 secs] 
2024-07-05T02:33:13.017+0800: 6301.728: [GC (Allocation Failure) [PSYoungGen: 237664K->128K(238080K)] 509371K->271867K(716288K), 0.0020069 secs] [Times: user=0.00 sys=0.00, real=0.00 secs] 
2024-07-05T02:33:13.298+0800: 6302.009: [GC (Allocation Failure) [PSYoungGen: 237696K->224K(238080K)] 509435K->271963K(716288K), 0.0031332 secs] [Times: user=0.00 sys=0.00, real=0.00 secs] 
2024-07-05T02:33:13.499+0800: 6302.210: [GC (Allocation Failure) [PSYoungGen: 237792K->96K(238080K)] 509531K->271911K(716288K), 0.0018714 secs] [Times: user=0.00 sys=0.00, real=0.00 secs] 
2024-07-05T02:33:13.794+0800: 6302.505: [GC (Allocation Failure) [PSYoungGen: 237664K->128K(238080K)] 509479K->271967K(716288K), 0.0030458 secs] [Times: user=0.01 sys=0.00, real=0.00 secs] 
2024-07-05T02:33:14.086+0800: 6302.797: [GC (Allocation Failure) [PSYoungGen: 237696K->128K(238080K)] 509535K->271967K(716288K), 0.0021910 secs] [Times: user=0.00 sys=0.00, real=0.00 secs] 
2024-07-05T02:33:14.338+0800: 6303.049: [GC (Allocation Failure) [PSYoungGen: 237696K->128K(238080K)] 509535K->272007K(716288K), 0.0022475 secs] [Times: user=0.00 sys=0.00, real=0.00 secs] 
2024-07-05T02:33:14.657+0800: 6303.367: [GC (Allocation Failure) [PSYoungGen: 237696K->128K(238080K)] 509575K->272007K(716288K), 0.0019773 secs] [Times: user=0.00 sys=0.00, real=0.00 secs] 
2024-07-05T02:33:14.881+0800: 6303.592: [GC (Allocation Failure) [PSYoungGen: 237696K->128K(238080K)] 509575K->272095K(716288K), 0.0020199 secs] [Times: user=0.01 sys=0.00, real=0.00 secs] 
2024-07-05T02:33:15.182+0800: 6303.893: [GC (Allocation Failure) [PSYoungGen: 237696K->64K(238080K)] 509663K->272047K(716288K), 0.0028314 secs] [Times: user=0.01 sys=0.00, real=0.00 secs] 
2024-07-05T02:33:15.468+0800: 6304.179: [GC (Allocation Failure) [PSYoungGen: 237632K->96K(238080K)] 509615K->272079K(716288K), 0.0025896 secs] [Times: user=0.00 sys=0.00, real=0.00 secs] 
2024-07-05T02:33:15.674+0800: 6304.384: [GC (Allocation Failure) [PSYoungGen: 237664K->96K(238080K)] 509647K->272119K(716288K), 0.0018685 secs] [Times: user=0.00 sys=0.00, real=0.00 secs] 
2024-07-05T02:33:15.940+0800: 6304.651: [GC (Allocation Failure) [PSYoungGen: 237664K->160K(238080K)] 509687K->272183K(716288K), 0.0019390 secs] [Times: user=0.00 sys=0.00, real=0.00 secs] 
2024-07-05T02:33:16.174+0800: 6304.885: [GC (Allocation Failure) [PSYoungGen: 237728K->64K(238080K)] 509751K->272155K(716288K), 0.0021775 secs] [Times: user=0.00 sys=0.00, real=0.00 secs] 
2024-07-05T02:33:16.433+0800: 6305.144: [GC (Allocation Failure) [PSYoungGen: 237632K->160K(238080K)] 509723K->272275K(716288K), 0.0019408 secs] [Times: user=0.01 sys=0.00, real=0.01 secs] 
2024-07-05T02:33:16.717+0800: 6305.428: [GC (Allocation Failure) [PSYoungGen: 237728K->96K(238080K)] 509843K->272211K(716288K), 0.0019080 secs] [Times: user=0.00 sys=0.00, real=0.00 secs] 
2024-07-05T02:33:16.915+0800: 6305.626: [GC (Allocation Failure) [PSYoungGen: 237664K->128K(238080K)] 509779K->272283K(716288K), 0.0019213 secs] [Times: user=0.00 sys=0.00, real=0.00 secs] 
2024-07-05T02:33:17.193+0800: 6305.903: [GC (Allocation Failure) [PSYoungGen: 237696K->160K(238080K)] 509851K->272315K(716288K), 0.0018944 secs] [Times: user=0.01 sys=0.00, real=0.01 secs] 
2024-07-05T02:33:17.468+0800: 6306.179: [GC (Allocation Failure) [PSYoungGen: 237728K->64K(238080K)] 509883K->272279K(716288K), 0.0020784 secs] [Times: user=0.00 sys=0.00, real=0.00 secs] 
2024-07-05T02:33:17.672+0800: 6306.383: [GC (Allocation Failure) [PSYoungGen: 237632K->96K(238080K)] 509847K->272351K(716288K), 0.0024171 secs] [Times: user=0.01 sys=0.00, real=0.01 secs] 
2024-07-05T02:33:17.958+0800: 6306.669: [GC (Allocation Failure) [PSYoungGen: 237664K->128K(238080K)] 509919K->272383K(716288K), 0.0018748 secs] [Times: user=0.00 sys=0.00, real=0.00 secs] 
2024-07-05T02:33:18.158+0800: 6306.869: [GC (Allocation Failure) [PSYoungGen: 237696K->32K(238080K)] 509951K->272327K(716288K), 0.0019699 secs] [Times: user=0.00 sys=0.00, real=0.00 secs] 
2024-07-05T02:33:18.446+0800: 6307.157: [GC (Allocation Failure) [PSYoungGen: 237600K->192K(238080K)] 509895K->272487K(716288K), 0.0030630 secs] [Times: user=0.00 sys=0.00, real=0.00 secs] 
2024-07-05T02:33:18.742+0800: 6307.453: [GC (Allocation Failure) [PSYoungGen: 237760K->64K(238080K)] 510055K->272419K(716288K), 0.0029518 secs] [Times: user=0.00 sys=0.00, real=0.00 secs] 
2024-07-05T02:33:18.956+0800: 6307.667: [GC (Allocation Failure) [PSYoungGen: 237632K->96K(238080K)] 509987K->272491K(716288K), 0.0021623 secs] [Times: user=0.00 sys=0.00, real=0.00 secs] 
2024-07-05T02:33:19.215+0800: 6307.926: [GC (Allocation Failure) [PSYoungGen: 237664K->160K(238080K)] 510059K->272555K(716288K), 0.0030534 secs] [Times: user=0.00 sys=0.00, real=0.00 secs] 
2024-07-05T02:33:19.438+0800: 6308.148: [GC (Allocation Failure) [PSYoungGen: 237728K->64K(238080K)] 510123K->272483K(716288K), 0.0018648 secs] [Times: user=0.00 sys=0.00, real=0.00 secs] 
2024-07-05T02:33:19.673+0800: 6308.383: [GC (Allocation Failure) [PSYoungGen: 237632K->96K(238080K)] 510051K->272555K(716288K), 0.0019843 secs] [Times: user=0.00 sys=0.00, real=0.01 secs] 
2024-07-05T02:33:19.922+0800: 6308.633: [GC (Allocation Failure) [PSYoungGen: 237664K->64K(238080K)] 510123K->272564K(716288K), 0.0031369 secs] [Times: user=0.00 sys=0.00, real=0.00 secs] 
2024-07-05T02:33:20.186+0800: 6308.897: [GC (Allocation Failure) [PSYoungGen: 237632K->96K(238080K)] 510132K->272612K(716288K), 0.0029793 secs] [Times: user=0.00 sys=0.00, real=0.00 secs] 
2024-07-05T02:33:20.422+0800: 6309.133: [GC (Allocation Failure) [PSYoungGen: 237664K->128K(238080K)] 510180K->272668K(716288K), 0.0028096 secs] [Times: user=0.01 sys=0.00, real=0.00 secs] 
2024-07-05T02:33:20.652+0800: 6309.363: [GC (Allocation Failure) [PSYoungGen: 237696K->96K(238080K)] 510236K->272652K(716288K), 0.0019211 secs] [Times: user=0.00 sys=0.00, real=0.01 secs] 
2024-07-05T02:33:20.886+0800: 6309.597: [GC (Allocation Failure) [PSYoungGen: 237664K->80K(238080K)] 510220K->272668K(716288K), 0.0019368 secs] [Times: user=0.00 sys=0.00, real=0.00 secs] 
2024-07-05T02:33:21.117+0800: 6309.828: [GC (Allocation Failure) [PSYoungGen: 237648K->96K(238080K)] 510236K->272748K(716288K), 0.0019192 secs] [Times: user=0.00 sys=0.00, real=0.00 secs] 
2024-07-05T02:33:21.389+0800: 6310.100: [GC (Allocation Failure) [PSYoungGen: 237664K->160K(238080K)] 510316K->272812K(716288K), 0.0019885 secs] [Times: user=0.00 sys=0.00, real=0.00 secs] 
2024-07-05T02:33:21.606+0800: 6310.317: [GC (Allocation Failure) [PSYoungGen: 237728K->64K(238080K)] 510380K->272740K(716288K), 0.0019337 secs] [Times: user=0.00 sys=0.00, real=0.00 secs] 
2024-07-05T02:33:21.888+0800: 6310.599: [GC (Allocation Failure) [PSYoungGen: 237632K->96K(238080K)] 510308K->272788K(716288K), 0.0020373 secs] [Times: user=0.00 sys=0.00, real=0.00 secs] 
2024-07-05T02:33:22.230+0800: 6310.941: [GC (Allocation Failure) [PSYoungGen: 237664K->160K(238080K)] 510356K->272892K(716288K), 0.0022231 secs] [Times: user=0.00 sys=0.00, real=0.00 secs] 
2024-07-05T02:33:22.502+0800: 6311.213: [GC (Allocation Failure) [PSYoungGen: 237728K->96K(238080K)] 510460K->272888K(716288K), 0.0020558 secs] [Times: user=0.01 sys=0.00, real=0.00 secs] 
2024-07-05T02:33:22.788+0800: 6311.499: [GC (Allocation Failure) [PSYoungGen: 237664K->64K(238080K)] 510456K->272872K(716288K), 0.0019782 secs] [Times: user=0.00 sys=0.00, real=0.00 secs] 
2024-07-05T02:33:23.014+0800: 6311.725: [GC (Allocation Failure) [PSYoungGen: 237632K->64K(238080K)] 510440K->272888K(716288K), 0.0019246 secs] [Times: user=0.00 sys=0.00, real=0.00 secs] 
2024-07-05T02:33:23.242+0800: 6311.953: [GC (Allocation Failure) [PSYoungGen: 237632K->160K(238080K)] 510456K->272984K(716288K), 0.0019070 secs] [Times: user=0.00 sys=0.00, real=0.00 secs] 
2024-07-05T02:33:23.478+0800: 6312.189: [GC (Allocation Failure) [PSYoungGen: 237728K->32K(238080K)] 510552K->272924K(716288K), 0.0018512 secs] [Times: user=0.01 sys=0.00, real=0.00 secs] 
2024-07-05T02:33:23.726+0800: 6312.437: [GC (Allocation Failure) [PSYoungGen: 237600K->96K(238080K)] 510492K->273004K(716288K), 0.0018860 secs] [Times: user=0.00 sys=0.00, real=0.00 secs] 
2024-07-05T02:33:23.950+0800: 6312.661: [GC (Allocation Failure) [PSYoungGen: 237664K->128K(238080K)] 510572K->273052K(716288K), 0.0018530 secs] [Times: user=0.00 sys=0.00, real=0.00 secs] 
2024-07-05T02:33:24.179+0800: 6312.890: [GC (Allocation Failure) [PSYoungGen: 237696K->128K(238080K)] 510620K->273084K(716288K), 0.0020445 secs] [Times: user=0.01 sys=0.00, real=0.00 secs] 
2024-07-05T02:33:24.438+0800: 6313.149: [GC (Allocation Failure) [PSYoungGen: 237696K->160K(238080K)] 510652K->273116K(716288K), 0.0019223 secs] [Times: user=0.00 sys=0.00, real=0.00 secs] 
2024-07-05T02:33:24.662+0800: 6313.373: [GC (Allocation Failure) [PSYoungGen: 237728K->32K(238080K)] 510684K->273056K(716288K), 0.0019251 secs] [Times: user=0.00 sys=0.00, real=0.00 secs] 
2024-07-05T02:33:24.922+0800: 6313.633: [GC (Allocation Failure) [PSYoungGen: 237600K->64K(238080K)] 510624K->273104K(716288K), 0.0019034 secs] [Times: user=0.01 sys=0.00, real=0.00 secs] 
2024-07-05T02:33:25.148+0800: 6313.859: [GC (Allocation Failure) [PSYoungGen: 237632K->64K(238080K)] 510672K->273128K(716288K), 0.0018843 secs] [Times: user=0.01 sys=0.00, real=0.00 secs] 
2024-07-05T02:33:25.386+0800: 6314.097: [GC (Allocation Failure) [PSYoungGen: 237632K->128K(238080K)] 510696K->273216K(716288K), 0.0019554 secs] [Times: user=0.01 sys=0.00, real=0.00 secs] 
2024-07-05T02:33:25.662+0800: 6314.373: [GC (Allocation Failure) [PSYoungGen: 237696K->192K(238080K)] 510784K->273280K(716288K), 0.0030194 secs] [Times: user=0.00 sys=0.00, real=0.00 secs] 
2024-07-05T02:33:25.866+0800: 6314.577: [GC (Allocation Failure) [PSYoungGen: 237760K->64K(238080K)] 510848K->273240K(716288K), 0.0019829 secs] [Times: user=0.00 sys=0.00, real=0.00 secs] 
2024-07-05T02:33:26.137+0800: 6314.847: [GC (Allocation Failure) [PSYoungGen: 237632K->96K(238080K)] 510808K->273288K(716288K), 0.0022502 secs] [Times: user=0.01 sys=0.00, real=0.00 secs] 
2024-07-05T02:33:26.421+0800: 6315.132: [GC (Allocation Failure) [PSYoungGen: 237664K->64K(238080K)] 510856K->273256K(716288K), 0.0019905 secs] [Times: user=0.00 sys=0.00, real=0.00 secs] 
2024-07-05T02:33:26.634+0800: 6315.345: [GC (Allocation Failure) [PSYoungGen: 237632K->96K(238080K)] 510824K->273320K(716288K), 0.0018957 secs] [Times: user=0.01 sys=0.00, real=0.00 secs] 
2024-07-05T02:33:26.940+0800: 6315.651: [GC (Allocation Failure) [PSYoungGen: 237664K->208K(238080K)] 510888K->273432K(716288K), 0.0019891 secs] [Times: user=0.00 sys=0.00, real=0.00 secs] 
2024-07-05T02:33:27.144+0800: 6315.855: [GC (Allocation Failure) [PSYoungGen: 237776K->32K(238080K)] 511000K->273332K(716288K), 0.0019098 secs] [Times: user=0.00 sys=0.00, real=0.01 secs] 
2024-07-05T02:33:27.437+0800: 6316.147: [GC (Allocation Failure) [PSYoungGen: 237600K->96K(238080K)] 510900K->273412K(716288K), 0.0019299 secs] [Times: user=0.00 sys=0.00, real=0.00 secs] 
2024-07-05T02:33:27.726+0800: 6316.437: [GC (Allocation Failure) [PSYoungGen: 237664K->128K(238080K)] 510980K->273444K(716288K), 0.0020961 secs] [Times: user=0.01 sys=0.00, real=0.00 secs] 
2024-07-05T02:33:27.922+0800: 6316.632: [GC (Allocation Failure) [PSYoungGen: 237696K->64K(238080K)] 511012K->273428K(716288K), 0.0019110 secs] [Times: user=0.01 sys=0.00, real=0.00 secs] 
2024-07-05T02:33:28.210+0800: 6316.921: [GC (Allocation Failure) [PSYoungGen: 237632K->128K(238080K)] 510996K->273492K(716288K), 0.0030164 secs] [Times: user=0.01 sys=0.00, real=0.00 secs] 
2024-07-05T02:33:28.439+0800: 6317.150: [GC (Allocation Failure) [PSYoungGen: 237696K->32K(238080K)] 511060K->273464K(716288K), 0.0020958 secs] [Times: user=0.01 sys=0.00, real=0.00 secs] 
2024-07-05T02:33:28.712+0800: 6317.422: [GC (Allocation Failure) [PSYoungGen: 237600K->128K(238080K)] 511032K->273592K(716288K), 0.0027853 secs] [Times: user=0.00 sys=0.00, real=0.01 secs] 
2024-07-05T02:33:29.002+0800: 6317.712: [GC (Allocation Failure) [PSYoungGen: 237696K->160K(238080K)] 511160K->273624K(716288K), 0.0035122 secs] [Times: user=0.01 sys=0.00, real=0.00 secs] 
2024-07-05T02:33:29.203+0800: 6317.913: [GC (Allocation Failure) [PSYoungGen: 237728K->96K(238080K)] 511192K->273600K(716288K), 0.0030990 secs] [Times: user=0.01 sys=0.00, real=0.01 secs] 
2024-07-05T02:33:29.500+0800: 6318.210: [GC (Allocation Failure) [PSYoungGen: 237664K->224K(238080K)] 511168K->273728K(716288K), 0.0018764 secs] [Times: user=0.00 sys=0.00, real=0.00 secs] 
2024-07-05T02:33:29.774+0800: 6318.485: [GC (Allocation Failure) [PSYoungGen: 237792K->64K(238080K)] 511296K->273632K(716288K), 0.0032595 secs] [Times: user=0.00 sys=0.00, real=0.00 secs] 
2024-07-05T02:33:29.992+0800: 6318.703: [GC (Allocation Failure) [PSYoungGen: 237632K->64K(238080K)] 511200K->273656K(716288K), 0.0026666 secs] [Times: user=0.00 sys=0.00, real=0.01 secs] 
2024-07-05T02:33:30.293+0800: 6319.004: [GC (Allocation Failure) [PSYoungGen: 237632K->160K(238080K)] 511224K->273752K(716288K), 0.0020084 secs] [Times: user=0.01 sys=0.00, real=0.01 secs] 
2024-07-05T02:33:30.490+0800: 6319.201: [GC (Allocation Failure) [PSYoungGen: 237728K->64K(238080K)] 511320K->273680K(716288K), 0.0031027 secs] [Times: user=0.00 sys=0.00, real=0.00 secs] 
2024-07-05T02:33:30.771+0800: 6319.482: [GC (Allocation Failure) [PSYoungGen: 237632K->80K(238080K)] 511248K->273736K(716288K), 0.0030789 secs] [Times: user=0.00 sys=0.00, real=0.01 secs] 
2024-07-05T02:33:31.027+0800: 6319.737: [GC (Allocation Failure) [PSYoungGen: 237648K->32K(238080K)] 511304K->273720K(716288K), 0.0019903 secs] [Times: user=0.00 sys=0.00, real=0.00 secs] 
2024-07-05T02:33:31.254+0800: 6319.965: [GC (Allocation Failure) [PSYoungGen: 237600K->128K(238080K)] 511288K->273848K(716288K), 0.0021130 secs] [Times: user=0.00 sys=0.00, real=0.00 secs] 
2024-07-05T02:33:31.542+0800: 6320.253: [GC (Allocation Failure) [PSYoungGen: 237696K->96K(238080K)] 511416K->273816K(716288K), 0.0019490 secs] [Times: user=0.00 sys=0.00, real=0.00 secs] 
2024-07-05T02:33:31.766+0800: 6320.477: [GC (Allocation Failure) [PSYoungGen: 237664K->96K(238080K)] 511384K->273816K(716288K), 0.0019992 secs] [Times: user=0.01 sys=0.00, real=0.00 secs] 
2024-07-05T02:33:32.094+0800: 6320.805: [GC (Allocation Failure) [PSYoungGen: 237664K->96K(238080K)] 511384K->273904K(716288K), 0.0021140 secs] [Times: user=0.01 sys=0.00, real=0.00 secs] 
2024-07-05T02:33:32.414+0800: 6321.125: [GC (Allocation Failure) [PSYoungGen: 237664K->64K(238080K)] 511472K->273872K(716288K), 0.0018852 secs] [Times: user=0.01 sys=0.00, real=0.00 secs] 
2024-07-05T02:33:32.616+0800: 6321.327: [GC (Allocation Failure) [PSYoungGen: 237632K->128K(238080K)] 511440K->273968K(716288K), 0.0019502 secs] [Times: user=0.01 sys=0.00, real=0.00 secs] 
2024-07-05T02:33:32.898+0800: 6321.608: [GC (Allocation Failure) [PSYoungGen: 237696K->96K(238080K)] 511536K->273936K(716288K), 0.0019070 secs] [Times: user=0.00 sys=0.00, real=0.00 secs] 
2024-07-05T02:33:33.150+0800: 6321.861: [GC (Allocation Failure) [PSYoungGen: 237664K->96K(238080K)] 511504K->273936K(716288K), 0.0029669 secs] [Times: user=0.00 sys=0.00, real=0.00 secs] 
2024-07-05T02:33:33.404+0800: 6322.115: [GC (Allocation Failure) [PSYoungGen: 237664K->96K(238080K)] 511504K->274012K(716288K), 0.0019128 secs] [Times: user=0.01 sys=0.00, real=0.01 secs] 
2024-07-05T02:33:33.695+0800: 6322.405: [GC (Allocation Failure) [PSYoungGen: 237664K->192K(238080K)] 511580K->274108K(716288K), 0.0021142 secs] [Times: user=0.00 sys=0.00, real=0.00 secs] 
2024-07-05T02:33:33.886+0800: 6322.597: [GC (Allocation Failure) [PSYoungGen: 237760K->96K(238080K)] 511676K->274060K(716288K), 0.0022315 secs] [Times: user=0.01 sys=0.00, real=0.00 secs] 
2024-07-05T02:33:34.172+0800: 6322.883: [GC (Allocation Failure) [PSYoungGen: 237664K->128K(238080K)] 511628K->274092K(716288K), 0.0026563 secs] [Times: user=0.00 sys=0.00, real=0.01 secs] 
2024-07-05T02:33:34.477+0800: 6323.187: [GC (Allocation Failure) [PSYoungGen: 237696K->112K(238080K)] 511660K->274076K(716288K), 0.0018904 secs] [Times: user=0.00 sys=0.00, real=0.00 secs] 
2024-07-05T02:33:34.684+0800: 6323.394: [GC (Allocation Failure) [PSYoungGen: 237680K->96K(238080K)] 511644K->274156K(716288K), 0.0029140 secs] [Times: user=0.00 sys=0.00, real=0.01 secs] 
2024-07-05T02:33:34.968+0800: 6323.679: [GC (Allocation Failure) [PSYoungGen: 237664K->128K(238080K)] 511724K->274188K(716288K), 0.0019809 secs] [Times: user=0.00 sys=0.00, real=0.00 secs] 
2024-07-05T02:33:35.215+0800: 6323.926: [GC (Allocation Failure) [PSYoungGen: 237696K->64K(238080K)] 511756K->274148K(716288K), 0.0031256 secs] [Times: user=0.00 sys=0.00, real=0.00 secs] 
2024-07-05T02:33:35.469+0800: 6324.179: [GC (Allocation Failure) [PSYoungGen: 237632K->128K(238080K)] 511716K->274228K(716288K), 0.0022968 secs] [Times: user=0.00 sys=0.00, real=0.00 secs] 
2024-07-05T02:33:35.710+0800: 6324.421: [GC (Allocation Failure) [PSYoungGen: 237696K->160K(238080K)] 511796K->274260K(716288K), 0.0019462 secs] [Times: user=0.00 sys=0.00, real=0.00 secs] 
2024-07-05T02:33:35.967+0800: 6324.678: [GC (Allocation Failure) [PSYoungGen: 237728K->96K(238080K)] 511828K->274264K(716288K), 0.0020315 secs] [Times: user=0.01 sys=0.00, real=0.00 secs] 
2024-07-05T02:33:36.210+0800: 6324.921: [GC (Allocation Failure) [PSYoungGen: 237664K->96K(238080K)] 511832K->274280K(716288K), 0.0023075 secs] [Times: user=0.01 sys=0.00, real=0.00 secs] 
2024-07-05T02:33:36.478+0800: 6325.189: [GC (Allocation Failure) [PSYoungGen: 237664K->128K(238080K)] 511848K->274328K(716288K), 0.0023380 secs] [Times: user=0.00 sys=0.00, real=0.00 secs] 
2024-07-05T02:33:36.749+0800: 6325.459: [GC (Allocation Failure) [PSYoungGen: 237696K->160K(238080K)] 511896K->274384K(716288K), 0.0019858 secs] [Times: user=0.00 sys=0.00, real=0.00 secs] 
2024-07-05T02:33:37.002+0800: 6325.713: [GC (Allocation Failure) [PSYoungGen: 237728K->160K(238080K)] 511952K->274384K(716288K), 0.0032951 secs] [Times: user=0.00 sys=0.00, real=0.00 secs] 
2024-07-05T02:33:37.232+0800: 6325.943: [GC (Allocation Failure) [PSYoungGen: 237728K->32K(238080K)] 511952K->274325K(716288K), 0.0019129 secs] [Times: user=0.01 sys=0.00, real=0.01 secs] 
2024-07-05T02:33:37.470+0800: 6326.181: [GC (Allocation Failure) [PSYoungGen: 237600K->64K(238080K)] 511893K->274373K(716288K), 0.0031532 secs] [Times: user=0.00 sys=0.00, real=0.00 secs] 
2024-07-05T02:33:37.697+0800: 6326.407: [GC (Allocation Failure) [PSYoungGen: 237632K->160K(238080K)] 511941K->274501K(716288K), 0.0024244 secs] [Times: user=0.00 sys=0.00, real=0.00 secs] 
2024-07-05T02:33:37.951+0800: 6326.662: [GC (Allocation Failure) [PSYoungGen: 237728K->128K(238080K)] 512069K->274501K(716288K), 0.0023097 secs] [Times: user=0.01 sys=0.00, real=0.00 secs] 
2024-07-05T02:33:38.214+0800: 6326.925: [GC (Allocation Failure) [PSYoungGen: 237696K->160K(238080K)] 512069K->274533K(716288K), 0.0022762 secs] [Times: user=0.00 sys=0.00, real=0.00 secs] 
2024-07-05T02:33:38.418+0800: 6327.129: [GC (Allocation Failure) [PSYoungGen: 237728K->32K(238080K)] 512101K->274489K(716288K), 0.0030169 secs] [Times: user=0.01 sys=0.00, real=0.00 secs] 
2024-07-05T02:33:38.666+0800: 6327.376: [GC (Allocation Failure) [PSYoungGen: 237600K->192K(238080K)] 512057K->274673K(716288K), 0.0025191 secs] [Times: user=0.00 sys=0.00, real=0.00 secs] 
2024-07-05T02:33:38.911+0800: 6327.622: [GC (Allocation Failure) [PSYoungGen: 237760K->96K(238080K)] 512241K->274577K(716288K), 0.0026249 secs] [Times: user=0.00 sys=0.00, real=0.01 secs] 
2024-07-05T02:33:39.125+0800: 6327.836: [GC (Allocation Failure) [PSYoungGen: 237664K->128K(238080K)] 512145K->274649K(716288K), 0.0021042 secs] [Times: user=0.00 sys=0.00, real=0.01 secs] 
2024-07-05T02:33:39.385+0800: 6328.095: [GC (Allocation Failure) [PSYoungGen: 237696K->160K(238080K)] 512217K->274681K(716288K), 0.0020044 secs] [Times: user=0.00 sys=0.00, real=0.01 secs] 
2024-07-05T02:33:39.597+0800: 6328.308: [GC (Allocation Failure) [PSYoungGen: 237728K->96K(238080K)] 512249K->274693K(716288K), 0.0020773 secs] [Times: user=0.00 sys=0.00, real=0.00 secs] 
2024-07-05T02:33:39.828+0800: 6328.539: [GC (Allocation Failure) [PSYoungGen: 237664K->192K(238080K)] 512261K->274805K(716288K), 0.0026521 secs] [Times: user=0.00 sys=0.00, real=0.00 secs] 
2024-07-05T02:33:40.066+0800: 6328.777: [GC (Allocation Failure) [PSYoungGen: 237760K->64K(238080K)] 512373K->274677K(716288K), 0.0030415 secs] [Times: user=0.00 sys=0.00, real=0.00 secs] 
2024-07-05T02:33:40.294+0800: 6329.005: [GC (Allocation Failure) [PSYoungGen: 237632K->112K(238080K)] 512245K->274741K(716288K), 0.0029911 secs] [Times: user=0.01 sys=0.00, real=0.00 secs] 
2024-07-05T02:33:40.553+0800: 6329.263: [GC (Allocation Failure) [PSYoungGen: 237680K->112K(238080K)] 512309K->274789K(716288K), 0.0022232 secs] [Times: user=0.00 sys=0.00, real=0.01 secs] 
2024-07-05T02:33:40.776+0800: 6329.487: [GC (Allocation Failure) [PSYoungGen: 237680K->128K(238080K)] 512357K->274853K(716288K), 0.0019437 secs] [Times: user=0.00 sys=0.00, real=0.00 secs] 
2024-07-05T02:33:41.004+0800: 6329.714: [GC (Allocation Failure) [PSYoungGen: 237696K->192K(238080K)] 512421K->274941K(716288K), 0.0021496 secs] [Times: user=0.00 sys=0.00, real=0.01 secs] 
2024-07-05T02:33:41.290+0800: 6330.001: [GC (Allocation Failure) [PSYoungGen: 237760K->96K(238080K)] 512509K->274845K(716288K), 0.0019421 secs] [Times: user=0.00 sys=0.00, real=0.00 secs] 
2024-07-05T02:33:41.533+0800: 6330.244: [GC (Allocation Failure) [PSYoungGen: 237664K->96K(238080K)] 512413K->274861K(716288K), 0.0019431 secs] [Times: user=0.00 sys=0.00, real=0.01 secs] 
2024-07-05T02:33:41.813+0800: 6330.523: [GC (Allocation Failure) [PSYoungGen: 237664K->128K(238080K)] 512429K->274941K(716288K), 0.0022146 secs] [Times: user=0.01 sys=0.00, real=0.01 secs] 
2024-07-05T02:33:42.110+0800: 6330.821: [GC (Allocation Failure) [PSYoungGen: 237696K->32K(238080K)] 512509K->274885K(716288K), 0.0032282 secs] [Times: user=0.01 sys=0.00, real=0.00 secs] 
2024-07-05T02:33:42.328+0800: 6331.039: [GC (Allocation Failure) [PSYoungGen: 237600K->64K(238080K)] 512453K->274941K(716288K), 0.0024726 secs] [Times: user=0.00 sys=0.00, real=0.00 secs] 
2024-07-05T02:33:42.632+0800: 6331.343: [GC (Allocation Failure) [PSYoungGen: 237632K->96K(238080K)] 512509K->274973K(716288K), 0.0019039 secs] [Times: user=0.00 sys=0.00, real=0.01 secs] 
2024-07-05T02:33:42.852+0800: 6331.563: [GC (Allocation Failure) [PSYoungGen: 237664K->64K(238080K)] 512541K->274965K(716288K), 0.0020519 secs] [Times: user=0.01 sys=0.00, real=0.01 secs] 
2024-07-05T02:33:43.129+0800: 6331.840: [GC (Allocation Failure) [PSYoungGen: 237632K->160K(238080K)] 512533K->275109K(716288K), 0.0021832 secs] [Times: user=0.00 sys=0.00, real=0.00 secs] 
2024-07-05T02:33:43.382+0800: 6332.093: [GC (Allocation Failure) [PSYoungGen: 237728K->64K(238080K)] 512677K->275045K(716288K), 0.0019429 secs] [Times: user=0.00 sys=0.00, real=0.00 secs] 
2024-07-05T02:33:43.606+0800: 6332.317: [GC (Allocation Failure) [PSYoungGen: 237632K->32K(238080K)] 512613K->275029K(716288K), 0.0019337 secs] [Times: user=0.00 sys=0.00, real=0.00 secs] 
2024-07-05T02:33:43.875+0800: 6332.585: [GC (Allocation Failure) [PSYoungGen: 237600K->64K(238080K)] 512597K->275077K(716288K), 0.0020030 secs] [Times: user=0.00 sys=0.00, real=0.00 secs] 
2024-07-05T02:33:44.112+0800: 6332.823: [GC (Allocation Failure) [PSYoungGen: 237632K->128K(238080K)] 512645K->275165K(716288K), 0.0027524 secs] [Times: user=0.00 sys=0.00, real=0.01 secs] 
2024-07-05T02:33:44.338+0800: 6333.049: [GC (Allocation Failure) [PSYoungGen: 237696K->64K(238080K)] 512733K->275149K(716288K), 0.0030432 secs] [Times: user=0.00 sys=0.00, real=0.00 secs] 
2024-07-05T02:33:44.564+0800: 6333.275: [GC (Allocation Failure) [PSYoungGen: 237632K->64K(238080K)] 512717K->275181K(716288K), 0.0025538 secs] [Times: user=0.00 sys=0.00, real=0.01 secs] 
2024-07-05T02:33:44.815+0800: 6333.525: [GC (Allocation Failure) [PSYoungGen: 237632K->64K(238080K)] 512749K->275197K(716288K), 0.0018403 secs] [Times: user=0.01 sys=0.00, real=0.00 secs] 
2024-07-05T02:33:45.050+0800: 6333.761: [GC (Allocation Failure) [PSYoungGen: 237632K->64K(238080K)] 512765K->275213K(716288K), 0.0031694 secs] [Times: user=0.01 sys=0.01, real=0.00 secs] 
2024-07-05T02:33:45.276+0800: 6333.987: [GC (Allocation Failure) [PSYoungGen: 237632K->112K(238080K)] 512781K->275277K(716288K), 0.0025336 secs] [Times: user=0.00 sys=0.00, real=0.00 secs] 
2024-07-05T02:33:45.514+0800: 6334.225: [GC (Allocation Failure) [PSYoungGen: 237680K->80K(238080K)] 512845K->275277K(716288K), 0.0018964 secs] [Times: user=0.01 sys=0.00, real=0.00 secs] 
2024-07-05T02:33:45.762+0800: 6334.473: [GC (Allocation Failure) [PSYoungGen: 237648K->64K(238080K)] 512845K->275301K(716288K), 0.0019196 secs] [Times: user=0.01 sys=0.00, real=0.00 secs] 
2024-07-05T02:33:46.046+0800: 6334.757: [GC (Allocation Failure) [PSYoungGen: 237632K->32K(238080K)] 512869K->275285K(716288K), 0.0019009 secs] [Times: user=0.01 sys=0.00, real=0.00 secs] 
2024-07-05T02:33:46.333+0800: 6335.043: [GC (Allocation Failure) [PSYoungGen: 237600K->160K(238080K)] 512853K->275429K(716288K), 0.0019826 secs] [Times: user=0.00 sys=0.00, real=0.01 secs] 
2024-07-05T02:33:46.622+0800: 6335.333: [GC (Allocation Failure) [PSYoungGen: 237728K->160K(238080K)] 512997K->275429K(716288K), 0.0045147 secs] [Times: user=0.00 sys=0.00, real=0.01 secs] 
2024-07-05T02:33:46.858+0800: 6335.569: [GC (Allocation Failure) [PSYoungGen: 237728K->96K(238080K)] 512997K->275461K(716288K), 0.0030077 secs] [Times: user=0.01 sys=0.00, real=0.00 secs] 
2024-07-05T02:33:47.124+0800: 6335.834: [GC (Allocation Failure) [PSYoungGen: 237664K->64K(238080K)] 513029K->275429K(716288K), 0.0029327 secs] [Times: user=0.00 sys=0.00, real=0.01 secs] 
2024-07-05T02:33:47.362+0800: 6336.073: [GC (Allocation Failure) [PSYoungGen: 237632K->32K(238080K)] 512997K->275413K(716288K), 0.0019683 secs] [Times: user=0.00 sys=0.00, real=0.00 secs] 
2024-07-05T02:33:47.594+0800: 6336.305: [GC (Allocation Failure) [PSYoungGen: 237600K->128K(238080K)] 512981K->275533K(716288K), 0.0025253 secs] [Times: user=0.00 sys=0.00, real=0.00 secs] 
2024-07-05T02:33:47.832+0800: 6336.542: [GC (Allocation Failure) [PSYoungGen: 237696K->128K(238080K)] 513101K->275533K(716288K), 0.0018517 secs] [Times: user=0.01 sys=0.00, real=0.00 secs] 
2024-07-05T02:33:48.054+0800: 6336.765: [GC (Allocation Failure) [PSYoungGen: 237696K->64K(238080K)] 513101K->275561K(716288K), 0.0019022 secs] [Times: user=0.00 sys=0.00, real=0.00 secs] 
2024-07-05T02:33:48.320+0800: 6337.031: [GC (Allocation Failure) [PSYoungGen: 237632K->160K(238080K)] 513129K->275657K(716288K), 0.0021307 secs] [Times: user=0.01 sys=0.00, real=0.00 secs] 
2024-07-05T02:33:48.557+0800: 6337.268: [GC (Allocation Failure) [PSYoungGen: 237728K->128K(238080K)] 513225K->275649K(716288K), 0.0025052 secs] [Times: user=0.00 sys=0.00, real=0.00 secs] 
2024-07-05T02:33:48.832+0800: 6337.543: [GC (Allocation Failure) [PSYoungGen: 237696K->96K(238080K)] 513217K->275641K(716288K), 0.0031830 secs] [Times: user=0.01 sys=0.00, real=0.01 secs] 
2024-07-05T02:33:49.082+0800: 6337.792: [GC (Allocation Failure) [PSYoungGen: 237664K->96K(238080K)] 513209K->275641K(716288K), 0.0020789 secs] [Times: user=0.00 sys=0.00, real=0.00 secs] 
2024-07-05T02:33:49.326+0800: 6338.037: [GC (Allocation Failure) [PSYoungGen: 237664K->64K(238080K)] 513209K->275677K(716288K), 0.0019542 secs] [Times: user=0.01 sys=0.00, real=0.00 secs] 
2024-07-05T02:33:49.578+0800: 6338.289: [GC (Allocation Failure) [PSYoungGen: 237632K->128K(238080K)] 513245K->275757K(716288K), 0.0019999 secs] [Times: user=0.00 sys=0.00, real=0.00 secs] 
2024-07-05T02:33:49.812+0800: 6338.522: [GC (Allocation Failure) [PSYoungGen: 237696K->64K(238080K)] 513325K->275717K(716288K), 0.0019551 secs] [Times: user=0.01 sys=0.00, real=0.00 secs] 
2024-07-05T02:33:50.044+0800: 6338.755: [GC (Allocation Failure) [PSYoungGen: 237632K->96K(238080K)] 513285K->275773K(716288K), 0.0019751 secs] [Times: user=0.00 sys=0.00, real=0.01 secs] 
2024-07-05T02:33:50.313+0800: 6339.023: [GC (Allocation Failure) [PSYoungGen: 237664K->128K(238080K)] 513341K->275805K(716288K), 0.0020540 secs] [Times: user=0.00 sys=0.00, real=0.01 secs] 
2024-07-05T02:33:50.567+0800: 6339.277: [GC (Allocation Failure) [PSYoungGen: 237696K->96K(238080K)] 513373K->275849K(716288K), 0.0021342 secs] [Times: user=0.00 sys=0.00, real=0.00 secs] 
2024-07-05T02:33:50.813+0800: 6339.523: [GC (Allocation Failure) [PSYoungGen: 237664K->64K(238080K)] 513417K->275833K(716288K), 0.0019157 secs] [Times: user=0.00 sys=0.00, real=0.01 secs] 
2024-07-05T02:33:51.054+0800: 6339.765: [GC (Allocation Failure) [PSYoungGen: 237632K->64K(238080K)] 513401K->275857K(716288K), 0.0030211 secs] [Times: user=0.01 sys=0.00, real=0.00 secs] 
2024-07-05T02:33:51.290+0800: 6340.001: [GC (Allocation Failure) [PSYoungGen: 237632K->160K(238080K)] 513425K->275953K(716288K), 0.0032414 secs] [Times: user=0.00 sys=0.00, real=0.00 secs] 
2024-07-05T02:33:51.560+0800: 6340.271: [GC (Allocation Failure) [PSYoungGen: 237728K->96K(238080K)] 513521K->275929K(716288K), 0.0019679 secs] [Times: user=0.00 sys=0.00, real=0.00 secs] 
2024-07-05T02:33:51.809+0800: 6340.520: [GC (Allocation Failure) [PSYoungGen: 237664K->64K(238080K)] 513497K->275937K(716288K), 0.0020456 secs] [Times: user=0.00 sys=0.00, real=0.00 secs] 
2024-07-05T02:33:52.053+0800: 6340.764: [GC (Allocation Failure) [PSYoungGen: 237632K->64K(238080K)] 513505K->275961K(716288K), 0.0020095 secs] [Times: user=0.00 sys=0.00, real=0.01 secs] 
2024-07-05T02:33:52.298+0800: 6341.009: [GC (Allocation Failure) [PSYoungGen: 237632K->32K(238080K)] 513529K->275929K(716288K), 0.0018884 secs] [Times: user=0.01 sys=0.00, real=0.00 secs] 
2024-07-05T02:33:52.546+0800: 6341.257: [GC (Allocation Failure) [PSYoungGen: 237600K->112K(238080K)] 513497K->276025K(716288K), 0.0019485 secs] [Times: user=0.00 sys=0.00, real=0.00 secs] 
2024-07-05T02:33:52.806+0800: 6341.517: [GC (Allocation Failure) [PSYoungGen: 237680K->64K(238080K)] 513593K->276017K(716288K), 0.0019777 secs] [Times: user=0.00 sys=0.00, real=0.00 secs] 
2024-07-05T02:33:53.041+0800: 6341.751: [GC (Allocation Failure) [PSYoungGen: 237632K->96K(238080K)] 513585K->276089K(716288K), 0.0018915 secs] [Times: user=0.00 sys=0.00, real=0.00 secs] 
2024-07-05T02:33:53.272+0800: 6341.983: [GC (Allocation Failure) [PSYoungGen: 237664K->160K(238080K)] 513657K->276185K(716288K), 0.0026675 secs] [Times: user=0.00 sys=0.00, real=0.01 secs] 
2024-07-05T02:33:53.521+0800: 6342.232: [GC (Allocation Failure) [PSYoungGen: 237728K->64K(238080K)] 513753K->276089K(716288K), 0.0020239 secs] [Times: user=0.00 sys=0.00, real=0.00 secs] 
2024-07-05T02:33:53.766+0800: 6342.477: [GC (Allocation Failure) [PSYoungGen: 237632K->128K(238080K)] 513657K->276169K(716288K), 0.0029454 secs] [Times: user=0.00 sys=0.00, real=0.00 secs] 
2024-07-05T02:33:54.018+0800: 6342.729: [GC (Allocation Failure) [PSYoungGen: 237696K->160K(238080K)] 513737K->276249K(716288K), 0.0022450 secs] [Times: user=0.00 sys=0.00, real=0.00 secs] 
2024-07-05T02:33:54.254+0800: 6342.965: [GC (Allocation Failure) [PSYoungGen: 237728K->96K(238080K)] 513817K->276234K(716288K), 0.0031745 secs] [Times: user=0.01 sys=0.00, real=0.00 secs] 
2024-07-05T02:33:54.495+0800: 6343.206: [GC (Allocation Failure) [PSYoungGen: 237664K->96K(238080K)] 513802K->276234K(716288K), 0.0022993 secs] [Times: user=0.00 sys=0.00, real=0.00 secs] 
2024-07-05T02:33:54.742+0800: 6343.453: [GC (Allocation Failure) [PSYoungGen: 237664K->96K(238080K)] 513802K->276258K(716288K), 0.0028576 secs] [Times: user=0.00 sys=0.00, real=0.00 secs] 
2024-07-05T02:33:55.007+0800: 6343.717: [GC (Allocation Failure) [PSYoungGen: 237664K->64K(238080K)] 513826K->276242K(716288K), 0.0021315 secs] [Times: user=0.00 sys=0.00, real=0.00 secs] 
2024-07-05T02:33:55.274+0800: 6343.984: [GC (Allocation Failure) [PSYoungGen: 237632K->128K(238080K)] 513810K->276346K(716288K), 0.0018492 secs] [Times: user=0.01 sys=0.00, real=0.00 secs] 
2024-07-05T02:33:55.510+0800: 6344.221: [GC (Allocation Failure) [PSYoungGen: 237696K->96K(238080K)] 513914K->276346K(716288K), 0.0018469 secs] [Times: user=0.00 sys=0.00, real=0.00 secs] 
2024-07-05T02:33:55.738+0800: 6344.449: [GC (Allocation Failure) [PSYoungGen: 237664K->96K(238080K)] 513914K->276378K(716288K), 0.0019336 secs] [Times: user=0.00 sys=0.00, real=0.00 secs] 
2024-07-05T02:33:56.003+0800: 6344.713: [GC (Allocation Failure) [PSYoungGen: 237664K->96K(238080K)] 513946K->276378K(716288K), 0.0018934 secs] [Times: user=0.00 sys=0.00, real=0.00 secs] 
2024-07-05T02:33:56.235+0800: 6344.946: [GC (Allocation Failure) [PSYoungGen: 237664K->160K(238080K)] 513946K->276458K(716288K), 0.0027022 secs] [Times: user=0.00 sys=0.00, real=0.00 secs] 
2024-07-05T02:33:56.467+0800: 6345.177: [GC (Allocation Failure) [PSYoungGen: 237728K->160K(238080K)] 514026K->276514K(716288K), 0.0024077 secs] [Times: user=0.00 sys=0.00, real=0.00 secs] 
2024-07-05T02:33:56.702+0800: 6345.413: [GC (Allocation Failure) [PSYoungGen: 237728K->64K(238080K)] 514082K->276450K(716288K), 0.0019876 secs] [Times: user=0.00 sys=0.00, real=0.00 secs] 
2024-07-05T02:33:56.946+0800: 6345.657: [GC (Allocation Failure) [PSYoungGen: 237632K->96K(238080K)] 514018K->276498K(716288K), 0.0019122 secs] [Times: user=0.01 sys=0.00, real=0.00 secs] 
2024-07-05T02:33:57.184+0800: 6345.895: [GC (Allocation Failure) [PSYoungGen: 237664K->96K(238080K)] 514066K->276514K(716288K), 0.0019213 secs] [Times: user=0.01 sys=0.00, real=0.01 secs] 
2024-07-05T02:33:57.426+0800: 6346.136: [GC (Allocation Failure) [PSYoungGen: 237664K->144K(238080K)] 514082K->276578K(716288K), 0.0031856 secs] [Times: user=0.00 sys=0.00, real=0.01 secs] 
2024-07-05T02:33:57.670+0800: 6346.381: [GC (Allocation Failure) [PSYoungGen: 237712K->80K(238080K)] 514146K->276546K(716288K), 0.0030890 secs] [Times: user=0.01 sys=0.00, real=0.00 secs] 
2024-07-05T02:33:57.906+0800: 6346.617: [GC (Allocation Failure) [PSYoungGen: 237648K->96K(238080K)] 514114K->276634K(716288K), 0.0022982 secs] [Times: user=0.01 sys=0.00, real=0.00 secs] 
2024-07-05T02:33:58.171+0800: 6346.882: [GC (Allocation Failure) [PSYoungGen: 237664K->128K(238080K)] 514202K->276666K(716288K), 0.0018997 secs] [Times: user=0.00 sys=0.00, real=0.00 secs] 
2024-07-05T02:33:58.406+0800: 6347.117: [GC (Allocation Failure) [PSYoungGen: 237696K->64K(238080K)] 514234K->276634K(716288K), 0.0029895 secs] [Times: user=0.00 sys=0.00, real=0.00 secs] 
2024-07-05T02:33:58.655+0800: 6347.365: [GC (Allocation Failure) [PSYoungGen: 237632K->176K(238080K)] 514202K->276762K(716288K), 0.0018753 secs] [Times: user=0.00 sys=0.00, real=0.00 secs] 
2024-07-05T02:33:58.904+0800: 6347.614: [GC (Allocation Failure) [PSYoungGen: 237744K->96K(238080K)] 514330K->276714K(716288K), 0.0019519 secs] [Times: user=0.00 sys=0.00, real=0.01 secs] 
2024-07-05T02:33:59.142+0800: 6347.853: [GC (Allocation Failure) [PSYoungGen: 237664K->128K(238080K)] 514282K->276794K(716288K), 0.0030281 secs] [Times: user=0.01 sys=0.00, real=0.00 secs] 
2024-07-05T02:33:59.391+0800: 6348.101: [GC (Allocation Failure) [PSYoungGen: 237696K->96K(238080K)] 514362K->276778K(716288K), 0.0025627 secs] [Times: user=0.01 sys=0.00, real=0.00 secs] 
2024-07-05T02:33:59.620+0800: 6348.331: [GC (Allocation Failure) [PSYoungGen: 237664K->128K(238080K)] 514346K->276842K(716288K), 0.0024402 secs] [Times: user=0.00 sys=0.00, real=0.00 secs] 
2024-07-05T02:33:59.852+0800: 6348.562: [GC (Allocation Failure) [PSYoungGen: 237696K->128K(238080K)] 514410K->276866K(716288K), 0.0019332 secs] [Times: user=0.01 sys=0.00, real=0.00 secs] 
2024-07-05T02:34:00.094+0800: 6348.805: [GC (Allocation Failure) [PSYoungGen: 237696K->144K(238080K)] 514434K->276914K(716288K), 0.0033444 secs] [Times: user=0.00 sys=0.00, real=0.00 secs] 
2024-07-05T02:34:00.360+0800: 6349.071: [GC (Allocation Failure) [PSYoungGen: 237712K->96K(238080K)] 514482K->276906K(716288K), 0.0018723 secs] [Times: user=0.01 sys=0.00, real=0.00 secs] 
2024-07-05T02:34:00.604+0800: 6349.315: [GC (Allocation Failure) [PSYoungGen: 237664K->64K(238080K)] 514474K->276890K(716288K), 0.0019095 secs] [Times: user=0.01 sys=0.00, real=0.01 secs] 
2024-07-05T02:34:00.838+0800: 6349.548: [GC (Allocation Failure) [PSYoungGen: 237632K->96K(238080K)] 514458K->276946K(716288K), 0.0019337 secs] [Times: user=0.00 sys=0.00, real=0.00 secs] 
2024-07-05T02:34:01.088+0800: 6349.798: [GC (Allocation Failure) [PSYoungGen: 237664K->128K(238080K)] 514514K->276978K(716288K), 0.0019413 secs] [Times: user=0.01 sys=0.00, real=0.00 secs] 
2024-07-05T02:34:01.329+0800: 6350.040: [GC (Allocation Failure) [PSYoungGen: 237696K->96K(238080K)] 514546K->277014K(716288K), 0.0020069 secs] [Times: user=0.00 sys=0.00, real=0.00 secs] 
2024-07-05T02:34:01.602+0800: 6350.313: [GC (Allocation Failure) [PSYoungGen: 237664K->160K(238080K)] 514582K->277094K(716288K), 0.0019686 secs] [Times: user=0.00 sys=0.00, real=0.00 secs] 
2024-07-05T02:34:01.841+0800: 6350.552: [GC (Allocation Failure) [PSYoungGen: 237728K->96K(238080K)] 514662K->277054K(716288K), 0.0019553 secs] [Times: user=0.00 sys=0.00, real=0.00 secs] 
2024-07-05T02:34:02.087+0800: 6350.798: [GC (Allocation Failure) [PSYoungGen: 237664K->96K(238080K)] 514622K->277078K(716288K), 0.0021096 secs] [Times: user=0.01 sys=0.00, real=0.00 secs] 
2024-07-05T02:34:02.342+0800: 6351.053: [GC (Allocation Failure) [PSYoungGen: 237664K->128K(238080K)] 514646K->277110K(716288K), 0.0032682 secs] [Times: user=0.00 sys=0.00, real=0.00 secs] 
2024-07-05T02:34:02.602+0800: 6351.313: [GC (Allocation Failure) [PSYoungGen: 237696K->64K(238080K)] 514678K->277114K(716288K), 0.0022249 secs] [Times: user=0.00 sys=0.00, real=0.00 secs] 
2024-07-05T02:34:02.853+0800: 6351.563: [GC (Allocation Failure) [PSYoungGen: 237632K->64K(238080K)] 514682K->277130K(716288K), 0.0019654 secs] [Times: user=0.00 sys=0.00, real=0.01 secs] 
2024-07-05T02:34:03.098+0800: 6351.809: [GC (Allocation Failure) [PSYoungGen: 237632K->64K(238080K)] 514698K->277154K(716288K), 0.0020232 secs] [Times: user=0.00 sys=0.00, real=0.00 secs] 
2024-07-05T02:34:03.332+0800: 6352.043: [GC (Allocation Failure) [PSYoungGen: 237632K->128K(238080K)] 514722K->277242K(716288K), 0.0024973 secs] [Times: user=0.01 sys=0.00, real=0.01 secs] 
2024-07-05T02:34:03.593+0800: 6352.303: [GC (Allocation Failure) [PSYoungGen: 237696K->128K(238080K)] 514810K->277242K(716288K), 0.0019694 secs] [Times: user=0.00 sys=0.00, real=0.01 secs] 
2024-07-05T02:34:03.857+0800: 6352.568: [GC (Allocation Failure) [PSYoungGen: 237696K->32K(238080K)] 514810K->277214K(716288K), 0.0021909 secs] [Times: user=0.01 sys=0.00, real=0.00 secs] 
2024-07-05T02:34:04.135+0800: 6352.846: [GC (Allocation Failure) [PSYoungGen: 237600K->128K(238080K)] 514782K->277326K(716288K), 0.0033132 secs] [Times: user=0.01 sys=0.00, real=0.00 secs] 
2024-07-05T02:34:04.388+0800: 6353.099: [GC (Allocation Failure) [PSYoungGen: 237696K->96K(238080K)] 514894K->277294K(716288K), 0.0027983 secs] [Times: user=0.00 sys=0.00, real=0.00 secs] 
2024-07-05T02:34:04.642+0800: 6353.353: [GC (Allocation Failure) [PSYoungGen: 237664K->64K(238080K)] 514862K->277278K(716288K), 0.0022739 secs] [Times: user=0.00 sys=0.00, real=0.00 secs] 
2024-07-05T02:34:04.886+0800: 6353.596: [GC (Allocation Failure) [PSYoungGen: 237632K->160K(238080K)] 514846K->277422K(716288K), 0.0023624 secs] [Times: user=0.00 sys=0.00, real=0.00 secs] 
2024-07-05T02:34:05.150+0800: 6353.861: [GC (Allocation Failure) [PSYoungGen: 237728K->96K(238080K)] 514990K->277398K(716288K), 0.0032601 secs] [Times: user=0.01 sys=0.00, real=0.00 secs] 
2024-07-05T02:34:05.384+0800: 6354.095: [GC (Allocation Failure) [PSYoungGen: 237664K->64K(238080K)] 514966K->277366K(716288K), 0.0019361 secs] [Times: user=0.00 sys=0.00, real=0.01 secs] 
2024-07-05T02:34:05.615+0800: 6354.326: [GC (Allocation Failure) [PSYoungGen: 237632K->96K(238080K)] 514934K->277430K(716288K), 0.0019389 secs] [Times: user=0.00 sys=0.00, real=0.00 secs] 
2024-07-05T02:34:05.871+0800: 6354.582: [GC (Allocation Failure) [PSYoungGen: 237664K->80K(238080K)] 514998K->277414K(716288K), 0.0020764 secs] [Times: user=0.01 sys=0.00, real=0.00 secs] 
2024-07-05T02:34:06.119+0800: 6354.830: [GC (Allocation Failure) [PSYoungGen: 237648K->128K(238080K)] 514982K->277502K(716288K), 0.0019155 secs] [Times: user=0.00 sys=0.00, real=0.00 secs] 
2024-07-05T02:34:06.349+0800: 6355.060: [GC (Allocation Failure) [PSYoungGen: 237696K->96K(238080K)] 515070K->277518K(716288K), 0.0019450 secs] [Times: user=0.00 sys=0.00, real=0.00 secs] 
2024-07-05T02:34:06.580+0800: 6355.291: [GC (Allocation Failure) [PSYoungGen: 237664K->160K(238080K)] 515086K->277606K(716288K), 0.0019016 secs] [Times: user=0.01 sys=0.00, real=0.00 secs] 
2024-07-05T02:34:06.831+0800: 6355.541: [GC (Allocation Failure) [PSYoungGen: 237728K->64K(238080K)] 515174K->277510K(716288K), 0.0029843 secs] [Times: user=0.01 sys=0.00, real=0.00 secs] 
2024-07-05T02:34:07.064+0800: 6355.775: [GC (Allocation Failure) [PSYoungGen: 237632K->160K(238080K)] 515078K->277630K(716288K), 0.0025395 secs] [Times: user=0.01 sys=0.00, real=0.01 secs] 
2024-07-05T02:34:07.307+0800: 6356.018: [GC (Allocation Failure) [PSYoungGen: 237728K->96K(238080K)] 515198K->277606K(716288K), 0.0025773 secs] [Times: user=0.01 sys=0.00, real=0.00 secs] 
2024-07-05T02:34:07.550+0800: 6356.261: [GC (Allocation Failure) [PSYoungGen: 237664K->64K(238080K)] 515174K->277606K(716288K), 0.0019016 secs] [Times: user=0.00 sys=0.00, real=0.00 secs] 
2024-07-05T02:34:07.781+0800: 6356.492: [GC (Allocation Failure) [PSYoungGen: 237632K->64K(238080K)] 515174K->277638K(716288K), 0.0020308 secs] [Times: user=0.01 sys=0.00, real=0.00 secs] 
2024-07-05T02:34:08.050+0800: 6356.761: [GC (Allocation Failure) [PSYoungGen: 237632K->96K(238080K)] 515206K->277670K(716288K), 0.0030008 secs] [Times: user=0.00 sys=0.00, real=0.00 secs] 
2024-07-05T02:34:08.262+0800: 6356.973: [GC (Allocation Failure) [PSYoungGen: 237664K->80K(238080K)] 515238K->277678K(716288K), 0.0019295 secs] [Times: user=0.00 sys=0.00, real=0.00 secs] 
2024-07-05T02:34:08.526+0800: 6357.236: [GC (Allocation Failure) [PSYoungGen: 237648K->128K(238080K)] 515246K->277766K(716288K), 0.0018713 secs] [Times: user=0.00 sys=0.00, real=0.00 secs] 
2024-07-05T02:34:08.783+0800: 6357.493: [GC (Allocation Failure) [PSYoungGen: 237696K->64K(238080K)] 515334K->277734K(716288K), 0.0018961 secs] [Times: user=0.00 sys=0.00, real=0.00 secs] 
2024-07-05T02:34:09.022+0800: 6357.733: [GC (Allocation Failure) [PSYoungGen: 237632K->96K(238080K)] 515302K->277782K(716288K), 0.0020127 secs] [Times: user=0.01 sys=0.00, real=0.00 secs] 
2024-07-05T02:34:09.305+0800: 6358.016: [GC (Allocation Failure) [PSYoungGen: 237664K->32K(238080K)] 515350K->277734K(716288K), 0.0018986 secs] [Times: user=0.00 sys=0.00, real=0.01 secs] 
2024-07-05T02:34:09.553+0800: 6358.263: [GC (Allocation Failure) [PSYoungGen: 237600K->160K(238080K)] 515302K->277878K(716288K), 0.0019539 secs] [Times: user=0.00 sys=0.00, real=0.01 secs] 
2024-07-05T02:34:09.791+0800: 6358.502: [GC (Allocation Failure) [PSYoungGen: 237728K->128K(238080K)] 515446K->277886K(716288K), 0.0021502 secs] [Times: user=0.00 sys=0.00, real=0.00 secs] 
2024-07-05T02:34:10.018+0800: 6358.729: [GC (Allocation Failure) [PSYoungGen: 237696K->64K(238080K)] 515454K->277878K(716288K), 0.0020162 secs] [Times: user=0.01 sys=0.00, real=0.00 secs] 
2024-07-05T02:34:10.291+0800: 6359.001: [GC (Allocation Failure) [PSYoungGen: 237632K->128K(238080K)] 515446K->277942K(716288K), 0.0018992 secs] [Times: user=0.00 sys=0.00, real=0.00 secs] 
2024-07-05T02:34:10.500+0800: 6359.211: [GC (Allocation Failure) [PSYoungGen: 237696K->96K(238080K)] 515510K->277942K(716288K), 0.0024110 secs] [Times: user=0.01 sys=0.00, real=0.00 secs] 
2024-07-05T02:34:10.770+0800: 6359.481: [GC (Allocation Failure) [PSYoungGen: 237664K->128K(238080K)] 515510K->277998K(716288K), 0.0021390 secs] [Times: user=0.01 sys=0.00, real=0.00 secs] 
2024-07-05T02:34:11.067+0800: 6359.778: [GC (Allocation Failure) [PSYoungGen: 237696K->192K(238080K)] 515566K->278094K(716288K), 0.0018976 secs] [Times: user=0.00 sys=0.00, real=0.00 secs] 
2024-07-05T02:34:11.262+0800: 6359.973: [GC (Allocation Failure) [PSYoungGen: 237760K->64K(238080K)] 515662K->278038K(716288K), 0.0029417 secs] [Times: user=0.00 sys=0.00, real=0.00 secs] 
2024-07-05T02:34:11.566+0800: 6360.276: [GC (Allocation Failure) [PSYoungGen: 237632K->64K(238080K)] 515606K->278038K(716288K), 0.0020107 secs] [Times: user=0.00 sys=0.01, real=0.01 secs] 
2024-07-05T02:34:11.784+0800: 6360.494: [GC (Allocation Failure) [PSYoungGen: 237632K->64K(238080K)] 515606K->278062K(716288K), 0.0021006 secs] [Times: user=0.00 sys=0.00, real=0.01 secs] 
2024-07-05T02:34:12.062+0800: 6360.773: [GC (Allocation Failure) [PSYoungGen: 237632K->144K(238080K)] 515630K->278158K(716288K), 0.0020250 secs] [Times: user=0.00 sys=0.00, real=0.00 secs] 
2024-07-05T02:34:12.352+0800: 6361.062: [GC (Allocation Failure) [PSYoungGen: 237712K->128K(238080K)] 515726K->278182K(716288K), 0.0028201 secs] [Times: user=0.00 sys=0.00, real=0.01 secs] 
2024-07-05T02:34:12.559+0800: 6361.270: [GC (Allocation Failure) [PSYoungGen: 237696K->64K(238080K)] 515750K->278191K(716288K), 0.0019154 secs] [Times: user=0.00 sys=0.00, real=0.00 secs] 
2024-07-05T02:34:12.849+0800: 6361.559: [GC (Allocation Failure) [PSYoungGen: 237632K->192K(238080K)] 515759K->278319K(716288K), 0.0020299 secs] [Times: user=0.00 sys=0.00, real=0.00 secs] 
2024-07-05T02:34:13.083+0800: 6361.793: [GC (Allocation Failure) [PSYoungGen: 237760K->48K(238080K)] 515887K->278175K(716288K), 0.0029044 secs] [Times: user=0.01 sys=0.00, real=0.00 secs] 
2024-07-05T02:34:13.303+0800: 6362.013: [GC (Allocation Failure) [PSYoungGen: 237616K->128K(238080K)] 515743K->278311K(716288K), 0.0028097 secs] [Times: user=0.00 sys=0.00, real=0.01 secs] 
2024-07-05T02:34:13.566+0800: 6362.276: [GC (Allocation Failure) [PSYoungGen: 237696K->128K(238080K)] 515879K->278311K(716288K), 0.0019740 secs] [Times: user=0.00 sys=0.01, real=0.01 secs] 
2024-07-05T02:34:13.815+0800: 6362.526: [GC (Allocation Failure) [PSYoungGen: 237696K->64K(238080K)] 515879K->278295K(716288K), 0.0020785 secs] [Times: user=0.00 sys=0.00, real=0.00 secs] 
2024-07-05T02:34:14.075+0800: 6362.786: [GC (Allocation Failure) [PSYoungGen: 237632K->96K(238080K)] 515863K->278351K(716288K), 0.0020553 secs] [Times: user=0.01 sys=0.00, real=0.00 secs] 
2024-07-05T02:34:14.330+0800: 6363.041: [GC (Allocation Failure) [PSYoungGen: 237664K->80K(238080K)] 515919K->278351K(716288K), 0.0020362 secs] [Times: user=0.00 sys=0.00, real=0.00 secs] 
2024-07-05T02:34:14.636+0800: 6363.346: [GC (Allocation Failure) [PSYoungGen: 237648K->96K(238080K)] 515919K->278407K(716288K), 0.0021046 secs] [Times: user=0.01 sys=0.00, real=0.00 secs] 
2024-07-05T02:34:14.826+0800: 6363.536: [GC (Allocation Failure) [PSYoungGen: 237664K->96K(238080K)] 515975K->278455K(716288K), 0.0031204 secs] [Times: user=0.00 sys=0.00, real=0.00 secs] 
2024-07-05T02:34:15.111+0800: 6363.821: [GC (Allocation Failure) [PSYoungGen: 237664K->128K(238080K)] 516023K->278487K(716288K), 0.0018892 secs] [Times: user=0.00 sys=0.00, real=0.00 secs] 
2024-07-05T02:34:15.379+0800: 6364.090: [GC (Allocation Failure) [PSYoungGen: 237696K->48K(238080K)] 516055K->278439K(716288K), 0.0018770 secs] [Times: user=0.00 sys=0.00, real=0.00 secs] 
2024-07-05T02:34:15.606+0800: 6364.317: [GC (Allocation Failure) [PSYoungGen: 237616K->64K(238080K)] 516007K->278511K(716288K), 0.0030659 secs] [Times: user=0.00 sys=0.00, real=0.00 secs] 
2024-07-05T02:34:15.910+0800: 6364.621: [GC (Allocation Failure) [PSYoungGen: 237632K->192K(238080K)] 516079K->278639K(716288K), 0.0021713 secs] [Times: user=0.00 sys=0.00, real=0.00 secs] 
2024-07-05T02:34:16.158+0800: 6364.869: [GC (Allocation Failure) [PSYoungGen: 237760K->96K(238080K)] 516207K->278567K(716288K), 0.0031550 secs] [Times: user=0.01 sys=0.00, real=0.00 secs] 
2024-07-05T02:34:16.432+0800: 6365.142: [GC (Allocation Failure) [PSYoungGen: 237664K->128K(238080K)] 516135K->278647K(716288K), 0.0021878 secs] [Times: user=0.01 sys=0.00, real=0.01 secs] 
2024-07-05T02:34:16.688+0800: 6365.398: [GC (Allocation Failure) [PSYoungGen: 237696K->96K(238080K)] 516215K->278639K(716288K), 0.0019420 secs] [Times: user=0.00 sys=0.00, real=0.00 secs] 
2024-07-05T02:34:16.954+0800: 6365.665: [GC (Allocation Failure) [PSYoungGen: 237664K->80K(238080K)] 516207K->278623K(716288K), 0.0020345 secs] [Times: user=0.00 sys=0.00, real=0.00 secs] 
2024-07-05T02:34:17.222+0800: 6365.933: [GC (Allocation Failure) [PSYoungGen: 237648K->64K(238080K)] 516191K->278647K(716288K), 0.0020460 secs] [Times: user=0.01 sys=0.00, real=0.00 secs] 
2024-07-05T02:34:17.460+0800: 6366.171: [GC (Allocation Failure) [PSYoungGen: 237632K->80K(238080K)] 516215K->278679K(716288K), 0.0019098 secs] [Times: user=0.01 sys=0.00, real=0.00 secs] 
2024-07-05T02:34:17.690+0800: 6366.401: [GC (Allocation Failure) [PSYoungGen: 237648K->128K(238080K)] 516247K->278775K(716288K), 0.0019375 secs] [Times: user=0.00 sys=0.00, real=0.00 secs] 
2024-07-05T02:34:17.918+0800: 6366.629: [GC (Allocation Failure) [PSYoungGen: 237696K->128K(238080K)] 516343K->278799K(716288K), 0.0020217 secs] [Times: user=0.00 sys=0.00, real=0.00 secs] 
2024-07-05T02:34:18.163+0800: 6366.874: [GC (Allocation Failure) [PSYoungGen: 237696K->112K(238080K)] 516367K->278783K(716288K), 0.0030108 secs] [Times: user=0.00 sys=0.00, real=0.01 secs] 
2024-07-05T02:34:18.406+0800: 6367.116: [GC (Allocation Failure) [PSYoungGen: 237680K->96K(238080K)] 516351K->278815K(716288K), 0.0028450 secs] [Times: user=0.00 sys=0.00, real=0.00 secs] 
2024-07-05T02:34:18.634+0800: 6367.344: [GC (Allocation Failure) [PSYoungGen: 237664K->160K(238080K)] 516383K->278895K(716288K), 0.0019302 secs] [Times: user=0.00 sys=0.01, real=0.01 secs] 
2024-07-05T02:34:18.864+0800: 6367.574: [GC (Allocation Failure) [PSYoungGen: 237728K->96K(238080K)] 516463K->278879K(716288K), 0.0019084 secs] [Times: user=0.01 sys=0.00, real=0.00 secs] 
2024-07-05T02:34:19.137+0800: 6367.848: [GC (Allocation Failure) [PSYoungGen: 237664K->128K(238080K)] 516447K->278911K(716288K), 0.0026421 secs] [Times: user=0.00 sys=0.00, real=0.00 secs] 
2024-07-05T02:34:19.373+0800: 6368.084: [GC (Allocation Failure) [PSYoungGen: 237696K->64K(238080K)] 516479K->278907K(716288K), 0.0021909 secs] [Times: user=0.01 sys=0.00, real=0.01 secs] 
2024-07-05T02:34:19.686+0800: 6368.396: [GC (Allocation Failure) [PSYoungGen: 237632K->128K(238080K)] 516475K->278971K(716288K), 0.0019382 secs] [Times: user=0.00 sys=0.00, real=0.00 secs] 
2024-07-05T02:34:19.958+0800: 6368.669: [GC (Allocation Failure) [PSYoungGen: 237696K->48K(238080K)] 516539K->278891K(716288K), 0.0032656 secs] [Times: user=0.00 sys=0.00, real=0.00 secs] 
2024-07-05T02:34:20.194+0800: 6368.905: [GC (Allocation Failure) [PSYoungGen: 237616K->64K(238080K)] 516459K->278955K(716288K), 0.0026071 secs] [Times: user=0.00 sys=0.00, real=0.00 secs] 
2024-07-05T02:34:20.462+0800: 6369.173: [GC (Allocation Failure) [PSYoungGen: 237632K->160K(238080K)] 516523K->279051K(716288K), 0.0029393 secs] [Times: user=0.00 sys=0.00, real=0.00 secs] 
2024-07-05T02:34:20.727+0800: 6369.437: [GC (Allocation Failure) [PSYoungGen: 237728K->128K(238080K)] 516619K->279059K(716288K), 0.0028652 secs] [Times: user=0.00 sys=0.00, real=0.00 secs] 
2024-07-05T02:34:20.974+0800: 6369.685: [GC (Allocation Failure) [PSYoungGen: 237696K->64K(238080K)] 516627K->279019K(716288K), 0.0029953 secs] [Times: user=0.00 sys=0.00, real=0.00 secs] 
2024-07-05T02:34:21.247+0800: 6369.958: [GC (Allocation Failure) [PSYoungGen: 237632K->96K(238080K)] 516587K->279067K(716288K), 0.0021621 secs] [Times: user=0.01 sys=0.00, real=0.00 secs] 
2024-07-05T02:34:21.561+0800: 6370.272: [GC (Allocation Failure) [PSYoungGen: 237664K->256K(238080K)] 516635K->279227K(716288K), 0.0020840 secs] [Times: user=0.01 sys=0.00, real=0.00 secs] 
2024-07-05T02:34:21.786+0800: 6370.497: [GC (Allocation Failure) [PSYoungGen: 237824K->96K(238080K)] 516795K->279155K(716288K), 0.0029999 secs] [Times: user=0.01 sys=0.00, real=0.00 secs] 
2024-07-05T02:34:22.094+0800: 6370.805: [GC (Allocation Failure) [PSYoungGen: 237664K->96K(238080K)] 516723K->279171K(716288K), 0.0022190 secs] [Times: user=0.00 sys=0.00, real=0.00 secs] 
2024-07-05T02:34:22.352+0800: 6371.063: [GC (Allocation Failure) [PSYoungGen: 237664K->96K(238080K)] 516739K->279195K(716288K), 0.0020821 secs] [Times: user=0.00 sys=0.00, real=0.01 secs] 
2024-07-05T02:34:22.618+0800: 6371.329: [GC (Allocation Failure) [PSYoungGen: 237664K->96K(238080K)] 516763K->279219K(716288K), 0.0030832 secs] [Times: user=0.00 sys=0.00, real=0.00 secs] 
2024-07-05T02:34:22.899+0800: 6371.610: [GC (Allocation Failure) [PSYoungGen: 237664K->128K(238080K)] 516787K->279251K(716288K), 0.0020621 secs] [Times: user=0.00 sys=0.00, real=0.00 secs] 
2024-07-05T02:34:23.118+0800: 6371.829: [GC (Allocation Failure) [PSYoungGen: 237696K->64K(238080K)] 516819K->279271K(716288K), 0.0030399 secs] [Times: user=0.00 sys=0.00, real=0.00 secs] 
2024-07-05T02:34:23.429+0800: 6372.140: [GC (Allocation Failure) [PSYoungGen: 237632K->128K(238080K)] 516839K->279359K(716288K), 0.0020929 secs] [Times: user=0.00 sys=0.00, real=0.00 secs] 
2024-07-05T02:34:23.714+0800: 6372.425: [GC (Allocation Failure) [PSYoungGen: 237696K->96K(238080K)] 516927K->279327K(716288K), 0.0020600 secs] [Times: user=0.00 sys=0.00, real=0.00 secs] 
2024-07-05T02:34:23.945+0800: 6372.656: [GC (Allocation Failure) [PSYoungGen: 237664K->64K(238080K)] 516895K->279327K(716288K), 0.0020138 secs] [Times: user=0.01 sys=0.00, real=0.01 secs] 
2024-07-05T02:34:24.223+0800: 6372.934: [GC (Allocation Failure) [PSYoungGen: 237632K->96K(238080K)] 516895K->279359K(716288K), 0.0019848 secs] [Times: user=0.01 sys=0.00, real=0.00 secs] 
2024-07-05T02:34:24.493+0800: 6373.204: [GC (Allocation Failure) [PSYoungGen: 237664K->128K(238080K)] 516927K->279459K(716288K), 0.0019120 secs] [Times: user=0.00 sys=0.00, real=0.01 secs] 
2024-07-05T02:34:24.751+0800: 6373.462: [GC (Allocation Failure) [PSYoungGen: 237696K->96K(238080K)] 517027K->279451K(716288K), 0.0020985 secs] [Times: user=0.01 sys=0.00, real=0.00 secs] 
2024-07-05T02:34:25.002+0800: 6373.713: [GC (Allocation Failure) [PSYoungGen: 237664K->96K(238080K)] 517019K->279475K(716288K), 0.0031362 secs] [Times: user=0.00 sys=0.00, real=0.00 secs] 
2024-07-05T02:34:25.310+0800: 6374.021: [GC (Allocation Failure) [PSYoungGen: 237664K->160K(238080K)] 517043K->279539K(716288K), 0.0022169 secs] [Times: user=0.00 sys=0.00, real=0.00 secs] 
2024-07-05T02:34:25.587+0800: 6374.298: [GC (Allocation Failure) [PSYoungGen: 237728K->96K(238080K)] 517107K->279515K(716288K), 0.0022739 secs] [Times: user=0.00 sys=0.00, real=0.00 secs] 
2024-07-05T02:34:25.856+0800: 6374.566: [GC (Allocation Failure) [PSYoungGen: 237664K->64K(238080K)] 517083K->279523K(716288K), 0.0019247 secs] [Times: user=0.00 sys=0.00, real=0.00 secs] 
2024-07-05T02:34:26.083+0800: 6374.794: [GC (Allocation Failure) [PSYoungGen: 237632K->96K(238080K)] 517091K->279579K(716288K), 0.0024317 secs] [Times: user=0.00 sys=0.00, real=0.00 secs] 
2024-07-05T02:34:26.330+0800: 6375.041: [GC (Allocation Failure) [PSYoungGen: 237664K->96K(238080K)] 517147K->279579K(716288K), 0.0019266 secs] [Times: user=0.01 sys=0.00, real=0.00 secs] 
2024-07-05T02:34:26.593+0800: 6375.303: [GC (Allocation Failure) [PSYoungGen: 237664K->64K(238080K)] 517147K->279563K(716288K), 0.0020148 secs] [Times: user=0.00 sys=0.00, real=0.01 secs] 
2024-07-05T02:34:26.861+0800: 6375.572: [GC (Allocation Failure) [PSYoungGen: 237632K->176K(238080K)] 517131K->279715K(716288K), 0.0019775 secs] [Times: user=0.01 sys=0.00, real=0.00 secs] 
2024-07-05T02:34:27.127+0800: 6375.837: [GC (Allocation Failure) [PSYoungGen: 237744K->96K(238080K)] 517283K->279683K(716288K), 0.0020651 secs] [Times: user=0.00 sys=0.00, real=0.00 secs] 
2024-07-05T02:34:27.417+0800: 6376.128: [GC (Allocation Failure) [PSYoungGen: 237664K->64K(238080K)] 517251K->279675K(716288K), 0.0022817 secs] [Times: user=0.01 sys=0.00, real=0.00 secs] 
2024-07-05T02:34:27.731+0800: 6376.442: [GC (Allocation Failure) [PSYoungGen: 237632K->96K(238080K)] 517243K->279707K(716288K), 0.0022403 secs] [Times: user=0.01 sys=0.00, real=0.00 secs] 
2024-07-05T02:34:27.998+0800: 6376.709: [GC (Allocation Failure) [PSYoungGen: 237664K->64K(238080K)] 517275K->279691K(716288K), 0.0036880 secs] [Times: user=0.00 sys=0.00, real=0.00 secs] 
2024-07-05T02:34:28.282+0800: 6376.993: [GC (Allocation Failure) [PSYoungGen: 237632K->112K(238080K)] 517259K->279779K(716288K), 0.0031690 secs] [Times: user=0.00 sys=0.00, real=0.00 secs] 
2024-07-05T02:34:28.566+0800: 6377.277: [GC (Allocation Failure) [PSYoungGen: 237680K->128K(238080K)] 517347K->279835K(716288K), 0.0023033 secs] [Times: user=0.00 sys=0.00, real=0.00 secs] 
2024-07-05T02:34:28.790+0800: 6377.501: [GC (Allocation Failure) [PSYoungGen: 237696K->64K(238080K)] 517403K->279803K(716288K), 0.0019273 secs] [Times: user=0.00 sys=0.00, real=0.00 secs] 
2024-07-05T02:34:29.098+0800: 6377.809: [GC (Allocation Failure) [PSYoungGen: 237632K->128K(238080K)] 517371K->279867K(716288K), 0.0018878 secs] [Times: user=0.00 sys=0.00, real=0.00 secs] 
2024-07-05T02:34:29.298+0800: 6378.009: [GC (Allocation Failure) [PSYoungGen: 237696K->128K(238080K)] 517435K->279899K(716288K), 0.0034700 secs] [Times: user=0.00 sys=0.00, real=0.00 secs] 
2024-07-05T02:34:29.588+0800: 6378.298: [GC (Allocation Failure) [PSYoungGen: 237696K->176K(238080K)] 517467K->279987K(716288K), 0.0019763 secs] [Times: user=0.01 sys=0.00, real=0.00 secs] 
2024-07-05T02:34:29.856+0800: 6378.567: [GC (Allocation Failure) [PSYoungGen: 237744K->64K(238080K)] 517555K->279907K(716288K), 0.0019375 secs] [Times: user=0.01 sys=0.00, real=0.00 secs] 
2024-07-05T02:34:30.116+0800: 6378.826: [GC (Allocation Failure) [PSYoungGen: 237632K->96K(238080K)] 517475K->279979K(716288K), 0.0023242 secs] [Times: user=0.00 sys=0.00, real=0.00 secs] 
2024-07-05T02:34:30.503+0800: 6379.214: [GC (Allocation Failure) [PSYoungGen: 237664K->128K(238080K)] 517547K->280011K(716288K), 0.0029734 secs] [Times: user=0.00 sys=0.00, real=0.01 secs] 
2024-07-05T02:34:30.738+0800: 6379.449: [GC (Allocation Failure) [PSYoungGen: 237696K->96K(238080K)] 517579K->280011K(716288K), 0.0026786 secs] [Times: user=0.00 sys=0.00, real=0.00 secs] 
2024-07-05T02:34:30.959+0800: 6379.669: [GC (Allocation Failure) [PSYoungGen: 237664K->80K(238080K)] 517579K->280043K(716288K), 0.0018603 secs] [Times: user=0.00 sys=0.00, real=0.00 secs] 
2024-07-05T02:34:31.206+0800: 6379.917: [GC (Allocation Failure) [PSYoungGen: 237648K->64K(238080K)] 517611K->280059K(716288K), 0.0020772 secs] [Times: user=0.00 sys=0.00, real=0.00 secs] 
2024-07-05T02:34:31.414+0800: 6380.125: [GC (Allocation Failure) [PSYoungGen: 237632K->64K(238080K)] 517627K->280075K(716288K), 0.0018858 secs] [Times: user=0.00 sys=0.00, real=0.00 secs] 
2024-07-05T02:34:31.662+0800: 6380.373: [GC (Allocation Failure) [PSYoungGen: 237632K->96K(238080K)] 517643K->280123K(716288K), 0.0019381 secs] [Times: user=0.01 sys=0.00, real=0.00 secs] 
2024-07-05T02:34:31.894+0800: 6380.605: [GC (Allocation Failure) [PSYoungGen: 237664K->160K(238080K)] 517691K->280187K(716288K), 0.0018755 secs] [Times: user=0.01 sys=0.00, real=0.00 secs] 
2024-07-05T02:34:32.111+0800: 6380.821: [GC (Allocation Failure) [PSYoungGen: 237728K->96K(238080K)] 517755K->280216K(716288K), 0.0019840 secs] [Times: user=0.00 sys=0.00, real=0.00 secs] 
2024-07-05T02:34:32.365+0800: 6381.076: [GC (Allocation Failure) [PSYoungGen: 237664K->160K(238080K)] 517784K->280280K(716288K), 0.0019401 secs] [Times: user=0.01 sys=0.00, real=0.01 secs] 
2024-07-05T02:34:32.578+0800: 6381.289: [GC (Allocation Failure) [PSYoungGen: 237728K->32K(238080K)] 517848K->280176K(716288K), 0.0019133 secs] [Times: user=0.00 sys=0.00, real=0.00 secs] 
2024-07-05T02:34:32.818+0800: 6381.529: [GC (Allocation Failure) [PSYoungGen: 237600K->160K(238080K)] 517744K->280320K(716288K), 0.0019898 secs] [Times: user=0.01 sys=0.00, real=0.00 secs] 
2024-07-05T02:34:33.058+0800: 6381.769: [GC (Allocation Failure) [PSYoungGen: 237728K->96K(238080K)] 517888K->280256K(716288K), 0.0019304 secs] [Times: user=0.01 sys=0.00, real=0.00 secs] 
2024-07-05T02:34:33.266+0800: 6381.977: [GC (Allocation Failure) [PSYoungGen: 237664K->96K(238080K)] 517824K->280352K(716288K), 0.0018655 secs] [Times: user=0.00 sys=0.00, real=0.00 secs] 
2024-07-05T02:34:33.519+0800: 6382.230: [GC (Allocation Failure) [PSYoungGen: 237664K->160K(238080K)] 517920K->280416K(716288K), 0.0030840 secs] [Times: user=0.01 sys=0.00, real=0.00 secs] 
2024-07-05T02:34:33.734+0800: 6382.445: [GC (Allocation Failure) [PSYoungGen: 237728K->64K(238080K)] 517984K->280344K(716288K), 0.0019164 secs] [Times: user=0.01 sys=0.00, real=0.00 secs] 
2024-07-05T02:34:33.966+0800: 6382.677: [GC (Allocation Failure) [PSYoungGen: 237632K->96K(238080K)] 517912K->280392K(716288K), 0.0019256 secs] [Times: user=0.00 sys=0.00, real=0.00 secs] 
2024-07-05T02:34:34.226+0800: 6382.937: [GC (Allocation Failure) [PSYoungGen: 237664K->144K(238080K)] 517960K->280440K(716288K), 0.0019533 secs] [Times: user=0.01 sys=0.00, real=0.00 secs] 
2024-07-05T02:34:34.458+0800: 6383.169: [GC (Allocation Failure) [PSYoungGen: 237712K->32K(238080K)] 518008K->280396K(716288K), 0.0020283 secs] [Times: user=0.01 sys=0.00, real=0.00 secs] 
2024-07-05T02:34:34.708+0800: 6383.419: [GC (Allocation Failure) [PSYoungGen: 237600K->160K(238080K)] 517964K->280540K(716288K), 0.0019380 secs] [Times: user=0.00 sys=0.00, real=0.00 secs] 
2024-07-05T02:34:34.941+0800: 6383.652: [GC (Allocation Failure) [PSYoungGen: 237728K->64K(238080K)] 518108K->280468K(716288K), 0.0019656 secs] [Times: user=0.00 sys=0.00, real=0.00 secs] 
2024-07-05T02:34:35.191+0800: 6383.902: [GC (Allocation Failure) [PSYoungGen: 237632K->112K(238080K)] 518036K->280516K(716288K), 0.0021885 secs] [Times: user=0.01 sys=0.00, real=0.01 secs] 
2024-07-05T02:34:35.428+0800: 6384.139: [GC (Allocation Failure) [PSYoungGen: 237680K->64K(238080K)] 518084K->280532K(716288K), 0.0019209 secs] [Times: user=0.01 sys=0.00, real=0.00 secs] 
2024-07-05T02:34:35.711+0800: 6384.421: [GC (Allocation Failure) [PSYoungGen: 237632K->128K(238080K)] 518100K->280596K(716288K), 0.0019529 secs] [Times: user=0.00 sys=0.00, real=0.00 secs] 
2024-07-05T02:34:35.942+0800: 6384.653: [GC (Allocation Failure) [PSYoungGen: 237696K->32K(238080K)] 518164K->280532K(716288K), 0.0020924 secs] [Times: user=0.01 sys=0.00, real=0.00 secs] 
2024-07-05T02:34:36.223+0800: 6384.933: [GC (Allocation Failure) [PSYoungGen: 237600K->160K(238080K)] 518100K->280684K(716288K), 0.0019967 secs] [Times: user=0.00 sys=0.00, real=0.00 secs] 
2024-07-05T02:34:36.524+0800: 6385.235: [GC (Allocation Failure) [PSYoungGen: 237728K->128K(238080K)] 518252K->280652K(716288K), 0.0024756 secs] [Times: user=0.01 sys=0.00, real=0.01 secs] 
2024-07-05T02:34:36.731+0800: 6385.442: [GC (Allocation Failure) [PSYoungGen: 237696K->96K(238080K)] 518220K->280692K(716288K), 0.0019414 secs] [Times: user=0.00 sys=0.00, real=0.00 secs] 
2024-07-05T02:34:37.018+0800: 6385.728: [GC (Allocation Failure) [PSYoungGen: 237664K->160K(238080K)] 518260K->280756K(716288K), 0.0020238 secs] [Times: user=0.00 sys=0.00, real=0.00 secs] 
2024-07-05T02:34:37.291+0800: 6386.002: [GC (Allocation Failure) [PSYoungGen: 237728K->64K(238080K)] 518324K->280692K(716288K), 0.0019578 secs] [Times: user=0.00 sys=0.00, real=0.00 secs] 
2024-07-05T02:34:37.536+0800: 6386.247: [GC (Allocation Failure) [PSYoungGen: 237632K->96K(238080K)] 518260K->280756K(716288K), 0.0020888 secs] [Times: user=0.01 sys=0.00, real=0.00 secs] 
2024-07-05T02:34:37.810+0800: 6386.521: [GC (Allocation Failure) [PSYoungGen: 237664K->112K(238080K)] 518324K->280772K(716288K), 0.0020258 secs] [Times: user=0.00 sys=0.00, real=0.00 secs] 
2024-07-05T02:34:38.038+0800: 6386.749: [GC (Allocation Failure) [PSYoungGen: 237680K->112K(238080K)] 518340K->280812K(716288K), 0.0019376 secs] [Times: user=0.00 sys=0.00, real=0.00 secs] 
2024-07-05T02:34:38.277+0800: 6386.987: [GC (Allocation Failure) [PSYoungGen: 237680K->160K(238080K)] 518380K->280900K(716288K), 0.0019580 secs] [Times: user=0.01 sys=0.00, real=0.00 secs] 
2024-07-05T02:34:38.500+0800: 6387.210: [GC (Allocation Failure) [PSYoungGen: 237728K->32K(238080K)] 518468K->280772K(716288K), 0.0019959 secs] [Times: user=0.01 sys=0.00, real=0.00 secs] 
2024-07-05T02:34:38.734+0800: 6387.445: [GC (Allocation Failure) [PSYoungGen: 237600K->64K(238080K)] 518340K->280820K(716288K), 0.0032083 secs] [Times: user=0.00 sys=0.00, real=0.00 secs] 
2024-07-05T02:34:39.048+0800: 6387.759: [GC (Allocation Failure) [PSYoungGen: 237632K->192K(238080K)] 518388K->280964K(716288K), 0.0026690 secs] [Times: user=0.00 sys=0.00, real=0.00 secs] 
2024-07-05T02:34:39.274+0800: 6387.985: [GC (Allocation Failure) [PSYoungGen: 237760K->96K(238080K)] 518532K->280928K(716288K), 0.0030464 secs] [Times: user=0.00 sys=0.00, real=0.00 secs] 
2024-07-05T02:34:39.529+0800: 6388.240: [GC (Allocation Failure) [PSYoungGen: 237664K->192K(238080K)] 518496K->281064K(716288K), 0.0024842 secs] [Times: user=0.01 sys=0.00, real=0.00 secs] 
2024-07-05T02:34:39.838+0800: 6388.549: [GC (Allocation Failure) [PSYoungGen: 237760K->128K(238080K)] 518632K->281000K(716288K), 0.0026688 secs] [Times: user=0.01 sys=0.00, real=0.00 secs] 
2024-07-05T02:34:40.050+0800: 6388.761: [GC (Allocation Failure) [PSYoungGen: 237696K->64K(238080K)] 518568K->280984K(716288K), 0.0021753 secs] [Times: user=0.00 sys=0.00, real=0.00 secs] 
2024-07-05T02:34:40.337+0800: 6389.048: [GC (Allocation Failure) [PSYoungGen: 237632K->144K(238080K)] 518552K->281064K(716288K), 0.0019338 secs] [Times: user=0.00 sys=0.00, real=0.00 secs] 
2024-07-05T02:34:40.575+0800: 6389.286: [GC (Allocation Failure) [PSYoungGen: 237712K->160K(238080K)] 518632K->281140K(716288K), 0.0018992 secs] [Times: user=0.01 sys=0.00, real=0.00 secs] 
2024-07-05T02:34:40.994+0800: 6389.705: [GC (Allocation Failure) [PSYoungGen: 237728K->64K(238080K)] 518708K->281044K(716288K), 0.0019882 secs] [Times: user=0.01 sys=0.00, real=0.00 secs] 
2024-07-05T02:34:41.382+0800: 6390.093: [GC (Allocation Failure) [PSYoungGen: 237632K->192K(238080K)] 518612K->281180K(716288K), 0.0030372 secs] [Times: user=0.01 sys=0.00, real=0.00 secs] 
2024-07-05T02:34:41.573+0800: 6390.283: [GC (Allocation Failure) [PSYoungGen: 237760K->96K(238080K)] 518748K->281180K(716288K), 0.0018985 secs] [Times: user=0.00 sys=0.00, real=0.01 secs] 
2024-07-05T02:34:41.864+0800: 6390.575: [GC (Allocation Failure) [PSYoungGen: 237664K->128K(238080K)] 518748K->281212K(716288K), 0.0019646 secs] [Times: user=0.01 sys=0.00, real=0.01 secs] 
2024-07-05T02:34:42.146+0800: 6390.857: [GC (Allocation Failure) [PSYoungGen: 237696K->64K(238080K)] 518780K->281148K(716288K), 0.0023255 secs] [Times: user=0.01 sys=0.00, real=0.00 secs] 
2024-07-05T02:34:42.374+0800: 6391.085: [GC (Allocation Failure) [PSYoungGen: 237632K->64K(238080K)] 518716K->281172K(716288K), 0.0019682 secs] [Times: user=0.00 sys=0.00, real=0.00 secs] 
2024-07-05T02:34:42.671+0800: 6391.382: [GC (Allocation Failure) [PSYoungGen: 237632K->192K(238080K)] 518740K->281300K(716288K), 0.0019005 secs] [Times: user=0.00 sys=0.00, real=0.00 secs] 
2024-07-05T02:34:42.866+0800: 6391.577: [GC (Allocation Failure) [PSYoungGen: 237760K->128K(238080K)] 518868K->281340K(716288K), 0.0019096 secs] [Times: user=0.00 sys=0.00, real=0.00 secs] 
2024-07-05T02:34:43.154+0800: 6391.865: [GC (Allocation Failure) [PSYoungGen: 237696K->128K(238080K)] 518908K->281340K(716288K), 0.0019184 secs] [Times: user=0.00 sys=0.00, real=0.00 secs] 
2024-07-05T02:34:43.422+0800: 6392.133: [GC (Allocation Failure) [PSYoungGen: 237696K->64K(238080K)] 518908K->281276K(716288K), 0.0028551 secs] [Times: user=0.00 sys=0.00, real=0.00 secs] 
2024-07-05T02:34:43.626+0800: 6392.337: [GC (Allocation Failure) [PSYoungGen: 237632K->32K(238080K)] 518844K->281276K(716288K), 0.0019109 secs] [Times: user=0.00 sys=0.00, real=0.00 secs] 
2024-07-05T02:34:43.889+0800: 6392.600: [GC (Allocation Failure) [PSYoungGen: 237600K->160K(238080K)] 518844K->281404K(716288K), 0.0019717 secs] [Times: user=0.00 sys=0.00, real=0.00 secs] 
2024-07-05T02:34:44.110+0800: 6392.821: [GC (Allocation Failure) [PSYoungGen: 237728K->96K(238080K)] 518972K->281424K(716288K), 0.0033910 secs] [Times: user=0.00 sys=0.00, real=0.00 secs] 
2024-07-05T02:34:44.343+0800: 6393.054: [GC (Allocation Failure) [PSYoungGen: 237664K->128K(238080K)] 518992K->281472K(716288K), 0.0031488 secs] [Times: user=0.00 sys=0.00, real=0.01 secs] 
2024-07-05T02:34:44.583+0800: 6393.294: [GC (Allocation Failure) [PSYoungGen: 237696K->128K(238080K)] 519040K->281472K(716288K), 0.0026278 secs] [Times: user=0.01 sys=0.00, real=0.01 secs] 
2024-07-05T02:34:44.814+0800: 6393.525: [GC (Allocation Failure) [PSYoungGen: 237696K->112K(238080K)] 519040K->281472K(716288K), 0.0018796 secs] [Times: user=0.00 sys=0.00, real=0.00 secs] 
2024-07-05T02:34:45.062+0800: 6393.773: [GC (Allocation Failure) [PSYoungGen: 237680K->96K(238080K)] 519040K->281496K(716288K), 0.0019478 secs] [Times: user=0.01 sys=0.00, real=0.00 secs] 
2024-07-05T02:34:45.316+0800: 6394.027: [GC (Allocation Failure) [PSYoungGen: 237664K->128K(238080K)] 519064K->281576K(716288K), 0.0019304 secs] [Times: user=0.01 sys=0.00, real=0.00 secs] 
2024-07-05T02:34:45.546+0800: 6394.257: [GC (Allocation Failure) [PSYoungGen: 237696K->96K(238080K)] 519144K->281544K(716288K), 0.0029117 secs] [Times: user=0.00 sys=0.00, real=0.00 secs] 
2024-07-05T02:34:45.794+0800: 6394.505: [GC (Allocation Failure) [PSYoungGen: 237664K->128K(238080K)] 519112K->281600K(716288K), 0.0034797 secs] [Times: user=0.01 sys=0.00, real=0.00 secs] 
2024-07-05T02:34:46.060+0800: 6394.771: [GC (Allocation Failure) [PSYoungGen: 237696K->96K(238080K)] 519168K->281584K(716288K), 0.0020982 secs] [Times: user=0.00 sys=0.00, real=0.00 secs] 
2024-07-05T02:34:46.286+0800: 6394.997: [GC (Allocation Failure) [PSYoungGen: 237664K->160K(238080K)] 519152K->281696K(716288K), 0.0019546 secs] [Times: user=0.00 sys=0.00, real=0.00 secs] 
2024-07-05T02:34:46.518+0800: 6395.229: [GC (Allocation Failure) [PSYoungGen: 237728K->128K(238080K)] 519264K->281720K(716288K), 0.0032131 secs] [Times: user=0.00 sys=0.00, real=0.00 secs] 
2024-07-05T02:34:46.770+0800: 6395.481: [GC (Allocation Failure) [PSYoungGen: 237696K->64K(238080K)] 519288K->281656K(716288K), 0.0019063 secs] [Times: user=0.01 sys=0.00, real=0.00 secs] 
2024-07-05T02:34:47.030+0800: 6395.741: [GC (Allocation Failure) [PSYoungGen: 237632K->32K(238080K)] 519224K->281640K(716288K), 0.0031403 secs] [Times: user=0.00 sys=0.00, real=0.00 secs] 
2024-07-05T02:34:47.254+0800: 6395.965: [GC (Allocation Failure) [PSYoungGen: 237600K->96K(238080K)] 519208K->281720K(716288K), 0.0032112 secs] [Times: user=0.00 sys=0.00, real=0.00 secs] 
2024-07-05T02:34:47.485+0800: 6396.196: [GC (Allocation Failure) [PSYoungGen: 237664K->192K(238080K)] 519288K->281856K(716288K), 0.0021021 secs] [Times: user=0.00 sys=0.00, real=0.01 secs] 
2024-07-05T02:34:47.726+0800: 6396.437: [GC (Allocation Failure) [PSYoungGen: 237760K->96K(238080K)] 519424K->281800K(716288K), 0.0034482 secs] [Times: user=0.00 sys=0.00, real=0.00 secs] 
2024-07-05T02:34:47.951+0800: 6396.662: [GC (Allocation Failure) [PSYoungGen: 237664K->64K(238080K)] 519368K->281784K(716288K), 0.0025853 secs] [Times: user=0.00 sys=0.00, real=0.01 secs] 
2024-07-05T02:34:48.218+0800: 6396.929: [GC (Allocation Failure) [PSYoungGen: 237632K->192K(238080K)] 519352K->281936K(716288K), 0.0031453 secs] [Times: user=0.01 sys=0.00, real=0.00 secs] 
2024-07-05T02:34:48.442+0800: 6397.152: [GC (Allocation Failure) [PSYoungGen: 237760K->128K(238080K)] 519504K->281896K(716288K), 0.0023980 secs] [Times: user=0.01 sys=0.00, real=0.00 secs] 
2024-07-05T02:34:48.679+0800: 6397.389: [GC (Allocation Failure) [PSYoungGen: 237696K->160K(238080K)] 519464K->281968K(716288K), 0.0032364 secs] [Times: user=0.00 sys=0.00, real=0.00 secs] 
2024-07-05T02:34:48.934+0800: 6397.645: [GC (Allocation Failure) [PSYoungGen: 237728K->96K(238080K)] 519536K->281944K(716288K), 0.0032304 secs] [Times: user=0.01 sys=0.00, real=0.00 secs] 
2024-07-05T02:34:49.202+0800: 6397.912: [GC (Allocation Failure) [PSYoungGen: 237664K->32K(238080K)] 519512K->281896K(716288K), 0.0030415 secs] [Times: user=0.00 sys=0.00, real=0.00 secs] 
2024-07-05T02:34:49.438+0800: 6398.149: [GC (Allocation Failure) [PSYoungGen: 237600K->64K(238080K)] 519464K->281952K(716288K), 0.0025661 secs] [Times: user=0.01 sys=0.00, real=0.00 secs] 
2024-07-05T02:34:49.687+0800: 6398.397: [GC (Allocation Failure) [PSYoungGen: 237632K->128K(238080K)] 519520K->282032K(716288K), 0.0019553 secs] [Times: user=0.01 sys=0.00, real=0.00 secs] 
2024-07-05T02:34:49.953+0800: 6398.663: [GC (Allocation Failure) [PSYoungGen: 237696K->112K(238080K)] 519600K->282049K(716288K), 0.0018762 secs] [Times: user=0.00 sys=0.00, real=0.01 secs] 
2024-07-05T02:34:50.178+0800: 6398.889: [GC (Allocation Failure) [PSYoungGen: 237680K->64K(238080K)] 519617K->282057K(716288K), 0.0035247 secs] [Times: user=0.01 sys=0.00, real=0.00 secs] 
2024-07-05T02:34:50.479+0800: 6399.189: [GC (Allocation Failure) [PSYoungGen: 237632K->160K(238080K)] 519625K->282153K(716288K), 0.0031812 secs] [Times: user=0.01 sys=0.00, real=0.00 secs] 
2024-07-05T02:34:50.714+0800: 6399.425: [GC (Allocation Failure) [PSYoungGen: 237728K->48K(238080K)] 519721K->282041K(716288K), 0.0029976 secs] [Times: user=0.00 sys=0.00, real=0.00 secs] 
2024-07-05T02:34:51.022+0800: 6399.733: [GC (Allocation Failure) [PSYoungGen: 237616K->32K(238080K)] 519609K->282089K(716288K), 0.0032239 secs] [Times: user=0.00 sys=0.00, real=0.01 secs] 
2024-07-05T02:34:51.370+0800: 6400.081: [GC (Allocation Failure) [PSYoungGen: 237600K->128K(238080K)] 519657K->282185K(716288K), 0.0033112 secs] [Times: user=0.00 sys=0.00, real=0.00 secs] 
2024-07-05T02:34:51.611+0800: 6400.322: [GC (Allocation Failure) [PSYoungGen: 237696K->160K(238080K)] 519753K->282297K(716288K), 0.0021195 secs] [Times: user=0.00 sys=0.00, real=0.00 secs] 
2024-07-05T02:34:51.901+0800: 6400.612: [GC (Allocation Failure) [PSYoungGen: 237728K->128K(238080K)] 519865K->282265K(716288K), 0.0022277 secs] [Times: user=0.00 sys=0.00, real=0.00 secs] 
2024-07-05T02:34:52.161+0800: 6400.871: [GC (Allocation Failure) [PSYoungGen: 237696K->128K(238080K)] 519833K->282289K(716288K), 0.0024382 secs] [Times: user=0.01 sys=0.00, real=0.00 secs] 
2024-07-05T02:34:52.459+0800: 6401.169: [GC (Allocation Failure) [PSYoungGen: 237696K->32K(238080K)] 519857K->282225K(716288K), 0.0040563 secs] [Times: user=0.01 sys=0.00, real=0.00 secs] 
2024-07-05T02:34:52.700+0800: 6401.411: [GC (Allocation Failure) [PSYoungGen: 237600K->96K(238080K)] 519793K->282329K(716288K), 0.0023621 secs] [Times: user=0.00 sys=0.00, real=0.00 secs] 
2024-07-05T02:34:52.976+0800: 6401.687: [GC (Allocation Failure) [PSYoungGen: 237664K->128K(238080K)] 519897K->282361K(716288K), 0.0019381 secs] [Times: user=0.00 sys=0.00, real=0.00 secs] 
2024-07-05T02:34:53.217+0800: 6401.928: [GC (Allocation Failure) [PSYoungGen: 237696K->32K(238080K)] 519929K->282313K(716288K), 0.0020162 secs] [Times: user=0.01 sys=0.00, real=0.00 secs] 
2024-07-05T02:34:53.478+0800: 6402.189: [GC (Allocation Failure) [PSYoungGen: 237600K->144K(238080K)] 519881K->282441K(716288K), 0.0031658 secs] [Times: user=0.00 sys=0.00, real=0.00 secs] 
2024-07-05T02:34:53.763+0800: 6402.474: [GC (Allocation Failure) [PSYoungGen: 237712K->96K(238080K)] 520009K->282425K(716288K), 0.0019359 secs] [Times: user=0.00 sys=0.00, real=0.00 secs] 
2024-07-05T02:34:53.982+0800: 6402.693: [GC (Allocation Failure) [PSYoungGen: 237664K->64K(238080K)] 519993K->282417K(716288K), 0.0019712 secs] [Times: user=0.00 sys=0.00, real=0.00 secs] 
2024-07-05T02:34:54.267+0800: 6402.977: [GC (Allocation Failure) [PSYoungGen: 237632K->160K(238080K)] 519985K->282553K(716288K), 0.0020626 secs] [Times: user=0.01 sys=0.00, real=0.00 secs] 
2024-07-05T02:34:54.523+0800: 6403.233: [GC (Allocation Failure) [PSYoungGen: 237728K->128K(238080K)] 520121K->282521K(716288K), 0.0021809 secs] [Times: user=0.00 sys=0.00, real=0.00 secs] 
2024-07-05T02:34:54.767+0800: 6403.477: [GC (Allocation Failure) [PSYoungGen: 237696K->128K(238080K)] 520089K->282593K(716288K), 0.0034052 secs] [Times: user=0.00 sys=0.00, real=0.00 secs] 
2024-07-05T02:34:55.046+0800: 6403.757: [GC (Allocation Failure) [PSYoungGen: 237696K->96K(238080K)] 520161K->282561K(716288K), 0.0023897 secs] [Times: user=0.00 sys=0.00, real=0.00 secs] 
2024-07-05T02:34:55.336+0800: 6404.047: [GC (Allocation Failure) [PSYoungGen: 237664K->160K(238080K)] 520129K->282649K(716288K), 0.0023834 secs] [Times: user=0.00 sys=0.00, real=0.00 secs] 
2024-07-05T02:34:55.657+0800: 6404.368: [GC (Allocation Failure) [PSYoungGen: 237728K->160K(238080K)] 520217K->282689K(716288K), 0.0020744 secs] [Times: user=0.01 sys=0.00, real=0.00 secs] 
2024-07-05T02:34:55.976+0800: 6404.686: [GC (Allocation Failure) [PSYoungGen: 237728K->128K(238080K)] 520257K->282657K(716288K), 0.0021450 secs] [Times: user=0.01 sys=0.00, real=0.00 secs] 
2024-07-05T02:34:56.198+0800: 6404.908: [GC (Allocation Failure) [PSYoungGen: 237696K->96K(238080K)] 520225K->282689K(716288K), 0.0020104 secs] [Times: user=0.01 sys=0.00, real=0.00 secs] 
2024-07-05T02:34:56.526+0800: 6405.237: [GC (Allocation Failure) [PSYoungGen: 237664K->128K(238080K)] 520257K->282721K(716288K), 0.0033779 secs] [Times: user=0.00 sys=0.00, real=0.00 secs] 
2024-07-05T02:34:56.758+0800: 6405.469: [GC (Allocation Failure) [PSYoungGen: 237696K->64K(238080K)] 520289K->282681K(716288K), 0.0030940 secs] [Times: user=0.00 sys=0.00, real=0.00 secs] 
2024-07-05T02:34:57.056+0800: 6405.766: [GC (Allocation Failure) [PSYoungGen: 237632K->128K(238080K)] 520249K->282761K(716288K), 0.0021157 secs] [Times: user=0.00 sys=0.00, real=0.00 secs] 
2024-07-05T02:34:57.341+0800: 6406.051: [GC (Allocation Failure) [PSYoungGen: 237696K->192K(238080K)] 520329K->282857K(716288K), 0.0020086 secs] [Times: user=0.00 sys=0.00, real=0.00 secs] 
2024-07-05T02:34:57.538+0800: 6406.249: [GC (Allocation Failure) [PSYoungGen: 237760K->128K(238080K)] 520425K->282869K(716288K), 0.0032689 secs] [Times: user=0.00 sys=0.00, real=0.00 secs] 
2024-07-05T02:34:57.816+0800: 6406.527: [GC (Allocation Failure) [PSYoungGen: 237696K->64K(238080K)] 520437K->282805K(716288K), 0.0020380 secs] [Times: user=0.00 sys=0.00, real=0.00 secs] 
2024-07-05T02:34:58.042+0800: 6406.753: [GC (Allocation Failure) [PSYoungGen: 237632K->48K(238080K)] 520373K->282789K(716288K), 0.0030508 secs] [Times: user=0.00 sys=0.00, real=0.00 secs] 
2024-07-05T02:34:58.317+0800: 6407.028: [GC (Allocation Failure) [PSYoungGen: 237616K->160K(238080K)] 520357K->282957K(716288K), 0.0024032 secs] [Times: user=0.01 sys=0.00, real=0.00 secs] 
2024-07-05T02:34:58.647+0800: 6407.358: [GC (Allocation Failure) [PSYoungGen: 237728K->192K(238080K)] 520525K->282989K(716288K), 0.0020819 secs] [Times: user=0.01 sys=0.00, real=0.00 secs] 
2024-07-05T02:34:58.870+0800: 6407.580: [GC (Allocation Failure) [PSYoungGen: 237760K->32K(238080K)] 520557K->282877K(716288K), 0.0018842 secs] [Times: user=0.00 sys=0.00, real=0.00 secs] 
2024-07-05T02:34:59.147+0800: 6407.858: [GC (Allocation Failure) [PSYoungGen: 237600K->64K(238080K)] 520445K->282925K(716288K), 0.0019555 secs] [Times: user=0.00 sys=0.00, real=0.00 secs] 
2024-07-05T02:34:59.386+0800: 6408.097: [GC (Allocation Failure) [PSYoungGen: 237632K->80K(238080K)] 520493K->282941K(716288K), 0.0019937 secs] [Times: user=0.00 sys=0.00, real=0.00 secs] 
2024-07-05T02:34:59.629+0800: 6408.340: [GC (Allocation Failure) [PSYoungGen: 237648K->32K(238080K)] 520509K->282949K(716288K), 0.0020307 secs] [Times: user=0.00 sys=0.00, real=0.00 secs] 
2024-07-05T02:34:59.922+0800: 6408.633: [GC (Allocation Failure) [PSYoungGen: 237600K->112K(238080K)] 520517K->283029K(716288K), 0.0020566 secs] [Times: user=0.01 sys=0.00, real=0.00 secs] 
2024-07-05T02:35:00.142+0800: 6408.852: [GC (Allocation Failure) [PSYoungGen: 237680K->96K(238080K)] 520597K->283061K(716288K), 0.0020586 secs] [Times: user=0.01 sys=0.00, real=0.00 secs] 
2024-07-05T02:35:00.412+0800: 6409.123: [GC (Allocation Failure) [PSYoungGen: 237664K->128K(238080K)] 520629K->283109K(716288K), 0.0020357 secs] [Times: user=0.00 sys=0.00, real=0.01 secs] 
2024-07-05T02:35:00.658+0800: 6409.369: [GC (Allocation Failure) [PSYoungGen: 237696K->144K(238080K)] 520677K->283149K(716288K), 0.0028814 secs] [Times: user=0.01 sys=0.00, real=0.00 secs] 
2024-07-05T02:35:00.926+0800: 6409.637: [GC (Allocation Failure) [PSYoungGen: 237712K->96K(238080K)] 520717K->283133K(716288K), 0.0019709 secs] [Times: user=0.00 sys=0.00, real=0.00 secs] 
2024-07-05T02:35:01.192+0800: 6409.903: [GC (Allocation Failure) [PSYoungGen: 237664K->128K(238080K)] 520701K->283189K(716288K), 0.0025728 secs] [Times: user=0.01 sys=0.00, real=0.01 secs] 
2024-07-05T02:35:01.422+0800: 6410.132: [GC (Allocation Failure) [PSYoungGen: 237696K->64K(238080K)] 520757K->283165K(716288K), 0.0019011 secs] [Times: user=0.00 sys=0.00, real=0.00 secs] 
2024-07-05T02:35:01.654+0800: 6410.365: [GC (Allocation Failure) [PSYoungGen: 237632K->96K(238080K)] 520733K->283221K(716288K), 0.0019796 secs] [Times: user=0.01 sys=0.00, real=0.00 secs] 
2024-07-05T02:35:01.898+0800: 6410.609: [GC (Allocation Failure) [PSYoungGen: 237664K->64K(238080K)] 520789K->283189K(716288K), 0.0019085 secs] [Times: user=0.00 sys=0.00, real=0.00 secs] 
2024-07-05T02:35:02.126+0800: 6410.837: [GC (Allocation Failure) [PSYoungGen: 237632K->96K(238080K)] 520757K->283261K(716288K), 0.0019370 secs] [Times: user=0.00 sys=0.00, real=0.00 secs] 
2024-07-05T02:35:02.377+0800: 6411.088: [GC (Allocation Failure) [PSYoungGen: 237664K->80K(238080K)] 520829K->283261K(716288K), 0.0019788 secs] [Times: user=0.00 sys=0.00, real=0.00 secs] 
2024-07-05T02:35:02.606+0800: 6411.317: [GC (Allocation Failure) [PSYoungGen: 237648K->64K(238080K)] 520829K->283293K(716288K), 0.0031545 secs] [Times: user=0.01 sys=0.00, real=0.00 secs] 
2024-07-05T02:35:02.834+0800: 6411.545: [GC (Allocation Failure) [PSYoungGen: 237632K->96K(238080K)] 520861K->283349K(716288K), 0.0030988 secs] [Times: user=0.00 sys=0.00, real=0.00 secs] 
2024-07-05T02:35:03.086+0800: 6411.796: [GC (Allocation Failure) [PSYoungGen: 237664K->128K(238080K)] 520917K->283381K(716288K), 0.0030610 secs] [Times: user=0.00 sys=0.00, real=0.00 secs] 
2024-07-05T02:35:03.290+0800: 6412.001: [GC (Allocation Failure) [PSYoungGen: 237696K->64K(238080K)] 520949K->283357K(716288K), 0.0030861 secs] [Times: user=0.01 sys=0.00, real=0.00 secs] 
2024-07-05T02:35:03.567+0800: 6412.278: [GC (Allocation Failure) [PSYoungGen: 237632K->160K(238080K)] 520925K->283469K(716288K), 0.0029856 secs] [Times: user=0.00 sys=0.00, real=0.00 secs] 
2024-07-05T02:35:03.881+0800: 6412.592: [GC (Allocation Failure) [PSYoungGen: 237728K->64K(238080K)] 521037K->283405K(716288K), 0.0022439 secs] [Times: user=0.01 sys=0.00, real=0.00 secs] 
2024-07-05T02:35:04.094+0800: 6412.805: [GC (Allocation Failure) [PSYoungGen: 237632K->128K(238080K)] 520973K->283509K(716288K), 0.0022422 secs] [Times: user=0.00 sys=0.00, real=0.00 secs] 
2024-07-05T02:35:04.406+0800: 6413.117: [GC (Allocation Failure) [PSYoungGen: 237696K->192K(238080K)] 521077K->283573K(716288K), 0.0020726 secs] [Times: user=0.00 sys=0.00, real=0.00 secs] 
2024-07-05T02:35:04.604+0800: 6413.314: [GC (Allocation Failure) [PSYoungGen: 237760K->96K(238080K)] 521141K->283549K(716288K), 0.0019869 secs] [Times: user=0.00 sys=0.00, real=0.01 secs] 
2024-07-05T02:35:04.914+0800: 6413.625: [GC (Allocation Failure) [PSYoungGen: 237664K->144K(238080K)] 521117K->283597K(716288K), 0.0031768 secs] [Times: user=0.00 sys=0.00, real=0.00 secs] 
2024-07-05T02:35:05.209+0800: 6413.919: [GC (Allocation Failure) [PSYoungGen: 237712K->96K(238080K)] 521165K->283581K(716288K), 0.0025299 secs] [Times: user=0.00 sys=0.00, real=0.00 secs] 
2024-07-05T02:35:05.465+0800: 6414.176: [GC (Allocation Failure) [PSYoungGen: 237664K->96K(238080K)] 521149K->283613K(716288K), 0.0019895 secs] [Times: user=0.00 sys=0.00, real=0.01 secs] 
2024-07-05T02:35:05.761+0800: 6414.472: [GC (Allocation Failure) [PSYoungGen: 237664K->224K(238080K)] 521181K->283741K(716288K), 0.0022462 secs] [Times: user=0.01 sys=0.00, real=0.00 secs] 
2024-07-05T02:35:06.058+0800: 6414.769: [GC (Allocation Failure) [PSYoungGen: 237792K->64K(238080K)] 521309K->283629K(716288K), 0.0041136 secs] [Times: user=0.00 sys=0.01, real=0.00 secs] 
2024-07-05T02:35:06.402+0800: 6415.113: [GC (Allocation Failure) [PSYoungGen: 237632K->128K(238080K)] 521197K->283693K(716288K), 0.0038596 secs] [Times: user=0.00 sys=0.00, real=0.01 secs] 
2024-07-05T02:35:06.666+0800: 6415.377: [GC (Allocation Failure) [PSYoungGen: 237696K->96K(238080K)] 521261K->283729K(716288K), 0.0021083 secs] [Times: user=0.01 sys=0.00, real=0.00 secs] 
2024-07-05T02:35:06.954+0800: 6415.664: [GC (Allocation Failure) [PSYoungGen: 237664K->160K(238080K)] 521297K->283793K(716288K), 0.0020562 secs] [Times: user=0.01 sys=0.00, real=0.00 secs] 
2024-07-05T02:35:07.186+0800: 6415.897: [GC (Allocation Failure) [PSYoungGen: 237728K->32K(238080K)] 521361K->283713K(716288K), 0.0022269 secs] [Times: user=0.01 sys=0.00, real=0.00 secs] 
2024-07-05T02:35:07.449+0800: 6416.159: [GC (Allocation Failure) [PSYoungGen: 237600K->192K(238080K)] 521281K->283889K(716288K), 0.0019864 secs] [Times: user=0.00 sys=0.00, real=0.00 secs] 
2024-07-05T02:35:07.702+0800: 6416.413: [GC (Allocation Failure) [PSYoungGen: 237760K->160K(238080K)] 521457K->283889K(716288K), 0.0021885 secs] [Times: user=0.00 sys=0.00, real=0.00 secs] 
2024-07-05T02:35:07.956+0800: 6416.667: [GC (Allocation Failure) [PSYoungGen: 237728K->128K(238080K)] 521457K->283857K(716288K), 0.0020156 secs] [Times: user=0.00 sys=0.00, real=0.00 secs] 
2024-07-05T02:35:08.200+0800: 6416.911: [GC (Allocation Failure) [PSYoungGen: 237696K->128K(238080K)] 521425K->283925K(716288K), 0.0018961 secs] [Times: user=0.01 sys=0.00, real=0.00 secs] 
2024-07-05T02:35:08.424+0800: 6417.134: [GC (Allocation Failure) [PSYoungGen: 237696K->64K(238080K)] 521493K->283885K(716288K), 0.0019255 secs] [Times: user=0.00 sys=0.00, real=0.01 secs] 
2024-07-05T02:35:08.660+0800: 6417.371: [GC (Allocation Failure) [PSYoungGen: 237632K->96K(238080K)] 521453K->283941K(716288K), 0.0031449 secs] [Times: user=0.01 sys=0.00, real=0.00 secs] 
2024-07-05T02:35:08.958+0800: 6417.669: [GC (Allocation Failure) [PSYoungGen: 237664K->112K(238080K)] 521509K->283957K(716288K), 0.0020726 secs] [Times: user=0.00 sys=0.00, real=0.00 secs] 
2024-07-05T02:35:09.221+0800: 6417.932: [GC (Allocation Failure) [PSYoungGen: 237680K->80K(238080K)] 521525K->283966K(716288K), 0.0020147 secs] [Times: user=0.01 sys=0.00, real=0.00 secs] 
2024-07-05T02:35:09.490+0800: 6418.201: [GC (Allocation Failure) [PSYoungGen: 237648K->96K(238080K)] 521534K->284022K(716288K), 0.0020245 secs] [Times: user=0.00 sys=0.00, real=0.00 secs] 
2024-07-05T02:35:09.734+0800: 6418.445: [GC (Allocation Failure) [PSYoungGen: 237664K->160K(238080K)] 521590K->284110K(716288K), 0.0021087 secs] [Times: user=0.00 sys=0.00, real=0.00 secs] 
2024-07-05T02:35:09.995+0800: 6418.706: [GC (Allocation Failure) [PSYoungGen: 237728K->128K(238080K)] 521678K->284078K(716288K), 0.0035443 secs] [Times: user=0.00 sys=0.00, real=0.00 secs] 
2024-07-05T02:35:10.278+0800: 6418.989: [GC (Allocation Failure) [PSYoungGen: 237696K->128K(238080K)] 521646K->284102K(716288K), 0.0022899 secs] [Times: user=0.00 sys=0.00, real=0.00 secs] 
2024-07-05T02:35:10.562+0800: 6419.273: [GC (Allocation Failure) [PSYoungGen: 237696K->112K(238080K)] 521670K->284126K(716288K), 0.0020727 secs] [Times: user=0.00 sys=0.00, real=0.00 secs] 
2024-07-05T02:35:10.806+0800: 6419.517: [GC (Allocation Failure) [PSYoungGen: 237680K->64K(238080K)] 521694K->284126K(716288K), 0.0019112 secs] [Times: user=0.00 sys=0.00, real=0.00 secs] 
2024-07-05T02:35:11.062+0800: 6419.773: [GC (Allocation Failure) [PSYoungGen: 237632K->96K(238080K)] 521694K->284174K(716288K), 0.0020092 secs] [Times: user=0.01 sys=0.00, real=0.00 secs] 
2024-07-05T02:35:11.342+0800: 6420.053: [GC (Allocation Failure) [PSYoungGen: 237664K->96K(238080K)] 521742K->284174K(716288K), 0.0019887 secs] [Times: user=0.00 sys=0.00, real=0.00 secs] 
2024-07-05T02:35:11.662+0800: 6420.373: [GC (Allocation Failure) [PSYoungGen: 237664K->80K(238080K)] 521742K->284174K(716288K), 0.0033724 secs] [Times: user=0.00 sys=0.00, real=0.00 secs] 
2024-07-05T02:35:11.949+0800: 6420.659: [GC (Allocation Failure) [PSYoungGen: 237648K->112K(238080K)] 521742K->284246K(716288K), 0.0019637 secs] [Times: user=0.01 sys=0.00, real=0.00 secs] 
2024-07-05T02:35:12.190+0800: 6420.901: [GC (Allocation Failure) [PSYoungGen: 237680K->64K(238080K)] 521814K->284246K(716288K), 0.0035722 secs] [Times: user=0.00 sys=0.00, real=0.01 secs] 
2024-07-05T02:35:12.418+0800: 6421.129: [GC (Allocation Failure) [PSYoungGen: 237632K->96K(238080K)] 521814K->284278K(716288K), 0.0019751 secs] [Times: user=0.00 sys=0.00, real=0.00 secs] 
2024-07-05T02:35:12.658+0800: 6421.368: [GC (Allocation Failure) [PSYoungGen: 237664K->64K(238080K)] 521846K->284262K(716288K), 0.0029956 secs] [Times: user=0.00 sys=0.00, real=0.00 secs] 
2024-07-05T02:35:12.889+0800: 6421.600: [GC (Allocation Failure) [PSYoungGen: 237632K->80K(238080K)] 521830K->284294K(716288K), 0.0019218 secs] [Times: user=0.01 sys=0.00, real=0.00 secs] 
2024-07-05T02:35:13.119+0800: 6421.830: [GC (Allocation Failure) [PSYoungGen: 237648K->128K(238080K)] 521862K->284382K(716288K), 0.0018773 secs] [Times: user=0.00 sys=0.00, real=0.00 secs] 
2024-07-05T02:35:13.344+0800: 6422.055: [GC (Allocation Failure) [PSYoungGen: 237696K->160K(238080K)] 521950K->284462K(716288K), 0.0019546 secs] [Times: user=0.00 sys=0.00, real=0.01 secs] 
2024-07-05T02:35:13.585+0800: 6422.295: [GC (Allocation Failure) [PSYoungGen: 237728K->96K(238080K)] 522030K->284398K(716288K), 0.0020199 secs] [Times: user=0.01 sys=0.00, real=0.01 secs] 
2024-07-05T02:35:13.809+0800: 6422.520: [GC (Allocation Failure) [PSYoungGen: 237664K->96K(238080K)] 521966K->284414K(716288K), 0.0019313 secs] [Times: user=0.01 sys=0.00, real=0.00 secs] 
2024-07-05T02:35:14.044+0800: 6422.755: [GC (Allocation Failure) [PSYoungGen: 237664K->96K(238080K)] 521982K->284430K(716288K), 0.0019014 secs] [Times: user=0.00 sys=0.00, real=0.01 secs] 
2024-07-05T02:35:14.267+0800: 6422.978: [GC (Allocation Failure) [PSYoungGen: 237664K->112K(238080K)] 521998K->284494K(716288K), 0.0018926 secs] [Times: user=0.00 sys=0.00, real=0.00 secs] 
2024-07-05T02:35:14.490+0800: 6423.201: [GC (Allocation Failure) [PSYoungGen: 237680K->64K(238080K)] 522062K->284502K(716288K), 0.0019831 secs] [Times: user=0.00 sys=0.00, real=0.00 secs] 
2024-07-05T02:35:14.758+0800: 6423.469: [GC (Allocation Failure) [PSYoungGen: 237632K->96K(238080K)] 522070K->284534K(716288K), 0.0019428 secs] [Times: user=0.00 sys=0.00, real=0.00 secs] 
2024-07-05T02:35:14.986+0800: 6423.697: [GC (Allocation Failure) [PSYoungGen: 237664K->96K(238080K)] 522102K->284558K(716288K), 0.0019735 secs] [Times: user=0.00 sys=0.00, real=0.00 secs] 
2024-07-05T02:35:15.234+0800: 6423.945: [GC (Allocation Failure) [PSYoungGen: 237664K->176K(238080K)] 522126K->284654K(716288K), 0.0019332 secs] [Times: user=0.00 sys=0.00, real=0.00 secs] 
2024-07-05T02:35:15.470+0800: 6424.181: [GC (Allocation Failure) [PSYoungGen: 237744K->112K(238080K)] 522222K->284638K(716288K), 0.0036733 secs] [Times: user=0.00 sys=0.00, real=0.01 secs] 
2024-07-05T02:35:15.751+0800: 6424.462: [GC (Allocation Failure) [PSYoungGen: 237680K->64K(238080K)] 522206K->284622K(716288K), 0.0021557 secs] [Times: user=0.00 sys=0.00, real=0.00 secs] 
2024-07-05T02:35:15.988+0800: 6424.698: [GC (Allocation Failure) [PSYoungGen: 237632K->96K(238080K)] 522190K->284678K(716288K), 0.0024611 secs] [Times: user=0.01 sys=0.00, real=0.00 secs] 
2024-07-05T02:35:16.254+0800: 6424.965: [GC (Allocation Failure) [PSYoungGen: 237664K->96K(238080K)] 522246K->284702K(716288K), 0.0026978 secs] [Times: user=0.00 sys=0.00, real=0.00 secs] 
2024-07-05T02:35:16.534+0800: 6425.245: [GC (Allocation Failure) [PSYoungGen: 237664K->96K(238080K)] 522270K->284702K(716288K), 0.0020126 secs] [Times: user=0.00 sys=0.00, real=0.00 secs] 
2024-07-05T02:35:16.762+0800: 6425.472: [GC (Allocation Failure) [PSYoungGen: 237664K->96K(238080K)] 522270K->284794K(716288K), 0.0027803 secs] [Times: user=0.00 sys=0.00, real=0.00 secs] 
2024-07-05T02:35:17.071+0800: 6425.781: [GC (Allocation Failure) [PSYoungGen: 237664K->160K(238080K)] 522362K->284858K(716288K), 0.0034032 secs] [Times: user=0.00 sys=0.00, real=0.01 secs] 
2024-07-05T02:35:17.285+0800: 6425.995: [GC (Allocation Failure) [PSYoungGen: 237728K->96K(238080K)] 522426K->284818K(716288K), 0.0020786 secs] [Times: user=0.00 sys=0.00, real=0.01 secs] 
2024-07-05T02:35:17.558+0800: 6426.268: [GC (Allocation Failure) [PSYoungGen: 237664K->96K(238080K)] 522386K->284834K(716288K), 0.0021586 secs] [Times: user=0.00 sys=0.00, real=0.00 secs] 
2024-07-05T02:35:17.810+0800: 6426.521: [GC (Allocation Failure) [PSYoungGen: 237664K->160K(238080K)] 522402K->284898K(716288K), 0.0028948 secs] [Times: user=0.01 sys=0.00, real=0.00 secs] 
2024-07-05T02:35:18.018+0800: 6426.729: [GC (Allocation Failure) [PSYoungGen: 237728K->64K(238080K)] 522466K->284894K(716288K), 0.0019244 secs] [Times: user=0.00 sys=0.00, real=0.00 secs] 
2024-07-05T02:35:18.274+0800: 6426.985: [GC (Allocation Failure) [PSYoungGen: 237632K->64K(238080K)] 522462K->284894K(716288K), 0.0019140 secs] [Times: user=0.00 sys=0.00, real=0.00 secs] 
2024-07-05T02:35:18.500+0800: 6427.210: [GC (Allocation Failure) [PSYoungGen: 237632K->96K(238080K)] 522462K->284950K(716288K), 0.0019596 secs] [Times: user=0.01 sys=0.00, real=0.00 secs] 
2024-07-05T02:35:18.735+0800: 6427.446: [GC (Allocation Failure) [PSYoungGen: 237664K->128K(238080K)] 522518K->284998K(716288K), 0.0021531 secs] [Times: user=0.00 sys=0.00, real=0.00 secs] 
2024-07-05T02:35:19.016+0800: 6427.727: [GC (Allocation Failure) [PSYoungGen: 237696K->160K(238080K)] 522566K->285030K(716288K), 0.0032377 secs] [Times: user=0.01 sys=0.00, real=0.00 secs] 
2024-07-05T02:35:19.254+0800: 6427.965: [GC (Allocation Failure) [PSYoungGen: 237728K->64K(238080K)] 522598K->285002K(716288K), 0.0020733 secs] [Times: user=0.00 sys=0.00, real=0.00 secs] 
2024-07-05T02:35:19.517+0800: 6428.228: [GC (Allocation Failure) [PSYoungGen: 237632K->128K(238080K)] 522570K->285082K(716288K), 0.0019961 secs] [Times: user=0.00 sys=0.00, real=0.00 secs] 
2024-07-05T02:35:19.742+0800: 6428.453: [GC (Allocation Failure) [PSYoungGen: 237696K->32K(238080K)] 522650K->284986K(716288K), 0.0019502 secs] [Times: user=0.00 sys=0.00, real=0.00 secs] 
2024-07-05T02:35:19.966+0800: 6428.677: [GC (Allocation Failure) [PSYoungGen: 237600K->32K(238080K)] 522554K->285010K(716288K), 0.0029622 secs] [Times: user=0.00 sys=0.00, real=0.00 secs] 
2024-07-05T02:35:20.227+0800: 6428.938: [GC (Allocation Failure) [PSYoungGen: 237600K->160K(238080K)] 522578K->285146K(716288K), 0.0031481 secs] [Times: user=0.00 sys=0.00, real=0.00 secs] 
2024-07-05T02:35:20.450+0800: 6429.161: [GC (Allocation Failure) [PSYoungGen: 237728K->96K(238080K)] 522714K->285150K(716288K), 0.0031895 secs] [Times: user=0.00 sys=0.00, real=0.00 secs] 
2024-07-05T02:35:20.695+0800: 6429.406: [GC (Allocation Failure) [PSYoungGen: 237664K->96K(238080K)] 522718K->285166K(716288K), 0.0026488 secs] [Times: user=0.00 sys=0.00, real=0.00 secs] 
2024-07-05T02:35:20.931+0800: 6429.642: [GC (Allocation Failure) [PSYoungGen: 237664K->64K(238080K)] 522734K->285134K(716288K), 0.0030808 secs] [Times: user=0.00 sys=0.00, real=0.01 secs] 
2024-07-05T02:35:21.158+0800: 6429.869: [GC (Allocation Failure) [PSYoungGen: 237632K->160K(238080K)] 522702K->285270K(716288K), 0.0020726 secs] [Times: user=0.00 sys=0.00, real=0.00 secs] 
2024-07-05T02:35:21.420+0800: 6430.131: [GC (Allocation Failure) [PSYoungGen: 237728K->160K(238080K)] 522838K->285270K(716288K), 0.0023458 secs] [Times: user=0.00 sys=0.00, real=0.00 secs] 
2024-07-05T02:35:21.650+0800: 6430.361: [GC (Allocation Failure) [PSYoungGen: 237728K->96K(238080K)] 522838K->285290K(716288K), 0.0026825 secs] [Times: user=0.00 sys=0.00, real=0.00 secs] 
2024-07-05T02:35:21.888+0800: 6430.599: [GC (Allocation Failure) [PSYoungGen: 237664K->64K(238080K)] 522858K->285274K(716288K), 0.0028011 secs] [Times: user=0.01 sys=0.00, real=0.00 secs] 
2024-07-05T02:35:22.139+0800: 6430.850: [GC (Allocation Failure) [PSYoungGen: 237632K->64K(238080K)] 522842K->285274K(716288K), 0.0019917 secs] [Times: user=0.00 sys=0.00, real=0.00 secs] 
2024-07-05T02:35:22.362+0800: 6431.073: [GC (Allocation Failure) [PSYoungGen: 237632K->64K(238080K)] 522842K->285306K(716288K), 0.0018813 secs] [Times: user=0.01 sys=0.00, real=0.00 secs] 
2024-07-05T02:35:22.622+0800: 6431.333: [GC (Allocation Failure) [PSYoungGen: 237632K->208K(238080K)] 522874K->285450K(716288K), 0.0032350 secs] [Times: user=0.00 sys=0.00, real=0.00 secs] 
2024-07-05T02:35:22.838+0800: 6431.549: [GC (Allocation Failure) [PSYoungGen: 237776K->64K(238080K)] 523018K->285390K(716288K), 0.0028788 secs] [Times: user=0.01 sys=0.00, real=0.00 secs] 
2024-07-05T02:35:23.094+0800: 6431.805: [GC (Allocation Failure) [PSYoungGen: 237632K->128K(238080K)] 522958K->285478K(716288K), 0.0026291 secs] [Times: user=0.00 sys=0.00, real=0.00 secs] 
2024-07-05T02:35:23.378+0800: 6432.089: [GC (Allocation Failure) [PSYoungGen: 237696K->96K(238080K)] 523046K->285446K(716288K), 0.0031789 secs] [Times: user=0.00 sys=0.00, real=0.00 secs] 
2024-07-05T02:35:23.574+0800: 6432.284: [GC (Allocation Failure) [PSYoungGen: 237664K->64K(238080K)] 523014K->285462K(716288K), 0.0018967 secs] [Times: user=0.00 sys=0.00, real=0.01 secs] 
2024-07-05T02:35:23.881+0800: 6432.591: [GC (Allocation Failure) [PSYoungGen: 237632K->176K(238080K)] 523030K->285574K(716288K), 0.0024699 secs] [Times: user=0.01 sys=0.00, real=0.00 secs] 
2024-07-05T02:35:24.139+0800: 6432.849: [GC (Allocation Failure) [PSYoungGen: 237744K->96K(238080K)] 523142K->285554K(716288K), 0.0032949 secs] [Times: user=0.00 sys=0.00, real=0.00 secs] 
2024-07-05T02:35:24.393+0800: 6433.104: [GC (Allocation Failure) [PSYoungGen: 237664K->64K(238080K)] 523122K->285554K(716288K), 0.0020949 secs] [Times: user=0.01 sys=0.00, real=0.01 secs] 
2024-07-05T02:35:24.646+0800: 6433.356: [GC (Allocation Failure) [PSYoungGen: 237632K->64K(238080K)] 523122K->285554K(716288K), 0.0024764 secs] [Times: user=0.00 sys=0.00, real=0.00 secs] 
2024-07-05T02:35:24.922+0800: 6433.633: [GC (Allocation Failure) [PSYoungGen: 237632K->128K(238080K)] 523122K->285642K(716288K), 0.0025464 secs] [Times: user=0.00 sys=0.00, real=0.00 secs] 
2024-07-05T02:35:25.143+0800: 6433.853: [GC (Allocation Failure) [PSYoungGen: 237696K->96K(238080K)] 523210K->285658K(716288K), 0.0028059 secs] [Times: user=0.01 sys=0.00, real=0.00 secs] 
2024-07-05T02:35:25.401+0800: 6434.111: [GC (Allocation Failure) [PSYoungGen: 237664K->128K(238080K)] 523226K->285730K(716288K), 0.0021316 secs] [Times: user=0.01 sys=0.00, real=0.00 secs] 
2024-07-05T02:35:25.708+0800: 6434.418: [GC (Allocation Failure) [PSYoungGen: 237696K->128K(238080K)] 523298K->285730K(716288K), 0.0030672 secs] [Times: user=0.00 sys=0.00, real=0.00 secs] 
2024-07-05T02:35:25.918+0800: 6434.628: [GC (Allocation Failure) [PSYoungGen: 237696K->64K(238080K)] 523298K->285714K(716288K), 0.0020352 secs] [Times: user=0.00 sys=0.00, real=0.00 secs] 
2024-07-05T02:35:26.219+0800: 6434.929: [GC (Allocation Failure) [PSYoungGen: 237632K->160K(238080K)] 523282K->285810K(716288K), 0.0033999 secs] [Times: user=0.00 sys=0.00, real=0.00 secs] 
2024-07-05T02:35:26.506+0800: 6435.217: [GC (Allocation Failure) [PSYoungGen: 237728K->64K(238080K)] 523378K->285754K(716288K), 0.0032363 secs] [Times: user=0.00 sys=0.00, real=0.00 secs] 
2024-07-05T02:35:26.734+0800: 6435.444: [GC (Allocation Failure) [PSYoungGen: 237632K->192K(238080K)] 523322K->285943K(716288K), 0.0035790 secs] [Times: user=0.00 sys=0.00, real=0.00 secs] 
2024-07-05T02:35:27.030+0800: 6435.741: [GC (Allocation Failure) [PSYoungGen: 237760K->96K(238080K)] 523511K->285847K(716288K), 0.0019009 secs] [Times: user=0.00 sys=0.00, real=0.00 secs] 
2024-07-05T02:35:27.234+0800: 6435.945: [GC (Allocation Failure) [PSYoungGen: 237664K->160K(238080K)] 523415K->285959K(716288K), 0.0021741 secs] [Times: user=0.00 sys=0.00, real=0.00 secs] 
2024-07-05T02:35:27.520+0800: 6436.231: [GC (Allocation Failure) [PSYoungGen: 237728K->192K(238080K)] 523527K->285991K(716288K), 0.0026831 secs] [Times: user=0.00 sys=0.00, real=0.00 secs] 
2024-07-05T02:35:27.798+0800: 6436.509: [GC (Allocation Failure) [PSYoungGen: 237760K->80K(238080K)] 523559K->285919K(716288K), 0.0032359 secs] [Times: user=0.00 sys=0.00, real=0.00 secs] 
2024-07-05T02:35:28.008+0800: 6436.718: [GC (Allocation Failure) [PSYoungGen: 237648K->64K(238080K)] 523487K->285971K(716288K), 0.0027851 secs] [Times: user=0.00 sys=0.00, real=0.00 secs] 
2024-07-05T02:35:28.316+0800: 6437.027: [GC (Allocation Failure) [PSYoungGen: 237632K->96K(238080K)] 523539K->286003K(716288K), 0.0021804 secs] [Times: user=0.01 sys=0.00, real=0.00 secs] 
2024-07-05T02:35:28.549+0800: 6437.260: [GC (Allocation Failure) [PSYoungGen: 237664K->112K(238080K)] 523571K->286043K(716288K), 0.0019984 secs] [Times: user=0.00 sys=0.00, real=0.00 secs] 
2024-07-05T02:35:28.874+0800: 6437.585: [GC (Allocation Failure) [PSYoungGen: 237680K->96K(238080K)] 523611K->286067K(716288K), 0.0018763 secs] [Times: user=0.00 sys=0.00, real=0.00 secs] 
2024-07-05T02:35:29.164+0800: 6437.875: [GC (Allocation Failure) [PSYoungGen: 237664K->128K(238080K)] 523635K->286099K(716288K), 0.0023951 secs] [Times: user=0.00 sys=0.00, real=0.01 secs] 
2024-07-05T02:35:29.442+0800: 6438.152: [GC (Allocation Failure) [PSYoungGen: 237696K->64K(238080K)] 523667K->286075K(716288K), 0.0022540 secs] [Times: user=0.00 sys=0.00, real=0.00 secs] 
2024-07-05T02:35:29.710+0800: 6438.421: [GC (Allocation Failure) [PSYoungGen: 237632K->96K(238080K)] 523643K->286123K(716288K), 0.0019399 secs] [Times: user=0.00 sys=0.00, real=0.00 secs] 
2024-07-05T02:35:29.943+0800: 6438.654: [GC (Allocation Failure) [PSYoungGen: 237664K->112K(238080K)] 523691K->286163K(716288K), 0.0019461 secs] [Times: user=0.01 sys=0.00, real=0.00 secs] 
2024-07-05T02:35:30.181+0800: 6438.891: [GC (Allocation Failure) [PSYoungGen: 237680K->96K(238080K)] 523731K->286195K(716288K), 0.0020478 secs] [Times: user=0.00 sys=0.00, real=0.00 secs] 
2024-07-05T02:35:30.422+0800: 6439.133: [GC (Allocation Failure) [PSYoungGen: 237664K->112K(238080K)] 523763K->286211K(716288K), 0.0019712 secs] [Times: user=0.00 sys=0.00, real=0.00 secs] 
2024-07-05T02:35:30.678+0800: 6439.388: [GC (Allocation Failure) [PSYoungGen: 237680K->64K(238080K)] 523779K->286203K(716288K), 0.0019594 secs] [Times: user=0.00 sys=0.00, real=0.00 secs] 
2024-07-05T02:35:30.910+0800: 6439.621: [GC (Allocation Failure) [PSYoungGen: 237632K->96K(238080K)] 523771K->286251K(716288K), 0.0019214 secs] [Times: user=0.00 sys=0.00, real=0.00 secs] 
2024-07-05T02:35:31.138+0800: 6439.849: [GC (Allocation Failure) [PSYoungGen: 237664K->160K(238080K)] 523819K->286339K(716288K), 0.0019676 secs] [Times: user=0.00 sys=0.00, real=0.00 secs] 
2024-07-05T02:35:31.381+0800: 6440.091: [GC (Allocation Failure) [PSYoungGen: 237728K->96K(238080K)] 523907K->286307K(716288K), 0.0019902 secs] [Times: user=0.01 sys=0.00, real=0.00 secs] 
2024-07-05T02:35:31.617+0800: 6440.328: [GC (Allocation Failure) [PSYoungGen: 237664K->48K(238080K)] 523875K->286275K(716288K), 0.0019560 secs] [Times: user=0.00 sys=0.00, real=0.00 secs] 
2024-07-05T02:35:31.880+0800: 6440.591: [GC (Allocation Failure) [PSYoungGen: 237616K->160K(238080K)] 523843K->286427K(716288K), 0.0020231 secs] [Times: user=0.01 sys=0.00, real=0.00 secs] 
2024-07-05T02:35:32.132+0800: 6440.843: [GC (Allocation Failure) [PSYoungGen: 237728K->160K(238080K)] 523995K->286451K(716288K), 0.0020555 secs] [Times: user=0.00 sys=0.00, real=0.01 secs] 
2024-07-05T02:35:32.360+0800: 6441.070: [GC (Allocation Failure) [PSYoungGen: 237728K->192K(238080K)] 524019K->286507K(716288K), 0.0023678 secs] [Times: user=0.00 sys=0.00, real=0.00 secs] 
2024-07-05T02:35:32.621+0800: 6441.332: [GC (Allocation Failure) [PSYoungGen: 237760K->96K(238080K)] 524075K->286443K(716288K), 0.0023503 secs] [Times: user=0.01 sys=0.00, real=0.00 secs] 
2024-07-05T02:35:32.826+0800: 6441.537: [GC (Allocation Failure) [PSYoungGen: 237664K->96K(238080K)] 524011K->286467K(716288K), 0.0031775 secs] [Times: user=0.01 sys=0.00, real=0.00 secs] 
2024-07-05T02:35:33.089+0800: 6441.800: [GC (Allocation Failure) [PSYoungGen: 237664K->128K(238080K)] 524035K->286547K(716288K), 0.0021746 secs] [Times: user=0.01 sys=0.00, real=0.00 secs] 
2024-07-05T02:35:33.358+0800: 6442.068: [GC (Allocation Failure) [PSYoungGen: 237696K->128K(238080K)] 524115K->286547K(716288K), 0.0019600 secs] [Times: user=0.01 sys=0.00, real=0.00 secs] 
2024-07-05T02:35:33.566+0800: 6442.277: [GC (Allocation Failure) [PSYoungGen: 237696K->64K(238080K)] 524115K->286547K(716288K), 0.0020311 secs] [Times: user=0.00 sys=0.00, real=0.00 secs] 
2024-07-05T02:35:33.846+0800: 6442.557: [GC (Allocation Failure) [PSYoungGen: 237632K->160K(238080K)] 524115K->286643K(716288K), 0.0019424 secs] [Times: user=0.00 sys=0.00, real=0.00 secs] 
2024-07-05T02:35:34.050+0800: 6442.761: [GC (Allocation Failure) [PSYoungGen: 237728K->112K(238080K)] 524211K->286619K(716288K), 0.0018848 secs] [Times: user=0.00 sys=0.00, real=0.00 secs] 
2024-07-05T02:35:34.315+0800: 6443.026: [GC (Allocation Failure) [PSYoungGen: 237680K->96K(238080K)] 524187K->286643K(716288K), 0.0018754 secs] [Times: user=0.01 sys=0.00, real=0.00 secs] 
2024-07-05T02:35:34.582+0800: 6443.293: [GC (Allocation Failure) [PSYoungGen: 237664K->128K(238080K)] 524211K->286675K(716288K), 0.0018659 secs] [Times: user=0.00 sys=0.00, real=0.00 secs] 
2024-07-05T02:35:34.784+0800: 6443.494: [GC (Allocation Failure) [PSYoungGen: 237696K->96K(238080K)] 524243K->286707K(716288K), 0.0029439 secs] [Times: user=0.00 sys=0.00, real=0.01 secs] 
2024-07-05T02:35:35.070+0800: 6443.781: [GC (Allocation Failure) [PSYoungGen: 237664K->96K(238080K)] 524275K->286707K(716288K), 0.0019412 secs] [Times: user=0.00 sys=0.00, real=0.00 secs] 
2024-07-05T02:35:35.297+0800: 6444.008: [GC (Allocation Failure) [PSYoungGen: 237664K->48K(238080K)] 524275K->286659K(716288K), 0.0023954 secs] [Times: user=0.00 sys=0.00, real=0.00 secs] 
2024-07-05T02:35:35.588+0800: 6444.299: [GC (Allocation Failure) [PSYoungGen: 237616K->96K(238080K)] 524227K->286755K(716288K), 0.0027673 secs] [Times: user=0.00 sys=0.00, real=0.00 secs] 
2024-07-05T02:35:35.890+0800: 6444.601: [GC (Allocation Failure) [PSYoungGen: 237664K->176K(238080K)] 524323K->286835K(716288K), 0.0032259 secs] [Times: user=0.00 sys=0.00, real=0.00 secs] 
2024-07-05T02:35:36.090+0800: 6444.801: [GC (Allocation Failure) [PSYoungGen: 237744K->32K(238080K)] 524403K->286759K(716288K), 0.0021643 secs] [Times: user=0.00 sys=0.00, real=0.00 secs] 
2024-07-05T02:35:36.379+0800: 6445.090: [GC (Allocation Failure) [PSYoungGen: 237600K->128K(238080K)] 524327K->286855K(716288K), 0.0019236 secs] [Times: user=0.00 sys=0.00, real=0.00 secs] 
2024-07-05T02:35:36.651+0800: 6445.362: [GC (Allocation Failure) [PSYoungGen: 237696K->48K(238080K)] 524423K->286775K(716288K), 0.0030451 secs] [Times: user=0.00 sys=0.00, real=0.01 secs] 
2024-07-05T02:35:36.878+0800: 6445.589: [GC (Allocation Failure) [PSYoungGen: 237616K->128K(238080K)] 524343K->286903K(716288K), 0.0019302 secs] [Times: user=0.01 sys=0.00, real=0.00 secs] 
2024-07-05T02:35:37.180+0800: 6445.891: [GC (Allocation Failure) [PSYoungGen: 237696K->192K(238080K)] 524471K->286967K(716288K), 0.0025666 secs] [Times: user=0.00 sys=0.00, real=0.00 secs] 
2024-07-05T02:35:37.384+0800: 6446.095: [GC (Allocation Failure) [PSYoungGen: 237760K->128K(238080K)] 524535K->286979K(716288K), 0.0020215 secs] [Times: user=0.00 sys=0.00, real=0.01 secs] 
2024-07-05T02:35:37.690+0800: 6446.401: [GC (Allocation Failure) [PSYoungGen: 237696K->160K(238080K)] 524547K->287011K(716288K), 0.0029665 secs] [Times: user=0.00 sys=0.00, real=0.00 secs] 
2024-07-05T02:35:37.990+0800: 6446.701: [GC (Allocation Failure) [PSYoungGen: 237728K->80K(238080K)] 524579K->286931K(716288K), 0.0019074 secs] [Times: user=0.00 sys=0.00, real=0.00 secs] 
2024-07-05T02:35:38.190+0800: 6446.900: [GC (Allocation Failure) [PSYoungGen: 237648K->64K(238080K)] 524499K->286987K(716288K), 0.0019031 secs] [Times: user=0.00 sys=0.00, real=0.00 secs] 
2024-07-05T02:35:38.478+0800: 6447.189: [GC (Allocation Failure) [PSYoungGen: 237632K->144K(238080K)] 524555K->287067K(716288K), 0.0019017 secs] [Times: user=0.00 sys=0.00, real=0.00 secs] 
2024-07-05T02:35:38.683+0800: 6447.394: [GC (Allocation Failure) [PSYoungGen: 237712K->64K(238080K)] 524635K->287035K(716288K), 0.0019594 secs] [Times: user=0.00 sys=0.00, real=0.00 secs] 
2024-07-05T02:35:38.982+0800: 6447.693: [GC (Allocation Failure) [PSYoungGen: 237632K->96K(238080K)] 524603K->287083K(716288K), 0.0019713 secs] [Times: user=0.01 sys=0.00, real=0.00 secs] 
2024-07-05T02:35:39.278+0800: 6447.989: [GC (Allocation Failure) [PSYoungGen: 237664K->160K(238080K)] 524651K->287147K(716288K), 0.0018976 secs] [Times: user=0.01 sys=0.00, real=0.00 secs] 
2024-07-05T02:35:39.474+0800: 6448.185: [GC (Allocation Failure) [PSYoungGen: 237728K->32K(238080K)] 524715K->287091K(716288K), 0.0019794 secs] [Times: user=0.01 sys=0.00, real=0.00 secs] 
2024-07-05T02:35:39.766+0800: 6448.477: [GC (Allocation Failure) [PSYoungGen: 237600K->112K(238080K)] 524659K->287171K(716288K), 0.0020034 secs] [Times: user=0.00 sys=0.00, real=0.00 secs] 
2024-07-05T02:35:39.996+0800: 6448.706: [GC (Allocation Failure) [PSYoungGen: 237680K->32K(238080K)] 524739K->287123K(716288K), 0.0020345 secs] [Times: user=0.00 sys=0.00, real=0.00 secs] 
2024-07-05T02:35:40.260+0800: 6448.970: [GC (Allocation Failure) [PSYoungGen: 237600K->64K(238080K)] 524691K->287179K(716288K), 0.0019686 secs] [Times: user=0.01 sys=0.00, real=0.00 secs] 
2024-07-05T02:35:40.555+0800: 6449.265: [GC (Allocation Failure) [PSYoungGen: 237632K->192K(238080K)] 524747K->287307K(716288K), 0.0032239 secs] [Times: user=0.00 sys=0.00, real=0.00 secs] 
2024-07-05T02:35:40.751+0800: 6449.461: [GC (Allocation Failure) [PSYoungGen: 237760K->96K(238080K)] 524875K->287283K(716288K), 0.0031640 secs] [Times: user=0.01 sys=0.00, real=0.01 secs] 
2024-07-05T02:35:41.042+0800: 6449.753: [GC (Allocation Failure) [PSYoungGen: 237664K->224K(238080K)] 524851K->287411K(716288K), 0.0032028 secs] [Times: user=0.01 sys=0.00, real=0.00 secs] 
2024-07-05T02:35:41.326+0800: 6450.037: [GC (Allocation Failure) [PSYoungGen: 237792K->32K(238080K)] 524979K->287251K(716288K), 0.0034489 secs] [Times: user=0.00 sys=0.00, real=0.00 secs] 
2024-07-05T02:35:41.546+0800: 6450.257: [GC (Allocation Failure) [PSYoungGen: 237600K->96K(238080K)] 524819K->287339K(716288K), 0.0018804 secs] [Times: user=0.00 sys=0.00, real=0.00 secs] 
2024-07-05T02:35:41.825+0800: 6450.535: [GC (Allocation Failure) [PSYoungGen: 237664K->128K(238080K)] 524907K->287371K(716288K), 0.0019029 secs] [Times: user=0.01 sys=0.00, real=0.01 secs] 
2024-07-05T02:35:42.030+0800: 6450.741: [GC (Allocation Failure) [PSYoungGen: 237696K->80K(238080K)] 524939K->287371K(716288K), 0.0018888 secs] [Times: user=0.01 sys=0.00, real=0.00 secs] 
2024-07-05T02:35:42.306+0800: 6451.016: [GC (Allocation Failure) [PSYoungGen: 237648K->96K(238080K)] 524939K->287435K(716288K), 0.0031279 secs] [Times: user=0.00 sys=0.00, real=0.00 secs] 
2024-07-05T02:35:42.573+0800: 6451.284: [GC (Allocation Failure) [PSYoungGen: 237664K->96K(238080K)] 525003K->287435K(716288K), 0.0020906 secs] [Times: user=0.01 sys=0.00, real=0.01 secs] 
2024-07-05T02:35:42.778+0800: 6451.488: [GC (Allocation Failure) [PSYoungGen: 237664K->32K(238080K)] 525003K->287403K(716288K), 0.0019202 secs] [Times: user=0.00 sys=0.00, real=0.00 secs] 
2024-07-05T02:35:43.049+0800: 6451.759: [GC (Allocation Failure) [PSYoungGen: 237600K->128K(238080K)] 524971K->287499K(716288K), 0.0019688 secs] [Times: user=0.00 sys=0.00, real=0.00 secs] 
2024-07-05T02:35:43.255+0800: 6451.966: [GC (Allocation Failure) [PSYoungGen: 237696K->112K(238080K)] 525067K->287531K(716288K), 0.0019957 secs] [Times: user=0.01 sys=0.00, real=0.00 secs] 
2024-07-05T02:35:43.518+0800: 6452.229: [GC (Allocation Failure) [PSYoungGen: 237680K->96K(238080K)] 525099K->287555K(716288K), 0.0019328 secs] [Times: user=0.00 sys=0.00, real=0.00 secs] 
2024-07-05T02:35:43.795+0800: 6452.505: [GC (Allocation Failure) [PSYoungGen: 237664K->96K(238080K)] 525123K->287555K(716288K), 0.0019746 secs] [Times: user=0.01 sys=0.00, real=0.00 secs] 
2024-07-05T02:35:43.990+0800: 6452.701: [GC (Allocation Failure) [PSYoungGen: 237664K->64K(238080K)] 525123K->287555K(716288K), 0.0019613 secs] [Times: user=0.01 sys=0.00, real=0.00 secs] 
2024-07-05T02:35:44.252+0800: 6452.963: [GC (Allocation Failure) [PSYoungGen: 237632K->112K(238080K)] 525123K->287603K(716288K), 0.0020060 secs] [Times: user=0.01 sys=0.00, real=0.01 secs] 
2024-07-05T02:35:44.486+0800: 6453.197: [GC (Allocation Failure) [PSYoungGen: 237680K->48K(238080K)] 525171K->287571K(716288K), 0.0019511 secs] [Times: user=0.00 sys=0.00, real=0.00 secs] 
2024-07-05T02:35:44.704+0800: 6453.415: [GC (Allocation Failure) [PSYoungGen: 237616K->64K(238080K)] 525139K->287643K(716288K), 0.0019804 secs] [Times: user=0.00 sys=0.00, real=0.01 secs] 
2024-07-05T02:35:44.961+0800: 6453.671: [GC (Allocation Failure) [PSYoungGen: 237632K->160K(238080K)] 525211K->287739K(716288K), 0.0019517 secs] [Times: user=0.00 sys=0.00, real=0.00 secs] 
2024-07-05T02:35:45.166+0800: 6453.877: [GC (Allocation Failure) [PSYoungGen: 237728K->64K(238080K)] 525307K->287667K(716288K), 0.0030734 secs] [Times: user=0.00 sys=0.00, real=0.00 secs] 
2024-07-05T02:35:45.429+0800: 6454.140: [GC (Allocation Failure) [PSYoungGen: 237632K->192K(238080K)] 525235K->287819K(716288K), 0.0025300 secs] [Times: user=0.00 sys=0.00, real=0.00 secs] 
2024-07-05T02:35:45.659+0800: 6454.370: [GC (Allocation Failure) [PSYoungGen: 237760K->96K(238080K)] 525387K->287756K(716288K), 0.0020059 secs] [Times: user=0.01 sys=0.00, real=0.00 secs] 
2024-07-05T02:35:45.873+0800: 6454.583: [GC (Allocation Failure) [PSYoungGen: 237664K->96K(238080K)] 525324K->287820K(716288K), 0.0019389 secs] [Times: user=0.00 sys=0.00, real=0.01 secs] 
2024-07-05T02:35:46.121+0800: 6454.832: [GC (Allocation Failure) [PSYoungGen: 237664K->96K(238080K)] 525388K->287820K(716288K), 0.0019251 secs] [Times: user=0.01 sys=0.00, real=0.00 secs] 
2024-07-05T02:35:46.333+0800: 6455.044: [GC (Allocation Failure) [PSYoungGen: 237664K->64K(238080K)] 525388K->287812K(716288K), 0.0019340 secs] [Times: user=0.01 sys=0.00, real=0.01 secs] 
2024-07-05T02:35:46.569+0800: 6455.279: [GC (Allocation Failure) [PSYoungGen: 237632K->80K(238080K)] 525380K->287844K(716288K), 0.0019383 secs] [Times: user=0.00 sys=0.00, real=0.00 secs] 
2024-07-05T02:35:46.816+0800: 6455.527: [GC (Allocation Failure) [PSYoungGen: 237648K->80K(238080K)] 525412K->287876K(716288K), 0.0020087 secs] [Times: user=0.00 sys=0.00, real=0.00 secs] 
2024-07-05T02:35:47.019+0800: 6455.730: [GC (Allocation Failure) [PSYoungGen: 237648K->96K(238080K)] 525444K->287956K(716288K), 0.0019404 secs] [Times: user=0.01 sys=0.00, real=0.00 secs] 
2024-07-05T02:35:47.283+0800: 6455.994: [GC (Allocation Failure) [PSYoungGen: 237664K->96K(238080K)] 525524K->287956K(716288K), 0.0029612 secs] [Times: user=0.00 sys=0.00, real=0.01 secs] 
2024-07-05T02:35:47.494+0800: 6456.205: [GC (Allocation Failure) [PSYoungGen: 237664K->32K(238080K)] 525524K->287916K(716288K), 0.0027911 secs] [Times: user=0.01 sys=0.00, real=0.00 secs] 
2024-07-05T02:35:47.747+0800: 6456.458: [GC (Allocation Failure) [PSYoungGen: 237600K->128K(238080K)] 525484K->288028K(716288K), 0.0026541 secs] [Times: user=0.01 sys=0.00, real=0.00 secs] 
2024-07-05T02:35:48.030+0800: 6456.741: [GC (Allocation Failure) [PSYoungGen: 237696K->128K(238080K)] 525596K->288060K(716288K), 0.0019440 secs] [Times: user=0.00 sys=0.00, real=0.00 secs] 
2024-07-05T02:35:48.223+0800: 6456.934: [GC (Allocation Failure) [PSYoungGen: 237696K->64K(238080K)] 525628K->288072K(716288K), 0.0019127 secs] [Times: user=0.00 sys=0.00, real=0.00 secs] 
2024-07-05T02:35:48.502+0800: 6457.213: [GC (Allocation Failure) [PSYoungGen: 237632K->160K(238080K)] 525640K->288168K(716288K), 0.0028065 secs] [Times: user=0.00 sys=0.00, real=0.00 secs] 
2024-07-05T02:35:48.802+0800: 6457.513: [GC (Allocation Failure) [PSYoungGen: 237728K->96K(238080K)] 525736K->288104K(716288K), 0.0046119 secs] [Times: user=0.01 sys=0.00, real=0.01 secs] 
2024-07-05T02:35:49.030+0800: 6457.740: [GC (Allocation Failure) [PSYoungGen: 237664K->128K(238080K)] 525672K->288184K(716288K), 0.0019788 secs] [Times: user=0.00 sys=0.00, real=0.00 secs] 
2024-07-05T02:35:49.321+0800: 6458.032: [GC (Allocation Failure) [PSYoungGen: 237696K->96K(238080K)] 525752K->288152K(716288K), 0.0019207 secs] [Times: user=0.00 sys=0.00, real=0.00 secs] 
2024-07-05T02:35:49.527+0800: 6458.237: [GC (Allocation Failure) [PSYoungGen: 237664K->128K(238080K)] 525720K->288264K(716288K), 0.0026740 secs] [Times: user=0.01 sys=0.00, real=0.00 secs] 
2024-07-05T02:35:49.822+0800: 6458.533: [GC (Allocation Failure) [PSYoungGen: 237696K->96K(238080K)] 525832K->288232K(716288K), 0.0031943 secs] [Times: user=0.01 sys=0.00, real=0.00 secs] 
2024-07-05T02:35:50.106+0800: 6458.817: [GC (Allocation Failure) [PSYoungGen: 237664K->64K(238080K)] 525800K->288200K(716288K), 0.0025309 secs] [Times: user=0.01 sys=0.00, real=0.00 secs] 
2024-07-05T02:35:50.307+0800: 6459.018: [GC (Allocation Failure) [PSYoungGen: 237632K->96K(238080K)] 525768K->288296K(716288K), 0.0021290 secs] [Times: user=0.01 sys=0.00, real=0.00 secs] 
2024-07-05T02:35:50.597+0800: 6459.308: [GC (Allocation Failure) [PSYoungGen: 237664K->112K(238080K)] 525864K->288312K(716288K), 0.0023255 secs] [Times: user=0.00 sys=0.00, real=0.00 secs] 
2024-07-05T02:35:50.799+0800: 6459.510: [GC (Allocation Failure) [PSYoungGen: 237680K->64K(238080K)] 525880K->288320K(716288K), 0.0031390 secs] [Times: user=0.00 sys=0.00, real=0.00 secs] 
2024-07-05T02:35:51.079+0800: 6459.790: [GC (Allocation Failure) [PSYoungGen: 237632K->128K(238080K)] 525888K->288400K(716288K), 0.0019447 secs] [Times: user=0.01 sys=0.00, real=0.00 secs] 
2024-07-05T02:35:51.374+0800: 6460.085: [GC (Allocation Failure) [PSYoungGen: 237696K->96K(238080K)] 525968K->288368K(716288K), 0.0020009 secs] [Times: user=0.00 sys=0.00, real=0.00 secs] 
2024-07-05T02:35:51.573+0800: 6460.284: [GC (Allocation Failure) [PSYoungGen: 237664K->64K(238080K)] 525936K->288408K(716288K), 0.0019820 secs] [Times: user=0.00 sys=0.00, real=0.01 secs] 
2024-07-05T02:35:51.870+0800: 6460.581: [GC (Allocation Failure) [PSYoungGen: 237632K->160K(238080K)] 525976K->288504K(716288K), 0.0029346 secs] [Times: user=0.00 sys=0.00, real=0.00 secs] 
2024-07-05T02:35:52.122+0800: 6460.833: [GC (Allocation Failure) [PSYoungGen: 237728K->32K(238080K)] 526072K->288408K(716288K), 0.0021152 secs] [Times: user=0.00 sys=0.00, real=0.00 secs] 
2024-07-05T02:35:52.382+0800: 6461.093: [GC (Allocation Failure) [PSYoungGen: 237600K->64K(238080K)] 525976K->288464K(716288K), 0.0019627 secs] [Times: user=0.00 sys=0.00, real=0.00 secs] 
2024-07-05T02:35:52.686+0800: 6461.397: [GC (Allocation Failure) [PSYoungGen: 237632K->128K(238080K)] 526032K->288528K(716288K), 0.0028073 secs] [Times: user=0.00 sys=0.00, real=0.00 secs] 
2024-07-05T02:35:52.894+0800: 6461.605: [GC (Allocation Failure) [PSYoungGen: 237696K->96K(238080K)] 526096K->288568K(716288K), 0.0018951 secs] [Times: user=0.00 sys=0.00, real=0.00 secs] 
2024-07-05T02:35:53.194+0800: 6461.905: [GC (Allocation Failure) [PSYoungGen: 237664K->144K(238080K)] 526136K->288616K(716288K), 0.0019771 secs] [Times: user=0.00 sys=0.00, real=0.00 secs] 
2024-07-05T02:35:53.474+0800: 6462.185: [GC (Allocation Failure) [PSYoungGen: 237712K->32K(238080K)] 526184K->288536K(716288K), 0.0020099 secs] [Times: user=0.01 sys=0.00, real=0.00 secs] 
2024-07-05T02:35:53.681+0800: 6462.392: [GC (Allocation Failure) [PSYoungGen: 237600K->64K(238080K)] 526104K->288592K(716288K), 0.0019985 secs] [Times: user=0.00 sys=0.00, real=0.00 secs] 
2024-07-05T02:35:53.974+0800: 6462.685: [GC (Allocation Failure) [PSYoungGen: 237632K->160K(238080K)] 526160K->288688K(716288K), 0.0019149 secs] [Times: user=0.00 sys=0.00, real=0.00 secs] 
2024-07-05T02:35:54.177+0800: 6462.888: [GC (Allocation Failure) [PSYoungGen: 237728K->64K(238080K)] 526256K->288664K(716288K), 0.0019589 secs] [Times: user=0.00 sys=0.00, real=0.00 secs] 
2024-07-05T02:35:54.473+0800: 6463.183: [GC (Allocation Failure) [PSYoungGen: 237632K->144K(238080K)] 526232K->288744K(716288K), 0.0019901 secs] [Times: user=0.00 sys=0.00, real=0.01 secs] 
2024-07-05T02:35:54.774+0800: 6463.485: [GC (Allocation Failure) [PSYoungGen: 237712K->160K(238080K)] 526312K->288792K(716288K), 0.0019259 secs] [Times: user=0.00 sys=0.00, real=0.00 secs] 
2024-07-05T02:35:54.973+0800: 6463.684: [GC (Allocation Failure) [PSYoungGen: 237728K->128K(238080K)] 526360K->288808K(716288K), 0.0020680 secs] [Times: user=0.01 sys=0.00, real=0.01 secs] 
2024-07-05T02:35:55.272+0800: 6463.983: [GC (Allocation Failure) [PSYoungGen: 237696K->144K(238080K)] 526376K->288824K(716288K), 0.0020388 secs] [Times: user=0.00 sys=0.00, real=0.01 secs] 
2024-07-05T02:35:55.480+0800: 6464.190: [GC (Allocation Failure) [PSYoungGen: 237712K->96K(238080K)] 526392K->288816K(716288K), 0.0028445 secs] [Times: user=0.00 sys=0.00, real=0.00 secs] 
2024-07-05T02:35:55.782+0800: 6464.492: [GC (Allocation Failure) [PSYoungGen: 237664K->160K(238080K)] 526384K->288936K(716288K), 0.0019718 secs] [Times: user=0.00 sys=0.00, real=0.00 secs] 
2024-07-05T02:35:56.079+0800: 6464.790: [GC (Allocation Failure) [PSYoungGen: 237728K->224K(238080K)] 526504K->289000K(716288K), 0.0020489 secs] [Times: user=0.00 sys=0.00, real=0.00 secs] 
2024-07-05T02:35:56.275+0800: 6464.986: [GC (Allocation Failure) [PSYoungGen: 237792K->64K(238080K)] 526568K->288888K(716288K), 0.0019918 secs] [Times: user=0.00 sys=0.00, real=0.00 secs] 
2024-07-05T02:35:56.567+0800: 6465.277: [GC (Allocation Failure) [PSYoungGen: 237632K->144K(238080K)] 526456K->288968K(716288K), 0.0033640 secs] [Times: user=0.00 sys=0.00, real=0.00 secs] 
2024-07-05T02:35:56.838+0800: 6465.549: [GC (Allocation Failure) [PSYoungGen: 237712K->48K(238080K)] 526536K->288904K(716288K), 0.0034316 secs] [Times: user=0.01 sys=0.00, real=0.00 secs] 
2024-07-05T02:35:57.072+0800: 6465.783: [GC (Allocation Failure) [PSYoungGen: 237616K->128K(238080K)] 526472K->289048K(716288K), 0.0025051 secs] [Times: user=0.00 sys=0.00, real=0.01 secs] 
2024-07-05T02:35:57.342+0800: 6466.053: [GC (Allocation Failure) [PSYoungGen: 237696K->128K(238080K)] 526616K->289048K(716288K), 0.0029288 secs] [Times: user=0.00 sys=0.00, real=0.00 secs] 
2024-07-05T02:35:57.553+0800: 6466.264: [GC (Allocation Failure) [PSYoungGen: 237696K->64K(238080K)] 526616K->289008K(716288K), 0.0019205 secs] [Times: user=0.01 sys=0.00, real=0.01 secs] 
2024-07-05T02:35:57.795+0800: 6466.506: [GC (Allocation Failure) [PSYoungGen: 237632K->144K(238080K)] 526576K->289104K(716288K), 0.0027490 secs] [Times: user=0.00 sys=0.00, real=0.00 secs] 
2024-07-05T02:35:58.022+0800: 6466.733: [GC (Allocation Failure) [PSYoungGen: 237712K->112K(238080K)] 526672K->289104K(716288K), 0.0030939 secs] [Times: user=0.00 sys=0.00, real=0.00 secs] 
2024-07-05T02:35:58.255+0800: 6466.966: [GC (Allocation Failure) [PSYoungGen: 237680K->64K(238080K)] 526672K->289104K(716288K), 0.0029674 secs] [Times: user=0.00 sys=0.00, real=0.00 secs] 
2024-07-05T02:35:58.506+0800: 6467.216: [GC (Allocation Failure) [PSYoungGen: 237632K->64K(238080K)] 526672K->289120K(716288K), 0.0020542 secs] [Times: user=0.00 sys=0.00, real=0.01 secs] 
2024-07-05T02:35:58.741+0800: 6467.451: [GC (Allocation Failure) [PSYoungGen: 237632K->32K(238080K)] 526688K->289104K(716288K), 0.0019901 secs] [Times: user=0.01 sys=0.00, real=0.00 secs] 
2024-07-05T02:35:58.968+0800: 6467.679: [GC (Allocation Failure) [PSYoungGen: 237600K->112K(238080K)] 526672K->289208K(716288K), 0.0019296 secs] [Times: user=0.01 sys=0.00, real=0.00 secs] 
2024-07-05T02:35:59.192+0800: 6467.902: [GC (Allocation Failure) [PSYoungGen: 237680K->144K(238080K)] 526776K->289288K(716288K), 0.0029078 secs] [Times: user=0.00 sys=0.00, real=0.01 secs] 
2024-07-05T02:35:59.438+0800: 6468.149: [GC (Allocation Failure) [PSYoungGen: 237712K->128K(238080K)] 526856K->289312K(716288K), 0.0031570 secs] [Times: user=0.00 sys=0.00, real=0.00 secs] 
2024-07-05T02:35:59.668+0800: 6468.378: [GC (Allocation Failure) [PSYoungGen: 237696K->64K(238080K)] 526880K->289272K(716288K), 0.0030057 secs] [Times: user=0.01 sys=0.00, real=0.00 secs] 
2024-07-05T02:35:59.904+0800: 6468.615: [GC (Allocation Failure) [PSYoungGen: 237632K->128K(238080K)] 526840K->289352K(716288K), 0.0019537 secs] [Times: user=0.00 sys=0.00, real=0.01 secs] 
2024-07-05T02:36:00.138+0800: 6468.849: [GC (Allocation Failure) [PSYoungGen: 237696K->96K(238080K)] 526920K->289320K(716288K), 0.0021042 secs] [Times: user=0.00 sys=0.00, real=0.00 secs] 
2024-07-05T02:36:00.364+0800: 6469.074: [GC (Allocation Failure) [PSYoungGen: 237664K->128K(238080K)] 526888K->289444K(716288K), 0.0019718 secs] [Times: user=0.00 sys=0.00, real=0.01 secs] 
2024-07-05T02:36:00.622+0800: 6469.333: [GC (Allocation Failure) [PSYoungGen: 237696K->64K(238080K)] 527012K->289380K(716288K), 0.0019043 secs] [Times: user=0.00 sys=0.00, real=0.00 secs] 
2024-07-05T02:36:00.858+0800: 6469.569: [GC (Allocation Failure) [PSYoungGen: 237632K->96K(238080K)] 526948K->289436K(716288K), 0.0019565 secs] [Times: user=0.00 sys=0.00, real=0.00 secs] 
2024-07-05T02:36:01.083+0800: 6469.793: [GC (Allocation Failure) [PSYoungGen: 237664K->128K(238080K)] 527004K->289492K(716288K), 0.0020661 secs] [Times: user=0.01 sys=0.00, real=0.00 secs] 
2024-07-05T02:36:01.312+0800: 6470.023: [GC (Allocation Failure) [PSYoungGen: 237696K->128K(238080K)] 527060K->289492K(716288K), 0.0019067 secs] [Times: user=0.00 sys=0.00, real=0.01 secs] 
2024-07-05T02:36:01.587+0800: 6470.297: [GC (Allocation Failure) [PSYoungGen: 237696K->64K(238080K)] 527060K->289496K(716288K), 0.0033035 secs] [Times: user=0.01 sys=0.00, real=0.00 secs] 
2024-07-05T02:36:01.832+0800: 6470.543: [GC (Allocation Failure) [PSYoungGen: 237632K->32K(238080K)] 527064K->289480K(716288K), 0.0028556 secs] [Times: user=0.01 sys=0.00, real=0.01 secs] 
2024-07-05T02:36:02.070+0800: 6470.781: [GC (Allocation Failure) [PSYoungGen: 237600K->192K(238080K)] 527048K->289664K(716288K), 0.0019854 secs] [Times: user=0.00 sys=0.00, real=0.00 secs] 
2024-07-05T02:36:02.327+0800: 6471.038: [GC (Allocation Failure) [PSYoungGen: 237760K->96K(238080K)] 527232K->289568K(716288K), 0.0019418 secs] [Times: user=0.00 sys=0.00, real=0.00 secs] 
2024-07-05T02:36:02.542+0800: 6471.253: [GC (Allocation Failure) [PSYoungGen: 237664K->128K(238080K)] 527136K->289664K(716288K), 0.0018873 secs] [Times: user=0.01 sys=0.00, real=0.00 secs] 
2024-07-05T02:36:02.798+0800: 6471.508: [GC (Allocation Failure) [PSYoungGen: 237696K->96K(238080K)] 527232K->289632K(716288K), 0.0030228 secs] [Times: user=0.00 sys=0.01, real=0.00 secs] 
2024-07-05T02:36:03.009+0800: 6471.720: [GC (Allocation Failure) [PSYoungGen: 237664K->32K(238080K)] 527200K->289620K(716288K), 0.0019060 secs] [Times: user=0.00 sys=0.00, real=0.00 secs] 
2024-07-05T02:36:03.253+0800: 6471.963: [GC (Allocation Failure) [PSYoungGen: 237600K->128K(238080K)] 527188K->289740K(716288K), 0.0023440 secs] [Times: user=0.00 sys=0.00, real=0.01 secs] 
2024-07-05T02:36:03.522+0800: 6472.233: [GC (Allocation Failure) [PSYoungGen: 237696K->128K(238080K)] 527308K->289740K(716288K), 0.0019080 secs] [Times: user=0.00 sys=0.00, real=0.00 secs] 
2024-07-05T02:36:03.726+0800: 6472.437: [GC (Allocation Failure) [PSYoungGen: 237696K->64K(238080K)] 527308K->289741K(716288K), 0.0019168 secs] [Times: user=0.00 sys=0.00, real=0.00 secs] 
2024-07-05T02:36:04.054+0800: 6472.764: [GC (Allocation Failure) [PSYoungGen: 237632K->176K(238080K)] 527309K->289853K(716288K), 0.0019305 secs] [Times: user=0.01 sys=0.00, real=0.00 secs] 
2024-07-05T02:36:04.277+0800: 6472.988: [GC (Allocation Failure) [PSYoungGen: 237744K->32K(238080K)] 527421K->289741K(716288K), 0.0019166 secs] [Times: user=0.00 sys=0.00, real=0.00 secs] 
2024-07-05T02:36:04.524+0800: 6473.235: [GC (Allocation Failure) [PSYoungGen: 237600K->64K(238080K)] 527309K->289797K(716288K), 0.0019413 secs] [Times: user=0.00 sys=0.00, real=0.01 secs] 
2024-07-05T02:36:04.802+0800: 6473.513: [GC (Allocation Failure) [PSYoungGen: 237632K->144K(238080K)] 527365K->289877K(716288K), 0.0019573 secs] [Times: user=0.01 sys=0.00, real=0.00 secs] 
2024-07-05T02:36:05.002+0800: 6473.713: [GC (Allocation Failure) [PSYoungGen: 237712K->64K(238080K)] 527445K->289869K(716288K), 0.0019197 secs] [Times: user=0.00 sys=0.00, real=0.00 secs] 
2024-07-05T02:36:05.275+0800: 6473.986: [GC (Allocation Failure) [PSYoungGen: 237632K->160K(238080K)] 527437K->289965K(716288K), 0.0019184 secs] [Times: user=0.00 sys=0.00, real=0.00 secs] 
2024-07-05T02:36:05.548+0800: 6474.259: [GC (Allocation Failure) [PSYoungGen: 237728K->96K(238080K)] 527533K->289933K(716288K), 0.0020336 secs] [Times: user=0.00 sys=0.00, real=0.00 secs] 
2024-07-05T02:36:05.763+0800: 6474.474: [GC (Allocation Failure) [PSYoungGen: 237664K->64K(238080K)] 527501K->289933K(716288K), 0.0042590 secs] [Times: user=0.01 sys=0.00, real=0.01 secs] 
2024-07-05T02:36:06.088+0800: 6474.799: [GC (Allocation Failure) [PSYoungGen: 237632K->160K(238080K)] 527501K->290029K(716288K), 0.0021821 secs] [Times: user=0.01 sys=0.00, real=0.00 secs] 
2024-07-05T02:36:06.305+0800: 6475.015: [GC (Allocation Failure) [PSYoungGen: 237728K->128K(238080K)] 527597K->290057K(716288K), 0.0023588 secs] [Times: user=0.00 sys=0.00, real=0.01 secs] 
2024-07-05T02:36:06.578+0800: 6475.289: [GC (Allocation Failure) [PSYoungGen: 237696K->144K(238080K)] 527625K->290089K(716288K), 0.0031761 secs] [Times: user=0.00 sys=0.00, real=0.00 secs] 
2024-07-05T02:36:06.869+0800: 6475.580: [GC (Allocation Failure) [PSYoungGen: 237712K->128K(238080K)] 527657K->290105K(716288K), 0.0019581 secs] [Times: user=0.00 sys=0.00, real=0.00 secs] 
2024-07-05T02:36:07.068+0800: 6475.779: [GC (Allocation Failure) [PSYoungGen: 237696K->64K(238080K)] 527673K->290089K(716288K), 0.0025736 secs] [Times: user=0.01 sys=0.00, real=0.00 secs] 
2024-07-05T02:36:07.370+0800: 6476.081: [GC (Allocation Failure) [PSYoungGen: 237632K->192K(238080K)] 527657K->290217K(716288K), 0.0020098 secs] [Times: user=0.00 sys=0.00, real=0.00 secs] 
2024-07-05T02:36:07.576+0800: 6476.286: [GC (Allocation Failure) [PSYoungGen: 237760K->112K(238080K)] 527785K->290185K(716288K), 0.0019434 secs] [Times: user=0.01 sys=0.00, real=0.00 secs] 
2024-07-05T02:36:07.851+0800: 6476.562: [GC (Allocation Failure) [PSYoungGen: 237680K->128K(238080K)] 527753K->290241K(716288K), 0.0020843 secs] [Times: user=0.01 sys=0.00, real=0.00 secs] 
2024-07-05T02:36:08.200+0800: 6476.911: [GC (Allocation Failure) [PSYoungGen: 237696K->128K(238080K)] 527809K->290241K(716288K), 0.0019712 secs] [Times: user=0.01 sys=0.00, real=0.00 secs] 
2024-07-05T02:36:08.391+0800: 6477.102: [GC (Allocation Failure) [PSYoungGen: 237696K->96K(238080K)] 527809K->290257K(716288K), 0.0019344 secs] [Times: user=0.00 sys=0.00, real=0.00 secs] 
2024-07-05T02:36:08.678+0800: 6477.389: [GC (Allocation Failure) [PSYoungGen: 237664K->144K(238080K)] 527825K->290305K(716288K), 0.0019350 secs] [Times: user=0.01 sys=0.00, real=0.00 secs] 
2024-07-05T02:36:08.937+0800: 6477.647: [GC (Allocation Failure) [PSYoungGen: 237712K->48K(238080K)] 527873K->290241K(716288K), 0.0019667 secs] [Times: user=0.01 sys=0.00, real=0.00 secs] 
2024-07-05T02:36:09.172+0800: 6477.882: [GC (Allocation Failure) [PSYoungGen: 237616K->128K(238080K)] 527809K->290377K(716288K), 0.0020907 secs] [Times: user=0.00 sys=0.00, real=0.01 secs] 
2024-07-05T02:36:09.467+0800: 6478.178: [GC (Allocation Failure) [PSYoungGen: 237696K->96K(238080K)] 527945K->290345K(716288K), 0.0031528 secs] [Times: user=0.01 sys=0.00, real=0.00 secs] 
2024-07-05T02:36:09.666+0800: 6478.377: [GC (Allocation Failure) [PSYoungGen: 237664K->32K(238080K)] 527913K->290329K(716288K), 0.0020043 secs] [Times: user=0.01 sys=0.00, real=0.00 secs] 
2024-07-05T02:36:09.966+0800: 6478.677: [GC (Allocation Failure) [PSYoungGen: 237600K->208K(238080K)] 527897K->290505K(716288K), 0.0019013 secs] [Times: user=0.01 sys=0.00, real=0.00 secs] 
2024-07-05T02:36:10.213+0800: 6478.923: [GC (Allocation Failure) [PSYoungGen: 237776K->80K(238080K)] 528073K->290409K(716288K), 0.0019658 secs] [Times: user=0.00 sys=0.00, real=0.01 secs] 
2024-07-05T02:36:10.430+0800: 6479.141: [GC (Allocation Failure) [PSYoungGen: 237648K->96K(238080K)] 527977K->290489K(716288K), 0.0019417 secs] [Times: user=0.01 sys=0.00, real=0.00 secs] 
2024-07-05T02:36:10.690+0800: 6479.401: [GC (Allocation Failure) [PSYoungGen: 237664K->128K(238080K)] 528057K->290521K(716288K), 0.0021108 secs] [Times: user=0.01 sys=0.00, real=0.00 secs] 
2024-07-05T02:36:10.909+0800: 6479.620: [GC (Allocation Failure) [PSYoungGen: 237696K->96K(238080K)] 528089K->290513K(716288K), 0.0019916 secs] [Times: user=0.00 sys=0.00, real=0.00 secs] 
2024-07-05T02:36:11.146+0800: 6479.857: [GC (Allocation Failure) [PSYoungGen: 237664K->96K(238080K)] 528081K->290529K(716288K), 0.0018998 secs] [Times: user=0.01 sys=0.00, real=0.00 secs] 
2024-07-05T02:36:11.382+0800: 6480.093: [GC (Allocation Failure) [PSYoungGen: 237664K->112K(238080K)] 528097K->290577K(716288K), 0.0019151 secs] [Times: user=0.01 sys=0.00, real=0.00 secs] 
2024-07-05T02:36:11.597+0800: 6480.307: [GC (Allocation Failure) [PSYoungGen: 237680K->128K(238080K)] 528145K->290665K(716288K), 0.0024454 secs] [Times: user=0.00 sys=0.00, real=0.00 secs] 
2024-07-05T02:36:11.860+0800: 6480.571: [GC (Allocation Failure) [PSYoungGen: 237696K->96K(238080K)] 528233K->290633K(716288K), 0.0019967 secs] [Times: user=0.00 sys=0.00, real=0.00 secs] 
2024-07-05T02:36:12.082+0800: 6480.792: [GC (Allocation Failure) [PSYoungGen: 237664K->64K(238080K)] 528201K->290625K(716288K), 0.0020594 secs] [Times: user=0.00 sys=0.00, real=0.00 secs] 
2024-07-05T02:36:12.338+0800: 6481.049: [GC (Allocation Failure) [PSYoungGen: 237632K->112K(238080K)] 528193K->290689K(716288K), 0.0031618 secs] [Times: user=0.00 sys=0.00, real=0.00 secs] 
2024-07-05T02:36:12.612+0800: 6481.323: [GC (Allocation Failure) [PSYoungGen: 237680K->80K(238080K)] 528257K->290689K(716288K), 0.0021961 secs] [Times: user=0.00 sys=0.00, real=0.01 secs] 
2024-07-05T02:36:12.853+0800: 6481.563: [GC (Allocation Failure) [PSYoungGen: 237648K->64K(238080K)] 528257K->290757K(716288K), 0.0032330 secs] [Times: user=0.00 sys=0.00, real=0.01 secs] 
2024-07-05T02:36:13.158+0800: 6481.869: [GC (Allocation Failure) [PSYoungGen: 237632K->128K(238080K)] 528325K->290821K(716288K), 0.0019275 secs] [Times: user=0.01 sys=0.00, real=0.00 secs] 
2024-07-05T02:36:13.388+0800: 6482.099: [GC (Allocation Failure) [PSYoungGen: 237696K->112K(238080K)] 528389K->290829K(716288K), 0.0019665 secs] [Times: user=0.01 sys=0.00, real=0.00 secs] 
2024-07-05T02:36:13.612+0800: 6482.323: [GC (Allocation Failure) [PSYoungGen: 237680K->128K(238080K)] 528397K->290901K(716288K), 0.0027411 secs] [Times: user=0.00 sys=0.00, real=0.01 secs] 
2024-07-05T02:36:13.880+0800: 6482.590: [GC (Allocation Failure) [PSYoungGen: 237696K->160K(238080K)] 528469K->290933K(716288K), 0.0029487 secs] [Times: user=0.01 sys=0.00, real=0.00 secs] 
2024-07-05T02:36:14.103+0800: 6482.814: [GC (Allocation Failure) [PSYoungGen: 237728K->96K(238080K)] 528501K->290909K(716288K), 0.0019736 secs] [Times: user=0.01 sys=0.00, real=0.00 secs] 
2024-07-05T02:36:14.357+0800: 6483.068: [GC (Allocation Failure) [PSYoungGen: 237664K->128K(238080K)] 528477K->290957K(716288K), 0.0020934 secs] [Times: user=0.00 sys=0.00, real=0.00 secs] 
2024-07-05T02:36:14.603+0800: 6483.313: [GC (Allocation Failure) [PSYoungGen: 237696K->96K(238080K)] 528525K->290925K(716288K), 0.0019499 secs] [Times: user=0.01 sys=0.00, real=0.00 secs] 
2024-07-05T02:36:14.818+0800: 6483.529: [GC (Allocation Failure) [PSYoungGen: 237664K->160K(238080K)] 528493K->291061K(716288K), 0.0019734 secs] [Times: user=0.00 sys=0.00, real=0.00 secs] 
2024-07-05T02:36:15.086+0800: 6483.797: [GC (Allocation Failure) [PSYoungGen: 237728K->96K(238080K)] 528629K->290997K(716288K), 0.0019214 secs] [Times: user=0.01 sys=0.00, real=0.00 secs] 
2024-07-05T02:36:15.298+0800: 6484.009: [GC (Allocation Failure) [PSYoungGen: 237664K->32K(238080K)] 528565K->290981K(716288K), 0.0019575 secs] [Times: user=0.00 sys=0.00, real=0.00 secs] 
2024-07-05T02:36:15.562+0800: 6484.273: [GC (Allocation Failure) [PSYoungGen: 237600K->64K(238080K)] 528549K->291029K(716288K), 0.0019786 secs] [Times: user=0.00 sys=0.00, real=0.00 secs] 
2024-07-05T02:36:15.874+0800: 6484.585: [GC (Allocation Failure) [PSYoungGen: 237632K->160K(238080K)] 528597K->291125K(716288K), 0.0031346 secs] [Times: user=0.00 sys=0.00, real=0.00 secs] 
2024-07-05T02:36:16.074+0800: 6484.785: [GC (Allocation Failure) [PSYoungGen: 237728K->64K(238080K)] 528693K->291101K(716288K), 0.0030765 secs] [Times: user=0.00 sys=0.00, real=0.00 secs] 
2024-07-05T02:36:16.366+0800: 6485.077: [GC (Allocation Failure) [PSYoungGen: 237632K->192K(238080K)] 528669K->291229K(716288K), 0.0031304 secs] [Times: user=0.01 sys=0.00, real=0.00 secs] 
2024-07-05T02:36:16.606+0800: 6485.317: [GC (Allocation Failure) [PSYoungGen: 237760K->64K(238080K)] 528797K->291141K(716288K), 0.0027395 secs] [Times: user=0.00 sys=0.00, real=0.00 secs] 
2024-07-05T02:36:16.856+0800: 6485.567: [GC (Allocation Failure) [PSYoungGen: 237632K->96K(238080K)] 528709K->291197K(716288K), 0.0026382 secs] [Times: user=0.00 sys=0.00, real=0.00 secs] 
2024-07-05T02:36:17.126+0800: 6485.837: [GC (Allocation Failure) [PSYoungGen: 237664K->128K(238080K)] 528765K->291229K(716288K), 0.0019393 secs] [Times: user=0.00 sys=0.00, real=0.00 secs] 
2024-07-05T02:36:17.326+0800: 6486.037: [GC (Allocation Failure) [PSYoungGen: 237696K->64K(238080K)] 528797K->291213K(716288K), 0.0019328 secs] [Times: user=0.00 sys=0.00, real=0.00 secs] 
2024-07-05T02:36:17.577+0800: 6486.288: [GC (Allocation Failure) [PSYoungGen: 237632K->64K(238080K)] 528781K->291253K(716288K), 0.0020005 secs] [Times: user=0.00 sys=0.00, real=0.00 secs] 
2024-07-05T02:36:17.830+0800: 6486.541: [GC (Allocation Failure) [PSYoungGen: 237632K->64K(238080K)] 528821K->291253K(716288K), 0.0019399 secs] [Times: user=0.00 sys=0.00, real=0.00 secs] 
2024-07-05T02:36:18.046+0800: 6486.757: [GC (Allocation Failure) [PSYoungGen: 237632K->96K(238080K)] 528821K->291317K(716288K), 0.0019810 secs] [Times: user=0.01 sys=0.00, real=0.00 secs] 
2024-07-05T02:36:18.309+0800: 6487.020: [GC (Allocation Failure) [PSYoungGen: 237664K->112K(238080K)] 528885K->291333K(716288K), 0.0019883 secs] [Times: user=0.00 sys=0.00, real=0.00 secs] 
2024-07-05T02:36:18.514+0800: 6487.225: [GC (Allocation Failure) [PSYoungGen: 237680K->160K(238080K)] 528901K->291441K(716288K), 0.0021852 secs] [Times: user=0.01 sys=0.00, real=0.00 secs] 
2024-07-05T02:36:18.778+0800: 6487.488: [GC (Allocation Failure) [PSYoungGen: 237728K->64K(238080K)] 529009K->291385K(716288K), 0.0020814 secs] [Times: user=0.00 sys=0.00, real=0.00 secs] 
2024-07-05T02:36:19.050+0800: 6487.761: [GC (Allocation Failure) [PSYoungGen: 237632K->64K(238080K)] 528953K->291385K(716288K), 0.0032886 secs] [Times: user=0.00 sys=0.00, real=0.00 secs] 
2024-07-05T02:36:19.253+0800: 6487.964: [GC (Allocation Failure) [PSYoungGen: 237632K->96K(238080K)] 528953K->291449K(716288K), 0.0020746 secs] [Times: user=0.00 sys=0.00, real=0.01 secs] 
2024-07-05T02:36:19.533+0800: 6488.244: [GC (Allocation Failure) [PSYoungGen: 237664K->192K(238080K)] 529017K->291545K(716288K), 0.0020947 secs] [Times: user=0.01 sys=0.00, real=0.01 secs] 
2024-07-05T02:36:19.742+0800: 6488.453: [GC (Allocation Failure) [PSYoungGen: 237760K->112K(238080K)] 529113K->291513K(716288K), 0.0019380 secs] [Times: user=0.00 sys=0.00, real=0.00 secs] 
2024-07-05T02:36:20.014+0800: 6488.724: [GC (Allocation Failure) [PSYoungGen: 237680K->128K(238080K)] 529081K->291569K(716288K), 0.0021545 secs] [Times: user=0.01 sys=0.00, real=0.01 secs] 
2024-07-05T02:36:20.322+0800: 6489.033: [GC (Allocation Failure) [PSYoungGen: 237696K->128K(238080K)] 529137K->291569K(716288K), 0.0033464 secs] [Times: user=0.00 sys=0.00, real=0.00 secs] 
2024-07-05T02:36:20.517+0800: 6489.228: [GC (Allocation Failure) [PSYoungGen: 237696K->64K(238080K)] 529137K->291553K(716288K), 0.0019525 secs] [Times: user=0.00 sys=0.00, real=0.00 secs] 
2024-07-05T02:36:20.814+0800: 6489.525: [GC (Allocation Failure) [PSYoungGen: 237632K->224K(238080K)] 529121K->291713K(716288K), 0.0020987 secs] [Times: user=0.00 sys=0.00, real=0.00 secs] 
2024-07-05T02:36:21.062+0800: 6489.773: [GC (Allocation Failure) [PSYoungGen: 237792K->48K(238080K)] 529281K->291569K(716288K), 0.0019527 secs] [Times: user=0.00 sys=0.00, real=0.00 secs] 
2024-07-05T02:36:21.302+0800: 6490.013: [GC (Allocation Failure) [PSYoungGen: 237616K->96K(238080K)] 529137K->291673K(716288K), 0.0019339 secs] [Times: user=0.01 sys=0.00, real=0.00 secs] 
2024-07-05T02:36:21.594+0800: 6490.305: [GC (Allocation Failure) [PSYoungGen: 237664K->96K(238080K)] 529241K->291673K(716288K), 0.0019891 secs] [Times: user=0.01 sys=0.00, real=0.00 secs] 
2024-07-05T02:36:21.806+0800: 6490.517: [GC (Allocation Failure) [PSYoungGen: 237664K->96K(238080K)] 529241K->291721K(716288K), 0.0020541 secs] [Times: user=0.00 sys=0.00, real=0.00 secs] 
2024-07-05T02:36:22.108+0800: 6490.818: [GC (Allocation Failure) [PSYoungGen: 237664K->144K(238080K)] 529289K->291769K(716288K), 0.0019976 secs] [Times: user=0.00 sys=0.00, real=0.00 secs] 
2024-07-05T02:36:22.406+0800: 6491.117: [GC (Allocation Failure) [PSYoungGen: 237712K->128K(238080K)] 529337K->291785K(716288K), 0.0033304 secs] [Times: user=0.01 sys=0.00, real=0.00 secs] 
2024-07-05T02:36:22.620+0800: 6491.331: [GC (Allocation Failure) [PSYoungGen: 237696K->128K(238080K)] 529353K->291850K(716288K), 0.0028544 secs] [Times: user=0.00 sys=0.00, real=0.00 secs] 
2024-07-05T02:36:22.915+0800: 6491.625: [GC (Allocation Failure) [PSYoungGen: 237696K->128K(238080K)] 529418K->291850K(716288K), 0.0019592 secs] [Times: user=0.01 sys=0.00, real=0.00 secs] 
2024-07-05T02:36:23.114+0800: 6491.824: [GC (Allocation Failure) [PSYoungGen: 237696K->64K(238080K)] 529418K->291834K(716288K), 0.0028130 secs] [Times: user=0.00 sys=0.00, real=0.01 secs] 
2024-07-05T02:36:23.401+0800: 6492.112: [GC (Allocation Failure) [PSYoungGen: 237632K->160K(238080K)] 529402K->291930K(716288K), 0.0020989 secs] [Times: user=0.01 sys=0.00, real=0.00 secs] 
2024-07-05T02:36:23.689+0800: 6492.400: [GC (Allocation Failure) [PSYoungGen: 237728K->192K(238080K)] 529498K->291994K(716288K), 0.0019634 secs] [Times: user=0.01 sys=0.00, real=0.00 secs] 
2024-07-05T02:36:23.882+0800: 6492.592: [GC (Allocation Failure) [PSYoungGen: 237760K->96K(238080K)] 529562K->291974K(716288K), 0.0019586 secs] [Times: user=0.01 sys=0.00, real=0.00 secs] 
2024-07-05T02:36:24.165+0800: 6492.876: [GC (Allocation Failure) [PSYoungGen: 237664K->160K(238080K)] 529542K->292038K(716288K), 0.0020017 secs] [Times: user=0.01 sys=0.00, real=0.01 secs] 
2024-07-05T02:36:24.376+0800: 6493.087: [GC (Allocation Failure) [PSYoungGen: 237728K->48K(238080K)] 529606K->291926K(716288K), 0.0019709 secs] [Times: user=0.00 sys=0.00, real=0.00 secs] 
2024-07-05T02:36:24.642+0800: 6493.353: [GC (Allocation Failure) [PSYoungGen: 237616K->32K(238080K)] 529494K->291958K(716288K), 0.0020067 secs] [Times: user=0.01 sys=0.00, real=0.00 secs] 
2024-07-05T02:36:24.924+0800: 6493.635: [GC (Allocation Failure) [PSYoungGen: 237600K->128K(238080K)] 529526K->292054K(716288K), 0.0020196 secs] [Times: user=0.00 sys=0.00, real=0.01 secs] 
2024-07-05T02:36:25.124+0800: 6493.835: [GC (Allocation Failure) [PSYoungGen: 237696K->64K(238080K)] 529622K->292058K(716288K), 0.0020274 secs] [Times: user=0.00 sys=0.00, real=0.01 secs] 
2024-07-05T02:36:25.402+0800: 6494.113: [GC (Allocation Failure) [PSYoungGen: 237632K->64K(238080K)] 529626K->292058K(716288K), 0.0020772 secs] [Times: user=0.00 sys=0.00, real=0.00 secs] 
2024-07-05T02:36:25.653+0800: 6494.364: [GC (Allocation Failure) [PSYoungGen: 237632K->64K(238080K)] 529626K->292058K(716288K), 0.0019820 secs] [Times: user=0.00 sys=0.00, real=0.01 secs] 
2024-07-05T02:36:25.875+0800: 6494.585: [GC (Allocation Failure) [PSYoungGen: 237632K->96K(238080K)] 529626K->292154K(716288K), 0.0031431 secs] [Times: user=0.01 sys=0.00, real=0.00 secs] 
2024-07-05T02:36:26.170+0800: 6494.881: [GC (Allocation Failure) [PSYoungGen: 237664K->160K(238080K)] 529722K->292218K(716288K), 0.0034695 secs] [Times: user=0.00 sys=0.00, real=0.00 secs] 
2024-07-05T02:36:26.372+0800: 6495.083: [GC (Allocation Failure) [PSYoungGen: 237728K->64K(238080K)] 529786K->292190K(716288K), 0.0020478 secs] [Times: user=0.00 sys=0.00, real=0.01 secs] 
2024-07-05T02:36:26.653+0800: 6495.364: [GC (Allocation Failure) [PSYoungGen: 237632K->160K(238080K)] 529758K->292286K(716288K), 0.0019895 secs] [Times: user=0.01 sys=0.00, real=0.01 secs] 
2024-07-05T02:36:26.942+0800: 6495.653: [GC (Allocation Failure) [PSYoungGen: 237728K->128K(238080K)] 529854K->292254K(716288K), 0.0035556 secs] [Times: user=0.01 sys=0.00, real=0.01 secs] 
2024-07-05T02:36:27.145+0800: 6495.855: [GC (Allocation Failure) [PSYoungGen: 237696K->64K(238080K)] 529822K->292254K(716288K), 0.0023353 secs] [Times: user=0.01 sys=0.00, real=0.01 secs] 
2024-07-05T02:36:27.433+0800: 6496.144: [GC (Allocation Failure) [PSYoungGen: 237632K->96K(238080K)] 529822K->292286K(716288K), 0.0019504 secs] [Times: user=0.01 sys=0.00, real=0.01 secs] 
2024-07-05T02:36:27.624+0800: 6496.334: [GC (Allocation Failure) [PSYoungGen: 237664K->96K(238080K)] 529854K->292362K(716288K), 0.0020100 secs] [Times: user=0.00 sys=0.00, real=0.00 secs] 
2024-07-05T02:36:27.907+0800: 6496.618: [GC (Allocation Failure) [PSYoungGen: 237664K->128K(238080K)] 529930K->292394K(716288K), 0.0031195 secs] [Times: user=0.00 sys=0.00, real=0.00 secs] 
2024-07-05T02:36:28.201+0800: 6496.912: [GC (Allocation Failure) [PSYoungGen: 237696K->112K(238080K)] 529962K->292378K(716288K), 0.0019584 secs] [Times: user=0.00 sys=0.00, real=0.00 secs] 
2024-07-05T02:36:28.398+0800: 6497.109: [GC (Allocation Failure) [PSYoungGen: 237680K->64K(238080K)] 529946K->292402K(716288K), 0.0019880 secs] [Times: user=0.00 sys=0.00, real=0.00 secs] 
2024-07-05T02:36:28.688+0800: 6497.398: [GC (Allocation Failure) [PSYoungGen: 237632K->128K(238080K)] 529970K->292466K(716288K), 0.0032247 secs] [Times: user=0.00 sys=0.00, real=0.00 secs] 
2024-07-05T02:36:28.922+0800: 6497.632: [GC (Allocation Failure) [PSYoungGen: 237696K->32K(238080K)] 530034K->292402K(716288K), 0.0021959 secs] [Times: user=0.00 sys=0.00, real=0.00 secs] 
2024-07-05T02:36:29.182+0800: 6497.893: [GC (Allocation Failure) [PSYoungGen: 237600K->96K(238080K)] 529970K->292490K(716288K), 0.0019424 secs] [Times: user=0.01 sys=0.00, real=0.00 secs] 
2024-07-05T02:36:29.477+0800: 6498.188: [GC (Allocation Failure) [PSYoungGen: 237664K->144K(238080K)] 530058K->292538K(716288K), 0.0021017 secs] [Times: user=0.01 sys=0.00, real=0.00 secs] 
2024-07-05T02:36:29.683+0800: 6498.393: [GC (Allocation Failure) [PSYoungGen: 237712K->64K(238080K)] 530106K->292530K(716288K), 0.0019756 secs] [Times: user=0.01 sys=0.00, real=0.00 secs] 
2024-07-05T02:36:29.971+0800: 6498.682: [GC (Allocation Failure) [PSYoungGen: 237632K->144K(238080K)] 530098K->292610K(716288K), 0.0019600 secs] [Times: user=0.01 sys=0.00, real=0.00 secs] 
2024-07-05T02:36:30.262+0800: 6498.973: [GC (Allocation Failure) [PSYoungGen: 237712K->96K(238080K)] 530178K->292594K(716288K), 0.0019878 secs] [Times: user=0.00 sys=0.00, real=0.00 secs] 
2024-07-05T02:36:30.472+0800: 6499.183: [GC (Allocation Failure) [PSYoungGen: 237664K->64K(238080K)] 530162K->292594K(716288K), 0.0020607 secs] [Times: user=0.00 sys=0.00, real=0.01 secs] 
2024-07-05T02:36:30.771+0800: 6499.481: [GC (Allocation Failure) [PSYoungGen: 237632K->176K(238080K)] 530162K->292706K(716288K), 0.0021465 secs] [Times: user=0.01 sys=0.00, real=0.00 secs] 
2024-07-05T02:36:30.982+0800: 6499.693: [GC (Allocation Failure) [PSYoungGen: 237744K->80K(238080K)] 530274K->292658K(716288K), 0.0019276 secs] [Times: user=0.00 sys=0.00, real=0.00 secs] 
2024-07-05T02:36:31.257+0800: 6499.967: [GC (Allocation Failure) [PSYoungGen: 237648K->128K(238080K)] 530226K->292746K(716288K), 0.0019957 secs] [Times: user=0.00 sys=0.00, real=0.00 secs] 
2024-07-05T02:36:31.549+0800: 6500.260: [GC (Allocation Failure) [PSYoungGen: 237696K->64K(238080K)] 530314K->292682K(716288K), 0.0019550 secs] [Times: user=0.00 sys=0.00, real=0.00 secs] 
2024-07-05T02:36:31.752+0800: 6500.463: [GC (Allocation Failure) [PSYoungGen: 237632K->32K(238080K)] 530250K->292682K(716288K), 0.0019849 secs] [Times: user=0.00 sys=0.00, real=0.01 secs] 
2024-07-05T02:36:32.045+0800: 6500.755: [GC (Allocation Failure) [PSYoungGen: 237600K->224K(238080K)] 530250K->292874K(716288K), 0.0023245 secs] [Times: user=0.00 sys=0.00, real=0.01 secs] 
2024-07-05T02:36:32.265+0800: 6500.975: [GC (Allocation Failure) [PSYoungGen: 237792K->80K(238080K)] 530442K->292786K(716288K), 0.0029497 secs] [Times: user=0.00 sys=0.00, real=0.01 secs] 
2024-07-05T02:36:32.560+0800: 6501.271: [GC (Allocation Failure) [PSYoungGen: 237648K->96K(238080K)] 530354K->292850K(716288K), 0.0031209 secs] [Times: user=0.01 sys=0.00, real=0.00 secs] 
2024-07-05T02:36:32.850+0800: 6501.561: [GC (Allocation Failure) [PSYoungGen: 237664K->96K(238080K)] 530418K->292850K(716288K), 0.0019593 secs] [Times: user=0.00 sys=0.00, real=0.00 secs] 
2024-07-05T02:36:33.049+0800: 6501.759: [GC (Allocation Failure) [PSYoungGen: 237664K->128K(238080K)] 530418K->292914K(716288K), 0.0020273 secs] [Times: user=0.00 sys=0.00, real=0.00 secs] 
2024-07-05T02:36:33.334+0800: 6502.045: [GC (Allocation Failure) [PSYoungGen: 237696K->128K(238080K)] 530482K->292914K(716288K), 0.0032312 secs] [Times: user=0.00 sys=0.00, real=0.00 secs] 
2024-07-05T02:36:33.574+0800: 6502.285: [GC (Allocation Failure) [PSYoungGen: 237696K->96K(238080K)] 530482K->292922K(716288K), 0.0032870 secs] [Times: user=0.00 sys=0.00, real=0.00 secs] 
2024-07-05T02:36:33.810+0800: 6502.521: [GC (Allocation Failure) [PSYoungGen: 237664K->64K(238080K)] 530490K->292946K(716288K), 0.0022190 secs] [Times: user=0.00 sys=0.00, real=0.00 secs] 
2024-07-05T02:36:34.102+0800: 6502.813: [GC (Allocation Failure) [PSYoungGen: 237632K->64K(238080K)] 530514K->292946K(716288K), 0.0023869 secs] [Times: user=0.00 sys=0.00, real=0.00 secs] 
2024-07-05T02:36:34.326+0800: 6503.037: [GC (Allocation Failure) [PSYoungGen: 237632K->96K(238080K)] 530514K->293026K(716288K), 0.0021333 secs] [Times: user=0.01 sys=0.00, real=0.00 secs] 
2024-07-05T02:36:34.615+0800: 6503.326: [GC (Allocation Failure) [PSYoungGen: 237664K->176K(238080K)] 530594K->293106K(716288K), 0.0020468 secs] [Times: user=0.01 sys=0.00, real=0.00 secs] 
2024-07-05T02:36:34.905+0800: 6503.616: [GC (Allocation Failure) [PSYoungGen: 237744K->48K(238080K)] 530674K->293010K(716288K), 0.0020206 secs] [Times: user=0.01 sys=0.00, real=0.01 secs] 
2024-07-05T02:36:35.102+0800: 6503.812: [GC (Allocation Failure) [PSYoungGen: 237616K->96K(238080K)] 530578K->293114K(716288K), 0.0019865 secs] [Times: user=0.00 sys=0.00, real=0.00 secs] 
2024-07-05T02:36:35.388+0800: 6504.099: [GC (Allocation Failure) [PSYoungGen: 237664K->96K(238080K)] 530682K->293114K(716288K), 0.0027371 secs] [Times: user=0.00 sys=0.00, real=0.00 secs] 
2024-07-05T02:36:35.590+0800: 6504.301: [GC (Allocation Failure) [PSYoungGen: 237664K->96K(238080K)] 530682K->293138K(716288K), 0.0031132 secs] [Times: user=0.00 sys=0.00, real=0.00 secs] 
2024-07-05T02:36:35.890+0800: 6504.601: [GC (Allocation Failure) [PSYoungGen: 237664K->64K(238080K)] 530706K->293146K(716288K), 0.0020862 secs] [Times: user=0.00 sys=0.00, real=0.00 secs] 
2024-07-05T02:36:36.172+0800: 6504.883: [GC (Allocation Failure) [PSYoungGen: 237632K->112K(238080K)] 530714K->293194K(716288K), 0.0019604 secs] [Times: user=0.00 sys=0.00, real=0.01 secs] 
2024-07-05T02:36:36.378+0800: 6505.089: [GC (Allocation Failure) [PSYoungGen: 237680K->96K(238080K)] 530762K->293242K(716288K), 0.0026899 secs] [Times: user=0.01 sys=0.00, real=0.00 secs] 
2024-07-05T02:36:36.658+0800: 6505.369: [GC (Allocation Failure) [PSYoungGen: 237664K->160K(238080K)] 530810K->293306K(716288K), 0.0031974 secs] [Times: user=0.01 sys=0.00, real=0.00 secs] 
2024-07-05T02:36:36.878+0800: 6505.589: [GC (Allocation Failure) [PSYoungGen: 237728K->96K(238080K)] 530874K->293266K(716288K), 0.0023489 secs] [Times: user=0.00 sys=0.00, real=0.00 secs] 
2024-07-05T02:36:37.132+0800: 6505.843: [GC (Allocation Failure) [PSYoungGen: 237664K->128K(238080K)] 530834K->293346K(716288K), 0.0025801 secs] [Times: user=0.00 sys=0.00, real=0.01 secs] 
2024-07-05T02:36:37.410+0800: 6506.120: [GC (Allocation Failure) [PSYoungGen: 237696K->64K(238080K)] 530914K->293282K(716288K), 0.0031345 secs] [Times: user=0.00 sys=0.00, real=0.00 secs] 
2024-07-05T02:36:37.615+0800: 6506.326: [GC (Allocation Failure) [PSYoungGen: 237632K->192K(238080K)] 530850K->293478K(716288K), 0.0026158 secs] [Times: user=0.00 sys=0.00, real=0.00 secs] 
2024-07-05T02:36:37.900+0800: 6506.611: [GC (Allocation Failure) [PSYoungGen: 237760K->96K(238080K)] 531046K->293382K(716288K), 0.0025519 secs] [Times: user=0.01 sys=0.00, real=0.00 secs] 
2024-07-05T02:36:38.166+0800: 6506.877: [GC (Allocation Failure) [PSYoungGen: 237664K->48K(238080K)] 530950K->293334K(716288K), 0.0032248 secs] [Times: user=0.00 sys=0.00, real=0.00 secs] 
2024-07-05T02:36:38.405+0800: 6507.116: [GC (Allocation Failure) [PSYoungGen: 237616K->160K(238080K)] 530902K->293494K(716288K), 0.0020773 secs] [Times: user=0.00 sys=0.00, real=0.01 secs] 
2024-07-05T02:36:38.682+0800: 6507.393: [GC (Allocation Failure) [PSYoungGen: 237728K->160K(238080K)] 531062K->293494K(716288K), 0.0033286 secs] [Times: user=0.00 sys=0.00, real=0.00 secs] 
2024-07-05T02:36:38.900+0800: 6507.610: [GC (Allocation Failure) [PSYoungGen: 237728K->32K(238080K)] 531062K->293414K(716288K), 0.0020234 secs] [Times: user=0.00 sys=0.00, real=0.00 secs] 
2024-07-05T02:36:39.163+0800: 6507.874: [GC (Allocation Failure) [PSYoungGen: 237600K->160K(238080K)] 530982K->293566K(716288K), 0.0024051 secs] [Times: user=0.00 sys=0.00, real=0.00 secs] 
2024-07-05T02:36:39.414+0800: 6508.125: [GC (Allocation Failure) [PSYoungGen: 237728K->80K(238080K)] 531134K->293486K(716288K), 0.0024262 secs] [Times: user=0.00 sys=0.00, real=0.00 secs] 
2024-07-05T02:36:39.662+0800: 6508.373: [GC (Allocation Failure) [PSYoungGen: 237648K->96K(238080K)] 531054K->293558K(716288K), 0.0033212 secs] [Times: user=0.00 sys=0.00, real=0.00 secs] 
2024-07-05T02:36:39.930+0800: 6508.641: [GC (Allocation Failure) [PSYoungGen: 237664K->96K(238080K)] 531126K->293558K(716288K), 0.0031575 secs] [Times: user=0.00 sys=0.00, real=0.00 secs] 
2024-07-05T02:36:40.166+0800: 6508.877: [GC (Allocation Failure) [PSYoungGen: 237664K->96K(238080K)] 531126K->293598K(716288K), 0.0035313 secs] [Times: user=0.00 sys=0.00, real=0.00 secs] 
2024-07-05T02:36:40.396+0800: 6509.106: [GC (Allocation Failure) [PSYoungGen: 237664K->160K(238080K)] 531166K->293686K(716288K), 0.0020257 secs] [Times: user=0.00 sys=0.00, real=0.00 secs] 
2024-07-05T02:36:40.625+0800: 6509.336: [GC (Allocation Failure) [PSYoungGen: 237728K->128K(238080K)] 531254K->293654K(716288K), 0.0022304 secs] [Times: user=0.00 sys=0.00, real=0.01 secs] 
2024-07-05T02:36:40.874+0800: 6509.585: [GC (Allocation Failure) [PSYoungGen: 237696K->32K(238080K)] 531222K->293599K(716288K), 0.0031173 secs] [Times: user=0.01 sys=0.00, real=0.00 secs] 
2024-07-05T02:36:41.134+0800: 6509.845: [GC (Allocation Failure) [PSYoungGen: 237600K->144K(238080K)] 531167K->293727K(716288K), 0.0032482 secs] [Times: user=0.01 sys=0.00, real=0.00 secs] 
2024-07-05T02:36:41.369+0800: 6510.079: [GC (Allocation Failure) [PSYoungGen: 237712K->96K(238080K)] 531295K->293735K(716288K), 0.0024032 secs] [Times: user=0.01 sys=0.00, real=0.00 secs] 
2024-07-05T02:36:41.602+0800: 6510.312: [GC (Allocation Failure) [PSYoungGen: 237664K->64K(238080K)] 531303K->293727K(716288K), 0.0020722 secs] [Times: user=0.00 sys=0.00, real=0.00 secs] 
2024-07-05T02:36:41.856+0800: 6510.566: [GC (Allocation Failure) [PSYoungGen: 237632K->64K(238080K)] 531295K->293727K(716288K), 0.0022129 secs] [Times: user=0.01 sys=0.00, real=0.00 secs] 
2024-07-05T02:36:42.150+0800: 6510.861: [GC (Allocation Failure) [PSYoungGen: 237632K->96K(238080K)] 531295K->293799K(716288K), 0.0035213 secs] [Times: user=0.00 sys=0.00, real=0.01 secs] 
2024-07-05T02:36:42.374+0800: 6511.085: [GC (Allocation Failure) [PSYoungGen: 237664K->128K(238080K)] 531367K->293863K(716288K), 0.0026945 secs] [Times: user=0.01 sys=0.00, real=0.00 secs] 
2024-07-05T02:36:42.631+0800: 6511.342: [GC (Allocation Failure) [PSYoungGen: 237696K->128K(238080K)] 531431K->293903K(716288K), 0.0019239 secs] [Times: user=0.00 sys=0.00, real=0.00 secs] 
2024-07-05T02:36:42.918+0800: 6511.628: [GC (Allocation Failure) [PSYoungGen: 237696K->112K(238080K)] 531471K->293887K(716288K), 0.0019534 secs] [Times: user=0.00 sys=0.00, real=0.00 secs] 
2024-07-05T02:36:43.110+0800: 6511.820: [GC (Allocation Failure) [PSYoungGen: 237680K->64K(238080K)] 531455K->293911K(716288K), 0.0019749 secs] [Times: user=0.00 sys=0.00, real=0.00 secs] 
2024-07-05T02:36:43.399+0800: 6512.110: [GC (Allocation Failure) [PSYoungGen: 237632K->128K(238080K)] 531479K->293975K(716288K), 0.0019855 secs] [Times: user=0.00 sys=0.00, real=0.00 secs] 
2024-07-05T02:36:43.630+0800: 6512.341: [GC (Allocation Failure) [PSYoungGen: 237696K->48K(238080K)] 531543K->293895K(716288K), 0.0019011 secs] [Times: user=0.00 sys=0.00, real=0.00 secs] 
2024-07-05T02:36:43.901+0800: 6512.612: [GC (Allocation Failure) [PSYoungGen: 237616K->96K(238080K)] 531463K->293999K(716288K), 0.0019890 secs] [Times: user=0.00 sys=0.00, real=0.00 secs] 
2024-07-05T02:36:44.189+0800: 6512.899: [GC (Allocation Failure) [PSYoungGen: 237664K->144K(238080K)] 531567K->294047K(716288K), 0.0019840 secs] [Times: user=0.00 sys=0.00, real=0.00 secs] 
2024-07-05T02:36:44.382+0800: 6513.093: [GC (Allocation Failure) [PSYoungGen: 237712K->128K(238080K)] 531615K->294103K(716288K), 0.0019608 secs] [Times: user=0.00 sys=0.00, real=0.00 secs] 
2024-07-05T02:36:44.669+0800: 6513.379: [GC (Allocation Failure) [PSYoungGen: 237696K->128K(238080K)] 531671K->294103K(716288K), 0.0019660 secs] [Times: user=0.00 sys=0.00, real=0.00 secs] 
2024-07-05T02:36:44.935+0800: 6513.646: [GC (Allocation Failure) [PSYoungGen: 237696K->96K(238080K)] 531671K->294071K(716288K), 0.0030239 secs] [Times: user=0.01 sys=0.00, real=0.00 secs] 
2024-07-05T02:36:45.145+0800: 6513.856: [GC (Allocation Failure) [PSYoungGen: 237664K->160K(238080K)] 531639K->294191K(716288K), 0.0020411 secs] [Times: user=0.00 sys=0.00, real=0.01 secs] 
2024-07-05T02:36:45.443+0800: 6514.154: [GC (Allocation Failure) [PSYoungGen: 237728K->128K(238080K)] 531759K->294159K(716288K), 0.0020339 secs] [Times: user=0.00 sys=0.00, real=0.00 secs] 
2024-07-05T02:36:45.663+0800: 6514.374: [GC (Allocation Failure) [PSYoungGen: 237696K->64K(238080K)] 531727K->294167K(716288K), 0.0034059 secs] [Times: user=0.01 sys=0.00, real=0.01 secs] 
2024-07-05T02:36:45.978+0800: 6514.689: [GC (Allocation Failure) [PSYoungGen: 237632K->128K(238080K)] 531735K->294231K(716288K), 0.0035880 secs] [Times: user=0.00 sys=0.00, real=0.00 secs] 
2024-07-05T02:36:46.274+0800: 6514.985: [GC (Allocation Failure) [PSYoungGen: 237696K->128K(238080K)] 531799K->294231K(716288K), 0.0029626 secs] [Times: user=0.01 sys=0.00, real=0.00 secs] 
2024-07-05T02:36:46.470+0800: 6515.180: [GC (Allocation Failure) [PSYoungGen: 237696K->128K(238080K)] 531799K->294291K(716288K), 0.0019854 secs] [Times: user=0.00 sys=0.00, real=0.00 secs] 
2024-07-05T02:36:46.762+0800: 6515.473: [GC (Allocation Failure) [PSYoungGen: 237696K->128K(238080K)] 531859K->294291K(716288K), 0.0019348 secs] [Times: user=0.01 sys=0.00, real=0.00 secs] 
2024-07-05T02:36:46.969+0800: 6515.679: [GC (Allocation Failure) [PSYoungGen: 237696K->64K(238080K)] 531859K->294287K(716288K), 0.0019374 secs] [Times: user=0.01 sys=0.00, real=0.00 secs] 
2024-07-05T02:36:47.250+0800: 6515.961: [GC (Allocation Failure) [PSYoungGen: 237632K->128K(238080K)] 531855K->294367K(716288K), 0.0019301 secs] [Times: user=0.00 sys=0.00, real=0.00 secs] 
2024-07-05T02:36:47.550+0800: 6516.261: [GC (Allocation Failure) [PSYoungGen: 237696K->96K(238080K)] 531935K->294335K(716288K), 0.0019816 secs] [Times: user=0.01 sys=0.00, real=0.00 secs] 
2024-07-05T02:36:47.754+0800: 6516.465: [GC (Allocation Failure) [PSYoungGen: 237664K->32K(238080K)] 531903K->294339K(716288K), 0.0020020 secs] [Times: user=0.01 sys=0.00, real=0.00 secs] 
2024-07-05T02:36:48.046+0800: 6516.757: [GC (Allocation Failure) [PSYoungGen: 237600K->144K(238080K)] 531907K->294451K(716288K), 0.0020784 secs] [Times: user=0.00 sys=0.00, real=0.00 secs] 
2024-07-05T02:36:48.296+0800: 6517.007: [GC (Allocation Failure) [PSYoungGen: 237712K->32K(238080K)] 532019K->294371K(716288K), 0.0019952 secs] [Times: user=0.00 sys=0.00, real=0.00 secs] 
2024-07-05T02:36:48.553+0800: 6517.263: [GC (Allocation Failure) [PSYoungGen: 237600K->96K(238080K)] 531939K->294459K(716288K), 0.0021891 secs] [Times: user=0.01 sys=0.00, real=0.01 secs] 
2024-07-05T02:36:48.854+0800: 6517.565: [GC (Allocation Failure) [PSYoungGen: 237664K->144K(238080K)] 532027K->294507K(716288K), 0.0032699 secs] [Times: user=0.00 sys=0.00, real=0.00 secs] 
2024-07-05T02:36:49.062+0800: 6517.773: [GC (Allocation Failure) [PSYoungGen: 237712K->64K(238080K)] 532075K->294503K(716288K), 0.0024115 secs] [Times: user=0.01 sys=0.00, real=0.00 secs] 
2024-07-05T02:36:49.335+0800: 6518.046: [GC (Allocation Failure) [PSYoungGen: 237632K->96K(238080K)] 532071K->294535K(716288K), 0.0032274 secs] [Times: user=0.01 sys=0.00, real=0.00 secs] 
2024-07-05T02:36:49.594+0800: 6518.305: [GC (Allocation Failure) [PSYoungGen: 237664K->96K(238080K)] 532103K->294567K(716288K), 0.0019206 secs] [Times: user=0.00 sys=0.00, real=0.00 secs] 
2024-07-05T02:36:49.802+0800: 6518.513: [GC (Allocation Failure) [PSYoungGen: 237664K->128K(238080K)] 532135K->294631K(716288K), 0.0019058 secs] [Times: user=0.00 sys=0.00, real=0.00 secs] 
2024-07-05T02:36:50.074+0800: 6518.784: [GC (Allocation Failure) [PSYoungGen: 237696K->112K(238080K)] 532199K->294615K(716288K), 0.0019642 secs] [Times: user=0.01 sys=0.00, real=0.00 secs] 
2024-07-05T02:36:50.286+0800: 6518.997: [GC (Allocation Failure) [PSYoungGen: 237680K->64K(238080K)] 532183K->294615K(716288K), 0.0019709 secs] [Times: user=0.00 sys=0.00, real=0.00 secs] 
2024-07-05T02:36:50.563+0800: 6519.274: [GC (Allocation Failure) [PSYoungGen: 237632K->64K(238080K)] 532183K->294655K(716288K), 0.0021727 secs] [Times: user=0.00 sys=0.00, real=0.00 secs] 
2024-07-05T02:36:50.845+0800: 6519.555: [GC (Allocation Failure) [PSYoungGen: 237632K->64K(238080K)] 532223K->294655K(716288K), 0.0024154 secs] [Times: user=0.01 sys=0.00, real=0.01 secs] 
2024-07-05T02:36:51.044+0800: 6519.755: [GC (Allocation Failure) [PSYoungGen: 237632K->192K(238080K)] 532223K->294823K(716288K), 0.0026870 secs] [Times: user=0.00 sys=0.00, real=0.01 secs] 
2024-07-05T02:36:51.325+0800: 6520.035: [GC (Allocation Failure) [PSYoungGen: 237760K->160K(238080K)] 532391K->294791K(716288K), 0.0025194 secs] [Times: user=0.01 sys=0.00, real=0.01 secs] 
2024-07-05T02:36:51.538+0800: 6520.249: [GC (Allocation Failure) [PSYoungGen: 237728K->48K(238080K)] 532359K->294711K(716288K), 0.0021384 secs] [Times: user=0.01 sys=0.00, real=0.00 secs] 
2024-07-05T02:36:51.822+0800: 6520.533: [GC (Allocation Failure) [PSYoungGen: 237616K->96K(238080K)] 532279K->294807K(716288K), 0.0020446 secs] [Times: user=0.01 sys=0.00, real=0.00 secs] 
2024-07-05T02:36:52.122+0800: 6520.833: [GC (Allocation Failure) [PSYoungGen: 237664K->96K(238080K)] 532375K->294815K(716288K), 0.0020453 secs] [Times: user=0.00 sys=0.00, real=0.00 secs] 
2024-07-05T02:36:52.335+0800: 6521.046: [GC (Allocation Failure) [PSYoungGen: 237664K->64K(238080K)] 532383K->294831K(716288K), 0.0020064 secs] [Times: user=0.01 sys=0.00, real=0.00 secs] 
2024-07-05T02:36:52.658+0800: 6521.369: [GC (Allocation Failure) [PSYoungGen: 237632K->144K(238080K)] 532399K->294911K(716288K), 0.0020184 secs] [Times: user=0.00 sys=0.00, real=0.00 secs] 
2024-07-05T02:36:52.926+0800: 6521.637: [GC (Allocation Failure) [PSYoungGen: 237712K->64K(238080K)] 532479K->294871K(716288K), 0.0030377 secs] [Times: user=0.00 sys=0.00, real=0.00 secs] 
2024-07-05T02:36:53.153+0800: 6521.864: [GC (Allocation Failure) [PSYoungGen: 237632K->96K(238080K)] 532439K->294963K(716288K), 0.0020856 secs] [Times: user=0.00 sys=0.00, real=0.01 secs] 
2024-07-05T02:36:53.443+0800: 6522.154: [GC (Allocation Failure) [PSYoungGen: 237664K->96K(238080K)] 532531K->294963K(716288K), 0.0019728 secs] [Times: user=0.01 sys=0.00, real=0.00 secs] 
2024-07-05T02:36:53.640+0800: 6522.350: [GC (Allocation Failure) [PSYoungGen: 237664K->64K(238080K)] 532531K->294971K(716288K), 0.0033188 secs] [Times: user=0.00 sys=0.01, real=0.00 secs] 
2024-07-05T02:36:53.924+0800: 6522.635: [GC (Allocation Failure) [PSYoungGen: 237632K->96K(238080K)] 532539K->295003K(716288K), 0.0020467 secs] [Times: user=0.00 sys=0.00, real=0.01 secs] 
2024-07-05T02:36:54.198+0800: 6522.909: [GC (Allocation Failure) [PSYoungGen: 237664K->96K(238080K)] 532571K->295043K(716288K), 0.0031848 secs] [Times: user=0.00 sys=0.00, real=0.00 secs] 
2024-07-05T02:36:54.396+0800: 6523.106: [GC (Allocation Failure) [PSYoungGen: 237664K->128K(238080K)] 532611K->295143K(716288K), 0.0028388 secs] [Times: user=0.00 sys=0.00, real=0.00 secs] 
2024-07-05T02:36:54.687+0800: 6523.398: [GC (Allocation Failure) [PSYoungGen: 237696K->96K(238080K)] 532711K->295111K(716288K), 0.0019869 secs] [Times: user=0.00 sys=0.00, real=0.00 secs] 
2024-07-05T02:36:54.885+0800: 6523.596: [GC (Allocation Failure) [PSYoungGen: 237664K->32K(238080K)] 532679K->295071K(716288K), 0.0019501 secs] [Times: user=0.00 sys=0.00, real=0.01 secs] 
2024-07-05T02:36:55.174+0800: 6523.884: [GC (Allocation Failure) [PSYoungGen: 237600K->208K(238080K)] 532639K->295255K(716288K), 0.0020017 secs] [Times: user=0.01 sys=0.00, real=0.01 secs] 
2024-07-05T02:36:55.461+0800: 6524.172: [GC (Allocation Failure) [PSYoungGen: 237776K->176K(238080K)] 532823K->295263K(716288K), 0.0020400 secs] [Times: user=0.00 sys=0.00, real=0.00 secs] 
2024-07-05T02:36:55.670+0800: 6524.381: [GC (Allocation Failure) [PSYoungGen: 237744K->96K(238080K)] 532831K->295263K(716288K), 0.0049741 secs] [Times: user=0.00 sys=0.00, real=0.01 secs] 
2024-07-05T02:36:55.970+0800: 6524.680: [GC (Allocation Failure) [PSYoungGen: 237664K->128K(238080K)] 532831K->295295K(716288K), 0.0037638 secs] [Times: user=0.00 sys=0.00, real=0.00 secs] 
2024-07-05T02:36:56.202+0800: 6524.913: [GC (Allocation Failure) [PSYoungGen: 237696K->80K(238080K)] 532863K->295247K(716288K), 0.0033032 secs] [Times: user=0.00 sys=0.00, real=0.00 secs] 
2024-07-05T02:36:56.462+0800: 6525.173: [GC (Allocation Failure) [PSYoungGen: 237648K->160K(238080K)] 532815K->295383K(716288K), 0.0033099 secs] [Times: user=0.00 sys=0.00, real=0.00 secs] 
2024-07-05T02:36:56.745+0800: 6525.455: [GC (Allocation Failure) [PSYoungGen: 237728K->144K(238080K)] 532951K->295367K(716288K), 0.0023654 secs] [Times: user=0.01 sys=0.00, real=0.01 secs] 
2024-07-05T02:36:56.957+0800: 6525.668: [GC (Allocation Failure) [PSYoungGen: 237712K->32K(238080K)] 532935K->295303K(716288K), 0.0021059 secs] [Times: user=0.01 sys=0.00, real=0.00 secs] 
2024-07-05T02:36:57.225+0800: 6525.936: [GC (Allocation Failure) [PSYoungGen: 237600K->64K(238080K)] 532871K->295351K(716288K), 0.0020837 secs] [Times: user=0.00 sys=0.00, real=0.01 secs] 
2024-07-05T02:36:57.474+0800: 6526.185: [GC (Allocation Failure) [PSYoungGen: 237632K->112K(238080K)] 532919K->295399K(716288K), 0.0019262 secs] [Times: user=0.01 sys=0.00, real=0.00 secs] 
2024-07-05T02:36:57.700+0800: 6526.411: [GC (Allocation Failure) [PSYoungGen: 237680K->160K(238080K)] 532967K->295507K(716288K), 0.0020567 secs] [Times: user=0.00 sys=0.00, real=0.00 secs] 
2024-07-05T02:36:57.956+0800: 6526.667: [GC (Allocation Failure) [PSYoungGen: 237728K->96K(238080K)] 533075K->295443K(716288K), 0.0026761 secs] [Times: user=0.00 sys=0.00, real=0.00 secs] 
2024-07-05T02:36:58.174+0800: 6526.885: [GC (Allocation Failure) [PSYoungGen: 237664K->64K(238080K)] 533011K->295451K(716288K), 0.0033618 secs] [Times: user=0.01 sys=0.00, real=0.00 secs] 
2024-07-05T02:36:58.414+0800: 6527.125: [GC (Allocation Failure) [PSYoungGen: 237632K->96K(238080K)] 533019K->295499K(716288K), 0.0032051 secs] [Times: user=0.01 sys=0.00, real=0.00 secs] 
2024-07-05T02:36:58.652+0800: 6527.363: [GC (Allocation Failure) [PSYoungGen: 237664K->96K(238080K)] 533067K->295531K(716288K), 0.0026159 secs] [Times: user=0.00 sys=0.00, real=0.01 secs] 
2024-07-05T02:36:58.906+0800: 6527.617: [GC (Allocation Failure) [PSYoungGen: 237664K->192K(238080K)] 533099K->295627K(716288K), 0.0024982 secs] [Times: user=0.00 sys=0.00, real=0.00 secs] 
2024-07-05T02:36:59.157+0800: 6527.868: [GC (Allocation Failure) [PSYoungGen: 237760K->64K(238080K)] 533195K->295568K(716288K), 0.0021943 secs] [Times: user=0.01 sys=0.00, real=0.00 secs] 
2024-07-05T02:36:59.395+0800: 6528.106: [GC (Allocation Failure) [PSYoungGen: 237632K->128K(238080K)] 533136K->295656K(716288K), 0.0020713 secs] [Times: user=0.01 sys=0.00, real=0.00 secs] 
2024-07-05T02:36:59.624+0800: 6528.334: [GC (Allocation Failure) [PSYoungGen: 237696K->96K(238080K)] 533224K->295648K(716288K), 0.0021212 secs] [Times: user=0.01 sys=0.00, real=0.01 secs] 
2024-07-05T02:36:59.868+0800: 6528.579: [GC (Allocation Failure) [PSYoungGen: 237664K->128K(238080K)] 533216K->295680K(716288K), 0.0026011 secs] [Times: user=0.00 sys=0.00, real=0.00 secs] 
2024-07-05T02:37:00.085+0800: 6528.796: [GC (Allocation Failure) [PSYoungGen: 237696K->128K(238080K)] 533248K->295720K(716288K), 0.0021460 secs] [Times: user=0.01 sys=0.00, real=0.01 secs] 
2024-07-05T02:37:00.338+0800: 6529.049: [GC (Allocation Failure) [PSYoungGen: 237696K->160K(238080K)] 533288K->295792K(716288K), 0.0032730 secs] [Times: user=0.00 sys=0.00, real=0.00 secs] 
2024-07-05T02:37:00.562+0800: 6529.273: [GC (Allocation Failure) [PSYoungGen: 237728K->96K(238080K)] 533360K->295752K(716288K), 0.0032426 secs] [Times: user=0.01 sys=0.00, real=0.00 secs] 
2024-07-05T02:37:00.789+0800: 6529.499: [GC (Allocation Failure) [PSYoungGen: 237664K->96K(238080K)] 533320K->295768K(716288K), 0.0019916 secs] [Times: user=0.00 sys=0.00, real=0.00 secs] 
2024-07-05T02:37:01.042+0800: 6529.753: [GC (Allocation Failure) [PSYoungGen: 237664K->112K(238080K)] 533336K->295784K(716288K), 0.0032522 secs] [Times: user=0.00 sys=0.00, real=0.01 secs] 
2024-07-05T02:37:01.246+0800: 6529.957: [GC (Allocation Failure) [PSYoungGen: 237680K->112K(238080K)] 533352K->295832K(716288K), 0.0031028 secs] [Times: user=0.01 sys=0.00, real=0.00 secs] 
2024-07-05T02:37:01.502+0800: 6530.212: [GC (Allocation Failure) [PSYoungGen: 237680K->64K(238080K)] 533400K->295824K(716288K), 0.0031012 secs] [Times: user=0.00 sys=0.00, real=0.00 secs] 
2024-07-05T02:37:01.757+0800: 6530.468: [GC (Allocation Failure) [PSYoungGen: 237632K->96K(238080K)] 533392K->295856K(716288K), 0.0020152 secs] [Times: user=0.00 sys=0.00, real=0.00 secs] 
2024-07-05T02:37:01.978+0800: 6530.689: [GC (Allocation Failure) [PSYoungGen: 237664K->128K(238080K)] 533424K->295920K(716288K), 0.0033445 secs] [Times: user=0.00 sys=0.00, real=0.00 secs] 
2024-07-05T02:37:02.270+0800: 6530.981: [GC (Allocation Failure) [PSYoungGen: 237696K->176K(238080K)] 533488K->295968K(716288K), 0.0023962 secs] [Times: user=0.00 sys=0.00, real=0.00 secs] 
2024-07-05T02:37:02.474+0800: 6531.185: [GC (Allocation Failure) [PSYoungGen: 237744K->64K(238080K)] 533536K->295912K(716288K), 0.0031014 secs] [Times: user=0.00 sys=0.00, real=0.00 secs] 
2024-07-05T02:37:02.757+0800: 6531.468: [GC (Allocation Failure) [PSYoungGen: 237632K->160K(238080K)] 533480K->296056K(716288K), 0.0021363 secs] [Times: user=0.00 sys=0.00, real=0.00 secs] 
2024-07-05T02:37:03.042+0800: 6531.753: [GC (Allocation Failure) [PSYoungGen: 237728K->64K(238080K)] 533624K->295960K(716288K), 0.0020835 secs] [Times: user=0.00 sys=0.00, real=0.00 secs] 
2024-07-05T02:37:03.238+0800: 6531.948: [GC (Allocation Failure) [PSYoungGen: 237632K->32K(238080K)] 533528K->295960K(716288K), 0.0019333 secs] [Times: user=0.01 sys=0.00, real=0.00 secs] 
2024-07-05T02:37:03.519+0800: 6532.230: [GC (Allocation Failure) [PSYoungGen: 237600K->160K(238080K)] 533528K->296088K(716288K), 0.0019701 secs] [Times: user=0.00 sys=0.00, real=0.00 secs] 
2024-07-05T02:37:03.737+0800: 6532.448: [GC (Allocation Failure) [PSYoungGen: 237728K->112K(238080K)] 533656K->296100K(716288K), 0.0023335 secs] [Times: user=0.00 sys=0.00, real=0.00 secs] 
2024-07-05T02:37:03.991+0800: 6532.701: [GC (Allocation Failure) [PSYoungGen: 237680K->128K(238080K)] 533668K->296156K(716288K), 0.0019513 secs] [Times: user=0.01 sys=0.00, real=0.00 secs] 
2024-07-05T02:37:04.262+0800: 6532.973: [GC (Allocation Failure) [PSYoungGen: 237696K->96K(238080K)] 533724K->296124K(716288K), 0.0019591 secs] [Times: user=0.00 sys=0.00, real=0.00 secs] 
2024-07-05T02:37:04.458+0800: 6533.169: [GC (Allocation Failure) [PSYoungGen: 237664K->160K(238080K)] 533692K->296220K(716288K), 0.0021389 secs] [Times: user=0.01 sys=0.00, real=0.00 secs] 
2024-07-05T02:37:04.734+0800: 6533.445: [GC (Allocation Failure) [PSYoungGen: 237728K->160K(238080K)] 533788K->296220K(716288K), 0.0019477 secs] [Times: user=0.01 sys=0.00, real=0.00 secs] 
2024-07-05T02:37:04.982+0800: 6533.693: [GC (Allocation Failure) [PSYoungGen: 237728K->48K(238080K)] 533788K->296140K(716288K), 0.0020005 secs] [Times: user=0.00 sys=0.00, real=0.00 secs] 
2024-07-05T02:37:05.201+0800: 6533.912: [GC (Allocation Failure) [PSYoungGen: 237616K->128K(238080K)] 533708K->296268K(716288K), 0.0019334 secs] [Times: user=0.00 sys=0.00, real=0.00 secs] 
2024-07-05T02:37:05.462+0800: 6534.173: [GC (Allocation Failure) [PSYoungGen: 237696K->128K(238080K)] 533836K->296268K(716288K), 0.0032641 secs] [Times: user=0.01 sys=0.00, real=0.00 secs] 
2024-07-05T02:37:05.662+0800: 6534.373: [GC (Allocation Failure) [PSYoungGen: 237696K->96K(238080K)] 533836K->296260K(716288K), 0.0020746 secs] [Times: user=0.00 sys=0.00, real=0.00 secs] 
2024-07-05T02:37:05.933+0800: 6534.644: [GC (Allocation Failure) [PSYoungGen: 237664K->112K(238080K)] 533828K->296292K(716288K), 0.0020110 secs] [Times: user=0.00 sys=0.00, real=0.01 secs] 
2024-07-05T02:37:06.217+0800: 6534.928: [GC (Allocation Failure) [PSYoungGen: 237680K->96K(238080K)] 533860K->296308K(716288K), 0.0020576 secs] [Times: user=0.00 sys=0.00, real=0.00 secs] 
2024-07-05T02:37:06.418+0800: 6535.129: [GC (Allocation Failure) [PSYoungGen: 237664K->96K(238080K)] 533876K->296376K(716288K), 0.0030058 secs] [Times: user=0.00 sys=0.00, real=0.00 secs] 
2024-07-05T02:37:06.695+0800: 6535.406: [GC (Allocation Failure) [PSYoungGen: 237664K->64K(238080K)] 533944K->296344K(716288K), 0.0019682 secs] [Times: user=0.01 sys=0.00, real=0.00 secs] 
2024-07-05T02:37:06.896+0800: 6535.607: [GC (Allocation Failure) [PSYoungGen: 237632K->64K(238080K)] 533912K->296368K(716288K), 0.0020173 secs] [Times: user=0.00 sys=0.00, real=0.00 secs] 
2024-07-05T02:37:07.178+0800: 6535.889: [GC (Allocation Failure) [PSYoungGen: 237632K->160K(238080K)] 533936K->296480K(716288K), 0.0021283 secs] [Times: user=0.00 sys=0.00, real=0.00 secs] 
2024-07-05T02:37:07.462+0800: 6536.173: [GC (Allocation Failure) [PSYoungGen: 237728K->80K(238080K)] 534048K->296432K(716288K), 0.0022186 secs] [Times: user=0.01 sys=0.00, real=0.00 secs] 
2024-07-05T02:37:07.662+0800: 6536.372: [GC (Allocation Failure) [PSYoungGen: 237648K->96K(238080K)] 534000K->296512K(716288K), 0.0031747 secs] [Times: user=0.00 sys=0.00, real=0.00 secs] 
2024-07-05T02:37:07.942+0800: 6536.652: [GC (Allocation Failure) [PSYoungGen: 237664K->160K(238080K)] 534080K->296576K(716288K), 0.0031166 secs] [Times: user=0.00 sys=0.00, real=0.00 secs] 
2024-07-05T02:37:08.157+0800: 6536.868: [GC (Allocation Failure) [PSYoungGen: 237728K->96K(238080K)] 534144K->296536K(716288K), 0.0020535 secs] [Times: user=0.00 sys=0.00, real=0.00 secs] 
2024-07-05T02:37:08.414+0800: 6537.125: [GC (Allocation Failure) [PSYoungGen: 237664K->128K(238080K)] 534104K->296584K(716288K), 0.0032810 secs] [Times: user=0.00 sys=0.00, real=0.00 secs] 
2024-07-05T02:37:08.690+0800: 6537.401: [GC (Allocation Failure) [PSYoungGen: 237696K->128K(238080K)] 534152K->296616K(716288K), 0.0024819 secs] [Times: user=0.00 sys=0.00, real=0.00 secs] 
2024-07-05T02:37:08.895+0800: 6537.606: [GC (Allocation Failure) [PSYoungGen: 237696K->32K(238080K)] 534184K->296592K(716288K), 0.0019517 secs] [Times: user=0.00 sys=0.00, real=0.00 secs] 
2024-07-05T02:37:09.181+0800: 6537.892: [GC (Allocation Failure) [PSYoungGen: 237600K->96K(238080K)] 534160K->296656K(716288K), 0.0021258 secs] [Times: user=0.00 sys=0.00, real=0.00 secs] 
2024-07-05T02:37:09.456+0800: 6538.167: [GC (Allocation Failure) [PSYoungGen: 237664K->48K(238080K)] 534224K->296608K(716288K), 0.0020747 secs] [Times: user=0.00 sys=0.00, real=0.00 secs] 
2024-07-05T02:37:09.675+0800: 6538.385: [GC (Allocation Failure) [PSYoungGen: 237616K->96K(238080K)] 534176K->296712K(716288K), 0.0021229 secs] [Times: user=0.00 sys=0.00, real=0.00 secs] 
2024-07-05T02:37:09.958+0800: 6538.669: [GC (Allocation Failure) [PSYoungGen: 237664K->144K(238080K)] 534280K->296760K(716288K), 0.0022614 secs] [Times: user=0.00 sys=0.00, real=0.00 secs] 
2024-07-05T02:37:10.162+0800: 6538.873: [GC (Allocation Failure) [PSYoungGen: 237712K->96K(238080K)] 534328K->296792K(716288K), 0.0022332 secs] [Times: user=0.00 sys=0.00, real=0.00 secs] 
2024-07-05T02:37:10.450+0800: 6539.160: [GC (Allocation Failure) [PSYoungGen: 237664K->128K(238080K)] 534360K->296824K(716288K), 0.0022033 secs] [Times: user=0.00 sys=0.00, real=0.00 secs] 
2024-07-05T02:37:10.738+0800: 6539.449: [GC (Allocation Failure) [PSYoungGen: 237696K->112K(238080K)] 534392K->296808K(716288K), 0.0019424 secs] [Times: user=0.01 sys=0.00, real=0.00 secs] 
2024-07-05T02:37:10.938+0800: 6539.649: [GC (Allocation Failure) [PSYoungGen: 237680K->96K(238080K)] 534376K->296852K(716288K), 0.0020127 secs] [Times: user=0.00 sys=0.00, real=0.00 secs] 
2024-07-05T02:37:11.219+0800: 6539.929: [GC (Allocation Failure) [PSYoungGen: 237664K->128K(238080K)] 534420K->296884K(716288K), 0.0019456 secs] [Times: user=0.01 sys=0.00, real=0.00 secs] 
2024-07-05T02:37:11.418+0800: 6540.129: [GC (Allocation Failure) [PSYoungGen: 237696K->32K(238080K)] 534452K->296836K(716288K), 0.0019626 secs] [Times: user=0.00 sys=0.00, real=0.00 secs] 
2024-07-05T02:37:11.702+0800: 6540.413: [GC (Allocation Failure) [PSYoungGen: 237600K->128K(238080K)] 534404K->296948K(716288K), 0.0018960 secs] [Times: user=0.00 sys=0.00, real=0.00 secs] 
2024-07-05T02:37:11.998+0800: 6540.709: [GC (Allocation Failure) [PSYoungGen: 237696K->160K(238080K)] 534516K->296980K(716288K), 0.0021065 secs] [Times: user=0.01 sys=0.00, real=0.00 secs] 
2024-07-05T02:37:12.199+0800: 6540.910: [GC (Allocation Failure) [PSYoungGen: 237728K->32K(238080K)] 534548K->296920K(716288K), 0.0020461 secs] [Times: user=0.00 sys=0.00, real=0.00 secs] 
2024-07-05T02:37:12.498+0800: 6541.209: [GC (Allocation Failure) [PSYoungGen: 237600K->128K(238080K)] 534488K->297016K(716288K), 0.0028974 secs] [Times: user=0.01 sys=0.00, real=0.00 secs] 
2024-07-05T02:37:12.738+0800: 6541.449: [GC (Allocation Failure) [PSYoungGen: 237696K->32K(238080K)] 534584K->296952K(716288K), 0.0019976 secs] [Times: user=0.00 sys=0.00, real=0.00 secs] 
2024-07-05T02:37:12.990+0800: 6541.700: [GC (Allocation Failure) [PSYoungGen: 237600K->96K(238080K)] 534520K->297040K(716288K), 0.0020077 secs] [Times: user=0.00 sys=0.00, real=0.00 secs] 
2024-07-05T02:37:13.272+0800: 6541.983: [GC (Allocation Failure) [PSYoungGen: 237664K->128K(238080K)] 534608K->297072K(716288K), 0.0021644 secs] [Times: user=0.01 sys=0.00, real=0.01 secs] 
2024-07-05T02:37:13.474+0800: 6542.185: [GC (Allocation Failure) [PSYoungGen: 237696K->96K(238080K)] 534640K->297116K(716288K), 0.0019504 secs] [Times: user=0.00 sys=0.00, real=0.00 secs] 
2024-07-05T02:37:13.762+0800: 6542.473: [GC (Allocation Failure) [PSYoungGen: 237664K->144K(238080K)] 534684K->297164K(716288K), 0.0019183 secs] [Times: user=0.01 sys=0.00, real=0.00 secs] 
2024-07-05T02:37:14.038+0800: 6542.749: [GC (Allocation Failure) [PSYoungGen: 237712K->64K(238080K)] 534732K->297116K(716288K), 0.0020736 secs] [Times: user=0.00 sys=0.00, real=0.00 secs] 
2024-07-05T02:37:14.254+0800: 6542.965: [GC (Allocation Failure) [PSYoungGen: 237632K->64K(238080K)] 534684K->297148K(716288K), 0.0019743 secs] [Times: user=0.00 sys=0.00, real=0.00 secs] 
2024-07-05T02:37:14.539+0800: 6543.250: [GC (Allocation Failure) [PSYoungGen: 237632K->128K(238080K)] 534716K->297212K(716288K), 0.0019737 secs] [Times: user=0.00 sys=0.00, real=0.00 secs] 
2024-07-05T02:37:14.758+0800: 6543.469: [GC (Allocation Failure) [PSYoungGen: 237696K->96K(238080K)] 534780K->297236K(716288K), 0.0019983 secs] [Times: user=0.01 sys=0.00, real=0.00 secs] 
2024-07-05T02:37:15.067+0800: 6543.777: [GC (Allocation Failure) [PSYoungGen: 237664K->160K(238080K)] 534804K->297348K(716288K), 0.0028035 secs] [Times: user=0.01 sys=0.00, real=0.00 secs] 
2024-07-05T02:37:15.358+0800: 6544.069: [GC (Allocation Failure) [PSYoungGen: 237728K->96K(238080K)] 534916K->297284K(716288K), 0.0020879 secs] [Times: user=0.01 sys=0.00, real=0.00 secs] 
2024-07-05T02:37:15.566+0800: 6544.277: [GC (Allocation Failure) [PSYoungGen: 237664K->64K(238080K)] 534852K->297284K(716288K), 0.0020333 secs] [Times: user=0.01 sys=0.00, real=0.00 secs] 
2024-07-05T02:37:15.851+0800: 6544.561: [GC (Allocation Failure) [PSYoungGen: 237632K->128K(238080K)] 534852K->297348K(716288K), 0.0021178 secs] [Times: user=0.01 sys=0.00, real=0.00 secs] 
2024-07-05T02:37:16.078+0800: 6544.788: [GC (Allocation Failure) [PSYoungGen: 237696K->64K(238080K)] 534916K->297332K(716288K), 0.0023371 secs] [Times: user=0.00 sys=0.00, real=0.00 secs] 
2024-07-05T02:37:16.335+0800: 6545.046: [GC (Allocation Failure) [PSYoungGen: 237632K->160K(238080K)] 534900K->297469K(716288K), 0.0020556 secs] [Times: user=0.00 sys=0.00, real=0.00 secs] 
2024-07-05T02:37:16.614+0800: 6545.325: [GC (Allocation Failure) [PSYoungGen: 237728K->96K(238080K)] 535037K->297405K(716288K), 0.0020104 secs] [Times: user=0.01 sys=0.00, real=0.00 secs] 
2024-07-05T02:37:16.818+0800: 6545.529: [GC (Allocation Failure) [PSYoungGen: 237664K->128K(238080K)] 534973K->297469K(716288K), 0.0020608 secs] [Times: user=0.01 sys=0.00, real=0.00 secs] 
2024-07-05T02:37:17.096+0800: 6545.807: [GC (Allocation Failure) [PSYoungGen: 237696K->160K(238080K)] 535037K->297501K(716288K), 0.0020844 secs] [Times: user=0.00 sys=0.00, real=0.00 secs] 
2024-07-05T02:37:17.348+0800: 6546.059: [GC (Allocation Failure) [PSYoungGen: 237728K->48K(238080K)] 535069K->297421K(716288K), 0.0020005 secs] [Times: user=0.01 sys=0.00, real=0.00 secs] 
2024-07-05T02:37:17.574+0800: 6546.285: [GC (Allocation Failure) [PSYoungGen: 237616K->96K(238080K)] 534989K->297525K(716288K), 0.0026135 secs] [Times: user=0.00 sys=0.00, real=0.00 secs] 
2024-07-05T02:37:17.850+0800: 6546.561: [GC (Allocation Failure) [PSYoungGen: 237664K->160K(238080K)] 535093K->297589K(716288K), 0.0032408 secs] [Times: user=0.00 sys=0.00, real=0.00 secs] 
2024-07-05T02:37:18.058+0800: 6546.769: [GC (Allocation Failure) [PSYoungGen: 237728K->32K(238080K)] 535157K->297485K(716288K), 0.0030685 secs] [Times: user=0.00 sys=0.00, real=0.00 secs] 
2024-07-05T02:37:18.314+0800: 6547.025: [GC (Allocation Failure) [PSYoungGen: 237600K->128K(238080K)] 535053K->297597K(716288K), 0.0026270 secs] [Times: user=0.00 sys=0.00, real=0.00 secs] 
2024-07-05T02:37:18.562+0800: 6547.273: [GC (Allocation Failure) [PSYoungGen: 237696K->80K(238080K)] 535165K->297581K(716288K), 0.0180669 secs] [Times: user=0.02 sys=0.00, real=0.02 secs] 
2024-07-05T02:37:18.802+0800: 6547.512: [GC (Allocation Failure) [PSYoungGen: 237648K->128K(238080K)] 535149K->297685K(716288K), 0.0022404 secs] [Times: user=0.01 sys=0.00, real=0.00 secs] 
2024-07-05T02:37:19.057+0800: 6547.768: [GC (Allocation Failure) [PSYoungGen: 237696K->160K(238080K)] 535253K->297717K(716288K), 0.0019777 secs] [Times: user=0.00 sys=0.00, real=0.00 secs] 
2024-07-05T02:37:19.269+0800: 6547.980: [GC (Allocation Failure) [PSYoungGen: 237728K->32K(238080K)] 535285K->297613K(716288K), 0.0020359 secs] [Times: user=0.00 sys=0.00, real=0.00 secs] 
2024-07-05T02:37:19.498+0800: 6548.209: [GC (Allocation Failure) [PSYoungGen: 237600K->192K(238080K)] 535181K->297789K(716288K), 0.0019643 secs] [Times: user=0.00 sys=0.00, real=0.00 secs] 
2024-07-05T02:37:19.734+0800: 6548.444: [GC (Allocation Failure) [PSYoungGen: 237760K->80K(238080K)] 535357K->297709K(716288K), 0.0019375 secs] [Times: user=0.01 sys=0.00, real=0.00 secs] 
2024-07-05T02:37:19.946+0800: 6548.657: [GC (Allocation Failure) [PSYoungGen: 237648K->64K(238080K)] 535277K->297733K(716288K), 0.0019494 secs] [Times: user=0.00 sys=0.00, real=0.00 secs] 
2024-07-05T02:37:20.202+0800: 6548.913: [GC (Allocation Failure) [PSYoungGen: 237632K->160K(238080K)] 535301K->297845K(716288K), 0.0020853 secs] [Times: user=0.00 sys=0.00, real=0.00 secs] 
2024-07-05T02:37:20.421+0800: 6549.131: [GC (Allocation Failure) [PSYoungGen: 237728K->64K(238080K)] 535413K->297773K(716288K), 0.0023714 secs] [Times: user=0.01 sys=0.00, real=0.00 secs] 
2024-07-05T02:37:20.645+0800: 6549.356: [GC (Allocation Failure) [PSYoungGen: 237632K->144K(238080K)] 535341K->297869K(716288K), 0.0020130 secs] [Times: user=0.00 sys=0.00, real=0.01 secs] 
2024-07-05T02:37:20.890+0800: 6549.601: [GC (Allocation Failure) [PSYoungGen: 237712K->80K(238080K)] 535437K->297837K(716288K), 0.0030278 secs] [Times: user=0.00 sys=0.00, real=0.00 secs] 
2024-07-05T02:37:21.097+0800: 6549.808: [GC (Allocation Failure) [PSYoungGen: 237648K->96K(238080K)] 535405K->297901K(716288K), 0.0022289 secs] [Times: user=0.01 sys=0.00, real=0.00 secs] 
2024-07-05T02:37:21.343+0800: 6550.053: [GC (Allocation Failure) [PSYoungGen: 237664K->160K(238080K)] 535469K->297989K(716288K), 0.0032344 secs] [Times: user=0.00 sys=0.00, real=0.01 secs] 
2024-07-05T02:37:21.566+0800: 6550.276: [GC (Allocation Failure) [PSYoungGen: 237728K->96K(238080K)] 535557K->297925K(716288K), 0.0031910 secs] [Times: user=0.00 sys=0.00, real=0.00 secs] 
2024-07-05T02:37:21.790+0800: 6550.500: [GC (Allocation Failure) [PSYoungGen: 237664K->64K(238080K)] 535493K->297961K(716288K), 0.0033817 secs] [Times: user=0.00 sys=0.00, real=0.00 secs] 
2024-07-05T02:37:22.050+0800: 6550.761: [GC (Allocation Failure) [PSYoungGen: 237632K->128K(238080K)] 535529K->298025K(716288K), 0.0033241 secs] [Times: user=0.01 sys=0.00, real=0.00 secs] 
2024-07-05T02:37:22.269+0800: 6550.980: [GC (Allocation Failure) [PSYoungGen: 237696K->64K(238080K)] 535593K->298009K(716288K), 0.0019810 secs] [Times: user=0.01 sys=0.00, real=0.00 secs] 
2024-07-05T02:37:22.553+0800: 6551.264: [GC (Allocation Failure) [PSYoungGen: 237632K->96K(238080K)] 535577K->298057K(716288K), 0.0020001 secs] [Times: user=0.00 sys=0.00, real=0.01 secs] 
2024-07-05T02:37:22.846+0800: 6551.557: [GC (Allocation Failure) [PSYoungGen: 237664K->160K(238080K)] 535625K->298121K(716288K), 0.0025487 secs] [Times: user=0.01 sys=0.00, real=0.00 secs] 
2024-07-05T02:37:23.041+0800: 6551.751: [GC (Allocation Failure) [PSYoungGen: 237728K->32K(238080K)] 535689K->298069K(716288K), 0.0020524 secs] [Times: user=0.00 sys=0.00, real=0.00 secs] 
2024-07-05T02:37:23.330+0800: 6552.040: [GC (Allocation Failure) [PSYoungGen: 237600K->160K(238080K)] 535637K->298197K(716288K), 0.0033876 secs] [Times: user=0.00 sys=0.00, real=0.00 secs] 
2024-07-05T02:37:23.522+0800: 6552.233: [GC (Allocation Failure) [PSYoungGen: 237728K->64K(238080K)] 535765K->298181K(716288K), 0.0027101 secs] [Times: user=0.00 sys=0.00, real=0.00 secs] 
2024-07-05T02:37:23.818+0800: 6552.528: [GC (Allocation Failure) [PSYoungGen: 237632K->192K(238080K)] 535749K->298309K(716288K), 0.0020128 secs] [Times: user=0.00 sys=0.00, real=0.00 secs] 
2024-07-05T02:37:24.119+0800: 6552.830: [GC (Allocation Failure) [PSYoungGen: 237760K->160K(238080K)] 535877K->298277K(716288K), 0.0028022 secs] [Times: user=0.00 sys=0.00, real=0.00 secs] 
2024-07-05T02:37:24.314+0800: 6553.025: [GC (Allocation Failure) [PSYoungGen: 237728K->96K(238080K)] 535845K->298289K(716288K), 0.0021624 secs] [Times: user=0.01 sys=0.00, real=0.00 secs] 
2024-07-05T02:37:24.609+0800: 6553.320: [GC (Allocation Failure) [PSYoungGen: 237664K->160K(238080K)] 535857K->298353K(716288K), 0.0020185 secs] [Times: user=0.01 sys=0.00, real=0.00 secs] 
2024-07-05T02:37:24.854+0800: 6553.565: [GC (Allocation Failure) [PSYoungGen: 237728K->32K(238080K)] 535921K->298265K(716288K), 0.0022280 secs] [Times: user=0.01 sys=0.00, real=0.00 secs] 
2024-07-05T02:37:25.102+0800: 6553.813: [GC (Allocation Failure) [PSYoungGen: 237600K->96K(238080K)] 535833K->298353K(716288K), 0.0033794 secs] [Times: user=0.01 sys=0.00, real=0.00 secs] 
2024-07-05T02:37:25.389+0800: 6554.100: [GC (Allocation Failure) [PSYoungGen: 237664K->176K(238080K)] 535921K->298433K(716288K), 0.0022920 secs] [Times: user=0.00 sys=0.00, real=0.00 secs] 
2024-07-05T02:37:25.582+0800: 6554.293: [GC (Allocation Failure) [PSYoungGen: 237744K->96K(238080K)] 536001K->298421K(716288K), 0.0028270 secs] [Times: user=0.00 sys=0.00, real=0.00 secs] 
2024-07-05T02:37:25.880+0800: 6554.591: [GC (Allocation Failure) [PSYoungGen: 237664K->176K(238080K)] 535989K->298501K(716288K), 0.0019926 secs] [Times: user=0.01 sys=0.00, real=0.00 secs] 
2024-07-05T02:37:26.187+0800: 6554.897: [GC (Allocation Failure) [PSYoungGen: 237744K->32K(238080K)] 536069K->298389K(716288K), 0.0030729 secs] [Times: user=0.00 sys=0.00, real=0.00 secs] 
2024-07-05T02:37:26.386+0800: 6555.097: [GC (Allocation Failure) [PSYoungGen: 237600K->128K(238080K)] 535957K->298517K(716288K), 0.0031752 secs] [Times: user=0.00 sys=0.00, real=0.00 secs] 
2024-07-05T02:37:26.676+0800: 6555.387: [GC (Allocation Failure) [PSYoungGen: 237696K->128K(238080K)] 536085K->298517K(716288K), 0.0026197 secs] [Times: user=0.01 sys=0.00, real=0.00 secs] 
2024-07-05T02:37:26.886+0800: 6555.597: [GC (Allocation Failure) [PSYoungGen: 237696K->64K(238080K)] 536085K->298529K(716288K), 0.0020429 secs] [Times: user=0.00 sys=0.00, real=0.00 secs] 
2024-07-05T02:37:27.173+0800: 6555.884: [GC (Allocation Failure) [PSYoungGen: 237632K->128K(238080K)] 536097K->298593K(716288K), 0.0021088 secs] [Times: user=0.00 sys=0.00, real=0.01 secs] 
2024-07-05T02:37:27.458+0800: 6556.169: [GC (Allocation Failure) [PSYoungGen: 237696K->96K(238080K)] 536161K->298593K(716288K), 0.0030953 secs] [Times: user=0.01 sys=0.00, real=0.00 secs] 
2024-07-05T02:37:27.654+0800: 6556.364: [GC (Allocation Failure) [PSYoungGen: 237664K->96K(238080K)] 536161K->298625K(716288K), 0.0032527 secs] [Times: user=0.01 sys=0.00, real=0.00 secs] 
2024-07-05T02:37:27.933+0800: 6556.644: [GC (Allocation Failure) [PSYoungGen: 237664K->128K(238080K)] 536193K->298657K(716288K), 0.0021971 secs] [Times: user=0.00 sys=0.00, real=0.01 secs] 
2024-07-05T02:37:28.145+0800: 6556.856: [GC (Allocation Failure) [PSYoungGen: 237696K->64K(238080K)] 536225K->298645K(716288K), 0.0023684 secs] [Times: user=0.01 sys=0.00, real=0.01 secs] 
2024-07-05T02:37:28.401+0800: 6557.111: [GC (Allocation Failure) [PSYoungGen: 237632K->160K(238080K)] 536213K->298757K(716288K), 0.0019928 secs] [Times: user=0.00 sys=0.00, real=0.00 secs] 
2024-07-05T02:37:28.666+0800: 6557.377: [GC (Allocation Failure) [PSYoungGen: 237728K->96K(238080K)] 536325K->298725K(716288K), 0.0020440 secs] [Times: user=0.01 sys=0.00, real=0.00 secs] 
2024-07-05T02:37:28.874+0800: 6557.585: [GC (Allocation Failure) [PSYoungGen: 237664K->128K(238080K)] 536293K->298789K(716288K), 0.0019133 secs] [Times: user=0.00 sys=0.00, real=0.00 secs] 
2024-07-05T02:37:29.134+0800: 6557.844: [GC (Allocation Failure) [PSYoungGen: 237696K->160K(238080K)] 536357K->298821K(716288K), 0.0019339 secs] [Times: user=0.01 sys=0.00, real=0.00 secs] 
2024-07-05T02:37:29.365+0800: 6558.076: [GC (Allocation Failure) [PSYoungGen: 237728K->64K(238080K)] 536389K->298757K(716288K), 0.0019798 secs] [Times: user=0.00 sys=0.00, real=0.01 secs] 
2024-07-05T02:37:29.591+0800: 6558.302: [GC (Allocation Failure) [PSYoungGen: 237632K->96K(238080K)] 536325K->298861K(716288K), 0.0032629 secs] [Times: user=0.00 sys=0.00, real=0.01 secs] 
2024-07-05T02:37:29.862+0800: 6558.573: [GC (Allocation Failure) [PSYoungGen: 237664K->128K(238080K)] 536429K->298893K(716288K), 0.0019809 secs] [Times: user=0.01 sys=0.00, real=0.00 secs] 
2024-07-05T02:37:30.061+0800: 6558.772: [GC (Allocation Failure) [PSYoungGen: 237696K->32K(238080K)] 536461K->298845K(716288K), 0.0019755 secs] [Times: user=0.00 sys=0.00, real=0.00 secs] 
2024-07-05T02:37:30.376+0800: 6559.087: [GC (Allocation Failure) [PSYoungGen: 237600K->176K(238080K)] 536413K->298989K(716288K), 0.0028336 secs] [Times: user=0.00 sys=0.00, real=0.00 secs] 
2024-07-05T02:37:30.661+0800: 6559.372: [GC (Allocation Failure) [PSYoungGen: 237744K->64K(238080K)] 536557K->298925K(716288K), 0.0022203 secs] [Times: user=0.00 sys=0.00, real=0.00 secs] 
2024-07-05T02:37:30.893+0800: 6559.604: [GC (Allocation Failure) [PSYoungGen: 237632K->32K(238080K)] 536493K->298925K(716288K), 0.0019964 secs] [Times: user=0.01 sys=0.00, real=0.01 secs] 
2024-07-05T02:37:31.130+0800: 6559.841: [GC (Allocation Failure) [PSYoungGen: 237600K->64K(238080K)] 536493K->298973K(716288K), 0.0019511 secs] [Times: user=0.01 sys=0.00, real=0.00 secs] 
2024-07-05T02:37:31.366+0800: 6560.077: [GC (Allocation Failure) [PSYoungGen: 237632K->32K(238080K)] 536541K->298957K(716288K), 0.0031544 secs] [Times: user=0.00 sys=0.00, real=0.00 secs] 
2024-07-05T02:37:31.587+0800: 6560.298: [GC (Allocation Failure) [PSYoungGen: 237600K->144K(238080K)] 536525K->299093K(716288K), 0.0021253 secs] [Times: user=0.00 sys=0.00, real=0.00 secs] 
2024-07-05T02:37:31.814+0800: 6560.525: [GC (Allocation Failure) [PSYoungGen: 237712K->144K(238080K)] 536661K->299141K(716288K), 0.0031121 secs] [Times: user=0.00 sys=0.00, real=0.00 secs] 
2024-07-05T02:37:32.054+0800: 6560.765: [GC (Allocation Failure) [PSYoungGen: 237712K->96K(238080K)] 536709K->299133K(716288K), 0.0022305 secs] [Times: user=0.00 sys=0.00, real=0.00 secs] 
2024-07-05T02:37:32.303+0800: 6561.014: [GC (Allocation Failure) [PSYoungGen: 237664K->96K(238080K)] 536701K->299149K(716288K), 0.0028142 secs] [Times: user=0.00 sys=0.00, real=0.01 secs] 
2024-07-05T02:37:32.533+0800: 6561.243: [GC (Allocation Failure) [PSYoungGen: 237664K->128K(238080K)] 536717K->299197K(716288K), 0.0024484 secs] [Times: user=0.01 sys=0.00, real=0.01 secs] 
2024-07-05T02:37:32.762+0800: 6561.473: [GC (Allocation Failure) [PSYoungGen: 237696K->96K(238080K)] 536765K->299189K(716288K), 0.0019575 secs] [Times: user=0.00 sys=0.00, real=0.00 secs] 
2024-07-05T02:37:33.006+0800: 6561.717: [GC (Allocation Failure) [PSYoungGen: 237664K->96K(238080K)] 536757K->299221K(716288K), 0.0020557 secs] [Times: user=0.00 sys=0.00, real=0.00 secs] 
2024-07-05T02:37:33.266+0800: 6561.977: [GC (Allocation Failure) [PSYoungGen: 237664K->128K(238080K)] 536789K->299301K(716288K), 0.0022429 secs] [Times: user=0.00 sys=0.00, real=0.00 secs] 
2024-07-05T02:37:33.502+0800: 6562.213: [GC (Allocation Failure) [PSYoungGen: 237696K->32K(238080K)] 536869K->299221K(716288K), 0.0020304 secs] [Times: user=0.01 sys=0.00, real=0.00 secs] 
2024-07-05T02:37:33.731+0800: 6562.442: [GC (Allocation Failure) [PSYoungGen: 237600K->128K(238080K)] 536789K->299333K(716288K), 0.0019069 secs] [Times: user=0.00 sys=0.00, real=0.00 secs] 
2024-07-05T02:37:33.972+0800: 6562.682: [GC (Allocation Failure) [PSYoungGen: 237696K->96K(238080K)] 536901K->299301K(716288K), 0.0020325 secs] [Times: user=0.00 sys=0.00, real=0.01 secs] 
2024-07-05T02:37:34.206+0800: 6562.917: [GC (Allocation Failure) [PSYoungGen: 237664K->128K(238080K)] 536869K->299410K(716288K), 0.0023389 secs] [Times: user=0.00 sys=0.00, real=0.00 secs] 
2024-07-05T02:37:34.458+0800: 6563.169: [GC (Allocation Failure) [PSYoungGen: 237696K->96K(238080K)] 536978K->299394K(716288K), 0.0031992 secs] [Times: user=0.00 sys=0.00, real=0.00 secs] 
2024-07-05T02:37:34.687+0800: 6563.398: [GC (Allocation Failure) [PSYoungGen: 237664K->64K(238080K)] 536962K->299386K(716288K), 0.0019702 secs] [Times: user=0.00 sys=0.00, real=0.00 secs] 
2024-07-05T02:37:34.920+0800: 6563.631: [GC (Allocation Failure) [PSYoungGen: 237632K->96K(238080K)] 536954K->299442K(716288K), 0.0026378 secs] [Times: user=0.00 sys=0.00, real=0.00 secs] 
2024-07-05T02:37:35.178+0800: 6563.889: [GC (Allocation Failure) [PSYoungGen: 237664K->160K(238080K)] 537010K->299506K(716288K), 0.0023180 secs] [Times: user=0.01 sys=0.00, real=0.00 secs] 
2024-07-05T02:37:35.414+0800: 6564.125: [GC (Allocation Failure) [PSYoungGen: 237728K->96K(238080K)] 537074K->299510K(716288K), 0.0019493 secs] [Times: user=0.01 sys=0.00, real=0.00 secs] 
2024-07-05T02:37:35.674+0800: 6564.385: [GC (Allocation Failure) [PSYoungGen: 237664K->128K(238080K)] 537078K->299566K(716288K), 0.0020802 secs] [Times: user=0.01 sys=0.00, real=0.00 secs] 
2024-07-05T02:37:35.910+0800: 6564.621: [GC (Allocation Failure) [PSYoungGen: 237696K->96K(238080K)] 537134K->299534K(716288K), 0.0020834 secs] [Times: user=0.01 sys=0.00, real=0.00 secs] 
2024-07-05T02:37:36.138+0800: 6564.849: [GC (Allocation Failure) [PSYoungGen: 237664K->32K(238080K)] 537102K->299502K(716288K), 0.0020129 secs] [Times: user=0.00 sys=0.00, real=0.00 secs] 
2024-07-05T02:37:36.417+0800: 6565.128: [GC (Allocation Failure) [PSYoungGen: 237600K->128K(238080K)] 537070K->299598K(716288K), 0.0020202 secs] [Times: user=0.00 sys=0.00, real=0.00 secs] 
2024-07-05T02:37:36.634+0800: 6565.345: [GC (Allocation Failure) [PSYoungGen: 237696K->64K(238080K)] 537166K->299614K(716288K), 0.0020139 secs] [Times: user=0.00 sys=0.00, real=0.00 secs] 
2024-07-05T02:37:36.892+0800: 6565.603: [GC (Allocation Failure) [PSYoungGen: 237632K->160K(238080K)] 537182K->299734K(716288K), 0.0025249 secs] [Times: user=0.00 sys=0.00, real=0.01 secs] 
2024-07-05T02:37:37.134+0800: 6565.845: [GC (Allocation Failure) [PSYoungGen: 237728K->96K(238080K)] 537302K->299670K(716288K), 0.0019839 secs] [Times: user=0.00 sys=0.00, real=0.00 secs] 
2024-07-05T02:37:37.366+0800: 6566.076: [GC (Allocation Failure) [PSYoungGen: 237664K->64K(238080K)] 537238K->299670K(716288K), 0.0020393 secs] [Times: user=0.00 sys=0.00, real=0.00 secs] 
2024-07-05T02:37:37.635+0800: 6566.345: [GC (Allocation Failure) [PSYoungGen: 237632K->192K(238080K)] 537238K->299798K(716288K), 0.0021566 secs] [Times: user=0.00 sys=0.00, real=0.00 secs] 
2024-07-05T02:37:37.867+0800: 6566.578: [GC (Allocation Failure) [PSYoungGen: 237760K->64K(238080K)] 537366K->299750K(716288K), 0.0019559 secs] [Times: user=0.00 sys=0.00, real=0.00 secs] 
2024-07-05T02:37:38.109+0800: 6566.820: [GC (Allocation Failure) [PSYoungGen: 237632K->128K(238080K)] 537318K->299838K(716288K), 0.0027687 secs] [Times: user=0.01 sys=0.00, real=0.00 secs] 
2024-07-05T02:37:38.370+0800: 6567.081: [GC (Allocation Failure) [PSYoungGen: 237696K->96K(238080K)] 537406K->299806K(716288K), 0.0019584 secs] [Times: user=0.00 sys=0.00, real=0.00 secs] 
2024-07-05T02:37:38.592+0800: 6567.303: [GC (Allocation Failure) [PSYoungGen: 237664K->96K(238080K)] 537374K->299822K(716288K), 0.0028326 secs] [Times: user=0.00 sys=0.00, real=0.01 secs] 
2024-07-05T02:37:38.874+0800: 6567.585: [GC (Allocation Failure) [PSYoungGen: 237664K->160K(238080K)] 537390K->299926K(716288K), 0.0019974 secs] [Times: user=0.01 sys=0.00, real=0.00 secs] 
2024-07-05T02:37:39.106+0800: 6567.817: [GC (Allocation Failure) [PSYoungGen: 237728K->96K(238080K)] 537494K->299918K(716288K), 0.0019980 secs] [Times: user=0.01 sys=0.00, real=0.00 secs] 
2024-07-05T02:37:39.350+0800: 6568.061: [GC (Allocation Failure) [PSYoungGen: 237664K->64K(238080K)] 537486K->299902K(716288K), 0.0019561 secs] [Times: user=0.00 sys=0.00, real=0.00 secs] 
2024-07-05T02:37:39.606+0800: 6568.317: [GC (Allocation Failure) [PSYoungGen: 237632K->64K(238080K)] 537470K->299902K(716288K), 0.0019172 secs] [Times: user=0.00 sys=0.00, real=0.00 secs] 
2024-07-05T02:37:39.826+0800: 6568.537: [GC (Allocation Failure) [PSYoungGen: 237632K->112K(238080K)] 537470K->299966K(716288K), 0.0020540 secs] [Times: user=0.00 sys=0.00, real=0.00 secs] 
2024-07-05T02:37:40.085+0800: 6568.795: [GC (Allocation Failure) [PSYoungGen: 237680K->112K(238080K)] 537534K->300006K(716288K), 0.0019628 secs] [Times: user=0.00 sys=0.00, real=0.01 secs] 
2024-07-05T02:37:40.350+0800: 6569.061: [GC (Allocation Failure) [PSYoungGen: 237680K->96K(238080K)] 537574K->300022K(716288K), 0.0029523 secs] [Times: user=0.00 sys=0.00, real=0.00 secs] 
2024-07-05T02:37:40.568+0800: 6569.279: [GC (Allocation Failure) [PSYoungGen: 237664K->32K(238080K)] 537590K->299990K(716288K), 0.0020875 secs] [Times: user=0.00 sys=0.00, real=0.00 secs] 
2024-07-05T02:37:40.847+0800: 6569.557: [GC (Allocation Failure) [PSYoungGen: 237600K->64K(238080K)] 537558K->300022K(716288K), 0.0019752 secs] [Times: user=0.00 sys=0.00, real=0.00 secs] 
2024-07-05T02:37:41.066+0800: 6569.777: [GC (Allocation Failure) [PSYoungGen: 237632K->96K(238080K)] 537590K->300078K(716288K), 0.0024697 secs] [Times: user=0.01 sys=0.00, real=0.00 secs] 
2024-07-05T02:37:41.322+0800: 6570.032: [GC (Allocation Failure) [PSYoungGen: 237664K->192K(238080K)] 537646K->300214K(716288K), 0.0020752 secs] [Times: user=0.00 sys=0.00, real=0.00 secs] 
2024-07-05T02:37:41.586+0800: 6570.297: [GC (Allocation Failure) [PSYoungGen: 237760K->64K(238080K)] 537782K->300118K(716288K), 0.0019477 secs] [Times: user=0.00 sys=0.00, real=0.00 secs] 
2024-07-05T02:37:41.789+0800: 6570.499: [GC (Allocation Failure) [PSYoungGen: 237632K->32K(238080K)] 537686K->300118K(716288K), 0.0020336 secs] [Times: user=0.00 sys=0.00, real=0.00 secs] 
2024-07-05T02:37:42.070+0800: 6570.781: [GC (Allocation Failure) [PSYoungGen: 237600K->128K(238080K)] 537686K->300214K(716288K), 0.0019911 secs] [Times: user=0.00 sys=0.00, real=0.00 secs] 
2024-07-05T02:37:42.300+0800: 6571.011: [GC (Allocation Failure) [PSYoungGen: 237696K->112K(238080K)] 537782K->300222K(716288K), 0.0020058 secs] [Times: user=0.00 sys=0.00, real=0.00 secs] 
2024-07-05T02:37:42.539+0800: 6571.249: [GC (Allocation Failure) [PSYoungGen: 237680K->128K(238080K)] 537790K->300278K(716288K), 0.0030587 secs] [Times: user=0.00 sys=0.00, real=0.00 secs] 
2024-07-05T02:37:42.802+0800: 6571.513: [GC (Allocation Failure) [PSYoungGen: 237696K->64K(238080K)] 537846K->300254K(716288K), 0.0032020 secs] [Times: user=0.00 sys=0.00, real=0.00 secs] 
2024-07-05T02:37:43.006+0800: 6571.717: [GC (Allocation Failure) [PSYoungGen: 237632K->64K(238080K)] 537822K->300270K(716288K), 0.0020456 secs] [Times: user=0.00 sys=0.00, real=0.00 secs] 
2024-07-05T02:37:43.273+0800: 6571.984: [GC (Allocation Failure) [PSYoungGen: 237632K->192K(238080K)] 537838K->300422K(716288K), 0.0021408 secs] [Times: user=0.01 sys=0.00, real=0.01 secs] 
2024-07-05T02:37:43.530+0800: 6572.241: [GC (Allocation Failure) [PSYoungGen: 237760K->96K(238080K)] 537990K->300326K(716288K), 0.0019926 secs] [Times: user=0.00 sys=0.00, real=0.00 secs] 
2024-07-05T02:37:43.750+0800: 6572.461: [GC (Allocation Failure) [PSYoungGen: 237664K->128K(238080K)] 537894K->300450K(716288K), 0.0034191 secs] [Times: user=0.00 sys=0.00, real=0.00 secs] 
2024-07-05T02:37:44.010+0800: 6572.721: [GC (Allocation Failure) [PSYoungGen: 237696K->96K(238080K)] 538018K->300426K(716288K), 0.0032302 secs] [Times: user=0.00 sys=0.00, real=0.00 secs] 
2024-07-05T02:37:44.220+0800: 6572.931: [GC (Allocation Failure) [PSYoungGen: 237664K->96K(238080K)] 537994K->300450K(716288K), 0.0021945 secs] [Times: user=0.00 sys=0.00, real=0.00 secs] 
2024-07-05T02:37:44.467+0800: 6573.177: [GC (Allocation Failure) [PSYoungGen: 237664K->160K(238080K)] 538018K->300530K(716288K), 0.0023115 secs] [Times: user=0.00 sys=0.00, real=0.00 secs] 
2024-07-05T02:37:44.702+0800: 6573.413: [GC (Allocation Failure) [PSYoungGen: 237728K->128K(238080K)] 538098K->300498K(716288K), 0.0030779 secs] [Times: user=0.01 sys=0.00, real=0.00 secs] 
2024-07-05T02:37:44.922+0800: 6573.633: [GC (Allocation Failure) [PSYoungGen: 237696K->96K(238080K)] 538066K->300558K(716288K), 0.0031974 secs] [Times: user=0.01 sys=0.00, real=0.00 secs] 
2024-07-05T02:37:45.178+0800: 6573.889: [GC (Allocation Failure) [PSYoungGen: 237664K->96K(238080K)] 538126K->300558K(716288K), 0.0024377 secs] [Times: user=0.00 sys=0.00, real=0.00 secs] 
2024-07-05T02:37:45.402+0800: 6574.112: [GC (Allocation Failure) [PSYoungGen: 237664K->96K(238080K)] 538126K->300574K(716288K), 0.0020014 secs] [Times: user=0.00 sys=0.00, real=0.00 secs] 
2024-07-05T02:37:45.630+0800: 6574.341: [GC (Allocation Failure) [PSYoungGen: 237664K->128K(238080K)] 538142K->300630K(716288K), 0.0023904 secs] [Times: user=0.00 sys=0.00, real=0.00 secs] 
2024-07-05T02:37:45.862+0800: 6574.573: [GC (Allocation Failure) [PSYoungGen: 237696K->160K(238080K)] 538198K->300662K(716288K), 0.0022253 secs] [Times: user=0.00 sys=0.00, real=0.00 secs] 
2024-07-05T02:37:46.124+0800: 6574.835: [GC (Allocation Failure) [PSYoungGen: 237728K->64K(238080K)] 538230K->300634K(716288K), 0.0019908 secs] [Times: user=0.01 sys=0.00, real=0.01 secs] 
2024-07-05T02:37:46.360+0800: 6575.071: [GC (Allocation Failure) [PSYoungGen: 237632K->64K(238080K)] 538202K->300650K(716288K), 0.0020539 secs] [Times: user=0.00 sys=0.00, real=0.00 secs] 
2024-07-05T02:37:46.590+0800: 6575.301: [GC (Allocation Failure) [PSYoungGen: 237632K->96K(238080K)] 538218K->300698K(716288K), 0.0023888 secs] [Times: user=0.00 sys=0.00, real=0.00 secs] 
2024-07-05T02:37:46.819+0800: 6575.529: [GC (Allocation Failure) [PSYoungGen: 237664K->128K(238080K)] 538266K->300754K(716288K), 0.0020548 secs] [Times: user=0.00 sys=0.00, real=0.00 secs] 
2024-07-05T02:37:47.061+0800: 6575.771: [GC (Allocation Failure) [PSYoungGen: 237696K->160K(238080K)] 538322K->300786K(716288K), 0.0020558 secs] [Times: user=0.01 sys=0.00, real=0.00 secs] 
2024-07-05T02:37:47.281+0800: 6575.992: [GC (Allocation Failure) [PSYoungGen: 237728K->64K(238080K)] 538354K->300758K(716288K), 0.0021596 secs] [Times: user=0.00 sys=0.00, real=0.00 secs] 
2024-07-05T02:37:47.547+0800: 6576.258: [GC (Allocation Failure) [PSYoungGen: 237632K->96K(238080K)] 538326K->300806K(716288K), 0.0019763 secs] [Times: user=0.00 sys=0.00, real=0.00 secs] 
2024-07-05T02:37:47.771+0800: 6576.482: [GC (Allocation Failure) [PSYoungGen: 237664K->64K(238080K)] 538374K->300798K(716288K), 0.0019469 secs] [Times: user=0.00 sys=0.00, real=0.00 secs] 
2024-07-05T02:37:47.995+0800: 6576.706: [GC (Allocation Failure) [PSYoungGen: 237632K->64K(238080K)] 538366K->300822K(716288K), 0.0019551 secs] [Times: user=0.01 sys=0.00, real=0.00 secs] 
2024-07-05T02:37:48.244+0800: 6576.955: [GC (Allocation Failure) [PSYoungGen: 237632K->160K(238080K)] 538390K->300918K(716288K), 0.0027821 secs] [Times: user=0.01 sys=0.00, real=0.01 secs] 
2024-07-05T02:37:48.475+0800: 6577.186: [GC (Allocation Failure) [PSYoungGen: 237728K->128K(238080K)] 538486K->300962K(716288K), 0.0030429 secs] [Times: user=0.01 sys=0.00, real=0.00 secs] 
2024-07-05T02:37:48.714+0800: 6577.425: [GC (Allocation Failure) [PSYoungGen: 237696K->128K(238080K)] 538530K->300986K(716288K), 0.0020431 secs] [Times: user=0.00 sys=0.00, real=0.00 secs] 
2024-07-05T02:37:48.960+0800: 6577.671: [GC (Allocation Failure) [PSYoungGen: 237696K->128K(238080K)] 538554K->301010K(716288K), 0.0021089 secs] [Times: user=0.00 sys=0.00, real=0.00 secs] 
2024-07-05T02:37:49.214+0800: 6577.925: [GC (Allocation Failure) [PSYoungGen: 237696K->80K(238080K)] 538578K->300962K(716288K), 0.0020312 secs] [Times: user=0.01 sys=0.00, real=0.00 secs] 
2024-07-05T02:37:49.439+0800: 6578.149: [GC (Allocation Failure) [PSYoungGen: 237648K->64K(238080K)] 538530K->300986K(716288K), 0.0020324 secs] [Times: user=0.00 sys=0.00, real=0.00 secs] 
2024-07-05T02:37:49.695+0800: 6578.405: [GC (Allocation Failure) [PSYoungGen: 237632K->64K(238080K)] 538554K->301026K(716288K), 0.0019476 secs] [Times: user=0.01 sys=0.00, real=0.00 secs] 
2024-07-05T02:37:49.948+0800: 6578.658: [GC (Allocation Failure) [PSYoungGen: 237632K->96K(238080K)] 538594K->301058K(716288K), 0.0020616 secs] [Times: user=0.00 sys=0.00, real=0.00 secs] 
2024-07-05T02:37:50.166+0800: 6578.877: [GC (Allocation Failure) [PSYoungGen: 237664K->96K(238080K)] 538626K->301090K(716288K), 0.0019599 secs] [Times: user=0.00 sys=0.00, real=0.00 secs] 
2024-07-05T02:37:50.434+0800: 6579.145: [GC (Allocation Failure) [PSYoungGen: 237664K->192K(238080K)] 538658K->301186K(716288K), 0.0030950 secs] [Times: user=0.01 sys=0.00, real=0.00 secs] 
2024-07-05T02:37:50.637+0800: 6579.347: [GC (Allocation Failure) [PSYoungGen: 237760K->96K(238080K)] 538754K->301147K(716288K), 0.0019808 secs] [Times: user=0.00 sys=0.00, real=0.00 secs] 
2024-07-05T02:37:50.899+0800: 6579.609: [GC (Allocation Failure) [PSYoungGen: 237664K->128K(238080K)] 538715K->301219K(716288K), 0.0019642 secs] [Times: user=0.00 sys=0.00, real=0.00 secs] 
2024-07-05T02:37:51.178+0800: 6579.889: [GC (Allocation Failure) [PSYoungGen: 237696K->64K(238080K)] 538787K->301155K(716288K), 0.0019751 secs] [Times: user=0.00 sys=0.00, real=0.00 secs] 
2024-07-05T02:37:51.382+0800: 6580.092: [GC (Allocation Failure) [PSYoungGen: 237632K->96K(238080K)] 538723K->301219K(716288K), 0.0019365 secs] [Times: user=0.00 sys=0.00, real=0.00 secs] 
2024-07-05T02:37:51.682+0800: 6580.393: [GC (Allocation Failure) [PSYoungGen: 237664K->192K(238080K)] 538787K->301315K(716288K), 0.0019466 secs] [Times: user=0.00 sys=0.00, real=0.00 secs] 
2024-07-05T02:37:51.885+0800: 6580.596: [GC (Allocation Failure) [PSYoungGen: 237760K->48K(238080K)] 538883K->301203K(716288K), 0.0019433 secs] [Times: user=0.00 sys=0.00, real=0.01 secs] 
2024-07-05T02:37:52.190+0800: 6580.901: [GC (Allocation Failure) [PSYoungGen: 237616K->128K(238080K)] 538771K->301331K(716288K), 0.0025627 secs] [Times: user=0.01 sys=0.00, real=0.00 secs] 
2024-07-05T02:37:52.506+0800: 6581.217: [GC (Allocation Failure) [PSYoungGen: 237696K->96K(238080K)] 538899K->301299K(716288K), 0.0037716 secs] [Times: user=0.00 sys=0.00, real=0.00 secs] 
2024-07-05T02:37:52.718+0800: 6581.429: [GC (Allocation Failure) [PSYoungGen: 237664K->64K(238080K)] 538867K->301307K(716288K), 0.0028561 secs] [Times: user=0.00 sys=0.00, real=0.00 secs] 
2024-07-05T02:37:53.018+0800: 6581.729: [GC (Allocation Failure) [PSYoungGen: 237632K->224K(238080K)] 538875K->301467K(716288K), 0.0031482 secs] [Times: user=0.00 sys=0.00, real=0.00 secs] 
2024-07-05T02:37:53.278+0800: 6581.989: [GC (Allocation Failure) [PSYoungGen: 237792K->80K(238080K)] 539035K->301363K(716288K), 0.0023734 secs] [Times: user=0.01 sys=0.00, real=0.00 secs] 
2024-07-05T02:37:53.525+0800: 6582.235: [GC (Allocation Failure) [PSYoungGen: 237648K->96K(238080K)] 538931K->301427K(716288K), 0.0024529 secs] [Times: user=0.00 sys=0.00, real=0.01 secs] 
2024-07-05T02:37:53.830+0800: 6582.541: [GC (Allocation Failure) [PSYoungGen: 237664K->64K(238080K)] 538995K->301395K(716288K), 0.0027910 secs] [Times: user=0.00 sys=0.00, real=0.00 secs] 
2024-07-05T02:37:54.033+0800: 6582.743: [GC (Allocation Failure) [PSYoungGen: 237632K->64K(238080K)] 538963K->301443K(716288K), 0.0024220 secs] [Times: user=0.00 sys=0.00, real=0.01 secs] 
2024-07-05T02:37:54.346+0800: 6583.057: [GC (Allocation Failure) [PSYoungGen: 237632K->192K(238080K)] 539011K->301571K(716288K), 0.0019710 secs] [Times: user=0.00 sys=0.00, real=0.00 secs] 
2024-07-05T02:37:54.589+0800: 6583.299: [GC (Allocation Failure) [PSYoungGen: 237760K->112K(238080K)] 539139K->301523K(716288K), 0.0020722 secs] [Times: user=0.00 sys=0.00, real=0.00 secs] 
2024-07-05T02:37:54.814+0800: 6583.525: [GC (Allocation Failure) [PSYoungGen: 237680K->128K(238080K)] 539091K->301611K(716288K), 0.0019529 secs] [Times: user=0.00 sys=0.00, real=0.00 secs] 
2024-07-05T02:37:55.074+0800: 6583.785: [GC (Allocation Failure) [PSYoungGen: 237696K->96K(238080K)] 539179K->301579K(716288K), 0.0019559 secs] [Times: user=0.00 sys=0.00, real=0.00 secs] 
2024-07-05T02:37:55.290+0800: 6584.001: [GC (Allocation Failure) [PSYoungGen: 237664K->80K(238080K)] 539147K->301587K(716288K), 0.0019191 secs] [Times: user=0.00 sys=0.00, real=0.00 secs] 
2024-07-05T02:37:55.548+0800: 6584.259: [GC (Allocation Failure) [PSYoungGen: 237648K->128K(238080K)] 539155K->301675K(716288K), 0.0019904 secs] [Times: user=0.01 sys=0.00, real=0.00 secs] 
2024-07-05T02:37:55.796+0800: 6584.506: [GC (Allocation Failure) [PSYoungGen: 237696K->160K(238080K)] 539243K->301707K(716288K), 0.0028930 secs] [Times: user=0.01 sys=0.00, real=0.00 secs] 
2024-07-05T02:37:56.041+0800: 6584.752: [GC (Allocation Failure) [PSYoungGen: 237728K->64K(238080K)] 539275K->301651K(716288K), 0.0021301 secs] [Times: user=0.00 sys=0.00, real=0.00 secs] 
2024-07-05T02:37:56.322+0800: 6585.033: [GC (Allocation Failure) [PSYoungGen: 237632K->128K(238080K)] 539219K->301731K(716288K), 0.0035068 secs] [Times: user=0.01 sys=0.00, real=0.01 secs] 
2024-07-05T02:37:56.572+0800: 6585.283: [GC (Allocation Failure) [PSYoungGen: 237696K->64K(238080K)] 539299K->301691K(716288K), 0.0037362 secs] [Times: user=0.01 sys=0.00, real=0.01 secs] 
2024-07-05T02:37:56.802+0800: 6585.513: [GC (Allocation Failure) [PSYoungGen: 237632K->96K(238080K)] 539259K->301771K(716288K), 0.0029485 secs] [Times: user=0.00 sys=0.00, real=0.00 secs] 
2024-07-05T02:37:57.062+0800: 6585.773: [GC (Allocation Failure) [PSYoungGen: 237664K->96K(238080K)] 539339K->301771K(716288K), 0.0018981 secs] [Times: user=0.00 sys=0.00, real=0.00 secs] 
2024-07-05T02:37:57.266+0800: 6585.977: [GC (Allocation Failure) [PSYoungGen: 237664K->64K(238080K)] 539339K->301779K(716288K), 0.0020339 secs] [Times: user=0.00 sys=0.00, real=0.00 secs] 
2024-07-05T02:37:57.533+0800: 6586.243: [GC (Allocation Failure) [PSYoungGen: 237632K->64K(238080K)] 539347K->301795K(716288K), 0.0019570 secs] [Times: user=0.01 sys=0.00, real=0.01 secs] 
2024-07-05T02:37:57.782+0800: 6586.492: [GC (Allocation Failure) [PSYoungGen: 237632K->128K(238080K)] 539363K->301859K(716288K), 0.0019956 secs] [Times: user=0.00 sys=0.00, real=0.00 secs] 
2024-07-05T02:37:58.023+0800: 6586.734: [GC (Allocation Failure) [PSYoungGen: 237696K->128K(238080K)] 539427K->301919K(716288K), 0.0021236 secs] [Times: user=0.00 sys=0.00, real=0.00 secs] 
2024-07-05T02:37:58.303+0800: 6587.013: [GC (Allocation Failure) [PSYoungGen: 237696K->128K(238080K)] 539487K->301919K(716288K), 0.0019763 secs] [Times: user=0.00 sys=0.00, real=0.00 secs] 
2024-07-05T02:37:58.510+0800: 6587.220: [GC (Allocation Failure) [PSYoungGen: 237696K->32K(238080K)] 539487K->301871K(716288K), 0.0020136 secs] [Times: user=0.00 sys=0.00, real=0.00 secs] 
2024-07-05T02:37:58.783+0800: 6587.493: [GC (Allocation Failure) [PSYoungGen: 237600K->96K(238080K)] 539439K->301951K(716288K), 0.0022642 secs] [Times: user=0.00 sys=0.00, real=0.00 secs] 
2024-07-05T02:37:59.055+0800: 6587.766: [GC (Allocation Failure) [PSYoungGen: 237664K->96K(238080K)] 539519K->301951K(716288K), 0.0020456 secs] [Times: user=0.01 sys=0.00, real=0.00 secs] 
2024-07-05T02:37:59.258+0800: 6587.969: [GC (Allocation Failure) [PSYoungGen: 237664K->96K(238080K)] 539519K->302015K(716288K), 0.0032037 secs] [Times: user=0.01 sys=0.00, real=0.00 secs] 
2024-07-05T02:37:59.528+0800: 6588.238: [GC (Allocation Failure) [PSYoungGen: 237664K->144K(238080K)] 539583K->302063K(716288K), 0.0030171 secs] [Times: user=0.01 sys=0.00, real=0.00 secs] 
2024-07-05T02:37:59.738+0800: 6588.448: [GC (Allocation Failure) [PSYoungGen: 237712K->64K(238080K)] 539631K->302039K(716288K), 0.0024342 secs] [Times: user=0.00 sys=0.00, real=0.00 secs] 
2024-07-05T02:38:00.002+0800: 6588.713: [GC (Allocation Failure) [PSYoungGen: 237632K->96K(238080K)] 539607K->302087K(716288K), 0.0021757 secs] [Times: user=0.00 sys=0.00, real=0.00 secs] 
2024-07-05T02:38:00.274+0800: 6588.985: [GC (Allocation Failure) [PSYoungGen: 237664K->128K(238080K)] 539655K->302119K(716288K), 0.0028691 secs] [Times: user=0.00 sys=0.00, real=0.00 secs] 
2024-07-05T02:38:00.479+0800: 6589.190: [GC (Allocation Failure) [PSYoungGen: 237696K->96K(238080K)] 539687K->302155K(716288K), 0.0033038 secs] [Times: user=0.00 sys=0.00, real=0.00 secs] 
2024-07-05T02:38:00.755+0800: 6589.466: [GC (Allocation Failure) [PSYoungGen: 237664K->224K(238080K)] 539723K->302283K(716288K), 0.0021863 secs] [Times: user=0.00 sys=0.00, real=0.00 secs] 
2024-07-05T02:38:00.985+0800: 6589.696: [GC (Allocation Failure) [PSYoungGen: 237792K->32K(238080K)] 539851K->302123K(716288K), 0.0022083 secs] [Times: user=0.00 sys=0.00, real=0.01 secs] 
2024-07-05T02:38:01.302+0800: 6590.013: [GC (Allocation Failure) [PSYoungGen: 237600K->96K(238080K)] 539691K->302219K(716288K), 0.0021591 secs] [Times: user=0.01 sys=0.00, real=0.00 secs] 
2024-07-05T02:38:01.565+0800: 6590.276: [GC (Allocation Failure) [PSYoungGen: 237664K->64K(238080K)] 539787K->302187K(716288K), 0.0020237 secs] [Times: user=0.01 sys=0.00, real=0.01 secs] 
2024-07-05T02:38:01.792+0800: 6590.503: [GC (Allocation Failure) [PSYoungGen: 237632K->128K(238080K)] 539755K->302299K(716288K), 0.0028565 secs] [Times: user=0.00 sys=0.01, real=0.01 secs] 
2024-07-05T02:38:02.061+0800: 6590.771: [GC (Allocation Failure) [PSYoungGen: 237696K->160K(238080K)] 539867K->302347K(716288K), 0.0023241 secs] [Times: user=0.00 sys=0.00, real=0.00 secs] 
2024-07-05T02:38:02.310+0800: 6591.021: [GC (Allocation Failure) [PSYoungGen: 237728K->64K(238080K)] 539915K->302283K(716288K), 0.0031258 secs] [Times: user=0.00 sys=0.00, real=0.00 secs] 
2024-07-05T02:38:02.533+0800: 6591.244: [GC (Allocation Failure) [PSYoungGen: 237632K->96K(238080K)] 539851K->302355K(716288K), 0.0021420 secs] [Times: user=0.00 sys=0.00, real=0.01 secs] 
2024-07-05T02:38:02.818+0800: 6591.529: [GC (Allocation Failure) [PSYoungGen: 237664K->160K(238080K)] 539923K->302419K(716288K), 0.0032530 secs] [Times: user=0.00 sys=0.00, real=0.00 secs] 
2024-07-05T02:38:03.014+0800: 6591.725: [GC (Allocation Failure) [PSYoungGen: 237728K->64K(238080K)] 539987K->302375K(716288K), 0.0021057 secs] [Times: user=0.00 sys=0.00, real=0.00 secs] 
2024-07-05T02:38:03.304+0800: 6592.014: [GC (Allocation Failure) [PSYoungGen: 237632K->96K(238080K)] 539943K->302415K(716288K), 0.0020906 secs] [Times: user=0.00 sys=0.00, real=0.01 secs] 
2024-07-05T02:38:03.590+0800: 6592.300: [GC (Allocation Failure) [PSYoungGen: 237664K->64K(238080K)] 539983K->302423K(716288K), 0.0031320 secs] [Times: user=0.00 sys=0.00, real=0.00 secs] 
2024-07-05T02:38:03.787+0800: 6592.497: [GC (Allocation Failure) [PSYoungGen: 237632K->32K(238080K)] 539991K->302439K(716288K), 0.0032980 secs] [Times: user=0.00 sys=0.00, real=0.00 secs] 
2024-07-05T02:38:04.093+0800: 6592.804: [GC (Allocation Failure) [PSYoungGen: 237600K->96K(238080K)] 540007K->302503K(716288K), 0.0020724 secs] [Times: user=0.01 sys=0.00, real=0.01 secs] 
2024-07-05T02:38:04.298+0800: 6593.009: [GC (Allocation Failure) [PSYoungGen: 237664K->96K(238080K)] 540071K->302563K(716288K), 0.0034858 secs] [Times: user=0.00 sys=0.00, real=0.00 secs] 
2024-07-05T02:38:04.586+0800: 6593.297: [GC (Allocation Failure) [PSYoungGen: 237664K->80K(238080K)] 540131K->302563K(716288K), 0.0032292 secs] [Times: user=0.00 sys=0.00, real=0.00 secs] 
2024-07-05T02:38:04.884+0800: 6593.595: [GC (Allocation Failure) [PSYoungGen: 237648K->128K(238080K)] 540131K->302651K(716288K), 0.0025125 secs] [Times: user=0.01 sys=0.00, real=0.01 secs] 
2024-07-05T02:38:05.078+0800: 6593.789: [GC (Allocation Failure) [PSYoungGen: 237696K->128K(238080K)] 540219K->302699K(716288K), 0.0019698 secs] [Times: user=0.00 sys=0.00, real=0.00 secs] 
2024-07-05T02:38:05.365+0800: 6594.076: [GC (Allocation Failure) [PSYoungGen: 237696K->144K(238080K)] 540267K->302715K(716288K), 0.0020812 secs] [Times: user=0.00 sys=0.00, real=0.01 secs] 
2024-07-05T02:38:05.599+0800: 6594.309: [GC (Allocation Failure) [PSYoungGen: 237712K->96K(238080K)] 540283K->302707K(716288K), 0.0021411 secs] [Times: user=0.00 sys=0.00, real=0.00 secs] 
2024-07-05T02:38:05.852+0800: 6594.563: [GC (Allocation Failure) [PSYoungGen: 237664K->64K(238080K)] 540275K->302723K(716288K), 0.0020063 secs] [Times: user=0.00 sys=0.00, real=0.01 secs] 
2024-07-05T02:38:06.164+0800: 6594.875: [GC (Allocation Failure) [PSYoungGen: 237632K->64K(238080K)] 540291K->302723K(716288K), 0.0028025 secs] [Times: user=0.00 sys=0.00, real=0.01 secs] 
2024-07-05T02:38:06.362+0800: 6595.073: [GC (Allocation Failure) [PSYoungGen: 237632K->64K(238080K)] 540291K->302771K(716288K), 0.0019964 secs] [Times: user=0.00 sys=0.00, real=0.00 secs] 
2024-07-05T02:38:06.656+0800: 6595.367: [GC (Allocation Failure) [PSYoungGen: 237632K->160K(238080K)] 540339K->302867K(716288K), 0.0020145 secs] [Times: user=0.00 sys=0.00, real=0.00 secs] 
2024-07-05T02:38:06.938+0800: 6595.648: [GC (Allocation Failure) [PSYoungGen: 237728K->48K(238080K)] 540435K->302787K(716288K), 0.0020608 secs] [Times: user=0.01 sys=0.00, real=0.00 secs] 
2024-07-05T02:38:07.145+0800: 6595.856: [GC (Allocation Failure) [PSYoungGen: 237616K->64K(238080K)] 540355K->302851K(716288K), 0.0022261 secs] [Times: user=0.00 sys=0.00, real=0.01 secs] 
2024-07-05T02:38:07.438+0800: 6596.149: [GC (Allocation Failure) [PSYoungGen: 237632K->64K(238080K)] 540419K->302851K(716288K), 0.0031317 secs] [Times: user=0.00 sys=0.00, real=0.00 secs] 
2024-07-05T02:38:07.635+0800: 6596.345: [GC (Allocation Failure) [PSYoungGen: 237632K->128K(238080K)] 540419K->302963K(716288K), 0.0026012 secs] [Times: user=0.01 sys=0.00, real=0.00 secs] 
2024-07-05T02:38:07.926+0800: 6596.636: [GC (Allocation Failure) [PSYoungGen: 237696K->144K(238080K)] 540531K->302979K(716288K), 0.0019852 secs] [Times: user=0.00 sys=0.00, real=0.00 secs] 
2024-07-05T02:38:08.206+0800: 6596.917: [GC (Allocation Failure) [PSYoungGen: 237712K->96K(238080K)] 540547K->302963K(716288K), 0.0020530 secs] [Times: user=0.01 sys=0.00, real=0.00 secs] 
2024-07-05T02:38:08.401+0800: 6597.112: [GC (Allocation Failure) [PSYoungGen: 237664K->128K(238080K)] 540531K->303051K(716288K), 0.0020109 secs] [Times: user=0.00 sys=0.00, real=0.00 secs] 
2024-07-05T02:38:08.680+0800: 6597.390: [GC (Allocation Failure) [PSYoungGen: 237696K->96K(238080K)] 540619K->303019K(716288K), 0.0026198 secs] [Times: user=0.01 sys=0.00, real=0.00 secs] 
2024-07-05T02:38:08.911+0800: 6597.622: [GC (Allocation Failure) [PSYoungGen: 237664K->96K(238080K)] 540587K->303043K(716288K), 0.0035151 secs] [Times: user=0.00 sys=0.00, real=0.01 secs] 
2024-07-05T02:38:09.165+0800: 6597.875: [GC (Allocation Failure) [PSYoungGen: 237664K->176K(238080K)] 540611K->303139K(716288K), 0.0025787 secs] [Times: user=0.00 sys=0.00, real=0.01 secs] 
2024-07-05T02:38:09.424+0800: 6598.135: [GC (Allocation Failure) [PSYoungGen: 237744K->80K(238080K)] 540707K->303076K(716288K), 0.0022723 secs] [Times: user=0.00 sys=0.00, real=0.01 secs] 
2024-07-05T02:38:09.663+0800: 6598.373: [GC (Allocation Failure) [PSYoungGen: 237648K->64K(238080K)] 540644K->303100K(716288K), 0.0019477 secs] [Times: user=0.00 sys=0.00, real=0.00 secs] 
2024-07-05T02:38:09.915+0800: 6598.626: [GC (Allocation Failure) [PSYoungGen: 237632K->96K(238080K)] 540668K->303148K(716288K), 0.0019849 secs] [Times: user=0.01 sys=0.00, real=0.00 secs] 
2024-07-05T02:38:10.150+0800: 6598.861: [GC (Allocation Failure) [PSYoungGen: 237664K->32K(238080K)] 540716K->303108K(716288K), 0.0021265 secs] [Times: user=0.01 sys=0.00, real=0.00 secs] 
2024-07-05T02:38:10.381+0800: 6599.092: [GC (Allocation Failure) [PSYoungGen: 237600K->176K(238080K)] 540676K->303276K(716288K), 0.0020237 secs] [Times: user=0.00 sys=0.00, real=0.00 secs] 
2024-07-05T02:38:10.641+0800: 6599.351: [GC (Allocation Failure) [PSYoungGen: 237744K->144K(238080K)] 540844K->303276K(716288K), 0.0019836 secs] [Times: user=0.00 sys=0.00, real=0.00 secs] 
2024-07-05T02:38:10.840+0800: 6599.551: [GC (Allocation Failure) [PSYoungGen: 237712K->64K(238080K)] 540844K->303244K(716288K), 0.0027708 secs] [Times: user=0.01 sys=0.00, real=0.00 secs] 
2024-07-05T02:38:11.100+0800: 6599.811: [GC (Allocation Failure) [PSYoungGen: 237632K->64K(238080K)] 540812K->303260K(716288K), 0.0020067 secs] [Times: user=0.01 sys=0.00, real=0.00 secs] 
2024-07-05T02:38:11.362+0800: 6600.073: [GC (Allocation Failure) [PSYoungGen: 237632K->128K(238080K)] 540828K->303324K(716288K), 0.0033056 secs] [Times: user=0.00 sys=0.00, real=0.00 secs] 
2024-07-05T02:38:11.571+0800: 6600.282: [GC (Allocation Failure) [PSYoungGen: 237696K->160K(238080K)] 540892K->303424K(716288K), 0.0032749 secs] [Times: user=0.00 sys=0.00, real=0.01 secs] 
2024-07-05T02:38:11.846+0800: 6600.557: [GC (Allocation Failure) [PSYoungGen: 237728K->176K(238080K)] 540992K->303440K(716288K), 0.0019502 secs] [Times: user=0.00 sys=0.00, real=0.00 secs] 
2024-07-05T02:38:12.047+0800: 6600.758: [GC (Allocation Failure) [PSYoungGen: 237744K->96K(238080K)] 541008K->303420K(716288K), 0.0035178 secs] [Times: user=0.00 sys=0.00, real=0.00 secs] 
2024-07-05T02:38:12.318+0800: 6601.029: [GC (Allocation Failure) [PSYoungGen: 237664K->128K(238080K)] 540988K->303468K(716288K), 0.0021906 secs] [Times: user=0.00 sys=0.00, real=0.00 secs] 
2024-07-05T02:38:12.594+0800: 6601.305: [GC (Allocation Failure) [PSYoungGen: 237696K->80K(238080K)] 541036K->303420K(716288K), 0.0019413 secs] [Times: user=0.01 sys=0.00, real=0.00 secs] 
2024-07-05T02:38:12.784+0800: 6601.495: [GC (Allocation Failure) [PSYoungGen: 237648K->64K(238080K)] 540988K->303464K(716288K), 0.0019979 secs] [Times: user=0.00 sys=0.00, real=0.01 secs] 
2024-07-05T02:38:13.057+0800: 6601.767: [GC (Allocation Failure) [PSYoungGen: 237632K->112K(238080K)] 541032K->303512K(716288K), 0.0019846 secs] [Times: user=0.00 sys=0.00, real=0.00 secs] 
2024-07-05T02:38:13.270+0800: 6601.981: [GC (Allocation Failure) [PSYoungGen: 237680K->32K(238080K)] 541080K->303464K(716288K), 0.0033780 secs] [Times: user=0.00 sys=0.00, real=0.00 secs] 
2024-07-05T02:38:13.534+0800: 6602.244: [GC (Allocation Failure) [PSYoungGen: 237600K->96K(238080K)] 541032K->303552K(716288K), 0.0019280 secs] [Times: user=0.00 sys=0.00, real=0.01 secs] 
2024-07-05T02:38:13.811+0800: 6602.522: [GC (Allocation Failure) [PSYoungGen: 237664K->160K(238080K)] 541120K->303616K(716288K), 0.0022340 secs] [Times: user=0.00 sys=0.00, real=0.00 secs] 
2024-07-05T02:38:14.006+0800: 6602.717: [GC (Allocation Failure) [PSYoungGen: 237728K->64K(238080K)] 541184K->303588K(716288K), 0.0019891 secs] [Times: user=0.00 sys=0.00, real=0.00 secs] 
2024-07-05T02:38:14.284+0800: 6602.995: [GC (Allocation Failure) [PSYoungGen: 237632K->176K(238080K)] 541156K->303700K(716288K), 0.0027371 secs] [Times: user=0.00 sys=0.00, real=0.01 secs] 
2024-07-05T02:38:14.541+0800: 6603.252: [GC (Allocation Failure) [PSYoungGen: 237744K->32K(238080K)] 541268K->303588K(716288K), 0.0019551 secs] [Times: user=0.01 sys=0.00, real=0.00 secs] 
2024-07-05T02:38:14.758+0800: 6603.469: [GC (Allocation Failure) [PSYoungGen: 237600K->128K(238080K)] 541156K->303708K(716288K), 0.0019283 secs] [Times: user=0.01 sys=0.00, real=0.00 secs] 
2024-07-05T02:38:15.038+0800: 6603.748: [GC (Allocation Failure) [PSYoungGen: 237696K->128K(238080K)] 541276K->303708K(716288K), 0.0020212 secs] [Times: user=0.00 sys=0.00, real=0.00 secs] 
2024-07-05T02:38:15.232+0800: 6603.942: [GC (Allocation Failure) [PSYoungGen: 237696K->96K(238080K)] 541276K->303748K(716288K), 0.0028882 secs] [Times: user=0.00 sys=0.00, real=0.01 secs] 
2024-07-05T02:38:15.507+0800: 6604.218: [GC (Allocation Failure) [PSYoungGen: 237664K->112K(238080K)] 541316K->303764K(716288K), 0.0019100 secs] [Times: user=0.00 sys=0.00, real=0.00 secs] 
2024-07-05T02:38:15.778+0800: 6604.489: [GC (Allocation Failure) [PSYoungGen: 237680K->128K(238080K)] 541332K->303820K(716288K), 0.0034767 secs] [Times: user=0.00 sys=0.00, real=0.00 secs] 
2024-07-05T02:38:15.998+0800: 6604.709: [GC (Allocation Failure) [PSYoungGen: 237696K->32K(238080K)] 541388K->303756K(716288K), 0.0031473 secs] [Times: user=0.00 sys=0.00, real=0.00 secs] 
2024-07-05T02:38:16.275+0800: 6604.986: [GC (Allocation Failure) [PSYoungGen: 237600K->176K(238080K)] 541324K->303900K(716288K), 0.0034758 secs] [Times: user=0.01 sys=0.00, real=0.00 secs] 
2024-07-05T02:38:16.477+0800: 6605.188: [GC (Allocation Failure) [PSYoungGen: 237744K->96K(238080K)] 541468K->303880K(716288K), 0.0019607 secs] [Times: user=0.00 sys=0.00, real=0.00 secs] 
2024-07-05T02:38:16.746+0800: 6605.457: [GC (Allocation Failure) [PSYoungGen: 237664K->96K(238080K)] 541448K->303920K(716288K), 0.0032691 secs] [Times: user=0.00 sys=0.00, real=0.00 secs] 
2024-07-05T02:38:17.022+0800: 6605.732: [GC (Allocation Failure) [PSYoungGen: 237664K->96K(238080K)] 541488K->303920K(716288K), 0.0020226 secs] [Times: user=0.00 sys=0.00, real=0.00 secs] 
2024-07-05T02:38:17.219+0800: 6605.930: [GC (Allocation Failure) [PSYoungGen: 237664K->128K(238080K)] 541488K->303984K(716288K), 0.0020635 secs] [Times: user=0.00 sys=0.00, real=0.00 secs] 
2024-07-05T02:38:17.489+0800: 6606.200: [GC (Allocation Failure) [PSYoungGen: 237696K->112K(238080K)] 541552K->303968K(716288K), 0.0019830 secs] [Times: user=0.00 sys=0.00, real=0.00 secs] 
2024-07-05T02:38:17.706+0800: 6606.417: [GC (Allocation Failure) [PSYoungGen: 237680K->48K(238080K)] 541536K->303936K(716288K), 0.0019453 secs] [Times: user=0.01 sys=0.00, real=0.00 secs] 
2024-07-05T02:38:17.959+0800: 6606.670: [GC (Allocation Failure) [PSYoungGen: 237616K->64K(238080K)] 541504K->304000K(716288K), 0.0020160 secs] [Times: user=0.00 sys=0.00, real=0.00 secs] 
2024-07-05T02:38:18.238+0800: 6606.949: [GC (Allocation Failure) [PSYoungGen: 237632K->160K(238080K)] 541568K->304096K(716288K), 0.0019648 secs] [Times: user=0.00 sys=0.00, real=0.00 secs] 
2024-07-05T02:38:18.434+0800: 6607.145: [GC (Allocation Failure) [PSYoungGen: 237728K->64K(238080K)] 541664K->304040K(716288K), 0.0032423 secs] [Times: user=0.00 sys=0.00, real=0.00 secs] 
2024-07-05T02:38:18.714+0800: 6607.424: [GC (Allocation Failure) [PSYoungGen: 237632K->160K(238080K)] 541608K->304136K(716288K), 0.0043742 secs] [Times: user=0.00 sys=0.00, real=0.00 secs] 
2024-07-05T02:38:18.990+0800: 6607.701: [GC (Allocation Failure) [PSYoungGen: 237728K->96K(238080K)] 541704K->304104K(716288K), 0.0032124 secs] [Times: user=0.00 sys=0.00, real=0.00 secs] 
2024-07-05T02:38:19.199+0800: 6607.909: [GC (Allocation Failure) [PSYoungGen: 237664K->64K(238080K)] 541672K->304128K(716288K), 0.0032904 secs] [Times: user=0.00 sys=0.00, real=0.00 secs] 
2024-07-05T02:38:19.482+0800: 6608.193: [GC (Allocation Failure) [PSYoungGen: 237632K->128K(238080K)] 541696K->304200K(716288K), 0.0019393 secs] [Times: user=0.01 sys=0.00, real=0.00 secs] 
2024-07-05T02:38:19.673+0800: 6608.384: [GC (Allocation Failure) [PSYoungGen: 237696K->96K(238080K)] 541768K->304216K(716288K), 0.0020276 secs] [Times: user=0.00 sys=0.00, real=0.01 secs] 
2024-07-05T02:38:19.948+0800: 6608.659: [GC (Allocation Failure) [PSYoungGen: 237664K->176K(238080K)] 541784K->304296K(716288K), 0.0020211 secs] [Times: user=0.01 sys=0.00, real=0.00 secs] 
2024-07-05T02:38:20.222+0800: 6608.932: [GC (Allocation Failure) [PSYoungGen: 237744K->80K(238080K)] 541864K->304232K(716288K), 0.0019417 secs] [Times: user=0.00 sys=0.00, real=0.00 secs] 
2024-07-05T02:38:20.414+0800: 6609.125: [GC (Allocation Failure) [PSYoungGen: 237648K->96K(238080K)] 541800K->304312K(716288K), 0.0020160 secs] [Times: user=0.01 sys=0.00, real=0.00 secs] 
2024-07-05T02:38:20.694+0800: 6609.405: [GC (Allocation Failure) [PSYoungGen: 237664K->96K(238080K)] 541880K->304312K(716288K), 0.0019413 secs] [Times: user=0.00 sys=0.00, real=0.00 secs] 
2024-07-05T02:38:20.896+0800: 6609.606: [GC (Allocation Failure) [PSYoungGen: 237664K->96K(238080K)] 541880K->304336K(716288K), 0.0019903 secs] [Times: user=0.00 sys=0.00, real=0.00 secs] 
2024-07-05T02:38:21.167+0800: 6609.877: [GC (Allocation Failure) [PSYoungGen: 237664K->160K(238080K)] 541904K->304416K(716288K), 0.0032500 secs] [Times: user=0.00 sys=0.00, real=0.00 secs] 
2024-07-05T02:38:21.447+0800: 6610.158: [GC (Allocation Failure) [PSYoungGen: 237728K->160K(238080K)] 541984K->304448K(716288K), 0.0032571 secs] [Times: user=0.01 sys=0.00, real=0.00 secs] 
2024-07-05T02:38:21.642+0800: 6610.353: [GC (Allocation Failure) [PSYoungGen: 237728K->96K(238080K)] 542016K->304456K(716288K), 0.0032325 secs] [Times: user=0.01 sys=0.00, real=0.00 secs] 
2024-07-05T02:38:21.928+0800: 6610.639: [GC (Allocation Failure) [PSYoungGen: 237664K->160K(238080K)] 542024K->304520K(716288K), 0.0022406 secs] [Times: user=0.01 sys=0.00, real=0.00 secs] 
2024-07-05T02:38:22.172+0800: 6610.883: [GC (Allocation Failure) [PSYoungGen: 237728K->96K(238080K)] 542088K->304480K(716288K), 0.0028880 secs] [Times: user=0.00 sys=0.00, real=0.01 secs] 
2024-07-05T02:38:22.398+0800: 6611.109: [GC (Allocation Failure) [PSYoungGen: 237664K->96K(238080K)] 542048K->304496K(716288K), 0.0019793 secs] [Times: user=0.01 sys=0.00, real=0.00 secs] 
2024-07-05T02:38:22.644+0800: 6611.355: [GC (Allocation Failure) [PSYoungGen: 237664K->112K(238080K)] 542064K->304552K(716288K), 0.0020562 secs] [Times: user=0.00 sys=0.00, real=0.01 secs] 
2024-07-05T02:38:22.861+0800: 6611.572: [GC (Allocation Failure) [PSYoungGen: 237680K->64K(238080K)] 542120K->304552K(716288K), 0.0023677 secs] [Times: user=0.00 sys=0.00, real=0.00 secs] 
2024-07-05T02:38:23.102+0800: 6611.812: [GC (Allocation Failure) [PSYoungGen: 237632K->96K(238080K)] 542120K->304600K(716288K), 0.0031927 secs] [Times: user=0.01 sys=0.00, real=0.00 secs] 
2024-07-05T02:38:23.325+0800: 6612.036: [GC (Allocation Failure) [PSYoungGen: 237664K->160K(238080K)] 542168K->304688K(716288K), 0.0023158 secs] [Times: user=0.01 sys=0.00, real=0.01 secs] 
2024-07-05T02:38:23.546+0800: 6612.257: [GC (Allocation Failure) [PSYoungGen: 237728K->144K(238080K)] 542256K->304696K(716288K), 0.0023874 secs] [Times: user=0.00 sys=0.00, real=0.00 secs] 
2024-07-05T02:38:23.794+0800: 6612.505: [GC (Allocation Failure) [PSYoungGen: 237712K->128K(238080K)] 542264K->304712K(716288K), 0.0019764 secs] [Times: user=0.00 sys=0.00, real=0.00 secs] 
2024-07-05T02:38:24.029+0800: 6612.739: [GC (Allocation Failure) [PSYoungGen: 237696K->128K(238080K)] 542280K->304760K(716288K), 0.0019740 secs] [Times: user=0.00 sys=0.00, real=0.00 secs] 
2024-07-05T02:38:24.257+0800: 6612.967: [GC (Allocation Failure) [PSYoungGen: 237696K->160K(238080K)] 542328K->304824K(716288K), 0.0024815 secs] [Times: user=0.00 sys=0.00, real=0.00 secs] 
2024-07-05T02:38:24.486+0800: 6613.197: [GC (Allocation Failure) [PSYoungGen: 237728K->64K(238080K)] 542392K->304728K(716288K), 0.0020123 secs] [Times: user=0.01 sys=0.00, real=0.00 secs] 
2024-07-05T02:38:24.713+0800: 6613.424: [GC (Allocation Failure) [PSYoungGen: 237632K->80K(238080K)] 542296K->304784K(716288K), 0.0020042 secs] [Times: user=0.01 sys=0.00, real=0.01 secs] 
2024-07-05T02:38:24.966+0800: 6613.677: [GC (Allocation Failure) [PSYoungGen: 237648K->64K(238080K)] 542352K->304808K(716288K), 0.0020467 secs] [Times: user=0.01 sys=0.00, real=0.00 secs] 
2024-07-05T02:38:25.197+0800: 6613.907: [GC (Allocation Failure) [PSYoungGen: 237632K->64K(238080K)] 542376K->304832K(716288K), 0.0020445 secs] [Times: user=0.01 sys=0.00, real=0.00 secs] 
2024-07-05T02:38:25.420+0800: 6614.131: [GC (Allocation Failure) [PSYoungGen: 237632K->96K(238080K)] 542400K->304888K(716288K), 0.0020370 secs] [Times: user=0.01 sys=0.00, real=0.00 secs] 
2024-07-05T02:38:25.656+0800: 6614.367: [GC (Allocation Failure) [PSYoungGen: 237664K->128K(238080K)] 542456K->304920K(716288K), 0.0023846 secs] [Times: user=0.00 sys=0.00, real=0.00 secs] 
2024-07-05T02:38:25.882+0800: 6614.593: [GC (Allocation Failure) [PSYoungGen: 237696K->80K(238080K)] 542488K->304912K(716288K), 0.0019693 secs] [Times: user=0.01 sys=0.00, real=0.00 secs] 
2024-07-05T02:38:26.145+0800: 6614.856: [GC (Allocation Failure) [PSYoungGen: 237648K->128K(238080K)] 542480K->305000K(716288K), 0.0020089 secs] [Times: user=0.01 sys=0.00, real=0.01 secs] 
2024-07-05T02:38:26.373+0800: 6615.084: [GC (Allocation Failure) [PSYoungGen: 237696K->128K(238080K)] 542568K->305032K(716288K), 0.0021574 secs] [Times: user=0.01 sys=0.00, real=0.01 secs] 
2024-07-05T02:38:26.605+0800: 6615.316: [GC (Allocation Failure) [PSYoungGen: 237696K->160K(238080K)] 542600K->305088K(716288K), 0.0019572 secs] [Times: user=0.01 sys=0.00, real=0.01 secs] 
2024-07-05T02:38:26.842+0800: 6615.553: [GC (Allocation Failure) [PSYoungGen: 237728K->128K(238080K)] 542656K->305056K(716288K), 0.0020769 secs] [Times: user=0.00 sys=0.00, real=0.00 secs] 
2024-07-05T02:38:27.093+0800: 6615.803: [GC (Allocation Failure) [PSYoungGen: 237696K->128K(238080K)] 542624K->305097K(716288K), 0.0020067 secs] [Times: user=0.00 sys=0.00, real=0.01 secs] 
2024-07-05T02:38:27.323+0800: 6616.033: [GC (Allocation Failure) [PSYoungGen: 237696K->96K(238080K)] 542665K->305125K(716288K), 0.0020674 secs] [Times: user=0.00 sys=0.00, real=0.00 secs] 
2024-07-05T02:38:27.544+0800: 6616.254: [GC (Allocation Failure) [PSYoungGen: 237664K->96K(238080K)] 542693K->305149K(716288K), 0.0019892 secs] [Times: user=0.01 sys=0.00, real=0.00 secs] 
2024-07-05T02:38:27.784+0800: 6616.494: [GC (Allocation Failure) [PSYoungGen: 237664K->96K(238080K)] 542717K->305149K(716288K), 0.0020756 secs] [Times: user=0.00 sys=0.00, real=0.01 secs] 
2024-07-05T02:38:28.011+0800: 6616.722: [GC (Allocation Failure) [PSYoungGen: 237664K->96K(238080K)] 542717K->305165K(716288K), 0.0019901 secs] [Times: user=0.00 sys=0.00, real=0.00 secs] 
2024-07-05T02:38:28.251+0800: 6616.962: [GC (Allocation Failure) [PSYoungGen: 237664K->160K(238080K)] 542733K->305269K(716288K), 0.0019962 secs] [Times: user=0.00 sys=0.00, real=0.00 secs] 
2024-07-05T02:38:28.472+0800: 6617.182: [GC (Allocation Failure) [PSYoungGen: 237728K->96K(238080K)] 542837K->305265K(716288K), 0.0029261 secs] [Times: user=0.01 sys=0.00, real=0.01 secs] 
2024-07-05T02:38:28.699+0800: 6617.409: [GC (Allocation Failure) [PSYoungGen: 237664K->96K(238080K)] 542833K->305289K(716288K), 0.0022023 secs] [Times: user=0.00 sys=0.00, real=0.00 secs] 
2024-07-05T02:38:28.942+0800: 6617.653: [GC (Allocation Failure) [PSYoungGen: 237664K->64K(238080K)] 542857K->305257K(716288K), 0.0031565 secs] [Times: user=0.00 sys=0.00, real=0.00 secs] 
2024-07-05T02:38:29.222+0800: 6617.933: [GC (Allocation Failure) [PSYoungGen: 237632K->144K(238080K)] 542825K->305353K(716288K), 0.0033951 secs] [Times: user=0.00 sys=0.00, real=0.01 secs] 
2024-07-05T02:38:29.488+0800: 6618.199: [GC (Allocation Failure) [PSYoungGen: 237712K->144K(238080K)] 542921K->305401K(716288K), 0.0021712 secs] [Times: user=0.00 sys=0.00, real=0.00 secs] 
2024-07-05T02:38:29.719+0800: 6618.429: [GC (Allocation Failure) [PSYoungGen: 237712K->64K(238080K)] 542969K->305369K(716288K), 0.0020458 secs] [Times: user=0.00 sys=0.00, real=0.00 secs] 
2024-07-05T02:38:29.977+0800: 6618.688: [GC (Allocation Failure) [PSYoungGen: 237632K->96K(238080K)] 542937K->305425K(716288K), 0.0022315 secs] [Times: user=0.00 sys=0.00, real=0.00 secs] 
2024-07-05T02:38:30.268+0800: 6618.978: [GC (Allocation Failure) [PSYoungGen: 237664K->96K(238080K)] 542993K->305425K(716288K), 0.0021758 secs] [Times: user=0.00 sys=0.00, real=0.00 secs] 
2024-07-05T02:38:30.498+0800: 6619.209: [GC (Allocation Failure) [PSYoungGen: 237664K->112K(238080K)] 542993K->305465K(716288K), 0.0034407 secs] [Times: user=0.01 sys=0.00, real=0.00 secs] 
2024-07-05T02:38:30.777+0800: 6619.487: [GC (Allocation Failure) [PSYoungGen: 237680K->160K(238080K)] 543033K->305561K(716288K), 0.0020999 secs] [Times: user=0.00 sys=0.00, real=0.00 secs] 
2024-07-05T02:38:31.037+0800: 6619.748: [GC (Allocation Failure) [PSYoungGen: 237728K->128K(238080K)] 543129K->305569K(716288K), 0.0023425 secs] [Times: user=0.01 sys=0.00, real=0.00 secs] 
2024-07-05T02:38:31.248+0800: 6619.958: [GC (Allocation Failure) [PSYoungGen: 237696K->32K(238080K)] 543137K->305505K(716288K), 0.0021099 secs] [Times: user=0.01 sys=0.00, real=0.00 secs] 
2024-07-05T02:38:31.534+0800: 6620.245: [GC (Allocation Failure) [PSYoungGen: 237600K->96K(238080K)] 543073K->305569K(716288K), 0.0022066 secs] [Times: user=0.01 sys=0.00, real=0.00 secs] 
2024-07-05T02:38:31.759+0800: 6620.470: [GC (Allocation Failure) [PSYoungGen: 237664K->80K(238080K)] 543137K->305577K(716288K), 0.0020611 secs] [Times: user=0.00 sys=0.00, real=0.00 secs] 
2024-07-05T02:38:31.985+0800: 6620.696: [GC (Allocation Failure) [PSYoungGen: 237648K->176K(238080K)] 543145K->305729K(716288K), 0.0020211 secs] [Times: user=0.01 sys=0.00, real=0.01 secs] 
2024-07-05T02:38:32.260+0800: 6620.971: [GC (Allocation Failure) [PSYoungGen: 237744K->96K(238080K)] 543297K->305681K(716288K), 0.0028931 secs] [Times: user=0.01 sys=0.00, real=0.00 secs] 
2024-07-05T02:38:32.468+0800: 6621.179: [GC (Allocation Failure) [PSYoungGen: 237664K->64K(238080K)] 543249K->305665K(716288K), 0.0020422 secs] [Times: user=0.00 sys=0.00, real=0.00 secs] 
2024-07-05T02:38:32.727+0800: 6621.438: [GC (Allocation Failure) [PSYoungGen: 237632K->160K(238080K)] 543233K->305777K(716288K), 0.0021112 secs] [Times: user=0.01 sys=0.00, real=0.00 secs] 
2024-07-05T02:38:32.964+0800: 6621.675: [GC (Allocation Failure) [PSYoungGen: 237728K->64K(238080K)] 543345K->305705K(716288K), 0.0020746 secs] [Times: user=0.01 sys=0.00, real=0.01 secs] 
2024-07-05T02:38:33.208+0800: 6621.918: [GC (Allocation Failure) [PSYoungGen: 237632K->160K(238080K)] 543273K->305841K(716288K), 0.0020179 secs] [Times: user=0.00 sys=0.00, real=0.00 secs] 
2024-07-05T02:38:33.438+0800: 6622.149: [GC (Allocation Failure) [PSYoungGen: 237728K->96K(238080K)] 543409K->305845K(716288K), 0.0037561 secs] [Times: user=0.01 sys=0.00, real=0.00 secs] 
2024-07-05T02:38:33.707+0800: 6622.418: [GC (Allocation Failure) [PSYoungGen: 237664K->96K(238080K)] 543413K->305845K(716288K), 0.0020071 secs] [Times: user=0.00 sys=0.00, real=0.00 secs] 
2024-07-05T02:38:33.958+0800: 6622.668: [GC (Allocation Failure) [PSYoungGen: 237664K->128K(238080K)] 543413K->305901K(716288K), 0.0022639 secs] [Times: user=0.00 sys=0.00, real=0.00 secs] 
2024-07-05T02:38:34.194+0800: 6622.905: [GC (Allocation Failure) [PSYoungGen: 237696K->80K(238080K)] 543469K->305877K(716288K), 0.0020402 secs] [Times: user=0.00 sys=0.00, real=0.00 secs] 
2024-07-05T02:38:34.446+0800: 6623.157: [GC (Allocation Failure) [PSYoungGen: 237648K->112K(238080K)] 543445K->305941K(716288K), 0.0020108 secs] [Times: user=0.00 sys=0.00, real=0.00 secs] 
2024-07-05T02:38:34.702+0800: 6623.413: [GC (Allocation Failure) [PSYoungGen: 237680K->32K(238080K)] 543509K->305901K(716288K), 0.0020411 secs] [Times: user=0.01 sys=0.00, real=0.00 secs] 
2024-07-05T02:38:34.926+0800: 6623.636: [GC (Allocation Failure) [PSYoungGen: 237600K->128K(238080K)] 543469K->306013K(716288K), 0.0019541 secs] [Times: user=0.01 sys=0.00, real=0.00 secs] 
2024-07-05T02:38:35.147+0800: 6623.858: [GC (Allocation Failure) [PSYoungGen: 237696K->96K(238080K)] 543581K->306005K(716288K), 0.0020103 secs] [Times: user=0.00 sys=0.00, real=0.00 secs] 
2024-07-05T02:38:35.374+0800: 6624.085: [GC (Allocation Failure) [PSYoungGen: 237664K->160K(238080K)] 543573K->306069K(716288K), 0.0019433 secs] [Times: user=0.00 sys=0.00, real=0.00 secs] 
2024-07-05T02:38:35.602+0800: 6624.313: [GC (Allocation Failure) [PSYoungGen: 237728K->32K(238080K)] 543637K->306009K(716288K), 0.0020330 secs] [Times: user=0.01 sys=0.00, real=0.00 secs] 
2024-07-05T02:38:35.846+0800: 6624.557: [GC (Allocation Failure) [PSYoungGen: 237600K->160K(238080K)] 543577K->306161K(716288K), 0.0033079 secs] [Times: user=0.01 sys=0.00, real=0.00 secs] 
2024-07-05T02:38:36.090+0800: 6624.801: [GC (Allocation Failure) [PSYoungGen: 237728K->160K(238080K)] 543729K->306185K(716288K), 0.0034699 secs] [Times: user=0.01 sys=0.00, real=0.00 secs] 
2024-07-05T02:38:36.314+0800: 6625.025: [GC (Allocation Failure) [PSYoungGen: 237728K->96K(238080K)] 543753K->306145K(716288K), 0.0019744 secs] [Times: user=0.00 sys=0.00, real=0.00 secs] 
2024-07-05T02:38:36.550+0800: 6625.261: [GC (Allocation Failure) [PSYoungGen: 237664K->160K(238080K)] 543713K->306209K(716288K), 0.0036828 secs] [Times: user=0.00 sys=0.00, real=0.01 secs] 
2024-07-05T02:38:36.782+0800: 6625.493: [GC (Allocation Failure) [PSYoungGen: 237728K->96K(238080K)] 543777K->306221K(716288K), 0.0026892 secs] [Times: user=0.00 sys=0.00, real=0.00 secs] 
2024-07-05T02:38:37.012+0800: 6625.723: [GC (Allocation Failure) [PSYoungGen: 237664K->128K(238080K)] 543789K->306269K(716288K), 0.0020073 secs] [Times: user=0.00 sys=0.00, real=0.01 secs] 
2024-07-05T02:38:37.234+0800: 6625.945: [GC (Allocation Failure) [PSYoungGen: 237696K->96K(238080K)] 543837K->306261K(716288K), 0.0020019 secs] [Times: user=0.00 sys=0.00, real=0.00 secs] 
2024-07-05T02:38:37.458+0800: 6626.169: [GC (Allocation Failure) [PSYoungGen: 237664K->80K(238080K)] 543829K->306245K(716288K), 0.0022977 secs] [Times: user=0.00 sys=0.00, real=0.00 secs] 
2024-07-05T02:38:37.703+0800: 6626.414: [GC (Allocation Failure) [PSYoungGen: 237648K->64K(238080K)] 543813K->306269K(716288K), 0.0020437 secs] [Times: user=0.01 sys=0.00, real=0.00 secs] 
2024-07-05T02:38:37.938+0800: 6626.649: [GC (Allocation Failure) [PSYoungGen: 237632K->128K(238080K)] 543837K->306373K(716288K), 0.0032585 secs] [Times: user=0.01 sys=0.00, real=0.00 secs] 
2024-07-05T02:38:38.166+0800: 6626.877: [GC (Allocation Failure) [PSYoungGen: 237696K->96K(238080K)] 543941K->306365K(716288K), 0.0033453 secs] [Times: user=0.00 sys=0.00, real=0.00 secs] 
2024-07-05T02:38:38.395+0800: 6627.106: [GC (Allocation Failure) [PSYoungGen: 237664K->128K(238080K)] 543933K->306429K(716288K), 0.0027820 secs] [Times: user=0.01 sys=0.00, real=0.00 secs] 
2024-07-05T02:38:38.634+0800: 6627.345: [GC (Allocation Failure) [PSYoungGen: 237696K->80K(238080K)] 543997K->306381K(716288K), 0.0028706 secs] [Times: user=0.00 sys=0.00, real=0.00 secs] 
2024-07-05T02:38:38.900+0800: 6627.611: [GC (Allocation Failure) [PSYoungGen: 237648K->144K(238080K)] 543949K->306485K(716288K), 0.0020351 secs] [Times: user=0.01 sys=0.00, real=0.00 secs] 
2024-07-05T02:38:39.130+0800: 6627.841: [GC (Allocation Failure) [PSYoungGen: 237712K->64K(238080K)] 544053K->306465K(716288K), 0.0033073 secs] [Times: user=0.01 sys=0.00, real=0.00 secs] 
2024-07-05T02:38:39.373+0800: 6628.084: [GC (Allocation Failure) [PSYoungGen: 237632K->160K(238080K)] 544033K->306577K(716288K), 0.0020469 secs] [Times: user=0.00 sys=0.00, real=0.01 secs] 
2024-07-05T02:38:39.662+0800: 6628.373: [GC (Allocation Failure) [PSYoungGen: 237728K->128K(238080K)] 544145K->306545K(716288K), 0.0035726 secs] [Times: user=0.00 sys=0.00, real=0.00 secs] 
2024-07-05T02:38:39.870+0800: 6628.581: [GC (Allocation Failure) [PSYoungGen: 237696K->160K(238080K)] 544113K->306625K(716288K), 0.0034795 secs] [Times: user=0.00 sys=0.00, real=0.00 secs] 
2024-07-05T02:38:40.177+0800: 6628.888: [GC (Allocation Failure) [PSYoungGen: 237728K->224K(238080K)] 544193K->306689K(716288K), 0.0024121 secs] [Times: user=0.00 sys=0.00, real=0.00 secs] 
2024-07-05T02:38:40.429+0800: 6629.139: [GC (Allocation Failure) [PSYoungGen: 237792K->64K(238080K)] 544257K->306593K(716288K), 0.0024760 secs] [Times: user=0.01 sys=0.00, real=0.00 secs] 
2024-07-05T02:38:40.655+0800: 6629.366: [GC (Allocation Failure) [PSYoungGen: 237632K->96K(238080K)] 544161K->306649K(716288K), 0.0020328 secs] [Times: user=0.00 sys=0.00, real=0.00 secs] 
2024-07-05T02:38:40.915+0800: 6629.626: [GC (Allocation Failure) [PSYoungGen: 237664K->96K(238080K)] 544217K->306649K(716288K), 0.0020983 secs] [Times: user=0.00 sys=0.00, real=0.00 secs] 
2024-07-05T02:38:41.133+0800: 6629.844: [GC (Allocation Failure) [PSYoungGen: 237664K->112K(238080K)] 544217K->306681K(716288K), 0.0021000 secs] [Times: user=0.00 sys=0.00, real=0.01 secs] 
2024-07-05T02:38:41.367+0800: 6630.078: [GC (Allocation Failure) [PSYoungGen: 237680K->128K(238080K)] 544249K->306737K(716288K), 0.0019510 secs] [Times: user=0.01 sys=0.00, real=0.00 secs] 
2024-07-05T02:38:41.634+0800: 6630.345: [GC (Allocation Failure) [PSYoungGen: 237696K->64K(238080K)] 544305K->306705K(716288K), 0.0021778 secs] [Times: user=0.01 sys=0.00, real=0.00 secs] 
2024-07-05T02:38:41.870+0800: 6630.581: [GC (Allocation Failure) [PSYoungGen: 237632K->64K(238080K)] 544273K->306737K(716288K), 0.0035084 secs] [Times: user=0.00 sys=0.01, real=0.01 secs] 
2024-07-05T02:38:42.192+0800: 6630.903: [GC (Allocation Failure) [PSYoungGen: 237632K->128K(238080K)] 544305K->306801K(716288K), 0.0025489 secs] [Times: user=0.00 sys=0.00, real=0.01 secs] 
2024-07-05T02:38:42.390+0800: 6631.100: [GC (Allocation Failure) [PSYoungGen: 237696K->96K(238080K)] 544369K->306793K(716288K), 0.0019790 secs] [Times: user=0.00 sys=0.00, real=0.00 secs] 
2024-07-05T02:38:42.934+0800: 6631.645: [GC (Allocation Failure) [PSYoungGen: 237664K->64K(238080K)] 544361K->306793K(716288K), 0.0021221 secs] [Times: user=0.00 sys=0.00, real=0.00 secs] 
2024-07-05T02:38:43.371+0800: 6632.082: [GC (Allocation Failure) [PSYoungGen: 237632K->64K(238080K)] 544361K->306801K(716288K), 0.0020875 secs] [Times: user=0.00 sys=0.00, real=0.00 secs] 
2024-07-05T02:38:44.230+0800: 6632.941: [GC (Allocation Failure) [PSYoungGen: 237632K->500K(236032K)] 544369K->310445K(714240K), 0.0044632 secs] [Times: user=0.01 sys=0.00, real=0.01 secs] 
2024-07-05T02:38:44.836+0800: 6633.547: [GC (Allocation Failure) [PSYoungGen: 236020K->1509K(237056K)] 545965K->312136K(715264K), 0.0045111 secs] [Times: user=0.00 sys=0.00, real=0.00 secs] 
2024-07-05T02:38:45.272+0800: 6633.982: [GC (Allocation Failure) [PSYoungGen: 237029K->1463K(235008K)] 547656K->312402K(713216K), 0.0042248 secs] [Times: user=0.01 sys=0.00, real=0.01 secs] 
2024-07-05T02:38:45.671+0800: 6634.382: [GC (Allocation Failure) [PSYoungGen: 234935K->901K(236032K)] 545874K->311879K(714240K), 0.0040313 secs] [Times: user=0.01 sys=0.00, real=0.01 secs] 
2024-07-05T02:38:46.022+0800: 6634.733: [GC (Allocation Failure) [PSYoungGen: 234373K->1626K(236032K)] 545351K->313022K(714240K), 0.0048407 secs] [Times: user=0.00 sys=0.00, real=0.01 secs] 
2024-07-05T02:38:46.414+0800: 6635.124: [GC (Allocation Failure) [PSYoungGen: 235098K->1253K(236032K)] 546494K->312990K(714240K), 0.0050610 secs] [Times: user=0.00 sys=0.00, real=0.00 secs] 
2024-07-05T02:38:46.808+0800: 6635.519: [GC (Allocation Failure) [PSYoungGen: 234725K->1061K(236032K)] 546462K->312798K(714240K), 0.0035259 secs] [Times: user=0.00 sys=0.00, real=0.00 secs] 
2024-07-05T02:38:47.173+0800: 6635.884: [GC (Allocation Failure) [PSYoungGen: 234533K->2219K(236032K)] 546270K->313965K(714240K), 0.0038401 secs] [Times: user=0.00 sys=0.00, real=0.01 secs] 
2024-07-05T02:38:47.579+0800: 6636.290: [GC (Allocation Failure) [PSYoungGen: 235691K->1157K(236032K)] 547437K->313963K(714240K), 0.0039070 secs] [Times: user=0.01 sys=0.00, real=0.00 secs] 
2024-07-05T02:38:47.959+0800: 6636.670: [GC (Allocation Failure) [PSYoungGen: 234629K->1413K(236032K)] 547435K->314291K(714240K), 0.0034652 secs] [Times: user=0.00 sys=0.00, real=0.00 secs] 
2024-07-05T02:38:48.324+0800: 6637.034: [GC (Allocation Failure) [PSYoungGen: 234885K->2155K(235008K)] 547763K->315098K(713216K), 0.0034746 secs] [Times: user=0.01 sys=0.00, real=0.01 secs] 
2024-07-05T02:38:48.666+0800: 6637.377: [GC (Allocation Failure) [PSYoungGen: 234603K->1426K(235520K)] 547546K->315119K(713728K), 0.0036058 secs] [Times: user=0.00 sys=0.00, real=0.00 secs] 
2024-07-05T02:38:49.064+0800: 6637.774: [GC (Allocation Failure) [PSYoungGen: 233874K->1477K(235520K)] 547567K->315170K(713728K), 0.0042043 secs] [Times: user=0.01 sys=0.00, real=0.01 secs] 
2024-07-05T02:38:49.425+0800: 6638.135: [GC (Allocation Failure) [PSYoungGen: 233925K->1604K(235520K)] 547618K->315305K(713728K), 0.0028604 secs] [Times: user=0.00 sys=0.00, real=0.01 secs] 
2024-07-05T02:38:49.790+0800: 6638.501: [GC (Allocation Failure) [PSYoungGen: 234052K->1173K(234496K)] 547753K->315858K(712704K), 0.0056199 secs] [Times: user=0.01 sys=0.00, real=0.01 secs] 
2024-07-05T02:38:50.162+0800: 6638.873: [GC (Allocation Failure) [PSYoungGen: 233621K->1381K(235008K)] 548306K->316239K(713216K), 0.0030967 secs] [Times: user=0.01 sys=0.00, real=0.00 secs] 
2024-07-05T02:38:50.495+0800: 6639.206: [GC (Allocation Failure) [PSYoungGen: 233829K->690K(236032K)] 548687K->315581K(714240K), 0.0026197 secs] [Times: user=0.00 sys=0.00, real=0.00 secs] 
2024-07-05T02:38:50.846+0800: 6639.556: [GC (Allocation Failure) [PSYoungGen: 234162K->2249K(236032K)] 549053K->317139K(714240K), 0.0035409 secs] [Times: user=0.00 sys=0.00, real=0.00 secs] 
2024-07-05T02:38:51.205+0800: 6639.916: [GC (Allocation Failure) [PSYoungGen: 235721K->1170K(235008K)] 550611K->317130K(713216K), 0.0037134 secs] [Times: user=0.00 sys=0.00, real=0.01 secs] 
2024-07-05T02:38:51.550+0800: 6640.260: [GC (Allocation Failure) [PSYoungGen: 233618K->1445K(235520K)] 549578K->317477K(713728K), 0.0033660 secs] [Times: user=0.01 sys=0.00, real=0.00 secs] 
2024-07-05T02:38:51.890+0800: 6640.600: [GC (Allocation Failure) [PSYoungGen: 233893K->2201K(235008K)] 549925K->318289K(713216K), 0.0036678 secs] [Times: user=0.01 sys=0.00, real=0.00 secs] 
2024-07-05T02:38:52.232+0800: 6640.943: [GC (Allocation Failure) [PSYoungGen: 234649K->1445K(235520K)] 550737K->318287K(713728K), 0.0035928 secs] [Times: user=0.00 sys=0.00, real=0.01 secs] 
2024-07-05T02:38:52.634+0800: 6641.344: [GC (Allocation Failure) [PSYoungGen: 233893K->1477K(234496K)] 550735K->318319K(712704K), 0.0041995 secs] [Times: user=0.00 sys=0.00, real=0.00 secs] 
2024-07-05T02:38:52.989+0800: 6641.700: [GC (Allocation Failure) [PSYoungGen: 233925K->2029K(235008K)] 550767K->318879K(713216K), 0.0029145 secs] [Times: user=0.01 sys=0.00, real=0.00 secs] 
2024-07-05T02:38:53.322+0800: 6642.033: [GC (Allocation Failure) [PSYoungGen: 234477K->1362K(235520K)] 551327K->318967K(713728K), 0.0045039 secs] [Times: user=0.00 sys=0.00, real=0.01 secs] 
2024-07-05T02:38:53.718+0800: 6642.429: [GC (Allocation Failure) [PSYoungGen: 234322K->1349K(235520K)] 551927K->318954K(713728K), 0.0030104 secs] [Times: user=0.01 sys=0.00, real=0.00 secs] 
2024-07-05T02:38:54.058+0800: 6642.769: [GC (Allocation Failure) [PSYoungGen: 234309K->722K(236032K)] 551914K->318327K(714240K), 0.0025586 secs] [Times: user=0.01 sys=0.00, real=0.00 secs] 
2024-07-05T02:38:54.425+0800: 6643.136: [GC (Allocation Failure) [PSYoungGen: 234194K->2058K(236032K)] 551799K->319672K(714240K), 0.0033512 secs] [Times: user=0.00 sys=0.00, real=0.01 secs] 
2024-07-05T02:38:54.793+0800: 6643.504: [GC (Allocation Failure) [PSYoungGen: 235530K->1093K(236032K)] 553144K->319775K(714240K), 0.0044037 secs] [Times: user=0.01 sys=0.00, real=0.01 secs] 
2024-07-05T02:38:55.151+0800: 6643.861: [GC (Allocation Failure) [PSYoungGen: 234565K->1413K(236032K)] 553247K->320167K(714240K), 0.0038567 secs] [Times: user=0.01 sys=0.00, real=0.01 secs] 
2024-07-05T02:38:55.527+0800: 6644.237: [GC (Allocation Failure) [PSYoungGen: 234885K->2249K(235008K)] 553639K->321051K(713216K), 0.0043681 secs] [Times: user=0.00 sys=0.01, real=0.00 secs] 
2024-07-05T02:38:55.867+0800: 6644.578: [GC (Allocation Failure) [PSYoungGen: 234697K->1509K(235520K)] 553499K->321062K(713728K), 0.0039729 secs] [Times: user=0.01 sys=0.00, real=0.00 secs] 
2024-07-05T02:38:56.277+0800: 6644.987: [GC (Allocation Failure) [PSYoungGen: 233957K->1125K(235520K)] 553510K->320678K(713728K), 0.0036226 secs] [Times: user=0.00 sys=0.00, real=0.00 secs] 
2024-07-05T02:38:56.635+0800: 6645.346: [GC (Allocation Failure) [PSYoungGen: 234085K->2075K(235520K)] 553638K->321628K(713728K), 0.0032304 secs] [Times: user=0.01 sys=0.00, real=0.00 secs] 
2024-07-05T02:38:57.030+0800: 6645.741: [GC (Allocation Failure) [PSYoungGen: 235035K->1376K(235520K)] 554588K->321675K(713728K), 0.0034632 secs] [Times: user=0.00 sys=0.00, real=0.00 secs] 
2024-07-05T02:38:57.439+0800: 6646.150: [GC (Allocation Failure) [PSYoungGen: 234336K->1413K(235520K)] 554635K->321712K(713728K), 0.0032268 secs] [Times: user=0.01 sys=0.00, real=0.00 secs] 
2024-07-05T02:38:57.812+0800: 6646.523: [GC (Allocation Failure) [PSYoungGen: 234373K->786K(236032K)] 554672K->321086K(714240K), 0.0027125 secs] [Times: user=0.00 sys=0.00, real=0.01 secs] 
2024-07-05T02:38:58.156+0800: 6646.867: [GC (Allocation Failure) [PSYoungGen: 234258K->1915K(236032K)] 554558K->322223K(714240K), 0.0041904 secs] [Times: user=0.00 sys=0.00, real=0.00 secs] 
2024-07-05T02:38:58.533+0800: 6647.244: [GC (Allocation Failure) [PSYoungGen: 235387K->1248K(236032K)] 555695K->322314K(714240K), 0.0033358 secs] [Times: user=0.01 sys=0.00, real=0.01 secs] 
2024-07-05T02:38:58.933+0800: 6647.644: [GC (Allocation Failure) [PSYoungGen: 234720K->1093K(236032K)] 555786K->322450K(714240K), 0.0032128 secs] [Times: user=0.01 sys=0.00, real=0.01 secs] 
2024-07-05T02:38:59.273+0800: 6647.983: [GC (Allocation Failure) [PSYoungGen: 234565K->2302K(235008K)] 555922K->323771K(713216K), 0.0041096 secs] [Times: user=0.01 sys=0.00, real=0.01 secs] 
2024-07-05T02:38:59.625+0800: 6648.335: [GC (Allocation Failure) [PSYoungGen: 234750K->1426K(235520K)] 556219K->323670K(713728K), 0.0040333 secs] [Times: user=0.01 sys=0.00, real=0.01 secs] 
2024-07-05T02:39:00.008+0800: 6648.719: [GC (Allocation Failure) [PSYoungGen: 233874K->1445K(234496K)] 556118K->323688K(712704K), 0.0041059 secs] [Times: user=0.01 sys=0.00, real=0.00 secs] 
2024-07-05T02:39:00.374+0800: 6649.085: [GC (Allocation Failure) [PSYoungGen: 233893K->2105K(235008K)] 556136K->324356K(713216K), 0.0032464 secs] [Times: user=0.00 sys=0.00, real=0.00 secs] 
2024-07-05T02:39:00.716+0800: 6649.426: [GC (Allocation Failure) [PSYoungGen: 234553K->1413K(235520K)] 556804K->324419K(713728K), 0.0035362 secs] [Times: user=0.00 sys=0.00, real=0.00 secs] 
2024-07-05T02:39:01.164+0800: 6649.875: [GC (Allocation Failure) [PSYoungGen: 234373K->1445K(235520K)] 557379K->324451K(713728K), 0.0038488 secs] [Times: user=0.01 sys=0.00, real=0.01 secs] 
2024-07-05T02:39:01.574+0800: 6650.285: [GC (Allocation Failure) [PSYoungGen: 234405K->546K(236032K)] 557411K->323552K(714240K), 0.0021623 secs] [Times: user=0.00 sys=0.00, real=0.00 secs] 
2024-07-05T02:39:01.904+0800: 6650.614: [GC (Allocation Failure) [PSYoungGen: 234018K->1606K(236032K)] 557024K->325135K(714240K), 0.0049340 secs] [Times: user=0.00 sys=0.00, real=0.01 secs] 
2024-07-05T02:39:02.281+0800: 6650.992: [GC (Allocation Failure) [PSYoungGen: 235078K->1330K(236032K)] 558607K->325095K(714240K), 0.0030864 secs] [Times: user=0.00 sys=0.00, real=0.00 secs] 
2024-07-05T02:39:02.634+0800: 6651.345: [GC (Allocation Failure) [PSYoungGen: 234802K->690K(236032K)] 558567K->324455K(714240K), 0.0024817 secs] [Times: user=0.01 sys=0.00, real=0.00 secs] 
2024-07-05T02:39:02.968+0800: 6651.679: [GC (Allocation Failure) [PSYoungGen: 234162K->2121K(235008K)] 557927K->325886K(713216K), 0.0040279 secs] [Times: user=0.01 sys=0.00, real=0.00 secs] 
2024-07-05T02:39:03.328+0800: 6652.038: [GC (Allocation Failure) [PSYoungGen: 234569K->1138K(235520K)] 558334K->325964K(713728K), 0.0040047 secs] [Times: user=0.00 sys=0.00, real=0.00 secs] 
2024-07-05T02:39:03.711+0800: 6652.422: [GC (Allocation Failure) [PSYoungGen: 233586K->1381K(235520K)] 558412K->326271K(713728K), 0.0039983 secs] [Times: user=0.01 sys=0.00, real=0.01 secs] 
2024-07-05T02:39:04.080+0800: 6652.791: [GC (Allocation Failure) [PSYoungGen: 234341K->2137K(235520K)] 559231K->327083K(713728K), 0.0034782 secs] [Times: user=0.01 sys=0.00, real=0.00 secs] 
2024-07-05T02:39:04.417+0800: 6653.127: [GC (Allocation Failure) [PSYoungGen: 235097K->1413K(235520K)] 560043K->327110K(713728K), 0.0037069 secs] [Times: user=0.00 sys=0.00, real=0.00 secs] 
2024-07-05T02:39:04.794+0800: 6653.505: [GC (Allocation Failure) [PSYoungGen: 234373K->1349K(235520K)] 560070K->327046K(713728K), 0.0043582 secs] [Times: user=0.01 sys=0.00, real=0.00 secs] 
2024-07-05T02:39:05.107+0800: 6653.817: [GC (Allocation Failure) [PSYoungGen: 234309K->1945K(236032K)] 560006K->327650K(714240K), 0.0029322 secs] [Times: user=0.01 sys=0.00, real=0.00 secs] 
2024-07-05T02:39:05.461+0800: 6654.172: [GC (Allocation Failure) [PSYoungGen: 235417K->1303K(236032K)] 561122K->327759K(714240K), 0.0050849 secs] [Times: user=0.00 sys=0.00, real=0.01 secs] 
2024-07-05T02:39:05.857+0800: 6654.567: [GC (Allocation Failure) [PSYoungGen: 234775K->1349K(236032K)] 561231K->327804K(714240K), 0.0034867 secs] [Times: user=0.00 sys=0.00, real=0.00 secs] 
2024-07-05T02:39:06.216+0800: 6654.926: [GC (Allocation Failure) [PSYoungGen: 234821K->690K(236032K)] 561276K->327146K(714240K), 0.0027619 secs] [Times: user=0.00 sys=0.00, real=0.00 secs] 
2024-07-05T02:39:06.544+0800: 6655.254: [GC (Allocation Failure) [PSYoungGen: 234162K->2171K(235008K)] 560618K->328627K(713216K), 0.0035089 secs] [Times: user=0.00 sys=0.00, real=0.01 secs] 
2024-07-05T02:39:06.918+0800: 6655.629: [GC (Allocation Failure) [PSYoungGen: 234619K->1170K(235520K)] 561075K->328691K(713728K), 0.0065996 secs] [Times: user=0.01 sys=0.00, real=0.00 secs] 
2024-07-05T02:39:07.306+0800: 6656.017: [GC (Allocation Failure) [PSYoungGen: 233618K->1431K(235520K)] 561139K->329024K(713728K), 0.0034892 secs] [Times: user=0.01 sys=0.00, real=0.00 secs] 
2024-07-05T02:39:07.638+0800: 6656.349: [GC (Allocation Failure) [PSYoungGen: 234391K->2201K(235520K)] 561984K->329849K(713728K), 0.0049592 secs] [Times: user=0.00 sys=0.00, real=0.00 secs] 
2024-07-05T02:39:07.974+0800: 6656.685: [GC (Allocation Failure) [PSYoungGen: 235161K->1490K(235520K)] 562809K->329890K(713728K), 0.0037820 secs] [Times: user=0.01 sys=0.00, real=0.00 secs] 
2024-07-05T02:39:08.398+0800: 6657.109: [GC (Allocation Failure) [PSYoungGen: 234450K->1509K(235520K)] 562850K->329908K(713728K), 0.0034644 secs] [Times: user=0.01 sys=0.00, real=0.00 secs] 
2024-07-05T02:39:08.742+0800: 6657.453: [GC (Allocation Failure) [PSYoungGen: 234469K->2025K(236032K)] 562868K->330424K(714240K), 0.0034896 secs] [Times: user=0.01 sys=0.00, real=0.01 secs] 
2024-07-05T02:39:09.099+0800: 6657.810: [GC (Allocation Failure) [PSYoungGen: 235497K->1349K(236032K)] 563896K->330507K(714240K), 0.0057724 secs] [Times: user=0.01 sys=0.00, real=0.00 secs] 
2024-07-05T02:39:09.494+0800: 6658.205: [GC (Allocation Failure) [PSYoungGen: 234821K->1381K(236032K)] 563979K->330539K(714240K), 0.0041820 secs] [Times: user=0.01 sys=0.00, real=0.00 secs] 
2024-07-05T02:39:09.842+0800: 6658.553: [GC (Allocation Failure) [PSYoungGen: 234853K->722K(236032K)] 564011K->329880K(714240K), 0.0027677 secs] [Times: user=0.00 sys=0.00, real=0.00 secs] 
2024-07-05T02:39:10.185+0800: 6658.896: [GC (Allocation Failure) [PSYoungGen: 234194K->2203K(235008K)] 563352K->331361K(713216K), 0.0035815 secs] [Times: user=0.00 sys=0.00, real=0.01 secs] 
2024-07-05T02:39:10.557+0800: 6659.268: [GC (Allocation Failure) [PSYoungGen: 234651K->992K(235520K)] 563809K->331227K(713728K), 0.0036616 secs] [Times: user=0.01 sys=0.00, real=0.00 secs] 
2024-07-05T02:39:10.918+0800: 6659.629: [GC (Allocation Failure) [PSYoungGen: 233440K->1125K(234496K)] 563675K->331727K(712704K), 0.0059257 secs] [Times: user=0.01 sys=0.00, real=0.00 secs] 
2024-07-05T02:39:11.258+0800: 6659.969: [GC (Allocation Failure) [PSYoungGen: 233573K->2283K(235008K)] 564175K->333029K(713216K), 0.0049144 secs] [Times: user=0.00 sys=0.00, real=0.00 secs] 
2024-07-05T02:39:11.618+0800: 6660.329: [GC (Allocation Failure) [PSYoungGen: 234731K->1408K(235520K)] 565477K->332936K(713728K), 0.0044937 secs] [Times: user=0.01 sys=0.00, real=0.00 secs] 
2024-07-05T02:39:12.004+0800: 6660.715: [GC (Allocation Failure) [PSYoungGen: 233856K->1413K(233984K)] 565384K->332941K(712192K), 0.0033340 secs] [Times: user=0.01 sys=0.00, real=0.01 secs] 
2024-07-05T02:39:12.358+0800: 6661.069: [GC (Allocation Failure) [PSYoungGen: 233861K->2092K(234496K)] 565389K->333621K(712704K), 0.0032019 secs] [Times: user=0.00 sys=0.00, real=0.00 secs] 
2024-07-05T02:39:12.715+0800: 6661.426: [GC (Allocation Failure) [PSYoungGen: 234028K->1381K(235008K)] 565557K->333664K(713216K), 0.0040287 secs] [Times: user=0.01 sys=0.00, real=0.00 secs] 
2024-07-05T02:39:13.115+0800: 6661.825: [GC (Allocation Failure) [PSYoungGen: 233317K->1413K(234496K)] 565600K->333696K(712704K), 0.0047873 secs] [Times: user=0.01 sys=0.00, real=0.00 secs] 
2024-07-05T02:39:13.459+0800: 6662.170: [GC (Allocation Failure) [PSYoungGen: 233861K->416K(235008K)] 566144K->332699K(713216K), 0.0024746 secs] [Times: user=0.01 sys=0.00, real=0.00 secs] 
2024-07-05T02:39:13.785+0800: 6662.495: [GC (Allocation Failure) [PSYoungGen: 232864K->2006K(235520K)] 565147K->334289K(713728K), 0.0030938 secs] [Times: user=0.01 sys=0.00, real=0.01 secs] 
2024-07-05T02:39:14.156+0800: 6662.866: [GC (Allocation Failure) [PSYoungGen: 234454K->1248K(235520K)] 566737K->334281K(713728K), 0.0031955 secs] [Times: user=0.01 sys=0.00, real=0.00 secs] 
2024-07-05T02:39:14.512+0800: 6663.223: [GC (Allocation Failure) [PSYoungGen: 233696K->1349K(234496K)] 566729K->334383K(712704K), 0.0031019 secs] [Times: user=0.01 sys=0.00, real=0.01 secs] 
2024-07-05T02:39:14.839+0800: 6663.550: [GC (Allocation Failure) [PSYoungGen: 233797K->2265K(235008K)] 566831K->335299K(713216K), 0.0038409 secs] [Times: user=0.00 sys=0.00, real=0.00 secs] 
2024-07-05T02:39:15.189+0800: 6663.900: [GC (Allocation Failure) [PSYoungGen: 234713K->1426K(235520K)] 567747K->335215K(713728K), 0.0035295 secs] [Times: user=0.01 sys=0.00, real=0.00 secs] 
2024-07-05T02:39:15.557+0800: 6664.268: [GC (Allocation Failure) [PSYoungGen: 233874K->1349K(233984K)] 567663K->335137K(712192K), 0.0031758 secs] [Times: user=0.00 sys=0.00, real=0.00 secs] 
2024-07-05T02:39:15.888+0800: 6664.599: [GC (Allocation Failure) [PSYoungGen: 233797K->2105K(234496K)] 567585K->335893K(712704K), 0.0034031 secs] [Times: user=0.01 sys=0.00, real=0.00 secs] 
2024-07-05T02:39:16.246+0800: 6664.957: [GC (Allocation Failure) [PSYoungGen: 234041K->1413K(235008K)] 567829K->335956K(713216K), 0.0035900 secs] [Times: user=0.00 sys=0.00, real=0.00 secs] 
2024-07-05T02:39:16.685+0800: 6665.395: [GC (Allocation Failure) [PSYoungGen: 233349K->1413K(234496K)] 567892K->335956K(712704K), 0.0056958 secs] [Times: user=0.01 sys=0.00, real=0.01 secs] 
2024-07-05T02:39:17.037+0800: 6665.747: [GC (Allocation Failure) [PSYoungGen: 233861K->782K(235008K)] 568404K->335325K(713216K), 0.0025572 secs] [Times: user=0.00 sys=0.00, real=0.00 secs] 
2024-07-05T02:39:17.362+0800: 6666.073: [GC (Allocation Failure) [PSYoungGen: 233230K->1608K(236032K)] 567773K->336572K(714240K), 0.0047723 secs] [Times: user=0.01 sys=0.00, real=0.01 secs] 
2024-07-05T02:39:17.730+0800: 6666.441: [GC (Allocation Failure) [PSYoungGen: 235080K->1266K(236032K)] 570044K->336580K(714240K), 0.0029204 secs] [Times: user=0.00 sys=0.00, real=0.00 secs] 
2024-07-05T02:39:18.069+0800: 6666.780: [GC (Allocation Failure) [PSYoungGen: 234738K->1029K(236032K)] 570052K->336343K(714240K), 0.0041839 secs] [Times: user=0.00 sys=0.00, real=0.00 secs] 
2024-07-05T02:39:18.416+0800: 6667.127: [GC (Allocation Failure) [PSYoungGen: 234501K->2201K(236032K)] 569815K->337523K(714240K), 0.0041849 secs] [Times: user=0.00 sys=0.00, real=0.00 secs] 
2024-07-05T02:39:18.790+0800: 6667.500: [GC (Allocation Failure) [PSYoungGen: 235673K->1157K(236032K)] 570995K->337536K(714240K), 0.0057464 secs] [Times: user=0.01 sys=0.00, real=0.01 secs] 
2024-07-05T02:39:19.184+0800: 6667.895: [GC (Allocation Failure) [PSYoungGen: 234629K->1431K(236032K)] 571008K->337874K(714240K), 0.0048439 secs] [Times: user=0.01 sys=0.00, real=0.01 secs] 
2024-07-05T02:39:19.516+0800: 6668.226: [GC (Allocation Failure) [PSYoungGen: 234903K->2144K(235008K)] 571346K->338643K(713216K), 0.0045378 secs] [Times: user=0.01 sys=0.00, real=0.00 secs] 
2024-07-05T02:39:19.871+0800: 6668.582: [GC (Allocation Failure) [PSYoungGen: 234592K->1445K(235520K)] 571091K->338699K(713728K), 0.0037607 secs] [Times: user=0.01 sys=0.00, real=0.01 secs] 
2024-07-05T02:39:20.295+0800: 6669.006: [GC (Allocation Failure) [PSYoungGen: 233893K->1477K(235520K)] 571147K->338731K(713728K), 0.0034779 secs] [Times: user=0.00 sys=0.00, real=0.00 secs] 
2024-07-05T02:39:20.667+0800: 6669.378: [GC (Allocation Failure) [PSYoungGen: 234437K->1963K(235520K)] 571691K->339217K(713728K), 0.0029219 secs] [Times: user=0.00 sys=0.00, real=0.00 secs] 
2024-07-05T02:39:21.030+0800: 6669.740: [GC (Allocation Failure) [PSYoungGen: 234923K->1312K(236032K)] 572177K->339320K(714240K), 0.0032251 secs] [Times: user=0.01 sys=0.00, real=0.00 secs] 
2024-07-05T02:39:21.449+0800: 6670.160: [GC (Allocation Failure) [PSYoungGen: 234784K->1381K(236032K)] 572792K->339389K(714240K), 0.0030947 secs] [Times: user=0.01 sys=0.00, real=0.00 secs] 
2024-07-05T02:39:21.814+0800: 6670.525: [GC (Allocation Failure) [PSYoungGen: 234853K->690K(236032K)] 572861K->338699K(714240K), 0.0025300 secs] [Times: user=0.00 sys=0.00, real=0.00 secs] 
2024-07-05T02:39:22.143+0800: 6670.854: [GC (Allocation Failure) [PSYoungGen: 234162K->2155K(236032K)] 572171K->340164K(714240K), 0.0035416 secs] [Times: user=0.01 sys=0.00, real=0.01 secs] 
2024-07-05T02:39:22.581+0800: 6671.291: [GC (Allocation Failure) [PSYoungGen: 235627K->978K(235008K)] 573636K->340052K(713216K), 0.0031448 secs] [Times: user=0.01 sys=0.00, real=0.00 secs] 
2024-07-05T02:39:22.942+0800: 6671.652: [GC (Allocation Failure) [PSYoungGen: 233426K->1413K(235520K)] 572500K->340542K(713728K), 0.0034924 secs] [Times: user=0.01 sys=0.00, real=0.00 secs] 
2024-07-05T02:39:23.296+0800: 6672.007: [GC (Allocation Failure) [PSYoungGen: 233861K->2187K(235008K)] 572990K->341381K(713216K), 0.0042202 secs] [Times: user=0.01 sys=0.00, real=0.00 secs] 
2024-07-05T02:39:23.682+0800: 6672.392: [GC (Allocation Failure) [PSYoungGen: 234635K->1458K(235520K)] 573829K->341402K(713728K), 0.0037058 secs] [Times: user=0.01 sys=0.00, real=0.00 secs] 
2024-07-05T02:39:24.083+0800: 6672.793: [GC (Allocation Failure) [PSYoungGen: 233906K->1477K(235520K)] 573850K->341421K(713728K), 0.0050572 secs] [Times: user=0.01 sys=0.00, real=0.01 secs] 
2024-07-05T02:39:24.450+0800: 6673.161: [GC (Allocation Failure) [PSYoungGen: 234437K->2011K(235520K)] 574381K->341956K(713728K), 0.0031499 secs] [Times: user=0.01 sys=0.00, real=0.00 secs] 
2024-07-05T02:39:24.779+0800: 6673.489: [GC (Allocation Failure) [PSYoungGen: 234971K->1376K(236032K)] 574916K->342074K(714240K), 0.0051660 secs] [Times: user=0.00 sys=0.00, real=0.00 secs] 
2024-07-05T02:39:25.153+0800: 6673.864: [GC (Allocation Failure) [PSYoungGen: 234848K->1381K(236032K)] 575546K->342080K(714240K), 0.0032208 secs] [Times: user=0.00 sys=0.00, real=0.01 secs] 
2024-07-05T02:39:25.538+0800: 6674.249: [GC (Allocation Failure) [PSYoungGen: 234853K->754K(236032K)] 575552K->341453K(714240K), 0.0029562 secs] [Times: user=0.00 sys=0.00, real=0.00 secs] 
2024-07-05T02:39:25.856+0800: 6674.567: [GC (Allocation Failure) [PSYoungGen: 234226K->2089K(236032K)] 574925K->342788K(714240K), 0.0033679 secs] [Times: user=0.00 sys=0.00, real=0.00 secs] 
2024-07-05T02:39:26.256+0800: 6674.967: [GC (Allocation Failure) [PSYoungGen: 235561K->1106K(236032K)] 576260K->342870K(714240K), 0.0038912 secs] [Times: user=0.01 sys=0.00, real=0.00 secs] 
2024-07-05T02:39:26.657+0800: 6675.367: [GC (Allocation Failure) [PSYoungGen: 234578K->1413K(236032K)] 576342K->343257K(714240K), 0.0035617 secs] [Times: user=0.00 sys=0.00, real=0.00 secs] 
2024-07-05T02:39:27.004+0800: 6675.715: [GC (Allocation Failure) [PSYoungGen: 234885K->2219K(235008K)] 576729K->344104K(713216K), 0.0038676 secs] [Times: user=0.00 sys=0.00, real=0.01 secs] 
2024-07-05T02:39:27.369+0800: 6676.080: [GC (Allocation Failure) [PSYoungGen: 234667K->1504K(235520K)] 576552K->344142K(713728K), 0.0041172 secs] [Times: user=0.01 sys=0.00, real=0.00 secs] 
2024-07-05T02:39:27.805+0800: 6676.515: [GC (Allocation Failure) [PSYoungGen: 233952K->1413K(235520K)] 576590K->344052K(713728K), 0.0034417 secs] [Times: user=0.00 sys=0.00, real=0.01 secs] 
2024-07-05T02:39:28.183+0800: 6676.894: [GC (Allocation Failure) [PSYoungGen: 234373K->2075K(235520K)] 577012K->344714K(713728K), 0.0032092 secs] [Times: user=0.01 sys=0.00, real=0.01 secs] 
2024-07-05T02:39:28.511+0800: 6677.221: [GC (Allocation Failure) [PSYoungGen: 235035K->1381K(235520K)] 577674K->344778K(713728K), 0.0051006 secs] [Times: user=0.01 sys=0.00, real=0.01 secs] 
2024-07-05T02:39:28.966+0800: 6677.677: [GC (Allocation Failure) [PSYoungGen: 234341K->1413K(235520K)] 577738K->344810K(713728K), 0.0038218 secs] [Times: user=0.01 sys=0.00, real=0.00 secs] 
2024-07-05T02:39:29.360+0800: 6678.070: [GC (Allocation Failure) [PSYoungGen: 234373K->800K(236032K)] 577770K->344197K(714240K), 0.0030198 secs] [Times: user=0.00 sys=0.00, real=0.00 secs] 
2024-07-05T02:39:29.712+0800: 6678.423: [GC (Allocation Failure) [PSYoungGen: 234272K->2091K(236032K)] 577669K->345489K(714240K), 0.0042363 secs] [Times: user=0.01 sys=0.00, real=0.01 secs] 
2024-07-05T02:39:30.098+0800: 6678.808: [GC (Allocation Failure) [PSYoungGen: 235563K->1170K(236032K)] 578961K->345637K(714240K), 0.0037570 secs] [Times: user=0.00 sys=0.00, real=0.00 secs] 
2024-07-05T02:39:30.501+0800: 6679.212: [GC (Allocation Failure) [PSYoungGen: 234642K->1367K(236032K)] 579109K->345922K(714240K), 0.0036774 secs] [Times: user=0.01 sys=0.00, real=0.00 secs] 
2024-07-05T02:39:30.847+0800: 6679.558: [GC (Allocation Failure) [PSYoungGen: 234839K->2283K(235008K)] 579394K->346878K(713216K), 0.0040624 secs] [Times: user=0.01 sys=0.00, real=0.00 secs] 
2024-07-05T02:39:31.201+0800: 6679.912: [GC (Allocation Failure) [PSYoungGen: 234731K->1458K(235520K)] 579326K->346804K(713728K), 0.0037061 secs] [Times: user=0.01 sys=0.00, real=0.00 secs] 
2024-07-05T02:39:31.606+0800: 6680.317: [GC (Allocation Failure) [PSYoungGen: 233906K->1285K(234496K)] 579252K->346630K(712704K), 0.0048748 secs] [Times: user=0.01 sys=0.00, real=0.00 secs] 
2024-07-05T02:39:31.943+0800: 6680.654: [GC (Allocation Failure) [PSYoungGen: 233733K->2123K(235008K)] 579078K->347477K(713216K), 0.0032817 secs] [Times: user=0.01 sys=0.00, real=0.01 secs] 
2024-07-05T02:39:32.311+0800: 6681.022: [GC (Allocation Failure) [PSYoungGen: 234571K->1413K(235520K)] 579925K->347517K(713728K), 0.0041330 secs] [Times: user=0.01 sys=0.00, real=0.01 secs] 
2024-07-05T02:39:32.760+0800: 6681.471: [GC (Allocation Failure) [PSYoungGen: 233861K->1445K(233984K)] 579965K->347549K(712192K), 0.0034903 secs] [Times: user=0.00 sys=0.00, real=0.00 secs] 
2024-07-05T02:39:33.123+0800: 6681.834: [GC (Allocation Failure) [PSYoungGen: 233893K->1055K(235008K)] 579997K->347159K(713216K), 0.0025023 secs] [Times: user=0.00 sys=0.00, real=0.01 secs] 
2024-07-05T02:39:33.446+0800: 6682.157: [GC (Allocation Failure) [PSYoungGen: 233503K->1404K(235008K)] 579607K->348145K(713216K), 0.0030599 secs] [Times: user=0.01 sys=0.00, real=0.00 secs] 
2024-07-05T02:39:33.829+0800: 6682.539: [GC (Allocation Failure) [PSYoungGen: 233852K->1285K(236032K)] 580593K->348147K(714240K), 0.0030020 secs] [Times: user=0.00 sys=0.00, real=0.00 secs] 
2024-07-05T02:39:34.176+0800: 6682.887: [GC (Allocation Failure) [PSYoungGen: 234757K->1061K(236032K)] 581619K->347923K(714240K), 0.0036714 secs] [Times: user=0.00 sys=0.00, real=0.00 secs] 
2024-07-05T02:39:34.516+0800: 6683.226: [GC (Allocation Failure) [PSYoungGen: 234533K->2214K(236032K)] 581395K->349077K(714240K), 0.0072168 secs] [Times: user=0.00 sys=0.00, real=0.00 secs] 
2024-07-05T02:39:34.882+0800: 6683.593: [GC (Allocation Failure) [PSYoungGen: 235686K->1074K(236032K)] 582549K->348986K(714240K), 0.0050484 secs] [Times: user=0.01 sys=0.00, real=0.01 secs] 
2024-07-05T02:39:35.282+0800: 6683.992: [GC (Allocation Failure) [PSYoungGen: 234546K->1202K(236032K)] 582458K->349489K(714240K), 0.0039078 secs] [Times: user=0.01 sys=0.01, real=0.00 secs] 
2024-07-05T02:39:35.677+0800: 6684.388: [GC (Allocation Failure) [PSYoungGen: 234674K->2203K(236032K)] 582961K->350650K(714240K), 0.0067838 secs] [Times: user=0.02 sys=0.00, real=0.00 secs] 
2024-07-05T02:39:36.110+0800: 6684.821: [GC (Allocation Failure) [PSYoungGen: 235675K->1445K(236032K)] 584122K->350670K(714240K), 0.0037822 secs] [Times: user=0.00 sys=0.00, real=0.01 secs] 
2024-07-05T02:39:36.550+0800: 6685.260: [GC (Allocation Failure) [PSYoungGen: 234917K->1477K(236032K)] 584142K->350702K(714240K), 0.0036678 secs] [Times: user=0.00 sys=0.00, real=0.00 secs] 
2024-07-05T02:39:36.865+0800: 6685.576: [GC (Allocation Failure) [PSYoungGen: 234949K->2038K(236032K)] 584174K->351263K(714240K), 0.0031029 secs] [Times: user=0.01 sys=0.00, real=0.01 secs] 
2024-07-05T02:39:37.209+0800: 6685.920: [GC (Allocation Failure) [PSYoungGen: 235510K->1317K(236032K)] 584735K->351297K(714240K), 0.0032669 secs] [Times: user=0.00 sys=0.00, real=0.00 secs] 
2024-07-05T02:39:37.602+0800: 6686.312: [GC (Allocation Failure) [PSYoungGen: 234789K->1381K(236032K)] 584769K->351361K(714240K), 0.0031211 secs] [Times: user=0.01 sys=0.00, real=0.00 secs] 
2024-07-05T02:39:37.942+0800: 6686.653: [GC (Allocation Failure) [PSYoungGen: 234853K->722K(236032K)] 584833K->350702K(714240K), 0.0027580 secs] [Times: user=0.00 sys=0.00, real=0.00 secs] 
2024-07-05T02:39:38.263+0800: 6686.974: [GC (Allocation Failure) [PSYoungGen: 234194K->2171K(235008K)] 584174K->352151K(713216K), 0.0036835 secs] [Times: user=0.00 sys=0.00, real=0.01 secs] 
2024-07-05T02:39:38.643+0800: 6687.354: [GC (Allocation Failure) [PSYoungGen: 234619K->1120K(235520K)] 584599K->352173K(713728K), 0.0050501 secs] [Times: user=0.01 sys=0.00, real=0.01 secs] 
2024-07-05T02:39:38.992+0800: 6687.703: [GC (Allocation Failure) [PSYoungGen: 233568K->1431K(234496K)] 584621K->352557K(712704K), 0.0035848 secs] [Times: user=0.00 sys=0.00, real=0.01 secs] 
2024-07-05T02:39:39.298+0800: 6688.009: [GC (Allocation Failure) [PSYoungGen: 233879K->2201K(235008K)] 585005K->353374K(713216K), 0.0037913 secs] [Times: user=0.01 sys=0.00, real=0.00 secs] 
2024-07-05T02:39:39.662+0800: 6688.372: [GC (Allocation Failure) [PSYoungGen: 234649K->1490K(235520K)] 585822K->353410K(713728K), 0.0041156 secs] [Times: user=0.01 sys=0.00, real=0.01 secs] 
2024-07-05T02:39:40.073+0800: 6688.784: [GC (Allocation Failure) [PSYoungGen: 234450K->1509K(235520K)] 586370K->353429K(713728K), 0.0040424 secs] [Times: user=0.01 sys=0.00, real=0.01 secs] 
2024-07-05T02:39:40.434+0800: 6689.145: [GC (Allocation Failure) [PSYoungGen: 234469K->2027K(236032K)] 586389K->353947K(714240K), 0.0034748 secs] [Times: user=0.00 sys=0.00, real=0.00 secs] 
2024-07-05T02:39:40.797+0800: 6689.508: [GC (Allocation Failure) [PSYoungGen: 235499K->1335K(236032K)] 587419K->354014K(714240K), 0.0057907 secs] [Times: user=0.00 sys=0.00, real=0.00 secs] 
2024-07-05T02:39:41.208+0800: 6689.919: [GC (Allocation Failure) [PSYoungGen: 234807K->1381K(236032K)] 587486K->354059K(714240K), 0.0034239 secs] [Times: user=0.00 sys=0.00, real=0.00 secs] 
2024-07-05T02:39:41.526+0800: 6690.237: [GC (Allocation Failure) [PSYoungGen: 234853K->754K(236032K)] 587531K->353433K(714240K), 0.0033401 secs] [Times: user=0.01 sys=0.00, real=0.00 secs] 
2024-07-05T02:39:41.847+0800: 6690.557: [GC (Allocation Failure) [PSYoungGen: 234226K->2090K(235008K)] 586905K->354777K(713216K), 0.0035498 secs] [Times: user=0.01 sys=0.00, real=0.00 secs] 
2024-07-05T02:39:42.251+0800: 6690.962: [GC (Allocation Failure) [PSYoungGen: 234538K->1042K(235520K)] 587225K->354798K(713728K), 0.0035349 secs] [Times: user=0.01 sys=0.00, real=0.01 secs] 
2024-07-05T02:39:42.657+0800: 6691.367: [GC (Allocation Failure) [PSYoungGen: 233490K->1362K(234496K)] 587246K->355190K(712704K), 0.0036970 secs] [Times: user=0.00 sys=0.00, real=0.00 secs] 
2024-07-05T02:39:43.023+0800: 6691.734: [GC (Allocation Failure) [PSYoungGen: 233810K->2139K(235008K)] 587638K->356023K(713216K), 0.0035885 secs] [Times: user=0.00 sys=0.00, real=0.01 secs] 
2024-07-05T02:39:43.384+0800: 6692.095: [GC (Allocation Failure) [PSYoungGen: 234587K->1106K(235520K)] 588471K->356031K(713728K), 0.0045955 secs] [Times: user=0.00 sys=0.00, real=0.01 secs] 
2024-07-05T02:39:43.776+0800: 6692.486: [GC (Allocation Failure) [PSYoungGen: 233554K->1509K(233984K)] 588479K->356514K(712192K), 0.0046934 secs] [Times: user=0.01 sys=0.00, real=0.00 secs] 
2024-07-05T02:39:44.118+0800: 6692.829: [GC (Allocation Failure) [PSYoungGen: 233957K->2089K(234496K)] 588962K->357158K(712704K), 0.0035010 secs] [Times: user=0.00 sys=0.00, real=0.00 secs] 
2024-07-05T02:39:44.460+0800: 6693.171: [GC (Allocation Failure) [PSYoungGen: 234025K->1394K(235008K)] 589094K->357222K(713216K), 0.0035777 secs] [Times: user=0.00 sys=0.00, real=0.00 secs] 
2024-07-05T02:39:44.854+0800: 6693.565: [GC (Allocation Failure) [PSYoungGen: 233330K->1413K(235520K)] 589158K->357240K(713728K), 0.0034006 secs] [Times: user=0.01 sys=0.00, real=0.00 secs] 
2024-07-05T02:39:45.256+0800: 6693.967: [GC (Allocation Failure) [PSYoungGen: 234373K->416K(235520K)] 590200K->356243K(713728K), 0.0027972 secs] [Times: user=0.01 sys=0.00, real=0.00 secs] 
2024-07-05T02:39:45.592+0800: 6694.303: [GC (Allocation Failure) [PSYoungGen: 233376K->2091K(235008K)] 589203K->357919K(713216K), 0.0036883 secs] [Times: user=0.01 sys=0.00, real=0.01 secs] 
2024-07-05T02:39:46.003+0800: 6694.713: [GC (Allocation Failure) [PSYoungGen: 234539K->1056K(235520K)] 590367K->357956K(713728K), 0.0076059 secs] [Times: user=0.01 sys=0.00, real=0.01 secs] 
2024-07-05T02:39:46.371+0800: 6695.082: [GC (Allocation Failure) [PSYoungGen: 233504K->1157K(235520K)] 590404K->358420K(713728K), 0.0037315 secs] [Times: user=0.01 sys=0.00, real=0.01 secs] 
2024-07-05T02:39:46.693+0800: 6695.403: [GC (Allocation Failure) [PSYoungGen: 233605K->2283K(235520K)] 590868K->359683K(713728K), 0.0041274 secs] [Times: user=0.01 sys=0.00, real=0.01 secs] 
2024-07-05T02:39:47.040+0800: 6695.750: [GC (Allocation Failure) [PSYoungGen: 234731K->1440K(235520K)] 592131K->359630K(713728K), 0.0048428 secs] [Times: user=0.01 sys=0.00, real=0.00 secs] 
2024-07-05T02:39:47.431+0800: 6696.142: [GC (Allocation Failure) [PSYoungGen: 233888K->1317K(235520K)] 592078K->359507K(713728K), 0.0059478 secs] [Times: user=0.01 sys=0.00, real=0.01 secs] 
2024-07-05T02:39:47.808+0800: 6696.519: [GC (Allocation Failure) [PSYoungGen: 233765K->2102K(235520K)] 591955K->360292K(713728K), 0.0033999 secs] [Times: user=0.00 sys=0.00, real=0.00 secs] 
2024-07-05T02:39:48.162+0800: 6696.873: [GC (Allocation Failure) [PSYoungGen: 234550K->1394K(235520K)] 592740K->360343K(713728K), 0.0054300 secs] [Times: user=0.01 sys=0.00, real=0.01 secs] 
2024-07-05T02:39:48.540+0800: 6697.250: [GC (Allocation Failure) [PSYoungGen: 233842K->1413K(234496K)] 592791K->360362K(712704K), 0.0034380 secs] [Times: user=0.01 sys=0.00, real=0.00 secs] 
2024-07-05T02:39:48.899+0800: 6697.610: [GC (Allocation Failure) [PSYoungGen: 233861K->815K(235008K)] 592810K->359764K(713216K), 0.0025622 secs] [Times: user=0.01 sys=0.00, real=0.00 secs] 
2024-07-05T02:39:49.223+0800: 6697.933: [GC (Allocation Failure) [PSYoungGen: 233263K->1736K(236032K)] 592212K->361102K(714240K), 0.0036347 secs] [Times: user=0.00 sys=0.00, real=0.01 secs] 
2024-07-05T02:39:49.590+0800: 6698.301: [GC (Allocation Failure) [PSYoungGen: 235208K->1312K(236032K)] 594574K->361019K(714240K), 0.0049375 secs] [Times: user=0.01 sys=0.00, real=0.01 secs] 
2024-07-05T02:39:49.926+0800: 6698.637: [GC (Allocation Failure) [PSYoungGen: 234784K->1029K(236032K)] 594491K->360736K(714240K), 0.0049264 secs] [Times: user=0.00 sys=0.00, real=0.00 secs] 
2024-07-05T02:39:50.244+0800: 6698.955: [GC (Allocation Failure) [PSYoungGen: 234501K->2217K(236032K)] 594208K->361924K(714240K), 0.0042365 secs] [Times: user=0.01 sys=0.00, real=0.01 secs] 
2024-07-05T02:39:50.640+0800: 6699.351: [GC (Allocation Failure) [PSYoungGen: 235689K->1138K(235008K)] 595396K->361903K(713216K), 0.0037955 secs] [Times: user=0.00 sys=0.00, real=0.00 secs] 
2024-07-05T02:39:50.985+0800: 6699.696: [GC (Allocation Failure) [PSYoungGen: 233586K->1381K(235520K)] 594351K->362217K(713728K), 0.0036375 secs] [Times: user=0.00 sys=0.00, real=0.01 secs] 
2024-07-05T02:39:51.307+0800: 6700.018: [GC (Allocation Failure) [PSYoungGen: 233829K->2139K(235008K)] 594665K->363032K(713216K), 0.0036558 secs] [Times: user=0.00 sys=0.00, real=0.00 secs] 
2024-07-05T02:39:51.654+0800: 6700.365: [GC (Allocation Failure) [PSYoungGen: 234587K->1445K(235520K)] 595480K->363092K(713728K), 0.0038639 secs] [Times: user=0.01 sys=0.00, real=0.00 secs] 
2024-07-05T02:39:52.054+0800: 6700.765: [GC (Allocation Failure) [PSYoungGen: 233893K->1445K(235520K)] 595540K->363092K(713728K), 0.0037156 secs] [Times: user=0.01 sys=0.00, real=0.00 secs] 
2024-07-05T02:39:52.414+0800: 6701.125: [GC (Allocation Failure) [PSYoungGen: 234405K->1601K(235520K)] 596052K->363248K(713728K), 0.0034133 secs] [Times: user=0.01 sys=0.00, real=0.00 secs] 
2024-07-05T02:39:52.744+0800: 6701.455: [GC (Allocation Failure) [PSYoungGen: 234561K->1370K(236032K)] 596208K->363715K(714240K), 0.0033428 secs] [Times: user=0.00 sys=0.00, real=0.01 secs] 
2024-07-05T02:39:53.124+0800: 6701.834: [GC (Allocation Failure) [PSYoungGen: 234842K->1317K(236032K)] 597187K->363723K(714240K), 0.0040987 secs] [Times: user=0.01 sys=0.00, real=0.01 secs] 
2024-07-05T02:39:53.466+0800: 6702.177: [GC (Allocation Failure) [PSYoungGen: 234789K->690K(236032K)] 597195K->363096K(714240K), 0.0027067 secs] [Times: user=0.00 sys=0.00, real=0.00 secs] 
2024-07-05T02:39:53.787+0800: 6702.498: [GC (Allocation Failure) [PSYoungGen: 234162K->2121K(236032K)] 596568K->364527K(714240K), 0.0035541 secs] [Times: user=0.00 sys=0.00, real=0.00 secs] 
2024-07-05T02:39:54.160+0800: 6702.870: [GC (Allocation Failure) [PSYoungGen: 235593K->1170K(236032K)] 597999K->364633K(714240K), 0.0050017 secs] [Times: user=0.01 sys=0.00, real=0.00 secs] 
2024-07-05T02:39:54.531+0800: 6703.242: [GC (Allocation Failure) [PSYoungGen: 234642K->1399K(236032K)] 598105K->364943K(714240K), 0.0037356 secs] [Times: user=0.00 sys=0.00, real=0.01 secs] 
2024-07-05T02:39:54.853+0800: 6703.564: [GC (Allocation Failure) [PSYoungGen: 234871K->2185K(236032K)] 598415K->365776K(714240K), 0.0038653 secs] [Times: user=0.01 sys=0.00, real=0.01 secs] 
2024-07-05T02:39:55.231+0800: 6703.942: [GC (Allocation Failure) [PSYoungGen: 235657K->1458K(236032K)] 599248K->365804K(714240K), 0.0040582 secs] [Times: user=0.01 sys=0.00, real=0.01 secs] 
2024-07-05T02:39:55.613+0800: 6704.323: [GC (Allocation Failure) [PSYoungGen: 234930K->1477K(236032K)] 599276K->365823K(714240K), 0.0043631 secs] [Times: user=0.01 sys=0.00, real=0.01 secs] 
2024-07-05T02:39:55.950+0800: 6704.660: [GC (Allocation Failure) [PSYoungGen: 234949K->2011K(236032K)] 599295K->366365K(714240K), 0.0032256 secs] [Times: user=0.01 sys=0.00, real=0.00 secs] 
2024-07-05T02:39:56.285+0800: 6704.996: [GC (Allocation Failure) [PSYoungGen: 235483K->1362K(236032K)] 599837K->366467K(714240K), 0.0034989 secs] [Times: user=0.00 sys=0.00, real=0.01 secs] 
2024-07-05T02:39:56.706+0800: 6705.417: [GC (Allocation Failure) [PSYoungGen: 234834K->1413K(236032K)] 599939K->366517K(714240K), 0.0032614 secs] [Times: user=0.00 sys=0.00, real=0.00 secs] 
2024-07-05T02:39:57.081+0800: 6705.792: [GC (Allocation Failure) [PSYoungGen: 234885K->352K(236032K)] 599989K->365456K(714240K), 0.0024647 secs] [Times: user=0.00 sys=0.00, real=0.00 secs] 
2024-07-05T02:39:57.425+0800: 6706.136: [GC (Allocation Failure) [PSYoungGen: 233824K->2185K(236032K)] 598928K->367289K(714240K), 0.0037780 secs] [Times: user=0.01 sys=0.00, real=0.01 secs] 
2024-07-05T02:39:57.800+0800: 6706.510: [GC (Allocation Failure) [PSYoungGen: 235657K->1426K(236032K)] 600761K->367285K(714240K), 0.0038129 secs] [Times: user=0.01 sys=0.00, real=0.00 secs] 
2024-07-05T02:39:58.182+0800: 6706.893: [GC (Allocation Failure) [PSYoungGen: 234898K->1413K(236032K)] 600757K->367272K(714240K), 0.0034501 secs] [Times: user=0.00 sys=0.00, real=0.01 secs] 
2024-07-05T02:39:58.525+0800: 6707.236: [GC (Allocation Failure) [PSYoungGen: 234885K->2217K(235008K)] 600744K->368076K(713216K), 0.0038227 secs] [Times: user=0.01 sys=0.00, real=0.01 secs] 
2024-07-05T02:39:58.910+0800: 6707.621: [GC (Allocation Failure) [PSYoungGen: 234665K->1394K(235520K)] 600524K->368000K(713728K), 0.0038060 secs] [Times: user=0.01 sys=0.00, real=0.01 secs] 
2024-07-05T02:39:59.301+0800: 6708.012: [GC (Allocation Failure) [PSYoungGen: 233842K->1317K(235520K)] 600448K->367923K(713728K), 0.0033398 secs] [Times: user=0.00 sys=0.00, real=0.00 secs] 
2024-07-05T02:39:59.654+0800: 6708.365: [GC (Allocation Failure) [PSYoungGen: 234277K->2091K(235520K)] 600883K->368697K(713728K), 0.0053890 secs] [Times: user=0.01 sys=0.00, real=0.00 secs] 
2024-07-05T02:40:00.053+0800: 6708.764: [GC (Allocation Failure) [PSYoungGen: 235051K->1381K(235520K)] 601657K->368741K(713728K), 0.0040758 secs] [Times: user=0.00 sys=0.00, real=0.01 secs] 
2024-07-05T02:40:00.454+0800: 6709.165: [GC (Allocation Failure) [PSYoungGen: 234341K->1413K(235520K)] 601701K->368773K(713728K), 0.0034266 secs] [Times: user=0.01 sys=0.00, real=0.00 secs] 
2024-07-05T02:40:00.800+0800: 6709.511: [GC (Allocation Failure) [PSYoungGen: 234373K->416K(236032K)] 601733K->367776K(714240K), 0.0026947 secs] [Times: user=0.01 sys=0.00, real=0.00 secs] 
2024-07-05T02:40:01.119+0800: 6709.830: [GC (Allocation Failure) [PSYoungGen: 233888K->1993K(235520K)] 601248K->369353K(713728K), 0.0032099 secs] [Times: user=0.01 sys=0.00, real=0.00 secs] 
2024-07-05T02:40:01.488+0800: 6710.199: [GC (Allocation Failure) [PSYoungGen: 235465K->1248K(235520K)] 602825K->369359K(713728K), 0.0038233 secs] [Times: user=0.01 sys=0.00, real=0.00 secs] 
2024-07-05T02:40:01.897+0800: 6710.608: [GC (Allocation Failure) [PSYoungGen: 233696K->1029K(233984K)] 601807K->369140K(712192K), 0.0035749 secs] [Times: user=0.01 sys=0.00, real=0.00 secs] 
2024-07-05T02:40:02.287+0800: 6710.998: [GC (Allocation Failure) [PSYoungGen: 233477K->2265K(234496K)] 601588K->370376K(712704K), 0.0041972 secs] [Times: user=0.01 sys=0.00, real=0.00 secs] 
2024-07-05T02:40:02.670+0800: 6711.381: [GC (Allocation Failure) [PSYoungGen: 234201K->1458K(235008K)] 602312K->370320K(713216K), 0.0040219 secs] [Times: user=0.01 sys=0.00, real=0.01 secs] 
2024-07-05T02:40:03.101+0800: 6711.811: [GC (Allocation Failure) [PSYoungGen: 233394K->1349K(234496K)] 602256K->370211K(712704K), 0.0052024 secs] [Times: user=0.00 sys=0.00, real=0.01 secs] 
2024-07-05T02:40:03.450+0800: 6712.160: [GC (Allocation Failure) [PSYoungGen: 233797K->2155K(235008K)] 602659K->371017K(713216K), 0.0050490 secs] [Times: user=0.01 sys=0.00, real=0.01 secs] 
2024-07-05T02:40:03.819+0800: 6712.530: [GC (Allocation Failure) [PSYoungGen: 234603K->1413K(235520K)] 603465K->371029K(713728K), 0.0039051 secs] [Times: user=0.01 sys=0.00, real=0.00 secs] 
2024-07-05T02:40:04.261+0800: 6712.971: [GC (Allocation Failure) [PSYoungGen: 233861K->1445K(233984K)] 603477K->371061K(712192K), 0.0039165 secs] [Times: user=0.00 sys=0.00, real=0.00 secs] 
2024-07-05T02:40:04.636+0800: 6713.347: [GC (Allocation Failure) [PSYoungGen: 233893K->1228K(235008K)] 603509K->370845K(713216K), 0.0026621 secs] [Times: user=0.01 sys=0.00, real=0.00 secs] 
2024-07-05T02:40:04.964+0800: 6713.675: [GC (Allocation Failure) [PSYoungGen: 233676K->1404K(235008K)] 603293K->371661K(713216K), 0.0040749 secs] [Times: user=0.01 sys=0.00, real=0.01 secs] 
2024-07-05T02:40:05.340+0800: 6714.051: [GC (Allocation Failure) [PSYoungGen: 233852K->1285K(236032K)] 604109K->371656K(714240K), 0.0031232 secs] [Times: user=0.01 sys=0.00, real=0.00 secs] 
2024-07-05T02:40:05.698+0800: 6714.409: [GC (Allocation Failure) [PSYoungGen: 234757K->1061K(236032K)] 605128K->371432K(714240K), 0.0048099 secs] [Times: user=0.00 sys=0.00, real=0.00 secs] 
2024-07-05T02:40:06.025+0800: 6714.735: [GC (Allocation Failure) [PSYoungGen: 234533K->2235K(236032K)] 604904K->372606K(714240K), 0.0046729 secs] [Times: user=0.01 sys=0.00, real=0.01 secs] 
2024-07-05T02:40:06.410+0800: 6715.120: [GC (Allocation Failure) [PSYoungGen: 235707K->1202K(236032K)] 606078K->372623K(714240K), 0.0041182 secs] [Times: user=0.01 sys=0.00, real=0.01 secs] 
2024-07-05T02:40:06.777+0800: 6715.488: [GC (Allocation Failure) [PSYoungGen: 234674K->1381K(236032K)] 606095K->372881K(714240K), 0.0036972 secs] [Times: user=0.01 sys=0.00, real=0.00 secs] 
2024-07-05T02:40:07.124+0800: 6715.835: [GC (Allocation Failure) [PSYoungGen: 234853K->2185K(236032K)] 606353K->373741K(714240K), 0.0037933 secs] [Times: user=0.01 sys=0.00, real=0.01 secs] 
2024-07-05T02:40:07.482+0800: 6716.193: [GC (Allocation Failure) [PSYoungGen: 235657K->1477K(236032K)] 607213K->373788K(714240K), 0.0039530 secs] [Times: user=0.01 sys=0.00, real=0.01 secs] 
2024-07-05T02:40:07.888+0800: 6716.599: [GC (Allocation Failure) [PSYoungGen: 234949K->1477K(236032K)] 607260K->373788K(714240K), 0.0043501 secs] [Times: user=0.01 sys=0.00, real=0.00 secs] 
2024-07-05T02:40:08.226+0800: 6716.937: [GC (Allocation Failure) [PSYoungGen: 234949K->2022K(236032K)] 607260K->374333K(714240K), 0.0031361 secs] [Times: user=0.01 sys=0.00, real=0.00 secs] 
2024-07-05T02:40:08.562+0800: 6717.273: [GC (Allocation Failure) [PSYoungGen: 235494K->1349K(236032K)] 607805K->374410K(714240K), 0.0036589 secs] [Times: user=0.00 sys=0.00, real=0.01 secs] 
2024-07-05T02:40:09.021+0800: 6717.731: [GC (Allocation Failure) [PSYoungGen: 234821K->1349K(236032K)] 607882K->374410K(714240K), 0.0032485 secs] [Times: user=0.01 sys=0.00, real=0.00 secs] 
2024-07-05T02:40:09.434+0800: 6718.145: [GC (Allocation Failure) [PSYoungGen: 234821K->1106K(236032K)] 607882K->374168K(714240K), 0.0031854 secs] [Times: user=0.01 sys=0.00, real=0.00 secs] 
2024-07-05T02:40:09.771+0800: 6718.481: [GC (Allocation Failure) [PSYoungGen: 234578K->2171K(236032K)] 607640K->375233K(714240K), 0.0051288 secs] [Times: user=0.01 sys=0.00, real=0.01 secs] 
2024-07-05T02:40:10.154+0800: 6718.865: [GC (Allocation Failure) [PSYoungGen: 235643K->1088K(236032K)] 608705K->375214K(714240K), 0.0040216 secs] [Times: user=0.01 sys=0.00, real=0.00 secs] 
2024-07-05T02:40:10.538+0800: 6719.249: [GC (Allocation Failure) [PSYoungGen: 234560K->1408K(236032K)] 608686K->375606K(714240K), 0.0034919 secs] [Times: user=0.01 sys=0.00, real=0.00 secs] 
2024-07-05T02:40:10.922+0800: 6719.633: [GC (Allocation Failure) [PSYoungGen: 234880K->2102K(236032K)] 609078K->376349K(714240K), 0.0036655 secs] [Times: user=0.01 sys=0.00, real=0.01 secs] 
2024-07-05T02:40:11.284+0800: 6719.994: [GC (Allocation Failure) [PSYoungGen: 235574K->1189K(236032K)] 609821K->376497K(714240K), 0.0074150 secs] [Times: user=0.01 sys=0.00, real=0.01 secs] 
2024-07-05T02:40:11.680+0800: 6720.391: [GC (Allocation Failure) [PSYoungGen: 234661K->1477K(236032K)] 609969K->376849K(714240K), 0.0044020 secs] [Times: user=0.01 sys=0.00, real=0.00 secs] 
2024-07-05T02:40:12.035+0800: 6720.746: [GC (Allocation Failure) [PSYoungGen: 234949K->2075K(236032K)] 610321K->377520K(714240K), 0.0036045 secs] [Times: user=0.01 sys=0.00, real=0.00 secs] 
2024-07-05T02:40:12.367+0800: 6721.078: [GC (Allocation Failure) [PSYoungGen: 235547K->1394K(236032K)] 610992K->377593K(714240K), 0.0044104 secs] [Times: user=0.01 sys=0.00, real=0.00 secs] 
2024-07-05T02:40:12.769+0800: 6721.480: [GC (Allocation Failure) [PSYoungGen: 234866K->1413K(236032K)] 611065K->377612K(714240K), 0.0037244 secs] [Times: user=0.01 sys=0.00, real=0.00 secs] 
2024-07-05T02:40:13.131+0800: 6721.841: [GC (Allocation Failure) [PSYoungGen: 234885K->416K(236032K)] 611084K->376614K(714240K), 0.0026118 secs] [Times: user=0.00 sys=0.00, real=0.00 secs] 
2024-07-05T02:40:13.449+0800: 6722.159: [GC (Allocation Failure) [PSYoungGen: 233888K->2105K(235008K)] 610086K->378304K(713216K), 0.0035401 secs] [Times: user=0.00 sys=0.00, real=0.00 secs] 
2024-07-05T02:40:13.829+0800: 6722.539: [GC (Allocation Failure) [PSYoungGen: 234553K->1170K(235520K)] 610752K->378446K(713728K), 0.0040675 secs] [Times: user=0.01 sys=0.00, real=0.00 secs] 
2024-07-05T02:40:14.188+0800: 6722.899: [GC (Allocation Failure) [PSYoungGen: 233618K->1042K(234496K)] 610894K->378398K(712704K), 0.0034373 secs] [Times: user=0.01 sys=0.00, real=0.00 secs] 
2024-07-05T02:40:14.520+0800: 6723.231: [GC (Allocation Failure) [PSYoungGen: 233490K->2185K(235008K)] 610846K->379581K(713216K), 0.0037300 secs] [Times: user=0.00 sys=0.00, real=0.00 secs] 
2024-07-05T02:40:14.878+0800: 6723.589: [GC (Allocation Failure) [PSYoungGen: 234633K->1120K(235520K)] 612029K->379581K(713728K), 0.0047284 secs] [Times: user=0.01 sys=0.00, real=0.00 secs] 
2024-07-05T02:40:15.273+0800: 6723.984: [GC (Allocation Failure) [PSYoungGen: 233568K->1408K(233984K)] 612029K->379949K(712192K), 0.0040068 secs] [Times: user=0.01 sys=0.00, real=0.01 secs] 
2024-07-05T02:40:15.662+0800: 6724.373: [GC (Allocation Failure) [PSYoungGen: 233856K->2091K(234496K)] 612397K->380689K(712704K), 0.0066884 secs] [Times: user=0.02 sys=0.00, real=0.01 secs] 
2024-07-05T02:40:16.027+0800: 6724.737: [GC (Allocation Failure) [PSYoungGen: 234027K->1381K(235008K)] 612625K->380729K(713216K), 0.0036780 secs] [Times: user=0.01 sys=0.00, real=0.00 secs] 
2024-07-05T02:40:16.429+0800: 6725.139: [GC (Allocation Failure) [PSYoungGen: 233317K->1413K(234496K)] 612665K->380761K(712704K), 0.0035335 secs] [Times: user=0.01 sys=0.00, real=0.00 secs] 
2024-07-05T02:40:16.779+0800: 6725.489: [GC (Allocation Failure) [PSYoungGen: 233861K->764K(235008K)] 613209K->380112K(713216K), 0.0026624 secs] [Times: user=0.01 sys=0.00, real=0.00 secs] 
2024-07-05T02:40:17.094+0800: 6725.804: [GC (Allocation Failure) [PSYoungGen: 233212K->1608K(236032K)] 612560K->381369K(714240K), 0.0050750 secs] [Times: user=0.00 sys=0.00, real=0.00 secs] 
2024-07-05T02:40:17.462+0800: 6726.173: [GC (Allocation Failure) [PSYoungGen: 235080K->1285K(236032K)] 614841K->381395K(714240K), 0.0045112 secs] [Times: user=0.01 sys=0.00, real=0.01 secs] 
2024-07-05T02:40:17.810+0800: 6726.520: [GC (Allocation Failure) [PSYoungGen: 234757K->658K(236032K)] 614867K->380769K(714240K), 0.0026241 secs] [Times: user=0.00 sys=0.00, real=0.00 secs] 
2024-07-05T02:40:18.130+0800: 6726.840: [GC (Allocation Failure) [PSYoungGen: 234130K->2198K(236032K)] 614241K->382309K(714240K), 0.0045732 secs] [Times: user=0.01 sys=0.00, real=0.01 secs] 
2024-07-05T02:40:18.491+0800: 6727.202: [GC (Allocation Failure) [PSYoungGen: 235670K->1157K(235008K)] 615781K->382321K(713216K), 0.0057801 secs] [Times: user=0.01 sys=0.00, real=0.01 secs] 
2024-07-05T02:40:18.887+0800: 6727.598: [GC (Allocation Failure) [PSYoungGen: 233605K->1399K(235520K)] 614769K->382651K(713728K), 0.0040657 secs] [Times: user=0.01 sys=0.00, real=0.00 secs] 
2024-07-05T02:40:19.238+0800: 6727.949: [GC (Allocation Failure) [PSYoungGen: 233847K->2139K(235008K)] 615099K->383447K(713216K), 0.0037855 secs] [Times: user=0.01 sys=0.00, real=0.00 secs] 
2024-07-05T02:40:19.607+0800: 6728.317: [GC (Allocation Failure) [PSYoungGen: 234587K->1413K(235520K)] 615895K->383471K(713728K), 0.0041382 secs] [Times: user=0.01 sys=0.00, real=0.00 secs] 
2024-07-05T02:40:19.998+0800: 6728.709: [GC (Allocation Failure) [PSYoungGen: 233861K->1477K(235520K)] 615919K->383535K(713728K), 0.0054751 secs] [Times: user=0.01 sys=0.00, real=0.00 secs] 
2024-07-05T02:40:20.328+0800: 6729.039: [GC (Allocation Failure) [PSYoungGen: 234437K->1945K(235520K)] 616495K->384003K(713728K), 0.0032503 secs] [Times: user=0.01 sys=0.00, real=0.00 secs] 
2024-07-05T02:40:20.661+0800: 6729.371: [GC (Allocation Failure) [PSYoungGen: 234905K->1298K(236032K)] 616963K->384107K(714240K), 0.0060470 secs] [Times: user=0.00 sys=0.00, real=0.01 secs] 
2024-07-05T02:40:21.066+0800: 6729.777: [GC (Allocation Failure) [PSYoungGen: 234770K->1349K(236032K)] 617579K->384158K(714240K), 0.0032196 secs] [Times: user=0.01 sys=0.00, real=0.00 secs] 
2024-07-05T02:40:21.406+0800: 6730.117: [GC (Allocation Failure) [PSYoungGen: 234821K->1074K(236032K)] 617630K->383883K(714240K), 0.0032304 secs] [Times: user=0.01 sys=0.00, real=0.00 secs] 
2024-07-05T02:40:21.740+0800: 6730.450: [GC (Allocation Failure) [PSYoungGen: 234546K->2249K(236032K)] 617355K->385058K(714240K), 0.0044063 secs] [Times: user=0.01 sys=0.00, real=0.00 secs] 
2024-07-05T02:40:22.130+0800: 6730.841: [GC (Allocation Failure) [PSYoungGen: 235721K->1074K(236032K)] 618530K->384953K(714240K), 0.0038272 secs] [Times: user=0.01 sys=0.00, real=0.01 secs] 
2024-07-05T02:40:22.486+0800: 6731.197: [GC (Allocation Failure) [PSYoungGen: 234546K->1349K(236032K)] 618425K->385299K(714240K), 0.0035527 secs] [Times: user=0.01 sys=0.00, real=0.00 secs] 
2024-07-05T02:40:22.837+0800: 6731.548: [GC (Allocation Failure) [PSYoungGen: 234821K->2185K(235008K)] 618771K->386183K(713216K), 0.0041621 secs] [Times: user=0.01 sys=0.00, real=0.00 secs] 
2024-07-05T02:40:23.200+0800: 6731.911: [GC (Allocation Failure) [PSYoungGen: 234633K->1490K(235520K)] 618631K->386247K(713728K), 0.0042239 secs] [Times: user=0.01 sys=0.00, real=0.00 secs] 
2024-07-05T02:40:23.592+0800: 6732.303: [GC (Allocation Failure) [PSYoungGen: 233938K->1477K(235520K)] 618695K->386234K(713728K), 0.0038642 secs] [Times: user=0.01 sys=0.00, real=0.01 secs] 
2024-07-05T02:40:23.983+0800: 6732.694: [GC (Allocation Failure) [PSYoungGen: 234437K->2059K(235520K)] 619194K->386817K(713728K), 0.0036055 secs] [Times: user=0.00 sys=0.00, real=0.01 secs] 
2024-07-05T02:40:24.394+0800: 6733.105: [GC (Allocation Failure) [PSYoungGen: 235019K->1362K(236032K)] 619777K->386870K(714240K), 0.0057094 secs] [Times: user=0.01 sys=0.00, real=0.00 secs] 
2024-07-05T02:40:24.886+0800: 6733.597: [GC (Allocation Failure) [PSYoungGen: 234834K->1253K(236032K)] 620342K->386761K(714240K), 0.0036683 secs] [Times: user=0.00 sys=0.00, real=0.00 secs] 
2024-07-05T02:40:25.325+0800: 6734.036: [GC (Allocation Failure) [PSYoungGen: 234725K->768K(236032K)] 620233K->386275K(714240K), 0.0032493 secs] [Times: user=0.01 sys=0.00, real=0.01 secs] 
2024-07-05T02:40:25.706+0800: 6734.417: [GC (Allocation Failure) [PSYoungGen: 234240K->2073K(236032K)] 619747K->387581K(714240K), 0.0038242 secs] [Times: user=0.00 sys=0.00, real=0.00 secs] 
2024-07-05T02:40:26.155+0800: 6734.866: [GC (Allocation Failure) [PSYoungGen: 235545K->1170K(236032K)] 621053K->387715K(714240K), 0.0046466 secs] [Times: user=0.01 sys=0.00, real=0.00 secs] 
2024-07-05T02:40:26.642+0800: 6735.353: [GC (Allocation Failure) [PSYoungGen: 234642K->1413K(236032K)] 621187K->388070K(714240K), 0.0042846 secs] [Times: user=0.01 sys=0.00, real=0.01 secs] 
2024-07-05T02:40:27.052+0800: 6735.763: [GC (Allocation Failure) [PSYoungGen: 234885K->2217K(235008K)] 621542K->388914K(713216K), 0.0046649 secs] [Times: user=0.01 sys=0.00, real=0.01 secs] 
2024-07-05T02:40:27.480+0800: 6736.191: [GC (Allocation Failure) [PSYoungGen: 234665K->1426K(235520K)] 621362K->388878K(713728K), 0.0065303 secs] [Times: user=0.01 sys=0.00, real=0.01 secs] 
2024-07-05T02:40:27.969+0800: 6736.679: [GC (Allocation Failure) [PSYoungGen: 233874K->1349K(235520K)] 621326K->388800K(713728K), 0.0039132 secs] [Times: user=0.01 sys=0.00, real=0.00 secs] 
2024-07-05T02:40:28.383+0800: 6737.093: [GC (Allocation Failure) [PSYoungGen: 234309K->2091K(235520K)] 621760K->389551K(713728K), 0.0039470 secs] [Times: user=0.01 sys=0.00, real=0.01 secs] 
2024-07-05T02:40:28.825+0800: 6737.535: [GC (Allocation Failure) [PSYoungGen: 235051K->1362K(235520K)] 622511K->389572K(713728K), 0.0049064 secs] [Times: user=0.01 sys=0.01, real=0.01 secs] 
2024-07-05T02:40:29.325+0800: 6738.036: [GC (Allocation Failure) [PSYoungGen: 234322K->1317K(235520K)] 622532K->389527K(713728K), 0.0041166 secs] [Times: user=0.01 sys=0.00, real=0.01 secs] 
2024-07-05T02:40:29.728+0800: 6738.439: [GC (Allocation Failure) [PSYoungGen: 234277K->416K(235008K)] 622487K->388626K(713216K), 0.0030630 secs] [Times: user=0.00 sys=0.00, real=0.00 secs] 
2024-07-05T02:40:30.058+0800: 6738.769: [GC (Allocation Failure) [PSYoungGen: 232864K->2107K(235520K)] 621074K->390318K(713728K), 0.0035333 secs] [Times: user=0.01 sys=0.00, real=0.00 secs] 
2024-07-05T02:40:30.458+0800: 6739.169: [GC (Allocation Failure) [PSYoungGen: 234555K->1376K(235520K)] 622766K->390345K(713728K), 0.0060009 secs] [Times: user=0.01 sys=0.00, real=0.00 secs] 
2024-07-05T02:40:30.849+0800: 6739.560: [GC (Allocation Failure) [PSYoungGen: 233824K->965K(235520K)] 622793K->389934K(713728K), 0.0029583 secs] [Times: user=0.00 sys=0.00, real=0.00 secs] 
2024-07-05T02:40:31.163+0800: 6739.873: [GC (Allocation Failure) [PSYoungGen: 233413K->2283K(235520K)] 622382K->391252K(713728K), 0.0040217 secs] [Times: user=0.00 sys=0.00, real=0.01 secs] 
2024-07-05T02:40:31.519+0800: 6740.230: [GC (Allocation Failure) [PSYoungGen: 234731K->1445K(235520K)] 623700K->391164K(713728K), 0.0050143 secs] [Times: user=0.01 sys=0.00, real=0.00 secs] 
2024-07-05T02:40:31.920+0800: 6740.630: [GC (Allocation Failure) [PSYoungGen: 233893K->1170K(235520K)] 623612K->391180K(713728K), 0.0038417 secs] [Times: user=0.01 sys=0.00, real=0.00 secs] 
2024-07-05T02:40:32.357+0800: 6741.067: [GC (Allocation Failure) [PSYoungGen: 233618K->2169K(235520K)] 623628K->392283K(713728K), 0.0044599 secs] [Times: user=0.01 sys=0.00, real=0.00 secs] 
2024-07-05T02:40:32.790+0800: 6741.500: [GC (Allocation Failure) [PSYoungGen: 234617K->1426K(235520K)] 624731K->392327K(713728K), 0.0045759 secs] [Times: user=0.01 sys=0.00, real=0.01 secs] 
2024-07-05T02:40:33.309+0800: 6742.020: [GC (Allocation Failure) [PSYoungGen: 233874K->1413K(233984K)] 624775K->392314K(712192K), 0.0044450 secs] [Times: user=0.01 sys=0.01, real=0.01 secs] 
2024-07-05T02:40:33.750+0800: 6742.461: [GC (Allocation Failure) [PSYoungGen: 233861K->546K(234496K)] 624762K->391447K(712704K), 0.0027490 secs] [Times: user=0.01 sys=0.00, real=0.00 secs] 
2024-07-05T02:40:34.110+0800: 6742.820: [GC (Allocation Failure) [PSYoungGen: 232482K->1510K(235008K)] 623383K->392934K(713216K), 0.0042821 secs] [Times: user=0.01 sys=0.00, real=0.01 secs] 
2024-07-05T02:40:34.525+0800: 6743.236: [GC (Allocation Failure) [PSYoungGen: 233446K->1285K(235520K)] 624870K->392944K(713728K), 0.0059492 secs] [Times: user=0.00 sys=0.00, real=0.01 secs] 
2024-07-05T02:40:35.074+0800: 6743.785: [GC (Allocation Failure) [PSYoungGen: 234245K->1029K(235520K)] 625904K->392688K(713728K), 0.0050883 secs] [Times: user=0.00 sys=0.00, real=0.00 secs] 
2024-07-05T02:40:35.408+0800: 6744.119: [GC (Allocation Failure) [PSYoungGen: 233989K->2169K(235008K)] 625648K->393828K(713216K), 0.0045800 secs] [Times: user=0.01 sys=0.00, real=0.00 secs] 
2024-07-05T02:40:35.782+0800: 6744.493: [GC (Allocation Failure) [PSYoungGen: 234617K->1061K(235520K)] 626276K->393766K(713728K), 0.0037839 secs] [Times: user=0.01 sys=0.00, real=0.01 secs] 
2024-07-05T02:40:36.162+0800: 6744.873: [GC (Allocation Failure) [PSYoungGen: 233509K->1234K(235520K)] 626214K->394314K(713728K), 0.0049930 secs] [Times: user=0.01 sys=0.00, real=0.01 secs] 
2024-07-05T02:40:36.502+0800: 6745.213: [GC (Allocation Failure) [PSYoungGen: 234194K->2155K(235520K)] 627274K->395411K(713728K), 0.0040410 secs] [Times: user=0.01 sys=0.00, real=0.01 secs] 
2024-07-05T02:40:36.841+0800: 6745.552: [GC (Allocation Failure) [PSYoungGen: 235115K->1413K(235520K)] 628371K->395451K(713728K), 0.0041365 secs] [Times: user=0.01 sys=0.00, real=0.00 secs] 
2024-07-05T02:40:37.242+0800: 6745.952: [GC (Allocation Failure) [PSYoungGen: 234373K->1477K(235520K)] 628411K->395515K(713728K), 0.0038100 secs] [Times: user=0.00 sys=0.00, real=0.00 secs] 
2024-07-05T02:40:37.594+0800: 6746.305: [GC (Allocation Failure) [PSYoungGen: 234437K->1958K(236032K)] 628475K->395996K(714240K), 0.0037646 secs] [Times: user=0.01 sys=0.00, real=0.00 secs] 
2024-07-05T02:40:37.933+0800: 6746.644: [GC (Allocation Failure) [PSYoungGen: 235430K->1298K(236032K)] 629468K->396095K(714240K), 0.0035286 secs] [Times: user=0.00 sys=0.00, real=0.01 secs] 
2024-07-05T02:40:38.342+0800: 6747.052: [GC (Allocation Failure) [PSYoungGen: 234770K->1349K(236032K)] 629567K->396145K(714240K), 0.0033662 secs] [Times: user=0.00 sys=0.00, real=0.00 secs] 
2024-07-05T02:40:38.694+0800: 6747.405: [GC (Allocation Failure) [PSYoungGen: 234821K->690K(236032K)] 629617K->395487K(714240K), 0.0032065 secs] [Times: user=0.00 sys=0.00, real=0.00 secs] 
2024-07-05T02:40:39.050+0800: 6747.761: [GC (Allocation Failure) [PSYoungGen: 234162K->2139K(235008K)] 628959K->396936K(713216K), 0.0037671 secs] [Times: user=0.01 sys=0.00, real=0.01 secs] 
2024-07-05T02:40:39.440+0800: 6748.150: [GC (Allocation Failure) [PSYoungGen: 234587K->1202K(235520K)] 629384K->397068K(713728K), 0.0040889 secs] [Times: user=0.00 sys=0.00, real=0.00 secs] 
2024-07-05T02:40:39.846+0800: 6748.557: [GC (Allocation Failure) [PSYoungGen: 233650K->1317K(235520K)] 629516K->397271K(713728K), 0.0035532 secs] [Times: user=0.01 sys=0.00, real=0.00 secs] 
2024-07-05T02:40:40.224+0800: 6748.934: [GC (Allocation Failure) [PSYoungGen: 234277K->2169K(235520K)] 630231K->398163K(713728K), 0.0042271 secs] [Times: user=0.01 sys=0.00, real=0.01 secs] 
2024-07-05T02:40:40.621+0800: 6749.332: [GC (Allocation Failure) [PSYoungGen: 235129K->1477K(235520K)] 631123K->398225K(713728K), 0.0042086 secs] [Times: user=0.00 sys=0.00, real=0.00 secs] 
2024-07-05T02:40:41.020+0800: 6749.731: [GC (Allocation Failure) [PSYoungGen: 234437K->1413K(235520K)] 631185K->398161K(713728K), 0.0036266 secs] [Times: user=0.01 sys=0.00, real=0.00 secs] 
2024-07-05T02:40:41.383+0800: 6750.093: [GC (Allocation Failure) [PSYoungGen: 234373K->2043K(236032K)] 631121K->398800K(714240K), 0.0035807 secs] [Times: user=0.01 sys=0.00, real=0.01 secs] 
2024-07-05T02:40:41.779+0800: 6750.490: [GC (Allocation Failure) [PSYoungGen: 235515K->1362K(236032K)] 632272K->398873K(714240K), 0.0038175 secs] [Times: user=0.01 sys=0.00, real=0.00 secs] 
2024-07-05T02:40:42.226+0800: 6750.937: [GC (Allocation Failure) [PSYoungGen: 234834K->1381K(236032K)] 632345K->398892K(714240K), 0.0037531 secs] [Times: user=0.01 sys=0.00, real=0.00 secs] 
2024-07-05T02:40:42.629+0800: 6751.339: [GC (Allocation Failure) [PSYoungGen: 234853K->736K(236032K)] 632364K->398247K(714240K), 0.0036258 secs] [Times: user=0.01 sys=0.00, real=0.00 secs] 
2024-07-05T02:40:42.957+0800: 6751.668: [GC (Allocation Failure) [PSYoungGen: 234208K->2214K(235008K)] 631719K->399725K(713216K), 0.0040217 secs] [Times: user=0.00 sys=0.00, real=0.00 secs] 
2024-07-05T02:40:43.330+0800: 6752.041: [GC (Allocation Failure) [PSYoungGen: 234662K->1120K(235520K)] 632173K->399700K(713728K), 0.0055068 secs] [Times: user=0.01 sys=0.00, real=0.01 secs] 
2024-07-05T02:40:43.691+0800: 6752.402: [GC (Allocation Failure) [PSYoungGen: 233568K->1317K(234496K)] 632148K->399969K(712704K), 0.0048633 secs] [Times: user=0.01 sys=0.00, real=0.01 secs] 
2024-07-05T02:40:44.015+0800: 6752.726: [GC (Allocation Failure) [PSYoungGen: 233765K->2219K(235008K)] 632417K->400912K(713216K), 0.0048849 secs] [Times: user=0.01 sys=0.00, real=0.00 secs] 
2024-07-05T02:40:44.376+0800: 6753.087: [GC (Allocation Failure) [PSYoungGen: 234667K->1394K(235520K)] 633360K->400841K(713728K), 0.0041576 secs] [Times: user=0.00 sys=0.00, real=0.00 secs] 
2024-07-05T02:40:44.781+0800: 6753.491: [GC (Allocation Failure) [PSYoungGen: 233842K->1029K(235520K)] 633289K->400476K(713728K), 0.0033438 secs] [Times: user=0.01 sys=0.00, real=0.00 secs] 
2024-07-05T02:40:45.106+0800: 6753.817: [GC (Allocation Failure) [PSYoungGen: 233477K->2075K(235520K)] 632924K->401523K(713728K), 0.0037984 secs] [Times: user=0.01 sys=0.00, real=0.00 secs] 
2024-07-05T02:40:45.466+0800: 6754.177: [GC (Allocation Failure) [PSYoungGen: 234523K->1381K(235520K)] 633971K->401579K(713728K), 0.0039252 secs] [Times: user=0.00 sys=0.00, real=0.00 secs] 
2024-07-05T02:40:45.885+0800: 6754.596: [GC (Allocation Failure) [PSYoungGen: 233829K->1413K(234496K)] 634027K->401611K(712704K), 0.0036754 secs] [Times: user=0.01 sys=0.00, real=0.01 secs] 
2024-07-05T02:40:46.234+0800: 6754.945: [GC (Allocation Failure) [PSYoungGen: 233861K->384K(235008K)] 634059K->400581K(713216K), 0.0031792 secs] [Times: user=0.00 sys=0.00, real=0.00 secs] 
2024-07-05T02:40:46.751+0800: 6755.461: [GC (Allocation Failure) [PSYoungGen: 232832K->2105K(235520K)] 633029K->402303K(713728K), 0.0043141 secs] [Times: user=0.01 sys=0.00, real=0.01 secs] 
2024-07-05T02:40:47.346+0800: 6756.056: [GC (Allocation Failure) [PSYoungGen: 234553K->1349K(235520K)] 634751K->402301K(713728K), 0.0056500 secs] [Times: user=0.01 sys=0.00, real=0.00 secs] 
2024-07-05T02:40:47.900+0800: 6756.611: [GC (Allocation Failure) [PSYoungGen: 233797K->1061K(235520K)] 634749K->402312K(713728K), 0.0040478 secs] [Times: user=0.01 sys=0.00, real=0.00 secs] 
2024-07-05T02:40:48.400+0800: 6757.111: [GC (Allocation Failure) [PSYoungGen: 233509K->2270K(235520K)] 634760K->403633K(713728K), 0.0052738 secs] [Times: user=0.01 sys=0.00, real=0.00 secs] 
2024-07-05T02:40:48.966+0800: 6757.677: [GC (Allocation Failure) [PSYoungGen: 234718K->1394K(235520K)] 636081K->403544K(713728K), 0.0046937 secs] [Times: user=0.01 sys=0.00, real=0.00 secs] 
2024-07-05T02:40:49.545+0800: 6758.256: [GC (Allocation Failure) [PSYoungGen: 233842K->1253K(235520K)] 635992K->403693K(713728K), 0.0050016 secs] [Times: user=0.01 sys=0.00, real=0.01 secs] 
2024-07-05T02:40:50.056+0800: 6758.767: [GC (Allocation Failure) [PSYoungGen: 233701K->2123K(235520K)] 636141K->404676K(713728K), 0.0044954 secs] [Times: user=0.01 sys=0.00, real=0.00 secs] 
2024-07-05T02:40:50.604+0800: 6759.315: [GC (Allocation Failure) [PSYoungGen: 234571K->1426K(235520K)] 637124K->404761K(713728K), 0.0047493 secs] [Times: user=0.00 sys=0.00, real=0.01 secs] 
2024-07-05T02:40:51.223+0800: 6759.933: [GC (Allocation Failure) [PSYoungGen: 233874K->1445K(234496K)] 637209K->404780K(712704K), 0.0043451 secs] [Times: user=0.00 sys=0.00, real=0.01 secs] 
2024-07-05T02:40:51.750+0800: 6760.461: [GC (Allocation Failure) [PSYoungGen: 233893K->827K(235008K)] 637228K->404162K(713216K), 0.0029912 secs] [Times: user=0.00 sys=0.00, real=0.00 secs] 
2024-07-05T02:40:52.274+0800: 6760.985: [GC (Allocation Failure) [PSYoungGen: 233275K->1608K(236032K)] 636610K->405360K(714240K), 0.0041122 secs] [Times: user=0.01 sys=0.00, real=0.00 secs] 
2024-07-05T02:40:52.866+0800: 6761.576: [GC (Allocation Failure) [PSYoungGen: 235080K->1266K(236032K)] 638832K->405368K(714240K), 0.0038206 secs] [Times: user=0.01 sys=0.00, real=0.01 secs] 
2024-07-05T02:40:53.415+0800: 6762.126: [GC (Allocation Failure) [PSYoungGen: 234738K->1029K(236032K)] 638840K->405130K(714240K), 0.0043661 secs] [Times: user=0.01 sys=0.00, real=0.00 secs] 
2024-07-05T02:40:53.935+0800: 6762.645: [GC (Allocation Failure) [PSYoungGen: 234501K->2201K(236032K)] 638602K->406302K(714240K), 0.0046315 secs] [Times: user=0.01 sys=0.00, real=0.00 secs] 
2024-07-05T02:40:54.511+0800: 6763.222: [GC (Allocation Failure) [PSYoungGen: 235673K->1125K(236032K)] 639774K->406284K(714240K), 0.0070622 secs] [Times: user=0.01 sys=0.00, real=0.01 secs] 
2024-07-05T02:40:55.090+0800: 6763.801: [GC (Allocation Failure) [PSYoungGen: 234597K->1413K(236032K)] 639756K->406644K(714240K), 0.0045737 secs] [Times: user=0.01 sys=0.00, real=0.01 secs] 
2024-07-05T02:40:55.535+0800: 6764.245: [GC (Allocation Failure) [PSYoungGen: 234885K->2155K(235008K)] 640116K->407450K(713216K), 0.0042203 secs] [Times: user=0.00 sys=0.00, real=0.00 secs] 
2024-07-05T02:40:55.902+0800: 6764.613: [GC (Allocation Failure) [PSYoungGen: 234603K->1413K(235520K)] 639898K->407462K(713728K), 0.0041060 secs] [Times: user=0.01 sys=0.00, real=0.01 secs] 
2024-07-05T02:40:56.322+0800: 6765.033: [GC (Allocation Failure) [PSYoungGen: 233861K->1477K(235520K)] 639910K->407526K(713728K), 0.0052396 secs] [Times: user=0.00 sys=0.00, real=0.01 secs] 
2024-07-05T02:40:56.681+0800: 6765.391: [GC (Allocation Failure) [PSYoungGen: 234437K->1588K(235520K)] 640486K->407637K(713728K), 0.0033007 secs] [Times: user=0.01 sys=0.00, real=0.00 secs] 
2024-07-05T02:40:57.063+0800: 6765.774: [GC (Allocation Failure) [PSYoungGen: 234548K->1370K(236032K)] 640597K->408117K(714240K), 0.0049755 secs] [Times: user=0.01 sys=0.00, real=0.01 secs] 
2024-07-05T02:40:57.471+0800: 6766.182: [GC (Allocation Failure) [PSYoungGen: 234842K->1349K(236032K)] 641589K->408165K(714240K), 0.0033798 secs] [Times: user=0.01 sys=0.00, real=0.01 secs] 
2024-07-05T02:40:57.821+0800: 6766.531: [GC (Allocation Failure) [PSYoungGen: 234821K->690K(236032K)] 641637K->407506K(714240K), 0.0034802 secs] [Times: user=0.01 sys=0.00, real=0.00 secs] 
2024-07-05T02:40:58.185+0800: 6766.896: [GC (Allocation Failure) [PSYoungGen: 234162K->2235K(236032K)] 640978K->409052K(714240K), 0.0044344 secs] [Times: user=0.01 sys=0.00, real=0.01 secs] 
2024-07-05T02:40:58.576+0800: 6767.287: [GC (Allocation Failure) [PSYoungGen: 235707K->1056K(236032K)] 642524K->408941K(714240K), 0.0046129 secs] [Times: user=0.00 sys=0.00, real=0.00 secs] 
2024-07-05T02:40:59.008+0800: 6767.719: [GC (Allocation Failure) [PSYoungGen: 234528K->818K(236032K)] 642413K->409074K(714240K), 0.0035670 secs] [Times: user=0.00 sys=0.00, real=0.00 secs] 
2024-07-05T02:40:59.406+0800: 6768.116: [GC (Allocation Failure) [PSYoungGen: 234290K->2187K(235008K)] 642546K->410588K(713216K), 0.0043644 secs] [Times: user=0.01 sys=0.00, real=0.01 secs] 
2024-07-05T02:40:59.785+0800: 6768.496: [GC (Allocation Failure) [PSYoungGen: 234635K->1074K(235520K)] 643036K->410253K(713728K), 0.0046693 secs] [Times: user=0.00 sys=0.00, real=0.01 secs] 
2024-07-05T02:41:00.200+0800: 6768.910: [GC (Allocation Failure) [PSYoungGen: 233522K->1477K(234496K)] 642701K->410656K(712704K), 0.0052225 secs] [Times: user=0.01 sys=0.00, real=0.00 secs] 
2024-07-05T02:41:00.560+0800: 6769.271: [GC (Allocation Failure) [PSYoungGen: 233925K->2011K(235008K)] 643104K->411190K(713216K), 0.0035335 secs] [Times: user=0.01 sys=0.00, real=0.00 secs] 
2024-07-05T02:41:00.906+0800: 6769.617: [GC (Allocation Failure) [PSYoungGen: 234459K->1344K(235520K)] 643638K->411281K(713728K), 0.0046017 secs] [Times: user=0.01 sys=0.00, real=0.00 secs] 
2024-07-05T02:41:01.311+0800: 6770.022: [GC (Allocation Failure) [PSYoungGen: 234304K->1381K(235520K)] 644241K->411318K(713728K), 0.0036075 secs] [Times: user=0.01 sys=0.00, real=0.01 secs] 
2024-07-05T02:41:01.660+0800: 6770.370: [GC (Allocation Failure) [PSYoungGen: 234341K->722K(236032K)] 644278K->410660K(714240K), 0.0029849 secs] [Times: user=0.00 sys=0.00, real=0.00 secs] 
2024-07-05T02:41:02.043+0800: 6770.753: [GC (Allocation Failure) [PSYoungGen: 234194K->2169K(236032K)] 644132K->412106K(714240K), 0.0044493 secs] [Times: user=0.01 sys=0.00, real=0.01 secs] 
2024-07-05T02:41:02.472+0800: 6771.183: [GC (Allocation Failure) [PSYoungGen: 235641K->1298K(235008K)] 645578K->411990K(713216K), 0.0039337 secs] [Times: user=0.00 sys=0.00, real=0.01 secs] 
2024-07-05T02:41:02.854+0800: 6771.565: [GC (Allocation Failure) [PSYoungGen: 233746K->1349K(235520K)] 644438K->412041K(713728K), 0.0035945 secs] [Times: user=0.01 sys=0.00, real=0.00 secs] 
2024-07-05T02:41:03.186+0800: 6771.897: [GC (Allocation Failure) [PSYoungGen: 233797K->2121K(235008K)] 644489K->412813K(713216K), 0.0039688 secs] [Times: user=0.01 sys=0.00, real=0.00 secs] 
2024-07-05T02:41:03.602+0800: 6772.313: [GC (Allocation Failure) [PSYoungGen: 234569K->1106K(235520K)] 645261K->412860K(713728K), 0.0038002 secs] [Times: user=0.01 sys=0.00, real=0.01 secs] 
2024-07-05T02:41:03.994+0800: 6772.705: [GC (Allocation Failure) [PSYoungGen: 233554K->1394K(234496K)] 645308K->413212K(712704K), 0.0035791 secs] [Times: user=0.01 sys=0.00, real=0.00 secs] 
2024-07-05T02:41:04.369+0800: 6773.080: [GC (Allocation Failure) [PSYoungGen: 233842K->2057K(235008K)] 645660K->413946K(713216K), 0.0040399 secs] [Times: user=0.01 sys=0.00, real=0.00 secs] 
2024-07-05T02:41:04.736+0800: 6773.447: [GC (Allocation Failure) [PSYoungGen: 234505K->1381K(235520K)] 646394K->414025K(713728K), 0.0036865 secs] [Times: user=0.01 sys=0.00, real=0.00 secs] 
2024-07-05T02:41:05.160+0800: 6773.870: [GC (Allocation Failure) [PSYoungGen: 234341K->1413K(235520K)] 646985K->414057K(713728K), 0.0040155 secs] [Times: user=0.01 sys=0.00, real=0.00 secs] 
2024-07-05T02:41:05.576+0800: 6774.287: [GC (Allocation Failure) [PSYoungGen: 234373K->768K(236032K)] 647017K->413412K(714240K), 0.0030691 secs] [Times: user=0.00 sys=0.00, real=0.00 secs] 
2024-07-05T02:41:05.886+0800: 6774.597: [GC (Allocation Failure) [PSYoungGen: 234240K->2105K(236032K)] 646884K->414749K(714240K), 0.0058158 secs] [Times: user=0.01 sys=0.00, real=0.00 secs] 
2024-07-05T02:41:06.295+0800: 6775.005: [GC (Allocation Failure) [PSYoungGen: 235577K->1157K(236032K)] 648221K->414870K(714240K), 0.0050468 secs] [Times: user=0.01 sys=0.00, real=0.00 secs] 
2024-07-05T02:41:06.731+0800: 6775.442: [GC (Allocation Failure) [PSYoungGen: 234629K->1527K(236032K)] 648342K->415321K(714240K), 0.0040617 secs] [Times: user=0.01 sys=0.00, real=0.01 secs] 
2024-07-05T02:41:07.073+0800: 6775.784: [GC (Allocation Failure) [PSYoungGen: 234999K->2265K(235008K)] 648793K->416098K(713216K), 0.0047099 secs] [Times: user=0.01 sys=0.00, real=0.01 secs] 
2024-07-05T02:41:07.521+0800: 6776.232: [GC (Allocation Failure) [PSYoungGen: 234713K->1426K(235520K)] 648546K->416010K(713728K), 0.0045884 secs] [Times: user=0.01 sys=0.00, real=0.00 secs] 
2024-07-05T02:41:07.905+0800: 6776.616: [GC (Allocation Failure) [PSYoungGen: 233874K->1157K(234496K)] 648458K->416039K(712704K), 0.0066233 secs] [Times: user=0.01 sys=0.00, real=0.01 secs] 
2024-07-05T02:41:08.286+0800: 6776.997: [GC (Allocation Failure) [PSYoungGen: 233605K->2123K(235008K)] 648487K->417118K(713216K), 0.0061878 secs] [Times: user=0.01 sys=0.00, real=0.00 secs] 
2024-07-05T02:41:08.680+0800: 6777.391: [GC (Allocation Failure) [PSYoungGen: 234571K->1394K(235520K)] 649566K->417163K(713728K), 0.0045425 secs] [Times: user=0.01 sys=0.00, real=0.00 secs] 
2024-07-05T02:41:09.097+0800: 6777.808: [GC (Allocation Failure) [PSYoungGen: 233842K->1413K(233984K)] 649611K->417182K(712192K), 0.0039123 secs] [Times: user=0.00 sys=0.00, real=0.00 secs] 
2024-07-05T02:41:09.546+0800: 6778.256: [GC (Allocation Failure) [PSYoungGen: 233861K->400K(234496K)] 649630K->416169K(712704K), 0.0026398 secs] [Times: user=0.00 sys=0.00, real=0.00 secs] 
2024-07-05T02:41:09.888+0800: 6778.599: [GC (Allocation Failure) [PSYoungGen: 232336K->1813K(235008K)] 648105K->417815K(713216K), 0.0035660 secs] [Times: user=0.01 sys=0.00, real=0.00 secs] 
2024-07-05T02:41:10.277+0800: 6778.988: [GC (Allocation Failure) [PSYoungGen: 233749K->1298K(234496K)] 649751K->417834K(712704K), 0.0037423 secs] [Times: user=0.01 sys=0.00, real=0.00 secs] 
2024-07-05T02:41:10.670+0800: 6779.381: [GC (Allocation Failure) [PSYoungGen: 233746K->1093K(235008K)] 650282K->417927K(713216K), 0.0034533 secs] [Times: user=0.01 sys=0.00, real=0.00 secs] 
2024-07-05T02:41:10.985+0800: 6779.696: [GC (Allocation Failure) [PSYoungGen: 233541K->2329K(235008K)] 650375K->419251K(713216K), 0.0044453 secs] [Times: user=0.01 sys=0.00, real=0.01 secs] 
2024-07-05T02:41:11.389+0800: 6780.099: [GC (Allocation Failure) [PSYoungGen: 234777K->1362K(235520K)] 651699K->419095K(713728K), 0.0048018 secs] [Times: user=0.01 sys=0.00, real=0.00 secs] 
2024-07-05T02:41:11.794+0800: 6780.505: [GC (Allocation Failure) [PSYoungGen: 233810K->1106K(235520K)] 651543K->418839K(713728K), 0.0037749 secs] [Times: user=0.00 sys=0.00, real=0.00 secs] 
2024-07-05T02:41:12.143+0800: 6780.854: [GC (Allocation Failure) [PSYoungGen: 233554K->2121K(235520K)] 651287K->419854K(713728K), 0.0040861 secs] [Times: user=0.01 sys=0.00, real=0.01 secs] 
2024-07-05T02:41:12.570+0800: 6781.281: [GC (Allocation Failure) [PSYoungGen: 234569K->1413K(235520K)] 652302K->419901K(713728K), 0.0039768 secs] [Times: user=0.01 sys=0.00, real=0.01 secs] 
2024-07-05T02:41:12.975+0800: 6781.686: [GC (Allocation Failure) [PSYoungGen: 233861K->1445K(233984K)] 652349K->419933K(712192K), 0.0039320 secs] [Times: user=0.01 sys=0.00, real=0.00 secs] 
2024-07-05T02:41:13.390+0800: 6782.101: [GC (Allocation Failure) [PSYoungGen: 233893K->1244K(235008K)] 652381K->419732K(713216K), 0.0034979 secs] [Times: user=0.00 sys=0.00, real=0.01 secs] 
2024-07-05T02:41:13.768+0800: 6782.479: [GC (Allocation Failure) [PSYoungGen: 233692K->1423K(235008K)] 652180K->420551K(713216K), 0.0036912 secs] [Times: user=0.01 sys=0.00, real=0.00 secs] 
2024-07-05T02:41:14.150+0800: 6782.861: [GC (Allocation Failure) [PSYoungGen: 233871K->1330K(236032K)] 652999K->420581K(714240K), 0.0034783 secs] [Times: user=0.00 sys=0.00, real=0.01 secs] 
2024-07-05T02:41:14.550+0800: 6783.261: [GC (Allocation Failure) [PSYoungGen: 234802K->882K(236032K)] 654053K->420726K(714240K), 0.0054990 secs] [Times: user=0.01 sys=0.00, real=0.01 secs] 
2024-07-05T02:41:14.880+0800: 6783.591: [GC (Allocation Failure) [PSYoungGen: 234354K->2318K(236032K)] 654198K->422314K(714240K), 0.0044856 secs] [Times: user=0.00 sys=0.00, real=0.00 secs] 
2024-07-05T02:41:15.270+0800: 6783.980: [GC (Allocation Failure) [PSYoungGen: 235790K->1170K(236032K)] 655786K->422331K(714240K), 0.0066925 secs] [Times: user=0.01 sys=0.00, real=0.01 secs] 
2024-07-05T02:41:15.672+0800: 6784.383: [GC (Allocation Failure) [PSYoungGen: 234642K->1445K(236032K)] 655803K->422678K(714240K), 0.0072691 secs] [Times: user=0.01 sys=0.00, real=0.01 secs] 
2024-07-05T02:41:15.988+0800: 6784.699: [GC (Allocation Failure) [PSYoungGen: 234917K->2166K(236032K)] 656150K->423455K(714240K), 0.0047819 secs] [Times: user=0.01 sys=0.00, real=0.00 secs] 
2024-07-05T02:41:16.386+0800: 6785.097: [GC (Allocation Failure) [PSYoungGen: 235638K->1349K(236032K)] 656927K->423388K(714240K), 0.0042946 secs] [Times: user=0.01 sys=0.00, real=0.00 secs] 
2024-07-05T02:41:16.826+0800: 6785.537: [GC (Allocation Failure) [PSYoungGen: 234821K->1381K(236032K)] 656860K->423420K(714240K), 0.0035237 secs] [Times: user=0.00 sys=0.00, real=0.00 secs] 
2024-07-05T02:41:17.202+0800: 6785.913: [GC (Allocation Failure) [PSYoungGen: 234853K->2011K(236032K)] 656892K->424051K(714240K), 0.0042439 secs] [Times: user=0.01 sys=0.00, real=0.01 secs] 
2024-07-05T02:41:17.601+0800: 6786.311: [GC (Allocation Failure) [PSYoungGen: 235483K->1349K(236032K)] 657523K->424143K(714240K), 0.0037020 secs] [Times: user=0.00 sys=0.00, real=0.00 secs] 
2024-07-05T02:41:17.985+0800: 6786.696: [GC (Allocation Failure) [PSYoungGen: 234821K->1381K(236032K)] 657615K->424175K(714240K), 0.0035150 secs] [Times: user=0.01 sys=0.00, real=0.01 secs] 
2024-07-05T02:41:18.354+0800: 6787.064: [GC (Allocation Failure) [PSYoungGen: 234853K->736K(236032K)] 657647K->423530K(714240K), 0.0033636 secs] [Times: user=0.01 sys=0.00, real=0.00 secs] 
2024-07-05T02:41:18.740+0800: 6787.451: [GC (Allocation Failure) [PSYoungGen: 234208K->2043K(236032K)] 657002K->424838K(714240K), 0.0037263 secs] [Times: user=0.01 sys=0.00, real=0.00 secs] 
2024-07-05T02:41:19.115+0800: 6787.826: [GC (Allocation Failure) [PSYoungGen: 235515K->1106K(236032K)] 658310K->424970K(714240K), 0.0039869 secs] [Times: user=0.01 sys=0.00, real=0.00 secs] 
2024-07-05T02:41:19.567+0800: 6788.278: [GC (Allocation Failure) [PSYoungGen: 234578K->1029K(236032K)] 658442K->424980K(714240K), 0.0034816 secs] [Times: user=0.00 sys=0.00, real=0.00 secs] 
2024-07-05T02:41:19.894+0800: 6788.605: [GC (Allocation Failure) [PSYoungGen: 234501K->2201K(236032K)] 658452K->426192K(714240K), 0.0040325 secs] [Times: user=0.01 sys=0.00, real=0.00 secs] 
2024-07-05T02:41:20.259+0800: 6788.969: [GC (Allocation Failure) [PSYoungGen: 235673K->1477K(236032K)] 659664K->426223K(714240K), 0.0044972 secs] [Times: user=0.01 sys=0.00, real=0.00 secs] 
2024-07-05T02:41:20.713+0800: 6789.423: [GC (Allocation Failure) [PSYoungGen: 234949K->1381K(236032K)] 659695K->426127K(714240K), 0.0066737 secs] [Times: user=0.01 sys=0.00, real=0.01 secs] 
2024-07-05T02:41:21.080+0800: 6789.791: [GC (Allocation Failure) [PSYoungGen: 234853K->2073K(235008K)] 659599K->426819K(713216K), 0.0035740 secs] [Times: user=0.00 sys=0.00, real=0.00 secs] 
2024-07-05T02:41:21.470+0800: 6790.181: [GC (Allocation Failure) [PSYoungGen: 234521K->1349K(235520K)] 659267K->426850K(713728K), 0.0044612 secs] [Times: user=0.01 sys=0.00, real=0.01 secs] 
2024-07-05T02:41:21.873+0800: 6790.584: [GC (Allocation Failure) [PSYoungGen: 233797K->1381K(235520K)] 659298K->426882K(713728K), 0.0036567 secs] [Times: user=0.01 sys=0.00, real=0.01 secs] 
2024-07-05T02:41:22.226+0800: 6790.937: [GC (Allocation Failure) [PSYoungGen: 234341K->754K(235520K)] 659842K->426255K(713728K), 0.0073906 secs] [Times: user=0.00 sys=0.00, real=0.00 secs] 
2024-07-05T02:41:22.611+0800: 6791.321: [GC (Allocation Failure) [PSYoungGen: 233714K->2089K(235008K)] 659215K->427590K(713216K), 0.0036891 secs] [Times: user=0.00 sys=0.01, real=0.01 secs] 
2024-07-05T02:41:22.980+0800: 6791.690: [GC (Allocation Failure) [PSYoungGen: 234537K->1349K(235520K)] 660038K->427608K(713728K), 0.0046299 secs] [Times: user=0.01 sys=0.00, real=0.00 secs] 
2024-07-05T02:41:23.390+0800: 6792.100: [GC (Allocation Failure) [PSYoungGen: 233797K->946K(235520K)] 660056K->427206K(713728K), 0.0032424 secs] [Times: user=0.01 sys=0.00, real=0.00 secs] 
2024-07-05T02:41:23.812+0800: 6792.522: [GC (Allocation Failure) [PSYoungGen: 233906K->2153K(235520K)] 660166K->428412K(713728K), 0.0039175 secs] [Times: user=0.00 sys=0.00, real=0.01 secs] 
2024-07-05T02:41:24.172+0800: 6792.883: [GC (Allocation Failure) [PSYoungGen: 235113K->1202K(235520K)] 661372K->428527K(713728K), 0.0048689 secs] [Times: user=0.01 sys=0.00, real=0.01 secs] 
2024-07-05T02:41:24.652+0800: 6793.363: [GC (Allocation Failure) [PSYoungGen: 233650K->1381K(233984K)] 660975K->428778K(712192K), 0.0037907 secs] [Times: user=0.00 sys=0.00, real=0.01 secs] 
2024-07-05T02:41:24.993+0800: 6793.703: [GC (Allocation Failure) [PSYoungGen: 233829K->2105K(234496K)] 661226K->429550K(712704K), 0.0036793 secs] [Times: user=0.01 sys=0.00, real=0.01 secs] 
2024-07-05T02:41:25.390+0800: 6794.101: [GC (Allocation Failure) [PSYoungGen: 234041K->1394K(235008K)] 661486K->429594K(713216K), 0.0043827 secs] [Times: user=0.01 sys=0.00, real=0.01 secs] 
2024-07-05T02:41:25.774+0800: 6794.485: [GC (Allocation Failure) [PSYoungGen: 233330K->1445K(235520K)] 661530K->429644K(713728K), 0.0036593 secs] [Times: user=0.01 sys=0.00, real=0.00 secs] 
2024-07-05T02:41:26.110+0800: 6794.821: [GC (Allocation Failure) [PSYoungGen: 234405K->816K(235520K)] 662604K->429015K(713728K), 0.0026035 secs] [Times: user=0.00 sys=0.00, real=0.00 secs] 
2024-07-05T02:41:26.512+0800: 6795.222: [GC (Allocation Failure) [PSYoungGen: 233776K->1722K(236032K)] 661975K->430343K(714240K), 0.0041528 secs] [Times: user=0.01 sys=0.00, real=0.01 secs] 
2024-07-05T02:41:26.880+0800: 6795.591: [GC (Allocation Failure) [PSYoungGen: 235194K->1431K(236032K)] 663815K->430401K(714240K), 0.0059725 secs] [Times: user=0.00 sys=0.00, real=0.01 secs] 
2024-07-05T02:41:27.250+0800: 6795.961: [GC (Allocation Failure) [PSYoungGen: 234903K->1010K(236032K)] 663873K->429980K(714240K), 0.0038719 secs] [Times: user=0.00 sys=0.00, real=0.01 secs] 
2024-07-05T02:41:27.647+0800: 6796.358: [GC (Allocation Failure) [PSYoungGen: 234482K->2221K(236032K)] 663452K->431191K(714240K), 0.0040622 secs] [Times: user=0.01 sys=0.00, real=0.00 secs] 
2024-07-05T02:41:28.022+0800: 6796.733: [GC (Allocation Failure) [PSYoungGen: 235693K->1152K(236032K)] 664663K->431155K(714240K), 0.0073050 secs] [Times: user=0.00 sys=0.00, real=0.01 secs] 
2024-07-05T02:41:28.440+0800: 6797.150: [GC (Allocation Failure) [PSYoungGen: 234624K->1463K(236032K)] 664627K->431547K(714240K), 0.0045774 secs] [Times: user=0.00 sys=0.00, real=0.00 secs] 
2024-07-05T02:41:28.778+0800: 6797.489: [GC (Allocation Failure) [PSYoungGen: 234935K->2153K(235008K)] 665019K->432308K(713216K), 0.0048009 secs] [Times: user=0.01 sys=0.00, real=0.00 secs] 
2024-07-05T02:41:29.125+0800: 6797.836: [GC (Allocation Failure) [PSYoungGen: 234601K->1458K(235520K)] 664756K->432360K(713728K), 0.0041416 secs] [Times: user=0.00 sys=0.00, real=0.01 secs] 
2024-07-05T02:41:29.597+0800: 6798.308: [GC (Allocation Failure) [PSYoungGen: 233906K->1445K(235520K)] 664808K->432347K(713728K), 0.0038809 secs] [Times: user=0.01 sys=0.00, real=0.00 secs] 
2024-07-05T02:41:29.938+0800: 6798.649: [GC (Allocation Failure) [PSYoungGen: 234405K->1620K(235520K)] 665307K->432522K(713728K), 0.0033314 secs] [Times: user=0.01 sys=0.00, real=0.00 secs] 
2024-07-05T02:41:30.290+0800: 6799.001: [GC (Allocation Failure) [PSYoungGen: 234580K->1383K(236032K)] 665482K->432983K(714240K), 0.0038135 secs] [Times: user=0.01 sys=0.00, real=0.01 secs] 
2024-07-05T02:41:30.730+0800: 6799.441: [GC (Allocation Failure) [PSYoungGen: 234855K->1170K(236032K)] 666455K->433121K(714240K), 0.0039581 secs] [Times: user=0.01 sys=0.00, real=0.01 secs] 
2024-07-05T02:41:31.065+0800: 6799.776: [GC (Allocation Failure) [PSYoungGen: 234642K->1495K(236032K)] 666593K->433567K(714240K), 0.0040038 secs] [Times: user=0.00 sys=0.00, real=0.01 secs] 
2024-07-05T02:41:31.462+0800: 6800.173: [GC (Allocation Failure) [PSYoungGen: 234967K->2249K(236032K)] 667039K->434352K(714240K), 0.0047443 secs] [Times: user=0.01 sys=0.00, real=0.01 secs] 
2024-07-05T02:41:31.833+0800: 6800.543: [GC (Allocation Failure) [PSYoungGen: 235721K->1202K(236032K)] 667824K->434383K(714240K), 0.0057058 secs] [Times: user=0.01 sys=0.00, real=0.01 secs] 
2024-07-05T02:41:32.198+0800: 6800.909: [GC (Allocation Failure) [PSYoungGen: 234674K->1445K(236032K)] 667855K->434697K(714240K), 0.0093538 secs] [Times: user=0.01 sys=0.00, real=0.01 secs] 
2024-07-05T02:41:32.568+0800: 6801.278: [GC (Allocation Failure) [PSYoungGen: 234917K->2153K(236032K)] 668169K->435445K(714240K), 0.0040049 secs] [Times: user=0.01 sys=0.00, real=0.00 secs] 
2024-07-05T02:41:32.906+0800: 6801.617: [GC (Allocation Failure) [PSYoungGen: 235625K->1490K(236032K)] 668917K->435533K(714240K), 0.0056680 secs] [Times: user=0.01 sys=0.00, real=0.00 secs] 
2024-07-05T02:41:33.366+0800: 6802.077: [GC (Allocation Failure) [PSYoungGen: 234962K->1285K(236032K)] 669005K->435328K(714240K), 0.0038153 secs] [Times: user=0.01 sys=0.00, real=0.00 secs] 
2024-07-05T02:41:33.741+0800: 6802.451: [GC (Allocation Failure) [PSYoungGen: 234757K->2057K(236032K)] 668800K->436100K(714240K), 0.0035820 secs] [Times: user=0.01 sys=0.00, real=0.00 secs] 
2024-07-05T02:41:34.098+0800: 6802.809: [GC (Allocation Failure) [PSYoungGen: 235529K->1362K(236032K)] 669572K->436156K(714240K), 0.0037897 secs] [Times: user=0.00 sys=0.00, real=0.00 secs] 
2024-07-05T02:41:34.602+0800: 6803.313: [GC (Allocation Failure) [PSYoungGen: 234834K->1381K(236032K)] 669628K->436175K(714240K), 0.0036800 secs] [Times: user=0.01 sys=0.00, real=0.01 secs] 
2024-07-05T02:41:34.962+0800: 6803.673: [GC (Allocation Failure) [PSYoungGen: 234853K->384K(236032K)] 669647K->435177K(714240K), 0.0027061 secs] [Times: user=0.01 sys=0.00, real=0.00 secs] 
2024-07-05T02:41:35.334+0800: 6804.045: [GC (Allocation Failure) [PSYoungGen: 233856K->2185K(236032K)] 668649K->436979K(714240K), 0.0054688 secs] [Times: user=0.00 sys=0.00, real=0.00 secs] 
2024-07-05T02:41:35.732+0800: 6804.443: [GC (Allocation Failure) [PSYoungGen: 235657K->1330K(235008K)] 670451K->436879K(713216K), 0.0057946 secs] [Times: user=0.00 sys=0.00, real=0.01 secs] 
2024-07-05T02:41:36.082+0800: 6804.792: [GC (Allocation Failure) [PSYoungGen: 233778K->1285K(235520K)] 669327K->436833K(713728K), 0.0053126 secs] [Times: user=0.00 sys=0.00, real=0.01 secs] 
2024-07-05T02:41:36.488+0800: 6805.199: [GC (Allocation Failure) [PSYoungGen: 233733K->2169K(235008K)] 669281K->437717K(713216K), 0.0043816 secs] [Times: user=0.00 sys=0.00, real=0.00 secs] 
2024-07-05T02:41:36.842+0800: 6805.553: [GC (Allocation Failure) [PSYoungGen: 234617K->1184K(235520K)] 670165K->437797K(713728K), 0.0043487 secs] [Times: user=0.01 sys=0.00, real=0.01 secs] 
2024-07-05T02:41:37.252+0800: 6805.963: [GC (Allocation Failure) [PSYoungGen: 233632K->1477K(234496K)] 670245K->438154K(712704K), 0.0045722 secs] [Times: user=0.01 sys=0.00, real=0.01 secs] 
2024-07-05T02:41:37.658+0800: 6806.369: [GC (Allocation Failure) [PSYoungGen: 233925K->2089K(235008K)] 670602K->438830K(713216K), 0.0039827 secs] [Times: user=0.01 sys=0.00, real=0.00 secs] 
2024-07-05T02:41:38.008+0800: 6806.718: [GC (Allocation Failure) [PSYoungGen: 234537K->1394K(235520K)] 671278K->438886K(713728K), 0.0038712 secs] [Times: user=0.01 sys=0.00, real=0.00 secs] 
2024-07-05T02:41:38.478+0800: 6807.189: [GC (Allocation Failure) [PSYoungGen: 234354K->1413K(235520K)] 671846K->438905K(713728K), 0.0041705 secs] [Times: user=0.01 sys=0.00, real=0.00 secs] 
2024-07-05T02:41:38.864+0800: 6807.575: [GC (Allocation Failure) [PSYoungGen: 234373K->416K(236032K)] 671865K->437908K(714240K), 0.0029627 secs] [Times: user=0.00 sys=0.00, real=0.01 secs] 
2024-07-05T02:41:39.186+0800: 6807.897: [GC (Allocation Failure) [PSYoungGen: 233888K->2105K(236032K)] 671380K->439597K(714240K), 0.0040194 secs] [Times: user=0.01 sys=0.00, real=0.00 secs] 
2024-07-05T02:41:39.594+0800: 6808.304: [GC (Allocation Failure) [PSYoungGen: 235577K->1056K(235008K)] 673069K->439613K(713216K), 0.0045673 secs] [Times: user=0.01 sys=0.00, real=0.01 secs] 
2024-07-05T02:41:39.981+0800: 6808.692: [GC (Allocation Failure) [PSYoungGen: 233504K->1349K(235520K)] 672061K->439986K(713728K), 0.0035975 secs] [Times: user=0.01 sys=0.00, real=0.00 secs] 
2024-07-05T02:41:40.329+0800: 6809.040: [GC (Allocation Failure) [PSYoungGen: 233797K->2265K(235008K)] 672434K->440942K(713216K), 0.0048139 secs] [Times: user=0.00 sys=0.00, real=0.01 secs] 
2024-07-05T02:41:40.690+0800: 6809.401: [GC (Allocation Failure) [PSYoungGen: 234713K->1426K(235520K)] 673390K->440862K(713728K), 0.0040969 secs] [Times: user=0.01 sys=0.00, real=0.01 secs] 
2024-07-05T02:41:41.074+0800: 6809.784: [GC (Allocation Failure) [PSYoungGen: 233874K->1170K(235520K)] 673310K->440897K(713728K), 0.0042058 secs] [Times: user=0.01 sys=0.00, real=0.00 secs] 
2024-07-05T02:41:41.398+0800: 6810.108: [GC (Allocation Failure) [PSYoungGen: 233618K->2155K(235520K)] 673345K->441994K(713728K), 0.0037870 secs] [Times: user=0.01 sys=0.00, real=0.00 secs] 
2024-07-05T02:41:41.742+0800: 6810.453: [GC (Allocation Failure) [PSYoungGen: 234603K->1426K(235520K)] 674442K->442044K(713728K), 0.0040064 secs] [Times: user=0.00 sys=0.00, real=0.01 secs] 
2024-07-05T02:41:42.146+0800: 6810.857: [GC (Allocation Failure) [PSYoungGen: 233874K->1413K(233984K)] 674492K->442030K(712192K), 0.0039914 secs] [Times: user=0.00 sys=0.00, real=0.00 secs] 
2024-07-05T02:41:42.510+0800: 6811.221: [GC (Allocation Failure) [PSYoungGen: 233861K->695K(234496K)] 674478K->441313K(712704K), 0.0048795 secs] [Times: user=0.00 sys=0.00, real=0.01 secs] 
2024-07-05T02:41:42.835+0800: 6811.545: [GC (Allocation Failure) [PSYoungGen: 232631K->1476K(235008K)] 673249K->442677K(713216K), 0.0051218 secs] [Times: user=0.00 sys=0.00, real=0.00 secs] 
2024-07-05T02:41:43.206+0800: 6811.916: [GC (Allocation Failure) [PSYoungGen: 233412K->1298K(235520K)] 674613K->442674K(713728K), 0.0054268 secs] [Times: user=0.00 sys=0.00, real=0.00 secs] 
2024-07-05T02:41:43.553+0800: 6812.264: [GC (Allocation Failure) [PSYoungGen: 234258K->1042K(235520K)] 675634K->442418K(713728K), 0.0033285 secs] [Times: user=0.01 sys=0.00, real=0.01 secs] 
2024-07-05T02:41:43.864+0800: 6812.575: [GC (Allocation Failure) [PSYoungGen: 234002K->2203K(235008K)] 675378K->443580K(713216K), 0.0041502 secs] [Times: user=0.01 sys=0.00, real=0.01 secs] 
2024-07-05T02:41:44.234+0800: 6812.945: [GC (Allocation Failure) [PSYoungGen: 234651K->1170K(235520K)] 676028K->443596K(713728K), 0.0059626 secs] [Times: user=0.01 sys=0.00, real=0.00 secs] 
2024-07-05T02:41:44.636+0800: 6813.346: [GC (Allocation Failure) [PSYoungGen: 233618K->1413K(235520K)] 676044K->443918K(713728K), 0.0040194 secs] [Times: user=0.01 sys=0.00, real=0.00 secs] 
2024-07-05T02:41:45.006+0800: 6813.717: [GC (Allocation Failure) [PSYoungGen: 234373K->2137K(235520K)] 676878K->444698K(713728K), 0.0040107 secs] [Times: user=0.01 sys=0.00, real=0.00 secs] 
2024-07-05T02:41:45.341+0800: 6814.052: [GC (Allocation Failure) [PSYoungGen: 235097K->1413K(235520K)] 677658K->444729K(713728K), 0.0041292 secs] [Times: user=0.01 sys=0.00, real=0.00 secs] 
2024-07-05T02:41:45.744+0800: 6814.454: [GC (Allocation Failure) [PSYoungGen: 234373K->1477K(235520K)] 677689K->444793K(713728K), 0.0038945 secs] [Times: user=0.01 sys=0.00, real=0.01 secs] 
2024-07-05T02:41:46.082+0800: 6814.793: [GC (Allocation Failure) [PSYoungGen: 234437K->1882K(236032K)] 677753K->445198K(714240K), 0.0034041 secs] [Times: user=0.01 sys=0.00, real=0.01 secs] 
2024-07-05T02:41:46.421+0800: 6815.132: [GC (Allocation Failure) [PSYoungGen: 235354K->1285K(236032K)] 678670K->445355K(714240K), 0.0037321 secs] [Times: user=0.00 sys=0.00, real=0.00 secs] 
2024-07-05T02:41:46.869+0800: 6815.580: [GC (Allocation Failure) [PSYoungGen: 234757K->1349K(236032K)] 678827K->445419K(714240K), 0.0074550 secs] [Times: user=0.01 sys=0.00, real=0.01 secs] 
2024-07-05T02:41:47.258+0800: 6815.969: [GC (Allocation Failure) [PSYoungGen: 234821K->1074K(236032K)] 678891K->445145K(714240K), 0.0033228 secs] [Times: user=0.01 sys=0.00, real=0.00 secs] 
2024-07-05T02:41:47.615+0800: 6816.326: [GC (Allocation Failure) [PSYoungGen: 234546K->2169K(236032K)] 678617K->446239K(714240K), 0.0042129 secs] [Times: user=0.01 sys=0.00, real=0.00 secs] 
2024-07-05T02:41:47.994+0800: 6816.705: [GC (Allocation Failure) [PSYoungGen: 235641K->1202K(236032K)] 679711K->446342K(714240K), 0.0047675 secs] [Times: user=0.01 sys=0.00, real=0.00 secs] 
2024-07-05T02:41:48.414+0800: 6817.125: [GC (Allocation Failure) [PSYoungGen: 234674K->1399K(236032K)] 679814K->446619K(714240K), 0.0039777 secs] [Times: user=0.01 sys=0.00, real=0.00 secs] 
2024-07-05T02:41:48.756+0800: 6817.467: [GC (Allocation Failure) [PSYoungGen: 234871K->2187K(236032K)] 680091K->447455K(714240K), 0.0049387 secs] [Times: user=0.01 sys=0.00, real=0.00 secs] 
2024-07-05T02:41:49.121+0800: 6817.832: [GC (Allocation Failure) [PSYoungGen: 235659K->1490K(236032K)] 680927K->447509K(714240K), 0.0043833 secs] [Times: user=0.01 sys=0.00, real=0.00 secs] 
2024-07-05T02:41:49.520+0800: 6818.231: [GC (Allocation Failure) [PSYoungGen: 234962K->1509K(236032K)] 680981K->447527K(714240K), 0.0041116 secs] [Times: user=0.01 sys=0.00, real=0.00 secs] 
2024-07-05T02:41:49.853+0800: 6818.564: [GC (Allocation Failure) [PSYoungGen: 234981K->2027K(236032K)] 680999K->448046K(714240K), 0.0039088 secs] [Times: user=0.01 sys=0.00, real=0.01 secs] 
2024-07-05T02:41:50.245+0800: 6818.955: [GC (Allocation Failure) [PSYoungGen: 235499K->1381K(236032K)] 681518K->448154K(714240K), 0.0046084 secs] [Times: user=0.01 sys=0.00, real=0.01 secs] 
2024-07-05T02:41:50.660+0800: 6819.370: [GC (Allocation Failure) [PSYoungGen: 234853K->1413K(236032K)] 681626K->448186K(714240K), 0.0040019 secs] [Times: user=0.01 sys=0.00, real=0.00 secs] 
2024-07-05T02:41:51.018+0800: 6819.729: [GC (Allocation Failure) [PSYoungGen: 234885K->754K(236032K)] 681658K->447527K(714240K), 0.0060674 secs] [Times: user=0.01 sys=0.00, real=0.00 secs] 
2024-07-05T02:41:51.363+0800: 6820.074: [GC (Allocation Failure) [PSYoungGen: 234226K->2107K(236032K)] 680999K->448881K(714240K), 0.0037623 secs] [Times: user=0.00 sys=0.00, real=0.01 secs] 
2024-07-05T02:41:51.753+0800: 6820.464: [GC (Allocation Failure) [PSYoungGen: 235579K->1152K(236032K)] 682353K->448990K(714240K), 0.0045172 secs] [Times: user=0.01 sys=0.00, real=0.01 secs] 
2024-07-05T02:41:52.141+0800: 6820.852: [GC (Allocation Failure) [PSYoungGen: 234624K->997K(236032K)] 682462K->448915K(714240K), 0.0040492 secs] [Times: user=0.00 sys=0.00, real=0.00 secs] 
2024-07-05T02:41:52.507+0800: 6821.218: [GC (Allocation Failure) [PSYoungGen: 234469K->2155K(236032K)] 682387K->450122K(714240K), 0.0044091 secs] [Times: user=0.01 sys=0.00, real=0.00 secs] 
2024-07-05T02:41:52.887+0800: 6821.598: [GC (Allocation Failure) [PSYoungGen: 235627K->1120K(235008K)] 683594K->450135K(713216K), 0.0040315 secs] [Times: user=0.01 sys=0.00, real=0.00 secs] 
2024-07-05T02:41:53.323+0800: 6822.034: [GC (Allocation Failure) [PSYoungGen: 233568K->1381K(235520K)] 682583K->450477K(713728K), 0.0084964 secs] [Times: user=0.01 sys=0.00, real=0.01 secs] 
2024-07-05T02:41:53.734+0800: 6822.444: [GC (Allocation Failure) [PSYoungGen: 233829K->2105K(235008K)] 682925K->451257K(713216K), 0.0039629 secs] [Times: user=0.00 sys=0.00, real=0.01 secs] 
2024-07-05T02:41:54.097+0800: 6822.807: [GC (Allocation Failure) [PSYoungGen: 234553K->1394K(235520K)] 683705K->451301K(713728K), 0.0046147 secs] [Times: user=0.01 sys=0.00, real=0.00 secs] 
2024-07-05T02:41:54.516+0800: 6823.227: [GC (Allocation Failure) [PSYoungGen: 233842K->1317K(235520K)] 683749K->451223K(713728K), 0.0043617 secs] [Times: user=0.01 sys=0.00, real=0.00 secs] 
2024-07-05T02:41:54.839+0800: 6823.549: [GC (Allocation Failure) [PSYoungGen: 234277K->965K(235520K)] 684183K->450871K(713728K), 0.0031575 secs] [Times: user=0.01 sys=0.00, real=0.00 secs] 
2024-07-05T02:41:55.195+0800: 6823.906: [GC (Allocation Failure) [PSYoungGen: 233925K->1818K(236032K)] 683831K->452142K(714240K), 0.0057696 secs] [Times: user=0.00 sys=0.00, real=0.00 secs] 
2024-07-05T02:41:55.576+0800: 6824.286: [GC (Allocation Failure) [PSYoungGen: 235290K->1394K(236032K)] 685614K->452059K(714240K), 0.0038046 secs] [Times: user=0.01 sys=0.00, real=0.00 secs] 
2024-07-05T02:41:55.918+0800: 6824.629: [GC (Allocation Failure) [PSYoungGen: 234866K->1138K(236032K)] 685531K->452094K(714240K), 0.0038391 secs] [Times: user=0.01 sys=0.00, real=0.00 secs] 
2024-07-05T02:41:56.241+0800: 6824.952: [GC (Allocation Failure) [PSYoungGen: 234610K->2267K(236032K)] 685566K->453319K(714240K), 0.0043576 secs] [Times: user=0.00 sys=0.00, real=0.01 secs] 
2024-07-05T02:41:56.640+0800: 6825.351: [GC (Allocation Failure) [PSYoungGen: 235739K->1157K(236032K)] 686791K->453318K(714240K), 0.0044010 secs] [Times: user=0.01 sys=0.00, real=0.00 secs] 
2024-07-05T02:41:57.014+0800: 6825.725: [GC (Allocation Failure) [PSYoungGen: 234629K->1362K(236032K)] 686790K->453587K(714240K), 0.0039253 secs] [Times: user=0.01 sys=0.00, real=0.00 secs] 
2024-07-05T02:41:57.354+0800: 6826.065: [GC (Allocation Failure) [PSYoungGen: 234834K->2139K(235008K)] 687059K->454436K(713216K), 0.0041721 secs] [Times: user=0.01 sys=0.00, real=0.00 secs] 
2024-07-05T02:41:57.714+0800: 6826.425: [GC (Allocation Failure) [PSYoungGen: 234587K->1445K(235520K)] 686884K->454488K(713728K), 0.0043854 secs] [Times: user=0.01 sys=0.00, real=0.00 secs] 
2024-07-05T02:41:58.167+0800: 6826.877: [GC (Allocation Failure) [PSYoungGen: 233893K->1445K(235520K)] 686936K->454488K(713728K), 0.0041470 secs] [Times: user=0.01 sys=0.00, real=0.00 secs] 
2024-07-05T02:41:58.566+0800: 6827.276: [GC (Allocation Failure) [PSYoungGen: 234405K->1947K(235520K)] 687448K->454991K(713728K), 0.0039026 secs] [Times: user=0.01 sys=0.00, real=0.00 secs] 
2024-07-05T02:41:58.927+0800: 6827.638: [GC (Allocation Failure) [PSYoungGen: 234907K->1317K(236032K)] 687951K->455111K(714240K), 0.0039389 secs] [Times: user=0.00 sys=0.00, real=0.00 secs] 
2024-07-05T02:41:59.406+0800: 6828.116: [GC (Allocation Failure) [PSYoungGen: 234789K->1125K(236032K)] 688583K->455250K(714240K), 0.0046971 secs] [Times: user=0.01 sys=0.00, real=0.00 secs] 
2024-07-05T02:41:59.840+0800: 6828.550: [GC (Allocation Failure) [PSYoungGen: 234597K->1125K(236032K)] 688722K->455322K(714240K), 0.0048390 secs] [Times: user=0.00 sys=0.00, real=0.00 secs] 
2024-07-05T02:42:00.234+0800: 6828.945: [GC (Allocation Failure) [PSYoungGen: 234597K->2153K(236032K)] 688794K->456390K(714240K), 0.0041944 secs] [Times: user=0.01 sys=0.00, real=0.00 secs] 
2024-07-05T02:42:00.626+0800: 6829.337: [GC (Allocation Failure) [PSYoungGen: 235625K->1170K(236032K)] 689862K->456468K(714240K), 0.0082428 secs] [Times: user=0.01 sys=0.00, real=0.01 secs] 
2024-07-05T02:42:00.996+0800: 6829.707: [GC (Allocation Failure) [PSYoungGen: 234642K->1394K(236032K)] 689940K->456756K(714240K), 0.0046343 secs] [Times: user=0.01 sys=0.00, real=0.00 secs] 
2024-07-05T02:42:01.362+0800: 6830.073: [GC (Allocation Failure) [PSYoungGen: 234866K->2187K(235008K)] 690228K->457606K(713216K), 0.0045098 secs] [Times: user=0.00 sys=0.00, real=0.01 secs] 
2024-07-05T02:42:01.746+0800: 6830.457: [GC (Allocation Failure) [PSYoungGen: 234635K->1458K(235520K)] 690054K->457635K(713728K), 0.0049241 secs] [Times: user=0.01 sys=0.00, real=0.00 secs] 
2024-07-05T02:42:02.182+0800: 6830.892: [GC (Allocation Failure) [PSYoungGen: 233906K->997K(235520K)] 690083K->457174K(713728K), 0.0034598 secs] [Times: user=0.00 sys=0.00, real=0.00 secs] 
2024-07-05T02:42:02.540+0800: 6831.250: [GC (Allocation Failure) [PSYoungGen: 233957K->2011K(235520K)] 690134K->458188K(713728K), 0.0040296 secs] [Times: user=0.01 sys=0.00, real=0.00 secs] 
2024-07-05T02:42:02.914+0800: 6831.625: [GC (Allocation Failure) [PSYoungGen: 234971K->1344K(235520K)] 691148K->458279K(713728K), 0.0042530 secs] [Times: user=0.01 sys=0.00, real=0.00 secs] 
2024-07-05T02:42:03.358+0800: 6832.068: [GC (Allocation Failure) [PSYoungGen: 234304K->1381K(235520K)] 691239K->458316K(713728K), 0.0073028 secs] [Times: user=0.01 sys=0.00, real=0.00 secs] 
2024-07-05T02:42:03.714+0800: 6832.425: [GC (Allocation Failure) [PSYoungGen: 234341K->722K(236032K)] 691276K->457658K(714240K), 0.0049771 secs] [Times: user=0.01 sys=0.00, real=0.00 secs] 
2024-07-05T02:42:04.109+0800: 6832.819: [GC (Allocation Failure) [PSYoungGen: 234194K->2089K(236032K)] 691130K->459024K(714240K), 0.0041765 secs] [Times: user=0.01 sys=0.00, real=0.00 secs] 
2024-07-05T02:42:04.537+0800: 6833.247: [GC (Allocation Failure) [PSYoungGen: 235561K->1138K(235008K)] 692496K->459147K(713216K), 0.0047050 secs] [Times: user=0.01 sys=0.00, real=0.00 secs] 
2024-07-05T02:42:05.016+0800: 6833.727: [GC (Allocation Failure) [PSYoungGen: 233586K->1381K(235520K)] 691595K->459453K(713728K), 0.0043722 secs] [Times: user=0.01 sys=0.00, real=0.00 secs] 
2024-07-05T02:42:05.434+0800: 6834.145: [GC (Allocation Failure) [PSYoungGen: 233829K->2185K(235008K)] 691901K->460313K(713216K), 0.0047989 secs] [Times: user=0.01 sys=0.00, real=0.00 secs] 
2024-07-05T02:42:05.855+0800: 6834.565: [GC (Allocation Failure) [PSYoungGen: 234633K->1381K(235520K)] 692761K->460260K(713728K), 0.0045698 secs] [Times: user=0.00 sys=0.00, real=0.00 secs] 
2024-07-05T02:42:06.370+0800: 6835.081: [GC (Allocation Failure) [PSYoungGen: 233829K->1349K(235520K)] 692708K->460228K(713728K), 0.0042379 secs] [Times: user=0.00 sys=0.00, real=0.01 secs] 
2024-07-05T02:42:06.799+0800: 6835.510: [GC (Allocation Failure) [PSYoungGen: 234309K->2075K(235520K)] 693188K->460955K(713728K), 0.0044445 secs] [Times: user=0.01 sys=0.00, real=0.00 secs] 
2024-07-05T02:42:07.220+0800: 6835.931: [GC (Allocation Failure) [PSYoungGen: 235035K->1381K(235520K)] 693915K->461019K(713728K), 0.0045299 secs] [Times: user=0.00 sys=0.00, real=0.00 secs] 
2024-07-05T02:42:07.707+0800: 6836.417: [GC (Allocation Failure) [PSYoungGen: 234341K->1413K(235520K)] 693979K->461051K(713728K), 0.0090242 secs] [Times: user=0.01 sys=0.00, real=0.01 secs] 
2024-07-05T02:42:08.113+0800: 6836.823: [GC (Allocation Failure) [PSYoungGen: 234373K->384K(236032K)] 694011K->460022K(714240K), 0.0035807 secs] [Times: user=0.01 sys=0.00, real=0.01 secs] 
2024-07-05T02:42:08.521+0800: 6837.231: [GC (Allocation Failure) [PSYoungGen: 233856K->2091K(236032K)] 693494K->461729K(714240K), 0.0045633 secs] [Times: user=0.01 sys=0.00, real=0.00 secs] 
2024-07-05T02:42:08.981+0800: 6837.692: [GC (Allocation Failure) [PSYoungGen: 235563K->1376K(235008K)] 695201K->461764K(713216K), 0.0049027 secs] [Times: user=0.01 sys=0.00, real=0.01 secs] 
2024-07-05T02:42:09.441+0800: 6838.151: [GC (Allocation Failure) [PSYoungGen: 233824K->1106K(235520K)] 694212K->461785K(713728K), 0.0044316 secs] [Times: user=0.01 sys=0.00, real=0.00 secs] 
2024-07-05T02:42:09.835+0800: 6838.546: [GC (Allocation Failure) [PSYoungGen: 233554K->2315K(235008K)] 694233K->463091K(713216K), 0.0051874 secs] [Times: user=0.01 sys=0.00, real=0.00 secs] 
2024-07-05T02:42:10.245+0800: 6838.956: [GC (Allocation Failure) [PSYoungGen: 234763K->1426K(235520K)] 695539K->463000K(713728K), 0.0050049 secs] [Times: user=0.01 sys=0.00, real=0.01 secs] 
2024-07-05T02:42:10.677+0800: 6839.387: [GC (Allocation Failure) [PSYoungGen: 233874K->1317K(235520K)] 695448K->462891K(713728K), 0.0040443 secs] [Times: user=0.00 sys=0.00, real=0.00 secs] 
2024-07-05T02:42:11.070+0800: 6839.781: [GC (Allocation Failure) [PSYoungGen: 233765K->2090K(235520K)] 695339K->463664K(713728K), 0.0044591 secs] [Times: user=0.00 sys=0.00, real=0.01 secs] 
2024-07-05T02:42:11.477+0800: 6840.187: [GC (Allocation Failure) [PSYoungGen: 234538K->1426K(235520K)] 696112K->463755K(713728K), 0.0046339 secs] [Times: user=0.01 sys=0.00, real=0.00 secs] 
2024-07-05T02:42:11.959+0800: 6840.669: [GC (Allocation Failure) [PSYoungGen: 233874K->1221K(233984K)] 696203K->463856K(712192K), 0.0062473 secs] [Times: user=0.01 sys=0.00, real=0.00 secs] 
2024-07-05T02:42:12.461+0800: 6841.171: [GC (Allocation Failure) [PSYoungGen: 233669K->822K(235008K)] 696304K->463553K(713216K), 0.0034911 secs] [Times: user=0.01 sys=0.00, real=0.00 secs] 
2024-07-05T02:42:12.835+0800: 6841.546: [GC (Allocation Failure) [PSYoungGen: 233270K->1736K(235008K)] 696001K->464908K(713216K), 0.0047235 secs] [Times: user=0.01 sys=0.00, real=0.00 secs] 
2024-07-05T02:42:13.279+0800: 6841.990: [GC (Allocation Failure) [PSYoungGen: 234184K->1202K(236032K)] 697356K->465043K(714240K), 0.0048072 secs] [Times: user=0.01 sys=0.00, real=0.00 secs] 
2024-07-05T02:42:13.676+0800: 6842.387: [GC (Allocation Failure) [PSYoungGen: 234674K->672K(236032K)] 698515K->464584K(714240K), 0.0042085 secs] [Times: user=0.00 sys=0.00, real=0.00 secs] 
2024-07-05T02:42:14.066+0800: 6842.776: [GC (Allocation Failure) [PSYoungGen: 234144K->2203K(235008K)] 698056K->466156K(713216K), 0.0051629 secs] [Times: user=0.00 sys=0.01, real=0.00 secs] 
2024-07-05T02:42:14.480+0800: 6843.191: [GC (Allocation Failure) [PSYoungGen: 234651K->1061K(235520K)] 698604K->466082K(713728K), 0.0044552 secs] [Times: user=0.00 sys=0.00, real=0.00 secs] 
2024-07-05T02:42:14.930+0800: 6843.641: [GC (Allocation Failure) [PSYoungGen: 233509K->1381K(234496K)] 698530K->466450K(712704K), 0.0043535 secs] [Times: user=0.00 sys=0.00, real=0.01 secs] 
2024-07-05T02:42:15.304+0800: 6844.015: [GC (Allocation Failure) [PSYoungGen: 233829K->2158K(235008K)] 698898K->467300K(713216K), 0.0056801 secs] [Times: user=0.01 sys=0.00, real=0.01 secs] 
2024-07-05T02:42:15.662+0800: 6844.373: [GC (Allocation Failure) [PSYoungGen: 234606K->1458K(235520K)] 699748K->467355K(713728K), 0.0045832 secs] [Times: user=0.01 sys=0.00, real=0.01 secs] 
2024-07-05T02:42:16.099+0800: 6844.809: [GC (Allocation Failure) [PSYoungGen: 233906K->1349K(233984K)] 699803K->467245K(712192K), 0.0037903 secs] [Times: user=0.01 sys=0.00, real=0.00 secs] 
2024-07-05T02:42:16.505+0800: 6845.216: [GC (Allocation Failure) [PSYoungGen: 233797K->1945K(234496K)] 699693K->467841K(712704K), 0.0035372 secs] [Times: user=0.01 sys=0.00, real=0.01 secs] 
2024-07-05T02:42:16.858+0800: 6845.569: [GC (Allocation Failure) [PSYoungGen: 233881K->1330K(235008K)] 699777K->467981K(713216K), 0.0040878 secs] [Times: user=0.01 sys=0.00, real=0.00 secs] 
2024-07-05T02:42:17.277+0800: 6845.987: [GC (Allocation Failure) [PSYoungGen: 233266K->1317K(235520K)] 699917K->467968K(713728K), 0.0065549 secs] [Times: user=0.01 sys=0.00, real=0.00 secs] 
2024-07-05T02:42:17.658+0800: 6846.369: [GC (Allocation Failure) [PSYoungGen: 234277K->690K(235520K)] 700928K->467341K(713728K), 0.0034735 secs] [Times: user=0.01 sys=0.01, real=0.00 secs] 
2024-07-05T02:42:17.997+0800: 6846.708: [GC (Allocation Failure) [PSYoungGen: 233650K->2155K(235008K)] 700301K->468806K(713216K), 0.0045259 secs] [Times: user=0.00 sys=0.00, real=0.00 secs] 
2024-07-05T02:42:18.354+0800: 6847.065: [GC (Allocation Failure) [PSYoungGen: 234603K->1170K(235520K)] 701254K->468890K(713728K), 0.0046640 secs] [Times: user=0.01 sys=0.00, real=0.00 secs] 
2024-07-05T02:42:18.758+0800: 6847.468: [GC (Allocation Failure) [PSYoungGen: 233618K->1445K(234496K)] 701338K->469237K(712704K), 0.0052478 secs] [Times: user=0.01 sys=0.00, real=0.00 secs] 
2024-07-05T02:42:19.090+0800: 6847.801: [GC (Allocation Failure) [PSYoungGen: 233893K->2185K(235008K)] 701685K->470033K(713216K), 0.0043050 secs] [Times: user=0.00 sys=0.00, real=0.01 secs] 
2024-07-05T02:42:19.458+0800: 6848.169: [GC (Allocation Failure) [PSYoungGen: 234633K->1445K(235520K)] 702481K->470048K(713728K), 0.0044468 secs] [Times: user=0.01 sys=0.00, real=0.00 secs] 
2024-07-05T02:42:19.844+0800: 6848.555: [GC (Allocation Failure) [PSYoungGen: 234405K->1477K(235520K)] 703008K->470080K(713728K), 0.0042915 secs] [Times: user=0.01 sys=0.00, real=0.01 secs] 
2024-07-05T02:42:20.172+0800: 6848.883: [GC (Allocation Failure) [PSYoungGen: 234437K->2009K(236032K)] 703040K->470612K(714240K), 0.0037539 secs] [Times: user=0.01 sys=0.00, real=0.01 secs] 
2024-07-05T02:42:20.518+0800: 6849.229: [GC (Allocation Failure) [PSYoungGen: 235481K->1330K(236032K)] 704084K->470684K(714240K), 0.0055915 secs] [Times: user=0.01 sys=0.00, real=0.00 secs] 
2024-07-05T02:42:20.913+0800: 6849.623: [GC (Allocation Failure) [PSYoungGen: 234802K->1381K(236032K)] 704156K->470734K(714240K), 0.0037449 secs] [Times: user=0.00 sys=0.00, real=0.01 secs] 
2024-07-05T02:42:21.257+0800: 6849.968: [GC (Allocation Failure) [PSYoungGen: 234853K->736K(236032K)] 704206K->470089K(714240K), 0.0031957 secs] [Times: user=0.00 sys=0.00, real=0.00 secs] 
2024-07-05T02:42:21.586+0800: 6850.297: [GC (Allocation Failure) [PSYoungGen: 234208K->2185K(235008K)] 703561K->471538K(713216K), 0.0041033 secs] [Times: user=0.01 sys=0.00, real=0.00 secs] 
2024-07-05T02:42:21.970+0800: 6850.680: [GC (Allocation Failure) [PSYoungGen: 234633K->1106K(235520K)] 703986K->471525K(713728K), 0.0071797 secs] [Times: user=0.00 sys=0.01, real=0.01 secs] 
2024-07-05T02:42:22.356+0800: 6851.067: [GC (Allocation Failure) [PSYoungGen: 233554K->1413K(234496K)] 703973K->471912K(712704K), 0.0042817 secs] [Times: user=0.00 sys=0.00, real=0.00 secs] 
2024-07-05T02:42:22.683+0800: 6851.393: [GC (Allocation Failure) [PSYoungGen: 233861K->2198K(235008K)] 704360K->472737K(713216K), 0.0043652 secs] [Times: user=0.01 sys=0.00, real=0.01 secs] 
2024-07-05T02:42:23.024+0800: 6851.734: [GC (Allocation Failure) [PSYoungGen: 234646K->1477K(235520K)] 705185K->472774K(713728K), 0.0044164 secs] [Times: user=0.01 sys=0.00, real=0.01 secs] 
2024-07-05T02:42:23.438+0800: 6852.149: [GC (Allocation Failure) [PSYoungGen: 234437K->1413K(235520K)] 705734K->472710K(713728K), 0.0052169 secs] [Times: user=0.01 sys=0.00, real=0.00 secs] 
2024-07-05T02:42:23.806+0800: 6852.517: [GC (Allocation Failure) [PSYoungGen: 234373K->2057K(235008K)] 705670K->473354K(713216K), 0.0038061 secs] [Times: user=0.00 sys=0.00, real=0.00 secs] 
2024-07-05T02:42:24.150+0800: 6852.861: [GC (Allocation Failure) [PSYoungGen: 234505K->1349K(235520K)] 705802K->473401K(713728K), 0.0042119 secs] [Times: user=0.01 sys=0.00, real=0.01 secs] 
2024-07-05T02:42:24.544+0800: 6853.254: [GC (Allocation Failure) [PSYoungGen: 233797K->1413K(235520K)] 705849K->473465K(713728K), 0.0073837 secs] [Times: user=0.01 sys=0.00, real=0.01 secs] 
2024-07-05T02:42:24.886+0800: 6853.596: [GC (Allocation Failure) [PSYoungGen: 234373K->768K(235520K)] 706425K->472820K(713728K), 0.0033954 secs] [Times: user=0.01 sys=0.01, real=0.01 secs] 
2024-07-05T02:42:25.222+0800: 6853.933: [GC (Allocation Failure) [PSYoungGen: 233728K->2105K(235008K)] 705780K->474157K(713216K), 0.0049871 secs] [Times: user=0.01 sys=0.00, real=0.01 secs] 
2024-07-05T02:42:25.611+0800: 6854.322: [GC (Allocation Failure) [PSYoungGen: 234553K->1138K(235520K)] 706605K->474260K(713728K), 0.0049647 secs] [Times: user=0.01 sys=0.00, real=0.01 secs] 
2024-07-05T02:42:25.616+0800: 6854.327: [Full GC (Ergonomics) [PSYoungGen: 1138K->0K(235520K)] [ParOldGen: 473121K->272070K(478208K)] 474260K->272070K(713728K), [Metaspace: 25658K->25658K(1073152K)], 0.1481483 secs] [Times: user=0.26 sys=0.01, real=0.14 secs] 
2024-07-05T02:42:26.133+0800: 6854.843: [GC (Allocation Failure) [PSYoungGen: 232448K->1714K(234496K)] 504518K->273784K(712704K), 0.0044759 secs] [Times: user=0.01 sys=0.00, real=0.01 secs] 
2024-07-05T02:42:26.452+0800: 6855.162: [GC (Allocation Failure) [PSYoungGen: 234162K->2217K(235008K)] 506232K->274551K(713216K), 0.0040292 secs] [Times: user=0.01 sys=0.00, real=0.01 secs] 
2024-07-05T02:42:26.810+0800: 6855.521: [GC (Allocation Failure) [PSYoungGen: 234665K->1376K(235520K)] 506999K->274468K(713728K), 0.0048459 secs] [Times: user=0.01 sys=0.00, real=0.01 secs] 
2024-07-05T02:42:27.216+0800: 6855.926: [GC (Allocation Failure) [PSYoungGen: 233824K->1157K(235520K)] 506916K->274540K(713728K), 0.0033479 secs] [Times: user=0.01 sys=0.00, real=0.00 secs] 
2024-07-05T02:42:27.565+0800: 6856.276: [GC (Allocation Failure) [PSYoungGen: 233605K->2112K(235520K)] 506988K->275607K(713728K), 0.0031705 secs] [Times: user=0.00 sys=0.00, real=0.01 secs] 
2024-07-05T02:42:27.930+0800: 6856.641: [GC (Allocation Failure) [PSYoungGen: 234560K->1394K(235520K)] 508055K->275668K(713728K), 0.0033051 secs] [Times: user=0.00 sys=0.00, real=0.00 secs] 
2024-07-05T02:42:28.309+0800: 6857.020: [GC (Allocation Failure) [PSYoungGen: 233842K->1413K(234496K)] 508116K->275687K(712704K), 0.0030711 secs] [Times: user=0.00 sys=0.00, real=0.00 secs] 
2024-07-05T02:42:28.659+0800: 6857.369: [GC (Allocation Failure) [PSYoungGen: 233861K->416K(235008K)] 508135K->274690K(713216K), 0.0024106 secs] [Times: user=0.01 sys=0.00, real=0.00 secs] 
2024-07-05T02:42:28.998+0800: 6857.709: [GC (Allocation Failure) [PSYoungGen: 232864K->2009K(235520K)] 507138K->276283K(713728K), 0.0029493 secs] [Times: user=0.01 sys=0.00, real=0.00 secs] 
2024-07-05T02:42:29.414+0800: 6858.125: [GC (Allocation Failure) [PSYoungGen: 234457K->1056K(235520K)] 508731K->276395K(713728K), 0.0033149 secs] [Times: user=0.00 sys=0.00, real=0.00 secs] 
2024-07-05T02:42:29.786+0800: 6858.497: [GC (Allocation Failure) [PSYoungGen: 233504K->1138K(235520K)] 508843K->276840K(713728K), 0.0034045 secs] [Times: user=0.01 sys=0.00, real=0.00 secs] 
2024-07-05T02:42:30.119+0800: 6858.830: [GC (Allocation Failure) [PSYoungGen: 233586K->2286K(235520K)] 509288K->278140K(713728K), 0.0053938 secs] [Times: user=0.00 sys=0.00, real=0.00 secs] 
2024-07-05T02:42:30.473+0800: 6859.184: [GC (Allocation Failure) [PSYoungGen: 234734K->1426K(235520K)] 510588K->278063K(713728K), 0.0037322 secs] [Times: user=0.01 sys=0.00, real=0.01 secs] 
2024-07-05T02:42:30.859+0800: 6859.570: [GC (Allocation Failure) [PSYoungGen: 233874K->1317K(235520K)] 510511K->277953K(713728K), 0.0028052 secs] [Times: user=0.01 sys=0.00, real=0.00 secs] 
2024-07-05T02:42:31.202+0800: 6859.913: [GC (Allocation Failure) [PSYoungGen: 233765K->2105K(235520K)] 510401K->278741K(713728K), 0.0031176 secs] [Times: user=0.00 sys=0.00, real=0.00 secs] 
2024-07-05T02:42:31.544+0800: 6860.255: [GC (Allocation Failure) [PSYoungGen: 234553K->1394K(235520K)] 511189K->278789K(713728K), 0.0038820 secs] [Times: user=0.00 sys=0.00, real=0.01 secs] 
2024-07-05T02:42:31.926+0800: 6860.637: [GC (Allocation Failure) [PSYoungGen: 233842K->1413K(234496K)] 511237K->278808K(712704K), 0.0031026 secs] [Times: user=0.01 sys=0.00, real=0.00 secs] 
2024-07-05T02:42:32.271+0800: 6860.982: [GC (Allocation Failure) [PSYoungGen: 233861K->817K(235008K)] 511256K->278213K(713216K), 0.0023974 secs] [Times: user=0.00 sys=0.00, real=0.01 secs] 
2024-07-05T02:42:32.588+0800: 6861.299: [GC (Allocation Failure) [PSYoungGen: 233265K->1640K(236032K)] 510661K->279452K(714240K), 0.0028768 secs] [Times: user=0.00 sys=0.00, real=0.00 secs] 
2024-07-05T02:42:32.962+0800: 6861.673: [GC (Allocation Failure) [PSYoungGen: 235112K->1280K(236032K)] 512924K->279442K(714240K), 0.0057735 secs] [Times: user=0.00 sys=0.00, real=0.01 secs] 
2024-07-05T02:42:33.314+0800: 6862.025: [GC (Allocation Failure) [PSYoungGen: 234752K->1061K(236032K)] 512914K->279223K(714240K), 0.0025823 secs] [Times: user=0.01 sys=0.00, real=0.00 secs] 
2024-07-05T02:42:33.624+0800: 6862.335: [GC (Allocation Failure) [PSYoungGen: 234533K->2217K(236032K)] 512695K->280379K(714240K), 0.0033236 secs] [Times: user=0.01 sys=0.00, real=0.01 secs] 
2024-07-05T02:42:33.988+0800: 6862.699: [GC (Allocation Failure) [PSYoungGen: 235689K->1138K(236032K)] 513851K->280361K(714240K), 0.0038063 secs] [Times: user=0.01 sys=0.00, real=0.00 secs] 
2024-07-05T02:42:34.383+0800: 6863.094: [GC (Allocation Failure) [PSYoungGen: 234610K->1426K(236032K)] 513833K->280721K(714240K), 0.0031515 secs] [Times: user=0.01 sys=0.00, real=0.01 secs] 
2024-07-05T02:42:34.720+0800: 6863.430: [GC (Allocation Failure) [PSYoungGen: 234898K->2155K(235008K)] 514193K->281515K(713216K), 0.0045387 secs] [Times: user=0.01 sys=0.00, real=0.00 secs] 
2024-07-05T02:42:35.088+0800: 6863.799: [GC (Allocation Failure) [PSYoungGen: 234603K->1413K(235520K)] 513963K->281527K(713728K), 0.0033513 secs] [Times: user=0.00 sys=0.00, real=0.00 secs] 
2024-07-05T02:42:35.510+0800: 6864.221: [GC (Allocation Failure) [PSYoungGen: 233861K->1477K(235520K)] 513975K->281591K(713728K), 0.0033148 secs] [Times: user=0.01 sys=0.00, real=0.00 secs] 
2024-07-05T02:42:35.902+0800: 6864.613: [GC (Allocation Failure) [PSYoungGen: 234437K->1617K(235520K)] 514551K->281731K(713728K), 0.0027040 secs] [Times: user=0.01 sys=0.00, real=0.00 secs] 
2024-07-05T02:42:36.283+0800: 6864.993: [GC (Allocation Failure) [PSYoungGen: 234577K->1383K(236032K)] 514691K->282199K(714240K), 0.0043884 secs] [Times: user=0.01 sys=0.00, real=0.01 secs] 
2024-07-05T02:42:36.702+0800: 6865.413: [GC (Allocation Failure) [PSYoungGen: 234855K->1349K(236032K)] 515671K->282225K(714240K), 0.0028417 secs] [Times: user=0.00 sys=0.00, real=0.00 secs] 
2024-07-05T02:42:37.055+0800: 6865.765: [GC (Allocation Failure) [PSYoungGen: 234821K->690K(236032K)] 515697K->281567K(714240K), 0.0023878 secs] [Times: user=0.01 sys=0.00, real=0.00 secs] 
2024-07-05T02:42:37.411+0800: 6866.122: [GC (Allocation Failure) [PSYoungGen: 234162K->2155K(236032K)] 515039K->283032K(714240K), 0.0033991 secs] [Times: user=0.01 sys=0.00, real=0.01 secs] 
2024-07-05T02:42:37.810+0800: 6866.521: [GC (Allocation Failure) [PSYoungGen: 235627K->1093K(236032K)] 516504K->283031K(714240K), 0.0035765 secs] [Times: user=0.01 sys=0.00, real=0.00 secs] 
2024-07-05T02:42:38.203+0800: 6866.914: [GC (Allocation Failure) [PSYoungGen: 234565K->1445K(236032K)] 516503K->283447K(714240K), 0.0032719 secs] [Times: user=0.00 sys=0.00, real=0.01 secs] 
2024-07-05T02:42:38.550+0800: 6867.261: [GC (Allocation Failure) [PSYoungGen: 234917K->2166K(236032K)] 516919K->284232K(714240K), 0.0036168 secs] [Times: user=0.01 sys=0.00, real=0.01 secs] 
2024-07-05T02:42:38.932+0800: 6867.643: [GC (Allocation Failure) [PSYoungGen: 235638K->1330K(236032K)] 517704K->284151K(714240K), 0.0033581 secs] [Times: user=0.01 sys=0.00, real=0.01 secs] 
2024-07-05T02:42:39.370+0800: 6868.081: [GC (Allocation Failure) [PSYoungGen: 234802K->1413K(236032K)] 517623K->284233K(714240K), 0.0031513 secs] [Times: user=0.01 sys=0.00, real=0.00 secs] 
2024-07-05T02:42:39.742+0800: 6868.453: [GC (Allocation Failure) [PSYoungGen: 234885K->2009K(236032K)] 517705K->284829K(714240K), 0.0042483 secs] [Times: user=0.01 sys=0.00, real=0.01 secs] 
2024-07-05T02:42:40.078+0800: 6868.789: [GC (Allocation Failure) [PSYoungGen: 235481K->1349K(236032K)] 518301K->284924K(714240K), 0.0030441 secs] [Times: user=0.01 sys=0.00, real=0.00 secs] 
2024-07-05T02:42:40.474+0800: 6869.185: [GC (Allocation Failure) [PSYoungGen: 234821K->1413K(236032K)] 518396K->284988K(714240K), 0.0029630 secs] [Times: user=0.01 sys=0.00, real=0.00 secs] 
2024-07-05T02:42:40.803+0800: 6869.514: [GC (Allocation Failure) [PSYoungGen: 234885K->754K(236032K)] 518460K->284329K(714240K), 0.0024851 secs] [Times: user=0.00 sys=0.00, real=0.01 secs] 
2024-07-05T02:42:41.115+0800: 6869.825: [GC (Allocation Failure) [PSYoungGen: 234226K->2089K(236032K)] 517801K->285664K(714240K), 0.0031049 secs] [Times: user=0.01 sys=0.00, real=0.00 secs] 
2024-07-05T02:42:41.482+0800: 6870.193: [GC (Allocation Failure) [PSYoungGen: 235561K->1138K(236032K)] 519136K->285783K(714240K), 0.0037073 secs] [Times: user=0.00 sys=0.00, real=0.01 secs] 
2024-07-05T02:42:41.886+0800: 6870.597: [GC (Allocation Failure) [PSYoungGen: 234610K->1463K(236032K)] 519255K->286188K(714240K), 0.0052035 secs] [Times: user=0.01 sys=0.00, real=0.00 secs] 
2024-07-05T02:42:42.249+0800: 6870.959: [GC (Allocation Failure) [PSYoungGen: 234935K->2137K(236032K)] 519660K->286901K(714240K), 0.0032019 secs] [Times: user=0.00 sys=0.00, real=0.00 secs] 
2024-07-05T02:42:42.602+0800: 6871.313: [GC (Allocation Failure) [PSYoungGen: 235609K->1202K(236032K)] 520373K->287028K(714240K), 0.0036081 secs] [Times: user=0.00 sys=0.01, real=0.01 secs] 
2024-07-05T02:42:42.994+0800: 6871.705: [GC (Allocation Failure) [PSYoungGen: 234674K->1495K(236032K)] 520500K->287385K(714240K), 0.0054374 secs] [Times: user=0.01 sys=0.00, real=0.00 secs] 
2024-07-05T02:42:43.351+0800: 6872.061: [GC (Allocation Failure) [PSYoungGen: 234967K->2091K(236032K)] 520857K->288045K(714240K), 0.0030904 secs] [Times: user=0.00 sys=0.00, real=0.01 secs] 
2024-07-05T02:42:43.730+0800: 6872.441: [GC (Allocation Failure) [PSYoungGen: 235563K->1394K(236032K)] 521517K->288103K(714240K), 0.0034053 secs] [Times: user=0.01 sys=0.00, real=0.00 secs] 
2024-07-05T02:42:44.134+0800: 6872.845: [GC (Allocation Failure) [PSYoungGen: 234866K->1413K(236032K)] 521575K->288121K(714240K), 0.0030796 secs] [Times: user=0.01 sys=0.00, real=0.00 secs] 
2024-07-05T02:42:44.490+0800: 6873.201: [GC (Allocation Failure) [PSYoungGen: 234885K->294K(236032K)] 521593K->287003K(714240K), 0.0020107 secs] [Times: user=0.00 sys=0.00, real=0.00 secs] 
2024-07-05T02:42:44.808+0800: 6873.519: [GC (Allocation Failure) [PSYoungGen: 233766K->1994K(235520K)] 520475K->288880K(713728K), 0.0030976 secs] [Times: user=0.01 sys=0.00, real=0.00 secs] 
2024-07-05T02:42:45.184+0800: 6873.894: [GC (Allocation Failure) [PSYoungGen: 235466K->1285K(236032K)] 522352K->288760K(714240K), 0.0027766 secs] [Times: user=0.01 sys=0.00, real=0.01 secs] 
2024-07-05T02:42:45.530+0800: 6874.241: [GC (Allocation Failure) [PSYoungGen: 234245K->1029K(235520K)] 521720K->288504K(713728K), 0.0044873 secs] [Times: user=0.00 sys=0.00, real=0.01 secs] 
2024-07-05T02:42:45.861+0800: 6874.571: [GC (Allocation Failure) [PSYoungGen: 233989K->2169K(235008K)] 521464K->289644K(713216K), 0.0033522 secs] [Times: user=0.01 sys=0.00, real=0.00 secs] 
2024-07-05T02:42:46.227+0800: 6874.938: [GC (Allocation Failure) [PSYoungGen: 234617K->1138K(235520K)] 522092K->289670K(713728K), 0.0045804 secs] [Times: user=0.01 sys=0.00, real=0.00 secs] 
2024-07-05T02:42:46.610+0800: 6875.321: [GC (Allocation Failure) [PSYoungGen: 233586K->1394K(234496K)] 522118K->289998K(712704K), 0.0032643 secs] [Times: user=0.01 sys=0.00, real=0.00 secs] 
2024-07-05T02:42:46.938+0800: 6875.649: [GC (Allocation Failure) [PSYoungGen: 233842K->2123K(235008K)] 522446K->290792K(713216K), 0.0033561 secs] [Times: user=0.00 sys=0.00, real=0.00 secs] 
2024-07-05T02:42:47.269+0800: 6875.980: [GC (Allocation Failure) [PSYoungGen: 234571K->1426K(235520K)] 523240K->290849K(713728K), 0.0035834 secs] [Times: user=0.01 sys=0.00, real=0.00 secs] 
2024-07-05T02:42:47.665+0800: 6876.376: [GC (Allocation Failure) [PSYoungGen: 234386K->1445K(235520K)] 523809K->290868K(713728K), 0.0031676 secs] [Times: user=0.00 sys=0.00, real=0.01 secs] 
2024-07-05T02:42:48.009+0800: 6876.720: [GC (Allocation Failure) [PSYoungGen: 234405K->1260K(236032K)] 523828K->290683K(714240K), 0.0024257 secs] [Times: user=0.00 sys=0.00, real=0.00 secs] 
2024-07-05T02:42:48.338+0800: 6877.049: [GC (Allocation Failure) [PSYoungGen: 234732K->1455K(236032K)] 524155K->291522K(714240K), 0.0051793 secs] [Times: user=0.00 sys=0.00, real=0.00 secs] 
2024-07-05T02:42:48.742+0800: 6877.453: [GC (Allocation Failure) [PSYoungGen: 234927K->1330K(236032K)] 524994K->291520K(714240K), 0.0038616 secs] [Times: user=0.00 sys=0.00, real=0.01 secs] 
2024-07-05T02:42:49.078+0800: 6877.789: [GC (Allocation Failure) [PSYoungGen: 234802K->658K(236032K)] 524992K->290848K(714240K), 0.0022423 secs] [Times: user=0.01 sys=0.00, real=0.00 secs] 
2024-07-05T02:42:49.394+0800: 6878.104: [GC (Allocation Failure) [PSYoungGen: 234130K->2265K(236032K)] 524320K->292454K(714240K), 0.0037496 secs] [Times: user=0.01 sys=0.00, real=0.00 secs] 
2024-07-05T02:42:49.769+0800: 6878.480: [GC (Allocation Failure) [PSYoungGen: 235737K->1074K(236032K)] 525926K->292325K(714240K), 0.0040257 secs] [Times: user=0.01 sys=0.00, real=0.00 secs] 
2024-07-05T02:42:50.161+0800: 6878.872: [GC (Allocation Failure) [PSYoungGen: 234546K->1394K(236032K)] 525797K->292717K(714240K), 0.0033480 secs] [Times: user=0.00 sys=0.00, real=0.00 secs] 
2024-07-05T02:42:50.504+0800: 6879.215: [GC (Allocation Failure) [PSYoungGen: 234866K->2169K(236032K)] 526189K->293540K(714240K), 0.0040383 secs] [Times: user=0.01 sys=0.00, real=0.01 secs] 
2024-07-05T02:42:50.850+0800: 6879.561: [GC (Allocation Failure) [PSYoungGen: 235641K->1490K(236032K)] 527012K->293620K(714240K), 0.0053040 secs] [Times: user=0.01 sys=0.00, real=0.01 secs] 
2024-07-05T02:42:51.230+0800: 6879.941: [GC (Allocation Failure) [PSYoungGen: 234962K->1477K(236032K)] 527092K->293606K(714240K), 0.0033049 secs] [Times: user=0.00 sys=0.00, real=0.00 secs] 
2024-07-05T02:42:51.549+0800: 6880.260: [GC (Allocation Failure) [PSYoungGen: 234949K->2009K(236032K)] 527078K->294138K(714240K), 0.0030086 secs] [Times: user=0.01 sys=0.00, real=0.00 secs] 
2024-07-05T02:42:51.901+0800: 6880.611: [GC (Allocation Failure) [PSYoungGen: 235481K->1335K(236032K)] 527610K->294224K(714240K), 0.0058161 secs] [Times: user=0.00 sys=0.00, real=0.01 secs] 
2024-07-05T02:42:52.318+0800: 6881.029: [GC (Allocation Failure) [PSYoungGen: 234807K->1381K(236032K)] 527696K->294269K(714240K), 0.0028975 secs] [Times: user=0.00 sys=0.00, real=0.00 secs] 
2024-07-05T02:42:52.652+0800: 6881.363: [GC (Allocation Failure) [PSYoungGen: 234853K->754K(236032K)] 527741K->293642K(714240K), 0.0025176 secs] [Times: user=0.00 sys=0.00, real=0.01 secs] 
2024-07-05T02:42:52.978+0800: 6881.689: [GC (Allocation Failure) [PSYoungGen: 234226K->2086K(236032K)] 527114K->294974K(714240K), 0.0030384 secs] [Times: user=0.00 sys=0.00, real=0.00 secs] 
2024-07-05T02:42:53.362+0800: 6882.073: [GC (Allocation Failure) [PSYoungGen: 235558K->1170K(236032K)] 528446K->295132K(714240K), 0.0034962 secs] [Times: user=0.00 sys=0.00, real=0.01 secs] 
2024-07-05T02:42:53.727+0800: 6882.438: [GC (Allocation Failure) [PSYoungGen: 234642K->1445K(236032K)] 528604K->295478K(714240K), 0.0031766 secs] [Times: user=0.00 sys=0.00, real=0.00 secs] 
2024-07-05T02:42:54.059+0800: 6882.770: [GC (Allocation Failure) [PSYoungGen: 234917K->2203K(236032K)] 528950K->296277K(714240K), 0.0034866 secs] [Times: user=0.00 sys=0.00, real=0.00 secs] 
2024-07-05T02:42:54.420+0800: 6883.131: [GC (Allocation Failure) [PSYoungGen: 235675K->1413K(236032K)] 529749K->296237K(714240K), 0.0039664 secs] [Times: user=0.01 sys=0.00, real=0.00 secs] 
2024-07-05T02:42:54.829+0800: 6883.540: [GC (Allocation Failure) [PSYoungGen: 234885K->1125K(236032K)] 529709K->296239K(714240K), 0.0056753 secs] [Times: user=0.00 sys=0.00, real=0.01 secs] 
